[0.005s][info][gc] Using Parallel
[0.005s][info][gc,heap,coops] Heap address: 0x0000000740000000, size: 3072 MB, Compressed Oops mode: Zero based, Oop shift amount: 3
[0.051s][info][safepoint    ] Entering safepoint region: EnableBiasedLocking
[0.051s][info][safepoint    ] Leaving safepoint region
[0.051s][info][safepoint    ] Total time for which application threads were stopped: 0.0002002 seconds, Stopping threads took: 0.0001249 seconds
[0.055s][info][safepoint    ] Application time: 0.0034308 seconds
[0.055s][info][safepoint    ] Entering safepoint region: RevokeBias
[0.055s][info][safepoint    ] Leaving safepoint region
[0.055s][info][safepoint    ] Total time for which application threads were stopped: 0.0001658 seconds, Stopping threads took: 0.0001326 seconds
[0.140s][info][safepoint    ] Application time: 0.0851040 seconds
[0.140s][info][safepoint    ] Entering safepoint region: Deoptimize
[0.140s][info][safepoint    ] Leaving safepoint region
[0.140s][info][safepoint    ] Total time for which application threads were stopped: 0.0000645 seconds, Stopping threads took: 0.0000049 seconds
[0.320s][info][safepoint    ] Application time: 0.1798999 seconds
[0.320s][info][safepoint    ] Entering safepoint region: Deoptimize
[0.320s][info][safepoint    ] Leaving safepoint region
[0.320s][info][safepoint    ] Total time for which application threads were stopped: 0.0001698 seconds, Stopping threads took: 0.0000051 seconds
[0.350s][info][safepoint    ] Application time: 0.0298112 seconds
[0.350s][info][safepoint    ] Entering safepoint region: Deoptimize
[0.350s][info][safepoint    ] Leaving safepoint region
[0.350s][info][safepoint    ] Total time for which application threads were stopped: 0.0001339 seconds, Stopping threads took: 0.0000056 seconds
[1.098s][info][safepoint    ] Application time: 0.7476259 seconds
[1.098s][info][safepoint    ] Entering safepoint region: Deoptimize
[1.098s][info][safepoint    ] Leaving safepoint region
[1.098s][info][safepoint    ] Total time for which application threads were stopped: 0.0001775 seconds, Stopping threads took: 0.0000049 seconds
[1.231s][info][safepoint    ] Application time: 0.1326983 seconds
[1.231s][info][safepoint    ] Entering safepoint region: Deoptimize
[1.231s][info][safepoint    ] Leaving safepoint region
[1.231s][info][safepoint    ] Total time for which application threads were stopped: 0.0002380 seconds, Stopping threads took: 0.0000047 seconds
[1.345s][info][safepoint    ] Application time: 0.1137223 seconds
[1.345s][info][safepoint    ] Entering safepoint region: CollectForMetadataAllocation
[1.345s][info][gc,start     ] GC(0) Pause Young (Metadata GC Threshold)
[1.349s][debug][gc,phases    ] GC(0) Scavenge 4.145ms
[1.349s][debug][gc,ref       ] GC(0) Skipped phase1 of Reference Processing due to unavailable references
[1.349s][debug][gc,ref       ] GC(0) Skipped phase3 of Reference Processing due to unavailable references
[1.349s][debug][gc,phases    ] GC(0) Reference Processing 0.146ms
[1.349s][debug][gc,phases    ] GC(0) Weak Processing 0.077ms
[1.349s][debug][gc,phases    ] GC(0) Scrub String Table 0.297ms
[1.349s][debug][gc,age       ] GC(0) Desired survivor size 536870912 bytes, new threshold 7 (max threshold 15)
[1.349s][info ][gc,heap      ] GC(0) PSYoungGen: 83886K->7124K(1572864K)
[1.349s][info ][gc,heap      ] GC(0) ParOldGen: 0K->88K(6144K)
[1.349s][info ][gc,metaspace ] GC(0) Metaspace: 20652K->20652K(1069056K)
[1.349s][info ][gc           ] GC(0) Pause Young (Metadata GC Threshold) 81M->7M(1542M) 4.808ms
[1.349s][info ][gc,cpu       ] GC(0) User=0.02s Sys=0.00s Real=0.00s
[1.349s][debug][gc,phases    ] GC(1) Pre Compact 0.011ms
[1.349s][info ][gc,start     ] GC(1) Pause Full (Metadata GC Threshold)
[1.349s][info ][gc,phases,start] GC(1) Marking Phase
[1.353s][debug][gc,phases      ] GC(1) Par Mark 3.111ms
[1.353s][debug][gc,ref         ] GC(1) Skipped phase1 of Reference Processing due to unavailable references
[1.353s][debug][gc,ref         ] GC(1) Skipped phase3 of Reference Processing due to unavailable references
[1.353s][debug][gc,phases      ] GC(1) Reference Processing 0.059ms
[1.353s][debug][gc,phases      ] GC(1) Weak Processing 0.017ms
[1.353s][debug][gc,phases      ] GC(1) ClassLoaderData 0.269ms
[1.353s][debug][gc,phases      ] GC(1) ProtectionDomainCacheTable 0.003ms
[1.353s][debug][gc,phases      ] GC(1) ResolvedMethodTable 0.024ms
[1.354s][debug][gc,phases      ] GC(1) Class Unloading 1.119ms
[1.354s][debug][gc,phases      ] GC(1) Scrub String Table 0.097ms
[1.357s][debug][gc,phases      ] GC(1) Scrub Symbol Table 3.163ms
[1.357s][info ][gc,phases      ] GC(1) Marking Phase 7.741ms
[1.357s][info ][gc,phases,start] GC(1) Summary Phase
[1.357s][info ][gc,phases      ] GC(1) Summary Phase 0.007ms
[1.357s][info ][gc,phases,start] GC(1) Adjust Roots
[1.362s][info ][gc,phases      ] GC(1) Adjust Roots 4.611ms
[1.362s][info ][gc,phases,start] GC(1) Compaction Phase
[1.369s][info ][gc,phases      ] GC(1) Compaction Phase 7.335ms
[1.369s][info ][gc,phases,start] GC(1) Post Compact
[1.370s][info ][gc,phases      ] GC(1) Post Compact 0.225ms
[1.370s][info ][gc,heap        ] GC(1) PSYoungGen: 7124K->1303K(1572864K)
[1.370s][info ][gc,heap        ] GC(1) ParOldGen: 88K->5808K(6144K)
[1.370s][info ][gc,metaspace   ] GC(1) Metaspace: 20652K->20652K(1069056K)
[1.370s][info ][gc             ] GC(1) Pause Full (Metadata GC Threshold) 7M->6M(1542M) 20.073ms
[1.370s][info ][gc,cpu         ] GC(1) User=0.05s Sys=0.00s Real=0.02s
[1.370s][info ][safepoint      ] Leaving safepoint region
[1.370s][info ][safepoint      ] Total time for which application threads were stopped: 0.0250879 seconds, Stopping threads took: 0.0000070 seconds
[1.370s][info ][safepoint      ] Application time: 0.0003498 seconds
[1.370s][info ][safepoint      ] Entering safepoint region: RevokeBias
[1.370s][info ][safepoint      ] Leaving safepoint region
[1.370s][info ][safepoint      ] Total time for which application threads were stopped: 0.0000665 seconds, Stopping threads took: 0.0000329 seconds
[1.370s][info ][safepoint      ] Application time: 0.0000336 seconds
[1.370s][info ][safepoint      ] Entering safepoint region: RevokeBias
[1.370s][info ][safepoint      ] Leaving safepoint region
[1.370s][info ][safepoint      ] Total time for which application threads were stopped: 0.0000656 seconds, Stopping threads took: 0.0000450 seconds
[1.370s][info ][safepoint      ] Application time: 0.0000369 seconds
[1.370s][info ][safepoint      ] Entering safepoint region: RevokeBias
[1.370s][info ][safepoint      ] Leaving safepoint region
[1.370s][info ][safepoint      ] Total time for which application threads were stopped: 0.0000580 seconds, Stopping threads took: 0.0000416 seconds
[1.551s][info ][safepoint      ] Application time: 0.1803007 seconds
[1.551s][info ][safepoint      ] Entering safepoint region: ICBufferFull
[1.551s][info ][safepoint      ] Leaving safepoint region
[1.551s][info ][safepoint      ] Total time for which application threads were stopped: 0.0001456 seconds, Stopping threads took: 0.0000072 seconds
[1.640s][info ][safepoint      ] Application time: 0.0887902 seconds
[1.640s][info ][safepoint      ] Entering safepoint region: ICBufferFull
[1.640s][info ][safepoint      ] Leaving safepoint region
[1.640s][info ][safepoint      ] Total time for which application threads were stopped: 0.0001504 seconds, Stopping threads took: 0.0000339 seconds
[1.717s][info ][safepoint      ] Application time: 0.0777192 seconds
[1.717s][info ][safepoint      ] Entering safepoint region: ICBufferFull
[1.718s][info ][safepoint      ] Leaving safepoint region
[1.718s][info ][safepoint      ] Total time for which application threads were stopped: 0.0001456 seconds, Stopping threads took: 0.0000054 seconds
[1.905s][info ][safepoint      ] Application time: 0.1874803 seconds
[1.905s][info ][safepoint      ] Entering safepoint region: ICBufferFull
[1.905s][info ][safepoint      ] Leaving safepoint region
[1.905s][info ][safepoint      ] Total time for which application threads were stopped: 0.0001661 seconds, Stopping threads took: 0.0000053 seconds
[2.131s][info ][safepoint      ] Application time: 0.2260466 seconds
[2.131s][info ][safepoint      ] Entering safepoint region: ICBufferFull
[2.132s][info ][safepoint      ] Leaving safepoint region
[2.132s][info ][safepoint      ] Total time for which application threads were stopped: 0.0001445 seconds, Stopping threads took: 0.0000056 seconds
[2.256s][info ][safepoint      ] Application time: 0.1244301 seconds
[2.256s][info ][safepoint      ] Entering safepoint region: Deoptimize
[2.256s][info ][safepoint      ] Leaving safepoint region
[2.256s][info ][safepoint      ] Total time for which application threads were stopped: 0.0004559 seconds, Stopping threads took: 0.0000059 seconds
[2.495s][info ][safepoint      ] Application time: 0.2389273 seconds
[2.495s][info ][safepoint      ] Entering safepoint region: ICBufferFull
[2.496s][info ][safepoint      ] Leaving safepoint region
[2.496s][info ][safepoint      ] Total time for which application threads were stopped: 0.0001407 seconds, Stopping threads took: 0.0000075 seconds
[2.544s][info ][safepoint      ] Application time: 0.0482939 seconds
[2.544s][info ][safepoint      ] Entering safepoint region: RevokeBias
[2.544s][info ][safepoint      ] Leaving safepoint region
[2.544s][info ][safepoint      ] Total time for which application threads were stopped: 0.0000947 seconds, Stopping threads took: 0.0000405 seconds
[2.544s][info ][safepoint      ] Application time: 0.0000384 seconds
[2.544s][info ][safepoint      ] Entering safepoint region: RevokeBias
[2.544s][info ][safepoint      ] Leaving safepoint region
[2.544s][info ][safepoint      ] Total time for which application threads were stopped: 0.0002323 seconds, Stopping threads took: 0.0002092 seconds
[2.544s][info ][safepoint      ] Application time: 0.0000880 seconds
[2.544s][info ][safepoint      ] Entering safepoint region: RevokeBias
[2.544s][info ][safepoint      ] Leaving safepoint region
[2.544s][info ][safepoint      ] Total time for which application threads were stopped: 0.0000554 seconds, Stopping threads took: 0.0000269 seconds
[2.545s][info ][safepoint      ] Application time: 0.0005755 seconds
[2.545s][info ][safepoint      ] Entering safepoint region: RevokeBias
[2.545s][info ][safepoint      ] Leaving safepoint region
[2.545s][info ][safepoint      ] Total time for which application threads were stopped: 0.0002919 seconds, Stopping threads took: 0.0002274 seconds
[2.545s][info ][safepoint      ] Application time: 0.0000309 seconds
[2.545s][info ][safepoint      ] Entering safepoint region: RevokeBias
[2.545s][info ][safepoint      ] Leaving safepoint region
[2.545s][info ][safepoint      ] Total time for which application threads were stopped: 0.0000738 seconds, Stopping threads took: 0.0000470 seconds
[2.546s][info ][safepoint      ] Application time: 0.0002992 seconds
[2.546s][info ][safepoint      ] Entering safepoint region: RevokeBias
[2.546s][info ][safepoint      ] Leaving safepoint region
[2.546s][info ][safepoint      ] Total time for which application threads were stopped: 0.0002631 seconds, Stopping threads took: 0.0002190 seconds
[2.546s][info ][safepoint      ] Application time: 0.0000455 seconds
[2.546s][info ][safepoint      ] Entering safepoint region: RevokeBias
[2.546s][info ][safepoint      ] Leaving safepoint region
[2.546s][info ][safepoint      ] Total time for which application threads were stopped: 0.0001193 seconds, Stopping threads took: 0.0000376 seconds
[2.546s][info ][safepoint      ] Application time: 0.0001917 seconds
[2.546s][info ][safepoint      ] Entering safepoint region: RevokeBias
[2.546s][info ][safepoint      ] Leaving safepoint region
[2.546s][info ][safepoint      ] Total time for which application threads were stopped: 0.0001079 seconds, Stopping threads took: 0.0000600 seconds
[2.547s][info ][safepoint      ] Application time: 0.0000838 seconds
[2.547s][info ][safepoint      ] Entering safepoint region: RevokeBias
[2.547s][info ][safepoint      ] Leaving safepoint region
[2.547s][info ][safepoint      ] Total time for which application threads were stopped: 0.0003341 seconds, Stopping threads took: 0.0002861 seconds
[2.547s][info ][safepoint      ] Application time: 0.0000346 seconds
[2.547s][info ][safepoint      ] Entering safepoint region: RevokeBias
[2.547s][info ][safepoint      ] Leaving safepoint region
[2.547s][info ][safepoint      ] Total time for which application threads were stopped: 0.0002257 seconds, Stopping threads took: 0.0001864 seconds
[2.547s][info ][safepoint      ] Application time: 0.0001230 seconds
[2.547s][info ][safepoint      ] Entering safepoint region: RevokeBias
[2.548s][info ][safepoint      ] Leaving safepoint region
[2.548s][info ][safepoint      ] Total time for which application threads were stopped: 0.0001991 seconds, Stopping threads took: 0.0001466 seconds
[2.548s][info ][safepoint      ] Application time: 0.0003975 seconds
[2.548s][info ][safepoint      ] Entering safepoint region: RevokeBias
[2.548s][info ][safepoint      ] Leaving safepoint region
[2.548s][info ][safepoint      ] Total time for which application threads were stopped: 0.0001043 seconds, Stopping threads took: 0.0000537 seconds
[2.548s][info ][safepoint      ] Application time: 0.0002083 seconds
[2.548s][info ][safepoint      ] Entering safepoint region: RevokeBias
[2.548s][info ][safepoint      ] Leaving safepoint region
[2.548s][info ][safepoint      ] Total time for which application threads were stopped: 0.0000705 seconds, Stopping threads took: 0.0000280 seconds
[2.548s][info ][safepoint      ] Application time: 0.0000858 seconds
[2.548s][info ][safepoint      ] Entering safepoint region: RevokeBias
[2.549s][info ][safepoint      ] Leaving safepoint region
[2.549s][info ][safepoint      ] Total time for which application threads were stopped: 0.0000676 seconds, Stopping threads took: 0.0000360 seconds
[2.549s][info ][safepoint      ] Application time: 0.0001009 seconds
[2.549s][info ][safepoint      ] Entering safepoint region: RevokeBias
[2.549s][info ][safepoint      ] Leaving safepoint region
[2.549s][info ][safepoint      ] Total time for which application threads were stopped: 0.0001743 seconds, Stopping threads took: 0.0001383 seconds
[2.549s][info ][safepoint      ] Application time: 0.0000914 seconds
[2.557s][info ][safepoint      ] Entering safepoint region: RevokeBias
[2.557s][info ][safepoint      ] Leaving safepoint region
[2.557s][info ][safepoint      ] Total time for which application threads were stopped: 0.0083608 seconds, Stopping threads took: 0.0082751 seconds
[2.557s][info ][safepoint      ] Application time: 0.0001940 seconds
[2.558s][info ][safepoint      ] Entering safepoint region: RevokeBias
[2.558s][info ][safepoint      ] Leaving safepoint region
[2.558s][info ][safepoint      ] Total time for which application threads were stopped: 0.0002421 seconds, Stopping threads took: 0.0000231 seconds
[2.558s][info ][safepoint      ] Application time: 0.0005532 seconds
[2.558s][info ][safepoint      ] Entering safepoint region: RevokeBias
[2.558s][info ][safepoint      ] Leaving safepoint region
[2.558s][info ][safepoint      ] Total time for which application threads were stopped: 0.0001083 seconds, Stopping threads took: 0.0000646 seconds
[2.559s][info ][safepoint      ] Application time: 0.0001011 seconds
[2.559s][info ][safepoint      ] Entering safepoint region: RevokeBias
[2.559s][info ][safepoint      ] Leaving safepoint region
[2.559s][info ][safepoint      ] Total time for which application threads were stopped: 0.0000832 seconds, Stopping threads took: 0.0000468 seconds
[2.559s][info ][safepoint      ] Application time: 0.0004720 seconds
[2.559s][info ][safepoint      ] Entering safepoint region: RevokeBias
[2.559s][info ][safepoint      ] Leaving safepoint region
[2.559s][info ][safepoint      ] Total time for which application threads were stopped: 0.0000738 seconds, Stopping threads took: 0.0000345 seconds
[2.559s][info ][safepoint      ] Application time: 0.0001088 seconds
[2.559s][info ][safepoint      ] Entering safepoint region: RevokeBias
[2.559s][info ][safepoint      ] Leaving safepoint region
[2.559s][info ][safepoint      ] Total time for which application threads were stopped: 0.0000650 seconds, Stopping threads took: 0.0000318 seconds
[2.560s][info ][safepoint      ] Application time: 0.0001627 seconds
[2.560s][info ][safepoint      ] Entering safepoint region: RevokeBias
[2.560s][info ][safepoint      ] Leaving safepoint region
[2.560s][info ][safepoint      ] Total time for which application threads were stopped: 0.0000943 seconds, Stopping threads took: 0.0000393 seconds
[2.560s][info ][safepoint      ] Application time: 0.0008195 seconds
[2.561s][info ][safepoint      ] Entering safepoint region: RevokeBias
[2.561s][info ][safepoint      ] Leaving safepoint region
[2.561s][info ][safepoint      ] Total time for which application threads were stopped: 0.0002840 seconds, Stopping threads took: 0.0002513 seconds
[2.562s][info ][safepoint      ] Application time: 0.0007910 seconds
[2.562s][info ][safepoint      ] Entering safepoint region: RevokeBias
[2.562s][info ][safepoint      ] Leaving safepoint region
[2.562s][info ][safepoint      ] Total time for which application threads were stopped: 0.0001054 seconds, Stopping threads took: 0.0000404 seconds
[2.574s][info ][safepoint      ] Application time: 0.0125761 seconds
[2.574s][info ][safepoint      ] Entering safepoint region: RevokeBias
[2.574s][info ][safepoint      ] Leaving safepoint region
[2.574s][info ][safepoint      ] Total time for which application threads were stopped: 0.0000933 seconds, Stopping threads took: 0.0000203 seconds
[2.576s][info ][safepoint      ] Application time: 0.0012641 seconds
[2.576s][info ][safepoint      ] Entering safepoint region: RevokeBias
[2.576s][info ][safepoint      ] Leaving safepoint region
[2.576s][info ][safepoint      ] Total time for which application threads were stopped: 0.0004493 seconds, Stopping threads took: 0.0004255 seconds
[2.576s][info ][safepoint      ] Application time: 0.0000925 seconds
[2.576s][info ][safepoint      ] Entering safepoint region: RevokeBias
[2.576s][info ][safepoint      ] Leaving safepoint region
[2.576s][info ][safepoint      ] Total time for which application threads were stopped: 0.0000870 seconds, Stopping threads took: 0.0000709 seconds
[2.576s][info ][safepoint      ] Application time: 0.0000867 seconds
[2.576s][info ][safepoint      ] Entering safepoint region: RevokeBias
[2.576s][info ][safepoint      ] Leaving safepoint region
[2.576s][info ][safepoint      ] Total time for which application threads were stopped: 0.0000622 seconds, Stopping threads took: 0.0000314 seconds
[2.578s][info ][safepoint      ] Application time: 0.0015113 seconds
[2.578s][info ][safepoint      ] Entering safepoint region: RevokeBias
[2.578s][info ][safepoint      ] Leaving safepoint region
[2.578s][info ][safepoint      ] Total time for which application threads were stopped: 0.0000472 seconds, Stopping threads took: 0.0000060 seconds
[2.579s][info ][safepoint      ] Application time: 0.0004807 seconds
[2.579s][info ][safepoint      ] Entering safepoint region: RevokeBias
[2.579s][info ][safepoint      ] Leaving safepoint region
[2.579s][info ][safepoint      ] Total time for which application threads were stopped: 0.0000843 seconds, Stopping threads took: 0.0000514 seconds
[2.580s][info ][safepoint      ] Application time: 0.0013637 seconds
[2.580s][info ][safepoint      ] Entering safepoint region: RevokeBias
[2.580s][info ][safepoint      ] Leaving safepoint region
[2.580s][info ][safepoint      ] Total time for which application threads were stopped: 0.0000790 seconds, Stopping threads took: 0.0000434 seconds
[2.581s][info ][safepoint      ] Application time: 0.0011670 seconds
[2.581s][info ][safepoint      ] Entering safepoint region: RevokeBias
[2.581s][info ][safepoint      ] Leaving safepoint region
[2.581s][info ][safepoint      ] Total time for which application threads were stopped: 0.0001614 seconds, Stopping threads took: 0.0001263 seconds
[2.583s][info ][safepoint      ] Application time: 0.0017474 seconds
[2.583s][info ][safepoint      ] Entering safepoint region: RevokeBias
[2.583s][info ][safepoint      ] Leaving safepoint region
[2.583s][info ][safepoint      ] Total time for which application threads were stopped: 0.0002498 seconds, Stopping threads took: 0.0002278 seconds
[2.585s][info ][safepoint      ] Application time: 0.0012733 seconds
[2.585s][info ][safepoint      ] Entering safepoint region: RevokeBias
[2.585s][info ][safepoint      ] Leaving safepoint region
[2.585s][info ][safepoint      ] Total time for which application threads were stopped: 0.0001237 seconds, Stopping threads took: 0.0000986 seconds
[2.586s][info ][safepoint      ] Application time: 0.0010711 seconds
[2.586s][info ][safepoint      ] Entering safepoint region: RevokeBias
[2.586s][info ][safepoint      ] Leaving safepoint region
[2.586s][info ][safepoint      ] Total time for which application threads were stopped: 0.0000354 seconds, Stopping threads took: 0.0000040 seconds
[2.586s][info ][safepoint      ] Application time: 0.0002244 seconds
[2.586s][info ][safepoint      ] Entering safepoint region: RevokeBias
[2.586s][info ][safepoint      ] Leaving safepoint region
[2.586s][info ][safepoint      ] Total time for which application threads were stopped: 0.0000349 seconds, Stopping threads took: 0.0000073 seconds
[2.587s][info ][safepoint      ] Application time: 0.0004979 seconds
[2.587s][info ][safepoint      ] Entering safepoint region: RevokeBias
[2.587s][info ][safepoint      ] Leaving safepoint region
[2.587s][info ][safepoint      ] Total time for which application threads were stopped: 0.0000641 seconds, Stopping threads took: 0.0000314 seconds
[2.587s][info ][safepoint      ] Application time: 0.0006128 seconds
[2.587s][info ][safepoint      ] Entering safepoint region: RevokeBias
[2.587s][info ][safepoint      ] Leaving safepoint region
[2.587s][info ][safepoint      ] Total time for which application threads were stopped: 0.0000565 seconds, Stopping threads took: 0.0000295 seconds
[2.590s][info ][safepoint      ] Application time: 0.0024461 seconds
[2.590s][info ][safepoint      ] Entering safepoint region: RevokeBias
[2.590s][info ][safepoint      ] Leaving safepoint region
[2.590s][info ][safepoint      ] Total time for which application threads were stopped: 0.0000685 seconds, Stopping threads took: 0.0000162 seconds
[2.591s][info ][safepoint      ] Application time: 0.0010416 seconds
[2.591s][info ][safepoint      ] Entering safepoint region: RevokeBias
[2.591s][info ][safepoint      ] Leaving safepoint region
[2.591s][info ][safepoint      ] Total time for which application threads were stopped: 0.0000488 seconds, Stopping threads took: 0.0000170 seconds
[2.592s][info ][safepoint      ] Application time: 0.0004455 seconds
[2.592s][info ][safepoint      ] Entering safepoint region: RevokeBias
[2.592s][info ][safepoint      ] Leaving safepoint region
[2.592s][info ][safepoint      ] Total time for which application threads were stopped: 0.0002825 seconds, Stopping threads took: 0.0002565 seconds
[2.593s][info ][safepoint      ] Application time: 0.0012546 seconds
[2.593s][info ][safepoint      ] Entering safepoint region: RevokeBias
[2.593s][info ][safepoint      ] Leaving safepoint region
[2.593s][info ][safepoint      ] Total time for which application threads were stopped: 0.0000277 seconds, Stopping threads took: 0.0000040 seconds
[2.594s][info ][safepoint      ] Application time: 0.0011210 seconds
[2.594s][info ][safepoint      ] Entering safepoint region: RevokeBias
[2.594s][info ][safepoint      ] Leaving safepoint region
[2.594s][info ][safepoint      ] Total time for which application threads were stopped: 0.0000924 seconds, Stopping threads took: 0.0000295 seconds
[2.595s][info ][safepoint      ] Application time: 0.0003217 seconds
[2.595s][info ][safepoint      ] Entering safepoint region: BulkRevokeBias
[2.595s][info ][safepoint      ] Leaving safepoint region
[2.595s][info ][safepoint      ] Total time for which application threads were stopped: 0.0002741 seconds, Stopping threads took: 0.0001809 seconds
[2.595s][info ][safepoint      ] Application time: 0.0003073 seconds
[2.596s][info ][safepoint      ] Entering safepoint region: RevokeBias
[2.596s][info ][safepoint      ] Leaving safepoint region
[2.596s][info ][safepoint      ] Total time for which application threads were stopped: 0.0003990 seconds, Stopping threads took: 0.0003656 seconds
[2.621s][info ][safepoint      ] Application time: 0.0249248 seconds
[2.621s][info ][safepoint      ] Entering safepoint region: CollectForMetadataAllocation
[2.621s][info ][gc,start       ] GC(2) Pause Young (Metadata GC Threshold)
[2.649s][debug][gc,phases      ] GC(2) Scavenge 27.937ms
[2.649s][debug][gc,ref         ] GC(2) Skipped phase1 of Reference Processing due to unavailable references
[2.649s][debug][gc,ref         ] GC(2) Skipped phase3 of Reference Processing due to unavailable references
[2.649s][debug][gc,phases      ] GC(2) Reference Processing 0.162ms
[2.649s][debug][gc,phases      ] GC(2) Weak Processing 0.129ms
[2.650s][debug][gc,phases      ] GC(2) Scrub String Table 0.880ms
[2.650s][debug][gc,age         ] GC(2) Desired survivor size 536870912 bytes, new threshold 7 (max threshold 15)
[2.650s][info ][gc,heap        ] GC(2) PSYoungGen: 431444K->46829K(1572864K)
[2.650s][info ][gc,heap        ] GC(2) ParOldGen: 5808K->5824K(6144K)
[2.650s][info ][gc,metaspace   ] GC(2) Metaspace: 33973K->33973K(1079296K)
[2.650s][info ][gc             ] GC(2) Pause Young (Metadata GC Threshold) 427M->51M(1542M) 29.227ms
[2.650s][info ][gc,cpu         ] GC(2) User=0.11s Sys=0.00s Real=0.02s
[2.650s][debug][gc,phases      ] GC(3) Pre Compact 0.011ms
[2.650s][info ][gc,start       ] GC(3) Pause Full (Metadata GC Threshold)
[2.650s][info ][gc,phases,start] GC(3) Marking Phase
[2.673s][debug][gc,phases      ] GC(3) Par Mark 22.573ms
[2.673s][debug][gc,ref         ] GC(3) Skipped phase1 of Reference Processing due to unavailable references
[2.673s][debug][gc,ref         ] GC(3) Skipped phase3 of Reference Processing due to unavailable references
[2.673s][debug][gc,phases      ] GC(3) Reference Processing 0.062ms
[2.673s][debug][gc,phases      ] GC(3) Weak Processing 0.036ms
[2.674s][debug][gc,phases      ] GC(3) ClassLoaderData 0.514ms
[2.674s][debug][gc,phases      ] GC(3) Dictionary 0.007ms
[2.674s][debug][gc,phases      ] GC(3) ProtectionDomainCacheTable 0.002ms
[2.674s][debug][gc,phases      ] GC(3) ResolvedMethodTable 0.036ms
[2.680s][debug][gc,phases      ] GC(3) Class Unloading 6.484ms
[2.680s][debug][gc,phases      ] GC(3) Scrub String Table 0.263ms
[2.683s][debug][gc,phases      ] GC(3) Scrub Symbol Table 3.039ms
[2.683s][info ][gc,phases      ] GC(3) Marking Phase 32.703ms
[2.683s][info ][gc,phases,start] GC(3) Summary Phase
[2.683s][info ][gc,phases      ] GC(3) Summary Phase 0.006ms
[2.683s][info ][gc,phases,start] GC(3) Adjust Roots
[2.695s][info ][gc,phases      ] GC(3) Adjust Roots 12.252ms
[2.695s][info ][gc,phases,start] GC(3) Compaction Phase
[3.025s][info ][gc,phases      ] GC(3) Compaction Phase 329.981ms
[3.025s][info ][gc,phases,start] GC(3) Post Compact
[3.026s][info ][gc,phases      ] GC(3) Post Compact 0.290ms
[3.026s][info ][gc,heap        ] GC(3) PSYoungGen: 46829K->46712K(1572864K)
[3.026s][info ][gc,heap        ] GC(3) ParOldGen: 5824K->5734K(6144K)
[3.026s][info ][gc,metaspace   ] GC(3) Metaspace: 33973K->33957K(1079296K)
[3.026s][info ][gc             ] GC(3) Pause Full (Metadata GC Threshold) 51M->51M(1542M) 375.344ms
[3.026s][info ][gc,cpu         ] GC(3) User=1.43s Sys=0.01s Real=0.38s
[3.026s][info ][safepoint      ] Leaving safepoint region
[3.026s][info ][safepoint      ] Total time for which application threads were stopped: 0.4050156 seconds, Stopping threads took: 0.0002470 seconds
[3.026s][info ][safepoint      ] Application time: 0.0004293 seconds
[3.026s][info ][safepoint      ] Entering safepoint region: RevokeBias
[3.026s][info ][safepoint      ] Leaving safepoint region
[3.026s][info ][safepoint      ] Total time for which application threads were stopped: 0.0002565 seconds, Stopping threads took: 0.0001323 seconds
[3.026s][info ][safepoint      ] Application time: 0.0000314 seconds
[3.026s][info ][safepoint      ] Entering safepoint region: RevokeBias
[3.026s][info ][safepoint      ] Leaving safepoint region
[3.026s][info ][safepoint      ] Total time for which application threads were stopped: 0.0000802 seconds, Stopping threads took: 0.0000130 seconds
[3.027s][info ][safepoint      ] Application time: 0.0000345 seconds
[3.027s][info ][safepoint      ] Entering safepoint region: RevokeBias
[3.027s][info ][safepoint      ] Leaving safepoint region
[3.027s][info ][safepoint      ] Total time for which application threads were stopped: 0.0000783 seconds, Stopping threads took: 0.0000362 seconds
[3.027s][info ][safepoint      ] Application time: 0.0000385 seconds
[3.027s][info ][safepoint      ] Entering safepoint region: RevokeBias
[3.027s][info ][safepoint      ] Leaving safepoint region
[3.027s][info ][safepoint      ] Total time for which application threads were stopped: 0.0000858 seconds, Stopping threads took: 0.0000324 seconds
[3.027s][info ][safepoint      ] Application time: 0.0000386 seconds
[3.027s][info ][safepoint      ] Entering safepoint region: RevokeBias
[3.027s][info ][safepoint      ] Leaving safepoint region
[3.027s][info ][safepoint      ] Total time for which application threads were stopped: 0.0000825 seconds, Stopping threads took: 0.0000300 seconds
[3.027s][info ][safepoint      ] Application time: 0.0000883 seconds
[3.027s][info ][safepoint      ] Entering safepoint region: RevokeBias
[3.027s][info ][safepoint      ] Leaving safepoint region
[3.027s][info ][safepoint      ] Total time for which application threads were stopped: 0.0001188 seconds, Stopping threads took: 0.0000268 seconds
[3.027s][info ][safepoint      ] Application time: 0.0000395 seconds
[3.027s][info ][safepoint      ] Entering safepoint region: RevokeBias
[3.027s][info ][safepoint      ] Leaving safepoint region
[3.027s][info ][safepoint      ] Total time for which application threads were stopped: 0.0001007 seconds, Stopping threads took: 0.0000363 seconds
[3.027s][info ][safepoint      ] Application time: 0.0000617 seconds
[3.027s][info ][safepoint      ] Entering safepoint region: RevokeBias
[3.027s][info ][safepoint      ] Leaving safepoint region
[3.027s][info ][safepoint      ] Total time for which application threads were stopped: 0.0000608 seconds, Stopping threads took: 0.0000263 seconds
[3.027s][info ][safepoint      ] Application time: 0.0000337 seconds
[3.027s][info ][safepoint      ] Entering safepoint region: RevokeBias
[3.028s][info ][safepoint      ] Leaving safepoint region
[3.028s][info ][safepoint      ] Total time for which application threads were stopped: 0.0001238 seconds, Stopping threads took: 0.0000253 seconds
[3.028s][info ][safepoint      ] Application time: 0.0000568 seconds
[3.028s][info ][safepoint      ] Entering safepoint region: RevokeBias
[3.028s][info ][safepoint      ] Leaving safepoint region
[3.028s][info ][safepoint      ] Total time for which application threads were stopped: 0.0001573 seconds, Stopping threads took: 0.0000909 seconds
[3.028s][info ][safepoint      ] Application time: 0.0000283 seconds
[3.028s][info ][safepoint      ] Entering safepoint region: RevokeBias
[3.028s][info ][safepoint      ] Leaving safepoint region
[3.028s][info ][safepoint      ] Total time for which application threads were stopped: 0.0000361 seconds, Stopping threads took: 0.0000153 seconds
[3.028s][info ][safepoint      ] Application time: 0.0000328 seconds
[3.028s][info ][safepoint      ] Entering safepoint region: RevokeBias
[3.028s][info ][safepoint      ] Leaving safepoint region
[3.028s][info ][safepoint      ] Total time for which application threads were stopped: 0.0000666 seconds, Stopping threads took: 0.0000452 seconds
[3.028s][info ][safepoint      ] Application time: 0.0000288 seconds
[3.028s][info ][safepoint      ] Entering safepoint region: RevokeBias
[3.028s][info ][safepoint      ] Leaving safepoint region
[3.028s][info ][safepoint      ] Total time for which application threads were stopped: 0.0000717 seconds, Stopping threads took: 0.0000090 seconds
[3.028s][info ][safepoint      ] Application time: 0.0000273 seconds
[3.028s][info ][safepoint      ] Entering safepoint region: RevokeBias
[3.028s][info ][safepoint      ] Leaving safepoint region
[3.028s][info ][safepoint      ] Total time for which application threads were stopped: 0.0001216 seconds, Stopping threads took: 0.0000559 seconds
[3.028s][info ][safepoint      ] Application time: 0.0000576 seconds
[3.028s][info ][safepoint      ] Entering safepoint region: RevokeBias
[3.028s][info ][safepoint      ] Leaving safepoint region
[3.028s][info ][safepoint      ] Total time for which application threads were stopped: 0.0000843 seconds, Stopping threads took: 0.0000213 seconds
[3.028s][info ][safepoint      ] Application time: 0.0000318 seconds
[3.028s][info ][safepoint      ] Entering safepoint region: RevokeBias
[3.028s][info ][safepoint      ] Leaving safepoint region
[3.028s][info ][safepoint      ] Total time for which application threads were stopped: 0.0000818 seconds, Stopping threads took: 0.0000237 seconds
[3.029s][info ][safepoint      ] Application time: 0.0000309 seconds
[3.029s][info ][safepoint      ] Entering safepoint region: BulkRevokeBias
[3.029s][info ][safepoint      ] Leaving safepoint region
[3.029s][info ][safepoint      ] Total time for which application threads were stopped: 0.0001399 seconds, Stopping threads took: 0.0000104 seconds
[3.088s][info ][safepoint      ] Application time: 0.0595787 seconds
[3.088s][info ][safepoint      ] Entering safepoint region: RevokeBias
[3.088s][info ][safepoint      ] Leaving safepoint region
[3.088s][info ][safepoint      ] Total time for which application threads were stopped: 0.0001092 seconds, Stopping threads took: 0.0000214 seconds
[3.089s][info ][safepoint      ] Application time: 0.0002028 seconds
[3.089s][info ][safepoint      ] Entering safepoint region: RevokeBias
[3.089s][info ][safepoint      ] Leaving safepoint region
[3.089s][info ][safepoint      ] Total time for which application threads were stopped: 0.0000466 seconds, Stopping threads took: 0.0000293 seconds
[3.132s][info ][safepoint      ] Application time: 0.0436415 seconds
[3.132s][info ][safepoint      ] Entering safepoint region: RevokeBias
[3.132s][info ][safepoint      ] Leaving safepoint region
[3.132s][info ][safepoint      ] Total time for which application threads were stopped: 0.0001301 seconds, Stopping threads took: 0.0000514 seconds
[3.133s][info ][safepoint      ] Application time: 0.0001404 seconds
[3.133s][info ][safepoint      ] Entering safepoint region: RevokeBias
[3.133s][info ][safepoint      ] Leaving safepoint region
[3.133s][info ][safepoint      ] Total time for which application threads were stopped: 0.0000628 seconds, Stopping threads took: 0.0000165 seconds
[3.133s][info ][safepoint      ] Application time: 0.0006896 seconds
[3.133s][info ][safepoint      ] Entering safepoint region: RevokeBias
[3.133s][info ][safepoint      ] Leaving safepoint region
[3.133s][info ][safepoint      ] Total time for which application threads were stopped: 0.0001117 seconds, Stopping threads took: 0.0000661 seconds
[3.134s][info ][safepoint      ] Application time: 0.0003064 seconds
[3.134s][info ][safepoint      ] Entering safepoint region: RevokeBias
[3.134s][info ][safepoint      ] Leaving safepoint region
[3.134s][info ][safepoint      ] Total time for which application threads were stopped: 0.0004897 seconds, Stopping threads took: 0.0004452 seconds
[3.136s][info ][safepoint      ] Application time: 0.0013490 seconds
[3.136s][info ][safepoint      ] Entering safepoint region: RevokeBias
[3.136s][info ][safepoint      ] Leaving safepoint region
[3.136s][info ][safepoint      ] Total time for which application threads were stopped: 0.0001179 seconds, Stopping threads took: 0.0000587 seconds
[3.139s][info ][safepoint      ] Application time: 0.0029077 seconds
[3.139s][info ][safepoint      ] Entering safepoint region: RevokeBias
[3.139s][info ][safepoint      ] Leaving safepoint region
[3.139s][info ][safepoint      ] Total time for which application threads were stopped: 0.0001729 seconds, Stopping threads took: 0.0000962 seconds
[3.140s][info ][safepoint      ] Application time: 0.0008613 seconds
[3.140s][info ][safepoint      ] Entering safepoint region: RevokeBias
[3.140s][info ][safepoint      ] Leaving safepoint region
[3.140s][info ][safepoint      ] Total time for which application threads were stopped: 0.0001633 seconds, Stopping threads took: 0.0001037 seconds
[3.142s][info ][safepoint      ] Application time: 0.0017931 seconds
[3.142s][info ][safepoint      ] Entering safepoint region: RevokeBias
[3.142s][info ][safepoint      ] Leaving safepoint region
[3.142s][info ][safepoint      ] Total time for which application threads were stopped: 0.0001178 seconds, Stopping threads took: 0.0000694 seconds
[3.148s][info ][safepoint      ] Application time: 0.0056862 seconds
[3.148s][info ][safepoint      ] Entering safepoint region: RevokeBias
[3.148s][info ][safepoint      ] Leaving safepoint region
[3.148s][info ][safepoint      ] Total time for which application threads were stopped: 0.0001606 seconds, Stopping threads took: 0.0000962 seconds
[3.153s][info ][safepoint      ] Application time: 0.0056975 seconds
[3.154s][info ][safepoint      ] Entering safepoint region: RevokeBias
[3.154s][info ][safepoint      ] Leaving safepoint region
[3.154s][info ][safepoint      ] Total time for which application threads were stopped: 0.0006764 seconds, Stopping threads took: 0.0005069 seconds
[3.159s][info ][safepoint      ] Application time: 0.0049311 seconds
[3.159s][info ][safepoint      ] Entering safepoint region: RevokeBias
[3.159s][info ][safepoint      ] Leaving safepoint region
[3.159s][info ][safepoint      ] Total time for which application threads were stopped: 0.0001706 seconds, Stopping threads took: 0.0000679 seconds
[3.166s][info ][safepoint      ] Application time: 0.0071952 seconds
[3.167s][info ][safepoint      ] Entering safepoint region: RevokeBias
[3.167s][info ][safepoint      ] Leaving safepoint region
[3.167s][info ][safepoint      ] Total time for which application threads were stopped: 0.0001953 seconds, Stopping threads took: 0.0000758 seconds
[3.169s][info ][safepoint      ] Application time: 0.0024164 seconds
[3.169s][info ][safepoint      ] Entering safepoint region: RevokeBias
[3.169s][info ][safepoint      ] Leaving safepoint region
[3.169s][info ][safepoint      ] Total time for which application threads were stopped: 0.0001591 seconds, Stopping threads took: 0.0000943 seconds
[3.185s][info ][safepoint      ] Application time: 0.0158838 seconds
[3.185s][info ][safepoint      ] Entering safepoint region: RevokeBias
[3.186s][info ][safepoint      ] Leaving safepoint region
[3.186s][info ][safepoint      ] Total time for which application threads were stopped: 0.0003956 seconds, Stopping threads took: 0.0001836 seconds
[3.186s][info ][safepoint      ] Application time: 0.0004063 seconds
[3.186s][info ][safepoint      ] Entering safepoint region: RevokeBias
[3.186s][info ][safepoint      ] Leaving safepoint region
[3.186s][info ][safepoint      ] Total time for which application threads were stopped: 0.0002171 seconds, Stopping threads took: 0.0000884 seconds
[3.200s][info ][safepoint      ] Application time: 0.0137909 seconds
[3.200s][info ][safepoint      ] Entering safepoint region: RevokeBias
[3.200s][info ][safepoint      ] Leaving safepoint region
[3.200s][info ][safepoint      ] Total time for which application threads were stopped: 0.0002569 seconds, Stopping threads took: 0.0001099 seconds
[3.216s][info ][safepoint      ] Application time: 0.0155337 seconds
[3.218s][info ][safepoint      ] Entering safepoint region: RevokeBias
[3.218s][info ][safepoint      ] Leaving safepoint region
[3.218s][info ][safepoint      ] Total time for which application threads were stopped: 0.0022541 seconds, Stopping threads took: 0.0020944 seconds
[3.223s][info ][safepoint      ] Application time: 0.0043895 seconds
[3.224s][info ][safepoint      ] Entering safepoint region: RevokeBias
[3.225s][info ][safepoint      ] Leaving safepoint region
[3.225s][info ][safepoint      ] Total time for which application threads were stopped: 0.0020011 seconds, Stopping threads took: 0.0018698 seconds
[3.228s][info ][safepoint      ] Application time: 0.0032717 seconds
[3.228s][info ][safepoint      ] Entering safepoint region: RevokeBias
[3.228s][info ][safepoint      ] Leaving safepoint region
[3.228s][info ][safepoint      ] Total time for which application threads were stopped: 0.0002811 seconds, Stopping threads took: 0.0000858 seconds
[3.232s][info ][safepoint      ] Application time: 0.0036346 seconds
[3.232s][info ][safepoint      ] Entering safepoint region: RevokeBias
[3.232s][info ][safepoint      ] Leaving safepoint region
[3.232s][info ][safepoint      ] Total time for which application threads were stopped: 0.0002057 seconds, Stopping threads took: 0.0000379 seconds
[3.234s][info ][safepoint      ] Application time: 0.0016829 seconds
[3.234s][info ][safepoint      ] Entering safepoint region: RevokeBias
[3.234s][info ][safepoint      ] Leaving safepoint region
[3.234s][info ][safepoint      ] Total time for which application threads were stopped: 0.0002486 seconds, Stopping threads took: 0.0000885 seconds
[3.238s][info ][safepoint      ] Application time: 0.0035973 seconds
[3.239s][info ][safepoint      ] Entering safepoint region: RevokeBias
[3.240s][info ][safepoint      ] Leaving safepoint region
[3.240s][info ][safepoint      ] Total time for which application threads were stopped: 0.0019620 seconds, Stopping threads took: 0.0018197 seconds
[3.241s][info ][safepoint      ] Application time: 0.0010122 seconds
[3.241s][info ][safepoint      ] Entering safepoint region: BulkRevokeBias
[3.241s][info ][safepoint      ] Leaving safepoint region
[3.241s][info ][safepoint      ] Total time for which application threads were stopped: 0.0005176 seconds, Stopping threads took: 0.0000653 seconds
[3.243s][info ][safepoint      ] Application time: 0.0022586 seconds
[3.243s][info ][safepoint      ] Entering safepoint region: RevokeBias
[3.244s][info ][safepoint      ] Leaving safepoint region
[3.244s][info ][safepoint      ] Total time for which application threads were stopped: 0.0001719 seconds, Stopping threads took: 0.0000512 seconds
[3.253s][info ][safepoint      ] Application time: 0.0089756 seconds
[3.257s][info ][safepoint      ] Entering safepoint region: RevokeBias
[3.257s][info ][safepoint      ] Leaving safepoint region
[3.257s][info ][safepoint      ] Total time for which application threads were stopped: 0.0046166 seconds, Stopping threads took: 0.0044178 seconds
[3.263s][info ][safepoint      ] Application time: 0.0058968 seconds
[3.265s][info ][safepoint      ] Entering safepoint region: RevokeBias
[3.265s][info ][safepoint      ] Leaving safepoint region
[3.265s][info ][safepoint      ] Total time for which application threads were stopped: 0.0021091 seconds, Stopping threads took: 0.0018570 seconds
[3.281s][info ][safepoint      ] Application time: 0.0160485 seconds
[3.281s][info ][safepoint      ] Entering safepoint region: RevokeBias
[3.282s][info ][safepoint      ] Leaving safepoint region
[3.282s][info ][safepoint      ] Total time for which application threads were stopped: 0.0002925 seconds, Stopping threads took: 0.0000967 seconds
[3.283s][info ][safepoint      ] Application time: 0.0014888 seconds
[3.283s][info ][safepoint      ] Entering safepoint region: RevokeBias
[3.283s][info ][safepoint      ] Leaving safepoint region
[3.283s][info ][safepoint      ] Total time for which application threads were stopped: 0.0002545 seconds, Stopping threads took: 0.0000984 seconds
[3.285s][info ][safepoint      ] Application time: 0.0012846 seconds
[3.285s][info ][safepoint      ] Entering safepoint region: RevokeBias
[3.285s][info ][safepoint      ] Leaving safepoint region
[3.285s][info ][safepoint      ] Total time for which application threads were stopped: 0.0002195 seconds, Stopping threads took: 0.0000741 seconds
[3.286s][info ][safepoint      ] Application time: 0.0009465 seconds
[3.286s][info ][safepoint      ] Entering safepoint region: RevokeBias
[3.286s][info ][safepoint      ] Leaving safepoint region
[3.286s][info ][safepoint      ] Total time for which application threads were stopped: 0.0001863 seconds, Stopping threads took: 0.0000718 seconds
[3.289s][info ][safepoint      ] Application time: 0.0030162 seconds
[3.289s][info ][safepoint      ] Entering safepoint region: RevokeBias
[3.289s][info ][safepoint      ] Leaving safepoint region
[3.289s][info ][safepoint      ] Total time for which application threads were stopped: 0.0002335 seconds, Stopping threads took: 0.0000678 seconds
[3.291s][info ][safepoint      ] Application time: 0.0012768 seconds
[3.293s][info ][safepoint      ] Entering safepoint region: RevokeBias
[3.293s][info ][safepoint      ] Leaving safepoint region
[3.293s][info ][safepoint      ] Total time for which application threads were stopped: 0.0022345 seconds, Stopping threads took: 0.0021142 seconds
[3.294s][info ][safepoint      ] Application time: 0.0014706 seconds
[3.296s][info ][safepoint      ] Entering safepoint region: RevokeBias
[3.297s][info ][safepoint      ] Leaving safepoint region
[3.297s][info ][safepoint      ] Total time for which application threads were stopped: 0.0023359 seconds, Stopping threads took: 0.0018545 seconds
[3.339s][info ][safepoint      ] Application time: 0.0419915 seconds
[3.341s][info ][safepoint      ] Entering safepoint region: Deoptimize
[3.341s][info ][safepoint      ] Leaving safepoint region
[3.341s][info ][safepoint      ] Total time for which application threads were stopped: 0.0025080 seconds, Stopping threads took: 0.0018811 seconds
[3.371s][info ][safepoint      ] Application time: 0.0293911 seconds
[3.373s][info ][safepoint      ] Entering safepoint region: RevokeBias
[3.373s][info ][safepoint      ] Leaving safepoint region
[3.373s][info ][safepoint      ] Total time for which application threads were stopped: 0.0020134 seconds, Stopping threads took: 0.0018447 seconds
[3.380s][info ][safepoint      ] Application time: 0.0069494 seconds
[3.380s][info ][safepoint      ] Entering safepoint region: RevokeBias
[3.380s][info ][safepoint      ] Leaving safepoint region
[3.380s][info ][safepoint      ] Total time for which application threads were stopped: 0.0002749 seconds, Stopping threads took: 0.0001144 seconds
[3.393s][info ][safepoint      ] Application time: 0.0126804 seconds
[3.393s][info ][safepoint      ] Entering safepoint region: Deoptimize
[3.393s][info ][safepoint      ] Leaving safepoint region
[3.393s][info ][safepoint      ] Total time for which application threads were stopped: 0.0006265 seconds, Stopping threads took: 0.0000706 seconds
[3.394s][info ][safepoint      ] Application time: 0.0010486 seconds
[3.394s][info ][safepoint      ] Entering safepoint region: RevokeBias
[3.395s][info ][safepoint      ] Leaving safepoint region
[3.395s][info ][safepoint      ] Total time for which application threads were stopped: 0.0003141 seconds, Stopping threads took: 0.0000914 seconds
[3.397s][info ][safepoint      ] Application time: 0.0024172 seconds
[3.397s][info ][safepoint      ] Entering safepoint region: Deoptimize
[3.398s][info ][safepoint      ] Leaving safepoint region
[3.398s][info ][safepoint      ] Total time for which application threads were stopped: 0.0006429 seconds, Stopping threads took: 0.0000701 seconds
[3.410s][info ][safepoint      ] Application time: 0.0118346 seconds
[3.410s][info ][safepoint      ] Entering safepoint region: RevokeBias
[3.410s][info ][safepoint      ] Leaving safepoint region
[3.410s][info ][safepoint      ] Total time for which application threads were stopped: 0.0001986 seconds, Stopping threads took: 0.0000792 seconds
[3.418s][info ][safepoint      ] Application time: 0.0084326 seconds
[3.418s][info ][safepoint      ] Entering safepoint region: RevokeBias
[3.418s][info ][safepoint      ] Leaving safepoint region
[3.419s][info ][safepoint      ] Total time for which application threads were stopped: 0.0001981 seconds, Stopping threads took: 0.0000585 seconds
[3.430s][info ][safepoint      ] Application time: 0.0119732 seconds
[3.431s][info ][safepoint      ] Entering safepoint region: RevokeBias
[3.431s][info ][safepoint      ] Leaving safepoint region
[3.431s][info ][safepoint      ] Total time for which application threads were stopped: 0.0002721 seconds, Stopping threads took: 0.0001272 seconds
[3.434s][info ][safepoint      ] Application time: 0.0027239 seconds
[3.435s][info ][safepoint      ] Entering safepoint region: RevokeBias
[3.436s][info ][safepoint      ] Leaving safepoint region
[3.436s][info ][safepoint      ] Total time for which application threads were stopped: 0.0020779 seconds, Stopping threads took: 0.0019548 seconds
[3.439s][info ][safepoint      ] Application time: 0.0029300 seconds
[3.440s][info ][safepoint      ] Entering safepoint region: RevokeBias
[3.441s][info ][safepoint      ] Leaving safepoint region
[3.441s][info ][safepoint      ] Total time for which application threads were stopped: 0.0020950 seconds, Stopping threads took: 0.0018937 seconds
[3.445s][info ][safepoint      ] Application time: 0.0042911 seconds
[3.447s][info ][safepoint      ] Entering safepoint region: RevokeBias
[3.447s][info ][safepoint      ] Leaving safepoint region
[3.447s][info ][safepoint      ] Total time for which application threads were stopped: 0.0019650 seconds, Stopping threads took: 0.0018201 seconds
[3.449s][info ][safepoint      ] Application time: 0.0024943 seconds
[3.451s][info ][safepoint      ] Entering safepoint region: RevokeBias
[3.451s][info ][safepoint      ] Leaving safepoint region
[3.451s][info ][safepoint      ] Total time for which application threads were stopped: 0.0020330 seconds, Stopping threads took: 0.0018243 seconds
[3.468s][info ][safepoint      ] Application time: 0.0167429 seconds
[3.468s][info ][safepoint      ] Entering safepoint region: RevokeBias
[3.468s][info ][safepoint      ] Leaving safepoint region
[3.468s][info ][safepoint      ] Total time for which application threads were stopped: 0.0002139 seconds, Stopping threads took: 0.0000697 seconds
[3.476s][info ][safepoint      ] Application time: 0.0073841 seconds
[3.476s][info ][safepoint      ] Entering safepoint region: RevokeBias
[3.476s][info ][safepoint      ] Leaving safepoint region
[3.476s][info ][safepoint      ] Total time for which application threads were stopped: 0.0003008 seconds, Stopping threads took: 0.0001352 seconds
[3.477s][info ][safepoint      ] Application time: 0.0009070 seconds
[3.479s][info ][safepoint      ] Entering safepoint region: RevokeBias
[3.479s][info ][safepoint      ] Leaving safepoint region
[3.479s][info ][safepoint      ] Total time for which application threads were stopped: 0.0020465 seconds, Stopping threads took: 0.0019197 seconds
[3.486s][info ][safepoint      ] Application time: 0.0068745 seconds
[3.486s][info ][safepoint      ] Entering safepoint region: RevokeBias
[3.486s][info ][safepoint      ] Leaving safepoint region
[3.486s][info ][safepoint      ] Total time for which application threads were stopped: 0.0003505 seconds, Stopping threads took: 0.0001022 seconds
[3.495s][info ][safepoint      ] Application time: 0.0085771 seconds
[3.497s][info ][safepoint      ] Entering safepoint region: RevokeBias
[3.497s][info ][safepoint      ] Leaving safepoint region
[3.497s][info ][safepoint      ] Total time for which application threads were stopped: 0.0020067 seconds, Stopping threads took: 0.0018446 seconds
[3.508s][info ][safepoint      ] Application time: 0.0107057 seconds
[3.508s][info ][safepoint      ] Entering safepoint region: RevokeBias
[3.508s][info ][safepoint      ] Leaving safepoint region
[3.508s][info ][safepoint      ] Total time for which application threads were stopped: 0.0003249 seconds, Stopping threads took: 0.0001398 seconds
[3.509s][info ][safepoint      ] Application time: 0.0006857 seconds
[3.509s][info ][safepoint      ] Entering safepoint region: RevokeBias
[3.509s][info ][safepoint      ] Leaving safepoint region
[3.509s][info ][safepoint      ] Total time for which application threads were stopped: 0.0002205 seconds, Stopping threads took: 0.0001005 seconds
[3.520s][info ][safepoint      ] Application time: 0.0112155 seconds
[3.520s][info ][safepoint      ] Entering safepoint region: RevokeBias
[3.521s][info ][safepoint      ] Leaving safepoint region
[3.521s][info ][safepoint      ] Total time for which application threads were stopped: 0.0002850 seconds, Stopping threads took: 0.0000942 seconds
[3.525s][info ][safepoint      ] Application time: 0.0039378 seconds
[3.525s][info ][safepoint      ] Entering safepoint region: RevokeBias
[3.525s][info ][safepoint      ] Leaving safepoint region
[3.525s][info ][safepoint      ] Total time for which application threads were stopped: 0.0001764 seconds, Stopping threads took: 0.0000341 seconds
[3.534s][info ][safepoint      ] Application time: 0.0089582 seconds
[3.534s][info ][safepoint      ] Entering safepoint region: BulkRevokeBias
[3.534s][info ][safepoint      ] Leaving safepoint region
[3.534s][info ][safepoint      ] Total time for which application threads were stopped: 0.0006739 seconds, Stopping threads took: 0.0001298 seconds
[3.619s][info ][safepoint      ] Application time: 0.0843617 seconds
[3.619s][info ][safepoint      ] Entering safepoint region: ICBufferFull
[3.619s][info ][safepoint      ] Leaving safepoint region
[3.619s][info ][safepoint      ] Total time for which application threads were stopped: 0.0002867 seconds, Stopping threads took: 0.0001303 seconds
[3.683s][info ][safepoint      ] Application time: 0.0640683 seconds
[3.683s][info ][safepoint      ] Entering safepoint region: Deoptimize
[3.684s][info ][safepoint      ] Leaving safepoint region
[3.684s][info ][safepoint      ] Total time for which application threads were stopped: 0.0006916 seconds, Stopping threads took: 0.0000419 seconds
[3.775s][info ][safepoint      ] Application time: 0.0916250 seconds
[3.780s][info ][safepoint      ] Entering safepoint region: ICBufferFull
[3.780s][info ][safepoint      ] Leaving safepoint region
[3.780s][info ][safepoint      ] Total time for which application threads were stopped: 0.0042611 seconds, Stopping threads took: 0.0040644 seconds
[3.806s][info ][safepoint      ] Application time: 0.0257855 seconds
[3.806s][info ][safepoint      ] Entering safepoint region: Deoptimize
[3.807s][info ][safepoint      ] Leaving safepoint region
[3.807s][info ][safepoint      ] Total time for which application threads were stopped: 0.0009198 seconds, Stopping threads took: 0.0001993 seconds
[3.811s][info ][safepoint      ] Application time: 0.0040362 seconds
[3.811s][info ][safepoint      ] Entering safepoint region: Deoptimize
[3.811s][info ][safepoint      ] Leaving safepoint region
[3.811s][info ][safepoint      ] Total time for which application threads were stopped: 0.0007111 seconds, Stopping threads took: 0.0000704 seconds
[3.879s][info ][safepoint      ] Application time: 0.0680823 seconds
[3.880s][info ][safepoint      ] Entering safepoint region: Deoptimize
[3.880s][info ][safepoint      ] Leaving safepoint region
[3.880s][info ][safepoint      ] Total time for which application threads were stopped: 0.0009411 seconds, Stopping threads took: 0.0000918 seconds
[4.036s][info ][safepoint      ] Application time: 0.1551774 seconds
[4.036s][info ][safepoint      ] Entering safepoint region: ICBufferFull
[4.036s][info ][safepoint      ] Leaving safepoint region
[4.036s][info ][safepoint      ] Total time for which application threads were stopped: 0.0004014 seconds, Stopping threads took: 0.0001309 seconds
[4.137s][info ][safepoint      ] Application time: 0.1007700 seconds
[4.137s][info ][safepoint      ] Entering safepoint region: Deoptimize
[4.138s][info ][safepoint      ] Leaving safepoint region
[4.138s][info ][safepoint      ] Total time for which application threads were stopped: 0.0009549 seconds, Stopping threads took: 0.0001670 seconds
[4.160s][info ][safepoint      ] Application time: 0.0218411 seconds
[4.160s][info ][safepoint      ] Entering safepoint region: ParallelGCFailedAllocation
[4.160s][info ][gc,start       ] GC(4) Pause Young (Allocation Failure)
[4.257s][debug][gc,phases      ] GC(4) Scavenge 96.170ms
[4.257s][debug][gc,ref         ] GC(4) Skipped phase1 of Reference Processing due to unavailable references
[4.257s][debug][gc,ref         ] GC(4) Skipped phase3 of Reference Processing due to unavailable references
[4.257s][debug][gc,phases      ] GC(4) Reference Processing 0.371ms
[4.257s][debug][gc,phases      ] GC(4) Weak Processing 0.290ms
[4.258s][debug][gc,phases      ] GC(4) Scrub String Table 1.051ms
[4.258s][debug][gc,age         ] GC(4) Desired survivor size 536870912 bytes, new threshold 7 (max threshold 15)
[4.258s][info ][gc,heap        ] GC(4) PSYoungGen: 1095288K->119106K(1572864K)
[4.258s][info ][gc,heap        ] GC(4) ParOldGen: 5734K->5742K(6144K)
[4.258s][info ][gc,metaspace   ] GC(4) Metaspace: 45278K->45278K(1089536K)
[4.258s][info ][gc             ] GC(4) Pause Young (Allocation Failure) 1075M->121M(1542M) 98.011ms
[4.259s][info ][gc,cpu         ] GC(4) User=0.34s Sys=0.05s Real=0.09s
[4.259s][info ][safepoint      ] Leaving safepoint region
[4.259s][info ][safepoint      ] Total time for which application threads were stopped: 0.0989176 seconds, Stopping threads took: 0.0007102 seconds
[4.279s][info ][safepoint      ] Application time: 0.0200807 seconds
[4.279s][info ][safepoint      ] Entering safepoint region: RevokeBias
[4.279s][info ][safepoint      ] Leaving safepoint region
[4.279s][info ][safepoint      ] Total time for which application threads were stopped: 0.0004138 seconds, Stopping threads took: 0.0002885 seconds
[4.279s][info ][safepoint      ] Application time: 0.0000916 seconds
[4.279s][info ][safepoint      ] Entering safepoint region: RevokeBias
[4.279s][info ][safepoint      ] Leaving safepoint region
[4.279s][info ][safepoint      ] Total time for which application threads were stopped: 0.0002133 seconds, Stopping threads took: 0.0000686 seconds
[4.434s][info ][safepoint      ] Application time: 0.1541584 seconds
[4.434s][info ][safepoint      ] Entering safepoint region: Deoptimize
[4.435s][info ][safepoint      ] Leaving safepoint region
[4.435s][info ][safepoint      ] Total time for which application threads were stopped: 0.0010049 seconds, Stopping threads took: 0.0001669 seconds
[4.665s][info ][safepoint      ] Application time: 0.2305911 seconds
[4.668s][info ][safepoint      ] Entering safepoint region: ParallelGCFailedAllocation
[4.668s][info ][gc,start       ] GC(5) Pause Young (Allocation Failure)
[4.737s][debug][gc,phases      ] GC(5) Scavenge 68.193ms
[4.737s][debug][gc,ref         ] GC(5) Skipped phase1 of Reference Processing due to unavailable references
[4.737s][debug][gc,ref         ] GC(5) Skipped phase3 of Reference Processing due to unavailable references
[4.737s][debug][gc,phases      ] GC(5) Reference Processing 0.229ms
[4.737s][debug][gc,phases      ] GC(5) Weak Processing 0.242ms
[4.738s][debug][gc,phases      ] GC(5) Scrub String Table 1.025ms
[4.738s][debug][gc,age         ] GC(5) Desired survivor size 536870912 bytes, new threshold 7 (max threshold 15)
[4.738s][info ][gc,heap        ] GC(5) PSYoungGen: 1167682K->130015K(1572864K)
[4.738s][info ][gc,heap        ] GC(5) ParOldGen: 5742K->5750K(6144K)
[4.738s][info ][gc,metaspace   ] GC(5) Metaspace: 46815K->46815K(1091584K)
[4.738s][info ][gc             ] GC(5) Pause Young (Allocation Failure) 1145M->132M(1542M) 69.819ms
[4.738s][info ][gc,cpu         ] GC(5) User=0.27s Sys=0.05s Real=0.07s
[4.738s][info ][safepoint      ] Leaving safepoint region
[4.738s][info ][safepoint      ] Total time for which application threads were stopped: 0.0730063 seconds, Stopping threads took: 0.0030049 seconds
[5.114s][info ][safepoint      ] Application time: 0.3759837 seconds
[5.116s][info ][safepoint      ] Entering safepoint region: ParallelGCFailedAllocation
[5.117s][info ][gc,start       ] GC(6) Pause Young (Allocation Failure)
[5.178s][debug][gc,phases      ] GC(6) Scavenge 61.264ms
[5.178s][debug][gc,ref         ] GC(6) Skipped phase1 of Reference Processing due to unavailable references
[5.178s][debug][gc,ref         ] GC(6) Skipped phase3 of Reference Processing due to unavailable references
[5.178s][debug][gc,phases      ] GC(6) Reference Processing 0.273ms
[5.179s][debug][gc,phases      ] GC(6) Weak Processing 0.301ms
[5.180s][debug][gc,phases      ] GC(6) Scrub String Table 1.028ms
[5.180s][debug][gc,age         ] GC(6) Desired survivor size 200802304 bytes, new threshold 6 (max threshold 15)
[5.180s][info ][gc,heap        ] GC(6) PSYoungGen: 1178591K->132575K(1572864K)
[5.180s][info ][gc,heap        ] GC(6) ParOldGen: 5750K->5758K(6144K)
[5.180s][info ][gc,metaspace   ] GC(6) Metaspace: 48677K->48677K(1093632K)
[5.180s][info ][gc             ] GC(6) Pause Young (Allocation Failure) 1156M->135M(1542M) 63.012ms
[5.180s][info ][gc,cpu         ] GC(6) User=0.24s Sys=0.01s Real=0.06s
[5.180s][info ][safepoint      ] Leaving safepoint region
[5.180s][info ][safepoint      ] Total time for which application threads were stopped: 0.0654562 seconds, Stopping threads took: 0.0022228 seconds
[5.288s][info ][safepoint      ] Application time: 0.1083237 seconds
[5.292s][info ][safepoint      ] Entering safepoint region: Deoptimize
[5.293s][info ][safepoint      ] Leaving safepoint region
[5.293s][info ][safepoint      ] Total time for which application threads were stopped: 0.0051734 seconds, Stopping threads took: 0.0042928 seconds
[5.320s][info ][safepoint      ] Application time: 0.0269880 seconds
[5.320s][info ][safepoint      ] Entering safepoint region: RevokeBias
[5.321s][info ][safepoint      ] Leaving safepoint region
[5.321s][info ][safepoint      ] Total time for which application threads were stopped: 0.0002970 seconds, Stopping threads took: 0.0001577 seconds
[5.336s][info ][safepoint      ] Application time: 0.0154828 seconds
[5.336s][info ][safepoint      ] Entering safepoint region: RevokeBias
[5.337s][info ][safepoint      ] Leaving safepoint region
[5.337s][info ][safepoint      ] Total time for which application threads were stopped: 0.0004310 seconds, Stopping threads took: 0.0003218 seconds
[5.337s][info ][safepoint      ] Application time: 0.0000313 seconds
[5.337s][info ][safepoint      ] Entering safepoint region: RevokeBias
[5.337s][info ][safepoint      ] Leaving safepoint region
[5.337s][info ][safepoint      ] Total time for which application threads were stopped: 0.0001022 seconds, Stopping threads took: 0.0000315 seconds
[5.337s][info ][safepoint      ] Application time: 0.0000329 seconds
[5.337s][info ][safepoint      ] Entering safepoint region: RevokeBias
[5.337s][info ][safepoint      ] Leaving safepoint region
[5.337s][info ][safepoint      ] Total time for which application threads were stopped: 0.0001021 seconds, Stopping threads took: 0.0000357 seconds
[5.337s][info ][safepoint      ] Application time: 0.0000550 seconds
[5.337s][info ][safepoint      ] Entering safepoint region: RevokeBias
[5.337s][info ][safepoint      ] Leaving safepoint region
[5.337s][info ][safepoint      ] Total time for which application threads were stopped: 0.0001109 seconds, Stopping threads took: 0.0000443 seconds
[5.372s][info ][safepoint      ] Application time: 0.0352208 seconds
[5.375s][info ][safepoint      ] Entering safepoint region: RevokeBias
[5.375s][info ][safepoint      ] Leaving safepoint region
[5.375s][info ][safepoint      ] Total time for which application threads were stopped: 0.0031714 seconds, Stopping threads took: 0.0030497 seconds
[5.376s][info ][safepoint      ] Application time: 0.0004159 seconds
[5.376s][info ][safepoint      ] Entering safepoint region: RevokeBias
[5.376s][info ][safepoint      ] Leaving safepoint region
[5.376s][info ][safepoint      ] Total time for which application threads were stopped: 0.0000958 seconds, Stopping threads took: 0.0000270 seconds
[5.377s][info ][safepoint      ] Application time: 0.0006631 seconds
[5.377s][info ][safepoint      ] Entering safepoint region: RevokeBias
[5.377s][info ][safepoint      ] Leaving safepoint region
[5.377s][info ][safepoint      ] Total time for which application threads were stopped: 0.0001400 seconds, Stopping threads took: 0.0000244 seconds
[5.385s][info ][safepoint      ] Application time: 0.0082545 seconds
[5.387s][info ][safepoint      ] Entering safepoint region: RevokeBias
[5.387s][info ][safepoint      ] Leaving safepoint region
[5.387s][info ][safepoint      ] Total time for which application threads were stopped: 0.0021053 seconds, Stopping threads took: 0.0019828 seconds
[5.393s][info ][safepoint      ] Application time: 0.0056129 seconds
[5.393s][info ][safepoint      ] Entering safepoint region: RevokeBias
[5.393s][info ][safepoint      ] Leaving safepoint region
[5.393s][info ][safepoint      ] Total time for which application threads were stopped: 0.0002625 seconds, Stopping threads took: 0.0001401 seconds
[5.400s][info ][safepoint      ] Application time: 0.0069691 seconds
[5.400s][info ][safepoint      ] Entering safepoint region: RevokeBias
[5.400s][info ][safepoint      ] Leaving safepoint region
[5.400s][info ][safepoint      ] Total time for which application threads were stopped: 0.0003667 seconds, Stopping threads took: 0.0001574 seconds
[5.402s][info ][safepoint      ] Application time: 0.0016333 seconds
[5.402s][info ][safepoint      ] Entering safepoint region: RevokeBias
[5.402s][info ][safepoint      ] Leaving safepoint region
[5.402s][info ][safepoint      ] Total time for which application threads were stopped: 0.0002339 seconds, Stopping threads took: 0.0000625 seconds
[5.461s][info ][safepoint      ] Application time: 0.0583520 seconds
[5.464s][info ][safepoint      ] Entering safepoint region: ParallelGCFailedAllocation
[5.464s][info ][gc,start       ] GC(7) Pause Young (Allocation Failure)
[5.533s][debug][gc,phases      ] GC(7) Scavenge 69.235ms
[5.533s][debug][gc,ref         ] GC(7) Skipped phase1 of Reference Processing due to unavailable references
[5.534s][debug][gc,ref         ] GC(7) Skipped phase3 of Reference Processing due to unavailable references
[5.534s][debug][gc,phases      ] GC(7) Reference Processing 0.247ms
[5.534s][debug][gc,phases      ] GC(7) Weak Processing 0.287ms
[5.535s][debug][gc,phases      ] GC(7) Scrub String Table 1.132ms
[5.535s][debug][gc,age         ] GC(7) Desired survivor size 210239488 bytes, new threshold 5 (max threshold 15)
[5.535s][info ][gc,heap        ] GC(7) PSYoungGen: 1181151K->134514K(1882624K)
[5.535s][info ][gc,heap        ] GC(7) ParOldGen: 5758K->5766K(6144K)
[5.535s][info ][gc,metaspace   ] GC(7) Metaspace: 49438K->49438K(1093632K)
[5.535s][info ][gc             ] GC(7) Pause Young (Allocation Failure) 1159M->136M(1844M) 71.028ms
[5.535s][info ][gc,cpu         ] GC(7) User=0.20s Sys=0.08s Real=0.07s
[5.535s][info ][safepoint      ] Leaving safepoint region
[5.535s][info ][safepoint      ] Total time for which application threads were stopped: 0.0743759 seconds, Stopping threads took: 0.0031236 seconds
[5.679s][info ][safepoint      ] Application time: 0.1438622 seconds
[5.679s][info ][safepoint      ] Entering safepoint region: ICBufferFull
[5.680s][info ][safepoint      ] Leaving safepoint region
[5.680s][info ][safepoint      ] Total time for which application threads were stopped: 0.0005723 seconds, Stopping threads took: 0.0003107 seconds
[6.037s][info ][safepoint      ] Application time: 0.3570926 seconds
[6.037s][info ][safepoint      ] Entering safepoint region: ParallelGCFailedAllocation
[6.037s][info ][gc,start       ] GC(8) Pause Young (Allocation Failure)
[6.121s][debug][gc,phases      ] GC(8) Scavenge 83.905ms
[6.121s][debug][gc,ref         ] GC(8) Skipped phase1 of Reference Processing due to unavailable references
[6.121s][debug][gc,ref         ] GC(8) Skipped phase3 of Reference Processing due to unavailable references
[6.121s][debug][gc,phases      ] GC(8) Reference Processing 0.181ms
[6.121s][debug][gc,phases      ] GC(8) Weak Processing 0.292ms
[6.123s][debug][gc,phases      ] GC(8) Scrub String Table 1.071ms
[6.123s][debug][gc,age         ] GC(8) Desired survivor size 195035136 bytes, new threshold 4 (max threshold 15)
[6.123s][info ][gc,heap        ] GC(8) PSYoungGen: 1821042K->91697K(1891840K)
[6.123s][info ][gc,heap        ] GC(8) ParOldGen: 5766K->52436K(52736K)
[6.123s][info ][gc,metaspace   ] GC(8) Metaspace: 49688K->49688K(1093632K)
[6.123s][info ][gc             ] GC(8) Pause Young (Allocation Failure) 1783M->140M(1899M) 85.574ms
[6.123s][info ][gc,cpu         ] GC(8) User=0.31s Sys=0.05s Real=0.09s
[6.123s][debug][gc,phases      ] GC(9) Pre Compact 0.010ms
[6.123s][info ][gc,start       ] GC(9) Pause Full (Ergonomics)
[6.123s][info ][gc,phases,start] GC(9) Marking Phase
[6.186s][debug][gc,phases      ] GC(9) Par Mark 62.922ms
[6.186s][debug][gc,ref         ] GC(9) Skipped phase1 of Reference Processing due to unavailable references
[6.186s][debug][gc,ref         ] GC(9) Skipped phase3 of Reference Processing due to unavailable references
[6.186s][debug][gc,phases      ] GC(9) Reference Processing 0.134ms
[6.186s][debug][gc,phases      ] GC(9) Weak Processing 0.116ms
[6.188s][debug][gc,phases      ] GC(9) ClassLoaderData 1.152ms
[6.188s][debug][gc,phases      ] GC(9) Dictionary 0.029ms
[6.188s][debug][gc,phases      ] GC(9) ProtectionDomainCacheTable 0.002ms
[6.188s][debug][gc,phases      ] GC(9) ResolvedMethodTable 0.125ms
[6.199s][debug][gc,phases      ] GC(9) Class Unloading 12.207ms
[6.199s][debug][gc,phases      ] GC(9) Scrub String Table 0.430ms
[6.204s][debug][gc,phases      ] GC(9) Scrub Symbol Table 5.296ms
[6.204s][info ][gc,phases      ] GC(9) Marking Phase 81.682ms
[6.204s][info ][gc,phases,start] GC(9) Summary Phase
[6.204s][info ][gc,phases      ] GC(9) Summary Phase 0.007ms
[6.204s][info ][gc,phases,start] GC(9) Adjust Roots
[6.229s][info ][gc,phases      ] GC(9) Adjust Roots 24.792ms
[6.229s][info ][gc,phases,start] GC(9) Compaction Phase
[7.032s][info ][gc,phases      ] GC(9) Compaction Phase 803.119ms
[7.032s][info ][gc,phases,start] GC(9) Post Compact
[7.033s][info ][gc,phases      ] GC(9) Post Compact 0.556ms
[7.033s][info ][gc,heap        ] GC(9) PSYoungGen: 91697K->90946K(1891840K)
[7.033s][info ][gc,heap        ] GC(9) ParOldGen: 52436K->52625K(86528K)
[7.033s][info ][gc,metaspace   ] GC(9) Metaspace: 49688K->49654K(1093632K)
[7.033s][info ][gc             ] GC(9) Pause Full (Ergonomics) 140M->140M(1932M) 910.354ms
[7.033s][info ][gc,cpu         ] GC(9) User=3.46s Sys=0.01s Real=0.91s
[7.033s][info ][safepoint      ] Leaving safepoint region
[7.033s][info ][safepoint      ] Total time for which application threads were stopped: 0.9963833 seconds, Stopping threads took: 0.0001697 seconds
[7.439s][info ][safepoint      ] Application time: 0.4057916 seconds
[7.439s][info ][safepoint      ] Entering safepoint region: RevokeBias
[7.439s][info ][safepoint      ] Leaving safepoint region
[7.439s][info ][safepoint      ] Total time for which application threads were stopped: 0.0004136 seconds, Stopping threads took: 0.0001788 seconds
[7.439s][info ][safepoint      ] Application time: 0.0000881 seconds
[7.440s][info ][safepoint      ] Entering safepoint region: RevokeBias
[7.440s][info ][safepoint      ] Leaving safepoint region
[7.440s][info ][safepoint      ] Total time for which application threads were stopped: 0.0008712 seconds, Stopping threads took: 0.0007905 seconds
[7.445s][info ][safepoint      ] Application time: 0.0042353 seconds
[7.445s][info ][safepoint      ] Entering safepoint region: BulkRevokeBias
[7.448s][info ][safepoint      ] Leaving safepoint region
[7.448s][info ][safepoint      ] Total time for which application threads were stopped: 0.0029433 seconds, Stopping threads took: 0.0001363 seconds
[7.467s][info ][safepoint      ] Application time: 0.0194069 seconds
[7.469s][info ][safepoint      ] Entering safepoint region: RevokeBias
[7.469s][info ][safepoint      ] Leaving safepoint region
[7.469s][info ][safepoint      ] Total time for which application threads were stopped: 0.0021043 seconds, Stopping threads took: 0.0019726 seconds
[7.537s][info ][safepoint      ] Application time: 0.0680420 seconds
[7.541s][info ][safepoint      ] Entering safepoint region: ParallelGCFailedAllocation
[7.541s][info ][gc,start       ] GC(10) Pause Young (Allocation Failure)
[7.613s][debug][gc,phases      ] GC(10) Scavenge 71.778ms
[7.613s][debug][gc,ref         ] GC(10) Skipped phase1 of Reference Processing due to unavailable references
[7.613s][debug][gc,ref         ] GC(10) Skipped phase3 of Reference Processing due to unavailable references
[7.613s][debug][gc,phases      ] GC(10) Reference Processing 0.065ms
[7.614s][debug][gc,phases      ] GC(10) Weak Processing 0.260ms
[7.614s][debug][gc,phases      ] GC(10) Scrub String Table 0.646ms
[7.614s][debug][gc,age         ] GC(10) Desired survivor size 199229440 bytes, new threshold 5 (max threshold 15)
[7.614s][info ][gc,heap        ] GC(10) PSYoungGen: 1777474K->13904K(1898496K)
[7.614s][info ][gc,heap        ] GC(10) ParOldGen: 52625K->135855K(136192K)
[7.614s][info ][gc,metaspace   ] GC(10) Metaspace: 50423K->50423K(1095680K)
[7.614s][info ][gc             ] GC(10) Pause Young (Allocation Failure) 1787M->146M(1987M) 72.895ms
[7.614s][info ][gc,cpu         ] GC(10) User=0.24s Sys=0.04s Real=0.07s
[7.614s][debug][gc,phases      ] GC(11) Pre Compact 0.010ms
[7.614s][info ][gc,start       ] GC(11) Pause Full (Ergonomics)
[7.614s][info ][gc,phases,start] GC(11) Marking Phase
[7.680s][debug][gc,phases      ] GC(11) Par Mark 65.186ms
[7.680s][debug][gc,ref         ] GC(11) Skipped phase1 of Reference Processing due to unavailable references
[7.680s][debug][gc,ref         ] GC(11) Skipped phase3 of Reference Processing due to unavailable references
[7.680s][debug][gc,phases      ] GC(11) Reference Processing 0.224ms
[7.680s][debug][gc,phases      ] GC(11) Weak Processing 0.110ms
[7.681s][debug][gc,phases      ] GC(11) ClassLoaderData 0.483ms
[7.681s][debug][gc,phases      ] GC(11) ProtectionDomainCacheTable 0.003ms
[7.681s][debug][gc,phases      ] GC(11) ResolvedMethodTable 0.104ms
[7.684s][debug][gc,phases      ] GC(11) Class Unloading 3.170ms
[7.684s][debug][gc,phases      ] GC(11) Scrub String Table 0.378ms
[7.688s][debug][gc,phases      ] GC(11) Scrub Symbol Table 4.294ms
[7.688s][info ][gc,phases      ] GC(11) Marking Phase 73.897ms
[7.688s][info ][gc,phases,start] GC(11) Summary Phase
[7.688s][info ][gc,phases      ] GC(11) Summary Phase 0.007ms
[7.688s][info ][gc,phases,start] GC(11) Adjust Roots
[7.703s][info ][gc,phases      ] GC(11) Adjust Roots 14.969ms
[7.703s][info ][gc,phases,start] GC(11) Compaction Phase
[8.284s][info ][gc,phases      ] GC(11) Compaction Phase 580.890ms
[8.284s][info ][gc,phases,start] GC(11) Post Compact
[8.285s][info ][gc,phases      ] GC(11) Post Compact 0.308ms
[8.285s][info ][gc,heap        ] GC(11) PSYoungGen: 13904K->13295K(1898496K)
[8.285s][info ][gc,heap        ] GC(11) ParOldGen: 135855K->136051K(209408K)
[8.285s][info ][gc,metaspace   ] GC(11) Metaspace: 50423K->50423K(1095680K)
[8.285s][info ][gc             ] GC(11) Pause Full (Ergonomics) 146M->145M(2058M) 670.322ms
[8.285s][info ][gc,cpu         ] GC(11) User=2.56s Sys=0.00s Real=0.67s
[8.285s][info ][safepoint      ] Leaving safepoint region
[8.285s][info ][safepoint      ] Total time for which application threads were stopped: 0.7476036 seconds, Stopping threads took: 0.0041159 seconds
[8.352s][info ][safepoint      ] Application time: 0.0674442 seconds
[8.354s][info ][safepoint      ] Entering safepoint region: RevokeBias
[8.354s][info ][safepoint      ] Leaving safepoint region
[8.354s][info ][safepoint      ] Total time for which application threads were stopped: 0.0021050 seconds, Stopping threads took: 0.0019669 seconds
[8.790s][info ][safepoint      ] Application time: 0.4357024 seconds
[8.790s][info ][safepoint      ] Entering safepoint region: ParallelGCFailedAllocation
[8.791s][info ][gc,start       ] GC(12) Pause Young (Allocation Failure)
[8.820s][debug][gc,phases      ] GC(12) Scavenge 29.866ms
[8.820s][debug][gc,ref         ] GC(12) Skipped phase1 of Reference Processing due to unavailable references
[8.820s][debug][gc,ref         ] GC(12) Skipped phase3 of Reference Processing due to unavailable references
[8.821s][debug][gc,phases      ] GC(12) Reference Processing 0.051ms
[8.821s][debug][gc,phases      ] GC(12) Weak Processing 0.149ms
[8.821s][debug][gc,phases      ] GC(12) Scrub String Table 0.403ms
[8.821s][debug][gc,age         ] GC(12) Desired survivor size 201326592 bytes, new threshold 6 (max threshold 15)
[8.821s][info ][gc,heap        ] GC(12) PSYoungGen: 1721327K->8432K(1716736K)
[8.821s][info ][gc,heap        ] GC(12) ParOldGen: 136051K->136059K(209408K)
[8.821s][info ][gc,metaspace   ] GC(12) Metaspace: 51477K->51477K(1095680K)
[8.821s][info ][gc             ] GC(12) Pause Young (Allocation Failure) 1813M->141M(1881M) 30.620ms
[8.821s][info ][gc,cpu         ] GC(12) User=0.12s Sys=0.00s Real=0.04s
[8.821s][info ][safepoint      ] Leaving safepoint region
[8.821s][info ][safepoint      ] Total time for which application threads were stopped: 0.0310848 seconds, Stopping threads took: 0.0001602 seconds
[8.899s][info ][safepoint      ] Application time: 0.0773393 seconds
[8.899s][info ][safepoint      ] Entering safepoint region: Deoptimize
[8.900s][info ][safepoint      ] Leaving safepoint region
[8.900s][info ][safepoint      ] Total time for which application threads were stopped: 0.0016877 seconds, Stopping threads took: 0.0005703 seconds
[9.068s][info ][safepoint      ] Application time: 0.1674132 seconds
[9.068s][info ][safepoint      ] Entering safepoint region: ICBufferFull
[9.069s][info ][safepoint      ] Leaving safepoint region
[9.069s][info ][safepoint      ] Total time for which application threads were stopped: 0.0008026 seconds, Stopping threads took: 0.0005889 seconds
[9.250s][info ][safepoint      ] Application time: 0.1819486 seconds
[9.251s][info ][safepoint      ] Entering safepoint region: ParallelGCFailedAllocation
[9.251s][info ][gc,start       ] GC(13) Pause Young (Allocation Failure)
[9.258s][debug][gc,phases      ] GC(13) Scavenge 6.810ms
[9.258s][debug][gc,ref         ] GC(13) Skipped phase1 of Reference Processing due to unavailable references
[9.258s][debug][gc,ref         ] GC(13) Skipped phase3 of Reference Processing due to unavailable references
[9.258s][debug][gc,phases      ] GC(13) Reference Processing 0.070ms
[9.258s][debug][gc,phases      ] GC(13) Weak Processing 0.102ms
[9.258s][debug][gc,phases      ] GC(13) Scrub String Table 0.391ms
[9.258s][debug][gc,age         ] GC(13) Desired survivor size 200802304 bytes, new threshold 7 (max threshold 15)
[9.258s][info ][gc,heap        ] GC(13) PSYoungGen: 1716464K->9376K(1901056K)
[9.258s][info ][gc,heap        ] GC(13) ParOldGen: 136059K->136067K(209408K)
[9.258s][info ][gc,metaspace   ] GC(13) Metaspace: 51814K->51814K(1095680K)
[9.258s][info ][gc             ] GC(13) Pause Young (Allocation Failure) 1809M->142M(2061M) 7.504ms
[9.258s][info ][gc,cpu         ] GC(13) User=0.03s Sys=0.00s Real=0.01s
[9.258s][info ][safepoint      ] Leaving safepoint region
[9.258s][info ][safepoint      ] Total time for which application threads were stopped: 0.0079417 seconds, Stopping threads took: 0.0001658 seconds
[9.611s][info ][safepoint      ] Application time: 0.3524770 seconds
[9.613s][info ][safepoint      ] Entering safepoint region: ICBufferFull
[9.613s][info ][safepoint      ] Leaving safepoint region
[9.613s][info ][safepoint      ] Total time for which application threads were stopped: 0.0022085 seconds, Stopping threads took: 0.0019754 seconds
[9.722s][info ][safepoint      ] Application time: 0.1086323 seconds
[9.722s][info ][safepoint      ] Entering safepoint region: ParallelGCFailedAllocation
[9.722s][info ][gc,start       ] GC(14) Pause Young (Allocation Failure)
[9.730s][debug][gc,phases      ] GC(14) Scavenge 8.174ms
[9.730s][debug][gc,ref         ] GC(14) Skipped phase1 of Reference Processing due to unavailable references
[9.730s][debug][gc,ref         ] GC(14) Skipped phase3 of Reference Processing due to unavailable references
[9.731s][debug][gc,ref         ] GC(14) Skipped phase4 of Reference Processing due to unavailable references
[9.731s][debug][gc,phases      ] GC(14) Reference Processing 0.068ms
[9.731s][debug][gc,phases      ] GC(14) Weak Processing 0.121ms
[9.731s][debug][gc,phases      ] GC(14) Scrub String Table 0.402ms
[9.731s][debug][gc,age         ] GC(14) Desired survivor size 197656576 bytes, new threshold 8 (max threshold 15)
[9.731s][info ][gc,heap        ] GC(14) PSYoungGen: 1713824K->13072K(1900544K)
[9.731s][info ][gc,heap        ] GC(14) ParOldGen: 136067K->136075K(209408K)
[9.731s][info ][gc,metaspace   ] GC(14) Metaspace: 51846K->51846K(1095680K)
[9.731s][info ][gc             ] GC(14) Pause Young (Allocation Failure) 1806M->145M(2060M) 8.890ms
[9.731s][info ][gc,cpu         ] GC(14) User=0.03s Sys=0.00s Real=0.00s
[9.731s][info ][safepoint      ] Leaving safepoint region
[9.731s][info ][safepoint      ] Total time for which application threads were stopped: 0.0093061 seconds, Stopping threads took: 0.0002000 seconds
[10.112s][info ][safepoint      ] Application time: 0.3810335 seconds
[10.114s][info ][safepoint      ] Entering safepoint region: Deoptimize
[10.115s][info ][safepoint      ] Leaving safepoint region
[10.115s][info ][safepoint      ] Total time for which application threads were stopped: 0.0029803 seconds, Stopping threads took: 0.0019549 seconds
[10.186s][info ][safepoint      ] Application time: 0.0707354 seconds
[10.188s][info ][safepoint      ] Entering safepoint region: ParallelGCFailedAllocation
[10.188s][info ][gc,start       ] GC(15) Pause Young (Allocation Failure)
[10.198s][debug][gc,phases      ] GC(15) Scavenge 9.856ms
[10.198s][debug][gc,ref         ] GC(15) Skipped phase1 of Reference Processing due to unavailable references
[10.198s][debug][gc,ref         ] GC(15) Skipped phase3 of Reference Processing due to unavailable references
[10.198s][debug][gc,phases      ] GC(15) Reference Processing 0.073ms
[10.198s][debug][gc,phases      ] GC(15) Weak Processing 0.112ms
[10.199s][debug][gc,phases      ] GC(15) Scrub String Table 0.419ms
[10.199s][debug][gc,age         ] GC(15) Desired survivor size 192413696 bytes, new threshold 9 (max threshold 15)
[10.199s][info ][gc,heap        ] GC(15) PSYoungGen: 1717520K->16800K(1909248K)
[10.199s][info ][gc,heap        ] GC(15) ParOldGen: 136075K->136075K(209408K)
[10.199s][info ][gc,metaspace   ] GC(15) Metaspace: 51944K->51944K(1095680K)
[10.199s][info ][gc             ] GC(15) Pause Young (Allocation Failure) 1810M->149M(2069M) 10.589ms
[10.199s][info ][gc,cpu         ] GC(15) User=0.04s Sys=0.00s Real=0.01s
[10.199s][info ][safepoint      ] Leaving safepoint region
[10.199s][info ][safepoint      ] Total time for which application threads were stopped: 0.0128378 seconds, Stopping threads took: 0.0020045 seconds
[10.236s][info ][safepoint      ] Application time: 0.0372294 seconds
[10.237s][info ][safepoint      ] Entering safepoint region: RevokeBias
[10.237s][info ][safepoint      ] Leaving safepoint region
[10.237s][info ][safepoint      ] Total time for which application threads were stopped: 0.0007573 seconds, Stopping threads took: 0.0006091 seconds
[10.279s][info ][safepoint      ] Application time: 0.0424086 seconds
[10.279s][info ][safepoint      ] Entering safepoint region: RevokeBias
[10.279s][info ][safepoint      ] Leaving safepoint region
[10.279s][info ][safepoint      ] Total time for which application threads were stopped: 0.0002323 seconds, Stopping threads took: 0.0001204 seconds
[10.280s][info ][safepoint      ] Application time: 0.0000427 seconds
[10.280s][info ][safepoint      ] Entering safepoint region: RevokeBias
[10.280s][info ][safepoint      ] Leaving safepoint region
[10.280s][info ][safepoint      ] Total time for which application threads were stopped: 0.0001417 seconds, Stopping threads took: 0.0000285 seconds
[10.280s][info ][safepoint      ] Application time: 0.0000350 seconds
[10.280s][info ][safepoint      ] Entering safepoint region: RevokeBias
[10.280s][info ][safepoint      ] Leaving safepoint region
[10.280s][info ][safepoint      ] Total time for which application threads were stopped: 0.0001997 seconds, Stopping threads took: 0.0001156 seconds
[10.281s][info ][safepoint      ] Application time: 0.0009499 seconds
[10.281s][info ][safepoint      ] Entering safepoint region: RevokeBias
[10.281s][info ][safepoint      ] Leaving safepoint region
[10.281s][info ][safepoint      ] Total time for which application threads were stopped: 0.0001834 seconds, Stopping threads took: 0.0001091 seconds
[10.281s][info ][safepoint      ] Application time: 0.0001632 seconds
[10.281s][info ][safepoint      ] Entering safepoint region: RevokeBias
[10.281s][info ][safepoint      ] Leaving safepoint region
[10.281s][info ][safepoint      ] Total time for which application threads were stopped: 0.0001436 seconds, Stopping threads took: 0.0000721 seconds
[10.478s][info ][safepoint      ] Application time: 0.1965679 seconds
[10.480s][info ][safepoint      ] Entering safepoint region: Deoptimize
[10.481s][info ][safepoint      ] Leaving safepoint region
[10.481s][info ][safepoint      ] Total time for which application threads were stopped: 0.0030383 seconds, Stopping threads took: 0.0020206 seconds
[10.512s][info ][safepoint      ] Application time: 0.0311218 seconds
[10.516s][info ][safepoint      ] Entering safepoint region: Deoptimize
[10.517s][info ][safepoint      ] Leaving safepoint region
[10.517s][info ][safepoint      ] Total time for which application threads were stopped: 0.0051936 seconds, Stopping threads took: 0.0041810 seconds
[10.521s][info ][safepoint      ] Application time: 0.0031865 seconds
[10.521s][info ][safepoint      ] Entering safepoint region: RevokeBias
[10.521s][info ][safepoint      ] Leaving safepoint region
[10.521s][info ][safepoint      ] Total time for which application threads were stopped: 0.0001334 seconds, Stopping threads took: 0.0000517 seconds
[10.521s][info ][safepoint      ] Application time: 0.0001965 seconds
[10.521s][info ][safepoint      ] Entering safepoint region: RevokeBias
[10.521s][info ][safepoint      ] Leaving safepoint region
[10.521s][info ][safepoint      ] Total time for which application threads were stopped: 0.0001010 seconds, Stopping threads took: 0.0000443 seconds
[10.536s][info ][safepoint      ] Application time: 0.0147692 seconds
[10.536s][info ][safepoint      ] Entering safepoint region: RevokeBias
[10.537s][info ][safepoint      ] Leaving safepoint region
[10.537s][info ][safepoint      ] Total time for which application threads were stopped: 0.0007113 seconds, Stopping threads took: 0.0006001 seconds
[10.620s][info ][safepoint      ] Application time: 0.0834037 seconds
[10.622s][info ][safepoint      ] Entering safepoint region: ParallelGCFailedAllocation
[10.622s][info ][gc,start       ] GC(16) Pause Young (Allocation Failure)
[10.633s][debug][gc,phases      ] GC(16) Scavenge 10.373ms
[10.633s][debug][gc,ref         ] GC(16) Skipped phase1 of Reference Processing due to unavailable references
[10.633s][debug][gc,ref         ] GC(16) Skipped phase3 of Reference Processing due to unavailable references
[10.633s][debug][gc,phases      ] GC(16) Reference Processing 0.069ms
[10.633s][debug][gc,phases      ] GC(16) Weak Processing 0.116ms
[10.633s][debug][gc,phases      ] GC(16) Scrub String Table 0.417ms
[10.633s][debug][gc,age         ] GC(16) Desired survivor size 186646528 bytes, new threshold 10 (max threshold 15)
[10.633s][info ][gc,heap        ] GC(16) PSYoungGen: 1733024K->17264K(1904128K)
[10.633s][info ][gc,heap        ] GC(16) ParOldGen: 136075K->136083K(209408K)
[10.633s][info ][gc,metaspace   ] GC(16) Metaspace: 53284K->53284K(1097728K)
[10.633s][info ][gc             ] GC(16) Pause Young (Allocation Failure) 1825M->149M(2064M) 11.100ms
[10.633s][info ][gc,cpu         ] GC(16) User=0.04s Sys=0.00s Real=0.01s
[10.633s][info ][safepoint      ] Leaving safepoint region
[10.633s][info ][safepoint      ] Total time for which application threads were stopped: 0.0133150 seconds, Stopping threads took: 0.0020046 seconds
[10.650s][info ][safepoint      ] Application time: 0.0163132 seconds
[10.652s][info ][safepoint      ] Entering safepoint region: Deoptimize
[10.653s][info ][safepoint      ] Leaving safepoint region
[10.653s][info ][safepoint      ] Total time for which application threads were stopped: 0.0030545 seconds, Stopping threads took: 0.0019831 seconds
[10.741s][info ][safepoint      ] Application time: 0.0879887 seconds
[10.742s][info ][safepoint      ] Entering safepoint region: RevokeBias
[10.743s][info ][safepoint      ] Leaving safepoint region
[10.743s][info ][safepoint      ] Total time for which application threads were stopped: 0.0019529 seconds, Stopping threads took: 0.0008863 seconds
[10.821s][info ][safepoint      ] Application time: 0.0778374 seconds
[10.821s][info ][safepoint      ] Entering safepoint region: RevokeBias
[10.821s][info ][safepoint      ] Leaving safepoint region
[10.821s][info ][safepoint      ] Total time for which application threads were stopped: 0.0002906 seconds, Stopping threads took: 0.0001703 seconds
[10.821s][info ][safepoint      ] Application time: 0.0003792 seconds
[10.821s][info ][safepoint      ] Entering safepoint region: RevokeBias
[10.821s][info ][safepoint      ] Leaving safepoint region
[10.821s][info ][safepoint      ] Total time for which application threads were stopped: 0.0001666 seconds, Stopping threads took: 0.0001022 seconds
[10.828s][info ][safepoint      ] Application time: 0.0069734 seconds
[10.829s][info ][safepoint      ] Entering safepoint region: RevokeBias
[10.829s][info ][safepoint      ] Leaving safepoint region
[10.829s][info ][safepoint      ] Total time for which application threads were stopped: 0.0002613 seconds, Stopping threads took: 0.0001550 seconds
[10.831s][info ][safepoint      ] Application time: 0.0026402 seconds
[10.831s][info ][safepoint      ] Entering safepoint region: RevokeBias
[10.832s][info ][safepoint      ] Leaving safepoint region
[10.832s][info ][safepoint      ] Total time for which application threads were stopped: 0.0001630 seconds, Stopping threads took: 0.0000800 seconds
[10.836s][info ][safepoint      ] Application time: 0.0045749 seconds
[10.836s][info ][safepoint      ] Entering safepoint region: RevokeBias
[10.836s][info ][safepoint      ] Leaving safepoint region
[10.836s][info ][safepoint      ] Total time for which application threads were stopped: 0.0002450 seconds, Stopping threads took: 0.0001416 seconds
[10.899s][info ][safepoint      ] Application time: 0.0624192 seconds
[10.901s][info ][safepoint      ] Entering safepoint region: RevokeBias
[10.901s][info ][safepoint      ] Leaving safepoint region
[10.901s][info ][safepoint      ] Total time for which application threads were stopped: 0.0021591 seconds, Stopping threads took: 0.0020137 seconds
[10.910s][info ][safepoint      ] Application time: 0.0086316 seconds
[10.912s][info ][safepoint      ] Entering safepoint region: RevokeBias
[10.912s][info ][safepoint      ] Leaving safepoint region
[10.912s][info ][safepoint      ] Total time for which application threads were stopped: 0.0021439 seconds, Stopping threads took: 0.0020400 seconds
[10.917s][info ][safepoint      ] Application time: 0.0054974 seconds
[10.919s][info ][safepoint      ] Entering safepoint region: Deoptimize
[10.920s][info ][safepoint      ] Leaving safepoint region
[10.920s][info ][safepoint      ] Total time for which application threads were stopped: 0.0029934 seconds, Stopping threads took: 0.0019754 seconds
[10.976s][info ][safepoint      ] Application time: 0.0552825 seconds
[10.976s][info ][safepoint      ] Entering safepoint region: RevokeBias
[10.976s][info ][safepoint      ] Leaving safepoint region
[10.976s][info ][safepoint      ] Total time for which application threads were stopped: 0.0007133 seconds, Stopping threads took: 0.0005877 seconds
[11.010s][info ][safepoint      ] Application time: 0.0339721 seconds
[11.013s][info ][safepoint      ] Entering safepoint region: RevokeBias
[11.013s][info ][safepoint      ] Leaving safepoint region
[11.013s][info ][safepoint      ] Total time for which application threads were stopped: 0.0025586 seconds, Stopping threads took: 0.0024256 seconds
[11.015s][info ][safepoint      ] Application time: 0.0016841 seconds
[11.015s][info ][safepoint      ] Entering safepoint region: RevokeBias
[11.015s][info ][safepoint      ] Leaving safepoint region
[11.015s][info ][safepoint      ] Total time for which application threads were stopped: 0.0001790 seconds, Stopping threads took: 0.0000817 seconds
[11.108s][info ][safepoint      ] Application time: 0.0931742 seconds
[11.110s][info ][safepoint      ] Entering safepoint region: ParallelGCFailedAllocation
[11.110s][info ][gc,start       ] GC(17) Pause Young (Allocation Failure)
[11.129s][debug][gc,phases      ] GC(17) Scavenge 18.911ms
[11.129s][debug][gc,ref         ] GC(17) Skipped phase1 of Reference Processing due to unavailable references
[11.129s][debug][gc,ref         ] GC(17) Skipped phase3 of Reference Processing due to unavailable references
[11.129s][debug][gc,phases      ] GC(17) Reference Processing 0.109ms
[11.130s][debug][gc,phases      ] GC(17) Weak Processing 0.202ms
[11.130s][debug][gc,phases      ] GC(17) Scrub String Table 0.460ms
[11.130s][debug][gc,age         ] GC(17) Desired survivor size 178782208 bytes, new threshold 11 (max threshold 15)
[11.130s][info ][gc,heap        ] GC(17) PSYoungGen: 1733488K->25344K(1922560K)
[11.130s][info ][gc,heap        ] GC(17) ParOldGen: 136083K->136091K(209408K)
[11.130s][info ][gc,metaspace   ] GC(17) Metaspace: 56951K->56951K(1101824K)
[11.130s][info ][gc             ] GC(17) Pause Young (Allocation Failure) 1825M->157M(2082M) 19.841ms
[11.130s][info ][gc,cpu         ] GC(17) User=0.08s Sys=0.00s Real=0.02s
[11.130s][info ][safepoint      ] Leaving safepoint region
[11.130s][info ][safepoint      ] Total time for which application threads were stopped: 0.0221540 seconds, Stopping threads took: 0.0021163 seconds
[11.140s][info ][safepoint      ] Application time: 0.0093743 seconds
[11.140s][info ][safepoint      ] Entering safepoint region: Deoptimize
[11.141s][info ][safepoint      ] Leaving safepoint region
[11.141s][info ][safepoint      ] Total time for which application threads were stopped: 0.0015744 seconds, Stopping threads took: 0.0005989 seconds
[11.145s][info ][safepoint      ] Application time: 0.0039522 seconds
[11.148s][info ][safepoint      ] Entering safepoint region: RevokeBias
[11.148s][info ][safepoint      ] Leaving safepoint region
[11.148s][info ][safepoint      ] Total time for which application threads were stopped: 0.0031237 seconds, Stopping threads took: 0.0030103 seconds
[11.181s][info ][safepoint      ] Application time: 0.0331038 seconds
[11.182s][info ][safepoint      ] Entering safepoint region: BulkRevokeBias
[11.183s][info ][safepoint      ] Leaving safepoint region
[11.183s][info ][safepoint      ] Total time for which application threads were stopped: 0.0011223 seconds, Stopping threads took: 0.0001568 seconds
[11.243s][info ][safepoint      ] Application time: 0.0605585 seconds
[11.245s][info ][safepoint      ] Entering safepoint region: RevokeBias
[11.245s][info ][safepoint      ] Leaving safepoint region
[11.245s][info ][safepoint      ] Total time for which application threads were stopped: 0.0021553 seconds, Stopping threads took: 0.0020151 seconds
[11.258s][info ][safepoint      ] Application time: 0.0130092 seconds
[11.260s][info ][safepoint      ] Entering safepoint region: RevokeBias
[11.261s][info ][safepoint      ] Leaving safepoint region
[11.261s][info ][safepoint      ] Total time for which application threads were stopped: 0.0022138 seconds, Stopping threads took: 0.0021033 seconds
[11.261s][info ][safepoint      ] Application time: 0.0000719 seconds
[11.261s][info ][safepoint      ] Entering safepoint region: RevokeBias
[11.261s][info ][safepoint      ] Leaving safepoint region
[11.261s][info ][safepoint      ] Total time for which application threads were stopped: 0.0001463 seconds, Stopping threads took: 0.0000537 seconds
[11.261s][info ][safepoint      ] Application time: 0.0002312 seconds
[11.261s][info ][safepoint      ] Entering safepoint region: RevokeBias
[11.261s][info ][safepoint      ] Leaving safepoint region
[11.261s][info ][safepoint      ] Total time for which application threads were stopped: 0.0001569 seconds, Stopping threads took: 0.0000623 seconds
[11.261s][info ][safepoint      ] Application time: 0.0000556 seconds
[11.263s][info ][safepoint      ] Entering safepoint region: RevokeBias
[11.263s][info ][safepoint      ] Leaving safepoint region
[11.263s][info ][safepoint      ] Total time for which application threads were stopped: 0.0021072 seconds, Stopping threads took: 0.0020154 seconds
[11.279s][info ][safepoint      ] Application time: 0.0154049 seconds
[11.279s][info ][safepoint      ] Entering safepoint region: RevokeBias
[11.279s][info ][safepoint      ] Leaving safepoint region
[11.279s][info ][safepoint      ] Total time for which application threads were stopped: 0.0003119 seconds, Stopping threads took: 0.0001968 seconds
[11.397s][info ][safepoint      ] Application time: 0.1180525 seconds
[11.397s][info ][safepoint      ] Entering safepoint region: RevokeBias
[11.398s][info ][safepoint      ] Leaving safepoint region
[11.398s][info ][safepoint      ] Total time for which application threads were stopped: 0.0003135 seconds, Stopping threads took: 0.0001590 seconds
[11.398s][info ][safepoint      ] Application time: 0.0000459 seconds
[11.398s][info ][safepoint      ] Entering safepoint region: RevokeBias
[11.398s][info ][safepoint      ] Leaving safepoint region
[11.398s][info ][safepoint      ] Total time for which application threads were stopped: 0.0001287 seconds, Stopping threads took: 0.0000451 seconds
[11.483s][info ][safepoint      ] Application time: 0.0849052 seconds
[11.485s][info ][safepoint      ] Entering safepoint region: RevokeBias
[11.485s][info ][safepoint      ] Leaving safepoint region
[11.485s][info ][safepoint      ] Total time for which application threads were stopped: 0.0021248 seconds, Stopping threads took: 0.0020205 seconds
[11.641s][info ][safepoint      ] Application time: 0.1561133 seconds
[11.641s][info ][safepoint      ] Entering safepoint region: ParallelGCFailedAllocation
[11.641s][info ][gc,start       ] GC(18) Pause Young (Allocation Failure)
[11.658s][debug][gc,phases      ] GC(18) Scavenge 17.017ms
[11.658s][debug][gc,ref         ] GC(18) Skipped phase1 of Reference Processing due to unavailable references
[11.659s][debug][gc,ref         ] GC(18) Skipped phase3 of Reference Processing due to unavailable references
[11.659s][debug][gc,phases      ] GC(18) Reference Processing 0.272ms
[11.659s][debug][gc,phases      ] GC(18) Weak Processing 0.184ms
[11.659s][debug][gc,phases      ] GC(18) Scrub String Table 0.469ms
[11.659s][debug][gc,age         ] GC(18) Desired survivor size 169869312 bytes, new threshold 12 (max threshold 15)
[11.659s][info ][gc,heap        ] GC(18) PSYoungGen: 1765632K->32656K(1914880K)
[11.659s][info ][gc,heap        ] GC(18) ParOldGen: 136091K->136099K(209408K)
[11.659s][info ][gc,metaspace   ] GC(18) Metaspace: 57938K->57938K(1101824K)
[11.659s][info ][gc             ] GC(18) Pause Young (Allocation Failure) 1857M->164M(2074M) 18.072ms
[11.659s][info ][gc,cpu         ] GC(18) User=0.07s Sys=0.00s Real=0.01s
[11.659s][info ][safepoint      ] Leaving safepoint region
[11.659s][info ][safepoint      ] Total time for which application threads were stopped: 0.0184309 seconds, Stopping threads took: 0.0001576 seconds
[11.672s][info ][safepoint      ] Application time: 0.0122153 seconds
[11.672s][info ][safepoint      ] Entering safepoint region: RevokeBias
[11.672s][info ][safepoint      ] Leaving safepoint region
[11.672s][info ][safepoint      ] Total time for which application threads were stopped: 0.0002272 seconds, Stopping threads took: 0.0001118 seconds
[11.672s][info ][safepoint      ] Application time: 0.0000499 seconds
[11.672s][info ][safepoint      ] Entering safepoint region: RevokeBias
[11.672s][info ][safepoint      ] Leaving safepoint region
[11.672s][info ][safepoint      ] Total time for which application threads were stopped: 0.0001028 seconds, Stopping threads took: 0.0000314 seconds
[11.678s][info ][safepoint      ] Application time: 0.0063457 seconds
[11.679s][info ][safepoint      ] Entering safepoint region: RevokeBias
[11.679s][info ][safepoint      ] Leaving safepoint region
[11.679s][info ][safepoint      ] Total time for which application threads were stopped: 0.0001967 seconds, Stopping threads took: 0.0001245 seconds
[12.071s][info ][safepoint      ] Application time: 0.3922709 seconds
[12.073s][info ][safepoint      ] Entering safepoint region: RevokeBias
[12.073s][info ][safepoint      ] Leaving safepoint region
[12.073s][info ][safepoint      ] Total time for which application threads were stopped: 0.0024016 seconds, Stopping threads took: 0.0021450 seconds
[12.145s][info ][safepoint      ] Application time: 0.0714174 seconds
[12.145s][info ][safepoint      ] Entering safepoint region: ParallelGCFailedAllocation
[12.145s][info ][gc,start       ] GC(19) Pause Young (Allocation Failure)
[12.165s][debug][gc,phases      ] GC(19) Scavenge 20.343ms
[12.165s][debug][gc,ref         ] GC(19) Skipped phase1 of Reference Processing due to unavailable references
[12.166s][debug][gc,ref         ] GC(19) Skipped phase3 of Reference Processing due to unavailable references
[12.166s][debug][gc,phases      ] GC(19) Reference Processing 0.106ms
[12.166s][debug][gc,phases      ] GC(19) Weak Processing 0.164ms
[12.166s][debug][gc,phases      ] GC(19) Scrub String Table 0.465ms
[12.166s][debug][gc,age         ] GC(19) Desired survivor size 158334976 bytes, new threshold 13 (max threshold 15)
[12.166s][info ][gc,heap        ] GC(19) PSYoungGen: 1772944K->47776K(1942528K)
[12.166s][info ][gc,heap        ] GC(19) ParOldGen: 136099K->136107K(209408K)
[12.166s][info ][gc,metaspace   ] GC(19) Metaspace: 58128K->58128K(1101824K)
[12.166s][info ][gc             ] GC(19) Pause Young (Allocation Failure) 1864M->179M(2101M) 21.200ms
[12.166s][info ][gc,cpu         ] GC(19) User=0.08s Sys=0.01s Real=0.02s
[12.166s][info ][safepoint      ] Leaving safepoint region
[12.166s][info ][safepoint      ] Total time for which application threads were stopped: 0.0215469 seconds, Stopping threads took: 0.0001418 seconds
[12.707s][info ][safepoint      ] Application time: 0.5411042 seconds
[12.708s][info ][safepoint      ] Entering safepoint region: ParallelGCFailedAllocation
[12.708s][info ][gc,start       ] GC(20) Pause Young (Allocation Failure)
[12.738s][debug][gc,phases      ] GC(20) Scavenge 30.539ms
[12.738s][debug][gc,ref         ] GC(20) Skipped phase1 of Reference Processing due to unavailable references
[12.739s][debug][gc,ref         ] GC(20) Skipped phase3 of Reference Processing due to unavailable references
[12.739s][debug][gc,phases      ] GC(20) Reference Processing 0.103ms
[12.739s][debug][gc,phases      ] GC(20) Weak Processing 0.180ms
[12.739s][debug][gc,phases      ] GC(20) Scrub String Table 0.467ms
[12.739s][debug][gc,age         ] GC(20) Desired survivor size 153616384 bytes, new threshold 14 (max threshold 15)
[12.739s][info ][gc,heap        ] GC(20) PSYoungGen: 1824416K->66144K(1931264K)
[12.739s][info ][gc,heap        ] GC(20) ParOldGen: 136107K->136115K(209408K)
[12.739s][info ][gc,metaspace   ] GC(20) Metaspace: 58222K->58222K(1101824K)
[12.739s][info ][gc             ] GC(20) Pause Young (Allocation Failure) 1914M->197M(2090M) 31.410ms
[12.739s][info ][gc,cpu         ] GC(20) User=0.10s Sys=0.03s Real=0.03s
[12.739s][info ][safepoint      ] Leaving safepoint region
[12.739s][info ][safepoint      ] Total time for which application threads were stopped: 0.0318434 seconds, Stopping threads took: 0.0001344 seconds
[12.798s][info ][safepoint      ] Application time: 0.0589322 seconds
[12.800s][info ][safepoint      ] Entering safepoint region: RevokeBias
[12.801s][info ][safepoint      ] Leaving safepoint region
[12.801s][info ][safepoint      ] Total time for which application threads were stopped: 0.0022571 seconds, Stopping threads took: 0.0020790 seconds
[12.801s][info ][safepoint      ] Application time: 0.0000427 seconds
[12.801s][info ][safepoint      ] Entering safepoint region: RevokeBias
[12.801s][info ][safepoint      ] Leaving safepoint region
[12.801s][info ][safepoint      ] Total time for which application threads were stopped: 0.0001157 seconds, Stopping threads took: 0.0000329 seconds
[12.801s][info ][safepoint      ] Application time: 0.0006511 seconds
[12.801s][info ][safepoint      ] Entering safepoint region: RevokeBias
[12.802s][info ][safepoint      ] Leaving safepoint region
[12.802s][info ][safepoint      ] Total time for which application threads were stopped: 0.0001799 seconds, Stopping threads took: 0.0000530 seconds
[13.035s][info ][safepoint      ] Application time: 0.2331044 seconds
[13.037s][info ][safepoint      ] Entering safepoint region: RevokeBias
[13.037s][info ][safepoint      ] Leaving safepoint region
[13.037s][info ][safepoint      ] Total time for which application threads were stopped: 0.0024642 seconds, Stopping threads took: 0.0022362 seconds
[13.133s][info ][safepoint      ] Application time: 0.0962844 seconds
[13.136s][info ][safepoint      ] Entering safepoint region: RevokeBias
[13.136s][info ][safepoint      ] Leaving safepoint region
[13.136s][info ][safepoint      ] Total time for which application threads were stopped: 0.0022248 seconds, Stopping threads took: 0.0020824 seconds
[13.175s][info ][safepoint      ] Application time: 0.0388775 seconds
[13.175s][info ][safepoint      ] Entering safepoint region: ParallelGCFailedAllocation
[13.175s][info ][gc,start       ] GC(21) Pause Young (Allocation Failure)
[13.205s][debug][gc,phases      ] GC(21) Scavenge 29.959ms
[13.205s][debug][gc,ref         ] GC(21) Skipped phase1 of Reference Processing due to unavailable references
[13.205s][debug][gc,ref         ] GC(21) Skipped phase3 of Reference Processing due to unavailable references
[13.205s][debug][gc,phases      ] GC(21) Reference Processing 0.106ms
[13.206s][debug][gc,phases      ] GC(21) Weak Processing 0.182ms
[13.206s][debug][gc,phases      ] GC(21) Scrub String Table 0.470ms
[13.206s][debug][gc,age         ] GC(21) Desired survivor size 156762112 bytes, new threshold 15 (max threshold 15)
[13.206s][info ][gc,heap        ] GC(21) PSYoungGen: 1842784K->85728K(1940992K)
[13.206s][info ][gc,heap        ] GC(21) ParOldGen: 136115K->136123K(209408K)
[13.206s][info ][gc,metaspace   ] GC(21) Metaspace: 58235K->58235K(1101824K)
[13.206s][info ][gc             ] GC(21) Pause Young (Allocation Failure) 1932M->216M(2100M) 30.837ms
[13.206s][info ][gc,cpu         ] GC(21) User=0.12s Sys=0.00s Real=0.03s
[13.206s][info ][safepoint      ] Leaving safepoint region
[13.206s][info ][safepoint      ] Total time for which application threads were stopped: 0.0314705 seconds, Stopping threads took: 0.0004307 seconds
[13.252s][info ][safepoint      ] Application time: 0.0460069 seconds
[13.252s][info ][safepoint      ] Entering safepoint region: Deoptimize
[13.254s][info ][safepoint      ] Leaving safepoint region
[13.254s][info ][safepoint      ] Total time for which application threads were stopped: 0.0014914 seconds, Stopping threads took: 0.0002327 seconds
[13.270s][info ][safepoint      ] Application time: 0.0161066 seconds
[13.270s][info ][safepoint      ] Entering safepoint region: RevokeBias
[13.270s][info ][safepoint      ] Leaving safepoint region
[13.270s][info ][safepoint      ] Total time for which application threads were stopped: 0.0002537 seconds, Stopping threads took: 0.0000880 seconds
[13.588s][info ][safepoint      ] Application time: 0.3183126 seconds
[13.591s][info ][safepoint      ] Entering safepoint region: ICBufferFull
[13.591s][info ][safepoint      ] Leaving safepoint region
[13.591s][info ][safepoint      ] Total time for which application threads were stopped: 0.0023343 seconds, Stopping threads took: 0.0020997 seconds
[13.813s][info ][safepoint      ] Application time: 0.2222261 seconds
[13.816s][info ][safepoint      ] Entering safepoint region: ParallelGCFailedAllocation
[13.816s][info ][gc,start       ] GC(22) Pause Young (Allocation Failure)
[13.843s][debug][gc,phases      ] GC(22) Scavenge 26.987ms
[13.843s][debug][gc,ref         ] GC(22) Skipped phase1 of Reference Processing due to unavailable references
[13.843s][debug][gc,ref         ] GC(22) Skipped phase3 of Reference Processing due to unavailable references
[13.843s][debug][gc,phases      ] GC(22) Reference Processing 0.139ms
[13.843s][debug][gc,phases      ] GC(22) Weak Processing 0.187ms
[13.844s][debug][gc,phases      ] GC(22) Scrub String Table 0.479ms
[13.844s][debug][gc,age         ] GC(22) Desired survivor size 155713536 bytes, new threshold 15 (max threshold 15)
[13.844s][info ][gc,heap        ] GC(22) PSYoungGen: 1876704K->79265K(1944064K)
[13.844s][info ][gc,heap        ] GC(22) ParOldGen: 136123K->136131K(209408K)
[13.844s][info ][gc,metaspace   ] GC(22) Metaspace: 59108K->59108K(1103872K)
[13.844s][info ][gc             ] GC(22) Pause Young (Allocation Failure) 1965M->210M(2103M) 27.935ms
[13.844s][info ][gc,cpu         ] GC(22) User=0.09s Sys=0.02s Real=0.03s
[13.844s][info ][safepoint      ] Leaving safepoint region
[13.844s][info ][safepoint      ] Total time for which application threads were stopped: 0.0309755 seconds, Stopping threads took: 0.0027733 seconds
[14.138s][info ][safepoint      ] Application time: 0.2940223 seconds
[14.140s][info ][safepoint      ] Entering safepoint region: RevokeBias
[14.141s][info ][safepoint      ] Leaving safepoint region
[14.141s][info ][safepoint      ] Total time for which application threads were stopped: 0.0025732 seconds, Stopping threads took: 0.0023334 seconds
[14.147s][info ][safepoint      ] Application time: 0.0065751 seconds
[14.150s][info ][safepoint      ] Entering safepoint region: RevokeBias
[14.150s][info ][safepoint      ] Leaving safepoint region
[14.150s][info ][safepoint      ] Total time for which application threads were stopped: 0.0026604 seconds, Stopping threads took: 0.0024959 seconds
[14.307s][info ][safepoint      ] Application time: 0.1572195 seconds
[14.313s][info ][safepoint      ] Entering safepoint region: Deoptimize
[14.314s][info ][safepoint      ] Leaving safepoint region
[14.314s][info ][safepoint      ] Total time for which application threads were stopped: 0.0072016 seconds, Stopping threads took: 0.0058039 seconds
[14.318s][info ][safepoint      ] Application time: 0.0040810 seconds
[14.319s][info ][safepoint      ] Entering safepoint region: Deoptimize
[14.320s][info ][safepoint      ] Leaving safepoint region
[14.320s][info ][safepoint      ] Total time for which application threads were stopped: 0.0013641 seconds, Stopping threads took: 0.0001188 seconds
[14.342s][info ][safepoint      ] Application time: 0.0217001 seconds
[14.344s][info ][safepoint      ] Entering safepoint region: ParallelGCFailedAllocation
[14.344s][info ][gc,start       ] GC(23) Pause Young (Allocation Failure)
[14.367s][debug][gc,phases      ] GC(23) Scavenge 22.879ms
[14.367s][debug][gc,ref         ] GC(23) Skipped phase1 of Reference Processing due to unavailable references
[14.367s][debug][gc,ref         ] GC(23) Skipped phase3 of Reference Processing due to unavailable references
[14.367s][debug][gc,phases      ] GC(23) Reference Processing 0.165ms
[14.368s][debug][gc,phases      ] GC(23) Weak Processing 0.253ms
[14.368s][debug][gc,phases      ] GC(23) Scrub String Table 0.526ms
[14.368s][debug][gc,age         ] GC(23) Desired survivor size 146800640 bytes, new threshold 15 (max threshold 15)
[14.368s][info ][gc,heap        ] GC(23) PSYoungGen: 1870241K->59709K(1953792K)
[14.368s][info ][gc,heap        ] GC(23) ParOldGen: 136131K->138563K(209408K)
[14.368s][info ][gc,metaspace   ] GC(23) Metaspace: 60044K->60044K(1103872K)
[14.368s][info ][gc             ] GC(23) Pause Young (Allocation Failure) 1959M->193M(2112M) 23.986ms
[14.368s][info ][gc,cpu         ] GC(23) User=0.09s Sys=0.00s Real=0.02s
[14.368s][info ][safepoint      ] Leaving safepoint region
[14.368s][info ][safepoint      ] Total time for which application threads were stopped: 0.0266599 seconds, Stopping threads took: 0.0024389 seconds
[14.372s][info ][safepoint      ] Application time: 0.0041759 seconds
[14.373s][info ][safepoint      ] Entering safepoint region: RevokeBias
[14.373s][info ][safepoint      ] Leaving safepoint region
[14.373s][info ][safepoint      ] Total time for which application threads were stopped: 0.0003023 seconds, Stopping threads took: 0.0001248 seconds
[14.373s][info ][safepoint      ] Application time: 0.0000419 seconds
[14.373s][info ][safepoint      ] Entering safepoint region: RevokeBias
[14.373s][info ][safepoint      ] Leaving safepoint region
[14.373s][info ][safepoint      ] Total time for which application threads were stopped: 0.0001205 seconds, Stopping threads took: 0.0000274 seconds
[14.423s][info ][safepoint      ] Application time: 0.0504075 seconds
[14.424s][info ][safepoint      ] Entering safepoint region: RevokeBias
[14.425s][info ][safepoint      ] Leaving safepoint region
[14.425s][info ][safepoint      ] Total time for which application threads were stopped: 0.0012700 seconds, Stopping threads took: 0.0010246 seconds
[14.425s][info ][safepoint      ] Application time: 0.0000523 seconds
[14.427s][info ][safepoint      ] Entering safepoint region: RevokeBias
[14.427s][info ][safepoint      ] Leaving safepoint region
[14.427s][info ][safepoint      ] Total time for which application threads were stopped: 0.0025549 seconds, Stopping threads took: 0.0024352 seconds
[14.758s][info ][safepoint      ] Application time: 0.3310219 seconds
[14.758s][info ][safepoint      ] Entering safepoint region: ICBufferFull
[14.759s][info ][safepoint      ] Leaving safepoint region
[14.759s][info ][safepoint      ] Total time for which application threads were stopped: 0.0003749 seconds, Stopping threads took: 0.0001607 seconds
[14.834s][info ][safepoint      ] Application time: 0.0756129 seconds
[14.834s][info ][safepoint      ] Entering safepoint region: ParallelGCFailedAllocation
[14.835s][info ][gc,start       ] GC(24) Pause Young (Allocation Failure)
[14.857s][debug][gc,phases      ] GC(24) Scavenge 21.875ms
[14.857s][debug][gc,ref         ] GC(24) Skipped phase1 of Reference Processing due to unavailable references
[14.857s][debug][gc,ref         ] GC(24) Skipped phase3 of Reference Processing due to unavailable references
[14.857s][debug][gc,phases      ] GC(24) Reference Processing 0.172ms
[14.857s][debug][gc,phases      ] GC(24) Weak Processing 0.176ms
[14.857s][debug][gc,phases      ] GC(24) Scrub String Table 0.502ms
[14.857s][debug][gc,age         ] GC(24) Desired survivor size 142606336 bytes, new threshold 15 (max threshold 15)
[14.857s][info ][gc,heap        ] GC(24) PSYoungGen: 1861437K->69353K(1945088K)
[14.857s][info ][gc,heap        ] GC(24) ParOldGen: 138563K->139708K(209408K)
[14.857s][info ][gc,metaspace   ] GC(24) Metaspace: 60275K->60275K(1103872K)
[14.858s][info ][gc             ] GC(24) Pause Young (Allocation Failure) 1953M->204M(2104M) 22.850ms
[14.858s][info ][gc,cpu         ] GC(24) User=0.09s Sys=0.00s Real=0.02s
[14.858s][info ][safepoint      ] Leaving safepoint region
[14.858s][info ][safepoint      ] Total time for which application threads were stopped: 0.0232196 seconds, Stopping threads took: 0.0001453 seconds
[15.345s][info ][safepoint      ] Application time: 0.4873268 seconds
[15.349s][info ][safepoint      ] Entering safepoint region: ParallelGCFailedAllocation
[15.349s][info ][gc,start       ] GC(25) Pause Young (Allocation Failure)
[15.377s][debug][gc,phases      ] GC(25) Scavenge 27.177ms
[15.377s][debug][gc,ref         ] GC(25) Skipped phase1 of Reference Processing due to unavailable references
[15.377s][debug][gc,ref         ] GC(25) Skipped phase3 of Reference Processing due to unavailable references
[15.377s][debug][gc,phases      ] GC(25) Reference Processing 0.172ms
[15.377s][debug][gc,phases      ] GC(25) Weak Processing 0.193ms
[15.378s][debug][gc,phases      ] GC(25) Scrub String Table 0.500ms
[15.378s][debug][gc,age         ] GC(25) Desired survivor size 142606336 bytes, new threshold 15 (max threshold 15)
[15.378s][info ][gc,heap        ] GC(25) PSYoungGen: 1871081K->80377K(1957888K)
[15.378s][info ][gc,heap        ] GC(25) ParOldGen: 139708K->140388K(209408K)
[15.378s][info ][gc,metaspace   ] GC(25) Metaspace: 60589K->60589K(1103872K)
[15.378s][info ][gc             ] GC(25) Pause Young (Allocation Failure) 1963M->215M(2116M) 28.179ms
[15.378s][info ][gc,cpu         ] GC(25) User=0.12s Sys=0.00s Real=0.03s
[15.378s][info ][safepoint      ] Leaving safepoint region
[15.378s][info ][safepoint      ] Total time for which application threads were stopped: 0.0327603 seconds, Stopping threads took: 0.0042415 seconds
[15.745s][info ][safepoint      ] Application time: 0.3677127 seconds
[15.749s][info ][safepoint      ] Entering safepoint region: RevokeBias
[15.749s][info ][safepoint      ] Leaving safepoint region
[15.749s][info ][safepoint      ] Total time for which application threads were stopped: 0.0034571 seconds, Stopping threads took: 0.0031833 seconds
[15.853s][info ][safepoint      ] Application time: 0.1038657 seconds
[15.855s][info ][safepoint      ] Entering safepoint region: Deoptimize
[15.857s][info ][safepoint      ] Leaving safepoint region
[15.857s][info ][safepoint      ] Total time for which application threads were stopped: 0.0037279 seconds, Stopping threads took: 0.0020687 seconds
[15.866s][info ][safepoint      ] Application time: 0.0094078 seconds
[15.867s][info ][safepoint      ] Entering safepoint region: ICBufferFull
[15.867s][info ][safepoint      ] Leaving safepoint region
[15.867s][info ][safepoint      ] Total time for which application threads were stopped: 0.0009525 seconds, Stopping threads took: 0.0006487 seconds
[15.871s][info ][safepoint      ] Application time: 0.0042472 seconds
[15.871s][info ][safepoint      ] Entering safepoint region: ICBufferFull
[15.872s][info ][safepoint      ] Leaving safepoint region
[15.872s][info ][safepoint      ] Total time for which application threads were stopped: 0.0003693 seconds, Stopping threads took: 0.0001326 seconds
[15.888s][info ][safepoint      ] Application time: 0.0164422 seconds
[15.888s][info ][safepoint      ] Entering safepoint region: ParallelGCFailedAllocation
[15.888s][info ][gc,start       ] GC(26) Pause Young (Allocation Failure)
[15.919s][debug][gc,phases      ] GC(26) Scavenge 30.970ms
[15.919s][debug][gc,ref         ] GC(26) Skipped phase1 of Reference Processing due to unavailable references
[15.920s][debug][gc,ref         ] GC(26) Skipped phase3 of Reference Processing due to unavailable references
[15.920s][debug][gc,phases      ] GC(26) Reference Processing 0.166ms
[15.920s][debug][gc,phases      ] GC(26) Weak Processing 0.189ms
[15.920s][debug][gc,phases      ] GC(26) Scrub String Table 0.529ms
[15.920s][debug][gc,age         ] GC(26) Desired survivor size 144179200 bytes, new threshold 15 (max threshold 15)
[15.920s][info ][gc,heap        ] GC(26) PSYoungGen: 1899001K->86345K(1905152K)
[15.920s][info ][gc,heap        ] GC(26) ParOldGen: 140388K->142060K(209408K)
[15.920s][info ][gc,metaspace   ] GC(26) Metaspace: 61374K->61374K(1105920K)
[15.920s][info ][gc             ] GC(26) Pause Young (Allocation Failure) 1991M->223M(2065M) 31.982ms
[15.920s][info ][gc,cpu         ] GC(26) User=0.07s Sys=0.05s Real=0.04s
[15.920s][info ][safepoint      ] Leaving safepoint region
[15.920s][info ][safepoint      ] Total time for which application threads were stopped: 0.0322901 seconds, Stopping threads took: 0.0001237 seconds
[16.070s][info ][safepoint      ] Application time: 0.1499913 seconds
[16.073s][info ][safepoint      ] Entering safepoint region: RevokeBias
[16.073s][info ][safepoint      ] Leaving safepoint region
[16.073s][info ][safepoint      ] Total time for which application threads were stopped: 0.0023602 seconds, Stopping threads took: 0.0021547 seconds
[16.304s][info ][safepoint      ] Application time: 0.2310354 seconds
[16.306s][info ][safepoint      ] Entering safepoint region: ICBufferFull
[16.307s][info ][safepoint      ] Leaving safepoint region
[16.307s][info ][safepoint      ] Total time for which application threads were stopped: 0.0027852 seconds, Stopping threads took: 0.0025118 seconds
[16.436s][info ][safepoint      ] Application time: 0.1296511 seconds
[16.438s][info ][safepoint      ] Entering safepoint region: ParallelGCFailedAllocation
[16.439s][info ][gc,start       ] GC(27) Pause Young (Allocation Failure)
[16.463s][debug][gc,phases      ] GC(27) Scavenge 24.447ms
[16.463s][debug][gc,ref         ] GC(27) Skipped phase1 of Reference Processing due to unavailable references
[16.463s][debug][gc,ref         ] GC(27) Skipped phase3 of Reference Processing due to unavailable references
[16.463s][debug][gc,phases      ] GC(27) Reference Processing 0.187ms
[16.464s][debug][gc,phases      ] GC(27) Weak Processing 0.199ms
[16.464s][debug][gc,phases      ] GC(27) Scrub String Table 0.478ms
[16.464s][debug][gc,age         ] GC(27) Desired survivor size 139984896 bytes, new threshold 15 (max threshold 15)
[16.464s][info ][gc,heap        ] GC(27) PSYoungGen: 1904969K->72217K(1960448K)
[16.464s][info ][gc,heap        ] GC(27) ParOldGen: 142060K->144444K(209408K)
[16.464s][info ][gc,metaspace   ] GC(27) Metaspace: 61903K->61903K(1105920K)
[16.464s][info ][gc             ] GC(27) Pause Young (Allocation Failure) 1999M->211M(2119M) 25.490ms
[16.464s][info ][gc,cpu         ] GC(27) User=0.10s Sys=0.00s Real=0.03s
[16.464s][info ][safepoint      ] Leaving safepoint region
[16.464s][info ][safepoint      ] Total time for which application threads were stopped: 0.0279021 seconds, Stopping threads took: 0.0021841 seconds
[16.952s][info ][safepoint      ] Application time: 0.4875145 seconds
[16.954s][info ][safepoint      ] Entering safepoint region: ICBufferFull
[16.955s][info ][safepoint      ] Leaving safepoint region
[16.955s][info ][safepoint      ] Total time for which application threads were stopped: 0.0028815 seconds, Stopping threads took: 0.0025752 seconds
[16.981s][info ][safepoint      ] Application time: 0.0267796 seconds
[16.984s][info ][safepoint      ] Entering safepoint region: ParallelGCFailedAllocation
[16.984s][info ][gc,start       ] GC(28) Pause Young (Allocation Failure)
[17.007s][debug][gc,phases      ] GC(28) Scavenge 23.237ms
[17.007s][debug][gc,ref         ] GC(28) Skipped phase1 of Reference Processing due to unavailable references
[17.008s][debug][gc,ref         ] GC(28) Skipped phase3 of Reference Processing due to unavailable references
[17.008s][debug][gc,phases      ] GC(28) Reference Processing 0.155ms
[17.008s][debug][gc,phases      ] GC(28) Weak Processing 0.178ms
[17.008s][debug][gc,phases      ] GC(28) Scrub String Table 0.564ms
[17.008s][debug][gc,age         ] GC(28) Desired survivor size 135790592 bytes, new threshold 15 (max threshold 15)
[17.008s][info ][gc,heap        ] GC(28) PSYoungGen: 1891865K->73401K(1956352K)
[17.008s][info ][gc,heap        ] GC(28) ParOldGen: 144444K->145332K(209408K)
[17.008s][info ][gc,metaspace   ] GC(28) Metaspace: 62114K->62114K(1105920K)
[17.008s][info ][gc             ] GC(28) Pause Young (Allocation Failure) 1988M->213M(2115M) 24.283ms
[17.008s][info ][gc,cpu         ] GC(28) User=0.09s Sys=0.01s Real=0.02s
[17.008s][info ][safepoint      ] Leaving safepoint region
[17.008s][info ][safepoint      ] Total time for which application threads were stopped: 0.0270007 seconds, Stopping threads took: 0.0025085 seconds
[17.470s][info ][safepoint      ] Application time: 0.4613026 seconds
[17.472s][info ][safepoint      ] Entering safepoint region: ParallelGCFailedAllocation
[17.472s][info ][gc,start       ] GC(29) Pause Young (Allocation Failure)
[17.494s][debug][gc,phases      ] GC(29) Scavenge 22.306ms
[17.494s][debug][gc,ref         ] GC(29) Skipped phase1 of Reference Processing due to unavailable references
[17.495s][debug][gc,ref         ] GC(29) Skipped phase3 of Reference Processing due to unavailable references
[17.495s][debug][gc,phases      ] GC(29) Reference Processing 0.157ms
[17.495s][debug][gc,phases      ] GC(29) Weak Processing 0.178ms
[17.495s][debug][gc,phases      ] GC(29) Scrub String Table 0.472ms
[17.495s][debug][gc,age         ] GC(29) Desired survivor size 130547712 bytes, new threshold 15 (max threshold 15)
[17.495s][info ][gc,heap        ] GC(29) PSYoungGen: 1893049K->70105K(1969664K)
[17.495s][info ][gc,heap        ] GC(29) ParOldGen: 145332K->149028K(209408K)
[17.495s][info ][gc,metaspace   ] GC(29) Metaspace: 62195K->62195K(1105920K)
[17.495s][info ][gc             ] GC(29) Pause Young (Allocation Failure) 1990M->213M(2128M) 23.246ms
[17.495s][info ][gc,cpu         ] GC(29) User=0.11s Sys=0.00s Real=0.03s
[17.495s][info ][safepoint      ] Leaving safepoint region
[17.495s][info ][safepoint      ] Total time for which application threads were stopped: 0.0255236 seconds, Stopping threads took: 0.0020578 seconds
[17.966s][info ][safepoint      ] Application time: 0.4710893 seconds
[17.967s][info ][safepoint      ] Entering safepoint region: ICBufferFull
[17.967s][info ][safepoint      ] Leaving safepoint region
[17.967s][info ][safepoint      ] Total time for which application threads were stopped: 0.0005002 seconds, Stopping threads took: 0.0001706 seconds
[18.006s][info ][safepoint      ] Application time: 0.0391456 seconds
[18.009s][info ][safepoint      ] Entering safepoint region: ParallelGCFailedAllocation
[18.009s][info ][gc,start       ] GC(30) Pause Young (Allocation Failure)
[18.029s][debug][gc,phases      ] GC(30) Scavenge 19.678ms
[18.029s][debug][gc,ref         ] GC(30) Skipped phase1 of Reference Processing due to unavailable references
[18.029s][debug][gc,ref         ] GC(30) Skipped phase3 of Reference Processing due to unavailable references
[18.029s][debug][gc,phases      ] GC(30) Reference Processing 0.130ms
[18.029s][debug][gc,phases      ] GC(30) Weak Processing 0.203ms
[18.030s][debug][gc,phases      ] GC(30) Scrub String Table 0.511ms
[18.030s][debug][gc,age         ] GC(30) Desired survivor size 124780544 bytes, new threshold 15 (max threshold 15)
[18.030s][info ][gc,heap        ] GC(30) PSYoungGen: 1907161K->66665K(1964544K)
[18.030s][info ][gc,heap        ] GC(30) ParOldGen: 149028K->152860K(209408K)
[18.030s][info ][gc,metaspace   ] GC(30) Metaspace: 62216K->62216K(1105920K)
[18.030s][info ][gc             ] GC(30) Pause Young (Allocation Failure) 2007M->214M(2123M) 20.661ms
[18.030s][info ][gc,cpu         ] GC(30) User=0.08s Sys=0.00s Real=0.02s
[18.030s][info ][safepoint      ] Leaving safepoint region
[18.030s][info ][safepoint      ] Total time for which application threads were stopped: 0.0235513 seconds, Stopping threads took: 0.0026680 seconds
[18.369s][info ][safepoint      ] Application time: 0.3390307 seconds
[18.371s][info ][safepoint      ] Entering safepoint region: ICBufferFull
[18.371s][info ][safepoint      ] Leaving safepoint region
[18.371s][info ][safepoint      ] Total time for which application threads were stopped: 0.0023826 seconds, Stopping threads took: 0.0021649 seconds
[18.563s][info ][safepoint      ] Application time: 0.1922602 seconds
[18.564s][info ][safepoint      ] Entering safepoint region: ParallelGCFailedAllocation
[18.564s][info ][gc,start       ] GC(31) Pause Young (Allocation Failure)
[18.582s][debug][gc,phases      ] GC(31) Scavenge 18.446ms
[18.582s][debug][gc,ref         ] GC(31) Skipped phase1 of Reference Processing due to unavailable references
[18.582s][debug][gc,ref         ] GC(31) Skipped phase3 of Reference Processing due to unavailable references
[18.582s][debug][gc,phases      ] GC(31) Reference Processing 0.112ms
[18.583s][debug][gc,phases      ] GC(31) Weak Processing 0.181ms
[18.583s][debug][gc,phases      ] GC(31) Scrub String Table 0.464ms
[18.583s][debug][gc,age         ] GC(31) Desired survivor size 119537664 bytes, new threshold 15 (max threshold 15)
[18.583s][info ][gc,heap        ] GC(31) PSYoungGen: 1903721K->66969K(1980416K)
[18.583s][info ][gc,heap        ] GC(31) ParOldGen: 152860K->153400K(209408K)
[18.583s][info ][gc,metaspace   ] GC(31) Metaspace: 62298K->62298K(1105920K)
[18.583s][info ][gc             ] GC(31) Pause Young (Allocation Failure) 2008M->215M(2138M) 19.332ms
[18.583s][info ][gc,cpu         ] GC(31) User=0.09s Sys=0.00s Real=0.02s
[18.583s][info ][safepoint      ] Leaving safepoint region
[18.583s][info ][safepoint      ] Total time for which application threads were stopped: 0.0196664 seconds, Stopping threads took: 0.0000937 seconds
[19.098s][info ][safepoint      ] Application time: 0.5148779 seconds
[19.098s][info ][safepoint      ] Entering safepoint region: ParallelGCFailedAllocation
[19.098s][info ][gc,start       ] GC(32) Pause Young (Allocation Failure)
[19.119s][debug][gc,phases      ] GC(32) Scavenge 20.824ms
[19.119s][debug][gc,ref         ] GC(32) Skipped phase1 of Reference Processing due to unavailable references
[19.119s][debug][gc,ref         ] GC(32) Skipped phase3 of Reference Processing due to unavailable references
[19.119s][debug][gc,phases      ] GC(32) Reference Processing 0.089ms
[19.119s][debug][gc,phases      ] GC(32) Weak Processing 0.187ms
[19.120s][debug][gc,phases      ] GC(32) Scrub String Table 0.462ms
[19.120s][debug][gc,age         ] GC(32) Desired survivor size 114819072 bytes, new threshold 15 (max threshold 15)
[19.120s][info ][gc,heap        ] GC(32) PSYoungGen: 1925529K->64760K(1975296K)
[19.120s][info ][gc,heap        ] GC(32) ParOldGen: 153400K->157580K(209408K)
[19.120s][info ][gc,metaspace   ] GC(32) Metaspace: 62334K->62334K(1105920K)
[19.120s][info ][gc             ] GC(32) Pause Young (Allocation Failure) 2030M->217M(2133M) 21.730ms
[19.120s][info ][gc,cpu         ] GC(32) User=0.09s Sys=0.01s Real=0.02s
[19.120s][info ][safepoint      ] Leaving safepoint region
[19.120s][info ][safepoint      ] Total time for which application threads were stopped: 0.0220124 seconds, Stopping threads took: 0.0000804 seconds
[19.576s][info ][safepoint      ] Application time: 0.4558158 seconds
[19.576s][info ][safepoint      ] Entering safepoint region: ICBufferFull
[19.576s][info ][safepoint      ] Leaving safepoint region
[19.576s][info ][safepoint      ] Total time for which application threads were stopped: 0.0004255 seconds, Stopping threads took: 0.0001864 seconds
[19.693s][info ][safepoint      ] Application time: 0.1164523 seconds
[19.695s][info ][safepoint      ] Entering safepoint region: ParallelGCFailedAllocation
[19.695s][info ][gc,start       ] GC(33) Pause Young (Allocation Failure)
[19.722s][debug][gc,phases      ] GC(33) Scavenge 27.262ms
[19.722s][debug][gc,ref         ] GC(33) Skipped phase1 of Reference Processing due to unavailable references
[19.723s][debug][gc,ref         ] GC(33) Skipped phase3 of Reference Processing due to unavailable references
[19.723s][debug][gc,phases      ] GC(33) Reference Processing 0.080ms
[19.723s][debug][gc,phases      ] GC(33) Weak Processing 0.158ms
[19.723s][debug][gc,phases      ] GC(33) Scrub String Table 0.426ms
[19.723s][debug][gc,age         ] GC(33) Desired survivor size 110624768 bytes, new threshold 15 (max threshold 15)
[19.723s][info ][gc,heap        ] GC(33) PSYoungGen: 1923320K->67720K(1989120K)
[19.723s][info ][gc,heap        ] GC(33) ParOldGen: 157580K->160889K(209408K)
[19.723s][info ][gc,metaspace   ] GC(33) Metaspace: 62429K->62429K(1105920K)
[19.723s][info ][gc             ] GC(33) Pause Young (Allocation Failure) 2032M->223M(2147M) 28.068ms
[19.723s][info ][gc,cpu         ] GC(33) User=0.14s Sys=0.00s Real=0.03s
[19.723s][info ][safepoint      ] Leaving safepoint region
[19.723s][info ][safepoint      ] Total time for which application threads were stopped: 0.0303514 seconds, Stopping threads took: 0.0020616 seconds
[20.002s][info ][safepoint      ] Application time: 0.2792223 seconds
[20.005s][info ][safepoint      ] Entering safepoint region: ICBufferFull
[20.005s][info ][safepoint      ] Leaving safepoint region
[20.005s][info ][safepoint      ] Total time for which application threads were stopped: 0.0023429 seconds, Stopping threads took: 0.0021082 seconds
[20.265s][info ][safepoint      ] Application time: 0.2604910 seconds
[20.266s][info ][safepoint      ] Entering safepoint region: ICBufferFull
[20.266s][info ][safepoint      ] Leaving safepoint region
[20.266s][info ][safepoint      ] Total time for which application threads were stopped: 0.0004814 seconds, Stopping threads took: 0.0001878 seconds
[20.303s][info ][safepoint      ] Application time: 0.0374979 seconds
[20.306s][info ][safepoint      ] Entering safepoint region: ParallelGCFailedAllocation
[20.306s][info ][gc,start       ] GC(34) Pause Young (Allocation Failure)
[20.332s][debug][gc,phases      ] GC(34) Scavenge 25.636ms
[20.332s][debug][gc,ref         ] GC(34) Skipped phase1 of Reference Processing due to unavailable references
[20.332s][debug][gc,ref         ] GC(34) Skipped phase3 of Reference Processing due to unavailable references
[20.332s][debug][gc,phases      ] GC(34) Reference Processing 0.089ms
[20.332s][debug][gc,phases      ] GC(34) Weak Processing 0.192ms
[20.333s][debug][gc,phases      ] GC(34) Scrub String Table 0.460ms
[20.333s][debug][gc,age         ] GC(34) Desired survivor size 106430464 bytes, new threshold 15 (max threshold 15)
[20.333s][info ][gc,heap        ] GC(34) PSYoungGen: 1944712K->65048K(1985024K)
[20.333s][info ][gc,heap        ] GC(34) ParOldGen: 160889K->167834K(209408K)
[20.333s][info ][gc,metaspace   ] GC(34) Metaspace: 62502K->62502K(1105920K)
[20.333s][info ][gc             ] GC(34) Pause Young (Allocation Failure) 2056M->227M(2143M) 26.537ms
[20.333s][info ][gc,cpu         ] GC(34) User=0.11s Sys=0.00s Real=0.03s
[20.333s][info ][safepoint      ] Leaving safepoint region
[20.333s][info ][safepoint      ] Total time for which application threads were stopped: 0.0294151 seconds, Stopping threads took: 0.0026341 seconds
[20.373s][info ][safepoint      ] Application time: 0.0398427 seconds
[20.375s][info ][safepoint      ] Entering safepoint region: RevokeBias
[20.375s][info ][safepoint      ] Leaving safepoint region
[20.375s][info ][safepoint      ] Total time for which application threads were stopped: 0.0027645 seconds, Stopping threads took: 0.0025606 seconds
[20.930s][info ][safepoint      ] Application time: 0.5550218 seconds
[20.933s][info ][safepoint      ] Entering safepoint region: ParallelGCFailedAllocation
[20.933s][info ][gc,start       ] GC(35) Pause Young (Allocation Failure)
[20.957s][debug][gc,phases      ] GC(35) Scavenge 24.288ms
[20.957s][debug][gc,ref         ] GC(35) Skipped phase1 of Reference Processing due to unavailable references
[20.957s][debug][gc,ref         ] GC(35) Skipped phase3 of Reference Processing due to unavailable references
[20.957s][debug][gc,phases      ] GC(35) Reference Processing 0.082ms
[20.957s][debug][gc,phases      ] GC(35) Weak Processing 0.159ms
[20.958s][debug][gc,phases      ] GC(35) Scrub String Table 0.425ms
[20.958s][debug][gc,age         ] GC(35) Desired survivor size 103809024 bytes, new threshold 15 (max threshold 15)
[20.958s][info ][gc,heap        ] GC(35) PSYoungGen: 1942040K->58200K(1995776K)
[20.958s][info ][gc,heap        ] GC(35) ParOldGen: 167834K->175960K(209408K)
[20.958s][info ][gc,metaspace   ] GC(35) Metaspace: 62549K->62549K(1105920K)
[20.958s][info ][gc             ] GC(35) Pause Young (Allocation Failure) 2060M->228M(2153M) 25.080ms
[20.958s][info ][gc,cpu         ] GC(35) User=0.09s Sys=0.01s Real=0.02s
[20.958s][info ][safepoint      ] Leaving safepoint region
[20.958s][info ][safepoint      ] Total time for which application threads were stopped: 0.0274915 seconds, Stopping threads took: 0.0021374 seconds
[21.516s][info ][safepoint      ] Application time: 0.5580944 seconds
[21.516s][info ][safepoint      ] Entering safepoint region: ParallelGCFailedAllocation
[21.516s][info ][gc,start       ] GC(36) Pause Young (Allocation Failure)
[21.540s][debug][gc,phases      ] GC(36) Scavenge 23.369ms
[21.540s][debug][gc,ref         ] GC(36) Skipped phase1 of Reference Processing due to unavailable references
[21.540s][debug][gc,ref         ] GC(36) Skipped phase3 of Reference Processing due to unavailable references
[21.540s][debug][gc,phases      ] GC(36) Reference Processing 0.088ms
[21.540s][debug][gc,phases      ] GC(36) Weak Processing 0.166ms
[21.541s][debug][gc,phases      ] GC(36) Scrub String Table 0.436ms
[21.541s][debug][gc,age         ] GC(36) Desired survivor size 102760448 bytes, new threshold 15 (max threshold 15)
[21.541s][info ][gc,heap        ] GC(36) PSYoungGen: 1950040K->51400K(1993216K)
[21.541s][info ][gc,heap        ] GC(36) ParOldGen: 175960K->184190K(209408K)
[21.541s][info ][gc,metaspace   ] GC(36) Metaspace: 62562K->62562K(1105920K)
[21.541s][info ][gc             ] GC(36) Pause Young (Allocation Failure) 2076M->230M(2151M) 24.191ms
[21.541s][info ][gc,cpu         ] GC(36) User=0.10s Sys=0.00s Real=0.03s
[21.541s][info ][safepoint      ] Leaving safepoint region
[21.541s][info ][safepoint      ] Total time for which application threads were stopped: 0.0244892 seconds, Stopping threads took: 0.0000975 seconds
[22.147s][info ][safepoint      ] Application time: 0.6064215 seconds
[22.149s][info ][safepoint      ] Entering safepoint region: ParallelGCFailedAllocation
[22.149s][info ][gc,start       ] GC(37) Pause Young (Allocation Failure)
[22.174s][debug][gc,phases      ] GC(37) Scavenge 24.724ms
[22.174s][debug][gc,ref         ] GC(37) Skipped phase1 of Reference Processing due to unavailable references
[22.174s][debug][gc,ref         ] GC(37) Skipped phase3 of Reference Processing due to unavailable references
[22.174s][debug][gc,phases      ] GC(37) Reference Processing 0.073ms
[22.174s][debug][gc,phases      ] GC(37) Weak Processing 0.162ms
[22.175s][debug][gc,phases      ] GC(37) Scrub String Table 0.401ms
[22.175s][debug][gc,age         ] GC(37) Desired survivor size 103284736 bytes, new threshold 15 (max threshold 15)
[22.175s][info ][gc,heap        ] GC(37) PSYoungGen: 1943240K->39976K(1995776K)
[22.175s][info ][gc,heap        ] GC(37) ParOldGen: 184190K->196824K(209408K)
[22.175s][info ][gc,metaspace   ] GC(37) Metaspace: 62576K->62576K(1105920K)
[22.175s][info ][gc             ] GC(37) Pause Young (Allocation Failure) 2077M->231M(2153M) 25.508ms
[22.175s][info ][gc,cpu         ] GC(37) User=0.07s Sys=0.03s Real=0.03s
[22.175s][debug][gc,phases      ] GC(38) Pre Compact 0.010ms
[22.175s][info ][gc,start       ] GC(38) Pause Full (Ergonomics)
[22.175s][info ][gc,phases,start] GC(38) Marking Phase
[22.262s][debug][gc,phases      ] GC(38) Par Mark 86.086ms
[22.262s][debug][gc,ref         ] GC(38) Skipped phase1 of Reference Processing due to unavailable references
[22.262s][debug][gc,ref         ] GC(38) Skipped phase3 of Reference Processing due to unavailable references
[22.262s][debug][gc,phases      ] GC(38) Reference Processing 0.142ms
[22.262s][debug][gc,phases      ] GC(38) Weak Processing 0.160ms
[22.263s][debug][gc,phases      ] GC(38) ClassLoaderData 0.724ms
[22.263s][debug][gc,phases      ] GC(38) ProtectionDomainCacheTable 0.002ms
[22.263s][debug][gc,phases      ] GC(38) ResolvedMethodTable 0.170ms
[22.268s][debug][gc,phases      ] GC(38) Class Unloading 6.531ms
[22.269s][debug][gc,phases      ] GC(38) Scrub String Table 0.442ms
[22.274s][debug][gc,phases      ] GC(38) Scrub Symbol Table 4.687ms
[22.274s][info ][gc,phases      ] GC(38) Marking Phase 98.681ms
[22.274s][info ][gc,phases,start] GC(38) Summary Phase
[22.274s][info ][gc,phases      ] GC(38) Summary Phase 0.008ms
[22.274s][info ][gc,phases,start] GC(38) Adjust Roots
[22.302s][info ][gc,phases      ] GC(38) Adjust Roots 28.050ms
[22.302s][info ][gc,phases,start] GC(38) Compaction Phase
[22.814s][info ][gc,phases      ] GC(38) Compaction Phase 511.944ms
[22.814s][info ][gc,phases,start] GC(38) Post Compact
[22.815s][info ][gc,phases      ] GC(38) Post Compact 0.919ms
[22.815s][info ][gc,heap        ] GC(38) PSYoungGen: 39976K->22180K(1995776K)
[22.815s][info ][gc,heap        ] GC(38) ParOldGen: 196824K->209355K(256512K)
[22.815s][info ][gc,metaspace   ] GC(38) Metaspace: 62576K->62576K(1105920K)
[22.815s][info ][gc             ] GC(38) Pause Full (Ergonomics) 231M->226M(2199M) 639.850ms
[22.815s][info ][gc,cpu         ] GC(38) User=2.41s Sys=0.00s Real=0.64s
[22.815s][info ][safepoint      ] Leaving safepoint region
[22.815s][info ][safepoint      ] Total time for which application threads were stopped: 0.6677120 seconds, Stopping threads took: 0.0020572 seconds
[23.458s][info ][safepoint      ] Application time: 0.6429311 seconds
[23.460s][info ][safepoint      ] Entering safepoint region: ParallelGCFailedAllocation
[23.460s][info ][gc,start       ] GC(39) Pause Young (Allocation Failure)
[23.490s][debug][gc,phases      ] GC(39) Scavenge 30.127ms
[23.490s][debug][gc,ref         ] GC(39) Skipped phase1 of Reference Processing due to unavailable references
[23.490s][debug][gc,ref         ] GC(39) Skipped phase3 of Reference Processing due to unavailable references
[23.490s][debug][gc,phases      ] GC(39) Reference Processing 0.030ms
[23.491s][debug][gc,phases      ] GC(39) Weak Processing 0.132ms
[23.491s][debug][gc,phases      ] GC(39) Scrub String Table 0.412ms
[23.491s][debug][gc,age         ] GC(39) Desired survivor size 105906176 bytes, new threshold 15 (max threshold 15)
[23.491s][info ][gc,heap        ] GC(39) PSYoungGen: 1917604K->22320K(1917952K)
[23.491s][info ][gc,heap        ] GC(39) ParOldGen: 209355K->210603K(256512K)
[23.491s][info ][gc,metaspace   ] GC(39) Metaspace: 62576K->62576K(1105920K)
[23.491s][info ][gc             ] GC(39) Pause Young (Allocation Failure) 2077M->227M(2123M) 30.845ms
[23.491s][info ][gc,cpu         ] GC(39) User=0.13s Sys=0.00s Real=0.02s
[23.491s][info ][safepoint      ] Leaving safepoint region
[23.491s][info ][safepoint      ] Total time for which application threads were stopped: 0.0332988 seconds, Stopping threads took: 0.0021733 seconds
[23.626s][info ][safepoint      ] Application time: 0.1353597 seconds
[23.627s][info ][safepoint      ] Entering safepoint region: RevokeBias
[23.627s][info ][safepoint      ] Leaving safepoint region
[23.627s][info ][safepoint      ] Total time for which application threads were stopped: 0.0003537 seconds, Stopping threads took: 0.0001913 seconds
[23.633s][info ][safepoint      ] Application time: 0.0063911 seconds
[23.636s][info ][safepoint      ] Entering safepoint region: RevokeBias
[23.636s][info ][safepoint      ] Leaving safepoint region
[23.636s][info ][safepoint      ] Total time for which application threads were stopped: 0.0025955 seconds, Stopping threads took: 0.0024169 seconds
[23.650s][info ][safepoint      ] Application time: 0.0140978 seconds
[23.653s][info ][safepoint      ] Entering safepoint region: RevokeBias
[23.653s][info ][safepoint      ] Leaving safepoint region
[23.653s][info ][safepoint      ] Total time for which application threads were stopped: 0.0026734 seconds, Stopping threads took: 0.0025389 seconds
[23.653s][info ][safepoint      ] Application time: 0.0005445 seconds
[23.653s][info ][safepoint      ] Entering safepoint region: RevokeBias
[23.653s][info ][safepoint      ] Leaving safepoint region
[23.653s][info ][safepoint      ] Total time for which application threads were stopped: 0.0000960 seconds, Stopping threads took: 0.0000236 seconds
[23.747s][info ][safepoint      ] Application time: 0.0933329 seconds
[23.749s][info ][safepoint      ] Entering safepoint region: RevokeBias
[23.749s][info ][safepoint      ] Leaving safepoint region
[23.749s][info ][safepoint      ] Total time for which application threads were stopped: 0.0027489 seconds, Stopping threads took: 0.0025559 seconds
[23.771s][info ][safepoint      ] Application time: 0.0218971 seconds
[23.772s][info ][safepoint      ] Entering safepoint region: RevokeBias
[23.772s][info ][safepoint      ] Leaving safepoint region
[23.772s][info ][safepoint      ] Total time for which application threads were stopped: 0.0002890 seconds, Stopping threads took: 0.0001561 seconds
[23.781s][info ][safepoint      ] Application time: 0.0093695 seconds
[23.783s][info ][safepoint      ] Entering safepoint region: RevokeBias
[23.783s][info ][safepoint      ] Leaving safepoint region
[23.783s][info ][safepoint      ] Total time for which application threads were stopped: 0.0022656 seconds, Stopping threads took: 0.0021191 seconds
[24.225s][info ][safepoint      ] Application time: 0.4412764 seconds
[24.225s][info ][safepoint      ] Entering safepoint region: ParallelGCFailedAllocation
[24.225s][info ][gc,start       ] GC(40) Pause Young (Allocation Failure)
[24.236s][debug][gc,phases      ] GC(40) Scavenge 11.069ms
[24.236s][debug][gc,ref         ] GC(40) Skipped phase1 of Reference Processing due to unavailable references
[24.236s][debug][gc,ref         ] GC(40) Skipped phase3 of Reference Processing due to unavailable references
[24.236s][debug][gc,phases      ] GC(40) Reference Processing 0.057ms
[24.236s][debug][gc,phases      ] GC(40) Weak Processing 0.171ms
[24.237s][debug][gc,phases      ] GC(40) Scrub String Table 0.422ms
[24.237s][debug][gc,age         ] GC(40) Desired survivor size 107479040 bytes, new threshold 15 (max threshold 15)
[24.237s][info ][gc,heap        ] GC(40) PSYoungGen: 1917744K->21632K(1990656K)
[24.237s][info ][gc,heap        ] GC(40) ParOldGen: 210603K->213408K(256512K)
[24.237s][info ][gc,metaspace   ] GC(40) Metaspace: 64269K->64269K(1107968K)
[24.237s][info ][gc             ] GC(40) Pause Young (Allocation Failure) 2078M->229M(2194M) 11.870ms
[24.237s][info ][gc,cpu         ] GC(40) User=0.04s Sys=0.00s Real=0.01s
[24.237s][info ][safepoint      ] Leaving safepoint region
[24.237s][info ][safepoint      ] Total time for which application threads were stopped: 0.0122873 seconds, Stopping threads took: 0.0001660 seconds
[24.582s][info ][safepoint      ] Application time: 0.3451110 seconds
[24.582s][info ][safepoint      ] Entering safepoint region: ICBufferFull
[24.582s][info ][safepoint      ] Leaving safepoint region
[24.582s][info ][safepoint      ] Total time for which application threads were stopped: 0.0002248 seconds, Stopping threads took: 0.0000122 seconds
[24.776s][info ][safepoint      ] Application time: 0.1937840 seconds
[24.776s][info ][safepoint      ] Entering safepoint region: RevokeBias
[24.776s][info ][safepoint      ] Leaving safepoint region
[24.776s][info ][safepoint      ] Total time for which application threads were stopped: 0.0002270 seconds, Stopping threads took: 0.0000107 seconds
[24.813s][info ][safepoint      ] Application time: 0.0363580 seconds
[24.813s][info ][safepoint      ] Entering safepoint region: RevokeBias
[24.813s][info ][safepoint      ] Leaving safepoint region
[24.813s][info ][safepoint      ] Total time for which application threads were stopped: 0.0001188 seconds, Stopping threads took: 0.0000254 seconds
[24.813s][info ][safepoint      ] Application time: 0.0000275 seconds
[24.813s][info ][safepoint      ] Entering safepoint region: RevokeBias
[24.813s][info ][safepoint      ] Leaving safepoint region
[24.813s][info ][safepoint      ] Total time for which application threads were stopped: 0.0000505 seconds, Stopping threads took: 0.0000233 seconds
[24.813s][info ][safepoint      ] Application time: 0.0000219 seconds
[24.813s][info ][safepoint      ] Entering safepoint region: RevokeBias
[24.813s][info ][safepoint      ] Leaving safepoint region
[24.813s][info ][safepoint      ] Total time for which application threads were stopped: 0.0000411 seconds, Stopping threads took: 0.0000201 seconds
[24.818s][info ][safepoint      ] Application time: 0.0050152 seconds
[24.818s][info ][safepoint      ] Entering safepoint region: RevokeBias
[24.818s][info ][safepoint      ] Leaving safepoint region
[24.818s][info ][safepoint      ] Total time for which application threads were stopped: 0.0000687 seconds, Stopping threads took: 0.0000280 seconds
[24.818s][info ][safepoint      ] Application time: 0.0000268 seconds
[24.818s][info ][safepoint      ] Entering safepoint region: RevokeBias
[24.818s][info ][safepoint      ] Leaving safepoint region
[24.818s][info ][safepoint      ] Total time for which application threads were stopped: 0.0000411 seconds, Stopping threads took: 0.0000183 seconds
[24.823s][info ][safepoint      ] Application time: 0.0047632 seconds
[24.823s][info ][safepoint      ] Entering safepoint region: RevokeBias
[24.823s][info ][safepoint      ] Leaving safepoint region
[24.823s][info ][safepoint      ] Total time for which application threads were stopped: 0.0000890 seconds, Stopping threads took: 0.0000490 seconds
[24.845s][info ][safepoint      ] Application time: 0.0223807 seconds
[24.846s][info ][safepoint      ] Entering safepoint region: RevokeBias
[24.846s][info ][safepoint      ] Leaving safepoint region
[24.846s][info ][safepoint      ] Total time for which application threads were stopped: 0.0000716 seconds, Stopping threads took: 0.0000109 seconds
[24.905s][info ][safepoint      ] Application time: 0.0589782 seconds
[24.905s][info ][safepoint      ] Entering safepoint region: Deoptimize
[24.906s][info ][safepoint      ] Leaving safepoint region
[24.906s][info ][safepoint      ] Total time for which application threads were stopped: 0.0017633 seconds, Stopping threads took: 0.0000310 seconds
[24.924s][info ][safepoint      ] Application time: 0.0179550 seconds
[24.924s][info ][safepoint      ] Entering safepoint region: RevokeBias
[24.924s][info ][safepoint      ] Leaving safepoint region
[24.924s][info ][safepoint      ] Total time for which application threads were stopped: 0.0001108 seconds, Stopping threads took: 0.0000380 seconds
[24.929s][info ][safepoint      ] Application time: 0.0046498 seconds
[24.929s][info ][safepoint      ] Entering safepoint region: RevokeBias
[24.929s][info ][safepoint      ] Leaving safepoint region
[24.929s][info ][safepoint      ] Total time for which application threads were stopped: 0.0000529 seconds, Stopping threads took: 0.0000081 seconds
[25.007s][info ][safepoint      ] Application time: 0.0780545 seconds
[25.007s][info ][safepoint      ] Entering safepoint region: RevokeBias
[25.008s][info ][safepoint      ] Leaving safepoint region
[25.008s][info ][safepoint      ] Total time for which application threads were stopped: 0.0003246 seconds, Stopping threads took: 0.0001637 seconds
[25.054s][info ][safepoint      ] Application time: 0.0466439 seconds
[25.054s][info ][safepoint      ] Entering safepoint region: Deoptimize
[25.056s][info ][safepoint      ] Leaving safepoint region
[25.056s][info ][safepoint      ] Total time for which application threads were stopped: 0.0018026 seconds, Stopping threads took: 0.0000320 seconds
[25.057s][info ][safepoint      ] Application time: 0.0006845 seconds
[25.057s][info ][safepoint      ] Entering safepoint region: RevokeBias
[25.057s][info ][safepoint      ] Leaving safepoint region
[25.057s][info ][safepoint      ] Total time for which application threads were stopped: 0.0000794 seconds, Stopping threads took: 0.0000249 seconds
[25.057s][info ][safepoint      ] Application time: 0.0003198 seconds
[25.057s][info ][safepoint      ] Entering safepoint region: Deoptimize
[25.059s][info ][safepoint      ] Leaving safepoint region
[25.059s][info ][safepoint      ] Total time for which application threads were stopped: 0.0016287 seconds, Stopping threads took: 0.0000189 seconds
[25.062s][info ][safepoint      ] Application time: 0.0035137 seconds
[25.062s][info ][safepoint      ] Entering safepoint region: RevokeBias
[25.062s][info ][safepoint      ] Leaving safepoint region
[25.062s][info ][safepoint      ] Total time for which application threads were stopped: 0.0001189 seconds, Stopping threads took: 0.0000283 seconds
[25.076s][info ][safepoint      ] Application time: 0.0132818 seconds
[25.076s][info ][safepoint      ] Entering safepoint region: RevokeBias
[25.076s][info ][safepoint      ] Leaving safepoint region
[25.076s][info ][safepoint      ] Total time for which application threads were stopped: 0.0000641 seconds, Stopping threads took: 0.0000105 seconds
[25.080s][info ][safepoint      ] Application time: 0.0046224 seconds
[25.081s][info ][safepoint      ] Entering safepoint region: RevokeBias
[25.081s][info ][safepoint      ] Leaving safepoint region
[25.081s][info ][safepoint      ] Total time for which application threads were stopped: 0.0000849 seconds, Stopping threads took: 0.0000369 seconds
[25.082s][info ][safepoint      ] Application time: 0.0012207 seconds
[25.082s][info ][safepoint      ] Entering safepoint region: RevokeBias
[25.082s][info ][safepoint      ] Leaving safepoint region
[25.082s][info ][safepoint      ] Total time for which application threads were stopped: 0.0000369 seconds, Stopping threads took: 0.0000065 seconds
[25.289s][info ][safepoint      ] Application time: 0.2069678 seconds
[25.289s][info ][safepoint      ] Entering safepoint region: ICBufferFull
[25.289s][info ][safepoint      ] Leaving safepoint region
[25.289s][info ][safepoint      ] Total time for which application threads were stopped: 0.0002538 seconds, Stopping threads took: 0.0000466 seconds
[25.312s][info ][safepoint      ] Application time: 0.0231297 seconds
[25.312s][info ][safepoint      ] Entering safepoint region: RevokeBias
[25.313s][info ][safepoint      ] Leaving safepoint region
[25.313s][info ][safepoint      ] Total time for which application threads were stopped: 0.0002549 seconds, Stopping threads took: 0.0000771 seconds
[25.313s][info ][safepoint      ] Application time: 0.0003264 seconds
[25.313s][info ][safepoint      ] Entering safepoint region: RevokeBias
[25.313s][info ][safepoint      ] Leaving safepoint region
[25.313s][info ][safepoint      ] Total time for which application threads were stopped: 0.0000750 seconds, Stopping threads took: 0.0000243 seconds
[25.529s][info ][safepoint      ] Application time: 0.2155628 seconds
[25.529s][info ][safepoint      ] Entering safepoint region: ICBufferFull
[25.529s][info ][safepoint      ] Leaving safepoint region
[25.529s][info ][safepoint      ] Total time for which application threads were stopped: 0.0002740 seconds, Stopping threads took: 0.0000193 seconds
[25.891s][info ][safepoint      ] Application time: 0.3624369 seconds
[25.891s][info ][safepoint      ] Entering safepoint region: ICBufferFull
[25.892s][info ][safepoint      ] Leaving safepoint region
[25.892s][info ][safepoint      ] Total time for which application threads were stopped: 0.0002224 seconds, Stopping threads took: 0.0000250 seconds
[26.030s][info ][safepoint      ] Application time: 0.1386757 seconds
[26.030s][info ][safepoint      ] Entering safepoint region: ICBufferFull
[26.030s][info ][safepoint      ] Leaving safepoint region
[26.030s][info ][safepoint      ] Total time for which application threads were stopped: 0.0002253 seconds, Stopping threads took: 0.0000132 seconds
[26.300s][info ][safepoint      ] Application time: 0.2690687 seconds
[26.300s][info ][safepoint      ] Entering safepoint region: ICBufferFull
[26.300s][info ][safepoint      ] Leaving safepoint region
[26.300s][info ][safepoint      ] Total time for which application threads were stopped: 0.0002215 seconds, Stopping threads took: 0.0000350 seconds
[27.024s][info ][safepoint      ] Application time: 0.7238787 seconds
[27.024s][info ][safepoint      ] Entering safepoint region: ICBufferFull
[27.024s][info ][safepoint      ] Leaving safepoint region
[27.024s][info ][safepoint      ] Total time for which application threads were stopped: 0.0002318 seconds, Stopping threads took: 0.0000134 seconds
[27.784s][info ][safepoint      ] Application time: 0.7601829 seconds
[27.784s][info ][safepoint      ] Entering safepoint region: ICBufferFull
[27.784s][info ][safepoint      ] Leaving safepoint region
[27.784s][info ][safepoint      ] Total time for which application threads were stopped: 0.0002415 seconds, Stopping threads took: 0.0000296 seconds
[28.247s][info ][safepoint      ] Application time: 0.4622809 seconds
[28.247s][info ][safepoint      ] Entering safepoint region: ICBufferFull
[28.247s][info ][safepoint      ] Leaving safepoint region
[28.247s][info ][safepoint      ] Total time for which application threads were stopped: 0.0002594 seconds, Stopping threads took: 0.0000112 seconds
[28.706s][info ][safepoint      ] Application time: 0.4586958 seconds
[28.706s][info ][safepoint      ] Entering safepoint region: ICBufferFull
[28.706s][info ][safepoint      ] Leaving safepoint region
[28.706s][info ][safepoint      ] Total time for which application threads were stopped: 0.0002726 seconds, Stopping threads took: 0.0000374 seconds
[29.479s][info ][safepoint      ] Application time: 0.7725450 seconds
[29.479s][info ][safepoint      ] Entering safepoint region: ICBufferFull
[29.479s][info ][safepoint      ] Leaving safepoint region
[29.479s][info ][safepoint      ] Total time for which application threads were stopped: 0.0002373 seconds, Stopping threads took: 0.0000125 seconds
[29.841s][info ][safepoint      ] Application time: 0.3618195 seconds
[29.841s][info ][safepoint      ] Entering safepoint region: Deoptimize
[29.843s][info ][safepoint      ] Leaving safepoint region
[29.843s][info ][safepoint      ] Total time for which application threads were stopped: 0.0018989 seconds, Stopping threads took: 0.0000267 seconds
[30.057s][info ][safepoint      ] Application time: 0.2146394 seconds
[30.057s][info ][safepoint      ] Entering safepoint region: RevokeBias
[30.057s][info ][safepoint      ] Leaving safepoint region
[30.057s][info ][safepoint      ] Total time for which application threads were stopped: 0.0001460 seconds, Stopping threads took: 0.0000353 seconds
[30.057s][info ][safepoint      ] Application time: 0.0000811 seconds
[30.057s][info ][safepoint      ] Entering safepoint region: RevokeBias
[30.058s][info ][safepoint      ] Leaving safepoint region
[30.058s][info ][safepoint      ] Total time for which application threads were stopped: 0.0000675 seconds, Stopping threads took: 0.0000325 seconds
[30.778s][info ][safepoint      ] Application time: 0.7199649 seconds
[30.778s][info ][safepoint      ] Entering safepoint region: ICBufferFull
[30.778s][info ][safepoint      ] Leaving safepoint region
[30.778s][info ][safepoint      ] Total time for which application threads were stopped: 0.0002170 seconds, Stopping threads took: 0.0000142 seconds
[31.520s][info ][safepoint      ] Application time: 0.7418487 seconds
[31.520s][info ][safepoint      ] Entering safepoint region: ParallelGCFailedAllocation
[31.520s][info ][gc,start       ] GC(41) Pause Young (Allocation Failure)
[31.545s][debug][gc,phases      ] GC(41) Scavenge 24.608ms
[31.545s][debug][gc,ref         ] GC(41) Skipped phase1 of Reference Processing due to unavailable references
[31.545s][debug][gc,ref         ] GC(41) Skipped phase3 of Reference Processing due to unavailable references
[31.545s][debug][gc,phases      ] GC(41) Reference Processing 0.100ms
[31.545s][debug][gc,phases      ] GC(41) Weak Processing 0.199ms
[31.545s][debug][gc,phases      ] GC(41) Scrub String Table 0.606ms
[31.545s][debug][gc,age         ] GC(41) Desired survivor size 109051904 bytes, new threshold 15 (max threshold 15)
[31.546s][info ][gc,heap        ] GC(41) PSYoungGen: 1908864K->71469K(1958912K)
[31.546s][info ][gc,heap        ] GC(41) ParOldGen: 213408K->217998K(256512K)
[31.546s][info ][gc,metaspace   ] GC(41) Metaspace: 71718K->71718K(1114112K)
[31.546s][info ][gc             ] GC(41) Pause Young (Allocation Failure) 2072M->282M(2163M) 25.659ms
[31.546s][info ][gc,cpu         ] GC(41) User=0.13s Sys=0.00s Real=0.03s
[31.546s][info ][safepoint      ] Leaving safepoint region
[31.546s][info ][safepoint      ] Total time for which application threads were stopped: 0.0259420 seconds, Stopping threads took: 0.0000148 seconds
[31.546s][info ][safepoint      ] Application time: 0.0002425 seconds
[31.546s][info ][safepoint      ] Entering safepoint region: RevokeBias
[31.546s][info ][safepoint      ] Leaving safepoint region
[31.546s][info ][safepoint      ] Total time for which application threads were stopped: 0.0001381 seconds, Stopping threads took: 0.0000470 seconds
[32.504s][info ][safepoint      ] Application time: 0.9577778 seconds
[32.504s][info ][safepoint      ] Entering safepoint region: ICBufferFull
[32.504s][info ][safepoint      ] Leaving safepoint region
[32.504s][info ][safepoint      ] Total time for which application threads were stopped: 0.0002278 seconds, Stopping threads took: 0.0000141 seconds
[33.504s][info ][safepoint      ] Application time: 1.0000854 seconds
[33.504s][info ][safepoint      ] Entering safepoint region: Cleanup
[33.504s][info ][safepoint      ] Leaving safepoint region
[33.504s][info ][safepoint      ] Total time for which application threads were stopped: 0.0002263 seconds, Stopping threads took: 0.0000355 seconds
[33.653s][info ][safepoint      ] Application time: 0.1485111 seconds
[33.653s][info ][safepoint      ] Entering safepoint region: ICBufferFull
[33.653s][info ][safepoint      ] Leaving safepoint region
[33.653s][info ][safepoint      ] Total time for which application threads were stopped: 0.0002917 seconds, Stopping threads took: 0.0000323 seconds
[34.653s][info ][safepoint      ] Application time: 1.0000871 seconds
[34.653s][info ][safepoint      ] Entering safepoint region: Cleanup
[34.654s][info ][safepoint      ] Leaving safepoint region
[34.654s][info ][safepoint      ] Total time for which application threads were stopped: 0.0002460 seconds, Stopping threads took: 0.0000354 seconds
[35.058s][info ][safepoint      ] Application time: 0.4041111 seconds
[35.058s][info ][safepoint      ] Entering safepoint region: RevokeBias
[35.058s][info ][safepoint      ] Leaving safepoint region
[35.058s][info ][safepoint      ] Total time for which application threads were stopped: 0.0001412 seconds, Stopping threads took: 0.0000354 seconds
[35.059s][info ][safepoint      ] Application time: 0.0009849 seconds
[35.059s][info ][safepoint      ] Entering safepoint region: RevokeBias
[35.059s][info ][safepoint      ] Leaving safepoint region
[35.059s][info ][safepoint      ] Total time for which application threads were stopped: 0.0000986 seconds, Stopping threads took: 0.0000435 seconds
[35.059s][info ][safepoint      ] Application time: 0.0002868 seconds
[35.059s][info ][safepoint      ] Entering safepoint region: RevokeBias
[35.059s][info ][safepoint      ] Leaving safepoint region
[35.059s][info ][safepoint      ] Total time for which application threads were stopped: 0.0000606 seconds, Stopping threads took: 0.0000250 seconds
[35.059s][info ][safepoint      ] Application time: 0.0000440 seconds
[35.060s][info ][safepoint      ] Entering safepoint region: RevokeBias
[35.060s][info ][safepoint      ] Leaving safepoint region
[35.060s][info ][safepoint      ] Total time for which application threads were stopped: 0.0000583 seconds, Stopping threads took: 0.0000313 seconds
[35.060s][info ][safepoint      ] Application time: 0.0000707 seconds
[35.060s][info ][safepoint      ] Entering safepoint region: RevokeBias
[35.060s][info ][safepoint      ] Leaving safepoint region
[35.060s][info ][safepoint      ] Total time for which application threads were stopped: 0.0000480 seconds, Stopping threads took: 0.0000215 seconds
[35.060s][info ][safepoint      ] Application time: 0.0001206 seconds
[35.060s][info ][safepoint      ] Entering safepoint region: RevokeBias
[35.060s][info ][safepoint      ] Leaving safepoint region
[35.060s][info ][safepoint      ] Total time for which application threads were stopped: 0.0000693 seconds, Stopping threads took: 0.0000374 seconds
[36.060s][info ][safepoint      ] Application time: 1.0000873 seconds
[36.060s][info ][safepoint      ] Entering safepoint region: Cleanup
[36.060s][info ][safepoint      ] Leaving safepoint region
[36.060s][info ][safepoint      ] Total time for which application threads were stopped: 0.0001524 seconds, Stopping threads took: 0.0000334 seconds
[37.060s][info ][safepoint      ] Application time: 1.0000831 seconds
[37.060s][info ][safepoint      ] Entering safepoint region: Cleanup
[37.060s][info ][safepoint      ] Leaving safepoint region
[37.060s][info ][safepoint      ] Total time for which application threads were stopped: 0.0001984 seconds, Stopping threads took: 0.0000354 seconds
[38.061s][info ][safepoint      ] Application time: 1.0000735 seconds
[38.061s][info ][safepoint      ] Entering safepoint region: Cleanup
[38.061s][info ][safepoint      ] Leaving safepoint region
[38.061s][info ][safepoint      ] Total time for which application threads were stopped: 0.0001628 seconds, Stopping threads took: 0.0000373 seconds
[39.061s][info ][safepoint      ] Application time: 1.0000702 seconds
[39.061s][info ][safepoint      ] Entering safepoint region: Cleanup
[39.061s][info ][safepoint      ] Leaving safepoint region
[39.061s][info ][safepoint      ] Total time for which application threads were stopped: 0.0001909 seconds, Stopping threads took: 0.0000621 seconds
[40.061s][info ][safepoint      ] Application time: 1.0000751 seconds
[40.061s][info ][safepoint      ] Entering safepoint region: Cleanup
[40.061s][info ][safepoint      ] Leaving safepoint region
[40.061s][info ][safepoint      ] Total time for which application threads were stopped: 0.0001904 seconds, Stopping threads took: 0.0000367 seconds
[41.061s][info ][safepoint      ] Application time: 1.0000704 seconds
[41.062s][info ][safepoint      ] Entering safepoint region: Cleanup
[41.062s][info ][safepoint      ] Leaving safepoint region
[41.062s][info ][safepoint      ] Total time for which application threads were stopped: 0.0001614 seconds, Stopping threads took: 0.0000378 seconds
[41.850s][info ][safepoint      ] Application time: 0.7887918 seconds
[41.850s][info ][safepoint      ] Entering safepoint region: ParallelGCFailedAllocation
[41.851s][info ][gc,start       ] GC(42) Pause Young (Allocation Failure)
[41.873s][debug][gc,phases      ] GC(42) Scavenge 21.782ms
[41.873s][debug][gc,ref         ] GC(42) Skipped phase1 of Reference Processing due to unavailable references
[41.873s][debug][gc,phases      ] GC(42) Reference Processing 0.099ms
[41.873s][debug][gc,phases      ] GC(42) Weak Processing 0.178ms
[41.873s][debug][gc,phases      ] GC(42) Scrub String Table 0.518ms
[41.873s][debug][gc,age         ] GC(42) Desired survivor size 106430464 bytes, new threshold 15 (max threshold 15)
[41.873s][info ][gc,heap        ] GC(42) PSYoungGen: 1958701K->62852K(1993216K)
[41.873s][info ][gc,heap        ] GC(42) ParOldGen: 217998K->227395K(256512K)
[41.873s][info ][gc,metaspace   ] GC(42) Metaspace: 72147K->72147K(1114112K)
[41.873s][info ][gc             ] GC(42) Pause Young (Allocation Failure) 2125M->283M(2197M) 22.740ms
[41.873s][info ][gc,cpu         ] GC(42) User=0.06s Sys=0.02s Real=0.03s
[41.873s][info ][safepoint      ] Leaving safepoint region
[41.873s][info ][safepoint      ] Total time for which application threads were stopped: 0.0229846 seconds, Stopping threads took: 0.0000140 seconds
[42.874s][info ][safepoint      ] Application time: 1.0000564 seconds
[42.874s][info ][safepoint      ] Entering safepoint region: Cleanup
[42.874s][info ][safepoint      ] Leaving safepoint region
[42.874s][info ][safepoint      ] Total time for which application threads were stopped: 0.0001336 seconds, Stopping threads took: 0.0000128 seconds
[43.874s][info ][safepoint      ] Application time: 1.0000746 seconds
[43.874s][info ][safepoint      ] Entering safepoint region: Cleanup
[43.874s][info ][safepoint      ] Leaving safepoint region
[43.874s][info ][safepoint      ] Total time for which application threads were stopped: 0.0000946 seconds, Stopping threads took: 0.0000130 seconds
[44.874s][info ][safepoint      ] Application time: 1.0000713 seconds
[44.874s][info ][safepoint      ] Entering safepoint region: Cleanup
[44.874s][info ][safepoint      ] Leaving safepoint region
[44.874s][info ][safepoint      ] Total time for which application threads were stopped: 0.0001352 seconds, Stopping threads took: 0.0000456 seconds
[45.874s][info ][safepoint      ] Application time: 1.0000729 seconds
[45.874s][info ][safepoint      ] Entering safepoint region: Cleanup
[45.874s][info ][safepoint      ] Leaving safepoint region
[45.874s][info ][safepoint      ] Total time for which application threads were stopped: 0.0000874 seconds, Stopping threads took: 0.0000149 seconds
[46.874s][info ][safepoint      ] Application time: 1.0000702 seconds
[46.875s][info ][safepoint      ] Entering safepoint region: Cleanup
[46.875s][info ][safepoint      ] Leaving safepoint region
[46.875s][info ][safepoint      ] Total time for which application threads were stopped: 0.0001124 seconds, Stopping threads took: 0.0000381 seconds
[47.875s][info ][safepoint      ] Application time: 1.0000714 seconds
[47.875s][info ][safepoint      ] Entering safepoint region: Cleanup
[47.875s][info ][safepoint      ] Leaving safepoint region
[47.875s][info ][safepoint      ] Total time for which application threads were stopped: 0.0001436 seconds, Stopping threads took: 0.0000435 seconds
[48.679s][info ][safepoint      ] Application time: 0.8044131 seconds
[48.679s][info ][safepoint      ] Entering safepoint region: RevokeBias
[48.679s][info ][safepoint      ] Leaving safepoint region
[48.679s][info ][safepoint      ] Total time for which application threads were stopped: 0.0000945 seconds, Stopping threads took: 0.0000104 seconds
[49.679s][info ][safepoint      ] Application time: 1.0000307 seconds
[49.679s][info ][safepoint      ] Entering safepoint region: Cleanup
[49.680s][info ][safepoint      ] Leaving safepoint region
[49.680s][info ][safepoint      ] Total time for which application threads were stopped: 0.0001298 seconds, Stopping threads took: 0.0000145 seconds
[50.298s][info ][safepoint      ] Application time: 0.6181239 seconds
[50.298s][info ][safepoint      ] Entering safepoint region: ICBufferFull
[50.298s][info ][safepoint      ] Leaving safepoint region
[50.298s][info ][safepoint      ] Total time for which application threads were stopped: 0.0002940 seconds, Stopping threads took: 0.0000123 seconds
[51.298s][info ][safepoint      ] Application time: 1.0000811 seconds
[51.298s][info ][safepoint      ] Entering safepoint region: Cleanup
[51.298s][info ][safepoint      ] Leaving safepoint region
[51.298s][info ][safepoint      ] Total time for which application threads were stopped: 0.0002232 seconds, Stopping threads took: 0.0000150 seconds
[52.298s][info ][safepoint      ] Application time: 1.0000749 seconds
[52.299s][info ][safepoint      ] Entering safepoint region: Cleanup
[52.299s][info ][safepoint      ] Leaving safepoint region
[52.299s][info ][safepoint      ] Total time for which application threads were stopped: 0.0001055 seconds, Stopping threads took: 0.0000161 seconds
[52.358s][info ][safepoint      ] Application time: 0.0595507 seconds
[52.358s][info ][safepoint      ] Entering safepoint region: ParallelGCFailedAllocation
[52.358s][info ][gc,start       ] GC(43) Pause Young (Allocation Failure)
[52.374s][debug][gc,phases      ] GC(43) Scavenge 15.576ms
[52.374s][debug][gc,ref         ] GC(43) Skipped phase1 of Reference Processing due to unavailable references
[52.374s][debug][gc,ref         ] GC(43) Skipped phase3 of Reference Processing due to unavailable references
[52.374s][debug][gc,phases      ] GC(43) Reference Processing 0.075ms
[52.374s][debug][gc,phases      ] GC(43) Weak Processing 0.173ms
[52.375s][debug][gc,phases      ] GC(43) Scrub String Table 0.560ms
[52.375s][debug][gc,age         ] GC(43) Desired survivor size 103809024 bytes, new threshold 15 (max threshold 15)
[52.375s][info ][gc,heap        ] GC(43) PSYoungGen: 1949572K->62557K(1990656K)
[52.375s][info ][gc,heap        ] GC(43) ParOldGen: 227395K->227859K(256512K)
[52.375s][info ][gc,metaspace   ] GC(43) Metaspace: 72346K->72346K(1116160K)
[52.375s][info ][gc             ] GC(43) Pause Young (Allocation Failure) 2125M->283M(2194M) 16.517ms
[52.375s][info ][gc,cpu         ] GC(43) User=0.06s Sys=0.00s Real=0.02s
[52.375s][info ][safepoint      ] Leaving safepoint region
[52.375s][info ][safepoint      ] Total time for which application threads were stopped: 0.0166834 seconds, Stopping threads took: 0.0000146 seconds
[53.375s][info ][safepoint      ] Application time: 1.0000700 seconds
[53.375s][info ][safepoint      ] Entering safepoint region: Cleanup
[53.375s][info ][safepoint      ] Leaving safepoint region
[53.375s][info ][safepoint      ] Total time for which application threads were stopped: 0.0001494 seconds, Stopping threads took: 0.0000765 seconds
[54.375s][info ][safepoint      ] Application time: 1.0000621 seconds
[54.375s][info ][safepoint      ] Entering safepoint region: Cleanup
[54.375s][info ][safepoint      ] Leaving safepoint region
[54.375s][info ][safepoint      ] Total time for which application threads were stopped: 0.0000888 seconds, Stopping threads took: 0.0000159 seconds
[55.375s][info ][safepoint      ] Application time: 1.0000707 seconds
[55.375s][info ][safepoint      ] Entering safepoint region: Cleanup
[55.375s][info ][safepoint      ] Leaving safepoint region
[55.376s][info ][safepoint      ] Total time for which application threads were stopped: 0.0000897 seconds, Stopping threads took: 0.0000151 seconds
[56.376s][info ][safepoint      ] Application time: 1.0000776 seconds
[56.376s][info ][safepoint      ] Entering safepoint region: Cleanup
[56.376s][info ][safepoint      ] Leaving safepoint region
[56.376s][info ][safepoint      ] Total time for which application threads were stopped: 0.0001296 seconds, Stopping threads took: 0.0000306 seconds
[57.376s][info ][safepoint      ] Application time: 1.0000771 seconds
[57.376s][info ][safepoint      ] Entering safepoint region: Cleanup
[57.376s][info ][safepoint      ] Leaving safepoint region
[57.376s][info ][safepoint      ] Total time for which application threads were stopped: 0.0001257 seconds, Stopping threads took: 0.0000298 seconds
[58.376s][info ][safepoint      ] Application time: 1.0000669 seconds
[58.376s][info ][safepoint      ] Entering safepoint region: Cleanup
[58.376s][info ][safepoint      ] Leaving safepoint region
[58.376s][info ][safepoint      ] Total time for which application threads were stopped: 0.0000886 seconds, Stopping threads took: 0.0000127 seconds
[59.376s][info ][safepoint      ] Application time: 1.0000631 seconds
[59.376s][info ][safepoint      ] Entering safepoint region: Cleanup
[59.376s][info ][safepoint      ] Leaving safepoint region
[59.376s][info ][safepoint      ] Total time for which application threads were stopped: 0.0000751 seconds, Stopping threads took: 0.0000127 seconds
[60.376s][info ][safepoint      ] Application time: 1.0000687 seconds
[60.377s][info ][safepoint      ] Entering safepoint region: Cleanup
[60.377s][info ][safepoint      ] Leaving safepoint region
[60.377s][info ][safepoint      ] Total time for which application threads were stopped: 0.0001139 seconds, Stopping threads took: 0.0000195 seconds
[61.377s][info ][safepoint      ] Application time: 1.0000717 seconds
[61.377s][info ][safepoint      ] Entering safepoint region: Cleanup
[61.377s][info ][safepoint      ] Leaving safepoint region
[61.377s][info ][safepoint      ] Total time for which application threads were stopped: 0.0001056 seconds, Stopping threads took: 0.0000394 seconds
[62.377s][info ][safepoint      ] Application time: 1.0000756 seconds
[62.377s][info ][safepoint      ] Entering safepoint region: Cleanup
[62.377s][info ][safepoint      ] Leaving safepoint region
[62.377s][info ][safepoint      ] Total time for which application threads were stopped: 0.0001208 seconds, Stopping threads took: 0.0000483 seconds
[62.908s][info ][safepoint      ] Application time: 0.5312878 seconds
[62.908s][info ][safepoint      ] Entering safepoint region: ParallelGCFailedAllocation
[62.909s][info ][gc,start       ] GC(44) Pause Young (Allocation Failure)
[62.926s][debug][gc,phases      ] GC(44) Scavenge 16.935ms
[62.926s][debug][gc,ref         ] GC(44) Skipped phase1 of Reference Processing due to unavailable references
[62.926s][debug][gc,ref         ] GC(44) Skipped phase3 of Reference Processing due to unavailable references
[62.926s][debug][gc,phases      ] GC(44) Reference Processing 0.081ms
[62.926s][debug][gc,phases      ] GC(44) Weak Processing 0.190ms
[62.926s][debug][gc,phases      ] GC(44) Scrub String Table 0.574ms
[62.926s][debug][gc,age         ] GC(44) Desired survivor size 101187584 bytes, new threshold 15 (max threshold 15)
[62.926s][info ][gc,heap        ] GC(44) PSYoungGen: 1949277K->62013K(1998336K)
[62.926s][info ][gc,heap        ] GC(44) ParOldGen: 227859K->228595K(256512K)
[62.926s][info ][gc,metaspace   ] GC(44) Metaspace: 72505K->72505K(1116160K)
[62.926s][info ][gc             ] GC(44) Pause Young (Allocation Failure) 2126M->283M(2202M) 17.905ms
[62.926s][info ][gc,cpu         ] GC(44) User=0.05s Sys=0.01s Real=0.02s
[62.926s][info ][safepoint      ] Leaving safepoint region
[62.926s][info ][safepoint      ] Total time for which application threads were stopped: 0.0180900 seconds, Stopping threads took: 0.0000147 seconds
[63.927s][info ][safepoint      ] Application time: 1.0000778 seconds
[63.927s][info ][safepoint      ] Entering safepoint region: Cleanup
[63.927s][info ][safepoint      ] Leaving safepoint region
[63.927s][info ][safepoint      ] Total time for which application threads were stopped: 0.0001200 seconds, Stopping threads took: 0.0000321 seconds
[64.927s][info ][safepoint      ] Application time: 1.0000723 seconds
[64.927s][info ][safepoint      ] Entering safepoint region: Cleanup
[64.927s][info ][safepoint      ] Leaving safepoint region
[64.927s][info ][safepoint      ] Total time for which application threads were stopped: 0.0001182 seconds, Stopping threads took: 0.0000128 seconds
[65.927s][info ][safepoint      ] Application time: 1.0000697 seconds
[65.927s][info ][safepoint      ] Entering safepoint region: Cleanup
[65.927s][info ][safepoint      ] Leaving safepoint region
[65.927s][info ][safepoint      ] Total time for which application threads were stopped: 0.0000923 seconds, Stopping threads took: 0.0000132 seconds
[66.927s][info ][safepoint      ] Application time: 1.0000548 seconds
[66.927s][info ][safepoint      ] Entering safepoint region: Cleanup
[66.927s][info ][safepoint      ] Leaving safepoint region
[66.927s][info ][safepoint      ] Total time for which application threads were stopped: 0.0001268 seconds, Stopping threads took: 0.0000173 seconds
[67.927s][info ][safepoint      ] Application time: 1.0000785 seconds
[67.928s][info ][safepoint      ] Entering safepoint region: Cleanup
[67.928s][info ][safepoint      ] Leaving safepoint region
[67.928s][info ][safepoint      ] Total time for which application threads were stopped: 0.0001025 seconds, Stopping threads took: 0.0000124 seconds
[68.928s][info ][safepoint      ] Application time: 1.0000842 seconds
[68.928s][info ][safepoint      ] Entering safepoint region: Cleanup
[68.928s][info ][safepoint      ] Leaving safepoint region
[68.928s][info ][safepoint      ] Total time for which application threads were stopped: 0.0001193 seconds, Stopping threads took: 0.0000278 seconds
[69.928s][info ][safepoint      ] Application time: 1.0000752 seconds
[69.928s][info ][safepoint      ] Entering safepoint region: Cleanup
[69.928s][info ][safepoint      ] Leaving safepoint region
[69.928s][info ][safepoint      ] Total time for which application threads were stopped: 0.0000901 seconds, Stopping threads took: 0.0000133 seconds
[70.928s][info ][safepoint      ] Application time: 1.0000698 seconds
[70.928s][info ][safepoint      ] Entering safepoint region: Cleanup
[70.928s][info ][safepoint      ] Leaving safepoint region
[70.928s][info ][safepoint      ] Total time for which application threads were stopped: 0.0000837 seconds, Stopping threads took: 0.0000131 seconds
[71.469s][info ][safepoint      ] Application time: 0.5404074 seconds
[71.469s][info ][safepoint      ] Entering safepoint region: RevokeBias
[71.469s][info ][safepoint      ] Leaving safepoint region
[71.469s][info ][safepoint      ] Total time for which application threads were stopped: 0.0001933 seconds, Stopping threads took: 0.0000480 seconds
[72.469s][info ][safepoint      ] Application time: 1.0000626 seconds
[72.469s][info ][safepoint      ] Entering safepoint region: Cleanup
[72.469s][info ][safepoint      ] Leaving safepoint region
[72.469s][info ][safepoint      ] Total time for which application threads were stopped: 0.0001265 seconds, Stopping threads took: 0.0000330 seconds
[73.247s][info ][safepoint      ] Application time: 0.7774278 seconds
[73.248s][info ][safepoint      ] Entering safepoint region: ParallelGCFailedAllocation
[73.248s][info ][gc,start       ] GC(45) Pause Young (Allocation Failure)
[73.266s][debug][gc,phases      ] GC(45) Scavenge 17.647ms
[73.266s][debug][gc,ref         ] GC(45) Skipped phase1 of Reference Processing due to unavailable references
[73.266s][debug][gc,ref         ] GC(45) Skipped phase3 of Reference Processing due to unavailable references
[73.266s][debug][gc,phases      ] GC(45) Reference Processing 0.112ms
[73.266s][debug][gc,phases      ] GC(45) Weak Processing 0.223ms
[73.267s][debug][gc,phases      ] GC(45) Scrub String Table 0.619ms
[73.267s][debug][gc,age         ] GC(45) Desired survivor size 99090432 bytes, new threshold 15 (max threshold 15)
[73.267s][info ][gc,heap        ] GC(45) PSYoungGen: 1958973K->62440K(1995776K)
[73.267s][info ][gc,heap        ] GC(45) ParOldGen: 228595K->228755K(256512K)
[73.267s][info ][gc,metaspace   ] GC(45) Metaspace: 72554K->72554K(1116160K)
[73.267s][info ][gc             ] GC(45) Pause Young (Allocation Failure) 2136M->284M(2199M) 18.730ms
[73.267s][info ][gc,cpu         ] GC(45) User=0.07s Sys=0.00s Real=0.02s
[73.267s][info ][safepoint      ] Leaving safepoint region
[73.267s][info ][safepoint      ] Total time for which application threads were stopped: 0.0204615 seconds, Stopping threads took: 0.0015909 seconds
[74.267s][info ][safepoint      ] Application time: 1.0000857 seconds
[74.267s][info ][safepoint      ] Entering safepoint region: Cleanup
[74.267s][info ][safepoint      ] Leaving safepoint region
[74.267s][info ][safepoint      ] Total time for which application threads were stopped: 0.0002378 seconds, Stopping threads took: 0.0000616 seconds
[74.623s][info ][safepoint      ] Application time: 0.3551175 seconds
[74.623s][info ][safepoint      ] Entering safepoint region: ICBufferFull
[74.623s][info ][safepoint      ] Leaving safepoint region
[74.623s][info ][safepoint      ] Total time for which application threads were stopped: 0.0002107 seconds, Stopping threads took: 0.0000112 seconds
[75.395s][info ][safepoint      ] Application time: 0.7722731 seconds
[75.395s][info ][safepoint      ] Entering safepoint region: ICBufferFull
[75.395s][info ][safepoint      ] Leaving safepoint region
[75.395s][info ][safepoint      ] Total time for which application threads were stopped: 0.0002084 seconds, Stopping threads took: 0.0000120 seconds
[76.395s][info ][safepoint      ] Application time: 1.0000997 seconds
[76.395s][info ][safepoint      ] Entering safepoint region: Cleanup
[76.396s][info ][safepoint      ] Leaving safepoint region
[76.396s][info ][safepoint      ] Total time for which application threads were stopped: 0.0002725 seconds, Stopping threads took: 0.0000505 seconds
[77.396s][info ][safepoint      ] Application time: 1.0000675 seconds
[77.412s][info ][safepoint      ] Entering safepoint region: Cleanup
[77.412s][info ][safepoint      ] Leaving safepoint region
[77.412s][info ][safepoint      ] Total time for which application threads were stopped: 0.0160005 seconds, Stopping threads took: 0.0158707 seconds
[78.412s][info ][safepoint      ] Application time: 1.0000831 seconds
[78.412s][info ][safepoint      ] Entering safepoint region: Cleanup
[78.412s][info ][safepoint      ] Leaving safepoint region
[78.412s][info ][safepoint      ] Total time for which application threads were stopped: 0.0001436 seconds, Stopping threads took: 0.0000517 seconds
[79.412s][info ][safepoint      ] Application time: 1.0000899 seconds
[79.412s][info ][safepoint      ] Entering safepoint region: Cleanup
[79.412s][info ][safepoint      ] Leaving safepoint region
[79.412s][info ][safepoint      ] Total time for which application threads were stopped: 0.0002224 seconds, Stopping threads took: 0.0000381 seconds
[80.415s][info ][safepoint      ] Application time: 1.0023770 seconds
[80.415s][info ][safepoint      ] Entering safepoint region: Cleanup
[80.415s][info ][safepoint      ] Leaving safepoint region
[80.415s][info ][safepoint      ] Total time for which application threads were stopped: 0.0001488 seconds, Stopping threads took: 0.0000545 seconds
[81.415s][info ][safepoint      ] Application time: 1.0000709 seconds
[81.415s][info ][safepoint      ] Entering safepoint region: Cleanup
[81.415s][info ][safepoint      ] Leaving safepoint region
[81.415s][info ][safepoint      ] Total time for which application threads were stopped: 0.0001311 seconds, Stopping threads took: 0.0000360 seconds
[82.367s][info ][safepoint      ] Application time: 0.9520201 seconds
[82.367s][info ][safepoint      ] Entering safepoint region: ParallelGCFailedAllocation
[82.367s][info ][gc,start       ] GC(46) Pause Young (Allocation Failure)
[82.395s][debug][gc,phases      ] GC(46) Scavenge 27.254ms
[82.395s][debug][gc,ref         ] GC(46) Skipped phase1 of Reference Processing due to unavailable references
[82.395s][debug][gc,ref         ] GC(46) Skipped phase3 of Reference Processing due to unavailable references
[82.395s][debug][gc,phases      ] GC(46) Reference Processing 0.086ms
[82.395s][debug][gc,phases      ] GC(46) Weak Processing 0.173ms
[82.396s][debug][gc,phases      ] GC(46) Scrub String Table 0.513ms
[82.396s][debug][gc,age         ] GC(46) Desired survivor size 96993280 bytes, new threshold 15 (max threshold 15)
[82.396s][info ][gc,heap        ] GC(46) PSYoungGen: 1959400K->63521K(2002432K)
[82.396s][info ][gc,heap        ] GC(46) ParOldGen: 228755K->228915K(256512K)
[82.396s][info ][gc,metaspace   ] GC(46) Metaspace: 73077K->73077K(1116160K)
[82.396s][info ][gc             ] GC(46) Pause Young (Allocation Failure) 2136M->285M(2206M) 28.178ms
[82.396s][info ][gc,cpu         ] GC(46) User=0.07s Sys=0.01s Real=0.03s
[82.396s][info ][safepoint      ] Leaving safepoint region
[82.396s][info ][safepoint      ] Total time for which application threads were stopped: 0.0284075 seconds, Stopping threads took: 0.0000193 seconds
[83.396s][info ][safepoint      ] Application time: 1.0000796 seconds
[83.396s][info ][safepoint      ] Entering safepoint region: Cleanup
[83.396s][info ][safepoint      ] Leaving safepoint region
[83.396s][info ][safepoint      ] Total time for which application threads were stopped: 0.0000907 seconds, Stopping threads took: 0.0000143 seconds
[84.368s][info ][safepoint      ] Application time: 0.9724490 seconds
[84.368s][info ][safepoint      ] Entering safepoint region: RevokeBias
[84.369s][info ][safepoint      ] Leaving safepoint region
[84.369s][info ][safepoint      ] Total time for which application threads were stopped: 0.0001704 seconds, Stopping threads took: 0.0000333 seconds
[85.369s][info ][safepoint      ] Application time: 1.0000845 seconds
[85.369s][info ][safepoint      ] Entering safepoint region: Cleanup
[85.369s][info ][safepoint      ] Leaving safepoint region
[85.369s][info ][safepoint      ] Total time for which application threads were stopped: 0.0002178 seconds, Stopping threads took: 0.0001190 seconds
[86.369s][info ][safepoint      ] Application time: 1.0000791 seconds
[86.369s][info ][safepoint      ] Entering safepoint region: Cleanup
[86.369s][info ][safepoint      ] Leaving safepoint region
[86.369s][info ][safepoint      ] Total time for which application threads were stopped: 0.0001333 seconds, Stopping threads took: 0.0000346 seconds
[87.369s][info ][safepoint      ] Application time: 1.0000874 seconds
[87.369s][info ][safepoint      ] Entering safepoint region: Cleanup
[87.369s][info ][safepoint      ] Leaving safepoint region
[87.369s][info ][safepoint      ] Total time for which application threads were stopped: 0.0001133 seconds, Stopping threads took: 0.0000243 seconds
[88.369s][info ][safepoint      ] Application time: 1.0000715 seconds
[88.370s][info ][safepoint      ] Entering safepoint region: Cleanup
[88.370s][info ][safepoint      ] Leaving safepoint region
[88.370s][info ][safepoint      ] Total time for which application threads were stopped: 0.0001473 seconds, Stopping threads took: 0.0000354 seconds
[89.375s][info ][safepoint      ] Application time: 1.0055468 seconds
[89.375s][info ][safepoint      ] Entering safepoint region: Cleanup
[89.376s][info ][safepoint      ] Leaving safepoint region
[89.376s][info ][safepoint      ] Total time for which application threads were stopped: 0.0003721 seconds, Stopping threads took: 0.0000417 seconds
[90.376s][info ][safepoint      ] Application time: 1.0000704 seconds
[90.376s][info ][safepoint      ] Entering safepoint region: Cleanup
[90.376s][info ][safepoint      ] Leaving safepoint region
[90.376s][info ][safepoint      ] Total time for which application threads were stopped: 0.0001262 seconds, Stopping threads took: 0.0000348 seconds
[91.376s][info ][safepoint      ] Application time: 1.0000758 seconds
[91.376s][info ][safepoint      ] Entering safepoint region: Cleanup
[91.376s][info ][safepoint      ] Leaving safepoint region
[91.376s][info ][safepoint      ] Total time for which application threads were stopped: 0.0001584 seconds, Stopping threads took: 0.0000397 seconds
[92.376s][info ][safepoint      ] Application time: 1.0000805 seconds
[92.376s][info ][safepoint      ] Entering safepoint region: Cleanup
[92.376s][info ][safepoint      ] Leaving safepoint region
[92.376s][info ][safepoint      ] Total time for which application threads were stopped: 0.0001554 seconds, Stopping threads took: 0.0000511 seconds
[93.032s][info ][safepoint      ] Application time: 0.6558757 seconds
[93.032s][info ][safepoint      ] Entering safepoint region: ParallelGCFailedAllocation
[93.033s][info ][gc,start       ] GC(47) Pause Young (Allocation Failure)
[93.062s][debug][gc,phases      ] GC(47) Scavenge 29.743ms
[93.062s][debug][gc,ref         ] GC(47) Skipped phase1 of Reference Processing due to unavailable references
[93.062s][debug][gc,ref         ] GC(47) Skipped phase3 of Reference Processing due to unavailable references
[93.062s][debug][gc,phases      ] GC(47) Reference Processing 0.102ms
[93.063s][debug][gc,phases      ] GC(47) Weak Processing 0.242ms
[93.063s][debug][gc,phases      ] GC(47) Scrub String Table 0.654ms
[93.063s][debug][gc,age         ] GC(47) Desired survivor size 95420416 bytes, new threshold 15 (max threshold 15)
[93.063s][info ][gc,heap        ] GC(47) PSYoungGen: 1969185K->63368K(2000384K)
[93.063s][info ][gc,heap        ] GC(47) ParOldGen: 228915K->229179K(256512K)
[93.063s][info ][gc,metaspace   ] GC(47) Metaspace: 73099K->73099K(1116160K)
[93.063s][info ][gc             ] GC(47) Pause Young (Allocation Failure) 2146M->285M(2204M) 30.919ms
[93.063s][info ][gc,cpu         ] GC(47) User=0.07s Sys=0.01s Real=0.03s
[93.064s][info ][safepoint      ] Leaving safepoint region
[93.064s][info ][safepoint      ] Total time for which application threads were stopped: 0.0312306 seconds, Stopping threads took: 0.0000424 seconds
[94.064s][info ][safepoint      ] Application time: 1.0000869 seconds
[94.064s][info ][safepoint      ] Entering safepoint region: Cleanup
[94.064s][info ][safepoint      ] Leaving safepoint region
[94.064s][info ][safepoint      ] Total time for which application threads were stopped: 0.0001437 seconds, Stopping threads took: 0.0000460 seconds
[95.064s][info ][safepoint      ] Application time: 1.0000813 seconds
[95.064s][info ][safepoint      ] Entering safepoint region: Cleanup
[95.064s][info ][safepoint      ] Leaving safepoint region
[95.064s][info ][safepoint      ] Total time for which application threads were stopped: 0.0001301 seconds, Stopping threads took: 0.0000356 seconds
[96.064s][info ][safepoint      ] Application time: 1.0000747 seconds
[96.064s][info ][safepoint      ] Entering safepoint region: Cleanup
[96.064s][info ][safepoint      ] Leaving safepoint region
[96.064s][info ][safepoint      ] Total time for which application threads were stopped: 0.0001157 seconds, Stopping threads took: 0.0000335 seconds
[97.064s][info ][safepoint      ] Application time: 1.0000833 seconds
[97.064s][info ][safepoint      ] Entering safepoint region: Cleanup
[97.065s][info ][safepoint      ] Leaving safepoint region
[97.065s][info ][safepoint      ] Total time for which application threads were stopped: 0.0001198 seconds, Stopping threads took: 0.0000370 seconds
[98.065s][info ][safepoint      ] Application time: 1.0000758 seconds
[98.065s][info ][safepoint      ] Entering safepoint region: Cleanup
[98.065s][info ][safepoint      ] Leaving safepoint region
[98.065s][info ][safepoint      ] Total time for which application threads were stopped: 0.0001233 seconds, Stopping threads took: 0.0000466 seconds
[99.065s][info ][safepoint      ] Application time: 1.0000739 seconds
[99.065s][info ][safepoint      ] Entering safepoint region: Cleanup
[99.065s][info ][safepoint      ] Leaving safepoint region
[99.065s][info ][safepoint      ] Total time for which application threads were stopped: 0.0001212 seconds, Stopping threads took: 0.0000469 seconds
[99.550s][info ][safepoint      ] Application time: 0.4852698 seconds
[99.550s][info ][safepoint      ] Entering safepoint region: RevokeBias
[99.550s][info ][safepoint      ] Leaving safepoint region
[99.550s][info ][safepoint      ] Total time for which application threads were stopped: 0.0001367 seconds, Stopping threads took: 0.0000409 seconds
[99.551s][info ][safepoint      ] Application time: 0.0002441 seconds
[99.551s][info ][safepoint      ] Entering safepoint region: RevokeBias
[99.551s][info ][safepoint      ] Leaving safepoint region
[99.551s][info ][safepoint      ] Total time for which application threads were stopped: 0.0000427 seconds, Stopping threads took: 0.0000110 seconds
[99.674s][info ][safepoint      ] Application time: 0.1227917 seconds
[99.674s][info ][safepoint      ] Entering safepoint region: RevokeBias
[99.674s][info ][safepoint      ] Leaving safepoint region
[99.674s][info ][safepoint      ] Total time for which application threads were stopped: 0.0001500 seconds, Stopping threads took: 0.0000549 seconds
[100.674s][info ][safepoint      ] Application time: 1.0000312 seconds
[100.674s][info ][safepoint      ] Entering safepoint region: Cleanup
[100.674s][info ][safepoint      ] Leaving safepoint region
[100.674s][info ][safepoint      ] Total time for which application threads were stopped: 0.0001241 seconds, Stopping threads took: 0.0000361 seconds
[100.910s][info ][safepoint      ] Application time: 0.2363920 seconds
[100.910s][info ][safepoint      ] Entering safepoint region: RevokeBias
[100.911s][info ][safepoint      ] Leaving safepoint region
[100.911s][info ][safepoint      ] Total time for which application threads were stopped: 0.0001190 seconds, Stopping threads took: 0.0000311 seconds
[100.911s][info ][safepoint      ] Application time: 0.0000418 seconds
[100.911s][info ][safepoint      ] Entering safepoint region: RevokeBias
[100.911s][info ][safepoint      ] Leaving safepoint region
[100.911s][info ][safepoint      ] Total time for which application threads were stopped: 0.0000471 seconds, Stopping threads took: 0.0000102 seconds
[100.922s][info ][safepoint      ] Application time: 0.0113898 seconds
[100.922s][info ][safepoint      ] Entering safepoint region: RevokeBias
[100.922s][info ][safepoint      ] Leaving safepoint region
[100.922s][info ][safepoint      ] Total time for which application threads were stopped: 0.0001398 seconds, Stopping threads took: 0.0000757 seconds
[100.925s][info ][safepoint      ] Application time: 0.0030710 seconds
[100.925s][info ][safepoint      ] Entering safepoint region: RevokeBias
[100.925s][info ][safepoint      ] Leaving safepoint region
[100.925s][info ][safepoint      ] Total time for which application threads were stopped: 0.0000532 seconds, Stopping threads took: 0.0000083 seconds
[100.925s][info ][safepoint      ] Application time: 0.0000262 seconds
[100.925s][info ][safepoint      ] Entering safepoint region: RevokeBias
[100.925s][info ][safepoint      ] Leaving safepoint region
[100.925s][info ][safepoint      ] Total time for which application threads were stopped: 0.0000258 seconds, Stopping threads took: 0.0000037 seconds
[100.930s][info ][safepoint      ] Application time: 0.0047349 seconds
[100.930s][info ][safepoint      ] Entering safepoint region: RevokeBias
[100.930s][info ][safepoint      ] Leaving safepoint region
[100.930s][info ][safepoint      ] Total time for which application threads were stopped: 0.0000329 seconds, Stopping threads took: 0.0000065 seconds
[100.930s][info ][safepoint      ] Application time: 0.0002652 seconds
[100.930s][info ][safepoint      ] Entering safepoint region: RevokeBias
[100.930s][info ][safepoint      ] Leaving safepoint region
[100.930s][info ][safepoint      ] Total time for which application threads were stopped: 0.0000303 seconds, Stopping threads took: 0.0000050 seconds
[100.931s][info ][safepoint      ] Application time: 0.0000669 seconds
[100.931s][info ][safepoint      ] Entering safepoint region: RevokeBias
[100.931s][info ][safepoint      ] Leaving safepoint region
[100.931s][info ][safepoint      ] Total time for which application threads were stopped: 0.0000483 seconds, Stopping threads took: 0.0000263 seconds
[100.931s][info ][safepoint      ] Application time: 0.0000427 seconds
[100.931s][info ][safepoint      ] Entering safepoint region: RevokeBias
[100.931s][info ][safepoint      ] Leaving safepoint region
[100.931s][info ][safepoint      ] Total time for which application threads were stopped: 0.0000247 seconds, Stopping threads took: 0.0000036 seconds
[100.931s][info ][safepoint      ] Application time: 0.0000333 seconds
[100.931s][info ][safepoint      ] Entering safepoint region: RevokeBias
[100.931s][info ][safepoint      ] Leaving safepoint region
[100.931s][info ][safepoint      ] Total time for which application threads were stopped: 0.0000410 seconds, Stopping threads took: 0.0000220 seconds
[100.931s][info ][safepoint      ] Application time: 0.0000361 seconds
[100.931s][info ][safepoint      ] Entering safepoint region: RevokeBias
[100.931s][info ][safepoint      ] Leaving safepoint region
[100.931s][info ][safepoint      ] Total time for which application threads were stopped: 0.0000376 seconds, Stopping threads took: 0.0000056 seconds
[100.931s][info ][safepoint      ] Application time: 0.0000433 seconds
[100.931s][info ][safepoint      ] Entering safepoint region: RevokeBias
[100.931s][info ][safepoint      ] Leaving safepoint region
[100.931s][info ][safepoint      ] Total time for which application threads were stopped: 0.0000268 seconds, Stopping threads took: 0.0000053 seconds
[100.931s][info ][safepoint      ] Application time: 0.0000298 seconds
[100.931s][info ][safepoint      ] Entering safepoint region: RevokeBias
[100.931s][info ][safepoint      ] Leaving safepoint region
[100.931s][info ][safepoint      ] Total time for which application threads were stopped: 0.0000409 seconds, Stopping threads took: 0.0000218 seconds
[100.931s][info ][safepoint      ] Application time: 0.0000283 seconds
[100.931s][info ][safepoint      ] Entering safepoint region: RevokeBias
[100.931s][info ][safepoint      ] Leaving safepoint region
[100.931s][info ][safepoint      ] Total time for which application threads were stopped: 0.0000209 seconds, Stopping threads took: 0.0000036 seconds
[100.931s][info ][safepoint      ] Application time: 0.0000254 seconds
[100.931s][info ][safepoint      ] Entering safepoint region: RevokeBias
[100.931s][info ][safepoint      ] Leaving safepoint region
[100.931s][info ][safepoint      ] Total time for which application threads were stopped: 0.0000229 seconds, Stopping threads took: 0.0000036 seconds
[100.931s][info ][safepoint      ] Application time: 0.0000533 seconds
[100.931s][info ][safepoint      ] Entering safepoint region: RevokeBias
[100.931s][info ][safepoint      ] Leaving safepoint region
[100.931s][info ][safepoint      ] Total time for which application threads were stopped: 0.0000234 seconds, Stopping threads took: 0.0000043 seconds
[100.931s][info ][safepoint      ] Application time: 0.0000355 seconds
[100.931s][info ][safepoint      ] Entering safepoint region: RevokeBias
[100.931s][info ][safepoint      ] Leaving safepoint region
[100.931s][info ][safepoint      ] Total time for which application threads were stopped: 0.0000215 seconds, Stopping threads took: 0.0000039 seconds
[100.931s][info ][safepoint      ] Application time: 0.0000498 seconds
[100.931s][info ][safepoint      ] Entering safepoint region: RevokeBias
[100.931s][info ][safepoint      ] Leaving safepoint region
[100.931s][info ][safepoint      ] Total time for which application threads were stopped: 0.0000284 seconds, Stopping threads took: 0.0000056 seconds
[100.931s][info ][safepoint      ] Application time: 0.0000288 seconds
[100.931s][info ][safepoint      ] Entering safepoint region: RevokeBias
[100.931s][info ][safepoint      ] Leaving safepoint region
[100.931s][info ][safepoint      ] Total time for which application threads were stopped: 0.0000267 seconds, Stopping threads took: 0.0000052 seconds
[100.931s][info ][safepoint      ] Application time: 0.0000271 seconds
[100.931s][info ][safepoint      ] Entering safepoint region: RevokeBias
[100.931s][info ][safepoint      ] Leaving safepoint region
[100.932s][info ][safepoint      ] Total time for which application threads were stopped: 0.0000399 seconds, Stopping threads took: 0.0000153 seconds
[100.932s][info ][safepoint      ] Application time: 0.0000660 seconds
[100.932s][info ][safepoint      ] Entering safepoint region: RevokeBias
[100.932s][info ][safepoint      ] Leaving safepoint region
[100.932s][info ][safepoint      ] Total time for which application threads were stopped: 0.0000216 seconds, Stopping threads took: 0.0000038 seconds
[100.932s][info ][safepoint      ] Application time: 0.0000284 seconds
[100.932s][info ][safepoint      ] Entering safepoint region: RevokeBias
[100.932s][info ][safepoint      ] Leaving safepoint region
[100.932s][info ][safepoint      ] Total time for which application threads were stopped: 0.0000367 seconds, Stopping threads took: 0.0000045 seconds
[100.932s][info ][safepoint      ] Application time: 0.0000389 seconds
[100.932s][info ][safepoint      ] Entering safepoint region: RevokeBias
[100.932s][info ][safepoint      ] Leaving safepoint region
[100.932s][info ][safepoint      ] Total time for which application threads were stopped: 0.0000222 seconds, Stopping threads took: 0.0000040 seconds
[100.932s][info ][safepoint      ] Application time: 0.0000235 seconds
[100.932s][info ][safepoint      ] Entering safepoint region: RevokeBias
[100.932s][info ][safepoint      ] Leaving safepoint region
[100.932s][info ][safepoint      ] Total time for which application threads were stopped: 0.0000207 seconds, Stopping threads took: 0.0000036 seconds
[100.932s][info ][safepoint      ] Application time: 0.0000506 seconds
[100.932s][info ][safepoint      ] Entering safepoint region: BulkRevokeBias
[100.932s][info ][safepoint      ] Leaving safepoint region
[100.932s][info ][safepoint      ] Total time for which application threads were stopped: 0.0001974 seconds, Stopping threads took: 0.0000050 seconds
[100.933s][info ][safepoint      ] Application time: 0.0007035 seconds
[100.933s][info ][safepoint      ] Entering safepoint region: RevokeBias
[100.933s][info ][safepoint      ] Leaving safepoint region
[100.933s][info ][safepoint      ] Total time for which application threads were stopped: 0.0000353 seconds, Stopping threads took: 0.0000056 seconds
[100.933s][info ][safepoint      ] Application time: 0.0003147 seconds
[100.933s][info ][safepoint      ] Entering safepoint region: RevokeBias
[100.933s][info ][safepoint      ] Leaving safepoint region
[100.933s][info ][safepoint      ] Total time for which application threads were stopped: 0.0000324 seconds, Stopping threads took: 0.0000047 seconds
[100.934s][info ][safepoint      ] Application time: 0.0010916 seconds
[100.934s][info ][safepoint      ] Entering safepoint region: RevokeBias
[100.934s][info ][safepoint      ] Leaving safepoint region
[100.934s][info ][safepoint      ] Total time for which application threads were stopped: 0.0000350 seconds, Stopping threads took: 0.0000052 seconds
[100.939s][info ][safepoint      ] Application time: 0.0048760 seconds
[100.939s][info ][safepoint      ] Entering safepoint region: RevokeBias
[100.939s][info ][safepoint      ] Leaving safepoint region
[100.939s][info ][safepoint      ] Total time for which application threads were stopped: 0.0000703 seconds, Stopping threads took: 0.0000346 seconds
[100.939s][info ][safepoint      ] Application time: 0.0000210 seconds
[100.939s][info ][safepoint      ] Entering safepoint region: RevokeBias
[100.939s][info ][safepoint      ] Leaving safepoint region
[100.939s][info ][safepoint      ] Total time for which application threads were stopped: 0.0000557 seconds, Stopping threads took: 0.0000193 seconds
[100.970s][info ][safepoint      ] Application time: 0.0310182 seconds
[100.970s][info ][safepoint      ] Entering safepoint region: RevokeBias
[100.970s][info ][safepoint      ] Leaving safepoint region
[100.971s][info ][safepoint      ] Total time for which application threads were stopped: 0.0001368 seconds, Stopping threads took: 0.0000485 seconds
[100.977s][info ][safepoint      ] Application time: 0.0067405 seconds
[100.977s][info ][safepoint      ] Entering safepoint region: RevokeBias
[100.977s][info ][safepoint      ] Leaving safepoint region
[100.977s][info ][safepoint      ] Total time for which application threads were stopped: 0.0000568 seconds, Stopping threads took: 0.0000074 seconds
[101.180s][info ][safepoint      ] Application time: 0.2028482 seconds
[101.180s][info ][safepoint      ] Entering safepoint region: ICBufferFull
[101.180s][info ][safepoint      ] Leaving safepoint region
[101.180s][info ][safepoint      ] Total time for which application threads were stopped: 0.0002549 seconds, Stopping threads took: 0.0000486 seconds
[102.181s][info ][safepoint      ] Application time: 1.0000887 seconds
[102.181s][info ][safepoint      ] Entering safepoint region: Cleanup
[102.181s][info ][safepoint      ] Leaving safepoint region
[102.181s][info ][safepoint      ] Total time for which application threads were stopped: 0.0001453 seconds, Stopping threads took: 0.0000133 seconds
[102.865s][info ][safepoint      ] Application time: 0.6846142 seconds
[102.865s][info ][safepoint      ] Entering safepoint region: ParallelGCFailedAllocation
[102.866s][info ][gc,start       ] GC(48) Pause Young (Allocation Failure)
[102.886s][debug][gc,phases      ] GC(48) Scavenge 20.424ms
[102.886s][debug][gc,ref         ] GC(48) Skipped phase1 of Reference Processing due to unavailable references
[102.886s][debug][gc,ref         ] GC(48) Skipped phase3 of Reference Processing due to unavailable references
[102.886s][debug][gc,phases      ] GC(48) Reference Processing 0.085ms
[102.886s][debug][gc,phases      ] GC(48) Weak Processing 0.167ms
[102.887s][debug][gc,phases      ] GC(48) Scrub String Table 0.522ms
[102.887s][debug][gc,age         ] GC(48) Desired survivor size 100663296 bytes, new threshold 15 (max threshold 15)
[102.887s][info ][gc,heap        ] GC(48) PSYoungGen: 1969032K->81872K(1993728K)
[102.887s][info ][gc,heap        ] GC(48) ParOldGen: 229179K->229967K(256512K)
[102.887s][info ][gc,metaspace   ] GC(48) Metaspace: 73173K->73173K(1116160K)
[102.887s][info ][gc             ] GC(48) Pause Young (Allocation Failure) 2146M->304M(2197M) 21.342ms
[102.887s][info ][gc,cpu         ] GC(48) User=0.07s Sys=0.02s Real=0.02s
[102.887s][info ][safepoint      ] Leaving safepoint region
[102.887s][info ][safepoint      ] Total time for which application threads were stopped: 0.0215194 seconds, Stopping threads took: 0.0000142 seconds
[103.887s][info ][safepoint      ] Application time: 1.0000751 seconds
[103.887s][info ][safepoint      ] Entering safepoint region: Cleanup
[103.887s][info ][safepoint      ] Leaving safepoint region
[103.887s][info ][safepoint      ] Total time for which application threads were stopped: 0.0000804 seconds, Stopping threads took: 0.0000134 seconds
[104.887s][info ][safepoint      ] Application time: 1.0000444 seconds
[104.887s][info ][safepoint      ] Entering safepoint region: Cleanup
[104.887s][info ][safepoint      ] Leaving safepoint region
[104.887s][info ][safepoint      ] Total time for which application threads were stopped: 0.0000747 seconds, Stopping threads took: 0.0000130 seconds
[105.887s][info ][safepoint      ] Application time: 1.0000640 seconds
[105.887s][info ][safepoint      ] Entering safepoint region: Cleanup
[105.887s][info ][safepoint      ] Leaving safepoint region
[105.887s][info ][safepoint      ] Total time for which application threads were stopped: 0.0000998 seconds, Stopping threads took: 0.0000168 seconds
[105.970s][info ][safepoint      ] Application time: 0.0823304 seconds
[105.970s][info ][safepoint      ] Entering safepoint region: RevokeBias
[105.970s][info ][safepoint      ] Leaving safepoint region
[105.970s][info ][safepoint      ] Total time for which application threads were stopped: 0.0000925 seconds, Stopping threads took: 0.0000199 seconds
[106.970s][info ][safepoint      ] Application time: 1.0000765 seconds
[106.970s][info ][safepoint      ] Entering safepoint region: Cleanup
[106.970s][info ][safepoint      ] Leaving safepoint region
[106.970s][info ][safepoint      ] Total time for which application threads were stopped: 0.0001281 seconds, Stopping threads took: 0.0000547 seconds
[107.970s][info ][safepoint      ] Application time: 1.0000695 seconds
[107.970s][info ][safepoint      ] Entering safepoint region: Cleanup
[107.970s][info ][safepoint      ] Leaving safepoint region
[107.970s][info ][safepoint      ] Total time for which application threads were stopped: 0.0001382 seconds, Stopping threads took: 0.0000376 seconds
[108.970s][info ][safepoint      ] Application time: 1.0000569 seconds
[108.971s][info ][safepoint      ] Entering safepoint region: Cleanup
[108.971s][info ][safepoint      ] Leaving safepoint region
[108.971s][info ][safepoint      ] Total time for which application threads were stopped: 0.0001827 seconds, Stopping threads took: 0.0000341 seconds
[109.971s][info ][safepoint      ] Application time: 1.0000751 seconds
[109.971s][info ][safepoint      ] Entering safepoint region: Cleanup
[109.971s][info ][safepoint      ] Leaving safepoint region
[109.971s][info ][safepoint      ] Total time for which application threads were stopped: 0.0001559 seconds, Stopping threads took: 0.0000690 seconds
[110.970s][info ][safepoint      ] Application time: 0.9990851 seconds
[110.970s][info ][safepoint      ] Entering safepoint region: RevokeBias
[110.970s][info ][safepoint      ] Leaving safepoint region
[110.970s][info ][safepoint      ] Total time for which application threads were stopped: 0.0001624 seconds, Stopping threads took: 0.0000635 seconds
[110.970s][info ][safepoint      ] Application time: 0.0001763 seconds
[110.970s][info ][safepoint      ] Entering safepoint region: RevokeBias
[110.971s][info ][safepoint      ] Leaving safepoint region
[110.971s][info ][safepoint      ] Total time for which application threads were stopped: 0.0000666 seconds, Stopping threads took: 0.0000358 seconds
[110.971s][info ][safepoint      ] Application time: 0.0001066 seconds
[110.971s][info ][safepoint      ] Entering safepoint region: RevokeBias
[110.971s][info ][safepoint      ] Leaving safepoint region
[110.971s][info ][safepoint      ] Total time for which application threads were stopped: 0.0000389 seconds, Stopping threads took: 0.0000108 seconds
[110.971s][info ][safepoint      ] Application time: 0.0000331 seconds
[110.971s][info ][safepoint      ] Entering safepoint region: RevokeBias
[110.971s][info ][safepoint      ] Leaving safepoint region
[110.971s][info ][safepoint      ] Total time for which application threads were stopped: 0.0000326 seconds, Stopping threads took: 0.0000098 seconds
[110.971s][info ][safepoint      ] Application time: 0.0000507 seconds
[110.971s][info ][safepoint      ] Entering safepoint region: RevokeBias
[110.971s][info ][safepoint      ] Leaving safepoint region
[110.971s][info ][safepoint      ] Total time for which application threads were stopped: 0.0000507 seconds, Stopping threads took: 0.0000245 seconds
[110.971s][info ][safepoint      ] Application time: 0.0000932 seconds
[110.971s][info ][safepoint      ] Entering safepoint region: RevokeBias
[110.971s][info ][safepoint      ] Leaving safepoint region
[110.971s][info ][safepoint      ] Total time for which application threads were stopped: 0.0000461 seconds, Stopping threads took: 0.0000212 seconds
[111.971s][info ][safepoint      ] Application time: 1.0000727 seconds
[111.971s][info ][safepoint      ] Entering safepoint region: Cleanup
[111.971s][info ][safepoint      ] Leaving safepoint region
[111.971s][info ][safepoint      ] Total time for which application threads were stopped: 0.0001192 seconds, Stopping threads took: 0.0000330 seconds
[112.522s][info ][safepoint      ] Application time: 0.5503934 seconds
[112.522s][info ][safepoint      ] Entering safepoint region: ParallelGCFailedAllocation
[112.522s][info ][gc,start       ] GC(49) Pause Young (Allocation Failure)
[112.540s][debug][gc,phases      ] GC(49) Scavenge 18.156ms
[112.540s][debug][gc,ref         ] GC(49) Skipped phase1 of Reference Processing due to unavailable references
[112.540s][debug][gc,phases      ] GC(49) Reference Processing 0.132ms
[112.540s][debug][gc,phases      ] GC(49) Weak Processing 0.184ms
[112.541s][debug][gc,phases      ] GC(49) Scrub String Table 0.536ms
[112.541s][debug][gc,age         ] GC(49) Desired survivor size 104333312 bytes, new threshold 15 (max threshold 15)
[112.541s][info ][gc,heap        ] GC(49) PSYoungGen: 1982416K->80791K(1981440K)
[112.541s][info ][gc,heap        ] GC(49) ParOldGen: 229967K->231355K(256512K)
[112.541s][info ][gc,metaspace   ] GC(49) Metaspace: 73280K->73280K(1116160K)
[112.541s][info ][gc             ] GC(49) Pause Young (Allocation Failure) 2160M->304M(2185M) 19.145ms
[112.541s][info ][gc,cpu         ] GC(49) User=0.07s Sys=0.00s Real=0.02s
[112.541s][info ][safepoint      ] Leaving safepoint region
[112.541s][info ][safepoint      ] Total time for which application threads were stopped: 0.0193383 seconds, Stopping threads took: 0.0000184 seconds
[113.541s][info ][safepoint      ] Application time: 1.0000695 seconds
[113.541s][info ][safepoint      ] Entering safepoint region: Cleanup
[113.541s][info ][safepoint      ] Leaving safepoint region
[113.541s][info ][safepoint      ] Total time for which application threads were stopped: 0.0001942 seconds, Stopping threads took: 0.0000132 seconds
[114.541s][info ][safepoint      ] Application time: 1.0000678 seconds
[114.541s][info ][safepoint      ] Entering safepoint region: Cleanup
[114.542s][info ][safepoint      ] Leaving safepoint region
[114.542s][info ][safepoint      ] Total time for which application threads were stopped: 0.0001706 seconds, Stopping threads took: 0.0000138 seconds
[115.542s][info ][safepoint      ] Application time: 1.0000683 seconds
[115.542s][info ][safepoint      ] Entering safepoint region: Cleanup
[115.542s][info ][safepoint      ] Leaving safepoint region
[115.542s][info ][safepoint      ] Total time for which application threads were stopped: 0.0000869 seconds, Stopping threads took: 0.0000121 seconds
[116.542s][info ][safepoint      ] Application time: 1.0000681 seconds
[116.542s][info ][safepoint      ] Entering safepoint region: Cleanup
[116.542s][info ][safepoint      ] Leaving safepoint region
[116.542s][info ][safepoint      ] Total time for which application threads were stopped: 0.0001389 seconds, Stopping threads took: 0.0000130 seconds
[117.542s][info ][safepoint      ] Application time: 1.0000719 seconds
[117.542s][info ][safepoint      ] Entering safepoint region: Cleanup
[117.542s][info ][safepoint      ] Leaving safepoint region
[117.542s][info ][safepoint      ] Total time for which application threads were stopped: 0.0000885 seconds, Stopping threads took: 0.0000139 seconds
[118.542s][info ][safepoint      ] Application time: 1.0000692 seconds
[118.542s][info ][safepoint      ] Entering safepoint region: Cleanup
[118.542s][info ][safepoint      ] Leaving safepoint region
[118.542s][info ][safepoint      ] Total time for which application threads were stopped: 0.0000829 seconds, Stopping threads took: 0.0000130 seconds
[119.542s][info ][safepoint      ] Application time: 1.0000724 seconds
[119.543s][info ][safepoint      ] Entering safepoint region: Cleanup
[119.543s][info ][safepoint      ] Leaving safepoint region
[119.543s][info ][safepoint      ] Total time for which application threads were stopped: 0.0001137 seconds, Stopping threads took: 0.0000157 seconds
[120.543s][info ][safepoint      ] Application time: 1.0000741 seconds
[120.543s][info ][safepoint      ] Entering safepoint region: Cleanup
[120.543s][info ][safepoint      ] Leaving safepoint region
[120.543s][info ][safepoint      ] Total time for which application threads were stopped: 0.0001016 seconds, Stopping threads took: 0.0000133 seconds
[121.543s][info ][safepoint      ] Application time: 1.0000724 seconds
[121.543s][info ][safepoint      ] Entering safepoint region: Cleanup
[121.543s][info ][safepoint      ] Leaving safepoint region
[121.543s][info ][safepoint      ] Total time for which application threads were stopped: 0.0001128 seconds, Stopping threads took: 0.0000129 seconds
[121.807s][info ][safepoint      ] Application time: 0.2637006 seconds
[121.807s][info ][safepoint      ] Entering safepoint region: ParallelGCFailedAllocation
[121.807s][info ][gc,start       ] GC(50) Pause Young (Allocation Failure)
[121.826s][debug][gc,phases      ] GC(50) Scavenge 19.146ms
[121.826s][debug][gc,ref         ] GC(50) Skipped phase1 of Reference Processing due to unavailable references
[121.826s][debug][gc,ref         ] GC(50) Skipped phase3 of Reference Processing due to unavailable references
[121.826s][debug][gc,phases      ] GC(50) Reference Processing 0.087ms
[121.826s][debug][gc,phases      ] GC(50) Weak Processing 0.175ms
[121.827s][debug][gc,phases      ] GC(50) Scrub String Table 0.511ms
[121.827s][debug][gc,age         ] GC(50) Desired survivor size 106954752 bytes, new threshold 15 (max threshold 15)
[121.827s][info ][gc,heap        ] GC(50) PSYoungGen: 1981335K->80608K(1990144K)
[121.827s][info ][gc,heap        ] GC(50) ParOldGen: 231355K->232099K(256512K)
[121.827s][info ][gc,metaspace   ] GC(50) Metaspace: 73521K->73521K(1116160K)
[121.827s][info ][gc             ] GC(50) Pause Young (Allocation Failure) 2160M->305M(2194M) 20.075ms
[121.827s][info ][gc,cpu         ] GC(50) User=0.08s Sys=0.00s Real=0.02s
[121.827s][info ][safepoint      ] Leaving safepoint region
[121.827s][info ][safepoint      ] Total time for which application threads were stopped: 0.0202665 seconds, Stopping threads took: 0.0000152 seconds
[122.827s][info ][safepoint      ] Application time: 1.0000757 seconds
[122.827s][info ][safepoint      ] Entering safepoint region: Cleanup
[122.827s][info ][safepoint      ] Leaving safepoint region
[122.827s][info ][safepoint      ] Total time for which application threads were stopped: 0.0001585 seconds, Stopping threads took: 0.0000769 seconds
[123.827s][info ][safepoint      ] Application time: 1.0000681 seconds
[123.827s][info ][safepoint      ] Entering safepoint region: Cleanup
[123.828s][info ][safepoint      ] Leaving safepoint region
[123.828s][info ][safepoint      ] Total time for which application threads were stopped: 0.0001048 seconds, Stopping threads took: 0.0000131 seconds
[124.828s][info ][safepoint      ] Application time: 1.0000653 seconds
[124.828s][info ][safepoint      ] Entering safepoint region: Cleanup
[124.828s][info ][safepoint      ] Leaving safepoint region
[124.828s][info ][safepoint      ] Total time for which application threads were stopped: 0.0001056 seconds, Stopping threads took: 0.0000129 seconds
[125.828s][info ][safepoint      ] Application time: 1.0000739 seconds
[125.828s][info ][safepoint      ] Entering safepoint region: Cleanup
[125.828s][info ][safepoint      ] Leaving safepoint region
[125.828s][info ][safepoint      ] Total time for which application threads were stopped: 0.0002652 seconds, Stopping threads took: 0.0000126 seconds
[126.828s][info ][safepoint      ] Application time: 1.0000724 seconds
[126.828s][info ][safepoint      ] Entering safepoint region: Cleanup
[126.828s][info ][safepoint      ] Leaving safepoint region
[126.828s][info ][safepoint      ] Total time for which application threads were stopped: 0.0000856 seconds, Stopping threads took: 0.0000153 seconds
[127.828s][info ][safepoint      ] Application time: 1.0000655 seconds
[127.828s][info ][safepoint      ] Entering safepoint region: Cleanup
[127.829s][info ][safepoint      ] Leaving safepoint region
[127.829s][info ][safepoint      ] Total time for which application threads were stopped: 0.0000840 seconds, Stopping threads took: 0.0000131 seconds
[128.829s][info ][safepoint      ] Application time: 1.0000678 seconds
[128.829s][info ][safepoint      ] Entering safepoint region: Cleanup
[128.829s][info ][safepoint      ] Leaving safepoint region
[128.829s][info ][safepoint      ] Total time for which application threads were stopped: 0.0000871 seconds, Stopping threads took: 0.0000133 seconds
[129.829s][info ][safepoint      ] Application time: 1.0000628 seconds
[129.829s][info ][safepoint      ] Entering safepoint region: Cleanup
[129.829s][info ][safepoint      ] Leaving safepoint region
[129.829s][info ][safepoint      ] Total time for which application threads were stopped: 0.0000862 seconds, Stopping threads took: 0.0000122 seconds
[130.829s][info ][safepoint      ] Application time: 1.0000690 seconds
[130.829s][info ][safepoint      ] Entering safepoint region: Cleanup
[130.829s][info ][safepoint      ] Leaving safepoint region
[130.829s][info ][safepoint      ] Total time for which application threads were stopped: 0.0001323 seconds, Stopping threads took: 0.0000152 seconds
[131.053s][info ][safepoint      ] Application time: 0.2237999 seconds
[131.053s][info ][safepoint      ] Entering safepoint region: ParallelGCFailedAllocation
[131.053s][info ][gc,start       ] GC(51) Pause Young (Allocation Failure)
[131.073s][debug][gc,phases      ] GC(51) Scavenge 19.773ms
[131.073s][debug][gc,ref         ] GC(51) Skipped phase1 of Reference Processing due to unavailable references
[131.073s][debug][gc,ref         ] GC(51) Skipped phase3 of Reference Processing due to unavailable references
[131.073s][debug][gc,phases      ] GC(51) Reference Processing 0.096ms
[131.073s][debug][gc,phases      ] GC(51) Weak Processing 0.170ms
[131.074s][debug][gc,phases      ] GC(51) Scrub String Table 0.588ms
[131.074s][debug][gc,age         ] GC(51) Desired survivor size 108527616 bytes, new threshold 15 (max threshold 15)
[131.074s][info ][gc,heap        ] GC(51) PSYoungGen: 1968864K->80390K(1969152K)
[131.074s][info ][gc,heap        ] GC(51) ParOldGen: 232099K->232331K(256512K)
[131.074s][info ][gc,metaspace   ] GC(51) Metaspace: 73596K->73596K(1116160K)
[131.074s][info ][gc             ] GC(51) Pause Young (Allocation Failure) 2149M->305M(2173M) 20.795ms
[131.074s][info ][gc,cpu         ] GC(51) User=0.07s Sys=0.00s Real=0.02s
[131.074s][info ][safepoint      ] Leaving safepoint region
[131.074s][info ][safepoint      ] Total time for which application threads were stopped: 0.0210430 seconds, Stopping threads took: 0.0000264 seconds
[132.074s][info ][safepoint      ] Application time: 1.0000882 seconds
[132.074s][info ][safepoint      ] Entering safepoint region: Cleanup
[132.074s][info ][safepoint      ] Leaving safepoint region
[132.074s][info ][safepoint      ] Total time for which application threads were stopped: 0.0001277 seconds, Stopping threads took: 0.0000395 seconds
[133.074s][info ][safepoint      ] Application time: 1.0000711 seconds
[133.074s][info ][safepoint      ] Entering safepoint region: Cleanup
[133.075s][info ][safepoint      ] Leaving safepoint region
[133.075s][info ][safepoint      ] Total time for which application threads were stopped: 0.0001133 seconds, Stopping threads took: 0.0000142 seconds
[134.075s][info ][safepoint      ] Application time: 1.0000792 seconds
[134.075s][info ][safepoint      ] Entering safepoint region: Cleanup
[134.075s][info ][safepoint      ] Leaving safepoint region
[134.075s][info ][safepoint      ] Total time for which application threads were stopped: 0.0001074 seconds, Stopping threads took: 0.0000316 seconds
[135.075s][info ][safepoint      ] Application time: 1.0000874 seconds
[135.075s][info ][safepoint      ] Entering safepoint region: Cleanup
[135.075s][info ][safepoint      ] Leaving safepoint region
[135.075s][info ][safepoint      ] Total time for which application threads were stopped: 0.0001589 seconds, Stopping threads took: 0.0000409 seconds
[135.613s][info ][safepoint      ] Application time: 0.5375078 seconds
[135.613s][info ][safepoint      ] Entering safepoint region: RevokeBias
[135.613s][info ][safepoint      ] Leaving safepoint region
[135.613s][info ][safepoint      ] Total time for which application threads were stopped: 0.0001428 seconds, Stopping threads took: 0.0000618 seconds
[135.616s][info ][safepoint      ] Application time: 0.0035633 seconds
[135.616s][info ][safepoint      ] Entering safepoint region: RevokeBias
[135.616s][info ][safepoint      ] Leaving safepoint region
[135.616s][info ][safepoint      ] Total time for which application threads were stopped: 0.0000720 seconds, Stopping threads took: 0.0000427 seconds
[135.616s][info ][safepoint      ] Application time: 0.0000468 seconds
[135.617s][info ][safepoint      ] Entering safepoint region: RevokeBias
[135.617s][info ][safepoint      ] Leaving safepoint region
[135.617s][info ][safepoint      ] Total time for which application threads were stopped: 0.0000457 seconds, Stopping threads took: 0.0000183 seconds
[135.618s][info ][safepoint      ] Application time: 0.0013529 seconds
[135.618s][info ][safepoint      ] Entering safepoint region: RevokeBias
[135.618s][info ][safepoint      ] Leaving safepoint region
[135.618s][info ][safepoint      ] Total time for which application threads were stopped: 0.0000550 seconds, Stopping threads took: 0.0000272 seconds
[135.619s][info ][safepoint      ] Application time: 0.0013463 seconds
[135.619s][info ][safepoint      ] Entering safepoint region: RevokeBias
[135.619s][info ][safepoint      ] Leaving safepoint region
[135.619s][info ][safepoint      ] Total time for which application threads were stopped: 0.0000416 seconds, Stopping threads took: 0.0000144 seconds
[136.619s][info ][safepoint      ] Application time: 1.0000717 seconds
[136.620s][info ][safepoint      ] Entering safepoint region: Cleanup
[136.620s][info ][safepoint      ] Leaving safepoint region
[136.620s][info ][safepoint      ] Total time for which application threads were stopped: 0.0001398 seconds, Stopping threads took: 0.0000692 seconds
[137.620s][info ][safepoint      ] Application time: 1.0000722 seconds
[137.620s][info ][safepoint      ] Entering safepoint region: Cleanup
[137.620s][info ][safepoint      ] Leaving safepoint region
[137.620s][info ][safepoint      ] Total time for which application threads were stopped: 0.0001413 seconds, Stopping threads took: 0.0000487 seconds
[138.620s][info ][safepoint      ] Application time: 1.0000678 seconds
[138.620s][info ][safepoint      ] Entering safepoint region: Cleanup
[138.620s][info ][safepoint      ] Leaving safepoint region
[138.620s][info ][safepoint      ] Total time for which application threads were stopped: 0.0001248 seconds, Stopping threads took: 0.0000375 seconds
[139.620s][info ][safepoint      ] Application time: 1.0000711 seconds
[139.620s][info ][safepoint      ] Entering safepoint region: Cleanup
[139.620s][info ][safepoint      ] Leaving safepoint region
[139.620s][info ][safepoint      ] Total time for which application threads were stopped: 0.0001650 seconds, Stopping threads took: 0.0000714 seconds
[140.552s][info ][safepoint      ] Application time: 0.9314527 seconds
[140.552s][info ][safepoint      ] Entering safepoint region: ParallelGCFailedAllocation
[140.552s][info ][gc,start       ] GC(52) Pause Young (Allocation Failure)
[140.573s][debug][gc,phases      ] GC(52) Scavenge 20.337ms
[140.573s][debug][gc,ref         ] GC(52) Skipped phase1 of Reference Processing due to unavailable references
[140.573s][debug][gc,ref         ] GC(52) Skipped phase3 of Reference Processing due to unavailable references
[140.573s][debug][gc,phases      ] GC(52) Reference Processing 0.099ms
[140.573s][debug][gc,phases      ] GC(52) Weak Processing 0.201ms
[140.573s][debug][gc,phases      ] GC(52) Scrub String Table 0.574ms
[140.573s][debug][gc,age         ] GC(52) Desired survivor size 110100480 bytes, new threshold 15 (max threshold 15)
[140.573s][info ][gc,heap        ] GC(52) PSYoungGen: 1968646K->81152K(1988096K)
[140.573s][info ][gc,heap        ] GC(52) ParOldGen: 232331K->232547K(256512K)
[140.573s][info ][gc,metaspace   ] GC(52) Metaspace: 73636K->73636K(1116160K)
[140.573s][info ][gc             ] GC(52) Pause Young (Allocation Failure) 2149M->306M(2192M) 21.381ms
[140.573s][info ][gc,cpu         ] GC(52) User=0.08s Sys=0.00s Real=0.03s
[140.574s][info ][safepoint      ] Leaving safepoint region
[140.574s][info ][safepoint      ] Total time for which application threads were stopped: 0.0216353 seconds, Stopping threads took: 0.0000397 seconds
[141.574s][info ][safepoint      ] Application time: 1.0000414 seconds
[141.574s][info ][safepoint      ] Entering safepoint region: Cleanup
[141.574s][info ][safepoint      ] Leaving safepoint region
[141.574s][info ][safepoint      ] Total time for which application threads were stopped: 0.0000747 seconds, Stopping threads took: 0.0000194 seconds
[142.574s][info ][safepoint      ] Application time: 1.0000736 seconds
[142.574s][info ][safepoint      ] Entering safepoint region: Cleanup
[142.574s][info ][safepoint      ] Leaving safepoint region
[142.574s][info ][safepoint      ] Total time for which application threads were stopped: 0.0001152 seconds, Stopping threads took: 0.0000132 seconds
[143.574s][info ][safepoint      ] Application time: 1.0000720 seconds
[143.574s][info ][safepoint      ] Entering safepoint region: Cleanup
[143.574s][info ][safepoint      ] Leaving safepoint region
[143.574s][info ][safepoint      ] Total time for which application threads were stopped: 0.0000997 seconds, Stopping threads took: 0.0000133 seconds
[144.368s][info ][safepoint      ] Application time: 0.7940914 seconds
[144.368s][info ][safepoint      ] Entering safepoint region: RevokeBias
[144.368s][info ][safepoint      ] Leaving safepoint region
[144.368s][info ][safepoint      ] Total time for which application threads were stopped: 0.0001117 seconds, Stopping threads took: 0.0000312 seconds
[145.368s][info ][safepoint      ] Application time: 1.0000310 seconds
[145.368s][info ][safepoint      ] Entering safepoint region: Cleanup
[145.369s][info ][safepoint      ] Leaving safepoint region
[145.369s][info ][safepoint      ] Total time for which application threads were stopped: 0.0001172 seconds, Stopping threads took: 0.0000515 seconds
[146.369s][info ][safepoint      ] Application time: 1.0000727 seconds
[146.369s][info ][safepoint      ] Entering safepoint region: Cleanup
[146.369s][info ][safepoint      ] Leaving safepoint region
[146.369s][info ][safepoint      ] Total time for which application threads were stopped: 0.0001488 seconds, Stopping threads took: 0.0000556 seconds
[147.369s][info ][safepoint      ] Application time: 1.0000801 seconds
[147.369s][info ][safepoint      ] Entering safepoint region: Cleanup
[147.369s][info ][safepoint      ] Leaving safepoint region
[147.369s][info ][safepoint      ] Total time for which application threads were stopped: 0.0001042 seconds, Stopping threads took: 0.0000347 seconds
[148.369s][info ][safepoint      ] Application time: 1.0000716 seconds
[148.369s][info ][safepoint      ] Entering safepoint region: Cleanup
[148.369s][info ][safepoint      ] Leaving safepoint region
[148.369s][info ][safepoint      ] Total time for which application threads were stopped: 0.0001412 seconds, Stopping threads took: 0.0000618 seconds
[149.369s][info ][safepoint      ] Application time: 1.0000740 seconds
[149.369s][info ][safepoint      ] Entering safepoint region: Cleanup
[149.370s][info ][safepoint      ] Leaving safepoint region
[149.370s][info ][safepoint      ] Total time for which application threads were stopped: 0.0001422 seconds, Stopping threads took: 0.0000334 seconds
[150.252s][info ][safepoint      ] Application time: 0.8825086 seconds
[150.252s][info ][safepoint      ] Entering safepoint region: ParallelGCFailedAllocation
[150.252s][info ][gc,start       ] GC(53) Pause Young (Allocation Failure)
[150.271s][debug][gc,phases      ] GC(53) Scavenge 18.719ms
[150.271s][debug][gc,ref         ] GC(53) Skipped phase1 of Reference Processing due to unavailable references
[150.271s][debug][gc,ref         ] GC(53) Skipped phase3 of Reference Processing due to unavailable references
[150.271s][debug][gc,phases      ] GC(53) Reference Processing 0.089ms
[150.271s][debug][gc,phases      ] GC(53) Weak Processing 0.188ms
[150.272s][debug][gc,phases      ] GC(53) Scrub String Table 0.547ms
[150.272s][debug][gc,age         ] GC(53) Desired survivor size 111149056 bytes, new threshold 15 (max threshold 15)
[150.272s][info ][gc,heap        ] GC(53) PSYoungGen: 1963264K->81889K(1964032K)
[150.272s][info ][gc,heap        ] GC(53) ParOldGen: 232547K->232843K(256512K)
[150.272s][info ][gc,metaspace   ] GC(53) Metaspace: 73742K->73742K(1116160K)
[150.272s][info ][gc             ] GC(53) Pause Young (Allocation Failure) 2144M->307M(2168M) 19.682ms
[150.272s][info ][gc,cpu         ] GC(53) User=0.08s Sys=0.00s Real=0.01s
[150.272s][info ][safepoint      ] Leaving safepoint region
[150.272s][info ][safepoint      ] Total time for which application threads were stopped: 0.0199011 seconds, Stopping threads took: 0.0000380 seconds
[151.272s][info ][safepoint      ] Application time: 1.0000816 seconds
[151.272s][info ][safepoint      ] Entering safepoint region: Cleanup
[151.272s][info ][safepoint      ] Leaving safepoint region
[151.272s][info ][safepoint      ] Total time for which application threads were stopped: 0.0001067 seconds, Stopping threads took: 0.0000284 seconds
[153.272s][info ][safepoint      ] Application time: 2.0001372 seconds
[153.272s][info ][safepoint      ] Entering safepoint region: Cleanup
[153.273s][info ][safepoint      ] Leaving safepoint region
[153.273s][info ][safepoint      ] Total time for which application threads were stopped: 0.0000747 seconds, Stopping threads took: 0.0000119 seconds
[154.273s][info ][safepoint      ] Application time: 1.0000628 seconds
[154.273s][info ][safepoint      ] Entering safepoint region: Cleanup
[154.273s][info ][safepoint      ] Leaving safepoint region
[154.273s][info ][safepoint      ] Total time for which application threads were stopped: 0.0000774 seconds, Stopping threads took: 0.0000118 seconds
[155.273s][info ][safepoint      ] Application time: 1.0000715 seconds
[155.273s][info ][safepoint      ] Entering safepoint region: Cleanup
[155.273s][info ][safepoint      ] Leaving safepoint region
[155.273s][info ][safepoint      ] Total time for which application threads were stopped: 0.0001035 seconds, Stopping threads took: 0.0000320 seconds
[156.273s][info ][safepoint      ] Application time: 1.0000703 seconds
[156.273s][info ][safepoint      ] Entering safepoint region: Cleanup
[156.273s][info ][safepoint      ] Leaving safepoint region
[156.273s][info ][safepoint      ] Total time for which application threads were stopped: 0.0001123 seconds, Stopping threads took: 0.0000471 seconds
[157.273s][info ][safepoint      ] Application time: 1.0000723 seconds
[157.273s][info ][safepoint      ] Entering safepoint region: Cleanup
[157.273s][info ][safepoint      ] Leaving safepoint region
[157.273s][info ][safepoint      ] Total time for which application threads were stopped: 0.0001031 seconds, Stopping threads took: 0.0000354 seconds
[158.273s][info ][safepoint      ] Application time: 1.0000709 seconds
[158.274s][info ][safepoint      ] Entering safepoint region: Cleanup
[158.274s][info ][safepoint      ] Leaving safepoint region
[158.274s][info ][safepoint      ] Total time for which application threads were stopped: 0.0000893 seconds, Stopping threads took: 0.0000309 seconds
[159.274s][info ][safepoint      ] Application time: 1.0000216 seconds
[159.274s][info ][safepoint      ] Entering safepoint region: Cleanup
[159.274s][info ][safepoint      ] Leaving safepoint region
[159.274s][info ][safepoint      ] Total time for which application threads were stopped: 0.0000863 seconds, Stopping threads took: 0.0000329 seconds
[159.877s][info ][safepoint      ] Application time: 0.6032195 seconds
[159.877s][info ][safepoint      ] Entering safepoint region: ParallelGCFailedAllocation
[159.877s][info ][gc,start       ] GC(54) Pause Young (Allocation Failure)
[159.895s][debug][gc,phases      ] GC(54) Scavenge 17.626ms
[159.895s][debug][gc,ref         ] GC(54) Skipped phase1 of Reference Processing due to unavailable references
[159.895s][debug][gc,ref         ] GC(54) Skipped phase3 of Reference Processing due to unavailable references
[159.895s][debug][gc,phases      ] GC(54) Reference Processing 0.084ms
[159.895s][debug][gc,phases      ] GC(54) Weak Processing 0.170ms
[159.896s][debug][gc,phases      ] GC(54) Scrub String Table 0.524ms
[159.896s][debug][gc,age         ] GC(54) Desired survivor size 112197632 bytes, new threshold 15 (max threshold 15)
[159.896s][info ][gc,heap        ] GC(54) PSYoungGen: 1964001K->82534K(1986560K)
[159.896s][info ][gc,heap        ] GC(54) ParOldGen: 232843K->233651K(256512K)
[159.896s][info ][gc,metaspace   ] GC(54) Metaspace: 73773K->73773K(1116160K)
[159.896s][info ][gc             ] GC(54) Pause Young (Allocation Failure) 2145M->308M(2190M) 18.536ms
[159.896s][info ][gc,cpu         ] GC(54) User=0.07s Sys=0.00s Real=0.02s
[159.896s][info ][safepoint      ] Leaving safepoint region
[159.896s][info ][safepoint      ] Total time for which application threads were stopped: 0.0187232 seconds, Stopping threads took: 0.0000444 seconds
[160.896s][info ][safepoint      ] Application time: 1.0000776 seconds
[160.896s][info ][safepoint      ] Entering safepoint region: Cleanup
[160.896s][info ][safepoint      ] Leaving safepoint region
[160.896s][info ][safepoint      ] Total time for which application threads were stopped: 0.0000992 seconds, Stopping threads took: 0.0000181 seconds
[161.896s][info ][safepoint      ] Application time: 1.0000597 seconds
[161.896s][info ][safepoint      ] Entering safepoint region: Cleanup
[161.896s][info ][safepoint      ] Leaving safepoint region
[161.896s][info ][safepoint      ] Total time for which application threads were stopped: 0.0000687 seconds, Stopping threads took: 0.0000114 seconds
[162.896s][info ][safepoint      ] Application time: 1.0000641 seconds
[162.896s][info ][safepoint      ] Entering safepoint region: Cleanup
[162.896s][info ][safepoint      ] Leaving safepoint region
[162.896s][info ][safepoint      ] Total time for which application threads were stopped: 0.0000691 seconds, Stopping threads took: 0.0000126 seconds
[163.896s][info ][safepoint      ] Application time: 1.0000698 seconds
[163.896s][info ][safepoint      ] Entering safepoint region: Cleanup
[163.896s][info ][safepoint      ] Leaving safepoint region
[163.896s][info ][safepoint      ] Total time for which application threads were stopped: 0.0000899 seconds, Stopping threads took: 0.0000165 seconds
[164.897s][info ][safepoint      ] Application time: 1.0000675 seconds
[164.897s][info ][safepoint      ] Entering safepoint region: Cleanup
[164.897s][info ][safepoint      ] Leaving safepoint region
[164.897s][info ][safepoint      ] Total time for which application threads were stopped: 0.0000703 seconds, Stopping threads took: 0.0000125 seconds
[165.897s][info ][safepoint      ] Application time: 1.0000649 seconds
[165.897s][info ][safepoint      ] Entering safepoint region: Cleanup
[165.897s][info ][safepoint      ] Leaving safepoint region
[165.897s][info ][safepoint      ] Total time for which application threads were stopped: 0.0000774 seconds, Stopping threads took: 0.0000121 seconds
[166.897s][info ][safepoint      ] Application time: 1.0000655 seconds
[166.897s][info ][safepoint      ] Entering safepoint region: Cleanup
[166.897s][info ][safepoint      ] Leaving safepoint region
[166.897s][info ][safepoint      ] Total time for which application threads were stopped: 0.0000586 seconds, Stopping threads took: 0.0000114 seconds
[167.897s][info ][safepoint      ] Application time: 1.0000672 seconds
[167.897s][info ][safepoint      ] Entering safepoint region: Cleanup
[167.897s][info ][safepoint      ] Leaving safepoint region
[167.897s][info ][safepoint      ] Total time for which application threads were stopped: 0.0000734 seconds, Stopping threads took: 0.0000118 seconds
[168.897s][info ][safepoint      ] Application time: 1.0000643 seconds
[168.897s][info ][safepoint      ] Entering safepoint region: Cleanup
[168.897s][info ][safepoint      ] Leaving safepoint region
[168.897s][info ][safepoint      ] Total time for which application threads were stopped: 0.0000785 seconds, Stopping threads took: 0.0000123 seconds
[169.352s][info ][safepoint      ] Application time: 0.4545180 seconds
[169.352s][info ][safepoint      ] Entering safepoint region: ParallelGCFailedAllocation
[169.352s][info ][gc,start       ] GC(55) Pause Young (Allocation Failure)
[169.370s][debug][gc,phases      ] GC(55) Scavenge 18.253ms
[169.370s][debug][gc,ref         ] GC(55) Skipped phase1 of Reference Processing due to unavailable references
[169.371s][debug][gc,ref         ] GC(55) Skipped phase3 of Reference Processing due to unavailable references
[169.371s][debug][gc,phases      ] GC(55) Reference Processing 0.072ms
[169.371s][debug][gc,phases      ] GC(55) Weak Processing 0.180ms
[169.371s][debug][gc,phases      ] GC(55) Scrub String Table 0.539ms
[169.371s][debug][gc,age         ] GC(55) Desired survivor size 112197632 bytes, new threshold 15 (max threshold 15)
[169.371s][info ][gc,heap        ] GC(55) PSYoungGen: 1960550K->81123K(1987584K)
[169.371s][info ][gc,heap        ] GC(55) ParOldGen: 233651K->235495K(256512K)
[169.371s][info ][gc,metaspace   ] GC(55) Metaspace: 73796K->73796K(1116160K)
[169.371s][info ][gc             ] GC(55) Pause Young (Allocation Failure) 2142M->309M(2191M) 19.197ms
[169.371s][info ][gc,cpu         ] GC(55) User=0.08s Sys=0.01s Real=0.02s
[169.371s][info ][safepoint      ] Leaving safepoint region
[169.371s][info ][safepoint      ] Total time for which application threads were stopped: 0.0194254 seconds, Stopping threads took: 0.0000399 seconds
[170.371s][info ][safepoint      ] Application time: 1.0000707 seconds
[170.372s][info ][safepoint      ] Entering safepoint region: Cleanup
[170.372s][info ][safepoint      ] Leaving safepoint region
[170.372s][info ][safepoint      ] Total time for which application threads were stopped: 0.0001181 seconds, Stopping threads took: 0.0000599 seconds
[171.372s][info ][safepoint      ] Application time: 1.0000809 seconds
[171.372s][info ][safepoint      ] Entering safepoint region: Cleanup
[171.372s][info ][safepoint      ] Leaving safepoint region
[171.372s][info ][safepoint      ] Total time for which application threads were stopped: 0.0001091 seconds, Stopping threads took: 0.0000447 seconds
[172.372s][info ][safepoint      ] Application time: 1.0000788 seconds
[172.372s][info ][safepoint      ] Entering safepoint region: Cleanup
[172.372s][info ][safepoint      ] Leaving safepoint region
[172.372s][info ][safepoint      ] Total time for which application threads were stopped: 0.0001253 seconds, Stopping threads took: 0.0000569 seconds
[173.372s][info ][safepoint      ] Application time: 1.0000408 seconds
[173.372s][info ][safepoint      ] Entering safepoint region: Cleanup
[173.372s][info ][safepoint      ] Leaving safepoint region
[173.372s][info ][safepoint      ] Total time for which application threads were stopped: 0.0001114 seconds, Stopping threads took: 0.0000462 seconds
[174.372s][info ][safepoint      ] Application time: 1.0000745 seconds
[174.372s][info ][safepoint      ] Entering safepoint region: Cleanup
[174.373s][info ][safepoint      ] Leaving safepoint region
[174.373s][info ][safepoint      ] Total time for which application threads were stopped: 0.0001074 seconds, Stopping threads took: 0.0000383 seconds
[175.373s][info ][safepoint      ] Application time: 1.0000680 seconds
[175.373s][info ][safepoint      ] Entering safepoint region: Cleanup
[175.373s][info ][safepoint      ] Leaving safepoint region
[175.373s][info ][safepoint      ] Total time for which application threads were stopped: 0.0001071 seconds, Stopping threads took: 0.0000288 seconds
[176.373s][info ][safepoint      ] Application time: 1.0000740 seconds
[176.373s][info ][safepoint      ] Entering safepoint region: Cleanup
[176.373s][info ][safepoint      ] Leaving safepoint region
[176.373s][info ][safepoint      ] Total time for which application threads were stopped: 0.0000768 seconds, Stopping threads took: 0.0000123 seconds
[177.373s][info ][safepoint      ] Application time: 1.0000705 seconds
[177.373s][info ][safepoint      ] Entering safepoint region: Cleanup
[177.373s][info ][safepoint      ] Leaving safepoint region
[177.373s][info ][safepoint      ] Total time for which application threads were stopped: 0.0001370 seconds, Stopping threads took: 0.0000568 seconds
[178.373s][info ][safepoint      ] Application time: 1.0000773 seconds
[178.373s][info ][safepoint      ] Entering safepoint region: Cleanup
[178.373s][info ][safepoint      ] Leaving safepoint region
[178.373s][info ][safepoint      ] Total time for which application threads were stopped: 0.0001026 seconds, Stopping threads took: 0.0000302 seconds
[179.114s][info ][safepoint      ] Application time: 0.7405279 seconds
[179.114s][info ][safepoint      ] Entering safepoint region: ParallelGCFailedAllocation
[179.114s][info ][gc,start       ] GC(56) Pause Young (Allocation Failure)
[179.134s][debug][gc,phases      ] GC(56) Scavenge 19.369ms
[179.134s][debug][gc,ref         ] GC(56) Skipped phase1 of Reference Processing due to unavailable references
[179.134s][debug][gc,ref         ] GC(56) Skipped phase3 of Reference Processing due to unavailable references
[179.134s][debug][gc,phases      ] GC(56) Reference Processing 0.047ms
[179.134s][debug][gc,phases      ] GC(56) Weak Processing 0.166ms
[179.134s][debug][gc,phases      ] GC(56) Scrub String Table 0.533ms
[179.134s][debug][gc,age         ] GC(56) Desired survivor size 115343360 bytes, new threshold 15 (max threshold 15)
[179.134s][info ][gc,heap        ] GC(56) PSYoungGen: 1959139K->32099K(1981440K)
[179.134s][info ][gc,heap        ] GC(56) ParOldGen: 235495K->286251K(287232K)
[179.134s][info ][gc,metaspace   ] GC(56) Metaspace: 73816K->73816K(1116160K)
[179.134s][info ][gc             ] GC(56) Pause Young (Allocation Failure) 2143M->310M(2215M) 20.256ms
[179.134s][info ][gc,cpu         ] GC(56) User=0.05s Sys=0.02s Real=0.02s
[179.134s][debug][gc,phases      ] GC(57) Pre Compact 0.010ms
[179.134s][info ][gc,start       ] GC(57) Pause Full (Ergonomics)
[179.134s][info ][gc,phases,start] GC(57) Marking Phase
[179.236s][debug][gc,phases      ] GC(57) Par Mark 101.169ms
[179.236s][debug][gc,ref         ] GC(57) Skipped phase1 of Reference Processing due to unavailable references
[179.237s][debug][gc,ref         ] GC(57) Skipped phase3 of Reference Processing due to unavailable references
[179.237s][debug][gc,phases      ] GC(57) Reference Processing 0.429ms
[179.237s][debug][gc,phases      ] GC(57) Weak Processing 0.141ms
[179.238s][debug][gc,phases      ] GC(57) ClassLoaderData 0.740ms
[179.238s][debug][gc,phases      ] GC(57) ProtectionDomainCacheTable 0.002ms
[179.238s][debug][gc,phases      ] GC(57) ResolvedMethodTable 0.141ms
[179.245s][debug][gc,phases      ] GC(57) Class Unloading 8.642ms
[179.246s][debug][gc,phases      ] GC(57) Scrub String Table 0.543ms
[179.254s][debug][gc,phases      ] GC(57) Scrub Symbol Table 8.244ms
[179.254s][info ][gc,phases      ] GC(57) Marking Phase 119.848ms
[179.254s][info ][gc,phases,start] GC(57) Summary Phase
[179.254s][info ][gc,phases      ] GC(57) Summary Phase 0.009ms
[179.254s][info ][gc,phases,start] GC(57) Adjust Roots
[179.286s][info ][gc,phases      ] GC(57) Adjust Roots 31.438ms
[179.286s][info ][gc,phases,start] GC(57) Compaction Phase
[179.704s][info ][gc,phases      ] GC(57) Compaction Phase 417.800ms
[179.704s][info ][gc,phases,start] GC(57) Post Compact
[179.705s][info ][gc,phases      ] GC(57) Post Compact 1.076ms
[179.705s][info ][gc,heap        ] GC(57) PSYoungGen: 32099K->31519K(1981440K)
[179.705s][info ][gc,heap        ] GC(57) ParOldGen: 286251K->277205K(349696K)
[179.705s][info ][gc,metaspace   ] GC(57) Metaspace: 73816K->73816K(1116160K)
[179.705s][info ][gc             ] GC(57) Pause Full (Ergonomics) 310M->301M(2276M) 570.458ms
[179.705s][info ][gc,cpu         ] GC(57) User=2.10s Sys=0.02s Real=0.57s
[179.705s][info ][safepoint      ] Leaving safepoint region
[179.705s][info ][safepoint      ] Total time for which application threads were stopped: 0.5909614 seconds, Stopping threads took: 0.0000130 seconds
[180.705s][info ][safepoint      ] Application time: 1.0000914 seconds
[180.705s][info ][safepoint      ] Entering safepoint region: Cleanup
[180.705s][info ][safepoint      ] Leaving safepoint region
[180.705s][info ][safepoint      ] Total time for which application threads were stopped: 0.0001152 seconds, Stopping threads took: 0.0000539 seconds
[181.705s][info ][safepoint      ] Application time: 1.0000751 seconds
[181.705s][info ][safepoint      ] Entering safepoint region: Cleanup
[181.705s][info ][safepoint      ] Leaving safepoint region
[181.705s][info ][safepoint      ] Total time for which application threads were stopped: 0.0001286 seconds, Stopping threads took: 0.0000583 seconds
[182.706s][info ][safepoint      ] Application time: 1.0000694 seconds
[182.706s][info ][safepoint      ] Entering safepoint region: Cleanup
[182.706s][info ][safepoint      ] Leaving safepoint region
[182.706s][info ][safepoint      ] Total time for which application threads were stopped: 0.0001307 seconds, Stopping threads took: 0.0000549 seconds
[183.706s][info ][safepoint      ] Application time: 1.0000776 seconds
[183.706s][info ][safepoint      ] Entering safepoint region: Cleanup
[183.706s][info ][safepoint      ] Leaving safepoint region
[183.706s][info ][safepoint      ] Total time for which application threads were stopped: 0.0001263 seconds, Stopping threads took: 0.0000349 seconds
[184.706s][info ][safepoint      ] Application time: 1.0000745 seconds
[184.706s][info ][safepoint      ] Entering safepoint region: Cleanup
[184.706s][info ][safepoint      ] Leaving safepoint region
[184.706s][info ][safepoint      ] Total time for which application threads were stopped: 0.0001220 seconds, Stopping threads took: 0.0000540 seconds
[187.706s][info ][safepoint      ] Application time: 3.0001909 seconds
[187.706s][info ][safepoint      ] Entering safepoint region: Cleanup
[187.707s][info ][safepoint      ] Leaving safepoint region
[187.707s][info ][safepoint      ] Total time for which application threads were stopped: 0.0001124 seconds, Stopping threads took: 0.0000360 seconds
[188.707s][info ][safepoint      ] Application time: 1.0000790 seconds
[188.707s][info ][safepoint      ] Entering safepoint region: Cleanup
[188.707s][info ][safepoint      ] Leaving safepoint region
[188.707s][info ][safepoint      ] Total time for which application threads were stopped: 0.0001135 seconds, Stopping threads took: 0.0000351 seconds
[189.110s][info ][safepoint      ] Application time: 0.4036485 seconds
[189.110s][info ][safepoint      ] Entering safepoint region: ParallelGCFailedAllocation
[189.111s][info ][gc,start       ] GC(58) Pause Young (Allocation Failure)
[189.139s][debug][gc,phases      ] GC(58) Scavenge 28.328ms
[189.139s][debug][gc,ref         ] GC(58) Skipped phase1 of Reference Processing due to unavailable references
[189.139s][debug][gc,ref         ] GC(58) Skipped phase3 of Reference Processing due to unavailable references
[189.139s][debug][gc,phases      ] GC(58) Reference Processing 0.056ms
[189.139s][debug][gc,phases      ] GC(58) Weak Processing 0.137ms
[189.140s][debug][gc,phases      ] GC(58) Scrub String Table 0.438ms
[189.140s][debug][gc,age         ] GC(58) Desired survivor size 116916224 bytes, new threshold 15 (max threshold 15)
[189.140s][info ][gc,heap        ] GC(58) PSYoungGen: 1903391K->31715K(1903616K)
[189.140s][info ][gc,heap        ] GC(58) ParOldGen: 277205K->277341K(349696K)
[189.140s][info ][gc,metaspace   ] GC(58) Metaspace: 73827K->73827K(1116160K)
[189.140s][info ][gc             ] GC(58) Pause Young (Allocation Failure) 2129M->301M(2200M) 29.088ms
[189.140s][info ][gc,cpu         ] GC(58) User=0.12s Sys=0.00s Real=0.03s
[189.140s][info ][safepoint      ] Leaving safepoint region
[189.140s][info ][safepoint      ] Total time for which application threads were stopped: 0.0292547 seconds, Stopping threads took: 0.0000145 seconds
[190.140s][info ][safepoint      ] Application time: 1.0000784 seconds
[190.140s][info ][safepoint      ] Entering safepoint region: Cleanup
[190.140s][info ][safepoint      ] Leaving safepoint region
[190.140s][info ][safepoint      ] Total time for which application threads were stopped: 0.0001004 seconds, Stopping threads took: 0.0000444 seconds
[191.140s][info ][safepoint      ] Application time: 1.0000689 seconds
[191.140s][info ][safepoint      ] Entering safepoint region: Cleanup
[191.140s][info ][safepoint      ] Leaving safepoint region
[191.140s][info ][safepoint      ] Total time for which application threads were stopped: 0.0000777 seconds, Stopping threads took: 0.0000206 seconds
[192.140s][info ][safepoint      ] Application time: 1.0000689 seconds
[192.140s][info ][safepoint      ] Entering safepoint region: Cleanup
[192.140s][info ][safepoint      ] Leaving safepoint region
[192.140s][info ][safepoint      ] Total time for which application threads were stopped: 0.0000666 seconds, Stopping threads took: 0.0000114 seconds
[193.140s][info ][safepoint      ] Application time: 1.0000396 seconds
[193.140s][info ][safepoint      ] Entering safepoint region: Cleanup
[193.140s][info ][safepoint      ] Leaving safepoint region
[193.140s][info ][safepoint      ] Total time for which application threads were stopped: 0.0000638 seconds, Stopping threads took: 0.0000110 seconds
[195.141s][info ][safepoint      ] Application time: 2.0000898 seconds
[195.141s][info ][safepoint      ] Entering safepoint region: Cleanup
[195.141s][info ][safepoint      ] Leaving safepoint region
[195.141s][info ][safepoint      ] Total time for which application threads were stopped: 0.0000662 seconds, Stopping threads took: 0.0000115 seconds
[196.141s][info ][safepoint      ] Application time: 1.0000639 seconds
[196.141s][info ][safepoint      ] Entering safepoint region: Cleanup
[196.141s][info ][safepoint      ] Leaving safepoint region
[196.141s][info ][safepoint      ] Total time for which application threads were stopped: 0.0000970 seconds, Stopping threads took: 0.0000207 seconds
[197.141s][info ][safepoint      ] Application time: 1.0000677 seconds
[197.141s][info ][safepoint      ] Entering safepoint region: Cleanup
[197.141s][info ][safepoint      ] Leaving safepoint region
[197.141s][info ][safepoint      ] Total time for which application threads were stopped: 0.0000825 seconds, Stopping threads took: 0.0000197 seconds
[198.921s][info ][safepoint      ] Application time: 1.7802328 seconds
[198.921s][info ][safepoint      ] Entering safepoint region: ParallelGCFailedAllocation
[198.921s][info ][gc,start       ] GC(59) Pause Young (Allocation Failure)
[198.930s][debug][gc,phases      ] GC(59) Scavenge 8.663ms
[198.930s][debug][gc,ref         ] GC(59) Skipped phase1 of Reference Processing due to unavailable references
[198.930s][debug][gc,ref         ] GC(59) Skipped phase3 of Reference Processing due to unavailable references
[198.930s][debug][gc,phases      ] GC(59) Reference Processing 0.042ms
[198.930s][debug][gc,phases      ] GC(59) Weak Processing 0.121ms
[198.931s][debug][gc,phases      ] GC(59) Scrub String Table 0.410ms
[198.931s][debug][gc,age         ] GC(59) Desired survivor size 117440512 bytes, new threshold 15 (max threshold 15)
[198.931s][info ][gc,heap        ] GC(59) PSYoungGen: 1903587K->31891K(1981952K)
[198.931s][info ][gc,heap        ] GC(59) ParOldGen: 277341K->277421K(349696K)
[198.931s][info ][gc,metaspace   ] GC(59) Metaspace: 73845K->73845K(1116160K)
[198.931s][info ][gc             ] GC(59) Pause Young (Allocation Failure) 2129M->302M(2277M) 9.364ms
[198.931s][info ][gc,cpu         ] GC(59) User=0.03s Sys=0.00s Real=0.00s
[198.931s][info ][safepoint      ] Leaving safepoint region
[198.931s][info ][safepoint      ] Total time for which application threads were stopped: 0.0095170 seconds, Stopping threads took: 0.0000116 seconds
[199.931s][info ][safepoint      ] Application time: 1.0000772 seconds
[199.931s][info ][safepoint      ] Entering safepoint region: Cleanup
[199.931s][info ][safepoint      ] Leaving safepoint region
[199.931s][info ][safepoint      ] Total time for which application threads were stopped: 0.0000724 seconds, Stopping threads took: 0.0000138 seconds
[200.931s][info ][safepoint      ] Application time: 1.0000684 seconds
[200.931s][info ][safepoint      ] Entering safepoint region: Cleanup
[200.931s][info ][safepoint      ] Leaving safepoint region
[200.931s][info ][safepoint      ] Total time for which application threads were stopped: 0.0000836 seconds, Stopping threads took: 0.0000213 seconds
[201.931s][info ][safepoint      ] Application time: 1.0000691 seconds
[201.931s][info ][safepoint      ] Entering safepoint region: Cleanup
[201.931s][info ][safepoint      ] Leaving safepoint region
[201.931s][info ][safepoint      ] Total time for which application threads were stopped: 0.0000666 seconds, Stopping threads took: 0.0000116 seconds
[202.931s][info ][safepoint      ] Application time: 1.0000733 seconds
[202.932s][info ][safepoint      ] Entering safepoint region: Cleanup
[202.932s][info ][safepoint      ] Leaving safepoint region
[202.932s][info ][safepoint      ] Total time for which application threads were stopped: 0.0000615 seconds, Stopping threads took: 0.0000117 seconds
[203.932s][info ][safepoint      ] Application time: 1.0000663 seconds
[203.932s][info ][safepoint      ] Entering safepoint region: Cleanup
[203.932s][info ][safepoint      ] Leaving safepoint region
[203.932s][info ][safepoint      ] Total time for which application threads were stopped: 0.0000805 seconds, Stopping threads took: 0.0000116 seconds
[204.368s][info ][safepoint      ] Application time: 0.4365077 seconds
[204.368s][info ][safepoint      ] Entering safepoint region: RevokeBias
[204.368s][info ][safepoint      ] Leaving safepoint region
[204.368s][info ][safepoint      ] Total time for which application threads were stopped: 0.0001036 seconds, Stopping threads took: 0.0000326 seconds
[205.368s][info ][safepoint      ] Application time: 1.0000840 seconds
[205.369s][info ][safepoint      ] Entering safepoint region: Cleanup
[205.369s][info ][safepoint      ] Leaving safepoint region
[205.369s][info ][safepoint      ] Total time for which application threads were stopped: 0.0001175 seconds, Stopping threads took: 0.0000363 seconds
[206.369s][info ][safepoint      ] Application time: 1.0000798 seconds
[206.369s][info ][safepoint      ] Entering safepoint region: Cleanup
[206.369s][info ][safepoint      ] Leaving safepoint region
[206.369s][info ][safepoint      ] Total time for which application threads were stopped: 0.0001124 seconds, Stopping threads took: 0.0000413 seconds
[207.369s][info ][safepoint      ] Application time: 1.0000690 seconds
[207.369s][info ][safepoint      ] Entering safepoint region: Cleanup
[207.369s][info ][safepoint      ] Leaving safepoint region
[207.369s][info ][safepoint      ] Total time for which application threads were stopped: 0.0001377 seconds, Stopping threads took: 0.0000464 seconds
[208.308s][info ][safepoint      ] Application time: 0.9383983 seconds
[208.308s][info ][safepoint      ] Entering safepoint region: ParallelGCFailedAllocation
[208.308s][info ][gc,start       ] GC(60) Pause Young (Allocation Failure)
[208.318s][debug][gc,phases      ] GC(60) Scavenge 9.830ms
[208.318s][debug][gc,ref         ] GC(60) Skipped phase1 of Reference Processing due to unavailable references
[208.318s][debug][gc,ref         ] GC(60) Skipped phase3 of Reference Processing due to unavailable references
[208.318s][debug][gc,phases      ] GC(60) Reference Processing 0.041ms
[208.318s][debug][gc,phases      ] GC(60) Weak Processing 0.127ms
[208.318s][debug][gc,phases      ] GC(60) Scrub String Table 0.445ms
[208.318s][debug][gc,age         ] GC(60) Desired survivor size 116916224 bytes, new threshold 15 (max threshold 15)
[208.318s][info ][gc,heap        ] GC(60) PSYoungGen: 1899667K->33123K(1982464K)
[208.318s][info ][gc,heap        ] GC(60) ParOldGen: 277421K->277501K(349696K)
[208.318s][info ][gc,metaspace   ] GC(60) Metaspace: 73863K->73863K(1116160K)
[208.318s][info ][gc             ] GC(60) Pause Young (Allocation Failure) 2126M->303M(2277M) 10.585ms
[208.318s][info ][gc,cpu         ] GC(60) User=0.04s Sys=0.00s Real=0.01s
[208.318s][info ][safepoint      ] Leaving safepoint region
[208.318s][info ][safepoint      ] Total time for which application threads were stopped: 0.0108282 seconds, Stopping threads took: 0.0000148 seconds
[209.318s][info ][safepoint      ] Application time: 1.0000354 seconds
[209.318s][info ][safepoint      ] Entering safepoint region: Cleanup
[209.319s][info ][safepoint      ] Leaving safepoint region
[209.319s][info ][safepoint      ] Total time for which application threads were stopped: 0.0001215 seconds, Stopping threads took: 0.0000420 seconds
[210.319s][info ][safepoint      ] Application time: 1.0000738 seconds
[210.319s][info ][safepoint      ] Entering safepoint region: Cleanup
[210.319s][info ][safepoint      ] Leaving safepoint region
[210.319s][info ][safepoint      ] Total time for which application threads were stopped: 0.0001011 seconds, Stopping threads took: 0.0000353 seconds
[211.319s][info ][safepoint      ] Application time: 1.0000701 seconds
[211.319s][info ][safepoint      ] Entering safepoint region: Cleanup
[211.319s][info ][safepoint      ] Leaving safepoint region
[211.319s][info ][safepoint      ] Total time for which application threads were stopped: 0.0001128 seconds, Stopping threads took: 0.0000337 seconds
[212.319s][info ][safepoint      ] Application time: 1.0000708 seconds
[212.319s][info ][safepoint      ] Entering safepoint region: Cleanup
[212.319s][info ][safepoint      ] Leaving safepoint region
[212.319s][info ][safepoint      ] Total time for which application threads were stopped: 0.0000931 seconds, Stopping threads took: 0.0000327 seconds
[214.319s][info ][safepoint      ] Application time: 2.0001411 seconds
[214.319s][info ][safepoint      ] Entering safepoint region: Cleanup
[214.320s][info ][safepoint      ] Leaving safepoint region
[214.320s][info ][safepoint      ] Total time for which application threads were stopped: 0.0001079 seconds, Stopping threads took: 0.0000324 seconds
[215.320s][info ][safepoint      ] Application time: 1.0000327 seconds
[215.320s][info ][safepoint      ] Entering safepoint region: Cleanup
[215.320s][info ][safepoint      ] Leaving safepoint region
[215.320s][info ][safepoint      ] Total time for which application threads were stopped: 0.0000990 seconds, Stopping threads took: 0.0000328 seconds
[216.320s][info ][safepoint      ] Application time: 1.0000685 seconds
[216.320s][info ][safepoint      ] Entering safepoint region: Cleanup
[216.320s][info ][safepoint      ] Leaving safepoint region
[216.320s][info ][safepoint      ] Total time for which application threads were stopped: 0.0000983 seconds, Stopping threads took: 0.0000402 seconds
[217.320s][info ][safepoint      ] Application time: 1.0000724 seconds
[217.320s][info ][safepoint      ] Entering safepoint region: Cleanup
[217.320s][info ][safepoint      ] Leaving safepoint region
[217.320s][info ][safepoint      ] Total time for which application threads were stopped: 0.0001028 seconds, Stopping threads took: 0.0000322 seconds
[217.804s][info ][safepoint      ] Application time: 0.4837558 seconds
[217.804s][info ][safepoint      ] Entering safepoint region: ParallelGCFailedAllocation
[217.804s][info ][gc,start       ] GC(61) Pause Young (Allocation Failure)
[217.814s][debug][gc,phases      ] GC(61) Scavenge 10.141ms
[217.814s][debug][gc,ref         ] GC(61) Skipped phase1 of Reference Processing due to unavailable references
[217.814s][debug][gc,ref         ] GC(61) Skipped phase3 of Reference Processing due to unavailable references
[217.814s][debug][gc,phases      ] GC(61) Reference Processing 0.041ms
[217.814s][debug][gc,phases      ] GC(61) Weak Processing 0.136ms
[217.815s][debug][gc,phases      ] GC(61) Scrub String Table 0.459ms
[217.815s][debug][gc,age         ] GC(61) Desired survivor size 115343360 bytes, new threshold 15 (max threshold 15)
[217.815s][info ][gc,heap        ] GC(61) PSYoungGen: 1900899K->33683K(1984512K)
[217.815s][info ][gc,heap        ] GC(61) ParOldGen: 277501K->277662K(349696K)
[217.815s][info ][gc,metaspace   ] GC(61) Metaspace: 73876K->73876K(1116160K)
[217.815s][info ][gc             ] GC(61) Pause Young (Allocation Failure) 2127M->304M(2279M) 10.903ms
[217.815s][info ][gc,cpu         ] GC(61) User=0.04s Sys=0.00s Real=0.01s
[217.815s][info ][safepoint      ] Leaving safepoint region
[217.815s][info ][safepoint      ] Total time for which application threads were stopped: 0.0110672 seconds, Stopping threads took: 0.0000132 seconds
[218.815s][info ][safepoint      ] Application time: 1.0000772 seconds
[218.815s][info ][safepoint      ] Entering safepoint region: Cleanup
[218.815s][info ][safepoint      ] Leaving safepoint region
[218.815s][info ][safepoint      ] Total time for which application threads were stopped: 0.0001304 seconds, Stopping threads took: 0.0000349 seconds
[220.815s][info ][safepoint      ] Application time: 2.0000939 seconds
[220.815s][info ][safepoint      ] Entering safepoint region: Cleanup
[220.816s][info ][safepoint      ] Leaving safepoint region
[220.816s][info ][safepoint      ] Total time for which application threads were stopped: 0.0001083 seconds, Stopping threads took: 0.0000344 seconds
[221.816s][info ][safepoint      ] Application time: 1.0000697 seconds
[221.816s][info ][safepoint      ] Entering safepoint region: Cleanup
[221.816s][info ][safepoint      ] Leaving safepoint region
[221.816s][info ][safepoint      ] Total time for which application threads were stopped: 0.0001375 seconds, Stopping threads took: 0.0000488 seconds
[222.816s][info ][safepoint      ] Application time: 1.0000691 seconds
[222.816s][info ][safepoint      ] Entering safepoint region: Cleanup
[222.816s][info ][safepoint      ] Leaving safepoint region
[222.816s][info ][safepoint      ] Total time for which application threads were stopped: 0.0001250 seconds, Stopping threads took: 0.0000505 seconds
[223.816s][info ][safepoint      ] Application time: 1.0000780 seconds
[223.816s][info ][safepoint      ] Entering safepoint region: Cleanup
[223.816s][info ][safepoint      ] Leaving safepoint region
[223.816s][info ][safepoint      ] Total time for which application threads were stopped: 0.0000952 seconds, Stopping threads took: 0.0000339 seconds
[224.816s][info ][safepoint      ] Application time: 1.0000757 seconds
[224.816s][info ][safepoint      ] Entering safepoint region: Cleanup
[224.816s][info ][safepoint      ] Leaving safepoint region
[224.816s][info ][safepoint      ] Total time for which application threads were stopped: 0.0001122 seconds, Stopping threads took: 0.0000475 seconds
[225.817s][info ][safepoint      ] Application time: 1.0000259 seconds
[225.817s][info ][safepoint      ] Entering safepoint region: Cleanup
[225.817s][info ][safepoint      ] Leaving safepoint region
[225.817s][info ][safepoint      ] Total time for which application threads were stopped: 0.0001207 seconds, Stopping threads took: 0.0000455 seconds
[227.817s][info ][safepoint      ] Application time: 2.0001464 seconds
[227.817s][info ][safepoint      ] Entering safepoint region: Cleanup
[227.817s][info ][safepoint      ] Leaving safepoint region
[227.817s][info ][safepoint      ] Total time for which application threads were stopped: 0.0001126 seconds, Stopping threads took: 0.0000469 seconds
[228.123s][info ][safepoint      ] Application time: 0.3060846 seconds
[228.123s][info ][safepoint      ] Entering safepoint region: ParallelGCFailedAllocation
[228.123s][info ][gc,start       ] GC(62) Pause Young (Allocation Failure)
[228.132s][debug][gc,phases      ] GC(62) Scavenge 8.890ms
[228.132s][debug][gc,ref         ] GC(62) Skipped phase1 of Reference Processing due to unavailable references
[228.132s][debug][gc,ref         ] GC(62) Skipped phase3 of Reference Processing due to unavailable references
[228.132s][debug][gc,phases      ] GC(62) Reference Processing 0.036ms
[228.132s][debug][gc,phases      ] GC(62) Weak Processing 0.145ms
[228.133s][debug][gc,phases      ] GC(62) Scrub String Table 0.438ms
[228.133s][debug][gc,age         ] GC(62) Desired survivor size 113770496 bytes, new threshold 15 (max threshold 15)
[228.133s][info ][gc,heap        ] GC(62) PSYoungGen: 1904019K->32083K(1982976K)
[228.133s][info ][gc,heap        ] GC(62) ParOldGen: 277662K->279950K(349696K)
[228.133s][info ][gc,metaspace   ] GC(62) Metaspace: 73889K->73889K(1116160K)
[228.133s][info ][gc             ] GC(62) Pause Young (Allocation Failure) 2130M->304M(2278M) 9.638ms
[228.133s][info ][gc,cpu         ] GC(62) User=0.03s Sys=0.00s Real=0.01s
[228.133s][info ][safepoint      ] Leaving safepoint region
[228.133s][info ][safepoint      ] Total time for which application threads were stopped: 0.0098098 seconds, Stopping threads took: 0.0000127 seconds
[230.133s][info ][safepoint      ] Application time: 2.0001048 seconds
[230.133s][info ][safepoint      ] Entering safepoint region: Cleanup
[230.133s][info ][safepoint      ] Leaving safepoint region
[230.133s][info ][safepoint      ] Total time for which application threads were stopped: 0.0000669 seconds, Stopping threads took: 0.0000124 seconds
[231.133s][info ][safepoint      ] Application time: 1.0000653 seconds
[231.133s][info ][safepoint      ] Entering safepoint region: Cleanup
[231.133s][info ][safepoint      ] Leaving safepoint region
[231.133s][info ][safepoint      ] Total time for which application threads were stopped: 0.0000816 seconds, Stopping threads took: 0.0000275 seconds
[232.133s][info ][safepoint      ] Application time: 1.0000655 seconds
[232.133s][info ][safepoint      ] Entering safepoint region: Cleanup
[232.134s][info ][safepoint      ] Leaving safepoint region
[232.134s][info ][safepoint      ] Total time for which application threads were stopped: 0.0000841 seconds, Stopping threads took: 0.0000210 seconds
[233.134s][info ][safepoint      ] Application time: 1.0000665 seconds
[233.134s][info ][safepoint      ] Entering safepoint region: Cleanup
[233.134s][info ][safepoint      ] Leaving safepoint region
[233.134s][info ][safepoint      ] Total time for which application threads were stopped: 0.0000722 seconds, Stopping threads took: 0.0000130 seconds
[234.134s][info ][safepoint      ] Application time: 1.0000378 seconds
[234.134s][info ][safepoint      ] Entering safepoint region: Cleanup
[234.134s][info ][safepoint      ] Leaving safepoint region
[234.134s][info ][safepoint      ] Total time for which application threads were stopped: 0.0000833 seconds, Stopping threads took: 0.0000126 seconds
[235.134s][info ][safepoint      ] Application time: 1.0000522 seconds
[235.134s][info ][safepoint      ] Entering safepoint region: Cleanup
[235.134s][info ][safepoint      ] Leaving safepoint region
[235.134s][info ][safepoint      ] Total time for which application threads were stopped: 0.0000778 seconds, Stopping threads took: 0.0000202 seconds
[236.134s][info ][safepoint      ] Application time: 1.0000674 seconds
[236.134s][info ][safepoint      ] Entering safepoint region: Cleanup
[236.134s][info ][safepoint      ] Leaving safepoint region
[236.134s][info ][safepoint      ] Total time for which application threads were stopped: 0.0000766 seconds, Stopping threads took: 0.0000128 seconds
[238.654s][info ][safepoint      ] Application time: 2.5197756 seconds
[238.654s][info ][safepoint      ] Entering safepoint region: ParallelGCFailedAllocation
[238.654s][info ][gc,start       ] GC(63) Pause Young (Allocation Failure)
[238.663s][debug][gc,phases      ] GC(63) Scavenge 8.898ms
[238.663s][debug][gc,ref         ] GC(63) Skipped phase1 of Reference Processing due to unavailable references
[238.663s][debug][gc,ref         ] GC(63) Skipped phase3 of Reference Processing due to unavailable references
[238.663s][debug][gc,phases      ] GC(63) Reference Processing 0.037ms
[238.663s][debug][gc,phases      ] GC(63) Weak Processing 0.133ms
[238.664s][debug][gc,phases      ] GC(63) Scrub String Table 0.456ms
[238.664s][debug][gc,age         ] GC(63) Desired survivor size 111673344 bytes, new threshold 15 (max threshold 15)
[238.664s][info ][gc,heap        ] GC(63) PSYoungGen: 1902419K->31987K(1988096K)
[238.664s][info ][gc,heap        ] GC(63) ParOldGen: 279950K->280102K(349696K)
[238.664s][info ][gc,metaspace   ] GC(63) Metaspace: 73912K->73912K(1116160K)
[238.664s][info ][gc             ] GC(63) Pause Young (Allocation Failure) 2131M->304M(2283M) 9.656ms
[238.664s][info ][gc,cpu         ] GC(63) User=0.03s Sys=0.00s Real=0.01s
[238.664s][info ][safepoint      ] Leaving safepoint region
[238.664s][info ][safepoint      ] Total time for which application threads were stopped: 0.0098245 seconds, Stopping threads took: 0.0000131 seconds
[240.664s][info ][safepoint      ] Application time: 2.0001407 seconds
[240.664s][info ][safepoint      ] Entering safepoint region: Cleanup
[240.664s][info ][safepoint      ] Leaving safepoint region
[240.664s][info ][safepoint      ] Total time for which application threads were stopped: 0.0001141 seconds, Stopping threads took: 0.0000406 seconds
[241.664s][info ][safepoint      ] Application time: 1.0000896 seconds
[241.664s][info ][safepoint      ] Entering safepoint region: Cleanup
[241.664s][info ][safepoint      ] Leaving safepoint region
[241.664s][info ][safepoint      ] Total time for which application threads were stopped: 0.0001119 seconds, Stopping threads took: 0.0000334 seconds
[242.664s][info ][safepoint      ] Application time: 1.0000719 seconds
[242.665s][info ][safepoint      ] Entering safepoint region: Cleanup
[242.665s][info ][safepoint      ] Leaving safepoint region
[242.665s][info ][safepoint      ] Total time for which application threads were stopped: 0.0001296 seconds, Stopping threads took: 0.0000425 seconds
[243.665s][info ][safepoint      ] Application time: 1.0000786 seconds
[243.665s][info ][safepoint      ] Entering safepoint region: Cleanup
[243.665s][info ][safepoint      ] Leaving safepoint region
[243.665s][info ][safepoint      ] Total time for which application threads were stopped: 0.0001153 seconds, Stopping threads took: 0.0000364 seconds
[244.665s][info ][safepoint      ] Application time: 1.0000768 seconds
[244.665s][info ][safepoint      ] Entering safepoint region: Cleanup
[244.665s][info ][safepoint      ] Leaving safepoint region
[244.665s][info ][safepoint      ] Total time for which application threads were stopped: 0.0001102 seconds, Stopping threads took: 0.0000332 seconds
[245.665s][info ][safepoint      ] Application time: 1.0000843 seconds
[245.665s][info ][safepoint      ] Entering safepoint region: Cleanup
[245.665s][info ][safepoint      ] Leaving safepoint region
[245.665s][info ][safepoint      ] Total time for which application threads were stopped: 0.0001052 seconds, Stopping threads took: 0.0000369 seconds
[246.665s][info ][safepoint      ] Application time: 1.0000781 seconds
[246.666s][info ][safepoint      ] Entering safepoint region: Cleanup
[246.666s][info ][safepoint      ] Leaving safepoint region
[246.666s][info ][safepoint      ] Total time for which application threads were stopped: 0.0001231 seconds, Stopping threads took: 0.0000457 seconds
[247.666s][info ][safepoint      ] Application time: 1.0000764 seconds
[247.666s][info ][safepoint      ] Entering safepoint region: Cleanup
[247.666s][info ][safepoint      ] Leaving safepoint region
[247.666s][info ][safepoint      ] Total time for which application threads were stopped: 0.0000987 seconds, Stopping threads took: 0.0000325 seconds
[248.666s][info ][safepoint      ] Application time: 1.0000764 seconds
[248.666s][info ][safepoint      ] Entering safepoint region: Cleanup
[248.666s][info ][safepoint      ] Leaving safepoint region
[248.666s][info ][safepoint      ] Total time for which application threads were stopped: 0.0001076 seconds, Stopping threads took: 0.0000392 seconds
[249.003s][info ][safepoint      ] Application time: 0.3365417 seconds
[249.003s][info ][safepoint      ] Entering safepoint region: ParallelGCFailedAllocation
[249.003s][info ][gc,start       ] GC(64) Pause Young (Allocation Failure)
[249.012s][debug][gc,phases      ] GC(64) Scavenge 9.607ms
[249.012s][debug][gc,ref         ] GC(64) Skipped phase1 of Reference Processing due to unavailable references
[249.012s][debug][gc,ref         ] GC(64) Skipped phase3 of Reference Processing due to unavailable references
[249.012s][debug][gc,phases      ] GC(64) Reference Processing 0.038ms
[249.013s][debug][gc,phases      ] GC(64) Weak Processing 0.134ms
[249.013s][debug][gc,phases      ] GC(64) Scrub String Table 0.414ms
[249.013s][debug][gc,age         ] GC(64) Desired survivor size 112721920 bytes, new threshold 15 (max threshold 15)
[249.013s][info ][gc,heap        ] GC(64) PSYoungGen: 1908979K->12352K(1986048K)
[249.013s][info ][gc,heap        ] GC(64) ParOldGen: 280102K->300010K(349696K)
[249.013s][info ][gc,metaspace   ] GC(64) Metaspace: 73925K->73925K(1116160K)
[249.013s][info ][gc             ] GC(64) Pause Young (Allocation Failure) 2137M->305M(2281M) 10.319ms
[249.013s][info ][gc,cpu         ] GC(64) User=0.04s Sys=0.00s Real=0.01s
[249.013s][info ][safepoint      ] Leaving safepoint region
[249.013s][info ][safepoint      ] Total time for which application threads were stopped: 0.0104792 seconds, Stopping threads took: 0.0000128 seconds
[250.013s][info ][safepoint      ] Application time: 1.0000846 seconds
[250.013s][info ][safepoint      ] Entering safepoint region: Cleanup
[250.013s][info ][safepoint      ] Leaving safepoint region
[250.013s][info ][safepoint      ] Total time for which application threads were stopped: 0.0001259 seconds, Stopping threads took: 0.0000352 seconds
[251.013s][info ][safepoint      ] Application time: 1.0000820 seconds
[251.014s][info ][safepoint      ] Entering safepoint region: Cleanup
[251.014s][info ][safepoint      ] Leaving safepoint region
[251.014s][info ][safepoint      ] Total time for which application threads were stopped: 0.0001051 seconds, Stopping threads took: 0.0000367 seconds
[252.014s][info ][safepoint      ] Application time: 1.0000302 seconds
[252.014s][info ][safepoint      ] Entering safepoint region: Cleanup
[252.014s][info ][safepoint      ] Leaving safepoint region
[252.014s][info ][safepoint      ] Total time for which application threads were stopped: 0.0001179 seconds, Stopping threads took: 0.0000343 seconds
[253.014s][info ][safepoint      ] Application time: 1.0000738 seconds
[253.014s][info ][safepoint      ] Entering safepoint region: Cleanup
[253.014s][info ][safepoint      ] Leaving safepoint region
[253.014s][info ][safepoint      ] Total time for which application threads were stopped: 0.0000951 seconds, Stopping threads took: 0.0000347 seconds
[254.014s][info ][safepoint      ] Application time: 1.0000810 seconds
[254.014s][info ][safepoint      ] Entering safepoint region: Cleanup
[254.014s][info ][safepoint      ] Leaving safepoint region
[254.014s][info ][safepoint      ] Total time for which application threads were stopped: 0.0001501 seconds, Stopping threads took: 0.0000563 seconds
[255.014s][info ][safepoint      ] Application time: 1.0000724 seconds
[255.014s][info ][safepoint      ] Entering safepoint region: Cleanup
[255.015s][info ][safepoint      ] Leaving safepoint region
[255.015s][info ][safepoint      ] Total time for which application threads were stopped: 0.0001408 seconds, Stopping threads took: 0.0000455 seconds
[256.015s][info ][safepoint      ] Application time: 1.0000733 seconds
[256.015s][info ][safepoint      ] Entering safepoint region: Cleanup
[256.015s][info ][safepoint      ] Leaving safepoint region
[256.015s][info ][safepoint      ] Total time for which application threads were stopped: 0.0001341 seconds, Stopping threads took: 0.0000547 seconds
[257.015s][info ][safepoint      ] Application time: 1.0000716 seconds
[257.015s][info ][safepoint      ] Entering safepoint region: Cleanup
[257.015s][info ][safepoint      ] Leaving safepoint region
[257.015s][info ][safepoint      ] Total time for which application threads were stopped: 0.0001090 seconds, Stopping threads took: 0.0000326 seconds
[258.015s][info ][safepoint      ] Application time: 1.0000773 seconds
[258.015s][info ][safepoint      ] Entering safepoint region: Cleanup
[258.015s][info ][safepoint      ] Leaving safepoint region
[258.015s][info ][safepoint      ] Total time for which application threads were stopped: 0.0001173 seconds, Stopping threads took: 0.0000399 seconds
[259.015s][info ][safepoint      ] Application time: 1.0000692 seconds
[259.015s][info ][safepoint      ] Entering safepoint region: Cleanup
[259.015s][info ][safepoint      ] Leaving safepoint region
[259.015s][info ][safepoint      ] Total time for which application threads were stopped: 0.0001046 seconds, Stopping threads took: 0.0000334 seconds
[259.110s][info ][safepoint      ] Application time: 0.0940219 seconds
[259.110s][info ][safepoint      ] Entering safepoint region: ParallelGCFailedAllocation
[259.110s][info ][gc,start       ] GC(65) Pause Young (Allocation Failure)
[259.117s][debug][gc,phases      ] GC(65) Scavenge 7.054ms
[259.117s][debug][gc,ref         ] GC(65) Skipped phase1 of Reference Processing due to unavailable references
[259.117s][debug][gc,ref         ] GC(65) Skipped phase3 of Reference Processing due to unavailable references
[259.117s][debug][gc,phases      ] GC(65) Reference Processing 0.036ms
[259.117s][debug][gc,phases      ] GC(65) Weak Processing 0.142ms
[259.117s][debug][gc,phases      ] GC(65) Scrub String Table 0.458ms
[259.118s][debug][gc,age         ] GC(65) Desired survivor size 112197632 bytes, new threshold 15 (max threshold 15)
[259.118s][info ][gc,heap        ] GC(65) PSYoungGen: 1889344K->13184K(1987584K)
[259.118s][info ][gc,heap        ] GC(65) ParOldGen: 300010K->300259K(349696K)
[259.118s][info ][gc,metaspace   ] GC(65) Metaspace: 73968K->73968K(1116160K)
[259.118s][info ][gc             ] GC(65) Pause Young (Allocation Failure) 2138M->306M(2282M) 7.867ms
[259.118s][info ][gc,cpu         ] GC(65) User=0.03s Sys=0.00s Real=0.01s
[259.118s][info ][safepoint      ] Leaving safepoint region
[259.118s][info ][safepoint      ] Total time for which application threads were stopped: 0.0080665 seconds, Stopping threads took: 0.0000200 seconds
[260.118s][info ][safepoint      ] Application time: 1.0000546 seconds
[260.118s][info ][safepoint      ] Entering safepoint region: Cleanup
[260.118s][info ][safepoint      ] Leaving safepoint region
[260.118s][info ][safepoint      ] Total time for which application threads were stopped: 0.0001037 seconds, Stopping threads took: 0.0000320 seconds
[261.118s][info ][safepoint      ] Application time: 1.0000683 seconds
[261.118s][info ][safepoint      ] Entering safepoint region: Cleanup
[261.118s][info ][safepoint      ] Leaving safepoint region
[261.118s][info ][safepoint      ] Total time for which application threads were stopped: 0.0001114 seconds, Stopping threads took: 0.0000369 seconds
[262.118s][info ][safepoint      ] Application time: 1.0000771 seconds
[262.118s][info ][safepoint      ] Entering safepoint region: Cleanup
[262.118s][info ][safepoint      ] Leaving safepoint region
[262.118s][info ][safepoint      ] Total time for which application threads were stopped: 0.0000909 seconds, Stopping threads took: 0.0000318 seconds
[263.118s][info ][safepoint      ] Application time: 1.0000669 seconds
[263.118s][info ][safepoint      ] Entering safepoint region: Cleanup
[263.118s][info ][safepoint      ] Leaving safepoint region
[263.118s][info ][safepoint      ] Total time for which application threads were stopped: 0.0001174 seconds, Stopping threads took: 0.0000332 seconds
[264.119s][info ][safepoint      ] Application time: 1.0000672 seconds
[264.119s][info ][safepoint      ] Entering safepoint region: Cleanup
[264.119s][info ][safepoint      ] Leaving safepoint region
[264.119s][info ][safepoint      ] Total time for which application threads were stopped: 0.0001155 seconds, Stopping threads took: 0.0000468 seconds
[264.368s][info ][safepoint      ] Application time: 0.2495283 seconds
[264.368s][info ][safepoint      ] Entering safepoint region: RevokeBias
[264.368s][info ][safepoint      ] Leaving safepoint region
[264.368s][info ][safepoint      ] Total time for which application threads were stopped: 0.0001111 seconds, Stopping threads took: 0.0000409 seconds
[265.368s][info ][safepoint      ] Application time: 1.0000741 seconds
[265.369s][info ][safepoint      ] Entering safepoint region: Cleanup
[265.369s][info ][safepoint      ] Leaving safepoint region
[265.369s][info ][safepoint      ] Total time for which application threads were stopped: 0.0000980 seconds, Stopping threads took: 0.0000316 seconds
[266.369s][info ][safepoint      ] Application time: 1.0000774 seconds
[266.369s][info ][safepoint      ] Entering safepoint region: Cleanup
[266.369s][info ][safepoint      ] Leaving safepoint region
[266.369s][info ][safepoint      ] Total time for which application threads were stopped: 0.0000983 seconds, Stopping threads took: 0.0000381 seconds
[267.369s][info ][safepoint      ] Application time: 1.0000718 seconds
[267.369s][info ][safepoint      ] Entering safepoint region: Cleanup
[267.369s][info ][safepoint      ] Leaving safepoint region
[267.369s][info ][safepoint      ] Total time for which application threads were stopped: 0.0001493 seconds, Stopping threads took: 0.0000625 seconds
[268.369s][info ][safepoint      ] Application time: 1.0000710 seconds
[268.369s][info ][safepoint      ] Entering safepoint region: Cleanup
[268.369s][info ][safepoint      ] Leaving safepoint region
[268.369s][info ][safepoint      ] Total time for which application threads were stopped: 0.0001026 seconds, Stopping threads took: 0.0000326 seconds
[268.421s][info ][safepoint      ] Application time: 0.0519379 seconds
[268.421s][info ][safepoint      ] Entering safepoint region: ParallelGCFailedAllocation
[268.421s][info ][gc,start       ] GC(66) Pause Young (Allocation Failure)
[268.429s][debug][gc,phases      ] GC(66) Scavenge 7.606ms
[268.429s][debug][gc,ref         ] GC(66) Skipped phase1 of Reference Processing due to unavailable references
[268.429s][debug][gc,ref         ] GC(66) Skipped phase3 of Reference Processing due to unavailable references
[268.429s][debug][gc,phases      ] GC(66) Reference Processing 0.030ms
[268.429s][debug][gc,phases      ] GC(66) Weak Processing 0.118ms
[268.430s][debug][gc,phases      ] GC(66) Scrub String Table 0.426ms
[268.430s][debug][gc,age         ] GC(66) Desired survivor size 109576192 bytes, new threshold 15 (max threshold 15)
[268.430s][info ][gc,heap        ] GC(66) PSYoungGen: 1890688K->19184K(1987072K)
[268.430s][info ][gc,heap        ] GC(66) ParOldGen: 300259K->300371K(349696K)
[268.430s][info ][gc,metaspace   ] GC(66) Metaspace: 73977K->73977K(1116160K)
[268.430s][info ][gc             ] GC(66) Pause Young (Allocation Failure) 2139M->312M(2282M) 8.301ms
[268.430s][info ][gc,cpu         ] GC(66) User=0.03s Sys=0.00s Real=0.00s
[268.430s][info ][safepoint      ] Leaving safepoint region
[268.430s][info ][safepoint      ] Total time for which application threads were stopped: 0.0084523 seconds, Stopping threads took: 0.0000129 seconds
[269.430s][info ][safepoint      ] Application time: 1.0000703 seconds
[269.430s][info ][safepoint      ] Entering safepoint region: Cleanup
[269.430s][info ][safepoint      ] Leaving safepoint region
[269.430s][info ][safepoint      ] Total time for which application threads were stopped: 0.0000674 seconds, Stopping threads took: 0.0000128 seconds
[270.430s][info ][safepoint      ] Application time: 1.0000653 seconds
[270.430s][info ][safepoint      ] Entering safepoint region: Cleanup
[270.430s][info ][safepoint      ] Leaving safepoint region
[270.430s][info ][safepoint      ] Total time for which application threads were stopped: 0.0000703 seconds, Stopping threads took: 0.0000121 seconds
[271.430s][info ][safepoint      ] Application time: 1.0000683 seconds
[271.430s][info ][safepoint      ] Entering safepoint region: Cleanup
[271.430s][info ][safepoint      ] Leaving safepoint region
[271.430s][info ][safepoint      ] Total time for which application threads were stopped: 0.0000720 seconds, Stopping threads took: 0.0000120 seconds
[272.430s][info ][safepoint      ] Application time: 1.0000243 seconds
[272.430s][info ][safepoint      ] Entering safepoint region: Cleanup
[272.430s][info ][safepoint      ] Leaving safepoint region
[272.430s][info ][safepoint      ] Total time for which application threads were stopped: 0.0001204 seconds, Stopping threads took: 0.0000474 seconds
[273.431s][info ][safepoint      ] Application time: 1.0000725 seconds
[273.431s][info ][safepoint      ] Entering safepoint region: Cleanup
[273.431s][info ][safepoint      ] Leaving safepoint region
[273.431s][info ][safepoint      ] Total time for which application threads were stopped: 0.0000945 seconds, Stopping threads took: 0.0000323 seconds
[274.431s][info ][safepoint      ] Application time: 1.0000781 seconds
[274.431s][info ][safepoint      ] Entering safepoint region: Cleanup
[274.431s][info ][safepoint      ] Leaving safepoint region
[274.431s][info ][safepoint      ] Total time for which application threads were stopped: 0.0000948 seconds, Stopping threads took: 0.0000232 seconds
[275.431s][info ][safepoint      ] Application time: 1.0000712 seconds
[275.431s][info ][safepoint      ] Entering safepoint region: Cleanup
[275.431s][info ][safepoint      ] Leaving safepoint region
[275.431s][info ][safepoint      ] Total time for which application threads were stopped: 0.0001083 seconds, Stopping threads took: 0.0000353 seconds
[276.431s][info ][safepoint      ] Application time: 1.0000514 seconds
[276.431s][info ][safepoint      ] Entering safepoint region: Cleanup
[276.431s][info ][safepoint      ] Leaving safepoint region
[276.431s][info ][safepoint      ] Total time for which application threads were stopped: 0.0000626 seconds, Stopping threads took: 0.0000131 seconds
[277.069s][info ][safepoint      ] Application time: 0.6376434 seconds
[277.069s][info ][safepoint      ] Entering safepoint region: ParallelGCFailedAllocation
[277.069s][info ][gc,start       ] GC(67) Pause Young (Allocation Failure)
[277.078s][debug][gc,phases      ] GC(67) Scavenge 8.755ms
[277.078s][debug][gc,ref         ] GC(67) Skipped phase1 of Reference Processing due to unavailable references
[277.078s][debug][gc,ref         ] GC(67) Skipped phase3 of Reference Processing due to unavailable references
[277.078s][debug][gc,phases      ] GC(67) Reference Processing 0.031ms
[277.078s][debug][gc,phases      ] GC(67) Weak Processing 0.129ms
[277.079s][debug][gc,phases      ] GC(67) Scrub String Table 0.430ms
[277.079s][debug][gc,age         ] GC(67) Desired survivor size 106430464 bytes, new threshold 15 (max threshold 15)
[277.079s][info ][gc,heap        ] GC(67) PSYoungGen: 1896688K->21536K(1993216K)
[277.079s][info ][gc,heap        ] GC(67) ParOldGen: 300371K->300471K(349696K)
[277.079s][info ][gc,metaspace   ] GC(67) Metaspace: 74023K->74023K(1116160K)
[277.079s][info ][gc             ] GC(67) Pause Young (Allocation Failure) 2145M->314M(2288M) 9.463ms
[277.079s][info ][gc,cpu         ] GC(67) User=0.03s Sys=0.00s Real=0.01s
[277.079s][info ][safepoint      ] Leaving safepoint region
[277.079s][info ][safepoint      ] Total time for which application threads were stopped: 0.0096238 seconds, Stopping threads took: 0.0000133 seconds
[278.079s][info ][safepoint      ] Application time: 1.0000731 seconds
[278.079s][info ][safepoint      ] Entering safepoint region: Cleanup
[278.079s][info ][safepoint      ] Leaving safepoint region
[278.079s][info ][safepoint      ] Total time for which application threads were stopped: 0.0000655 seconds, Stopping threads took: 0.0000127 seconds
[279.079s][info ][safepoint      ] Application time: 1.0000664 seconds
[279.079s][info ][safepoint      ] Entering safepoint region: Cleanup
[279.079s][info ][safepoint      ] Leaving safepoint region
[279.079s][info ][safepoint      ] Total time for which application threads were stopped: 0.0000561 seconds, Stopping threads took: 0.0000122 seconds
[280.079s][info ][safepoint      ] Application time: 1.0000684 seconds
[280.079s][info ][safepoint      ] Entering safepoint region: Cleanup
[280.079s][info ][safepoint      ] Leaving safepoint region
[280.079s][info ][safepoint      ] Total time for which application threads were stopped: 0.0000696 seconds, Stopping threads took: 0.0000130 seconds
[281.079s][info ][safepoint      ] Application time: 1.0000538 seconds
[281.079s][info ][safepoint      ] Entering safepoint region: Cleanup
[281.079s][info ][safepoint      ] Leaving safepoint region
[281.079s][info ][safepoint      ] Total time for which application threads were stopped: 0.0000629 seconds, Stopping threads took: 0.0000125 seconds
[282.079s][info ][safepoint      ] Application time: 1.0000691 seconds
[282.079s][info ][safepoint      ] Entering safepoint region: Cleanup
[282.079s][info ][safepoint      ] Leaving safepoint region
[282.079s][info ][safepoint      ] Total time for which application threads were stopped: 0.0000816 seconds, Stopping threads took: 0.0000246 seconds
[283.079s][info ][safepoint      ] Application time: 1.0000729 seconds
[283.080s][info ][safepoint      ] Entering safepoint region: Cleanup
[283.080s][info ][safepoint      ] Leaving safepoint region
[283.080s][info ][safepoint      ] Total time for which application threads were stopped: 0.0000934 seconds, Stopping threads took: 0.0000359 seconds
[285.080s][info ][safepoint      ] Application time: 2.0001315 seconds
[285.080s][info ][safepoint      ] Entering safepoint region: Cleanup
[285.080s][info ][safepoint      ] Leaving safepoint region
[285.080s][info ][safepoint      ] Total time for which application threads were stopped: 0.0000821 seconds, Stopping threads took: 0.0000133 seconds
[285.875s][info ][safepoint      ] Application time: 0.7948231 seconds
[285.875s][info ][safepoint      ] Entering safepoint region: ParallelGCFailedAllocation
[285.875s][info ][gc,start       ] GC(68) Pause Young (Allocation Failure)
[285.882s][debug][gc,phases      ] GC(68) Scavenge 7.337ms
[285.882s][debug][gc,ref         ] GC(68) Skipped phase1 of Reference Processing due to unavailable references
[285.882s][debug][gc,ref         ] GC(68) Skipped phase3 of Reference Processing due to unavailable references
[285.882s][debug][gc,phases      ] GC(68) Reference Processing 0.030ms
[285.882s][debug][gc,phases      ] GC(68) Weak Processing 0.139ms
[285.883s][debug][gc,phases      ] GC(68) Scrub String Table 0.420ms
[285.883s][debug][gc,age         ] GC(68) Desired survivor size 103284736 bytes, new threshold 15 (max threshold 15)
[285.883s][info ][gc,heap        ] GC(68) PSYoungGen: 1907744K->20768K(1990144K)
[285.883s][info ][gc,heap        ] GC(68) ParOldGen: 300471K->301519K(349696K)
[285.883s][info ][gc,metaspace   ] GC(68) Metaspace: 74027K->74027K(1116160K)
[285.883s][info ][gc             ] GC(68) Pause Young (Allocation Failure) 2156M->314M(2285M) 8.051ms
[285.883s][info ][gc,cpu         ] GC(68) User=0.03s Sys=0.00s Real=0.01s
[285.883s][info ][safepoint      ] Leaving safepoint region
[285.883s][info ][safepoint      ] Total time for which application threads were stopped: 0.0082049 seconds, Stopping threads took: 0.0000179 seconds
[286.883s][info ][safepoint      ] Application time: 1.0000783 seconds
[286.883s][info ][safepoint      ] Entering safepoint region: Cleanup
[286.883s][info ][safepoint      ] Leaving safepoint region
[286.883s][info ][safepoint      ] Total time for which application threads were stopped: 0.0000666 seconds, Stopping threads took: 0.0000139 seconds
[290.883s][info ][safepoint      ] Application time: 4.0002697 seconds
[290.883s][info ][safepoint      ] Entering safepoint region: Cleanup
[290.883s][info ][safepoint      ] Leaving safepoint region
[290.883s][info ][safepoint      ] Total time for which application threads were stopped: 0.0000904 seconds, Stopping threads took: 0.0000380 seconds
[292.884s][info ][safepoint      ] Application time: 2.0001010 seconds
[292.884s][info ][safepoint      ] Entering safepoint region: Cleanup
[292.884s][info ][safepoint      ] Leaving safepoint region
[292.884s][info ][safepoint      ] Total time for which application threads were stopped: 0.0000843 seconds, Stopping threads took: 0.0000175 seconds
[295.024s][info ][safepoint      ] Application time: 2.1397913 seconds
[295.024s][info ][safepoint      ] Entering safepoint region: ParallelGCFailedAllocation
[295.024s][info ][gc,start       ] GC(69) Pause Young (Allocation Failure)
[295.031s][debug][gc,phases      ] GC(69) Scavenge 7.629ms
[295.031s][debug][gc,ref         ] GC(69) Skipped phase1 of Reference Processing due to unavailable references
[295.031s][debug][gc,ref         ] GC(69) Skipped phase3 of Reference Processing due to unavailable references
[295.031s][debug][gc,phases      ] GC(69) Reference Processing 0.027ms
[295.032s][debug][gc,phases      ] GC(69) Weak Processing 0.135ms
[295.032s][debug][gc,phases      ] GC(69) Scrub String Table 0.392ms
[295.032s][debug][gc,age         ] GC(69) Desired survivor size 100139008 bytes, new threshold 15 (max threshold 15)
[295.032s][info ][gc,heap        ] GC(69) PSYoungGen: 1906976K->18160K(1999360K)
[295.032s][info ][gc,heap        ] GC(69) ParOldGen: 301519K->304031K(349696K)
[295.032s][info ][gc,metaspace   ] GC(69) Metaspace: 74030K->74030K(1116160K)
[295.032s][info ][gc             ] GC(69) Pause Young (Allocation Failure) 2156M->314M(2294M) 8.302ms
[295.032s][info ][gc,cpu         ] GC(69) User=0.03s Sys=0.00s Real=0.00s
[295.032s][info ][safepoint      ] Leaving safepoint region
[295.032s][info ][safepoint      ] Total time for which application threads were stopped: 0.0084650 seconds, Stopping threads took: 0.0000137 seconds
[297.032s][info ][safepoint      ] Application time: 2.0001455 seconds
[297.032s][info ][safepoint      ] Entering safepoint region: Cleanup
[297.032s][info ][safepoint      ] Leaving safepoint region
[297.032s][info ][safepoint      ] Total time for which application threads were stopped: 0.0000855 seconds, Stopping threads took: 0.0000126 seconds
[300.032s][info ][safepoint      ] Application time: 3.0002025 seconds
[300.033s][info ][safepoint      ] Entering safepoint region: Cleanup
[300.033s][info ][safepoint      ] Leaving safepoint region
[300.033s][info ][safepoint      ] Total time for which application threads were stopped: 0.0000719 seconds, Stopping threads took: 0.0000122 seconds
[301.033s][info ][safepoint      ] Application time: 1.0000640 seconds
[301.033s][info ][safepoint      ] Entering safepoint region: Cleanup
[301.033s][info ][safepoint      ] Leaving safepoint region
[301.033s][info ][safepoint      ] Total time for which application threads were stopped: 0.0000739 seconds, Stopping threads took: 0.0000122 seconds
[302.033s][info ][safepoint      ] Application time: 1.0000771 seconds
[302.033s][info ][safepoint      ] Entering safepoint region: Cleanup
[302.033s][info ][safepoint      ] Leaving safepoint region
[302.033s][info ][safepoint      ] Total time for which application threads were stopped: 0.0000731 seconds, Stopping threads took: 0.0000127 seconds
[305.021s][info ][safepoint      ] Application time: 2.9880253 seconds
[305.021s][info ][safepoint      ] Entering safepoint region: ParallelGCFailedAllocation
[305.021s][info ][gc,start       ] GC(70) Pause Young (Allocation Failure)
[305.028s][debug][gc,phases      ] GC(70) Scavenge 7.179ms
[305.028s][debug][gc,ref         ] GC(70) Skipped phase1 of Reference Processing due to unavailable references
[305.028s][debug][gc,ref         ] GC(70) Skipped phase3 of Reference Processing due to unavailable references
[305.028s][debug][gc,phases      ] GC(70) Reference Processing 0.039ms
[305.029s][debug][gc,phases      ] GC(70) Weak Processing 0.137ms
[305.029s][debug][gc,phases      ] GC(70) Scrub String Table 0.425ms
[305.029s][debug][gc,age         ] GC(70) Desired survivor size 96993280 bytes, new threshold 15 (max threshold 15)
[305.029s][info ][gc,heap        ] GC(70) PSYoungGen: 1916656K->16144K(1996288K)
[305.029s][info ][gc,heap        ] GC(70) ParOldGen: 304031K->306288K(349696K)
[305.029s][info ][gc,metaspace   ] GC(70) Metaspace: 74041K->74041K(1116160K)
[305.029s][info ][gc             ] GC(70) Pause Young (Allocation Failure) 2168M->314M(2291M) 7.903ms
[305.029s][info ][gc,cpu         ] GC(70) User=0.03s Sys=0.00s Real=0.00s
[305.029s][info ][safepoint      ] Leaving safepoint region
[305.029s][info ][safepoint      ] Total time for which application threads were stopped: 0.0080733 seconds, Stopping threads took: 0.0000130 seconds
[307.029s][info ][safepoint      ] Application time: 2.0001024 seconds
[307.029s][info ][safepoint      ] Entering safepoint region: Cleanup
[307.029s][info ][safepoint      ] Leaving safepoint region
[307.029s][info ][safepoint      ] Total time for which application threads were stopped: 0.0000957 seconds, Stopping threads took: 0.0000123 seconds
[311.030s][info ][safepoint      ] Application time: 4.0002657 seconds
[311.030s][info ][safepoint      ] Entering safepoint region: Cleanup
[311.030s][info ][safepoint      ] Leaving safepoint region
[311.030s][info ][safepoint      ] Total time for which application threads were stopped: 0.0000718 seconds, Stopping threads took: 0.0000126 seconds
[312.030s][info ][safepoint      ] Application time: 1.0000657 seconds
[312.030s][info ][safepoint      ] Entering safepoint region: Cleanup
[312.030s][info ][safepoint      ] Leaving safepoint region
[312.030s][info ][safepoint      ] Total time for which application threads were stopped: 0.0000728 seconds, Stopping threads took: 0.0000131 seconds
[313.030s][info ][safepoint      ] Application time: 1.0000737 seconds
[313.030s][info ][safepoint      ] Entering safepoint region: Cleanup
[313.030s][info ][safepoint      ] Leaving safepoint region
[313.030s][info ][safepoint      ] Total time for which application threads were stopped: 0.0000819 seconds, Stopping threads took: 0.0000134 seconds
[315.030s][info ][safepoint      ] Application time: 2.0000878 seconds
[315.030s][info ][safepoint      ] Entering safepoint region: Cleanup
[315.030s][info ][safepoint      ] Leaving safepoint region
[315.030s][info ][safepoint      ] Total time for which application threads were stopped: 0.0000662 seconds, Stopping threads took: 0.0000126 seconds
[315.213s][info ][safepoint      ] Application time: 0.1824574 seconds
[315.213s][info ][safepoint      ] Entering safepoint region: ParallelGCFailedAllocation
[315.213s][info ][gc,start       ] GC(71) Pause Young (Allocation Failure)
[315.220s][debug][gc,phases      ] GC(71) Scavenge 6.824ms
[315.220s][debug][gc,ref         ] GC(71) Skipped phase1 of Reference Processing due to unavailable references
[315.220s][debug][gc,ref         ] GC(71) Skipped phase3 of Reference Processing due to unavailable references
[315.220s][debug][gc,phases      ] GC(71) Reference Processing 0.029ms
[315.220s][debug][gc,phases      ] GC(71) Weak Processing 0.137ms
[315.220s][debug][gc,phases      ] GC(71) Scrub String Table 0.466ms
[315.220s][debug][gc,age         ] GC(71) Desired survivor size 93847552 bytes, new threshold 15 (max threshold 15)
[315.220s][info ][gc,heap        ] GC(71) PSYoungGen: 1914640K->15920K(2005504K)
[315.220s][info ][gc,heap        ] GC(71) ParOldGen: 306288K->306544K(349696K)
[315.220s][info ][gc,metaspace   ] GC(71) Metaspace: 74079K->74079K(1116160K)
[315.220s][info ][gc             ] GC(71) Pause Young (Allocation Failure) 2168M->314M(2300M) 7.575ms
[315.220s][info ][gc,cpu         ] GC(71) User=0.03s Sys=0.01s Real=0.01s
[315.221s][info ][safepoint      ] Leaving safepoint region
[315.221s][info ][safepoint      ] Total time for which application threads were stopped: 0.0077204 seconds, Stopping threads took: 0.0000127 seconds
[317.221s][info ][safepoint      ] Application time: 2.0001487 seconds
[317.221s][info ][safepoint      ] Entering safepoint region: Cleanup
[317.221s][info ][safepoint      ] Leaving safepoint region
[317.221s][info ][safepoint      ] Total time for which application threads were stopped: 0.0001862 seconds, Stopping threads took: 0.0000307 seconds
[318.221s][info ][safepoint      ] Application time: 1.0000883 seconds
[318.221s][info ][safepoint      ] Entering safepoint region: Cleanup
[318.221s][info ][safepoint      ] Leaving safepoint region
[318.221s][info ][safepoint      ] Total time for which application threads were stopped: 0.0001539 seconds, Stopping threads took: 0.0000611 seconds
[319.221s][info ][safepoint      ] Application time: 1.0000819 seconds
[319.221s][info ][safepoint      ] Entering safepoint region: Cleanup
[319.221s][info ][safepoint      ] Leaving safepoint region
[319.221s][info ][safepoint      ] Total time for which application threads were stopped: 0.0001125 seconds, Stopping threads took: 0.0000423 seconds
[321.222s][info ][safepoint      ] Application time: 2.0001507 seconds
[321.222s][info ][safepoint      ] Entering safepoint region: Cleanup
[321.222s][info ][safepoint      ] Leaving safepoint region
[321.222s][info ][safepoint      ] Total time for which application threads were stopped: 0.0001101 seconds, Stopping threads took: 0.0000367 seconds
[322.222s][info ][safepoint      ] Application time: 1.0000741 seconds
[322.222s][info ][safepoint      ] Entering safepoint region: Cleanup
[322.222s][info ][safepoint      ] Leaving safepoint region
[322.222s][info ][safepoint      ] Total time for which application threads were stopped: 0.0001289 seconds, Stopping threads took: 0.0000345 seconds
[323.222s][info ][safepoint      ] Application time: 1.0000863 seconds
[323.222s][info ][safepoint      ] Entering safepoint region: Cleanup
[323.222s][info ][safepoint      ] Leaving safepoint region
[323.222s][info ][safepoint      ] Total time for which application threads were stopped: 0.0001274 seconds, Stopping threads took: 0.0000548 seconds
[324.222s][info ][safepoint      ] Application time: 1.0000742 seconds
[324.222s][info ][safepoint      ] Entering safepoint region: Cleanup
[324.222s][info ][safepoint      ] Leaving safepoint region
[324.222s][info ][safepoint      ] Total time for which application threads were stopped: 0.0001145 seconds, Stopping threads took: 0.0000387 seconds
[324.257s][info ][safepoint      ] Application time: 0.0349204 seconds
[324.257s][info ][safepoint      ] Entering safepoint region: ParallelGCFailedAllocation
[324.258s][info ][gc,start       ] GC(72) Pause Young (Allocation Failure)
[324.266s][debug][gc,phases      ] GC(72) Scavenge 8.178ms
[324.266s][debug][gc,ref         ] GC(72) Skipped phase1 of Reference Processing due to unavailable references
[324.266s][debug][gc,ref         ] GC(72) Skipped phase3 of Reference Processing due to unavailable references
[324.266s][debug][gc,phases      ] GC(72) Reference Processing 0.028ms
[324.266s][debug][gc,phases      ] GC(72) Weak Processing 0.118ms
[324.266s][debug][gc,phases      ] GC(72) Scrub String Table 0.411ms
[324.266s][debug][gc,age         ] GC(72) Desired survivor size 90177536 bytes, new threshold 15 (max threshold 15)
[324.266s][info ][gc,heap        ] GC(72) PSYoungGen: 1926704K->17952K(2002432K)
[324.266s][info ][gc,heap        ] GC(72) ParOldGen: 306544K->306600K(349696K)
[324.266s][info ][gc,metaspace   ] GC(72) Metaspace: 74113K->74113K(1116160K)
[324.266s][info ][gc             ] GC(72) Pause Young (Allocation Failure) 2180M->316M(2297M) 8.847ms
[324.266s][info ][gc,cpu         ] GC(72) User=0.03s Sys=0.00s Real=0.01s
[324.266s][info ][safepoint      ] Leaving safepoint region
[324.266s][info ][safepoint      ] Total time for which application threads were stopped: 0.0090169 seconds, Stopping threads took: 0.0000142 seconds
[324.368s][info ][safepoint      ] Application time: 0.1017820 seconds
[324.368s][info ][safepoint      ] Entering safepoint region: RevokeBias
[324.368s][info ][safepoint      ] Leaving safepoint region
[324.368s][info ][safepoint      ] Total time for which application threads were stopped: 0.0001411 seconds, Stopping threads took: 0.0000658 seconds
[327.369s][info ][safepoint      ] Application time: 3.0002142 seconds
[327.369s][info ][safepoint      ] Entering safepoint region: Cleanup
[327.369s][info ][safepoint      ] Leaving safepoint region
[327.369s][info ][safepoint      ] Total time for which application threads were stopped: 0.0000936 seconds, Stopping threads took: 0.0000335 seconds
[329.369s][info ][safepoint      ] Application time: 2.0001122 seconds
[329.369s][info ][safepoint      ] Entering safepoint region: Cleanup
[329.369s][info ][safepoint      ] Leaving safepoint region
[329.369s][info ][safepoint      ] Total time for which application threads were stopped: 0.0000958 seconds, Stopping threads took: 0.0000268 seconds
[331.369s][info ][safepoint      ] Application time: 2.0001438 seconds
[331.369s][info ][safepoint      ] Entering safepoint region: Cleanup
[331.369s][info ][safepoint      ] Leaving safepoint region
[331.369s][info ][safepoint      ] Total time for which application threads were stopped: 0.0000941 seconds, Stopping threads took: 0.0000325 seconds
[333.369s][info ][safepoint      ] Application time: 2.0001422 seconds
[333.369s][info ][safepoint      ] Entering safepoint region: Cleanup
[333.370s][info ][safepoint      ] Leaving safepoint region
[333.370s][info ][safepoint      ] Total time for which application threads were stopped: 0.0001117 seconds, Stopping threads took: 0.0000427 seconds
[334.103s][info ][safepoint      ] Application time: 0.7334035 seconds
[334.103s][info ][safepoint      ] Entering safepoint region: ParallelGCFailedAllocation
[334.103s][info ][gc,start       ] GC(73) Pause Young (Allocation Failure)
[334.111s][debug][gc,phases      ] GC(73) Scavenge 7.487ms
[334.111s][debug][gc,ref         ] GC(73) Skipped phase1 of Reference Processing due to unavailable references
[334.111s][debug][gc,ref         ] GC(73) Skipped phase3 of Reference Processing due to unavailable references
[334.111s][debug][gc,phases      ] GC(73) Reference Processing 0.033ms
[334.111s][debug][gc,phases      ] GC(73) Weak Processing 0.127ms
[334.111s][debug][gc,phases      ] GC(73) Scrub String Table 0.431ms
[334.111s][debug][gc,age         ] GC(73) Desired survivor size 86507520 bytes, new threshold 15 (max threshold 15)
[334.111s][info ][gc,heap        ] GC(73) PSYoungGen: 1928736K->18656K(2012672K)
[334.111s][info ][gc,heap        ] GC(73) ParOldGen: 306600K->306692K(349696K)
[334.111s][info ][gc,metaspace   ] GC(73) Metaspace: 74123K->74123K(1116160K)
[334.111s][info ][gc             ] GC(73) Pause Young (Allocation Failure) 2182M->317M(2307M) 8.229ms
[334.111s][info ][gc,cpu         ] GC(73) User=0.03s Sys=0.00s Real=0.00s
[334.111s][info ][safepoint      ] Leaving safepoint region
[334.111s][info ][safepoint      ] Total time for which application threads were stopped: 0.0084184 seconds, Stopping threads took: 0.0000347 seconds
[335.112s][info ][safepoint      ] Application time: 1.0000770 seconds
[335.112s][info ][safepoint      ] Entering safepoint region: Cleanup
[335.112s][info ][safepoint      ] Leaving safepoint region
[335.112s][info ][safepoint      ] Total time for which application threads were stopped: 0.0001369 seconds, Stopping threads took: 0.0000625 seconds
[342.112s][info ][safepoint      ] Application time: 7.0004931 seconds
[342.112s][info ][safepoint      ] Entering safepoint region: Cleanup
[342.112s][info ][safepoint      ] Leaving safepoint region
[342.112s][info ][safepoint      ] Total time for which application threads were stopped: 0.0001268 seconds, Stopping threads took: 0.0000475 seconds
[343.112s][info ][safepoint      ] Application time: 1.0000857 seconds
[343.113s][info ][safepoint      ] Entering safepoint region: Cleanup
[343.113s][info ][safepoint      ] Leaving safepoint region
[343.113s][info ][safepoint      ] Total time for which application threads were stopped: 0.0001093 seconds, Stopping threads took: 0.0000399 seconds
[343.968s][info ][safepoint      ] Application time: 0.8552774 seconds
[343.968s][info ][safepoint      ] Entering safepoint region: ParallelGCFailedAllocation
[343.968s][info ][gc,start       ] GC(74) Pause Young (Allocation Failure)
[343.975s][debug][gc,phases      ] GC(74) Scavenge 6.867ms
[343.975s][debug][gc,ref         ] GC(74) Skipped phase1 of Reference Processing due to unavailable references
[343.975s][debug][gc,ref         ] GC(74) Skipped phase3 of Reference Processing due to unavailable references
[343.975s][debug][gc,phases      ] GC(74) Reference Processing 0.029ms
[343.975s][debug][gc,phases      ] GC(74) Weak Processing 0.137ms
[343.976s][debug][gc,phases      ] GC(74) Scrub String Table 0.442ms
[343.976s][debug][gc,age         ] GC(74) Desired survivor size 82837504 bytes, new threshold 15 (max threshold 15)
[343.976s][info ][gc,heap        ] GC(74) PSYoungGen: 1943264K->18640K(2009088K)
[343.976s][info ][gc,heap        ] GC(74) ParOldGen: 306692K->306844K(349696K)
[343.976s][info ][gc,metaspace   ] GC(74) Metaspace: 74128K->74128K(1116160K)
[343.976s][info ][gc             ] GC(74) Pause Young (Allocation Failure) 2197M->317M(2303M) 7.615ms
[343.976s][info ][gc,cpu         ] GC(74) User=0.02s Sys=0.00s Real=0.01s
[343.976s][info ][safepoint      ] Leaving safepoint region
[343.976s][info ][safepoint      ] Total time for which application threads were stopped: 0.0077788 seconds, Stopping threads took: 0.0000128 seconds
[345.976s][info ][safepoint      ] Application time: 2.0001377 seconds
[345.976s][info ][safepoint      ] Entering safepoint region: Cleanup
[345.976s][info ][safepoint      ] Leaving safepoint region
[345.976s][info ][safepoint      ] Total time for which application threads were stopped: 0.0001086 seconds, Stopping threads took: 0.0000433 seconds
[346.976s][info ][safepoint      ] Application time: 1.0000481 seconds
[346.976s][info ][safepoint      ] Entering safepoint region: Cleanup
[346.976s][info ][safepoint      ] Leaving safepoint region
[346.976s][info ][safepoint      ] Total time for which application threads were stopped: 0.0000923 seconds, Stopping threads took: 0.0000129 seconds
[348.976s][info ][safepoint      ] Application time: 2.0001252 seconds
[348.976s][info ][safepoint      ] Entering safepoint region: Cleanup
[348.976s][info ][safepoint      ] Leaving safepoint region
[348.976s][info ][safepoint      ] Total time for which application threads were stopped: 0.0000894 seconds, Stopping threads took: 0.0000299 seconds
[349.976s][info ][safepoint      ] Application time: 1.0000706 seconds
[349.977s][info ][safepoint      ] Entering safepoint region: Cleanup
[349.977s][info ][safepoint      ] Leaving safepoint region
[349.977s][info ][safepoint      ] Total time for which application threads were stopped: 0.0001546 seconds, Stopping threads took: 0.0000132 seconds
[354.516s][info ][safepoint      ] Application time: 4.5394734 seconds
[354.516s][info ][safepoint      ] Entering safepoint region: ParallelGCFailedAllocation
[354.516s][info ][gc,start       ] GC(75) Pause Young (Allocation Failure)
[354.524s][debug][gc,phases      ] GC(75) Scavenge 7.474ms
[354.524s][debug][gc,ref         ] GC(75) Skipped phase1 of Reference Processing due to unavailable references
[354.524s][debug][gc,ref         ] GC(75) Skipped phase3 of Reference Processing due to unavailable references
[354.524s][debug][gc,phases      ] GC(75) Reference Processing 0.028ms
[354.524s][debug][gc,phases      ] GC(75) Weak Processing 0.134ms
[354.524s][debug][gc,phases      ] GC(75) Scrub String Table 0.464ms
[354.524s][debug][gc,age         ] GC(75) Desired survivor size 79167488 bytes, new threshold 15 (max threshold 15)
[354.524s][info ][gc,heap        ] GC(75) PSYoungGen: 1943248K->17696K(2019840K)
[354.524s][info ][gc,heap        ] GC(75) ParOldGen: 306844K->308061K(349696K)
[354.524s][info ][gc,metaspace   ] GC(75) Metaspace: 74134K->74134K(1116160K)
[354.525s][info ][gc             ] GC(75) Pause Young (Allocation Failure) 2197M->318M(2314M) 8.213ms
[354.525s][info ][gc,cpu         ] GC(75) User=0.03s Sys=0.00s Real=0.01s
[354.525s][info ][safepoint      ] Leaving safepoint region
[354.525s][info ][safepoint      ] Total time for which application threads were stopped: 0.0083663 seconds, Stopping threads took: 0.0000126 seconds
[355.525s][info ][safepoint      ] Application time: 1.0000651 seconds
[355.525s][info ][safepoint      ] Entering safepoint region: Cleanup
[355.525s][info ][safepoint      ] Leaving safepoint region
[355.525s][info ][safepoint      ] Total time for which application threads were stopped: 0.0000762 seconds, Stopping threads took: 0.0000137 seconds
[356.525s][info ][safepoint      ] Application time: 1.0000683 seconds
[356.525s][info ][safepoint      ] Entering safepoint region: Cleanup
[356.525s][info ][safepoint      ] Leaving safepoint region
[356.525s][info ][safepoint      ] Total time for which application threads were stopped: 0.0000778 seconds, Stopping threads took: 0.0000165 seconds
[360.525s][info ][safepoint      ] Application time: 4.0002749 seconds
[360.525s][info ][safepoint      ] Entering safepoint region: Cleanup
[360.525s][info ][safepoint      ] Leaving safepoint region
[360.525s][info ][safepoint      ] Total time for which application threads were stopped: 0.0000778 seconds, Stopping threads took: 0.0000140 seconds
[361.525s][info ][safepoint      ] Application time: 1.0000706 seconds
[361.525s][info ][safepoint      ] Entering safepoint region: Cleanup
[361.526s][info ][safepoint      ] Leaving safepoint region
[361.526s][info ][safepoint      ] Total time for which application threads were stopped: 0.0001026 seconds, Stopping threads took: 0.0000372 seconds
[362.526s][info ][safepoint      ] Application time: 1.0000719 seconds
[362.526s][info ][safepoint      ] Entering safepoint region: Cleanup
[362.526s][info ][safepoint      ] Leaving safepoint region
[362.526s][info ][safepoint      ] Total time for which application threads were stopped: 0.0000822 seconds, Stopping threads took: 0.0000126 seconds
[363.526s][info ][safepoint      ] Application time: 1.0000769 seconds
[363.526s][info ][safepoint      ] Entering safepoint region: Cleanup
[363.526s][info ][safepoint      ] Leaving safepoint region
[363.526s][info ][safepoint      ] Total time for which application threads were stopped: 0.0000807 seconds, Stopping threads took: 0.0000196 seconds
[364.526s][info ][safepoint      ] Application time: 1.0000703 seconds
[364.526s][info ][safepoint      ] Entering safepoint region: Cleanup
[364.526s][info ][safepoint      ] Leaving safepoint region
[364.526s][info ][safepoint      ] Total time for which application threads were stopped: 0.0000712 seconds, Stopping threads took: 0.0000131 seconds
[365.453s][info ][safepoint      ] Application time: 0.9271965 seconds
[365.453s][info ][safepoint      ] Entering safepoint region: ParallelGCFailedAllocation
[365.454s][info ][gc,start       ] GC(76) Pause Young (Allocation Failure)
[365.461s][debug][gc,phases      ] GC(76) Scavenge 7.186ms
[365.461s][debug][gc,ref         ] GC(76) Skipped phase1 of Reference Processing due to unavailable references
[365.461s][debug][gc,ref         ] GC(76) Skipped phase3 of Reference Processing due to unavailable references
[365.461s][debug][gc,phases      ] GC(76) Reference Processing 0.030ms
[365.461s][debug][gc,phases      ] GC(76) Weak Processing 0.133ms
[365.461s][debug][gc,phases      ] GC(76) Scrub String Table 0.443ms
[365.461s][debug][gc,age         ] GC(76) Desired survivor size 76021760 bytes, new threshold 15 (max threshold 15)
[365.461s][info ][gc,heap        ] GC(76) PSYoungGen: 1956640K->17360K(2016256K)
[365.461s][info ][gc,heap        ] GC(76) ParOldGen: 308061K->308613K(349696K)
[365.461s][info ][gc,metaspace   ] GC(76) Metaspace: 74154K->74154K(1116160K)
[365.461s][info ][gc             ] GC(76) Pause Young (Allocation Failure) 2211M->318M(2310M) 7.933ms
[365.461s][info ][gc,cpu         ] GC(76) User=0.03s Sys=0.00s Real=0.01s
[365.462s][info ][safepoint      ] Leaving safepoint region
[365.462s][info ][safepoint      ] Total time for which application threads were stopped: 0.0081361 seconds, Stopping threads took: 0.0000373 seconds
[369.462s][info ][safepoint      ] Application time: 4.0002842 seconds
[369.462s][info ][safepoint      ] Entering safepoint region: Cleanup
[369.462s][info ][safepoint      ] Leaving safepoint region
[369.462s][info ][safepoint      ] Total time for which application threads were stopped: 0.0001075 seconds, Stopping threads took: 0.0000372 seconds
[370.462s][info ][safepoint      ] Application time: 1.0000697 seconds
[370.462s][info ][safepoint      ] Entering safepoint region: Cleanup
[370.462s][info ][safepoint      ] Leaving safepoint region
[370.462s][info ][safepoint      ] Total time for which application threads were stopped: 0.0001075 seconds, Stopping threads took: 0.0000378 seconds
[371.462s][info ][safepoint      ] Application time: 1.0000795 seconds
[371.462s][info ][safepoint      ] Entering safepoint region: Cleanup
[371.462s][info ][safepoint      ] Leaving safepoint region
[371.462s][info ][safepoint      ] Total time for which application threads were stopped: 0.0001176 seconds, Stopping threads took: 0.0000370 seconds
[375.463s][info ][safepoint      ] Application time: 4.0002823 seconds
[375.463s][info ][safepoint      ] Entering safepoint region: Cleanup
[375.463s][info ][safepoint      ] Leaving safepoint region
[375.463s][info ][safepoint      ] Total time for which application threads were stopped: 0.0001091 seconds, Stopping threads took: 0.0000356 seconds
[376.454s][info ][safepoint      ] Application time: 0.9911755 seconds
[376.454s][info ][safepoint      ] Entering safepoint region: ParallelGCFailedAllocation
[376.454s][info ][gc,start       ] GC(77) Pause Young (Allocation Failure)
[376.462s][debug][gc,phases      ] GC(77) Scavenge 7.802ms
[376.462s][debug][gc,ref         ] GC(77) Skipped phase1 of Reference Processing due to unavailable references
[376.462s][debug][gc,ref         ] GC(77) Skipped phase3 of Reference Processing due to unavailable references
[376.462s][debug][gc,phases      ] GC(77) Reference Processing 0.029ms
[376.462s][debug][gc,phases      ] GC(77) Weak Processing 0.118ms
[376.463s][debug][gc,phases      ] GC(77) Scrub String Table 0.420ms
[376.463s][debug][gc,age         ] GC(77) Desired survivor size 72351744 bytes, new threshold 15 (max threshold 15)
[376.463s][info ][gc,heap        ] GC(77) PSYoungGen: 1956304K->16752K(2026496K)
[376.463s][info ][gc,heap        ] GC(77) ParOldGen: 308613K->309305K(349696K)
[376.463s][info ][gc,metaspace   ] GC(77) Metaspace: 74168K->74168K(1116160K)
[376.463s][info ][gc             ] GC(77) Pause Young (Allocation Failure) 2211M->318M(2320M) 8.519ms
[376.463s][info ][gc,cpu         ] GC(77) User=0.03s Sys=0.00s Real=0.01s
[376.463s][info ][safepoint      ] Leaving safepoint region
[376.463s][info ][safepoint      ] Total time for which application threads were stopped: 0.0086872 seconds, Stopping threads took: 0.0000133 seconds
[377.481s][info ][safepoint      ] Application time: 1.0184055 seconds
[377.481s][info ][safepoint      ] Entering safepoint region: RevokeBias
[377.481s][info ][safepoint      ] Leaving safepoint region
[377.481s][info ][safepoint      ] Total time for which application threads were stopped: 0.0000722 seconds, Stopping threads took: 0.0000121 seconds
[378.481s][info ][safepoint      ] Application time: 1.0000722 seconds
[378.481s][info ][safepoint      ] Entering safepoint region: Cleanup
[378.481s][info ][safepoint      ] Leaving safepoint region
[378.481s][info ][safepoint      ] Total time for which application threads were stopped: 0.0000686 seconds, Stopping threads took: 0.0000129 seconds
[379.482s][info ][safepoint      ] Application time: 1.0000674 seconds
[379.482s][info ][safepoint      ] Entering safepoint region: Cleanup
[379.482s][info ][safepoint      ] Leaving safepoint region
[379.482s][info ][safepoint      ] Total time for which application threads were stopped: 0.0000797 seconds, Stopping threads took: 0.0000119 seconds
[380.482s][info ][safepoint      ] Application time: 1.0000698 seconds
[380.482s][info ][safepoint      ] Entering safepoint region: Cleanup
[380.482s][info ][safepoint      ] Leaving safepoint region
[380.482s][info ][safepoint      ] Total time for which application threads were stopped: 0.0000720 seconds, Stopping threads took: 0.0000127 seconds
[384.369s][info ][safepoint      ] Application time: 3.8872720 seconds
[384.369s][info ][safepoint      ] Entering safepoint region: RevokeBias
[384.369s][info ][safepoint      ] Leaving safepoint region
[384.369s][info ][safepoint      ] Total time for which application threads were stopped: 0.0001028 seconds, Stopping threads took: 0.0000268 seconds
[387.369s][info ][safepoint      ] Application time: 3.0002411 seconds
[387.370s][info ][safepoint      ] Entering safepoint region: Cleanup
[387.370s][info ][safepoint      ] Leaving safepoint region
[387.370s][info ][safepoint      ] Total time for which application threads were stopped: 0.0001582 seconds, Stopping threads took: 0.0000572 seconds
[387.754s][info ][safepoint      ] Application time: 0.3841819 seconds
[387.754s][info ][safepoint      ] Entering safepoint region: ParallelGCFailedAllocation
[387.754s][info ][gc,start       ] GC(78) Pause Young (Allocation Failure)
[387.770s][debug][gc,phases      ] GC(78) Scavenge 15.623ms
[387.770s][debug][gc,ref         ] GC(78) Skipped phase1 of Reference Processing due to unavailable references
[387.770s][debug][gc,ref         ] GC(78) Skipped phase3 of Reference Processing due to unavailable references
[387.770s][debug][gc,phases      ] GC(78) Reference Processing 0.036ms
[387.770s][debug][gc,phases      ] GC(78) Weak Processing 0.193ms
[387.771s][debug][gc,phases      ] GC(78) Scrub String Table 0.596ms
[387.771s][debug][gc,age         ] GC(78) Desired survivor size 69206016 bytes, new threshold 15 (max threshold 15)
[387.771s][info ][gc,heap        ] GC(78) PSYoungGen: 1969008K->16624K(2022912K)
[387.771s][info ][gc,heap        ] GC(78) ParOldGen: 309305K->309497K(349696K)
[387.771s][info ][gc,metaspace   ] GC(78) Metaspace: 74192K->74192K(1116160K)
[387.771s][info ][gc             ] GC(78) Pause Young (Allocation Failure) 2224M->318M(2317M) 16.590ms
[387.771s][info ][gc,cpu         ] GC(78) User=0.03s Sys=0.00s Real=0.01s
[387.771s][info ][safepoint      ] Leaving safepoint region
[387.771s][info ][safepoint      ] Total time for which application threads were stopped: 0.0167616 seconds, Stopping threads took: 0.0000159 seconds
[388.771s][info ][safepoint      ] Application time: 1.0000877 seconds
[388.771s][info ][safepoint      ] Entering safepoint region: Cleanup
[388.771s][info ][safepoint      ] Leaving safepoint region
[388.771s][info ][safepoint      ] Total time for which application threads were stopped: 0.0001308 seconds, Stopping threads took: 0.0000417 seconds
[390.771s][info ][safepoint      ] Application time: 2.0001521 seconds
[390.771s][info ][safepoint      ] Entering safepoint region: Cleanup
[390.771s][info ][safepoint      ] Leaving safepoint region
[390.771s][info ][safepoint      ] Total time for which application threads were stopped: 0.0001086 seconds, Stopping threads took: 0.0000345 seconds
[391.771s][info ][safepoint      ] Application time: 1.0000745 seconds
[391.771s][info ][safepoint      ] Entering safepoint region: Cleanup
[391.771s][info ][safepoint      ] Leaving safepoint region
[391.771s][info ][safepoint      ] Total time for which application threads were stopped: 0.0001444 seconds, Stopping threads took: 0.0000571 seconds
[393.772s][info ][safepoint      ] Application time: 2.0001662 seconds
[393.772s][info ][safepoint      ] Entering safepoint region: Cleanup
[393.772s][info ][safepoint      ] Leaving safepoint region
[393.772s][info ][safepoint      ] Total time for which application threads were stopped: 0.0001309 seconds, Stopping threads took: 0.0000413 seconds
[394.772s][info ][safepoint      ] Application time: 1.0000896 seconds
[394.772s][info ][safepoint      ] Entering safepoint region: Cleanup
[394.772s][info ][safepoint      ] Leaving safepoint region
[394.772s][info ][safepoint      ] Total time for which application threads were stopped: 0.0001443 seconds, Stopping threads took: 0.0000384 seconds
[395.772s][info ][safepoint      ] Application time: 1.0000980 seconds
[395.775s][info ][safepoint      ] Entering safepoint region: Cleanup
[395.775s][info ][safepoint      ] Leaving safepoint region
[395.775s][info ][safepoint      ] Total time for which application threads were stopped: 0.0025170 seconds, Stopping threads took: 0.0024181 seconds
[399.164s][info ][safepoint      ] Application time: 3.3894596 seconds
[399.164s][info ][safepoint      ] Entering safepoint region: ParallelGCFailedAllocation
[399.164s][info ][gc,start       ] GC(79) Pause Young (Allocation Failure)
[399.184s][debug][gc,phases      ] GC(79) Scavenge 19.741ms
[399.184s][debug][gc,ref         ] GC(79) Skipped phase1 of Reference Processing due to unavailable references
[399.184s][debug][gc,ref         ] GC(79) Skipped phase3 of Reference Processing due to unavailable references
[399.184s][debug][gc,phases      ] GC(79) Reference Processing 0.049ms
[399.184s][debug][gc,phases      ] GC(79) Weak Processing 0.182ms
[399.185s][debug][gc,phases      ] GC(79) Scrub String Table 0.563ms
[399.185s][debug][gc,age         ] GC(79) Desired survivor size 66584576 bytes, new threshold 15 (max threshold 15)
[399.185s][info ][gc,heap        ] GC(79) PSYoungGen: 1968880K->16800K(2032128K)
[399.185s][info ][gc,heap        ] GC(79) ParOldGen: 309497K->309529K(349696K)
[399.185s][info ][gc,metaspace   ] GC(79) Metaspace: 74211K->74211K(1116160K)
[399.185s][info ][gc             ] GC(79) Pause Young (Allocation Failure) 2224M->318M(2326M) 20.667ms
[399.185s][info ][gc,cpu         ] GC(79) User=0.04s Sys=0.00s Real=0.02s
[399.185s][info ][safepoint      ] Leaving safepoint region
[399.185s][info ][safepoint      ] Total time for which application threads were stopped: 0.0208532 seconds, Stopping threads took: 0.0000185 seconds
[400.185s][info ][safepoint      ] Application time: 1.0000862 seconds
[400.185s][info ][safepoint      ] Entering safepoint region: Cleanup
[400.185s][info ][safepoint      ] Leaving safepoint region
[400.185s][info ][safepoint      ] Total time for which application threads were stopped: 0.0000882 seconds, Stopping threads took: 0.0000179 seconds
[401.185s][info ][safepoint      ] Application time: 1.0000702 seconds
[401.185s][info ][safepoint      ] Entering safepoint region: Cleanup
[401.186s][info ][safepoint      ] Leaving safepoint region
[401.186s][info ][safepoint      ] Total time for which application threads were stopped: 0.0001172 seconds, Stopping threads took: 0.0000337 seconds
[404.189s][info ][safepoint      ] Application time: 3.0030255 seconds
[404.194s][info ][safepoint      ] Entering safepoint region: Cleanup
[404.194s][info ][safepoint      ] Leaving safepoint region
[404.194s][info ][safepoint      ] Total time for which application threads were stopped: 0.0053707 seconds, Stopping threads took: 0.0052724 seconds
[405.194s][info ][safepoint      ] Application time: 1.0000767 seconds
[405.194s][info ][safepoint      ] Entering safepoint region: Cleanup
[405.194s][info ][safepoint      ] Leaving safepoint region
[405.194s][info ][safepoint      ] Total time for which application threads were stopped: 0.0000987 seconds, Stopping threads took: 0.0000205 seconds
[407.194s][info ][safepoint      ] Application time: 2.0001264 seconds
[407.194s][info ][safepoint      ] Entering safepoint region: Cleanup
[407.195s][info ][safepoint      ] Leaving safepoint region
[407.195s][info ][safepoint      ] Total time for which application threads were stopped: 0.0001182 seconds, Stopping threads took: 0.0000390 seconds
[409.195s][info ][safepoint      ] Application time: 2.0001550 seconds
[409.195s][info ][safepoint      ] Entering safepoint region: Cleanup
[409.195s][info ][safepoint      ] Leaving safepoint region
[409.195s][info ][safepoint      ] Total time for which application threads were stopped: 0.0000993 seconds, Stopping threads took: 0.0000234 seconds
[410.195s][info ][safepoint      ] Application time: 1.0000730 seconds
[410.195s][info ][safepoint      ] Entering safepoint region: Cleanup
[410.195s][info ][safepoint      ] Leaving safepoint region
[410.195s][info ][safepoint      ] Total time for which application threads were stopped: 0.0000822 seconds, Stopping threads took: 0.0000165 seconds
[410.437s][info ][safepoint      ] Application time: 0.2418436 seconds
[410.437s][info ][safepoint      ] Entering safepoint region: ParallelGCFailedAllocation
[410.437s][info ][gc,start       ] GC(80) Pause Young (Allocation Failure)
[410.489s][debug][gc,phases      ] GC(80) Scavenge 52.092ms
[410.489s][debug][gc,ref         ] GC(80) Skipped phase1 of Reference Processing due to unavailable references
[410.489s][debug][gc,ref         ] GC(80) Skipped phase3 of Reference Processing due to unavailable references
[410.489s][debug][gc,phases      ] GC(80) Reference Processing 0.041ms
[410.489s][debug][gc,phases      ] GC(80) Weak Processing 0.178ms
[410.490s][debug][gc,phases      ] GC(80) Scrub String Table 0.558ms
[410.490s][debug][gc,age         ] GC(80) Desired survivor size 63438848 bytes, new threshold 15 (max threshold 15)
[410.490s][info ][gc,heap        ] GC(80) PSYoungGen: 1981344K->16400K(2029568K)
[410.490s][info ][gc,heap        ] GC(80) ParOldGen: 309529K->310101K(349696K)
[410.490s][info ][gc,metaspace   ] GC(80) Metaspace: 74223K->74223K(1116160K)
[410.490s][info ][gc             ] GC(80) Pause Young (Allocation Failure) 2237M->318M(2323M) 53.020ms
[410.490s][info ][gc,cpu         ] GC(80) User=0.08s Sys=0.00s Real=0.05s
[410.490s][info ][safepoint      ] Leaving safepoint region
[410.490s][info ][safepoint      ] Total time for which application threads were stopped: 0.0532077 seconds, Stopping threads took: 0.0000262 seconds
[412.490s][info ][safepoint      ] Application time: 2.0002340 seconds
[412.490s][info ][safepoint      ] Entering safepoint region: Cleanup
[412.490s][info ][safepoint      ] Leaving safepoint region
[412.490s][info ][safepoint      ] Total time for which application threads were stopped: 0.0000834 seconds, Stopping threads took: 0.0000168 seconds
[415.491s][info ][safepoint      ] Application time: 3.0002682 seconds
[415.491s][info ][safepoint      ] Entering safepoint region: Cleanup
[415.491s][info ][safepoint      ] Leaving safepoint region
[415.491s][info ][safepoint      ] Total time for which application threads were stopped: 0.0001152 seconds, Stopping threads took: 0.0000391 seconds
[419.492s][info ][safepoint      ] Application time: 4.0011550 seconds
[419.492s][info ][safepoint      ] Entering safepoint region: Cleanup
[419.492s][info ][safepoint      ] Leaving safepoint region
[419.492s][info ][safepoint      ] Total time for which application threads were stopped: 0.0000891 seconds, Stopping threads took: 0.0000176 seconds
[420.492s][info ][safepoint      ] Application time: 1.0000717 seconds
[420.492s][info ][safepoint      ] Entering safepoint region: Cleanup
[420.492s][info ][safepoint      ] Leaving safepoint region
[420.492s][info ][safepoint      ] Total time for which application threads were stopped: 0.0000937 seconds, Stopping threads took: 0.0000192 seconds
[421.493s][info ][safepoint      ] Application time: 1.0000661 seconds
[421.493s][info ][safepoint      ] Entering safepoint region: Cleanup
[421.493s][info ][safepoint      ] Leaving safepoint region
[421.493s][info ][safepoint      ] Total time for which application threads were stopped: 0.0000758 seconds, Stopping threads took: 0.0000148 seconds
[421.723s][info ][safepoint      ] Application time: 0.2299543 seconds
[421.723s][info ][safepoint      ] Entering safepoint region: ParallelGCFailedAllocation
[421.723s][info ][gc,start       ] GC(81) Pause Young (Allocation Failure)
[421.733s][debug][gc,phases      ] GC(81) Scavenge 10.302ms
[421.733s][debug][gc,ref         ] GC(81) Skipped phase1 of Reference Processing due to unavailable references
[421.733s][debug][gc,ref         ] GC(81) Skipped phase3 of Reference Processing due to unavailable references
[421.733s][debug][gc,phases      ] GC(81) Reference Processing 0.034ms
[421.733s][debug][gc,phases      ] GC(81) Weak Processing 0.163ms
[421.734s][debug][gc,phases      ] GC(81) Scrub String Table 0.579ms
[421.734s][debug][gc,age         ] GC(81) Desired survivor size 61341696 bytes, new threshold 15 (max threshold 15)
[421.734s][info ][gc,heap        ] GC(81) PSYoungGen: 1980944K->12208K(2037248K)
[421.734s][info ][gc,heap        ] GC(81) ParOldGen: 310101K->314530K(349696K)
[421.734s][info ][gc,metaspace   ] GC(81) Metaspace: 74227K->74227K(1116160K)
[421.734s][info ][gc             ] GC(81) Pause Young (Allocation Failure) 2237M->319M(2331M) 11.210ms
[421.734s][info ][gc,cpu         ] GC(81) User=0.03s Sys=0.00s Real=0.01s
[421.734s][info ][safepoint      ] Leaving safepoint region
[421.734s][info ][safepoint      ] Total time for which application threads were stopped: 0.0113835 seconds, Stopping threads took: 0.0000162 seconds
[422.734s][info ][safepoint      ] Application time: 1.0000857 seconds
[422.734s][info ][safepoint      ] Entering safepoint region: Cleanup
[422.734s][info ][safepoint      ] Leaving safepoint region
[422.734s][info ][safepoint      ] Total time for which application threads were stopped: 0.0001124 seconds, Stopping threads took: 0.0000492 seconds
[423.734s][info ][safepoint      ] Application time: 1.0000519 seconds
[423.734s][info ][safepoint      ] Entering safepoint region: Cleanup
[423.734s][info ][safepoint      ] Leaving safepoint region
[423.734s][info ][safepoint      ] Total time for which application threads were stopped: 0.0000833 seconds, Stopping threads took: 0.0000186 seconds
[429.735s][info ][safepoint      ] Application time: 6.0004300 seconds
[429.735s][info ][safepoint      ] Entering safepoint region: Cleanup
[429.735s][info ][safepoint      ] Leaving safepoint region
[429.735s][info ][safepoint      ] Total time for which application threads were stopped: 0.0000791 seconds, Stopping threads took: 0.0000276 seconds
[430.735s][info ][safepoint      ] Application time: 1.0000631 seconds
[430.735s][info ][safepoint      ] Entering safepoint region: Cleanup
[430.735s][info ][safepoint      ] Leaving safepoint region
[430.735s][info ][safepoint      ] Total time for which application threads were stopped: 0.0000765 seconds, Stopping threads took: 0.0000129 seconds
[432.735s][info ][safepoint      ] Application time: 2.0001577 seconds
[432.735s][info ][safepoint      ] Entering safepoint region: Cleanup
[432.735s][info ][safepoint      ] Leaving safepoint region
[432.735s][info ][safepoint      ] Total time for which application threads were stopped: 0.0000785 seconds, Stopping threads took: 0.0000175 seconds
[433.206s][info ][safepoint      ] Application time: 0.4709789 seconds
[433.206s][info ][safepoint      ] Entering safepoint region: ParallelGCFailedAllocation
[433.207s][info ][gc,start       ] GC(82) Pause Young (Allocation Failure)
[433.215s][debug][gc,phases      ] GC(82) Scavenge 8.170ms
[433.215s][debug][gc,ref         ] GC(82) Skipped phase1 of Reference Processing due to unavailable references
[433.215s][debug][gc,ref         ] GC(82) Skipped phase3 of Reference Processing due to unavailable references
[433.215s][debug][gc,phases      ] GC(82) Reference Processing 0.031ms
[433.215s][debug][gc,phases      ] GC(82) Weak Processing 0.168ms
[433.216s][debug][gc,phases      ] GC(82) Scrub String Table 0.570ms
[433.216s][debug][gc,age         ] GC(82) Desired survivor size 59768832 bytes, new threshold 15 (max threshold 15)
[433.216s][info ][gc,heap        ] GC(82) PSYoungGen: 1987504K->8768K(2035200K)
[433.216s][info ][gc,heap        ] GC(82) ParOldGen: 314530K->318343K(349696K)
[433.216s][info ][gc,metaspace   ] GC(82) Metaspace: 74233K->74233K(1116160K)
[433.216s][info ][gc             ] GC(82) Pause Young (Allocation Failure) 2248M->319M(2329M) 9.082ms
[433.216s][info ][gc,cpu         ] GC(82) User=0.03s Sys=0.00s Real=0.01s
[433.216s][info ][safepoint      ] Leaving safepoint region
[433.216s][info ][safepoint      ] Total time for which application threads were stopped: 0.0092656 seconds, Stopping threads took: 0.0000188 seconds
[439.216s][info ][safepoint      ] Application time: 6.0004363 seconds
[439.216s][info ][safepoint      ] Entering safepoint region: Cleanup
[439.216s][info ][safepoint      ] Leaving safepoint region
[439.216s][info ][safepoint      ] Total time for which application threads were stopped: 0.0001434 seconds, Stopping threads took: 0.0000608 seconds
[441.216s][info ][safepoint      ] Application time: 2.0001576 seconds
[441.217s][info ][safepoint      ] Entering safepoint region: Cleanup
[441.217s][info ][safepoint      ] Leaving safepoint region
[441.217s][info ][safepoint      ] Total time for which application threads were stopped: 0.0001181 seconds, Stopping threads took: 0.0000436 seconds
[442.217s][info ][safepoint      ] Application time: 1.0000853 seconds
[442.217s][info ][safepoint      ] Entering safepoint region: Cleanup
[442.217s][info ][safepoint      ] Leaving safepoint region
[442.217s][info ][safepoint      ] Total time for which application threads were stopped: 0.0001026 seconds, Stopping threads took: 0.0000369 seconds
[442.857s][info ][safepoint      ] Application time: 0.6396591 seconds
[442.857s][info ][safepoint      ] Entering safepoint region: RevokeBias
[442.857s][info ][safepoint      ] Leaving safepoint region
[442.857s][info ][safepoint      ] Total time for which application threads were stopped: 0.0000979 seconds, Stopping threads took: 0.0000397 seconds
[444.767s][info ][safepoint      ] Application time: 1.9098840 seconds
[444.767s][info ][safepoint      ] Entering safepoint region: ParallelGCFailedAllocation
[444.767s][info ][gc,start       ] GC(83) Pause Young (Allocation Failure)
[444.772s][debug][gc,phases      ] GC(83) Scavenge 5.390ms
[444.772s][debug][gc,ref         ] GC(83) Skipped phase1 of Reference Processing due to unavailable references
[444.772s][debug][gc,ref         ] GC(83) Skipped phase3 of Reference Processing due to unavailable references
[444.772s][debug][gc,ref         ] GC(83) Skipped phase4 of Reference Processing due to unavailable references
[444.772s][debug][gc,phases      ] GC(83) Reference Processing 0.030ms
[444.772s][debug][gc,phases      ] GC(83) Weak Processing 0.135ms
[444.773s][debug][gc,phases      ] GC(83) Scrub String Table 0.445ms
[444.773s][debug][gc,age         ] GC(83) Desired survivor size 58195968 bytes, new threshold 15 (max threshold 15)
[444.773s][info ][gc,heap        ] GC(83) PSYoungGen: 1984064K->8560K(2040320K)
[444.773s][info ][gc,heap        ] GC(83) ParOldGen: 318343K->318807K(349696K)
[444.773s][info ][gc,metaspace   ] GC(83) Metaspace: 74235K->74235K(1116160K)
[444.773s][info ][gc             ] GC(83) Pause Young (Allocation Failure) 2248M->319M(2334M) 6.150ms
[444.773s][info ][gc,cpu         ] GC(83) User=0.02s Sys=0.00s Real=0.01s
[444.773s][info ][safepoint      ] Leaving safepoint region
[444.773s][info ][safepoint      ] Total time for which application threads were stopped: 0.0062953 seconds, Stopping threads took: 0.0000123 seconds
[447.773s][info ][safepoint      ] Application time: 3.0001981 seconds
[447.773s][info ][safepoint      ] Entering safepoint region: Cleanup
[447.773s][info ][safepoint      ] Leaving safepoint region
[447.773s][info ][safepoint      ] Total time for which application threads were stopped: 0.0000589 seconds, Stopping threads took: 0.0000115 seconds
[452.773s][info ][safepoint      ] Application time: 5.0002297 seconds
[452.773s][info ][safepoint      ] Entering safepoint region: Cleanup
[452.774s][info ][safepoint      ] Leaving safepoint region
[452.774s][info ][safepoint      ] Total time for which application threads were stopped: 0.0000532 seconds, Stopping threads took: 0.0000108 seconds
[453.774s][info ][safepoint      ] Application time: 1.0000617 seconds
[453.774s][info ][safepoint      ] Entering safepoint region: Cleanup
[453.774s][info ][safepoint      ] Leaving safepoint region
[453.774s][info ][safepoint      ] Total time for which application threads were stopped: 0.0000677 seconds, Stopping threads took: 0.0000111 seconds
[455.774s][info ][safepoint      ] Application time: 2.0001419 seconds
[455.774s][info ][safepoint      ] Entering safepoint region: Cleanup
[455.774s][info ][safepoint      ] Leaving safepoint region
[455.774s][info ][safepoint      ] Total time for which application threads were stopped: 0.0001074 seconds, Stopping threads took: 0.0000462 seconds
[456.002s][info ][safepoint      ] Application time: 0.2282575 seconds
[456.002s][info ][safepoint      ] Entering safepoint region: ParallelGCFailedAllocation
[456.002s][info ][gc,start       ] GC(84) Pause Young (Allocation Failure)
[456.008s][debug][gc,phases      ] GC(84) Scavenge 5.567ms
[456.008s][debug][gc,ref         ] GC(84) Skipped phase1 of Reference Processing due to unavailable references
[456.008s][debug][gc,ref         ] GC(84) Skipped phase3 of Reference Processing due to unavailable references
[456.008s][debug][gc,ref         ] GC(84) Skipped phase4 of Reference Processing due to unavailable references
[456.008s][debug][gc,phases      ] GC(84) Reference Processing 0.029ms
[456.008s][debug][gc,phases      ] GC(84) Weak Processing 0.144ms
[456.009s][debug][gc,phases      ] GC(84) Scrub String Table 0.444ms
[456.009s][debug][gc,age         ] GC(84) Desired survivor size 56098816 bytes, new threshold 15 (max threshold 15)
[456.009s][info ][gc,heap        ] GC(84) PSYoungGen: 1990512K->8176K(2038784K)
[456.009s][info ][gc,heap        ] GC(84) ParOldGen: 318807K->319691K(349696K)
[456.009s][info ][gc,metaspace   ] GC(84) Metaspace: 74240K->74240K(1116160K)
[456.009s][info ][gc             ] GC(84) Pause Young (Allocation Failure) 2255M->320M(2332M) 6.317ms
[456.009s][info ][gc,cpu         ] GC(84) User=0.02s Sys=0.00s Real=0.00s
[456.009s][info ][safepoint      ] Leaving safepoint region
[456.009s][info ][safepoint      ] Total time for which application threads were stopped: 0.0064978 seconds, Stopping threads took: 0.0000379 seconds
[459.009s][info ][safepoint      ] Application time: 3.0002312 seconds
[459.009s][info ][safepoint      ] Entering safepoint region: Cleanup
[459.009s][info ][safepoint      ] Leaving safepoint region
[459.009s][info ][safepoint      ] Total time for which application threads were stopped: 0.0001062 seconds, Stopping threads took: 0.0000359 seconds
[460.009s][info ][safepoint      ] Application time: 1.0000759 seconds
[460.009s][info ][safepoint      ] Entering safepoint region: Cleanup
[460.009s][info ][safepoint      ] Leaving safepoint region
[460.009s][info ][safepoint      ] Total time for which application threads were stopped: 0.0001103 seconds, Stopping threads took: 0.0000525 seconds
[466.403s][info ][safepoint      ] Application time: 6.3933472 seconds
[466.403s][info ][safepoint      ] Entering safepoint region: ParallelGCFailedAllocation
[466.403s][info ][gc,start       ] GC(85) Pause Young (Allocation Failure)
[466.409s][debug][gc,phases      ] GC(85) Scavenge 6.017ms
[466.409s][debug][gc,ref         ] GC(85) Skipped phase1 of Reference Processing due to unavailable references
[466.409s][debug][gc,ref         ] GC(85) Skipped phase3 of Reference Processing due to unavailable references
[466.409s][debug][gc,phases      ] GC(85) Reference Processing 0.027ms
[466.409s][debug][gc,phases      ] GC(85) Weak Processing 0.115ms
[466.410s][debug][gc,phases      ] GC(85) Scrub String Table 0.448ms
[466.410s][debug][gc,age         ] GC(85) Desired survivor size 54001664 bytes, new threshold 15 (max threshold 15)
[466.410s][info ][gc,heap        ] GC(85) PSYoungGen: 1990128K->9040K(2044416K)
[466.410s][info ][gc,heap        ] GC(85) ParOldGen: 319691K->319795K(349696K)
[466.410s][info ][gc,metaspace   ] GC(85) Metaspace: 74241K->74241K(1116160K)
[466.410s][info ][gc             ] GC(85) Pause Young (Allocation Failure) 2255M->321M(2338M) 6.741ms
[466.410s][info ][gc,cpu         ] GC(85) User=0.02s Sys=0.00s Real=0.00s
[466.410s][info ][safepoint      ] Leaving safepoint region
[466.410s][info ][safepoint      ] Total time for which application threads were stopped: 0.0069486 seconds, Stopping threads took: 0.0000441 seconds
[470.410s][info ][safepoint      ] Application time: 4.0003426 seconds
[470.410s][info ][safepoint      ] Entering safepoint region: Cleanup
[470.410s][info ][safepoint      ] Leaving safepoint region
[470.410s][info ][safepoint      ] Total time for which application threads were stopped: 0.0001218 seconds, Stopping threads took: 0.0000368 seconds
[472.410s][info ][safepoint      ] Application time: 2.0001637 seconds
[472.411s][info ][safepoint      ] Entering safepoint region: Cleanup
[472.411s][info ][safepoint      ] Leaving safepoint region
[472.411s][info ][safepoint      ] Total time for which application threads were stopped: 0.0001396 seconds, Stopping threads took: 0.0000566 seconds
[476.697s][info ][safepoint      ] Application time: 4.2866326 seconds
[476.697s][info ][safepoint      ] Entering safepoint region: ParallelGCFailedAllocation
[476.697s][info ][gc,start       ] GC(86) Pause Young (Allocation Failure)
[476.716s][debug][gc,phases      ] GC(86) Scavenge 18.898ms
[476.716s][debug][gc,ref         ] GC(86) Skipped phase1 of Reference Processing due to unavailable references
[476.716s][debug][gc,ref         ] GC(86) Skipped phase2 of Reference Processing due to unavailable references
[476.716s][debug][gc,ref         ] GC(86) Skipped phase3 of Reference Processing due to unavailable references
[476.716s][debug][gc,phases      ] GC(86) Reference Processing 0.043ms
[476.717s][debug][gc,phases      ] GC(86) Weak Processing 0.178ms
[476.717s][debug][gc,phases      ] GC(86) Scrub String Table 0.610ms
[476.717s][debug][gc,age         ] GC(86) Desired survivor size 51904512 bytes, new threshold 15 (max threshold 15)
[476.717s][info ][gc,heap        ] GC(86) PSYoungGen: 1998672K->8960K(2042368K)
[476.717s][info ][gc,heap        ] GC(86) ParOldGen: 319795K->319915K(349696K)
[476.717s][info ][gc,metaspace   ] GC(86) Metaspace: 74249K->74249K(1116160K)
[476.717s][info ][gc             ] GC(86) Pause Young (Allocation Failure) 2264M->321M(2336M) 19.896ms
[476.717s][info ][gc,cpu         ] GC(86) User=0.03s Sys=0.00s Real=0.02s
[476.717s][info ][safepoint      ] Leaving safepoint region
[476.717s][info ][safepoint      ] Total time for which application threads were stopped: 0.0200631 seconds, Stopping threads took: 0.0000132 seconds
[477.717s][info ][safepoint      ] Application time: 1.0000900 seconds
[477.717s][info ][safepoint      ] Entering safepoint region: Cleanup
[477.718s][info ][safepoint      ] Leaving safepoint region
[477.718s][info ][safepoint      ] Total time for which application threads were stopped: 0.0001326 seconds, Stopping threads took: 0.0000537 seconds
[482.728s][info ][safepoint      ] Application time: 5.0103049 seconds
[482.728s][info ][safepoint      ] Entering safepoint region: Cleanup
[482.728s][info ][safepoint      ] Leaving safepoint region
[482.728s][info ][safepoint      ] Total time for which application threads were stopped: 0.0001445 seconds, Stopping threads took: 0.0000520 seconds
[484.728s][info ][safepoint      ] Application time: 2.0001390 seconds
[484.728s][info ][safepoint      ] Entering safepoint region: Cleanup
[484.728s][info ][safepoint      ] Leaving safepoint region
[484.728s][info ][safepoint      ] Total time for which application threads were stopped: 0.0001113 seconds, Stopping threads took: 0.0000354 seconds
[486.729s][info ][safepoint      ] Application time: 2.0003385 seconds
[486.729s][info ][safepoint      ] Entering safepoint region: Cleanup
[486.729s][info ][safepoint      ] Leaving safepoint region
[486.729s][info ][safepoint      ] Total time for which application threads were stopped: 0.0001174 seconds, Stopping threads took: 0.0000382 seconds
[487.219s][info ][safepoint      ] Application time: 0.4901492 seconds
[487.219s][info ][safepoint      ] Entering safepoint region: ParallelGCFailedAllocation
[487.219s][info ][gc,start       ] GC(87) Pause Young (Allocation Failure)
[487.248s][debug][gc,phases      ] GC(87) Scavenge 29.111ms
[487.248s][debug][gc,ref         ] GC(87) Skipped phase1 of Reference Processing due to unavailable references
[487.248s][debug][gc,ref         ] GC(87) Skipped phase2 of Reference Processing due to unavailable references
[487.248s][debug][gc,ref         ] GC(87) Skipped phase3 of Reference Processing due to unavailable references
[487.248s][debug][gc,phases      ] GC(87) Reference Processing 0.037ms
[487.249s][debug][gc,phases      ] GC(87) Weak Processing 0.191ms
[487.249s][debug][gc,phases      ] GC(87) Scrub String Table 0.656ms
[487.249s][debug][gc,age         ] GC(87) Desired survivor size 49807360 bytes, new threshold 15 (max threshold 15)
[487.249s][info ][gc,heap        ] GC(87) PSYoungGen: 1998592K->7904K(2048512K)
[487.249s][info ][gc,heap        ] GC(87) ParOldGen: 319915K->321200K(349696K)
[487.249s][info ][gc,metaspace   ] GC(87) Metaspace: 74255K->74255K(1116160K)
[487.249s][info ][gc             ] GC(87) Pause Young (Allocation Failure) 2264M->321M(2342M) 30.147ms
[487.249s][info ][gc,cpu         ] GC(87) User=0.03s Sys=0.00s Real=0.03s
[487.249s][info ][safepoint      ] Leaving safepoint region
[487.249s][info ][safepoint      ] Total time for which application threads were stopped: 0.0303456 seconds, Stopping threads took: 0.0000196 seconds
[488.250s][info ][safepoint      ] Application time: 1.0000921 seconds
[488.250s][info ][safepoint      ] Entering safepoint region: Cleanup
[488.250s][info ][safepoint      ] Leaving safepoint region
[488.250s][info ][safepoint      ] Total time for which application threads were stopped: 0.0000970 seconds, Stopping threads took: 0.0000211 seconds
[489.250s][info ][safepoint      ] Application time: 1.0000637 seconds
[489.250s][info ][safepoint      ] Entering safepoint region: Cleanup
[489.250s][info ][safepoint      ] Leaving safepoint region
[489.250s][info ][safepoint      ] Total time for which application threads were stopped: 0.0000950 seconds, Stopping threads took: 0.0000188 seconds
[490.250s][info ][safepoint      ] Application time: 1.0000740 seconds
[490.261s][info ][safepoint      ] Entering safepoint region: Cleanup
[490.261s][info ][safepoint      ] Leaving safepoint region
[490.261s][info ][safepoint      ] Total time for which application threads were stopped: 0.0108446 seconds, Stopping threads took: 0.0107275 seconds
[492.261s][info ][safepoint      ] Application time: 2.0001359 seconds
[492.261s][info ][safepoint      ] Entering safepoint region: Cleanup
[492.261s][info ][safepoint      ] Leaving safepoint region
[492.261s][info ][safepoint      ] Total time for which application threads were stopped: 0.0001429 seconds, Stopping threads took: 0.0000325 seconds
[493.261s][info ][safepoint      ] Application time: 1.0000854 seconds
[493.261s][info ][safepoint      ] Entering safepoint region: Cleanup
[493.261s][info ][safepoint      ] Leaving safepoint region
[493.261s][info ][safepoint      ] Total time for which application threads were stopped: 0.0001193 seconds, Stopping threads took: 0.0000258 seconds
[497.677s][info ][safepoint      ] Application time: 4.4156438 seconds
[497.677s][info ][safepoint      ] Entering safepoint region: ParallelGCFailedAllocation
[497.677s][info ][gc,start       ] GC(88) Pause Young (Allocation Failure)
[497.683s][debug][gc,phases      ] GC(88) Scavenge 6.195ms
[497.684s][debug][gc,ref         ] GC(88) Skipped phase1 of Reference Processing due to unavailable references
[497.684s][debug][gc,ref         ] GC(88) Skipped phase2 of Reference Processing due to unavailable references
[497.684s][debug][gc,ref         ] GC(88) Skipped phase3 of Reference Processing due to unavailable references
[497.684s][debug][gc,phases      ] GC(88) Reference Processing 0.036ms
[497.684s][debug][gc,phases      ] GC(88) Weak Processing 0.185ms
[497.684s][debug][gc,phases      ] GC(88) Scrub String Table 0.662ms
[497.684s][debug][gc,age         ] GC(88) Desired survivor size 47710208 bytes, new threshold 15 (max threshold 15)
[497.684s][info ][gc,heap        ] GC(88) PSYoungGen: 2005728K->7600K(2046464K)
[497.684s][info ][gc,heap        ] GC(88) ParOldGen: 321200K->321828K(349696K)
[497.684s][info ][gc,metaspace   ] GC(88) Metaspace: 74256K->74256K(1116160K)
[497.684s][info ][gc             ] GC(88) Pause Young (Allocation Failure) 2272M->321M(2340M) 7.215ms
[497.684s][info ][gc,cpu         ] GC(88) User=0.03s Sys=0.00s Real=0.01s
[497.685s][info ][safepoint      ] Leaving safepoint region
[497.685s][info ][safepoint      ] Total time for which application threads were stopped: 0.0073740 seconds, Stopping threads took: 0.0000132 seconds
[498.685s][info ][safepoint      ] Application time: 1.0000811 seconds
[498.685s][info ][safepoint      ] Entering safepoint region: Cleanup
[498.685s][info ][safepoint      ] Leaving safepoint region
[498.685s][info ][safepoint      ] Total time for which application threads were stopped: 0.0000771 seconds, Stopping threads took: 0.0000181 seconds
[499.685s][info ][safepoint      ] Application time: 1.0000735 seconds
[499.685s][info ][safepoint      ] Entering safepoint region: Cleanup
[499.685s][info ][safepoint      ] Leaving safepoint region
[499.685s][info ][safepoint      ] Total time for which application threads were stopped: 0.0000800 seconds, Stopping threads took: 0.0000145 seconds
[505.685s][info ][safepoint      ] Application time: 6.0004392 seconds
[505.685s][info ][safepoint      ] Entering safepoint region: Cleanup
[505.686s][info ][safepoint      ] Leaving safepoint region
[505.686s][info ][safepoint      ] Total time for which application threads were stopped: 0.0001584 seconds, Stopping threads took: 0.0000755 seconds
[506.686s][info ][safepoint      ] Application time: 1.0000819 seconds
[506.686s][info ][safepoint      ] Entering safepoint region: Cleanup
[506.686s][info ][safepoint      ] Leaving safepoint region
[506.686s][info ][safepoint      ] Total time for which application threads were stopped: 0.0000715 seconds, Stopping threads took: 0.0000146 seconds
[508.069s][info ][safepoint      ] Application time: 1.3835192 seconds
[508.069s][info ][safepoint      ] Entering safepoint region: ParallelGCFailedAllocation
[508.069s][info ][gc,start       ] GC(89) Pause Young (Allocation Failure)
[508.075s][debug][gc,phases      ] GC(89) Scavenge 5.552ms
[508.075s][debug][gc,ref         ] GC(89) Skipped phase1 of Reference Processing due to unavailable references
[508.075s][debug][gc,ref         ] GC(89) Skipped phase2 of Reference Processing due to unavailable references
[508.075s][debug][gc,ref         ] GC(89) Skipped phase3 of Reference Processing due to unavailable references
[508.075s][debug][gc,phases      ] GC(89) Reference Processing 0.045ms
[508.075s][debug][gc,phases      ] GC(89) Weak Processing 0.142ms
[508.076s][debug][gc,phases      ] GC(89) Scrub String Table 0.452ms
[508.076s][debug][gc,age         ] GC(89) Desired survivor size 46137344 bytes, new threshold 15 (max threshold 15)
[508.076s][info ][gc,heap        ] GC(89) PSYoungGen: 2005424K->7296K(2052096K)
[508.076s][info ][gc,heap        ] GC(89) ParOldGen: 321828K->322004K(349696K)
[508.076s][info ][gc,metaspace   ] GC(89) Metaspace: 74260K->74260K(1116160K)
[508.076s][info ][gc             ] GC(89) Pause Young (Allocation Failure) 2272M->321M(2345M) 6.315ms
[508.076s][info ][gc,cpu         ] GC(89) User=0.02s Sys=0.00s Real=0.01s
[508.076s][info ][safepoint      ] Leaving safepoint region
[508.076s][info ][safepoint      ] Total time for which application threads were stopped: 0.0064688 seconds, Stopping threads took: 0.0000124 seconds
[509.076s][info ][safepoint      ] Application time: 1.0000740 seconds
[509.076s][info ][safepoint      ] Entering safepoint region: Cleanup
[509.076s][info ][safepoint      ] Leaving safepoint region
[509.076s][info ][safepoint      ] Total time for which application threads were stopped: 0.0000738 seconds, Stopping threads took: 0.0000173 seconds
[514.076s][info ][safepoint      ] Application time: 5.0002956 seconds
[514.076s][info ][safepoint      ] Entering safepoint region: Cleanup
[514.076s][info ][safepoint      ] Leaving safepoint region
[514.076s][info ][safepoint      ] Total time for which application threads were stopped: 0.0000775 seconds, Stopping threads took: 0.0000115 seconds
[515.076s][info ][safepoint      ] Application time: 1.0000535 seconds
[515.076s][info ][safepoint      ] Entering safepoint region: Cleanup
[515.077s][info ][safepoint      ] Leaving safepoint region
[515.077s][info ][safepoint      ] Total time for which application threads were stopped: 0.0001042 seconds, Stopping threads took: 0.0000375 seconds
[516.685s][info ][safepoint      ] Application time: 1.6083324 seconds
[516.685s][info ][safepoint      ] Entering safepoint region: RevokeBias
[516.685s][info ][safepoint      ] Leaving safepoint region
[516.685s][info ][safepoint      ] Total time for which application threads were stopped: 0.0000838 seconds, Stopping threads took: 0.0000122 seconds
[517.685s][info ][safepoint      ] Application time: 1.0000781 seconds
[517.685s][info ][safepoint      ] Entering safepoint region: Cleanup
[517.685s][info ][safepoint      ] Leaving safepoint region
[517.685s][info ][safepoint      ] Total time for which application threads were stopped: 0.0000878 seconds, Stopping threads took: 0.0000258 seconds
[518.755s][info ][safepoint      ] Application time: 1.0697169 seconds
[518.755s][info ][safepoint      ] Entering safepoint region: ParallelGCFailedAllocation
[518.755s][info ][gc,start       ] GC(90) Pause Young (Allocation Failure)
[518.760s][debug][gc,phases      ] GC(90) Scavenge 5.176ms
[518.760s][debug][gc,ref         ] GC(90) Skipped phase1 of Reference Processing due to unavailable references
[518.760s][debug][gc,ref         ] GC(90) Skipped phase3 of Reference Processing due to unavailable references
[518.760s][debug][gc,phases      ] GC(90) Reference Processing 0.037ms
[518.760s][debug][gc,phases      ] GC(90) Weak Processing 0.135ms
[518.761s][debug][gc,phases      ] GC(90) Scrub String Table 0.433ms
[518.761s][debug][gc,age         ] GC(90) Desired survivor size 44040192 bytes, new threshold 15 (max threshold 15)
[518.761s][info ][gc,heap        ] GC(90) PSYoungGen: 2012800K->6400K(2050560K)
[518.761s][info ][gc,heap        ] GC(90) ParOldGen: 322004K->323193K(349696K)
[518.761s][info ][gc,metaspace   ] GC(90) Metaspace: 74277K->74277K(1116160K)
[518.761s][info ][gc             ] GC(90) Pause Young (Allocation Failure) 2280M->321M(2344M) 5.907ms
[518.761s][info ][gc,cpu         ] GC(90) User=0.02s Sys=0.00s Real=0.01s
[518.761s][info ][safepoint      ] Leaving safepoint region
[518.761s][info ][safepoint      ] Total time for which application threads were stopped: 0.0060617 seconds, Stopping threads took: 0.0000131 seconds
[521.761s][info ][safepoint      ] Application time: 3.0001682 seconds
[521.761s][info ][safepoint      ] Entering safepoint region: Cleanup
[521.761s][info ][safepoint      ] Leaving safepoint region
[521.761s][info ][safepoint      ] Total time for which application threads were stopped: 0.0001110 seconds, Stopping threads took: 0.0000390 seconds
[526.762s][info ][safepoint      ] Application time: 5.0003474 seconds
[526.762s][info ][safepoint      ] Entering safepoint region: Cleanup
[526.762s][info ][safepoint      ] Leaving safepoint region
[526.762s][info ][safepoint      ] Total time for which application threads were stopped: 0.0001175 seconds, Stopping threads took: 0.0000491 seconds
[528.762s][info ][safepoint      ] Application time: 2.0001505 seconds
[528.762s][info ][safepoint      ] Entering safepoint region: Cleanup
[528.762s][info ][safepoint      ] Leaving safepoint region
[528.762s][info ][safepoint      ] Total time for which application threads were stopped: 0.0001109 seconds, Stopping threads took: 0.0000428 seconds
[529.866s][info ][safepoint      ] Application time: 1.1040799 seconds
[529.866s][info ][safepoint      ] Entering safepoint region: ParallelGCFailedAllocation
[529.866s][info ][gc,start       ] GC(91) Pause Young (Allocation Failure)
[529.871s][debug][gc,phases      ] GC(91) Scavenge 4.406ms
[529.871s][debug][gc,ref         ] GC(91) Skipped phase1 of Reference Processing due to unavailable references
[529.871s][debug][gc,ref         ] GC(91) Skipped phase3 of Reference Processing due to unavailable references
[529.871s][debug][gc,phases      ] GC(91) Reference Processing 0.027ms
[529.871s][debug][gc,phases      ] GC(91) Weak Processing 0.151ms
[529.871s][debug][gc,phases      ] GC(91) Scrub String Table 0.439ms
[529.871s][debug][gc,age         ] GC(91) Desired survivor size 42467328 bytes, new threshold 15 (max threshold 15)
[529.871s][info ][gc,heap        ] GC(91) PSYoungGen: 2011904K->5984K(2055680K)
[529.872s][info ][gc,heap        ] GC(91) ParOldGen: 323193K->323241K(349696K)
[529.872s][info ][gc,metaspace   ] GC(91) Metaspace: 74306K->74306K(1116160K)
[529.872s][info ][gc             ] GC(91) Pause Young (Allocation Failure) 2280M->321M(2349M) 5.142ms
[529.872s][info ][gc,cpu         ] GC(91) User=0.02s Sys=0.00s Real=0.00s
[529.872s][info ][safepoint      ] Leaving safepoint region
[529.872s][info ][safepoint      ] Total time for which application threads were stopped: 0.0052890 seconds, Stopping threads took: 0.0000112 seconds
[534.872s][info ][safepoint      ] Application time: 5.0002883 seconds
[534.872s][info ][safepoint      ] Entering safepoint region: Cleanup
[534.872s][info ][safepoint      ] Leaving safepoint region
[534.872s][info ][safepoint      ] Total time for which application threads were stopped: 0.0001066 seconds, Stopping threads took: 0.0000469 seconds
[535.872s][info ][safepoint      ] Application time: 1.0000772 seconds
[535.872s][info ][safepoint      ] Entering safepoint region: Cleanup
[535.872s][info ][safepoint      ] Leaving safepoint region
[535.872s][info ][safepoint      ] Total time for which application threads were stopped: 0.0001455 seconds, Stopping threads took: 0.0000756 seconds
[536.872s][info ][safepoint      ] Application time: 1.0000730 seconds
[536.872s][info ][safepoint      ] Entering safepoint region: Cleanup
[536.872s][info ][safepoint      ] Leaving safepoint region
[536.872s][info ][safepoint      ] Total time for which application threads were stopped: 0.0001156 seconds, Stopping threads took: 0.0000450 seconds
[539.873s][info ][safepoint      ] Application time: 3.0002259 seconds
[539.873s][info ][safepoint      ] Entering safepoint region: Cleanup
[539.873s][info ][safepoint      ] Leaving safepoint region
[539.873s][info ][safepoint      ] Total time for which application threads were stopped: 0.0000998 seconds, Stopping threads took: 0.0000359 seconds
[541.152s][info ][safepoint      ] Application time: 1.2795709 seconds
[541.152s][info ][safepoint      ] Entering safepoint region: ParallelGCFailedAllocation
[541.153s][info ][gc,start       ] GC(92) Pause Young (Allocation Failure)
[541.158s][debug][gc,phases      ] GC(92) Scavenge 5.414ms
[541.158s][debug][gc,ref         ] GC(92) Skipped phase1 of Reference Processing due to unavailable references
[541.158s][debug][gc,ref         ] GC(92) Skipped phase3 of Reference Processing due to unavailable references
[541.158s][debug][gc,phases      ] GC(92) Reference Processing 0.028ms
[541.158s][debug][gc,phases      ] GC(92) Weak Processing 0.132ms
[541.159s][debug][gc,phases      ] GC(92) Scrub String Table 0.453ms
[541.159s][debug][gc,age         ] GC(92) Desired survivor size 40894464 bytes, new threshold 15 (max threshold 15)
[541.159s][info ][gc,heap        ] GC(92) PSYoungGen: 2018656K->5936K(2054144K)
[541.159s][info ][gc,heap        ] GC(92) ParOldGen: 323241K->323353K(349696K)
[541.159s][info ][gc,metaspace   ] GC(92) Metaspace: 74323K->74323K(1116160K)
[541.159s][info ][gc             ] GC(92) Pause Young (Allocation Failure) 2287M->321M(2347M) 6.171ms
[541.159s][info ][gc,cpu         ] GC(92) User=0.02s Sys=0.00s Real=0.00s
[541.159s][info ][safepoint      ] Leaving safepoint region
[541.159s][info ][safepoint      ] Total time for which application threads were stopped: 0.0064114 seconds, Stopping threads took: 0.0000709 seconds
[544.159s][info ][safepoint      ] Application time: 3.0001935 seconds
[544.159s][info ][safepoint      ] Entering safepoint region: Cleanup
[544.159s][info ][safepoint      ] Leaving safepoint region
[544.159s][info ][safepoint      ] Total time for which application threads were stopped: 0.0001445 seconds, Stopping threads took: 0.0000408 seconds
[545.159s][info ][safepoint      ] Application time: 1.0000781 seconds
[545.159s][info ][safepoint      ] Entering safepoint region: Cleanup
[545.160s][info ][safepoint      ] Leaving safepoint region
[545.160s][info ][safepoint      ] Total time for which application threads were stopped: 0.0001466 seconds, Stopping threads took: 0.0000701 seconds
[546.160s][info ][safepoint      ] Application time: 1.0000878 seconds
[546.160s][info ][safepoint      ] Entering safepoint region: Cleanup
[546.160s][info ][safepoint      ] Leaving safepoint region
[546.160s][info ][safepoint      ] Total time for which application threads were stopped: 0.0001123 seconds, Stopping threads took: 0.0000328 seconds
[547.160s][info ][safepoint      ] Application time: 1.0000773 seconds
[547.160s][info ][safepoint      ] Entering safepoint region: Cleanup
[547.160s][info ][safepoint      ] Leaving safepoint region
[547.160s][info ][safepoint      ] Total time for which application threads were stopped: 0.0001410 seconds, Stopping threads took: 0.0000636 seconds
[548.160s][info ][safepoint      ] Application time: 1.0000881 seconds
[548.160s][info ][safepoint      ] Entering safepoint region: Cleanup
[548.160s][info ][safepoint      ] Leaving safepoint region
[548.160s][info ][safepoint      ] Total time for which application threads were stopped: 0.0001149 seconds, Stopping threads took: 0.0000382 seconds
[549.160s][info ][safepoint      ] Application time: 1.0000757 seconds
[549.163s][info ][safepoint      ] Entering safepoint region: Cleanup
[549.163s][info ][safepoint      ] Leaving safepoint region
[549.163s][info ][safepoint      ] Total time for which application threads were stopped: 0.0023226 seconds, Stopping threads took: 0.0022335 seconds
[551.163s][info ][safepoint      ] Application time: 2.0001248 seconds
[551.163s][info ][safepoint      ] Entering safepoint region: Cleanup
[551.163s][info ][safepoint      ] Leaving safepoint region
[551.163s][info ][safepoint      ] Total time for which application threads were stopped: 0.0001128 seconds, Stopping threads took: 0.0000378 seconds
[552.010s][info ][safepoint      ] Application time: 0.8471563 seconds
[552.010s][info ][safepoint      ] Entering safepoint region: ParallelGCFailedAllocation
[552.010s][info ][gc,start       ] GC(93) Pause Young (Allocation Failure)
[552.016s][debug][gc,phases      ] GC(93) Scavenge 5.247ms
[552.016s][debug][gc,ref         ] GC(93) Skipped phase1 of Reference Processing due to unavailable references
[552.016s][debug][gc,ref         ] GC(93) Skipped phase3 of Reference Processing due to unavailable references
[552.016s][debug][gc,phases      ] GC(93) Reference Processing 0.030ms
[552.016s][debug][gc,phases      ] GC(93) Weak Processing 0.148ms
[552.016s][debug][gc,phases      ] GC(93) Scrub String Table 0.513ms
[552.016s][debug][gc,age         ] GC(93) Desired survivor size 38797312 bytes, new threshold 15 (max threshold 15)
[552.017s][info ][gc,heap        ] GC(93) PSYoungGen: 2018608K->6624K(2059264K)
[552.017s][info ][gc,heap        ] GC(93) ParOldGen: 323353K->323417K(349696K)
[552.017s][info ][gc,metaspace   ] GC(93) Metaspace: 74329K->74329K(1116160K)
[552.017s][info ][gc             ] GC(93) Pause Young (Allocation Failure) 2287M->322M(2352M) 6.087ms
[552.017s][info ][gc,cpu         ] GC(93) User=0.02s Sys=0.00s Real=0.01s
[552.017s][info ][safepoint      ] Leaving safepoint region
[552.017s][info ][safepoint      ] Total time for which application threads were stopped: 0.0063762 seconds, Stopping threads took: 0.0001453 seconds
[554.017s][info ][safepoint      ] Application time: 2.0001752 seconds
[554.017s][info ][safepoint      ] Entering safepoint region: Cleanup
[554.017s][info ][safepoint      ] Leaving safepoint region
[554.017s][info ][safepoint      ] Total time for which application threads were stopped: 0.0000969 seconds, Stopping threads took: 0.0000383 seconds
[555.017s][info ][safepoint      ] Application time: 1.0000676 seconds
[555.017s][info ][safepoint      ] Entering safepoint region: Cleanup
[555.017s][info ][safepoint      ] Leaving safepoint region
[555.017s][info ][safepoint      ] Total time for which application threads were stopped: 0.0000963 seconds, Stopping threads took: 0.0000286 seconds
[556.017s][info ][safepoint      ] Application time: 1.0000811 seconds
[556.017s][info ][safepoint      ] Entering safepoint region: Cleanup
[556.017s][info ][safepoint      ] Leaving safepoint region
[556.017s][info ][safepoint      ] Total time for which application threads were stopped: 0.0001020 seconds, Stopping threads took: 0.0000338 seconds
[557.017s][info ][safepoint      ] Application time: 1.0000713 seconds
[557.017s][info ][safepoint      ] Entering safepoint region: Cleanup
[557.018s][info ][safepoint      ] Leaving safepoint region
[557.018s][info ][safepoint      ] Total time for which application threads were stopped: 0.0001078 seconds, Stopping threads took: 0.0000517 seconds
[558.018s][info ][safepoint      ] Application time: 1.0000808 seconds
[558.018s][info ][safepoint      ] Entering safepoint region: Cleanup
[558.018s][info ][safepoint      ] Leaving safepoint region
[558.018s][info ][safepoint      ] Total time for which application threads were stopped: 0.0000983 seconds, Stopping threads took: 0.0000336 seconds
[559.018s][info ][safepoint      ] Application time: 1.0000759 seconds
[559.018s][info ][safepoint      ] Entering safepoint region: Cleanup
[559.018s][info ][safepoint      ] Leaving safepoint region
[559.018s][info ][safepoint      ] Total time for which application threads were stopped: 0.0001175 seconds, Stopping threads took: 0.0000352 seconds
[562.018s][info ][safepoint      ] Application time: 3.0002055 seconds
[562.018s][info ][safepoint      ] Entering safepoint region: Cleanup
[562.018s][info ][safepoint      ] Leaving safepoint region
[562.018s][info ][safepoint      ] Total time for which application threads were stopped: 0.0000935 seconds, Stopping threads took: 0.0000325 seconds
[562.806s][info ][safepoint      ] Application time: 0.7878545 seconds
[562.806s][info ][safepoint      ] Entering safepoint region: ParallelGCFailedAllocation
[562.806s][info ][gc,start       ] GC(94) Pause Young (Allocation Failure)
[562.811s][debug][gc,phases      ] GC(94) Scavenge 4.703ms
[562.811s][debug][gc,ref         ] GC(94) Skipped phase1 of Reference Processing due to unavailable references
[562.811s][debug][gc,ref         ] GC(94) Skipped phase3 of Reference Processing due to unavailable references
[562.811s][debug][gc,phases      ] GC(94) Reference Processing 0.047ms
[562.811s][debug][gc,phases      ] GC(94) Weak Processing 0.141ms
[562.812s][debug][gc,phases      ] GC(94) Scrub String Table 0.448ms
[562.812s][debug][gc,age         ] GC(94) Desired survivor size 36700160 bytes, new threshold 15 (max threshold 15)
[562.812s][info ][gc,heap        ] GC(94) PSYoungGen: 2025952K->7024K(2057216K)
[562.812s][info ][gc,heap        ] GC(94) ParOldGen: 323417K->323513K(349696K)
[562.812s][info ][gc,metaspace   ] GC(94) Metaspace: 74338K->74338K(1116160K)
[562.812s][info ][gc             ] GC(94) Pause Young (Allocation Failure) 2294M->322M(2350M) 5.467ms
[562.812s][info ][gc,cpu         ] GC(94) User=0.02s Sys=0.00s Real=0.00s
[562.812s][info ][safepoint      ] Leaving safepoint region
[562.812s][info ][safepoint      ] Total time for which application threads were stopped: 0.0056003 seconds, Stopping threads took: 0.0000099 seconds
[564.812s][info ][safepoint      ] Application time: 2.0001421 seconds
[564.812s][info ][safepoint      ] Entering safepoint region: Cleanup
[564.812s][info ][safepoint      ] Leaving safepoint region
[564.812s][info ][safepoint      ] Total time for which application threads were stopped: 0.0001086 seconds, Stopping threads took: 0.0000469 seconds
[565.812s][info ][safepoint      ] Application time: 1.0000741 seconds
[565.812s][info ][safepoint      ] Entering safepoint region: Cleanup
[565.812s][info ][safepoint      ] Leaving safepoint region
[565.812s][info ][safepoint      ] Total time for which application threads were stopped: 0.0001109 seconds, Stopping threads took: 0.0000442 seconds
[566.812s][info ][safepoint      ] Application time: 1.0000789 seconds
[566.813s][info ][safepoint      ] Entering safepoint region: Cleanup
[566.813s][info ][safepoint      ] Leaving safepoint region
[566.813s][info ][safepoint      ] Total time for which application threads were stopped: 0.0001337 seconds, Stopping threads took: 0.0000660 seconds
[567.813s][info ][safepoint      ] Application time: 1.0000731 seconds
[567.813s][info ][safepoint      ] Entering safepoint region: Cleanup
[567.813s][info ][safepoint      ] Leaving safepoint region
[567.813s][info ][safepoint      ] Total time for which application threads were stopped: 0.0001152 seconds, Stopping threads took: 0.0000454 seconds
[568.813s][info ][safepoint      ] Application time: 1.0000739 seconds
[568.813s][info ][safepoint      ] Entering safepoint region: Cleanup
[568.813s][info ][safepoint      ] Leaving safepoint region
[568.813s][info ][safepoint      ] Total time for which application threads were stopped: 0.0001012 seconds, Stopping threads took: 0.0000337 seconds
[569.813s][info ][safepoint      ] Application time: 1.0000805 seconds
[569.813s][info ][safepoint      ] Entering safepoint region: Cleanup
[569.813s][info ][safepoint      ] Leaving safepoint region
[569.813s][info ][safepoint      ] Total time for which application threads were stopped: 0.0001033 seconds, Stopping threads took: 0.0000279 seconds
[572.813s][info ][safepoint      ] Application time: 3.0002117 seconds
[572.814s][info ][safepoint      ] Entering safepoint region: Cleanup
[572.814s][info ][safepoint      ] Leaving safepoint region
[572.814s][info ][safepoint      ] Total time for which application threads were stopped: 0.0001154 seconds, Stopping threads took: 0.0000330 seconds
[573.038s][info ][safepoint      ] Application time: 0.2248041 seconds
[573.038s][info ][safepoint      ] Entering safepoint region: ParallelGCFailedAllocation
[573.039s][info ][gc,start       ] GC(95) Pause Young (Allocation Failure)
[573.044s][debug][gc,phases      ] GC(95) Scavenge 5.063ms
[573.044s][debug][gc,ref         ] GC(95) Skipped phase1 of Reference Processing due to unavailable references
[573.044s][debug][gc,ref         ] GC(95) Skipped phase3 of Reference Processing due to unavailable references
[573.044s][debug][gc,phases      ] GC(95) Reference Processing 0.027ms
[573.044s][debug][gc,phases      ] GC(95) Weak Processing 0.134ms
[573.044s][debug][gc,phases      ] GC(95) Scrub String Table 0.444ms
[573.044s][debug][gc,age         ] GC(95) Desired survivor size 35127296 bytes, new threshold 15 (max threshold 15)
[573.044s][info ][gc,heap        ] GC(95) PSYoungGen: 2026352K->7376K(2062848K)
[573.044s][info ][gc,heap        ] GC(95) ParOldGen: 323513K->323569K(349696K)
[573.044s][info ][gc,metaspace   ] GC(95) Metaspace: 74339K->74339K(1116160K)
[573.044s][info ][gc             ] GC(95) Pause Young (Allocation Failure) 2294M->323M(2356M) 5.805ms
[573.044s][info ][gc,cpu         ] GC(95) User=0.03s Sys=0.00s Real=0.01s
[573.044s][info ][safepoint      ] Leaving safepoint region
[573.044s][info ][safepoint      ] Total time for which application threads were stopped: 0.0059550 seconds, Stopping threads took: 0.0000113 seconds
[574.045s][info ][safepoint      ] Application time: 1.0000757 seconds
[574.045s][info ][safepoint      ] Entering safepoint region: Cleanup
[574.045s][info ][safepoint      ] Leaving safepoint region
[574.045s][info ][safepoint      ] Total time for which application threads were stopped: 0.0000747 seconds, Stopping threads took: 0.0000146 seconds
[575.045s][info ][safepoint      ] Application time: 1.0000684 seconds
[575.045s][info ][safepoint      ] Entering safepoint region: Cleanup
[575.045s][info ][safepoint      ] Leaving safepoint region
[575.045s][info ][safepoint      ] Total time for which application threads were stopped: 0.0000633 seconds, Stopping threads took: 0.0000114 seconds
[577.045s][info ][safepoint      ] Application time: 2.0001336 seconds
[577.045s][info ][safepoint      ] Entering safepoint region: Cleanup
[577.045s][info ][safepoint      ] Leaving safepoint region
[577.045s][info ][safepoint      ] Total time for which application threads were stopped: 0.0000702 seconds, Stopping threads took: 0.0000116 seconds
[579.045s][info ][safepoint      ] Application time: 2.0001361 seconds
[579.045s][info ][safepoint      ] Entering safepoint region: Cleanup
[579.045s][info ][safepoint      ] Leaving safepoint region
[579.045s][info ][safepoint      ] Total time for which application threads were stopped: 0.0000638 seconds, Stopping threads took: 0.0000111 seconds
[580.045s][info ][safepoint      ] Application time: 1.0000656 seconds
[580.045s][info ][safepoint      ] Entering safepoint region: Cleanup
[580.045s][info ][safepoint      ] Leaving safepoint region
[580.045s][info ][safepoint      ] Total time for which application threads were stopped: 0.0000653 seconds, Stopping threads took: 0.0000112 seconds
[582.046s][info ][safepoint      ] Application time: 2.0000994 seconds
[582.046s][info ][safepoint      ] Entering safepoint region: Cleanup
[582.046s][info ][safepoint      ] Leaving safepoint region
[582.046s][info ][safepoint      ] Total time for which application threads were stopped: 0.0000780 seconds, Stopping threads took: 0.0000115 seconds
[583.554s][info ][safepoint      ] Application time: 1.5087078 seconds
[583.554s][info ][safepoint      ] Entering safepoint region: ParallelGCFailedAllocation
[583.555s][info ][gc,start       ] GC(96) Pause Young (Allocation Failure)
[583.559s][debug][gc,phases      ] GC(96) Scavenge 4.854ms
[583.559s][debug][gc,ref         ] GC(96) Skipped phase1 of Reference Processing due to unavailable references
[583.559s][debug][gc,ref         ] GC(96) Skipped phase3 of Reference Processing due to unavailable references
[583.560s][debug][gc,phases      ] GC(96) Reference Processing 0.028ms
[583.560s][debug][gc,phases      ] GC(96) Weak Processing 0.132ms
[583.560s][debug][gc,phases      ] GC(96) Scrub String Table 0.446ms
[583.560s][debug][gc,age         ] GC(96) Desired survivor size 33030144 bytes, new threshold 15 (max threshold 15)
[583.560s][info ][gc,heap        ] GC(96) PSYoungGen: 2034384K->7424K(2061312K)
[583.560s][info ][gc,heap        ] GC(96) ParOldGen: 323569K->323617K(349696K)
[583.560s][info ][gc,metaspace   ] GC(96) Metaspace: 74351K->74351K(1118208K)
[583.560s][info ][gc             ] GC(96) Pause Young (Allocation Failure) 2302M->323M(2354M) 5.608ms
[583.560s][info ][gc,cpu         ] GC(96) User=0.02s Sys=0.00s Real=0.01s
[583.560s][info ][safepoint      ] Leaving safepoint region
[583.560s][info ][safepoint      ] Total time for which application threads were stopped: 0.0057871 seconds, Stopping threads took: 0.0000129 seconds
[594.016s][info ][safepoint      ] Application time: 10.4553855 seconds
[594.016s][info ][safepoint      ] Entering safepoint region: ParallelGCFailedAllocation
[594.016s][info ][gc,start       ] GC(97) Pause Young (Allocation Failure)
[594.021s][debug][gc,phases      ] GC(97) Scavenge 4.934ms
[594.021s][debug][gc,ref         ] GC(97) Skipped phase1 of Reference Processing due to unavailable references
[594.021s][debug][gc,ref         ] GC(97) Skipped phase3 of Reference Processing due to unavailable references
[594.021s][debug][gc,phases      ] GC(97) Reference Processing 0.025ms
[594.021s][debug][gc,phases      ] GC(97) Weak Processing 0.135ms
[594.021s][debug][gc,phases      ] GC(97) Scrub String Table 0.438ms
[594.021s][debug][gc,age         ] GC(97) Desired survivor size 31457280 bytes, new threshold 15 (max threshold 15)
[594.021s][info ][gc,heap        ] GC(97) PSYoungGen: 2034432K->7536K(2066432K)
[594.021s][info ][gc,heap        ] GC(97) ParOldGen: 323617K->323673K(349696K)
[594.021s][info ][gc,metaspace   ] GC(97) Metaspace: 74353K->74353K(1118208K)
[594.021s][info ][gc             ] GC(97) Pause Young (Allocation Failure) 2302M->323M(2359M) 5.647ms
[594.021s][info ][gc,cpu         ] GC(97) User=0.02s Sys=0.00s Real=0.01s
[594.021s][info ][safepoint      ] Leaving safepoint region
[594.021s][info ][safepoint      ] Total time for which application threads were stopped: 0.0058025 seconds, Stopping threads took: 0.0000266 seconds
[597.022s][info ][safepoint      ] Application time: 3.0002148 seconds
[597.022s][info ][safepoint      ] Entering safepoint region: Cleanup
[597.022s][info ][safepoint      ] Leaving safepoint region
[597.022s][info ][safepoint      ] Total time for which application threads were stopped: 0.0001011 seconds, Stopping threads took: 0.0000336 seconds
[598.022s][info ][safepoint      ] Application time: 1.0000816 seconds
[598.022s][info ][safepoint      ] Entering safepoint region: Cleanup
[598.022s][info ][safepoint      ] Leaving safepoint region
[598.022s][info ][safepoint      ] Total time for which application threads were stopped: 0.0001094 seconds, Stopping threads took: 0.0000353 seconds
[599.022s][info ][safepoint      ] Application time: 1.0000792 seconds
[599.022s][info ][safepoint      ] Entering safepoint region: Cleanup
[599.022s][info ][safepoint      ] Leaving safepoint region
[599.022s][info ][safepoint      ] Total time for which application threads were stopped: 0.0000832 seconds, Stopping threads took: 0.0000285 seconds
[600.022s][info ][safepoint      ] Application time: 1.0000523 seconds
[600.022s][info ][safepoint      ] Entering safepoint region: Cleanup
[600.022s][info ][safepoint      ] Leaving safepoint region
[600.022s][info ][safepoint      ] Total time for which application threads were stopped: 0.0000933 seconds, Stopping threads took: 0.0000351 seconds
[601.023s][info ][safepoint      ] Application time: 1.0000651 seconds
[601.023s][info ][safepoint      ] Entering safepoint region: Cleanup
[601.023s][info ][safepoint      ] Leaving safepoint region
[601.023s][info ][safepoint      ] Total time for which application threads were stopped: 0.0000920 seconds, Stopping threads took: 0.0000315 seconds
[602.023s][info ][safepoint      ] Application time: 1.0000717 seconds
[602.023s][info ][safepoint      ] Entering safepoint region: Cleanup
[602.023s][info ][safepoint      ] Leaving safepoint region
[602.023s][info ][safepoint      ] Total time for which application threads were stopped: 0.0001146 seconds, Stopping threads took: 0.0000501 seconds
[604.062s][info ][safepoint      ] Application time: 2.0389462 seconds
[604.062s][info ][safepoint      ] Entering safepoint region: ParallelGCFailedAllocation
[604.062s][info ][gc,start       ] GC(98) Pause Young (Allocation Failure)
[604.067s][debug][gc,phases      ] GC(98) Scavenge 5.045ms
[604.067s][debug][gc,ref         ] GC(98) Skipped phase1 of Reference Processing due to unavailable references
[604.067s][debug][gc,ref         ] GC(98) Skipped phase3 of Reference Processing due to unavailable references
[604.067s][debug][gc,phases      ] GC(98) Reference Processing 0.027ms
[604.067s][debug][gc,phases      ] GC(98) Weak Processing 0.132ms
[604.068s][debug][gc,phases      ] GC(98) Scrub String Table 0.443ms
[604.068s][debug][gc,age         ] GC(98) Desired survivor size 29360128 bytes, new threshold 15 (max threshold 15)
[604.068s][info ][gc,heap        ] GC(98) PSYoungGen: 2041712K->7856K(2064896K)
[604.068s][info ][gc,heap        ] GC(98) ParOldGen: 323673K->323781K(349696K)
[604.068s][info ][gc,metaspace   ] GC(98) Metaspace: 74361K->74361K(1118208K)
[604.068s][info ][gc             ] GC(98) Pause Young (Allocation Failure) 2309M->323M(2358M) 5.803ms
[604.068s][info ][gc,cpu         ] GC(98) User=0.02s Sys=0.00s Real=0.00s
[604.068s][info ][safepoint      ] Leaving safepoint region
[604.068s][info ][safepoint      ] Total time for which application threads were stopped: 0.0059516 seconds, Stopping threads took: 0.0000121 seconds
[607.068s][info ][safepoint      ] Application time: 3.0002134 seconds
[607.068s][info ][safepoint      ] Entering safepoint region: Cleanup
[607.068s][info ][safepoint      ] Leaving safepoint region
[607.068s][info ][safepoint      ] Total time for which application threads were stopped: 0.0001110 seconds, Stopping threads took: 0.0000413 seconds
[609.068s][info ][safepoint      ] Application time: 2.0001391 seconds
[609.068s][info ][safepoint      ] Entering safepoint region: Cleanup
[609.069s][info ][safepoint      ] Leaving safepoint region
[609.069s][info ][safepoint      ] Total time for which application threads were stopped: 0.0003543 seconds, Stopping threads took: 0.0002804 seconds
[611.069s][info ][safepoint      ] Application time: 2.0001401 seconds
[611.069s][info ][safepoint      ] Entering safepoint region: Cleanup
[611.069s][info ][safepoint      ] Leaving safepoint region
[611.069s][info ][safepoint      ] Total time for which application threads were stopped: 0.0000930 seconds, Stopping threads took: 0.0000319 seconds
[613.627s][info ][safepoint      ] Application time: 2.5575540 seconds
[613.627s][info ][safepoint      ] Entering safepoint region: ParallelGCFailedAllocation
[613.627s][info ][gc,start       ] GC(99) Pause Young (Allocation Failure)
[613.632s][debug][gc,phases      ] GC(99) Scavenge 5.355ms
[613.632s][debug][gc,ref         ] GC(99) Skipped phase1 of Reference Processing due to unavailable references
[613.632s][debug][gc,ref         ] GC(99) Skipped phase3 of Reference Processing due to unavailable references
[613.632s][debug][gc,phases      ] GC(99) Reference Processing 0.055ms
[613.632s][debug][gc,phases      ] GC(99) Weak Processing 0.132ms
[613.633s][debug][gc,phases      ] GC(99) Scrub String Table 0.435ms
[613.633s][debug][gc,age         ] GC(99) Desired survivor size 27787264 bytes, new threshold 15 (max threshold 15)
[613.633s][info ][gc,heap        ] GC(99) PSYoungGen: 2042032K->8048K(2070016K)
[613.633s][info ][gc,heap        ] GC(99) ParOldGen: 323781K->323861K(349696K)
[613.633s][info ][gc,metaspace   ] GC(99) Metaspace: 74363K->74363K(1118208K)
[613.633s][info ][gc             ] GC(99) Pause Young (Allocation Failure) 2310M->324M(2363M) 6.098ms
[613.633s][info ][gc,cpu         ] GC(99) User=0.02s Sys=0.00s Real=0.01s
[613.633s][info ][safepoint      ] Leaving safepoint region
[613.633s][info ][safepoint      ] Total time for which application threads were stopped: 0.0062340 seconds, Stopping threads took: 0.0000117 seconds
[616.633s][info ][safepoint      ] Application time: 3.0001899 seconds
[616.633s][info ][safepoint      ] Entering safepoint region: Cleanup
[616.633s][info ][safepoint      ] Leaving safepoint region
[616.633s][info ][safepoint      ] Total time for which application threads were stopped: 0.0001198 seconds, Stopping threads took: 0.0000358 seconds
[617.633s][info ][safepoint      ] Application time: 1.0000766 seconds
[617.633s][info ][safepoint      ] Entering safepoint region: Cleanup
[617.633s][info ][safepoint      ] Leaving safepoint region
[617.633s][info ][safepoint      ] Total time for which application threads were stopped: 0.0000859 seconds, Stopping threads took: 0.0000131 seconds
[618.633s][info ][safepoint      ] Application time: 1.0000685 seconds
[618.633s][info ][safepoint      ] Entering safepoint region: Cleanup
[618.634s][info ][safepoint      ] Leaving safepoint region
[618.634s][info ][safepoint      ] Total time for which application threads were stopped: 0.0000789 seconds, Stopping threads took: 0.0000129 seconds
[621.634s][info ][safepoint      ] Application time: 3.0002105 seconds
[621.634s][info ][safepoint      ] Entering safepoint region: Cleanup
[621.634s][info ][safepoint      ] Leaving safepoint region
[621.634s][info ][safepoint      ] Total time for which application threads were stopped: 0.0000754 seconds, Stopping threads took: 0.0000117 seconds
[622.380s][info ][safepoint      ] Application time: 0.7460856 seconds
[622.380s][info ][safepoint      ] Entering safepoint region: ParallelGCFailedAllocation
[622.380s][info ][gc,start       ] GC(100) Pause Young (Allocation Failure)
[622.386s][debug][gc,phases      ] GC(100) Scavenge 5.614ms
[622.386s][debug][gc,ref         ] GC(100) Skipped phase1 of Reference Processing due to unavailable references
[622.386s][debug][gc,ref         ] GC(100) Skipped phase3 of Reference Processing due to unavailable references
[622.386s][debug][gc,phases      ] GC(100) Reference Processing 0.026ms
[622.386s][debug][gc,phases      ] GC(100) Weak Processing 0.137ms
[622.386s][debug][gc,phases      ] GC(100) Scrub String Table 0.448ms
[622.386s][debug][gc,age         ] GC(100) Desired survivor size 26738688 bytes, new threshold 15 (max threshold 15)
[622.386s][info ][gc,heap        ] GC(100) PSYoungGen: 2049392K->7888K(2068480K)
[622.386s][info ][gc,heap        ] GC(100) ParOldGen: 323861K->324389K(349696K)
[622.386s][info ][gc,metaspace   ] GC(100) Metaspace: 74404K->74404K(1118208K)
[622.386s][info ][gc             ] GC(100) Pause Young (Allocation Failure) 2317M->324M(2361M) 6.374ms
[622.386s][info ][gc,cpu         ] GC(100) User=0.02s Sys=0.00s Real=0.01s
[622.387s][info ][safepoint      ] Leaving safepoint region
[622.387s][info ][safepoint      ] Total time for which application threads were stopped: 0.0065217 seconds, Stopping threads took: 0.0000135 seconds
[624.387s][info ][safepoint      ] Application time: 2.0001240 seconds
[624.387s][info ][safepoint      ] Entering safepoint region: Cleanup
[624.387s][info ][safepoint      ] Leaving safepoint region
[624.387s][info ][safepoint      ] Total time for which application threads were stopped: 0.0000857 seconds, Stopping threads took: 0.0000262 seconds
[625.387s][info ][safepoint      ] Application time: 1.0000655 seconds
[625.387s][info ][safepoint      ] Entering safepoint region: Cleanup
[625.387s][info ][safepoint      ] Leaving safepoint region
[625.387s][info ][safepoint      ] Total time for which application threads were stopped: 0.0000796 seconds, Stopping threads took: 0.0000126 seconds
[626.387s][info ][safepoint      ] Application time: 1.0000373 seconds
[626.387s][info ][safepoint      ] Entering safepoint region: Cleanup
[626.387s][info ][safepoint      ] Leaving safepoint region
[626.387s][info ][safepoint      ] Total time for which application threads were stopped: 0.0001119 seconds, Stopping threads took: 0.0000136 seconds
[627.387s][info ][safepoint      ] Application time: 1.0000724 seconds
[627.387s][info ][safepoint      ] Entering safepoint region: Cleanup
[627.387s][info ][safepoint      ] Leaving safepoint region
[627.387s][info ][safepoint      ] Total time for which application threads were stopped: 0.0000713 seconds, Stopping threads took: 0.0000129 seconds
[628.387s][info ][safepoint      ] Application time: 1.0000699 seconds
[628.387s][info ][safepoint      ] Entering safepoint region: Cleanup
[628.388s][info ][safepoint      ] Leaving safepoint region
[628.388s][info ][safepoint      ] Total time for which application threads were stopped: 0.0001312 seconds, Stopping threads took: 0.0000445 seconds
[631.388s][info ][safepoint      ] Application time: 3.0002065 seconds
[631.388s][info ][safepoint      ] Entering safepoint region: Cleanup
[631.388s][info ][safepoint      ] Leaving safepoint region
[631.388s][info ][safepoint      ] Total time for which application threads were stopped: 0.0000770 seconds, Stopping threads took: 0.0000124 seconds
[631.827s][info ][safepoint      ] Application time: 0.4388052 seconds
[631.827s][info ][safepoint      ] Entering safepoint region: ParallelGCFailedAllocation
[631.827s][info ][gc,start       ] GC(101) Pause Young (Allocation Failure)
[631.832s][debug][gc,phases      ] GC(101) Scavenge 4.686ms
[631.832s][debug][gc,ref         ] GC(101) Skipped phase1 of Reference Processing due to unavailable references
[631.832s][debug][gc,ref         ] GC(101) Skipped phase3 of Reference Processing due to unavailable references
[631.832s][debug][gc,phases      ] GC(101) Reference Processing 0.026ms
[631.832s][debug][gc,phases      ] GC(101) Weak Processing 0.129ms
[631.832s][debug][gc,phases      ] GC(101) Scrub String Table 0.469ms
[631.832s][debug][gc,age         ] GC(101) Desired survivor size 25165824 bytes, new threshold 15 (max threshold 15)
[631.832s][info ][gc,heap        ] GC(101) PSYoungGen: 2049232K->7632K(2072576K)
[631.832s][info ][gc,heap        ] GC(101) ParOldGen: 324389K->324445K(349696K)
[631.832s][info ][gc,metaspace   ] GC(101) Metaspace: 74425K->74425K(1118208K)
[631.832s][info ][gc             ] GC(101) Pause Young (Allocation Failure) 2317M->324M(2365M) 5.441ms
[631.832s][info ][gc,cpu         ] GC(101) User=0.02s Sys=0.00s Real=0.01s
[631.832s][info ][safepoint      ] Leaving safepoint region
[631.832s][info ][safepoint      ] Total time for which application threads were stopped: 0.0055769 seconds, Stopping threads took: 0.0000109 seconds
[638.833s][info ][safepoint      ] Application time: 7.0006650 seconds
[638.833s][info ][safepoint      ] Entering safepoint region: Cleanup
[638.833s][info ][safepoint      ] Leaving safepoint region
[638.833s][info ][safepoint      ] Total time for which application threads were stopped: 0.0001156 seconds, Stopping threads took: 0.0000197 seconds
[641.316s][info ][safepoint      ] Application time: 2.4830584 seconds
[641.316s][info ][safepoint      ] Entering safepoint region: ParallelGCFailedAllocation
[641.316s][info ][gc,start       ] GC(102) Pause Young (Allocation Failure)
[641.321s][debug][gc,phases      ] GC(102) Scavenge 5.089ms
[641.322s][debug][gc,ref         ] GC(102) Skipped phase1 of Reference Processing due to unavailable references
[641.322s][debug][gc,ref         ] GC(102) Skipped phase3 of Reference Processing due to unavailable references
[641.322s][debug][gc,phases      ] GC(102) Reference Processing 0.026ms
[641.322s][debug][gc,phases      ] GC(102) Weak Processing 0.116ms
[641.322s][debug][gc,phases      ] GC(102) Scrub String Table 0.418ms
[641.322s][debug][gc,age         ] GC(102) Desired survivor size 24117248 bytes, new threshold 15 (max threshold 15)
[641.322s][info ][gc,heap        ] GC(102) PSYoungGen: 2054096K->7792K(2071040K)
[641.322s][info ][gc,heap        ] GC(102) ParOldGen: 324445K->324493K(349696K)
[641.322s][info ][gc,metaspace   ] GC(102) Metaspace: 74427K->74427K(1118208K)
[641.322s][info ][gc             ] GC(102) Pause Young (Allocation Failure) 2322M->324M(2364M) 5.769ms
[641.322s][info ][gc,cpu         ] GC(102) User=0.02s Sys=0.00s Real=0.01s
[641.322s][info ][safepoint      ] Leaving safepoint region
[641.322s][info ][safepoint      ] Total time for which application threads were stopped: 0.0059293 seconds, Stopping threads took: 0.0000126 seconds
[647.323s][info ][safepoint      ] Application time: 6.0003524 seconds
[647.323s][info ][safepoint      ] Entering safepoint region: Cleanup
[647.323s][info ][safepoint      ] Leaving safepoint region
[647.323s][info ][safepoint      ] Total time for which application threads were stopped: 0.0000984 seconds, Stopping threads took: 0.0000408 seconds
[648.323s][info ][safepoint      ] Application time: 1.0000836 seconds
[648.323s][info ][safepoint      ] Entering safepoint region: Cleanup
[648.323s][info ][safepoint      ] Leaving safepoint region
[648.323s][info ][safepoint      ] Total time for which application threads were stopped: 0.0000970 seconds, Stopping threads took: 0.0000341 seconds
[649.323s][info ][safepoint      ] Application time: 1.0000856 seconds
[649.323s][info ][safepoint      ] Entering safepoint region: Cleanup
[649.323s][info ][safepoint      ] Leaving safepoint region
[649.323s][info ][safepoint      ] Total time for which application threads were stopped: 0.0001032 seconds, Stopping threads took: 0.0000359 seconds
[650.323s][info ][safepoint      ] Application time: 1.0000531 seconds
[650.323s][info ][safepoint      ] Entering safepoint region: Cleanup
[650.323s][info ][safepoint      ] Leaving safepoint region
[650.323s][info ][safepoint      ] Total time for which application threads were stopped: 0.0001360 seconds, Stopping threads took: 0.0000500 seconds
[650.807s][info ][safepoint      ] Application time: 0.4839050 seconds
[650.807s][info ][safepoint      ] Entering safepoint region: ParallelGCFailedAllocation
[650.807s][info ][gc,start       ] GC(103) Pause Young (Allocation Failure)
[650.813s][debug][gc,phases      ] GC(103) Scavenge 5.183ms
[650.813s][debug][gc,ref         ] GC(103) Skipped phase1 of Reference Processing due to unavailable references
[650.813s][debug][gc,ref         ] GC(103) Skipped phase3 of Reference Processing due to unavailable references
[650.813s][debug][gc,phases      ] GC(103) Reference Processing 0.026ms
[650.813s][debug][gc,phases      ] GC(103) Weak Processing 0.150ms
[650.813s][debug][gc,phases      ] GC(103) Scrub String Table 0.425ms
[650.813s][debug][gc,age         ] GC(103) Desired survivor size 22544384 bytes, new threshold 15 (max threshold 15)
[650.813s][info ][gc,heap        ] GC(103) PSYoungGen: 2054256K->7744K(2075136K)
[650.813s][info ][gc,heap        ] GC(103) ParOldGen: 324493K->324733K(349696K)
[650.813s][info ][gc,metaspace   ] GC(103) Metaspace: 74439K->74439K(1118208K)
[650.813s][info ][gc             ] GC(103) Pause Young (Allocation Failure) 2322M->324M(2368M) 5.924ms
[650.813s][info ][gc,cpu         ] GC(103) User=0.02s Sys=0.00s Real=0.01s
[650.813s][info ][safepoint      ] Leaving safepoint region
[650.813s][info ][safepoint      ] Total time for which application threads were stopped: 0.0060840 seconds, Stopping threads took: 0.0000136 seconds
[651.813s][info ][safepoint      ] Application time: 1.0000805 seconds
[651.814s][info ][safepoint      ] Entering safepoint region: Cleanup
[651.814s][info ][safepoint      ] Leaving safepoint region
[651.814s][info ][safepoint      ] Total time for which application threads were stopped: 0.0001038 seconds, Stopping threads took: 0.0000338 seconds
[654.814s][info ][safepoint      ] Application time: 3.0002171 seconds
[654.814s][info ][safepoint      ] Entering safepoint region: Cleanup
[654.814s][info ][safepoint      ] Leaving safepoint region
[654.814s][info ][safepoint      ] Total time for which application threads were stopped: 0.0001035 seconds, Stopping threads took: 0.0000359 seconds
[660.360s][info ][safepoint      ] Application time: 5.5459690 seconds
[660.360s][info ][safepoint      ] Entering safepoint region: ParallelGCFailedAllocation
[660.360s][info ][gc,start       ] GC(104) Pause Young (Allocation Failure)
[660.365s][debug][gc,phases      ] GC(104) Scavenge 5.121ms
[660.365s][debug][gc,ref         ] GC(104) Skipped phase1 of Reference Processing due to unavailable references
[660.365s][debug][gc,ref         ] GC(104) Skipped phase3 of Reference Processing due to unavailable references
[660.365s][debug][gc,phases      ] GC(104) Reference Processing 0.026ms
[660.365s][debug][gc,phases      ] GC(104) Weak Processing 0.143ms
[660.366s][debug][gc,phases      ] GC(104) Scrub String Table 0.438ms
[660.366s][debug][gc,age         ] GC(104) Desired survivor size 21495808 bytes, new threshold 15 (max threshold 15)
[660.366s][info ][gc,heap        ] GC(104) PSYoungGen: 2059328K->7504K(2073600K)
[660.366s][info ][gc,heap        ] GC(104) ParOldGen: 324733K->325045K(349696K)
[660.366s][info ][gc,metaspace   ] GC(104) Metaspace: 74445K->74445K(1118208K)
[660.366s][info ][gc             ] GC(104) Pause Young (Allocation Failure) 2328M->324M(2366M) 5.872ms
[660.366s][info ][gc,cpu         ] GC(104) User=0.01s Sys=0.00s Real=0.01s
[660.366s][info ][safepoint      ] Leaving safepoint region
[660.366s][info ][safepoint      ] Total time for which application threads were stopped: 0.0060349 seconds, Stopping threads took: 0.0000132 seconds
[662.366s][info ][safepoint      ] Application time: 2.0001322 seconds
[662.366s][info ][safepoint      ] Entering safepoint region: Cleanup
[662.366s][info ][safepoint      ] Leaving safepoint region
[662.366s][info ][safepoint      ] Total time for which application threads were stopped: 0.0000937 seconds, Stopping threads took: 0.0000311 seconds
[663.366s][info ][safepoint      ] Application time: 1.0000807 seconds
[663.366s][info ][safepoint      ] Entering safepoint region: Cleanup
[663.367s][info ][safepoint      ] Leaving safepoint region
[663.367s][info ][safepoint      ] Total time for which application threads were stopped: 0.0001094 seconds, Stopping threads took: 0.0000349 seconds
[669.904s][info ][safepoint      ] Application time: 6.5374465 seconds
[669.904s][info ][safepoint      ] Entering safepoint region: ParallelGCFailedAllocation
[669.904s][info ][gc,start       ] GC(105) Pause Young (Allocation Failure)
[669.909s][debug][gc,phases      ] GC(105) Scavenge 4.831ms
[669.909s][debug][gc,ref         ] GC(105) Skipped phase1 of Reference Processing due to unavailable references
[669.909s][debug][gc,ref         ] GC(105) Skipped phase3 of Reference Processing due to unavailable references
[669.909s][debug][gc,phases      ] GC(105) Reference Processing 0.027ms
[669.909s][debug][gc,phases      ] GC(105) Weak Processing 0.135ms
[669.910s][debug][gc,phases      ] GC(105) Scrub String Table 0.430ms
[669.910s][debug][gc,age         ] GC(105) Desired survivor size 20447232 bytes, new threshold 15 (max threshold 15)
[669.910s][info ][gc,heap        ] GC(105) PSYoungGen: 2059088K->6944K(2077184K)
[669.910s][info ][gc,heap        ] GC(105) ParOldGen: 325045K->325541K(349696K)
[669.910s][info ][gc,metaspace   ] GC(105) Metaspace: 74447K->74447K(1118208K)
[669.910s][info ][gc             ] GC(105) Pause Young (Allocation Failure) 2328M->324M(2370M) 5.560ms
[669.910s][info ][gc,cpu         ] GC(105) User=0.02s Sys=0.00s Real=0.00s
[669.910s][info ][safepoint      ] Leaving safepoint region
[669.910s][info ][safepoint      ] Total time for which application threads were stopped: 0.0057147 seconds, Stopping threads took: 0.0000130 seconds
[670.910s][info ][safepoint      ] Application time: 1.0000706 seconds
[670.910s][info ][safepoint      ] Entering safepoint region: Cleanup
[670.910s][info ][safepoint      ] Leaving safepoint region
[670.910s][info ][safepoint      ] Total time for which application threads were stopped: 0.0001248 seconds, Stopping threads took: 0.0000538 seconds
[672.910s][info ][safepoint      ] Application time: 2.0001031 seconds
[672.910s][info ][safepoint      ] Entering safepoint region: Cleanup
[672.910s][info ][safepoint      ] Leaving safepoint region
[672.910s][info ][safepoint      ] Total time for which application threads were stopped: 0.0001209 seconds, Stopping threads took: 0.0000370 seconds
[675.910s][info ][safepoint      ] Application time: 3.0001713 seconds
[675.910s][info ][safepoint      ] Entering safepoint region: Cleanup
[675.911s][info ][safepoint      ] Leaving safepoint region
[675.911s][info ][safepoint      ] Total time for which application threads were stopped: 0.0001232 seconds, Stopping threads took: 0.0000525 seconds
[677.242s][info ][safepoint      ] Application time: 1.3313099 seconds
[677.242s][info ][safepoint      ] Entering safepoint region: RevokeBias
[677.242s][info ][safepoint      ] Leaving safepoint region
[677.242s][info ][safepoint      ] Total time for which application threads were stopped: 0.0000927 seconds, Stopping threads took: 0.0000111 seconds
[678.242s][info ][safepoint      ] Application time: 1.0000700 seconds
[678.242s][info ][safepoint      ] Entering safepoint region: Cleanup
[678.242s][info ][safepoint      ] Leaving safepoint region
[678.242s][info ][safepoint      ] Total time for which application threads were stopped: 0.0000652 seconds, Stopping threads took: 0.0000134 seconds
[679.453s][info ][safepoint      ] Application time: 1.2103065 seconds
[679.453s][info ][safepoint      ] Entering safepoint region: ParallelGCFailedAllocation
[679.453s][info ][gc,start       ] GC(106) Pause Young (Allocation Failure)
[679.457s][debug][gc,phases      ] GC(106) Scavenge 4.729ms
[679.457s][debug][gc,ref         ] GC(106) Skipped phase1 of Reference Processing due to unavailable references
[679.457s][debug][gc,ref         ] GC(106) Skipped phase3 of Reference Processing due to unavailable references
[679.457s][debug][gc,phases      ] GC(106) Reference Processing 0.026ms
[679.458s][debug][gc,phases      ] GC(106) Weak Processing 0.128ms
[679.458s][debug][gc,phases      ] GC(106) Scrub String Table 0.438ms
[679.458s][debug][gc,age         ] GC(106) Desired survivor size 19922944 bytes, new threshold 15 (max threshold 15)
[679.458s][info ][gc,heap        ] GC(106) PSYoungGen: 2063136K->7168K(2076160K)
[679.458s][info ][gc,heap        ] GC(106) ParOldGen: 325541K->325585K(349696K)
[679.458s][info ][gc,metaspace   ] GC(106) Metaspace: 74459K->74459K(1118208K)
[679.458s][info ][gc             ] GC(106) Pause Young (Allocation Failure) 2332M->324M(2369M) 5.448ms
[679.458s][info ][gc,cpu         ] GC(106) User=0.02s Sys=0.00s Real=0.00s
[679.458s][info ][safepoint      ] Leaving safepoint region
[679.458s][info ][safepoint      ] Total time for which application threads were stopped: 0.0056307 seconds, Stopping threads took: 0.0000376 seconds
[681.458s][info ][safepoint      ] Application time: 2.0001542 seconds
[681.458s][info ][safepoint      ] Entering safepoint region: Cleanup
[681.458s][info ][safepoint      ] Leaving safepoint region
[681.458s][info ][safepoint      ] Total time for which application threads were stopped: 0.0000935 seconds, Stopping threads took: 0.0000334 seconds
[685.459s][info ][safepoint      ] Application time: 4.0002983 seconds
[685.459s][info ][safepoint      ] Entering safepoint region: Cleanup
[685.459s][info ][safepoint      ] Leaving safepoint region
[685.459s][info ][safepoint      ] Total time for which application threads were stopped: 0.0001177 seconds, Stopping threads took: 0.0000510 seconds
[686.459s][info ][safepoint      ] Application time: 1.0000712 seconds
[686.459s][info ][safepoint      ] Entering safepoint region: Cleanup
[686.459s][info ][safepoint      ] Leaving safepoint region
[686.459s][info ][safepoint      ] Total time for which application threads were stopped: 0.0001226 seconds, Stopping threads took: 0.0000568 seconds
[688.196s][info ][safepoint      ] Application time: 1.7368049 seconds
[688.196s][info ][safepoint      ] Entering safepoint region: RevokeBias
[688.196s][info ][safepoint      ] Leaving safepoint region
[688.196s][info ][safepoint      ] Total time for which application threads were stopped: 0.0000660 seconds, Stopping threads took: 0.0000101 seconds
[688.859s][info ][safepoint      ] Application time: 0.6626417 seconds
[688.859s][info ][safepoint      ] Entering safepoint region: ParallelGCFailedAllocation
[688.859s][info ][gc,start       ] GC(107) Pause Young (Allocation Failure)
[688.864s][debug][gc,phases      ] GC(107) Scavenge 5.217ms
[688.864s][debug][gc,ref         ] GC(107) Skipped phase1 of Reference Processing due to unavailable references
[688.864s][debug][gc,ref         ] GC(107) Skipped phase3 of Reference Processing due to unavailable references
[688.864s][debug][gc,ref         ] GC(107) Skipped phase4 of Reference Processing due to unavailable references
[688.864s][debug][gc,phases      ] GC(107) Reference Processing 0.051ms
[688.864s][debug][gc,phases      ] GC(107) Weak Processing 0.132ms
[688.865s][debug][gc,phases      ] GC(107) Scrub String Table 0.428ms
[688.865s][debug][gc,age         ] GC(107) Desired survivor size 18874368 bytes, new threshold 15 (max threshold 15)
[688.865s][info ][gc,heap        ] GC(107) PSYoungGen: 2063360K->7328K(2078720K)
[688.865s][info ][gc,heap        ] GC(107) ParOldGen: 325585K->325669K(349696K)
[688.865s][info ][gc,metaspace   ] GC(107) Metaspace: 74464K->74464K(1118208K)
[688.865s][info ][gc             ] GC(107) Pause Young (Allocation Failure) 2332M->325M(2371M) 5.966ms
[688.865s][info ][gc,cpu         ] GC(107) User=0.02s Sys=0.00s Real=0.01s
[688.865s][info ][safepoint      ] Leaving safepoint region
[688.865s][info ][safepoint      ] Total time for which application threads were stopped: 0.0061117 seconds, Stopping threads took: 0.0000124 seconds
[691.865s][info ][safepoint      ] Application time: 3.0002088 seconds
[691.865s][info ][safepoint      ] Entering safepoint region: Cleanup
[691.865s][info ][safepoint      ] Leaving safepoint region
[691.865s][info ][safepoint      ] Total time for which application threads were stopped: 0.0001280 seconds, Stopping threads took: 0.0000482 seconds
[692.865s][info ][safepoint      ] Application time: 1.0000483 seconds
[692.865s][info ][safepoint      ] Entering safepoint region: Cleanup
[692.865s][info ][safepoint      ] Leaving safepoint region
[692.865s][info ][safepoint      ] Total time for which application threads were stopped: 0.0001105 seconds, Stopping threads took: 0.0000393 seconds
[693.866s][info ][safepoint      ] Application time: 1.0000748 seconds
[693.866s][info ][safepoint      ] Entering safepoint region: Cleanup
[693.866s][info ][safepoint      ] Leaving safepoint region
[693.866s][info ][safepoint      ] Total time for which application threads were stopped: 0.0001099 seconds, Stopping threads took: 0.0000538 seconds
[694.866s][info ][safepoint      ] Application time: 1.0000733 seconds
[694.866s][info ][safepoint      ] Entering safepoint region: Cleanup
[694.866s][info ][safepoint      ] Leaving safepoint region
[694.866s][info ][safepoint      ] Total time for which application threads were stopped: 0.0001060 seconds, Stopping threads took: 0.0000429 seconds
[696.866s][info ][safepoint      ] Application time: 2.0001371 seconds
[696.866s][info ][safepoint      ] Entering safepoint region: Cleanup
[696.866s][info ][safepoint      ] Leaving safepoint region
[696.866s][info ][safepoint      ] Total time for which application threads were stopped: 0.0000918 seconds, Stopping threads took: 0.0000352 seconds
[697.866s][info ][safepoint      ] Application time: 1.0000744 seconds
[697.866s][info ][safepoint      ] Entering safepoint region: Cleanup
[697.866s][info ][safepoint      ] Leaving safepoint region
[697.866s][info ][safepoint      ] Total time for which application threads were stopped: 0.0001025 seconds, Stopping threads took: 0.0000336 seconds
[698.367s][info ][safepoint      ] Application time: 0.5008318 seconds
[698.367s][info ][safepoint      ] Entering safepoint region: ParallelGCFailedAllocation
[698.367s][info ][gc,start       ] GC(108) Pause Young (Allocation Failure)
[698.372s][debug][gc,phases      ] GC(108) Scavenge 4.557ms
[698.372s][debug][gc,ref         ] GC(108) Skipped phase1 of Reference Processing due to unavailable references
[698.372s][debug][gc,ref         ] GC(108) Skipped phase3 of Reference Processing due to unavailable references
[698.372s][debug][gc,ref         ] GC(108) Skipped phase4 of Reference Processing due to unavailable references
[698.372s][debug][gc,phases      ] GC(108) Reference Processing 0.028ms
[698.372s][debug][gc,phases      ] GC(108) Weak Processing 0.153ms
[698.373s][debug][gc,phases      ] GC(108) Scrub String Table 0.461ms
[698.373s][debug][gc,age         ] GC(108) Desired survivor size 18350080 bytes, new threshold 15 (max threshold 15)
[698.373s][info ][gc,heap        ] GC(108) PSYoungGen: 2066592K->6528K(2077696K)
[698.373s][info ][gc,heap        ] GC(108) ParOldGen: 325669K->326309K(349696K)
[698.373s][info ][gc,metaspace   ] GC(108) Metaspace: 74479K->74479K(1118208K)
[698.373s][info ][gc             ] GC(108) Pause Young (Allocation Failure) 2336M->325M(2370M) 5.340ms
[698.373s][info ][gc,cpu         ] GC(108) User=0.02s Sys=0.00s Real=0.01s
[698.373s][info ][safepoint      ] Leaving safepoint region
[698.373s][info ][safepoint      ] Total time for which application threads were stopped: 0.0054898 seconds, Stopping threads took: 0.0000176 seconds
[699.373s][info ][safepoint      ] Application time: 1.0000839 seconds
[699.373s][info ][safepoint      ] Entering safepoint region: Cleanup
[699.373s][info ][safepoint      ] Leaving safepoint region
[699.373s][info ][safepoint      ] Total time for which application threads were stopped: 0.0001134 seconds, Stopping threads took: 0.0000361 seconds
[702.373s][info ][safepoint      ] Application time: 3.0002134 seconds
[702.373s][info ][safepoint      ] Entering safepoint region: Cleanup
[702.373s][info ][safepoint      ] Leaving safepoint region
[702.373s][info ][safepoint      ] Total time for which application threads were stopped: 0.0001189 seconds, Stopping threads took: 0.0000488 seconds
[704.374s][info ][safepoint      ] Application time: 2.0001396 seconds
[704.374s][info ][safepoint      ] Entering safepoint region: Cleanup
[704.374s][info ][safepoint      ] Leaving safepoint region
[704.374s][info ][safepoint      ] Total time for which application threads were stopped: 0.0001337 seconds, Stopping threads took: 0.0000676 seconds
[706.374s][info ][safepoint      ] Application time: 2.0001476 seconds
[706.374s][info ][safepoint      ] Entering safepoint region: Cleanup
[706.374s][info ][safepoint      ] Leaving safepoint region
[706.374s][info ][safepoint      ] Total time for which application threads were stopped: 0.0001052 seconds, Stopping threads took: 0.0000392 seconds
[707.729s][info ][safepoint      ] Application time: 1.3548748 seconds
[707.729s][info ][safepoint      ] Entering safepoint region: ParallelGCFailedAllocation
[707.729s][info ][gc,start       ] GC(109) Pause Young (Allocation Failure)
[707.734s][debug][gc,phases      ] GC(109) Scavenge 5.356ms
[707.734s][debug][gc,ref         ] GC(109) Skipped phase1 of Reference Processing due to unavailable references
[707.734s][debug][gc,ref         ] GC(109) Skipped phase3 of Reference Processing due to unavailable references
[707.734s][debug][gc,ref         ] GC(109) Skipped phase4 of Reference Processing due to unavailable references
[707.734s][debug][gc,phases      ] GC(109) Reference Processing 0.027ms
[707.735s][debug][gc,phases      ] GC(109) Weak Processing 0.125ms
[707.735s][debug][gc,phases      ] GC(109) Scrub String Table 0.469ms
[707.735s][debug][gc,age         ] GC(109) Desired survivor size 17825792 bytes, new threshold 15 (max threshold 15)
[707.735s][info ][gc,heap        ] GC(109) PSYoungGen: 2065792K->6128K(2079744K)
[707.735s][info ][gc,heap        ] GC(109) ParOldGen: 326309K->326945K(349696K)
[707.735s][info ][gc,metaspace   ] GC(109) Metaspace: 74484K->74484K(1118208K)
[707.735s][info ][gc             ] GC(109) Pause Young (Allocation Failure) 2336M->325M(2372M) 6.098ms
[707.735s][info ][gc,cpu         ] GC(109) User=0.02s Sys=0.00s Real=0.01s
[707.735s][info ][safepoint      ] Leaving safepoint region
[707.735s][info ][safepoint      ] Total time for which application threads were stopped: 0.0062276 seconds, Stopping threads took: 0.0000114 seconds
[708.735s][info ][safepoint      ] Application time: 1.0000834 seconds
[708.735s][info ][safepoint      ] Entering safepoint region: Cleanup
[708.735s][info ][safepoint      ] Leaving safepoint region
[708.735s][info ][safepoint      ] Total time for which application threads were stopped: 0.0000633 seconds, Stopping threads took: 0.0000124 seconds
[711.736s][info ][safepoint      ] Application time: 3.0001949 seconds
[711.736s][info ][safepoint      ] Entering safepoint region: Cleanup
[711.736s][info ][safepoint      ] Leaving safepoint region
[711.736s][info ][safepoint      ] Total time for which application threads were stopped: 0.0000700 seconds, Stopping threads took: 0.0000179 seconds
[713.736s][info ][safepoint      ] Application time: 2.0001393 seconds
[713.736s][info ][safepoint      ] Entering safepoint region: Cleanup
[713.736s][info ][safepoint      ] Leaving safepoint region
[713.736s][info ][safepoint      ] Total time for which application threads were stopped: 0.0000673 seconds, Stopping threads took: 0.0000114 seconds
[715.736s][info ][safepoint      ] Application time: 2.0001374 seconds
[715.736s][info ][safepoint      ] Entering safepoint region: Cleanup
[715.736s][info ][safepoint      ] Leaving safepoint region
[715.736s][info ][safepoint      ] Total time for which application threads were stopped: 0.0000794 seconds, Stopping threads took: 0.0000119 seconds
[716.736s][info ][safepoint      ] Application time: 1.0000629 seconds
[716.736s][info ][safepoint      ] Entering safepoint region: Cleanup
[716.736s][info ][safepoint      ] Leaving safepoint region
[716.736s][info ][safepoint      ] Total time for which application threads were stopped: 0.0000852 seconds, Stopping threads took: 0.0000291 seconds
[717.158s][info ][safepoint      ] Application time: 0.4212339 seconds
[717.158s][info ][safepoint      ] Entering safepoint region: ParallelGCFailedAllocation
[717.158s][info ][gc,start       ] GC(110) Pause Young (Allocation Failure)
[717.163s][debug][gc,phases      ] GC(110) Scavenge 5.279ms
[717.163s][debug][gc,ref         ] GC(110) Skipped phase1 of Reference Processing due to unavailable references
[717.163s][debug][gc,ref         ] GC(110) Skipped phase3 of Reference Processing due to unavailable references
[717.163s][debug][gc,ref         ] GC(110) Skipped phase4 of Reference Processing due to unavailable references
[717.163s][debug][gc,phases      ] GC(110) Reference Processing 0.028ms
[717.163s][debug][gc,phases      ] GC(110) Weak Processing 0.129ms
[717.164s][debug][gc,phases      ] GC(110) Scrub String Table 0.404ms
[717.164s][debug][gc,age         ] GC(110) Desired survivor size 16777216 bytes, new threshold 15 (max threshold 15)
[717.164s][info ][gc,heap        ] GC(110) PSYoungGen: 2067952K->6464K(2079232K)
[717.164s][info ][gc,heap        ] GC(110) ParOldGen: 326945K->327017K(349696K)
[717.164s][info ][gc,metaspace   ] GC(110) Metaspace: 74488K->74488K(1118208K)
[717.164s][info ][gc             ] GC(110) Pause Young (Allocation Failure) 2338M->325M(2372M) 5.955ms
[717.164s][info ][gc,cpu         ] GC(110) User=0.02s Sys=0.00s Real=0.01s
[717.164s][info ][safepoint      ] Leaving safepoint region
[717.164s][info ][safepoint      ] Total time for which application threads were stopped: 0.0060980 seconds, Stopping threads took: 0.0000122 seconds
[721.164s][info ][safepoint      ] Application time: 4.0002805 seconds
[721.164s][info ][safepoint      ] Entering safepoint region: Cleanup
[721.164s][info ][safepoint      ] Leaving safepoint region
[721.164s][info ][safepoint      ] Total time for which application threads were stopped: 0.0001258 seconds, Stopping threads took: 0.0000505 seconds
[724.164s][info ][safepoint      ] Application time: 3.0002208 seconds
[724.164s][info ][safepoint      ] Entering safepoint region: Cleanup
[724.165s][info ][safepoint      ] Leaving safepoint region
[724.165s][info ][safepoint      ] Total time for which application threads were stopped: 0.0001220 seconds, Stopping threads took: 0.0000661 seconds
[726.724s][info ][safepoint      ] Application time: 2.5592898 seconds
[726.724s][info ][safepoint      ] Entering safepoint region: ParallelGCFailedAllocation
[726.724s][info ][gc,start       ] GC(111) Pause Young (Allocation Failure)
[726.729s][debug][gc,phases      ] GC(111) Scavenge 4.874ms
[726.729s][debug][gc,ref         ] GC(111) Skipped phase1 of Reference Processing due to unavailable references
[726.729s][debug][gc,ref         ] GC(111) Skipped phase3 of Reference Processing due to unavailable references
[726.729s][debug][gc,phases      ] GC(111) Reference Processing 0.027ms
[726.729s][debug][gc,phases      ] GC(111) Weak Processing 0.122ms
[726.730s][debug][gc,phases      ] GC(111) Scrub String Table 0.464ms
[726.730s][debug][gc,age         ] GC(111) Desired survivor size 16252928 bytes, new threshold 15 (max threshold 15)
[726.730s][info ][gc,heap        ] GC(111) PSYoungGen: 2068288K->6976K(2081280K)
[726.730s][info ][gc,heap        ] GC(111) ParOldGen: 327017K->327089K(349696K)
[726.730s][info ][gc,metaspace   ] GC(111) Metaspace: 74514K->74514K(1118208K)
[726.730s][info ][gc             ] GC(111) Pause Young (Allocation Failure) 2339M->326M(2374M) 5.626ms
[726.730s][info ][gc,cpu         ] GC(111) User=0.01s Sys=0.01s Real=0.00s
[726.730s][info ][safepoint      ] Leaving safepoint region
[726.730s][info ][safepoint      ] Total time for which application threads were stopped: 0.0057647 seconds, Stopping threads took: 0.0000110 seconds
[728.730s][info ][safepoint      ] Application time: 2.0001438 seconds
[728.730s][info ][safepoint      ] Entering safepoint region: Cleanup
[728.730s][info ][safepoint      ] Leaving safepoint region
[728.730s][info ][safepoint      ] Total time for which application threads were stopped: 0.0000659 seconds, Stopping threads took: 0.0000117 seconds
[729.730s][info ][safepoint      ] Application time: 1.0000757 seconds
[729.730s][info ][safepoint      ] Entering safepoint region: Cleanup
[729.730s][info ][safepoint      ] Leaving safepoint region
[729.730s][info ][safepoint      ] Total time for which application threads were stopped: 0.0000796 seconds, Stopping threads took: 0.0000170 seconds
[730.730s][info ][safepoint      ] Application time: 1.0000680 seconds
[730.730s][info ][safepoint      ] Entering safepoint region: Cleanup
[730.730s][info ][safepoint      ] Leaving safepoint region
[730.730s][info ][safepoint      ] Total time for which application threads were stopped: 0.0001437 seconds, Stopping threads took: 0.0000354 seconds
[733.731s][info ][safepoint      ] Application time: 3.0002103 seconds
[733.731s][info ][safepoint      ] Entering safepoint region: Cleanup
[733.731s][info ][safepoint      ] Leaving safepoint region
[733.731s][info ][safepoint      ] Total time for which application threads were stopped: 0.0001148 seconds, Stopping threads took: 0.0000508 seconds
[734.731s][info ][safepoint      ] Application time: 1.0000709 seconds
[734.731s][info ][safepoint      ] Entering safepoint region: Cleanup
[734.731s][info ][safepoint      ] Leaving safepoint region
[734.731s][info ][safepoint      ] Total time for which application threads were stopped: 0.0000733 seconds, Stopping threads took: 0.0000129 seconds
[735.731s][info ][safepoint      ] Application time: 1.0000766 seconds
[735.731s][info ][safepoint      ] Entering safepoint region: Cleanup
[735.731s][info ][safepoint      ] Leaving safepoint region
[735.731s][info ][safepoint      ] Total time for which application threads were stopped: 0.0000786 seconds, Stopping threads took: 0.0000135 seconds
[735.858s][info ][safepoint      ] Application time: 0.1266358 seconds
[735.858s][info ][safepoint      ] Entering safepoint region: ParallelGCFailedAllocation
[735.858s][info ][gc,start       ] GC(112) Pause Young (Allocation Failure)
[735.865s][debug][gc,phases      ] GC(112) Scavenge 7.056ms
[735.865s][debug][gc,ref         ] GC(112) Skipped phase1 of Reference Processing due to unavailable references
[735.865s][debug][gc,ref         ] GC(112) Skipped phase3 of Reference Processing due to unavailable references
[735.865s][debug][gc,phases      ] GC(112) Reference Processing 0.026ms
[735.865s][debug][gc,phases      ] GC(112) Weak Processing 0.148ms
[735.866s][debug][gc,phases      ] GC(112) Scrub String Table 0.417ms
[735.866s][debug][gc,age         ] GC(112) Desired survivor size 17301504 bytes, new threshold 15 (max threshold 15)
[735.866s][info ][gc,heap        ] GC(112) PSYoungGen: 2071872K->12432K(2077696K)
[735.866s][info ][gc,heap        ] GC(112) ParOldGen: 327089K->327173K(349696K)
[735.866s][info ][gc,metaspace   ] GC(112) Metaspace: 74525K->74525K(1118208K)
[735.866s][info ][gc             ] GC(112) Pause Young (Allocation Failure) 2342M->331M(2370M) 7.774ms
[735.866s][info ][gc,cpu         ] GC(112) User=0.03s Sys=0.00s Real=0.01s
[735.866s][info ][safepoint      ] Leaving safepoint region
[735.866s][info ][safepoint      ] Total time for which application threads were stopped: 0.0079362 seconds, Stopping threads took: 0.0000128 seconds
[736.866s][info ][safepoint      ] Application time: 1.0000798 seconds
[736.866s][info ][safepoint      ] Entering safepoint region: Cleanup
[736.866s][info ][safepoint      ] Leaving safepoint region
[736.866s][info ][safepoint      ] Total time for which application threads were stopped: 0.0001177 seconds, Stopping threads took: 0.0000517 seconds
[737.866s][info ][safepoint      ] Application time: 1.0000914 seconds
[737.866s][info ][safepoint      ] Entering safepoint region: Cleanup
[737.866s][info ][safepoint      ] Leaving safepoint region
[737.866s][info ][safepoint      ] Total time for which application threads were stopped: 0.0002474 seconds, Stopping threads took: 0.0000428 seconds
[739.866s][info ][safepoint      ] Application time: 2.0001418 seconds
[739.867s][info ][safepoint      ] Entering safepoint region: Cleanup
[739.867s][info ][safepoint      ] Leaving safepoint region
[739.867s][info ][safepoint      ] Total time for which application threads were stopped: 0.0001126 seconds, Stopping threads took: 0.0000463 seconds
[740.867s][info ][safepoint      ] Application time: 1.0000700 seconds
[740.867s][info ][safepoint      ] Entering safepoint region: Cleanup
[740.867s][info ][safepoint      ] Leaving safepoint region
[740.867s][info ][safepoint      ] Total time for which application threads were stopped: 0.0001051 seconds, Stopping threads took: 0.0000375 seconds
[742.867s][info ][safepoint      ] Application time: 2.0001582 seconds
[742.867s][info ][safepoint      ] Entering safepoint region: Cleanup
[742.867s][info ][safepoint      ] Leaving safepoint region
[742.867s][info ][safepoint      ] Total time for which application threads were stopped: 0.0001150 seconds, Stopping threads took: 0.0000423 seconds
[743.867s][info ][safepoint      ] Application time: 1.0000687 seconds
[743.867s][info ][safepoint      ] Entering safepoint region: Cleanup
[743.867s][info ][safepoint      ] Leaving safepoint region
[743.867s][info ][safepoint      ] Total time for which application threads were stopped: 0.0001234 seconds, Stopping threads took: 0.0000403 seconds
[744.477s][info ][safepoint      ] Application time: 0.6094759 seconds
[744.477s][info ][safepoint      ] Entering safepoint region: ParallelGCFailedAllocation
[744.477s][info ][gc,start       ] GC(113) Pause Young (Allocation Failure)
[744.485s][debug][gc,phases      ] GC(113) Scavenge 7.844ms
[744.485s][debug][gc,ref         ] GC(113) Skipped phase1 of Reference Processing due to unavailable references
[744.485s][debug][gc,ref         ] GC(113) Skipped phase3 of Reference Processing due to unavailable references
[744.485s][debug][gc,phases      ] GC(113) Reference Processing 0.037ms
[744.485s][debug][gc,phases      ] GC(113) Weak Processing 0.159ms
[744.486s][debug][gc,phases      ] GC(113) Scrub String Table 0.570ms
[744.486s][debug][gc,age         ] GC(113) Desired survivor size 18874368 bytes, new threshold 15 (max threshold 15)
[744.486s][info ][gc,heap        ] GC(113) PSYoungGen: 2077328K->15152K(2077184K)
[744.486s][info ][gc,heap        ] GC(113) ParOldGen: 327173K->327330K(349696K)
[744.486s][info ][gc,metaspace   ] GC(113) Metaspace: 74557K->74557K(1118208K)
[744.486s][info ][gc             ] GC(113) Pause Young (Allocation Failure) 2348M->334M(2370M) 8.762ms
[744.486s][info ][gc,cpu         ] GC(113) User=0.03s Sys=0.00s Real=0.01s
[744.486s][info ][safepoint      ] Leaving safepoint region
[744.486s][info ][safepoint      ] Total time for which application threads were stopped: 0.0089247 seconds, Stopping threads took: 0.0000157 seconds
[745.486s][info ][safepoint      ] Application time: 1.0000838 seconds
[745.486s][info ][safepoint      ] Entering safepoint region: Cleanup
[745.486s][info ][safepoint      ] Leaving safepoint region
[745.486s][info ][safepoint      ] Total time for which application threads were stopped: 0.0000838 seconds, Stopping threads took: 0.0000119 seconds
[747.486s][info ][safepoint      ] Application time: 2.0001349 seconds
[747.486s][info ][safepoint      ] Entering safepoint region: Cleanup
[747.486s][info ][safepoint      ] Leaving safepoint region
[747.486s][info ][safepoint      ] Total time for which application threads were stopped: 0.0000818 seconds, Stopping threads took: 0.0000252 seconds
[748.486s][info ][safepoint      ] Application time: 1.0000867 seconds
[748.486s][info ][safepoint      ] Entering safepoint region: Cleanup
[748.487s][info ][safepoint      ] Leaving safepoint region
[748.487s][info ][safepoint      ] Total time for which application threads were stopped: 0.0000659 seconds, Stopping threads took: 0.0000117 seconds
[749.487s][info ][safepoint      ] Application time: 1.0000687 seconds
[749.487s][info ][safepoint      ] Entering safepoint region: Cleanup
[749.487s][info ][safepoint      ] Leaving safepoint region
[749.487s][info ][safepoint      ] Total time for which application threads were stopped: 0.0000725 seconds, Stopping threads took: 0.0000203 seconds
[751.487s][info ][safepoint      ] Application time: 2.0001405 seconds
[751.487s][info ][safepoint      ] Entering safepoint region: Cleanup
[751.487s][info ][safepoint      ] Leaving safepoint region
[751.487s][info ][safepoint      ] Total time for which application threads were stopped: 0.0000696 seconds, Stopping threads took: 0.0000120 seconds
[752.921s][info ][safepoint      ] Application time: 1.4344980 seconds
[752.921s][info ][safepoint      ] Entering safepoint region: ParallelGCFailedAllocation
[752.922s][info ][gc,start       ] GC(114) Pause Young (Allocation Failure)
[752.929s][debug][gc,phases      ] GC(114) Scavenge 7.876ms
[752.930s][debug][gc,ref         ] GC(114) Skipped phase1 of Reference Processing due to unavailable references
[752.930s][debug][gc,ref         ] GC(114) Skipped phase3 of Reference Processing due to unavailable references
[752.930s][debug][gc,phases      ] GC(114) Reference Processing 0.034ms
[752.930s][debug][gc,phases      ] GC(114) Weak Processing 0.141ms
[752.930s][debug][gc,phases      ] GC(114) Scrub String Table 0.443ms
[752.930s][debug][gc,age         ] GC(114) Desired survivor size 21495808 bytes, new threshold 15 (max threshold 15)
[752.930s][info ][gc,heap        ] GC(114) PSYoungGen: 2075440K->18048K(2078720K)
[752.930s][info ][gc,heap        ] GC(114) ParOldGen: 327330K->327534K(349696K)
[752.930s][info ][gc,metaspace   ] GC(114) Metaspace: 74559K->74559K(1118208K)
[752.930s][info ][gc             ] GC(114) Pause Young (Allocation Failure) 2346M->337M(2371M) 8.649ms
[752.930s][info ][gc,cpu         ] GC(114) User=0.03s Sys=0.00s Real=0.00s
[752.930s][info ][safepoint      ] Leaving safepoint region
[752.930s][info ][safepoint      ] Total time for which application threads were stopped: 0.0088009 seconds, Stopping threads took: 0.0000117 seconds
[754.930s][info ][safepoint      ] Application time: 2.0001570 seconds
[754.931s][info ][safepoint      ] Entering safepoint region: Cleanup
[754.931s][info ][safepoint      ] Leaving safepoint region
[754.931s][info ][safepoint      ] Total time for which application threads were stopped: 0.0000918 seconds, Stopping threads took: 0.0000323 seconds
[756.931s][info ][safepoint      ] Application time: 2.0001257 seconds
[756.931s][info ][safepoint      ] Entering safepoint region: Cleanup
[756.931s][info ][safepoint      ] Leaving safepoint region
[756.931s][info ][safepoint      ] Total time for which application threads were stopped: 0.0000678 seconds, Stopping threads took: 0.0000126 seconds
[760.931s][info ][safepoint      ] Application time: 4.0002851 seconds
[760.931s][info ][safepoint      ] Entering safepoint region: Cleanup
[760.931s][info ][safepoint      ] Leaving safepoint region
[760.931s][info ][safepoint      ] Total time for which application threads were stopped: 0.0000799 seconds, Stopping threads took: 0.0000133 seconds
[761.421s][info ][safepoint      ] Application time: 0.4900558 seconds
[761.421s][info ][safepoint      ] Entering safepoint region: ParallelGCFailedAllocation
[761.421s][info ][gc,start       ] GC(115) Pause Young (Allocation Failure)
[761.429s][debug][gc,phases      ] GC(115) Scavenge 7.856ms
[761.429s][debug][gc,ref         ] GC(115) Skipped phase1 of Reference Processing due to unavailable references
[761.429s][debug][gc,ref         ] GC(115) Skipped phase3 of Reference Processing due to unavailable references
[761.429s][debug][gc,phases      ] GC(115) Reference Processing 0.031ms
[761.430s][debug][gc,phases      ] GC(115) Weak Processing 0.165ms
[761.430s][debug][gc,phases      ] GC(115) Scrub String Table 0.536ms
[761.430s][debug][gc,age         ] GC(115) Desired survivor size 24641536 bytes, new threshold 14 (max threshold 15)
[761.430s][info ][gc,heap        ] GC(115) PSYoungGen: 2078336K->18416K(2067456K)
[761.430s][info ][gc,heap        ] GC(115) ParOldGen: 327534K->329542K(349696K)
[761.430s][info ][gc,metaspace   ] GC(115) Metaspace: 74574K->74574K(1118208K)
[761.430s][info ][gc             ] GC(115) Pause Young (Allocation Failure) 2349M->339M(2360M) 8.733ms
[761.430s][info ][gc,cpu         ] GC(115) User=0.03s Sys=0.00s Real=0.00s
[761.430s][info ][safepoint      ] Leaving safepoint region
[761.430s][info ][safepoint      ] Total time for which application threads were stopped: 0.0088887 seconds, Stopping threads took: 0.0000127 seconds
[762.430s][info ][safepoint      ] Application time: 1.0000792 seconds
[762.430s][info ][safepoint      ] Entering safepoint region: Cleanup
[762.430s][info ][safepoint      ] Leaving safepoint region
[762.430s][info ][safepoint      ] Total time for which application threads were stopped: 0.0001169 seconds, Stopping threads took: 0.0000546 seconds
[763.431s][info ][safepoint      ] Application time: 1.0000794 seconds
[763.431s][info ][safepoint      ] Entering safepoint region: Cleanup
[763.431s][info ][safepoint      ] Leaving safepoint region
[763.431s][info ][safepoint      ] Total time for which application threads were stopped: 0.0001049 seconds, Stopping threads took: 0.0000346 seconds
[764.431s][info ][safepoint      ] Application time: 1.0000752 seconds
[764.431s][info ][safepoint      ] Entering safepoint region: Cleanup
[764.431s][info ][safepoint      ] Leaving safepoint region
[764.431s][info ][safepoint      ] Total time for which application threads were stopped: 0.0001152 seconds, Stopping threads took: 0.0000453 seconds
[765.431s][info ][safepoint      ] Application time: 1.0000849 seconds
[765.431s][info ][safepoint      ] Entering safepoint region: Cleanup
[765.431s][info ][safepoint      ] Leaving safepoint region
[765.431s][info ][safepoint      ] Total time for which application threads were stopped: 0.0001114 seconds, Stopping threads took: 0.0000379 seconds
[767.431s][info ][safepoint      ] Application time: 2.0001472 seconds
[767.431s][info ][safepoint      ] Entering safepoint region: Cleanup
[767.431s][info ][safepoint      ] Leaving safepoint region
[767.431s][info ][safepoint      ] Total time for which application threads were stopped: 0.0000807 seconds, Stopping threads took: 0.0000166 seconds
[768.432s][info ][safepoint      ] Application time: 1.0000716 seconds
[768.432s][info ][safepoint      ] Entering safepoint region: Cleanup
[768.432s][info ][safepoint      ] Leaving safepoint region
[768.432s][info ][safepoint      ] Total time for which application threads were stopped: 0.0001350 seconds, Stopping threads took: 0.0000545 seconds
[769.432s][info ][safepoint      ] Application time: 1.0000333 seconds
[769.432s][info ][safepoint      ] Entering safepoint region: Cleanup
[769.432s][info ][safepoint      ] Leaving safepoint region
[769.432s][info ][safepoint      ] Total time for which application threads were stopped: 0.0000710 seconds, Stopping threads took: 0.0000124 seconds
[769.781s][info ][safepoint      ] Application time: 0.3493369 seconds
[769.781s][info ][safepoint      ] Entering safepoint region: ParallelGCFailedAllocation
[769.781s][info ][gc,start       ] GC(116) Pause Young (Allocation Failure)
[769.790s][debug][gc,phases      ] GC(116) Scavenge 9.040ms
[769.791s][debug][gc,ref         ] GC(116) Skipped phase1 of Reference Processing due to unavailable references
[769.791s][debug][gc,ref         ] GC(116) Skipped phase2 of Reference Processing due to unavailable references
[769.791s][debug][gc,ref         ] GC(116) Skipped phase3 of Reference Processing due to unavailable references
[769.791s][debug][gc,phases      ] GC(116) Reference Processing 0.028ms
[769.791s][debug][gc,phases      ] GC(116) Weak Processing 0.134ms
[769.791s][debug][gc,phases      ] GC(116) Scrub String Table 0.454ms
[769.791s][debug][gc,age         ] GC(116) Desired survivor size 27787264 bytes, new threshold 15 (max threshold 15)
[769.791s][info ][gc,heap        ] GC(116) PSYoungGen: 2067440K->23632K(2073088K)
[769.791s][info ][gc,heap        ] GC(116) ParOldGen: 329542K->330010K(349696K)
[769.791s][info ][gc,metaspace   ] GC(116) Metaspace: 74583K->74583K(1118208K)
[769.791s][info ][gc             ] GC(116) Pause Young (Allocation Failure) 2340M->345M(2366M) 9.812ms
[769.791s][info ][gc,cpu         ] GC(116) User=0.04s Sys=0.00s Real=0.00s
[769.791s][info ][safepoint      ] Leaving safepoint region
[769.791s][info ][safepoint      ] Total time for which application threads were stopped: 0.0099917 seconds, Stopping threads took: 0.0000335 seconds
[770.791s][info ][safepoint      ] Application time: 1.0000816 seconds
[770.791s][info ][safepoint      ] Entering safepoint region: Cleanup
[770.791s][info ][safepoint      ] Leaving safepoint region
[770.791s][info ][safepoint      ] Total time for which application threads were stopped: 0.0001120 seconds, Stopping threads took: 0.0000336 seconds
[773.792s][info ][safepoint      ] Application time: 3.0002107 seconds
[773.792s][info ][safepoint      ] Entering safepoint region: Cleanup
[773.792s][info ][safepoint      ] Leaving safepoint region
[773.792s][info ][safepoint      ] Total time for which application threads were stopped: 0.0000658 seconds, Stopping threads took: 0.0000114 seconds
[776.792s][info ][safepoint      ] Application time: 3.0002036 seconds
[776.792s][info ][safepoint      ] Entering safepoint region: Cleanup
[776.792s][info ][safepoint      ] Leaving safepoint region
[776.792s][info ][safepoint      ] Total time for which application threads were stopped: 0.0000659 seconds, Stopping threads took: 0.0000121 seconds
[778.277s][info ][safepoint      ] Application time: 1.4847880 seconds
[778.277s][info ][safepoint      ] Entering safepoint region: ParallelGCFailedAllocation
[778.277s][info ][gc,start       ] GC(117) Pause Young (Allocation Failure)
[778.286s][debug][gc,phases      ] GC(117) Scavenge 8.539ms
[778.286s][debug][gc,ref         ] GC(117) Skipped phase1 of Reference Processing due to unavailable references
[778.286s][debug][gc,ref         ] GC(117) Skipped phase3 of Reference Processing due to unavailable references
[778.286s][debug][gc,phases      ] GC(117) Reference Processing 0.029ms
[778.286s][debug][gc,phases      ] GC(117) Weak Processing 0.145ms
[778.286s][debug][gc,phases      ] GC(117) Scrub String Table 0.451ms
[778.286s][debug][gc,age         ] GC(117) Desired survivor size 31457280 bytes, new threshold 14 (max threshold 15)
[778.286s][info ][gc,heap        ] GC(117) PSYoungGen: 2072656K->24048K(2059776K)
[778.286s][info ][gc,heap        ] GC(117) ParOldGen: 330010K->331078K(349696K)
[778.286s][info ][gc,metaspace   ] GC(117) Metaspace: 74603K->74603K(1118208K)
[778.286s][info ][gc             ] GC(117) Pause Young (Allocation Failure) 2346M->346M(2353M) 9.293ms
[778.286s][info ][gc,cpu         ] GC(117) User=0.04s Sys=0.00s Real=0.01s
[778.286s][info ][safepoint      ] Leaving safepoint region
[778.286s][info ][safepoint      ] Total time for which application threads were stopped: 0.0094872 seconds, Stopping threads took: 0.0000287 seconds
[779.286s][info ][safepoint      ] Application time: 1.0000589 seconds
[779.287s][info ][safepoint      ] Entering safepoint region: Cleanup
[779.287s][info ][safepoint      ] Leaving safepoint region
[779.287s][info ][safepoint      ] Total time for which application threads were stopped: 0.0000871 seconds, Stopping threads took: 0.0000135 seconds
[783.287s][info ][safepoint      ] Application time: 4.0002747 seconds
[783.287s][info ][safepoint      ] Entering safepoint region: Cleanup
[783.287s][info ][safepoint      ] Leaving safepoint region
[783.287s][info ][safepoint      ] Total time for which application threads were stopped: 0.0000890 seconds, Stopping threads took: 0.0000121 seconds
[784.287s][info ][safepoint      ] Application time: 1.0000484 seconds
[784.287s][info ][safepoint      ] Entering safepoint region: Cleanup
[784.287s][info ][safepoint      ] Leaving safepoint region
[784.287s][info ][safepoint      ] Total time for which application threads were stopped: 0.0000706 seconds, Stopping threads took: 0.0000163 seconds
[786.826s][info ][safepoint      ] Application time: 2.5384405 seconds
[786.826s][info ][safepoint      ] Entering safepoint region: ParallelGCFailedAllocation
[786.826s][info ][gc,start       ] GC(118) Pause Young (Allocation Failure)
[786.834s][debug][gc,phases      ] GC(118) Scavenge 8.668ms
[786.834s][debug][gc,ref         ] GC(118) Skipped phase1 of Reference Processing due to unavailable references
[786.834s][debug][gc,ref         ] GC(118) Skipped phase3 of Reference Processing due to unavailable references
[786.835s][debug][gc,phases      ] GC(118) Reference Processing 0.026ms
[786.835s][debug][gc,phases      ] GC(118) Weak Processing 0.132ms
[786.835s][debug][gc,phases      ] GC(118) Scrub String Table 0.458ms
[786.835s][debug][gc,age         ] GC(118) Desired survivor size 34603008 bytes, new threshold 15 (max threshold 15)
[786.835s][info ][gc,heap        ] GC(118) PSYoungGen: 2059760K->26208K(2062336K)
[786.835s][info ][gc,heap        ] GC(118) ParOldGen: 331078K->331382K(349696K)
[786.835s][info ][gc,metaspace   ] GC(118) Metaspace: 74603K->74603K(1118208K)
[786.835s][info ][gc             ] GC(118) Pause Young (Allocation Failure) 2334M->349M(2355M) 9.408ms
[786.835s][info ][gc,cpu         ] GC(118) User=0.04s Sys=0.00s Real=0.01s
[786.835s][info ][safepoint      ] Leaving safepoint region
[786.835s][info ][safepoint      ] Total time for which application threads were stopped: 0.0095513 seconds, Stopping threads took: 0.0000129 seconds
[788.835s][info ][safepoint      ] Application time: 2.0001441 seconds
[788.835s][info ][safepoint      ] Entering safepoint region: Cleanup
[788.835s][info ][safepoint      ] Leaving safepoint region
[788.835s][info ][safepoint      ] Total time for which application threads were stopped: 0.0000795 seconds, Stopping threads took: 0.0000124 seconds
[789.836s][info ][safepoint      ] Application time: 1.0000658 seconds
[789.836s][info ][safepoint      ] Entering safepoint region: Cleanup
[789.836s][info ][safepoint      ] Leaving safepoint region
[789.836s][info ][safepoint      ] Total time for which application threads were stopped: 0.0000790 seconds, Stopping threads took: 0.0000192 seconds
[791.836s][info ][safepoint      ] Application time: 2.0001449 seconds
[791.836s][info ][safepoint      ] Entering safepoint region: Cleanup
[791.836s][info ][safepoint      ] Leaving safepoint region
[791.836s][info ][safepoint      ] Total time for which application threads were stopped: 0.0000723 seconds, Stopping threads took: 0.0000128 seconds
[792.836s][info ][safepoint      ] Application time: 1.0000638 seconds
[792.836s][info ][safepoint      ] Entering safepoint region: Cleanup
[792.836s][info ][safepoint      ] Leaving safepoint region
[792.836s][info ][safepoint      ] Total time for which application threads were stopped: 0.0000885 seconds, Stopping threads took: 0.0000125 seconds
[793.836s][info ][safepoint      ] Application time: 1.0000597 seconds
[793.836s][info ][safepoint      ] Entering safepoint region: Cleanup
[793.836s][info ][safepoint      ] Leaving safepoint region
[793.836s][info ][safepoint      ] Total time for which application threads were stopped: 0.0000734 seconds, Stopping threads took: 0.0000140 seconds
[795.403s][info ][safepoint      ] Application time: 1.5662322 seconds
[795.403s][info ][safepoint      ] Entering safepoint region: ParallelGCFailedAllocation
[795.403s][info ][gc,start       ] GC(119) Pause Young (Allocation Failure)
[795.412s][debug][gc,phases      ] GC(119) Scavenge 8.856ms
[795.412s][debug][gc,ref         ] GC(119) Skipped phase1 of Reference Processing due to unavailable references
[795.412s][debug][gc,ref         ] GC(119) Skipped phase3 of Reference Processing due to unavailable references
[795.412s][debug][gc,phases      ] GC(119) Reference Processing 0.028ms
[795.412s][debug][gc,phases      ] GC(119) Weak Processing 0.131ms
[795.412s][debug][gc,phases      ] GC(119) Scrub String Table 0.471ms
[795.412s][debug][gc,age         ] GC(119) Desired survivor size 37224448 bytes, new threshold 15 (max threshold 15)
[795.412s][info ][gc,heap        ] GC(119) PSYoungGen: 2061920K->27472K(2058240K)
[795.412s][info ][gc,heap        ] GC(119) ParOldGen: 331382K->331382K(349696K)
[795.412s][info ][gc,metaspace   ] GC(119) Metaspace: 74636K->74636K(1118208K)
[795.412s][info ][gc             ] GC(119) Pause Young (Allocation Failure) 2337M->350M(2351M) 9.611ms
[795.412s][info ][gc,cpu         ] GC(119) User=0.04s Sys=0.00s Real=0.01s
[795.412s][info ][safepoint      ] Leaving safepoint region
[795.412s][info ][safepoint      ] Total time for which application threads were stopped: 0.0098142 seconds, Stopping threads took: 0.0000370 seconds
[796.412s][info ][safepoint      ] Application time: 1.0000806 seconds
[796.413s][info ][safepoint      ] Entering safepoint region: Cleanup
[796.413s][info ][safepoint      ] Leaving safepoint region
[796.413s][info ][safepoint      ] Total time for which application threads were stopped: 0.0001271 seconds, Stopping threads took: 0.0000301 seconds
[797.413s][info ][safepoint      ] Application time: 1.0000615 seconds
[797.413s][info ][safepoint      ] Entering safepoint region: Cleanup
[797.413s][info ][safepoint      ] Leaving safepoint region
[797.413s][info ][safepoint      ] Total time for which application threads were stopped: 0.0001072 seconds, Stopping threads took: 0.0000415 seconds
[798.413s][info ][safepoint      ] Application time: 1.0000765 seconds
[798.413s][info ][safepoint      ] Entering safepoint region: Cleanup
[798.413s][info ][safepoint      ] Leaving safepoint region
[798.413s][info ][safepoint      ] Total time for which application threads were stopped: 0.0001084 seconds, Stopping threads took: 0.0000323 seconds
[799.413s][info ][safepoint      ] Application time: 1.0000690 seconds
[799.413s][info ][safepoint      ] Entering safepoint region: Cleanup
[799.413s][info ][safepoint      ] Leaving safepoint region
[799.413s][info ][safepoint      ] Total time for which application threads were stopped: 0.0001334 seconds, Stopping threads took: 0.0000647 seconds
[800.413s][info ][safepoint      ] Application time: 1.0000696 seconds
[800.413s][info ][safepoint      ] Entering safepoint region: Cleanup
[800.414s][info ][safepoint      ] Leaving safepoint region
[800.414s][info ][safepoint      ] Total time for which application threads were stopped: 0.0001142 seconds, Stopping threads took: 0.0000349 seconds
[803.414s][info ][safepoint      ] Application time: 3.0001936 seconds
[803.414s][info ][safepoint      ] Entering safepoint region: Cleanup
[803.414s][info ][safepoint      ] Leaving safepoint region
[803.414s][info ][safepoint      ] Total time for which application threads were stopped: 0.0001080 seconds, Stopping threads took: 0.0000347 seconds
[803.753s][info ][safepoint      ] Application time: 0.3389113 seconds
[803.753s][info ][safepoint      ] Entering safepoint region: ParallelGCFailedAllocation
[803.753s][info ][gc,start       ] GC(120) Pause Young (Allocation Failure)
[803.762s][debug][gc,phases      ] GC(120) Scavenge 9.235ms
[803.762s][debug][gc,ref         ] GC(120) Skipped phase1 of Reference Processing due to unavailable references
[803.762s][debug][gc,ref         ] GC(120) Skipped phase3 of Reference Processing due to unavailable references
[803.762s][debug][gc,phases      ] GC(120) Reference Processing 0.040ms
[803.763s][debug][gc,phases      ] GC(120) Weak Processing 0.135ms
[803.763s][debug][gc,phases      ] GC(120) Scrub String Table 0.469ms
[803.763s][debug][gc,age         ] GC(120) Desired survivor size 39845888 bytes, new threshold 15 (max threshold 15)
[803.763s][info ][gc,heap        ] GC(120) PSYoungGen: 2051920K->27712K(2052608K)
[803.763s][info ][gc,heap        ] GC(120) ParOldGen: 331382K->331490K(349696K)
[803.763s][info ][gc,metaspace   ] GC(120) Metaspace: 74643K->74643K(1118208K)
[803.763s][info ][gc             ] GC(120) Pause Young (Allocation Failure) 2327M->350M(2346M) 10.000ms
[803.763s][info ][gc,cpu         ] GC(120) User=0.03s Sys=0.00s Real=0.01s
[803.763s][info ][safepoint      ] Leaving safepoint region
[803.763s][info ][safepoint      ] Total time for which application threads were stopped: 0.0102118 seconds, Stopping threads took: 0.0000591 seconds
[808.763s][info ][safepoint      ] Application time: 5.0003787 seconds
[808.764s][info ][safepoint      ] Entering safepoint region: Cleanup
[808.764s][info ][safepoint      ] Leaving safepoint region
[808.764s][info ][safepoint      ] Total time for which application threads were stopped: 0.0001279 seconds, Stopping threads took: 0.0000555 seconds
[809.764s][info ][safepoint      ] Application time: 1.0000829 seconds
[809.764s][info ][safepoint      ] Entering safepoint region: Cleanup
[809.764s][info ][safepoint      ] Leaving safepoint region
[809.764s][info ][safepoint      ] Total time for which application threads were stopped: 0.0001381 seconds, Stopping threads took: 0.0000432 seconds
[812.152s][info ][safepoint      ] Application time: 2.3880605 seconds
[812.152s][info ][safepoint      ] Entering safepoint region: ParallelGCFailedAllocation
[812.152s][info ][gc,start       ] GC(121) Pause Young (Allocation Failure)
[812.163s][debug][gc,phases      ] GC(121) Scavenge 10.414ms
[812.163s][debug][gc,ref         ] GC(121) Skipped phase1 of Reference Processing due to unavailable references
[812.163s][debug][gc,ref         ] GC(121) Skipped phase3 of Reference Processing due to unavailable references
[812.163s][debug][gc,phases      ] GC(121) Reference Processing 0.026ms
[812.163s][debug][gc,phases      ] GC(121) Weak Processing 0.119ms
[812.163s][debug][gc,phases      ] GC(121) Scrub String Table 0.464ms
[812.163s][debug][gc,age         ] GC(121) Desired survivor size 41418752 bytes, new threshold 15 (max threshold 15)
[812.163s][info ][gc,heap        ] GC(121) PSYoungGen: 2052160K->27632K(2055168K)
[812.163s][info ][gc,heap        ] GC(121) ParOldGen: 331490K->331570K(349696K)
[812.163s][info ][gc,metaspace   ] GC(121) Metaspace: 74649K->74649K(1118208K)
[812.163s][info ][gc             ] GC(121) Pause Young (Allocation Failure) 2327M->350M(2348M) 11.161ms
[812.163s][info ][gc,cpu         ] GC(121) User=0.04s Sys=0.00s Real=0.01s
[812.163s][info ][safepoint      ] Leaving safepoint region
[812.163s][info ][safepoint      ] Total time for which application threads were stopped: 0.0113452 seconds, Stopping threads took: 0.0000143 seconds
[814.164s][info ][safepoint      ] Application time: 2.0001646 seconds
[814.164s][info ][safepoint      ] Entering safepoint region: Cleanup
[814.164s][info ][safepoint      ] Leaving safepoint region
[814.164s][info ][safepoint      ] Total time for which application threads were stopped: 0.0001134 seconds, Stopping threads took: 0.0000415 seconds
[815.164s][info ][safepoint      ] Application time: 1.0000816 seconds
[815.164s][info ][safepoint      ] Entering safepoint region: Cleanup
[815.164s][info ][safepoint      ] Leaving safepoint region
[815.164s][info ][safepoint      ] Total time for which application threads were stopped: 0.0001046 seconds, Stopping threads took: 0.0000343 seconds
[817.164s][info ][safepoint      ] Application time: 2.0001421 seconds
[817.164s][info ][safepoint      ] Entering safepoint region: Cleanup
[817.164s][info ][safepoint      ] Leaving safepoint region
[817.164s][info ][safepoint      ] Total time for which application threads were stopped: 0.0001240 seconds, Stopping threads took: 0.0000506 seconds
[820.164s][info ][safepoint      ] Application time: 3.0002093 seconds
[820.165s][info ][safepoint      ] Entering safepoint region: Cleanup
[820.165s][info ][safepoint      ] Leaving safepoint region
[820.165s][info ][safepoint      ] Total time for which application threads were stopped: 0.0001055 seconds, Stopping threads took: 0.0000321 seconds
[820.470s][info ][safepoint      ] Application time: 0.3053498 seconds
[820.470s][info ][safepoint      ] Entering safepoint region: ParallelGCFailedAllocation
[820.470s][info ][gc,start       ] GC(122) Pause Young (Allocation Failure)
[820.480s][debug][gc,phases      ] GC(122) Scavenge 9.405ms
[820.480s][debug][gc,ref         ] GC(122) Skipped phase1 of Reference Processing due to unavailable references
[820.480s][debug][gc,ref         ] GC(122) Skipped phase3 of Reference Processing due to unavailable references
[820.480s][debug][gc,phases      ] GC(122) Reference Processing 0.029ms
[820.480s][debug][gc,phases      ] GC(122) Weak Processing 0.140ms
[820.480s][debug][gc,phases      ] GC(122) Scrub String Table 0.501ms
[820.480s][debug][gc,age         ] GC(122) Desired survivor size 42991616 bytes, new threshold 15 (max threshold 15)
[820.480s][info ][gc,heap        ] GC(122) PSYoungGen: 2043888K->27776K(2044416K)
[820.480s][info ][gc,heap        ] GC(122) ParOldGen: 331570K->331654K(349696K)
[820.480s][info ][gc,metaspace   ] GC(122) Metaspace: 74662K->74662K(1118208K)
[820.480s][info ][gc             ] GC(122) Pause Young (Allocation Failure) 2319M->351M(2338M) 10.210ms
[820.480s][info ][gc,cpu         ] GC(122) User=0.03s Sys=0.00s Real=0.02s
[820.480s][info ][safepoint      ] Leaving safepoint region
[820.480s][info ][safepoint      ] Total time for which application threads were stopped: 0.0103606 seconds, Stopping threads took: 0.0000123 seconds
[821.480s][info ][safepoint      ] Application time: 1.0000739 seconds
[821.481s][info ][safepoint      ] Entering safepoint region: Cleanup
[821.481s][info ][safepoint      ] Leaving safepoint region
[821.481s][info ][safepoint      ] Total time for which application threads were stopped: 0.0001198 seconds, Stopping threads took: 0.0000552 seconds
[823.481s][info ][safepoint      ] Application time: 2.0001494 seconds
[823.481s][info ][safepoint      ] Entering safepoint region: Cleanup
[823.481s][info ][safepoint      ] Leaving safepoint region
[823.481s][info ][safepoint      ] Total time for which application threads were stopped: 0.0000782 seconds, Stopping threads took: 0.0000126 seconds
[824.481s][info ][safepoint      ] Application time: 1.0000753 seconds
[824.481s][info ][safepoint      ] Entering safepoint region: Cleanup
[824.481s][info ][safepoint      ] Leaving safepoint region
[824.481s][info ][safepoint      ] Total time for which application threads were stopped: 0.0000882 seconds, Stopping threads took: 0.0000163 seconds
[827.481s][info ][safepoint      ] Application time: 3.0002069 seconds
[827.481s][info ][safepoint      ] Entering safepoint region: Cleanup
[827.481s][info ][safepoint      ] Leaving safepoint region
[827.481s][info ][safepoint      ] Total time for which application threads were stopped: 0.0001045 seconds, Stopping threads took: 0.0000365 seconds
[828.482s][info ][safepoint      ] Application time: 1.0000826 seconds
[828.482s][info ][safepoint      ] Entering safepoint region: Cleanup
[828.482s][info ][safepoint      ] Leaving safepoint region
[828.482s][info ][safepoint      ] Total time for which application threads were stopped: 0.0000944 seconds, Stopping threads took: 0.0000189 seconds
[828.747s][info ][safepoint      ] Application time: 0.2653542 seconds
[828.747s][info ][safepoint      ] Entering safepoint region: ParallelGCFailedAllocation
[828.747s][info ][gc,start       ] GC(123) Pause Young (Allocation Failure)
[828.758s][debug][gc,phases      ] GC(123) Scavenge 11.054ms
[828.758s][debug][gc,ref         ] GC(123) Skipped phase1 of Reference Processing due to unavailable references
[828.758s][debug][gc,ref         ] GC(123) Skipped phase3 of Reference Processing due to unavailable references
[828.758s][debug][gc,phases      ] GC(123) Reference Processing 0.042ms
[828.759s][debug][gc,phases      ] GC(123) Weak Processing 0.139ms
[828.759s][debug][gc,phases      ] GC(123) Scrub String Table 0.474ms
[828.759s][debug][gc,age         ] GC(123) Desired survivor size 45088768 bytes, new threshold 15 (max threshold 15)
[828.759s][info ][gc,heap        ] GC(123) PSYoungGen: 2044032K->30544K(2051072K)
[828.759s][info ][gc,heap        ] GC(123) ParOldGen: 331654K->331782K(349696K)
[828.759s][info ][gc,metaspace   ] GC(123) Metaspace: 74662K->74662K(1118208K)
[828.759s][info ][gc             ] GC(123) Pause Young (Allocation Failure) 2320M->353M(2344M) 11.842ms
[828.759s][info ][gc,cpu         ] GC(123) User=0.04s Sys=0.00s Real=0.01s
[828.759s][info ][safepoint      ] Leaving safepoint region
[828.759s][info ][safepoint      ] Total time for which application threads were stopped: 0.0120498 seconds, Stopping threads took: 0.0000663 seconds
[831.759s][info ][safepoint      ] Application time: 3.0002322 seconds
[831.759s][info ][safepoint      ] Entering safepoint region: Cleanup
[831.760s][info ][safepoint      ] Leaving safepoint region
[831.760s][info ][safepoint      ] Total time for which application threads were stopped: 0.0001545 seconds, Stopping threads took: 0.0000772 seconds
[832.760s][info ][safepoint      ] Application time: 1.0000760 seconds
[832.760s][info ][safepoint      ] Entering safepoint region: Cleanup
[832.760s][info ][safepoint      ] Leaving safepoint region
[832.760s][info ][safepoint      ] Total time for which application threads were stopped: 0.0001050 seconds, Stopping threads took: 0.0000374 seconds
[835.753s][info ][safepoint      ] Application time: 2.9933148 seconds
[835.753s][info ][safepoint      ] Entering safepoint region: RevokeBias
[835.753s][info ][safepoint      ] Leaving safepoint region
[835.753s][info ][safepoint      ] Total time for which application threads were stopped: 0.0001926 seconds, Stopping threads took: 0.0000399 seconds
[836.753s][info ][safepoint      ] Application time: 1.0000846 seconds
[836.754s][info ][safepoint      ] Entering safepoint region: Cleanup
[836.754s][info ][safepoint      ] Leaving safepoint region
[836.754s][info ][safepoint      ] Total time for which application threads were stopped: 0.0001555 seconds, Stopping threads took: 0.0000693 seconds
[836.903s][info ][safepoint      ] Application time: 0.1496810 seconds
[836.903s][info ][safepoint      ] Entering safepoint region: ParallelGCFailedAllocation
[836.904s][info ][gc,start       ] GC(124) Pause Young (Allocation Failure)
[836.916s][debug][gc,phases      ] GC(124) Scavenge 12.178ms
[836.916s][debug][gc,ref         ] GC(124) Skipped phase1 of Reference Processing due to unavailable references
[836.916s][debug][gc,ref         ] GC(124) Skipped phase3 of Reference Processing due to unavailable references
[836.916s][debug][gc,phases      ] GC(124) Reference Processing 0.028ms
[836.916s][debug][gc,phases      ] GC(124) Weak Processing 0.150ms
[836.916s][debug][gc,phases      ] GC(124) Scrub String Table 0.470ms
[836.916s][debug][gc,age         ] GC(124) Desired survivor size 47710208 bytes, new threshold 15 (max threshold 15)
[836.916s][info ][gc,heap        ] GC(124) PSYoungGen: 2039632K->34352K(2043904K)
[836.916s][info ][gc,heap        ] GC(124) ParOldGen: 331782K->331870K(349696K)
[836.916s][info ][gc,metaspace   ] GC(124) Metaspace: 74669K->74669K(1118208K)
[836.916s][info ][gc             ] GC(124) Pause Young (Allocation Failure) 2315M->357M(2337M) 12.958ms
[836.916s][info ][gc,cpu         ] GC(124) User=0.04s Sys=0.01s Real=0.01s
[836.917s][info ][safepoint      ] Leaving safepoint region
[836.917s][info ][safepoint      ] Total time for which application threads were stopped: 0.0131659 seconds, Stopping threads took: 0.0000647 seconds
[838.917s][info ][safepoint      ] Application time: 2.0001611 seconds
[838.917s][info ][safepoint      ] Entering safepoint region: Cleanup
[838.917s][info ][safepoint      ] Leaving safepoint region
[838.917s][info ][safepoint      ] Total time for which application threads were stopped: 0.0001395 seconds, Stopping threads took: 0.0000609 seconds
[839.917s][info ][safepoint      ] Application time: 1.0000835 seconds
[839.917s][info ][safepoint      ] Entering safepoint region: Cleanup
[839.917s][info ][safepoint      ] Leaving safepoint region
[839.917s][info ][safepoint      ] Total time for which application threads were stopped: 0.0001132 seconds, Stopping threads took: 0.0000380 seconds
[841.917s][info ][safepoint      ] Application time: 2.0001550 seconds
[841.917s][info ][safepoint      ] Entering safepoint region: Cleanup
[841.917s][info ][safepoint      ] Leaving safepoint region
[841.917s][info ][safepoint      ] Total time for which application threads were stopped: 0.0000953 seconds, Stopping threads took: 0.0000338 seconds
[842.917s][info ][safepoint      ] Application time: 1.0000802 seconds
[842.918s][info ][safepoint      ] Entering safepoint region: Cleanup
[842.918s][info ][safepoint      ] Leaving safepoint region
[842.918s][info ][safepoint      ] Total time for which application threads were stopped: 0.0001361 seconds, Stopping threads took: 0.0000405 seconds
[844.918s][info ][safepoint      ] Application time: 2.0001570 seconds
[844.918s][info ][safepoint      ] Entering safepoint region: Cleanup
[844.918s][info ][safepoint      ] Leaving safepoint region
[844.918s][info ][safepoint      ] Total time for which application threads were stopped: 0.0001944 seconds, Stopping threads took: 0.0000494 seconds
[844.995s][info ][safepoint      ] Application time: 0.0764677 seconds
[844.995s][info ][safepoint      ] Entering safepoint region: ParallelGCFailedAllocation
[844.995s][info ][gc,start       ] GC(125) Pause Young (Allocation Failure)
[845.011s][debug][gc,phases      ] GC(125) Scavenge 16.134ms
[845.011s][debug][gc,ref         ] GC(125) Skipped phase1 of Reference Processing due to unavailable references
[845.011s][debug][gc,ref         ] GC(125) Skipped phase3 of Reference Processing due to unavailable references
[845.011s][debug][gc,phases      ] GC(125) Reference Processing 0.042ms
[845.011s][debug][gc,phases      ] GC(125) Weak Processing 0.167ms
[845.012s][debug][gc,phases      ] GC(125) Scrub String Table 0.542ms
[845.012s][debug][gc,age         ] GC(125) Desired survivor size 50855936 bytes, new threshold 15 (max threshold 15)
[845.012s][info ][gc,heap        ] GC(125) PSYoungGen: 2043440K->36048K(2044416K)
[845.012s][info ][gc,heap        ] GC(125) ParOldGen: 331870K->332138K(349696K)
[845.012s][info ][gc,metaspace   ] GC(125) Metaspace: 74682K->74682K(1118208K)
[845.012s][info ][gc             ] GC(125) Pause Young (Allocation Failure) 2319M->359M(2338M) 17.054ms
[845.012s][info ][gc,cpu         ] GC(125) User=0.08s Sys=0.00s Real=0.01s
[845.012s][info ][safepoint      ] Leaving safepoint region
[845.012s][info ][safepoint      ] Total time for which application threads were stopped: 0.0172086 seconds, Stopping threads took: 0.0000118 seconds
[846.012s][info ][safepoint      ] Application time: 1.0000836 seconds
[846.012s][info ][safepoint      ] Entering safepoint region: Cleanup
[846.012s][info ][safepoint      ] Leaving safepoint region
[846.012s][info ][safepoint      ] Total time for which application threads were stopped: 0.0001743 seconds, Stopping threads took: 0.0000546 seconds
[847.012s][info ][safepoint      ] Application time: 1.0000702 seconds
[847.012s][info ][safepoint      ] Entering safepoint region: Cleanup
[847.012s][info ][safepoint      ] Leaving safepoint region
[847.012s][info ][safepoint      ] Total time for which application threads were stopped: 0.0001374 seconds, Stopping threads took: 0.0000568 seconds
[848.012s][info ][safepoint      ] Application time: 1.0000820 seconds
[848.013s][info ][safepoint      ] Entering safepoint region: Cleanup
[848.013s][info ][safepoint      ] Leaving safepoint region
[848.013s][info ][safepoint      ] Total time for which application threads were stopped: 0.0001215 seconds, Stopping threads took: 0.0000526 seconds
[850.013s][info ][safepoint      ] Application time: 2.0001528 seconds
[850.013s][info ][safepoint      ] Entering safepoint region: Cleanup
[850.013s][info ][safepoint      ] Leaving safepoint region
[850.013s][info ][safepoint      ] Total time for which application threads were stopped: 0.0001059 seconds, Stopping threads took: 0.0000362 seconds
[851.013s][info ][safepoint      ] Application time: 1.0000909 seconds
[851.013s][info ][safepoint      ] Entering safepoint region: Cleanup
[851.013s][info ][safepoint      ] Leaving safepoint region
[851.013s][info ][safepoint      ] Total time for which application threads were stopped: 0.0001341 seconds, Stopping threads took: 0.0000415 seconds
[853.013s][info ][safepoint      ] Application time: 2.0001501 seconds
[853.013s][info ][safepoint      ] Entering safepoint region: Cleanup
[853.013s][info ][safepoint      ] Leaving safepoint region
[853.013s][info ][safepoint      ] Total time for which application threads were stopped: 0.0001123 seconds, Stopping threads took: 0.0000516 seconds
[853.402s][info ][safepoint      ] Application time: 0.3888555 seconds
[853.402s][info ][safepoint      ] Entering safepoint region: ParallelGCFailedAllocation
[853.403s][info ][gc,start       ] GC(126) Pause Young (Allocation Failure)
[853.414s][debug][gc,phases      ] GC(126) Scavenge 11.837ms
[853.414s][debug][gc,ref         ] GC(126) Skipped phase1 of Reference Processing due to unavailable references
[853.414s][debug][gc,ref         ] GC(126) Skipped phase3 of Reference Processing due to unavailable references
[853.414s][debug][gc,phases      ] GC(126) Reference Processing 0.038ms
[853.415s][debug][gc,phases      ] GC(126) Weak Processing 0.141ms
[853.415s][debug][gc,phases      ] GC(126) Scrub String Table 0.440ms
[853.415s][debug][gc,age         ] GC(126) Desired survivor size 52428800 bytes, new threshold 15 (max threshold 15)
[853.415s][info ][gc,heap        ] GC(126) PSYoungGen: 2033872K->35056K(2033152K)
[853.415s][info ][gc,heap        ] GC(126) ParOldGen: 332138K->332547K(349696K)
[853.415s][info ][gc,metaspace   ] GC(126) Metaspace: 74716K->74716K(1118208K)
[853.415s][info ][gc             ] GC(126) Pause Young (Allocation Failure) 2310M->358M(2327M) 12.599ms
[853.415s][info ][gc,cpu         ] GC(126) User=0.05s Sys=0.00s Real=0.01s
[853.415s][info ][safepoint      ] Leaving safepoint region
[853.415s][info ][safepoint      ] Total time for which application threads were stopped: 0.0127777 seconds, Stopping threads took: 0.0000451 seconds
[854.415s][info ][safepoint      ] Application time: 1.0000910 seconds
[854.415s][info ][safepoint      ] Entering safepoint region: Cleanup
[854.415s][info ][safepoint      ] Leaving safepoint region
[854.415s][info ][safepoint      ] Total time for which application threads were stopped: 0.0001404 seconds, Stopping threads took: 0.0000359 seconds
[857.416s][info ][safepoint      ] Application time: 3.0002271 seconds
[857.416s][info ][safepoint      ] Entering safepoint region: Cleanup
[857.416s][info ][safepoint      ] Leaving safepoint region
[857.416s][info ][safepoint      ] Total time for which application threads were stopped: 0.0001195 seconds, Stopping threads took: 0.0000342 seconds
[858.416s][info ][safepoint      ] Application time: 1.0000742 seconds
[858.416s][info ][safepoint      ] Entering safepoint region: Cleanup
[858.416s][info ][safepoint      ] Leaving safepoint region
[858.416s][info ][safepoint      ] Total time for which application threads were stopped: 0.0001210 seconds, Stopping threads took: 0.0000492 seconds
[859.416s][info ][safepoint      ] Application time: 1.0000763 seconds
[859.416s][info ][safepoint      ] Entering safepoint region: Cleanup
[859.416s][info ][safepoint      ] Leaving safepoint region
[859.416s][info ][safepoint      ] Total time for which application threads were stopped: 0.0001200 seconds, Stopping threads took: 0.0000372 seconds
[860.416s][info ][safepoint      ] Application time: 1.0000821 seconds
[860.416s][info ][safepoint      ] Entering safepoint region: Cleanup
[860.417s][info ][safepoint      ] Leaving safepoint region
[860.417s][info ][safepoint      ] Total time for which application threads were stopped: 0.0001261 seconds, Stopping threads took: 0.0000536 seconds
[861.429s][info ][safepoint      ] Application time: 1.0124279 seconds
[861.429s][info ][safepoint      ] Entering safepoint region: ParallelGCFailedAllocation
[861.429s][info ][gc,start       ] GC(127) Pause Young (Allocation Failure)
[861.442s][debug][gc,phases      ] GC(127) Scavenge 13.104ms
[861.442s][debug][gc,ref         ] GC(127) Skipped phase1 of Reference Processing due to unavailable references
[861.442s][debug][gc,ref         ] GC(127) Skipped phase3 of Reference Processing due to unavailable references
[861.442s][debug][gc,phases      ] GC(127) Reference Processing 0.031ms
[861.443s][debug][gc,phases      ] GC(127) Weak Processing 0.164ms
[861.443s][debug][gc,phases      ] GC(127) Scrub String Table 0.468ms
[861.443s][debug][gc,age         ] GC(127) Desired survivor size 52953088 bytes, new threshold 15 (max threshold 15)
[861.443s][info ][gc,heap        ] GC(127) PSYoungGen: 2032880K->32656K(2044928K)
[861.443s][info ][gc,heap        ] GC(127) ParOldGen: 332547K->335643K(349696K)
[861.443s][info ][gc,metaspace   ] GC(127) Metaspace: 74732K->74732K(1118208K)
[861.443s][info ][gc             ] GC(127) Pause Young (Allocation Failure) 2309M->359M(2338M) 13.894ms
[861.443s][info ][gc,cpu         ] GC(127) User=0.05s Sys=0.00s Real=0.02s
[861.443s][info ][safepoint      ] Leaving safepoint region
[861.443s][info ][safepoint      ] Total time for which application threads were stopped: 0.0140533 seconds, Stopping threads took: 0.0000139 seconds
[864.443s][info ][safepoint      ] Application time: 3.0002043 seconds
[864.443s][info ][safepoint      ] Entering safepoint region: Cleanup
[864.443s][info ][safepoint      ] Leaving safepoint region
[864.443s][info ][safepoint      ] Total time for which application threads were stopped: 0.0000698 seconds, Stopping threads took: 0.0000165 seconds
[865.443s][info ][safepoint      ] Application time: 1.0000697 seconds
[865.444s][info ][safepoint      ] Entering safepoint region: Cleanup
[865.444s][info ][safepoint      ] Leaving safepoint region
[865.444s][info ][safepoint      ] Total time for which application threads were stopped: 0.0000648 seconds, Stopping threads took: 0.0000122 seconds
[868.444s][info ][safepoint      ] Application time: 3.0001720 seconds
[868.444s][info ][safepoint      ] Entering safepoint region: Cleanup
[868.444s][info ][safepoint      ] Leaving safepoint region
[868.444s][info ][safepoint      ] Total time for which application threads were stopped: 0.0000797 seconds, Stopping threads took: 0.0000196 seconds
[869.826s][info ][safepoint      ] Application time: 1.3820287 seconds
[869.826s][info ][safepoint      ] Entering safepoint region: ParallelGCFailedAllocation
[869.826s][info ][safepoint      ] Leaving safepoint region
[869.826s][info ][safepoint      ] Total time for which application threads were stopped: 0.0001332 seconds, Stopping threads took: 0.0000327 seconds
[869.826s][info ][safepoint      ] Application time: 0.0000750 seconds
[869.826s][info ][safepoint      ] Entering safepoint region: ParallelGCSystemGC
[869.826s][info ][gc,start       ] GC(128) Pause Young (GCLocker Initiated GC)
[869.840s][debug][gc,phases      ] GC(128) Scavenge 14.114ms
[869.840s][debug][gc,ref         ] GC(128) Skipped phase1 of Reference Processing due to unavailable references
[869.840s][debug][gc,ref         ] GC(128) Skipped phase3 of Reference Processing due to unavailable references
[869.840s][debug][gc,phases      ] GC(128) Reference Processing 0.028ms
[869.841s][debug][gc,phases      ] GC(128) Weak Processing 0.128ms
[869.841s][debug][gc,phases      ] GC(128) Scrub String Table 0.456ms
[869.841s][debug][gc,age         ] GC(128) Desired survivor size 51904512 bytes, new threshold 15 (max threshold 15)
[869.841s][info ][gc,heap        ] GC(128) PSYoungGen: 2026384K->29792K(2045440K)
[869.841s][info ][gc,heap        ] GC(128) ParOldGen: 335646K->339063K(349696K)
[869.841s][info ][gc,metaspace   ] GC(128) Metaspace: 74737K->74737K(1118208K)
[869.841s][info ][gc             ] GC(128) Pause Young (GCLocker Initiated GC) 2306M->360M(2339M) 14.860ms
[869.841s][info ][gc,cpu         ] GC(128) User=0.05s Sys=0.01s Real=0.02s
[869.841s][info ][safepoint      ] Leaving safepoint region
[869.841s][info ][safepoint      ] Total time for which application threads were stopped: 0.0149784 seconds, Stopping threads took: 0.0000115 seconds
[870.841s][info ][safepoint      ] Application time: 1.0000823 seconds
[870.841s][info ][safepoint      ] Entering safepoint region: Cleanup
[870.841s][info ][safepoint      ] Leaving safepoint region
[870.841s][info ][safepoint      ] Total time for which application threads were stopped: 0.0000866 seconds, Stopping threads took: 0.0000284 seconds
[871.841s][info ][safepoint      ] Application time: 1.0000262 seconds
[871.841s][info ][safepoint      ] Entering safepoint region: Cleanup
[871.842s][info ][safepoint      ] Leaving safepoint region
[871.842s][info ][safepoint      ] Total time for which application threads were stopped: 0.0000636 seconds, Stopping threads took: 0.0000113 seconds
[874.842s][info ][safepoint      ] Application time: 3.0001859 seconds
[874.842s][info ][safepoint      ] Entering safepoint region: Cleanup
[874.842s][info ][safepoint      ] Leaving safepoint region
[874.842s][info ][safepoint      ] Total time for which application threads were stopped: 0.0000904 seconds, Stopping threads took: 0.0000125 seconds
[875.842s][info ][safepoint      ] Application time: 1.0000727 seconds
[875.842s][info ][safepoint      ] Entering safepoint region: Cleanup
[875.842s][info ][safepoint      ] Leaving safepoint region
[875.842s][info ][safepoint      ] Total time for which application threads were stopped: 0.0000862 seconds, Stopping threads took: 0.0000236 seconds
[876.842s][info ][safepoint      ] Application time: 1.0000673 seconds
[876.842s][info ][safepoint      ] Entering safepoint region: Cleanup
[876.842s][info ][safepoint      ] Leaving safepoint region
[876.842s][info ][safepoint      ] Total time for which application threads were stopped: 0.0000892 seconds, Stopping threads took: 0.0000200 seconds
[877.842s][info ][safepoint      ] Application time: 1.0000692 seconds
[877.842s][info ][safepoint      ] Entering safepoint region: Cleanup
[877.842s][info ][safepoint      ] Leaving safepoint region
[877.842s][info ][safepoint      ] Total time for which application threads were stopped: 0.0000612 seconds, Stopping threads took: 0.0000114 seconds
[878.658s][info ][safepoint      ] Application time: 0.8157040 seconds
[878.658s][info ][safepoint      ] Entering safepoint region: ParallelGCFailedAllocation
[878.658s][info ][gc,start       ] GC(129) Pause Young (Allocation Failure)
[878.670s][debug][gc,phases      ] GC(129) Scavenge 11.216ms
[878.670s][debug][gc,ref         ] GC(129) Skipped phase1 of Reference Processing due to unavailable references
[878.670s][debug][gc,ref         ] GC(129) Skipped phase3 of Reference Processing due to unavailable references
[878.670s][debug][gc,phases      ] GC(129) Reference Processing 0.029ms
[878.670s][debug][gc,phases      ] GC(129) Weak Processing 0.135ms
[878.670s][debug][gc,phases      ] GC(129) Scrub String Table 0.446ms
[878.670s][debug][gc,age         ] GC(129) Desired survivor size 49807360 bytes, new threshold 15 (max threshold 15)
[878.670s][info ][gc,heap        ] GC(129) PSYoungGen: 2023520K->26784K(2048512K)
[878.670s][info ][gc,heap        ] GC(129) ParOldGen: 339065K->342038K(349696K)
[878.670s][info ][gc,metaspace   ] GC(129) Metaspace: 74752K->74752K(1118208K)
[878.670s][info ][gc             ] GC(129) Pause Young (Allocation Failure) 2307M->360M(2342M) 11.966ms
[878.670s][info ][gc,cpu         ] GC(129) User=0.04s Sys=0.00s Real=0.01s
[878.670s][info ][safepoint      ] Leaving safepoint region
[878.670s][info ][safepoint      ] Total time for which application threads were stopped: 0.0121231 seconds, Stopping threads took: 0.0000138 seconds
[879.670s][info ][safepoint      ] Application time: 1.0000542 seconds
[879.670s][info ][safepoint      ] Entering safepoint region: Cleanup
[879.671s][info ][safepoint      ] Leaving safepoint region
[879.671s][info ][safepoint      ] Total time for which application threads were stopped: 0.0001514 seconds, Stopping threads took: 0.0000608 seconds
[880.671s][info ][safepoint      ] Application time: 1.0000766 seconds
[880.671s][info ][safepoint      ] Entering safepoint region: Cleanup
[880.671s][info ][safepoint      ] Leaving safepoint region
[880.671s][info ][safepoint      ] Total time for which application threads were stopped: 0.0001056 seconds, Stopping threads took: 0.0000359 seconds
[881.671s][info ][safepoint      ] Application time: 1.0000819 seconds
[881.671s][info ][safepoint      ] Entering safepoint region: Cleanup
[881.671s][info ][safepoint      ] Leaving safepoint region
[881.671s][info ][safepoint      ] Total time for which application threads were stopped: 0.0001209 seconds, Stopping threads took: 0.0000379 seconds
[882.671s][info ][safepoint      ] Application time: 1.0000857 seconds
[882.671s][info ][safepoint      ] Entering safepoint region: Cleanup
[882.671s][info ][safepoint      ] Leaving safepoint region
[882.671s][info ][safepoint      ] Total time for which application threads were stopped: 0.0001339 seconds, Stopping threads took: 0.0000392 seconds
[883.671s][info ][safepoint      ] Application time: 1.0000874 seconds
[883.671s][info ][safepoint      ] Entering safepoint region: Cleanup
[883.672s][info ][safepoint      ] Leaving safepoint region
[883.672s][info ][safepoint      ] Total time for which application threads were stopped: 0.0001078 seconds, Stopping threads took: 0.0000347 seconds
[885.672s][info ][safepoint      ] Application time: 2.0001492 seconds
[885.672s][info ][safepoint      ] Entering safepoint region: Cleanup
[885.672s][info ][safepoint      ] Leaving safepoint region
[885.672s][info ][safepoint      ] Total time for which application threads were stopped: 0.0001391 seconds, Stopping threads took: 0.0000369 seconds
[887.403s][info ][safepoint      ] Application time: 1.7307179 seconds
[887.403s][info ][safepoint      ] Entering safepoint region: ParallelGCFailedAllocation
[887.403s][info ][gc,start       ] GC(130) Pause Young (Allocation Failure)
[887.413s][debug][gc,phases      ] GC(130) Scavenge 9.845ms
[887.413s][debug][gc,ref         ] GC(130) Skipped phase1 of Reference Processing due to unavailable references
[887.413s][debug][gc,ref         ] GC(130) Skipped phase3 of Reference Processing due to unavailable references
[887.413s][debug][gc,phases      ] GC(130) Reference Processing 0.039ms
[887.413s][debug][gc,phases      ] GC(130) Weak Processing 0.159ms
[887.413s][debug][gc,phases      ] GC(130) Scrub String Table 0.554ms
[887.414s][debug][gc,age         ] GC(130) Desired survivor size 47710208 bytes, new threshold 15 (max threshold 15)
[887.414s][info ][gc,heap        ] GC(130) PSYoungGen: 2024608K->24976K(2046464K)
[887.414s][info ][gc,heap        ] GC(130) ParOldGen: 342038K->344046K(349696K)
[887.414s][info ][gc,metaspace   ] GC(130) Metaspace: 74756K->74756K(1118208K)
[887.414s][info ][gc             ] GC(130) Pause Young (Allocation Failure) 2311M->360M(2340M) 10.753ms
[887.414s][info ][gc,cpu         ] GC(130) User=0.04s Sys=0.00s Real=0.01s
[887.414s][info ][safepoint      ] Leaving safepoint region
[887.414s][info ][safepoint      ] Total time for which application threads were stopped: 0.0109760 seconds, Stopping threads took: 0.0000387 seconds
[889.414s][info ][safepoint      ] Application time: 2.0001736 seconds
[889.414s][info ][safepoint      ] Entering safepoint region: Cleanup
[889.414s][info ][safepoint      ] Leaving safepoint region
[889.414s][info ][safepoint      ] Total time for which application threads were stopped: 0.0001126 seconds, Stopping threads took: 0.0000396 seconds
[892.414s][info ][safepoint      ] Application time: 3.0002364 seconds
[892.414s][info ][safepoint      ] Entering safepoint region: Cleanup
[892.414s][info ][safepoint      ] Leaving safepoint region
[892.414s][info ][safepoint      ] Total time for which application threads were stopped: 0.0001148 seconds, Stopping threads took: 0.0000511 seconds
[893.414s][info ][safepoint      ] Application time: 1.0000843 seconds
[893.414s][info ][safepoint      ] Entering safepoint region: Cleanup
[893.415s][info ][safepoint      ] Leaving safepoint region
[893.415s][info ][safepoint      ] Total time for which application threads were stopped: 0.0001323 seconds, Stopping threads took: 0.0000364 seconds
[895.415s][info ][safepoint      ] Application time: 2.0001402 seconds
[895.415s][info ][safepoint      ] Entering safepoint region: Cleanup
[895.415s][info ][safepoint      ] Leaving safepoint region
[895.415s][info ][safepoint      ] Total time for which application threads were stopped: 0.0001090 seconds, Stopping threads took: 0.0000414 seconds
[896.415s][info ][safepoint      ] Application time: 1.0000838 seconds
[896.415s][info ][safepoint      ] Entering safepoint region: Cleanup
[896.415s][info ][safepoint      ] Leaving safepoint region
[896.415s][info ][safepoint      ] Total time for which application threads were stopped: 0.0001211 seconds, Stopping threads took: 0.0000448 seconds
[896.819s][info ][safepoint      ] Application time: 0.4034885 seconds
[896.819s][info ][safepoint      ] Entering safepoint region: ParallelGCFailedAllocation
[896.819s][info ][gc,start       ] GC(131) Pause Young (Allocation Failure)
[896.829s][debug][gc,phases      ] GC(131) Scavenge 10.221ms
[896.829s][debug][gc,ref         ] GC(131) Skipped phase1 of Reference Processing due to unavailable references
[896.829s][debug][gc,ref         ] GC(131) Skipped phase3 of Reference Processing due to unavailable references
[896.829s][debug][gc,phases      ] GC(131) Reference Processing 0.040ms
[896.829s][debug][gc,phases      ] GC(131) Weak Processing 0.176ms
[896.830s][debug][gc,phases      ] GC(131) Scrub String Table 0.607ms
[896.830s][debug][gc,age         ] GC(131) Desired survivor size 45613056 bytes, new threshold 15 (max threshold 15)
[896.830s][info ][gc,heap        ] GC(131) PSYoungGen: 2022800K->24176K(2052608K)
[896.830s][info ][gc,heap        ] GC(131) ParOldGen: 344046K->346803K(349696K)
[896.830s][info ][gc,metaspace   ] GC(131) Metaspace: 74759K->74759K(1118208K)
[896.830s][info ][gc             ] GC(131) Pause Young (Allocation Failure) 2311M->362M(2346M) 11.222ms
[896.830s][info ][gc,cpu         ] GC(131) User=0.05s Sys=0.00s Real=0.01s
[896.830s][debug][gc,phases      ] GC(132) Pre Compact 0.013ms
[896.830s][info ][gc,start       ] GC(132) Pause Full (Ergonomics)
[896.830s][info ][gc,phases,start] GC(132) Marking Phase
[896.937s][debug][gc,phases      ] GC(132) Par Mark 106.437ms
[896.937s][debug][gc,ref         ] GC(132) Skipped phase1 of Reference Processing due to unavailable references
[896.938s][debug][gc,ref         ] GC(132) Skipped phase3 of Reference Processing due to unavailable references
[896.938s][debug][gc,phases      ] GC(132) Reference Processing 0.380ms
[896.938s][debug][gc,phases      ] GC(132) Weak Processing 0.166ms
[896.938s][debug][gc,phases      ] GC(132) ClassLoaderData 0.670ms
[896.938s][debug][gc,phases      ] GC(132) ProtectionDomainCacheTable 0.003ms
[896.939s][debug][gc,phases      ] GC(132) ResolvedMethodTable 0.142ms
[896.947s][debug][gc,phases      ] GC(132) Class Unloading 9.506ms
[896.948s][debug][gc,phases      ] GC(132) Scrub String Table 0.536ms
[896.956s][debug][gc,phases      ] GC(132) Scrub Symbol Table 8.536ms
[896.956s][info ][gc,phases      ] GC(132) Marking Phase 126.288ms
[896.956s][info ][gc,phases,start] GC(132) Summary Phase
[896.956s][info ][gc,phases      ] GC(132) Summary Phase 0.020ms
[896.956s][info ][gc,phases,start] GC(132) Adjust Roots
[896.979s][info ][gc,phases      ] GC(132) Adjust Roots 22.917ms
[896.979s][info ][gc,phases,start] GC(132) Compaction Phase
[897.070s][info ][gc,phases      ] GC(132) Compaction Phase 90.514ms
[897.070s][info ][gc,phases,start] GC(132) Post Compact
[897.071s][info ][gc,phases      ] GC(132) Post Compact 0.966ms
[897.071s][info ][gc,heap        ] GC(132) PSYoungGen: 24176K->0K(2050560K)
[897.071s][info ][gc,heap        ] GC(132) ParOldGen: 346803K->328406K(397312K)
[897.071s][info ][gc,metaspace   ] GC(132) Metaspace: 74759K->74759K(1118208K)
[897.071s][info ][gc             ] GC(132) Pause Full (Ergonomics) 362M->320M(2390M) 240.981ms
[897.071s][info ][gc,cpu         ] GC(132) User=0.81s Sys=0.01s Real=0.24s
[897.071s][info ][safepoint      ] Leaving safepoint region
[897.071s][info ][safepoint      ] Total time for which application threads were stopped: 0.2524939 seconds, Stopping threads took: 0.0000181 seconds
[898.071s][info ][safepoint      ] Application time: 1.0000867 seconds
[898.071s][info ][safepoint      ] Entering safepoint region: Cleanup
[898.071s][info ][safepoint      ] Leaving safepoint region
[898.071s][info ][safepoint      ] Total time for which application threads were stopped: 0.0001088 seconds, Stopping threads took: 0.0000326 seconds
[899.071s][info ][safepoint      ] Application time: 1.0000466 seconds
[899.072s][info ][safepoint      ] Entering safepoint region: Cleanup
[899.072s][info ][safepoint      ] Leaving safepoint region
[899.072s][info ][safepoint      ] Total time for which application threads were stopped: 0.0001128 seconds, Stopping threads took: 0.0000415 seconds
[900.072s][info ][safepoint      ] Application time: 1.0000726 seconds
[900.072s][info ][safepoint      ] Entering safepoint region: Cleanup
[900.072s][info ][safepoint      ] Leaving safepoint region
[900.072s][info ][safepoint      ] Total time for which application threads were stopped: 0.0001787 seconds, Stopping threads took: 0.0000329 seconds
[901.072s][info ][safepoint      ] Application time: 1.0000706 seconds
[901.072s][info ][safepoint      ] Entering safepoint region: Cleanup
[901.072s][info ][safepoint      ] Leaving safepoint region
[901.072s][info ][safepoint      ] Total time for which application threads were stopped: 0.0001163 seconds, Stopping threads took: 0.0000360 seconds
[902.072s][info ][safepoint      ] Application time: 1.0000773 seconds
[902.072s][info ][safepoint      ] Entering safepoint region: Cleanup
[902.072s][info ][safepoint      ] Leaving safepoint region
[902.072s][info ][safepoint      ] Total time for which application threads were stopped: 0.0000960 seconds, Stopping threads took: 0.0000338 seconds
[903.072s][info ][safepoint      ] Application time: 1.0000816 seconds
[903.073s][info ][safepoint      ] Entering safepoint region: Cleanup
[903.073s][info ][safepoint      ] Leaving safepoint region
[903.073s][info ][safepoint      ] Total time for which application threads were stopped: 0.0001140 seconds, Stopping threads took: 0.0000380 seconds
[904.073s][info ][safepoint      ] Application time: 1.0000838 seconds
[904.073s][info ][safepoint      ] Entering safepoint region: Cleanup
[904.073s][info ][safepoint      ] Leaving safepoint region
[904.073s][info ][safepoint      ] Total time for which application threads were stopped: 0.0001038 seconds, Stopping threads took: 0.0000320 seconds
[905.073s][info ][safepoint      ] Application time: 1.0000776 seconds
[905.073s][info ][safepoint      ] Entering safepoint region: Cleanup
[905.073s][info ][safepoint      ] Leaving safepoint region
[905.073s][info ][safepoint      ] Total time for which application threads were stopped: 0.0001330 seconds, Stopping threads took: 0.0000403 seconds
[906.073s][info ][safepoint      ] Application time: 1.0000744 seconds
[906.073s][info ][safepoint      ] Entering safepoint region: Cleanup
[906.073s][info ][safepoint      ] Leaving safepoint region
[906.073s][info ][safepoint      ] Total time for which application threads were stopped: 0.0001084 seconds, Stopping threads took: 0.0000338 seconds
[907.003s][info ][safepoint      ] Application time: 0.9292970 seconds
[907.003s][info ][safepoint      ] Entering safepoint region: ParallelGCFailedAllocation
[907.003s][info ][gc,start       ] GC(133) Pause Young (Allocation Failure)
[907.006s][debug][gc,phases      ] GC(133) Scavenge 3.623ms
[907.007s][debug][gc,ref         ] GC(133) Skipped phase1 of Reference Processing due to unavailable references
[907.007s][debug][gc,ref         ] GC(133) Skipped phase2 of Reference Processing due to unavailable references
[907.007s][debug][gc,ref         ] GC(133) Skipped phase3 of Reference Processing due to unavailable references
[907.007s][debug][gc,ref         ] GC(133) Skipped phase4 of Reference Processing due to unavailable references
[907.007s][debug][gc,phases      ] GC(133) Reference Processing 0.039ms
[907.007s][debug][gc,phases      ] GC(133) Weak Processing 0.163ms
[907.007s][debug][gc,phases      ] GC(133) Scrub String Table 0.551ms
[907.007s][debug][gc,age         ] GC(133) Desired survivor size 47710208 bytes, new threshold 15 (max threshold 15)
[907.007s][info ][gc,heap        ] GC(133) PSYoungGen: 2006016K->4320K(2048512K)
[907.007s][info ][gc,heap        ] GC(133) ParOldGen: 328406K->328406K(397312K)
[907.007s][info ][gc,metaspace   ] GC(133) Metaspace: 74769K->74769K(1118208K)
[907.007s][info ][gc             ] GC(133) Pause Young (Allocation Failure) 2279M->324M(2388M) 4.543ms
[907.007s][info ][gc,cpu         ] GC(133) User=0.02s Sys=0.00s Real=0.00s
[907.007s][info ][safepoint      ] Leaving safepoint region
[907.007s][info ][safepoint      ] Total time for which application threads were stopped: 0.0047430 seconds, Stopping threads took: 0.0000348 seconds
[908.008s][info ][safepoint      ] Application time: 1.0001019 seconds
[908.008s][info ][safepoint      ] Entering safepoint region: Cleanup
[908.008s][info ][safepoint      ] Leaving safepoint region
[908.008s][info ][safepoint      ] Total time for which application threads were stopped: 0.0001119 seconds, Stopping threads took: 0.0000372 seconds
[909.008s][info ][safepoint      ] Application time: 1.0000709 seconds
[909.008s][info ][safepoint      ] Entering safepoint region: Cleanup
[909.008s][info ][safepoint      ] Leaving safepoint region
[909.008s][info ][safepoint      ] Total time for which application threads were stopped: 0.0001047 seconds, Stopping threads took: 0.0000407 seconds
[910.008s][info ][safepoint      ] Application time: 1.0000967 seconds
[910.008s][info ][safepoint      ] Entering safepoint region: Cleanup
[910.008s][info ][safepoint      ] Leaving safepoint region
[910.008s][info ][safepoint      ] Total time for which application threads were stopped: 0.0001322 seconds, Stopping threads took: 0.0000524 seconds
[911.008s][info ][safepoint      ] Application time: 1.0000784 seconds
[911.008s][info ][safepoint      ] Entering safepoint region: Cleanup
[911.008s][info ][safepoint      ] Leaving safepoint region
[911.008s][info ][safepoint      ] Total time for which application threads were stopped: 0.0001613 seconds, Stopping threads took: 0.0000768 seconds
[912.009s][info ][safepoint      ] Application time: 1.0000872 seconds
[912.009s][info ][safepoint      ] Entering safepoint region: Cleanup
[912.009s][info ][safepoint      ] Leaving safepoint region
[912.009s][info ][safepoint      ] Total time for which application threads were stopped: 0.0001435 seconds, Stopping threads took: 0.0000394 seconds
[913.009s][info ][safepoint      ] Application time: 1.0000862 seconds
[913.009s][info ][safepoint      ] Entering safepoint region: Cleanup
[913.009s][info ][safepoint      ] Leaving safepoint region
[913.009s][info ][safepoint      ] Total time for which application threads were stopped: 0.0001073 seconds, Stopping threads took: 0.0000371 seconds
[914.009s][info ][safepoint      ] Application time: 1.0000829 seconds
[914.009s][info ][safepoint      ] Entering safepoint region: Cleanup
[914.009s][info ][safepoint      ] Leaving safepoint region
[914.009s][info ][safepoint      ] Total time for which application threads were stopped: 0.0001162 seconds, Stopping threads took: 0.0000394 seconds
[915.009s][info ][safepoint      ] Application time: 1.0000866 seconds
[915.009s][info ][safepoint      ] Entering safepoint region: Cleanup
[915.010s][info ][safepoint      ] Leaving safepoint region
[915.010s][info ][safepoint      ] Total time for which application threads were stopped: 0.0001092 seconds, Stopping threads took: 0.0000381 seconds
[916.010s][info ][safepoint      ] Application time: 1.0000896 seconds
[916.010s][info ][safepoint      ] Entering safepoint region: Cleanup
[916.010s][info ][safepoint      ] Leaving safepoint region
[916.010s][info ][safepoint      ] Total time for which application threads were stopped: 0.0001176 seconds, Stopping threads took: 0.0000421 seconds
[916.983s][info ][safepoint      ] Application time: 0.9729281 seconds
[916.983s][info ][safepoint      ] Entering safepoint region: ParallelGCFailedAllocation
[916.983s][info ][gc,start       ] GC(134) Pause Young (Allocation Failure)
[916.996s][debug][gc,phases      ] GC(134) Scavenge 12.970ms
[916.996s][debug][gc,ref         ] GC(134) Skipped phase1 of Reference Processing due to unavailable references
[916.996s][debug][gc,ref         ] GC(134) Skipped phase2 of Reference Processing due to unavailable references
[916.996s][debug][gc,ref         ] GC(134) Skipped phase3 of Reference Processing due to unavailable references
[916.996s][debug][gc,phases      ] GC(134) Reference Processing 0.028ms
[916.996s][debug][gc,phases      ] GC(134) Weak Processing 0.145ms
[916.997s][debug][gc,phases      ] GC(134) Scrub String Table 0.479ms
[916.997s][debug][gc,age         ] GC(134) Desired survivor size 47710208 bytes, new threshold 15 (max threshold 15)
[916.997s][info ][gc,heap        ] GC(134) PSYoungGen: 2008288K->30192K(2050560K)
[916.997s][info ][gc,heap        ] GC(134) ParOldGen: 328406K->328414K(397312K)
[916.997s][info ][gc,metaspace   ] GC(134) Metaspace: 74791K->74791K(1118208K)
[916.997s][info ][gc             ] GC(134) Pause Young (Allocation Failure) 2281M->350M(2390M) 13.756ms
[916.997s][info ][gc,cpu         ] GC(134) User=0.05s Sys=0.00s Real=0.01s
[916.997s][info ][safepoint      ] Leaving safepoint region
[916.997s][info ][safepoint      ] Total time for which application threads were stopped: 0.0139524 seconds, Stopping threads took: 0.0000344 seconds
[917.997s][info ][safepoint      ] Application time: 1.0000934 seconds
[917.997s][info ][safepoint      ] Entering safepoint region: Cleanup
[917.997s][info ][safepoint      ] Leaving safepoint region
[917.997s][info ][safepoint      ] Total time for which application threads were stopped: 0.0001136 seconds, Stopping threads took: 0.0000356 seconds
[918.997s][info ][safepoint      ] Application time: 1.0000692 seconds
[918.997s][info ][safepoint      ] Entering safepoint region: Cleanup
[918.997s][info ][safepoint      ] Leaving safepoint region
[918.997s][info ][safepoint      ] Total time for which application threads were stopped: 0.0000778 seconds, Stopping threads took: 0.0000124 seconds
[919.997s][info ][safepoint      ] Application time: 1.0000690 seconds
[919.997s][info ][safepoint      ] Entering safepoint region: Cleanup
[919.997s][info ][safepoint      ] Leaving safepoint region
[919.997s][info ][safepoint      ] Total time for which application threads were stopped: 0.0000924 seconds, Stopping threads took: 0.0000204 seconds
[920.997s][info ][safepoint      ] Application time: 1.0000644 seconds
[920.997s][info ][safepoint      ] Entering safepoint region: Cleanup
[920.998s][info ][safepoint      ] Leaving safepoint region
[920.998s][info ][safepoint      ] Total time for which application threads were stopped: 0.0000761 seconds, Stopping threads took: 0.0000222 seconds
[921.998s][info ][safepoint      ] Application time: 1.0000738 seconds
[921.998s][info ][safepoint      ] Entering safepoint region: Cleanup
[921.998s][info ][safepoint      ] Leaving safepoint region
[921.998s][info ][safepoint      ] Total time for which application threads were stopped: 0.0000904 seconds, Stopping threads took: 0.0000179 seconds
[922.998s][info ][safepoint      ] Application time: 1.0000719 seconds
[922.998s][info ][safepoint      ] Entering safepoint region: Cleanup
[922.998s][info ][safepoint      ] Leaving safepoint region
[922.998s][info ][safepoint      ] Total time for which application threads were stopped: 0.0000654 seconds, Stopping threads took: 0.0000135 seconds
[923.998s][info ][safepoint      ] Application time: 1.0000718 seconds
[923.998s][info ][safepoint      ] Entering safepoint region: Cleanup
[923.998s][info ][safepoint      ] Leaving safepoint region
[923.998s][info ][safepoint      ] Total time for which application threads were stopped: 0.0000695 seconds, Stopping threads took: 0.0000129 seconds
[924.998s][info ][safepoint      ] Application time: 1.0000336 seconds
[924.998s][info ][safepoint      ] Entering safepoint region: Cleanup
[924.998s][info ][safepoint      ] Leaving safepoint region
[924.998s][info ][safepoint      ] Total time for which application threads were stopped: 0.0000631 seconds, Stopping threads took: 0.0000127 seconds
[925.998s][info ][safepoint      ] Application time: 1.0000392 seconds
[925.998s][info ][safepoint      ] Entering safepoint region: Cleanup
[925.998s][info ][safepoint      ] Leaving safepoint region
[925.998s][info ][safepoint      ] Total time for which application threads were stopped: 0.0000745 seconds, Stopping threads took: 0.0000174 seconds
[926.998s][info ][safepoint      ] Application time: 1.0000638 seconds
[926.999s][info ][safepoint      ] Entering safepoint region: Cleanup
[926.999s][info ][safepoint      ] Leaving safepoint region
[926.999s][info ][safepoint      ] Total time for which application threads were stopped: 0.0000810 seconds, Stopping threads took: 0.0000128 seconds
[927.062s][info ][safepoint      ] Application time: 0.0632057 seconds
[927.062s][info ][safepoint      ] Entering safepoint region: ParallelGCFailedAllocation
[927.062s][info ][gc,start       ] GC(135) Pause Young (Allocation Failure)
[927.067s][debug][gc,phases      ] GC(135) Scavenge 4.535ms
[927.067s][debug][gc,ref         ] GC(135) Skipped phase1 of Reference Processing due to unavailable references
[927.067s][debug][gc,ref         ] GC(135) Skipped phase2 of Reference Processing due to unavailable references
[927.067s][debug][gc,ref         ] GC(135) Skipped phase3 of Reference Processing due to unavailable references
[927.067s][debug][gc,phases      ] GC(135) Reference Processing 0.035ms
[927.067s][debug][gc,phases      ] GC(135) Weak Processing 0.161ms
[927.067s][debug][gc,phases      ] GC(135) Scrub String Table 0.570ms
[927.067s][debug][gc,age         ] GC(135) Desired survivor size 48758784 bytes, new threshold 15 (max threshold 15)
[927.067s][info ][gc,heap        ] GC(135) PSYoungGen: 2034160K->5712K(2048512K)
[927.067s][info ][gc,heap        ] GC(135) ParOldGen: 328414K->328414K(397312K)
[927.067s][info ][gc,metaspace   ] GC(135) Metaspace: 74800K->74800K(1118208K)
[927.067s][info ][gc             ] GC(135) Pause Young (Allocation Failure) 2307M->326M(2388M) 5.448ms
[927.067s][info ][gc,cpu         ] GC(135) User=0.02s Sys=0.00s Real=0.00s
[927.067s][info ][safepoint      ] Leaving safepoint region
[927.067s][info ][safepoint      ] Total time for which application threads were stopped: 0.0056064 seconds, Stopping threads took: 0.0000133 seconds
[928.068s][info ][safepoint      ] Application time: 1.0001086 seconds
[928.068s][info ][safepoint      ] Entering safepoint region: Cleanup
[928.068s][info ][safepoint      ] Leaving safepoint region
[928.068s][info ][safepoint      ] Total time for which application threads were stopped: 0.0001044 seconds, Stopping threads took: 0.0000371 seconds
[929.068s][info ][safepoint      ] Application time: 1.0000748 seconds
[929.068s][info ][safepoint      ] Entering safepoint region: Cleanup
[929.068s][info ][safepoint      ] Leaving safepoint region
[929.068s][info ][safepoint      ] Total time for which application threads were stopped: 0.0001099 seconds, Stopping threads took: 0.0000495 seconds
[930.068s][info ][safepoint      ] Application time: 1.0000738 seconds
[930.068s][info ][safepoint      ] Entering safepoint region: Cleanup
[930.068s][info ][safepoint      ] Leaving safepoint region
[930.068s][info ][safepoint      ] Total time for which application threads were stopped: 0.0001292 seconds, Stopping threads took: 0.0000520 seconds
[931.068s][info ][safepoint      ] Application time: 1.0000703 seconds
[931.068s][info ][safepoint      ] Entering safepoint region: Cleanup
[931.068s][info ][safepoint      ] Leaving safepoint region
[931.068s][info ][safepoint      ] Total time for which application threads were stopped: 0.0001076 seconds, Stopping threads took: 0.0000484 seconds
[932.068s][info ][safepoint      ] Application time: 1.0000900 seconds
[932.069s][info ][safepoint      ] Entering safepoint region: Cleanup
[932.069s][info ][safepoint      ] Leaving safepoint region
[932.069s][info ][safepoint      ] Total time for which application threads were stopped: 0.0001349 seconds, Stopping threads took: 0.0000530 seconds
[933.069s][info ][safepoint      ] Application time: 1.0000871 seconds
[933.069s][info ][safepoint      ] Entering safepoint region: Cleanup
[933.069s][info ][safepoint      ] Leaving safepoint region
[933.069s][info ][safepoint      ] Total time for which application threads were stopped: 0.0001110 seconds, Stopping threads took: 0.0000495 seconds
[934.069s][info ][safepoint      ] Application time: 1.0000716 seconds
[934.069s][info ][safepoint      ] Entering safepoint region: Cleanup
[934.069s][info ][safepoint      ] Leaving safepoint region
[934.069s][info ][safepoint      ] Total time for which application threads were stopped: 0.0001040 seconds, Stopping threads took: 0.0000364 seconds
[935.069s][info ][safepoint      ] Application time: 1.0000862 seconds
[935.069s][info ][safepoint      ] Entering safepoint region: Cleanup
[935.069s][info ][safepoint      ] Leaving safepoint region
[935.069s][info ][safepoint      ] Total time for which application threads were stopped: 0.0000967 seconds, Stopping threads took: 0.0000389 seconds
[936.069s][info ][safepoint      ] Application time: 1.0000818 seconds
[936.070s][info ][safepoint      ] Entering safepoint region: Cleanup
[936.070s][info ][safepoint      ] Leaving safepoint region
[936.070s][info ][safepoint      ] Total time for which application threads were stopped: 0.0001040 seconds, Stopping threads took: 0.0000376 seconds
[937.070s][info ][safepoint      ] Application time: 1.0000722 seconds
[937.070s][info ][safepoint      ] Entering safepoint region: Cleanup
[937.070s][info ][safepoint      ] Leaving safepoint region
[937.070s][info ][safepoint      ] Total time for which application threads were stopped: 0.0001049 seconds, Stopping threads took: 0.0000369 seconds
[938.070s][info ][safepoint      ] Application time: 1.0000711 seconds
[938.070s][info ][safepoint      ] Entering safepoint region: Cleanup
[938.070s][info ][safepoint      ] Leaving safepoint region
[938.070s][info ][safepoint      ] Total time for which application threads were stopped: 0.0001274 seconds, Stopping threads took: 0.0000586 seconds
[938.522s][info ][safepoint      ] Application time: 0.4519460 seconds
[938.522s][info ][safepoint      ] Entering safepoint region: ParallelGCFailedAllocation
[938.522s][info ][gc,start       ] GC(136) Pause Young (Allocation Failure)
[938.526s][debug][gc,phases      ] GC(136) Scavenge 3.984ms
[938.526s][debug][gc,ref         ] GC(136) Skipped phase1 of Reference Processing due to unavailable references
[938.526s][debug][gc,ref         ] GC(136) Skipped phase3 of Reference Processing due to unavailable references
[938.526s][debug][gc,phases      ] GC(136) Reference Processing 0.032ms
[938.526s][debug][gc,phases      ] GC(136) Weak Processing 0.126ms
[938.527s][debug][gc,phases      ] GC(136) Scrub String Table 0.452ms
[938.527s][debug][gc,age         ] GC(136) Desired survivor size 48758784 bytes, new threshold 15 (max threshold 15)
[938.527s][info ][gc,heap        ] GC(136) PSYoungGen: 2007632K->6000K(2049536K)
[938.527s][info ][gc,heap        ] GC(136) ParOldGen: 328414K->328414K(397312K)
[938.527s][info ][gc,metaspace   ] GC(136) Metaspace: 74809K->74809K(1118208K)
[938.527s][info ][gc             ] GC(136) Pause Young (Allocation Failure) 2281M->326M(2389M) 4.730ms
[938.527s][info ][gc,cpu         ] GC(136) User=0.02s Sys=0.00s Real=0.00s
[938.527s][info ][safepoint      ] Leaving safepoint region
[938.527s][info ][safepoint      ] Total time for which application threads were stopped: 0.0049091 seconds, Stopping threads took: 0.0000127 seconds
[939.527s][info ][safepoint      ] Application time: 1.0000721 seconds
[939.527s][info ][safepoint      ] Entering safepoint region: Cleanup
[939.527s][info ][safepoint      ] Leaving safepoint region
[939.527s][info ][safepoint      ] Total time for which application threads were stopped: 0.0000741 seconds, Stopping threads took: 0.0000131 seconds
[940.527s][info ][safepoint      ] Application time: 1.0000707 seconds
[940.527s][info ][safepoint      ] Entering safepoint region: Cleanup
[940.527s][info ][safepoint      ] Leaving safepoint region
[940.527s][info ][safepoint      ] Total time for which application threads were stopped: 0.0000819 seconds, Stopping threads took: 0.0000146 seconds
[941.527s][info ][safepoint      ] Application time: 1.0000758 seconds
[941.527s][info ][safepoint      ] Entering safepoint region: Cleanup
[941.528s][info ][safepoint      ] Leaving safepoint region
[941.528s][info ][safepoint      ] Total time for which application threads were stopped: 0.0000909 seconds, Stopping threads took: 0.0000200 seconds
[942.528s][info ][safepoint      ] Application time: 1.0000662 seconds
[942.528s][info ][safepoint      ] Entering safepoint region: Cleanup
[942.528s][info ][safepoint      ] Leaving safepoint region
[942.528s][info ][safepoint      ] Total time for which application threads were stopped: 0.0000725 seconds, Stopping threads took: 0.0000143 seconds
[943.528s][info ][safepoint      ] Application time: 1.0000636 seconds
[943.528s][info ][safepoint      ] Entering safepoint region: Cleanup
[943.528s][info ][safepoint      ] Leaving safepoint region
[943.528s][info ][safepoint      ] Total time for which application threads were stopped: 0.0000902 seconds, Stopping threads took: 0.0000152 seconds
[944.528s][info ][safepoint      ] Application time: 1.0000744 seconds
[944.528s][info ][safepoint      ] Entering safepoint region: Cleanup
[944.528s][info ][safepoint      ] Leaving safepoint region
[944.528s][info ][safepoint      ] Total time for which application threads were stopped: 0.0000811 seconds, Stopping threads took: 0.0000152 seconds
[945.528s][info ][safepoint      ] Application time: 1.0000725 seconds
[945.528s][info ][safepoint      ] Entering safepoint region: Cleanup
[945.528s][info ][safepoint      ] Leaving safepoint region
[945.528s][info ][safepoint      ] Total time for which application threads were stopped: 0.0001172 seconds, Stopping threads took: 0.0000395 seconds
[946.528s][info ][safepoint      ] Application time: 1.0000772 seconds
[946.528s][info ][safepoint      ] Entering safepoint region: Cleanup
[946.529s][info ][safepoint      ] Leaving safepoint region
[946.529s][info ][safepoint      ] Total time for which application threads were stopped: 0.0000719 seconds, Stopping threads took: 0.0000142 seconds
[947.529s][info ][safepoint      ] Application time: 1.0000725 seconds
[947.529s][info ][safepoint      ] Entering safepoint region: Cleanup
[947.529s][info ][safepoint      ] Leaving safepoint region
[947.529s][info ][safepoint      ] Total time for which application threads were stopped: 0.0000708 seconds, Stopping threads took: 0.0000153 seconds
[948.529s][info ][safepoint      ] Application time: 1.0000759 seconds
[948.529s][info ][safepoint      ] Entering safepoint region: Cleanup
[948.529s][info ][safepoint      ] Leaving safepoint region
[948.529s][info ][safepoint      ] Total time for which application threads were stopped: 0.0000999 seconds, Stopping threads took: 0.0000198 seconds
[949.529s][info ][safepoint      ] Application time: 1.0001311 seconds
[949.529s][info ][safepoint      ] Entering safepoint region: Cleanup
[949.529s][info ][safepoint      ] Leaving safepoint region
[949.529s][info ][safepoint      ] Total time for which application threads were stopped: 0.0000704 seconds, Stopping threads took: 0.0000144 seconds
[950.529s][info ][safepoint      ] Application time: 1.0000702 seconds
[950.529s][info ][safepoint      ] Entering safepoint region: Cleanup
[950.529s][info ][safepoint      ] Leaving safepoint region
[950.529s][info ][safepoint      ] Total time for which application threads were stopped: 0.0000995 seconds, Stopping threads took: 0.0000388 seconds
[951.056s][info ][safepoint      ] Application time: 0.5260924 seconds
[951.056s][info ][safepoint      ] Entering safepoint region: ParallelGCFailedAllocation
[951.056s][info ][gc,start       ] GC(137) Pause Young (Allocation Failure)
[951.060s][debug][gc,phases      ] GC(137) Scavenge 4.611ms
[951.060s][debug][gc,ref         ] GC(137) Skipped phase1 of Reference Processing due to unavailable references
[951.060s][debug][gc,ref         ] GC(137) Skipped phase3 of Reference Processing due to unavailable references
[951.060s][debug][gc,phases      ] GC(137) Reference Processing 0.026ms
[951.060s][debug][gc,phases      ] GC(137) Weak Processing 0.131ms
[951.061s][debug][gc,phases      ] GC(137) Scrub String Table 0.453ms
[951.061s][debug][gc,age         ] GC(137) Desired survivor size 48758784 bytes, new threshold 15 (max threshold 15)
[951.061s][info ][gc,heap        ] GC(137) PSYoungGen: 2007920K->6064K(2049536K)
[951.061s][info ][gc,heap        ] GC(137) ParOldGen: 328414K->328414K(397312K)
[951.061s][info ][gc,metaspace   ] GC(137) Metaspace: 74816K->74816K(1118208K)
[951.061s][info ][gc             ] GC(137) Pause Young (Allocation Failure) 2281M->326M(2389M) 5.335ms
[951.061s][info ][gc,cpu         ] GC(137) User=0.02s Sys=0.00s Real=0.01s
[951.061s][info ][safepoint      ] Leaving safepoint region
[951.061s][info ][safepoint      ] Total time for which application threads were stopped: 0.0054844 seconds, Stopping threads took: 0.0000135 seconds
[952.061s][info ][safepoint      ] Application time: 1.0000530 seconds
[952.061s][info ][safepoint      ] Entering safepoint region: Cleanup
[952.061s][info ][safepoint      ] Leaving safepoint region
[952.061s][info ][safepoint      ] Total time for which application threads were stopped: 0.0000940 seconds, Stopping threads took: 0.0000354 seconds
[953.061s][info ][safepoint      ] Application time: 1.0000832 seconds
[953.061s][info ][safepoint      ] Entering safepoint region: Cleanup
[953.061s][info ][safepoint      ] Leaving safepoint region
[953.061s][info ][safepoint      ] Total time for which application threads were stopped: 0.0001039 seconds, Stopping threads took: 0.0000380 seconds
[954.062s][info ][safepoint      ] Application time: 1.0000890 seconds
[954.062s][info ][safepoint      ] Entering safepoint region: Cleanup
[954.062s][info ][safepoint      ] Leaving safepoint region
[954.062s][info ][safepoint      ] Total time for which application threads were stopped: 0.0001258 seconds, Stopping threads took: 0.0000382 seconds
[955.062s][info ][safepoint      ] Application time: 1.0000784 seconds
[955.062s][info ][safepoint      ] Entering safepoint region: Cleanup
[955.062s][info ][safepoint      ] Leaving safepoint region
[955.062s][info ][safepoint      ] Total time for which application threads were stopped: 0.0001118 seconds, Stopping threads took: 0.0000515 seconds
[956.062s][info ][safepoint      ] Application time: 1.0000800 seconds
[956.062s][info ][safepoint      ] Entering safepoint region: Cleanup
[956.062s][info ][safepoint      ] Leaving safepoint region
[956.062s][info ][safepoint      ] Total time for which application threads were stopped: 0.0000957 seconds, Stopping threads took: 0.0000352 seconds
[957.062s][info ][safepoint      ] Application time: 1.0000829 seconds
[957.062s][info ][safepoint      ] Entering safepoint region: Cleanup
[957.062s][info ][safepoint      ] Leaving safepoint region
[957.062s][info ][safepoint      ] Total time for which application threads were stopped: 0.0001065 seconds, Stopping threads took: 0.0000445 seconds
[958.063s][info ][safepoint      ] Application time: 1.0000788 seconds
[958.063s][info ][safepoint      ] Entering safepoint region: Cleanup
[958.063s][info ][safepoint      ] Leaving safepoint region
[958.063s][info ][safepoint      ] Total time for which application threads were stopped: 0.0001222 seconds, Stopping threads took: 0.0000440 seconds
[959.063s][info ][safepoint      ] Application time: 1.0000835 seconds
[959.063s][info ][safepoint      ] Entering safepoint region: Cleanup
[959.063s][info ][safepoint      ] Leaving safepoint region
[959.063s][info ][safepoint      ] Total time for which application threads were stopped: 0.0001005 seconds, Stopping threads took: 0.0000330 seconds
[960.063s][info ][safepoint      ] Application time: 1.0000776 seconds
[960.063s][info ][safepoint      ] Entering safepoint region: Cleanup
[960.063s][info ][safepoint      ] Leaving safepoint region
[960.063s][info ][safepoint      ] Total time for which application threads were stopped: 0.0001166 seconds, Stopping threads took: 0.0000477 seconds
[961.063s][info ][safepoint      ] Application time: 1.0000798 seconds
[961.063s][info ][safepoint      ] Entering safepoint region: Cleanup
[961.063s][info ][safepoint      ] Leaving safepoint region
[961.063s][info ][safepoint      ] Total time for which application threads were stopped: 0.0001226 seconds, Stopping threads took: 0.0000380 seconds
[962.063s][info ][safepoint      ] Application time: 1.0000864 seconds
[962.064s][info ][safepoint      ] Entering safepoint region: Cleanup
[962.064s][info ][safepoint      ] Leaving safepoint region
[962.064s][info ][safepoint      ] Total time for which application threads were stopped: 0.0001222 seconds, Stopping threads took: 0.0000504 seconds
[963.064s][info ][safepoint      ] Application time: 1.0000800 seconds
[963.064s][info ][safepoint      ] Entering safepoint region: Cleanup
[963.064s][info ][safepoint      ] Leaving safepoint region
[963.064s][info ][safepoint      ] Total time for which application threads were stopped: 0.0001175 seconds, Stopping threads took: 0.0000505 seconds
[963.626s][info ][safepoint      ] Application time: 0.5622019 seconds
[963.626s][info ][safepoint      ] Entering safepoint region: RevokeBias
[963.626s][info ][safepoint      ] Leaving safepoint region
[963.626s][info ][safepoint      ] Total time for which application threads were stopped: 0.0000988 seconds, Stopping threads took: 0.0000236 seconds
[963.637s][info ][safepoint      ] Application time: 0.0112498 seconds
[963.638s][info ][safepoint      ] Entering safepoint region: RevokeBias
[963.638s][info ][safepoint      ] Leaving safepoint region
[963.638s][info ][safepoint      ] Total time for which application threads were stopped: 0.0001210 seconds, Stopping threads took: 0.0000421 seconds
[963.638s][info ][safepoint      ] Application time: 0.0000961 seconds
[963.638s][info ][safepoint      ] Entering safepoint region: RevokeBias
[963.638s][info ][safepoint      ] Leaving safepoint region
[963.638s][info ][safepoint      ] Total time for which application threads were stopped: 0.0000285 seconds, Stopping threads took: 0.0000042 seconds
[963.639s][info ][safepoint      ] Application time: 0.0010615 seconds
[963.639s][info ][safepoint      ] Entering safepoint region: RevokeBias
[963.639s][info ][safepoint      ] Leaving safepoint region
[963.639s][info ][safepoint      ] Total time for which application threads were stopped: 0.0000449 seconds, Stopping threads took: 0.0000086 seconds
[963.639s][info ][safepoint      ] Application time: 0.0000876 seconds
[963.639s][info ][safepoint      ] Entering safepoint region: RevokeBias
[963.639s][info ][safepoint      ] Leaving safepoint region
[963.639s][info ][safepoint      ] Total time for which application threads were stopped: 0.0000365 seconds, Stopping threads took: 0.0000041 seconds
[963.642s][info ][safepoint      ] Application time: 0.0026102 seconds
[963.642s][info ][safepoint      ] Entering safepoint region: RevokeBias
[963.642s][info ][safepoint      ] Leaving safepoint region
[963.642s][info ][safepoint      ] Total time for which application threads were stopped: 0.0000514 seconds, Stopping threads took: 0.0000062 seconds
[963.642s][info ][safepoint      ] Application time: 0.0000318 seconds
[963.642s][info ][safepoint      ] Entering safepoint region: RevokeBias
[963.642s][info ][safepoint      ] Leaving safepoint region
[963.642s][info ][safepoint      ] Total time for which application threads were stopped: 0.0000332 seconds, Stopping threads took: 0.0000053 seconds
[963.647s][info ][safepoint      ] Application time: 0.0055088 seconds
[963.647s][info ][safepoint      ] Entering safepoint region: RevokeBias
[963.647s][info ][safepoint      ] Leaving safepoint region
[963.647s][info ][safepoint      ] Total time for which application threads were stopped: 0.0001454 seconds, Stopping threads took: 0.0000641 seconds
[963.647s][info ][safepoint      ] Application time: 0.0000380 seconds
[963.648s][info ][safepoint      ] Entering safepoint region: RevokeBias
[963.648s][info ][safepoint      ] Leaving safepoint region
[963.648s][info ][safepoint      ] Total time for which application threads were stopped: 0.0000427 seconds, Stopping threads took: 0.0000061 seconds
[963.661s][info ][safepoint      ] Application time: 0.0137111 seconds
[963.661s][info ][safepoint      ] Entering safepoint region: RevokeBias
[963.661s][info ][safepoint      ] Leaving safepoint region
[963.661s][info ][safepoint      ] Total time for which application threads were stopped: 0.0000867 seconds, Stopping threads took: 0.0000104 seconds
[963.661s][info ][safepoint      ] Application time: 0.0000295 seconds
[963.661s][info ][safepoint      ] Entering safepoint region: RevokeBias
[963.661s][info ][safepoint      ] Leaving safepoint region
[963.661s][info ][safepoint      ] Total time for which application threads were stopped: 0.0000296 seconds, Stopping threads took: 0.0000039 seconds
[963.675s][info ][safepoint      ] Application time: 0.0132881 seconds
[963.675s][info ][safepoint      ] Entering safepoint region: RevokeBias
[963.675s][info ][safepoint      ] Leaving safepoint region
[963.675s][info ][safepoint      ] Total time for which application threads were stopped: 0.0000828 seconds, Stopping threads took: 0.0000097 seconds
[963.675s][info ][safepoint      ] Application time: 0.0000267 seconds
[963.675s][info ][safepoint      ] Entering safepoint region: RevokeBias
[963.675s][info ][safepoint      ] Leaving safepoint region
[963.675s][info ][safepoint      ] Total time for which application threads were stopped: 0.0000275 seconds, Stopping threads took: 0.0000036 seconds
[963.741s][info ][safepoint      ] Application time: 0.0663370 seconds
[963.741s][info ][safepoint      ] Entering safepoint region: RevokeBias
[963.741s][info ][safepoint      ] Leaving safepoint region
[963.741s][info ][safepoint      ] Total time for which application threads were stopped: 0.0001183 seconds, Stopping threads took: 0.0000286 seconds
[963.773s][info ][safepoint      ] Application time: 0.0318347 seconds
[963.773s][info ][safepoint      ] Entering safepoint region: ParallelGCFailedAllocation
[963.773s][info ][gc,start       ] GC(138) Pause Young (Allocation Failure)
[963.781s][debug][gc,phases      ] GC(138) Scavenge 7.591ms
[963.781s][debug][gc,ref         ] GC(138) Skipped phase1 of Reference Processing due to unavailable references
[963.781s][debug][gc,ref         ] GC(138) Skipped phase3 of Reference Processing due to unavailable references
[963.781s][debug][gc,phases      ] GC(138) Reference Processing 0.045ms
[963.781s][debug][gc,phases      ] GC(138) Weak Processing 0.178ms
[963.782s][debug][gc,phases      ] GC(138) Scrub String Table 0.544ms
[963.782s][debug][gc,age         ] GC(138) Desired survivor size 46661632 bytes, new threshold 15 (max threshold 15)
[963.782s][info ][gc,heap        ] GC(138) PSYoungGen: 2007984K->14304K(2049536K)
[963.782s][info ][gc,heap        ] GC(138) ParOldGen: 328414K->328422K(397312K)
[963.782s][info ][gc,metaspace   ] GC(138) Metaspace: 74895K->74895K(1118208K)
[963.782s][info ][gc             ] GC(138) Pause Young (Allocation Failure) 2281M->334M(2389M) 8.507ms
[963.782s][info ][gc,cpu         ] GC(138) User=0.04s Sys=0.00s Real=0.01s
[963.782s][info ][safepoint      ] Leaving safepoint region
[963.782s][info ][safepoint      ] Total time for which application threads were stopped: 0.0087063 seconds, Stopping threads took: 0.0000545 seconds
[964.052s][info ][safepoint      ] Application time: 0.2699151 seconds
[964.052s][info ][safepoint      ] Entering safepoint region: RevokeBias
[964.052s][info ][safepoint      ] Leaving safepoint region
[964.052s][info ][safepoint      ] Total time for which application threads were stopped: 0.0002099 seconds, Stopping threads took: 0.0000128 seconds
[964.347s][info ][safepoint      ] Application time: 0.2947585 seconds
[964.347s][info ][safepoint      ] Entering safepoint region: RevokeBias
[964.347s][info ][safepoint      ] Leaving safepoint region
[964.347s][info ][safepoint      ] Total time for which application threads were stopped: 0.0001647 seconds, Stopping threads took: 0.0000101 seconds
[965.347s][info ][safepoint      ] Application time: 1.0000791 seconds
[965.347s][info ][safepoint      ] Entering safepoint region: Cleanup
[965.347s][info ][safepoint      ] Leaving safepoint region
[965.347s][info ][safepoint      ] Total time for which application threads were stopped: 0.0002306 seconds, Stopping threads took: 0.0000329 seconds
[966.348s][info ][safepoint      ] Application time: 1.0000700 seconds
[966.348s][info ][safepoint      ] Entering safepoint region: Cleanup
[966.348s][info ][safepoint      ] Leaving safepoint region
[966.348s][info ][safepoint      ] Total time for which application threads were stopped: 0.0001498 seconds, Stopping threads took: 0.0000129 seconds
[967.348s][info ][safepoint      ] Application time: 1.0000936 seconds
[967.348s][info ][safepoint      ] Entering safepoint region: Cleanup
[967.348s][info ][safepoint      ] Leaving safepoint region
[967.348s][info ][safepoint      ] Total time for which application threads were stopped: 0.0001616 seconds, Stopping threads took: 0.0000134 seconds
[968.348s][info ][safepoint      ] Application time: 1.0000866 seconds
[968.348s][info ][safepoint      ] Entering safepoint region: Cleanup
[968.348s][info ][safepoint      ] Leaving safepoint region
[968.348s][info ][safepoint      ] Total time for which application threads were stopped: 0.0000915 seconds, Stopping threads took: 0.0000128 seconds
[969.348s][info ][safepoint      ] Application time: 1.0000657 seconds
[969.348s][info ][safepoint      ] Entering safepoint region: Cleanup
[969.348s][info ][safepoint      ] Leaving safepoint region
[969.348s][info ][safepoint      ] Total time for which application threads were stopped: 0.0000971 seconds, Stopping threads took: 0.0000123 seconds
[970.349s][info ][safepoint      ] Application time: 1.0000670 seconds
[970.349s][info ][safepoint      ] Entering safepoint region: Cleanup
[970.349s][info ][safepoint      ] Leaving safepoint region
[970.349s][info ][safepoint      ] Total time for which application threads were stopped: 0.0001020 seconds, Stopping threads took: 0.0000131 seconds
[971.349s][info ][safepoint      ] Application time: 1.0000703 seconds
[971.349s][info ][safepoint      ] Entering safepoint region: Cleanup
[971.349s][info ][safepoint      ] Leaving safepoint region
[971.349s][info ][safepoint      ] Total time for which application threads were stopped: 0.0000790 seconds, Stopping threads took: 0.0000120 seconds
[972.349s][info ][safepoint      ] Application time: 1.0000654 seconds
[972.349s][info ][safepoint      ] Entering safepoint region: Cleanup
[972.349s][info ][safepoint      ] Leaving safepoint region
[972.349s][info ][safepoint      ] Total time for which application threads were stopped: 0.0001290 seconds, Stopping threads took: 0.0000566 seconds
[973.349s][info ][safepoint      ] Application time: 1.0000721 seconds
[973.349s][info ][safepoint      ] Entering safepoint region: Cleanup
[973.349s][info ][safepoint      ] Leaving safepoint region
[973.349s][info ][safepoint      ] Total time for which application threads were stopped: 0.0000880 seconds, Stopping threads took: 0.0000142 seconds
[973.383s][info ][safepoint      ] Application time: 0.0336192 seconds
[973.383s][info ][safepoint      ] Entering safepoint region: ParallelGCFailedAllocation
[973.383s][info ][gc,start       ] GC(139) Pause Young (Allocation Failure)
[973.396s][debug][gc,phases      ] GC(139) Scavenge 13.036ms
[973.396s][debug][gc,ref         ] GC(139) Skipped phase1 of Reference Processing due to unavailable references
[973.396s][debug][gc,ref         ] GC(139) Skipped phase3 of Reference Processing due to unavailable references
[973.396s][debug][gc,phases      ] GC(139) Reference Processing 0.040ms
[973.396s][debug][gc,phases      ] GC(139) Weak Processing 0.142ms
[973.397s][debug][gc,phases      ] GC(139) Scrub String Table 0.469ms
[973.397s][debug][gc,age         ] GC(139) Desired survivor size 52953088 bytes, new threshold 15 (max threshold 15)
[973.397s][info ][gc,heap        ] GC(139) PSYoungGen: 2016224K->41777K(2039296K)
[973.397s][info ][gc,heap        ] GC(139) ParOldGen: 328422K->328430K(397312K)
[973.397s][info ][gc,metaspace   ] GC(139) Metaspace: 75149K->75149K(1118208K)
[973.397s][info ][gc             ] GC(139) Pause Young (Allocation Failure) 2289M->361M(2379M) 13.821ms
[973.397s][info ][gc,cpu         ] GC(139) User=0.05s Sys=0.00s Real=0.01s
[973.397s][info ][safepoint      ] Leaving safepoint region
[973.397s][info ][safepoint      ] Total time for which application threads were stopped: 0.0140434 seconds, Stopping threads took: 0.0000613 seconds
[974.397s][info ][safepoint      ] Application time: 1.0000812 seconds
[974.397s][info ][safepoint      ] Entering safepoint region: Cleanup
[974.397s][info ][safepoint      ] Leaving safepoint region
[974.397s][info ][safepoint      ] Total time for which application threads were stopped: 0.0001509 seconds, Stopping threads took: 0.0000123 seconds
[975.397s][info ][safepoint      ] Application time: 1.0000723 seconds
[975.397s][info ][safepoint      ] Entering safepoint region: Cleanup
[975.397s][info ][safepoint      ] Leaving safepoint region
[975.397s][info ][safepoint      ] Total time for which application threads were stopped: 0.0000673 seconds, Stopping threads took: 0.0000136 seconds
[976.398s][info ][safepoint      ] Application time: 1.0000667 seconds
[976.398s][info ][safepoint      ] Entering safepoint region: Cleanup
[976.398s][info ][safepoint      ] Leaving safepoint region
[976.398s][info ][safepoint      ] Total time for which application threads were stopped: 0.0000841 seconds, Stopping threads took: 0.0000123 seconds
[976.533s][info ][safepoint      ] Application time: 0.1354620 seconds
[976.533s][info ][safepoint      ] Entering safepoint region: RevokeBias
[976.533s][info ][safepoint      ] Leaving safepoint region
[976.533s][info ][safepoint      ] Total time for which application threads were stopped: 0.0000896 seconds, Stopping threads took: 0.0000140 seconds
[977.533s][info ][safepoint      ] Application time: 1.0000756 seconds
[977.533s][info ][safepoint      ] Entering safepoint region: Cleanup
[977.533s][info ][safepoint      ] Leaving safepoint region
[977.533s][info ][safepoint      ] Total time for which application threads were stopped: 0.0000817 seconds, Stopping threads took: 0.0000137 seconds
[978.534s][info ][safepoint      ] Application time: 1.0000692 seconds
[978.534s][info ][safepoint      ] Entering safepoint region: Cleanup
[978.534s][info ][safepoint      ] Leaving safepoint region
[978.534s][info ][safepoint      ] Total time for which application threads were stopped: 0.0000893 seconds, Stopping threads took: 0.0000159 seconds
[979.534s][info ][safepoint      ] Application time: 1.0000727 seconds
[979.534s][info ][safepoint      ] Entering safepoint region: Cleanup
[979.534s][info ][safepoint      ] Leaving safepoint region
[979.534s][info ][safepoint      ] Total time for which application threads were stopped: 0.0000704 seconds, Stopping threads took: 0.0000139 seconds
[980.534s][info ][safepoint      ] Application time: 1.0000693 seconds
[980.534s][info ][safepoint      ] Entering safepoint region: Cleanup
[980.534s][info ][safepoint      ] Leaving safepoint region
[980.534s][info ][safepoint      ] Total time for which application threads were stopped: 0.0001175 seconds, Stopping threads took: 0.0000571 seconds
[981.534s][info ][safepoint      ] Application time: 1.0000501 seconds
[981.534s][info ][safepoint      ] Entering safepoint region: Cleanup
[981.534s][info ][safepoint      ] Leaving safepoint region
[981.534s][info ][safepoint      ] Total time for which application threads were stopped: 0.0000878 seconds, Stopping threads took: 0.0000149 seconds
[982.534s][info ][safepoint      ] Application time: 1.0000664 seconds
[982.534s][info ][safepoint      ] Entering safepoint region: Cleanup
[982.534s][info ][safepoint      ] Leaving safepoint region
[982.534s][info ][safepoint      ] Total time for which application threads were stopped: 0.0000737 seconds, Stopping threads took: 0.0000153 seconds
[983.488s][info ][safepoint      ] Application time: 0.9533226 seconds
[983.488s][info ][safepoint      ] Entering safepoint region: ParallelGCFailedAllocation
[983.488s][info ][gc,start       ] GC(140) Pause Young (Allocation Failure)
[983.498s][debug][gc,phases      ] GC(140) Scavenge 9.968ms
[983.498s][debug][gc,ref         ] GC(140) Skipped phase1 of Reference Processing due to unavailable references
[983.498s][debug][gc,ref         ] GC(140) Skipped phase3 of Reference Processing due to unavailable references
[983.498s][debug][gc,phases      ] GC(140) Reference Processing 0.036ms
[983.498s][debug][gc,phases      ] GC(140) Weak Processing 0.160ms
[983.499s][debug][gc,phases      ] GC(140) Scrub String Table 0.469ms
[983.499s][debug][gc,age         ] GC(140) Desired survivor size 58720256 bytes, new threshold 15 (max threshold 15)
[983.499s][info ][gc,heap        ] GC(140) PSYoungGen: 2035505K->44544K(2038784K)
[983.499s][info ][gc,heap        ] GC(140) ParOldGen: 328430K->328430K(397312K)
[983.499s][info ][gc,metaspace   ] GC(140) Metaspace: 75161K->75161K(1118208K)
[983.499s][info ][gc             ] GC(140) Pause Young (Allocation Failure) 2308M->364M(2379M) 10.765ms
[983.499s][info ][gc,cpu         ] GC(140) User=0.04s Sys=0.00s Real=0.01s
[983.499s][info ][safepoint      ] Leaving safepoint region
[983.499s][info ][safepoint      ] Total time for which application threads were stopped: 0.0109326 seconds, Stopping threads took: 0.0000381 seconds
[984.499s][info ][safepoint      ] Application time: 1.0000822 seconds
[984.499s][info ][safepoint      ] Entering safepoint region: Cleanup
[984.499s][info ][safepoint      ] Leaving safepoint region
[984.499s][info ][safepoint      ] Total time for which application threads were stopped: 0.0000884 seconds, Stopping threads took: 0.0000128 seconds
[985.499s][info ][safepoint      ] Application time: 1.0000677 seconds
[985.499s][info ][safepoint      ] Entering safepoint region: Cleanup
[985.499s][info ][safepoint      ] Leaving safepoint region
[985.499s][info ][safepoint      ] Total time for which application threads were stopped: 0.0000661 seconds, Stopping threads took: 0.0000116 seconds
[986.499s][info ][safepoint      ] Application time: 1.0000786 seconds
[986.499s][info ][safepoint      ] Entering safepoint region: Cleanup
[986.499s][info ][safepoint      ] Leaving safepoint region
[986.499s][info ][safepoint      ] Total time for which application threads were stopped: 0.0000833 seconds, Stopping threads took: 0.0000115 seconds
[987.499s][info ][safepoint      ] Application time: 1.0000876 seconds
[987.499s][info ][safepoint      ] Entering safepoint region: Cleanup
[987.500s][info ][safepoint      ] Leaving safepoint region
[987.500s][info ][safepoint      ] Total time for which application threads were stopped: 0.0000764 seconds, Stopping threads took: 0.0000112 seconds
[988.500s][info ][safepoint      ] Application time: 1.0000670 seconds
[988.500s][info ][safepoint      ] Entering safepoint region: Cleanup
[988.500s][info ][safepoint      ] Leaving safepoint region
[988.500s][info ][safepoint      ] Total time for which application threads were stopped: 0.0000724 seconds, Stopping threads took: 0.0000136 seconds
[989.500s][info ][safepoint      ] Application time: 1.0000646 seconds
[989.500s][info ][safepoint      ] Entering safepoint region: Cleanup
[989.500s][info ][safepoint      ] Leaving safepoint region
[989.500s][info ][safepoint      ] Total time for which application threads were stopped: 0.0001017 seconds, Stopping threads took: 0.0000439 seconds
[990.500s][info ][safepoint      ] Application time: 1.0000785 seconds
[990.500s][info ][safepoint      ] Entering safepoint region: Cleanup
[990.500s][info ][safepoint      ] Leaving safepoint region
[990.500s][info ][safepoint      ] Total time for which application threads were stopped: 0.0001081 seconds, Stopping threads took: 0.0000353 seconds
[991.500s][info ][safepoint      ] Application time: 1.0000752 seconds
[991.500s][info ][safepoint      ] Entering safepoint region: Cleanup
[991.500s][info ][safepoint      ] Leaving safepoint region
[991.500s][info ][safepoint      ] Total time for which application threads were stopped: 0.0001051 seconds, Stopping threads took: 0.0000409 seconds
[992.501s][info ][safepoint      ] Application time: 1.0000770 seconds
[992.501s][info ][safepoint      ] Entering safepoint region: Cleanup
[992.501s][info ][safepoint      ] Leaving safepoint region
[992.501s][info ][safepoint      ] Total time for which application threads were stopped: 0.0000916 seconds, Stopping threads took: 0.0000352 seconds
[993.501s][info ][safepoint      ] Application time: 1.0000741 seconds
[993.501s][info ][safepoint      ] Entering safepoint region: Cleanup
[993.501s][info ][safepoint      ] Leaving safepoint region
[993.501s][info ][safepoint      ] Total time for which application threads were stopped: 0.0001029 seconds, Stopping threads took: 0.0000458 seconds
[993.776s][info ][safepoint      ] Application time: 0.2750564 seconds
[993.776s][info ][safepoint      ] Entering safepoint region: ParallelGCFailedAllocation
[993.776s][info ][gc,start       ] GC(141) Pause Young (Allocation Failure)
[993.790s][debug][gc,phases      ] GC(141) Scavenge 13.371ms
[993.790s][debug][gc,ref         ] GC(141) Skipped phase1 of Reference Processing due to unavailable references
[993.790s][debug][gc,ref         ] GC(141) Skipped phase3 of Reference Processing due to unavailable references
[993.790s][debug][gc,phases      ] GC(141) Reference Processing 0.036ms
[993.790s][debug][gc,phases      ] GC(141) Weak Processing 0.151ms
[993.790s][debug][gc,phases      ] GC(141) Scrub String Table 0.460ms
[993.790s][debug][gc,age         ] GC(141) Desired survivor size 64487424 bytes, new threshold 15 (max threshold 15)
[993.790s][info ][gc,heap        ] GC(141) PSYoungGen: 2038272K->48657K(2028544K)
[993.790s][info ][gc,heap        ] GC(141) ParOldGen: 328430K->328438K(397312K)
[993.790s][info ][gc,metaspace   ] GC(141) Metaspace: 75164K->75164K(1118208K)
[993.790s][info ][gc             ] GC(141) Pause Young (Allocation Failure) 2311M->368M(2369M) 14.146ms
[993.790s][info ][gc,cpu         ] GC(141) User=0.06s Sys=0.00s Real=0.01s
[993.790s][info ][safepoint      ] Leaving safepoint region
[993.790s][info ][safepoint      ] Total time for which application threads were stopped: 0.0143462 seconds, Stopping threads took: 0.0000413 seconds
[994.782s][info ][safepoint      ] Application time: 0.9918723 seconds
[994.782s][info ][safepoint      ] Entering safepoint region: RevokeBias
[994.782s][info ][safepoint      ] Leaving safepoint region
[994.782s][info ][safepoint      ] Total time for which application threads were stopped: 0.0001205 seconds, Stopping threads took: 0.0000149 seconds
[994.782s][info ][safepoint      ] Application time: 0.0000411 seconds
[994.782s][info ][safepoint      ] Entering safepoint region: RevokeBias
[994.782s][info ][safepoint      ] Leaving safepoint region
[994.782s][info ][safepoint      ] Total time for which application threads were stopped: 0.0000985 seconds, Stopping threads took: 0.0000562 seconds
[994.783s][info ][safepoint      ] Application time: 0.0006919 seconds
[994.783s][info ][safepoint      ] Entering safepoint region: BulkRevokeBias
[994.783s][info ][safepoint      ] Leaving safepoint region
[994.783s][info ][safepoint      ] Total time for which application threads were stopped: 0.0001999 seconds, Stopping threads took: 0.0000075 seconds
[994.831s][info ][safepoint      ] Application time: 0.0476378 seconds
[994.831s][info ][safepoint      ] Entering safepoint region: RevokeBias
[994.831s][info ][safepoint      ] Leaving safepoint region
[994.831s][info ][safepoint      ] Total time for which application threads were stopped: 0.0000853 seconds, Stopping threads took: 0.0000108 seconds
[994.831s][info ][safepoint      ] Application time: 0.0001054 seconds
[994.831s][info ][safepoint      ] Entering safepoint region: RevokeBias
[994.831s][info ][safepoint      ] Leaving safepoint region
[994.831s][info ][safepoint      ] Total time for which application threads were stopped: 0.0000940 seconds, Stopping threads took: 0.0000561 seconds
[994.831s][info ][safepoint      ] Application time: 0.0000292 seconds
[994.831s][info ][safepoint      ] Entering safepoint region: RevokeBias
[994.831s][info ][safepoint      ] Leaving safepoint region
[994.831s][info ][safepoint      ] Total time for which application threads were stopped: 0.0000514 seconds, Stopping threads took: 0.0000263 seconds
[994.875s][info ][safepoint      ] Application time: 0.0439773 seconds
[994.876s][info ][safepoint      ] Entering safepoint region: RevokeBias
[994.876s][info ][safepoint      ] Leaving safepoint region
[994.876s][info ][safepoint      ] Total time for which application threads were stopped: 0.0000914 seconds, Stopping threads took: 0.0000156 seconds
[995.876s][info ][safepoint      ] Application time: 1.0000730 seconds
[995.876s][info ][safepoint      ] Entering safepoint region: Cleanup
[995.876s][info ][safepoint      ] Leaving safepoint region
[995.876s][info ][safepoint      ] Total time for which application threads were stopped: 0.0001699 seconds, Stopping threads took: 0.0000360 seconds
[996.876s][info ][safepoint      ] Application time: 1.0000506 seconds
[996.876s][info ][safepoint      ] Entering safepoint region: Cleanup
[996.876s][info ][safepoint      ] Leaving safepoint region
[996.876s][info ][safepoint      ] Total time for which application threads were stopped: 0.0001469 seconds, Stopping threads took: 0.0000459 seconds
[997.514s][info ][safepoint      ] Application time: 0.6375869 seconds
[997.514s][info ][safepoint      ] Entering safepoint region: ICBufferFull
[997.514s][info ][safepoint      ] Leaving safepoint region
[997.514s][info ][safepoint      ] Total time for which application threads were stopped: 0.0002070 seconds, Stopping threads took: 0.0000127 seconds
[998.514s][info ][safepoint      ] Application time: 1.0000931 seconds
[998.514s][info ][safepoint      ] Entering safepoint region: Cleanup
[998.514s][info ][safepoint      ] Leaving safepoint region
[998.514s][info ][safepoint      ] Total time for which application threads were stopped: 0.0002667 seconds, Stopping threads took: 0.0000437 seconds
[999.514s][info ][safepoint      ] Application time: 1.0000761 seconds
[999.515s][info ][safepoint      ] Entering safepoint region: Cleanup
[999.515s][info ][safepoint      ] Leaving safepoint region
[999.515s][info ][safepoint      ] Total time for which application threads were stopped: 0.0002024 seconds, Stopping threads took: 0.0000371 seconds
[1000.515s][info ][safepoint      ] Application time: 1.0000789 seconds
[1000.515s][info ][safepoint      ] Entering safepoint region: Cleanup
[1000.515s][info ][safepoint      ] Leaving safepoint region
[1000.515s][info ][safepoint      ] Total time for which application threads were stopped: 0.0001394 seconds, Stopping threads took: 0.0000400 seconds
[1001.515s][info ][safepoint      ] Application time: 1.0000787 seconds
[1001.515s][info ][safepoint      ] Entering safepoint region: Cleanup
[1001.515s][info ][safepoint      ] Leaving safepoint region
[1001.515s][info ][safepoint      ] Total time for which application threads were stopped: 0.0001205 seconds, Stopping threads took: 0.0000473 seconds
[1001.754s][info ][safepoint      ] Application time: 0.2385741 seconds
[1001.754s][info ][safepoint      ] Entering safepoint region: ParallelGCFailedAllocation
[1001.754s][info ][gc,start       ] GC(142) Pause Young (Allocation Failure)
[1001.769s][debug][gc,phases      ] GC(142) Scavenge 14.751ms
[1001.769s][debug][gc,ref         ] GC(142) Skipped phase1 of Reference Processing due to unavailable references
[1001.769s][debug][gc,ref         ] GC(142) Skipped phase3 of Reference Processing due to unavailable references
[1001.769s][debug][gc,phases      ] GC(142) Reference Processing 0.036ms
[1001.769s][debug][gc,phases      ] GC(142) Weak Processing 0.150ms
[1001.769s][debug][gc,phases      ] GC(142) Scrub String Table 0.436ms
[1001.769s][debug][gc,age         ] GC(142) Desired survivor size 66060288 bytes, new threshold 15 (max threshold 15)
[1001.769s][info ][gc,heap        ] GC(142) PSYoungGen: 2019857K->39584K(2011136K)
[1001.769s][info ][gc,heap        ] GC(142) ParOldGen: 328438K->328446K(397312K)
[1001.769s][info ][gc,metaspace   ] GC(142) Metaspace: 75191K->75191K(1118208K)
[1001.769s][info ][gc             ] GC(142) Pause Young (Allocation Failure) 2293M->359M(2352M) 15.503ms
[1001.770s][info ][gc,cpu         ] GC(142) User=0.06s Sys=0.01s Real=0.01s
[1001.770s][info ][safepoint      ] Leaving safepoint region
[1001.770s][info ][safepoint      ] Total time for which application threads were stopped: 0.0157112 seconds, Stopping threads took: 0.0000506 seconds
[1002.770s][info ][safepoint      ] Application time: 1.0000789 seconds
[1002.770s][info ][safepoint      ] Entering safepoint region: Cleanup
[1002.770s][info ][safepoint      ] Leaving safepoint region
[1002.770s][info ][safepoint      ] Total time for which application threads were stopped: 0.0001069 seconds, Stopping threads took: 0.0000484 seconds
[1003.770s][info ][safepoint      ] Application time: 1.0000713 seconds
[1003.770s][info ][safepoint      ] Entering safepoint region: Cleanup
[1003.770s][info ][safepoint      ] Leaving safepoint region
[1003.770s][info ][safepoint      ] Total time for which application threads were stopped: 0.0001159 seconds, Stopping threads took: 0.0000341 seconds
[1004.770s][info ][safepoint      ] Application time: 1.0000776 seconds
[1004.770s][info ][safepoint      ] Entering safepoint region: Cleanup
[1004.770s][info ][safepoint      ] Leaving safepoint region
[1004.770s][info ][safepoint      ] Total time for which application threads were stopped: 0.0001455 seconds, Stopping threads took: 0.0000350 seconds
[1005.770s][info ][safepoint      ] Application time: 1.0000835 seconds
[1005.770s][info ][safepoint      ] Entering safepoint region: Cleanup
[1005.771s][info ][safepoint      ] Leaving safepoint region
[1005.771s][info ][safepoint      ] Total time for which application threads were stopped: 0.0001474 seconds, Stopping threads took: 0.0000672 seconds
[1006.771s][info ][safepoint      ] Application time: 1.0000797 seconds
[1006.771s][info ][safepoint      ] Entering safepoint region: Cleanup
[1006.771s][info ][safepoint      ] Leaving safepoint region
[1006.771s][info ][safepoint      ] Total time for which application threads were stopped: 0.0001277 seconds, Stopping threads took: 0.0000407 seconds
[1007.771s][info ][safepoint      ] Application time: 1.0000699 seconds
[1007.771s][info ][safepoint      ] Entering safepoint region: Cleanup
[1007.771s][info ][safepoint      ] Leaving safepoint region
[1007.771s][info ][safepoint      ] Total time for which application threads were stopped: 0.0001241 seconds, Stopping threads took: 0.0000359 seconds
[1008.771s][info ][safepoint      ] Application time: 1.0000718 seconds
[1008.771s][info ][safepoint      ] Entering safepoint region: Cleanup
[1008.771s][info ][safepoint      ] Leaving safepoint region
[1008.771s][info ][safepoint      ] Total time for which application threads were stopped: 0.0001043 seconds, Stopping threads took: 0.0000380 seconds
[1009.771s][info ][safepoint      ] Application time: 1.0000818 seconds
[1009.771s][info ][safepoint      ] Entering safepoint region: Cleanup
[1009.771s][info ][safepoint      ] Leaving safepoint region
[1009.772s][info ][safepoint      ] Total time for which application threads were stopped: 0.0001162 seconds, Stopping threads took: 0.0000352 seconds
[1010.772s][info ][safepoint      ] Application time: 1.0000824 seconds
[1010.772s][info ][safepoint      ] Entering safepoint region: Cleanup
[1010.772s][info ][safepoint      ] Leaving safepoint region
[1010.772s][info ][safepoint      ] Total time for which application threads were stopped: 0.0001056 seconds, Stopping threads took: 0.0000353 seconds
[1011.470s][info ][safepoint      ] Application time: 0.6986666 seconds
[1011.470s][info ][safepoint      ] Entering safepoint region: ParallelGCFailedAllocation
[1011.471s][info ][gc,start       ] GC(143) Pause Young (Allocation Failure)
[1011.484s][debug][gc,phases      ] GC(143) Scavenge 13.257ms
[1011.484s][debug][gc,ref         ] GC(143) Skipped phase1 of Reference Processing due to unavailable references
[1011.484s][debug][gc,ref         ] GC(143) Skipped phase3 of Reference Processing due to unavailable references
[1011.484s][debug][gc,phases      ] GC(143) Reference Processing 0.048ms
[1011.484s][debug][gc,phases      ] GC(143) Weak Processing 0.171ms
[1011.485s][debug][gc,phases      ] GC(143) Scrub String Table 0.448ms
[1011.485s][debug][gc,age         ] GC(143) Desired survivor size 67108864 bytes, new threshold 15 (max threshold 15)
[1011.485s][info ][gc,heap        ] GC(143) PSYoungGen: 2010784K->40144K(2030592K)
[1011.485s][info ][gc,heap        ] GC(143) ParOldGen: 328446K->328446K(397312K)
[1011.485s][info ][gc,metaspace   ] GC(143) Metaspace: 75200K->75200K(1118208K)
[1011.485s][info ][gc             ] GC(143) Pause Young (Allocation Failure) 2284M->359M(2371M) 14.064ms
[1011.485s][info ][gc,cpu         ] GC(143) User=0.05s Sys=0.00s Real=0.02s
[1011.485s][info ][safepoint      ] Leaving safepoint region
[1011.485s][info ][safepoint      ] Total time for which application threads were stopped: 0.0142569 seconds, Stopping threads took: 0.0000140 seconds
[1012.485s][info ][safepoint      ] Application time: 1.0000744 seconds
[1012.485s][info ][safepoint      ] Entering safepoint region: Cleanup
[1012.485s][info ][safepoint      ] Leaving safepoint region
[1012.485s][info ][safepoint      ] Total time for which application threads were stopped: 0.0000910 seconds, Stopping threads took: 0.0000151 seconds
[1013.485s][info ][safepoint      ] Application time: 1.0000668 seconds
[1013.485s][info ][safepoint      ] Entering safepoint region: Cleanup
[1013.485s][info ][safepoint      ] Leaving safepoint region
[1013.485s][info ][safepoint      ] Total time for which application threads were stopped: 0.0000746 seconds, Stopping threads took: 0.0000145 seconds
[1014.485s][info ][safepoint      ] Application time: 1.0000720 seconds
[1014.485s][info ][safepoint      ] Entering safepoint region: Cleanup
[1014.485s][info ][safepoint      ] Leaving safepoint region
[1014.485s][info ][safepoint      ] Total time for which application threads were stopped: 0.0000767 seconds, Stopping threads took: 0.0000125 seconds
[1015.485s][info ][safepoint      ] Application time: 1.0000673 seconds
[1015.485s][info ][safepoint      ] Entering safepoint region: Cleanup
[1015.485s][info ][safepoint      ] Leaving safepoint region
[1015.486s][info ][safepoint      ] Total time for which application threads were stopped: 0.0000927 seconds, Stopping threads took: 0.0000134 seconds
[1016.486s][info ][safepoint      ] Application time: 1.0000487 seconds
[1016.486s][info ][safepoint      ] Entering safepoint region: Cleanup
[1016.486s][info ][safepoint      ] Leaving safepoint region
[1016.486s][info ][safepoint      ] Total time for which application threads were stopped: 0.0000714 seconds, Stopping threads took: 0.0000141 seconds
[1017.486s][info ][safepoint      ] Application time: 1.0000666 seconds
[1017.486s][info ][safepoint      ] Entering safepoint region: Cleanup
[1017.486s][info ][safepoint      ] Leaving safepoint region
[1017.486s][info ][safepoint      ] Total time for which application threads were stopped: 0.0000708 seconds, Stopping threads took: 0.0000126 seconds
[1018.486s][info ][safepoint      ] Application time: 1.0000719 seconds
[1018.486s][info ][safepoint      ] Entering safepoint region: Cleanup
[1018.486s][info ][safepoint      ] Leaving safepoint region
[1018.486s][info ][safepoint      ] Total time for which application threads were stopped: 0.0000619 seconds, Stopping threads took: 0.0000135 seconds
[1019.486s][info ][safepoint      ] Application time: 1.0000739 seconds
[1019.486s][info ][safepoint      ] Entering safepoint region: Cleanup
[1019.486s][info ][safepoint      ] Leaving safepoint region
[1019.486s][info ][safepoint      ] Total time for which application threads were stopped: 0.0000715 seconds, Stopping threads took: 0.0000135 seconds
[1020.486s][info ][safepoint      ] Application time: 1.0000715 seconds
[1020.486s][info ][safepoint      ] Entering safepoint region: Cleanup
[1020.486s][info ][safepoint      ] Leaving safepoint region
[1020.486s][info ][safepoint      ] Total time for which application threads were stopped: 0.0000808 seconds, Stopping threads took: 0.0000228 seconds
[1021.165s][info ][safepoint      ] Application time: 0.6789608 seconds
[1021.165s][info ][safepoint      ] Entering safepoint region: ParallelGCFailedAllocation
[1021.166s][info ][gc,start       ] GC(144) Pause Young (Allocation Failure)
[1021.178s][debug][gc,phases      ] GC(144) Scavenge 12.080ms
[1021.178s][debug][gc,ref         ] GC(144) Skipped phase1 of Reference Processing due to unavailable references
[1021.178s][debug][gc,ref         ] GC(144) Skipped phase3 of Reference Processing due to unavailable references
[1021.178s][debug][gc,phases      ] GC(144) Reference Processing 0.033ms
[1021.178s][debug][gc,phases      ] GC(144) Weak Processing 0.152ms
[1021.178s][debug][gc,phases      ] GC(144) Scrub String Table 0.480ms
[1021.178s][debug][gc,age         ] GC(144) Desired survivor size 67633152 bytes, new threshold 15 (max threshold 15)
[1021.178s][info ][gc,heap        ] GC(144) PSYoungGen: 2006224K->40288K(2006528K)
[1021.178s][info ][gc,heap        ] GC(144) ParOldGen: 328446K->328446K(397312K)
[1021.178s][info ][gc,metaspace   ] GC(144) Metaspace: 75210K->75210K(1118208K)
[1021.178s][info ][gc             ] GC(144) Pause Young (Allocation Failure) 2279M->360M(2347M) 12.879ms
[1021.178s][info ][gc,cpu         ] GC(144) User=0.05s Sys=0.00s Real=0.01s
[1021.178s][info ][safepoint      ] Leaving safepoint region
[1021.178s][info ][safepoint      ] Total time for which application threads were stopped: 0.0130282 seconds, Stopping threads took: 0.0000142 seconds
[1022.179s][info ][safepoint      ] Application time: 1.0000759 seconds
[1022.179s][info ][safepoint      ] Entering safepoint region: Cleanup
[1022.179s][info ][safepoint      ] Leaving safepoint region
[1022.179s][info ][safepoint      ] Total time for which application threads were stopped: 0.0000703 seconds, Stopping threads took: 0.0000160 seconds
[1023.179s][info ][safepoint      ] Application time: 1.0000700 seconds
[1023.179s][info ][safepoint      ] Entering safepoint region: Cleanup
[1023.179s][info ][safepoint      ] Leaving safepoint region
[1023.179s][info ][safepoint      ] Total time for which application threads were stopped: 0.0000835 seconds, Stopping threads took: 0.0000136 seconds
[1024.179s][info ][safepoint      ] Application time: 1.0000691 seconds
[1024.179s][info ][safepoint      ] Entering safepoint region: Cleanup
[1024.179s][info ][safepoint      ] Leaving safepoint region
[1024.179s][info ][safepoint      ] Total time for which application threads were stopped: 0.0000933 seconds, Stopping threads took: 0.0000284 seconds
[1025.179s][info ][safepoint      ] Application time: 1.0000724 seconds
[1025.179s][info ][safepoint      ] Entering safepoint region: Cleanup
[1025.179s][info ][safepoint      ] Leaving safepoint region
[1025.179s][info ][safepoint      ] Total time for which application threads were stopped: 0.0000706 seconds, Stopping threads took: 0.0000132 seconds
[1026.179s][info ][safepoint      ] Application time: 1.0000770 seconds
[1026.179s][info ][safepoint      ] Entering safepoint region: Cleanup
[1026.179s][info ][safepoint      ] Leaving safepoint region
[1026.179s][info ][safepoint      ] Total time for which application threads were stopped: 0.0000748 seconds, Stopping threads took: 0.0000139 seconds
[1027.180s][info ][safepoint      ] Application time: 1.0000739 seconds
[1027.180s][info ][safepoint      ] Entering safepoint region: Cleanup
[1027.180s][info ][safepoint      ] Leaving safepoint region
[1027.180s][info ][safepoint      ] Total time for which application threads were stopped: 0.0000806 seconds, Stopping threads took: 0.0000137 seconds
[1028.180s][info ][safepoint      ] Application time: 1.0000653 seconds
[1028.180s][info ][safepoint      ] Entering safepoint region: Cleanup
[1028.180s][info ][safepoint      ] Leaving safepoint region
[1028.180s][info ][safepoint      ] Total time for which application threads were stopped: 0.0000675 seconds, Stopping threads took: 0.0000138 seconds
[1029.180s][info ][safepoint      ] Application time: 1.0000733 seconds
[1029.180s][info ][safepoint      ] Entering safepoint region: Cleanup
[1029.180s][info ][safepoint      ] Leaving safepoint region
[1029.180s][info ][safepoint      ] Total time for which application threads were stopped: 0.0000757 seconds, Stopping threads took: 0.0000145 seconds
[1030.180s][info ][safepoint      ] Application time: 1.0000639 seconds
[1030.180s][info ][safepoint      ] Entering safepoint region: Cleanup
[1030.180s][info ][safepoint      ] Leaving safepoint region
[1030.180s][info ][safepoint      ] Total time for which application threads were stopped: 0.0000761 seconds, Stopping threads took: 0.0000177 seconds
[1031.172s][info ][safepoint      ] Application time: 0.9918288 seconds
[1031.172s][info ][safepoint      ] Entering safepoint region: ParallelGCFailedAllocation
[1031.172s][info ][gc,start       ] GC(145) Pause Young (Allocation Failure)
[1031.185s][debug][gc,phases      ] GC(145) Scavenge 12.437ms
[1031.185s][debug][gc,ref         ] GC(145) Skipped phase1 of Reference Processing due to unavailable references
[1031.185s][debug][gc,ref         ] GC(145) Skipped phase3 of Reference Processing due to unavailable references
[1031.185s][debug][gc,phases      ] GC(145) Reference Processing 0.038ms
[1031.185s][debug][gc,phases      ] GC(145) Weak Processing 0.155ms
[1031.186s][debug][gc,phases      ] GC(145) Scrub String Table 0.419ms
[1031.186s][debug][gc,age         ] GC(145) Desired survivor size 68681728 bytes, new threshold 15 (max threshold 15)
[1031.186s][info ][gc,heap        ] GC(145) PSYoungGen: 2006368K->41616K(2029056K)
[1031.186s][info ][gc,heap        ] GC(145) ParOldGen: 328446K->328446K(397312K)
[1031.186s][info ][gc,metaspace   ] GC(145) Metaspace: 75238K->75238K(1118208K)
[1031.186s][info ][gc             ] GC(145) Pause Young (Allocation Failure) 2280M->361M(2369M) 13.190ms
[1031.186s][info ][gc,cpu         ] GC(145) User=0.05s Sys=0.00s Real=0.01s
[1031.186s][info ][safepoint      ] Leaving safepoint region
[1031.186s][info ][safepoint      ] Total time for which application threads were stopped: 0.0135593 seconds, Stopping threads took: 0.0000221 seconds
[1032.186s][info ][safepoint      ] Application time: 1.0000722 seconds
[1032.186s][info ][safepoint      ] Entering safepoint region: Cleanup
[1032.186s][info ][safepoint      ] Leaving safepoint region
[1032.186s][info ][safepoint      ] Total time for which application threads were stopped: 0.0001384 seconds, Stopping threads took: 0.0000462 seconds
[1033.186s][info ][safepoint      ] Application time: 1.0000704 seconds
[1033.186s][info ][safepoint      ] Entering safepoint region: Cleanup
[1033.186s][info ][safepoint      ] Leaving safepoint region
[1033.186s][info ][safepoint      ] Total time for which application threads were stopped: 0.0000713 seconds, Stopping threads took: 0.0000128 seconds
[1034.186s][info ][safepoint      ] Application time: 1.0000720 seconds
[1034.186s][info ][safepoint      ] Entering safepoint region: Cleanup
[1034.186s][info ][safepoint      ] Leaving safepoint region
[1034.186s][info ][safepoint      ] Total time for which application threads were stopped: 0.0001246 seconds, Stopping threads took: 0.0000375 seconds
[1035.186s][info ][safepoint      ] Application time: 1.0000713 seconds
[1035.186s][info ][safepoint      ] Entering safepoint region: Cleanup
[1035.187s][info ][safepoint      ] Leaving safepoint region
[1035.187s][info ][safepoint      ] Total time for which application threads were stopped: 0.0000865 seconds, Stopping threads took: 0.0000139 seconds
[1036.187s][info ][safepoint      ] Application time: 1.0000696 seconds
[1036.187s][info ][safepoint      ] Entering safepoint region: Cleanup
[1036.187s][info ][safepoint      ] Leaving safepoint region
[1036.187s][info ][safepoint      ] Total time for which application threads were stopped: 0.0000756 seconds, Stopping threads took: 0.0000122 seconds
[1037.187s][info ][safepoint      ] Application time: 1.0000439 seconds
[1037.187s][info ][safepoint      ] Entering safepoint region: Cleanup
[1037.187s][info ][safepoint      ] Leaving safepoint region
[1037.187s][info ][safepoint      ] Total time for which application threads were stopped: 0.0000635 seconds, Stopping threads took: 0.0000130 seconds
[1038.187s][info ][safepoint      ] Application time: 1.0000696 seconds
[1038.187s][info ][safepoint      ] Entering safepoint region: Cleanup
[1038.187s][info ][safepoint      ] Leaving safepoint region
[1038.187s][info ][safepoint      ] Total time for which application threads were stopped: 0.0000736 seconds, Stopping threads took: 0.0000121 seconds
[1039.187s][info ][safepoint      ] Application time: 1.0000704 seconds
[1039.187s][info ][safepoint      ] Entering safepoint region: Cleanup
[1039.187s][info ][safepoint      ] Leaving safepoint region
[1039.187s][info ][safepoint      ] Total time for which application threads were stopped: 0.0000748 seconds, Stopping threads took: 0.0000125 seconds
[1040.187s][info ][safepoint      ] Application time: 1.0000761 seconds
[1040.187s][info ][safepoint      ] Entering safepoint region: Cleanup
[1040.187s][info ][safepoint      ] Leaving safepoint region
[1040.187s][info ][safepoint      ] Total time for which application threads were stopped: 0.0000746 seconds, Stopping threads took: 0.0000129 seconds
[1041.052s][info ][safepoint      ] Application time: 0.8647473 seconds
[1041.052s][info ][safepoint      ] Entering safepoint region: ParallelGCFailedAllocation
[1041.052s][info ][gc,start       ] GC(146) Pause Young (Allocation Failure)
[1041.066s][debug][gc,phases      ] GC(146) Scavenge 13.130ms
[1041.066s][debug][gc,ref         ] GC(146) Skipped phase1 of Reference Processing due to unavailable references
[1041.066s][debug][gc,ref         ] GC(146) Skipped phase3 of Reference Processing due to unavailable references
[1041.066s][debug][gc,phases      ] GC(146) Reference Processing 0.038ms
[1041.066s][debug][gc,phases      ] GC(146) Weak Processing 0.160ms
[1041.066s][debug][gc,phases      ] GC(146) Scrub String Table 0.450ms
[1041.066s][debug][gc,age         ] GC(146) Desired survivor size 70254592 bytes, new threshold 15 (max threshold 15)
[1041.066s][info ][gc,heap        ] GC(146) PSYoungGen: 2004624K->44800K(2008064K)
[1041.066s][info ][gc,heap        ] GC(146) ParOldGen: 328446K->328446K(397312K)
[1041.066s][info ][gc,metaspace   ] GC(146) Metaspace: 75313K->75313K(1118208K)
[1041.066s][info ][gc             ] GC(146) Pause Young (Allocation Failure) 2278M->364M(2349M) 13.913ms
[1041.066s][info ][gc,cpu         ] GC(146) User=0.05s Sys=0.00s Real=0.01s
[1041.066s][info ][safepoint      ] Leaving safepoint region
[1041.066s][info ][safepoint      ] Total time for which application threads were stopped: 0.0141695 seconds, Stopping threads took: 0.0000856 seconds
[1042.067s][info ][safepoint      ] Application time: 1.0001177 seconds
[1042.067s][info ][safepoint      ] Entering safepoint region: Cleanup
[1042.067s][info ][safepoint      ] Leaving safepoint region
[1042.067s][info ][safepoint      ] Total time for which application threads were stopped: 0.0001105 seconds, Stopping threads took: 0.0000509 seconds
[1043.067s][info ][safepoint      ] Application time: 1.0000719 seconds
[1043.067s][info ][safepoint      ] Entering safepoint region: Cleanup
[1043.067s][info ][safepoint      ] Leaving safepoint region
[1043.067s][info ][safepoint      ] Total time for which application threads were stopped: 0.0001091 seconds, Stopping threads took: 0.0000489 seconds
[1044.067s][info ][safepoint      ] Application time: 1.0000797 seconds
[1044.067s][info ][safepoint      ] Entering safepoint region: Cleanup
[1044.067s][info ][safepoint      ] Leaving safepoint region
[1044.067s][info ][safepoint      ] Total time for which application threads were stopped: 0.0001471 seconds, Stopping threads took: 0.0000598 seconds
[1045.067s][info ][safepoint      ] Application time: 1.0000799 seconds
[1045.067s][info ][safepoint      ] Entering safepoint region: Cleanup
[1045.067s][info ][safepoint      ] Leaving safepoint region
[1045.067s][info ][safepoint      ] Total time for which application threads were stopped: 0.0001257 seconds, Stopping threads took: 0.0000526 seconds
[1046.068s][info ][safepoint      ] Application time: 1.0000838 seconds
[1046.068s][info ][safepoint      ] Entering safepoint region: Cleanup
[1046.068s][info ][safepoint      ] Leaving safepoint region
[1046.068s][info ][safepoint      ] Total time for which application threads were stopped: 0.0001146 seconds, Stopping threads took: 0.0000384 seconds
[1047.068s][info ][safepoint      ] Application time: 1.0000865 seconds
[1047.068s][info ][safepoint      ] Entering safepoint region: Cleanup
[1047.068s][info ][safepoint      ] Leaving safepoint region
[1047.068s][info ][safepoint      ] Total time for which application threads were stopped: 0.0000938 seconds, Stopping threads took: 0.0000342 seconds
[1048.068s][info ][safepoint      ] Application time: 1.0000767 seconds
[1048.068s][info ][safepoint      ] Entering safepoint region: Cleanup
[1048.068s][info ][safepoint      ] Leaving safepoint region
[1048.068s][info ][safepoint      ] Total time for which application threads were stopped: 0.0001362 seconds, Stopping threads took: 0.0000341 seconds
[1049.068s][info ][safepoint      ] Application time: 1.0000759 seconds
[1049.068s][info ][safepoint      ] Entering safepoint region: Cleanup
[1049.068s][info ][safepoint      ] Leaving safepoint region
[1049.068s][info ][safepoint      ] Total time for which application threads were stopped: 0.0001175 seconds, Stopping threads took: 0.0000517 seconds
[1050.069s][info ][safepoint      ] Application time: 1.0000726 seconds
[1050.069s][info ][safepoint      ] Entering safepoint region: Cleanup
[1050.069s][info ][safepoint      ] Leaving safepoint region
[1050.069s][info ][safepoint      ] Total time for which application threads were stopped: 0.0001487 seconds, Stopping threads took: 0.0000457 seconds
[1051.069s][info ][safepoint      ] Application time: 1.0000716 seconds
[1051.069s][info ][safepoint      ] Entering safepoint region: Cleanup
[1051.069s][info ][safepoint      ] Leaving safepoint region
[1051.069s][info ][safepoint      ] Total time for which application threads were stopped: 0.0001253 seconds, Stopping threads took: 0.0000481 seconds
[1051.569s][info ][safepoint      ] Application time: 0.5002306 seconds
[1051.569s][info ][safepoint      ] Entering safepoint region: ParallelGCFailedAllocation
[1051.569s][info ][gc,start       ] GC(147) Pause Young (Allocation Failure)
[1051.582s][debug][gc,phases      ] GC(147) Scavenge 12.674ms
[1051.582s][debug][gc,ref         ] GC(147) Skipped phase1 of Reference Processing due to unavailable references
[1051.582s][debug][gc,ref         ] GC(147) Skipped phase3 of Reference Processing due to unavailable references
[1051.582s][debug][gc,phases      ] GC(147) Reference Processing 0.050ms
[1051.582s][debug][gc,phases      ] GC(147) Weak Processing 0.176ms
[1051.583s][debug][gc,phases      ] GC(147) Scrub String Table 0.556ms
[1051.583s][debug][gc,age         ] GC(147) Desired survivor size 70778880 bytes, new threshold 15 (max threshold 15)
[1051.583s][info ][gc,heap        ] GC(147) PSYoungGen: 2007808K->43776K(2027520K)
[1051.583s][info ][gc,heap        ] GC(147) ParOldGen: 328446K->328446K(397312K)
[1051.583s][info ][gc,metaspace   ] GC(147) Metaspace: 75317K->75317K(1118208K)
[1051.583s][info ][gc             ] GC(147) Pause Young (Allocation Failure) 2281M->363M(2368M) 13.631ms
[1051.583s][info ][gc,cpu         ] GC(147) User=0.06s Sys=0.00s Real=0.02s
[1051.583s][info ][safepoint      ] Leaving safepoint region
[1051.583s][info ][safepoint      ] Total time for which application threads were stopped: 0.0137942 seconds, Stopping threads took: 0.0000218 seconds
[1052.583s][info ][safepoint      ] Application time: 1.0000743 seconds
[1052.583s][info ][safepoint      ] Entering safepoint region: Cleanup
[1052.583s][info ][safepoint      ] Leaving safepoint region
[1052.583s][info ][safepoint      ] Total time for which application threads were stopped: 0.0000694 seconds, Stopping threads took: 0.0000130 seconds
[1053.583s][info ][safepoint      ] Application time: 1.0000755 seconds
[1053.583s][info ][safepoint      ] Entering safepoint region: Cleanup
[1053.583s][info ][safepoint      ] Leaving safepoint region
[1053.583s][info ][safepoint      ] Total time for which application threads were stopped: 0.0000760 seconds, Stopping threads took: 0.0000150 seconds
[1054.583s][info ][safepoint      ] Application time: 1.0000778 seconds
[1054.584s][info ][safepoint      ] Entering safepoint region: Cleanup
[1054.584s][info ][safepoint      ] Leaving safepoint region
[1054.584s][info ][safepoint      ] Total time for which application threads were stopped: 0.0000749 seconds, Stopping threads took: 0.0000141 seconds
[1055.584s][info ][safepoint      ] Application time: 1.0000217 seconds
[1055.584s][info ][safepoint      ] Entering safepoint region: Cleanup
[1055.584s][info ][safepoint      ] Leaving safepoint region
[1055.584s][info ][safepoint      ] Total time for which application threads were stopped: 0.0000667 seconds, Stopping threads took: 0.0000139 seconds
[1056.584s][info ][safepoint      ] Application time: 1.0000642 seconds
[1056.584s][info ][safepoint      ] Entering safepoint region: Cleanup
[1056.584s][info ][safepoint      ] Leaving safepoint region
[1056.584s][info ][safepoint      ] Total time for which application threads were stopped: 0.0000625 seconds, Stopping threads took: 0.0000136 seconds
[1056.870s][info ][safepoint      ] Application time: 0.2859311 seconds
[1056.870s][info ][safepoint      ] Entering safepoint region: RevokeBias
[1056.870s][info ][safepoint      ] Leaving safepoint region
[1056.870s][info ][safepoint      ] Total time for which application threads were stopped: 0.0001369 seconds, Stopping threads took: 0.0000469 seconds
[1056.886s][info ][safepoint      ] Application time: 0.0164775 seconds
[1056.887s][info ][safepoint      ] Entering safepoint region: BulkRevokeBias
[1056.887s][info ][safepoint      ] Leaving safepoint region
[1056.887s][info ][safepoint      ] Total time for which application threads were stopped: 0.0002056 seconds, Stopping threads took: 0.0000406 seconds
[1057.887s][info ][safepoint      ] Application time: 1.0000763 seconds
[1057.887s][info ][safepoint      ] Entering safepoint region: Cleanup
[1057.887s][info ][safepoint      ] Leaving safepoint region
[1057.887s][info ][safepoint      ] Total time for which application threads were stopped: 0.0000755 seconds, Stopping threads took: 0.0000131 seconds
[1058.887s][info ][safepoint      ] Application time: 1.0000647 seconds
[1058.887s][info ][safepoint      ] Entering safepoint region: Cleanup
[1058.887s][info ][safepoint      ] Leaving safepoint region
[1058.887s][info ][safepoint      ] Total time for which application threads were stopped: 0.0000595 seconds, Stopping threads took: 0.0000121 seconds
[1059.887s][info ][safepoint      ] Application time: 1.0000677 seconds
[1059.887s][info ][safepoint      ] Entering safepoint region: Cleanup
[1059.887s][info ][safepoint      ] Leaving safepoint region
[1059.887s][info ][safepoint      ] Total time for which application threads were stopped: 0.0000779 seconds, Stopping threads took: 0.0000142 seconds
[1060.887s][info ][safepoint      ] Application time: 1.0000665 seconds
[1060.887s][info ][safepoint      ] Entering safepoint region: Cleanup
[1060.887s][info ][safepoint      ] Leaving safepoint region
[1060.887s][info ][safepoint      ] Total time for which application threads were stopped: 0.0000727 seconds, Stopping threads took: 0.0000109 seconds
[1061.887s][info ][safepoint      ] Application time: 1.0000818 seconds
[1061.888s][info ][safepoint      ] Entering safepoint region: Cleanup
[1061.888s][info ][safepoint      ] Leaving safepoint region
[1061.888s][info ][safepoint      ] Total time for which application threads were stopped: 0.0000624 seconds, Stopping threads took: 0.0000145 seconds
[1062.003s][info ][safepoint      ] Application time: 0.1159197 seconds
[1062.004s][info ][safepoint      ] Entering safepoint region: ParallelGCFailedAllocation
[1062.004s][info ][gc,start       ] GC(148) Pause Young (Allocation Failure)
[1062.027s][debug][gc,phases      ] GC(148) Scavenge 23.034ms
[1062.027s][debug][gc,ref         ] GC(148) Skipped phase1 of Reference Processing due to unavailable references
[1062.027s][debug][gc,ref         ] GC(148) Skipped phase3 of Reference Processing due to unavailable references
[1062.027s][debug][gc,phases      ] GC(148) Reference Processing 0.067ms
[1062.027s][debug][gc,phases      ] GC(148) Weak Processing 0.195ms
[1062.028s][debug][gc,phases      ] GC(148) Scrub String Table 0.573ms
[1062.028s][debug][gc,age         ] GC(148) Desired survivor size 70778880 bytes, new threshold 15 (max threshold 15)
[1062.028s][info ][gc,heap        ] GC(148) PSYoungGen: 2002688K->42272K(2028032K)
[1062.028s][info ][gc,heap        ] GC(148) ParOldGen: 328446K->330298K(397312K)
[1062.028s][info ][gc,metaspace   ] GC(148) Metaspace: 75319K->75319K(1118208K)
[1062.028s][info ][gc             ] GC(148) Pause Young (Allocation Failure) 2276M->363M(2368M) 24.022ms
[1062.028s][info ][gc,cpu         ] GC(148) User=0.05s Sys=0.00s Real=0.02s
[1062.028s][info ][safepoint      ] Leaving safepoint region
[1062.028s][info ][safepoint      ] Total time for which application threads were stopped: 0.0242486 seconds, Stopping threads took: 0.0000516 seconds
[1063.028s][info ][safepoint      ] Application time: 1.0004007 seconds
[1063.028s][info ][safepoint      ] Entering safepoint region: Cleanup
[1063.028s][info ][safepoint      ] Leaving safepoint region
[1063.028s][info ][safepoint      ] Total time for which application threads were stopped: 0.0000945 seconds, Stopping threads took: 0.0000365 seconds
[1064.028s][info ][safepoint      ] Application time: 1.0000780 seconds
[1064.028s][info ][safepoint      ] Entering safepoint region: Cleanup
[1064.029s][info ][safepoint      ] Leaving safepoint region
[1064.029s][info ][safepoint      ] Total time for which application threads were stopped: 0.0001175 seconds, Stopping threads took: 0.0000458 seconds
[1065.029s][info ][safepoint      ] Application time: 1.0000793 seconds
[1065.029s][info ][safepoint      ] Entering safepoint region: Cleanup
[1065.029s][info ][safepoint      ] Leaving safepoint region
[1065.029s][info ][safepoint      ] Total time for which application threads were stopped: 0.0001069 seconds, Stopping threads took: 0.0000362 seconds
[1066.029s][info ][safepoint      ] Application time: 1.0000824 seconds
[1066.029s][info ][safepoint      ] Entering safepoint region: Cleanup
[1066.029s][info ][safepoint      ] Leaving safepoint region
[1066.029s][info ][safepoint      ] Total time for which application threads were stopped: 0.0001296 seconds, Stopping threads took: 0.0000550 seconds
[1067.029s][info ][safepoint      ] Application time: 1.0000709 seconds
[1067.029s][info ][safepoint      ] Entering safepoint region: Cleanup
[1067.029s][info ][safepoint      ] Leaving safepoint region
[1067.029s][info ][safepoint      ] Total time for which application threads were stopped: 0.0000957 seconds, Stopping threads took: 0.0000184 seconds
[1068.029s][info ][safepoint      ] Application time: 1.0000848 seconds
[1068.029s][info ][safepoint      ] Entering safepoint region: Cleanup
[1068.030s][info ][safepoint      ] Leaving safepoint region
[1068.030s][info ][safepoint      ] Total time for which application threads were stopped: 0.0001068 seconds, Stopping threads took: 0.0000373 seconds
[1069.030s][info ][safepoint      ] Application time: 1.0000768 seconds
[1069.030s][info ][safepoint      ] Entering safepoint region: Cleanup
[1069.030s][info ][safepoint      ] Leaving safepoint region
[1069.030s][info ][safepoint      ] Total time for which application threads were stopped: 0.0000636 seconds, Stopping threads took: 0.0000127 seconds
[1070.030s][info ][safepoint      ] Application time: 1.0000729 seconds
[1070.030s][info ][safepoint      ] Entering safepoint region: Cleanup
[1070.030s][info ][safepoint      ] Leaving safepoint region
[1070.030s][info ][safepoint      ] Total time for which application threads were stopped: 0.0001196 seconds, Stopping threads took: 0.0000194 seconds
[1071.030s][info ][safepoint      ] Application time: 1.0000404 seconds
[1071.030s][info ][safepoint      ] Entering safepoint region: Cleanup
[1071.030s][info ][safepoint      ] Leaving safepoint region
[1071.030s][info ][safepoint      ] Total time for which application threads were stopped: 0.0000718 seconds, Stopping threads took: 0.0000219 seconds
[1072.030s][info ][safepoint      ] Application time: 1.0000225 seconds
[1072.030s][info ][safepoint      ] Entering safepoint region: Cleanup
[1072.030s][info ][safepoint      ] Leaving safepoint region
[1072.030s][info ][safepoint      ] Total time for which application threads were stopped: 0.0000629 seconds, Stopping threads took: 0.0000130 seconds
[1072.252s][info ][safepoint      ] Application time: 0.2220509 seconds
[1072.252s][info ][safepoint      ] Entering safepoint region: ParallelGCFailedAllocation
[1072.252s][info ][gc,start       ] GC(149) Pause Young (Allocation Failure)
[1072.265s][debug][gc,phases      ] GC(149) Scavenge 12.900ms
[1072.265s][debug][gc,ref         ] GC(149) Skipped phase1 of Reference Processing due to unavailable references
[1072.265s][debug][gc,ref         ] GC(149) Skipped phase3 of Reference Processing due to unavailable references
[1072.265s][debug][gc,phases      ] GC(149) Reference Processing 0.054ms
[1072.266s][debug][gc,phases      ] GC(149) Weak Processing 0.156ms
[1072.266s][debug][gc,phases      ] GC(149) Scrub String Table 0.477ms
[1072.266s][debug][gc,age         ] GC(149) Desired survivor size 69730304 bytes, new threshold 15 (max threshold 15)
[1072.266s][info ][gc,heap        ] GC(149) PSYoungGen: 2001184K->41424K(2029056K)
[1072.266s][info ][gc,heap        ] GC(149) ParOldGen: 330298K->331050K(397312K)
[1072.266s][info ][gc,metaspace   ] GC(149) Metaspace: 75320K->75320K(1118208K)
[1072.266s][info ][gc             ] GC(149) Pause Young (Allocation Failure) 2276M->363M(2369M) 13.718ms
[1072.266s][info ][gc,cpu         ] GC(149) User=0.05s Sys=0.00s Real=0.01s
[1072.266s][info ][safepoint      ] Leaving safepoint region
[1072.266s][info ][safepoint      ] Total time for which application threads were stopped: 0.0138973 seconds, Stopping threads took: 0.0000199 seconds
[1073.266s][info ][safepoint      ] Application time: 1.0000937 seconds
[1073.266s][info ][safepoint      ] Entering safepoint region: Cleanup
[1073.266s][info ][safepoint      ] Leaving safepoint region
[1073.266s][info ][safepoint      ] Total time for which application threads were stopped: 0.0001266 seconds, Stopping threads took: 0.0000496 seconds
[1074.267s][info ][safepoint      ] Application time: 1.0000654 seconds
[1074.267s][info ][safepoint      ] Entering safepoint region: Cleanup
[1074.267s][info ][safepoint      ] Leaving safepoint region
[1074.267s][info ][safepoint      ] Total time for which application threads were stopped: 0.0001129 seconds, Stopping threads took: 0.0000482 seconds
[1075.267s][info ][safepoint      ] Application time: 1.0000758 seconds
[1075.267s][info ][safepoint      ] Entering safepoint region: Cleanup
[1075.267s][info ][safepoint      ] Leaving safepoint region
[1075.267s][info ][safepoint      ] Total time for which application threads were stopped: 0.0001253 seconds, Stopping threads took: 0.0000702 seconds
[1076.267s][info ][safepoint      ] Application time: 1.0000746 seconds
[1076.267s][info ][safepoint      ] Entering safepoint region: Cleanup
[1076.267s][info ][safepoint      ] Leaving safepoint region
[1076.267s][info ][safepoint      ] Total time for which application threads were stopped: 0.0000939 seconds, Stopping threads took: 0.0000377 seconds
[1077.267s][info ][safepoint      ] Application time: 1.0000860 seconds
[1077.267s][info ][safepoint      ] Entering safepoint region: Cleanup
[1077.267s][info ][safepoint      ] Leaving safepoint region
[1077.267s][info ][safepoint      ] Total time for which application threads were stopped: 0.0001115 seconds, Stopping threads took: 0.0000369 seconds
[1078.268s][info ][safepoint      ] Application time: 1.0000843 seconds
[1078.268s][info ][safepoint      ] Entering safepoint region: Cleanup
[1078.268s][info ][safepoint      ] Leaving safepoint region
[1078.268s][info ][safepoint      ] Total time for which application threads were stopped: 0.0000989 seconds, Stopping threads took: 0.0000357 seconds
[1079.268s][info ][safepoint      ] Application time: 1.0000800 seconds
[1079.268s][info ][safepoint      ] Entering safepoint region: Cleanup
[1079.268s][info ][safepoint      ] Leaving safepoint region
[1079.268s][info ][safepoint      ] Total time for which application threads were stopped: 0.0000953 seconds, Stopping threads took: 0.0000374 seconds
[1080.268s][info ][safepoint      ] Application time: 1.0000823 seconds
[1080.268s][info ][safepoint      ] Entering safepoint region: Cleanup
[1080.268s][info ][safepoint      ] Leaving safepoint region
[1080.268s][info ][safepoint      ] Total time for which application threads were stopped: 0.0001270 seconds, Stopping threads took: 0.0000480 seconds
[1081.268s][info ][safepoint      ] Application time: 1.0000765 seconds
[1081.268s][info ][safepoint      ] Entering safepoint region: Cleanup
[1081.268s][info ][safepoint      ] Leaving safepoint region
[1081.268s][info ][safepoint      ] Total time for which application threads were stopped: 0.0000907 seconds, Stopping threads took: 0.0000361 seconds
[1082.268s][info ][safepoint      ] Application time: 1.0000746 seconds
[1082.269s][info ][safepoint      ] Entering safepoint region: Cleanup
[1082.269s][info ][safepoint      ] Leaving safepoint region
[1082.269s][info ][safepoint      ] Total time for which application threads were stopped: 0.0001002 seconds, Stopping threads took: 0.0000377 seconds
[1082.352s][info ][safepoint      ] Application time: 0.0834510 seconds
[1082.352s][info ][safepoint      ] Entering safepoint region: ParallelGCFailedAllocation
[1082.352s][info ][gc,start       ] GC(150) Pause Young (Allocation Failure)
[1082.363s][debug][gc,phases      ] GC(150) Scavenge 11.166ms
[1082.363s][debug][gc,ref         ] GC(150) Skipped phase1 of Reference Processing due to unavailable references
[1082.363s][debug][gc,ref         ] GC(150) Skipped phase3 of Reference Processing due to unavailable references
[1082.364s][debug][gc,phases      ] GC(150) Reference Processing 0.039ms
[1082.364s][debug][gc,phases      ] GC(150) Weak Processing 0.151ms
[1082.364s][debug][gc,phases      ] GC(150) Scrub String Table 0.452ms
[1082.364s][debug][gc,age         ] GC(150) Desired survivor size 68681728 bytes, new threshold 15 (max threshold 15)
[1082.364s][info ][gc,heap        ] GC(150) PSYoungGen: 2001360K->41312K(2028032K)
[1082.364s][info ][gc,heap        ] GC(150) ParOldGen: 331050K->331202K(397312K)
[1082.364s][info ][gc,metaspace   ] GC(150) Metaspace: 75321K->75321K(1118208K)
[1082.364s][info ][gc             ] GC(150) Pause Young (Allocation Failure) 2277M->363M(2368M) 11.980ms
[1082.364s][info ][gc,cpu         ] GC(150) User=0.04s Sys=0.00s Real=0.01s
[1082.364s][info ][safepoint      ] Leaving safepoint region
[1082.364s][info ][safepoint      ] Total time for which application threads were stopped: 0.0121739 seconds, Stopping threads took: 0.0000185 seconds
[1083.364s][info ][safepoint      ] Application time: 1.0000838 seconds
[1083.364s][info ][safepoint      ] Entering safepoint region: Cleanup
[1083.365s][info ][safepoint      ] Leaving safepoint region
[1083.365s][info ][safepoint      ] Total time for which application threads were stopped: 0.0001305 seconds, Stopping threads took: 0.0000376 seconds
[1084.365s][info ][safepoint      ] Application time: 1.0000863 seconds
[1084.365s][info ][safepoint      ] Entering safepoint region: Cleanup
[1084.365s][info ][safepoint      ] Leaving safepoint region
[1084.365s][info ][safepoint      ] Total time for which application threads were stopped: 0.0001002 seconds, Stopping threads took: 0.0000382 seconds
[1085.365s][info ][safepoint      ] Application time: 1.0000771 seconds
[1085.365s][info ][safepoint      ] Entering safepoint region: Cleanup
[1085.365s][info ][safepoint      ] Leaving safepoint region
[1085.365s][info ][safepoint      ] Total time for which application threads were stopped: 0.0001032 seconds, Stopping threads took: 0.0000376 seconds
[1086.365s][info ][safepoint      ] Application time: 1.0000759 seconds
[1086.365s][info ][safepoint      ] Entering safepoint region: Cleanup
[1086.365s][info ][safepoint      ] Leaving safepoint region
[1086.365s][info ][safepoint      ] Total time for which application threads were stopped: 0.0001003 seconds, Stopping threads took: 0.0000337 seconds
[1087.365s][info ][safepoint      ] Application time: 1.0000751 seconds
[1087.365s][info ][safepoint      ] Entering safepoint region: Cleanup
[1087.365s][info ][safepoint      ] Leaving safepoint region
[1087.365s][info ][safepoint      ] Total time for which application threads were stopped: 0.0000936 seconds, Stopping threads took: 0.0000354 seconds
[1090.366s][info ][safepoint      ] Application time: 3.0002223 seconds
[1090.366s][info ][safepoint      ] Entering safepoint region: Cleanup
[1090.366s][info ][safepoint      ] Leaving safepoint region
[1090.366s][info ][safepoint      ] Total time for which application threads were stopped: 0.0001057 seconds, Stopping threads took: 0.0000342 seconds
[1092.366s][info ][safepoint      ] Application time: 2.0001415 seconds
[1092.366s][info ][safepoint      ] Entering safepoint region: Cleanup
[1092.366s][info ][safepoint      ] Leaving safepoint region
[1092.366s][info ][safepoint      ] Total time for which application threads were stopped: 0.0001038 seconds, Stopping threads took: 0.0000376 seconds
[1092.607s][info ][safepoint      ] Application time: 0.2407994 seconds
[1092.607s][info ][safepoint      ] Entering safepoint region: ParallelGCFailedAllocation
[1092.607s][info ][gc,start       ] GC(151) Pause Young (Allocation Failure)
[1092.619s][debug][gc,phases      ] GC(151) Scavenge 11.468ms
[1092.619s][debug][gc,ref         ] GC(151) Skipped phase1 of Reference Processing due to unavailable references
[1092.619s][debug][gc,ref         ] GC(151) Skipped phase3 of Reference Processing due to unavailable references
[1092.619s][debug][gc,phases      ] GC(151) Reference Processing 0.040ms
[1092.619s][debug][gc,phases      ] GC(151) Weak Processing 0.160ms
[1092.619s][debug][gc,phases      ] GC(151) Scrub String Table 0.478ms
[1092.619s][debug][gc,age         ] GC(151) Desired survivor size 67633152 bytes, new threshold 15 (max threshold 15)
[1092.619s][info ][gc,heap        ] GC(151) PSYoungGen: 2001248K->41408K(2031104K)
[1092.619s][info ][gc,heap        ] GC(151) ParOldGen: 331202K->331286K(397312K)
[1092.619s][info ][gc,metaspace   ] GC(151) Metaspace: 75321K->75321K(1118208K)
[1092.619s][info ][gc             ] GC(151) Pause Young (Allocation Failure) 2277M->363M(2371M) 12.285ms
[1092.619s][info ][gc,cpu         ] GC(151) User=0.05s Sys=0.00s Real=0.01s
[1092.619s][info ][safepoint      ] Leaving safepoint region
[1092.619s][info ][safepoint      ] Total time for which application threads were stopped: 0.0124467 seconds, Stopping threads took: 0.0000133 seconds
[1093.619s][info ][safepoint      ] Application time: 1.0000783 seconds
[1093.620s][info ][safepoint      ] Entering safepoint region: Cleanup
[1093.620s][info ][safepoint      ] Leaving safepoint region
[1093.620s][info ][safepoint      ] Total time for which application threads were stopped: 0.0001066 seconds, Stopping threads took: 0.0000381 seconds
[1096.620s][info ][safepoint      ] Application time: 3.0002270 seconds
[1096.620s][info ][safepoint      ] Entering safepoint region: Cleanup
[1096.620s][info ][safepoint      ] Leaving safepoint region
[1096.620s][info ][safepoint      ] Total time for which application threads were stopped: 0.0000943 seconds, Stopping threads took: 0.0000321 seconds
[1102.601s][info ][safepoint      ] Application time: 5.9807747 seconds
[1102.601s][info ][safepoint      ] Entering safepoint region: ParallelGCFailedAllocation
[1102.601s][info ][gc,start       ] GC(152) Pause Young (Allocation Failure)
[1102.613s][debug][gc,phases      ] GC(152) Scavenge 11.914ms
[1102.613s][debug][gc,ref         ] GC(152) Skipped phase1 of Reference Processing due to unavailable references
[1102.613s][debug][gc,ref         ] GC(152) Skipped phase3 of Reference Processing due to unavailable references
[1102.613s][debug][gc,phases      ] GC(152) Reference Processing 0.035ms
[1102.613s][debug][gc,phases      ] GC(152) Weak Processing 0.138ms
[1102.613s][debug][gc,phases      ] GC(152) Scrub String Table 0.422ms
[1102.613s][debug][gc,age         ] GC(152) Desired survivor size 66584576 bytes, new threshold 15 (max threshold 15)
[1102.614s][info ][gc,heap        ] GC(152) PSYoungGen: 2005440K->41344K(2030080K)
[1102.614s][info ][gc,heap        ] GC(152) ParOldGen: 331286K->331406K(397312K)
[1102.614s][info ][gc,metaspace   ] GC(152) Metaspace: 75321K->75321K(1118208K)
[1102.614s][info ][gc             ] GC(152) Pause Young (Allocation Failure) 2281M->364M(2370M) 12.645ms
[1102.614s][info ][gc,cpu         ] GC(152) User=0.05s Sys=0.00s Real=0.01s
[1102.614s][info ][safepoint      ] Leaving safepoint region
[1102.614s][info ][safepoint      ] Total time for which application threads were stopped: 0.0127943 seconds, Stopping threads took: 0.0000116 seconds
[1103.614s][info ][safepoint      ] Application time: 1.0000809 seconds
[1103.614s][info ][safepoint      ] Entering safepoint region: Cleanup
[1103.614s][info ][safepoint      ] Leaving safepoint region
[1103.614s][info ][safepoint      ] Total time for which application threads were stopped: 0.0001124 seconds, Stopping threads took: 0.0000377 seconds
[1108.614s][info ][safepoint      ] Application time: 5.0003269 seconds
[1108.614s][info ][safepoint      ] Entering safepoint region: Cleanup
[1108.614s][info ][safepoint      ] Leaving safepoint region
[1108.614s][info ][safepoint      ] Total time for which application threads were stopped: 0.0001332 seconds, Stopping threads took: 0.0000562 seconds
[1109.614s][info ][safepoint      ] Application time: 1.0000724 seconds
[1109.614s][info ][safepoint      ] Entering safepoint region: Cleanup
[1109.615s][info ][safepoint      ] Leaving safepoint region
[1109.615s][info ][safepoint      ] Total time for which application threads were stopped: 0.0001334 seconds, Stopping threads took: 0.0000637 seconds
[1112.475s][info ][safepoint      ] Application time: 2.8602568 seconds
[1112.475s][info ][safepoint      ] Entering safepoint region: ParallelGCFailedAllocation
[1112.475s][info ][gc,start       ] GC(153) Pause Young (Allocation Failure)
[1112.486s][debug][gc,phases      ] GC(153) Scavenge 11.095ms
[1112.486s][debug][gc,ref         ] GC(153) Skipped phase1 of Reference Processing due to unavailable references
[1112.486s][debug][gc,ref         ] GC(153) Skipped phase3 of Reference Processing due to unavailable references
[1112.486s][debug][gc,phases      ] GC(153) Reference Processing 0.044ms
[1112.486s][debug][gc,phases      ] GC(153) Weak Processing 0.160ms
[1112.487s][debug][gc,phases      ] GC(153) Scrub String Table 0.472ms
[1112.487s][debug][gc,age         ] GC(153) Desired survivor size 63963136 bytes, new threshold 15 (max threshold 15)
[1112.487s][info ][gc,heap        ] GC(153) PSYoungGen: 2005376K->36080K(2034688K)
[1112.487s][info ][gc,heap        ] GC(153) ParOldGen: 331406K->334407K(397312K)
[1112.487s][info ][gc,metaspace   ] GC(153) Metaspace: 75324K->75324K(1118208K)
[1112.487s][info ][gc             ] GC(153) Pause Young (Allocation Failure) 2282M->361M(2375M) 11.919ms
[1112.487s][info ][gc,cpu         ] GC(153) User=0.04s Sys=0.00s Real=0.01s
[1112.487s][info ][safepoint      ] Leaving safepoint region
[1112.487s][info ][safepoint      ] Total time for which application threads were stopped: 0.0120864 seconds, Stopping threads took: 0.0000112 seconds
[1120.487s][info ][safepoint      ] Application time: 8.0005313 seconds
[1120.488s][info ][safepoint      ] Entering safepoint region: Cleanup
[1120.488s][info ][safepoint      ] Leaving safepoint region
[1120.488s][info ][safepoint      ] Total time for which application threads were stopped: 0.0000925 seconds, Stopping threads took: 0.0000342 seconds
[1122.571s][info ][safepoint      ] Application time: 2.0834741 seconds
[1122.571s][info ][safepoint      ] Entering safepoint region: ParallelGCFailedAllocation
[1122.571s][info ][gc,start       ] GC(154) Pause Young (Allocation Failure)
[1122.581s][debug][gc,phases      ] GC(154) Scavenge 9.452ms
[1122.581s][debug][gc,ref         ] GC(154) Skipped phase1 of Reference Processing due to unavailable references
[1122.581s][debug][gc,ref         ] GC(154) Skipped phase3 of Reference Processing due to unavailable references
[1122.581s][debug][gc,phases      ] GC(154) Reference Processing 0.030ms
[1122.581s][debug][gc,phases      ] GC(154) Weak Processing 0.150ms
[1122.581s][debug][gc,phases      ] GC(154) Scrub String Table 0.460ms
[1122.581s][debug][gc,age         ] GC(154) Desired survivor size 62914560 bytes, new threshold 15 (max threshold 15)
[1122.581s][info ][gc,heap        ] GC(154) PSYoungGen: 2005744K->28240K(2032128K)
[1122.581s][info ][gc,heap        ] GC(154) ParOldGen: 334407K->343679K(397312K)
[1122.581s][info ][gc,metaspace   ] GC(154) Metaspace: 75325K->75325K(1118208K)
[1122.581s][info ][gc             ] GC(154) Pause Young (Allocation Failure) 2285M->363M(2372M) 10.231ms
[1122.581s][info ][gc,cpu         ] GC(154) User=0.04s Sys=0.00s Real=0.02s
[1122.582s][info ][safepoint      ] Leaving safepoint region
[1122.582s][info ][safepoint      ] Total time for which application threads were stopped: 0.0103838 seconds, Stopping threads took: 0.0000240 seconds
[1125.582s][info ][safepoint      ] Application time: 3.0002338 seconds
[1125.582s][info ][safepoint      ] Entering safepoint region: Cleanup
[1125.582s][info ][safepoint      ] Leaving safepoint region
[1125.582s][info ][safepoint      ] Total time for which application threads were stopped: 0.0000954 seconds, Stopping threads took: 0.0000388 seconds
[1131.932s][info ][safepoint      ] Application time: 6.3496454 seconds
[1131.932s][info ][safepoint      ] Entering safepoint region: ParallelGCFailedAllocation
[1131.932s][info ][gc,start       ] GC(155) Pause Young (Allocation Failure)
[1131.941s][debug][gc,phases      ] GC(155) Scavenge 8.876ms
[1131.941s][debug][gc,ref         ] GC(155) Skipped phase1 of Reference Processing due to unavailable references
[1131.941s][debug][gc,ref         ] GC(155) Skipped phase3 of Reference Processing due to unavailable references
[1131.941s][debug][gc,phases      ] GC(155) Reference Processing 0.031ms
[1131.941s][debug][gc,phases      ] GC(155) Weak Processing 0.155ms
[1131.941s][debug][gc,phases      ] GC(155) Scrub String Table 0.559ms
[1131.941s][debug][gc,age         ] GC(155) Desired survivor size 61865984 bytes, new threshold 15 (max threshold 15)
[1131.941s][info ][gc,heap        ] GC(155) PSYoungGen: 1997774K->26496K(2036736K)
[1131.941s][info ][gc,heap        ] GC(155) ParOldGen: 343679K->344671K(397312K)
[1131.941s][info ][gc,metaspace   ] GC(155) Metaspace: 75326K->75326K(1118208K)
[1131.941s][info ][gc             ] GC(155) Pause Young (Allocation Failure) 2286M->362M(2377M) 9.780ms
[1131.941s][info ][gc,cpu         ] GC(155) User=0.04s Sys=0.00s Real=0.02s
[1131.942s][info ][safepoint      ] Leaving safepoint region
[1131.942s][info ][safepoint      ] Total time for which application threads were stopped: 0.0099548 seconds, Stopping threads took: 0.0000128 seconds
[1132.942s][info ][safepoint      ] Application time: 1.0000834 seconds
[1132.942s][info ][safepoint      ] Entering safepoint region: Cleanup
[1132.942s][info ][safepoint      ] Leaving safepoint region
[1132.942s][info ][safepoint      ] Total time for which application threads were stopped: 0.0000594 seconds, Stopping threads took: 0.0000112 seconds
[1134.942s][info ][safepoint      ] Application time: 2.0001300 seconds
[1134.942s][info ][safepoint      ] Entering safepoint region: Cleanup
[1134.942s][info ][safepoint      ] Leaving safepoint region
[1134.942s][info ][safepoint      ] Total time for which application threads were stopped: 0.0000672 seconds, Stopping threads took: 0.0000111 seconds
[1137.942s][info ][safepoint      ] Application time: 3.0002000 seconds
[1137.942s][info ][safepoint      ] Entering safepoint region: Cleanup
[1137.942s][info ][safepoint      ] Leaving safepoint region
[1137.942s][info ][safepoint      ] Total time for which application threads were stopped: 0.0000776 seconds, Stopping threads took: 0.0000116 seconds
[1138.942s][info ][safepoint      ] Application time: 1.0000779 seconds
[1138.942s][info ][safepoint      ] Entering safepoint region: Cleanup
[1138.942s][info ][safepoint      ] Leaving safepoint region
[1138.942s][info ][safepoint      ] Total time for which application threads were stopped: 0.0000830 seconds, Stopping threads took: 0.0000130 seconds
[1139.943s][info ][safepoint      ] Application time: 1.0000705 seconds
[1139.943s][info ][safepoint      ] Entering safepoint region: Cleanup
[1139.943s][info ][safepoint      ] Leaving safepoint region
[1139.943s][info ][safepoint      ] Total time for which application threads were stopped: 0.0000637 seconds, Stopping threads took: 0.0000118 seconds
[1141.373s][info ][safepoint      ] Application time: 1.4307845 seconds
[1141.374s][info ][safepoint      ] Entering safepoint region: ParallelGCFailedAllocation
[1141.374s][info ][gc,start       ] GC(156) Pause Young (Allocation Failure)
[1141.380s][debug][gc,phases      ] GC(156) Scavenge 6.796ms
[1141.380s][debug][gc,ref         ] GC(156) Skipped phase1 of Reference Processing due to unavailable references
[1141.380s][debug][gc,ref         ] GC(156) Skipped phase3 of Reference Processing due to unavailable references
[1141.380s][debug][gc,phases      ] GC(156) Reference Processing 0.028ms
[1141.381s][debug][gc,phases      ] GC(156) Weak Processing 0.130ms
[1141.381s][debug][gc,phases      ] GC(156) Scrub String Table 0.447ms
[1141.381s][debug][gc,age         ] GC(156) Desired survivor size 62390272 bytes, new threshold 15 (max threshold 15)
[1141.381s][info ][gc,heap        ] GC(156) PSYoungGen: 2001792K->16944K(2035712K)
[1141.381s][info ][gc,heap        ] GC(156) ParOldGen: 344671K->346251K(397312K)
[1141.381s][info ][gc,metaspace   ] GC(156) Metaspace: 75332K->75332K(1118208K)
[1141.381s][info ][gc             ] GC(156) Pause Young (Allocation Failure) 2291M->354M(2376M) 7.532ms
[1141.381s][info ][gc,cpu         ] GC(156) User=0.02s Sys=0.00s Real=0.01s
[1141.381s][info ][safepoint      ] Leaving safepoint region
[1141.381s][info ][safepoint      ] Total time for which application threads were stopped: 0.0076866 seconds, Stopping threads took: 0.0000123 seconds
[1148.382s][info ][safepoint      ] Application time: 7.0005016 seconds
[1148.382s][info ][safepoint      ] Entering safepoint region: Cleanup
[1148.382s][info ][safepoint      ] Leaving safepoint region
[1148.382s][info ][safepoint      ] Total time for which application threads were stopped: 0.0000822 seconds, Stopping threads took: 0.0000134 seconds
[1149.382s][info ][safepoint      ] Application time: 1.0000673 seconds
[1149.382s][info ][safepoint      ] Entering safepoint region: Cleanup
[1149.382s][info ][safepoint      ] Leaving safepoint region
[1149.382s][info ][safepoint      ] Total time for which application threads were stopped: 0.0001011 seconds, Stopping threads took: 0.0000136 seconds
[1151.382s][info ][safepoint      ] Application time: 2.0001392 seconds
[1151.382s][info ][safepoint      ] Entering safepoint region: Cleanup
[1151.382s][info ][safepoint      ] Leaving safepoint region
[1151.382s][info ][safepoint      ] Total time for which application threads were stopped: 0.0000905 seconds, Stopping threads took: 0.0000145 seconds
[1151.504s][info ][safepoint      ] Application time: 0.1215153 seconds
[1151.504s][info ][safepoint      ] Entering safepoint region: ParallelGCFailedAllocation
[1151.504s][info ][gc,start       ] GC(157) Pause Young (Allocation Failure)
[1151.511s][debug][gc,phases      ] GC(157) Scavenge 7.107ms
[1151.511s][debug][gc,ref         ] GC(157) Skipped phase1 of Reference Processing due to unavailable references
[1151.511s][debug][gc,ref         ] GC(157) Skipped phase3 of Reference Processing due to unavailable references
[1151.511s][debug][gc,phases      ] GC(157) Reference Processing 0.028ms
[1151.512s][debug][gc,phases      ] GC(157) Weak Processing 0.136ms
[1151.512s][debug][gc,phases      ] GC(157) Scrub String Table 0.448ms
[1151.512s][debug][gc,age         ] GC(157) Desired survivor size 63963136 bytes, new threshold 15 (max threshold 15)
[1151.512s][info ][gc,heap        ] GC(157) PSYoungGen: 1992240K->6672K(2033152K)
[1151.512s][info ][gc,heap        ] GC(157) ParOldGen: 346251K->355153K(397312K)
[1151.512s][info ][gc,metaspace   ] GC(157) Metaspace: 75338K->75338K(1118208K)
[1151.512s][info ][gc             ] GC(157) Pause Young (Allocation Failure) 2283M->353M(2373M) 7.865ms
[1151.512s][info ][gc,cpu         ] GC(157) User=0.02s Sys=0.01s Real=0.01s
[1151.512s][info ][safepoint      ] Leaving safepoint region
[1151.512s][info ][safepoint      ] Total time for which application threads were stopped: 0.0083164 seconds, Stopping threads took: 0.0002983 seconds
[1159.513s][info ][safepoint      ] Application time: 8.0005526 seconds
[1159.513s][info ][safepoint      ] Entering safepoint region: Cleanup
[1159.513s][info ][safepoint      ] Leaving safepoint region
[1159.513s][info ][safepoint      ] Total time for which application threads were stopped: 0.0001161 seconds, Stopping threads took: 0.0000561 seconds
[1161.204s][info ][safepoint      ] Application time: 1.6906999 seconds
[1161.204s][info ][safepoint      ] Entering safepoint region: ParallelGCFailedAllocation
[1161.204s][info ][gc,start       ] GC(158) Pause Young (Allocation Failure)
[1161.210s][debug][gc,phases      ] GC(158) Scavenge 6.325ms
[1161.210s][debug][gc,ref         ] GC(158) Skipped phase1 of Reference Processing due to unavailable references
[1161.210s][debug][gc,ref         ] GC(158) Skipped phase3 of Reference Processing due to unavailable references
[1161.210s][debug][gc,phases      ] GC(158) Reference Processing 0.027ms
[1161.210s][debug][gc,phases      ] GC(158) Weak Processing 0.120ms
[1161.211s][debug][gc,phases      ] GC(158) Scrub String Table 0.416ms
[1161.211s][debug][gc,age         ] GC(158) Desired survivor size 63963136 bytes, new threshold 15 (max threshold 15)
[1161.211s][info ][gc,heap        ] GC(158) PSYoungGen: 1978896K->12400K(2034688K)
[1161.211s][info ][gc,heap        ] GC(158) ParOldGen: 355153K->355289K(397312K)
[1161.211s][info ][gc,metaspace   ] GC(158) Metaspace: 75338K->75338K(1118208K)
[1161.211s][info ][gc             ] GC(158) Pause Young (Allocation Failure) 2279M->359M(2375M) 7.010ms
[1161.211s][info ][gc,cpu         ] GC(158) User=0.02s Sys=0.00s Real=0.00s
[1161.211s][info ][safepoint      ] Leaving safepoint region
[1161.211s][info ][safepoint      ] Total time for which application threads were stopped: 0.0071777 seconds, Stopping threads took: 0.0000133 seconds
[1162.211s][info ][safepoint      ] Application time: 1.0000913 seconds
[1162.211s][info ][safepoint      ] Entering safepoint region: Cleanup
[1162.211s][info ][safepoint      ] Leaving safepoint region
[1162.211s][info ][safepoint      ] Total time for which application threads were stopped: 0.0001257 seconds, Stopping threads took: 0.0000546 seconds
[1163.211s][info ][safepoint      ] Application time: 1.0000853 seconds
[1163.211s][info ][safepoint      ] Entering safepoint region: Cleanup
[1163.211s][info ][safepoint      ] Leaving safepoint region
[1163.211s][info ][safepoint      ] Total time for which application threads were stopped: 0.0001410 seconds, Stopping threads took: 0.0000549 seconds
[1167.212s][info ][safepoint      ] Application time: 4.0002986 seconds
[1167.212s][info ][safepoint      ] Entering safepoint region: Cleanup
[1167.212s][info ][safepoint      ] Leaving safepoint region
[1167.212s][info ][safepoint      ] Total time for which application threads were stopped: 0.0001093 seconds, Stopping threads took: 0.0000375 seconds
[1168.212s][info ][safepoint      ] Application time: 1.0000903 seconds
[1168.212s][info ][safepoint      ] Entering safepoint region: Cleanup
[1168.212s][info ][safepoint      ] Leaving safepoint region
[1168.212s][info ][safepoint      ] Total time for which application threads were stopped: 0.0001115 seconds, Stopping threads took: 0.0000349 seconds
[1169.048s][info ][safepoint      ] Application time: 0.8359669 seconds
[1169.048s][info ][safepoint      ] Entering safepoint region: RevokeBias
[1169.048s][info ][safepoint      ] Leaving safepoint region
[1169.048s][info ][safepoint      ] Total time for which application threads were stopped: 0.0001158 seconds, Stopping threads took: 0.0000315 seconds
[1169.048s][info ][safepoint      ] Application time: 0.0000335 seconds
[1169.048s][info ][safepoint      ] Entering safepoint region: RevokeBias
[1169.048s][info ][safepoint      ] Leaving safepoint region
[1169.048s][info ][safepoint      ] Total time for which application threads were stopped: 0.0000528 seconds, Stopping threads took: 0.0000307 seconds
[1169.049s][info ][safepoint      ] Application time: 0.0012029 seconds
[1169.050s][info ][safepoint      ] Entering safepoint region: RevokeBias
[1169.050s][info ][safepoint      ] Leaving safepoint region
[1169.050s][info ][safepoint      ] Total time for which application threads were stopped: 0.0001000 seconds, Stopping threads took: 0.0000573 seconds
[1170.050s][info ][safepoint      ] Application time: 1.0000786 seconds
[1170.050s][info ][safepoint      ] Entering safepoint region: Cleanup
[1170.050s][info ][safepoint      ] Leaving safepoint region
[1170.050s][info ][safepoint      ] Total time for which application threads were stopped: 0.0000862 seconds, Stopping threads took: 0.0000166 seconds
[1171.006s][info ][safepoint      ] Application time: 0.9566450 seconds
[1171.007s][info ][safepoint      ] Entering safepoint region: ParallelGCFailedAllocation
[1171.007s][info ][gc,start       ] GC(159) Pause Young (Allocation Failure)
[1171.013s][debug][gc,phases      ] GC(159) Scavenge 5.957ms
[1171.013s][debug][gc,ref         ] GC(159) Skipped phase1 of Reference Processing due to unavailable references
[1171.013s][debug][gc,ref         ] GC(159) Skipped phase3 of Reference Processing due to unavailable references
[1171.013s][debug][gc,phases      ] GC(159) Reference Processing 0.027ms
[1171.013s][debug][gc,phases      ] GC(159) Weak Processing 0.123ms
[1171.013s][debug][gc,phases      ] GC(159) Scrub String Table 0.449ms
[1171.013s][debug][gc,age         ] GC(159) Desired survivor size 63438848 bytes, new threshold 15 (max threshold 15)
[1171.013s][info ][gc,heap        ] GC(159) PSYoungGen: 1984624K->11376K(2035200K)
[1171.013s][info ][gc,heap        ] GC(159) ParOldGen: 355289K->356222K(397312K)
[1171.013s][info ][gc,metaspace   ] GC(159) Metaspace: 75338K->75338K(1118208K)
[1171.013s][info ][gc             ] GC(159) Pause Young (Allocation Failure) 2285M->358M(2375M) 6.678ms
[1171.013s][info ][gc,cpu         ] GC(159) User=0.02s Sys=0.00s Real=0.01s
[1171.013s][info ][safepoint      ] Leaving safepoint region
[1171.013s][info ][safepoint      ] Total time for which application threads were stopped: 0.0068437 seconds, Stopping threads took: 0.0000230 seconds
[1172.013s][info ][safepoint      ] Application time: 1.0000986 seconds
[1172.014s][info ][safepoint      ] Entering safepoint region: Cleanup
[1172.014s][info ][safepoint      ] Leaving safepoint region
[1172.014s][info ][safepoint      ] Total time for which application threads were stopped: 0.0001347 seconds, Stopping threads took: 0.0000355 seconds
[1174.014s][info ][safepoint      ] Application time: 2.0001654 seconds
[1174.014s][info ][safepoint      ] Entering safepoint region: Cleanup
[1174.014s][info ][safepoint      ] Leaving safepoint region
[1174.014s][info ][safepoint      ] Total time for which application threads were stopped: 0.0001263 seconds, Stopping threads took: 0.0000550 seconds
[1175.014s][info ][safepoint      ] Application time: 1.0000764 seconds
[1175.014s][info ][safepoint      ] Entering safepoint region: Cleanup
[1175.014s][info ][safepoint      ] Leaving safepoint region
[1175.014s][info ][safepoint      ] Total time for which application threads were stopped: 0.0001314 seconds, Stopping threads took: 0.0000370 seconds
[1176.014s][info ][safepoint      ] Application time: 1.0000886 seconds
[1176.014s][info ][safepoint      ] Entering safepoint region: Cleanup
[1176.014s][info ][safepoint      ] Leaving safepoint region
[1176.014s][info ][safepoint      ] Total time for which application threads were stopped: 0.0001333 seconds, Stopping threads took: 0.0000518 seconds
[1180.514s][info ][safepoint      ] Application time: 4.4996400 seconds
[1180.514s][info ][safepoint      ] Entering safepoint region: ParallelGCFailedAllocation
[1180.514s][info ][gc,start       ] GC(160) Pause Young (Allocation Failure)
[1180.521s][debug][gc,phases      ] GC(160) Scavenge 6.324ms
[1180.521s][debug][gc,ref         ] GC(160) Skipped phase1 of Reference Processing due to unavailable references
[1180.521s][debug][gc,ref         ] GC(160) Skipped phase3 of Reference Processing due to unavailable references
[1180.521s][debug][gc,phases      ] GC(160) Reference Processing 0.028ms
[1180.521s][debug][gc,phases      ] GC(160) Weak Processing 0.129ms
[1180.521s][debug][gc,phases      ] GC(160) Scrub String Table 0.420ms
[1180.521s][debug][gc,age         ] GC(160) Desired survivor size 62390272 bytes, new threshold 15 (max threshold 15)
[1180.521s][info ][gc,heap        ] GC(160) PSYoungGen: 1984112K->13424K(2034688K)
[1180.521s][info ][gc,heap        ] GC(160) ParOldGen: 356222K->356958K(397312K)
[1180.521s][info ][gc,metaspace   ] GC(160) Metaspace: 75340K->75340K(1118208K)
[1180.521s][info ][gc             ] GC(160) Pause Young (Allocation Failure) 2285M->361M(2375M) 7.030ms
[1180.521s][info ][gc,cpu         ] GC(160) User=0.02s Sys=0.00s Real=0.01s
[1180.521s][info ][safepoint      ] Leaving safepoint region
[1180.521s][info ][safepoint      ] Total time for which application threads were stopped: 0.0072049 seconds, Stopping threads took: 0.0000280 seconds
[1181.521s][info ][safepoint      ] Application time: 1.0000767 seconds
[1181.522s][info ][safepoint      ] Entering safepoint region: Cleanup
[1181.522s][info ][safepoint      ] Leaving safepoint region
[1181.522s][info ][safepoint      ] Total time for which application threads were stopped: 0.0003863 seconds, Stopping threads took: 0.0003123 seconds
[1182.522s][info ][safepoint      ] Application time: 1.0000449 seconds
[1182.522s][info ][safepoint      ] Entering safepoint region: Cleanup
[1182.522s][info ][safepoint      ] Leaving safepoint region
[1182.522s][info ][safepoint      ] Total time for which application threads were stopped: 0.0000978 seconds, Stopping threads took: 0.0000339 seconds
[1183.522s][info ][safepoint      ] Application time: 1.0000765 seconds
[1183.522s][info ][safepoint      ] Entering safepoint region: Cleanup
[1183.522s][info ][safepoint      ] Leaving safepoint region
[1183.522s][info ][safepoint      ] Total time for which application threads were stopped: 0.0001305 seconds, Stopping threads took: 0.0000555 seconds
[1184.522s][info ][safepoint      ] Application time: 1.0000774 seconds
[1184.522s][info ][safepoint      ] Entering safepoint region: Cleanup
[1184.523s][info ][safepoint      ] Leaving safepoint region
[1184.523s][info ][safepoint      ] Total time for which application threads were stopped: 0.0001296 seconds, Stopping threads took: 0.0000457 seconds
[1185.523s][info ][safepoint      ] Application time: 1.0000541 seconds
[1185.523s][info ][safepoint      ] Entering safepoint region: Cleanup
[1185.523s][info ][safepoint      ] Leaving safepoint region
[1185.523s][info ][safepoint      ] Total time for which application threads were stopped: 0.0001355 seconds, Stopping threads took: 0.0000484 seconds
[1186.523s][info ][safepoint      ] Application time: 1.0000759 seconds
[1186.523s][info ][safepoint      ] Entering safepoint region: Cleanup
[1186.523s][info ][safepoint      ] Leaving safepoint region
[1186.523s][info ][safepoint      ] Total time for which application threads were stopped: 0.0000958 seconds, Stopping threads took: 0.0000327 seconds
[1188.523s][info ][safepoint      ] Application time: 2.0001462 seconds
[1188.523s][info ][safepoint      ] Entering safepoint region: Cleanup
[1188.523s][info ][safepoint      ] Leaving safepoint region
[1188.523s][info ][safepoint      ] Total time for which application threads were stopped: 0.0001369 seconds, Stopping threads took: 0.0000527 seconds
[1190.103s][info ][safepoint      ] Application time: 1.5798624 seconds
[1190.103s][info ][safepoint      ] Entering safepoint region: ParallelGCFailedAllocation
[1190.103s][info ][gc,start       ] GC(161) Pause Young (Allocation Failure)
[1190.111s][debug][gc,phases      ] GC(161) Scavenge 7.147ms
[1190.111s][debug][gc,ref         ] GC(161) Skipped phase1 of Reference Processing due to unavailable references
[1190.111s][debug][gc,ref         ] GC(161) Skipped phase2 of Reference Processing due to unavailable references
[1190.111s][debug][gc,ref         ] GC(161) Skipped phase3 of Reference Processing due to unavailable references
[1190.111s][debug][gc,phases      ] GC(161) Reference Processing 0.028ms
[1190.111s][debug][gc,phases      ] GC(161) Weak Processing 0.132ms
[1190.111s][debug][gc,phases      ] GC(161) Scrub String Table 0.428ms
[1190.111s][debug][gc,age         ] GC(161) Desired survivor size 60293120 bytes, new threshold 15 (max threshold 15)
[1190.111s][info ][gc,heap        ] GC(161) PSYoungGen: 1986160K->15744K(2038272K)
[1190.111s][info ][gc,heap        ] GC(161) ParOldGen: 356958K->357014K(397312K)
[1190.111s][info ][gc,metaspace   ] GC(161) Metaspace: 75341K->75341K(1118208K)
[1190.111s][info ][gc             ] GC(161) Pause Young (Allocation Failure) 2288M->364M(2378M) 7.868ms
[1190.111s][info ][gc,cpu         ] GC(161) User=0.03s Sys=0.00s Real=0.00s
[1190.111s][info ][safepoint      ] Leaving safepoint region
[1190.111s][info ][safepoint      ] Total time for which application threads were stopped: 0.0080677 seconds, Stopping threads took: 0.0000455 seconds
[1193.112s][info ][safepoint      ] Application time: 3.0002385 seconds
[1193.112s][info ][safepoint      ] Entering safepoint region: Cleanup
[1193.112s][info ][safepoint      ] Leaving safepoint region
[1193.112s][info ][safepoint      ] Total time for which application threads were stopped: 0.0001109 seconds, Stopping threads took: 0.0000478 seconds
[1194.112s][info ][safepoint      ] Application time: 1.0000788 seconds
[1194.112s][info ][safepoint      ] Entering safepoint region: Cleanup
[1194.112s][info ][safepoint      ] Leaving safepoint region
[1194.112s][info ][safepoint      ] Total time for which application threads were stopped: 0.0001106 seconds, Stopping threads took: 0.0000527 seconds
[1196.112s][info ][safepoint      ] Application time: 2.0001794 seconds
[1196.112s][info ][safepoint      ] Entering safepoint region: Cleanup
[1196.112s][info ][safepoint      ] Leaving safepoint region
[1196.112s][info ][safepoint      ] Total time for which application threads were stopped: 0.0001306 seconds, Stopping threads took: 0.0000627 seconds
[1197.112s][info ][safepoint      ] Application time: 1.0000769 seconds
[1197.112s][info ][safepoint      ] Entering safepoint region: Cleanup
[1197.113s][info ][safepoint      ] Leaving safepoint region
[1197.113s][info ][safepoint      ] Total time for which application threads were stopped: 0.0001316 seconds, Stopping threads took: 0.0000538 seconds
[1198.113s][info ][safepoint      ] Application time: 1.0000810 seconds
[1198.113s][info ][safepoint      ] Entering safepoint region: Cleanup
[1198.113s][info ][safepoint      ] Leaving safepoint region
[1198.113s][info ][safepoint      ] Total time for which application threads were stopped: 0.0001117 seconds, Stopping threads took: 0.0000479 seconds
[1199.698s][info ][safepoint      ] Application time: 1.5852399 seconds
[1199.698s][info ][safepoint      ] Entering safepoint region: ParallelGCFailedAllocation
[1199.698s][info ][gc,start       ] GC(162) Pause Young (Allocation Failure)
[1199.707s][debug][gc,phases      ] GC(162) Scavenge 8.565ms
[1199.707s][debug][gc,ref         ] GC(162) Skipped phase1 of Reference Processing due to unavailable references
[1199.707s][debug][gc,ref         ] GC(162) Skipped phase2 of Reference Processing due to unavailable references
[1199.707s][debug][gc,ref         ] GC(162) Skipped phase3 of Reference Processing due to unavailable references
[1199.707s][debug][gc,phases      ] GC(162) Reference Processing 0.028ms
[1199.707s][debug][gc,phases      ] GC(162) Weak Processing 0.135ms
[1199.708s][debug][gc,phases      ] GC(162) Scrub String Table 0.457ms
[1199.708s][debug][gc,age         ] GC(162) Desired survivor size 57671680 bytes, new threshold 15 (max threshold 15)
[1199.708s][info ][gc,heap        ] GC(162) PSYoungGen: 1993088K->20560K(2036224K)
[1199.708s][info ][gc,heap        ] GC(162) ParOldGen: 357014K->357062K(397312K)
[1199.708s][info ][gc,metaspace   ] GC(162) Metaspace: 75343K->75343K(1118208K)
[1199.708s][info ][gc             ] GC(162) Pause Young (Allocation Failure) 2295M->368M(2376M) 9.313ms
[1199.708s][info ][gc,cpu         ] GC(162) User=0.03s Sys=0.00s Real=0.01s
[1199.708s][info ][safepoint      ] Leaving safepoint region
[1199.708s][info ][safepoint      ] Total time for which application threads were stopped: 0.0095051 seconds, Stopping threads took: 0.0000549 seconds
[1200.708s][info ][safepoint      ] Application time: 1.0000881 seconds
[1200.708s][info ][safepoint      ] Entering safepoint region: Cleanup
[1200.708s][info ][safepoint      ] Leaving safepoint region
[1200.708s][info ][safepoint      ] Total time for which application threads were stopped: 0.0001278 seconds, Stopping threads took: 0.0000540 seconds
[1202.708s][info ][safepoint      ] Application time: 2.0001509 seconds
[1202.708s][info ][safepoint      ] Entering safepoint region: Cleanup
[1202.708s][info ][safepoint      ] Leaving safepoint region
[1202.708s][info ][safepoint      ] Total time for which application threads were stopped: 0.0001405 seconds, Stopping threads took: 0.0000502 seconds
[1206.708s][info ][safepoint      ] Application time: 4.0002782 seconds
[1206.709s][info ][safepoint      ] Entering safepoint region: Cleanup
[1206.709s][info ][safepoint      ] Leaving safepoint region
[1206.709s][info ][safepoint      ] Total time for which application threads were stopped: 0.0001211 seconds, Stopping threads took: 0.0000365 seconds
[1208.709s][info ][safepoint      ] Application time: 2.0001543 seconds
[1208.709s][info ][safepoint      ] Entering safepoint region: Cleanup
[1208.709s][info ][safepoint      ] Leaving safepoint region
[1208.709s][info ][safepoint      ] Total time for which application threads were stopped: 0.0001276 seconds, Stopping threads took: 0.0000627 seconds
[1208.861s][info ][safepoint      ] Application time: 0.1517490 seconds
[1208.861s][info ][safepoint      ] Entering safepoint region: ParallelGCFailedAllocation
[1208.861s][info ][gc,start       ] GC(163) Pause Young (Allocation Failure)
[1208.870s][debug][gc,phases      ] GC(163) Scavenge 9.373ms
[1208.870s][debug][gc,ref         ] GC(163) Skipped phase1 of Reference Processing due to unavailable references
[1208.870s][debug][gc,ref         ] GC(163) Skipped phase2 of Reference Processing due to unavailable references
[1208.870s][debug][gc,ref         ] GC(163) Skipped phase3 of Reference Processing due to unavailable references
[1208.870s][debug][gc,phases      ] GC(163) Reference Processing 0.047ms
[1208.871s][debug][gc,phases      ] GC(163) Weak Processing 0.308ms
[1208.871s][debug][gc,phases      ] GC(163) Scrub String Table 0.447ms
[1208.871s][debug][gc,age         ] GC(163) Desired survivor size 55050240 bytes, new threshold 15 (max threshold 15)
[1208.871s][info ][gc,heap        ] GC(163) PSYoungGen: 1997904K->26064K(2043392K)
[1208.871s][info ][gc,heap        ] GC(163) ParOldGen: 357062K->357126K(397312K)
[1208.871s][info ][gc,metaspace   ] GC(163) Metaspace: 75345K->75345K(1118208K)
[1208.871s][info ][gc             ] GC(163) Pause Young (Allocation Failure) 2299M->374M(2383M) 10.328ms
[1208.871s][info ][gc,cpu         ] GC(163) User=0.04s Sys=0.00s Real=0.00s
[1208.871s][info ][safepoint      ] Leaving safepoint region
[1208.871s][info ][safepoint      ] Total time for which application threads were stopped: 0.0104764 seconds, Stopping threads took: 0.0000131 seconds
[1212.872s][info ][safepoint      ] Application time: 4.0003114 seconds
[1212.872s][info ][safepoint      ] Entering safepoint region: Cleanup
[1212.872s][info ][safepoint      ] Leaving safepoint region
[1212.872s][info ][safepoint      ] Total time for which application threads were stopped: 0.0001078 seconds, Stopping threads took: 0.0000350 seconds
[1214.872s][info ][safepoint      ] Application time: 2.0001503 seconds
[1214.872s][info ][safepoint      ] Entering safepoint region: Cleanup
[1214.872s][info ][safepoint      ] Leaving safepoint region
[1214.872s][info ][safepoint      ] Total time for which application threads were stopped: 0.0001030 seconds, Stopping threads took: 0.0000345 seconds
[1216.872s][info ][safepoint      ] Application time: 2.0001432 seconds
[1216.872s][info ][safepoint      ] Entering safepoint region: Cleanup
[1216.872s][info ][safepoint      ] Leaving safepoint region
[1216.872s][info ][safepoint      ] Total time for which application threads were stopped: 0.0001216 seconds, Stopping threads took: 0.0000452 seconds
[1217.497s][info ][safepoint      ] Application time: 0.6250818 seconds
[1217.497s][info ][safepoint      ] Entering safepoint region: ParallelGCFailedAllocation
[1217.498s][info ][gc,start       ] GC(164) Pause Young (Allocation Failure)
[1217.530s][debug][gc,phases      ] GC(164) Scavenge 32.111ms
[1217.530s][debug][gc,ref         ] GC(164) Skipped phase1 of Reference Processing due to unavailable references
[1217.530s][debug][gc,ref         ] GC(164) Skipped phase2 of Reference Processing due to unavailable references
[1217.530s][debug][gc,ref         ] GC(164) Skipped phase3 of Reference Processing due to unavailable references
[1217.530s][debug][gc,phases      ] GC(164) Reference Processing 0.043ms
[1217.530s][debug][gc,phases      ] GC(164) Weak Processing 0.194ms
[1217.531s][debug][gc,phases      ] GC(164) Scrub String Table 0.527ms
[1217.531s][debug][gc,age         ] GC(164) Desired survivor size 72351744 bytes, new threshold 14 (max threshold 15)
[1217.531s][info ][gc,heap        ] GC(164) PSYoungGen: 2013136K->53728K(2040832K)
[1217.531s][info ][gc,heap        ] GC(164) ParOldGen: 357126K->380649K(397312K)
[1217.531s][info ][gc,metaspace   ] GC(164) Metaspace: 75351K->75351K(1118208K)
[1217.531s][info ][gc             ] GC(164) Pause Young (Allocation Failure) 2314M->424M(2381M) 33.027ms
[1217.531s][info ][gc,cpu         ] GC(164) User=0.13s Sys=0.00s Real=0.03s
[1217.531s][info ][safepoint      ] Leaving safepoint region
[1217.531s][info ][safepoint      ] Total time for which application threads were stopped: 0.0332160 seconds, Stopping threads took: 0.0000337 seconds
[1218.531s][info ][safepoint      ] Application time: 1.0000844 seconds
[1218.531s][info ][safepoint      ] Entering safepoint region: Cleanup
[1218.531s][info ][safepoint      ] Leaving safepoint region
[1218.531s][info ][safepoint      ] Total time for which application threads were stopped: 0.0001002 seconds, Stopping threads took: 0.0000324 seconds
[1221.531s][info ][safepoint      ] Application time: 3.0002226 seconds
[1221.531s][info ][safepoint      ] Entering safepoint region: Cleanup
[1221.531s][info ][safepoint      ] Leaving safepoint region
[1221.531s][info ][safepoint      ] Total time for which application threads were stopped: 0.0000709 seconds, Stopping threads took: 0.0000134 seconds
[1223.531s][info ][safepoint      ] Application time: 2.0001531 seconds
[1223.531s][info ][safepoint      ] Entering safepoint region: Cleanup
[1223.531s][info ][safepoint      ] Leaving safepoint region
[1223.531s][info ][safepoint      ] Total time for which application threads were stopped: 0.0000859 seconds, Stopping threads took: 0.0000128 seconds
[1225.532s][info ][safepoint      ] Application time: 2.0001366 seconds
[1225.532s][info ][safepoint      ] Entering safepoint region: Cleanup
[1225.532s][info ][safepoint      ] Leaving safepoint region
[1225.532s][info ][safepoint      ] Total time for which application threads were stopped: 0.0000833 seconds, Stopping threads took: 0.0000138 seconds
[1226.205s][info ][safepoint      ] Application time: 0.6731662 seconds
[1226.205s][info ][safepoint      ] Entering safepoint region: ParallelGCFailedAllocation
[1226.205s][info ][gc,start       ] GC(165) Pause Young (Allocation Failure)
[1226.220s][debug][gc,phases      ] GC(165) Scavenge 15.239ms
[1226.220s][debug][gc,ref         ] GC(165) Skipped phase1 of Reference Processing due to unavailable references
[1226.220s][debug][gc,ref         ] GC(165) Skipped phase2 of Reference Processing due to unavailable references
[1226.220s][debug][gc,ref         ] GC(165) Skipped phase3 of Reference Processing due to unavailable references
[1226.220s][debug][gc,phases      ] GC(165) Reference Processing 0.034ms
[1226.221s][debug][gc,phases      ] GC(165) Weak Processing 0.153ms
[1226.221s][debug][gc,phases      ] GC(165) Scrub String Table 0.409ms
[1226.221s][debug][gc,age         ] GC(165) Desired survivor size 69206016 bytes, new threshold 15 (max threshold 15)
[1226.221s][info ][gc,heap        ] GC(165) PSYoungGen: 2040800K->33360K(2018304K)
[1226.221s][info ][gc,heap        ] GC(165) ParOldGen: 380649K->380729K(397312K)
[1226.221s][info ][gc,metaspace   ] GC(165) Metaspace: 75357K->75357K(1118208K)
[1226.221s][info ][gc             ] GC(165) Pause Young (Allocation Failure) 2364M->404M(2359M) 15.958ms
[1226.221s][info ][gc,cpu         ] GC(165) User=0.06s Sys=0.00s Real=0.02s
[1226.221s][info ][safepoint      ] Leaving safepoint region
[1226.221s][info ][safepoint      ] Total time for which application threads were stopped: 0.0161287 seconds, Stopping threads took: 0.0000343 seconds
[1227.221s][info ][safepoint      ] Application time: 1.0000796 seconds
[1227.221s][info ][safepoint      ] Entering safepoint region: Cleanup
[1227.221s][info ][safepoint      ] Leaving safepoint region
[1227.221s][info ][safepoint      ] Total time for which application threads were stopped: 0.0001137 seconds, Stopping threads took: 0.0000486 seconds
[1235.222s][info ][safepoint      ] Application time: 8.0005687 seconds
[1235.222s][info ][safepoint      ] Entering safepoint region: Cleanup
[1235.222s][info ][safepoint      ] Leaving safepoint region
[1235.222s][info ][safepoint      ] Total time for which application threads were stopped: 0.0000889 seconds, Stopping threads took: 0.0000302 seconds
[1235.954s][info ][safepoint      ] Application time: 0.7323313 seconds
[1235.954s][info ][safepoint      ] Entering safepoint region: ParallelGCFailedAllocation
[1235.955s][info ][gc,start       ] GC(166) Pause Young (Allocation Failure)
[1235.968s][debug][gc,phases      ] GC(166) Scavenge 13.790ms
[1235.968s][debug][gc,ref         ] GC(166) Skipped phase1 of Reference Processing due to unavailable references
[1235.968s][debug][gc,ref         ] GC(166) Skipped phase3 of Reference Processing due to unavailable references
[1235.968s][debug][gc,phases      ] GC(166) Reference Processing 0.028ms
[1235.969s][debug][gc,phases      ] GC(166) Weak Processing 0.147ms
[1235.969s][debug][gc,phases      ] GC(166) Scrub String Table 0.411ms
[1235.969s][debug][gc,age         ] GC(166) Desired survivor size 67633152 bytes, new threshold 15 (max threshold 15)
[1235.969s][info ][gc,heap        ] GC(166) PSYoungGen: 1995344K->35552K(2029568K)
[1235.969s][info ][gc,heap        ] GC(166) ParOldGen: 380729K->380729K(397312K)
[1235.969s][info ][gc,metaspace   ] GC(166) Metaspace: 75362K->75362K(1118208K)
[1235.969s][info ][gc             ] GC(166) Pause Young (Allocation Failure) 2320M->406M(2370M) 14.521ms
[1235.969s][info ][gc,cpu         ] GC(166) User=0.05s Sys=0.00s Real=0.01s
[1235.969s][info ][safepoint      ] Leaving safepoint region
[1235.969s][info ][safepoint      ] Total time for which application threads were stopped: 0.0147298 seconds, Stopping threads took: 0.0000405 seconds
[1236.969s][info ][safepoint      ] Application time: 1.0000822 seconds
[1236.969s][info ][safepoint      ] Entering safepoint region: Cleanup
[1236.969s][info ][safepoint      ] Leaving safepoint region
[1236.969s][info ][safepoint      ] Total time for which application threads were stopped: 0.0001120 seconds, Stopping threads took: 0.0000383 seconds
[1239.970s][info ][safepoint      ] Application time: 3.0002309 seconds
[1239.970s][info ][safepoint      ] Entering safepoint region: Cleanup
[1239.970s][info ][safepoint      ] Leaving safepoint region
[1239.970s][info ][safepoint      ] Total time for which application threads were stopped: 0.0001138 seconds, Stopping threads took: 0.0000472 seconds
[1243.970s][info ][safepoint      ] Application time: 4.0002912 seconds
[1243.970s][info ][safepoint      ] Entering safepoint region: Cleanup
[1243.970s][info ][safepoint      ] Leaving safepoint region
[1243.970s][info ][safepoint      ] Total time for which application threads were stopped: 0.0001202 seconds, Stopping threads took: 0.0000463 seconds
[1246.454s][info ][safepoint      ] Application time: 2.4835549 seconds
[1246.454s][info ][safepoint      ] Entering safepoint region: ParallelGCFailedAllocation
[1246.454s][info ][gc,start       ] GC(167) Pause Young (Allocation Failure)
[1246.470s][debug][gc,phases      ] GC(167) Scavenge 15.806ms
[1246.470s][debug][gc,ref         ] GC(167) Skipped phase1 of Reference Processing due to unavailable references
[1246.470s][debug][gc,ref         ] GC(167) Skipped phase3 of Reference Processing due to unavailable references
[1246.470s][debug][gc,phases      ] GC(167) Reference Processing 0.029ms
[1246.470s][debug][gc,phases      ] GC(167) Weak Processing 0.146ms
[1246.470s][debug][gc,phases      ] GC(167) Scrub String Table 0.438ms
[1246.470s][debug][gc,age         ] GC(167) Desired survivor size 66060288 bytes, new threshold 15 (max threshold 15)
[1246.471s][info ][gc,heap        ] GC(167) PSYoungGen: 1997536K->36464K(2032640K)
[1246.471s][info ][gc,heap        ] GC(167) ParOldGen: 380729K->380793K(397312K)
[1246.471s][info ][gc,metaspace   ] GC(167) Metaspace: 75373K->75373K(1118208K)
[1246.471s][info ][gc             ] GC(167) Pause Young (Allocation Failure) 2322M->407M(2373M) 16.559ms
[1246.471s][info ][gc,cpu         ] GC(167) User=0.06s Sys=0.00s Real=0.01s
[1246.471s][info ][safepoint      ] Leaving safepoint region
[1246.471s][info ][safepoint      ] Total time for which application threads were stopped: 0.0167707 seconds, Stopping threads took: 0.0000468 seconds
[1247.471s][info ][safepoint      ] Application time: 1.0000839 seconds
[1247.471s][info ][safepoint      ] Entering safepoint region: Cleanup
[1247.471s][info ][safepoint      ] Leaving safepoint region
[1247.471s][info ][safepoint      ] Total time for which application threads were stopped: 0.0001139 seconds, Stopping threads took: 0.0000336 seconds
[1248.471s][info ][safepoint      ] Application time: 1.0000799 seconds
[1248.471s][info ][safepoint      ] Entering safepoint region: Cleanup
[1248.471s][info ][safepoint      ] Leaving safepoint region
[1248.471s][info ][safepoint      ] Total time for which application threads were stopped: 0.0001195 seconds, Stopping threads took: 0.0000452 seconds
[1257.717s][info ][safepoint      ] Application time: 9.2460350 seconds
[1257.717s][info ][safepoint      ] Entering safepoint region: ParallelGCFailedAllocation
[1257.717s][info ][gc,start       ] GC(168) Pause Young (Allocation Failure)
[1257.732s][debug][gc,phases      ] GC(168) Scavenge 14.461ms
[1257.732s][debug][gc,ref         ] GC(168) Skipped phase1 of Reference Processing due to unavailable references
[1257.732s][debug][gc,ref         ] GC(168) Skipped phase3 of Reference Processing due to unavailable references
[1257.732s][debug][gc,phases      ] GC(168) Reference Processing 0.033ms
[1257.732s][debug][gc,phases      ] GC(168) Weak Processing 0.138ms
[1257.732s][debug][gc,phases      ] GC(168) Scrub String Table 0.463ms
[1257.732s][debug][gc,age         ] GC(168) Desired survivor size 65011712 bytes, new threshold 15 (max threshold 15)
[1257.732s][info ][gc,heap        ] GC(168) PSYoungGen: 2003056K->36560K(2031104K)
[1257.732s][info ][gc,heap        ] GC(168) ParOldGen: 380793K->380929K(397312K)
[1257.732s][info ][gc,metaspace   ] GC(168) Metaspace: 75374K->75374K(1118208K)
[1257.733s][info ][gc             ] GC(168) Pause Young (Allocation Failure) 2327M->407M(2371M) 15.238ms
[1257.733s][info ][gc,cpu         ] GC(168) User=0.06s Sys=0.00s Real=0.02s
[1257.733s][info ][safepoint      ] Leaving safepoint region
[1257.733s][info ][safepoint      ] Total time for which application threads were stopped: 0.0154019 seconds, Stopping threads took: 0.0000185 seconds
[1258.733s][info ][safepoint      ] Application time: 1.0000545 seconds
[1258.733s][info ][safepoint      ] Entering safepoint region: Cleanup
[1258.733s][info ][safepoint      ] Leaving safepoint region
[1258.733s][info ][safepoint      ] Total time for which application threads were stopped: 0.0000733 seconds, Stopping threads took: 0.0000136 seconds
[1259.733s][info ][safepoint      ] Application time: 1.0000650 seconds
[1259.733s][info ][safepoint      ] Entering safepoint region: Cleanup
[1259.733s][info ][safepoint      ] Leaving safepoint region
[1259.733s][info ][safepoint      ] Total time for which application threads were stopped: 0.0000702 seconds, Stopping threads took: 0.0000135 seconds
[1261.733s][info ][safepoint      ] Application time: 2.0001420 seconds
[1261.733s][info ][safepoint      ] Entering safepoint region: Cleanup
[1261.733s][info ][safepoint      ] Leaving safepoint region
[1261.733s][info ][safepoint      ] Total time for which application threads were stopped: 0.0000702 seconds, Stopping threads took: 0.0000137 seconds
[1263.733s][info ][safepoint      ] Application time: 2.0001268 seconds
[1263.733s][info ][safepoint      ] Entering safepoint region: Cleanup
[1263.733s][info ][safepoint      ] Leaving safepoint region
[1263.733s][info ][safepoint      ] Total time for which application threads were stopped: 0.0000766 seconds, Stopping threads took: 0.0000151 seconds
[1268.734s][info ][safepoint      ] Application time: 5.0002885 seconds
[1268.734s][info ][safepoint      ] Entering safepoint region: Cleanup
[1268.734s][info ][safepoint      ] Leaving safepoint region
[1268.734s][info ][safepoint      ] Total time for which application threads were stopped: 0.0000872 seconds, Stopping threads took: 0.0000281 seconds
[1268.804s][info ][safepoint      ] Application time: 0.0700561 seconds
[1268.804s][info ][safepoint      ] Entering safepoint region: ParallelGCFailedAllocation
[1268.804s][info ][gc,start       ] GC(169) Pause Young (Allocation Failure)
[1268.821s][debug][gc,phases      ] GC(169) Scavenge 17.113ms
[1268.821s][debug][gc,ref         ] GC(169) Skipped phase1 of Reference Processing due to unavailable references
[1268.821s][debug][gc,ref         ] GC(169) Skipped phase3 of Reference Processing due to unavailable references
[1268.821s][debug][gc,phases      ] GC(169) Reference Processing 0.029ms
[1268.822s][debug][gc,phases      ] GC(169) Weak Processing 0.144ms
[1268.822s][debug][gc,phases      ] GC(169) Scrub String Table 0.468ms
[1268.822s][debug][gc,age         ] GC(169) Desired survivor size 63438848 bytes, new threshold 15 (max threshold 15)
[1268.822s][info ][gc,heap        ] GC(169) PSYoungGen: 2003152K->36752K(2035200K)
[1268.822s][info ][gc,heap        ] GC(169) ParOldGen: 380929K->381065K(397312K)
[1268.822s][info ][gc,metaspace   ] GC(169) Metaspace: 75375K->75375K(1118208K)
[1268.822s][info ][gc             ] GC(169) Pause Young (Allocation Failure) 2328M->408M(2375M) 17.930ms
[1268.822s][info ][gc,cpu         ] GC(169) User=0.07s Sys=0.00s Real=0.02s
[1268.822s][info ][safepoint      ] Leaving safepoint region
[1268.822s][info ][safepoint      ] Total time for which application threads were stopped: 0.0181419 seconds, Stopping threads took: 0.0000367 seconds
[1269.822s][info ][safepoint      ] Application time: 1.0000769 seconds
[1269.822s][info ][safepoint      ] Entering safepoint region: Cleanup
[1269.822s][info ][safepoint      ] Leaving safepoint region
[1269.822s][info ][safepoint      ] Total time for which application threads were stopped: 0.0001116 seconds, Stopping threads took: 0.0000486 seconds
[1270.822s][info ][safepoint      ] Application time: 1.0000670 seconds
[1270.822s][info ][safepoint      ] Entering safepoint region: Cleanup
[1270.823s][info ][safepoint      ] Leaving safepoint region
[1270.823s][info ][safepoint      ] Total time for which application threads were stopped: 0.0001039 seconds, Stopping threads took: 0.0000449 seconds
[1272.823s][info ][safepoint      ] Application time: 2.0001486 seconds
[1272.823s][info ][safepoint      ] Entering safepoint region: Cleanup
[1272.823s][info ][safepoint      ] Leaving safepoint region
[1272.823s][info ][safepoint      ] Total time for which application threads were stopped: 0.0001217 seconds, Stopping threads took: 0.0000351 seconds
[1274.823s][info ][safepoint      ] Application time: 2.0001387 seconds
[1274.823s][info ][safepoint      ] Entering safepoint region: Cleanup
[1274.823s][info ][safepoint      ] Leaving safepoint region
[1274.823s][info ][safepoint      ] Total time for which application threads were stopped: 0.0000990 seconds, Stopping threads took: 0.0000372 seconds
[1276.823s][info ][safepoint      ] Application time: 2.0001458 seconds
[1276.823s][info ][safepoint      ] Entering safepoint region: Cleanup
[1276.823s][info ][safepoint      ] Leaving safepoint region
[1276.823s][info ][safepoint      ] Total time for which application threads were stopped: 0.0000965 seconds, Stopping threads took: 0.0000360 seconds
[1277.824s][info ][safepoint      ] Application time: 1.0000836 seconds
[1277.824s][info ][safepoint      ] Entering safepoint region: Cleanup
[1277.824s][info ][safepoint      ] Leaving safepoint region
[1277.824s][info ][safepoint      ] Total time for which application threads were stopped: 0.0001073 seconds, Stopping threads took: 0.0000313 seconds
[1279.357s][info ][safepoint      ] Application time: 1.5335009 seconds
[1279.357s][info ][safepoint      ] Entering safepoint region: ParallelGCFailedAllocation
[1279.357s][info ][gc,start       ] GC(170) Pause Young (Allocation Failure)
[1279.372s][debug][gc,phases      ] GC(170) Scavenge 14.337ms
[1279.372s][debug][gc,ref         ] GC(170) Skipped phase1 of Reference Processing due to unavailable references
[1279.372s][debug][gc,ref         ] GC(170) Skipped phase3 of Reference Processing due to unavailable references
[1279.372s][debug][gc,phases      ] GC(170) Reference Processing 0.030ms
[1279.372s][debug][gc,phases      ] GC(170) Weak Processing 0.138ms
[1279.372s][debug][gc,phases      ] GC(170) Scrub String Table 0.473ms
[1279.372s][debug][gc,age         ] GC(170) Desired survivor size 63438848 bytes, new threshold 15 (max threshold 15)
[1279.372s][info ][gc,heap        ] GC(170) PSYoungGen: 2008464K->39168K(2033664K)
[1279.373s][info ][gc,heap        ] GC(170) ParOldGen: 381065K->381261K(397312K)
[1279.373s][info ][gc,metaspace   ] GC(170) Metaspace: 75397K->75397K(1118208K)
[1279.373s][info ][gc             ] GC(170) Pause Young (Allocation Failure) 2333M->410M(2374M) 15.121ms
[1279.373s][info ][gc,cpu         ] GC(170) User=0.06s Sys=0.00s Real=0.02s
[1279.373s][info ][safepoint      ] Leaving safepoint region
[1279.373s][info ][safepoint      ] Total time for which application threads were stopped: 0.0154048 seconds, Stopping threads took: 0.0000595 seconds
[1280.373s][info ][safepoint      ] Application time: 1.0000876 seconds
[1280.373s][info ][safepoint      ] Entering safepoint region: Cleanup
[1280.373s][info ][safepoint      ] Leaving safepoint region
[1280.373s][info ][safepoint      ] Total time for which application threads were stopped: 0.0001198 seconds, Stopping threads took: 0.0000504 seconds
[1282.373s][info ][safepoint      ] Application time: 2.0001548 seconds
[1282.373s][info ][safepoint      ] Entering safepoint region: Cleanup
[1282.373s][info ][safepoint      ] Leaving safepoint region
[1282.373s][info ][safepoint      ] Total time for which application threads were stopped: 0.0001155 seconds, Stopping threads took: 0.0000356 seconds
[1289.374s][info ][safepoint      ] Application time: 7.0006740 seconds
[1289.374s][info ][safepoint      ] Entering safepoint region: Cleanup
[1289.374s][info ][safepoint      ] Leaving safepoint region
[1289.374s][info ][safepoint      ] Total time for which application threads were stopped: 0.0000985 seconds, Stopping threads took: 0.0000327 seconds
[1289.605s][info ][safepoint      ] Application time: 0.2305141 seconds
[1289.605s][info ][safepoint      ] Entering safepoint region: ParallelGCFailedAllocation
[1289.605s][info ][gc,start       ] GC(171) Pause Young (Allocation Failure)
[1289.622s][debug][gc,phases      ] GC(171) Scavenge 17.229ms
[1289.622s][debug][gc,ref         ] GC(171) Skipped phase1 of Reference Processing due to unavailable references
[1289.622s][debug][gc,ref         ] GC(171) Skipped phase3 of Reference Processing due to unavailable references
[1289.622s][debug][gc,phases      ] GC(171) Reference Processing 0.028ms
[1289.622s][debug][gc,phases      ] GC(171) Weak Processing 0.153ms
[1289.623s][debug][gc,phases      ] GC(171) Scrub String Table 0.463ms
[1289.623s][debug][gc,age         ] GC(171) Desired survivor size 63438848 bytes, new threshold 15 (max threshold 15)
[1289.623s][info ][gc,heap        ] GC(171) PSYoungGen: 2010880K->41712K(2035200K)
[1289.623s][info ][gc,heap        ] GC(171) ParOldGen: 381261K->381477K(397312K)
[1289.623s][info ][gc,metaspace   ] GC(171) Metaspace: 75409K->75409K(1118208K)
[1289.623s][info ][gc             ] GC(171) Pause Young (Allocation Failure) 2336M->413M(2375M) 18.004ms
[1289.623s][info ][gc,cpu         ] GC(171) User=0.06s Sys=0.01s Real=0.02s
[1289.623s][info ][safepoint      ] Leaving safepoint region
[1289.623s][info ][safepoint      ] Total time for which application threads were stopped: 0.0182135 seconds, Stopping threads took: 0.0000382 seconds
[1300.003s][info ][safepoint      ] Application time: 10.3797555 seconds
[1300.003s][info ][safepoint      ] Entering safepoint region: ParallelGCFailedAllocation
[1300.003s][info ][gc,start       ] GC(172) Pause Young (Allocation Failure)
[1300.018s][debug][gc,phases      ] GC(172) Scavenge 15.372ms
[1300.018s][debug][gc,ref         ] GC(172) Skipped phase1 of Reference Processing due to unavailable references
[1300.018s][debug][gc,ref         ] GC(172) Skipped phase3 of Reference Processing due to unavailable references
[1300.018s][debug][gc,phases      ] GC(172) Reference Processing 0.036ms
[1300.018s][debug][gc,phases      ] GC(172) Weak Processing 0.174ms
[1300.019s][debug][gc,phases      ] GC(172) Scrub String Table 0.568ms
[1300.019s][debug][gc,age         ] GC(172) Desired survivor size 63438848 bytes, new threshold 15 (max threshold 15)
[1300.019s][info ][gc,heap        ] GC(172) PSYoungGen: 2014960K->41488K(2035200K)
[1300.019s][info ][gc,heap        ] GC(172) ParOldGen: 381477K->381617K(397312K)
[1300.019s][info ][gc,metaspace   ] GC(172) Metaspace: 75412K->75412K(1118208K)
[1300.019s][info ][gc             ] GC(172) Pause Young (Allocation Failure) 2340M->413M(2375M) 16.304ms
[1300.019s][info ][gc,cpu         ] GC(172) User=0.06s Sys=0.00s Real=0.01s
[1300.019s][info ][safepoint      ] Leaving safepoint region
[1300.019s][info ][safepoint      ] Total time for which application threads were stopped: 0.0165276 seconds, Stopping threads took: 0.0000365 seconds
[1303.019s][info ][safepoint      ] Application time: 3.0002198 seconds
[1303.019s][info ][safepoint      ] Entering safepoint region: Cleanup
[1303.019s][info ][safepoint      ] Leaving safepoint region
[1303.019s][info ][safepoint      ] Total time for which application threads were stopped: 0.0001095 seconds, Stopping threads took: 0.0000410 seconds
[1305.020s][info ][safepoint      ] Application time: 2.0001463 seconds
[1305.020s][info ][safepoint      ] Entering safepoint region: Cleanup
[1305.020s][info ][safepoint      ] Leaving safepoint region
[1305.020s][info ][safepoint      ] Total time for which application threads were stopped: 0.0001121 seconds, Stopping threads took: 0.0000447 seconds
[1306.020s][info ][safepoint      ] Application time: 1.0000719 seconds
[1306.020s][info ][safepoint      ] Entering safepoint region: Cleanup
[1306.020s][info ][safepoint      ] Leaving safepoint region
[1306.020s][info ][safepoint      ] Total time for which application threads were stopped: 0.0000805 seconds, Stopping threads took: 0.0000240 seconds
[1310.020s][info ][safepoint      ] Application time: 4.0002888 seconds
[1310.020s][info ][safepoint      ] Entering safepoint region: Cleanup
[1310.020s][info ][safepoint      ] Leaving safepoint region
[1310.020s][info ][safepoint      ] Total time for which application threads were stopped: 0.0001029 seconds, Stopping threads took: 0.0000351 seconds
[1310.804s][info ][safepoint      ] Application time: 0.7837970 seconds
[1310.804s][info ][safepoint      ] Entering safepoint region: ParallelGCFailedAllocation
[1310.804s][info ][gc,start       ] GC(173) Pause Young (Allocation Failure)
[1310.824s][debug][gc,phases      ] GC(173) Scavenge 19.504ms
[1310.824s][debug][gc,ref         ] GC(173) Skipped phase1 of Reference Processing due to unavailable references
[1310.824s][debug][gc,ref         ] GC(173) Skipped phase3 of Reference Processing due to unavailable references
[1310.824s][debug][gc,phases      ] GC(173) Reference Processing 0.029ms
[1310.824s][debug][gc,phases      ] GC(173) Weak Processing 0.150ms
[1310.825s][debug][gc,phases      ] GC(173) Scrub String Table 0.437ms
[1310.825s][debug][gc,age         ] GC(173) Desired survivor size 61865984 bytes, new threshold 15 (max threshold 15)
[1310.825s][info ][gc,heap        ] GC(173) PSYoungGen: 2014736K->37520K(2036736K)
[1310.825s][info ][gc,heap        ] GC(173) ParOldGen: 381617K->385690K(397312K)
[1310.825s][info ][gc,metaspace   ] GC(173) Metaspace: 75413K->75413K(1118208K)
[1310.825s][info ][gc             ] GC(173) Pause Young (Allocation Failure) 2340M->413M(2377M) 20.272ms
[1310.825s][info ][gc,cpu         ] GC(173) User=0.07s Sys=0.00s Real=0.02s
[1310.825s][info ][safepoint      ] Leaving safepoint region
[1310.825s][info ][safepoint      ] Total time for which application threads were stopped: 0.0205308 seconds, Stopping threads took: 0.0000920 seconds
[1311.825s][info ][safepoint      ] Application time: 1.0001220 seconds
[1311.825s][info ][safepoint      ] Entering safepoint region: Cleanup
[1311.825s][info ][safepoint      ] Leaving safepoint region
[1311.825s][info ][safepoint      ] Total time for which application threads were stopped: 0.0001108 seconds, Stopping threads took: 0.0000350 seconds
[1314.825s][info ][safepoint      ] Application time: 3.0001947 seconds
[1314.825s][info ][safepoint      ] Entering safepoint region: Cleanup
[1314.825s][info ][safepoint      ] Leaving safepoint region
[1314.825s][info ][safepoint      ] Total time for which application threads were stopped: 0.0001127 seconds, Stopping threads took: 0.0000448 seconds
[1319.826s][info ][safepoint      ] Application time: 5.0003379 seconds
[1319.826s][info ][safepoint      ] Entering safepoint region: Cleanup
[1319.826s][info ][safepoint      ] Leaving safepoint region
[1319.826s][info ][safepoint      ] Total time for which application threads were stopped: 0.0000687 seconds, Stopping threads took: 0.0000139 seconds
[1322.102s][info ][safepoint      ] Application time: 2.2759557 seconds
[1322.102s][info ][safepoint      ] Entering safepoint region: ParallelGCFailedAllocation
[1322.102s][info ][gc,start       ] GC(174) Pause Young (Allocation Failure)
[1322.117s][debug][gc,phases      ] GC(174) Scavenge 15.275ms
[1322.117s][debug][gc,ref         ] GC(174) Skipped phase1 of Reference Processing due to unavailable references
[1322.117s][debug][gc,ref         ] GC(174) Skipped phase3 of Reference Processing due to unavailable references
[1322.117s][debug][gc,phases      ] GC(174) Reference Processing 0.030ms
[1322.117s][debug][gc,phases      ] GC(174) Weak Processing 0.135ms
[1322.118s][debug][gc,phases      ] GC(174) Scrub String Table 0.437ms
[1322.118s][debug][gc,age         ] GC(174) Desired survivor size 59768832 bytes, new threshold 15 (max threshold 15)
[1322.118s][info ][gc,heap        ] GC(174) PSYoungGen: 2012304K->36544K(2035200K)
[1322.118s][info ][gc,heap        ] GC(174) ParOldGen: 385690K->386434K(397312K)
[1322.118s][info ][gc,metaspace   ] GC(174) Metaspace: 75429K->75429K(1118208K)
[1322.118s][info ][gc             ] GC(174) Pause Young (Allocation Failure) 2341M->413M(2375M) 16.005ms
[1322.118s][info ][gc,cpu         ] GC(174) User=0.07s Sys=0.00s Real=0.01s
[1322.118s][info ][safepoint      ] Leaving safepoint region
[1322.118s][info ][safepoint      ] Total time for which application threads were stopped: 0.0161835 seconds, Stopping threads took: 0.0000349 seconds
[1323.118s][info ][safepoint      ] Application time: 1.0000871 seconds
[1323.118s][info ][safepoint      ] Entering safepoint region: Cleanup
[1323.118s][info ][safepoint      ] Leaving safepoint region
[1323.118s][info ][safepoint      ] Total time for which application threads were stopped: 0.0001151 seconds, Stopping threads took: 0.0000491 seconds
[1324.118s][info ][safepoint      ] Application time: 1.0000872 seconds
[1324.118s][info ][safepoint      ] Entering safepoint region: Cleanup
[1324.118s][info ][safepoint      ] Leaving safepoint region
[1324.118s][info ][safepoint      ] Total time for which application threads were stopped: 0.0000993 seconds, Stopping threads took: 0.0000345 seconds
[1326.119s][info ][safepoint      ] Application time: 2.0001264 seconds
[1326.119s][info ][safepoint      ] Entering safepoint region: Cleanup
[1326.119s][info ][safepoint      ] Leaving safepoint region
[1326.119s][info ][safepoint      ] Total time for which application threads were stopped: 0.0000938 seconds, Stopping threads took: 0.0000338 seconds
[1328.119s][info ][safepoint      ] Application time: 2.0001469 seconds
[1328.119s][info ][safepoint      ] Entering safepoint region: Cleanup
[1328.119s][info ][safepoint      ] Leaving safepoint region
[1328.119s][info ][safepoint      ] Total time for which application threads were stopped: 0.0001414 seconds, Stopping threads took: 0.0000723 seconds
[1329.119s][info ][safepoint      ] Application time: 1.0000704 seconds
[1329.119s][info ][safepoint      ] Entering safepoint region: Cleanup
[1329.119s][info ][safepoint      ] Leaving safepoint region
[1329.119s][info ][safepoint      ] Total time for which application threads were stopped: 0.0000853 seconds, Stopping threads took: 0.0000326 seconds
[1330.119s][info ][safepoint      ] Application time: 1.0000731 seconds
[1330.119s][info ][safepoint      ] Entering safepoint region: Cleanup
[1330.119s][info ][safepoint      ] Leaving safepoint region
[1330.119s][info ][safepoint      ] Total time for which application threads were stopped: 0.0001116 seconds, Stopping threads took: 0.0000519 seconds
[1331.120s][info ][safepoint      ] Application time: 1.0000724 seconds
[1331.120s][info ][safepoint      ] Entering safepoint region: Cleanup
[1331.120s][info ][safepoint      ] Leaving safepoint region
[1331.120s][info ][safepoint      ] Total time for which application threads were stopped: 0.0001033 seconds, Stopping threads took: 0.0000374 seconds
[1332.120s][info ][safepoint      ] Application time: 1.0000712 seconds
[1332.120s][info ][safepoint      ] Entering safepoint region: Cleanup
[1332.120s][info ][safepoint      ] Leaving safepoint region
[1332.120s][info ][safepoint      ] Total time for which application threads were stopped: 0.0001009 seconds, Stopping threads took: 0.0000480 seconds
[1333.120s][info ][safepoint      ] Application time: 1.0000700 seconds
[1333.120s][info ][safepoint      ] Entering safepoint region: Cleanup
[1333.120s][info ][safepoint      ] Leaving safepoint region
[1333.120s][info ][safepoint      ] Total time for which application threads were stopped: 0.0000885 seconds, Stopping threads took: 0.0000381 seconds
[1333.902s][info ][safepoint      ] Application time: 0.7815633 seconds
[1333.902s][info ][safepoint      ] Entering safepoint region: ParallelGCFailedAllocation
[1333.902s][info ][gc,start       ] GC(175) Pause Young (Allocation Failure)
[1333.917s][debug][gc,phases      ] GC(175) Scavenge 15.172ms
[1333.917s][debug][gc,ref         ] GC(175) Skipped phase1 of Reference Processing due to unavailable references
[1333.917s][debug][gc,ref         ] GC(175) Skipped phase3 of Reference Processing due to unavailable references
[1333.917s][debug][gc,phases      ] GC(175) Reference Processing 0.038ms
[1333.917s][debug][gc,phases      ] GC(175) Weak Processing 0.169ms
[1333.918s][debug][gc,phases      ] GC(175) Scrub String Table 0.558ms
[1333.918s][debug][gc,age         ] GC(175) Desired survivor size 57671680 bytes, new threshold 15 (max threshold 15)
[1333.918s][info ][gc,heap        ] GC(175) PSYoungGen: 2011328K->34672K(2040832K)
[1333.918s][info ][gc,heap        ] GC(175) ParOldGen: 386434K->388719K(397312K)
[1333.918s][info ][gc,metaspace   ] GC(175) Metaspace: 75465K->75465K(1118208K)
[1333.918s][info ][gc             ] GC(175) Pause Young (Allocation Failure) 2341M->413M(2381M) 16.093ms
[1333.918s][info ][gc,cpu         ] GC(175) User=0.07s Sys=0.00s Real=0.01s
[1333.918s][info ][safepoint      ] Leaving safepoint region
[1333.918s][info ][safepoint      ] Total time for which application threads were stopped: 0.0163033 seconds, Stopping threads took: 0.0000384 seconds
[1334.918s][info ][safepoint      ] Application time: 1.0000882 seconds
[1334.918s][info ][safepoint      ] Entering safepoint region: Cleanup
[1334.918s][info ][safepoint      ] Leaving safepoint region
[1334.918s][info ][safepoint      ] Total time for which application threads were stopped: 0.0001382 seconds, Stopping threads took: 0.0000561 seconds
[1335.918s][info ][safepoint      ] Application time: 1.0000704 seconds
[1335.918s][info ][safepoint      ] Entering safepoint region: Cleanup
[1335.919s][info ][safepoint      ] Leaving safepoint region
[1335.919s][info ][safepoint      ] Total time for which application threads were stopped: 0.0001154 seconds, Stopping threads took: 0.0000441 seconds
[1336.919s][info ][safepoint      ] Application time: 1.0000709 seconds
[1336.919s][info ][safepoint      ] Entering safepoint region: Cleanup
[1336.919s][info ][safepoint      ] Leaving safepoint region
[1336.919s][info ][safepoint      ] Total time for which application threads were stopped: 0.0001223 seconds, Stopping threads took: 0.0000384 seconds
[1337.904s][info ][safepoint      ] Application time: 0.9850108 seconds
[1337.904s][info ][safepoint      ] Entering safepoint region: RevokeBias
[1337.904s][info ][safepoint      ] Leaving safepoint region
[1337.904s][info ][safepoint      ] Total time for which application threads were stopped: 0.0001651 seconds, Stopping threads took: 0.0000388 seconds
[1338.904s][info ][safepoint      ] Application time: 1.0000987 seconds
[1338.904s][info ][safepoint      ] Entering safepoint region: Cleanup
[1338.904s][info ][safepoint      ] Leaving safepoint region
[1338.904s][info ][safepoint      ] Total time for which application threads were stopped: 0.0001632 seconds, Stopping threads took: 0.0000440 seconds
[1339.904s][info ][safepoint      ] Application time: 1.0000869 seconds
[1339.905s][info ][safepoint      ] Entering safepoint region: Cleanup
[1339.905s][info ][safepoint      ] Leaving safepoint region
[1339.905s][info ][safepoint      ] Total time for which application threads were stopped: 0.0001325 seconds, Stopping threads took: 0.0000384 seconds
[1340.905s][info ][safepoint      ] Application time: 1.0000849 seconds
[1340.905s][info ][safepoint      ] Entering safepoint region: Cleanup
[1340.905s][info ][safepoint      ] Leaving safepoint region
[1340.905s][info ][safepoint      ] Total time for which application threads were stopped: 0.0001138 seconds, Stopping threads took: 0.0000538 seconds
[1341.905s][info ][safepoint      ] Application time: 1.0000867 seconds
[1341.905s][info ][safepoint      ] Entering safepoint region: Cleanup
[1341.905s][info ][safepoint      ] Leaving safepoint region
[1341.905s][info ][safepoint      ] Total time for which application threads were stopped: 0.0001235 seconds, Stopping threads took: 0.0000526 seconds
[1342.905s][info ][safepoint      ] Application time: 1.0000953 seconds
[1342.905s][info ][safepoint      ] Entering safepoint region: Cleanup
[1342.905s][info ][safepoint      ] Leaving safepoint region
[1342.905s][info ][safepoint      ] Total time for which application threads were stopped: 0.0000906 seconds, Stopping threads took: 0.0000317 seconds
[1343.906s][info ][safepoint      ] Application time: 1.0002368 seconds
[1343.906s][info ][safepoint      ] Entering safepoint region: Cleanup
[1343.906s][info ][safepoint      ] Leaving safepoint region
[1343.906s][info ][safepoint      ] Total time for which application threads were stopped: 0.0001134 seconds, Stopping threads took: 0.0000403 seconds
[1344.906s][info ][safepoint      ] Application time: 1.0000873 seconds
[1344.906s][info ][safepoint      ] Entering safepoint region: Cleanup
[1344.906s][info ][safepoint      ] Leaving safepoint region
[1344.906s][info ][safepoint      ] Total time for which application threads were stopped: 0.0001052 seconds, Stopping threads took: 0.0000472 seconds
[1345.853s][info ][safepoint      ] Application time: 0.9472828 seconds
[1345.853s][info ][safepoint      ] Entering safepoint region: ParallelGCFailedAllocation
[1345.853s][info ][gc,start       ] GC(176) Pause Young (Allocation Failure)
[1345.869s][debug][gc,phases      ] GC(176) Scavenge 15.097ms
[1345.869s][debug][gc,ref         ] GC(176) Skipped phase1 of Reference Processing due to unavailable references
[1345.869s][debug][gc,ref         ] GC(176) Skipped phase3 of Reference Processing due to unavailable references
[1345.869s][debug][gc,phases      ] GC(176) Reference Processing 0.028ms
[1345.869s][debug][gc,phases      ] GC(176) Weak Processing 0.144ms
[1345.869s][debug][gc,phases      ] GC(176) Scrub String Table 0.460ms
[1345.869s][debug][gc,age         ] GC(176) Desired survivor size 56098816 bytes, new threshold 15 (max threshold 15)
[1345.869s][info ][gc,heap        ] GC(176) PSYoungGen: 2017136K->32640K(2038784K)
[1345.869s][info ][gc,heap        ] GC(176) ParOldGen: 388719K->390831K(397312K)
[1345.869s][info ][gc,metaspace   ] GC(176) Metaspace: 75468K->75468K(1118208K)
[1345.869s][info ][gc             ] GC(176) Pause Young (Allocation Failure) 2349M->413M(2379M) 15.859ms
[1345.869s][info ][gc,cpu         ] GC(176) User=0.07s Sys=0.00s Real=0.01s
[1345.869s][debug][gc,phases      ] GC(177) Pre Compact 0.009ms
[1345.869s][info ][gc,start       ] GC(177) Pause Full (Ergonomics)
[1345.869s][info ][gc,phases,start] GC(177) Marking Phase
[1345.977s][debug][gc,phases      ] GC(177) Par Mark 107.210ms
[1345.977s][debug][gc,ref         ] GC(177) Skipped phase1 of Reference Processing due to unavailable references
[1345.978s][debug][gc,ref         ] GC(177) Skipped phase3 of Reference Processing due to unavailable references
[1345.978s][debug][gc,phases      ] GC(177) Reference Processing 0.412ms
[1345.978s][debug][gc,phases      ] GC(177) Weak Processing 0.167ms
[1345.978s][debug][gc,phases      ] GC(177) ClassLoaderData 0.677ms
[1345.978s][debug][gc,phases      ] GC(177) ProtectionDomainCacheTable 0.003ms
[1345.979s][debug][gc,phases      ] GC(177) ResolvedMethodTable 0.161ms
[1345.988s][debug][gc,phases      ] GC(177) Class Unloading 10.111ms
[1345.988s][debug][gc,phases      ] GC(177) Scrub String Table 0.550ms
[1345.994s][debug][gc,phases      ] GC(177) Scrub Symbol Table 5.507ms
[1345.994s][info ][gc,phases      ] GC(177) Marking Phase 124.560ms
[1345.994s][info ][gc,phases,start] GC(177) Summary Phase
[1345.994s][info ][gc,phases      ] GC(177) Summary Phase 0.016ms
[1345.994s][info ][gc,phases,start] GC(177) Adjust Roots
[1346.017s][info ][gc,phases      ] GC(177) Adjust Roots 22.909ms
[1346.017s][info ][gc,phases,start] GC(177) Compaction Phase
[1346.134s][info ][gc,phases      ] GC(177) Compaction Phase 117.353ms
[1346.134s][info ][gc,phases,start] GC(177) Post Compact
[1346.136s][info ][gc,phases      ] GC(177) Post Compact 1.215ms
[1346.136s][info ][gc,heap        ] GC(177) PSYoungGen: 32640K->0K(2042368K)
[1346.136s][info ][gc,heap        ] GC(177) ParOldGen: 390831K->367902K(466944K)
[1346.136s][info ][gc,metaspace   ] GC(177) Metaspace: 75468K->75468K(1118208K)
[1346.136s][info ][gc             ] GC(177) Pause Full (Ergonomics) 413M->359M(2450M) 266.397ms
[1346.136s][info ][gc,cpu         ] GC(177) User=0.91s Sys=0.01s Real=0.27s
[1346.136s][info ][safepoint      ] Leaving safepoint region
[1346.136s][info ][safepoint      ] Total time for which application threads were stopped: 0.2825407 seconds, Stopping threads took: 0.0000386 seconds
[1347.136s][info ][safepoint      ] Application time: 1.0001111 seconds
[1347.136s][info ][safepoint      ] Entering safepoint region: Cleanup
[1347.136s][info ][safepoint      ] Leaving safepoint region
[1347.136s][info ][safepoint      ] Total time for which application threads were stopped: 0.0000890 seconds, Stopping threads took: 0.0000203 seconds
[1348.136s][info ][safepoint      ] Application time: 1.0000640 seconds
[1348.136s][info ][safepoint      ] Entering safepoint region: Cleanup
[1348.136s][info ][safepoint      ] Leaving safepoint region
[1348.136s][info ][safepoint      ] Total time for which application threads were stopped: 0.0000648 seconds, Stopping threads took: 0.0000142 seconds
[1349.136s][info ][safepoint      ] Application time: 1.0000769 seconds
[1349.136s][info ][safepoint      ] Entering safepoint region: Cleanup
[1349.136s][info ][safepoint      ] Leaving safepoint region
[1349.136s][info ][safepoint      ] Total time for which application threads were stopped: 0.0000754 seconds, Stopping threads took: 0.0000242 seconds
[1350.137s][info ][safepoint      ] Application time: 1.0000689 seconds
[1350.137s][info ][safepoint      ] Entering safepoint region: Cleanup
[1350.137s][info ][safepoint      ] Leaving safepoint region
[1350.137s][info ][safepoint      ] Total time for which application threads were stopped: 0.0000749 seconds, Stopping threads took: 0.0000150 seconds
[1351.137s][info ][safepoint      ] Application time: 1.0000750 seconds
[1351.137s][info ][safepoint      ] Entering safepoint region: Cleanup
[1351.137s][info ][safepoint      ] Leaving safepoint region
[1351.137s][info ][safepoint      ] Total time for which application threads were stopped: 0.0000838 seconds, Stopping threads took: 0.0000135 seconds
[1352.137s][info ][safepoint      ] Application time: 1.0000698 seconds
[1352.137s][info ][safepoint      ] Entering safepoint region: Cleanup
[1352.137s][info ][safepoint      ] Leaving safepoint region
[1352.137s][info ][safepoint      ] Total time for which application threads were stopped: 0.0000740 seconds, Stopping threads took: 0.0000232 seconds
[1353.137s][info ][safepoint      ] Application time: 1.0000460 seconds
[1353.137s][info ][safepoint      ] Entering safepoint region: Cleanup
[1353.137s][info ][safepoint      ] Leaving safepoint region
[1353.137s][info ][safepoint      ] Total time for which application threads were stopped: 0.0000668 seconds, Stopping threads took: 0.0000146 seconds
[1354.137s][info ][safepoint      ] Application time: 1.0000670 seconds
[1354.137s][info ][safepoint      ] Entering safepoint region: Cleanup
[1354.137s][info ][safepoint      ] Leaving safepoint region
[1354.137s][info ][safepoint      ] Total time for which application threads were stopped: 0.0000697 seconds, Stopping threads took: 0.0000127 seconds
[1355.137s][info ][safepoint      ] Application time: 1.0000713 seconds
[1355.138s][info ][safepoint      ] Entering safepoint region: Cleanup
[1355.138s][info ][safepoint      ] Leaving safepoint region
[1355.138s][info ][safepoint      ] Total time for which application threads were stopped: 0.0000658 seconds, Stopping threads took: 0.0000157 seconds
[1356.138s][info ][safepoint      ] Application time: 1.0000384 seconds
[1356.138s][info ][safepoint      ] Entering safepoint region: Cleanup
[1356.138s][info ][safepoint      ] Leaving safepoint region
[1356.138s][info ][safepoint      ] Total time for which application threads were stopped: 0.0000660 seconds, Stopping threads took: 0.0000118 seconds
[1357.138s][info ][safepoint      ] Application time: 1.0000706 seconds
[1357.138s][info ][safepoint      ] Entering safepoint region: Cleanup
[1357.138s][info ][safepoint      ] Leaving safepoint region
[1357.138s][info ][safepoint      ] Total time for which application threads were stopped: 0.0000695 seconds, Stopping threads took: 0.0000142 seconds
[1357.757s][info ][safepoint      ] Application time: 0.6191371 seconds
[1357.757s][info ][safepoint      ] Entering safepoint region: ParallelGCFailedAllocation
[1357.757s][info ][gc,start       ] GC(178) Pause Young (Allocation Failure)
[1357.761s][debug][gc,phases      ] GC(178) Scavenge 3.722ms
[1357.761s][debug][gc,ref         ] GC(178) Skipped phase1 of Reference Processing due to unavailable references
[1357.761s][debug][gc,ref         ] GC(178) Skipped phase2 of Reference Processing due to unavailable references
[1357.761s][debug][gc,ref         ] GC(178) Skipped phase3 of Reference Processing due to unavailable references
[1357.761s][debug][gc,ref         ] GC(178) Skipped phase4 of Reference Processing due to unavailable references
[1357.761s][debug][gc,phases      ] GC(178) Reference Processing 0.029ms
[1357.761s][debug][gc,phases      ] GC(178) Weak Processing 0.133ms
[1357.762s][debug][gc,phases      ] GC(178) Scrub String Table 0.413ms
[1357.762s][debug][gc,age         ] GC(178) Desired survivor size 59244544 bytes, new threshold 15 (max threshold 15)
[1357.762s][info ][gc,heap        ] GC(178) PSYoungGen: 1987584K->4288K(1992192K)
[1357.762s][info ][gc,heap        ] GC(178) ParOldGen: 367902K->367902K(466944K)
[1357.762s][info ][gc,metaspace   ] GC(178) Metaspace: 75468K->75468K(1118208K)
[1357.762s][info ][gc             ] GC(178) Pause Young (Allocation Failure) 2300M->363M(2401M) 4.416ms
[1357.762s][info ][gc,cpu         ] GC(178) User=0.02s Sys=0.00s Real=0.01s
[1357.762s][info ][safepoint      ] Leaving safepoint region
[1357.762s][info ][safepoint      ] Total time for which application threads were stopped: 0.0046013 seconds, Stopping threads took: 0.0000179 seconds
[1358.762s][info ][safepoint      ] Application time: 1.0000881 seconds
[1358.762s][info ][safepoint      ] Entering safepoint region: Cleanup
[1358.762s][info ][safepoint      ] Leaving safepoint region
[1358.762s][info ][safepoint      ] Total time for which application threads were stopped: 0.0001097 seconds, Stopping threads took: 0.0000370 seconds
[1359.762s][info ][safepoint      ] Application time: 1.0000803 seconds
[1359.762s][info ][safepoint      ] Entering safepoint region: Cleanup
[1359.762s][info ][safepoint      ] Leaving safepoint region
[1359.762s][info ][safepoint      ] Total time for which application threads were stopped: 0.0001027 seconds, Stopping threads took: 0.0000390 seconds
[1360.762s][info ][safepoint      ] Application time: 1.0000721 seconds
[1360.762s][info ][safepoint      ] Entering safepoint region: Cleanup
[1360.762s][info ][safepoint      ] Leaving safepoint region
[1360.762s][info ][safepoint      ] Total time for which application threads were stopped: 0.0000938 seconds, Stopping threads took: 0.0000339 seconds
[1361.762s][info ][safepoint      ] Application time: 1.0000701 seconds
[1361.763s][info ][safepoint      ] Entering safepoint region: Cleanup
[1361.763s][info ][safepoint      ] Leaving safepoint region
[1361.763s][info ][safepoint      ] Total time for which application threads were stopped: 0.0001438 seconds, Stopping threads took: 0.0000705 seconds
[1362.763s][info ][safepoint      ] Application time: 1.0000777 seconds
[1362.763s][info ][safepoint      ] Entering safepoint region: Cleanup
[1362.763s][info ][safepoint      ] Leaving safepoint region
[1362.763s][info ][safepoint      ] Total time for which application threads were stopped: 0.0004161 seconds, Stopping threads took: 0.0003500 seconds
[1363.763s][info ][safepoint      ] Application time: 1.0000773 seconds
[1363.763s][info ][safepoint      ] Entering safepoint region: Cleanup
[1363.763s][info ][safepoint      ] Leaving safepoint region
[1363.763s][info ][safepoint      ] Total time for which application threads were stopped: 0.0001107 seconds, Stopping threads took: 0.0000409 seconds
[1364.764s][info ][safepoint      ] Application time: 1.0000746 seconds
[1364.764s][info ][safepoint      ] Entering safepoint region: Cleanup
[1364.764s][info ][safepoint      ] Leaving safepoint region
[1364.764s][info ][safepoint      ] Total time for which application threads were stopped: 0.0001034 seconds, Stopping threads took: 0.0000323 seconds
[1365.764s][info ][safepoint      ] Application time: 1.0000773 seconds
[1365.764s][info ][safepoint      ] Entering safepoint region: Cleanup
[1365.764s][info ][safepoint      ] Leaving safepoint region
[1365.764s][info ][safepoint      ] Total time for which application threads were stopped: 0.0001065 seconds, Stopping threads took: 0.0000360 seconds
[1366.764s][info ][safepoint      ] Application time: 1.0000810 seconds
[1366.764s][info ][safepoint      ] Entering safepoint region: Cleanup
[1366.764s][info ][safepoint      ] Leaving safepoint region
[1366.764s][info ][safepoint      ] Total time for which application threads were stopped: 0.0001098 seconds, Stopping threads took: 0.0000406 seconds
[1367.764s][info ][safepoint      ] Application time: 1.0000755 seconds
[1367.764s][info ][safepoint      ] Entering safepoint region: Cleanup
[1367.764s][info ][safepoint      ] Leaving safepoint region
[1367.764s][info ][safepoint      ] Total time for which application threads were stopped: 0.0001100 seconds, Stopping threads took: 0.0000461 seconds
[1368.764s][info ][safepoint      ] Application time: 1.0000855 seconds
[1368.764s][info ][safepoint      ] Entering safepoint region: Cleanup
[1368.765s][info ][safepoint      ] Leaving safepoint region
[1368.765s][info ][safepoint      ] Total time for which application threads were stopped: 0.0001079 seconds, Stopping threads took: 0.0000327 seconds
[1369.354s][info ][safepoint      ] Application time: 0.5892481 seconds
[1369.354s][info ][safepoint      ] Entering safepoint region: ParallelGCFailedAllocation
[1369.354s][info ][gc,start       ] GC(179) Pause Young (Allocation Failure)
[1369.358s][debug][gc,phases      ] GC(179) Scavenge 3.901ms
[1369.358s][debug][gc,ref         ] GC(179) Skipped phase1 of Reference Processing due to unavailable references
[1369.358s][debug][gc,ref         ] GC(179) Skipped phase2 of Reference Processing due to unavailable references
[1369.358s][debug][gc,ref         ] GC(179) Skipped phase3 of Reference Processing due to unavailable references
[1369.358s][debug][gc,ref         ] GC(179) Skipped phase4 of Reference Processing due to unavailable references
[1369.358s][debug][gc,phases      ] GC(179) Reference Processing 0.031ms
[1369.358s][debug][gc,phases      ] GC(179) Weak Processing 0.131ms
[1369.359s][debug][gc,phases      ] GC(179) Scrub String Table 0.407ms
[1369.359s][debug][gc,age         ] GC(179) Desired survivor size 61341696 bytes, new threshold 15 (max threshold 15)
[1369.359s][info ][gc,heap        ] GC(179) PSYoungGen: 1991872K->5472K(2035200K)
[1369.359s][info ][gc,heap        ] GC(179) ParOldGen: 367902K->367902K(466944K)
[1369.359s][info ][gc,metaspace   ] GC(179) Metaspace: 75468K->75468K(1118208K)
[1369.359s][info ][gc             ] GC(179) Pause Young (Allocation Failure) 2304M->364M(2443M) 4.597ms
[1369.359s][info ][gc,cpu         ] GC(179) User=0.02s Sys=0.00s Real=0.00s
[1369.359s][info ][safepoint      ] Leaving safepoint region
[1369.359s][info ][safepoint      ] Total time for which application threads were stopped: 0.0047887 seconds, Stopping threads took: 0.0000323 seconds
[1370.359s][info ][safepoint      ] Application time: 1.0000880 seconds
[1370.359s][info ][safepoint      ] Entering safepoint region: Cleanup
[1370.359s][info ][safepoint      ] Leaving safepoint region
[1370.359s][info ][safepoint      ] Total time for which application threads were stopped: 0.0001211 seconds, Stopping threads took: 0.0000578 seconds
[1371.359s][info ][safepoint      ] Application time: 1.0000773 seconds
[1371.359s][info ][safepoint      ] Entering safepoint region: Cleanup
[1371.359s][info ][safepoint      ] Leaving safepoint region
[1371.359s][info ][safepoint      ] Total time for which application threads were stopped: 0.0001185 seconds, Stopping threads took: 0.0000383 seconds
[1372.359s][info ][safepoint      ] Application time: 1.0000905 seconds
[1372.359s][info ][safepoint      ] Entering safepoint region: Cleanup
[1372.359s][info ][safepoint      ] Leaving safepoint region
[1372.359s][info ][safepoint      ] Total time for which application threads were stopped: 0.0001080 seconds, Stopping threads took: 0.0000503 seconds
[1373.360s][info ][safepoint      ] Application time: 1.0000914 seconds
[1373.360s][info ][safepoint      ] Entering safepoint region: Cleanup
[1373.360s][info ][safepoint      ] Leaving safepoint region
[1373.360s][info ][safepoint      ] Total time for which application threads were stopped: 0.0001190 seconds, Stopping threads took: 0.0000559 seconds
[1374.360s][info ][safepoint      ] Application time: 1.0000823 seconds
[1374.360s][info ][safepoint      ] Entering safepoint region: Cleanup
[1374.360s][info ][safepoint      ] Leaving safepoint region
[1374.360s][info ][safepoint      ] Total time for which application threads were stopped: 0.0000926 seconds, Stopping threads took: 0.0000345 seconds
[1375.360s][info ][safepoint      ] Application time: 1.0000842 seconds
[1375.360s][info ][safepoint      ] Entering safepoint region: Cleanup
[1375.360s][info ][safepoint      ] Leaving safepoint region
[1375.360s][info ][safepoint      ] Total time for which application threads were stopped: 0.0000995 seconds, Stopping threads took: 0.0000350 seconds
[1376.360s][info ][safepoint      ] Application time: 1.0000865 seconds
[1376.360s][info ][safepoint      ] Entering safepoint region: Cleanup
[1376.360s][info ][safepoint      ] Leaving safepoint region
[1376.360s][info ][safepoint      ] Total time for which application threads were stopped: 0.0000995 seconds, Stopping threads took: 0.0000321 seconds
[1377.360s][info ][safepoint      ] Application time: 1.0000791 seconds
[1377.360s][info ][safepoint      ] Entering safepoint region: Cleanup
[1377.361s][info ][safepoint      ] Leaving safepoint region
[1377.361s][info ][safepoint      ] Total time for which application threads were stopped: 0.0000933 seconds, Stopping threads took: 0.0000323 seconds
[1378.361s][info ][safepoint      ] Application time: 1.0000724 seconds
[1378.361s][info ][safepoint      ] Entering safepoint region: Cleanup
[1378.361s][info ][safepoint      ] Leaving safepoint region
[1378.361s][info ][safepoint      ] Total time for which application threads were stopped: 0.0000989 seconds, Stopping threads took: 0.0000370 seconds
[1379.361s][info ][safepoint      ] Application time: 1.0000835 seconds
[1379.361s][info ][safepoint      ] Entering safepoint region: Cleanup
[1379.361s][info ][safepoint      ] Leaving safepoint region
[1379.361s][info ][safepoint      ] Total time for which application threads were stopped: 0.0000987 seconds, Stopping threads took: 0.0000334 seconds
[1380.161s][info ][safepoint      ] Application time: 0.7999645 seconds
[1380.161s][info ][safepoint      ] Entering safepoint region: ParallelGCFailedAllocation
[1380.161s][info ][gc,start       ] GC(180) Pause Young (Allocation Failure)
[1380.165s][debug][gc,phases      ] GC(180) Scavenge 3.996ms
[1380.165s][debug][gc,ref         ] GC(180) Skipped phase1 of Reference Processing due to unavailable references
[1380.165s][debug][gc,ref         ] GC(180) Skipped phase2 of Reference Processing due to unavailable references
[1380.165s][debug][gc,ref         ] GC(180) Skipped phase3 of Reference Processing due to unavailable references
[1380.165s][debug][gc,ref         ] GC(180) Skipped phase4 of Reference Processing due to unavailable references
[1380.165s][debug][gc,phases      ] GC(180) Reference Processing 0.028ms
[1380.165s][debug][gc,phases      ] GC(180) Weak Processing 0.145ms
[1380.166s][debug][gc,phases      ] GC(180) Scrub String Table 0.436ms
[1380.166s][debug][gc,age         ] GC(180) Desired survivor size 61865984 bytes, new threshold 15 (max threshold 15)
[1380.166s][info ][gc,heap        ] GC(180) PSYoungGen: 1982816K->6064K(1983488K)
[1380.166s][info ][gc,heap        ] GC(180) ParOldGen: 367902K->367902K(466944K)
[1380.166s][info ][gc,metaspace   ] GC(180) Metaspace: 75471K->75471K(1118208K)
[1380.166s][info ][gc             ] GC(180) Pause Young (Allocation Failure) 2295M->365M(2393M) 4.755ms
[1380.166s][info ][gc,cpu         ] GC(180) User=0.02s Sys=0.00s Real=0.00s
[1380.166s][info ][safepoint      ] Leaving safepoint region
[1380.166s][info ][safepoint      ] Total time for which application threads were stopped: 0.0049267 seconds, Stopping threads took: 0.0000298 seconds
[1381.166s][info ][safepoint      ] Application time: 1.0000819 seconds
[1381.166s][info ][safepoint      ] Entering safepoint region: Cleanup
[1381.166s][info ][safepoint      ] Leaving safepoint region
[1381.166s][info ][safepoint      ] Total time for which application threads were stopped: 0.0001014 seconds, Stopping threads took: 0.0000347 seconds
[1382.166s][info ][safepoint      ] Application time: 1.0000476 seconds
[1382.166s][info ][safepoint      ] Entering safepoint region: Cleanup
[1382.166s][info ][safepoint      ] Leaving safepoint region
[1382.166s][info ][safepoint      ] Total time for which application threads were stopped: 0.0001331 seconds, Stopping threads took: 0.0000399 seconds
[1383.166s][info ][safepoint      ] Application time: 1.0000764 seconds
[1383.167s][info ][safepoint      ] Entering safepoint region: Cleanup
[1383.167s][info ][safepoint      ] Leaving safepoint region
[1383.167s][info ][safepoint      ] Total time for which application threads were stopped: 0.0001828 seconds, Stopping threads took: 0.0000544 seconds
[1384.167s][info ][safepoint      ] Application time: 1.0000817 seconds
[1384.167s][info ][safepoint      ] Entering safepoint region: Cleanup
[1384.167s][info ][safepoint      ] Leaving safepoint region
[1384.167s][info ][safepoint      ] Total time for which application threads were stopped: 0.0001175 seconds, Stopping threads took: 0.0000497 seconds
[1385.167s][info ][safepoint      ] Application time: 1.0000744 seconds
[1385.167s][info ][safepoint      ] Entering safepoint region: Cleanup
[1385.167s][info ][safepoint      ] Leaving safepoint region
[1385.167s][info ][safepoint      ] Total time for which application threads were stopped: 0.0000919 seconds, Stopping threads took: 0.0000401 seconds
[1386.167s][info ][safepoint      ] Application time: 1.0000828 seconds
[1386.167s][info ][safepoint      ] Entering safepoint region: Cleanup
[1386.167s][info ][safepoint      ] Leaving safepoint region
[1386.167s][info ][safepoint      ] Total time for which application threads were stopped: 0.0000942 seconds, Stopping threads took: 0.0000325 seconds
[1387.167s][info ][safepoint      ] Application time: 1.0000763 seconds
[1387.168s][info ][safepoint      ] Entering safepoint region: Cleanup
[1387.168s][info ][safepoint      ] Leaving safepoint region
[1387.168s][info ][safepoint      ] Total time for which application threads were stopped: 0.0001200 seconds, Stopping threads took: 0.0000368 seconds
[1388.168s][info ][safepoint      ] Application time: 1.0000827 seconds
[1388.168s][info ][safepoint      ] Entering safepoint region: Cleanup
[1388.168s][info ][safepoint      ] Leaving safepoint region
[1388.168s][info ][safepoint      ] Total time for which application threads were stopped: 0.0001308 seconds, Stopping threads took: 0.0000559 seconds
[1389.168s][info ][safepoint      ] Application time: 1.0000714 seconds
[1389.168s][info ][safepoint      ] Entering safepoint region: Cleanup
[1389.168s][info ][safepoint      ] Leaving safepoint region
[1389.168s][info ][safepoint      ] Total time for which application threads were stopped: 0.0001113 seconds, Stopping threads took: 0.0000504 seconds
[1390.168s][info ][safepoint      ] Application time: 1.0000808 seconds
[1390.168s][info ][safepoint      ] Entering safepoint region: Cleanup
[1390.168s][info ][safepoint      ] Leaving safepoint region
[1390.168s][info ][safepoint      ] Total time for which application threads were stopped: 0.0001049 seconds, Stopping threads took: 0.0000433 seconds
[1391.142s][info ][safepoint      ] Application time: 0.9740569 seconds
[1391.142s][info ][safepoint      ] Entering safepoint region: ParallelGCFailedAllocation
[1391.143s][info ][gc,start       ] GC(181) Pause Young (Allocation Failure)
[1391.146s][debug][gc,phases      ] GC(181) Scavenge 3.742ms
[1391.146s][debug][gc,ref         ] GC(181) Skipped phase1 of Reference Processing due to unavailable references
[1391.146s][debug][gc,ref         ] GC(181) Skipped phase3 of Reference Processing due to unavailable references
[1391.146s][debug][gc,ref         ] GC(181) Skipped phase4 of Reference Processing due to unavailable references
[1391.146s][debug][gc,phases      ] GC(181) Reference Processing 0.028ms
[1391.147s][debug][gc,phases      ] GC(181) Weak Processing 0.124ms
[1391.147s][debug][gc,phases      ] GC(181) Scrub String Table 0.447ms
[1391.147s][debug][gc,age         ] GC(181) Desired survivor size 62390272 bytes, new threshold 15 (max threshold 15)
[1391.147s][info ][gc,heap        ] GC(181) PSYoungGen: 1983408K->6384K(2035712K)
[1391.147s][info ][gc,heap        ] GC(181) ParOldGen: 367902K->367902K(466944K)
[1391.147s][info ][gc,metaspace   ] GC(181) Metaspace: 75471K->75471K(1118208K)
[1391.147s][info ][gc             ] GC(181) Pause Young (Allocation Failure) 2296M->365M(2444M) 4.471ms
[1391.147s][info ][gc,cpu         ] GC(181) User=0.02s Sys=0.00s Real=0.00s
[1391.147s][info ][safepoint      ] Leaving safepoint region
[1391.147s][info ][safepoint      ] Total time for which application threads were stopped: 0.0046537 seconds, Stopping threads took: 0.0000329 seconds
[1392.147s][info ][safepoint      ] Application time: 1.0000780 seconds
[1392.147s][info ][safepoint      ] Entering safepoint region: Cleanup
[1392.147s][info ][safepoint      ] Leaving safepoint region
[1392.147s][info ][safepoint      ] Total time for which application threads were stopped: 0.0000745 seconds, Stopping threads took: 0.0000121 seconds
[1393.147s][info ][safepoint      ] Application time: 1.0000720 seconds
[1393.147s][info ][safepoint      ] Entering safepoint region: Cleanup
[1393.147s][info ][safepoint      ] Leaving safepoint region
[1393.147s][info ][safepoint      ] Total time for which application threads were stopped: 0.0000682 seconds, Stopping threads took: 0.0000122 seconds
[1394.148s][info ][safepoint      ] Application time: 1.0000779 seconds
[1394.148s][info ][safepoint      ] Entering safepoint region: Cleanup
[1394.148s][info ][safepoint      ] Leaving safepoint region
[1394.148s][info ][safepoint      ] Total time for which application threads were stopped: 0.0000682 seconds, Stopping threads took: 0.0000114 seconds
[1395.148s][info ][safepoint      ] Application time: 1.0000731 seconds
[1395.148s][info ][safepoint      ] Entering safepoint region: Cleanup
[1395.148s][info ][safepoint      ] Leaving safepoint region
[1395.148s][info ][safepoint      ] Total time for which application threads were stopped: 0.0000687 seconds, Stopping threads took: 0.0000126 seconds
[1396.148s][info ][safepoint      ] Application time: 1.0000780 seconds
[1396.148s][info ][safepoint      ] Entering safepoint region: Cleanup
[1396.148s][info ][safepoint      ] Leaving safepoint region
[1396.148s][info ][safepoint      ] Total time for which application threads were stopped: 0.0000865 seconds, Stopping threads took: 0.0000319 seconds
[1397.148s][info ][safepoint      ] Application time: 1.0000251 seconds
[1397.148s][info ][safepoint      ] Entering safepoint region: Cleanup
[1397.148s][info ][safepoint      ] Leaving safepoint region
[1397.148s][info ][safepoint      ] Total time for which application threads were stopped: 0.0000913 seconds, Stopping threads took: 0.0000120 seconds
[1398.148s][info ][safepoint      ] Application time: 1.0000655 seconds
[1398.148s][info ][safepoint      ] Entering safepoint region: Cleanup
[1398.148s][info ][safepoint      ] Leaving safepoint region
[1398.148s][info ][safepoint      ] Total time for which application threads were stopped: 0.0000665 seconds, Stopping threads took: 0.0000144 seconds
[1399.148s][info ][safepoint      ] Application time: 1.0000674 seconds
[1399.148s][info ][safepoint      ] Entering safepoint region: Cleanup
[1399.149s][info ][safepoint      ] Leaving safepoint region
[1399.149s][info ][safepoint      ] Total time for which application threads were stopped: 0.0000645 seconds, Stopping threads took: 0.0000115 seconds
[1400.149s][info ][safepoint      ] Application time: 1.0000688 seconds
[1400.149s][info ][safepoint      ] Entering safepoint region: Cleanup
[1400.149s][info ][safepoint      ] Leaving safepoint region
[1400.149s][info ][safepoint      ] Total time for which application threads were stopped: 0.0000843 seconds, Stopping threads took: 0.0000346 seconds
[1401.149s][info ][safepoint      ] Application time: 1.0000747 seconds
[1401.149s][info ][safepoint      ] Entering safepoint region: Cleanup
[1401.149s][info ][safepoint      ] Leaving safepoint region
[1401.149s][info ][safepoint      ] Total time for which application threads were stopped: 0.0000638 seconds, Stopping threads took: 0.0000119 seconds
[1402.149s][info ][safepoint      ] Application time: 1.0000612 seconds
[1402.149s][info ][safepoint      ] Entering safepoint region: Cleanup
[1402.149s][info ][safepoint      ] Leaving safepoint region
[1402.149s][info ][safepoint      ] Total time for which application threads were stopped: 0.0000755 seconds, Stopping threads took: 0.0000143 seconds
[1402.404s][info ][safepoint      ] Application time: 0.2549176 seconds
[1402.404s][info ][safepoint      ] Entering safepoint region: ParallelGCFailedAllocation
[1402.404s][info ][gc,start       ] GC(182) Pause Young (Allocation Failure)
[1402.409s][debug][gc,phases      ] GC(182) Scavenge 4.334ms
[1402.409s][debug][gc,ref         ] GC(182) Skipped phase1 of Reference Processing due to unavailable references
[1402.409s][debug][gc,ref         ] GC(182) Skipped phase2 of Reference Processing due to unavailable references
[1402.409s][debug][gc,ref         ] GC(182) Skipped phase3 of Reference Processing due to unavailable references
[1402.409s][debug][gc,phases      ] GC(182) Reference Processing 0.029ms
[1402.409s][debug][gc,phases      ] GC(182) Weak Processing 0.136ms
[1402.409s][debug][gc,phases      ] GC(182) Scrub String Table 0.453ms
[1402.409s][debug][gc,age         ] GC(182) Desired survivor size 61865984 bytes, new threshold 15 (max threshold 15)
[1402.409s][info ][gc,heap        ] GC(182) PSYoungGen: 1981680K->6048K(2036224K)
[1402.409s][info ][gc,heap        ] GC(182) ParOldGen: 367902K->367902K(466944K)
[1402.409s][info ][gc,metaspace   ] GC(182) Metaspace: 75476K->75476K(1118208K)
[1402.409s][info ][gc             ] GC(182) Pause Young (Allocation Failure) 2294M->365M(2444M) 5.099ms
[1402.409s][info ][gc,cpu         ] GC(182) User=0.02s Sys=0.00s Real=0.00s
[1402.409s][info ][safepoint      ] Leaving safepoint region
[1402.409s][info ][safepoint      ] Total time for which application threads were stopped: 0.0053645 seconds, Stopping threads took: 0.0000700 seconds
[1403.409s][info ][safepoint      ] Application time: 1.0001054 seconds
[1403.410s][info ][safepoint      ] Entering safepoint region: Cleanup
[1403.410s][info ][safepoint      ] Leaving safepoint region
[1403.410s][info ][safepoint      ] Total time for which application threads were stopped: 0.0001282 seconds, Stopping threads took: 0.0000537 seconds
[1404.410s][info ][safepoint      ] Application time: 1.0000621 seconds
[1404.410s][info ][safepoint      ] Entering safepoint region: Cleanup
[1404.410s][info ][safepoint      ] Leaving safepoint region
[1404.410s][info ][safepoint      ] Total time for which application threads were stopped: 0.0001083 seconds, Stopping threads took: 0.0000500 seconds
[1405.410s][info ][safepoint      ] Application time: 1.0000770 seconds
[1405.410s][info ][safepoint      ] Entering safepoint region: Cleanup
[1405.410s][info ][safepoint      ] Leaving safepoint region
[1405.410s][info ][safepoint      ] Total time for which application threads were stopped: 0.0000993 seconds, Stopping threads took: 0.0000360 seconds
[1406.410s][info ][safepoint      ] Application time: 1.0000784 seconds
[1406.410s][info ][safepoint      ] Entering safepoint region: Cleanup
[1406.410s][info ][safepoint      ] Leaving safepoint region
[1406.410s][info ][safepoint      ] Total time for which application threads were stopped: 0.0001187 seconds, Stopping threads took: 0.0000586 seconds
[1407.410s][info ][safepoint      ] Application time: 1.0000845 seconds
[1407.410s][info ][safepoint      ] Entering safepoint region: Cleanup
[1407.411s][info ][safepoint      ] Leaving safepoint region
[1407.411s][info ][safepoint      ] Total time for which application threads were stopped: 0.0001050 seconds, Stopping threads took: 0.0000374 seconds
[1408.411s][info ][safepoint      ] Application time: 1.0000757 seconds
[1408.411s][info ][safepoint      ] Entering safepoint region: Cleanup
[1408.411s][info ][safepoint      ] Leaving safepoint region
[1408.411s][info ][safepoint      ] Total time for which application threads were stopped: 0.0001105 seconds, Stopping threads took: 0.0000437 seconds
[1409.411s][info ][safepoint      ] Application time: 1.0000758 seconds
[1409.411s][info ][safepoint      ] Entering safepoint region: Cleanup
[1409.411s][info ][safepoint      ] Leaving safepoint region
[1409.411s][info ][safepoint      ] Total time for which application threads were stopped: 0.0000961 seconds, Stopping threads took: 0.0000374 seconds
[1410.411s][info ][safepoint      ] Application time: 1.0000841 seconds
[1410.411s][info ][safepoint      ] Entering safepoint region: Cleanup
[1410.411s][info ][safepoint      ] Leaving safepoint region
[1410.411s][info ][safepoint      ] Total time for which application threads were stopped: 0.0001097 seconds, Stopping threads took: 0.0000472 seconds
[1411.411s][info ][safepoint      ] Application time: 1.0000764 seconds
[1411.411s][info ][safepoint      ] Entering safepoint region: Cleanup
[1411.411s][info ][safepoint      ] Leaving safepoint region
[1411.411s][info ][safepoint      ] Total time for which application threads were stopped: 0.0001046 seconds, Stopping threads took: 0.0000338 seconds
[1412.412s][info ][safepoint      ] Application time: 1.0000901 seconds
[1412.412s][info ][safepoint      ] Entering safepoint region: Cleanup
[1412.412s][info ][safepoint      ] Leaving safepoint region
[1412.412s][info ][safepoint      ] Total time for which application threads were stopped: 0.0001117 seconds, Stopping threads took: 0.0000363 seconds
[1413.412s][info ][safepoint      ] Application time: 1.0000825 seconds
[1413.412s][info ][safepoint      ] Entering safepoint region: Cleanup
[1413.412s][info ][safepoint      ] Leaving safepoint region
[1413.412s][info ][safepoint      ] Total time for which application threads were stopped: 0.0001013 seconds, Stopping threads took: 0.0000364 seconds
[1413.572s][info ][safepoint      ] Application time: 0.1604535 seconds
[1413.572s][info ][safepoint      ] Entering safepoint region: ParallelGCFailedAllocation
[1413.573s][info ][gc,start       ] GC(183) Pause Young (Allocation Failure)
[1413.577s][debug][gc,phases      ] GC(183) Scavenge 4.002ms
[1413.577s][debug][gc,ref         ] GC(183) Skipped phase1 of Reference Processing due to unavailable references
[1413.577s][debug][gc,ref         ] GC(183) Skipped phase2 of Reference Processing due to unavailable references
[1413.577s][debug][gc,ref         ] GC(183) Skipped phase3 of Reference Processing due to unavailable references
[1413.577s][debug][gc,ref         ] GC(183) Skipped phase4 of Reference Processing due to unavailable references
[1413.577s][debug][gc,phases      ] GC(183) Reference Processing 0.046ms
[1413.577s][debug][gc,phases      ] GC(183) Weak Processing 0.134ms
[1413.577s][debug][gc,phases      ] GC(183) Scrub String Table 0.422ms
[1413.577s][debug][gc,age         ] GC(183) Desired survivor size 60817408 bytes, new threshold 15 (max threshold 15)
[1413.577s][info ][gc,heap        ] GC(183) PSYoungGen: 1981344K->6464K(2037760K)
[1413.577s][info ][gc,heap        ] GC(183) ParOldGen: 367902K->367902K(466944K)
[1413.577s][info ][gc,metaspace   ] GC(183) Metaspace: 75478K->75478K(1118208K)
[1413.577s][info ][gc             ] GC(183) Pause Young (Allocation Failure) 2294M->365M(2446M) 4.729ms
[1413.577s][info ][gc,cpu         ] GC(183) User=0.02s Sys=0.00s Real=0.00s
[1413.577s][info ][safepoint      ] Leaving safepoint region
[1413.577s][info ][safepoint      ] Total time for which application threads were stopped: 0.0048861 seconds, Stopping threads took: 0.0000121 seconds
[1414.577s][info ][safepoint      ] Application time: 1.0000759 seconds
[1414.577s][info ][safepoint      ] Entering safepoint region: Cleanup
[1414.577s][info ][safepoint      ] Leaving safepoint region
[1414.578s][info ][safepoint      ] Total time for which application threads were stopped: 0.0000558 seconds, Stopping threads took: 0.0000114 seconds
[1415.578s][info ][safepoint      ] Application time: 1.0000637 seconds
[1415.578s][info ][safepoint      ] Entering safepoint region: Cleanup
[1415.578s][info ][safepoint      ] Leaving safepoint region
[1415.578s][info ][safepoint      ] Total time for which application threads were stopped: 0.0000547 seconds, Stopping threads took: 0.0000124 seconds
[1416.578s][info ][safepoint      ] Application time: 1.0000684 seconds
[1416.578s][info ][safepoint      ] Entering safepoint region: Cleanup
[1416.578s][info ][safepoint      ] Leaving safepoint region
[1416.578s][info ][safepoint      ] Total time for which application threads were stopped: 0.0000611 seconds, Stopping threads took: 0.0000121 seconds
[1417.578s][info ][safepoint      ] Application time: 1.0000601 seconds
[1417.578s][info ][safepoint      ] Entering safepoint region: Cleanup
[1417.578s][info ][safepoint      ] Leaving safepoint region
[1417.578s][info ][safepoint      ] Total time for which application threads were stopped: 0.0001029 seconds, Stopping threads took: 0.0000433 seconds
[1418.578s][info ][safepoint      ] Application time: 1.0000769 seconds
[1418.578s][info ][safepoint      ] Entering safepoint region: Cleanup
[1418.578s][info ][safepoint      ] Leaving safepoint region
[1418.578s][info ][safepoint      ] Total time for which application threads were stopped: 0.0000846 seconds, Stopping threads took: 0.0000178 seconds
[1419.578s][info ][safepoint      ] Application time: 1.0001095 seconds
[1419.578s][info ][safepoint      ] Entering safepoint region: Cleanup
[1419.579s][info ][safepoint      ] Leaving safepoint region
[1419.579s][info ][safepoint      ] Total time for which application threads were stopped: 0.0001016 seconds, Stopping threads took: 0.0000422 seconds
[1420.579s][info ][safepoint      ] Application time: 1.0000687 seconds
[1420.579s][info ][safepoint      ] Entering safepoint region: Cleanup
[1420.579s][info ][safepoint      ] Leaving safepoint region
[1420.579s][info ][safepoint      ] Total time for which application threads were stopped: 0.0000719 seconds, Stopping threads took: 0.0000120 seconds
[1421.579s][info ][safepoint      ] Application time: 1.0000731 seconds
[1421.579s][info ][safepoint      ] Entering safepoint region: Cleanup
[1421.579s][info ][safepoint      ] Leaving safepoint region
[1421.579s][info ][safepoint      ] Total time for which application threads were stopped: 0.0000691 seconds, Stopping threads took: 0.0000129 seconds
[1422.579s][info ][safepoint      ] Application time: 1.0000842 seconds
[1422.579s][info ][safepoint      ] Entering safepoint region: Cleanup
[1422.579s][info ][safepoint      ] Leaving safepoint region
[1422.579s][info ][safepoint      ] Total time for which application threads were stopped: 0.0000686 seconds, Stopping threads took: 0.0000150 seconds
[1423.584s][info ][safepoint      ] Application time: 1.0050728 seconds
[1423.584s][info ][safepoint      ] Entering safepoint region: Cleanup
[1423.584s][info ][safepoint      ] Leaving safepoint region
[1423.584s][info ][safepoint      ] Total time for which application threads were stopped: 0.0001108 seconds, Stopping threads took: 0.0000398 seconds
[1423.837s][info ][safepoint      ] Application time: 0.2529208 seconds
[1423.837s][info ][safepoint      ] Entering safepoint region: ParallelGCFailedAllocation
[1423.837s][info ][gc,start       ] GC(184) Pause Young (Allocation Failure)
[1423.842s][debug][gc,phases      ] GC(184) Scavenge 4.589ms
[1423.842s][debug][gc,ref         ] GC(184) Skipped phase1 of Reference Processing due to unavailable references
[1423.842s][debug][gc,ref         ] GC(184) Skipped phase3 of Reference Processing due to unavailable references
[1423.842s][debug][gc,phases      ] GC(184) Reference Processing 0.027ms
[1423.842s][debug][gc,phases      ] GC(184) Weak Processing 0.163ms
[1423.843s][debug][gc,phases      ] GC(184) Scrub String Table 0.580ms
[1423.843s][debug][gc,age         ] GC(184) Desired survivor size 59244544 bytes, new threshold 15 (max threshold 15)
[1423.843s][info ][gc,heap        ] GC(184) PSYoungGen: 1983808K->6720K(2036736K)
[1423.843s][info ][gc,heap        ] GC(184) ParOldGen: 367902K->367902K(466944K)
[1423.843s][info ][gc,metaspace   ] GC(184) Metaspace: 75488K->75488K(1118208K)
[1423.843s][info ][gc             ] GC(184) Pause Young (Allocation Failure) 2296M->365M(2445M) 5.494ms
[1423.843s][info ][gc,cpu         ] GC(184) User=0.02s Sys=0.01s Real=0.01s
[1423.843s][info ][safepoint      ] Leaving safepoint region
[1423.843s][info ][safepoint      ] Total time for which application threads were stopped: 0.0056681 seconds, Stopping threads took: 0.0000138 seconds
[1424.843s][info ][safepoint      ] Application time: 1.0000779 seconds
[1424.843s][info ][safepoint      ] Entering safepoint region: Cleanup
[1424.843s][info ][safepoint      ] Leaving safepoint region
[1424.843s][info ][safepoint      ] Total time for which application threads were stopped: 0.0000644 seconds, Stopping threads took: 0.0000161 seconds
[1425.843s][info ][safepoint      ] Application time: 1.0000669 seconds
[1425.843s][info ][safepoint      ] Entering safepoint region: Cleanup
[1425.843s][info ][safepoint      ] Leaving safepoint region
[1425.843s][info ][safepoint      ] Total time for which application threads were stopped: 0.0000630 seconds, Stopping threads took: 0.0000115 seconds
[1426.843s][info ][safepoint      ] Application time: 1.0000661 seconds
[1426.843s][info ][safepoint      ] Entering safepoint region: Cleanup
[1426.843s][info ][safepoint      ] Leaving safepoint region
[1426.844s][info ][safepoint      ] Total time for which application threads were stopped: 0.0000708 seconds, Stopping threads took: 0.0000172 seconds
[1427.844s][info ][safepoint      ] Application time: 1.0000691 seconds
[1427.844s][info ][safepoint      ] Entering safepoint region: Cleanup
[1427.844s][info ][safepoint      ] Leaving safepoint region
[1427.844s][info ][safepoint      ] Total time for which application threads were stopped: 0.0000606 seconds, Stopping threads took: 0.0000121 seconds
[1428.844s][info ][safepoint      ] Application time: 1.0000167 seconds
[1428.844s][info ][safepoint      ] Entering safepoint region: Cleanup
[1428.844s][info ][safepoint      ] Leaving safepoint region
[1428.844s][info ][safepoint      ] Total time for which application threads were stopped: 0.0000669 seconds, Stopping threads took: 0.0000127 seconds
[1429.844s][info ][safepoint      ] Application time: 1.0000657 seconds
[1429.844s][info ][safepoint      ] Entering safepoint region: Cleanup
[1429.844s][info ][safepoint      ] Leaving safepoint region
[1429.844s][info ][safepoint      ] Total time for which application threads were stopped: 0.0000685 seconds, Stopping threads took: 0.0000130 seconds
[1430.844s][info ][safepoint      ] Application time: 1.0000625 seconds
[1430.844s][info ][safepoint      ] Entering safepoint region: Cleanup
[1430.844s][info ][safepoint      ] Leaving safepoint region
[1430.844s][info ][safepoint      ] Total time for which application threads were stopped: 0.0000812 seconds, Stopping threads took: 0.0000121 seconds
[1431.844s][info ][safepoint      ] Application time: 1.0000653 seconds
[1431.844s][info ][safepoint      ] Entering safepoint region: Cleanup
[1431.844s][info ][safepoint      ] Leaving safepoint region
[1431.844s][info ][safepoint      ] Total time for which application threads were stopped: 0.0000572 seconds, Stopping threads took: 0.0000116 seconds
[1432.844s][info ][safepoint      ] Application time: 1.0000686 seconds
[1432.844s][info ][safepoint      ] Entering safepoint region: Cleanup
[1432.844s][info ][safepoint      ] Leaving safepoint region
[1432.844s][info ][safepoint      ] Total time for which application threads were stopped: 0.0000705 seconds, Stopping threads took: 0.0000145 seconds
[1433.527s][info ][safepoint      ] Application time: 0.6820469 seconds
[1433.527s][info ][safepoint      ] Entering safepoint region: ParallelGCFailedAllocation
[1433.527s][info ][gc,start       ] GC(185) Pause Young (Allocation Failure)
[1433.532s][debug][gc,phases      ] GC(185) Scavenge 4.806ms
[1433.532s][debug][gc,ref         ] GC(185) Skipped phase1 of Reference Processing due to unavailable references
[1433.532s][debug][gc,ref         ] GC(185) Skipped phase3 of Reference Processing due to unavailable references
[1433.532s][debug][gc,ref         ] GC(185) Skipped phase4 of Reference Processing due to unavailable references
[1433.532s][debug][gc,phases      ] GC(185) Reference Processing 0.030ms
[1433.532s][debug][gc,phases      ] GC(185) Weak Processing 0.133ms
[1433.532s][debug][gc,phases      ] GC(185) Scrub String Table 0.487ms
[1433.532s][debug][gc,age         ] GC(185) Desired survivor size 57671680 bytes, new threshold 15 (max threshold 15)
[1433.532s][info ][gc,heap        ] GC(185) PSYoungGen: 1984064K->7296K(2040832K)
[1433.532s][info ][gc,heap        ] GC(185) ParOldGen: 367902K->367902K(466944K)
[1433.532s][info ][gc,metaspace   ] GC(185) Metaspace: 75488K->75488K(1118208K)
[1433.532s][info ][gc             ] GC(185) Pause Young (Allocation Failure) 2296M->366M(2449M) 5.590ms
[1433.532s][info ][gc,cpu         ] GC(185) User=0.02s Sys=0.00s Real=0.01s
[1433.532s][info ][safepoint      ] Leaving safepoint region
[1433.532s][info ][safepoint      ] Total time for which application threads were stopped: 0.0057520 seconds, Stopping threads took: 0.0000141 seconds
[1434.196s][info ][safepoint      ] Application time: 0.6635371 seconds
[1434.196s][info ][safepoint      ] Entering safepoint region: RevokeBias
[1434.196s][info ][safepoint      ] Leaving safepoint region
[1434.196s][info ][safepoint      ] Total time for which application threads were stopped: 0.0000569 seconds, Stopping threads took: 0.0000103 seconds
[1435.196s][info ][safepoint      ] Application time: 1.0000780 seconds
[1435.196s][info ][safepoint      ] Entering safepoint region: Cleanup
[1435.196s][info ][safepoint      ] Leaving safepoint region
[1435.196s][info ][safepoint      ] Total time for which application threads were stopped: 0.0000816 seconds, Stopping threads took: 0.0000147 seconds
[1436.196s][info ][safepoint      ] Application time: 1.0000770 seconds
[1436.196s][info ][safepoint      ] Entering safepoint region: Cleanup
[1436.196s][info ][safepoint      ] Leaving safepoint region
[1436.196s][info ][safepoint      ] Total time for which application threads were stopped: 0.0000905 seconds, Stopping threads took: 0.0000226 seconds
[1437.196s][info ][safepoint      ] Application time: 1.0000728 seconds
[1437.197s][info ][safepoint      ] Entering safepoint region: Cleanup
[1437.197s][info ][safepoint      ] Leaving safepoint region
[1437.197s][info ][safepoint      ] Total time for which application threads were stopped: 0.0000611 seconds, Stopping threads took: 0.0000149 seconds
[1438.197s][info ][safepoint      ] Application time: 1.0000757 seconds
[1438.197s][info ][safepoint      ] Entering safepoint region: Cleanup
[1438.197s][info ][safepoint      ] Leaving safepoint region
[1438.197s][info ][safepoint      ] Total time for which application threads were stopped: 0.0000619 seconds, Stopping threads took: 0.0000123 seconds
[1439.197s][info ][safepoint      ] Application time: 1.0000386 seconds
[1439.197s][info ][safepoint      ] Entering safepoint region: Cleanup
[1439.197s][info ][safepoint      ] Leaving safepoint region
[1439.197s][info ][safepoint      ] Total time for which application threads were stopped: 0.0000572 seconds, Stopping threads took: 0.0000117 seconds
[1440.197s][info ][safepoint      ] Application time: 1.0000709 seconds
[1440.197s][info ][safepoint      ] Entering safepoint region: Cleanup
[1440.197s][info ][safepoint      ] Leaving safepoint region
[1440.197s][info ][safepoint      ] Total time for which application threads were stopped: 0.0000582 seconds, Stopping threads took: 0.0000112 seconds
[1442.197s][info ][safepoint      ] Application time: 2.0001629 seconds
[1442.197s][info ][safepoint      ] Entering safepoint region: Cleanup
[1442.197s][info ][safepoint      ] Leaving safepoint region
[1442.197s][info ][safepoint      ] Total time for which application threads were stopped: 0.0001061 seconds, Stopping threads took: 0.0000183 seconds
[1443.163s][info ][safepoint      ] Application time: 0.9654438 seconds
[1443.163s][info ][safepoint      ] Entering safepoint region: ParallelGCFailedAllocation
[1443.163s][info ][gc,start       ] GC(186) Pause Young (Allocation Failure)
[1443.167s][debug][gc,phases      ] GC(186) Scavenge 4.441ms
[1443.168s][debug][gc,ref         ] GC(186) Skipped phase1 of Reference Processing due to unavailable references
[1443.168s][debug][gc,ref         ] GC(186) Skipped phase3 of Reference Processing due to unavailable references
[1443.168s][debug][gc,ref         ] GC(186) Skipped phase4 of Reference Processing due to unavailable references
[1443.168s][debug][gc,phases      ] GC(186) Reference Processing 0.028ms
[1443.168s][debug][gc,phases      ] GC(186) Weak Processing 0.132ms
[1443.168s][debug][gc,phases      ] GC(186) Scrub String Table 0.434ms
[1443.168s][debug][gc,age         ] GC(186) Desired survivor size 55574528 bytes, new threshold 15 (max threshold 15)
[1443.168s][info ][gc,heap        ] GC(186) PSYoungGen: 1990272K->7456K(2039296K)
[1443.168s][info ][gc,heap        ] GC(186) ParOldGen: 367902K->367902K(466944K)
[1443.168s][info ][gc,metaspace   ] GC(186) Metaspace: 75490K->75490K(1118208K)
[1443.168s][info ][gc             ] GC(186) Pause Young (Allocation Failure) 2302M->366M(2447M) 5.174ms
[1443.168s][info ][gc,cpu         ] GC(186) User=0.02s Sys=0.00s Real=0.00s
[1443.168s][info ][safepoint      ] Leaving safepoint region
[1443.168s][info ][safepoint      ] Total time for which application threads were stopped: 0.0053251 seconds, Stopping threads took: 0.0000134 seconds
[1453.128s][info ][safepoint      ] Application time: 9.9601273 seconds
[1453.128s][info ][safepoint      ] Entering safepoint region: ParallelGCFailedAllocation
[1453.128s][info ][gc,start       ] GC(187) Pause Young (Allocation Failure)
[1453.133s][debug][gc,phases      ] GC(187) Scavenge 4.666ms
[1453.133s][debug][gc,ref         ] GC(187) Skipped phase1 of Reference Processing due to unavailable references
[1453.133s][debug][gc,ref         ] GC(187) Skipped phase3 of Reference Processing due to unavailable references
[1453.133s][debug][gc,ref         ] GC(187) Skipped phase4 of Reference Processing due to unavailable references
[1453.133s][debug][gc,phases      ] GC(187) Reference Processing 0.031ms
[1453.133s][debug][gc,phases      ] GC(187) Weak Processing 0.129ms
[1453.134s][debug][gc,phases      ] GC(187) Scrub String Table 0.446ms
[1453.134s][debug][gc,age         ] GC(187) Desired survivor size 54001664 bytes, new threshold 15 (max threshold 15)
[1453.134s][info ][gc,heap        ] GC(187) PSYoungGen: 1990432K->7520K(2044416K)
[1453.134s][info ][gc,heap        ] GC(187) ParOldGen: 367902K->367902K(466944K)
[1453.134s][info ][gc,metaspace   ] GC(187) Metaspace: 75490K->75490K(1118208K)
[1453.134s][info ][gc             ] GC(187) Pause Young (Allocation Failure) 2303M->366M(2452M) 5.419ms
[1453.134s][info ][gc,cpu         ] GC(187) User=0.02s Sys=0.00s Real=0.01s
[1453.134s][info ][safepoint      ] Leaving safepoint region
[1453.134s][info ][safepoint      ] Total time for which application threads were stopped: 0.0055604 seconds, Stopping threads took: 0.0000128 seconds
[1463.209s][info ][safepoint      ] Application time: 10.0754266 seconds
[1463.209s][info ][safepoint      ] Entering safepoint region: ParallelGCFailedAllocation
[1463.210s][info ][gc,start       ] GC(188) Pause Young (Allocation Failure)
[1463.214s][debug][gc,phases      ] GC(188) Scavenge 4.464ms
[1463.214s][debug][gc,ref         ] GC(188) Skipped phase1 of Reference Processing due to unavailable references
[1463.214s][debug][gc,ref         ] GC(188) Skipped phase3 of Reference Processing due to unavailable references
[1463.214s][debug][gc,ref         ] GC(188) Skipped phase4 of Reference Processing due to unavailable references
[1463.214s][debug][gc,phases      ] GC(188) Reference Processing 0.039ms
[1463.214s][debug][gc,phases      ] GC(188) Weak Processing 0.138ms
[1463.215s][debug][gc,phases      ] GC(188) Scrub String Table 0.437ms
[1463.215s][debug][gc,age         ] GC(188) Desired survivor size 51380224 bytes, new threshold 15 (max threshold 15)
[1463.215s][info ][gc,heap        ] GC(188) PSYoungGen: 1997664K->7648K(2042880K)
[1463.215s][info ][gc,heap        ] GC(188) ParOldGen: 367902K->367902K(466944K)
[1463.215s][info ][gc,metaspace   ] GC(188) Metaspace: 75490K->75490K(1118208K)
[1463.215s][info ][gc             ] GC(188) Pause Young (Allocation Failure) 2310M->366M(2451M) 5.220ms
[1463.215s][info ][gc,cpu         ] GC(188) User=0.02s Sys=0.00s Real=0.01s
[1463.215s][info ][safepoint      ] Leaving safepoint region
[1463.215s][info ][safepoint      ] Total time for which application threads were stopped: 0.0053852 seconds, Stopping threads took: 0.0000189 seconds
[1465.215s][info ][safepoint      ] Application time: 2.0001503 seconds
[1465.215s][info ][safepoint      ] Entering safepoint region: Cleanup
[1465.215s][info ][safepoint      ] Leaving safepoint region
[1465.215s][info ][safepoint      ] Total time for which application threads were stopped: 0.0001068 seconds, Stopping threads took: 0.0000359 seconds
[1466.215s][info ][safepoint      ] Application time: 1.0000674 seconds
[1466.215s][info ][safepoint      ] Entering safepoint region: Cleanup
[1466.215s][info ][safepoint      ] Leaving safepoint region
[1466.215s][info ][safepoint      ] Total time for which application threads were stopped: 0.0001161 seconds, Stopping threads took: 0.0000474 seconds
[1469.216s][info ][safepoint      ] Application time: 3.0002532 seconds
[1469.216s][info ][safepoint      ] Entering safepoint region: Cleanup
[1469.216s][info ][safepoint      ] Leaving safepoint region
[1469.216s][info ][safepoint      ] Total time for which application threads were stopped: 0.0001664 seconds, Stopping threads took: 0.0000657 seconds
[1472.216s][info ][safepoint      ] Application time: 3.0002079 seconds
[1472.216s][info ][safepoint      ] Entering safepoint region: Cleanup
[1472.216s][info ][safepoint      ] Leaving safepoint region
[1472.216s][info ][safepoint      ] Total time for which application threads were stopped: 0.0001298 seconds, Stopping threads took: 0.0000646 seconds
[1473.005s][info ][safepoint      ] Application time: 0.7884926 seconds
[1473.005s][info ][safepoint      ] Entering safepoint region: ParallelGCFailedAllocation
[1473.005s][info ][gc,start       ] GC(189) Pause Young (Allocation Failure)
[1473.009s][debug][gc,phases      ] GC(189) Scavenge 4.245ms
[1473.009s][debug][gc,ref         ] GC(189) Skipped phase1 of Reference Processing due to unavailable references
[1473.009s][debug][gc,ref         ] GC(189) Skipped phase3 of Reference Processing due to unavailable references
[1473.009s][debug][gc,ref         ] GC(189) Skipped phase4 of Reference Processing due to unavailable references
[1473.009s][debug][gc,phases      ] GC(189) Reference Processing 0.029ms
[1473.009s][debug][gc,phases      ] GC(189) Weak Processing 0.142ms
[1473.010s][debug][gc,phases      ] GC(189) Scrub String Table 0.394ms
[1473.010s][debug][gc,age         ] GC(189) Desired survivor size 49283072 bytes, new threshold 15 (max threshold 15)
[1473.010s][info ][gc,heap        ] GC(189) PSYoungGen: 1997792K->7552K(2049024K)
[1473.010s][info ][gc,heap        ] GC(189) ParOldGen: 367902K->367902K(466944K)
[1473.010s][info ][gc,metaspace   ] GC(189) Metaspace: 75494K->75494K(1118208K)
[1473.010s][info ][gc             ] GC(189) Pause Young (Allocation Failure) 2310M->366M(2457M) 4.952ms
[1473.010s][info ][gc,cpu         ] GC(189) User=0.02s Sys=0.00s Real=0.00s
[1473.010s][info ][safepoint      ] Leaving safepoint region
[1473.010s][info ][safepoint      ] Total time for which application threads were stopped: 0.0051191 seconds, Stopping threads took: 0.0000352 seconds
[1474.010s][info ][safepoint      ] Application time: 1.0000932 seconds
[1474.010s][info ][safepoint      ] Entering safepoint region: Cleanup
[1474.010s][info ][safepoint      ] Leaving safepoint region
[1474.010s][info ][safepoint      ] Total time for which application threads were stopped: 0.0001026 seconds, Stopping threads took: 0.0000387 seconds
[1475.010s][info ][safepoint      ] Application time: 1.0000846 seconds
[1475.010s][info ][safepoint      ] Entering safepoint region: Cleanup
[1475.010s][info ][safepoint      ] Leaving safepoint region
[1475.010s][info ][safepoint      ] Total time for which application threads were stopped: 0.0001103 seconds, Stopping threads took: 0.0000413 seconds
[1476.010s][info ][safepoint      ] Application time: 1.0000749 seconds
[1476.010s][info ][safepoint      ] Entering safepoint region: Cleanup
[1476.011s][info ][safepoint      ] Leaving safepoint region
[1476.011s][info ][safepoint      ] Total time for which application threads were stopped: 0.0001588 seconds, Stopping threads took: 0.0000482 seconds
[1477.011s][info ][safepoint      ] Application time: 1.0000849 seconds
[1477.011s][info ][safepoint      ] Entering safepoint region: Cleanup
[1477.011s][info ][safepoint      ] Leaving safepoint region
[1477.011s][info ][safepoint      ] Total time for which application threads were stopped: 0.0001271 seconds, Stopping threads took: 0.0000541 seconds
[1478.011s][info ][safepoint      ] Application time: 1.0000875 seconds
[1478.011s][info ][safepoint      ] Entering safepoint region: Cleanup
[1478.011s][info ][safepoint      ] Leaving safepoint region
[1478.011s][info ][safepoint      ] Total time for which application threads were stopped: 0.0001123 seconds, Stopping threads took: 0.0000527 seconds
[1480.011s][info ][safepoint      ] Application time: 2.0001568 seconds
[1480.011s][info ][safepoint      ] Entering safepoint region: Cleanup
[1480.011s][info ][safepoint      ] Leaving safepoint region
[1480.011s][info ][safepoint      ] Total time for which application threads were stopped: 0.0000963 seconds, Stopping threads took: 0.0000344 seconds
[1482.536s][info ][safepoint      ] Application time: 2.5240987 seconds
[1482.536s][info ][safepoint      ] Entering safepoint region: ParallelGCFailedAllocation
[1482.536s][info ][gc,start       ] GC(190) Pause Young (Allocation Failure)
[1482.540s][debug][gc,phases      ] GC(190) Scavenge 4.772ms
[1482.541s][debug][gc,ref         ] GC(190) Skipped phase1 of Reference Processing due to unavailable references
[1482.541s][debug][gc,ref         ] GC(190) Skipped phase3 of Reference Processing due to unavailable references
[1482.541s][debug][gc,phases      ] GC(190) Reference Processing 0.026ms
[1482.541s][debug][gc,phases      ] GC(190) Weak Processing 0.126ms
[1482.541s][debug][gc,phases      ] GC(190) Scrub String Table 0.442ms
[1482.541s][debug][gc,age         ] GC(190) Desired survivor size 47185920 bytes, new threshold 15 (max threshold 15)
[1482.541s][info ][gc,heap        ] GC(190) PSYoungGen: 2006400K->7616K(2046976K)
[1482.541s][info ][gc,heap        ] GC(190) ParOldGen: 367902K->367902K(466944K)
[1482.541s][info ][gc,metaspace   ] GC(190) Metaspace: 75498K->75498K(1118208K)
[1482.541s][info ][gc             ] GC(190) Pause Young (Allocation Failure) 2318M->366M(2455M) 5.520ms
[1482.541s][info ][gc,cpu         ] GC(190) User=0.02s Sys=0.00s Real=0.01s
[1482.541s][info ][safepoint      ] Leaving safepoint region
[1482.541s][info ][safepoint      ] Total time for which application threads were stopped: 0.0056927 seconds, Stopping threads took: 0.0000235 seconds
[1485.541s][info ][safepoint      ] Application time: 3.0002152 seconds
[1485.542s][info ][safepoint      ] Entering safepoint region: Cleanup
[1485.542s][info ][safepoint      ] Leaving safepoint region
[1485.542s][info ][safepoint      ] Total time for which application threads were stopped: 0.0000807 seconds, Stopping threads took: 0.0000275 seconds
[1486.542s][info ][safepoint      ] Application time: 1.0000728 seconds
[1486.542s][info ][safepoint      ] Entering safepoint region: Cleanup
[1486.542s][info ][safepoint      ] Leaving safepoint region
[1486.542s][info ][safepoint      ] Total time for which application threads were stopped: 0.0000646 seconds, Stopping threads took: 0.0000129 seconds
[1488.542s][info ][safepoint      ] Application time: 2.0001166 seconds
[1488.542s][info ][safepoint      ] Entering safepoint region: Cleanup
[1488.542s][info ][safepoint      ] Leaving safepoint region
[1488.542s][info ][safepoint      ] Total time for which application threads were stopped: 0.0000781 seconds, Stopping threads took: 0.0000135 seconds
[1492.103s][info ][safepoint      ] Application time: 3.5606517 seconds
[1492.103s][info ][safepoint      ] Entering safepoint region: ParallelGCFailedAllocation
[1492.103s][info ][gc,start       ] GC(191) Pause Young (Allocation Failure)
[1492.108s][debug][gc,phases      ] GC(191) Scavenge 5.281ms
[1492.108s][debug][gc,ref         ] GC(191) Skipped phase1 of Reference Processing due to unavailable references
[1492.108s][debug][gc,ref         ] GC(191) Skipped phase3 of Reference Processing due to unavailable references
[1492.108s][debug][gc,phases      ] GC(191) Reference Processing 0.028ms
[1492.108s][debug][gc,phases      ] GC(191) Weak Processing 0.142ms
[1492.109s][debug][gc,phases      ] GC(191) Scrub String Table 0.429ms
[1492.109s][debug][gc,age         ] GC(191) Desired survivor size 45088768 bytes, new threshold 15 (max threshold 15)
[1492.109s][info ][gc,heap        ] GC(191) PSYoungGen: 2006464K->8048K(2053120K)
[1492.109s][info ][gc,heap        ] GC(191) ParOldGen: 367902K->367902K(466944K)
[1492.109s][info ][gc,metaspace   ] GC(191) Metaspace: 75500K->75500K(1118208K)
[1492.109s][info ][gc             ] GC(191) Pause Young (Allocation Failure) 2318M->367M(2461M) 6.020ms
[1492.109s][info ][gc,cpu         ] GC(191) User=0.02s Sys=0.00s Real=0.00s
[1492.109s][info ][safepoint      ] Leaving safepoint region
[1492.109s][info ][safepoint      ] Total time for which application threads were stopped: 0.0061993 seconds, Stopping threads took: 0.0000363 seconds
[1494.109s][info ][safepoint      ] Application time: 2.0001778 seconds
[1494.109s][info ][safepoint      ] Entering safepoint region: Cleanup
[1494.109s][info ][safepoint      ] Leaving safepoint region
[1494.109s][info ][safepoint      ] Total time for which application threads were stopped: 0.0001104 seconds, Stopping threads took: 0.0000437 seconds
[1496.109s][info ][safepoint      ] Application time: 2.0001649 seconds
[1496.109s][info ][safepoint      ] Entering safepoint region: Cleanup
[1496.110s][info ][safepoint      ] Leaving safepoint region
[1496.110s][info ][safepoint      ] Total time for which application threads were stopped: 0.0001131 seconds, Stopping threads took: 0.0000368 seconds
[1498.110s][info ][safepoint      ] Application time: 2.0001671 seconds
[1498.110s][info ][safepoint      ] Entering safepoint region: Cleanup
[1498.110s][info ][safepoint      ] Leaving safepoint region
[1498.110s][info ][safepoint      ] Total time for which application threads were stopped: 0.0001194 seconds, Stopping threads took: 0.0000398 seconds
[1501.110s][info ][safepoint      ] Application time: 3.0003578 seconds
[1501.110s][info ][safepoint      ] Entering safepoint region: Cleanup
[1501.110s][info ][safepoint      ] Leaving safepoint region
[1501.110s][info ][safepoint      ] Total time for which application threads were stopped: 0.0001044 seconds, Stopping threads took: 0.0000346 seconds
[1501.877s][info ][safepoint      ] Application time: 0.7666820 seconds
[1501.877s][info ][safepoint      ] Entering safepoint region: ParallelGCFailedAllocation
[1501.877s][info ][gc,start       ] GC(192) Pause Young (Allocation Failure)
[1501.882s][debug][gc,phases      ] GC(192) Scavenge 5.000ms
[1501.882s][debug][gc,ref         ] GC(192) Skipped phase1 of Reference Processing due to unavailable references
[1501.882s][debug][gc,ref         ] GC(192) Skipped phase3 of Reference Processing due to unavailable references
[1501.882s][debug][gc,phases      ] GC(192) Reference Processing 0.027ms
[1501.882s][debug][gc,phases      ] GC(192) Weak Processing 0.121ms
[1501.883s][debug][gc,phases      ] GC(192) Scrub String Table 0.443ms
[1501.883s][debug][gc,age         ] GC(192) Desired survivor size 42991616 bytes, new threshold 15 (max threshold 15)
[1501.883s][info ][gc,heap        ] GC(192) PSYoungGen: 2015088K->7984K(2051072K)
[1501.883s][info ][gc,heap        ] GC(192) ParOldGen: 367902K->367902K(466944K)
[1501.883s][info ][gc,metaspace   ] GC(192) Metaspace: 75501K->75501K(1118208K)
[1501.883s][info ][gc             ] GC(192) Pause Young (Allocation Failure) 2327M->367M(2459M) 5.721ms
[1501.883s][info ][gc,cpu         ] GC(192) User=0.02s Sys=0.00s Real=0.01s
[1501.883s][info ][safepoint      ] Leaving safepoint region
[1501.883s][info ][safepoint      ] Total time for which application threads were stopped: 0.0058871 seconds, Stopping threads took: 0.0000172 seconds
[1504.883s][info ][safepoint      ] Application time: 3.0001954 seconds
[1504.883s][info ][safepoint      ] Entering safepoint region: Cleanup
[1504.883s][info ][safepoint      ] Leaving safepoint region
[1504.883s][info ][safepoint      ] Total time for which application threads were stopped: 0.0000725 seconds, Stopping threads took: 0.0000138 seconds
[1506.883s][info ][safepoint      ] Application time: 2.0001597 seconds
[1506.884s][info ][safepoint      ] Entering safepoint region: Cleanup
[1506.884s][info ][safepoint      ] Leaving safepoint region
[1506.884s][info ][safepoint      ] Total time for which application threads were stopped: 0.0000806 seconds, Stopping threads took: 0.0000147 seconds
[1507.884s][info ][safepoint      ] Application time: 1.0000377 seconds
[1507.884s][info ][safepoint      ] Entering safepoint region: Cleanup
[1507.884s][info ][safepoint      ] Leaving safepoint region
[1507.884s][info ][safepoint      ] Total time for which application threads were stopped: 0.0000707 seconds, Stopping threads took: 0.0000139 seconds
[1508.884s][info ][safepoint      ] Application time: 1.0000740 seconds
[1508.884s][info ][safepoint      ] Entering safepoint region: Cleanup
[1508.884s][info ][safepoint      ] Leaving safepoint region
[1508.884s][info ][safepoint      ] Total time for which application threads were stopped: 0.0000755 seconds, Stopping threads took: 0.0000146 seconds
[1510.884s][info ][safepoint      ] Application time: 2.0001072 seconds
[1510.884s][info ][safepoint      ] Entering safepoint region: Cleanup
[1510.884s][info ][safepoint      ] Leaving safepoint region
[1510.884s][info ][safepoint      ] Total time for which application threads were stopped: 0.0000989 seconds, Stopping threads took: 0.0000137 seconds
[1511.374s][info ][safepoint      ] Application time: 0.4897680 seconds
[1511.374s][info ][safepoint      ] Entering safepoint region: ParallelGCFailedAllocation
[1511.374s][info ][gc,start       ] GC(193) Pause Young (Allocation Failure)
[1511.382s][debug][gc,phases      ] GC(193) Scavenge 8.162ms
[1511.382s][debug][gc,ref         ] GC(193) Skipped phase1 of Reference Processing due to unavailable references
[1511.382s][debug][gc,ref         ] GC(193) Skipped phase3 of Reference Processing due to unavailable references
[1511.382s][debug][gc,phases      ] GC(193) Reference Processing 0.029ms
[1511.383s][debug][gc,phases      ] GC(193) Weak Processing 0.146ms
[1511.383s][debug][gc,phases      ] GC(193) Scrub String Table 0.431ms
[1511.383s][debug][gc,age         ] GC(193) Desired survivor size 40370176 bytes, new threshold 15 (max threshold 15)
[1511.383s][info ][gc,heap        ] GC(193) PSYoungGen: 2015024K->13344K(2057728K)
[1511.383s][info ][gc,heap        ] GC(193) ParOldGen: 367902K->370371K(466944K)
[1511.383s][info ][gc,metaspace   ] GC(193) Metaspace: 75503K->75503K(1118208K)
[1511.383s][info ][gc             ] GC(193) Pause Young (Allocation Failure) 2327M->374M(2465M) 8.896ms
[1511.383s][info ][gc,cpu         ] GC(193) User=0.03s Sys=0.01s Real=0.01s
[1511.383s][info ][safepoint      ] Leaving safepoint region
[1511.383s][info ][safepoint      ] Total time for which application threads were stopped: 0.0090525 seconds, Stopping threads took: 0.0000132 seconds
[1513.383s][info ][safepoint      ] Application time: 2.0001602 seconds
[1513.383s][info ][safepoint      ] Entering safepoint region: Cleanup
[1513.383s][info ][safepoint      ] Leaving safepoint region
[1513.383s][info ][safepoint      ] Total time for which application threads were stopped: 0.0000929 seconds, Stopping threads took: 0.0000199 seconds
[1515.384s][info ][safepoint      ] Application time: 2.0001463 seconds
[1515.384s][info ][safepoint      ] Entering safepoint region: Cleanup
[1515.384s][info ][safepoint      ] Leaving safepoint region
[1515.384s][info ][safepoint      ] Total time for which application threads were stopped: 0.0000838 seconds, Stopping threads took: 0.0000287 seconds
[1517.384s][info ][safepoint      ] Application time: 2.0001399 seconds
[1517.384s][info ][safepoint      ] Entering safepoint region: Cleanup
[1517.384s][info ][safepoint      ] Leaving safepoint region
[1517.384s][info ][safepoint      ] Total time for which application threads were stopped: 0.0001402 seconds, Stopping threads took: 0.0000347 seconds
[1519.254s][info ][safepoint      ] Application time: 1.8697653 seconds
[1519.254s][info ][safepoint      ] Entering safepoint region: ParallelGCFailedAllocation
[1519.254s][info ][gc,start       ] GC(194) Pause Young (Allocation Failure)
[1519.264s][debug][gc,phases      ] GC(194) Scavenge 9.518ms
[1519.264s][debug][gc,ref         ] GC(194) Skipped phase1 of Reference Processing due to unavailable references
[1519.264s][debug][gc,ref         ] GC(194) Skipped phase3 of Reference Processing due to unavailable references
[1519.264s][debug][gc,phases      ] GC(194) Reference Processing 0.038ms
[1519.264s][debug][gc,phases      ] GC(194) Weak Processing 0.199ms
[1519.264s][debug][gc,phases      ] GC(194) Scrub String Table 0.630ms
[1519.264s][debug][gc,age         ] GC(194) Desired survivor size 39321600 bytes, new threshold 15 (max threshold 15)
[1519.264s][info ][gc,heap        ] GC(194) PSYoungGen: 2029088K->17472K(2055168K)
[1519.264s][info ][gc,heap        ] GC(194) ParOldGen: 370371K->370775K(466944K)
[1519.264s][info ][gc,metaspace   ] GC(194) Metaspace: 75516K->75516K(1118208K)
[1519.264s][info ][gc             ] GC(194) Pause Young (Allocation Failure) 2343M->379M(2463M) 10.554ms
[1519.265s][info ][gc,cpu         ] GC(194) User=0.04s Sys=0.00s Real=0.01s
[1519.265s][info ][safepoint      ] Leaving safepoint region
[1519.265s][info ][safepoint      ] Total time for which application threads were stopped: 0.0107622 seconds, Stopping threads took: 0.0000434 seconds
[1521.265s][info ][safepoint      ] Application time: 2.0001669 seconds
[1521.265s][info ][safepoint      ] Entering safepoint region: Cleanup
[1521.265s][info ][safepoint      ] Leaving safepoint region
[1521.265s][info ][safepoint      ] Total time for which application threads were stopped: 0.0001179 seconds, Stopping threads took: 0.0000381 seconds
[1523.265s][info ][safepoint      ] Application time: 2.0001644 seconds
[1523.265s][info ][safepoint      ] Entering safepoint region: Cleanup
[1523.265s][info ][safepoint      ] Leaving safepoint region
[1523.265s][info ][safepoint      ] Total time for which application threads were stopped: 0.0001055 seconds, Stopping threads took: 0.0000378 seconds
[1525.265s][info ][safepoint      ] Application time: 2.0001420 seconds
[1525.265s][info ][safepoint      ] Entering safepoint region: Cleanup
[1525.266s][info ][safepoint      ] Leaving safepoint region
[1525.266s][info ][safepoint      ] Total time for which application threads were stopped: 0.0000989 seconds, Stopping threads took: 0.0000341 seconds
[1528.179s][info ][safepoint      ] Application time: 2.9138240 seconds
[1528.179s][info ][safepoint      ] Entering safepoint region: ParallelGCFailedAllocation
[1528.180s][info ][gc,start       ] GC(195) Pause Young (Allocation Failure)
[1528.189s][debug][gc,phases      ] GC(195) Scavenge 8.943ms
[1528.189s][debug][gc,ref         ] GC(195) Skipped phase1 of Reference Processing due to unavailable references
[1528.189s][debug][gc,ref         ] GC(195) Skipped phase3 of Reference Processing due to unavailable references
[1528.189s][debug][gc,phases      ] GC(195) Reference Processing 0.038ms
[1528.189s][debug][gc,phases      ] GC(195) Weak Processing 0.176ms
[1528.189s][debug][gc,phases      ] GC(195) Scrub String Table 0.551ms
[1528.189s][debug][gc,age         ] GC(195) Desired survivor size 39321600 bytes, new threshold 15 (max threshold 15)
[1528.189s][info ][gc,heap        ] GC(195) PSYoungGen: 2033216K->20992K(2058752K)
[1528.189s][info ][gc,heap        ] GC(195) ParOldGen: 370775K->371119K(466944K)
[1528.189s][info ][gc,metaspace   ] GC(195) Metaspace: 75517K->75517K(1118208K)
[1528.189s][info ][gc             ] GC(195) Pause Young (Allocation Failure) 2347M->382M(2466M) 9.901ms
[1528.189s][info ][gc,cpu         ] GC(195) User=0.03s Sys=0.00s Real=0.01s
[1528.189s][info ][safepoint      ] Leaving safepoint region
[1528.189s][info ][safepoint      ] Total time for which application threads were stopped: 0.0101020 seconds, Stopping threads took: 0.0000178 seconds
[1529.190s][info ][safepoint      ] Application time: 1.0000881 seconds
[1529.190s][info ][safepoint      ] Entering safepoint region: Cleanup
[1529.190s][info ][safepoint      ] Leaving safepoint region
[1529.190s][info ][safepoint      ] Total time for which application threads were stopped: 0.0000672 seconds, Stopping threads took: 0.0000123 seconds
[1535.190s][info ][safepoint      ] Application time: 6.0004073 seconds
[1535.190s][info ][safepoint      ] Entering safepoint region: Cleanup
[1535.190s][info ][safepoint      ] Leaving safepoint region
[1535.190s][info ][safepoint      ] Total time for which application threads were stopped: 0.0000760 seconds, Stopping threads took: 0.0000141 seconds
[1537.663s][info ][safepoint      ] Application time: 2.4725160 seconds
[1537.663s][info ][safepoint      ] Entering safepoint region: ParallelGCFailedAllocation
[1537.663s][info ][gc,start       ] GC(196) Pause Young (Allocation Failure)
[1537.671s][debug][gc,phases      ] GC(196) Scavenge 8.153ms
[1537.671s][debug][gc,ref         ] GC(196) Skipped phase1 of Reference Processing due to unavailable references
[1537.671s][debug][gc,ref         ] GC(196) Skipped phase3 of Reference Processing due to unavailable references
[1537.671s][debug][gc,phases      ] GC(196) Reference Processing 0.034ms
[1537.671s][debug][gc,phases      ] GC(196) Weak Processing 0.159ms
[1537.672s][debug][gc,phases      ] GC(196) Scrub String Table 0.440ms
[1537.672s][debug][gc,age         ] GC(196) Desired survivor size 39845888 bytes, new threshold 15 (max threshold 15)
[1537.672s][info ][gc,heap        ] GC(196) PSYoungGen: 2041344K->21472K(2041856K)
[1537.672s][info ][gc,heap        ] GC(196) ParOldGen: 371119K->371183K(466944K)
[1537.672s][info ][gc,metaspace   ] GC(196) Metaspace: 75519K->75519K(1118208K)
[1537.672s][info ][gc             ] GC(196) Pause Young (Allocation Failure) 2355M->383M(2450M) 8.958ms
[1537.672s][info ][gc,cpu         ] GC(196) User=0.04s Sys=0.00s Real=0.00s
[1537.672s][info ][safepoint      ] Leaving safepoint region
[1537.672s][info ][safepoint      ] Total time for which application threads were stopped: 0.0091177 seconds, Stopping threads took: 0.0000139 seconds
[1540.672s][info ][safepoint      ] Application time: 3.0002207 seconds
[1540.672s][info ][safepoint      ] Entering safepoint region: Cleanup
[1540.672s][info ][safepoint      ] Leaving safepoint region
[1540.672s][info ][safepoint      ] Total time for which application threads were stopped: 0.0001142 seconds, Stopping threads took: 0.0000348 seconds
[1543.673s][info ][safepoint      ] Application time: 3.0002104 seconds
[1543.673s][info ][safepoint      ] Entering safepoint region: Cleanup
[1543.673s][info ][safepoint      ] Leaving safepoint region
[1543.673s][info ][safepoint      ] Total time for which application threads were stopped: 0.0001351 seconds, Stopping threads took: 0.0000489 seconds
[1546.948s][info ][safepoint      ] Application time: 3.2752527 seconds
[1546.948s][info ][safepoint      ] Entering safepoint region: ParallelGCFailedAllocation
[1546.948s][info ][gc,start       ] GC(197) Pause Young (Allocation Failure)
[1546.958s][debug][gc,phases      ] GC(197) Scavenge 9.403ms
[1546.958s][debug][gc,ref         ] GC(197) Skipped phase1 of Reference Processing due to unavailable references
[1546.958s][debug][gc,ref         ] GC(197) Skipped phase3 of Reference Processing due to unavailable references
[1546.958s][debug][gc,phases      ] GC(197) Reference Processing 0.040ms
[1546.958s][debug][gc,phases      ] GC(197) Weak Processing 0.178ms
[1546.958s][debug][gc,phases      ] GC(197) Scrub String Table 0.505ms
[1546.958s][debug][gc,age         ] GC(197) Desired survivor size 40894464 bytes, new threshold 15 (max threshold 15)
[1546.958s][info ][gc,heap        ] GC(197) PSYoungGen: 2041824K->24208K(2056192K)
[1546.958s][info ][gc,heap        ] GC(197) ParOldGen: 371183K->371295K(466944K)
[1546.958s][info ][gc,metaspace   ] GC(197) Metaspace: 75524K->75524K(1118208K)
[1546.958s][info ][gc             ] GC(197) Pause Young (Allocation Failure) 2356M->386M(2464M) 10.279ms
[1546.958s][info ][gc,cpu         ] GC(197) User=0.03s Sys=0.01s Real=0.01s
[1546.958s][info ][safepoint      ] Leaving safepoint region
[1546.958s][info ][safepoint      ] Total time for which application threads were stopped: 0.0104720 seconds, Stopping threads took: 0.0000429 seconds
[1547.959s][info ][safepoint      ] Application time: 1.0000979 seconds
[1547.959s][info ][safepoint      ] Entering safepoint region: Cleanup
[1547.959s][info ][safepoint      ] Leaving safepoint region
[1547.959s][info ][safepoint      ] Total time for which application threads were stopped: 0.0000971 seconds, Stopping threads took: 0.0000345 seconds
[1549.959s][info ][safepoint      ] Application time: 2.0001831 seconds
[1549.959s][info ][safepoint      ] Entering safepoint region: Cleanup
[1549.959s][info ][safepoint      ] Leaving safepoint region
[1549.959s][info ][safepoint      ] Total time for which application threads were stopped: 0.0001069 seconds, Stopping threads took: 0.0000351 seconds
[1553.959s][info ][safepoint      ] Application time: 4.0003046 seconds
[1553.959s][info ][safepoint      ] Entering safepoint region: Cleanup
[1553.959s][info ][safepoint      ] Leaving safepoint region
[1553.959s][info ][safepoint      ] Total time for which application threads were stopped: 0.0001226 seconds, Stopping threads took: 0.0000353 seconds
[1554.960s][info ][safepoint      ] Application time: 1.0000805 seconds
[1554.960s][info ][safepoint      ] Entering safepoint region: Cleanup
[1554.960s][info ][safepoint      ] Leaving safepoint region
[1554.960s][info ][safepoint      ] Total time for which application threads were stopped: 0.0001295 seconds, Stopping threads took: 0.0000520 seconds
[1555.960s][info ][safepoint      ] Application time: 1.0000574 seconds
[1555.960s][info ][safepoint      ] Entering safepoint region: Cleanup
[1555.960s][info ][safepoint      ] Leaving safepoint region
[1555.960s][info ][safepoint      ] Total time for which application threads were stopped: 0.0001103 seconds, Stopping threads took: 0.0000363 seconds
[1556.576s][info ][safepoint      ] Application time: 0.6157793 seconds
[1556.576s][info ][safepoint      ] Entering safepoint region: ParallelGCFailedAllocation
[1556.576s][info ][gc,start       ] GC(198) Pause Young (Allocation Failure)
[1556.587s][debug][gc,phases      ] GC(198) Scavenge 10.848ms
[1556.587s][debug][gc,ref         ] GC(198) Skipped phase1 of Reference Processing due to unavailable references
[1556.587s][debug][gc,ref         ] GC(198) Skipped phase3 of Reference Processing due to unavailable references
[1556.587s][debug][gc,phases      ] GC(198) Reference Processing 0.031ms
[1556.587s][debug][gc,phases      ] GC(198) Weak Processing 0.164ms
[1556.587s][debug][gc,phases      ] GC(198) Scrub String Table 0.456ms
[1556.587s][debug][gc,age         ] GC(198) Desired survivor size 44040192 bytes, new threshold 15 (max threshold 15)
[1556.587s][info ][gc,heap        ] GC(198) PSYoungGen: 2041488K->30760K(2048512K)
[1556.587s][info ][gc,heap        ] GC(198) ParOldGen: 371295K->371351K(466944K)
[1556.588s][info ][gc,metaspace   ] GC(198) Metaspace: 75539K->75539K(1118208K)
[1556.588s][info ][gc             ] GC(198) Pause Young (Allocation Failure) 2356M->392M(2456M) 11.632ms
[1556.588s][info ][gc,cpu         ] GC(198) User=0.04s Sys=0.00s Real=0.01s
[1556.588s][info ][safepoint      ] Leaving safepoint region
[1556.588s][info ][safepoint      ] Total time for which application threads were stopped: 0.0117843 seconds, Stopping threads took: 0.0000120 seconds
[1557.588s][info ][safepoint      ] Application time: 1.0000788 seconds
[1557.588s][info ][safepoint      ] Entering safepoint region: Cleanup
[1557.588s][info ][safepoint      ] Leaving safepoint region
[1557.588s][info ][safepoint      ] Total time for which application threads were stopped: 0.0001449 seconds, Stopping threads took: 0.0000516 seconds
[1558.588s][info ][safepoint      ] Application time: 1.0000867 seconds
[1558.588s][info ][safepoint      ] Entering safepoint region: Cleanup
[1558.588s][info ][safepoint      ] Leaving safepoint region
[1558.588s][info ][safepoint      ] Total time for which application threads were stopped: 0.0001532 seconds, Stopping threads took: 0.0000576 seconds
[1559.588s][info ][safepoint      ] Application time: 1.0000839 seconds
[1559.588s][info ][safepoint      ] Entering safepoint region: Cleanup
[1559.588s][info ][safepoint      ] Leaving safepoint region
[1559.588s][info ][safepoint      ] Total time for which application threads were stopped: 0.0001087 seconds, Stopping threads took: 0.0000207 seconds
[1560.588s][info ][safepoint      ] Application time: 1.0000737 seconds
[1560.588s][info ][safepoint      ] Entering safepoint region: Cleanup
[1560.589s][info ][safepoint      ] Leaving safepoint region
[1560.589s][info ][safepoint      ] Total time for which application threads were stopped: 0.0000870 seconds, Stopping threads took: 0.0000146 seconds
[1561.589s][info ][safepoint      ] Application time: 1.0000377 seconds
[1561.589s][info ][safepoint      ] Entering safepoint region: Cleanup
[1561.589s][info ][safepoint      ] Leaving safepoint region
[1561.589s][info ][safepoint      ] Total time for which application threads were stopped: 0.0000938 seconds, Stopping threads took: 0.0000207 seconds
[1563.589s][info ][safepoint      ] Application time: 2.0001366 seconds
[1563.589s][info ][safepoint      ] Entering safepoint region: Cleanup
[1563.589s][info ][safepoint      ] Leaving safepoint region
[1563.589s][info ][safepoint      ] Total time for which application threads were stopped: 0.0001163 seconds, Stopping threads took: 0.0000173 seconds
[1564.589s][info ][safepoint      ] Application time: 1.0000676 seconds
[1564.589s][info ][safepoint      ] Entering safepoint region: Cleanup
[1564.589s][info ][safepoint      ] Leaving safepoint region
[1564.589s][info ][safepoint      ] Total time for which application threads were stopped: 0.0000844 seconds, Stopping threads took: 0.0000153 seconds
[1565.394s][info ][safepoint      ] Application time: 0.8048444 seconds
[1565.394s][info ][safepoint      ] Entering safepoint region: ParallelGCFailedAllocation
[1565.394s][info ][gc,start       ] GC(199) Pause Young (Allocation Failure)
[1565.408s][debug][gc,phases      ] GC(199) Scavenge 13.997ms
[1565.408s][debug][gc,ref         ] GC(199) Skipped phase1 of Reference Processing due to unavailable references
[1565.408s][debug][gc,ref         ] GC(199) Skipped phase3 of Reference Processing due to unavailable references
[1565.408s][debug][gc,phases      ] GC(199) Reference Processing 0.037ms
[1565.409s][debug][gc,phases      ] GC(199) Weak Processing 0.176ms
[1565.409s][debug][gc,phases      ] GC(199) Scrub String Table 0.553ms
[1565.409s][debug][gc,age         ] GC(199) Desired survivor size 49283072 bytes, new threshold 15 (max threshold 15)
[1565.409s][info ][gc,heap        ] GC(199) PSYoungGen: 2048040K->37704K(2043904K)
[1565.409s][info ][gc,heap        ] GC(199) ParOldGen: 371351K->371423K(466944K)
[1565.409s][info ][gc,metaspace   ] GC(199) Metaspace: 75556K->75556K(1118208K)
[1565.409s][info ][gc             ] GC(199) Pause Young (Allocation Failure) 2362M->399M(2452M) 14.924ms
[1565.409s][info ][gc,cpu         ] GC(199) User=0.05s Sys=0.00s Real=0.01s
[1565.409s][info ][safepoint      ] Leaving safepoint region
[1565.409s][info ][safepoint      ] Total time for which application threads were stopped: 0.0150914 seconds, Stopping threads took: 0.0000119 seconds
[1568.410s][info ][safepoint      ] Application time: 3.0002509 seconds
[1568.410s][info ][safepoint      ] Entering safepoint region: Cleanup
[1568.410s][info ][safepoint      ] Leaving safepoint region
[1568.410s][info ][safepoint      ] Total time for which application threads were stopped: 0.0001164 seconds, Stopping threads took: 0.0000479 seconds
[1569.410s][info ][safepoint      ] Application time: 1.0000793 seconds
[1569.410s][info ][safepoint      ] Entering safepoint region: Cleanup
[1569.410s][info ][safepoint      ] Leaving safepoint region
[1569.410s][info ][safepoint      ] Total time for which application threads were stopped: 0.0001009 seconds, Stopping threads took: 0.0000318 seconds
[1570.410s][info ][safepoint      ] Application time: 1.0000742 seconds
[1570.410s][info ][safepoint      ] Entering safepoint region: Cleanup
[1570.410s][info ][safepoint      ] Leaving safepoint region
[1570.410s][info ][safepoint      ] Total time for which application threads were stopped: 0.0001092 seconds, Stopping threads took: 0.0000369 seconds
[1574.026s][info ][safepoint      ] Application time: 3.6161999 seconds
[1574.026s][info ][safepoint      ] Entering safepoint region: ParallelGCFailedAllocation
[1574.027s][info ][gc,start       ] GC(200) Pause Young (Allocation Failure)
[1574.039s][debug][gc,phases      ] GC(200) Scavenge 12.463ms
[1574.039s][debug][gc,ref         ] GC(200) Skipped phase1 of Reference Processing due to unavailable references
[1574.039s][debug][gc,ref         ] GC(200) Skipped phase3 of Reference Processing due to unavailable references
[1574.039s][debug][gc,phases      ] GC(200) Reference Processing 0.031ms
[1574.039s][debug][gc,phases      ] GC(200) Weak Processing 0.159ms
[1574.040s][debug][gc,phases      ] GC(200) Scrub String Table 0.448ms
[1574.040s][debug][gc,age         ] GC(200) Desired survivor size 55050240 bytes, new threshold 15 (max threshold 15)
[1574.040s][info ][gc,heap        ] GC(200) PSYoungGen: 2038600K->42104K(2043392K)
[1574.040s][info ][gc,heap        ] GC(200) ParOldGen: 371423K->371487K(466944K)
[1574.040s][info ][gc,metaspace   ] GC(200) Metaspace: 75568K->75568K(1118208K)
[1574.040s][info ][gc             ] GC(200) Pause Young (Allocation Failure) 2353M->403M(2451M) 13.243ms
[1574.040s][info ][gc,cpu         ] GC(200) User=0.05s Sys=0.00s Real=0.01s
[1574.040s][info ][safepoint      ] Leaving safepoint region
[1574.040s][info ][safepoint      ] Total time for which application threads were stopped: 0.0134649 seconds, Stopping threads took: 0.0000200 seconds
[1576.040s][info ][safepoint      ] Application time: 2.0001487 seconds
[1576.040s][info ][safepoint      ] Entering safepoint region: Cleanup
[1576.040s][info ][safepoint      ] Leaving safepoint region
[1576.040s][info ][safepoint      ] Total time for which application threads were stopped: 0.0000767 seconds, Stopping threads took: 0.0000151 seconds
[1577.040s][info ][safepoint      ] Application time: 1.0000671 seconds
[1577.040s][info ][safepoint      ] Entering safepoint region: Cleanup
[1577.040s][info ][safepoint      ] Leaving safepoint region
[1577.040s][info ][safepoint      ] Total time for which application threads were stopped: 0.0000797 seconds, Stopping threads took: 0.0000263 seconds
[1579.040s][info ][safepoint      ] Application time: 2.0001161 seconds
[1579.040s][info ][safepoint      ] Entering safepoint region: Cleanup
[1579.041s][info ][safepoint      ] Leaving safepoint region
[1579.041s][info ][safepoint      ] Total time for which application threads were stopped: 0.0000910 seconds, Stopping threads took: 0.0000150 seconds
[1580.041s][info ][safepoint      ] Application time: 1.0000680 seconds
[1580.041s][info ][safepoint      ] Entering safepoint region: Cleanup
[1580.041s][info ][safepoint      ] Leaving safepoint region
[1580.041s][info ][safepoint      ] Total time for which application threads were stopped: 0.0000755 seconds, Stopping threads took: 0.0000147 seconds
[1581.041s][info ][safepoint      ] Application time: 1.0000437 seconds
[1581.041s][info ][safepoint      ] Entering safepoint region: Cleanup
[1581.041s][info ][safepoint      ] Leaving safepoint region
[1581.041s][info ][safepoint      ] Total time for which application threads were stopped: 0.0000803 seconds, Stopping threads took: 0.0000135 seconds
[1582.041s][info ][safepoint      ] Application time: 1.0000734 seconds
[1582.041s][info ][safepoint      ] Entering safepoint region: Cleanup
[1582.041s][info ][safepoint      ] Leaving safepoint region
[1582.041s][info ][safepoint      ] Total time for which application threads were stopped: 0.0000858 seconds, Stopping threads took: 0.0000312 seconds
[1582.307s][info ][safepoint      ] Application time: 0.2663553 seconds
[1582.307s][info ][safepoint      ] Entering safepoint region: ParallelGCFailedAllocation
[1582.308s][info ][gc,start       ] GC(201) Pause Young (Allocation Failure)
[1582.322s][debug][gc,phases      ] GC(201) Scavenge 14.509ms
[1582.322s][debug][gc,ref         ] GC(201) Skipped phase1 of Reference Processing due to unavailable references
[1582.322s][debug][gc,ref         ] GC(201) Skipped phase3 of Reference Processing due to unavailable references
[1582.322s][debug][gc,phases      ] GC(201) Reference Processing 0.029ms
[1582.322s][debug][gc,phases      ] GC(201) Weak Processing 0.151ms
[1582.323s][debug][gc,phases      ] GC(201) Scrub String Table 0.459ms
[1582.323s][debug][gc,age         ] GC(201) Desired survivor size 60817408 bytes, new threshold 15 (max threshold 15)
[1582.323s][info ][gc,heap        ] GC(201) PSYoungGen: 2043000K->45400K(2032128K)
[1582.323s][info ][gc,heap        ] GC(201) ParOldGen: 371487K->371559K(466944K)
[1582.323s][info ][gc,metaspace   ] GC(201) Metaspace: 75570K->75570K(1118208K)
[1582.323s][info ][gc             ] GC(201) Pause Young (Allocation Failure) 2357M->407M(2440M) 15.278ms
[1582.323s][info ][gc,cpu         ] GC(201) User=0.05s Sys=0.00s Real=0.02s
[1582.323s][info ][safepoint      ] Leaving safepoint region
[1582.323s][info ][safepoint      ] Total time for which application threads were stopped: 0.0154354 seconds, Stopping threads took: 0.0000131 seconds
[1586.323s][info ][safepoint      ] Application time: 4.0002483 seconds
[1586.323s][info ][safepoint      ] Entering safepoint region: Cleanup
[1586.323s][info ][safepoint      ] Leaving safepoint region
[1586.323s][info ][safepoint      ] Total time for which application threads were stopped: 0.0001061 seconds, Stopping threads took: 0.0000440 seconds
[1587.323s][info ][safepoint      ] Application time: 1.0000737 seconds
[1587.323s][info ][safepoint      ] Entering safepoint region: Cleanup
[1587.324s][info ][safepoint      ] Leaving safepoint region
[1587.324s][info ][safepoint      ] Total time for which application threads were stopped: 0.0001226 seconds, Stopping threads took: 0.0000509 seconds
[1588.324s][info ][safepoint      ] Application time: 1.0000865 seconds
[1588.324s][info ][safepoint      ] Entering safepoint region: Cleanup
[1588.324s][info ][safepoint      ] Leaving safepoint region
[1588.324s][info ][safepoint      ] Total time for which application threads were stopped: 0.0001042 seconds, Stopping threads took: 0.0000376 seconds
[1589.324s][info ][safepoint      ] Application time: 1.0000302 seconds
[1589.324s][info ][safepoint      ] Entering safepoint region: Cleanup
[1589.324s][info ][safepoint      ] Leaving safepoint region
[1589.324s][info ][safepoint      ] Total time for which application threads were stopped: 0.0001107 seconds, Stopping threads took: 0.0000339 seconds
[1590.711s][info ][safepoint      ] Application time: 1.3868328 seconds
[1590.711s][info ][safepoint      ] Entering safepoint region: ParallelGCFailedAllocation
[1590.711s][info ][gc,start       ] GC(202) Pause Young (Allocation Failure)
[1590.726s][debug][gc,phases      ] GC(202) Scavenge 14.955ms
[1590.726s][debug][gc,ref         ] GC(202) Skipped phase1 of Reference Processing due to unavailable references
[1590.726s][debug][gc,ref         ] GC(202) Skipped phase3 of Reference Processing due to unavailable references
[1590.726s][debug][gc,phases      ] GC(202) Reference Processing 0.030ms
[1590.726s][debug][gc,phases      ] GC(202) Weak Processing 0.172ms
[1590.727s][debug][gc,phases      ] GC(202) Scrub String Table 0.482ms
[1590.727s][debug][gc,age         ] GC(202) Desired survivor size 66584576 bytes, new threshold 15 (max threshold 15)
[1590.727s][info ][gc,heap        ] GC(202) PSYoungGen: 2023768K->49080K(2027520K)
[1590.727s][info ][gc,heap        ] GC(202) ParOldGen: 371559K->371639K(466944K)
[1590.727s][info ][gc,metaspace   ] GC(202) Metaspace: 75574K->75574K(1118208K)
[1590.727s][info ][gc             ] GC(202) Pause Young (Allocation Failure) 2339M->410M(2436M) 15.805ms
[1590.727s][info ][gc,cpu         ] GC(202) User=0.06s Sys=0.00s Real=0.02s
[1590.727s][info ][safepoint      ] Leaving safepoint region
[1590.727s][info ][safepoint      ] Total time for which application threads were stopped: 0.0159864 seconds, Stopping threads took: 0.0000169 seconds
[1591.727s][info ][safepoint      ] Application time: 1.0000833 seconds
[1591.727s][info ][safepoint      ] Entering safepoint region: Cleanup
[1591.727s][info ][safepoint      ] Leaving safepoint region
[1591.727s][info ][safepoint      ] Total time for which application threads were stopped: 0.0000993 seconds, Stopping threads took: 0.0000310 seconds
[1593.727s][info ][safepoint      ] Application time: 2.0001525 seconds
[1593.727s][info ][safepoint      ] Entering safepoint region: Cleanup
[1593.727s][info ][safepoint      ] Leaving safepoint region
[1593.727s][info ][safepoint      ] Total time for which application threads were stopped: 0.0000857 seconds, Stopping threads took: 0.0000210 seconds
[1594.727s][info ][safepoint      ] Application time: 1.0000790 seconds
[1594.727s][info ][safepoint      ] Entering safepoint region: Cleanup
[1594.728s][info ][safepoint      ] Leaving safepoint region
[1594.728s][info ][safepoint      ] Total time for which application threads were stopped: 0.0000701 seconds, Stopping threads took: 0.0000142 seconds
[1597.728s][info ][safepoint      ] Application time: 3.0001950 seconds
[1597.728s][info ][safepoint      ] Entering safepoint region: Cleanup
[1597.728s][info ][safepoint      ] Leaving safepoint region
[1597.728s][info ][safepoint      ] Total time for which application threads were stopped: 0.0000683 seconds, Stopping threads took: 0.0000136 seconds
[1598.728s][info ][safepoint      ] Application time: 1.0000673 seconds
[1598.728s][info ][safepoint      ] Entering safepoint region: Cleanup
[1598.728s][info ][safepoint      ] Leaving safepoint region
[1598.728s][info ][safepoint      ] Total time for which application threads were stopped: 0.0001185 seconds, Stopping threads took: 0.0000528 seconds
[1599.920s][info ][safepoint      ] Application time: 1.1916318 seconds
[1599.920s][info ][safepoint      ] Entering safepoint region: ParallelGCFailedAllocation
[1599.920s][info ][gc,start       ] GC(203) Pause Young (Allocation Failure)
[1599.936s][debug][gc,phases      ] GC(203) Scavenge 16.263ms
[1599.936s][debug][gc,ref         ] GC(203) Skipped phase1 of Reference Processing due to unavailable references
[1599.936s][debug][gc,ref         ] GC(203) Skipped phase3 of Reference Processing due to unavailable references
[1599.936s][debug][gc,phases      ] GC(203) Reference Processing 0.030ms
[1599.936s][debug][gc,phases      ] GC(203) Weak Processing 0.148ms
[1599.937s][debug][gc,phases      ] GC(203) Scrub String Table 0.459ms
[1599.937s][debug][gc,age         ] GC(203) Desired survivor size 72876032 bytes, new threshold 15 (max threshold 15)
[1599.937s][info ][gc,heap        ] GC(203) PSYoungGen: 2027448K->53416K(2019840K)
[1599.937s][info ][gc,heap        ] GC(203) ParOldGen: 371639K->371723K(466944K)
[1599.937s][info ][gc,metaspace   ] GC(203) Metaspace: 75587K->75587K(1118208K)
[1599.937s][info ][gc             ] GC(203) Pause Young (Allocation Failure) 2342M->415M(2428M) 17.025ms
[1599.937s][info ][gc,cpu         ] GC(203) User=0.06s Sys=0.01s Real=0.02s
[1599.937s][info ][safepoint      ] Leaving safepoint region
[1599.937s][info ][safepoint      ] Total time for which application threads were stopped: 0.0171815 seconds, Stopping threads took: 0.0000122 seconds
[1602.937s][info ][safepoint      ] Application time: 3.0002072 seconds
[1602.937s][info ][safepoint      ] Entering safepoint region: Cleanup
[1602.937s][info ][safepoint      ] Leaving safepoint region
[1602.937s][info ][safepoint      ] Total time for which application threads were stopped: 0.0000851 seconds, Stopping threads took: 0.0000203 seconds
[1603.241s][info ][safepoint      ] Application time: 0.3037794 seconds
[1603.241s][info ][safepoint      ] Entering safepoint region: RevokeBias
[1603.241s][info ][safepoint      ] Leaving safepoint region
[1603.241s][info ][safepoint      ] Total time for which application threads were stopped: 0.0000762 seconds, Stopping threads took: 0.0000100 seconds
[1603.241s][info ][safepoint      ] Application time: 0.0000272 seconds
[1603.241s][info ][safepoint      ] Entering safepoint region: BulkRevokeBias
[1603.241s][info ][safepoint      ] Leaving safepoint region
[1603.241s][info ][safepoint      ] Total time for which application threads were stopped: 0.0001450 seconds, Stopping threads took: 0.0000038 seconds
[1603.242s][info ][safepoint      ] Application time: 0.0005228 seconds
[1603.242s][info ][safepoint      ] Entering safepoint region: RevokeBias
[1603.242s][info ][safepoint      ] Leaving safepoint region
[1603.242s][info ][safepoint      ] Total time for which application threads were stopped: 0.0000539 seconds, Stopping threads took: 0.0000084 seconds
[1603.245s][info ][safepoint      ] Application time: 0.0033257 seconds
[1603.245s][info ][safepoint      ] Entering safepoint region: RevokeBias
[1603.245s][info ][safepoint      ] Leaving safepoint region
[1603.245s][info ][safepoint      ] Total time for which application threads were stopped: 0.0000545 seconds, Stopping threads took: 0.0000103 seconds
[1604.245s][info ][safepoint      ] Application time: 1.0000751 seconds
[1604.245s][info ][safepoint      ] Entering safepoint region: Cleanup
[1604.246s][info ][safepoint      ] Leaving safepoint region
[1604.246s][info ][safepoint      ] Total time for which application threads were stopped: 0.0000669 seconds, Stopping threads took: 0.0000132 seconds
[1605.246s][info ][safepoint      ] Application time: 1.0000672 seconds
[1605.246s][info ][safepoint      ] Entering safepoint region: Cleanup
[1605.246s][info ][safepoint      ] Leaving safepoint region
[1605.246s][info ][safepoint      ] Total time for which application threads were stopped: 0.0000643 seconds, Stopping threads took: 0.0000114 seconds
[1606.246s][info ][safepoint      ] Application time: 1.0000661 seconds
[1606.246s][info ][safepoint      ] Entering safepoint region: Cleanup
[1606.246s][info ][safepoint      ] Leaving safepoint region
[1606.246s][info ][safepoint      ] Total time for which application threads were stopped: 0.0000674 seconds, Stopping threads took: 0.0000121 seconds
[1609.070s][info ][safepoint      ] Application time: 2.8240371 seconds
[1609.070s][info ][safepoint      ] Entering safepoint region: ParallelGCFailedAllocation
[1609.070s][info ][gc,start       ] GC(204) Pause Young (Allocation Failure)
[1609.086s][debug][gc,phases      ] GC(204) Scavenge 15.885ms
[1609.086s][debug][gc,ref         ] GC(204) Skipped phase1 of Reference Processing due to unavailable references
[1609.086s][debug][gc,ref         ] GC(204) Skipped phase3 of Reference Processing due to unavailable references
[1609.086s][debug][gc,phases      ] GC(204) Reference Processing 0.032ms
[1609.086s][debug][gc,phases      ] GC(204) Weak Processing 0.153ms
[1609.087s][debug][gc,phases      ] GC(204) Scrub String Table 0.424ms
[1609.087s][debug][gc,age         ] GC(204) Desired survivor size 78643200 bytes, new threshold 15 (max threshold 15)
[1609.087s][info ][gc,heap        ] GC(204) PSYoungGen: 2008232K->55944K(2011136K)
[1609.087s][info ][gc,heap        ] GC(204) ParOldGen: 371723K->371795K(466944K)
[1609.087s][info ][gc,metaspace   ] GC(204) Metaspace: 75589K->75589K(1118208K)
[1609.087s][info ][gc             ] GC(204) Pause Young (Allocation Failure) 2324M->417M(2420M) 16.618ms
[1609.087s][info ][gc,cpu         ] GC(204) User=0.06s Sys=0.00s Real=0.02s
[1609.087s][info ][safepoint      ] Leaving safepoint region
[1609.087s][info ][safepoint      ] Total time for which application threads were stopped: 0.0167733 seconds, Stopping threads took: 0.0000177 seconds
[1609.294s][info ][safepoint      ] Application time: 0.2068593 seconds
[1609.294s][info ][safepoint      ] Entering safepoint region: RevokeBias
[1609.294s][info ][safepoint      ] Leaving safepoint region
[1609.294s][info ][safepoint      ] Total time for which application threads were stopped: 0.0000872 seconds, Stopping threads took: 0.0000096 seconds
[1610.294s][info ][safepoint      ] Application time: 1.0000362 seconds
[1610.294s][info ][safepoint      ] Entering safepoint region: Cleanup
[1610.294s][info ][safepoint      ] Leaving safepoint region
[1610.294s][info ][safepoint      ] Total time for which application threads were stopped: 0.0000623 seconds, Stopping threads took: 0.0000118 seconds
[1611.294s][info ][safepoint      ] Application time: 1.0000718 seconds
[1611.294s][info ][safepoint      ] Entering safepoint region: Cleanup
[1611.294s][info ][safepoint      ] Leaving safepoint region
[1611.294s][info ][safepoint      ] Total time for which application threads were stopped: 0.0000768 seconds, Stopping threads took: 0.0000140 seconds
[1612.294s][info ][safepoint      ] Application time: 1.0000756 seconds
[1612.294s][info ][safepoint      ] Entering safepoint region: Cleanup
[1612.294s][info ][safepoint      ] Leaving safepoint region
[1612.294s][info ][safepoint      ] Total time for which application threads were stopped: 0.0000634 seconds, Stopping threads took: 0.0000115 seconds
[1614.294s][info ][safepoint      ] Application time: 2.0001370 seconds
[1614.294s][info ][safepoint      ] Entering safepoint region: Cleanup
[1614.294s][info ][safepoint      ] Leaving safepoint region
[1614.294s][info ][safepoint      ] Total time for which application threads were stopped: 0.0000897 seconds, Stopping threads took: 0.0000128 seconds
[1615.295s][info ][safepoint      ] Application time: 1.0000716 seconds
[1615.295s][info ][safepoint      ] Entering safepoint region: Cleanup
[1615.295s][info ][safepoint      ] Leaving safepoint region
[1615.295s][info ][safepoint      ] Total time for which application threads were stopped: 0.0000922 seconds, Stopping threads took: 0.0000300 seconds
[1617.901s][info ][safepoint      ] Application time: 2.6065158 seconds
[1617.901s][info ][safepoint      ] Entering safepoint region: ParallelGCFailedAllocation
[1617.901s][info ][gc,start       ] GC(205) Pause Young (Allocation Failure)
[1617.920s][debug][gc,phases      ] GC(205) Scavenge 19.001ms
[1617.920s][debug][gc,ref         ] GC(205) Skipped phase1 of Reference Processing due to unavailable references
[1617.920s][debug][gc,ref         ] GC(205) Skipped phase3 of Reference Processing due to unavailable references
[1617.920s][debug][gc,phases      ] GC(205) Reference Processing 0.029ms
[1617.921s][debug][gc,phases      ] GC(205) Weak Processing 0.200ms
[1617.921s][debug][gc,phases      ] GC(205) Scrub String Table 0.431ms
[1617.921s][debug][gc,age         ] GC(205) Desired survivor size 84934656 bytes, new threshold 15 (max threshold 15)
[1617.921s][info ][gc,heap        ] GC(205) PSYoungGen: 2010760K->60064K(2008064K)
[1617.921s][info ][gc,heap        ] GC(205) ParOldGen: 371795K->371955K(466944K)
[1617.921s][info ][gc,metaspace   ] GC(205) Metaspace: 75593K->75593K(1118208K)
[1617.921s][info ][gc             ] GC(205) Pause Young (Allocation Failure) 2326M->421M(2417M) 19.790ms
[1617.921s][info ][gc,cpu         ] GC(205) User=0.07s Sys=0.00s Real=0.02s
[1617.921s][info ][safepoint      ] Leaving safepoint region
[1617.921s][info ][safepoint      ] Total time for which application threads were stopped: 0.0199389 seconds, Stopping threads took: 0.0000133 seconds
[1622.921s][info ][safepoint      ] Application time: 5.0002887 seconds
[1622.922s][info ][safepoint      ] Entering safepoint region: Cleanup
[1622.922s][info ][safepoint      ] Leaving safepoint region
[1622.922s][info ][safepoint      ] Total time for which application threads were stopped: 0.0001109 seconds, Stopping threads took: 0.0000377 seconds
[1625.922s][info ][safepoint      ] Application time: 3.0002296 seconds
[1625.922s][info ][safepoint      ] Entering safepoint region: Cleanup
[1625.922s][info ][safepoint      ] Leaving safepoint region
[1625.922s][info ][safepoint      ] Total time for which application threads were stopped: 0.0001334 seconds, Stopping threads took: 0.0000546 seconds
[1626.107s][info ][safepoint      ] Application time: 0.1850977 seconds
[1626.107s][info ][safepoint      ] Entering safepoint region: ParallelGCFailedAllocation
[1626.107s][info ][gc,start       ] GC(206) Pause Young (Allocation Failure)
[1626.123s][debug][gc,phases      ] GC(206) Scavenge 15.697ms
[1626.123s][debug][gc,ref         ] GC(206) Skipped phase1 of Reference Processing due to unavailable references
[1626.123s][debug][gc,ref         ] GC(206) Skipped phase3 of Reference Processing due to unavailable references
[1626.123s][debug][gc,phases      ] GC(206) Reference Processing 0.030ms
[1626.123s][debug][gc,phases      ] GC(206) Weak Processing 0.163ms
[1626.124s][debug][gc,phases      ] GC(206) Scrub String Table 0.473ms
[1626.124s][debug][gc,age         ] GC(206) Desired survivor size 90177536 bytes, new threshold 15 (max threshold 15)
[1626.124s][info ][gc,heap        ] GC(206) PSYoungGen: 1991328K->62336K(1993728K)
[1626.124s][info ][gc,heap        ] GC(206) ParOldGen: 371955K->372343K(466944K)
[1626.124s][info ][gc,metaspace   ] GC(206) Metaspace: 75601K->75601K(1118208K)
[1626.124s][info ][gc             ] GC(206) Pause Young (Allocation Failure) 2307M->424M(2403M) 16.500ms
[1626.124s][info ][gc,cpu         ] GC(206) User=0.06s Sys=0.00s Real=0.02s
[1626.124s][info ][safepoint      ] Leaving safepoint region
[1626.124s][info ][safepoint      ] Total time for which application threads were stopped: 0.0166779 seconds, Stopping threads took: 0.0000332 seconds
[1628.124s][info ][safepoint      ] Application time: 2.0001598 seconds
[1628.124s][info ][safepoint      ] Entering safepoint region: Cleanup
[1628.124s][info ][safepoint      ] Leaving safepoint region
[1628.124s][info ][safepoint      ] Total time for which application threads were stopped: 0.0001565 seconds, Stopping threads took: 0.0000361 seconds
[1629.124s][info ][safepoint      ] Application time: 1.0000730 seconds
[1629.124s][info ][safepoint      ] Entering safepoint region: Cleanup
[1629.124s][info ][safepoint      ] Leaving safepoint region
[1629.124s][info ][safepoint      ] Total time for which application threads were stopped: 0.0001104 seconds, Stopping threads took: 0.0000400 seconds
[1630.125s][info ][safepoint      ] Application time: 1.0000767 seconds
[1630.125s][info ][safepoint      ] Entering safepoint region: Cleanup
[1630.125s][info ][safepoint      ] Leaving safepoint region
[1630.125s][info ][safepoint      ] Total time for which application threads were stopped: 0.0001158 seconds, Stopping threads took: 0.0000360 seconds
[1632.110s][info ][safepoint      ] Application time: 1.9857183 seconds
[1632.110s][info ][safepoint      ] Entering safepoint region: ParallelGCFailedAllocation
[1632.111s][info ][gc,start       ] GC(207) Pause Young (Allocation Failure)
[1632.129s][debug][gc,phases      ] GC(207) Scavenge 18.291ms
[1632.129s][debug][gc,ref         ] GC(207) Skipped phase1 of Reference Processing due to unavailable references
[1632.129s][debug][gc,ref         ] GC(207) Skipped phase3 of Reference Processing due to unavailable references
[1632.129s][debug][gc,phases      ] GC(207) Reference Processing 0.033ms
[1632.129s][debug][gc,phases      ] GC(207) Weak Processing 0.165ms
[1632.130s][debug][gc,phases      ] GC(207) Scrub String Table 0.537ms
[1632.130s][debug][gc,age         ] GC(207) Desired survivor size 95420416 bytes, new threshold 15 (max threshold 15)
[1632.130s][info ][gc,heap        ] GC(207) PSYoungGen: 1993600K->64176K(1998848K)
[1632.130s][info ][gc,heap        ] GC(207) ParOldGen: 372343K->372487K(466944K)
[1632.130s][info ][gc,metaspace   ] GC(207) Metaspace: 75602K->75602K(1118208K)
[1632.130s][info ][gc             ] GC(207) Pause Young (Allocation Failure) 2310M->426M(2408M) 19.188ms
[1632.130s][info ][gc,cpu         ] GC(207) User=0.07s Sys=0.00s Real=0.02s
[1632.130s][info ][safepoint      ] Leaving safepoint region
[1632.130s][info ][safepoint      ] Total time for which application threads were stopped: 0.0193625 seconds, Stopping threads took: 0.0000182 seconds
[1637.130s][info ][safepoint      ] Application time: 5.0003344 seconds
[1637.130s][info ][safepoint      ] Entering safepoint region: Cleanup
[1637.130s][info ][safepoint      ] Leaving safepoint region
[1637.130s][info ][safepoint      ] Total time for which application threads were stopped: 0.0001931 seconds, Stopping threads took: 0.0000393 seconds
[1638.107s][info ][safepoint      ] Application time: 0.9765385 seconds
[1638.107s][info ][safepoint      ] Entering safepoint region: ParallelGCFailedAllocation
[1638.107s][info ][gc,start       ] GC(208) Pause Young (Allocation Failure)
[1638.124s][debug][gc,phases      ] GC(208) Scavenge 16.768ms
[1638.124s][debug][gc,ref         ] GC(208) Skipped phase1 of Reference Processing due to unavailable references
[1638.124s][debug][gc,ref         ] GC(208) Skipped phase3 of Reference Processing due to unavailable references
[1638.124s][debug][gc,phases      ] GC(208) Reference Processing 0.028ms
[1638.124s][debug][gc,phases      ] GC(208) Weak Processing 0.165ms
[1638.125s][debug][gc,phases      ] GC(208) Scrub String Table 0.449ms
[1638.125s][debug][gc,age         ] GC(208) Desired survivor size 97517568 bytes, new threshold 15 (max threshold 15)
[1638.125s][info ][gc,heap        ] GC(208) PSYoungGen: 1974960K->60672K(1971712K)
[1638.125s][info ][gc,heap        ] GC(208) ParOldGen: 372487K->379300K(466944K)
[1638.125s][info ][gc,metaspace   ] GC(208) Metaspace: 75604K->75604K(1118208K)
[1638.125s][info ][gc             ] GC(208) Pause Young (Allocation Failure) 2292M->429M(2381M) 17.542ms
[1638.125s][info ][gc,cpu         ] GC(208) User=0.07s Sys=0.00s Real=0.02s
[1638.125s][info ][safepoint      ] Leaving safepoint region
[1638.125s][info ][safepoint      ] Total time for which application threads were stopped: 0.0177750 seconds, Stopping threads took: 0.0000533 seconds
[1642.125s][info ][safepoint      ] Application time: 4.0002750 seconds
[1642.125s][info ][safepoint      ] Entering safepoint region: Cleanup
[1642.125s][info ][safepoint      ] Leaving safepoint region
[1642.125s][info ][safepoint      ] Total time for which application threads were stopped: 0.0001135 seconds, Stopping threads took: 0.0000505 seconds
[1645.125s][info ][safepoint      ] Application time: 3.0001936 seconds
[1645.125s][info ][safepoint      ] Entering safepoint region: Cleanup
[1645.126s][info ][safepoint      ] Leaving safepoint region
[1645.126s][info ][safepoint      ] Total time for which application threads were stopped: 0.0000754 seconds, Stopping threads took: 0.0000126 seconds
[1646.515s][info ][safepoint      ] Application time: 1.3892122 seconds
[1646.515s][info ][safepoint      ] Entering safepoint region: ParallelGCFailedAllocation
[1646.515s][info ][gc,start       ] GC(209) Pause Young (Allocation Failure)
[1646.532s][debug][gc,phases      ] GC(209) Scavenge 17.369ms
[1646.532s][debug][gc,ref         ] GC(209) Skipped phase1 of Reference Processing due to unavailable references
[1646.532s][debug][gc,ref         ] GC(209) Skipped phase3 of Reference Processing due to unavailable references
[1646.532s][debug][gc,phases      ] GC(209) Reference Processing 0.028ms
[1646.533s][debug][gc,phases      ] GC(209) Weak Processing 0.142ms
[1646.533s][debug][gc,phases      ] GC(209) Scrub String Table 0.443ms
[1646.533s][debug][gc,age         ] GC(209) Desired survivor size 98041856 bytes, new threshold 15 (max threshold 15)
[1646.533s][info ][gc,heap        ] GC(209) PSYoungGen: 1971456K->56904K(2000896K)
[1646.533s][info ][gc,heap        ] GC(209) ParOldGen: 379300K->383873K(466944K)
[1646.533s][info ][gc,metaspace   ] GC(209) Metaspace: 75611K->75611K(1118208K)
[1646.533s][info ][gc             ] GC(209) Pause Young (Allocation Failure) 2295M->430M(2410M) 18.121ms
[1646.533s][info ][gc,cpu         ] GC(209) User=0.07s Sys=0.00s Real=0.02s
[1646.533s][info ][safepoint      ] Leaving safepoint region
[1646.533s][info ][safepoint      ] Total time for which application threads were stopped: 0.0182823 seconds, Stopping threads took: 0.0000143 seconds
[1655.772s][info ][safepoint      ] Application time: 9.2390059 seconds
[1655.772s][info ][safepoint      ] Entering safepoint region: ParallelGCFailedAllocation
[1655.772s][info ][gc,start       ] GC(210) Pause Young (Allocation Failure)
[1655.787s][debug][gc,phases      ] GC(210) Scavenge 14.728ms
[1655.787s][debug][gc,ref         ] GC(210) Skipped phase1 of Reference Processing due to unavailable references
[1655.787s][debug][gc,ref         ] GC(210) Skipped phase3 of Reference Processing due to unavailable references
[1655.787s][debug][gc,phases      ] GC(210) Reference Processing 0.028ms
[1655.787s][debug][gc,phases      ] GC(210) Weak Processing 0.145ms
[1655.788s][debug][gc,phases      ] GC(210) Scrub String Table 0.457ms
[1655.788s][debug][gc,age         ] GC(210) Desired survivor size 96993280 bytes, new threshold 15 (max threshold 15)
[1655.788s][info ][gc,heap        ] GC(210) PSYoungGen: 1962568K->54888K(2001408K)
[1655.788s][info ][gc,heap        ] GC(210) ParOldGen: 383873K->386194K(466944K)
[1655.788s][info ][gc,metaspace   ] GC(210) Metaspace: 75611K->75611K(1118208K)
[1655.788s][info ][gc             ] GC(210) Pause Young (Allocation Failure) 2291M->430M(2410M) 15.487ms
[1655.788s][info ][gc,cpu         ] GC(210) User=0.06s Sys=0.00s Real=0.01s
[1655.788s][info ][safepoint      ] Leaving safepoint region
[1655.788s][info ][safepoint      ] Total time for which application threads were stopped: 0.0156679 seconds, Stopping threads took: 0.0000336 seconds
[1666.153s][info ][safepoint      ] Application time: 10.3655608 seconds
[1666.153s][info ][safepoint      ] Entering safepoint region: ParallelGCFailedAllocation
[1666.154s][info ][gc,start       ] GC(211) Pause Young (Allocation Failure)
[1666.169s][debug][gc,phases      ] GC(211) Scavenge 15.663ms
[1666.169s][debug][gc,ref         ] GC(211) Skipped phase1 of Reference Processing due to unavailable references
[1666.169s][debug][gc,ref         ] GC(211) Skipped phase3 of Reference Processing due to unavailable references
[1666.169s][debug][gc,phases      ] GC(211) Reference Processing 0.033ms
[1666.170s][debug][gc,phases      ] GC(211) Weak Processing 0.175ms
[1666.170s][debug][gc,phases      ] GC(211) Scrub String Table 0.464ms
[1666.170s][debug][gc,age         ] GC(211) Desired survivor size 94896128 bytes, new threshold 15 (max threshold 15)
[1666.170s][info ][gc,heap        ] GC(211) PSYoungGen: 1960552K->53504K(2004480K)
[1666.170s][info ][gc,heap        ] GC(211) ParOldGen: 386194K->386862K(466944K)
[1666.170s][info ][gc,metaspace   ] GC(211) Metaspace: 75612K->75612K(1118208K)
[1666.170s][info ][gc             ] GC(211) Pause Young (Allocation Failure) 2291M->430M(2413M) 16.512ms
[1666.170s][info ][gc,cpu         ] GC(211) User=0.06s Sys=0.00s Real=0.01s
[1666.170s][info ][safepoint      ] Leaving safepoint region
[1666.170s][info ][safepoint      ] Total time for which application threads were stopped: 0.0166916 seconds, Stopping threads took: 0.0000189 seconds
[1676.426s][info ][safepoint      ] Application time: 10.2558901 seconds
[1676.426s][info ][safepoint      ] Entering safepoint region: ParallelGCFailedAllocation
[1676.426s][info ][gc,start       ] GC(212) Pause Young (Allocation Failure)
[1676.440s][debug][gc,phases      ] GC(212) Scavenge 14.105ms
[1676.440s][debug][gc,ref         ] GC(212) Skipped phase1 of Reference Processing due to unavailable references
[1676.440s][debug][gc,ref         ] GC(212) Skipped phase3 of Reference Processing due to unavailable references
[1676.440s][debug][gc,phases      ] GC(212) Reference Processing 0.028ms
[1676.440s][debug][gc,phases      ] GC(212) Weak Processing 0.149ms
[1676.441s][debug][gc,phases      ] GC(212) Scrub String Table 0.467ms
[1676.441s][debug][gc,age         ] GC(212) Desired survivor size 91226112 bytes, new threshold 15 (max threshold 15)
[1676.441s][info ][gc,heap        ] GC(212) PSYoungGen: 1963264K->48640K(2002432K)
[1676.441s][info ][gc,heap        ] GC(212) ParOldGen: 386862K->389539K(466944K)
[1676.441s][info ][gc,metaspace   ] GC(212) Metaspace: 75612K->75612K(1118208K)
[1676.441s][info ][gc             ] GC(212) Pause Young (Allocation Failure) 2295M->427M(2411M) 14.879ms
[1676.441s][info ][gc,cpu         ] GC(212) User=0.06s Sys=0.00s Real=0.02s
[1676.441s][info ][safepoint      ] Leaving safepoint region
[1676.441s][info ][safepoint      ] Total time for which application threads were stopped: 0.0150519 seconds, Stopping threads took: 0.0000452 seconds
[1685.442s][info ][safepoint      ] Application time: 9.0005782 seconds
[1685.442s][info ][safepoint      ] Entering safepoint region: Cleanup
[1685.442s][info ][safepoint      ] Leaving safepoint region
[1685.442s][info ][safepoint      ] Total time for which application threads were stopped: 0.0000668 seconds, Stopping threads took: 0.0000130 seconds
[1688.121s][info ][safepoint      ] Application time: 2.6791720 seconds
[1688.121s][info ][safepoint      ] Entering safepoint region: ParallelGCFailedAllocation
[1688.121s][info ][gc,start       ] GC(213) Pause Young (Allocation Failure)
[1688.137s][debug][gc,phases      ] GC(213) Scavenge 15.728ms
[1688.137s][debug][gc,ref         ] GC(213) Skipped phase1 of Reference Processing due to unavailable references
[1688.137s][debug][gc,ref         ] GC(213) Skipped phase3 of Reference Processing due to unavailable references
[1688.137s][debug][gc,phases      ] GC(213) Reference Processing 0.034ms
[1688.137s][debug][gc,phases      ] GC(213) Weak Processing 0.176ms
[1688.138s][debug][gc,phases      ] GC(213) Scrub String Table 0.565ms
[1688.138s][debug][gc,age         ] GC(213) Desired survivor size 87556096 bytes, new threshold 15 (max threshold 15)
[1688.138s][info ][gc,heap        ] GC(213) PSYoungGen: 1958400K->41584K(2011648K)
[1688.138s][info ][gc,heap        ] GC(213) ParOldGen: 389539K->396248K(466944K)
[1688.138s][info ][gc,metaspace   ] GC(213) Metaspace: 75613K->75613K(1118208K)
[1688.138s][info ][gc             ] GC(213) Pause Young (Allocation Failure) 2292M->427M(2420M) 16.676ms
[1688.138s][info ][gc,cpu         ] GC(213) User=0.07s Sys=0.00s Real=0.01s
[1688.138s][info ][safepoint      ] Leaving safepoint region
[1688.138s][info ][safepoint      ] Total time for which application threads were stopped: 0.0168434 seconds, Stopping threads took: 0.0000234 seconds
[1691.138s][info ][safepoint      ] Application time: 3.0001696 seconds
[1691.138s][info ][safepoint      ] Entering safepoint region: Cleanup
[1691.138s][info ][safepoint      ] Leaving safepoint region
[1691.138s][info ][safepoint      ] Total time for which application threads were stopped: 0.0000900 seconds, Stopping threads took: 0.0000155 seconds
[1697.138s][info ][safepoint      ] Application time: 6.0003495 seconds
[1697.139s][info ][safepoint      ] Entering safepoint region: Cleanup
[1697.139s][info ][safepoint      ] Leaving safepoint region
[1697.139s][info ][safepoint      ] Total time for which application threads were stopped: 0.0000766 seconds, Stopping threads took: 0.0000142 seconds
[1698.139s][info ][safepoint      ] Application time: 1.0000739 seconds
[1698.139s][info ][safepoint      ] Entering safepoint region: Cleanup
[1698.139s][info ][safepoint      ] Leaving safepoint region
[1698.139s][info ][safepoint      ] Total time for which application threads were stopped: 0.0000736 seconds, Stopping threads took: 0.0000136 seconds
[1698.732s][info ][safepoint      ] Application time: 0.5927247 seconds
[1698.732s][info ][safepoint      ] Entering safepoint region: ParallelGCFailedAllocation
[1698.732s][info ][gc,start       ] GC(214) Pause Young (Allocation Failure)
[1698.744s][debug][gc,phases      ] GC(214) Scavenge 12.467ms
[1698.744s][debug][gc,ref         ] GC(214) Skipped phase1 of Reference Processing due to unavailable references
[1698.744s][debug][gc,ref         ] GC(214) Skipped phase3 of Reference Processing due to unavailable references
[1698.744s][debug][gc,phases      ] GC(214) Reference Processing 0.030ms
[1698.744s][debug][gc,phases      ] GC(214) Weak Processing 0.159ms
[1698.745s][debug][gc,phases      ] GC(214) Scrub String Table 0.455ms
[1698.745s][debug][gc,age         ] GC(214) Desired survivor size 84934656 bytes, new threshold 15 (max threshold 15)
[1698.745s][info ][gc,heap        ] GC(214) PSYoungGen: 1964144K->37808K(2008064K)
[1698.745s][info ][gc,heap        ] GC(214) ParOldGen: 396248K->400661K(466944K)
[1698.745s][info ][gc,metaspace   ] GC(214) Metaspace: 75620K->75620K(1118208K)
[1698.745s][info ][gc             ] GC(214) Pause Young (Allocation Failure) 2305M->428M(2417M) 13.257ms
[1698.745s][info ][gc,cpu         ] GC(214) User=0.05s Sys=0.00s Real=0.02s
[1698.745s][info ][safepoint      ] Leaving safepoint region
[1698.745s][info ][safepoint      ] Total time for which application threads were stopped: 0.0134533 seconds, Stopping threads took: 0.0000330 seconds
[1709.746s][info ][safepoint      ] Application time: 11.0007597 seconds
[1709.746s][info ][safepoint      ] Entering safepoint region: Cleanup
[1709.746s][info ][safepoint      ] Leaving safepoint region
[1709.746s][info ][safepoint      ] Total time for which application threads were stopped: 0.0000767 seconds, Stopping threads took: 0.0000117 seconds
[1710.502s][info ][safepoint      ] Application time: 0.7559017 seconds
[1710.502s][info ][safepoint      ] Entering safepoint region: ParallelGCFailedAllocation
[1710.502s][info ][gc,start       ] GC(215) Pause Young (Allocation Failure)
[1710.514s][debug][gc,phases      ] GC(215) Scavenge 11.798ms
[1710.514s][debug][gc,ref         ] GC(215) Skipped phase1 of Reference Processing due to unavailable references
[1710.514s][debug][gc,ref         ] GC(215) Skipped phase2 of Reference Processing due to unavailable references
[1710.514s][debug][gc,ref         ] GC(215) Skipped phase3 of Reference Processing due to unavailable references
[1710.514s][debug][gc,phases      ] GC(215) Reference Processing 0.030ms
[1710.514s][debug][gc,phases      ] GC(215) Weak Processing 0.162ms
[1710.515s][debug][gc,phases      ] GC(215) Scrub String Table 0.489ms
[1710.515s][debug][gc,age         ] GC(215) Desired survivor size 82837504 bytes, new threshold 15 (max threshold 15)
[1710.515s][info ][gc,heap        ] GC(215) PSYoungGen: 1960368K->35168K(2016256K)
[1710.515s][info ][gc,heap        ] GC(215) ParOldGen: 400661K->402929K(466944K)
[1710.515s][info ][gc,metaspace   ] GC(215) Metaspace: 75622K->75622K(1118208K)
[1710.515s][info ][gc             ] GC(215) Pause Young (Allocation Failure) 2305M->427M(2425M) 12.635ms
[1710.515s][info ][gc,cpu         ] GC(215) User=0.04s Sys=0.00s Real=0.01s
[1710.515s][info ][safepoint      ] Leaving safepoint region
[1710.515s][info ][safepoint      ] Total time for which application threads were stopped: 0.0127900 seconds, Stopping threads took: 0.0000123 seconds
[1713.515s][info ][safepoint      ] Application time: 3.0002325 seconds
[1713.515s][info ][safepoint      ] Entering safepoint region: Cleanup
[1713.515s][info ][safepoint      ] Leaving safepoint region
[1713.515s][info ][safepoint      ] Total time for which application threads were stopped: 0.0001130 seconds, Stopping threads took: 0.0000382 seconds
[1716.515s][info ][safepoint      ] Application time: 3.0002157 seconds
[1716.515s][info ][safepoint      ] Entering safepoint region: Cleanup
[1716.515s][info ][safepoint      ] Leaving safepoint region
[1716.515s][info ][safepoint      ] Total time for which application threads were stopped: 0.0001171 seconds, Stopping threads took: 0.0000363 seconds
[1717.515s][info ][safepoint      ] Application time: 1.0000479 seconds
[1717.516s][info ][safepoint      ] Entering safepoint region: Cleanup
[1717.516s][info ][safepoint      ] Leaving safepoint region
[1717.516s][info ][safepoint      ] Total time for which application threads were stopped: 0.0001351 seconds, Stopping threads took: 0.0000654 seconds
[1718.516s][info ][safepoint      ] Application time: 1.0000696 seconds
[1718.516s][info ][safepoint      ] Entering safepoint region: Cleanup
[1718.516s][info ][safepoint      ] Leaving safepoint region
[1718.516s][info ][safepoint      ] Total time for which application threads were stopped: 0.0001051 seconds, Stopping threads took: 0.0000347 seconds
[1719.516s][info ][safepoint      ] Application time: 1.0000833 seconds
[1719.516s][info ][safepoint      ] Entering safepoint region: Cleanup
[1719.516s][info ][safepoint      ] Leaving safepoint region
[1719.516s][info ][safepoint      ] Total time for which application threads were stopped: 0.0001095 seconds, Stopping threads took: 0.0000484 seconds
[1720.506s][info ][safepoint      ] Application time: 0.9895320 seconds
[1720.506s][info ][safepoint      ] Entering safepoint region: ParallelGCFailedAllocation
[1720.506s][info ][gc,start       ] GC(216) Pause Young (Allocation Failure)
[1720.517s][debug][gc,phases      ] GC(216) Scavenge 10.889ms
[1720.517s][debug][gc,ref         ] GC(216) Skipped phase1 of Reference Processing due to unavailable references
[1720.517s][debug][gc,ref         ] GC(216) Skipped phase2 of Reference Processing due to unavailable references
[1720.517s][debug][gc,ref         ] GC(216) Skipped phase3 of Reference Processing due to unavailable references
[1720.517s][debug][gc,phases      ] GC(216) Reference Processing 0.028ms
[1720.517s][debug][gc,phases      ] GC(216) Weak Processing 0.154ms
[1720.517s][debug][gc,phases      ] GC(216) Scrub String Table 0.454ms
[1720.517s][debug][gc,age         ] GC(216) Desired survivor size 81264640 bytes, new threshold 15 (max threshold 15)
[1720.517s][info ][gc,heap        ] GC(216) PSYoungGen: 1968480K->31856K(2014208K)
[1720.517s][info ][gc,heap        ] GC(216) ParOldGen: 402929K->406766K(466944K)
[1720.517s][info ][gc,metaspace   ] GC(216) Metaspace: 75624K->75624K(1118208K)
[1720.517s][info ][gc             ] GC(216) Pause Young (Allocation Failure) 2315M->428M(2423M) 11.648ms
[1720.517s][info ][gc,cpu         ] GC(216) User=0.04s Sys=0.00s Real=0.01s
[1720.517s][info ][safepoint      ] Leaving safepoint region
[1720.517s][info ][safepoint      ] Total time for which application threads were stopped: 0.0118150 seconds, Stopping threads took: 0.0000146 seconds
[1724.406s][info ][safepoint      ] Application time: 3.8885599 seconds
[1724.406s][info ][safepoint      ] Entering safepoint region: RevokeBias
[1724.406s][info ][safepoint      ] Leaving safepoint region
[1724.406s][info ][safepoint      ] Total time for which application threads were stopped: 0.0001116 seconds, Stopping threads took: 0.0000345 seconds
[1730.407s][info ][safepoint      ] Application time: 6.0004787 seconds
[1730.407s][info ][safepoint      ] Entering safepoint region: Cleanup
[1730.407s][info ][safepoint      ] Leaving safepoint region
[1730.407s][info ][safepoint      ] Total time for which application threads were stopped: 0.0001240 seconds, Stopping threads took: 0.0000496 seconds
[1731.407s][info ][safepoint      ] Application time: 1.0000905 seconds
[1731.407s][info ][safepoint      ] Entering safepoint region: Cleanup
[1731.407s][info ][safepoint      ] Leaving safepoint region
[1731.407s][info ][safepoint      ] Total time for which application threads were stopped: 0.0001166 seconds, Stopping threads took: 0.0000508 seconds
[1732.407s][info ][safepoint      ] Application time: 1.0000830 seconds
[1732.407s][info ][safepoint      ] Entering safepoint region: Cleanup
[1732.407s][info ][safepoint      ] Leaving safepoint region
[1732.407s][info ][safepoint      ] Total time for which application threads were stopped: 0.0001115 seconds, Stopping threads took: 0.0000382 seconds
[1732.417s][info ][safepoint      ] Application time: 0.0097039 seconds
[1732.417s][info ][safepoint      ] Entering safepoint region: ParallelGCFailedAllocation
[1732.417s][info ][gc,start       ] GC(217) Pause Young (Allocation Failure)
[1732.427s][debug][gc,phases      ] GC(217) Scavenge 10.312ms
[1732.428s][debug][gc,ref         ] GC(217) Skipped phase1 of Reference Processing due to unavailable references
[1732.428s][debug][gc,ref         ] GC(217) Skipped phase2 of Reference Processing due to unavailable references
[1732.428s][debug][gc,ref         ] GC(217) Skipped phase3 of Reference Processing due to unavailable references
[1732.428s][debug][gc,phases      ] GC(217) Reference Processing 0.029ms
[1732.428s][debug][gc,phases      ] GC(217) Weak Processing 0.146ms
[1732.428s][debug][gc,phases      ] GC(217) Scrub String Table 0.562ms
[1732.428s][debug][gc,age         ] GC(217) Desired survivor size 79691776 bytes, new threshold 15 (max threshold 15)
[1732.428s][info ][gc,heap        ] GC(217) PSYoungGen: 1965168K->28192K(2019328K)
[1732.428s][info ][gc,heap        ] GC(217) ParOldGen: 406766K->410731K(466944K)
[1732.428s][info ][gc,metaspace   ] GC(217) Metaspace: 75673K->75673K(1118208K)
[1732.428s][info ][gc             ] GC(217) Pause Young (Allocation Failure) 2316M->428M(2428M) 11.179ms
[1732.428s][info ][gc,cpu         ] GC(217) User=0.03s Sys=0.01s Real=0.01s
[1732.428s][info ][safepoint      ] Leaving safepoint region
[1732.428s][info ][safepoint      ] Total time for which application threads were stopped: 0.0113235 seconds, Stopping threads took: 0.0000117 seconds
[1734.429s][info ][safepoint      ] Application time: 2.0001402 seconds
[1734.429s][info ][safepoint      ] Entering safepoint region: Cleanup
[1734.429s][info ][safepoint      ] Leaving safepoint region
[1734.429s][info ][safepoint      ] Total time for which application threads were stopped: 0.0001118 seconds, Stopping threads took: 0.0000472 seconds
[1735.429s][info ][safepoint      ] Application time: 1.0000761 seconds
[1735.429s][info ][safepoint      ] Entering safepoint region: Cleanup
[1735.429s][info ][safepoint      ] Leaving safepoint region
[1735.429s][info ][safepoint      ] Total time for which application threads were stopped: 0.0000796 seconds, Stopping threads took: 0.0000163 seconds
[1742.429s][info ][safepoint      ] Application time: 7.0004940 seconds
[1742.429s][info ][safepoint      ] Entering safepoint region: Cleanup
[1742.429s][info ][safepoint      ] Leaving safepoint region
[1742.429s][info ][safepoint      ] Total time for which application threads were stopped: 0.0000949 seconds, Stopping threads took: 0.0000301 seconds
[1743.256s][info ][safepoint      ] Application time: 0.8265851 seconds
[1743.256s][info ][safepoint      ] Entering safepoint region: ParallelGCFailedAllocation
[1743.256s][info ][gc,start       ] GC(218) Pause Young (Allocation Failure)
[1743.266s][debug][gc,phases      ] GC(218) Scavenge 9.740ms
[1743.266s][debug][gc,ref         ] GC(218) Skipped phase1 of Reference Processing due to unavailable references
[1743.266s][debug][gc,ref         ] GC(218) Skipped phase2 of Reference Processing due to unavailable references
[1743.266s][debug][gc,ref         ] GC(218) Skipped phase3 of Reference Processing due to unavailable references
[1743.266s][debug][gc,phases      ] GC(218) Reference Processing 0.040ms
[1743.266s][debug][gc,phases      ] GC(218) Weak Processing 0.196ms
[1743.267s][debug][gc,phases      ] GC(218) Scrub String Table 0.571ms
[1743.267s][debug][gc,age         ] GC(218) Desired survivor size 79167488 bytes, new threshold 15 (max threshold 15)
[1743.267s][info ][gc,heap        ] GC(218) PSYoungGen: 1968160K->24704K(2017792K)
[1743.267s][info ][gc,heap        ] GC(218) ParOldGen: 410731K->415071K(466944K)
[1743.267s][info ][gc,metaspace   ] GC(218) Metaspace: 75679K->75679K(1118208K)
[1743.267s][info ][gc             ] GC(218) Pause Young (Allocation Failure) 2323M->429M(2426M) 10.705ms
[1743.267s][info ][gc,cpu         ] GC(218) User=0.03s Sys=0.01s Real=0.01s
[1743.267s][info ][safepoint      ] Leaving safepoint region
[1743.267s][info ][safepoint      ] Total time for which application threads were stopped: 0.0108685 seconds, Stopping threads took: 0.0000145 seconds
[1744.267s][info ][safepoint      ] Application time: 1.0000757 seconds
[1744.267s][info ][safepoint      ] Entering safepoint region: Cleanup
[1744.267s][info ][safepoint      ] Leaving safepoint region
[1744.267s][info ][safepoint      ] Total time for which application threads were stopped: 0.0000962 seconds, Stopping threads took: 0.0000350 seconds
[1750.268s][info ][safepoint      ] Application time: 6.0004081 seconds
[1750.268s][info ][safepoint      ] Entering safepoint region: Cleanup
[1750.268s][info ][safepoint      ] Leaving safepoint region
[1750.268s][info ][safepoint      ] Total time for which application threads were stopped: 0.0000926 seconds, Stopping threads took: 0.0000361 seconds
[1750.685s][info ][safepoint      ] Application time: 0.4170068 seconds
[1750.685s][info ][safepoint      ] Entering safepoint region: RevokeBias
[1750.685s][info ][safepoint      ] Leaving safepoint region
[1750.685s][info ][safepoint      ] Total time for which application threads were stopped: 0.0000714 seconds, Stopping threads took: 0.0000112 seconds
[1752.163s][info ][safepoint      ] Application time: 1.4780402 seconds
[1752.163s][info ][safepoint      ] Entering safepoint region: ParallelGCFailedAllocation
[1752.163s][info ][gc,start       ] GC(219) Pause Young (Allocation Failure)
[1752.172s][debug][gc,phases      ] GC(219) Scavenge 8.538ms
[1752.172s][debug][gc,ref         ] GC(219) Skipped phase1 of Reference Processing due to unavailable references
[1752.172s][debug][gc,ref         ] GC(219) Skipped phase2 of Reference Processing due to unavailable references
[1752.172s][debug][gc,ref         ] GC(219) Skipped phase3 of Reference Processing due to unavailable references
[1752.172s][debug][gc,ref         ] GC(219) Skipped phase4 of Reference Processing due to unavailable references
[1752.172s][debug][gc,phases      ] GC(219) Reference Processing 0.031ms
[1752.172s][debug][gc,phases      ] GC(219) Weak Processing 0.149ms
[1752.172s][debug][gc,phases      ] GC(219) Scrub String Table 0.466ms
[1752.172s][debug][gc,age         ] GC(219) Desired survivor size 78118912 bytes, new threshold 15 (max threshold 15)
[1752.172s][info ][gc,heap        ] GC(219) PSYoungGen: 1964672K->21136K(2020864K)
[1752.172s][info ][gc,heap        ] GC(219) ParOldGen: 415071K->418724K(466944K)
[1752.172s][info ][gc,metaspace   ] GC(219) Metaspace: 75682K->75682K(1118208K)
[1752.172s][info ][gc             ] GC(219) Pause Young (Allocation Failure) 2323M->429M(2429M) 9.335ms
[1752.172s][info ][gc,cpu         ] GC(219) User=0.03s Sys=0.00s Real=0.01s
[1752.172s][info ][safepoint      ] Leaving safepoint region
[1752.172s][info ][safepoint      ] Total time for which application threads were stopped: 0.0094843 seconds, Stopping threads took: 0.0000124 seconds
[1754.173s][info ][safepoint      ] Application time: 2.0001163 seconds
[1754.173s][info ][safepoint      ] Entering safepoint region: Cleanup
[1754.173s][info ][safepoint      ] Leaving safepoint region
[1754.173s][info ][safepoint      ] Total time for which application threads were stopped: 0.0001079 seconds, Stopping threads took: 0.0000377 seconds
[1754.337s][info ][safepoint      ] Application time: 0.1645604 seconds
[1754.337s][info ][safepoint      ] Entering safepoint region: RevokeBias
[1754.338s][info ][safepoint      ] Leaving safepoint region
[1754.338s][info ][safepoint      ] Total time for which application threads were stopped: 0.0002067 seconds, Stopping threads took: 0.0001106 seconds
[1754.339s][info ][safepoint      ] Application time: 0.0010229 seconds
[1754.339s][info ][safepoint      ] Entering safepoint region: RevokeBias
[1754.339s][info ][safepoint      ] Leaving safepoint region
[1754.339s][info ][safepoint      ] Total time for which application threads were stopped: 0.0000771 seconds, Stopping threads took: 0.0000267 seconds
[1754.339s][info ][safepoint      ] Application time: 0.0000301 seconds
[1754.339s][info ][safepoint      ] Entering safepoint region: RevokeBias
[1754.339s][info ][safepoint      ] Leaving safepoint region
[1754.339s][info ][safepoint      ] Total time for which application threads were stopped: 0.0000988 seconds, Stopping threads took: 0.0000754 seconds
[1759.339s][info ][safepoint      ] Application time: 5.0002655 seconds
[1759.339s][info ][safepoint      ] Entering safepoint region: Cleanup
[1759.339s][info ][safepoint      ] Leaving safepoint region
[1759.339s][info ][safepoint      ] Total time for which application threads were stopped: 0.0000729 seconds, Stopping threads took: 0.0000132 seconds
[1760.817s][info ][safepoint      ] Application time: 1.4778261 seconds
[1760.817s][info ][safepoint      ] Entering safepoint region: ParallelGCFailedAllocation
[1760.817s][info ][gc,start       ] GC(220) Pause Young (Allocation Failure)
[1760.825s][debug][gc,phases      ] GC(220) Scavenge 8.137ms
[1760.825s][debug][gc,ref         ] GC(220) Skipped phase1 of Reference Processing due to unavailable references
[1760.825s][debug][gc,ref         ] GC(220) Skipped phase2 of Reference Processing due to unavailable references
[1760.825s][debug][gc,ref         ] GC(220) Skipped phase3 of Reference Processing due to unavailable references
[1760.825s][debug][gc,phases      ] GC(220) Reference Processing 0.029ms
[1760.826s][debug][gc,phases      ] GC(220) Weak Processing 0.147ms
[1760.826s][debug][gc,phases      ] GC(220) Scrub String Table 0.452ms
[1760.826s][debug][gc,age         ] GC(220) Desired survivor size 77594624 bytes, new threshold 15 (max threshold 15)
[1760.826s][info ][gc,heap        ] GC(220) PSYoungGen: 1964688K->18336K(2019840K)
[1760.826s][info ][gc,heap        ] GC(220) ParOldGen: 418724K->423536K(466944K)
[1760.826s][info ][gc,metaspace   ] GC(220) Metaspace: 75683K->75683K(1118208K)
[1760.826s][info ][gc             ] GC(220) Pause Young (Allocation Failure) 2327M->431M(2428M) 8.895ms
[1760.826s][info ][gc,cpu         ] GC(220) User=0.03s Sys=0.00s Real=0.01s
[1760.826s][info ][safepoint      ] Leaving safepoint region
[1760.826s][info ][safepoint      ] Total time for which application threads were stopped: 0.0090438 seconds, Stopping threads took: 0.0000119 seconds
[1762.826s][info ][safepoint      ] Application time: 2.0001486 seconds
[1762.826s][info ][safepoint      ] Entering safepoint region: Cleanup
[1762.826s][info ][safepoint      ] Leaving safepoint region
[1762.826s][info ][safepoint      ] Total time for which application threads were stopped: 0.0001285 seconds, Stopping threads took: 0.0000323 seconds
[1763.449s][info ][safepoint      ] Application time: 0.6224194 seconds
[1763.449s][info ][safepoint      ] Entering safepoint region: RevokeBias
[1763.449s][info ][safepoint      ] Leaving safepoint region
[1763.449s][info ][safepoint      ] Total time for which application threads were stopped: 0.0000902 seconds, Stopping threads took: 0.0000095 seconds
[1763.449s][info ][safepoint      ] Application time: 0.0000408 seconds
[1763.449s][info ][safepoint      ] Entering safepoint region: RevokeBias
[1763.449s][info ][safepoint      ] Leaving safepoint region
[1763.449s][info ][safepoint      ] Total time for which application threads were stopped: 0.0000279 seconds, Stopping threads took: 0.0000044 seconds
[1763.449s][info ][safepoint      ] Application time: 0.0004011 seconds
[1763.449s][info ][safepoint      ] Entering safepoint region: RevokeBias
[1763.450s][info ][safepoint      ] Leaving safepoint region
[1763.450s][info ][safepoint      ] Total time for which application threads were stopped: 0.0000638 seconds, Stopping threads took: 0.0000315 seconds
[1764.450s][info ][safepoint      ] Application time: 1.0000749 seconds
[1764.450s][info ][safepoint      ] Entering safepoint region: Cleanup
[1764.450s][info ][safepoint      ] Leaving safepoint region
[1764.450s][info ][safepoint      ] Total time for which application threads were stopped: 0.0000724 seconds, Stopping threads took: 0.0000125 seconds
[1765.450s][info ][safepoint      ] Application time: 1.0000715 seconds
[1765.450s][info ][safepoint      ] Entering safepoint region: Cleanup
[1765.450s][info ][safepoint      ] Leaving safepoint region
[1765.450s][info ][safepoint      ] Total time for which application threads were stopped: 0.0001051 seconds, Stopping threads took: 0.0000350 seconds
[1771.401s][info ][safepoint      ] Application time: 5.9509286 seconds
[1771.401s][info ][safepoint      ] Entering safepoint region: ParallelGCFailedAllocation
[1771.401s][info ][gc,start       ] GC(221) Pause Young (Allocation Failure)
[1771.410s][debug][gc,phases      ] GC(221) Scavenge 8.483ms
[1771.410s][debug][gc,ref         ] GC(221) Skipped phase1 of Reference Processing due to unavailable references
[1771.410s][debug][gc,ref         ] GC(221) Skipped phase3 of Reference Processing due to unavailable references
[1771.410s][debug][gc,phases      ] GC(221) Reference Processing 0.028ms
[1771.410s][debug][gc,phases      ] GC(221) Weak Processing 0.135ms
[1771.410s][debug][gc,phases      ] GC(221) Scrub String Table 0.586ms
[1771.410s][debug][gc,age         ] GC(221) Desired survivor size 77070336 bytes, new threshold 15 (max threshold 15)
[1771.410s][info ][gc,heap        ] GC(221) PSYoungGen: 1961888K->16224K(2021888K)
[1771.410s][info ][gc,heap        ] GC(221) ParOldGen: 423536K->427125K(466944K)
[1771.410s][info ][gc,metaspace   ] GC(221) Metaspace: 75690K->75690K(1118208K)
[1771.410s][info ][gc             ] GC(221) Pause Young (Allocation Failure) 2329M->432M(2430M) 9.371ms
[1771.410s][info ][gc,cpu         ] GC(221) User=0.04s Sys=0.00s Real=0.00s
[1771.410s][info ][safepoint      ] Leaving safepoint region
[1771.411s][info ][safepoint      ] Total time for which application threads were stopped: 0.0096014 seconds, Stopping threads took: 0.0000542 seconds
[1772.411s][info ][safepoint      ] Application time: 1.0000925 seconds
[1772.411s][info ][safepoint      ] Entering safepoint region: Cleanup
[1772.411s][info ][safepoint      ] Leaving safepoint region
[1772.411s][info ][safepoint      ] Total time for which application threads were stopped: 0.0001232 seconds, Stopping threads took: 0.0000371 seconds
[1773.411s][info ][safepoint      ] Application time: 1.0000824 seconds
[1773.411s][info ][safepoint      ] Entering safepoint region: Cleanup
[1773.411s][info ][safepoint      ] Leaving safepoint region
[1773.411s][info ][safepoint      ] Total time for which application threads were stopped: 0.0001127 seconds, Stopping threads took: 0.0000511 seconds
[1776.411s][info ][safepoint      ] Application time: 3.0002256 seconds
[1776.411s][info ][safepoint      ] Entering safepoint region: Cleanup
[1776.411s][info ][safepoint      ] Leaving safepoint region
[1776.411s][info ][safepoint      ] Total time for which application threads were stopped: 0.0001028 seconds, Stopping threads took: 0.0000363 seconds
[1777.411s][info ][safepoint      ] Application time: 1.0000886 seconds
[1777.412s][info ][safepoint      ] Entering safepoint region: Cleanup
[1777.412s][info ][safepoint      ] Leaving safepoint region
[1777.412s][info ][safepoint      ] Total time for which application threads were stopped: 0.0001085 seconds, Stopping threads took: 0.0000423 seconds
[1779.412s][info ][safepoint      ] Application time: 2.0001662 seconds
[1779.412s][info ][safepoint      ] Entering safepoint region: Cleanup
[1779.412s][info ][safepoint      ] Leaving safepoint region
[1779.412s][info ][safepoint      ] Total time for which application threads were stopped: 0.0001047 seconds, Stopping threads took: 0.0000362 seconds
[1781.412s][info ][safepoint      ] Application time: 2.0001499 seconds
[1781.412s][info ][safepoint      ] Entering safepoint region: Cleanup
[1781.412s][info ][safepoint      ] Leaving safepoint region
[1781.412s][info ][safepoint      ] Total time for which application threads were stopped: 0.0000965 seconds, Stopping threads took: 0.0000363 seconds
[1782.412s][info ][safepoint      ] Application time: 1.0000744 seconds
[1782.412s][info ][safepoint      ] Entering safepoint region: Cleanup
[1782.413s][info ][safepoint      ] Leaving safepoint region
[1782.413s][info ][safepoint      ] Total time for which application threads were stopped: 0.0001408 seconds, Stopping threads took: 0.0000710 seconds
[1782.524s][info ][safepoint      ] Application time: 0.1116222 seconds
[1782.524s][info ][safepoint      ] Entering safepoint region: ParallelGCFailedAllocation
[1782.524s][info ][gc,start       ] GC(222) Pause Young (Allocation Failure)
[1782.531s][debug][gc,phases      ] GC(222) Scavenge 6.486ms
[1782.531s][debug][gc,ref         ] GC(222) Skipped phase1 of Reference Processing due to unavailable references
[1782.531s][debug][gc,ref         ] GC(222) Skipped phase3 of Reference Processing due to unavailable references
[1782.531s][debug][gc,phases      ] GC(222) Reference Processing 0.037ms
[1782.531s][debug][gc,phases      ] GC(222) Weak Processing 0.140ms
[1782.532s][debug][gc,phases      ] GC(222) Scrub String Table 0.486ms
[1782.532s][debug][gc,age         ] GC(222) Desired survivor size 76546048 bytes, new threshold 15 (max threshold 15)
[1782.532s][info ][gc,heap        ] GC(222) PSYoungGen: 1962336K->13248K(2021376K)
[1782.532s][info ][gc,heap        ] GC(222) ParOldGen: 427125K->430125K(466944K)
[1782.532s][info ][gc,metaspace   ] GC(222) Metaspace: 75725K->75725K(1118208K)
[1782.532s][info ][gc             ] GC(222) Pause Young (Allocation Failure) 2333M->432M(2430M) 7.296ms
[1782.532s][info ][gc,cpu         ] GC(222) User=0.03s Sys=0.00s Real=0.00s
[1782.532s][info ][safepoint      ] Leaving safepoint region
[1782.532s][info ][safepoint      ] Total time for which application threads were stopped: 0.0074660 seconds, Stopping threads took: 0.0000338 seconds
[1783.532s][info ][safepoint      ] Application time: 1.0000794 seconds
[1783.532s][info ][safepoint      ] Entering safepoint region: Cleanup
[1783.532s][info ][safepoint      ] Leaving safepoint region
[1783.532s][info ][safepoint      ] Total time for which application threads were stopped: 0.0001135 seconds, Stopping threads took: 0.0000288 seconds
[1784.532s][info ][safepoint      ] Application time: 1.0000759 seconds
[1784.532s][info ][safepoint      ] Entering safepoint region: Cleanup
[1784.532s][info ][safepoint      ] Leaving safepoint region
[1784.532s][info ][safepoint      ] Total time for which application threads were stopped: 0.0000806 seconds, Stopping threads took: 0.0000137 seconds
[1785.532s][info ][safepoint      ] Application time: 1.0000720 seconds
[1785.532s][info ][safepoint      ] Entering safepoint region: Cleanup
[1785.532s][info ][safepoint      ] Leaving safepoint region
[1785.532s][info ][safepoint      ] Total time for which application threads were stopped: 0.0000893 seconds, Stopping threads took: 0.0000137 seconds
[1786.532s][info ][safepoint      ] Application time: 1.0000654 seconds
[1786.532s][info ][safepoint      ] Entering safepoint region: Cleanup
[1786.533s][info ][safepoint      ] Leaving safepoint region
[1786.533s][info ][safepoint      ] Total time for which application threads were stopped: 0.0001218 seconds, Stopping threads took: 0.0000352 seconds
[1787.533s][info ][safepoint      ] Application time: 1.0000713 seconds
[1787.533s][info ][safepoint      ] Entering safepoint region: Cleanup
[1787.533s][info ][safepoint      ] Leaving safepoint region
[1787.533s][info ][safepoint      ] Total time for which application threads were stopped: 0.0000821 seconds, Stopping threads took: 0.0000136 seconds
[1788.533s][info ][safepoint      ] Application time: 1.0000822 seconds
[1788.533s][info ][safepoint      ] Entering safepoint region: Cleanup
[1788.533s][info ][safepoint      ] Leaving safepoint region
[1788.533s][info ][safepoint      ] Total time for which application threads were stopped: 0.0001563 seconds, Stopping threads took: 0.0000138 seconds
[1789.533s][info ][safepoint      ] Application time: 1.0000791 seconds
[1789.533s][info ][safepoint      ] Entering safepoint region: Cleanup
[1789.533s][info ][safepoint      ] Leaving safepoint region
[1789.533s][info ][safepoint      ] Total time for which application threads were stopped: 0.0000943 seconds, Stopping threads took: 0.0000174 seconds
[1790.533s][info ][safepoint      ] Application time: 1.0000822 seconds
[1790.533s][info ][safepoint      ] Entering safepoint region: Cleanup
[1790.533s][info ][safepoint      ] Leaving safepoint region
[1790.533s][info ][safepoint      ] Total time for which application threads were stopped: 0.0001005 seconds, Stopping threads took: 0.0000129 seconds
[1791.907s][info ][safepoint      ] Application time: 1.3734600 seconds
[1791.907s][info ][safepoint      ] Entering safepoint region: ParallelGCFailedAllocation
[1791.907s][info ][gc,start       ] GC(223) Pause Young (Allocation Failure)
[1791.916s][debug][gc,phases      ] GC(223) Scavenge 9.029ms
[1791.916s][debug][gc,ref         ] GC(223) Skipped phase1 of Reference Processing due to unavailable references
[1791.916s][debug][gc,ref         ] GC(223) Skipped phase3 of Reference Processing due to unavailable references
[1791.916s][debug][gc,phases      ] GC(223) Reference Processing 0.043ms
[1791.916s][debug][gc,phases      ] GC(223) Weak Processing 0.189ms
[1791.917s][debug][gc,phases      ] GC(223) Scrub String Table 0.656ms
[1791.917s][debug][gc,age         ] GC(223) Desired survivor size 75497472 bytes, new threshold 15 (max threshold 15)
[1791.917s][info ][gc,heap        ] GC(223) PSYoungGen: 1959360K->10912K(2023424K)
[1791.917s][info ][gc,heap        ] GC(223) ParOldGen: 430125K->433038K(466944K)
[1791.917s][info ][gc,metaspace   ] GC(223) Metaspace: 75772K->75772K(1118208K)
[1791.917s][info ][gc             ] GC(223) Pause Young (Allocation Failure) 2333M->433M(2432M) 10.082ms
[1791.917s][info ][gc,cpu         ] GC(223) User=0.02s Sys=0.00s Real=0.01s
[1791.917s][info ][safepoint      ] Leaving safepoint region
[1791.917s][info ][safepoint      ] Total time for which application threads were stopped: 0.0103009 seconds, Stopping threads took: 0.0000555 seconds
[1794.918s][info ][safepoint      ] Application time: 3.0002185 seconds
[1794.918s][info ][safepoint      ] Entering safepoint region: Cleanup
[1794.918s][info ][safepoint      ] Leaving safepoint region
[1794.918s][info ][safepoint      ] Total time for which application threads were stopped: 0.0001015 seconds, Stopping threads took: 0.0000341 seconds
[1795.918s][info ][safepoint      ] Application time: 1.0000836 seconds
[1795.918s][info ][safepoint      ] Entering safepoint region: Cleanup
[1795.918s][info ][safepoint      ] Leaving safepoint region
[1795.918s][info ][safepoint      ] Total time for which application threads were stopped: 0.0001228 seconds, Stopping threads took: 0.0000351 seconds
[1800.918s][info ][safepoint      ] Application time: 5.0003727 seconds
[1800.918s][info ][safepoint      ] Entering safepoint region: Cleanup
[1800.918s][info ][safepoint      ] Leaving safepoint region
[1800.918s][info ][safepoint      ] Total time for which application threads were stopped: 0.0001059 seconds, Stopping threads took: 0.0000473 seconds
[1801.919s][info ][safepoint      ] Application time: 1.0000750 seconds
[1801.919s][info ][safepoint      ] Entering safepoint region: Cleanup
[1801.919s][info ][safepoint      ] Leaving safepoint region
[1801.919s][info ][safepoint      ] Total time for which application threads were stopped: 0.0001009 seconds, Stopping threads took: 0.0000345 seconds
[1802.030s][info ][safepoint      ] Application time: 0.1117345 seconds
[1802.030s][info ][safepoint      ] Entering safepoint region: ParallelGCFailedAllocation
[1802.031s][info ][gc,start       ] GC(224) Pause Young (Allocation Failure)
[1802.036s][debug][gc,phases      ] GC(224) Scavenge 5.223ms
[1802.036s][debug][gc,ref         ] GC(224) Skipped phase1 of Reference Processing due to unavailable references
[1802.036s][debug][gc,ref         ] GC(224) Skipped phase3 of Reference Processing due to unavailable references
[1802.036s][debug][gc,phases      ] GC(224) Reference Processing 0.037ms
[1802.036s][debug][gc,phases      ] GC(224) Weak Processing 0.156ms
[1802.037s][debug][gc,phases      ] GC(224) Scrub String Table 0.573ms
[1802.037s][debug][gc,age         ] GC(224) Desired survivor size 74448896 bytes, new threshold 15 (max threshold 15)
[1802.037s][info ][gc,heap        ] GC(224) PSYoungGen: 1959584K->10720K(2022400K)
[1802.037s][info ][gc,heap        ] GC(224) ParOldGen: 433038K->433202K(466944K)
[1802.037s][info ][gc,metaspace   ] GC(224) Metaspace: 75774K->75774K(1118208K)
[1802.037s][info ][gc             ] GC(224) Pause Young (Allocation Failure) 2336M->433M(2431M) 6.159ms
[1802.037s][info ][gc,cpu         ] GC(224) User=0.02s Sys=0.00s Real=0.01s
[1802.037s][info ][safepoint      ] Leaving safepoint region
[1802.037s][info ][safepoint      ] Total time for which application threads were stopped: 0.0063375 seconds, Stopping threads took: 0.0000168 seconds
[1804.037s][info ][safepoint      ] Application time: 2.0001506 seconds
[1804.037s][info ][safepoint      ] Entering safepoint region: Cleanup
[1804.037s][info ][safepoint      ] Leaving safepoint region
[1804.037s][info ][safepoint      ] Total time for which application threads were stopped: 0.0000908 seconds, Stopping threads took: 0.0000235 seconds
[1805.037s][info ][safepoint      ] Application time: 1.0000764 seconds
[1805.037s][info ][safepoint      ] Entering safepoint region: Cleanup
[1805.037s][info ][safepoint      ] Leaving safepoint region
[1805.037s][info ][safepoint      ] Total time for which application threads were stopped: 0.0000765 seconds, Stopping threads took: 0.0000141 seconds
[1810.354s][info ][safepoint      ] Application time: 5.3169439 seconds
[1810.354s][info ][safepoint      ] Entering safepoint region: ParallelGCFailedAllocation
[1810.354s][info ][gc,start       ] GC(225) Pause Young (Allocation Failure)
[1810.360s][debug][gc,phases      ] GC(225) Scavenge 5.273ms
[1810.360s][debug][gc,ref         ] GC(225) Skipped phase1 of Reference Processing due to unavailable references
[1810.360s][debug][gc,ref         ] GC(225) Skipped phase3 of Reference Processing due to unavailable references
[1810.360s][debug][gc,phases      ] GC(225) Reference Processing 0.029ms
[1810.360s][debug][gc,phases      ] GC(225) Weak Processing 0.135ms
[1810.360s][debug][gc,phases      ] GC(225) Scrub String Table 0.456ms
[1810.360s][debug][gc,age         ] GC(225) Desired survivor size 72876032 bytes, new threshold 15 (max threshold 15)
[1810.360s][info ][gc,heap        ] GC(225) PSYoungGen: 1959392K->10400K(2025984K)
[1810.360s][info ][gc,heap        ] GC(225) ParOldGen: 433202K->433402K(466944K)
[1810.360s][info ][gc,metaspace   ] GC(225) Metaspace: 75776K->75776K(1118208K)
[1810.360s][info ][gc             ] GC(225) Pause Young (Allocation Failure) 2336M->433M(2434M) 6.050ms
[1810.360s][info ][gc,cpu         ] GC(225) User=0.03s Sys=0.00s Real=0.01s
[1810.360s][info ][safepoint      ] Leaving safepoint region
[1810.360s][info ][safepoint      ] Total time for which application threads were stopped: 0.0062493 seconds, Stopping threads took: 0.0000375 seconds
[1814.339s][info ][safepoint      ] Application time: 3.9782721 seconds
[1814.339s][info ][safepoint      ] Entering safepoint region: RevokeBias
[1814.339s][info ][safepoint      ] Leaving safepoint region
[1814.339s][info ][safepoint      ] Total time for which application threads were stopped: 0.0000826 seconds, Stopping threads took: 0.0000193 seconds
[1817.339s][info ][safepoint      ] Application time: 3.0002125 seconds
[1817.339s][info ][safepoint      ] Entering safepoint region: Cleanup
[1817.339s][info ][safepoint      ] Leaving safepoint region
[1817.339s][info ][safepoint      ] Total time for which application threads were stopped: 0.0001415 seconds, Stopping threads took: 0.0000375 seconds
[1819.602s][info ][safepoint      ] Application time: 2.2623556 seconds
[1819.602s][info ][safepoint      ] Entering safepoint region: ParallelGCFailedAllocation
[1819.602s][info ][gc,start       ] GC(226) Pause Young (Allocation Failure)
[1819.609s][debug][gc,phases      ] GC(226) Scavenge 7.380ms
[1819.609s][debug][gc,ref         ] GC(226) Skipped phase1 of Reference Processing due to unavailable references
[1819.609s][debug][gc,ref         ] GC(226) Skipped phase3 of Reference Processing due to unavailable references
[1819.609s][debug][gc,phases      ] GC(226) Reference Processing 0.030ms
[1819.609s][debug][gc,phases      ] GC(226) Weak Processing 0.122ms
[1819.610s][debug][gc,phases      ] GC(226) Scrub String Table 0.453ms
[1819.610s][debug][gc,age         ] GC(226) Desired survivor size 70778880 bytes, new threshold 15 (max threshold 15)
[1819.610s][info ][gc,heap        ] GC(226) PSYoungGen: 1963680K->10640K(2024448K)
[1819.610s][info ][gc,heap        ] GC(226) ParOldGen: 433402K->433546K(466944K)
[1819.610s][info ][gc,metaspace   ] GC(226) Metaspace: 75781K->75781K(1118208K)
[1819.610s][info ][gc             ] GC(226) Pause Young (Allocation Failure) 2340M->433M(2433M) 8.122ms
[1819.610s][info ][gc,cpu         ] GC(226) User=0.02s Sys=0.00s Real=0.00s
[1819.610s][info ][safepoint      ] Leaving safepoint region
[1819.610s][info ][safepoint      ] Total time for which application threads were stopped: 0.0083412 seconds, Stopping threads took: 0.0000609 seconds
[1823.610s][info ][safepoint      ] Application time: 4.0003007 seconds
[1823.610s][info ][safepoint      ] Entering safepoint region: Cleanup
[1823.610s][info ][safepoint      ] Leaving safepoint region
[1823.610s][info ][safepoint      ] Total time for which application threads were stopped: 0.0001454 seconds, Stopping threads took: 0.0000789 seconds
[1830.953s][info ][safepoint      ] Application time: 7.3428552 seconds
[1830.953s][info ][safepoint      ] Entering safepoint region: ParallelGCFailedAllocation
[1830.954s][info ][gc,start       ] GC(227) Pause Young (Allocation Failure)
[1830.959s][debug][gc,phases      ] GC(227) Scavenge 5.668ms
[1830.959s][debug][gc,ref         ] GC(227) Skipped phase1 of Reference Processing due to unavailable references
[1830.959s][debug][gc,ref         ] GC(227) Skipped phase3 of Reference Processing due to unavailable references
[1830.959s][debug][gc,phases      ] GC(227) Reference Processing 0.030ms
[1830.959s][debug][gc,phases      ] GC(227) Weak Processing 0.132ms
[1830.960s][debug][gc,phases      ] GC(227) Scrub String Table 0.421ms
[1830.960s][debug][gc,age         ] GC(227) Desired survivor size 68681728 bytes, new threshold 15 (max threshold 15)
[1830.960s][info ][gc,heap        ] GC(227) PSYoungGen: 1963920K->10464K(2030080K)
[1830.960s][info ][gc,heap        ] GC(227) ParOldGen: 433546K->433722K(466944K)
[1830.960s][info ][gc,metaspace   ] GC(227) Metaspace: 75781K->75781K(1118208K)
[1830.960s][info ][gc             ] GC(227) Pause Young (Allocation Failure) 2341M->433M(2438M) 6.415ms
[1830.960s][info ][gc,cpu         ] GC(227) User=0.02s Sys=0.00s Real=0.00s
[1830.960s][info ][safepoint      ] Leaving safepoint region
[1830.960s][info ][safepoint      ] Total time for which application threads were stopped: 0.0065981 seconds, Stopping threads took: 0.0000139 seconds
[1836.960s][info ][safepoint      ] Application time: 6.0004529 seconds
[1836.961s][info ][safepoint      ] Entering safepoint region: Cleanup
[1836.961s][info ][safepoint      ] Leaving safepoint region
[1836.961s][info ][safepoint      ] Total time for which application threads were stopped: 0.0001021 seconds, Stopping threads took: 0.0000358 seconds
[1841.318s][info ][safepoint      ] Application time: 4.3573447 seconds
[1841.318s][info ][safepoint      ] Entering safepoint region: ParallelGCFailedAllocation
[1841.318s][info ][gc,start       ] GC(228) Pause Young (Allocation Failure)
[1841.323s][debug][gc,phases      ] GC(228) Scavenge 5.176ms
[1841.323s][debug][gc,ref         ] GC(228) Skipped phase1 of Reference Processing due to unavailable references
[1841.323s][debug][gc,ref         ] GC(228) Skipped phase3 of Reference Processing due to unavailable references
[1841.323s][debug][gc,phases      ] GC(228) Reference Processing 0.030ms
[1841.323s][debug][gc,phases      ] GC(228) Weak Processing 0.142ms
[1841.324s][debug][gc,phases      ] GC(228) Scrub String Table 0.463ms
[1841.324s][debug][gc,age         ] GC(228) Desired survivor size 66584576 bytes, new threshold 15 (max threshold 15)
[1841.324s][info ][gc,heap        ] GC(228) PSYoungGen: 1971424K->10592K(2028032K)
[1841.324s][info ][gc,heap        ] GC(228) ParOldGen: 433722K->433802K(466944K)
[1841.324s][info ][gc,metaspace   ] GC(228) Metaspace: 75781K->75781K(1118208K)
[1841.324s][info ][gc             ] GC(228) Pause Young (Allocation Failure) 2348M->433M(2436M) 5.933ms
[1841.324s][info ][gc,cpu         ] GC(228) User=0.02s Sys=0.00s Real=0.01s
[1841.324s][info ][safepoint      ] Leaving safepoint region
[1841.324s][info ][safepoint      ] Total time for which application threads were stopped: 0.0060901 seconds, Stopping threads took: 0.0000141 seconds
[1846.324s][info ][safepoint      ] Application time: 5.0003670 seconds
[1846.325s][info ][safepoint      ] Entering safepoint region: Cleanup
[1846.325s][info ][safepoint      ] Leaving safepoint region
[1846.325s][info ][safepoint      ] Total time for which application threads were stopped: 0.0001060 seconds, Stopping threads took: 0.0000372 seconds
[1851.699s][info ][safepoint      ] Application time: 5.3745780 seconds
[1851.699s][info ][safepoint      ] Entering safepoint region: ParallelGCFailedAllocation
[1851.699s][info ][gc,start       ] GC(229) Pause Young (Allocation Failure)
[1851.705s][debug][gc,phases      ] GC(229) Scavenge 6.102ms
[1851.705s][debug][gc,ref         ] GC(229) Skipped phase1 of Reference Processing due to unavailable references
[1851.705s][debug][gc,ref         ] GC(229) Skipped phase3 of Reference Processing due to unavailable references
[1851.706s][debug][gc,phases      ] GC(229) Reference Processing 0.039ms
[1851.706s][debug][gc,phases      ] GC(229) Weak Processing 0.154ms
[1851.706s][debug][gc,phases      ] GC(229) Scrub String Table 0.541ms
[1851.706s][debug][gc,age         ] GC(229) Desired survivor size 63963136 bytes, new threshold 15 (max threshold 15)
[1851.706s][info ][gc,heap        ] GC(229) PSYoungGen: 1971552K->10016K(2034688K)
[1851.706s][info ][gc,heap        ] GC(229) ParOldGen: 433802K->434186K(466944K)
[1851.706s][info ][gc,metaspace   ] GC(229) Metaspace: 75784K->75784K(1118208K)
[1851.706s][info ][gc             ] GC(229) Pause Young (Allocation Failure) 2348M->433M(2443M) 6.984ms
[1851.706s][info ][gc,cpu         ] GC(229) User=0.03s Sys=0.00s Real=0.01s
[1851.706s][info ][safepoint      ] Leaving safepoint region
[1851.706s][info ][safepoint      ] Total time for which application threads were stopped: 0.0071403 seconds, Stopping threads took: 0.0000122 seconds
[1853.707s][info ][safepoint      ] Application time: 2.0001598 seconds
[1853.707s][info ][safepoint      ] Entering safepoint region: Cleanup
[1853.707s][info ][safepoint      ] Leaving safepoint region
[1853.707s][info ][safepoint      ] Total time for which application threads were stopped: 0.0001201 seconds, Stopping threads took: 0.0000603 seconds
[1854.707s][info ][safepoint      ] Application time: 1.0000825 seconds
[1854.707s][info ][safepoint      ] Entering safepoint region: Cleanup
[1854.707s][info ][safepoint      ] Leaving safepoint region
[1854.707s][info ][safepoint      ] Total time for which application threads were stopped: 0.0001130 seconds, Stopping threads took: 0.0000479 seconds
[1856.707s][info ][safepoint      ] Application time: 2.0001525 seconds
[1856.707s][info ][safepoint      ] Entering safepoint region: Cleanup
[1856.707s][info ][safepoint      ] Leaving safepoint region
[1856.707s][info ][safepoint      ] Total time for which application threads were stopped: 0.0000923 seconds, Stopping threads took: 0.0000357 seconds
[1861.305s][info ][safepoint      ] Application time: 4.5974403 seconds
[1861.305s][info ][safepoint      ] Entering safepoint region: ParallelGCFailedAllocation
[1861.305s][info ][gc,start       ] GC(230) Pause Young (Allocation Failure)
[1861.310s][debug][gc,phases      ] GC(230) Scavenge 5.289ms
[1861.310s][debug][gc,ref         ] GC(230) Skipped phase1 of Reference Processing due to unavailable references
[1861.310s][debug][gc,ref         ] GC(230) Skipped phase3 of Reference Processing due to unavailable references
[1861.310s][debug][gc,phases      ] GC(230) Reference Processing 0.029ms
[1861.310s][debug][gc,phases      ] GC(230) Weak Processing 0.121ms
[1861.311s][debug][gc,phases      ] GC(230) Scrub String Table 0.455ms
[1861.311s][debug][gc,age         ] GC(230) Desired survivor size 61865984 bytes, new threshold 15 (max threshold 15)
[1861.311s][info ][gc,heap        ] GC(230) PSYoungGen: 1979680K->9984K(2032128K)
[1861.311s][info ][gc,heap        ] GC(230) ParOldGen: 434186K->434234K(466944K)
[1861.311s][info ][gc,metaspace   ] GC(230) Metaspace: 75784K->75784K(1118208K)
[1861.311s][info ][gc             ] GC(230) Pause Young (Allocation Failure) 2357M->433M(2440M) 6.027ms
[1861.311s][info ][gc,cpu         ] GC(230) User=0.02s Sys=0.00s Real=0.00s
[1861.311s][info ][safepoint      ] Leaving safepoint region
[1861.311s][info ][safepoint      ] Total time for which application threads were stopped: 0.0062193 seconds, Stopping threads took: 0.0000396 seconds
[1870.455s][info ][safepoint      ] Application time: 9.1436449 seconds
[1870.455s][info ][safepoint      ] Entering safepoint region: ParallelGCFailedAllocation
[1870.455s][info ][gc,start       ] GC(231) Pause Young (Allocation Failure)
[1870.460s][debug][gc,phases      ] GC(231) Scavenge 5.057ms
[1870.460s][debug][gc,ref         ] GC(231) Skipped phase1 of Reference Processing due to unavailable references
[1870.460s][debug][gc,ref         ] GC(231) Skipped phase3 of Reference Processing due to unavailable references
[1870.460s][debug][gc,phases      ] GC(231) Reference Processing 0.030ms
[1870.460s][debug][gc,phases      ] GC(231) Weak Processing 0.134ms
[1870.461s][debug][gc,phases      ] GC(231) Scrub String Table 0.471ms
[1870.461s][debug][gc,age         ] GC(231) Desired survivor size 59244544 bytes, new threshold 15 (max threshold 15)
[1870.461s][info ][gc,heap        ] GC(231) PSYoungGen: 1979648K->10032K(2039296K)
[1870.461s][info ][gc,heap        ] GC(231) ParOldGen: 434234K->434354K(466944K)
[1870.461s][info ][gc,metaspace   ] GC(231) Metaspace: 75784K->75784K(1118208K)
[1870.461s][info ][gc             ] GC(231) Pause Young (Allocation Failure) 2357M->433M(2447M) 5.841ms
[1870.461s][info ][gc,cpu         ] GC(231) User=0.02s Sys=0.00s Real=0.01s
[1870.461s][info ][safepoint      ] Leaving safepoint region
[1870.461s][info ][safepoint      ] Total time for which application threads were stopped: 0.0060363 seconds, Stopping threads took: 0.0000389 seconds
[1875.461s][info ][safepoint      ] Application time: 5.0003250 seconds
[1875.461s][info ][safepoint      ] Entering safepoint region: Cleanup
[1875.461s][info ][safepoint      ] Leaving safepoint region
[1875.461s][info ][safepoint      ] Total time for which application threads were stopped: 0.0000971 seconds, Stopping threads took: 0.0000309 seconds
[1879.752s][info ][safepoint      ] Application time: 4.2907522 seconds
[1879.752s][info ][safepoint      ] Entering safepoint region: ParallelGCFailedAllocation
[1879.752s][info ][gc,start       ] GC(232) Pause Young (Allocation Failure)
[1879.759s][debug][gc,phases      ] GC(232) Scavenge 6.541ms
[1879.759s][debug][gc,ref         ] GC(232) Skipped phase1 of Reference Processing due to unavailable references
[1879.759s][debug][gc,ref         ] GC(232) Skipped phase3 of Reference Processing due to unavailable references
[1879.759s][debug][gc,phases      ] GC(232) Reference Processing 0.038ms
[1879.759s][debug][gc,phases      ] GC(232) Weak Processing 0.179ms
[1879.760s][debug][gc,phases      ] GC(232) Scrub String Table 0.561ms
[1879.760s][debug][gc,age         ] GC(232) Desired survivor size 56623104 bytes, new threshold 15 (max threshold 15)
[1879.760s][info ][gc,heap        ] GC(232) PSYoungGen: 1988912K->11376K(2036736K)
[1879.760s][info ][gc,heap        ] GC(232) ParOldGen: 434354K->434434K(466944K)
[1879.760s][info ][gc,metaspace   ] GC(232) Metaspace: 75796K->75796K(1118208K)
[1879.760s][info ][gc             ] GC(232) Pause Young (Allocation Failure) 2366M->435M(2445M) 7.480ms
[1879.760s][info ][gc,cpu         ] GC(232) User=0.02s Sys=0.00s Real=0.00s
[1879.760s][info ][safepoint      ] Leaving safepoint region
[1879.760s][info ][safepoint      ] Total time for which application threads were stopped: 0.0077592 seconds, Stopping threads took: 0.0000886 seconds
[1888.557s][info ][safepoint      ] Application time: 8.7973081 seconds
[1888.557s][info ][safepoint      ] Entering safepoint region: ParallelGCFailedAllocation
[1888.557s][info ][gc,start       ] GC(233) Pause Young (Allocation Failure)
[1888.563s][debug][gc,phases      ] GC(233) Scavenge 5.358ms
[1888.563s][debug][gc,ref         ] GC(233) Skipped phase1 of Reference Processing due to unavailable references
[1888.563s][debug][gc,ref         ] GC(233) Skipped phase3 of Reference Processing due to unavailable references
[1888.563s][debug][gc,phases      ] GC(233) Reference Processing 0.029ms
[1888.563s][debug][gc,phases      ] GC(233) Weak Processing 0.122ms
[1888.563s][debug][gc,phases      ] GC(233) Scrub String Table 0.421ms
[1888.563s][debug][gc,age         ] GC(233) Desired survivor size 54001664 bytes, new threshold 15 (max threshold 15)
[1888.563s][info ][gc,heap        ] GC(233) PSYoungGen: 1990256K->11264K(2044416K)
[1888.563s][info ][gc,heap        ] GC(233) ParOldGen: 434434K->434946K(466944K)
[1888.563s][info ][gc,metaspace   ] GC(233) Metaspace: 75796K->75796K(1118208K)
[1888.563s][info ][gc             ] GC(233) Pause Young (Allocation Failure) 2367M->435M(2452M) 6.052ms
[1888.563s][info ][gc,cpu         ] GC(233) User=0.02s Sys=0.00s Real=0.01s
[1888.563s][info ][safepoint      ] Leaving safepoint region
[1888.563s][info ][safepoint      ] Total time for which application threads were stopped: 0.0062712 seconds, Stopping threads took: 0.0000802 seconds
[1892.564s][info ][safepoint      ] Application time: 4.0008345 seconds
[1892.564s][info ][safepoint      ] Entering safepoint region: Cleanup
[1892.564s][info ][safepoint      ] Leaving safepoint region
[1892.564s][info ][safepoint      ] Total time for which application threads were stopped: 0.0001266 seconds, Stopping threads took: 0.0000376 seconds
[1898.461s][info ][safepoint      ] Application time: 5.8968892 seconds
[1898.461s][info ][safepoint      ] Entering safepoint region: ParallelGCFailedAllocation
[1898.461s][info ][gc,start       ] GC(234) Pause Young (Allocation Failure)
[1898.481s][debug][gc,phases      ] GC(234) Scavenge 19.046ms
[1898.481s][debug][gc,ref         ] GC(234) Skipped phase1 of Reference Processing due to unavailable references
[1898.481s][debug][gc,ref         ] GC(234) Skipped phase3 of Reference Processing due to unavailable references
[1898.481s][debug][gc,phases      ] GC(234) Reference Processing 0.058ms
[1898.481s][debug][gc,phases      ] GC(234) Weak Processing 0.187ms
[1898.481s][debug][gc,phases      ] GC(234) Scrub String Table 0.527ms
[1898.481s][debug][gc,age         ] GC(234) Desired survivor size 51380224 bytes, new threshold 15 (max threshold 15)
[1898.481s][info ][gc,heap        ] GC(234) PSYoungGen: 2000384K->11904K(2041856K)
[1898.481s][info ][gc,heap        ] GC(234) ParOldGen: 434946K->435114K(466944K)
[1898.481s][info ][gc,metaspace   ] GC(234) Metaspace: 75803K->75803K(1118208K)
[1898.481s][info ][gc             ] GC(234) Pause Young (Allocation Failure) 2378M->436M(2450M) 19.966ms
[1898.481s][info ][gc,cpu         ] GC(234) User=0.02s Sys=0.00s Real=0.02s
[1898.481s][info ][safepoint      ] Leaving safepoint region
[1898.481s][info ][safepoint      ] Total time for which application threads were stopped: 0.0201998 seconds, Stopping threads took: 0.0000415 seconds
[1899.482s][info ][safepoint      ] Application time: 1.0000976 seconds
[1899.482s][info ][safepoint      ] Entering safepoint region: Cleanup
[1899.482s][info ][safepoint      ] Leaving safepoint region
[1899.482s][info ][safepoint      ] Total time for which application threads were stopped: 0.0001214 seconds, Stopping threads took: 0.0000381 seconds
[1907.975s][info ][safepoint      ] Application time: 8.4934306 seconds
[1907.975s][info ][safepoint      ] Entering safepoint region: ParallelGCFailedAllocation
[1907.975s][info ][gc,start       ] GC(235) Pause Young (Allocation Failure)
[1908.003s][debug][gc,phases      ] GC(235) Scavenge 27.557ms
[1908.003s][debug][gc,ref         ] GC(235) Skipped phase1 of Reference Processing due to unavailable references
[1908.003s][debug][gc,ref         ] GC(235) Skipped phase3 of Reference Processing due to unavailable references
[1908.003s][debug][gc,phases      ] GC(235) Reference Processing 0.037ms
[1908.003s][debug][gc,phases      ] GC(235) Weak Processing 0.185ms
[1908.004s][debug][gc,phases      ] GC(235) Scrub String Table 0.587ms
[1908.004s][debug][gc,age         ] GC(235) Desired survivor size 48758784 bytes, new threshold 15 (max threshold 15)
[1908.004s][info ][gc,heap        ] GC(235) PSYoungGen: 2001024K->10224K(2049536K)
[1908.004s][info ][gc,heap        ] GC(235) ParOldGen: 435114K->437019K(466944K)
[1908.004s][info ][gc,metaspace   ] GC(235) Metaspace: 75803K->75803K(1118208K)
[1908.004s][info ][gc             ] GC(235) Pause Young (Allocation Failure) 2379M->436M(2457M) 28.516ms
[1908.004s][info ][gc,cpu         ] GC(235) User=0.02s Sys=0.00s Real=0.03s
[1908.004s][info ][safepoint      ] Leaving safepoint region
[1908.004s][info ][safepoint      ] Total time for which application threads were stopped: 0.0288656 seconds, Stopping threads took: 0.0001863 seconds
[1913.009s][info ][safepoint      ] Application time: 5.0048082 seconds
[1913.009s][info ][safepoint      ] Entering safepoint region: Cleanup
[1913.009s][info ][safepoint      ] Leaving safepoint region
[1913.009s][info ][safepoint      ] Total time for which application threads were stopped: 0.0004341 seconds, Stopping threads took: 0.0003497 seconds
[1918.010s][info ][safepoint      ] Application time: 5.0003964 seconds
[1918.010s][info ][safepoint      ] Entering safepoint region: Cleanup
[1918.010s][info ][safepoint      ] Leaving safepoint region
[1918.010s][info ][safepoint      ] Total time for which application threads were stopped: 0.0001047 seconds, Stopping threads took: 0.0000382 seconds
[1919.304s][info ][safepoint      ] Application time: 1.2941964 seconds
[1919.304s][info ][safepoint      ] Entering safepoint region: ParallelGCFailedAllocation
[1919.304s][info ][gc,start       ] GC(236) Pause Young (Allocation Failure)
[1919.310s][debug][gc,phases      ] GC(236) Scavenge 5.911ms
[1919.310s][debug][gc,ref         ] GC(236) Skipped phase1 of Reference Processing due to unavailable references
[1919.310s][debug][gc,ref         ] GC(236) Skipped phase3 of Reference Processing due to unavailable references
[1919.310s][debug][gc,phases      ] GC(236) Reference Processing 0.057ms
[1919.311s][debug][gc,phases      ] GC(236) Weak Processing 0.131ms
[1919.311s][debug][gc,phases      ] GC(236) Scrub String Table 0.454ms
[1919.311s][debug][gc,age         ] GC(236) Desired survivor size 47185920 bytes, new threshold 15 (max threshold 15)
[1919.311s][info ][gc,heap        ] GC(236) PSYoungGen: 2009584K->8048K(2046976K)
[1919.311s][info ][gc,heap        ] GC(236) ParOldGen: 437019K->439435K(466944K)
[1919.311s][info ][gc,metaspace   ] GC(236) Metaspace: 75804K->75804K(1118208K)
[1919.311s][info ][gc             ] GC(236) Pause Young (Allocation Failure) 2389M->436M(2455M) 6.699ms
[1919.311s][info ][gc,cpu         ] GC(236) User=0.02s Sys=0.00s Real=0.00s
[1919.311s][info ][safepoint      ] Leaving safepoint region
[1919.311s][info ][safepoint      ] Total time for which application threads were stopped: 0.0069960 seconds, Stopping threads took: 0.0000439 seconds
[1922.311s][info ][safepoint      ] Application time: 3.0002462 seconds
[1922.312s][info ][safepoint      ] Entering safepoint region: Cleanup
[1922.312s][info ][safepoint      ] Leaving safepoint region
[1922.312s][info ][safepoint      ] Total time for which application threads were stopped: 0.0005162 seconds, Stopping threads took: 0.0004328 seconds
[1923.312s][info ][safepoint      ] Application time: 1.0000832 seconds
[1923.312s][info ][safepoint      ] Entering safepoint region: Cleanup
[1923.312s][info ][safepoint      ] Leaving safepoint region
[1923.312s][info ][safepoint      ] Total time for which application threads were stopped: 0.0001133 seconds, Stopping threads took: 0.0000434 seconds
[1924.312s][info ][safepoint      ] Application time: 1.0000755 seconds
[1924.312s][info ][safepoint      ] Entering safepoint region: Cleanup
[1924.312s][info ][safepoint      ] Leaving safepoint region
[1924.312s][info ][safepoint      ] Total time for which application threads were stopped: 0.0001105 seconds, Stopping threads took: 0.0000454 seconds
[1925.313s][info ][safepoint      ] Application time: 1.0000784 seconds
[1925.313s][info ][safepoint      ] Entering safepoint region: Cleanup
[1925.313s][info ][safepoint      ] Leaving safepoint region
[1925.313s][info ][safepoint      ] Total time for which application threads were stopped: 0.0001014 seconds, Stopping threads took: 0.0000334 seconds
[1926.313s][info ][safepoint      ] Application time: 1.0000856 seconds
[1926.313s][info ][safepoint      ] Entering safepoint region: Cleanup
[1926.313s][info ][safepoint      ] Leaving safepoint region
[1926.313s][info ][safepoint      ] Total time for which application threads were stopped: 0.0001044 seconds, Stopping threads took: 0.0000360 seconds
[1929.960s][info ][safepoint      ] Application time: 3.6473529 seconds
[1929.960s][info ][safepoint      ] Entering safepoint region: ParallelGCFailedAllocation
[1929.960s][info ][gc,start       ] GC(237) Pause Young (Allocation Failure)
[1929.965s][debug][gc,phases      ] GC(237) Scavenge 4.600ms
[1929.965s][debug][gc,ref         ] GC(237) Skipped phase1 of Reference Processing due to unavailable references
[1929.965s][debug][gc,ref         ] GC(237) Skipped phase3 of Reference Processing due to unavailable references
[1929.965s][debug][gc,phases      ] GC(237) Reference Processing 0.111ms
[1929.965s][debug][gc,phases      ] GC(237) Weak Processing 0.130ms
[1929.966s][debug][gc,phases      ] GC(237) Scrub String Table 0.439ms
[1929.966s][debug][gc,age         ] GC(237) Desired survivor size 45088768 bytes, new threshold 15 (max threshold 15)
[1929.966s][info ][gc,heap        ] GC(237) PSYoungGen: 2007408K->8672K(2053120K)
[1929.966s][info ][gc,heap        ] GC(237) ParOldGen: 439435K->439467K(466944K)
[1929.966s][info ][gc,metaspace   ] GC(237) Metaspace: 75810K->75810K(1118208K)
[1929.966s][info ][gc             ] GC(237) Pause Young (Allocation Failure) 2389M->437M(2461M) 5.412ms
[1929.966s][info ][gc,cpu         ] GC(237) User=0.02s Sys=0.00s Real=0.00s
[1929.966s][info ][safepoint      ] Leaving safepoint region
[1929.966s][info ][safepoint      ] Total time for which application threads were stopped: 0.0055960 seconds, Stopping threads took: 0.0000128 seconds
[1936.966s][info ][safepoint      ] Application time: 7.0005010 seconds
[1936.966s][info ][safepoint      ] Entering safepoint region: Cleanup
[1936.967s][info ][safepoint      ] Leaving safepoint region
[1936.967s][info ][safepoint      ] Total time for which application threads were stopped: 0.0001118 seconds, Stopping threads took: 0.0000435 seconds
[1939.967s][info ][safepoint      ] Application time: 3.0002194 seconds
[1939.967s][info ][safepoint      ] Entering safepoint region: Cleanup
[1939.967s][info ][safepoint      ] Leaving safepoint region
[1939.967s][info ][safepoint      ] Total time for which application threads were stopped: 0.0001137 seconds, Stopping threads took: 0.0000391 seconds
[1941.506s][info ][safepoint      ] Application time: 1.5386354 seconds
[1941.506s][info ][safepoint      ] Entering safepoint region: ParallelGCFailedAllocation
[1941.506s][info ][gc,start       ] GC(238) Pause Young (Allocation Failure)
[1941.510s][debug][gc,phases      ] GC(238) Scavenge 4.666ms
[1941.511s][debug][gc,ref         ] GC(238) Skipped phase1 of Reference Processing due to unavailable references
[1941.511s][debug][gc,ref         ] GC(238) Skipped phase2 of Reference Processing due to unavailable references
[1941.511s][debug][gc,ref         ] GC(238) Skipped phase3 of Reference Processing due to unavailable references
[1941.511s][debug][gc,phases      ] GC(238) Reference Processing 0.028ms
[1941.511s][debug][gc,phases      ] GC(238) Weak Processing 0.133ms
[1941.511s][debug][gc,phases      ] GC(238) Scrub String Table 0.449ms
[1941.511s][debug][gc,age         ] GC(238) Desired survivor size 42991616 bytes, new threshold 15 (max threshold 15)
[1941.511s][info ][gc,heap        ] GC(238) PSYoungGen: 2015712K->8512K(2051072K)
[1941.511s][info ][gc,heap        ] GC(238) ParOldGen: 439467K->439579K(466944K)
[1941.511s][info ][gc,metaspace   ] GC(238) Metaspace: 75817K->75817K(1118208K)
[1941.511s][info ][gc             ] GC(238) Pause Young (Allocation Failure) 2397M->437M(2459M) 5.405ms
[1941.511s][info ][gc,cpu         ] GC(238) User=0.02s Sys=0.00s Real=0.00s
[1941.511s][info ][safepoint      ] Leaving safepoint region
[1941.511s][info ][safepoint      ] Total time for which application threads were stopped: 0.0056231 seconds, Stopping threads took: 0.0000523 seconds
[1943.511s][info ][safepoint      ] Application time: 2.0001629 seconds
[1943.512s][info ][safepoint      ] Entering safepoint region: Cleanup
[1943.512s][info ][safepoint      ] Leaving safepoint region
[1943.512s][info ][safepoint      ] Total time for which application threads were stopped: 0.0001233 seconds, Stopping threads took: 0.0000571 seconds
[1947.512s][info ][safepoint      ] Application time: 4.0003018 seconds
[1947.512s][info ][safepoint      ] Entering safepoint region: Cleanup
[1947.512s][info ][safepoint      ] Leaving safepoint region
[1947.512s][info ][safepoint      ] Total time for which application threads were stopped: 0.0001362 seconds, Stopping threads took: 0.0000581 seconds
[1949.512s][info ][safepoint      ] Application time: 2.0001553 seconds
[1949.512s][info ][safepoint      ] Entering safepoint region: Cleanup
[1949.512s][info ][safepoint      ] Leaving safepoint region
[1949.512s][info ][safepoint      ] Total time for which application threads were stopped: 0.0001204 seconds, Stopping threads took: 0.0000389 seconds
[1952.268s][info ][safepoint      ] Application time: 2.7551628 seconds
[1952.268s][info ][safepoint      ] Entering safepoint region: RevokeBias
[1952.268s][info ][safepoint      ] Leaving safepoint region
[1952.268s][info ][safepoint      ] Total time for which application threads were stopped: 0.0001221 seconds, Stopping threads took: 0.0000359 seconds
[1953.473s][info ][safepoint      ] Application time: 1.2057350 seconds
[1953.473s][info ][safepoint      ] Entering safepoint region: ParallelGCFailedAllocation
[1953.474s][info ][gc,start       ] GC(239) Pause Young (Allocation Failure)
[1953.479s][debug][gc,phases      ] GC(239) Scavenge 5.056ms
[1953.479s][debug][gc,ref         ] GC(239) Skipped phase1 of Reference Processing due to unavailable references
[1953.479s][debug][gc,ref         ] GC(239) Skipped phase2 of Reference Processing due to unavailable references
[1953.479s][debug][gc,ref         ] GC(239) Skipped phase3 of Reference Processing due to unavailable references
[1953.479s][debug][gc,phases      ] GC(239) Reference Processing 0.028ms
[1953.479s][debug][gc,phases      ] GC(239) Weak Processing 0.130ms
[1953.479s][debug][gc,phases      ] GC(239) Scrub String Table 0.456ms
[1953.479s][debug][gc,age         ] GC(239) Desired survivor size 41418752 bytes, new threshold 15 (max threshold 15)
[1953.479s][info ][gc,heap        ] GC(239) PSYoungGen: 2015552K->8352K(2056704K)
[1953.479s][info ][gc,heap        ] GC(239) ParOldGen: 439579K->439707K(466944K)
[1953.479s][info ][gc,metaspace   ] GC(239) Metaspace: 75820K->75820K(1118208K)
[1953.479s][info ][gc             ] GC(239) Pause Young (Allocation Failure) 2397M->437M(2464M) 5.811ms
[1953.479s][info ][gc,cpu         ] GC(239) User=0.02s Sys=0.00s Real=0.00s
[1953.479s][info ][safepoint      ] Leaving safepoint region
[1953.479s][info ][safepoint      ] Total time for which application threads were stopped: 0.0059952 seconds, Stopping threads took: 0.0000421 seconds
[1955.480s][info ][safepoint      ] Application time: 2.0001526 seconds
[1955.480s][info ][safepoint      ] Entering safepoint region: Cleanup
[1955.480s][info ][safepoint      ] Leaving safepoint region
[1955.480s][info ][safepoint      ] Total time for which application threads were stopped: 0.0000725 seconds, Stopping threads took: 0.0000129 seconds
[1956.480s][info ][safepoint      ] Application time: 1.0000823 seconds
[1956.480s][info ][safepoint      ] Entering safepoint region: Cleanup
[1956.480s][info ][safepoint      ] Leaving safepoint region
[1956.480s][info ][safepoint      ] Total time for which application threads were stopped: 0.0001052 seconds, Stopping threads took: 0.0000393 seconds
[1958.480s][info ][safepoint      ] Application time: 2.0001649 seconds
[1958.480s][info ][safepoint      ] Entering safepoint region: Cleanup
[1958.480s][info ][safepoint      ] Leaving safepoint region
[1958.480s][info ][safepoint      ] Total time for which application threads were stopped: 0.0000908 seconds, Stopping threads took: 0.0000187 seconds
[1962.481s][info ][safepoint      ] Application time: 4.0002997 seconds
[1962.481s][info ][safepoint      ] Entering safepoint region: Cleanup
[1962.481s][info ][safepoint      ] Leaving safepoint region
[1962.481s][info ][safepoint      ] Total time for which application threads were stopped: 0.0000785 seconds, Stopping threads took: 0.0000191 seconds
[1964.801s][info ][safepoint      ] Application time: 2.3201411 seconds
[1964.801s][info ][safepoint      ] Entering safepoint region: ParallelGCFailedAllocation
[1964.801s][info ][gc,start       ] GC(240) Pause Young (Allocation Failure)
[1964.807s][debug][gc,phases      ] GC(240) Scavenge 5.561ms
[1964.807s][debug][gc,ref         ] GC(240) Skipped phase1 of Reference Processing due to unavailable references
[1964.807s][debug][gc,ref         ] GC(240) Skipped phase2 of Reference Processing due to unavailable references
[1964.807s][debug][gc,ref         ] GC(240) Skipped phase3 of Reference Processing due to unavailable references
[1964.807s][debug][gc,phases      ] GC(240) Reference Processing 0.028ms
[1964.807s][debug][gc,phases      ] GC(240) Weak Processing 0.126ms
[1964.807s][debug][gc,phases      ] GC(240) Scrub String Table 0.432ms
[1964.807s][debug][gc,age         ] GC(240) Desired survivor size 39321600 bytes, new threshold 15 (max threshold 15)
[1964.807s][info ][gc,heap        ] GC(240) PSYoungGen: 2023072K->8648K(2055168K)
[1964.807s][info ][gc,heap        ] GC(240) ParOldGen: 439707K->439863K(466944K)
[1964.807s][info ][gc,metaspace   ] GC(240) Metaspace: 75825K->75825K(1118208K)
[1964.807s][info ][gc             ] GC(240) Pause Young (Allocation Failure) 2405M->438M(2463M) 6.281ms
[1964.807s][info ][gc,cpu         ] GC(240) User=0.02s Sys=0.00s Real=0.00s
[1964.807s][info ][safepoint      ] Leaving safepoint region
[1964.807s][info ][safepoint      ] Total time for which application threads were stopped: 0.0064835 seconds, Stopping threads took: 0.0000186 seconds
[1966.808s][info ][safepoint      ] Application time: 2.0001671 seconds
[1966.808s][info ][safepoint      ] Entering safepoint region: Cleanup
[1966.808s][info ][safepoint      ] Leaving safepoint region
[1966.808s][info ][safepoint      ] Total time for which application threads were stopped: 0.0001222 seconds, Stopping threads took: 0.0000373 seconds
[1967.808s][info ][safepoint      ] Application time: 1.0001067 seconds
[1967.808s][info ][safepoint      ] Entering safepoint region: Cleanup
[1967.808s][info ][safepoint      ] Leaving safepoint region
[1967.808s][info ][safepoint      ] Total time for which application threads were stopped: 0.0002099 seconds, Stopping threads took: 0.0000341 seconds
[1968.808s][info ][safepoint      ] Application time: 1.0000510 seconds
[1968.808s][info ][safepoint      ] Entering safepoint region: Cleanup
[1968.808s][info ][safepoint      ] Leaving safepoint region
[1968.808s][info ][safepoint      ] Total time for which application threads were stopped: 0.0001510 seconds, Stopping threads took: 0.0000385 seconds
[1969.808s][info ][safepoint      ] Application time: 1.0000778 seconds
[1969.809s][info ][safepoint      ] Entering safepoint region: Cleanup
[1969.809s][info ][safepoint      ] Leaving safepoint region
[1969.809s][info ][safepoint      ] Total time for which application threads were stopped: 0.0001212 seconds, Stopping threads took: 0.0000388 seconds
[1970.809s][info ][safepoint      ] Application time: 1.0000784 seconds
[1970.809s][info ][safepoint      ] Entering safepoint region: Cleanup
[1970.809s][info ][safepoint      ] Leaving safepoint region
[1970.809s][info ][safepoint      ] Total time for which application threads were stopped: 0.0001155 seconds, Stopping threads took: 0.0000506 seconds
[1971.809s][info ][safepoint      ] Application time: 1.0000745 seconds
[1971.809s][info ][safepoint      ] Entering safepoint region: Cleanup
[1971.809s][info ][safepoint      ] Leaving safepoint region
[1971.809s][info ][safepoint      ] Total time for which application threads were stopped: 0.0001177 seconds, Stopping threads took: 0.0000564 seconds
[1972.809s][info ][safepoint      ] Application time: 1.0000812 seconds
[1972.809s][info ][safepoint      ] Entering safepoint region: Cleanup
[1972.809s][info ][safepoint      ] Leaving safepoint region
[1972.809s][info ][safepoint      ] Total time for which application threads were stopped: 0.0001113 seconds, Stopping threads took: 0.0000350 seconds
[1973.809s][info ][safepoint      ] Application time: 1.0000775 seconds
[1973.809s][info ][safepoint      ] Entering safepoint region: Cleanup
[1973.810s][info ][safepoint      ] Leaving safepoint region
[1973.810s][info ][safepoint      ] Total time for which application threads were stopped: 0.0001150 seconds, Stopping threads took: 0.0000357 seconds
[1974.810s][info ][safepoint      ] Application time: 1.0000771 seconds
[1974.810s][info ][safepoint      ] Entering safepoint region: Cleanup
[1974.810s][info ][safepoint      ] Leaving safepoint region
[1974.810s][info ][safepoint      ] Total time for which application threads were stopped: 0.0001099 seconds, Stopping threads took: 0.0000508 seconds
[1975.677s][info ][safepoint      ] Application time: 0.8674986 seconds
[1975.677s][info ][safepoint      ] Entering safepoint region: ParallelGCFailedAllocation
[1975.677s][info ][gc,start       ] GC(241) Pause Young (Allocation Failure)
[1975.682s][debug][gc,phases      ] GC(241) Scavenge 4.886ms
[1975.682s][debug][gc,ref         ] GC(241) Skipped phase1 of Reference Processing due to unavailable references
[1975.682s][debug][gc,ref         ] GC(241) Skipped phase2 of Reference Processing due to unavailable references
[1975.682s][debug][gc,ref         ] GC(241) Skipped phase3 of Reference Processing due to unavailable references
[1975.682s][debug][gc,ref         ] GC(241) Skipped phase4 of Reference Processing due to unavailable references
[1975.682s][debug][gc,phases      ] GC(241) Reference Processing 0.043ms
[1975.683s][debug][gc,phases      ] GC(241) Weak Processing 0.135ms
[1975.683s][debug][gc,phases      ] GC(241) Scrub String Table 0.416ms
[1975.683s][debug][gc,age         ] GC(241) Desired survivor size 37748736 bytes, new threshold 15 (max threshold 15)
[1975.683s][info ][gc,heap        ] GC(241) PSYoungGen: 2023368K->8992K(2060288K)
[1975.683s][info ][gc,heap        ] GC(241) ParOldGen: 439863K->440015K(466944K)
[1975.683s][info ][gc,metaspace   ] GC(241) Metaspace: 75827K->75827K(1118208K)
[1975.683s][info ][gc             ] GC(241) Pause Young (Allocation Failure) 2405M->438M(2468M) 5.607ms
[1975.683s][info ][gc,cpu         ] GC(241) User=0.02s Sys=0.00s Real=0.01s
[1975.683s][info ][safepoint      ] Leaving safepoint region
[1975.683s][info ][safepoint      ] Total time for which application threads were stopped: 0.0057635 seconds, Stopping threads took: 0.0000124 seconds
[1976.683s][info ][safepoint      ] Application time: 1.0000811 seconds
[1976.683s][info ][safepoint      ] Entering safepoint region: Cleanup
[1976.683s][info ][safepoint      ] Leaving safepoint region
[1976.683s][info ][safepoint      ] Total time for which application threads were stopped: 0.0000904 seconds, Stopping threads took: 0.0000200 seconds
[1977.683s][info ][safepoint      ] Application time: 1.0000766 seconds
[1977.683s][info ][safepoint      ] Entering safepoint region: Cleanup
[1977.684s][info ][safepoint      ] Leaving safepoint region
[1977.684s][info ][safepoint      ] Total time for which application threads were stopped: 0.0000841 seconds, Stopping threads took: 0.0000207 seconds
[1978.684s][info ][safepoint      ] Application time: 1.0000674 seconds
[1978.684s][info ][safepoint      ] Entering safepoint region: Cleanup
[1978.684s][info ][safepoint      ] Leaving safepoint region
[1978.684s][info ][safepoint      ] Total time for which application threads were stopped: 0.0000636 seconds, Stopping threads took: 0.0000151 seconds
[1979.684s][info ][safepoint      ] Application time: 1.0000675 seconds
[1979.684s][info ][safepoint      ] Entering safepoint region: Cleanup
[1979.684s][info ][safepoint      ] Leaving safepoint region
[1979.684s][info ][safepoint      ] Total time for which application threads were stopped: 0.0000642 seconds, Stopping threads took: 0.0000142 seconds
[1980.684s][info ][safepoint      ] Application time: 1.0000699 seconds
[1980.684s][info ][safepoint      ] Entering safepoint region: Cleanup
[1980.684s][info ][safepoint      ] Leaving safepoint region
[1980.684s][info ][safepoint      ] Total time for which application threads were stopped: 0.0000633 seconds, Stopping threads took: 0.0000137 seconds
[1981.684s][info ][safepoint      ] Application time: 1.0000790 seconds
[1981.684s][info ][safepoint      ] Entering safepoint region: Cleanup
[1981.684s][info ][safepoint      ] Leaving safepoint region
[1981.684s][info ][safepoint      ] Total time for which application threads were stopped: 0.0000708 seconds, Stopping threads took: 0.0000144 seconds
[1982.684s][info ][safepoint      ] Application time: 1.0000718 seconds
[1982.684s][info ][safepoint      ] Entering safepoint region: Cleanup
[1982.684s][info ][safepoint      ] Leaving safepoint region
[1982.684s][info ][safepoint      ] Total time for which application threads were stopped: 0.0000672 seconds, Stopping threads took: 0.0000140 seconds
[1983.685s][info ][safepoint      ] Application time: 1.0000736 seconds
[1983.685s][info ][safepoint      ] Entering safepoint region: Cleanup
[1983.685s][info ][safepoint      ] Leaving safepoint region
[1983.685s][info ][safepoint      ] Total time for which application threads were stopped: 0.0000780 seconds, Stopping threads took: 0.0000147 seconds
[1984.685s][info ][safepoint      ] Application time: 1.0000901 seconds
[1984.685s][info ][safepoint      ] Entering safepoint region: Cleanup
[1984.685s][info ][safepoint      ] Leaving safepoint region
[1984.685s][info ][safepoint      ] Total time for which application threads were stopped: 0.0000839 seconds, Stopping threads took: 0.0000207 seconds
[1985.685s][info ][safepoint      ] Application time: 1.0000666 seconds
[1985.685s][info ][safepoint      ] Entering safepoint region: Cleanup
[1985.685s][info ][safepoint      ] Leaving safepoint region
[1985.685s][info ][safepoint      ] Total time for which application threads were stopped: 0.0000666 seconds, Stopping threads took: 0.0000143 seconds
[1986.153s][info ][safepoint      ] Application time: 0.4682225 seconds
[1986.153s][info ][safepoint      ] Entering safepoint region: ParallelGCFailedAllocation
[1986.153s][info ][gc,start       ] GC(242) Pause Young (Allocation Failure)
[1986.158s][debug][gc,phases      ] GC(242) Scavenge 4.585ms
[1986.158s][debug][gc,ref         ] GC(242) Skipped phase1 of Reference Processing due to unavailable references
[1986.158s][debug][gc,ref         ] GC(242) Skipped phase2 of Reference Processing due to unavailable references
[1986.158s][debug][gc,ref         ] GC(242) Skipped phase3 of Reference Processing due to unavailable references
[1986.158s][debug][gc,ref         ] GC(242) Skipped phase4 of Reference Processing due to unavailable references
[1986.158s][debug][gc,phases      ] GC(242) Reference Processing 0.038ms
[1986.158s][debug][gc,phases      ] GC(242) Weak Processing 0.169ms
[1986.159s][debug][gc,phases      ] GC(242) Scrub String Table 0.552ms
[1986.159s][debug][gc,age         ] GC(242) Desired survivor size 35651584 bytes, new threshold 15 (max threshold 15)
[1986.159s][info ][gc,heap        ] GC(242) PSYoungGen: 2030880K->8944K(2058752K)
[1986.159s][info ][gc,heap        ] GC(242) ParOldGen: 440015K->440195K(466944K)
[1986.159s][info ][gc,metaspace   ] GC(242) Metaspace: 75828K->75828K(1118208K)
[1986.159s][info ][gc             ] GC(242) Pause Young (Allocation Failure) 2412M->438M(2466M) 5.505ms
[1986.159s][info ][gc,cpu         ] GC(242) User=0.02s Sys=0.00s Real=0.00s
[1986.159s][info ][safepoint      ] Leaving safepoint region
[1986.159s][info ][safepoint      ] Total time for which application threads were stopped: 0.0056863 seconds, Stopping threads took: 0.0000187 seconds
[1987.159s][info ][safepoint      ] Application time: 1.0000842 seconds
[1987.159s][info ][safepoint      ] Entering safepoint region: Cleanup
[1987.159s][info ][safepoint      ] Leaving safepoint region
[1987.159s][info ][safepoint      ] Total time for which application threads were stopped: 0.0000984 seconds, Stopping threads took: 0.0000356 seconds
[1988.159s][info ][safepoint      ] Application time: 1.0000886 seconds
[1988.159s][info ][safepoint      ] Entering safepoint region: Cleanup
[1988.159s][info ][safepoint      ] Leaving safepoint region
[1988.159s][info ][safepoint      ] Total time for which application threads were stopped: 0.0001113 seconds, Stopping threads took: 0.0000381 seconds
[1989.160s][info ][safepoint      ] Application time: 1.0000743 seconds
[1989.160s][info ][safepoint      ] Entering safepoint region: Cleanup
[1989.160s][info ][safepoint      ] Leaving safepoint region
[1989.160s][info ][safepoint      ] Total time for which application threads were stopped: 0.0001146 seconds, Stopping threads took: 0.0000488 seconds
[1990.160s][info ][safepoint      ] Application time: 1.0000883 seconds
[1990.160s][info ][safepoint      ] Entering safepoint region: Cleanup
[1990.160s][info ][safepoint      ] Leaving safepoint region
[1990.160s][info ][safepoint      ] Total time for which application threads were stopped: 0.0001097 seconds, Stopping threads took: 0.0000374 seconds
[1991.160s][info ][safepoint      ] Application time: 1.0000840 seconds
[1991.160s][info ][safepoint      ] Entering safepoint region: Cleanup
[1991.160s][info ][safepoint      ] Leaving safepoint region
[1991.160s][info ][safepoint      ] Total time for which application threads were stopped: 0.0001216 seconds, Stopping threads took: 0.0000334 seconds
[1992.160s][info ][safepoint      ] Application time: 1.0000833 seconds
[1992.160s][info ][safepoint      ] Entering safepoint region: Cleanup
[1992.160s][info ][safepoint      ] Leaving safepoint region
[1992.160s][info ][safepoint      ] Total time for which application threads were stopped: 0.0001060 seconds, Stopping threads took: 0.0000396 seconds
[1993.161s][info ][safepoint      ] Application time: 1.0000756 seconds
[1993.161s][info ][safepoint      ] Entering safepoint region: Cleanup
[1993.161s][info ][safepoint      ] Leaving safepoint region
[1993.161s][info ][safepoint      ] Total time for which application threads were stopped: 0.0001131 seconds, Stopping threads took: 0.0000518 seconds
[1994.161s][info ][safepoint      ] Application time: 1.0000803 seconds
[1994.161s][info ][safepoint      ] Entering safepoint region: Cleanup
[1994.161s][info ][safepoint      ] Leaving safepoint region
[1994.161s][info ][safepoint      ] Total time for which application threads were stopped: 0.0001014 seconds, Stopping threads took: 0.0000451 seconds
[1995.161s][info ][safepoint      ] Application time: 1.0000824 seconds
[1995.161s][info ][safepoint      ] Entering safepoint region: Cleanup
[1995.161s][info ][safepoint      ] Leaving safepoint region
[1995.161s][info ][safepoint      ] Total time for which application threads were stopped: 0.0001029 seconds, Stopping threads took: 0.0000394 seconds
[1996.161s][info ][safepoint      ] Application time: 1.0000822 seconds
[1996.161s][info ][safepoint      ] Entering safepoint region: Cleanup
[1996.161s][info ][safepoint      ] Leaving safepoint region
[1996.161s][info ][safepoint      ] Total time for which application threads were stopped: 0.0000976 seconds, Stopping threads took: 0.0000333 seconds
[1997.161s][info ][safepoint      ] Application time: 1.0000534 seconds
[1997.161s][info ][safepoint      ] Entering safepoint region: Cleanup
[1997.162s][info ][safepoint      ] Leaving safepoint region
[1997.162s][info ][safepoint      ] Total time for which application threads were stopped: 0.0000955 seconds, Stopping threads took: 0.0000340 seconds
[1998.162s][info ][safepoint      ] Application time: 1.0000574 seconds
[1998.162s][info ][safepoint      ] Entering safepoint region: Cleanup
[1998.162s][info ][safepoint      ] Leaving safepoint region
[1998.162s][info ][safepoint      ] Total time for which application threads were stopped: 0.0001104 seconds, Stopping threads took: 0.0000498 seconds
[1998.255s][info ][safepoint      ] Application time: 0.0936799 seconds
[1998.255s][info ][safepoint      ] Entering safepoint region: ParallelGCFailedAllocation
[1998.256s][info ][gc,start       ] GC(243) Pause Young (Allocation Failure)
[1998.261s][debug][gc,phases      ] GC(243) Scavenge 5.252ms
[1998.261s][debug][gc,ref         ] GC(243) Skipped phase1 of Reference Processing due to unavailable references
[1998.261s][debug][gc,ref         ] GC(243) Skipped phase2 of Reference Processing due to unavailable references
[1998.261s][debug][gc,ref         ] GC(243) Skipped phase3 of Reference Processing due to unavailable references
[1998.261s][debug][gc,ref         ] GC(243) Skipped phase4 of Reference Processing due to unavailable references
[1998.261s][debug][gc,phases      ] GC(243) Reference Processing 0.028ms
[1998.261s][debug][gc,phases      ] GC(243) Weak Processing 0.138ms
[1998.262s][debug][gc,phases      ] GC(243) Scrub String Table 0.437ms
[1998.262s][debug][gc,age         ] GC(243) Desired survivor size 34078720 bytes, new threshold 15 (max threshold 15)
[1998.262s][info ][gc,heap        ] GC(243) PSYoungGen: 2030832K->8896K(2063872K)
[1998.262s][info ][gc,heap        ] GC(243) ParOldGen: 440195K->440347K(466944K)
[1998.262s][info ][gc,metaspace   ] GC(243) Metaspace: 75828K->75828K(1118208K)
[1998.262s][info ][gc             ] GC(243) Pause Young (Allocation Failure) 2413M->438M(2471M) 5.972ms
[1998.262s][info ][gc,cpu         ] GC(243) User=0.01s Sys=0.00s Real=0.01s
[1998.262s][info ][safepoint      ] Leaving safepoint region
[1998.262s][info ][safepoint      ] Total time for which application threads were stopped: 0.0061228 seconds, Stopping threads took: 0.0000127 seconds
[1999.262s][info ][safepoint      ] Application time: 1.0000844 seconds
[1999.262s][info ][safepoint      ] Entering safepoint region: Cleanup
[1999.262s][info ][safepoint      ] Leaving safepoint region
[1999.262s][info ][safepoint      ] Total time for which application threads were stopped: 0.0001065 seconds, Stopping threads took: 0.0000368 seconds
[2000.262s][info ][safepoint      ] Application time: 1.0000709 seconds
[2000.262s][info ][safepoint      ] Entering safepoint region: Cleanup
[2000.262s][info ][safepoint      ] Leaving safepoint region
[2000.262s][info ][safepoint      ] Total time for which application threads were stopped: 0.0001082 seconds, Stopping threads took: 0.0000483 seconds
[2001.262s][info ][safepoint      ] Application time: 1.0000704 seconds
[2001.262s][info ][safepoint      ] Entering safepoint region: Cleanup
[2001.262s][info ][safepoint      ] Leaving safepoint region
[2001.262s][info ][safepoint      ] Total time for which application threads were stopped: 0.0000974 seconds, Stopping threads took: 0.0000362 seconds
[2002.262s][info ][safepoint      ] Application time: 1.0000817 seconds
[2002.262s][info ][safepoint      ] Entering safepoint region: Cleanup
[2002.263s][info ][safepoint      ] Leaving safepoint region
[2002.263s][info ][safepoint      ] Total time for which application threads were stopped: 0.0001199 seconds, Stopping threads took: 0.0000611 seconds
[2003.263s][info ][safepoint      ] Application time: 1.0000838 seconds
[2003.263s][info ][safepoint      ] Entering safepoint region: Cleanup
[2003.263s][info ][safepoint      ] Leaving safepoint region
[2003.263s][info ][safepoint      ] Total time for which application threads were stopped: 0.0001125 seconds, Stopping threads took: 0.0000503 seconds
[2004.263s][info ][safepoint      ] Application time: 1.0000781 seconds
[2004.263s][info ][safepoint      ] Entering safepoint region: Cleanup
[2004.263s][info ][safepoint      ] Leaving safepoint region
[2004.263s][info ][safepoint      ] Total time for which application threads were stopped: 0.0001113 seconds, Stopping threads took: 0.0000505 seconds
[2005.263s][info ][safepoint      ] Application time: 1.0000754 seconds
[2005.263s][info ][safepoint      ] Entering safepoint region: Cleanup
[2005.263s][info ][safepoint      ] Leaving safepoint region
[2005.263s][info ][safepoint      ] Total time for which application threads were stopped: 0.0000989 seconds, Stopping threads took: 0.0000352 seconds
[2006.263s][info ][safepoint      ] Application time: 1.0000654 seconds
[2006.263s][info ][safepoint      ] Entering safepoint region: Cleanup
[2006.263s][info ][safepoint      ] Leaving safepoint region
[2006.263s][info ][safepoint      ] Total time for which application threads were stopped: 0.0001028 seconds, Stopping threads took: 0.0000411 seconds
[2007.264s][info ][safepoint      ] Application time: 1.0000395 seconds
[2007.264s][info ][safepoint      ] Entering safepoint region: Cleanup
[2007.264s][info ][safepoint      ] Leaving safepoint region
[2007.264s][info ][safepoint      ] Total time for which application threads were stopped: 0.0001010 seconds, Stopping threads took: 0.0000357 seconds
[2008.264s][info ][safepoint      ] Application time: 1.0000501 seconds
[2008.264s][info ][safepoint      ] Entering safepoint region: Cleanup
[2008.264s][info ][safepoint      ] Leaving safepoint region
[2008.264s][info ][safepoint      ] Total time for which application threads were stopped: 0.0000937 seconds, Stopping threads took: 0.0000383 seconds
[2008.619s][info ][safepoint      ] Application time: 0.3548340 seconds
[2008.619s][info ][safepoint      ] Entering safepoint region: ParallelGCFailedAllocation
[2008.619s][info ][gc,start       ] GC(244) Pause Young (Allocation Failure)
[2008.623s][debug][gc,phases      ] GC(244) Scavenge 4.528ms
[2008.623s][debug][gc,ref         ] GC(244) Skipped phase1 of Reference Processing due to unavailable references
[2008.623s][debug][gc,ref         ] GC(244) Skipped phase2 of Reference Processing due to unavailable references
[2008.623s][debug][gc,ref         ] GC(244) Skipped phase3 of Reference Processing due to unavailable references
[2008.623s][debug][gc,ref         ] GC(244) Skipped phase4 of Reference Processing due to unavailable references
[2008.623s][debug][gc,phases      ] GC(244) Reference Processing 0.056ms
[2008.624s][debug][gc,phases      ] GC(244) Weak Processing 0.130ms
[2008.624s][debug][gc,phases      ] GC(244) Scrub String Table 0.449ms
[2008.624s][debug][gc,age         ] GC(244) Desired survivor size 32505856 bytes, new threshold 15 (max threshold 15)
[2008.624s][info ][gc,heap        ] GC(244) PSYoungGen: 2037952K->8768K(2062336K)
[2008.624s][info ][gc,heap        ] GC(244) ParOldGen: 440347K->440411K(466944K)
[2008.624s][info ][gc,metaspace   ] GC(244) Metaspace: 75832K->75832K(1118208K)
[2008.624s][info ][gc             ] GC(244) Pause Young (Allocation Failure) 2420M->438M(2470M) 5.296ms
[2008.624s][info ][gc,cpu         ] GC(244) User=0.02s Sys=0.00s Real=0.01s
[2008.624s][info ][safepoint      ] Leaving safepoint region
[2008.624s][info ][safepoint      ] Total time for which application threads were stopped: 0.0054654 seconds, Stopping threads took: 0.0000189 seconds
[2009.624s][info ][safepoint      ] Application time: 1.0000780 seconds
[2009.624s][info ][safepoint      ] Entering safepoint region: Cleanup
[2009.624s][info ][safepoint      ] Leaving safepoint region
[2009.624s][info ][safepoint      ] Total time for which application threads were stopped: 0.0000693 seconds, Stopping threads took: 0.0000136 seconds
[2010.624s][info ][safepoint      ] Application time: 1.0000707 seconds
[2010.624s][info ][safepoint      ] Entering safepoint region: Cleanup
[2010.625s][info ][safepoint      ] Leaving safepoint region
[2010.625s][info ][safepoint      ] Total time for which application threads were stopped: 0.0000591 seconds, Stopping threads took: 0.0000136 seconds
[2011.625s][info ][safepoint      ] Application time: 1.0000276 seconds
[2011.625s][info ][safepoint      ] Entering safepoint region: Cleanup
[2011.625s][info ][safepoint      ] Leaving safepoint region
[2011.625s][info ][safepoint      ] Total time for which application threads were stopped: 0.0000621 seconds, Stopping threads took: 0.0000138 seconds
[2012.625s][info ][safepoint      ] Application time: 1.0000681 seconds
[2012.625s][info ][safepoint      ] Entering safepoint region: Cleanup
[2012.625s][info ][safepoint      ] Leaving safepoint region
[2012.625s][info ][safepoint      ] Total time for which application threads were stopped: 0.0000698 seconds, Stopping threads took: 0.0000127 seconds
[2013.625s][info ][safepoint      ] Application time: 1.0000727 seconds
[2013.625s][info ][safepoint      ] Entering safepoint region: Cleanup
[2013.625s][info ][safepoint      ] Leaving safepoint region
[2013.625s][info ][safepoint      ] Total time for which application threads were stopped: 0.0001032 seconds, Stopping threads took: 0.0000348 seconds
[2014.625s][info ][safepoint      ] Application time: 1.0000803 seconds
[2014.625s][info ][safepoint      ] Entering safepoint region: Cleanup
[2014.625s][info ][safepoint      ] Leaving safepoint region
[2014.625s][info ][safepoint      ] Total time for which application threads were stopped: 0.0000972 seconds, Stopping threads took: 0.0000474 seconds
[2015.625s][info ][safepoint      ] Application time: 1.0000757 seconds
[2015.625s][info ][safepoint      ] Entering safepoint region: Cleanup
[2015.626s][info ][safepoint      ] Leaving safepoint region
[2015.626s][info ][safepoint      ] Total time for which application threads were stopped: 0.0000940 seconds, Stopping threads took: 0.0000393 seconds
[2016.626s][info ][safepoint      ] Application time: 1.0000757 seconds
[2016.626s][info ][safepoint      ] Entering safepoint region: Cleanup
[2016.626s][info ][safepoint      ] Leaving safepoint region
[2016.626s][info ][safepoint      ] Total time for which application threads were stopped: 0.0001151 seconds, Stopping threads took: 0.0000389 seconds
[2017.626s][info ][safepoint      ] Application time: 1.0000695 seconds
[2017.626s][info ][safepoint      ] Entering safepoint region: Cleanup
[2017.626s][info ][safepoint      ] Leaving safepoint region
[2017.626s][info ][safepoint      ] Total time for which application threads were stopped: 0.0000664 seconds, Stopping threads took: 0.0000122 seconds
[2018.622s][info ][safepoint      ] Application time: 0.9961385 seconds
[2018.622s][info ][safepoint      ] Entering safepoint region: ParallelGCFailedAllocation
[2018.622s][info ][gc,start       ] GC(245) Pause Young (Allocation Failure)
[2018.627s][debug][gc,phases      ] GC(245) Scavenge 4.510ms
[2018.627s][debug][gc,ref         ] GC(245) Skipped phase1 of Reference Processing due to unavailable references
[2018.627s][debug][gc,ref         ] GC(245) Skipped phase2 of Reference Processing due to unavailable references
[2018.627s][debug][gc,ref         ] GC(245) Skipped phase3 of Reference Processing due to unavailable references
[2018.627s][debug][gc,ref         ] GC(245) Skipped phase4 of Reference Processing due to unavailable references
[2018.627s][debug][gc,phases      ] GC(245) Reference Processing 0.029ms
[2018.627s][debug][gc,phases      ] GC(245) Weak Processing 0.141ms
[2018.628s][debug][gc,phases      ] GC(245) Scrub String Table 0.501ms
[2018.628s][debug][gc,age         ] GC(245) Desired survivor size 30408704 bytes, new threshold 15 (max threshold 15)
[2018.628s][info ][gc,heap        ] GC(245) PSYoungGen: 2037824K->10480K(2067456K)
[2018.628s][info ][gc,heap        ] GC(245) ParOldGen: 440411K->440507K(466944K)
[2018.628s][info ][gc,metaspace   ] GC(245) Metaspace: 75833K->75833K(1118208K)
[2018.628s][info ][gc             ] GC(245) Pause Young (Allocation Failure) 2420M->440M(2475M) 5.315ms
[2018.628s][info ][gc,cpu         ] GC(245) User=0.02s Sys=0.00s Real=0.00s
[2018.628s][info ][safepoint      ] Leaving safepoint region
[2018.628s][info ][safepoint      ] Total time for which application threads were stopped: 0.0054725 seconds, Stopping threads took: 0.0000187 seconds
[2019.628s][info ][safepoint      ] Application time: 1.0001235 seconds
[2019.628s][info ][safepoint      ] Entering safepoint region: Cleanup
[2019.628s][info ][safepoint      ] Leaving safepoint region
[2019.628s][info ][safepoint      ] Total time for which application threads were stopped: 0.0000654 seconds, Stopping threads took: 0.0000127 seconds
[2020.628s][info ][safepoint      ] Application time: 1.0000491 seconds
[2020.628s][info ][safepoint      ] Entering safepoint region: Cleanup
[2020.628s][info ][safepoint      ] Leaving safepoint region
[2020.628s][info ][safepoint      ] Total time for which application threads were stopped: 0.0000616 seconds, Stopping threads took: 0.0000126 seconds
[2021.628s][info ][safepoint      ] Application time: 1.0000658 seconds
[2021.628s][info ][safepoint      ] Entering safepoint region: Cleanup
[2021.628s][info ][safepoint      ] Leaving safepoint region
[2021.628s][info ][safepoint      ] Total time for which application threads were stopped: 0.0000982 seconds, Stopping threads took: 0.0000386 seconds
[2022.628s][info ][safepoint      ] Application time: 1.0000278 seconds
[2022.628s][info ][safepoint      ] Entering safepoint region: Cleanup
[2022.628s][info ][safepoint      ] Leaving safepoint region
[2022.628s][info ][safepoint      ] Total time for which application threads were stopped: 0.0001172 seconds, Stopping threads took: 0.0000531 seconds
[2023.628s][info ][safepoint      ] Application time: 1.0000750 seconds
[2023.629s][info ][safepoint      ] Entering safepoint region: Cleanup
[2023.629s][info ][safepoint      ] Leaving safepoint region
[2023.629s][info ][safepoint      ] Total time for which application threads were stopped: 0.0000649 seconds, Stopping threads took: 0.0000126 seconds
[2024.629s][info ][safepoint      ] Application time: 1.0000664 seconds
[2024.629s][info ][safepoint      ] Entering safepoint region: Cleanup
[2024.629s][info ][safepoint      ] Leaving safepoint region
[2024.629s][info ][safepoint      ] Total time for which application threads were stopped: 0.0000800 seconds, Stopping threads took: 0.0000137 seconds
[2025.629s][info ][safepoint      ] Application time: 1.0000790 seconds
[2025.629s][info ][safepoint      ] Entering safepoint region: Cleanup
[2025.629s][info ][safepoint      ] Leaving safepoint region
[2025.629s][info ][safepoint      ] Total time for which application threads were stopped: 0.0000672 seconds, Stopping threads took: 0.0000155 seconds
[2026.629s][info ][safepoint      ] Application time: 1.0000772 seconds
[2026.629s][info ][safepoint      ] Entering safepoint region: Cleanup
[2026.629s][info ][safepoint      ] Leaving safepoint region
[2026.629s][info ][safepoint      ] Total time for which application threads were stopped: 0.0000685 seconds, Stopping threads took: 0.0000134 seconds
[2027.629s][info ][safepoint      ] Application time: 1.0000748 seconds
[2027.629s][info ][safepoint      ] Entering safepoint region: Cleanup
[2027.629s][info ][safepoint      ] Leaving safepoint region
[2027.629s][info ][safepoint      ] Total time for which application threads were stopped: 0.0000683 seconds, Stopping threads took: 0.0000144 seconds
[2028.629s][info ][safepoint      ] Application time: 1.0000754 seconds
[2028.629s][info ][safepoint      ] Entering safepoint region: Cleanup
[2028.630s][info ][safepoint      ] Leaving safepoint region
[2028.630s][info ][safepoint      ] Total time for which application threads were stopped: 0.0000662 seconds, Stopping threads took: 0.0000140 seconds
[2029.630s][info ][safepoint      ] Application time: 1.0000681 seconds
[2029.630s][info ][safepoint      ] Entering safepoint region: Cleanup
[2029.630s][info ][safepoint      ] Leaving safepoint region
[2029.630s][info ][safepoint      ] Total time for which application threads were stopped: 0.0000769 seconds, Stopping threads took: 0.0000219 seconds
[2030.411s][info ][safepoint      ] Application time: 0.7814444 seconds
[2030.411s][info ][safepoint      ] Entering safepoint region: ParallelGCFailedAllocation
[2030.411s][info ][gc,start       ] GC(246) Pause Young (Allocation Failure)
[2030.416s][debug][gc,phases      ] GC(246) Scavenge 4.980ms
[2030.416s][debug][gc,ref         ] GC(246) Skipped phase1 of Reference Processing due to unavailable references
[2030.416s][debug][gc,ref         ] GC(246) Skipped phase2 of Reference Processing due to unavailable references
[2030.416s][debug][gc,ref         ] GC(246) Skipped phase3 of Reference Processing due to unavailable references
[2030.416s][debug][gc,ref         ] GC(246) Skipped phase4 of Reference Processing due to unavailable references
[2030.416s][debug][gc,phases      ] GC(246) Reference Processing 0.037ms
[2030.417s][debug][gc,phases      ] GC(246) Weak Processing 0.157ms
[2030.417s][debug][gc,phases      ] GC(246) Scrub String Table 0.552ms
[2030.417s][debug][gc,age         ] GC(246) Desired survivor size 28835840 bytes, new threshold 15 (max threshold 15)
[2030.417s][info ][gc,heap        ] GC(246) PSYoungGen: 2046192K->10864K(2065408K)
[2030.417s][info ][gc,heap        ] GC(246) ParOldGen: 440507K->440675K(466944K)
[2030.417s][info ][gc,metaspace   ] GC(246) Metaspace: 75833K->75833K(1118208K)
[2030.417s][info ][gc             ] GC(246) Pause Young (Allocation Failure) 2428M->440M(2473M) 5.883ms
[2030.417s][info ][gc,cpu         ] GC(246) User=0.02s Sys=0.00s Real=0.01s
[2030.417s][info ][safepoint      ] Leaving safepoint region
[2030.417s][info ][safepoint      ] Total time for which application threads were stopped: 0.0060646 seconds, Stopping threads took: 0.0000177 seconds
[2031.417s][info ][safepoint      ] Application time: 1.0001140 seconds
[2031.417s][info ][safepoint      ] Entering safepoint region: Cleanup
[2031.418s][info ][safepoint      ] Leaving safepoint region
[2031.418s][info ][safepoint      ] Total time for which application threads were stopped: 0.0001185 seconds, Stopping threads took: 0.0000369 seconds
[2032.418s][info ][safepoint      ] Application time: 1.0000870 seconds
[2032.418s][info ][safepoint      ] Entering safepoint region: Cleanup
[2032.418s][info ][safepoint      ] Leaving safepoint region
[2032.418s][info ][safepoint      ] Total time for which application threads were stopped: 0.0001345 seconds, Stopping threads took: 0.0000719 seconds
[2033.418s][info ][safepoint      ] Application time: 1.0000714 seconds
[2033.418s][info ][safepoint      ] Entering safepoint region: Cleanup
[2033.418s][info ][safepoint      ] Leaving safepoint region
[2033.418s][info ][safepoint      ] Total time for which application threads were stopped: 0.0000929 seconds, Stopping threads took: 0.0000336 seconds
[2034.418s][info ][safepoint      ] Application time: 1.0000727 seconds
[2034.418s][info ][safepoint      ] Entering safepoint region: Cleanup
[2034.418s][info ][safepoint      ] Leaving safepoint region
[2034.418s][info ][safepoint      ] Total time for which application threads were stopped: 0.0001147 seconds, Stopping threads took: 0.0000556 seconds
[2035.418s][info ][safepoint      ] Application time: 1.0000764 seconds
[2035.418s][info ][safepoint      ] Entering safepoint region: Cleanup
[2035.418s][info ][safepoint      ] Leaving safepoint region
[2035.418s][info ][safepoint      ] Total time for which application threads were stopped: 0.0001132 seconds, Stopping threads took: 0.0000478 seconds
[2036.419s][info ][safepoint      ] Application time: 1.0000755 seconds
[2036.419s][info ][safepoint      ] Entering safepoint region: Cleanup
[2036.419s][info ][safepoint      ] Leaving safepoint region
[2036.419s][info ][safepoint      ] Total time for which application threads were stopped: 0.0001106 seconds, Stopping threads took: 0.0000512 seconds
[2037.419s][info ][safepoint      ] Application time: 1.0000719 seconds
[2037.419s][info ][safepoint      ] Entering safepoint region: Cleanup
[2037.419s][info ][safepoint      ] Leaving safepoint region
[2037.419s][info ][safepoint      ] Total time for which application threads were stopped: 0.0000872 seconds, Stopping threads took: 0.0000331 seconds
[2038.419s][info ][safepoint      ] Application time: 1.0000711 seconds
[2038.419s][info ][safepoint      ] Entering safepoint region: Cleanup
[2038.419s][info ][safepoint      ] Leaving safepoint region
[2038.419s][info ][safepoint      ] Total time for which application threads were stopped: 0.0000900 seconds, Stopping threads took: 0.0000338 seconds
[2039.419s][info ][safepoint      ] Application time: 1.0000696 seconds
[2039.419s][info ][safepoint      ] Entering safepoint region: Cleanup
[2039.419s][info ][safepoint      ] Leaving safepoint region
[2039.419s][info ][safepoint      ] Total time for which application threads were stopped: 0.0001076 seconds, Stopping threads took: 0.0000522 seconds
[2040.419s][info ][safepoint      ] Application time: 1.0000746 seconds
[2040.420s][info ][safepoint      ] Entering safepoint region: Cleanup
[2040.420s][info ][safepoint      ] Leaving safepoint region
[2040.420s][info ][safepoint      ] Total time for which application threads were stopped: 0.0000947 seconds, Stopping threads took: 0.0000417 seconds
[2040.950s][info ][safepoint      ] Application time: 0.5299076 seconds
[2040.950s][info ][safepoint      ] Entering safepoint region: ParallelGCFailedAllocation
[2040.950s][info ][gc,start       ] GC(247) Pause Young (Allocation Failure)
[2040.955s][debug][gc,phases      ] GC(247) Scavenge 5.705ms
[2040.955s][debug][gc,ref         ] GC(247) Skipped phase1 of Reference Processing due to unavailable references
[2040.955s][debug][gc,ref         ] GC(247) Skipped phase2 of Reference Processing due to unavailable references
[2040.955s][debug][gc,ref         ] GC(247) Skipped phase3 of Reference Processing due to unavailable references
[2040.955s][debug][gc,ref         ] GC(247) Skipped phase4 of Reference Processing due to unavailable references
[2040.955s][debug][gc,phases      ] GC(247) Reference Processing 0.033ms
[2040.956s][debug][gc,phases      ] GC(247) Weak Processing 0.138ms
[2040.956s][debug][gc,phases      ] GC(247) Scrub String Table 0.461ms
[2040.956s][debug][gc,age         ] GC(247) Desired survivor size 27262976 bytes, new threshold 15 (max threshold 15)
[2040.956s][info ][gc,heap        ] GC(247) PSYoungGen: 2046576K->9712K(2070528K)
[2040.956s][info ][gc,heap        ] GC(247) ParOldGen: 440675K->441663K(466944K)
[2040.956s][info ][gc,metaspace   ] GC(247) Metaspace: 75833K->75833K(1118208K)
[2040.956s][info ][gc             ] GC(247) Pause Young (Allocation Failure) 2428M->440M(2478M) 6.503ms
[2040.956s][info ][gc,cpu         ] GC(247) User=0.02s Sys=0.00s Real=0.01s
[2040.956s][info ][safepoint      ] Leaving safepoint region
[2040.956s][info ][safepoint      ] Total time for which application threads were stopped: 0.0066663 seconds, Stopping threads took: 0.0000313 seconds
[2041.956s][info ][safepoint      ] Application time: 1.0000898 seconds
[2041.956s][info ][safepoint      ] Entering safepoint region: Cleanup
[2041.956s][info ][safepoint      ] Leaving safepoint region
[2041.956s][info ][safepoint      ] Total time for which application threads were stopped: 0.0001042 seconds, Stopping threads took: 0.0000494 seconds
[2042.957s][info ][safepoint      ] Application time: 1.0000806 seconds
[2042.957s][info ][safepoint      ] Entering safepoint region: Cleanup
[2042.957s][info ][safepoint      ] Leaving safepoint region
[2042.957s][info ][safepoint      ] Total time for which application threads were stopped: 0.0001144 seconds, Stopping threads took: 0.0000364 seconds
[2043.957s][info ][safepoint      ] Application time: 1.0000820 seconds
[2043.957s][info ][safepoint      ] Entering safepoint region: Cleanup
[2043.957s][info ][safepoint      ] Leaving safepoint region
[2043.957s][info ][safepoint      ] Total time for which application threads were stopped: 0.0001116 seconds, Stopping threads took: 0.0000385 seconds
[2044.957s][info ][safepoint      ] Application time: 1.0000880 seconds
[2044.957s][info ][safepoint      ] Entering safepoint region: Cleanup
[2044.957s][info ][safepoint      ] Leaving safepoint region
[2044.957s][info ][safepoint      ] Total time for which application threads were stopped: 0.0000996 seconds, Stopping threads took: 0.0000379 seconds
[2045.957s][info ][safepoint      ] Application time: 1.0000837 seconds
[2045.957s][info ][safepoint      ] Entering safepoint region: Cleanup
[2045.957s][info ][safepoint      ] Leaving safepoint region
[2045.957s][info ][safepoint      ] Total time for which application threads were stopped: 0.0000934 seconds, Stopping threads took: 0.0000323 seconds
[2046.957s][info ][safepoint      ] Application time: 1.0000865 seconds
[2046.958s][info ][safepoint      ] Entering safepoint region: Cleanup
[2046.958s][info ][safepoint      ] Leaving safepoint region
[2046.958s][info ][safepoint      ] Total time for which application threads were stopped: 0.0000926 seconds, Stopping threads took: 0.0000342 seconds
[2047.958s][info ][safepoint      ] Application time: 1.0000763 seconds
[2047.958s][info ][safepoint      ] Entering safepoint region: Cleanup
[2047.958s][info ][safepoint      ] Leaving safepoint region
[2047.958s][info ][safepoint      ] Total time for which application threads were stopped: 0.0001276 seconds, Stopping threads took: 0.0000515 seconds
[2048.958s][info ][safepoint      ] Application time: 1.0000797 seconds
[2048.958s][info ][safepoint      ] Entering safepoint region: Cleanup
[2048.958s][info ][safepoint      ] Leaving safepoint region
[2048.958s][info ][safepoint      ] Total time for which application threads were stopped: 0.0000892 seconds, Stopping threads took: 0.0000329 seconds
[2049.958s][info ][safepoint      ] Application time: 1.0000769 seconds
[2049.958s][info ][safepoint      ] Entering safepoint region: Cleanup
[2049.958s][info ][safepoint      ] Leaving safepoint region
[2049.958s][info ][safepoint      ] Total time for which application threads were stopped: 0.0000972 seconds, Stopping threads took: 0.0000379 seconds
[2050.958s][info ][safepoint      ] Application time: 1.0000832 seconds
[2050.958s][info ][safepoint      ] Entering safepoint region: Cleanup
[2050.959s][info ][safepoint      ] Leaving safepoint region
[2050.959s][info ][safepoint      ] Total time for which application threads were stopped: 0.0001177 seconds, Stopping threads took: 0.0000378 seconds
[2051.774s][info ][safepoint      ] Application time: 0.8153071 seconds
[2051.774s][info ][safepoint      ] Entering safepoint region: ParallelGCFailedAllocation
[2051.774s][info ][gc,start       ] GC(248) Pause Young (Allocation Failure)
[2051.779s][debug][gc,phases      ] GC(248) Scavenge 4.686ms
[2051.779s][debug][gc,ref         ] GC(248) Skipped phase1 of Reference Processing due to unavailable references
[2051.779s][debug][gc,ref         ] GC(248) Skipped phase2 of Reference Processing due to unavailable references
[2051.779s][debug][gc,ref         ] GC(248) Skipped phase3 of Reference Processing due to unavailable references
[2051.779s][debug][gc,ref         ] GC(248) Skipped phase4 of Reference Processing due to unavailable references
[2051.779s][debug][gc,phases      ] GC(248) Reference Processing 0.030ms
[2051.779s][debug][gc,phases      ] GC(248) Weak Processing 0.193ms
[2051.779s][debug][gc,phases      ] GC(248) Scrub String Table 0.464ms
[2051.779s][debug][gc,age         ] GC(248) Desired survivor size 26214400 bytes, new threshold 15 (max threshold 15)
[2051.779s][info ][gc,heap        ] GC(248) PSYoungGen: 2052080K->9648K(2068992K)
[2051.779s][info ][gc,heap        ] GC(248) ParOldGen: 441663K->441831K(466944K)
[2051.779s][info ][gc,metaspace   ] GC(248) Metaspace: 75833K->75833K(1118208K)
[2051.779s][info ][gc             ] GC(248) Pause Young (Allocation Failure) 2435M->440M(2476M) 5.508ms
[2051.780s][info ][gc,cpu         ] GC(248) User=0.02s Sys=0.00s Real=0.00s
[2051.780s][info ][safepoint      ] Leaving safepoint region
[2051.780s][info ][safepoint      ] Total time for which application threads were stopped: 0.0056714 seconds, Stopping threads took: 0.0000131 seconds
[2052.780s][info ][safepoint      ] Application time: 1.0000926 seconds
[2052.780s][info ][safepoint      ] Entering safepoint region: Cleanup
[2052.780s][info ][safepoint      ] Leaving safepoint region
[2052.780s][info ][safepoint      ] Total time for which application threads were stopped: 0.0000889 seconds, Stopping threads took: 0.0000206 seconds
[2053.780s][info ][safepoint      ] Application time: 1.0000806 seconds
[2053.780s][info ][safepoint      ] Entering safepoint region: Cleanup
[2053.780s][info ][safepoint      ] Leaving safepoint region
[2053.780s][info ][safepoint      ] Total time for which application threads were stopped: 0.0000830 seconds, Stopping threads took: 0.0000180 seconds
[2054.780s][info ][safepoint      ] Application time: 1.0000539 seconds
[2054.780s][info ][safepoint      ] Entering safepoint region: Cleanup
[2054.780s][info ][safepoint      ] Leaving safepoint region
[2054.780s][info ][safepoint      ] Total time for which application threads were stopped: 0.0000711 seconds, Stopping threads took: 0.0000132 seconds
[2055.780s][info ][safepoint      ] Application time: 1.0000745 seconds
[2055.780s][info ][safepoint      ] Entering safepoint region: Cleanup
[2055.780s][info ][safepoint      ] Leaving safepoint region
[2055.780s][info ][safepoint      ] Total time for which application threads were stopped: 0.0000658 seconds, Stopping threads took: 0.0000141 seconds
[2056.780s][info ][safepoint      ] Application time: 1.0000740 seconds
[2056.780s][info ][safepoint      ] Entering safepoint region: Cleanup
[2056.781s][info ][safepoint      ] Leaving safepoint region
[2056.781s][info ][safepoint      ] Total time for which application threads were stopped: 0.0000807 seconds, Stopping threads took: 0.0000186 seconds
[2057.781s][info ][safepoint      ] Application time: 1.0000720 seconds
[2057.781s][info ][safepoint      ] Entering safepoint region: Cleanup
[2057.781s][info ][safepoint      ] Leaving safepoint region
[2057.781s][info ][safepoint      ] Total time for which application threads were stopped: 0.0000785 seconds, Stopping threads took: 0.0000142 seconds
[2058.781s][info ][safepoint      ] Application time: 1.0000734 seconds
[2058.781s][info ][safepoint      ] Entering safepoint region: Cleanup
[2058.781s][info ][safepoint      ] Leaving safepoint region
[2058.781s][info ][safepoint      ] Total time for which application threads were stopped: 0.0000734 seconds, Stopping threads took: 0.0000237 seconds
[2059.781s][info ][safepoint      ] Application time: 1.0000771 seconds
[2059.781s][info ][safepoint      ] Entering safepoint region: Cleanup
[2059.781s][info ][safepoint      ] Leaving safepoint region
[2059.781s][info ][safepoint      ] Total time for which application threads were stopped: 0.0000623 seconds, Stopping threads took: 0.0000139 seconds
[2060.781s][info ][safepoint      ] Application time: 1.0000817 seconds
[2060.781s][info ][safepoint      ] Entering safepoint region: Cleanup
[2060.781s][info ][safepoint      ] Leaving safepoint region
[2060.781s][info ][safepoint      ] Total time for which application threads were stopped: 0.0000977 seconds, Stopping threads took: 0.0000457 seconds
[2061.781s][info ][safepoint      ] Application time: 1.0000741 seconds
[2061.781s][info ][safepoint      ] Entering safepoint region: Cleanup
[2061.782s][info ][safepoint      ] Leaving safepoint region
[2061.782s][info ][safepoint      ] Total time for which application threads were stopped: 0.0000607 seconds, Stopping threads took: 0.0000133 seconds
[2062.782s][info ][safepoint      ] Application time: 1.0000721 seconds
[2062.782s][info ][safepoint      ] Entering safepoint region: Cleanup
[2062.782s][info ][safepoint      ] Leaving safepoint region
[2062.782s][info ][safepoint      ] Total time for which application threads were stopped: 0.0000677 seconds, Stopping threads took: 0.0000148 seconds
[2063.442s][info ][safepoint      ] Application time: 0.6599143 seconds
[2063.442s][info ][safepoint      ] Entering safepoint region: ParallelGCFailedAllocation
[2063.442s][info ][gc,start       ] GC(249) Pause Young (Allocation Failure)
[2063.447s][debug][gc,phases      ] GC(249) Scavenge 4.989ms
[2063.447s][debug][gc,ref         ] GC(249) Skipped phase1 of Reference Processing due to unavailable references
[2063.447s][debug][gc,ref         ] GC(249) Skipped phase2 of Reference Processing due to unavailable references
[2063.447s][debug][gc,ref         ] GC(249) Skipped phase3 of Reference Processing due to unavailable references
[2063.447s][debug][gc,ref         ] GC(249) Skipped phase4 of Reference Processing due to unavailable references
[2063.447s][debug][gc,phases      ] GC(249) Reference Processing 0.029ms
[2063.447s][debug][gc,phases      ] GC(249) Weak Processing 0.151ms
[2063.447s][debug][gc,phases      ] GC(249) Scrub String Table 0.435ms
[2063.447s][debug][gc,age         ] GC(249) Desired survivor size 25165824 bytes, new threshold 15 (max threshold 15)
[2063.447s][info ][gc,heap        ] GC(249) PSYoungGen: 2052016K->8160K(2072576K)
[2063.447s][info ][gc,heap        ] GC(249) ParOldGen: 441831K->443680K(466944K)
[2063.447s][info ][gc,metaspace   ] GC(249) Metaspace: 75833K->75833K(1118208K)
[2063.448s][info ][gc             ] GC(249) Pause Young (Allocation Failure) 2435M->441M(2480M) 5.720ms
[2063.448s][info ][gc,cpu         ] GC(249) User=0.02s Sys=0.00s Real=0.00s
[2063.448s][info ][safepoint      ] Leaving safepoint region
[2063.448s][info ][safepoint      ] Total time for which application threads were stopped: 0.0058839 seconds, Stopping threads took: 0.0000286 seconds
[2064.448s][info ][safepoint      ] Application time: 1.0000832 seconds
[2064.448s][info ][safepoint      ] Entering safepoint region: Cleanup
[2064.448s][info ][safepoint      ] Leaving safepoint region
[2064.448s][info ][safepoint      ] Total time for which application threads were stopped: 0.0000686 seconds, Stopping threads took: 0.0000145 seconds
[2065.448s][info ][safepoint      ] Application time: 1.0000678 seconds
[2065.448s][info ][safepoint      ] Entering safepoint region: Cleanup
[2065.448s][info ][safepoint      ] Leaving safepoint region
[2065.448s][info ][safepoint      ] Total time for which application threads were stopped: 0.0000696 seconds, Stopping threads took: 0.0000122 seconds
[2066.448s][info ][safepoint      ] Application time: 1.0000478 seconds
[2066.448s][info ][safepoint      ] Entering safepoint region: Cleanup
[2066.448s][info ][safepoint      ] Leaving safepoint region
[2066.448s][info ][safepoint      ] Total time for which application threads were stopped: 0.0000622 seconds, Stopping threads took: 0.0000134 seconds
[2067.448s][info ][safepoint      ] Application time: 1.0000653 seconds
[2067.448s][info ][safepoint      ] Entering safepoint region: Cleanup
[2067.448s][info ][safepoint      ] Leaving safepoint region
[2067.448s][info ][safepoint      ] Total time for which application threads were stopped: 0.0000670 seconds, Stopping threads took: 0.0000146 seconds
[2068.449s][info ][safepoint      ] Application time: 1.0000633 seconds
[2068.449s][info ][safepoint      ] Entering safepoint region: Cleanup
[2068.449s][info ][safepoint      ] Leaving safepoint region
[2068.449s][info ][safepoint      ] Total time for which application threads were stopped: 0.0000664 seconds, Stopping threads took: 0.0000144 seconds
[2069.449s][info ][safepoint      ] Application time: 1.0000180 seconds
[2069.449s][info ][safepoint      ] Entering safepoint region: Cleanup
[2069.449s][info ][safepoint      ] Leaving safepoint region
[2069.449s][info ][safepoint      ] Total time for which application threads were stopped: 0.0000602 seconds, Stopping threads took: 0.0000126 seconds
[2070.449s][info ][safepoint      ] Application time: 1.0000656 seconds
[2070.449s][info ][safepoint      ] Entering safepoint region: Cleanup
[2070.449s][info ][safepoint      ] Leaving safepoint region
[2070.449s][info ][safepoint      ] Total time for which application threads were stopped: 0.0001057 seconds, Stopping threads took: 0.0000374 seconds
[2071.449s][info ][safepoint      ] Application time: 1.0000721 seconds
[2071.449s][info ][safepoint      ] Entering safepoint region: Cleanup
[2071.449s][info ][safepoint      ] Leaving safepoint region
[2071.449s][info ][safepoint      ] Total time for which application threads were stopped: 0.0000724 seconds, Stopping threads took: 0.0000142 seconds
[2072.449s][info ][safepoint      ] Application time: 1.0000625 seconds
[2072.449s][info ][safepoint      ] Entering safepoint region: Cleanup
[2072.449s][info ][safepoint      ] Leaving safepoint region
[2072.449s][info ][safepoint      ] Total time for which application threads were stopped: 0.0000710 seconds, Stopping threads took: 0.0000119 seconds
[2073.449s][info ][safepoint      ] Application time: 1.0000724 seconds
[2073.449s][info ][safepoint      ] Entering safepoint region: Cleanup
[2073.449s][info ][safepoint      ] Leaving safepoint region
[2073.449s][info ][safepoint      ] Total time for which application threads were stopped: 0.0000733 seconds, Stopping threads took: 0.0000222 seconds
[2074.405s][info ][safepoint      ] Application time: 0.9554039 seconds
[2074.405s][info ][safepoint      ] Entering safepoint region: ParallelGCFailedAllocation
[2074.405s][info ][gc,start       ] GC(250) Pause Young (Allocation Failure)
[2074.409s][debug][gc,phases      ] GC(250) Scavenge 3.990ms
[2074.409s][debug][gc,ref         ] GC(250) Skipped phase1 of Reference Processing due to unavailable references
[2074.409s][debug][gc,ref         ] GC(250) Skipped phase2 of Reference Processing due to unavailable references
[2074.409s][debug][gc,ref         ] GC(250) Skipped phase3 of Reference Processing due to unavailable references
[2074.409s][debug][gc,ref         ] GC(250) Skipped phase4 of Reference Processing due to unavailable references
[2074.409s][debug][gc,phases      ] GC(250) Reference Processing 0.040ms
[2074.409s][debug][gc,phases      ] GC(250) Weak Processing 0.141ms
[2074.410s][debug][gc,phases      ] GC(250) Scrub String Table 0.460ms
[2074.410s][debug][gc,age         ] GC(250) Desired survivor size 24117248 bytes, new threshold 15 (max threshold 15)
[2074.410s][info ][gc,heap        ] GC(250) PSYoungGen: 2055136K->8112K(2071552K)
[2074.410s][info ][gc,heap        ] GC(250) ParOldGen: 443680K->443752K(466944K)
[2074.410s][info ][gc,metaspace   ] GC(250) Metaspace: 75833K->75833K(1118208K)
[2074.410s][info ][gc             ] GC(250) Pause Young (Allocation Failure) 2440M->441M(2479M) 4.795ms
[2074.410s][info ][gc,cpu         ] GC(250) User=0.02s Sys=0.00s Real=0.00s
[2074.410s][info ][safepoint      ] Leaving safepoint region
[2074.410s][info ][safepoint      ] Total time for which application threads were stopped: 0.0049497 seconds, Stopping threads took: 0.0000136 seconds
[2075.410s][info ][safepoint      ] Application time: 1.0000909 seconds
[2075.410s][info ][safepoint      ] Entering safepoint region: Cleanup
[2075.410s][info ][safepoint      ] Leaving safepoint region
[2075.410s][info ][safepoint      ] Total time for which application threads were stopped: 0.0001299 seconds, Stopping threads took: 0.0000714 seconds
[2076.410s][info ][safepoint      ] Application time: 1.0000746 seconds
[2076.410s][info ][safepoint      ] Entering safepoint region: Cleanup
[2076.410s][info ][safepoint      ] Leaving safepoint region
[2076.410s][info ][safepoint      ] Total time for which application threads were stopped: 0.0001020 seconds, Stopping threads took: 0.0000385 seconds
[2077.410s][info ][safepoint      ] Application time: 1.0000832 seconds
[2077.411s][info ][safepoint      ] Entering safepoint region: Cleanup
[2077.411s][info ][safepoint      ] Leaving safepoint region
[2077.411s][info ][safepoint      ] Total time for which application threads were stopped: 0.0001123 seconds, Stopping threads took: 0.0000358 seconds
[2078.411s][info ][safepoint      ] Application time: 1.0000794 seconds
[2078.411s][info ][safepoint      ] Entering safepoint region: Cleanup
[2078.411s][info ][safepoint      ] Leaving safepoint region
[2078.411s][info ][safepoint      ] Total time for which application threads were stopped: 0.0001155 seconds, Stopping threads took: 0.0000354 seconds
[2078.436s][info ][safepoint      ] Application time: 0.0248508 seconds
[2078.436s][info ][safepoint      ] Entering safepoint region: RevokeBias
[2078.436s][info ][safepoint      ] Leaving safepoint region
[2078.436s][info ][safepoint      ] Total time for which application threads were stopped: 0.0000599 seconds, Stopping threads took: 0.0000127 seconds
[2079.436s][info ][safepoint      ] Application time: 1.0000774 seconds
[2079.436s][info ][safepoint      ] Entering safepoint region: Cleanup
[2079.436s][info ][safepoint      ] Leaving safepoint region
[2079.436s][info ][safepoint      ] Total time for which application threads were stopped: 0.0000508 seconds, Stopping threads took: 0.0000118 seconds
[2080.436s][info ][safepoint      ] Application time: 1.0000739 seconds
[2080.436s][info ][safepoint      ] Entering safepoint region: Cleanup
[2080.436s][info ][safepoint      ] Leaving safepoint region
[2080.436s][info ][safepoint      ] Total time for which application threads were stopped: 0.0000913 seconds, Stopping threads took: 0.0000186 seconds
[2081.436s][info ][safepoint      ] Application time: 1.0000673 seconds
[2081.436s][info ][safepoint      ] Entering safepoint region: Cleanup
[2081.436s][info ][safepoint      ] Leaving safepoint region
[2081.436s][info ][safepoint      ] Total time for which application threads were stopped: 0.0000563 seconds, Stopping threads took: 0.0000134 seconds
[2082.436s][info ][safepoint      ] Application time: 1.0000743 seconds
[2082.437s][info ][safepoint      ] Entering safepoint region: Cleanup
[2082.437s][info ][safepoint      ] Leaving safepoint region
[2082.437s][info ][safepoint      ] Total time for which application threads were stopped: 0.0000705 seconds, Stopping threads took: 0.0000173 seconds
[2083.437s][info ][safepoint      ] Application time: 1.0000765 seconds
[2083.437s][info ][safepoint      ] Entering safepoint region: Cleanup
[2083.437s][info ][safepoint      ] Leaving safepoint region
[2083.437s][info ][safepoint      ] Total time for which application threads were stopped: 0.0000722 seconds, Stopping threads took: 0.0000182 seconds
[2084.437s][info ][safepoint      ] Application time: 1.0000725 seconds
[2084.437s][info ][safepoint      ] Entering safepoint region: Cleanup
[2084.437s][info ][safepoint      ] Leaving safepoint region
[2084.437s][info ][safepoint      ] Total time for which application threads were stopped: 0.0000567 seconds, Stopping threads took: 0.0000143 seconds
[2085.355s][info ][safepoint      ] Application time: 0.9183715 seconds
[2085.355s][info ][safepoint      ] Entering safepoint region: ParallelGCFailedAllocation
[2085.355s][info ][gc,start       ] GC(251) Pause Young (Allocation Failure)
[2085.360s][debug][gc,phases      ] GC(251) Scavenge 4.765ms
[2085.360s][debug][gc,ref         ] GC(251) Skipped phase1 of Reference Processing due to unavailable references
[2085.360s][debug][gc,ref         ] GC(251) Skipped phase2 of Reference Processing due to unavailable references
[2085.360s][debug][gc,ref         ] GC(251) Skipped phase3 of Reference Processing due to unavailable references
[2085.360s][debug][gc,ref         ] GC(251) Skipped phase4 of Reference Processing due to unavailable references
[2085.360s][debug][gc,phases      ] GC(251) Reference Processing 0.035ms
[2085.360s][debug][gc,phases      ] GC(251) Weak Processing 0.128ms
[2085.361s][debug][gc,phases      ] GC(251) Scrub String Table 0.428ms
[2085.361s][debug][gc,age         ] GC(251) Desired survivor size 23068672 bytes, new threshold 15 (max threshold 15)
[2085.361s][info ][gc,heap        ] GC(251) PSYoungGen: 2055088K->8456K(2074624K)
[2085.361s][info ][gc,heap        ] GC(251) ParOldGen: 443752K->443884K(466944K)
[2085.361s][info ][gc,metaspace   ] GC(251) Metaspace: 75834K->75834K(1118208K)
[2085.361s][info ][gc             ] GC(251) Pause Young (Allocation Failure) 2440M->441M(2482M) 5.460ms
[2085.361s][info ][gc,cpu         ] GC(251) User=0.02s Sys=0.00s Real=0.01s
[2085.361s][info ][safepoint      ] Leaving safepoint region
[2085.361s][info ][safepoint      ] Total time for which application threads were stopped: 0.0056007 seconds, Stopping threads took: 0.0000150 seconds
[2086.361s][info ][safepoint      ] Application time: 1.0000776 seconds
[2086.361s][info ][safepoint      ] Entering safepoint region: Cleanup
[2086.361s][info ][safepoint      ] Leaving safepoint region
[2086.361s][info ][safepoint      ] Total time for which application threads were stopped: 0.0000777 seconds, Stopping threads took: 0.0000279 seconds
[2087.361s][info ][safepoint      ] Application time: 1.0000792 seconds
[2087.361s][info ][safepoint      ] Entering safepoint region: Cleanup
[2087.361s][info ][safepoint      ] Leaving safepoint region
[2087.361s][info ][safepoint      ] Total time for which application threads were stopped: 0.0000947 seconds, Stopping threads took: 0.0000463 seconds
[2088.361s][info ][safepoint      ] Application time: 1.0000734 seconds
[2088.361s][info ][safepoint      ] Entering safepoint region: Cleanup
[2088.362s][info ][safepoint      ] Leaving safepoint region
[2088.362s][info ][safepoint      ] Total time for which application threads were stopped: 0.0000752 seconds, Stopping threads took: 0.0000238 seconds
[2089.362s][info ][safepoint      ] Application time: 1.0000764 seconds
[2089.362s][info ][safepoint      ] Entering safepoint region: Cleanup
[2089.362s][info ][safepoint      ] Leaving safepoint region
[2089.362s][info ][safepoint      ] Total time for which application threads were stopped: 0.0001000 seconds, Stopping threads took: 0.0000433 seconds
[2090.362s][info ][safepoint      ] Application time: 1.0000841 seconds
[2090.362s][info ][safepoint      ] Entering safepoint region: Cleanup
[2090.362s][info ][safepoint      ] Leaving safepoint region
[2090.362s][info ][safepoint      ] Total time for which application threads were stopped: 0.0000775 seconds, Stopping threads took: 0.0000260 seconds
[2091.362s][info ][safepoint      ] Application time: 1.0000824 seconds
[2091.362s][info ][safepoint      ] Entering safepoint region: Cleanup
[2091.362s][info ][safepoint      ] Leaving safepoint region
[2091.362s][info ][safepoint      ] Total time for which application threads were stopped: 0.0000843 seconds, Stopping threads took: 0.0000265 seconds
[2092.362s][info ][safepoint      ] Application time: 1.0000830 seconds
[2092.362s][info ][safepoint      ] Entering safepoint region: Cleanup
[2092.362s][info ][safepoint      ] Leaving safepoint region
[2092.362s][info ][safepoint      ] Total time for which application threads were stopped: 0.0000813 seconds, Stopping threads took: 0.0000325 seconds
[2093.362s][info ][safepoint      ] Application time: 1.0000780 seconds
[2093.362s][info ][safepoint      ] Entering safepoint region: Cleanup
[2093.362s][info ][safepoint      ] Leaving safepoint region
[2093.362s][info ][safepoint      ] Total time for which application threads were stopped: 0.0000781 seconds, Stopping threads took: 0.0000267 seconds
[2094.363s][info ][safepoint      ] Application time: 1.0000790 seconds
[2094.363s][info ][safepoint      ] Entering safepoint region: Cleanup
[2094.363s][info ][safepoint      ] Leaving safepoint region
[2094.363s][info ][safepoint      ] Total time for which application threads were stopped: 0.0000885 seconds, Stopping threads took: 0.0000339 seconds
[2095.363s][info ][safepoint      ] Application time: 1.0000815 seconds
[2095.363s][info ][safepoint      ] Entering safepoint region: Cleanup
[2095.363s][info ][safepoint      ] Leaving safepoint region
[2095.363s][info ][safepoint      ] Total time for which application threads were stopped: 0.0001098 seconds, Stopping threads took: 0.0000490 seconds
[2095.421s][info ][safepoint      ] Application time: 0.0582362 seconds
[2095.421s][info ][safepoint      ] Entering safepoint region: ParallelGCFailedAllocation
[2095.421s][info ][gc,start       ] GC(252) Pause Young (Allocation Failure)
[2095.426s][debug][gc,phases      ] GC(252) Scavenge 4.612ms
[2095.426s][debug][gc,ref         ] GC(252) Skipped phase1 of Reference Processing due to unavailable references
[2095.426s][debug][gc,ref         ] GC(252) Skipped phase2 of Reference Processing due to unavailable references
[2095.426s][debug][gc,ref         ] GC(252) Skipped phase3 of Reference Processing due to unavailable references
[2095.426s][debug][gc,ref         ] GC(252) Skipped phase4 of Reference Processing due to unavailable references
[2095.426s][debug][gc,phases      ] GC(252) Reference Processing 0.030ms
[2095.426s][debug][gc,phases      ] GC(252) Weak Processing 0.148ms
[2095.427s][debug][gc,phases      ] GC(252) Scrub String Table 0.445ms
[2095.427s][debug][gc,age         ] GC(252) Desired survivor size 22020096 bytes, new threshold 15 (max threshold 15)
[2095.427s][info ][gc,heap        ] GC(252) PSYoungGen: 2059528K->8832K(2073600K)
[2095.427s][info ][gc,heap        ] GC(252) ParOldGen: 443884K->444112K(466944K)
[2095.427s][info ][gc,metaspace   ] GC(252) Metaspace: 75834K->75834K(1118208K)
[2095.427s][info ][gc             ] GC(252) Pause Young (Allocation Failure) 2444M->442M(2481M) 5.363ms
[2095.427s][info ][gc,cpu         ] GC(252) User=0.01s Sys=0.00s Real=0.00s
[2095.427s][info ][safepoint      ] Leaving safepoint region
[2095.427s][info ][safepoint      ] Total time for which application threads were stopped: 0.0055096 seconds, Stopping threads took: 0.0000124 seconds
[2096.427s][info ][safepoint      ] Application time: 1.0000711 seconds
[2096.427s][info ][safepoint      ] Entering safepoint region: Cleanup
[2096.427s][info ][safepoint      ] Leaving safepoint region
[2096.427s][info ][safepoint      ] Total time for which application threads were stopped: 0.0001144 seconds, Stopping threads took: 0.0000514 seconds
[2097.427s][info ][safepoint      ] Application time: 1.0000701 seconds
[2097.427s][info ][safepoint      ] Entering safepoint region: Cleanup
[2097.427s][info ][safepoint      ] Leaving safepoint region
[2097.427s][info ][safepoint      ] Total time for which application threads were stopped: 0.0001077 seconds, Stopping threads took: 0.0000513 seconds
[2098.427s][info ][safepoint      ] Application time: 1.0000791 seconds
[2098.427s][info ][safepoint      ] Entering safepoint region: Cleanup
[2098.427s][info ][safepoint      ] Leaving safepoint region
[2098.427s][info ][safepoint      ] Total time for which application threads were stopped: 0.0001116 seconds, Stopping threads took: 0.0000357 seconds
[2099.427s][info ][safepoint      ] Application time: 1.0000778 seconds
[2099.428s][info ][safepoint      ] Entering safepoint region: Cleanup
[2099.428s][info ][safepoint      ] Leaving safepoint region
[2099.428s][info ][safepoint      ] Total time for which application threads were stopped: 0.0001069 seconds, Stopping threads took: 0.0000397 seconds
[2101.428s][info ][safepoint      ] Application time: 2.0001428 seconds
[2101.428s][info ][safepoint      ] Entering safepoint region: Cleanup
[2101.428s][info ][safepoint      ] Leaving safepoint region
[2101.428s][info ][safepoint      ] Total time for which application threads were stopped: 0.0001272 seconds, Stopping threads took: 0.0000554 seconds
[2104.732s][info ][safepoint      ] Application time: 3.3042029 seconds
[2104.732s][info ][safepoint      ] Entering safepoint region: ParallelGCFailedAllocation
[2104.732s][info ][gc,start       ] GC(253) Pause Young (Allocation Failure)
[2104.738s][debug][gc,phases      ] GC(253) Scavenge 5.739ms
[2104.738s][debug][gc,ref         ] GC(253) Skipped phase1 of Reference Processing due to unavailable references
[2104.738s][debug][gc,ref         ] GC(253) Skipped phase2 of Reference Processing due to unavailable references
[2104.738s][debug][gc,ref         ] GC(253) Skipped phase3 of Reference Processing due to unavailable references
[2104.738s][debug][gc,phases      ] GC(253) Reference Processing 0.029ms
[2104.738s][debug][gc,phases      ] GC(253) Weak Processing 0.139ms
[2104.739s][debug][gc,phases      ] GC(253) Scrub String Table 0.456ms
[2104.739s][debug][gc,age         ] GC(253) Desired survivor size 22020096 bytes, new threshold 15 (max threshold 15)
[2104.739s][info ][gc,heap        ] GC(253) PSYoungGen: 2059904K->12560K(2075648K)
[2104.739s][info ][gc,heap        ] GC(253) ParOldGen: 444112K->444168K(466944K)
[2104.739s][info ][gc,metaspace   ] GC(253) Metaspace: 75834K->75834K(1118208K)
[2104.739s][info ][gc             ] GC(253) Pause Young (Allocation Failure) 2445M->446M(2483M) 6.494ms
[2104.739s][info ][gc,cpu         ] GC(253) User=0.02s Sys=0.00s Real=0.00s
[2104.739s][info ][safepoint      ] Leaving safepoint region
[2104.739s][info ][safepoint      ] Total time for which application threads were stopped: 0.0066406 seconds, Stopping threads took: 0.0000126 seconds
[2115.153s][info ][safepoint      ] Application time: 10.4145730 seconds
[2115.153s][info ][safepoint      ] Entering safepoint region: ParallelGCFailedAllocation
[2115.154s][info ][gc,start       ] GC(254) Pause Young (Allocation Failure)
[2115.161s][debug][gc,phases      ] GC(254) Scavenge 7.248ms
[2115.161s][debug][gc,ref         ] GC(254) Skipped phase1 of Reference Processing due to unavailable references
[2115.161s][debug][gc,ref         ] GC(254) Skipped phase2 of Reference Processing due to unavailable references
[2115.161s][debug][gc,ref         ] GC(254) Skipped phase3 of Reference Processing due to unavailable references
[2115.161s][debug][gc,phases      ] GC(254) Reference Processing 0.030ms
[2115.161s][debug][gc,phases      ] GC(254) Weak Processing 0.138ms
[2115.162s][debug][gc,phases      ] GC(254) Scrub String Table 0.454ms
[2115.162s][debug][gc,age         ] GC(254) Desired survivor size 22544384 bytes, new threshold 15 (max threshold 15)
[2115.162s][info ][gc,heap        ] GC(254) PSYoungGen: 2066704K->15184K(2069504K)
[2115.162s][info ][gc,heap        ] GC(254) ParOldGen: 444168K->444256K(466944K)
[2115.162s][info ][gc,metaspace   ] GC(254) Metaspace: 75834K->75834K(1118208K)
[2115.162s][info ][gc             ] GC(254) Pause Young (Allocation Failure) 2452M->448M(2477M) 8.004ms
[2115.162s][info ][gc,cpu         ] GC(254) User=0.03s Sys=0.00s Real=0.01s
[2115.162s][info ][safepoint      ] Leaving safepoint region
[2115.162s][info ][safepoint      ] Total time for which application threads were stopped: 0.0081756 seconds, Stopping threads took: 0.0000136 seconds
[2117.162s][info ][safepoint      ] Application time: 2.0001558 seconds
[2117.162s][info ][safepoint      ] Entering safepoint region: Cleanup
[2117.162s][info ][safepoint      ] Leaving safepoint region
[2117.162s][info ][safepoint      ] Total time for which application threads were stopped: 0.0001401 seconds, Stopping threads took: 0.0000346 seconds
[2124.252s][info ][safepoint      ] Application time: 7.0897922 seconds
[2124.252s][info ][safepoint      ] Entering safepoint region: ParallelGCFailedAllocation
[2124.252s][info ][gc,start       ] GC(255) Pause Young (Allocation Failure)
[2124.260s][debug][gc,phases      ] GC(255) Scavenge 8.445ms
[2124.260s][debug][gc,ref         ] GC(255) Skipped phase1 of Reference Processing due to unavailable references
[2124.260s][debug][gc,ref         ] GC(255) Skipped phase2 of Reference Processing due to unavailable references
[2124.260s][debug][gc,ref         ] GC(255) Skipped phase3 of Reference Processing due to unavailable references
[2124.261s][debug][gc,phases      ] GC(255) Reference Processing 0.039ms
[2124.261s][debug][gc,phases      ] GC(255) Weak Processing 0.171ms
[2124.261s][debug][gc,phases      ] GC(255) Scrub String Table 0.572ms
[2124.261s][debug][gc,age         ] GC(255) Desired survivor size 24117248 bytes, new threshold 15 (max threshold 15)
[2124.261s][info ][gc,heap        ] GC(255) PSYoungGen: 2069328K->17168K(2072064K)
[2124.261s][info ][gc,heap        ] GC(255) ParOldGen: 444256K->444584K(466944K)
[2124.261s][info ][gc,metaspace   ] GC(255) Metaspace: 75836K->75836K(1118208K)
[2124.261s][info ][gc             ] GC(255) Pause Young (Allocation Failure) 2454M->450M(2479M) 9.363ms
[2124.261s][info ][gc,cpu         ] GC(255) User=0.03s Sys=0.00s Real=0.02s
[2124.261s][info ][safepoint      ] Leaving safepoint region
[2124.261s][info ][safepoint      ] Total time for which application threads were stopped: 0.0095562 seconds, Stopping threads took: 0.0000470 seconds
[2125.261s][info ][safepoint      ] Application time: 1.0000771 seconds
[2125.262s][info ][safepoint      ] Entering safepoint region: Cleanup
[2125.262s][info ][safepoint      ] Leaving safepoint region
[2125.262s][info ][safepoint      ] Total time for which application threads were stopped: 0.0001136 seconds, Stopping threads took: 0.0000481 seconds
[2128.262s][info ][safepoint      ] Application time: 3.0002353 seconds
[2128.262s][info ][safepoint      ] Entering safepoint region: Cleanup
[2128.262s][info ][safepoint      ] Leaving safepoint region
[2128.262s][info ][safepoint      ] Total time for which application threads were stopped: 0.0001090 seconds, Stopping threads took: 0.0000384 seconds
[2133.262s][info ][safepoint      ] Application time: 5.0003492 seconds
[2133.262s][info ][safepoint      ] Entering safepoint region: Cleanup
[2133.262s][info ][safepoint      ] Leaving safepoint region
[2133.262s][info ][safepoint      ] Total time for which application threads were stopped: 0.0001068 seconds, Stopping threads took: 0.0000345 seconds
[2133.965s][info ][safepoint      ] Application time: 0.7021565 seconds
[2133.965s][info ][safepoint      ] Entering safepoint region: ParallelGCFailedAllocation
[2133.965s][info ][gc,start       ] GC(256) Pause Young (Allocation Failure)
[2133.972s][debug][gc,phases      ] GC(256) Scavenge 7.370ms
[2133.972s][debug][gc,ref         ] GC(256) Skipped phase1 of Reference Processing due to unavailable references
[2133.972s][debug][gc,ref         ] GC(256) Skipped phase2 of Reference Processing due to unavailable references
[2133.972s][debug][gc,ref         ] GC(256) Skipped phase3 of Reference Processing due to unavailable references
[2133.972s][debug][gc,phases      ] GC(256) Reference Processing 0.040ms
[2133.972s][debug][gc,phases      ] GC(256) Weak Processing 0.162ms
[2133.973s][debug][gc,phases      ] GC(256) Scrub String Table 0.594ms
[2133.973s][debug][gc,age         ] GC(256) Desired survivor size 25690112 bytes, new threshold 15 (max threshold 15)
[2133.973s][info ][gc,heap        ] GC(256) PSYoungGen: 2067216K->19840K(2070016K)
[2133.973s][info ][gc,heap        ] GC(256) ParOldGen: 444584K->445264K(466944K)
[2133.973s][info ][gc,metaspace   ] GC(256) Metaspace: 75837K->75837K(1118208K)
[2133.973s][info ][gc             ] GC(256) Pause Young (Allocation Failure) 2452M->454M(2477M) 8.344ms
[2133.973s][info ][gc,cpu         ] GC(256) User=0.02s Sys=0.01s Real=0.01s
[2133.973s][info ][safepoint      ] Leaving safepoint region
[2133.973s][info ][safepoint      ] Total time for which application threads were stopped: 0.0085041 seconds, Stopping threads took: 0.0000130 seconds
[2144.385s][info ][safepoint      ] Application time: 10.4118939 seconds
[2144.385s][info ][safepoint      ] Entering safepoint region: ParallelGCFailedAllocation
[2144.385s][info ][gc,start       ] GC(257) Pause Young (Allocation Failure)
[2144.403s][debug][gc,phases      ] GC(257) Scavenge 17.841ms
[2144.403s][debug][gc,ref         ] GC(257) Skipped phase1 of Reference Processing due to unavailable references
[2144.403s][debug][gc,ref         ] GC(257) Skipped phase2 of Reference Processing due to unavailable references
[2144.403s][debug][gc,ref         ] GC(257) Skipped phase3 of Reference Processing due to unavailable references
[2144.403s][debug][gc,phases      ] GC(257) Reference Processing 0.030ms
[2144.403s][debug][gc,phases      ] GC(257) Weak Processing 0.169ms
[2144.404s][debug][gc,phases      ] GC(257) Scrub String Table 0.556ms
[2144.404s][debug][gc,age         ] GC(257) Desired survivor size 28311552 bytes, new threshold 15 (max threshold 15)
[2144.404s][info ][gc,heap        ] GC(257) PSYoungGen: 2069888K->22592K(2066944K)
[2144.404s][info ][gc,heap        ] GC(257) ParOldGen: 445264K->445384K(466944K)
[2144.404s][info ][gc,metaspace   ] GC(257) Metaspace: 75837K->75837K(1118208K)
[2144.404s][info ][gc             ] GC(257) Pause Young (Allocation Failure) 2456M->457M(2474M) 18.722ms
[2144.404s][info ][gc,cpu         ] GC(257) User=0.06s Sys=0.00s Real=0.02s
[2144.404s][info ][safepoint      ] Leaving safepoint region
[2144.404s][info ][safepoint      ] Total time for which application threads were stopped: 0.0189346 seconds, Stopping threads took: 0.0000378 seconds
[2148.404s][info ][safepoint      ] Application time: 4.0003136 seconds
[2148.404s][info ][safepoint      ] Entering safepoint region: Cleanup
[2148.405s][info ][safepoint      ] Leaving safepoint region
[2148.405s][info ][safepoint      ] Total time for which application threads were stopped: 0.0001578 seconds, Stopping threads took: 0.0000377 seconds
[2155.007s][info ][safepoint      ] Application time: 6.6020344 seconds
[2155.007s][info ][safepoint      ] Entering safepoint region: ParallelGCFailedAllocation
[2155.007s][info ][gc,start       ] GC(258) Pause Young (Allocation Failure)
[2155.016s][debug][gc,phases      ] GC(258) Scavenge 9.396ms
[2155.016s][debug][gc,ref         ] GC(258) Skipped phase1 of Reference Processing due to unavailable references
[2155.016s][debug][gc,ref         ] GC(258) Skipped phase2 of Reference Processing due to unavailable references
[2155.016s][debug][gc,ref         ] GC(258) Skipped phase3 of Reference Processing due to unavailable references
[2155.016s][debug][gc,phases      ] GC(258) Reference Processing 0.030ms
[2155.016s][debug][gc,phases      ] GC(258) Weak Processing 0.146ms
[2155.017s][debug][gc,phases      ] GC(258) Scrub String Table 0.447ms
[2155.017s][debug][gc,age         ] GC(258) Desired survivor size 31981568 bytes, new threshold 15 (max threshold 15)
[2155.017s][info ][gc,heap        ] GC(258) PSYoungGen: 2064448K->26528K(2068480K)
[2155.017s][info ][gc,heap        ] GC(258) ParOldGen: 445384K->445448K(466944K)
[2155.017s][info ][gc,metaspace   ] GC(258) Metaspace: 75838K->75838K(1118208K)
[2155.017s][info ][gc             ] GC(258) Pause Young (Allocation Failure) 2451M->460M(2476M) 10.158ms
[2155.017s][info ][gc,cpu         ] GC(258) User=0.04s Sys=0.00s Real=0.01s
[2155.017s][info ][safepoint      ] Leaving safepoint region
[2155.017s][info ][safepoint      ] Total time for which application threads were stopped: 0.0103280 seconds, Stopping threads took: 0.0000146 seconds
[2161.017s][info ][safepoint      ] Application time: 6.0004510 seconds
[2161.018s][info ][safepoint      ] Entering safepoint region: Cleanup
[2161.018s][info ][safepoint      ] Leaving safepoint region
[2161.018s][info ][safepoint      ] Total time for which application threads were stopped: 0.0001215 seconds, Stopping threads took: 0.0000360 seconds
[2165.018s][info ][safepoint      ] Application time: 4.0003223 seconds
[2165.018s][info ][safepoint      ] Entering safepoint region: Cleanup
[2165.018s][info ][safepoint      ] Leaving safepoint region
[2165.018s][info ][safepoint      ] Total time for which application threads were stopped: 0.0001397 seconds, Stopping threads took: 0.0000369 seconds
[2165.452s][info ][safepoint      ] Application time: 0.4341312 seconds
[2165.452s][info ][safepoint      ] Entering safepoint region: ParallelGCFailedAllocation
[2165.452s][info ][gc,start       ] GC(259) Pause Young (Allocation Failure)
[2165.465s][debug][gc,phases      ] GC(259) Scavenge 12.461ms
[2165.465s][debug][gc,ref         ] GC(259) Skipped phase1 of Reference Processing due to unavailable references
[2165.465s][debug][gc,ref         ] GC(259) Skipped phase2 of Reference Processing due to unavailable references
[2165.465s][debug][gc,ref         ] GC(259) Skipped phase3 of Reference Processing due to unavailable references
[2165.465s][debug][gc,phases      ] GC(259) Reference Processing 0.028ms
[2165.465s][debug][gc,phases      ] GC(259) Weak Processing 0.153ms
[2165.466s][debug][gc,phases      ] GC(259) Scrub String Table 0.439ms
[2165.466s][debug][gc,age         ] GC(259) Desired survivor size 36175872 bytes, new threshold 14 (max threshold 15)
[2165.466s][info ][gc,heap        ] GC(259) PSYoungGen: 2068379K->28648K(2055168K)
[2165.466s][info ][gc,heap        ] GC(259) ParOldGen: 445448K->447069K(466944K)
[2165.466s][info ][gc,metaspace   ] GC(259) Metaspace: 75838K->75838K(1118208K)
[2165.466s][info ][gc             ] GC(259) Pause Young (Allocation Failure) 2454M->464M(2463M) 13.215ms
[2165.466s][info ][gc,cpu         ] GC(259) User=0.05s Sys=0.00s Real=0.01s
[2165.466s][info ][safepoint      ] Leaving safepoint region
[2165.466s][info ][safepoint      ] Total time for which application threads were stopped: 0.0134138 seconds, Stopping threads took: 0.0000607 seconds
[2166.466s][info ][safepoint      ] Application time: 1.0001233 seconds
[2166.466s][info ][safepoint      ] Entering safepoint region: Cleanup
[2166.466s][info ][safepoint      ] Leaving safepoint region
[2166.466s][info ][safepoint      ] Total time for which application threads were stopped: 0.0001081 seconds, Stopping threads took: 0.0000411 seconds
[2173.467s][info ][safepoint      ] Application time: 7.0005270 seconds
[2173.467s][info ][safepoint      ] Entering safepoint region: Cleanup
[2173.467s][info ][safepoint      ] Leaving safepoint region
[2173.467s][info ][safepoint      ] Total time for which application threads were stopped: 0.0001213 seconds, Stopping threads took: 0.0000451 seconds
[2175.071s][info ][safepoint      ] Application time: 1.6045791 seconds
[2175.071s][info ][safepoint      ] Entering safepoint region: ParallelGCFailedAllocation
[2175.071s][info ][gc,start       ] GC(260) Pause Young (Allocation Failure)
[2175.082s][debug][gc,phases      ] GC(260) Scavenge 10.401ms
[2175.082s][debug][gc,ref         ] GC(260) Skipped phase1 of Reference Processing due to unavailable references
[2175.082s][debug][gc,ref         ] GC(260) Skipped phase2 of Reference Processing due to unavailable references
[2175.082s][debug][gc,ref         ] GC(260) Skipped phase3 of Reference Processing due to unavailable references
[2175.082s][debug][gc,phases      ] GC(260) Reference Processing 0.029ms
[2175.082s][debug][gc,phases      ] GC(260) Weak Processing 0.148ms
[2175.083s][debug][gc,phases      ] GC(260) Scrub String Table 0.464ms
[2175.083s][debug][gc,age         ] GC(260) Desired survivor size 39845888 bytes, new threshold 15 (max threshold 15)
[2175.083s][info ][gc,heap        ] GC(260) PSYoungGen: 2055144K->30848K(2057728K)
[2175.083s][info ][gc,heap        ] GC(260) ParOldGen: 447069K->448885K(466944K)
[2175.083s][info ][gc,metaspace   ] GC(260) Metaspace: 75839K->75839K(1118208K)
[2175.083s][info ][gc             ] GC(260) Pause Young (Allocation Failure) 2443M->468M(2465M) 11.185ms
[2175.083s][info ][gc,cpu         ] GC(260) User=0.04s Sys=0.00s Real=0.02s
[2175.083s][info ][safepoint      ] Leaving safepoint region
[2175.083s][info ][safepoint      ] Total time for which application threads were stopped: 0.0113311 seconds, Stopping threads took: 0.0000131 seconds
[2180.083s][info ][safepoint      ] Application time: 5.0003500 seconds
[2180.083s][info ][safepoint      ] Entering safepoint region: Cleanup
[2180.083s][info ][safepoint      ] Leaving safepoint region
[2180.083s][info ][safepoint      ] Total time for which application threads were stopped: 0.0000840 seconds, Stopping threads took: 0.0000140 seconds
[2182.083s][info ][safepoint      ] Application time: 2.0001433 seconds
[2182.083s][info ][safepoint      ] Entering safepoint region: Cleanup
[2182.083s][info ][safepoint      ] Leaving safepoint region
[2182.083s][info ][safepoint      ] Total time for which application threads were stopped: 0.0000695 seconds, Stopping threads took: 0.0000136 seconds
[2184.503s][info ][safepoint      ] Application time: 2.4193853 seconds
[2184.503s][info ][safepoint      ] Entering safepoint region: ParallelGCFailedAllocation
[2184.503s][info ][gc,start       ] GC(261) Pause Young (Allocation Failure)
[2184.513s][debug][gc,phases      ] GC(261) Scavenge 10.486ms
[2184.514s][debug][gc,ref         ] GC(261) Skipped phase1 of Reference Processing due to unavailable references
[2184.514s][debug][gc,ref         ] GC(261) Skipped phase2 of Reference Processing due to unavailable references
[2184.514s][debug][gc,ref         ] GC(261) Skipped phase3 of Reference Processing due to unavailable references
[2184.514s][debug][gc,phases      ] GC(261) Reference Processing 0.030ms
[2184.514s][debug][gc,phases      ] GC(261) Weak Processing 0.141ms
[2184.514s][debug][gc,phases      ] GC(261) Scrub String Table 0.454ms
[2184.514s][debug][gc,age         ] GC(261) Desired survivor size 42991616 bytes, new threshold 15 (max threshold 15)
[2184.514s][info ][gc,heap        ] GC(261) PSYoungGen: 2057344K->31104K(2052096K)
[2184.514s][info ][gc,heap        ] GC(261) ParOldGen: 448885K->448885K(466944K)
[2184.514s][info ][gc,metaspace   ] GC(261) Metaspace: 75839K->75839K(1118208K)
[2184.514s][info ][gc             ] GC(261) Pause Young (Allocation Failure) 2447M->468M(2460M) 11.254ms
[2184.514s][info ][gc,cpu         ] GC(261) User=0.04s Sys=0.00s Real=0.01s
[2184.514s][info ][safepoint      ] Leaving safepoint region
[2184.514s][info ][safepoint      ] Total time for which application threads were stopped: 0.0114558 seconds, Stopping threads took: 0.0000411 seconds
[2194.515s][info ][safepoint      ] Application time: 10.0009217 seconds
[2194.515s][info ][safepoint      ] Entering safepoint region: Cleanup
[2194.515s][info ][safepoint      ] Leaving safepoint region
[2194.515s][info ][safepoint      ] Total time for which application threads were stopped: 0.0001097 seconds, Stopping threads took: 0.0000360 seconds
[2194.595s][info ][safepoint      ] Application time: 0.0797391 seconds
[2194.595s][info ][safepoint      ] Entering safepoint region: ParallelGCFailedAllocation
[2194.595s][info ][gc,start       ] GC(262) Pause Young (Allocation Failure)
[2194.605s][debug][gc,phases      ] GC(262) Scavenge 9.516ms
[2194.605s][debug][gc,ref         ] GC(262) Skipped phase1 of Reference Processing due to unavailable references
[2194.605s][debug][gc,ref         ] GC(262) Skipped phase2 of Reference Processing due to unavailable references
[2194.605s][debug][gc,ref         ] GC(262) Skipped phase3 of Reference Processing due to unavailable references
[2194.605s][debug][gc,phases      ] GC(262) Reference Processing 0.029ms
[2194.605s][debug][gc,phases      ] GC(262) Weak Processing 0.149ms
[2194.605s][debug][gc,phases      ] GC(262) Scrub String Table 0.466ms
[2194.605s][debug][gc,age         ] GC(262) Desired survivor size 44564480 bytes, new threshold 15 (max threshold 15)
[2194.606s][info ][gc,heap        ] GC(262) PSYoungGen: 2044288K->29552K(2042880K)
[2194.606s][info ][gc,heap        ] GC(262) ParOldGen: 448885K->448989K(466944K)
[2194.606s][info ][gc,metaspace   ] GC(262) Metaspace: 75839K->75839K(1118208K)
[2194.606s][info ][gc             ] GC(262) Pause Young (Allocation Failure) 2434M->467M(2451M) 10.325ms
[2194.606s][info ][gc,cpu         ] GC(262) User=0.04s Sys=0.00s Real=0.01s
[2194.606s][info ][safepoint      ] Leaving safepoint region
[2194.606s][info ][safepoint      ] Total time for which application threads were stopped: 0.0105149 seconds, Stopping threads took: 0.0000294 seconds
[2195.606s][info ][safepoint      ] Application time: 1.0000935 seconds
[2195.606s][info ][safepoint      ] Entering safepoint region: Cleanup
[2195.606s][info ][safepoint      ] Leaving safepoint region
[2195.606s][info ][safepoint      ] Total time for which application threads were stopped: 0.0001188 seconds, Stopping threads took: 0.0000400 seconds
[2197.606s][info ][safepoint      ] Application time: 2.0001660 seconds
[2197.606s][info ][safepoint      ] Entering safepoint region: Cleanup
[2197.606s][info ][safepoint      ] Leaving safepoint region
[2197.606s][info ][safepoint      ] Total time for which application threads were stopped: 0.0001242 seconds, Stopping threads took: 0.0000422 seconds
[2204.972s][info ][safepoint      ] Application time: 7.3656609 seconds
[2204.972s][info ][safepoint      ] Entering safepoint region: ParallelGCFailedAllocation
[2204.972s][info ][gc,start       ] GC(263) Pause Young (Allocation Failure)
[2204.981s][debug][gc,phases      ] GC(263) Scavenge 8.894ms
[2204.981s][debug][gc,ref         ] GC(263) Skipped phase1 of Reference Processing due to unavailable references
[2204.981s][debug][gc,ref         ] GC(263) Skipped phase2 of Reference Processing due to unavailable references
[2204.981s][debug][gc,ref         ] GC(263) Skipped phase3 of Reference Processing due to unavailable references
[2204.981s][debug][gc,phases      ] GC(263) Reference Processing 0.033ms
[2204.981s][debug][gc,phases      ] GC(263) Weak Processing 0.169ms
[2204.982s][debug][gc,phases      ] GC(263) Scrub String Table 0.597ms
[2204.982s][debug][gc,age         ] GC(263) Desired survivor size 45613056 bytes, new threshold 15 (max threshold 15)
[2204.982s][info ][gc,heap        ] GC(263) PSYoungGen: 2042736K->29680K(2051584K)
[2204.982s][info ][gc,heap        ] GC(263) ParOldGen: 448989K->449085K(466944K)
[2204.982s][info ][gc,metaspace   ] GC(263) Metaspace: 75841K->75841K(1118208K)
[2204.982s][info ][gc             ] GC(263) Pause Young (Allocation Failure) 2433M->467M(2459M) 9.848ms
[2204.982s][info ][gc,cpu         ] GC(263) User=0.04s Sys=0.00s Real=0.02s
[2204.982s][info ][safepoint      ] Leaving safepoint region
[2204.982s][info ][safepoint      ] Total time for which application threads were stopped: 0.0099860 seconds, Stopping threads took: 0.0000115 seconds
[2207.982s][info ][safepoint      ] Application time: 3.0002247 seconds
[2207.982s][info ][safepoint      ] Entering safepoint region: Cleanup
[2207.982s][info ][safepoint      ] Leaving safepoint region
[2207.982s][info ][safepoint      ] Total time for which application threads were stopped: 0.0000705 seconds, Stopping threads took: 0.0000145 seconds
[2209.982s][info ][safepoint      ] Application time: 2.0001345 seconds
[2209.982s][info ][safepoint      ] Entering safepoint region: Cleanup
[2209.982s][info ][safepoint      ] Leaving safepoint region
[2209.982s][info ][safepoint      ] Total time for which application threads were stopped: 0.0000819 seconds, Stopping threads took: 0.0000141 seconds
[2210.798s][info ][safepoint      ] Application time: 0.8151640 seconds
[2210.798s][info ][safepoint      ] Entering safepoint region: RevokeBias
[2210.798s][info ][safepoint      ] Leaving safepoint region
[2210.798s][info ][safepoint      ] Total time for which application threads were stopped: 0.0000679 seconds, Stopping threads took: 0.0000108 seconds
[2210.798s][info ][safepoint      ] Application time: 0.0006913 seconds
[2210.798s][info ][safepoint      ] Entering safepoint region: RevokeBias
[2210.799s][info ][safepoint      ] Leaving safepoint region
[2210.799s][info ][safepoint      ] Total time for which application threads were stopped: 0.0000571 seconds, Stopping threads took: 0.0000075 seconds
[2210.845s][info ][safepoint      ] Application time: 0.0461723 seconds
[2210.845s][info ][safepoint      ] Entering safepoint region: RevokeBias
[2210.845s][info ][safepoint      ] Leaving safepoint region
[2210.845s][info ][safepoint      ] Total time for which application threads were stopped: 0.0000830 seconds, Stopping threads took: 0.0000105 seconds
[2214.915s][info ][safepoint      ] Application time: 4.0700666 seconds
[2214.915s][info ][safepoint      ] Entering safepoint region: ParallelGCFailedAllocation
[2214.915s][info ][gc,start       ] GC(264) Pause Young (Allocation Failure)
[2214.925s][debug][gc,phases      ] GC(264) Scavenge 9.930ms
[2214.925s][debug][gc,ref         ] GC(264) Skipped phase1 of Reference Processing due to unavailable references
[2214.925s][debug][gc,ref         ] GC(264) Skipped phase2 of Reference Processing due to unavailable references
[2214.925s][debug][gc,ref         ] GC(264) Skipped phase3 of Reference Processing due to unavailable references
[2214.925s][debug][gc,phases      ] GC(264) Reference Processing 0.029ms
[2214.925s][debug][gc,phases      ] GC(264) Weak Processing 0.158ms
[2214.926s][debug][gc,phases      ] GC(264) Scrub String Table 0.500ms
[2214.926s][debug][gc,age         ] GC(264) Desired survivor size 47185920 bytes, new threshold 15 (max threshold 15)
[2214.926s][info ][gc,heap        ] GC(264) PSYoungGen: 2037744K->31600K(2039808K)
[2214.926s][info ][gc,heap        ] GC(264) ParOldGen: 449085K->449213K(466944K)
[2214.926s][info ][gc,metaspace   ] GC(264) Metaspace: 75841K->75841K(1118208K)
[2214.926s][info ][gc             ] GC(264) Pause Young (Allocation Failure) 2428M->469M(2448M) 10.760ms
[2214.926s][info ][gc,cpu         ] GC(264) User=0.04s Sys=0.00s Real=0.01s
[2214.926s][info ][safepoint      ] Leaving safepoint region
[2214.926s][info ][safepoint      ] Total time for which application threads were stopped: 0.0109127 seconds, Stopping threads took: 0.0000125 seconds
[2224.826s][info ][safepoint      ] Application time: 9.9004283 seconds
[2224.826s][info ][safepoint      ] Entering safepoint region: ParallelGCFailedAllocation
[2224.826s][info ][gc,start       ] GC(265) Pause Young (Allocation Failure)
[2224.840s][debug][gc,phases      ] GC(265) Scavenge 13.384ms
[2224.840s][debug][gc,ref         ] GC(265) Skipped phase1 of Reference Processing due to unavailable references
[2224.840s][debug][gc,ref         ] GC(265) Skipped phase2 of Reference Processing due to unavailable references
[2224.840s][debug][gc,ref         ] GC(265) Skipped phase3 of Reference Processing due to unavailable references
[2224.840s][debug][gc,phases      ] GC(265) Reference Processing 0.042ms
[2224.840s][debug][gc,phases      ] GC(265) Weak Processing 0.134ms
[2224.841s][debug][gc,phases      ] GC(265) Scrub String Table 0.471ms
[2224.841s][debug][gc,age         ] GC(265) Desired survivor size 48758784 bytes, new threshold 15 (max threshold 15)
[2224.841s][info ][gc,heap        ] GC(265) PSYoungGen: 2039664K->31856K(2048000K)
[2224.841s][info ][gc,heap        ] GC(265) ParOldGen: 449213K->449357K(466944K)
[2224.841s][info ][gc,metaspace   ] GC(265) Metaspace: 75841K->75841K(1118208K)
[2224.841s][info ][gc             ] GC(265) Pause Young (Allocation Failure) 2430M->469M(2456M) 14.176ms
[2224.841s][info ][gc,cpu         ] GC(265) User=0.04s Sys=0.00s Real=0.02s
[2224.841s][info ][safepoint      ] Leaving safepoint region
[2224.841s][info ][safepoint      ] Total time for which application threads were stopped: 0.0143461 seconds, Stopping threads took: 0.0000177 seconds
[2234.928s][info ][safepoint      ] Application time: 10.0872166 seconds
[2234.928s][info ][safepoint      ] Entering safepoint region: ParallelGCFailedAllocation
[2234.928s][info ][gc,start       ] GC(266) Pause Young (Allocation Failure)
[2234.966s][debug][gc,phases      ] GC(266) Scavenge 38.132ms
[2234.966s][debug][gc,ref         ] GC(266) Skipped phase1 of Reference Processing due to unavailable references
[2234.966s][debug][gc,ref         ] GC(266) Skipped phase2 of Reference Processing due to unavailable references
[2234.966s][debug][gc,ref         ] GC(266) Skipped phase3 of Reference Processing due to unavailable references
[2234.966s][debug][gc,phases      ] GC(266) Reference Processing 0.037ms
[2234.966s][debug][gc,phases      ] GC(266) Weak Processing 0.179ms
[2234.967s][debug][gc,phases      ] GC(266) Scrub String Table 0.560ms
[2234.967s][debug][gc,age         ] GC(266) Desired survivor size 49283072 bytes, new threshold 15 (max threshold 15)
[2234.967s][info ][gc,heap        ] GC(266) PSYoungGen: 2033776K->31760K(2034176K)
[2234.967s][info ][gc,heap        ] GC(266) ParOldGen: 449357K->449413K(466944K)
[2234.967s][info ][gc,metaspace   ] GC(266) Metaspace: 75841K->75841K(1118208K)
[2234.967s][info ][gc             ] GC(266) Pause Young (Allocation Failure) 2424M->469M(2442M) 39.051ms
[2234.967s][info ][gc,cpu         ] GC(266) User=0.05s Sys=0.00s Real=0.04s
[2234.967s][info ][safepoint      ] Leaving safepoint region
[2234.967s][info ][safepoint      ] Total time for which application threads were stopped: 0.0392529 seconds, Stopping threads took: 0.0000358 seconds
[2245.052s][info ][safepoint      ] Application time: 10.0851112 seconds
[2245.052s][info ][safepoint      ] Entering safepoint region: ParallelGCFailedAllocation
[2245.052s][info ][gc,start       ] GC(267) Pause Young (Allocation Failure)
[2245.070s][debug][gc,phases      ] GC(267) Scavenge 17.977ms
[2245.071s][debug][gc,ref         ] GC(267) Skipped phase1 of Reference Processing due to unavailable references
[2245.071s][debug][gc,ref         ] GC(267) Skipped phase2 of Reference Processing due to unavailable references
[2245.071s][debug][gc,ref         ] GC(267) Skipped phase3 of Reference Processing due to unavailable references
[2245.071s][debug][gc,phases      ] GC(267) Reference Processing 0.038ms
[2245.071s][debug][gc,phases      ] GC(267) Weak Processing 0.150ms
[2245.071s][debug][gc,phases      ] GC(267) Scrub String Table 0.470ms
[2245.071s][debug][gc,age         ] GC(267) Desired survivor size 49807360 bytes, new threshold 15 (max threshold 15)
[2245.071s][info ][gc,heap        ] GC(267) PSYoungGen: 2033680K->31840K(2048000K)
[2245.071s][info ][gc,heap        ] GC(267) ParOldGen: 449413K->449517K(466944K)
[2245.071s][info ][gc,metaspace   ] GC(267) Metaspace: 75842K->75842K(1118208K)
[2245.071s][info ][gc             ] GC(267) Pause Young (Allocation Failure) 2424M->470M(2456M) 18.767ms
[2245.071s][info ][gc,cpu         ] GC(267) User=0.05s Sys=0.00s Real=0.01s
[2245.071s][info ][safepoint      ] Leaving safepoint region
[2245.071s][info ][safepoint      ] Total time for which application threads were stopped: 0.0189669 seconds, Stopping threads took: 0.0000390 seconds
[2255.221s][info ][safepoint      ] Application time: 10.1500107 seconds
[2255.221s][info ][safepoint      ] Entering safepoint region: ParallelGCFailedAllocation
[2255.221s][info ][gc,start       ] GC(268) Pause Young (Allocation Failure)
[2255.231s][debug][gc,phases      ] GC(268) Scavenge 9.674ms
[2255.231s][debug][gc,ref         ] GC(268) Skipped phase1 of Reference Processing due to unavailable references
[2255.231s][debug][gc,ref         ] GC(268) Skipped phase2 of Reference Processing due to unavailable references
[2255.231s][debug][gc,ref         ] GC(268) Skipped phase3 of Reference Processing due to unavailable references
[2255.231s][debug][gc,phases      ] GC(268) Reference Processing 0.041ms
[2255.231s][debug][gc,phases      ] GC(268) Weak Processing 0.176ms
[2255.232s][debug][gc,phases      ] GC(268) Scrub String Table 0.544ms
[2255.232s][debug][gc,age         ] GC(268) Desired survivor size 49807360 bytes, new threshold 15 (max threshold 15)
[2255.232s][info ][gc,heap        ] GC(268) PSYoungGen: 2031712K->31024K(2048512K)
[2255.232s][info ][gc,heap        ] GC(268) ParOldGen: 449517K->450653K(466944K)
[2255.232s][info ][gc,metaspace   ] GC(268) Metaspace: 75842K->75842K(1118208K)
[2255.232s][info ][gc             ] GC(268) Pause Young (Allocation Failure) 2423M->470M(2456M) 10.622ms
[2255.232s][info ][gc,cpu         ] GC(268) User=0.03s Sys=0.00s Real=0.00s
[2255.232s][info ][safepoint      ] Leaving safepoint region
[2255.232s][info ][safepoint      ] Total time for which application threads were stopped: 0.0108277 seconds, Stopping threads took: 0.0000268 seconds
[2265.402s][info ][safepoint      ] Application time: 10.1700442 seconds
[2265.402s][info ][safepoint      ] Entering safepoint region: ParallelGCFailedAllocation
[2265.402s][info ][gc,start       ] GC(269) Pause Young (Allocation Failure)
[2265.413s][debug][gc,phases      ] GC(269) Scavenge 10.093ms
[2265.413s][debug][gc,ref         ] GC(269) Skipped phase1 of Reference Processing due to unavailable references
[2265.413s][debug][gc,ref         ] GC(269) Skipped phase2 of Reference Processing due to unavailable references
[2265.413s][debug][gc,ref         ] GC(269) Skipped phase3 of Reference Processing due to unavailable references
[2265.413s][debug][gc,phases      ] GC(269) Reference Processing 0.032ms
[2265.413s][debug][gc,phases      ] GC(269) Weak Processing 0.157ms
[2265.413s][debug][gc,phases      ] GC(269) Scrub String Table 0.463ms
[2265.413s][debug][gc,age         ] GC(269) Desired survivor size 49283072 bytes, new threshold 15 (max threshold 15)
[2265.413s][info ][gc,heap        ] GC(269) PSYoungGen: 2030896K->30240K(2049024K)
[2265.413s][info ][gc,heap        ] GC(269) ParOldGen: 450653K->451674K(466944K)
[2265.413s][info ][gc,metaspace   ] GC(269) Metaspace: 75842K->75842K(1118208K)
[2265.413s][info ][gc             ] GC(269) Pause Young (Allocation Failure) 2423M->470M(2457M) 10.900ms
[2265.413s][info ][gc,cpu         ] GC(269) User=0.04s Sys=0.00s Real=0.01s
[2265.413s][info ][safepoint      ] Leaving safepoint region
[2265.413s][info ][safepoint      ] Total time for which application threads were stopped: 0.0111019 seconds, Stopping threads took: 0.0000386 seconds
[2274.580s][info ][safepoint      ] Application time: 9.1663345 seconds
[2274.580s][info ][safepoint      ] Entering safepoint region: RevokeBias
[2274.580s][info ][safepoint      ] Leaving safepoint region
[2274.580s][info ][safepoint      ] Total time for which application threads were stopped: 0.0001458 seconds, Stopping threads took: 0.0000389 seconds
[2275.712s][info ][safepoint      ] Application time: 1.1323581 seconds
[2275.712s][info ][safepoint      ] Entering safepoint region: ParallelGCFailedAllocation
[2275.712s][info ][gc,start       ] GC(270) Pause Young (Allocation Failure)
[2275.721s][debug][gc,phases      ] GC(270) Scavenge 8.348ms
[2275.721s][debug][gc,ref         ] GC(270) Skipped phase1 of Reference Processing due to unavailable references
[2275.721s][debug][gc,ref         ] GC(270) Skipped phase2 of Reference Processing due to unavailable references
[2275.721s][debug][gc,ref         ] GC(270) Skipped phase3 of Reference Processing due to unavailable references
[2275.721s][debug][gc,phases      ] GC(270) Reference Processing 0.034ms
[2275.721s][debug][gc,phases      ] GC(270) Weak Processing 0.171ms
[2275.722s][debug][gc,phases      ] GC(270) Scrub String Table 0.492ms
[2275.722s][debug][gc,age         ] GC(270) Desired survivor size 47710208 bytes, new threshold 15 (max threshold 15)
[2275.722s][info ][gc,heap        ] GC(270) PSYoungGen: 2030624K->27632K(2048512K)
[2275.722s][info ][gc,heap        ] GC(270) ParOldGen: 451674K->454314K(466944K)
[2275.722s][info ][gc,metaspace   ] GC(270) Metaspace: 75842K->75842K(1118208K)
[2275.722s][info ][gc             ] GC(270) Pause Young (Allocation Failure) 2424M->470M(2456M) 9.189ms
[2275.722s][info ][gc,cpu         ] GC(270) User=0.03s Sys=0.00s Real=0.01s
[2275.722s][info ][safepoint      ] Leaving safepoint region
[2275.722s][info ][safepoint      ] Total time for which application threads were stopped: 0.0093432 seconds, Stopping threads took: 0.0000128 seconds
[2277.287s][info ][safepoint      ] Application time: 1.5649124 seconds
[2277.287s][info ][safepoint      ] Entering safepoint region: RevokeBias
[2277.287s][info ][safepoint      ] Leaving safepoint region
[2277.287s][info ][safepoint      ] Total time for which application threads were stopped: 0.0000730 seconds, Stopping threads took: 0.0000122 seconds
[2285.901s][info ][safepoint      ] Application time: 8.6148267 seconds
[2285.902s][info ][safepoint      ] Entering safepoint region: ParallelGCFailedAllocation
[2285.902s][info ][gc,start       ] GC(271) Pause Young (Allocation Failure)
[2285.912s][debug][gc,phases      ] GC(271) Scavenge 9.796ms
[2285.912s][debug][gc,ref         ] GC(271) Skipped phase1 of Reference Processing due to unavailable references
[2285.912s][debug][gc,ref         ] GC(271) Skipped phase2 of Reference Processing due to unavailable references
[2285.912s][debug][gc,ref         ] GC(271) Skipped phase3 of Reference Processing due to unavailable references
[2285.912s][debug][gc,ref         ] GC(271) Skipped phase4 of Reference Processing due to unavailable references
[2285.912s][debug][gc,phases      ] GC(271) Reference Processing 0.041ms
[2285.912s][debug][gc,phases      ] GC(271) Weak Processing 0.165ms
[2285.912s][debug][gc,phases      ] GC(271) Scrub String Table 0.590ms
[2285.912s][debug][gc,age         ] GC(271) Desired survivor size 46137344 bytes, new threshold 15 (max threshold 15)
[2285.912s][info ][gc,heap        ] GC(271) PSYoungGen: 2028016K->24816K(2052096K)
[2285.912s][info ][gc,heap        ] GC(271) ParOldGen: 454314K->457591K(466944K)
[2285.912s][info ][gc,metaspace   ] GC(271) Metaspace: 75844K->75844K(1118208K)
[2285.912s][info ][gc             ] GC(271) Pause Young (Allocation Failure) 2424M->471M(2460M) 10.738ms
[2285.912s][info ][gc,cpu         ] GC(271) User=0.04s Sys=0.00s Real=0.01s
[2285.912s][info ][safepoint      ] Leaving safepoint region
[2285.912s][info ][safepoint      ] Total time for which application threads were stopped: 0.0109086 seconds, Stopping threads took: 0.0000373 seconds
[2296.149s][info ][safepoint      ] Application time: 10.2364326 seconds
[2296.149s][info ][safepoint      ] Entering safepoint region: ParallelGCFailedAllocation
[2296.149s][info ][gc,start       ] GC(272) Pause Young (Allocation Failure)
[2296.157s][debug][gc,phases      ] GC(272) Scavenge 8.159ms
[2296.157s][debug][gc,ref         ] GC(272) Skipped phase1 of Reference Processing due to unavailable references
[2296.157s][debug][gc,ref         ] GC(272) Skipped phase2 of Reference Processing due to unavailable references
[2296.157s][debug][gc,ref         ] GC(272) Skipped phase3 of Reference Processing due to unavailable references
[2296.157s][debug][gc,ref         ] GC(272) Skipped phase4 of Reference Processing due to unavailable references
[2296.157s][debug][gc,phases      ] GC(272) Reference Processing 0.036ms
[2296.157s][debug][gc,phases      ] GC(272) Weak Processing 0.163ms
[2296.158s][debug][gc,phases      ] GC(272) Scrub String Table 0.470ms
[2296.158s][debug][gc,age         ] GC(272) Desired survivor size 44564480 bytes, new threshold 15 (max threshold 15)
[2296.158s][info ][gc,heap        ] GC(272) PSYoungGen: 2030320K->22144K(2050560K)
[2296.158s][info ][gc,heap        ] GC(272) ParOldGen: 457591K->460668K(466944K)
[2296.158s][info ][gc,metaspace   ] GC(272) Metaspace: 75844K->75844K(1118208K)
[2296.158s][info ][gc             ] GC(272) Pause Young (Allocation Failure) 2429M->471M(2458M) 8.968ms
[2296.158s][info ][gc,cpu         ] GC(272) User=0.03s Sys=0.01s Real=0.01s
[2296.158s][info ][safepoint      ] Leaving safepoint region
[2296.158s][info ][safepoint      ] Total time for which application threads were stopped: 0.0091136 seconds, Stopping threads took: 0.0000184 seconds
[2304.159s][info ][safepoint      ] Application time: 8.0006065 seconds
[2304.159s][info ][safepoint      ] Entering safepoint region: Cleanup
[2304.159s][info ][safepoint      ] Leaving safepoint region
[2304.159s][info ][safepoint      ] Total time for which application threads were stopped: 0.0001364 seconds, Stopping threads took: 0.0000549 seconds
[2306.427s][info ][safepoint      ] Application time: 2.2677185 seconds
[2306.427s][info ][safepoint      ] Entering safepoint region: ParallelGCFailedAllocation
[2306.427s][info ][gc,start       ] GC(273) Pause Young (Allocation Failure)
[2306.435s][debug][gc,phases      ] GC(273) Scavenge 7.957ms
[2306.435s][debug][gc,ref         ] GC(273) Skipped phase1 of Reference Processing due to unavailable references
[2306.435s][debug][gc,ref         ] GC(273) Skipped phase2 of Reference Processing due to unavailable references
[2306.435s][debug][gc,ref         ] GC(273) Skipped phase3 of Reference Processing due to unavailable references
[2306.435s][debug][gc,ref         ] GC(273) Skipped phase4 of Reference Processing due to unavailable references
[2306.435s][debug][gc,phases      ] GC(273) Reference Processing 0.029ms
[2306.435s][debug][gc,phases      ] GC(273) Weak Processing 0.147ms
[2306.435s][debug][gc,phases      ] GC(273) Scrub String Table 0.480ms
[2306.435s][debug][gc,age         ] GC(273) Desired survivor size 44040192 bytes, new threshold 15 (max threshold 15)
[2306.435s][info ][gc,heap        ] GC(273) PSYoungGen: 2027648K->18736K(2054144K)
[2306.435s][info ][gc,heap        ] GC(273) ParOldGen: 460668K->464349K(466944K)
[2306.435s][info ][gc,metaspace   ] GC(273) Metaspace: 75845K->75845K(1118208K)
[2306.435s][info ][gc             ] GC(273) Pause Young (Allocation Failure) 2429M->471M(2462M) 8.746ms
[2306.435s][info ][gc,cpu         ] GC(273) User=0.03s Sys=0.00s Real=0.01s
[2306.435s][debug][gc,phases      ] GC(274) Pre Compact 0.010ms
[2306.436s][info ][gc,start       ] GC(274) Pause Full (Ergonomics)
[2306.436s][info ][gc,phases,start] GC(274) Marking Phase
[2306.560s][debug][gc,phases      ] GC(274) Par Mark 124.030ms
[2306.560s][debug][gc,ref         ] GC(274) Skipped phase1 of Reference Processing due to unavailable references
[2306.561s][debug][gc,ref         ] GC(274) Skipped phase3 of Reference Processing due to unavailable references
[2306.561s][debug][gc,phases      ] GC(274) Reference Processing 0.424ms
[2306.561s][debug][gc,phases      ] GC(274) Weak Processing 0.167ms
[2306.561s][debug][gc,phases      ] GC(274) ClassLoaderData 0.660ms
[2306.561s][debug][gc,phases      ] GC(274) ProtectionDomainCacheTable 0.003ms
[2306.562s][debug][gc,phases      ] GC(274) ResolvedMethodTable 0.162ms
[2306.570s][debug][gc,phases      ] GC(274) Class Unloading 9.606ms
[2306.571s][debug][gc,phases      ] GC(274) Scrub String Table 0.518ms
[2306.577s][debug][gc,phases      ] GC(274) Scrub Symbol Table 5.954ms
[2306.577s][info ][gc,phases      ] GC(274) Marking Phase 141.458ms
[2306.577s][info ][gc,phases,start] GC(274) Summary Phase
[2306.577s][info ][gc,phases      ] GC(274) Summary Phase 0.017ms
[2306.577s][info ][gc,phases,start] GC(274) Adjust Roots
[2306.594s][info ][gc,phases      ] GC(274) Adjust Roots 17.280ms
[2306.594s][info ][gc,phases,start] GC(274) Compaction Phase
[2306.689s][info ][gc,phases      ] GC(274) Compaction Phase 94.401ms
[2306.689s][info ][gc,phases,start] GC(274) Post Compact
[2306.690s][info ][gc,phases      ] GC(274) Post Compact 1.201ms
[2306.690s][info ][gc,heap        ] GC(274) PSYoungGen: 18736K->0K(2053632K)
[2306.690s][info ][gc,heap        ] GC(274) ParOldGen: 464349K->404337K(527360K)
[2306.690s][info ][gc,metaspace   ] GC(274) Metaspace: 75845K->75845K(1118208K)
[2306.690s][info ][gc             ] GC(274) Pause Full (Ergonomics) 471M->394M(2520M) 254.662ms
[2306.690s][info ][gc,cpu         ] GC(274) User=0.89s Sys=0.01s Real=0.25s
[2306.690s][info ][safepoint      ] Leaving safepoint region
[2306.690s][info ][safepoint      ] Total time for which application threads were stopped: 0.2636158 seconds, Stopping threads took: 0.0000113 seconds
[2307.690s][info ][safepoint      ] Application time: 1.0000798 seconds
[2307.690s][info ][safepoint      ] Entering safepoint region: Cleanup
[2307.690s][info ][safepoint      ] Leaving safepoint region
[2307.690s][info ][safepoint      ] Total time for which application threads were stopped: 0.0000777 seconds, Stopping threads took: 0.0000128 seconds
[2315.691s][info ][safepoint      ] Application time: 8.0004700 seconds
[2315.691s][info ][safepoint      ] Entering safepoint region: Cleanup
[2315.691s][info ][safepoint      ] Leaving safepoint region
[2315.691s][info ][safepoint      ] Total time for which application threads were stopped: 0.0000955 seconds, Stopping threads took: 0.0000306 seconds
[2316.677s][info ][safepoint      ] Application time: 0.9856004 seconds
[2316.677s][info ][safepoint      ] Entering safepoint region: ParallelGCFailedAllocation
[2316.677s][info ][gc,start       ] GC(275) Pause Young (Allocation Failure)
[2316.680s][debug][gc,phases      ] GC(275) Scavenge 2.686ms
[2316.680s][debug][gc,ref         ] GC(275) Skipped phase1 of Reference Processing due to unavailable references
[2316.680s][debug][gc,ref         ] GC(275) Skipped phase2 of Reference Processing due to unavailable references
[2316.680s][debug][gc,ref         ] GC(275) Skipped phase3 of Reference Processing due to unavailable references
[2316.680s][debug][gc,ref         ] GC(275) Skipped phase4 of Reference Processing due to unavailable references
[2316.680s][debug][gc,phases      ] GC(275) Reference Processing 0.035ms
[2316.680s][debug][gc,phases      ] GC(275) Weak Processing 0.158ms
[2316.680s][debug][gc,phases      ] GC(275) Scrub String Table 0.717ms
[2316.681s][debug][gc,age         ] GC(275) Desired survivor size 46137344 bytes, new threshold 15 (max threshold 15)
[2316.681s][info ][gc,heap        ] GC(275) PSYoungGen: 2010624K->864K(2050048K)
[2316.681s][info ][gc,heap        ] GC(275) ParOldGen: 404337K->404337K(527360K)
[2316.681s][info ][gc,metaspace   ] GC(275) Metaspace: 75846K->75846K(1118208K)
[2316.681s][info ][gc             ] GC(275) Pause Young (Allocation Failure) 2358M->395M(2517M) 3.882ms
[2316.681s][info ][gc,cpu         ] GC(275) User=0.01s Sys=0.00s Real=0.01s
[2316.681s][info ][safepoint      ] Leaving safepoint region
[2316.681s][info ][safepoint      ] Total time for which application threads were stopped: 0.0040644 seconds, Stopping threads took: 0.0000168 seconds
[2318.681s][info ][safepoint      ] Application time: 2.0001539 seconds
[2318.681s][info ][safepoint      ] Entering safepoint region: Cleanup
[2318.681s][info ][safepoint      ] Leaving safepoint region
[2318.681s][info ][safepoint      ] Total time for which application threads were stopped: 0.0001177 seconds, Stopping threads took: 0.0000225 seconds
[2320.681s][info ][safepoint      ] Application time: 2.0001285 seconds
[2320.681s][info ][safepoint      ] Entering safepoint region: Cleanup
[2320.681s][info ][safepoint      ] Leaving safepoint region
[2320.681s][info ][safepoint      ] Total time for which application threads were stopped: 0.0000657 seconds, Stopping threads took: 0.0000137 seconds
[2326.971s][info ][safepoint      ] Application time: 6.2896113 seconds
[2326.971s][info ][safepoint      ] Entering safepoint region: ParallelGCFailedAllocation
[2326.971s][info ][gc,start       ] GC(276) Pause Young (Allocation Failure)
[2326.974s][debug][gc,phases      ] GC(276) Scavenge 2.580ms
[2326.974s][debug][gc,ref         ] GC(276) Skipped phase1 of Reference Processing due to unavailable references
[2326.974s][debug][gc,ref         ] GC(276) Skipped phase2 of Reference Processing due to unavailable references
[2326.974s][debug][gc,ref         ] GC(276) Skipped phase3 of Reference Processing due to unavailable references
[2326.974s][debug][gc,ref         ] GC(276) Skipped phase4 of Reference Processing due to unavailable references
[2326.974s][debug][gc,phases      ] GC(276) Reference Processing 0.028ms
[2326.974s][debug][gc,phases      ] GC(276) Weak Processing 0.135ms
[2326.974s][debug][gc,phases      ] GC(276) Scrub String Table 0.433ms
[2326.974s][debug][gc,age         ] GC(276) Desired survivor size 47710208 bytes, new threshold 15 (max threshold 15)
[2326.974s][info ][gc,heap        ] GC(276) PSYoungGen: 2007904K->1472K(2008576K)
[2326.974s][info ][gc,heap        ] GC(276) ParOldGen: 404337K->404337K(527360K)
[2326.974s][info ][gc,metaspace   ] GC(276) Metaspace: 75846K->75846K(1118208K)
[2326.974s][info ][gc             ] GC(276) Pause Young (Allocation Failure) 2355M->396M(2476M) 3.311ms
[2326.974s][info ][gc,cpu         ] GC(276) User=0.01s Sys=0.00s Real=0.01s
[2326.974s][info ][safepoint      ] Leaving safepoint region
[2326.974s][info ][safepoint      ] Total time for which application threads were stopped: 0.0034429 seconds, Stopping threads took: 0.0000112 seconds
[2328.975s][info ][safepoint      ] Application time: 2.0001511 seconds
[2328.975s][info ][safepoint      ] Entering safepoint region: Cleanup
[2328.975s][info ][safepoint      ] Leaving safepoint region
[2328.975s][info ][safepoint      ] Total time for which application threads were stopped: 0.0001073 seconds, Stopping threads took: 0.0000470 seconds
[2334.975s][info ][safepoint      ] Application time: 6.0004185 seconds
[2334.975s][info ][safepoint      ] Entering safepoint region: Cleanup
[2334.975s][info ][safepoint      ] Leaving safepoint region
[2334.975s][info ][safepoint      ] Total time for which application threads were stopped: 0.0001076 seconds, Stopping threads took: 0.0000421 seconds
[2337.475s][info ][safepoint      ] Application time: 2.4992390 seconds
[2337.475s][info ][safepoint      ] Entering safepoint region: ParallelGCFailedAllocation
[2337.475s][info ][gc,start       ] GC(277) Pause Young (Allocation Failure)
[2337.477s][debug][gc,phases      ] GC(277) Scavenge 2.730ms
[2337.477s][debug][gc,ref         ] GC(277) Skipped phase1 of Reference Processing due to unavailable references
[2337.477s][debug][gc,ref         ] GC(277) Skipped phase2 of Reference Processing due to unavailable references
[2337.477s][debug][gc,ref         ] GC(277) Skipped phase3 of Reference Processing due to unavailable references
[2337.477s][debug][gc,ref         ] GC(277) Skipped phase4 of Reference Processing due to unavailable references
[2337.477s][debug][gc,phases      ] GC(277) Reference Processing 0.027ms
[2337.478s][debug][gc,phases      ] GC(277) Weak Processing 0.136ms
[2337.478s][debug][gc,phases      ] GC(277) Scrub String Table 0.478ms
[2337.478s][debug][gc,age         ] GC(277) Desired survivor size 48234496 bytes, new threshold 15 (max threshold 15)
[2337.478s][info ][gc,heap        ] GC(277) PSYoungGen: 2008512K->2720K(2049536K)
[2337.478s][info ][gc,heap        ] GC(277) ParOldGen: 404337K->404337K(527360K)
[2337.478s][info ][gc,metaspace   ] GC(277) Metaspace: 75847K->75847K(1118208K)
[2337.478s][info ][gc             ] GC(277) Pause Young (Allocation Failure) 2356M->397M(2516M) 3.485ms
[2337.478s][info ][gc,cpu         ] GC(277) User=0.01s Sys=0.00s Real=0.00s
[2337.478s][info ][safepoint      ] Leaving safepoint region
[2337.478s][info ][safepoint      ] Total time for which application threads were stopped: 0.0036214 seconds, Stopping threads took: 0.0000125 seconds
[2338.478s][info ][safepoint      ] Application time: 1.0000784 seconds
[2338.478s][info ][safepoint      ] Entering safepoint region: Cleanup
[2338.478s][info ][safepoint      ] Leaving safepoint region
[2338.478s][info ][safepoint      ] Total time for which application threads were stopped: 0.0001144 seconds, Stopping threads took: 0.0000536 seconds
[2348.011s][info ][safepoint      ] Application time: 9.5327236 seconds
[2348.011s][info ][safepoint      ] Entering safepoint region: ParallelGCFailedAllocation
[2348.011s][info ][gc,start       ] GC(278) Pause Young (Allocation Failure)
[2348.014s][debug][gc,phases      ] GC(278) Scavenge 2.837ms
[2348.014s][debug][gc,ref         ] GC(278) Skipped phase1 of Reference Processing due to unavailable references
[2348.014s][debug][gc,ref         ] GC(278) Skipped phase2 of Reference Processing due to unavailable references
[2348.014s][debug][gc,ref         ] GC(278) Skipped phase3 of Reference Processing due to unavailable references
[2348.014s][debug][gc,ref         ] GC(278) Skipped phase4 of Reference Processing due to unavailable references
[2348.014s][debug][gc,phases      ] GC(278) Reference Processing 0.027ms
[2348.014s][debug][gc,phases      ] GC(278) Weak Processing 0.133ms
[2348.015s][debug][gc,phases      ] GC(278) Scrub String Table 0.435ms
[2348.015s][debug][gc,age         ] GC(278) Desired survivor size 48234496 bytes, new threshold 15 (max threshold 15)
[2348.015s][info ][gc,heap        ] GC(278) PSYoungGen: 2005664K->2688K(2050048K)
[2348.015s][info ][gc,heap        ] GC(278) ParOldGen: 404337K->404337K(527360K)
[2348.015s][info ][gc,metaspace   ] GC(278) Metaspace: 75847K->75847K(1118208K)
[2348.015s][info ][gc             ] GC(278) Pause Young (Allocation Failure) 2353M->397M(2517M) 3.566ms
[2348.015s][info ][gc,cpu         ] GC(278) User=0.02s Sys=0.00s Real=0.01s
[2348.015s][info ][safepoint      ] Leaving safepoint region
[2348.015s][info ][safepoint      ] Total time for which application threads were stopped: 0.0037269 seconds, Stopping threads took: 0.0000245 seconds
[2358.474s][info ][safepoint      ] Application time: 10.4595178 seconds
[2358.474s][info ][safepoint      ] Entering safepoint region: ParallelGCFailedAllocation
[2358.475s][info ][gc,start       ] GC(279) Pause Young (Allocation Failure)
[2358.477s][debug][gc,phases      ] GC(279) Scavenge 2.647ms
[2358.477s][debug][gc,ref         ] GC(279) Skipped phase1 of Reference Processing due to unavailable references
[2358.477s][debug][gc,ref         ] GC(279) Skipped phase2 of Reference Processing due to unavailable references
[2358.477s][debug][gc,ref         ] GC(279) Skipped phase3 of Reference Processing due to unavailable references
[2358.477s][debug][gc,ref         ] GC(279) Skipped phase4 of Reference Processing due to unavailable references
[2358.477s][debug][gc,phases      ] GC(279) Reference Processing 0.030ms
[2358.477s][debug][gc,phases      ] GC(279) Weak Processing 0.140ms
[2358.478s][debug][gc,phases      ] GC(279) Scrub String Table 0.450ms
[2358.478s][debug][gc,age         ] GC(279) Desired survivor size 47185920 bytes, new threshold 15 (max threshold 15)
[2358.478s][info ][gc,heap        ] GC(279) PSYoungGen: 2005632K->2896K(2051072K)
[2358.478s][info ][gc,heap        ] GC(279) ParOldGen: 404337K->404337K(527360K)
[2358.478s][info ][gc,metaspace   ] GC(279) Metaspace: 75847K->75847K(1118208K)
[2358.478s][info ][gc             ] GC(279) Pause Young (Allocation Failure) 2353M->397M(2518M) 3.389ms
[2358.478s][info ][gc,cpu         ] GC(279) User=0.02s Sys=0.00s Real=0.00s
[2358.478s][info ][safepoint      ] Leaving safepoint region
[2358.478s][info ][safepoint      ] Total time for which application threads were stopped: 0.0035253 seconds, Stopping threads took: 0.0000123 seconds
[2361.478s][info ][safepoint      ] Application time: 3.0001915 seconds
[2361.478s][info ][safepoint      ] Entering safepoint region: Cleanup
[2361.478s][info ][safepoint      ] Leaving safepoint region
[2361.478s][info ][safepoint      ] Total time for which application threads were stopped: 0.0000649 seconds, Stopping threads took: 0.0000117 seconds
[2368.969s][info ][safepoint      ] Application time: 7.4905963 seconds
[2368.969s][info ][safepoint      ] Entering safepoint region: ParallelGCFailedAllocation
[2368.969s][info ][gc,start       ] GC(280) Pause Young (Allocation Failure)
[2368.972s][debug][gc,phases      ] GC(280) Scavenge 2.741ms
[2368.972s][debug][gc,ref         ] GC(280) Skipped phase1 of Reference Processing due to unavailable references
[2368.972s][debug][gc,ref         ] GC(280) Skipped phase2 of Reference Processing due to unavailable references
[2368.972s][debug][gc,ref         ] GC(280) Skipped phase3 of Reference Processing due to unavailable references
[2368.972s][debug][gc,ref         ] GC(280) Skipped phase4 of Reference Processing due to unavailable references
[2368.972s][debug][gc,phases      ] GC(280) Reference Processing 0.027ms
[2368.972s][debug][gc,phases      ] GC(280) Weak Processing 0.132ms
[2368.972s][debug][gc,phases      ] GC(280) Scrub String Table 0.433ms
[2368.972s][debug][gc,age         ] GC(280) Desired survivor size 46661632 bytes, new threshold 15 (max threshold 15)
[2368.972s][info ][gc,heap        ] GC(280) PSYoungGen: 2006864K->3056K(2050048K)
[2368.972s][info ][gc,heap        ] GC(280) ParOldGen: 404337K->404337K(527360K)
[2368.972s][info ][gc,metaspace   ] GC(280) Metaspace: 75847K->75847K(1118208K)
[2368.972s][info ][gc             ] GC(280) Pause Young (Allocation Failure) 2354M->397M(2517M) 3.466ms
[2368.972s][info ][gc,cpu         ] GC(280) User=0.01s Sys=0.00s Real=0.01s
[2368.973s][info ][safepoint      ] Leaving safepoint region
[2368.973s][info ][safepoint      ] Total time for which application threads were stopped: 0.0036038 seconds, Stopping threads took: 0.0000118 seconds
[2379.468s][info ][safepoint      ] Application time: 10.4951229 seconds
[2379.468s][info ][safepoint      ] Entering safepoint region: ParallelGCFailedAllocation
[2379.468s][info ][gc,start       ] GC(281) Pause Young (Allocation Failure)
[2379.471s][debug][gc,phases      ] GC(281) Scavenge 2.960ms
[2379.471s][debug][gc,ref         ] GC(281) Skipped phase1 of Reference Processing due to unavailable references
[2379.471s][debug][gc,ref         ] GC(281) Skipped phase2 of Reference Processing due to unavailable references
[2379.471s][debug][gc,ref         ] GC(281) Skipped phase3 of Reference Processing due to unavailable references
[2379.471s][debug][gc,ref         ] GC(281) Skipped phase4 of Reference Processing due to unavailable references
[2379.471s][debug][gc,phases      ] GC(281) Reference Processing 0.028ms
[2379.471s][debug][gc,phases      ] GC(281) Weak Processing 0.142ms
[2379.471s][debug][gc,phases      ] GC(281) Scrub String Table 0.435ms
[2379.471s][debug][gc,age         ] GC(281) Desired survivor size 45088768 bytes, new threshold 15 (max threshold 15)
[2379.471s][info ][gc,heap        ] GC(281) PSYoungGen: 2007024K->3120K(2053120K)
[2379.471s][info ][gc,heap        ] GC(281) ParOldGen: 404337K->404337K(527360K)
[2379.471s][info ][gc,metaspace   ] GC(281) Metaspace: 75847K->75847K(1118208K)
[2379.471s][info ][gc             ] GC(281) Pause Young (Allocation Failure) 2354M->397M(2520M) 3.681ms
[2379.471s][info ][gc,cpu         ] GC(281) User=0.01s Sys=0.00s Real=0.00s
[2379.472s][info ][safepoint      ] Leaving safepoint region
[2379.472s][info ][safepoint      ] Total time for which application threads were stopped: 0.0038445 seconds, Stopping threads took: 0.0000343 seconds
[2390.008s][info ][safepoint      ] Application time: 10.5364720 seconds
[2390.008s][info ][safepoint      ] Entering safepoint region: ParallelGCFailedAllocation
[2390.008s][info ][gc,start       ] GC(282) Pause Young (Allocation Failure)
[2390.011s][debug][gc,phases      ] GC(282) Scavenge 2.867ms
[2390.011s][debug][gc,ref         ] GC(282) Skipped phase1 of Reference Processing due to unavailable references
[2390.011s][debug][gc,ref         ] GC(282) Skipped phase2 of Reference Processing due to unavailable references
[2390.011s][debug][gc,ref         ] GC(282) Skipped phase3 of Reference Processing due to unavailable references
[2390.011s][debug][gc,ref         ] GC(282) Skipped phase4 of Reference Processing due to unavailable references
[2390.011s][debug][gc,phases      ] GC(282) Reference Processing 0.028ms
[2390.011s][debug][gc,phases      ] GC(282) Weak Processing 0.132ms
[2390.012s][debug][gc,phases      ] GC(282) Scrub String Table 0.427ms
[2390.012s][debug][gc,age         ] GC(282) Desired survivor size 44040192 bytes, new threshold 15 (max threshold 15)
[2390.012s][info ][gc,heap        ] GC(282) PSYoungGen: 2010672K->3040K(2051584K)
[2390.012s][info ][gc,heap        ] GC(282) ParOldGen: 404337K->404337K(527360K)
[2390.012s][info ][gc,metaspace   ] GC(282) Metaspace: 75847K->75847K(1118208K)
[2390.012s][info ][gc             ] GC(282) Pause Young (Allocation Failure) 2358M->397M(2518M) 3.568ms
[2390.012s][info ][gc,cpu         ] GC(282) User=0.01s Sys=0.00s Real=0.00s
[2390.012s][info ][safepoint      ] Leaving safepoint region
[2390.012s][info ][safepoint      ] Total time for which application threads were stopped: 0.0037226 seconds, Stopping threads took: 0.0000134 seconds
[2397.012s][info ][safepoint      ] Application time: 7.0005041 seconds
[2397.012s][info ][safepoint      ] Entering safepoint region: Cleanup
[2397.012s][info ][safepoint      ] Leaving safepoint region
[2397.012s][info ][safepoint      ] Total time for which application threads were stopped: 0.0000937 seconds, Stopping threads took: 0.0000336 seconds
[2400.302s][info ][safepoint      ] Application time: 3.2898276 seconds
[2400.302s][info ][safepoint      ] Entering safepoint region: ParallelGCFailedAllocation
[2400.302s][info ][gc,start       ] GC(283) Pause Young (Allocation Failure)
[2400.306s][debug][gc,phases      ] GC(283) Scavenge 3.249ms
[2400.306s][debug][gc,ref         ] GC(283) Skipped phase1 of Reference Processing due to unavailable references
[2400.306s][debug][gc,ref         ] GC(283) Skipped phase2 of Reference Processing due to unavailable references
[2400.306s][debug][gc,ref         ] GC(283) Skipped phase3 of Reference Processing due to unavailable references
[2400.306s][debug][gc,ref         ] GC(283) Skipped phase4 of Reference Processing due to unavailable references
[2400.306s][debug][gc,phases      ] GC(283) Reference Processing 0.042ms
[2400.306s][debug][gc,phases      ] GC(283) Weak Processing 0.185ms
[2400.307s][debug][gc,phases      ] GC(283) Scrub String Table 0.591ms
[2400.307s][debug][gc,age         ] GC(283) Desired survivor size 42467328 bytes, new threshold 15 (max threshold 15)
[2400.307s][info ][gc,heap        ] GC(283) PSYoungGen: 2010592K->3232K(2055680K)
[2400.307s][info ][gc,heap        ] GC(283) ParOldGen: 404337K->404337K(527360K)
[2400.307s][info ][gc,metaspace   ] GC(283) Metaspace: 75849K->75849K(1118208K)
[2400.307s][info ][gc             ] GC(283) Pause Young (Allocation Failure) 2358M->398M(2522M) 4.217ms
[2400.307s][info ][gc,cpu         ] GC(283) User=0.01s Sys=0.01s Real=0.00s
[2400.307s][info ][safepoint      ] Leaving safepoint region
[2400.307s][info ][safepoint      ] Total time for which application threads were stopped: 0.0044101 seconds, Stopping threads took: 0.0000374 seconds
[2409.307s][info ][safepoint      ] Application time: 9.0006968 seconds
[2409.307s][info ][safepoint      ] Entering safepoint region: Cleanup
[2409.308s][info ][safepoint      ] Leaving safepoint region
[2409.308s][info ][safepoint      ] Total time for which application threads were stopped: 0.0001097 seconds, Stopping threads took: 0.0000383 seconds
[2410.652s][info ][safepoint      ] Application time: 1.3444659 seconds
[2410.652s][info ][safepoint      ] Entering safepoint region: ParallelGCFailedAllocation
[2410.652s][info ][gc,start       ] GC(284) Pause Young (Allocation Failure)
[2410.656s][debug][gc,phases      ] GC(284) Scavenge 3.646ms
[2410.656s][debug][gc,ref         ] GC(284) Skipped phase1 of Reference Processing due to unavailable references
[2410.656s][debug][gc,ref         ] GC(284) Skipped phase2 of Reference Processing due to unavailable references
[2410.656s][debug][gc,ref         ] GC(284) Skipped phase3 of Reference Processing due to unavailable references
[2410.656s][debug][gc,phases      ] GC(284) Reference Processing 0.036ms
[2410.656s][debug][gc,phases      ] GC(284) Weak Processing 0.191ms
[2410.657s][debug][gc,phases      ] GC(284) Scrub String Table 0.552ms
[2410.657s][debug][gc,age         ] GC(284) Desired survivor size 40370176 bytes, new threshold 15 (max threshold 15)
[2410.657s][info ][gc,heap        ] GC(284) PSYoungGen: 2015904K->4080K(2054144K)
[2410.657s][info ][gc,heap        ] GC(284) ParOldGen: 404337K->404337K(527360K)
[2410.657s][info ][gc,metaspace   ] GC(284) Metaspace: 75852K->75852K(1118208K)
[2410.657s][info ][gc             ] GC(284) Pause Young (Allocation Failure) 2363M->398M(2521M) 4.578ms
[2410.657s][info ][gc,cpu         ] GC(284) User=0.01s Sys=0.00s Real=0.00s
[2410.657s][info ][safepoint      ] Leaving safepoint region
[2410.657s][info ][safepoint      ] Total time for which application threads were stopped: 0.0048047 seconds, Stopping threads took: 0.0000382 seconds
[2416.657s][info ][safepoint      ] Application time: 6.0004616 seconds
[2416.658s][info ][safepoint      ] Entering safepoint region: Cleanup
[2416.658s][info ][safepoint      ] Leaving safepoint region
[2416.658s][info ][safepoint      ] Total time for which application threads were stopped: 0.0008125 seconds, Stopping threads took: 0.0007176 seconds
[2417.658s][info ][safepoint      ] Application time: 1.0000943 seconds
[2417.658s][info ][safepoint      ] Entering safepoint region: Cleanup
[2417.658s][info ][safepoint      ] Leaving safepoint region
[2417.658s][info ][safepoint      ] Total time for which application threads were stopped: 0.0001142 seconds, Stopping threads took: 0.0000374 seconds
[2420.613s][info ][safepoint      ] Application time: 2.9544643 seconds
[2420.613s][info ][safepoint      ] Entering safepoint region: ParallelGCFailedAllocation
[2420.613s][info ][gc,start       ] GC(285) Pause Young (Allocation Failure)
[2420.617s][debug][gc,phases      ] GC(285) Scavenge 4.284ms
[2420.617s][debug][gc,ref         ] GC(285) Skipped phase1 of Reference Processing due to unavailable references
[2420.617s][debug][gc,ref         ] GC(285) Skipped phase2 of Reference Processing due to unavailable references
[2420.617s][debug][gc,ref         ] GC(285) Skipped phase3 of Reference Processing due to unavailable references
[2420.617s][debug][gc,phases      ] GC(285) Reference Processing 0.028ms
[2420.618s][debug][gc,phases      ] GC(285) Weak Processing 0.148ms
[2420.618s][debug][gc,phases      ] GC(285) Scrub String Table 0.464ms
[2420.618s][debug][gc,age         ] GC(285) Desired survivor size 38797312 bytes, new threshold 15 (max threshold 15)
[2420.618s][info ][gc,heap        ] GC(285) PSYoungGen: 2016752K->4096K(2059264K)
[2420.618s][info ][gc,heap        ] GC(285) ParOldGen: 404337K->404337K(527360K)
[2420.618s][info ][gc,metaspace   ] GC(285) Metaspace: 75857K->75857K(1118208K)
[2420.618s][info ][gc             ] GC(285) Pause Young (Allocation Failure) 2364M->398M(2526M) 5.044ms
[2420.618s][info ][gc,cpu         ] GC(285) User=0.02s Sys=0.00s Real=0.00s
[2420.618s][info ][safepoint      ] Leaving safepoint region
[2420.618s][info ][safepoint      ] Total time for which application threads were stopped: 0.0052203 seconds, Stopping threads took: 0.0000148 seconds
[2424.618s][info ][safepoint      ] Application time: 4.0002922 seconds
[2424.619s][info ][safepoint      ] Entering safepoint region: Cleanup
[2424.619s][info ][safepoint      ] Leaving safepoint region
[2424.619s][info ][safepoint      ] Total time for which application threads were stopped: 0.0001121 seconds, Stopping threads took: 0.0000477 seconds
[2426.619s][info ][safepoint      ] Application time: 2.0001429 seconds
[2426.619s][info ][safepoint      ] Entering safepoint region: Cleanup
[2426.619s][info ][safepoint      ] Leaving safepoint region
[2426.619s][info ][safepoint      ] Total time for which application threads were stopped: 0.0001309 seconds, Stopping threads took: 0.0000474 seconds
[2427.619s][info ][safepoint      ] Application time: 1.0000794 seconds
[2427.619s][info ][safepoint      ] Entering safepoint region: Cleanup
[2427.619s][info ][safepoint      ] Leaving safepoint region
[2427.619s][info ][safepoint      ] Total time for which application threads were stopped: 0.0000822 seconds, Stopping threads took: 0.0000138 seconds
[2431.613s][info ][safepoint      ] Application time: 3.9942173 seconds
[2431.613s][info ][safepoint      ] Entering safepoint region: ParallelGCFailedAllocation
[2431.614s][info ][gc,start       ] GC(286) Pause Young (Allocation Failure)
[2431.617s][debug][gc,phases      ] GC(286) Scavenge 3.201ms
[2431.617s][debug][gc,ref         ] GC(286) Skipped phase1 of Reference Processing due to unavailable references
[2431.617s][debug][gc,ref         ] GC(286) Skipped phase2 of Reference Processing due to unavailable references
[2431.617s][debug][gc,ref         ] GC(286) Skipped phase3 of Reference Processing due to unavailable references
[2431.617s][debug][gc,phases      ] GC(286) Reference Processing 0.027ms
[2431.617s][debug][gc,phases      ] GC(286) Weak Processing 0.134ms
[2431.617s][debug][gc,phases      ] GC(286) Scrub String Table 0.440ms
[2431.617s][debug][gc,age         ] GC(286) Desired survivor size 36700160 bytes, new threshold 15 (max threshold 15)
[2431.617s][info ][gc,heap        ] GC(286) PSYoungGen: 2023936K->4080K(2057728K)
[2431.617s][info ][gc,heap        ] GC(286) ParOldGen: 404337K->404337K(527360K)
[2431.617s][info ][gc,metaspace   ] GC(286) Metaspace: 75860K->75860K(1118208K)
[2431.617s][info ][gc             ] GC(286) Pause Young (Allocation Failure) 2371M->398M(2524M) 3.941ms
[2431.617s][info ][gc,cpu         ] GC(286) User=0.01s Sys=0.00s Real=0.00s
[2431.617s][info ][safepoint      ] Leaving safepoint region
[2431.617s][info ][safepoint      ] Total time for which application threads were stopped: 0.0040799 seconds, Stopping threads took: 0.0000142 seconds
[2442.525s][info ][safepoint      ] Application time: 10.9072492 seconds
[2442.525s][info ][safepoint      ] Entering safepoint region: ParallelGCFailedAllocation
[2442.525s][info ][gc,start       ] GC(287) Pause Young (Allocation Failure)
[2442.528s][debug][gc,phases      ] GC(287) Scavenge 3.516ms
[2442.528s][debug][gc,ref         ] GC(287) Skipped phase1 of Reference Processing due to unavailable references
[2442.528s][debug][gc,ref         ] GC(287) Skipped phase2 of Reference Processing due to unavailable references
[2442.528s][debug][gc,ref         ] GC(287) Skipped phase3 of Reference Processing due to unavailable references
[2442.528s][debug][gc,phases      ] GC(287) Reference Processing 0.027ms
[2442.529s][debug][gc,phases      ] GC(287) Weak Processing 0.129ms
[2442.529s][debug][gc,phases      ] GC(287) Scrub String Table 0.451ms
[2442.529s][debug][gc,age         ] GC(287) Desired survivor size 35127296 bytes, new threshold 15 (max threshold 15)
[2442.529s][info ][gc,heap        ] GC(287) PSYoungGen: 2023920K->4208K(2062848K)
[2442.529s][info ][gc,heap        ] GC(287) ParOldGen: 404337K->404337K(527360K)
[2442.529s][info ][gc,metaspace   ] GC(287) Metaspace: 75871K->75871K(1118208K)
[2442.529s][info ][gc             ] GC(287) Pause Young (Allocation Failure) 2371M->398M(2529M) 4.238ms
[2442.529s][info ][gc,cpu         ] GC(287) User=0.01s Sys=0.01s Real=0.00s
[2442.529s][info ][safepoint      ] Leaving safepoint region
[2442.529s][info ][safepoint      ] Total time for which application threads were stopped: 0.0043864 seconds, Stopping threads took: 0.0000131 seconds
[2452.530s][info ][safepoint      ] Application time: 10.0006978 seconds
[2452.530s][info ][safepoint      ] Entering safepoint region: Cleanup
[2452.530s][info ][safepoint      ] Leaving safepoint region
[2452.530s][info ][safepoint      ] Total time for which application threads were stopped: 0.0001058 seconds, Stopping threads took: 0.0000200 seconds
[2453.313s][info ][safepoint      ] Application time: 0.7826460 seconds
[2453.313s][info ][safepoint      ] Entering safepoint region: ParallelGCFailedAllocation
[2453.313s][info ][gc,start       ] GC(288) Pause Young (Allocation Failure)
[2453.316s][debug][gc,phases      ] GC(288) Scavenge 3.294ms
[2453.316s][debug][gc,ref         ] GC(288) Skipped phase1 of Reference Processing due to unavailable references
[2453.316s][debug][gc,ref         ] GC(288) Skipped phase2 of Reference Processing due to unavailable references
[2453.316s][debug][gc,ref         ] GC(288) Skipped phase3 of Reference Processing due to unavailable references
[2453.316s][debug][gc,phases      ] GC(288) Reference Processing 0.028ms
[2453.316s][debug][gc,phases      ] GC(288) Weak Processing 0.140ms
[2453.317s][debug][gc,phases      ] GC(288) Scrub String Table 0.440ms
[2453.317s][debug][gc,age         ] GC(288) Desired survivor size 33554432 bytes, new threshold 15 (max threshold 15)
[2453.317s][info ][gc,heap        ] GC(288) PSYoungGen: 2031216K->4192K(2061312K)
[2453.317s][info ][gc,heap        ] GC(288) ParOldGen: 404337K->404337K(527360K)
[2453.317s][info ][gc,metaspace   ] GC(288) Metaspace: 75883K->75883K(1118208K)
[2453.317s][info ][gc             ] GC(288) Pause Young (Allocation Failure) 2378M->398M(2528M) 4.029ms
[2453.317s][info ][gc,cpu         ] GC(288) User=0.01s Sys=0.01s Real=0.00s
[2453.317s][info ][safepoint      ] Leaving safepoint region
[2453.317s][info ][safepoint      ] Total time for which application threads were stopped: 0.0042138 seconds, Stopping threads took: 0.0000134 seconds
[2455.317s][info ][safepoint      ] Application time: 2.0001432 seconds
[2455.317s][info ][safepoint      ] Entering safepoint region: Cleanup
[2455.317s][info ][safepoint      ] Leaving safepoint region
[2455.317s][info ][safepoint      ] Total time for which application threads were stopped: 0.0001179 seconds, Stopping threads took: 0.0000462 seconds
[2456.317s][info ][safepoint      ] Application time: 1.0000814 seconds
[2456.317s][info ][safepoint      ] Entering safepoint region: Cleanup
[2456.317s][info ][safepoint      ] Leaving safepoint region
[2456.317s][info ][safepoint      ] Total time for which application threads were stopped: 0.0001029 seconds, Stopping threads took: 0.0000342 seconds
[2457.318s][info ][safepoint      ] Application time: 1.0000733 seconds
[2457.318s][info ][safepoint      ] Entering safepoint region: Cleanup
[2457.318s][info ][safepoint      ] Leaving safepoint region
[2457.318s][info ][safepoint      ] Total time for which application threads were stopped: 0.0001119 seconds, Stopping threads took: 0.0000475 seconds
[2463.863s][info ][safepoint      ] Application time: 6.5452163 seconds
[2463.863s][info ][safepoint      ] Entering safepoint region: ParallelGCFailedAllocation
[2463.863s][info ][gc,start       ] GC(289) Pause Young (Allocation Failure)
[2463.867s][debug][gc,phases      ] GC(289) Scavenge 3.534ms
[2463.867s][debug][gc,ref         ] GC(289) Skipped phase1 of Reference Processing due to unavailable references
[2463.867s][debug][gc,ref         ] GC(289) Skipped phase3 of Reference Processing due to unavailable references
[2463.867s][debug][gc,phases      ] GC(289) Reference Processing 0.027ms
[2463.867s][debug][gc,phases      ] GC(289) Weak Processing 0.127ms
[2463.867s][debug][gc,phases      ] GC(289) Scrub String Table 0.443ms
[2463.867s][debug][gc,age         ] GC(289) Desired survivor size 31457280 bytes, new threshold 15 (max threshold 15)
[2463.867s][info ][gc,heap        ] GC(289) PSYoungGen: 2031200K->4560K(2066432K)
[2463.867s][info ][gc,heap        ] GC(289) ParOldGen: 404337K->404345K(527360K)
[2463.867s][info ][gc,metaspace   ] GC(289) Metaspace: 75905K->75905K(1118208K)
[2463.867s][info ][gc             ] GC(289) Pause Young (Allocation Failure) 2378M->399M(2533M) 4.249ms
[2463.867s][info ][gc,cpu         ] GC(289) User=0.02s Sys=0.00s Real=0.00s
[2463.867s][info ][safepoint      ] Leaving safepoint region
[2463.867s][info ][safepoint      ] Total time for which application threads were stopped: 0.0044097 seconds, Stopping threads took: 0.0000235 seconds
[2474.322s][info ][safepoint      ] Application time: 10.4548577 seconds
[2474.322s][info ][safepoint      ] Entering safepoint region: ParallelGCFailedAllocation
[2474.322s][info ][gc,start       ] GC(290) Pause Young (Allocation Failure)
[2474.326s][debug][gc,phases      ] GC(290) Scavenge 3.962ms
[2474.326s][debug][gc,ref         ] GC(290) Skipped phase1 of Reference Processing due to unavailable references
[2474.326s][debug][gc,ref         ] GC(290) Skipped phase3 of Reference Processing due to unavailable references
[2474.326s][debug][gc,phases      ] GC(290) Reference Processing 0.028ms
[2474.327s][debug][gc,phases      ] GC(290) Weak Processing 0.147ms
[2474.327s][debug][gc,phases      ] GC(290) Scrub String Table 0.418ms
[2474.327s][debug][gc,age         ] GC(290) Desired survivor size 29884416 bytes, new threshold 15 (max threshold 15)
[2474.327s][info ][gc,heap        ] GC(290) PSYoungGen: 2038224K->4704K(2064384K)
[2474.327s][info ][gc,heap        ] GC(290) ParOldGen: 404345K->404425K(527360K)
[2474.327s][info ][gc,metaspace   ] GC(290) Metaspace: 75907K->75907K(1118208K)
[2474.327s][info ][gc             ] GC(290) Pause Young (Allocation Failure) 2385M->399M(2531M) 4.687ms
[2474.327s][info ][gc,cpu         ] GC(290) User=0.02s Sys=0.00s Real=0.00s
[2474.327s][info ][safepoint      ] Leaving safepoint region
[2474.327s][info ][safepoint      ] Total time for which application threads were stopped: 0.0048721 seconds, Stopping threads took: 0.0000137 seconds
[2476.719s][info ][safepoint      ] Application time: 2.3917197 seconds
[2476.719s][info ][safepoint      ] Entering safepoint region: RevokeBias
[2476.719s][info ][safepoint      ] Leaving safepoint region
[2476.719s][info ][safepoint      ] Total time for which application threads were stopped: 0.0001028 seconds, Stopping threads took: 0.0000315 seconds
[2477.719s][info ][safepoint      ] Application time: 1.0000746 seconds
[2477.719s][info ][safepoint      ] Entering safepoint region: Cleanup
[2477.719s][info ][safepoint      ] Leaving safepoint region
[2477.719s][info ][safepoint      ] Total time for which application threads were stopped: 0.0001159 seconds, Stopping threads took: 0.0000489 seconds
[2479.719s][info ][safepoint      ] Application time: 2.0001441 seconds
[2479.719s][info ][safepoint      ] Entering safepoint region: Cleanup
[2479.720s][info ][safepoint      ] Leaving safepoint region
[2479.720s][info ][safepoint      ] Total time for which application threads were stopped: 0.0000989 seconds, Stopping threads took: 0.0000365 seconds
[2480.720s][info ][safepoint      ] Application time: 1.0000795 seconds
[2480.720s][info ][safepoint      ] Entering safepoint region: Cleanup
[2480.720s][info ][safepoint      ] Leaving safepoint region
[2480.720s][info ][safepoint      ] Total time for which application threads were stopped: 0.0000972 seconds, Stopping threads took: 0.0000387 seconds
[2484.764s][info ][safepoint      ] Application time: 4.0444171 seconds
[2484.764s][info ][safepoint      ] Entering safepoint region: ParallelGCFailedAllocation
[2484.764s][info ][gc,start       ] GC(291) Pause Young (Allocation Failure)
[2484.768s][debug][gc,phases      ] GC(291) Scavenge 3.765ms
[2484.768s][debug][gc,ref         ] GC(291) Skipped phase1 of Reference Processing due to unavailable references
[2484.768s][debug][gc,ref         ] GC(291) Skipped phase3 of Reference Processing due to unavailable references
[2484.768s][debug][gc,phases      ] GC(291) Reference Processing 0.035ms
[2484.768s][debug][gc,phases      ] GC(291) Weak Processing 0.132ms
[2484.769s][debug][gc,phases      ] GC(291) Scrub String Table 0.446ms
[2484.769s][debug][gc,age         ] GC(291) Desired survivor size 28311552 bytes, new threshold 15 (max threshold 15)
[2484.769s][info ][gc,heap        ] GC(291) PSYoungGen: 2038368K->4544K(2069504K)
[2484.769s][info ][gc,heap        ] GC(291) ParOldGen: 404425K->404577K(527360K)
[2484.769s][info ][gc,metaspace   ] GC(291) Metaspace: 75908K->75908K(1118208K)
[2484.769s][info ][gc             ] GC(291) Pause Young (Allocation Failure) 2385M->399M(2536M) 4.521ms
[2484.769s][info ][gc,cpu         ] GC(291) User=0.01s Sys=0.00s Real=0.00s
[2484.769s][info ][safepoint      ] Leaving safepoint region
[2484.769s][info ][safepoint      ] Total time for which application threads were stopped: 0.0046640 seconds, Stopping threads took: 0.0000110 seconds
[2490.769s][info ][safepoint      ] Application time: 6.0003670 seconds
[2490.769s][info ][safepoint      ] Entering safepoint region: Cleanup
[2490.769s][info ][safepoint      ] Leaving safepoint region
[2490.769s][info ][safepoint      ] Total time for which application threads were stopped: 0.0001001 seconds, Stopping threads took: 0.0000398 seconds
[2493.770s][info ][safepoint      ] Application time: 3.0002081 seconds
[2493.770s][info ][safepoint      ] Entering safepoint region: Cleanup
[2493.770s][info ][safepoint      ] Leaving safepoint region
[2493.770s][info ][safepoint      ] Total time for which application threads were stopped: 0.0001114 seconds, Stopping threads took: 0.0000568 seconds
[2494.856s][info ][safepoint      ] Application time: 1.0858262 seconds
[2494.856s][info ][safepoint      ] Entering safepoint region: ParallelGCFailedAllocation
[2494.856s][info ][gc,start       ] GC(292) Pause Young (Allocation Failure)
[2494.860s][debug][gc,phases      ] GC(292) Scavenge 4.062ms
[2494.860s][debug][gc,ref         ] GC(292) Skipped phase1 of Reference Processing due to unavailable references
[2494.860s][debug][gc,ref         ] GC(292) Skipped phase3 of Reference Processing due to unavailable references
[2494.860s][debug][gc,phases      ] GC(292) Reference Processing 0.026ms
[2494.860s][debug][gc,phases      ] GC(292) Weak Processing 0.137ms
[2494.861s][debug][gc,phases      ] GC(292) Scrub String Table 0.452ms
[2494.861s][debug][gc,age         ] GC(292) Desired survivor size 26738688 bytes, new threshold 15 (max threshold 15)
[2494.861s][info ][gc,heap        ] GC(292) PSYoungGen: 2044864K->4880K(2067968K)
[2494.861s][info ][gc,heap        ] GC(292) ParOldGen: 404577K->404625K(527360K)
[2494.861s][info ][gc,metaspace   ] GC(292) Metaspace: 75908K->75908K(1118208K)
[2494.861s][info ][gc             ] GC(292) Pause Young (Allocation Failure) 2392M->399M(2534M) 4.829ms
[2494.861s][info ][gc,cpu         ] GC(292) User=0.02s Sys=0.00s Real=0.01s
[2494.861s][info ][safepoint      ] Leaving safepoint region
[2494.861s][info ][safepoint      ] Total time for which application threads were stopped: 0.0049868 seconds, Stopping threads took: 0.0000123 seconds
[2495.861s][info ][safepoint      ] Application time: 1.0000770 seconds
[2495.861s][info ][safepoint      ] Entering safepoint region: Cleanup
[2495.861s][info ][safepoint      ] Leaving safepoint region
[2495.861s][info ][safepoint      ] Total time for which application threads were stopped: 0.0001121 seconds, Stopping threads took: 0.0000411 seconds
[2496.861s][info ][safepoint      ] Application time: 1.0000724 seconds
[2496.861s][info ][safepoint      ] Entering safepoint region: Cleanup
[2496.861s][info ][safepoint      ] Leaving safepoint region
[2496.861s][info ][safepoint      ] Total time for which application threads were stopped: 0.0001278 seconds, Stopping threads took: 0.0000595 seconds
[2497.861s][info ][safepoint      ] Application time: 1.0000715 seconds
[2497.861s][info ][safepoint      ] Entering safepoint region: Cleanup
[2497.861s][info ][safepoint      ] Leaving safepoint region
[2497.861s][info ][safepoint      ] Total time for which application threads were stopped: 0.0001172 seconds, Stopping threads took: 0.0000523 seconds
[2498.861s][info ][safepoint      ] Application time: 1.0000705 seconds
[2498.861s][info ][safepoint      ] Entering safepoint region: Cleanup
[2498.862s][info ][safepoint      ] Leaving safepoint region
[2498.862s][info ][safepoint      ] Total time for which application threads were stopped: 0.0001094 seconds, Stopping threads took: 0.0000501 seconds
[2504.776s][info ][safepoint      ] Application time: 5.9144501 seconds
[2504.776s][info ][safepoint      ] Entering safepoint region: ParallelGCFailedAllocation
[2504.776s][info ][gc,start       ] GC(293) Pause Young (Allocation Failure)
[2504.780s][debug][gc,phases      ] GC(293) Scavenge 4.120ms
[2504.780s][debug][gc,ref         ] GC(293) Skipped phase1 of Reference Processing due to unavailable references
[2504.780s][debug][gc,ref         ] GC(293) Skipped phase3 of Reference Processing due to unavailable references
[2504.780s][debug][gc,phases      ] GC(293) Reference Processing 0.039ms
[2504.781s][debug][gc,phases      ] GC(293) Weak Processing 0.168ms
[2504.781s][debug][gc,phases      ] GC(293) Scrub String Table 0.535ms
[2504.781s][debug][gc,age         ] GC(293) Desired survivor size 25165824 bytes, new threshold 15 (max threshold 15)
[2504.781s][info ][gc,heap        ] GC(293) PSYoungGen: 2045200K->4784K(2072576K)
[2504.781s][info ][gc,heap        ] GC(293) ParOldGen: 404625K->404673K(527360K)
[2504.781s][info ][gc,metaspace   ] GC(293) Metaspace: 75941K->75941K(1118208K)
[2504.781s][info ][gc             ] GC(293) Pause Young (Allocation Failure) 2392M->399M(2539M) 5.001ms
[2504.781s][info ][gc,cpu         ] GC(293) User=0.02s Sys=0.00s Real=0.01s
[2504.781s][info ][safepoint      ] Leaving safepoint region
[2504.781s][info ][safepoint      ] Total time for which application threads were stopped: 0.0051645 seconds, Stopping threads took: 0.0000151 seconds
[2505.781s][info ][safepoint      ] Application time: 1.0000853 seconds
[2505.781s][info ][safepoint      ] Entering safepoint region: Cleanup
[2505.781s][info ][safepoint      ] Leaving safepoint region
[2505.781s][info ][safepoint      ] Total time for which application threads were stopped: 0.0000868 seconds, Stopping threads took: 0.0000185 seconds
[2507.782s][info ][safepoint      ] Application time: 2.0001440 seconds
[2507.782s][info ][safepoint      ] Entering safepoint region: Cleanup
[2507.782s][info ][safepoint      ] Leaving safepoint region
[2507.782s][info ][safepoint      ] Total time for which application threads were stopped: 0.0000705 seconds, Stopping threads took: 0.0000146 seconds
[2509.782s][info ][safepoint      ] Application time: 2.0001268 seconds
[2509.782s][info ][safepoint      ] Entering safepoint region: Cleanup
[2509.782s][info ][safepoint      ] Leaving safepoint region
[2509.782s][info ][safepoint      ] Total time for which application threads were stopped: 0.0000866 seconds, Stopping threads took: 0.0000177 seconds
[2511.782s][info ][safepoint      ] Application time: 2.0001555 seconds
[2511.782s][info ][safepoint      ] Entering safepoint region: Cleanup
[2511.782s][info ][safepoint      ] Leaving safepoint region
[2511.782s][info ][safepoint      ] Total time for which application threads were stopped: 0.0000762 seconds, Stopping threads took: 0.0000131 seconds
[2513.782s][info ][safepoint      ] Application time: 2.0001443 seconds
[2513.782s][info ][safepoint      ] Entering safepoint region: Cleanup
[2513.782s][info ][safepoint      ] Leaving safepoint region
[2513.783s][info ][safepoint      ] Total time for which application threads were stopped: 0.0000715 seconds, Stopping threads took: 0.0000164 seconds
[2515.067s][info ][safepoint      ] Application time: 1.2848308 seconds
[2515.067s][info ][safepoint      ] Entering safepoint region: ParallelGCFailedAllocation
[2515.067s][info ][gc,start       ] GC(294) Pause Young (Allocation Failure)
[2515.071s][debug][gc,phases      ] GC(294) Scavenge 3.691ms
[2515.071s][debug][gc,ref         ] GC(294) Skipped phase1 of Reference Processing due to unavailable references
[2515.071s][debug][gc,ref         ] GC(294) Skipped phase3 of Reference Processing due to unavailable references
[2515.071s][debug][gc,phases      ] GC(294) Reference Processing 0.029ms
[2515.071s][debug][gc,phases      ] GC(294) Weak Processing 0.134ms
[2515.072s][debug][gc,phases      ] GC(294) Scrub String Table 0.450ms
[2515.072s][debug][gc,age         ] GC(294) Desired survivor size 23592960 bytes, new threshold 15 (max threshold 15)
[2515.072s][info ][gc,heap        ] GC(294) PSYoungGen: 2051248K->4816K(2071040K)
[2515.072s][info ][gc,heap        ] GC(294) ParOldGen: 404673K->404713K(527360K)
[2515.072s][info ][gc,metaspace   ] GC(294) Metaspace: 75949K->75949K(1118208K)
[2515.072s][info ][gc             ] GC(294) Pause Young (Allocation Failure) 2398M->399M(2537M) 4.454ms
[2515.072s][info ][gc,cpu         ] GC(294) User=0.01s Sys=0.00s Real=0.00s
[2515.072s][info ][safepoint      ] Leaving safepoint region
[2515.072s][info ][safepoint      ] Total time for which application threads were stopped: 0.0046030 seconds, Stopping threads took: 0.0000122 seconds
[2517.072s][info ][safepoint      ] Application time: 2.0001618 seconds
[2517.072s][info ][safepoint      ] Entering safepoint region: Cleanup
[2517.072s][info ][safepoint      ] Leaving safepoint region
[2517.072s][info ][safepoint      ] Total time for which application threads were stopped: 0.0000922 seconds, Stopping threads took: 0.0000337 seconds
[2520.808s][info ][safepoint      ] Application time: 3.7352165 seconds
[2520.808s][info ][safepoint      ] Entering safepoint region: RevokeBias
[2520.808s][info ][safepoint      ] Leaving safepoint region
[2520.808s][info ][safepoint      ] Total time for which application threads were stopped: 0.0001829 seconds, Stopping threads took: 0.0000326 seconds
[2525.203s][info ][safepoint      ] Application time: 4.3947691 seconds
[2525.203s][info ][safepoint      ] Entering safepoint region: ParallelGCFailedAllocation
[2525.203s][info ][gc,start       ] GC(295) Pause Young (Allocation Failure)
[2525.207s][debug][gc,phases      ] GC(295) Scavenge 4.052ms
[2525.207s][debug][gc,ref         ] GC(295) Skipped phase1 of Reference Processing due to unavailable references
[2525.207s][debug][gc,ref         ] GC(295) Skipped phase3 of Reference Processing due to unavailable references
[2525.207s][debug][gc,ref         ] GC(295) Skipped phase4 of Reference Processing due to unavailable references
[2525.207s][debug][gc,phases      ] GC(295) Reference Processing 0.039ms
[2525.207s][debug][gc,phases      ] GC(295) Weak Processing 0.169ms
[2525.208s][debug][gc,phases      ] GC(295) Scrub String Table 0.559ms
[2525.208s][debug][gc,age         ] GC(295) Desired survivor size 22544384 bytes, new threshold 15 (max threshold 15)
[2525.208s][info ][gc,heap        ] GC(295) PSYoungGen: 2051280K->4672K(2075136K)
[2525.208s][info ][gc,heap        ] GC(295) ParOldGen: 404713K->404761K(527360K)
[2525.208s][info ][gc,metaspace   ] GC(295) Metaspace: 75950K->75950K(1118208K)
[2525.208s][info ][gc             ] GC(295) Pause Young (Allocation Failure) 2398M->399M(2541M) 4.964ms
[2525.208s][info ][gc,cpu         ] GC(295) User=0.02s Sys=0.00s Real=0.00s
[2525.208s][info ][safepoint      ] Leaving safepoint region
[2525.208s][info ][safepoint      ] Total time for which application threads were stopped: 0.0052203 seconds, Stopping threads took: 0.0001005 seconds
[2528.208s][info ][safepoint      ] Application time: 3.0002473 seconds
[2528.208s][info ][safepoint      ] Entering safepoint region: Cleanup
[2528.208s][info ][safepoint      ] Leaving safepoint region
[2528.208s][info ][safepoint      ] Total time for which application threads were stopped: 0.0001259 seconds, Stopping threads took: 0.0000483 seconds
[2535.621s][info ][safepoint      ] Application time: 7.4129341 seconds
[2535.621s][info ][safepoint      ] Entering safepoint region: ParallelGCFailedAllocation
[2535.621s][info ][gc,start       ] GC(296) Pause Young (Allocation Failure)
[2535.625s][debug][gc,phases      ] GC(296) Scavenge 3.634ms
[2535.625s][debug][gc,ref         ] GC(296) Skipped phase1 of Reference Processing due to unavailable references
[2535.625s][debug][gc,ref         ] GC(296) Skipped phase3 of Reference Processing due to unavailable references
[2535.625s][debug][gc,ref         ] GC(296) Skipped phase4 of Reference Processing due to unavailable references
[2535.625s][debug][gc,phases      ] GC(296) Reference Processing 0.030ms
[2535.625s][debug][gc,phases      ] GC(296) Weak Processing 0.146ms
[2535.626s][debug][gc,phases      ] GC(296) Scrub String Table 0.452ms
[2535.626s][debug][gc,age         ] GC(296) Desired survivor size 20971520 bytes, new threshold 15 (max threshold 15)
[2535.626s][info ][gc,heap        ] GC(296) PSYoungGen: 2056768K->4384K(2074112K)
[2535.626s][info ][gc,heap        ] GC(296) ParOldGen: 404761K->404801K(527360K)
[2535.626s][info ][gc,metaspace   ] GC(296) Metaspace: 75954K->75954K(1118208K)
[2535.626s][info ][gc             ] GC(296) Pause Young (Allocation Failure) 2403M->399M(2540M) 4.388ms
[2535.626s][info ][gc,cpu         ] GC(296) User=0.02s Sys=0.00s Real=0.00s
[2535.626s][info ][safepoint      ] Leaving safepoint region
[2535.626s][info ][safepoint      ] Total time for which application threads were stopped: 0.0045378 seconds, Stopping threads took: 0.0000126 seconds
[2537.626s][info ][safepoint      ] Application time: 2.0001495 seconds
[2537.626s][info ][safepoint      ] Entering safepoint region: Cleanup
[2537.626s][info ][safepoint      ] Leaving safepoint region
[2537.626s][info ][safepoint      ] Total time for which application threads were stopped: 0.0000615 seconds, Stopping threads took: 0.0000116 seconds
[2538.626s][info ][safepoint      ] Application time: 1.0000739 seconds
[2538.626s][info ][safepoint      ] Entering safepoint region: Cleanup
[2538.626s][info ][safepoint      ] Leaving safepoint region
[2538.626s][info ][safepoint      ] Total time for which application threads were stopped: 0.0000903 seconds, Stopping threads took: 0.0000284 seconds
[2539.626s][info ][safepoint      ] Application time: 1.0000835 seconds
[2539.626s][info ][safepoint      ] Entering safepoint region: Cleanup
[2539.626s][info ][safepoint      ] Leaving safepoint region
[2539.626s][info ][safepoint      ] Total time for which application threads were stopped: 0.0000996 seconds, Stopping threads took: 0.0000124 seconds
[2541.627s][info ][safepoint      ] Application time: 2.0001430 seconds
[2541.627s][info ][safepoint      ] Entering safepoint region: Cleanup
[2541.627s][info ][safepoint      ] Leaving safepoint region
[2541.627s][info ][safepoint      ] Total time for which application threads were stopped: 0.0000615 seconds, Stopping threads took: 0.0000124 seconds
[2544.627s][info ][safepoint      ] Application time: 3.0002034 seconds
[2544.627s][info ][safepoint      ] Entering safepoint region: Cleanup
[2544.627s][info ][safepoint      ] Leaving safepoint region
[2544.627s][info ][safepoint      ] Total time for which application threads were stopped: 0.0000853 seconds, Stopping threads took: 0.0000345 seconds
[2546.363s][info ][safepoint      ] Application time: 1.7360815 seconds
[2546.363s][info ][safepoint      ] Entering safepoint region: ParallelGCFailedAllocation
[2546.363s][info ][gc,start       ] GC(297) Pause Young (Allocation Failure)
[2546.367s][debug][gc,phases      ] GC(297) Scavenge 3.610ms
[2546.367s][debug][gc,ref         ] GC(297) Skipped phase1 of Reference Processing due to unavailable references
[2546.367s][debug][gc,ref         ] GC(297) Skipped phase3 of Reference Processing due to unavailable references
[2546.367s][debug][gc,ref         ] GC(297) Skipped phase4 of Reference Processing due to unavailable references
[2546.367s][debug][gc,phases      ] GC(297) Reference Processing 0.037ms
[2546.367s][debug][gc,phases      ] GC(297) Weak Processing 0.139ms
[2546.368s][debug][gc,phases      ] GC(297) Scrub String Table 0.431ms
[2546.368s][debug][gc,age         ] GC(297) Desired survivor size 19922944 bytes, new threshold 15 (max threshold 15)
[2546.368s][info ][gc,heap        ] GC(297) PSYoungGen: 2056480K->4320K(2077696K)
[2546.368s][info ][gc,heap        ] GC(297) ParOldGen: 404801K->404833K(527360K)
[2546.368s][info ][gc,metaspace   ] GC(297) Metaspace: 75956K->75956K(1118208K)
[2546.368s][info ][gc             ] GC(297) Pause Young (Allocation Failure) 2403M->399M(2544M) 4.350ms
[2546.368s][info ][gc,cpu         ] GC(297) User=0.01s Sys=0.00s Real=0.00s
[2546.368s][info ][safepoint      ] Leaving safepoint region
[2546.368s][info ][safepoint      ] Total time for which application threads were stopped: 0.0044874 seconds, Stopping threads took: 0.0000108 seconds
[2547.368s][info ][safepoint      ] Application time: 1.0000950 seconds
[2547.368s][info ][safepoint      ] Entering safepoint region: Cleanup
[2547.368s][info ][safepoint      ] Leaving safepoint region
[2547.368s][info ][safepoint      ] Total time for which application threads were stopped: 0.0000948 seconds, Stopping threads took: 0.0000335 seconds
[2556.368s][info ][safepoint      ] Application time: 9.0006091 seconds
[2556.369s][info ][safepoint      ] Entering safepoint region: Cleanup
[2556.369s][info ][safepoint      ] Leaving safepoint region
[2556.369s][info ][safepoint      ] Total time for which application threads were stopped: 0.0001038 seconds, Stopping threads took: 0.0000472 seconds
[2557.309s][info ][safepoint      ] Application time: 0.9405778 seconds
[2557.309s][info ][safepoint      ] Entering safepoint region: ParallelGCFailedAllocation
[2557.309s][info ][gc,start       ] GC(298) Pause Young (Allocation Failure)
[2557.313s][debug][gc,phases      ] GC(298) Scavenge 3.518ms
[2557.313s][debug][gc,ref         ] GC(298) Skipped phase1 of Reference Processing due to unavailable references
[2557.313s][debug][gc,ref         ] GC(298) Skipped phase3 of Reference Processing due to unavailable references
[2557.313s][debug][gc,ref         ] GC(298) Skipped phase4 of Reference Processing due to unavailable references
[2557.313s][debug][gc,phases      ] GC(298) Reference Processing 0.059ms
[2557.313s][debug][gc,phases      ] GC(298) Weak Processing 0.139ms
[2557.314s][debug][gc,phases      ] GC(298) Scrub String Table 0.436ms
[2557.314s][debug][gc,age         ] GC(298) Desired survivor size 18874368 bytes, new threshold 15 (max threshold 15)
[2557.314s][info ][gc,heap        ] GC(298) PSYoungGen: 2061536K->4320K(2076672K)
[2557.314s][info ][gc,heap        ] GC(298) ParOldGen: 404833K->404889K(527360K)
[2557.314s][info ][gc,metaspace   ] GC(298) Metaspace: 75956K->75956K(1118208K)
[2557.314s][info ][gc             ] GC(298) Pause Young (Allocation Failure) 2408M->399M(2543M) 4.269ms
[2557.314s][info ][gc,cpu         ] GC(298) User=0.02s Sys=0.00s Real=0.01s
[2557.314s][info ][safepoint      ] Leaving safepoint region
[2557.314s][info ][safepoint      ] Total time for which application threads were stopped: 0.0044265 seconds, Stopping threads took: 0.0000107 seconds
[2560.314s][info ][safepoint      ] Application time: 3.0001812 seconds
[2560.314s][info ][safepoint      ] Entering safepoint region: Cleanup
[2560.314s][info ][safepoint      ] Leaving safepoint region
[2560.314s][info ][safepoint      ] Total time for which application threads were stopped: 0.0001139 seconds, Stopping threads took: 0.0000461 seconds
[2562.314s][info ][safepoint      ] Application time: 2.0001478 seconds
[2562.314s][info ][safepoint      ] Entering safepoint region: Cleanup
[2562.314s][info ][safepoint      ] Leaving safepoint region
[2562.314s][info ][safepoint      ] Total time for which application threads were stopped: 0.0001368 seconds, Stopping threads took: 0.0000481 seconds
[2563.314s][info ][safepoint      ] Application time: 1.0000773 seconds
[2563.314s][info ][safepoint      ] Entering safepoint region: Cleanup
[2563.315s][info ][safepoint      ] Leaving safepoint region
[2563.315s][info ][safepoint      ] Total time for which application threads were stopped: 0.0001008 seconds, Stopping threads took: 0.0000401 seconds
[2564.315s][info ][safepoint      ] Application time: 1.0000710 seconds
[2564.315s][info ][safepoint      ] Entering safepoint region: Cleanup
[2564.315s][info ][safepoint      ] Leaving safepoint region
[2564.315s][info ][safepoint      ] Total time for which application threads were stopped: 0.0001021 seconds, Stopping threads took: 0.0000396 seconds
[2565.315s][info ][safepoint      ] Application time: 1.0000763 seconds
[2565.315s][info ][safepoint      ] Entering safepoint region: Cleanup
[2565.315s][info ][safepoint      ] Leaving safepoint region
[2565.315s][info ][safepoint      ] Total time for which application threads were stopped: 0.0000984 seconds, Stopping threads took: 0.0000347 seconds
[2566.315s][info ][safepoint      ] Application time: 1.0000703 seconds
[2566.315s][info ][safepoint      ] Entering safepoint region: Cleanup
[2566.315s][info ][safepoint      ] Leaving safepoint region
[2566.315s][info ][safepoint      ] Total time for which application threads were stopped: 0.0001183 seconds, Stopping threads took: 0.0000615 seconds
[2567.315s][info ][safepoint      ] Application time: 1.0000741 seconds
[2567.315s][info ][safepoint      ] Entering safepoint region: Cleanup
[2567.315s][info ][safepoint      ] Leaving safepoint region
[2567.315s][info ][safepoint      ] Total time for which application threads were stopped: 0.0001066 seconds, Stopping threads took: 0.0000419 seconds
[2568.176s][info ][safepoint      ] Application time: 0.8608690 seconds
[2568.176s][info ][safepoint      ] Entering safepoint region: ParallelGCFailedAllocation
[2568.176s][info ][gc,start       ] GC(299) Pause Young (Allocation Failure)
[2568.181s][debug][gc,phases      ] GC(299) Scavenge 4.064ms
[2568.181s][debug][gc,ref         ] GC(299) Skipped phase1 of Reference Processing due to unavailable references
[2568.181s][debug][gc,ref         ] GC(299) Skipped phase3 of Reference Processing due to unavailable references
[2568.181s][debug][gc,phases      ] GC(299) Reference Processing 0.032ms
[2568.181s][debug][gc,phases      ] GC(299) Weak Processing 0.147ms
[2568.181s][debug][gc,phases      ] GC(299) Scrub String Table 0.493ms
[2568.181s][debug][gc,age         ] GC(299) Desired survivor size 17825792 bytes, new threshold 15 (max threshold 15)
[2568.181s][info ][gc,heap        ] GC(299) PSYoungGen: 2061536K->4320K(2079744K)
[2568.181s][info ][gc,heap        ] GC(299) ParOldGen: 404889K->404953K(527360K)
[2568.181s][info ][gc,metaspace   ] GC(299) Metaspace: 75977K->75977K(1118208K)
[2568.181s][info ][gc             ] GC(299) Pause Young (Allocation Failure) 2408M->399M(2546M) 4.901ms
[2568.181s][info ][gc,cpu         ] GC(299) User=0.02s Sys=0.00s Real=0.01s
[2568.181s][info ][safepoint      ] Leaving safepoint region
[2568.181s][info ][safepoint      ] Total time for which application threads were stopped: 0.0050528 seconds, Stopping threads took: 0.0000117 seconds
[2569.181s][info ][safepoint      ] Application time: 1.0000823 seconds
[2569.182s][info ][safepoint      ] Entering safepoint region: Cleanup
[2569.182s][info ][safepoint      ] Leaving safepoint region
[2569.182s][info ][safepoint      ] Total time for which application threads were stopped: 0.0000661 seconds, Stopping threads took: 0.0000140 seconds
[2570.182s][info ][safepoint      ] Application time: 1.0000787 seconds
[2570.182s][info ][safepoint      ] Entering safepoint region: Cleanup
[2570.182s][info ][safepoint      ] Leaving safepoint region
[2570.182s][info ][safepoint      ] Total time for which application threads were stopped: 0.0000612 seconds, Stopping threads took: 0.0000150 seconds
[2571.182s][info ][safepoint      ] Application time: 1.0000785 seconds
[2571.182s][info ][safepoint      ] Entering safepoint region: Cleanup
[2571.182s][info ][safepoint      ] Leaving safepoint region
[2571.182s][info ][safepoint      ] Total time for which application threads were stopped: 0.0000634 seconds, Stopping threads took: 0.0000152 seconds
[2572.182s][info ][safepoint      ] Application time: 1.0000657 seconds
[2572.182s][info ][safepoint      ] Entering safepoint region: Cleanup
[2572.182s][info ][safepoint      ] Leaving safepoint region
[2572.182s][info ][safepoint      ] Total time for which application threads were stopped: 0.0000685 seconds, Stopping threads took: 0.0000138 seconds
[2573.182s][info ][safepoint      ] Application time: 1.0000748 seconds
[2573.182s][info ][safepoint      ] Entering safepoint region: Cleanup
[2573.182s][info ][safepoint      ] Leaving safepoint region
[2573.182s][info ][safepoint      ] Total time for which application threads were stopped: 0.0000991 seconds, Stopping threads took: 0.0000384 seconds
[2574.182s][info ][safepoint      ] Application time: 1.0000740 seconds
[2574.182s][info ][safepoint      ] Entering safepoint region: Cleanup
[2574.183s][info ][safepoint      ] Leaving safepoint region
[2574.183s][info ][safepoint      ] Total time for which application threads were stopped: 0.0000707 seconds, Stopping threads took: 0.0000130 seconds
[2575.183s][info ][safepoint      ] Application time: 1.0000659 seconds
[2575.183s][info ][safepoint      ] Entering safepoint region: Cleanup
[2575.183s][info ][safepoint      ] Leaving safepoint region
[2575.183s][info ][safepoint      ] Total time for which application threads were stopped: 0.0000740 seconds, Stopping threads took: 0.0000193 seconds
[2576.183s][info ][safepoint      ] Application time: 1.0000727 seconds
[2576.183s][info ][safepoint      ] Entering safepoint region: Cleanup
[2576.183s][info ][safepoint      ] Leaving safepoint region
[2576.183s][info ][safepoint      ] Total time for which application threads were stopped: 0.0000614 seconds, Stopping threads took: 0.0000144 seconds
[2577.183s][info ][safepoint      ] Application time: 1.0000651 seconds
[2577.183s][info ][safepoint      ] Entering safepoint region: Cleanup
[2577.183s][info ][safepoint      ] Leaving safepoint region
[2577.183s][info ][safepoint      ] Total time for which application threads were stopped: 0.0000710 seconds, Stopping threads took: 0.0000141 seconds
[2578.183s][info ][safepoint      ] Application time: 1.0000739 seconds
[2578.183s][info ][safepoint      ] Entering safepoint region: Cleanup
[2578.183s][info ][safepoint      ] Leaving safepoint region
[2578.183s][info ][safepoint      ] Total time for which application threads were stopped: 0.0000589 seconds, Stopping threads took: 0.0000137 seconds
[2578.356s][info ][safepoint      ] Application time: 0.1724867 seconds
[2578.356s][info ][safepoint      ] Entering safepoint region: ParallelGCFailedAllocation
[2578.356s][info ][gc,start       ] GC(300) Pause Young (Allocation Failure)
[2578.360s][debug][gc,phases      ] GC(300) Scavenge 3.663ms
[2578.360s][debug][gc,ref         ] GC(300) Skipped phase1 of Reference Processing due to unavailable references
[2578.360s][debug][gc,ref         ] GC(300) Skipped phase3 of Reference Processing due to unavailable references
[2578.360s][debug][gc,ref         ] GC(300) Skipped phase4 of Reference Processing due to unavailable references
[2578.360s][debug][gc,phases      ] GC(300) Reference Processing 0.030ms
[2578.360s][debug][gc,phases      ] GC(300) Weak Processing 0.130ms
[2578.360s][debug][gc,phases      ] GC(300) Scrub String Table 0.431ms
[2578.360s][debug][gc,age         ] GC(300) Desired survivor size 16777216 bytes, new threshold 15 (max threshold 15)
[2578.360s][info ][gc,heap        ] GC(300) PSYoungGen: 2065632K->4480K(2078720K)
[2578.360s][info ][gc,heap        ] GC(300) ParOldGen: 404953K->405009K(527360K)
[2578.360s][info ][gc,metaspace   ] GC(300) Metaspace: 75978K->75978K(1118208K)
[2578.360s][info ][gc             ] GC(300) Pause Young (Allocation Failure) 2412M->399M(2545M) 4.382ms
[2578.360s][info ][gc,cpu         ] GC(300) User=0.02s Sys=0.00s Real=0.01s
[2578.360s][info ][safepoint      ] Leaving safepoint region
[2578.360s][info ][safepoint      ] Total time for which application threads were stopped: 0.0045152 seconds, Stopping threads took: 0.0000107 seconds
[2579.360s][info ][safepoint      ] Application time: 1.0000768 seconds
[2579.360s][info ][safepoint      ] Entering safepoint region: Cleanup
[2579.361s][info ][safepoint      ] Leaving safepoint region
[2579.361s][info ][safepoint      ] Total time for which application threads were stopped: 0.0000893 seconds, Stopping threads took: 0.0000334 seconds
[2580.361s][info ][safepoint      ] Application time: 1.0000741 seconds
[2580.361s][info ][safepoint      ] Entering safepoint region: Cleanup
[2580.361s][info ][safepoint      ] Leaving safepoint region
[2580.361s][info ][safepoint      ] Total time for which application threads were stopped: 0.0000945 seconds, Stopping threads took: 0.0000395 seconds
[2581.361s][info ][safepoint      ] Application time: 1.0000871 seconds
[2581.361s][info ][safepoint      ] Entering safepoint region: Cleanup
[2581.361s][info ][safepoint      ] Leaving safepoint region
[2581.361s][info ][safepoint      ] Total time for which application threads were stopped: 0.0000859 seconds, Stopping threads took: 0.0000307 seconds
[2582.361s][info ][safepoint      ] Application time: 1.0000733 seconds
[2582.361s][info ][safepoint      ] Entering safepoint region: Cleanup
[2582.361s][info ][safepoint      ] Leaving safepoint region
[2582.361s][info ][safepoint      ] Total time for which application threads were stopped: 0.0001010 seconds, Stopping threads took: 0.0000424 seconds
[2583.361s][info ][safepoint      ] Application time: 1.0000747 seconds
[2583.361s][info ][safepoint      ] Entering safepoint region: Cleanup
[2583.361s][info ][safepoint      ] Leaving safepoint region
[2583.361s][info ][safepoint      ] Total time for which application threads were stopped: 0.0000994 seconds, Stopping threads took: 0.0000356 seconds
[2584.361s][info ][safepoint      ] Application time: 1.0000799 seconds
[2584.362s][info ][safepoint      ] Entering safepoint region: Cleanup
[2584.362s][info ][safepoint      ] Leaving safepoint region
[2584.362s][info ][safepoint      ] Total time for which application threads were stopped: 0.0001053 seconds, Stopping threads took: 0.0000507 seconds
[2585.362s][info ][safepoint      ] Application time: 1.0000772 seconds
[2585.362s][info ][safepoint      ] Entering safepoint region: Cleanup
[2585.362s][info ][safepoint      ] Leaving safepoint region
[2585.362s][info ][safepoint      ] Total time for which application threads were stopped: 0.0001000 seconds, Stopping threads took: 0.0000474 seconds
[2586.362s][info ][safepoint      ] Application time: 1.0000865 seconds
[2586.362s][info ][safepoint      ] Entering safepoint region: Cleanup
[2586.362s][info ][safepoint      ] Leaving safepoint region
[2586.362s][info ][safepoint      ] Total time for which application threads were stopped: 0.0000853 seconds, Stopping threads took: 0.0000363 seconds
[2587.362s][info ][safepoint      ] Application time: 1.0000712 seconds
[2587.362s][info ][safepoint      ] Entering safepoint region: Cleanup
[2587.362s][info ][safepoint      ] Leaving safepoint region
[2587.362s][info ][safepoint      ] Total time for which application threads were stopped: 0.0000915 seconds, Stopping threads took: 0.0000353 seconds
[2588.362s][info ][safepoint      ] Application time: 1.0000853 seconds
[2588.362s][info ][safepoint      ] Entering safepoint region: Cleanup
[2588.363s][info ][safepoint      ] Leaving safepoint region
[2588.363s][info ][safepoint      ] Total time for which application threads were stopped: 0.0000973 seconds, Stopping threads took: 0.0000345 seconds
[2588.715s][info ][safepoint      ] Application time: 0.3524138 seconds
[2588.715s][info ][safepoint      ] Entering safepoint region: ParallelGCFailedAllocation
[2588.715s][info ][gc,start       ] GC(301) Pause Young (Allocation Failure)
[2588.718s][debug][gc,phases      ] GC(301) Scavenge 3.214ms
[2588.718s][debug][gc,ref         ] GC(301) Skipped phase1 of Reference Processing due to unavailable references
[2588.718s][debug][gc,ref         ] GC(301) Skipped phase3 of Reference Processing due to unavailable references
[2588.718s][debug][gc,ref         ] GC(301) Skipped phase4 of Reference Processing due to unavailable references
[2588.718s][debug][gc,phases      ] GC(301) Reference Processing 0.030ms
[2588.719s][debug][gc,phases      ] GC(301) Weak Processing 0.130ms
[2588.719s][debug][gc,phases      ] GC(301) Scrub String Table 0.432ms
[2588.719s][debug][gc,age         ] GC(301) Desired survivor size 16252928 bytes, new threshold 15 (max threshold 15)
[2588.719s][info ][gc,heap        ] GC(301) PSYoungGen: 2065792K->4384K(2081280K)
[2588.719s][info ][gc,heap        ] GC(301) ParOldGen: 405009K->405041K(527360K)
[2588.719s][info ][gc,metaspace   ] GC(301) Metaspace: 75979K->75979K(1118208K)
[2588.719s][info ][gc             ] GC(301) Pause Young (Allocation Failure) 2412M->399M(2547M) 3.923ms
[2588.719s][info ][gc,cpu         ] GC(301) User=0.02s Sys=0.00s Real=0.00s
[2588.719s][info ][safepoint      ] Leaving safepoint region
[2588.719s][info ][safepoint      ] Total time for which application threads were stopped: 0.0040622 seconds, Stopping threads took: 0.0000129 seconds
[2589.719s][info ][safepoint      ] Application time: 1.0000741 seconds
[2589.719s][info ][safepoint      ] Entering safepoint region: Cleanup
[2589.719s][info ][safepoint      ] Leaving safepoint region
[2589.719s][info ][safepoint      ] Total time for which application threads were stopped: 0.0000918 seconds, Stopping threads took: 0.0000349 seconds
[2590.719s][info ][safepoint      ] Application time: 1.0000675 seconds
[2590.719s][info ][safepoint      ] Entering safepoint region: Cleanup
[2590.719s][info ][safepoint      ] Leaving safepoint region
[2590.719s][info ][safepoint      ] Total time for which application threads were stopped: 0.0000986 seconds, Stopping threads took: 0.0000467 seconds
[2591.720s][info ][safepoint      ] Application time: 1.0000679 seconds
[2591.720s][info ][safepoint      ] Entering safepoint region: Cleanup
[2591.720s][info ][safepoint      ] Leaving safepoint region
[2591.720s][info ][safepoint      ] Total time for which application threads were stopped: 0.0001091 seconds, Stopping threads took: 0.0000552 seconds
[2592.720s][info ][safepoint      ] Application time: 1.0000790 seconds
[2592.720s][info ][safepoint      ] Entering safepoint region: Cleanup
[2592.720s][info ][safepoint      ] Leaving safepoint region
[2592.720s][info ][safepoint      ] Total time for which application threads were stopped: 0.0000875 seconds, Stopping threads took: 0.0000347 seconds
[2593.720s][info ][safepoint      ] Application time: 1.0000810 seconds
[2593.720s][info ][safepoint      ] Entering safepoint region: Cleanup
[2593.721s][info ][safepoint      ] Leaving safepoint region
[2593.721s][info ][safepoint      ] Total time for which application threads were stopped: 0.0004878 seconds, Stopping threads took: 0.0004302 seconds
[2594.721s][info ][safepoint      ] Application time: 1.0000768 seconds
[2594.721s][info ][safepoint      ] Entering safepoint region: Cleanup
[2594.721s][info ][safepoint      ] Leaving safepoint region
[2594.721s][info ][safepoint      ] Total time for which application threads were stopped: 0.0000915 seconds, Stopping threads took: 0.0000336 seconds
[2595.721s][info ][safepoint      ] Application time: 1.0000701 seconds
[2595.721s][info ][safepoint      ] Entering safepoint region: Cleanup
[2595.721s][info ][safepoint      ] Leaving safepoint region
[2595.721s][info ][safepoint      ] Total time for which application threads were stopped: 0.0000966 seconds, Stopping threads took: 0.0000343 seconds
[2596.721s][info ][safepoint      ] Application time: 1.0000745 seconds
[2596.721s][info ][safepoint      ] Entering safepoint region: Cleanup
[2596.721s][info ][safepoint      ] Leaving safepoint region
[2596.721s][info ][safepoint      ] Total time for which application threads were stopped: 0.0001153 seconds, Stopping threads took: 0.0000447 seconds
[2597.721s][info ][safepoint      ] Application time: 1.0000692 seconds
[2597.721s][info ][safepoint      ] Entering safepoint region: Cleanup
[2597.721s][info ][safepoint      ] Leaving safepoint region
[2597.721s][info ][safepoint      ] Total time for which application threads were stopped: 0.0000865 seconds, Stopping threads took: 0.0000331 seconds
[2598.721s][info ][safepoint      ] Application time: 1.0000777 seconds
[2598.722s][info ][safepoint      ] Entering safepoint region: Cleanup
[2598.722s][info ][safepoint      ] Leaving safepoint region
[2598.722s][info ][safepoint      ] Total time for which application threads were stopped: 0.0000986 seconds, Stopping threads took: 0.0000474 seconds
[2599.126s][info ][safepoint      ] Application time: 0.4045960 seconds
[2599.126s][info ][safepoint      ] Entering safepoint region: ParallelGCFailedAllocation
[2599.126s][info ][gc,start       ] GC(302) Pause Young (Allocation Failure)
[2599.130s][debug][gc,phases      ] GC(302) Scavenge 3.485ms
[2599.130s][debug][gc,ref         ] GC(302) Skipped phase1 of Reference Processing due to unavailable references
[2599.130s][debug][gc,ref         ] GC(302) Skipped phase3 of Reference Processing due to unavailable references
[2599.130s][debug][gc,ref         ] GC(302) Skipped phase4 of Reference Processing due to unavailable references
[2599.130s][debug][gc,phases      ] GC(302) Reference Processing 0.031ms
[2599.130s][debug][gc,phases      ] GC(302) Weak Processing 0.131ms
[2599.131s][debug][gc,phases      ] GC(302) Scrub String Table 0.474ms
[2599.131s][debug][gc,age         ] GC(302) Desired survivor size 15204352 bytes, new threshold 15 (max threshold 15)
[2599.131s][info ][gc,heap        ] GC(302) PSYoungGen: 2069280K->4208K(2080768K)
[2599.131s][info ][gc,heap        ] GC(302) ParOldGen: 405041K->405081K(527360K)
[2599.131s][info ][gc,metaspace   ] GC(302) Metaspace: 75979K->75979K(1118208K)
[2599.131s][info ][gc             ] GC(302) Pause Young (Allocation Failure) 2416M->399M(2547M) 4.245ms
[2599.131s][info ][gc,cpu         ] GC(302) User=0.01s Sys=0.00s Real=0.00s
[2599.131s][info ][safepoint      ] Leaving safepoint region
[2599.131s][info ][safepoint      ] Total time for which application threads were stopped: 0.0043859 seconds, Stopping threads took: 0.0000113 seconds
[2600.131s][info ][safepoint      ] Application time: 1.0000830 seconds
[2600.131s][info ][safepoint      ] Entering safepoint region: Cleanup
[2600.131s][info ][safepoint      ] Leaving safepoint region
[2600.131s][info ][safepoint      ] Total time for which application threads were stopped: 0.0000615 seconds, Stopping threads took: 0.0000130 seconds
[2601.131s][info ][safepoint      ] Application time: 1.0000674 seconds
[2601.131s][info ][safepoint      ] Entering safepoint region: Cleanup
[2601.131s][info ][safepoint      ] Leaving safepoint region
[2601.131s][info ][safepoint      ] Total time for which application threads were stopped: 0.0000584 seconds, Stopping threads took: 0.0000128 seconds
[2602.131s][info ][safepoint      ] Application time: 1.0000682 seconds
[2602.131s][info ][safepoint      ] Entering safepoint region: Cleanup
[2602.131s][info ][safepoint      ] Leaving safepoint region
[2602.131s][info ][safepoint      ] Total time for which application threads were stopped: 0.0001004 seconds, Stopping threads took: 0.0000366 seconds
[2603.131s][info ][safepoint      ] Application time: 1.0000637 seconds
[2603.131s][info ][safepoint      ] Entering safepoint region: Cleanup
[2603.131s][info ][safepoint      ] Leaving safepoint region
[2603.131s][info ][safepoint      ] Total time for which application threads were stopped: 0.0000597 seconds, Stopping threads took: 0.0000132 seconds
[2604.131s][info ][safepoint      ] Application time: 1.0000661 seconds
[2604.132s][info ][safepoint      ] Entering safepoint region: Cleanup
[2604.132s][info ][safepoint      ] Leaving safepoint region
[2604.132s][info ][safepoint      ] Total time for which application threads were stopped: 0.0000625 seconds, Stopping threads took: 0.0000146 seconds
[2605.132s][info ][safepoint      ] Application time: 1.0000675 seconds
[2605.132s][info ][safepoint      ] Entering safepoint region: Cleanup
[2605.132s][info ][safepoint      ] Leaving safepoint region
[2605.132s][info ][safepoint      ] Total time for which application threads were stopped: 0.0000681 seconds, Stopping threads took: 0.0000129 seconds
[2606.132s][info ][safepoint      ] Application time: 1.0000723 seconds
[2606.132s][info ][safepoint      ] Entering safepoint region: Cleanup
[2606.132s][info ][safepoint      ] Leaving safepoint region
[2606.132s][info ][safepoint      ] Total time for which application threads were stopped: 0.0000592 seconds, Stopping threads took: 0.0000135 seconds
[2607.132s][info ][safepoint      ] Application time: 1.0000763 seconds
[2607.132s][info ][safepoint      ] Entering safepoint region: Cleanup
[2607.132s][info ][safepoint      ] Leaving safepoint region
[2607.132s][info ][safepoint      ] Total time for which application threads were stopped: 0.0000888 seconds, Stopping threads took: 0.0000183 seconds
[2608.132s][info ][safepoint      ] Application time: 1.0000729 seconds
[2608.132s][info ][safepoint      ] Entering safepoint region: Cleanup
[2608.132s][info ][safepoint      ] Leaving safepoint region
[2608.132s][info ][safepoint      ] Total time for which application threads were stopped: 0.0000856 seconds, Stopping threads took: 0.0000190 seconds
[2609.132s][info ][safepoint      ] Application time: 1.0000660 seconds
[2609.132s][info ][safepoint      ] Entering safepoint region: Cleanup
[2609.133s][info ][safepoint      ] Leaving safepoint region
[2609.133s][info ][safepoint      ] Total time for which application threads were stopped: 0.0000698 seconds, Stopping threads took: 0.0000143 seconds
[2609.502s][info ][safepoint      ] Application time: 0.3696928 seconds
[2609.502s][info ][safepoint      ] Entering safepoint region: ParallelGCFailedAllocation
[2609.502s][info ][gc,start       ] GC(303) Pause Young (Allocation Failure)
[2609.506s][debug][gc,phases      ] GC(303) Scavenge 3.634ms
[2609.506s][debug][gc,ref         ] GC(303) Skipped phase1 of Reference Processing due to unavailable references
[2609.506s][debug][gc,ref         ] GC(303) Skipped phase3 of Reference Processing due to unavailable references
[2609.506s][debug][gc,ref         ] GC(303) Skipped phase4 of Reference Processing due to unavailable references
[2609.506s][debug][gc,phases      ] GC(303) Reference Processing 0.048ms
[2609.506s][debug][gc,phases      ] GC(303) Weak Processing 0.131ms
[2609.507s][debug][gc,phases      ] GC(303) Scrub String Table 0.435ms
[2609.507s][debug][gc,age         ] GC(303) Desired survivor size 14680064 bytes, new threshold 15 (max threshold 15)
[2609.507s][info ][gc,heap        ] GC(303) PSYoungGen: 2069104K->4128K(2082816K)
[2609.507s][info ][gc,heap        ] GC(303) ParOldGen: 405081K->405113K(527360K)
[2609.507s][info ][gc,metaspace   ] GC(303) Metaspace: 75979K->75979K(1118208K)
[2609.507s][info ][gc             ] GC(303) Pause Young (Allocation Failure) 2416M->399M(2549M) 4.366ms
[2609.507s][info ][gc,cpu         ] GC(303) User=0.01s Sys=0.00s Real=0.00s
[2609.507s][info ][safepoint      ] Leaving safepoint region
[2609.507s][info ][safepoint      ] Total time for which application threads were stopped: 0.0045439 seconds, Stopping threads took: 0.0000375 seconds
[2610.507s][info ][safepoint      ] Application time: 1.0000835 seconds
[2610.507s][info ][safepoint      ] Entering safepoint region: Cleanup
[2610.507s][info ][safepoint      ] Leaving safepoint region
[2610.507s][info ][safepoint      ] Total time for which application threads were stopped: 0.0000965 seconds, Stopping threads took: 0.0000374 seconds
[2611.507s][info ][safepoint      ] Application time: 1.0000758 seconds
[2611.507s][info ][safepoint      ] Entering safepoint region: Cleanup
[2611.507s][info ][safepoint      ] Leaving safepoint region
[2611.507s][info ][safepoint      ] Total time for which application threads were stopped: 0.0001043 seconds, Stopping threads took: 0.0000363 seconds
[2612.507s][info ][safepoint      ] Application time: 1.0000602 seconds
[2612.507s][info ][safepoint      ] Entering safepoint region: Cleanup
[2612.507s][info ][safepoint      ] Leaving safepoint region
[2612.507s][info ][safepoint      ] Total time for which application threads were stopped: 0.0001160 seconds, Stopping threads took: 0.0000512 seconds
[2613.508s][info ][safepoint      ] Application time: 1.0000377 seconds
[2613.508s][info ][safepoint      ] Entering safepoint region: Cleanup
[2613.508s][info ][safepoint      ] Leaving safepoint region
[2613.508s][info ][safepoint      ] Total time for which application threads were stopped: 0.0000833 seconds, Stopping threads took: 0.0000330 seconds
[2614.508s][info ][safepoint      ] Application time: 1.0002452 seconds
[2614.508s][info ][safepoint      ] Entering safepoint region: Cleanup
[2614.508s][info ][safepoint      ] Leaving safepoint region
[2614.508s][info ][safepoint      ] Total time for which application threads were stopped: 0.0001004 seconds, Stopping threads took: 0.0000479 seconds
[2615.508s][info ][safepoint      ] Application time: 1.0000801 seconds
[2615.508s][info ][safepoint      ] Entering safepoint region: Cleanup
[2615.508s][info ][safepoint      ] Leaving safepoint region
[2615.508s][info ][safepoint      ] Total time for which application threads were stopped: 0.0000971 seconds, Stopping threads took: 0.0000410 seconds
[2616.508s][info ][safepoint      ] Application time: 1.0000757 seconds
[2616.508s][info ][safepoint      ] Entering safepoint region: Cleanup
[2616.509s][info ][safepoint      ] Leaving safepoint region
[2616.509s][info ][safepoint      ] Total time for which application threads were stopped: 0.0001301 seconds, Stopping threads took: 0.0000691 seconds
[2617.509s][info ][safepoint      ] Application time: 1.0000339 seconds
[2617.509s][info ][safepoint      ] Entering safepoint region: Cleanup
[2617.509s][info ][safepoint      ] Leaving safepoint region
[2617.509s][info ][safepoint      ] Total time for which application threads were stopped: 0.0000995 seconds, Stopping threads took: 0.0000472 seconds
[2618.509s][info ][safepoint      ] Application time: 1.0000711 seconds
[2618.509s][info ][safepoint      ] Entering safepoint region: Cleanup
[2618.509s][info ][safepoint      ] Leaving safepoint region
[2618.509s][info ][safepoint      ] Total time for which application threads were stopped: 0.0000883 seconds, Stopping threads took: 0.0000314 seconds
[2619.509s][info ][safepoint      ] Application time: 1.0000701 seconds
[2619.509s][info ][safepoint      ] Entering safepoint region: Cleanup
[2619.509s][info ][safepoint      ] Leaving safepoint region
[2619.509s][info ][safepoint      ] Total time for which application threads were stopped: 0.0001125 seconds, Stopping threads took: 0.0000580 seconds
[2619.974s][info ][safepoint      ] Application time: 0.4648897 seconds
[2619.974s][info ][safepoint      ] Entering safepoint region: ParallelGCFailedAllocation
[2619.974s][info ][gc,start       ] GC(304) Pause Young (Allocation Failure)
[2619.977s][debug][gc,phases      ] GC(304) Scavenge 3.250ms
[2619.978s][debug][gc,ref         ] GC(304) Skipped phase1 of Reference Processing due to unavailable references
[2619.978s][debug][gc,ref         ] GC(304) Skipped phase3 of Reference Processing due to unavailable references
[2619.978s][debug][gc,ref         ] GC(304) Skipped phase4 of Reference Processing due to unavailable references
[2619.978s][debug][gc,phases      ] GC(304) Reference Processing 0.030ms
[2619.978s][debug][gc,phases      ] GC(304) Weak Processing 0.121ms
[2619.978s][debug][gc,phases      ] GC(304) Scrub String Table 0.442ms
[2619.978s][debug][gc,age         ] GC(304) Desired survivor size 13631488 bytes, new threshold 15 (max threshold 15)
[2619.978s][info ][gc,heap        ] GC(304) PSYoungGen: 2072096K->4160K(2082304K)
[2619.978s][info ][gc,heap        ] GC(304) ParOldGen: 405113K->405169K(527360K)
[2619.978s][info ][gc,metaspace   ] GC(304) Metaspace: 75980K->75980K(1118208K)
[2619.978s][info ][gc             ] GC(304) Pause Young (Allocation Failure) 2419M->399M(2548M) 3.969ms
[2619.978s][info ][gc,cpu         ] GC(304) User=0.02s Sys=0.00s Real=0.00s
[2619.978s][info ][safepoint      ] Leaving safepoint region
[2619.978s][info ][safepoint      ] Total time for which application threads were stopped: 0.0041367 seconds, Stopping threads took: 0.0000110 seconds
[2620.978s][info ][safepoint      ] Application time: 1.0000781 seconds
[2620.978s][info ][safepoint      ] Entering safepoint region: Cleanup
[2620.978s][info ][safepoint      ] Leaving safepoint region
[2620.978s][info ][safepoint      ] Total time for which application threads were stopped: 0.0001226 seconds, Stopping threads took: 0.0000534 seconds
[2621.979s][info ][safepoint      ] Application time: 1.0000777 seconds
[2621.979s][info ][safepoint      ] Entering safepoint region: Cleanup
[2621.979s][info ][safepoint      ] Leaving safepoint region
[2621.979s][info ][safepoint      ] Total time for which application threads were stopped: 0.0000913 seconds, Stopping threads took: 0.0000410 seconds
[2622.979s][info ][safepoint      ] Application time: 1.0000760 seconds
[2622.979s][info ][safepoint      ] Entering safepoint region: Cleanup
[2622.979s][info ][safepoint      ] Leaving safepoint region
[2622.979s][info ][safepoint      ] Total time for which application threads were stopped: 0.0000894 seconds, Stopping threads took: 0.0000350 seconds
[2623.979s][info ][safepoint      ] Application time: 1.0000469 seconds
[2623.979s][info ][safepoint      ] Entering safepoint region: Cleanup
[2623.979s][info ][safepoint      ] Leaving safepoint region
[2623.979s][info ][safepoint      ] Total time for which application threads were stopped: 0.0000748 seconds, Stopping threads took: 0.0000194 seconds
[2624.979s][info ][safepoint      ] Application time: 1.0000628 seconds
[2624.979s][info ][safepoint      ] Entering safepoint region: Cleanup
[2624.979s][info ][safepoint      ] Leaving safepoint region
[2624.979s][info ][safepoint      ] Total time for which application threads were stopped: 0.0000632 seconds, Stopping threads took: 0.0000114 seconds
[2625.979s][info ][safepoint      ] Application time: 1.0000769 seconds
[2625.979s][info ][safepoint      ] Entering safepoint region: Cleanup
[2625.979s][info ][safepoint      ] Leaving safepoint region
[2625.979s][info ][safepoint      ] Total time for which application threads were stopped: 0.0000892 seconds, Stopping threads took: 0.0000144 seconds
[2626.979s][info ][safepoint      ] Application time: 1.0000743 seconds
[2626.979s][info ][safepoint      ] Entering safepoint region: Cleanup
[2626.980s][info ][safepoint      ] Leaving safepoint region
[2626.980s][info ][safepoint      ] Total time for which application threads were stopped: 0.0000561 seconds, Stopping threads took: 0.0000113 seconds
[2627.980s][info ][safepoint      ] Application time: 1.0000716 seconds
[2627.980s][info ][safepoint      ] Entering safepoint region: Cleanup
[2627.980s][info ][safepoint      ] Leaving safepoint region
[2627.980s][info ][safepoint      ] Total time for which application threads were stopped: 0.0000821 seconds, Stopping threads took: 0.0000297 seconds
[2628.980s][info ][safepoint      ] Application time: 1.0000794 seconds
[2628.980s][info ][safepoint      ] Entering safepoint region: Cleanup
[2628.980s][info ][safepoint      ] Leaving safepoint region
[2628.980s][info ][safepoint      ] Total time for which application threads were stopped: 0.0000709 seconds, Stopping threads took: 0.0000164 seconds
[2629.980s][info ][safepoint      ] Application time: 1.0000740 seconds
[2629.980s][info ][safepoint      ] Entering safepoint region: Cleanup
[2629.980s][info ][safepoint      ] Leaving safepoint region
[2629.980s][info ][safepoint      ] Total time for which application threads were stopped: 0.0000983 seconds, Stopping threads took: 0.0000157 seconds
[2630.399s][info ][safepoint      ] Application time: 0.4185156 seconds
[2630.399s][info ][safepoint      ] Entering safepoint region: ParallelGCFailedAllocation
[2630.399s][info ][gc,start       ] GC(305) Pause Young (Allocation Failure)
[2630.403s][debug][gc,phases      ] GC(305) Scavenge 3.786ms
[2630.403s][debug][gc,ref         ] GC(305) Skipped phase1 of Reference Processing due to unavailable references
[2630.403s][debug][gc,ref         ] GC(305) Skipped phase3 of Reference Processing due to unavailable references
[2630.403s][debug][gc,ref         ] GC(305) Skipped phase4 of Reference Processing due to unavailable references
[2630.403s][debug][gc,phases      ] GC(305) Reference Processing 0.031ms
[2630.403s][debug][gc,phases      ] GC(305) Weak Processing 0.149ms
[2630.403s][debug][gc,phases      ] GC(305) Scrub String Table 0.468ms
[2630.403s][debug][gc,age         ] GC(305) Desired survivor size 13107200 bytes, new threshold 15 (max threshold 15)
[2630.403s][info ][gc,heap        ] GC(305) PSYoungGen: 2072128K->4480K(2084352K)
[2630.403s][info ][gc,heap        ] GC(305) ParOldGen: 405169K->405217K(527360K)
[2630.403s][info ][gc,metaspace   ] GC(305) Metaspace: 75986K->75986K(1118208K)
[2630.403s][info ][gc             ] GC(305) Pause Young (Allocation Failure) 2419M->400M(2550M) 4.563ms
[2630.403s][info ][gc,cpu         ] GC(305) User=0.02s Sys=0.00s Real=0.01s
[2630.403s][info ][safepoint      ] Leaving safepoint region
[2630.403s][info ][safepoint      ] Total time for which application threads were stopped: 0.0047059 seconds, Stopping threads took: 0.0000111 seconds
[2631.404s][info ][safepoint      ] Application time: 1.0000843 seconds
[2631.404s][info ][safepoint      ] Entering safepoint region: Cleanup
[2631.404s][info ][safepoint      ] Leaving safepoint region
[2631.404s][info ][safepoint      ] Total time for which application threads were stopped: 0.0000915 seconds, Stopping threads took: 0.0000336 seconds
[2632.404s][info ][safepoint      ] Application time: 1.0000778 seconds
[2632.404s][info ][safepoint      ] Entering safepoint region: Cleanup
[2632.404s][info ][safepoint      ] Leaving safepoint region
[2632.404s][info ][safepoint      ] Total time for which application threads were stopped: 0.0001097 seconds, Stopping threads took: 0.0000466 seconds
[2633.404s][info ][safepoint      ] Application time: 1.0000757 seconds
[2633.404s][info ][safepoint      ] Entering safepoint region: Cleanup
[2633.404s][info ][safepoint      ] Leaving safepoint region
[2633.404s][info ][safepoint      ] Total time for which application threads were stopped: 0.0001131 seconds, Stopping threads took: 0.0000518 seconds
[2634.404s][info ][safepoint      ] Application time: 1.0000831 seconds
[2634.404s][info ][safepoint      ] Entering safepoint region: Cleanup
[2634.404s][info ][safepoint      ] Leaving safepoint region
[2634.404s][info ][safepoint      ] Total time for which application threads were stopped: 0.0001335 seconds, Stopping threads took: 0.0000384 seconds
[2635.404s][info ][safepoint      ] Application time: 1.0000830 seconds
[2635.405s][info ][safepoint      ] Entering safepoint region: Cleanup
[2635.405s][info ][safepoint      ] Leaving safepoint region
[2635.405s][info ][safepoint      ] Total time for which application threads were stopped: 0.0001131 seconds, Stopping threads took: 0.0000388 seconds
[2636.405s][info ][safepoint      ] Application time: 1.0000775 seconds
[2636.405s][info ][safepoint      ] Entering safepoint region: Cleanup
[2636.405s][info ][safepoint      ] Leaving safepoint region
[2636.405s][info ][safepoint      ] Total time for which application threads were stopped: 0.0001135 seconds, Stopping threads took: 0.0000580 seconds
[2637.405s][info ][safepoint      ] Application time: 1.0000740 seconds
[2637.405s][info ][safepoint      ] Entering safepoint region: Cleanup
[2637.405s][info ][safepoint      ] Leaving safepoint region
[2637.405s][info ][safepoint      ] Total time for which application threads were stopped: 0.0001073 seconds, Stopping threads took: 0.0000515 seconds
[2638.405s][info ][safepoint      ] Application time: 1.0001322 seconds
[2638.405s][info ][safepoint      ] Entering safepoint region: Cleanup
[2638.405s][info ][safepoint      ] Leaving safepoint region
[2638.405s][info ][safepoint      ] Total time for which application threads were stopped: 0.0001028 seconds, Stopping threads took: 0.0000467 seconds
[2639.405s][info ][safepoint      ] Application time: 1.0000814 seconds
[2639.406s][info ][safepoint      ] Entering safepoint region: Cleanup
[2639.406s][info ][safepoint      ] Leaving safepoint region
[2639.406s][info ][safepoint      ] Total time for which application threads were stopped: 0.0001050 seconds, Stopping threads took: 0.0000398 seconds
[2640.406s][info ][safepoint      ] Application time: 1.0000786 seconds
[2640.406s][info ][safepoint      ] Entering safepoint region: Cleanup
[2640.406s][info ][safepoint      ] Leaving safepoint region
[2640.406s][info ][safepoint      ] Total time for which application threads were stopped: 0.0000887 seconds, Stopping threads took: 0.0000335 seconds
[2640.607s][info ][safepoint      ] Application time: 0.2014977 seconds
[2640.607s][info ][safepoint      ] Entering safepoint region: ParallelGCFailedAllocation
[2640.607s][info ][gc,start       ] GC(306) Pause Young (Allocation Failure)
[2640.611s][debug][gc,phases      ] GC(306) Scavenge 3.796ms
[2640.611s][debug][gc,ref         ] GC(306) Skipped phase1 of Reference Processing due to unavailable references
[2640.611s][debug][gc,ref         ] GC(306) Skipped phase3 of Reference Processing due to unavailable references
[2640.611s][debug][gc,phases      ] GC(306) Reference Processing 0.029ms
[2640.612s][debug][gc,phases      ] GC(306) Weak Processing 0.136ms
[2640.612s][debug][gc,phases      ] GC(306) Scrub String Table 0.439ms
[2640.612s][debug][gc,age         ] GC(306) Desired survivor size 12582912 bytes, new threshold 15 (max threshold 15)
[2640.612s][info ][gc,heap        ] GC(306) PSYoungGen: 2075520K->4928K(2083840K)
[2640.612s][info ][gc,heap        ] GC(306) ParOldGen: 405217K->405265K(527360K)
[2640.612s][info ][gc,metaspace   ] GC(306) Metaspace: 76069K->76069K(1118208K)
[2640.612s][info ][gc             ] GC(306) Pause Young (Allocation Failure) 2422M->400M(2550M) 4.542ms
[2640.612s][info ][gc,cpu         ] GC(306) User=0.01s Sys=0.00s Real=0.00s
[2640.612s][info ][safepoint      ] Leaving safepoint region
[2640.612s][info ][safepoint      ] Total time for which application threads were stopped: 0.0047076 seconds, Stopping threads took: 0.0000185 seconds
[2641.612s][info ][safepoint      ] Application time: 1.0000861 seconds
[2641.612s][info ][safepoint      ] Entering safepoint region: Cleanup
[2641.612s][info ][safepoint      ] Leaving safepoint region
[2641.612s][info ][safepoint      ] Total time for which application threads were stopped: 0.0000936 seconds, Stopping threads took: 0.0000324 seconds
[2642.612s][info ][safepoint      ] Application time: 1.0000725 seconds
[2642.612s][info ][safepoint      ] Entering safepoint region: Cleanup
[2642.612s][info ][safepoint      ] Leaving safepoint region
[2642.612s][info ][safepoint      ] Total time for which application threads were stopped: 0.0000933 seconds, Stopping threads took: 0.0000336 seconds
[2643.613s][info ][safepoint      ] Application time: 1.0000777 seconds
[2643.613s][info ][safepoint      ] Entering safepoint region: Cleanup
[2643.613s][info ][safepoint      ] Leaving safepoint region
[2643.613s][info ][safepoint      ] Total time for which application threads were stopped: 0.0001013 seconds, Stopping threads took: 0.0000350 seconds
[2644.613s][info ][safepoint      ] Application time: 1.0000774 seconds
[2644.613s][info ][safepoint      ] Entering safepoint region: Cleanup
[2644.613s][info ][safepoint      ] Leaving safepoint region
[2644.613s][info ][safepoint      ] Total time for which application threads were stopped: 0.0000992 seconds, Stopping threads took: 0.0000424 seconds
[2645.613s][info ][safepoint      ] Application time: 1.0000811 seconds
[2645.613s][info ][safepoint      ] Entering safepoint region: Cleanup
[2645.613s][info ][safepoint      ] Leaving safepoint region
[2645.613s][info ][safepoint      ] Total time for which application threads were stopped: 0.0000855 seconds, Stopping threads took: 0.0000333 seconds
[2646.613s][info ][safepoint      ] Application time: 1.0000763 seconds
[2646.613s][info ][safepoint      ] Entering safepoint region: Cleanup
[2646.613s][info ][safepoint      ] Leaving safepoint region
[2646.613s][info ][safepoint      ] Total time for which application threads were stopped: 0.0000940 seconds, Stopping threads took: 0.0000277 seconds
[2647.613s][info ][safepoint      ] Application time: 1.0000870 seconds
[2647.613s][info ][safepoint      ] Entering safepoint region: Cleanup
[2647.614s][info ][safepoint      ] Leaving safepoint region
[2647.614s][info ][safepoint      ] Total time for which application threads were stopped: 0.0001093 seconds, Stopping threads took: 0.0000541 seconds
[2648.614s][info ][safepoint      ] Application time: 1.0000783 seconds
[2648.614s][info ][safepoint      ] Entering safepoint region: Cleanup
[2648.614s][info ][safepoint      ] Leaving safepoint region
[2648.614s][info ][safepoint      ] Total time for which application threads were stopped: 0.0001016 seconds, Stopping threads took: 0.0000493 seconds
[2649.614s][info ][safepoint      ] Application time: 1.0000778 seconds
[2649.614s][info ][safepoint      ] Entering safepoint region: Cleanup
[2649.614s][info ][safepoint      ] Leaving safepoint region
[2649.614s][info ][safepoint      ] Total time for which application threads were stopped: 0.0001044 seconds, Stopping threads took: 0.0000342 seconds
[2650.614s][info ][safepoint      ] Application time: 1.0000790 seconds
[2650.614s][info ][safepoint      ] Entering safepoint region: Cleanup
[2650.614s][info ][safepoint      ] Leaving safepoint region
[2650.614s][info ][safepoint      ] Total time for which application threads were stopped: 0.0001161 seconds, Stopping threads took: 0.0000508 seconds
[2650.973s][info ][safepoint      ] Application time: 0.3583608 seconds
[2650.973s][info ][safepoint      ] Entering safepoint region: ParallelGCFailedAllocation
[2650.973s][info ][gc,start       ] GC(307) Pause Young (Allocation Failure)
[2650.976s][debug][gc,phases      ] GC(307) Scavenge 3.588ms
[2650.976s][debug][gc,ref         ] GC(307) Skipped phase1 of Reference Processing due to unavailable references
[2650.976s][debug][gc,ref         ] GC(307) Skipped phase3 of Reference Processing due to unavailable references
[2650.976s][debug][gc,ref         ] GC(307) Skipped phase4 of Reference Processing due to unavailable references
[2650.976s][debug][gc,phases      ] GC(307) Reference Processing 0.047ms
[2650.977s][debug][gc,phases      ] GC(307) Weak Processing 0.139ms
[2650.977s][debug][gc,phases      ] GC(307) Scrub String Table 0.438ms
[2650.977s][debug][gc,age         ] GC(307) Desired survivor size 11534336 bytes, new threshold 15 (max threshold 15)
[2650.977s][info ][gc,heap        ] GC(307) PSYoungGen: 2075968K->4640K(2085888K)
[2650.977s][info ][gc,heap        ] GC(307) ParOldGen: 405265K->405313K(527360K)
[2650.977s][info ][gc,metaspace   ] GC(307) Metaspace: 76091K->76091K(1118208K)
[2650.977s][info ][gc             ] GC(307) Pause Young (Allocation Failure) 2423M->400M(2552M) 4.335ms
[2650.977s][info ][gc,cpu         ] GC(307) User=0.01s Sys=0.00s Real=0.00s
[2650.977s][info ][safepoint      ] Leaving safepoint region
[2650.977s][info ][safepoint      ] Total time for which application threads were stopped: 0.0044752 seconds, Stopping threads took: 0.0000176 seconds
[2651.977s][info ][safepoint      ] Application time: 1.0000727 seconds
[2651.977s][info ][safepoint      ] Entering safepoint region: Cleanup
[2651.977s][info ][safepoint      ] Leaving safepoint region
[2651.977s][info ][safepoint      ] Total time for which application threads were stopped: 0.0000535 seconds, Stopping threads took: 0.0000115 seconds
[2652.977s][info ][safepoint      ] Application time: 1.0000682 seconds
[2652.977s][info ][safepoint      ] Entering safepoint region: Cleanup
[2652.977s][info ][safepoint      ] Leaving safepoint region
[2652.977s][info ][safepoint      ] Total time for which application threads were stopped: 0.0000602 seconds, Stopping threads took: 0.0000129 seconds
[2653.977s][info ][safepoint      ] Application time: 1.0000644 seconds
[2653.978s][info ][safepoint      ] Entering safepoint region: Cleanup
[2653.978s][info ][safepoint      ] Leaving safepoint region
[2653.978s][info ][safepoint      ] Total time for which application threads were stopped: 0.0000621 seconds, Stopping threads took: 0.0000120 seconds
[2654.978s][info ][safepoint      ] Application time: 1.0000631 seconds
[2654.978s][info ][safepoint      ] Entering safepoint region: Cleanup
[2654.978s][info ][safepoint      ] Leaving safepoint region
[2654.978s][info ][safepoint      ] Total time for which application threads were stopped: 0.0001152 seconds, Stopping threads took: 0.0000623 seconds
[2655.978s][info ][safepoint      ] Application time: 1.0000688 seconds
[2655.978s][info ][safepoint      ] Entering safepoint region: Cleanup
[2655.978s][info ][safepoint      ] Leaving safepoint region
[2655.978s][info ][safepoint      ] Total time for which application threads were stopped: 0.0000655 seconds, Stopping threads took: 0.0000129 seconds
[2656.978s][info ][safepoint      ] Application time: 1.0000370 seconds
[2656.978s][info ][safepoint      ] Entering safepoint region: Cleanup
[2656.978s][info ][safepoint      ] Leaving safepoint region
[2656.978s][info ][safepoint      ] Total time for which application threads were stopped: 0.0000678 seconds, Stopping threads took: 0.0000116 seconds
[2657.978s][info ][safepoint      ] Application time: 1.0000738 seconds
[2657.978s][info ][safepoint      ] Entering safepoint region: Cleanup
[2657.978s][info ][safepoint      ] Leaving safepoint region
[2657.978s][info ][safepoint      ] Total time for which application threads were stopped: 0.0001340 seconds, Stopping threads took: 0.0000531 seconds
[2658.978s][info ][safepoint      ] Application time: 1.0000736 seconds
[2658.978s][info ][safepoint      ] Entering safepoint region: Cleanup
[2658.979s][info ][safepoint      ] Leaving safepoint region
[2658.979s][info ][safepoint      ] Total time for which application threads were stopped: 0.0000596 seconds, Stopping threads took: 0.0000128 seconds
[2661.403s][info ][safepoint      ] Application time: 2.4244851 seconds
[2661.403s][info ][safepoint      ] Entering safepoint region: ParallelGCFailedAllocation
[2661.403s][info ][gc,start       ] GC(308) Pause Young (Allocation Failure)
[2661.407s][debug][gc,phases      ] GC(308) Scavenge 3.660ms
[2661.407s][debug][gc,ref         ] GC(308) Skipped phase1 of Reference Processing due to unavailable references
[2661.407s][debug][gc,ref         ] GC(308) Skipped phase3 of Reference Processing due to unavailable references
[2661.407s][debug][gc,phases      ] GC(308) Reference Processing 0.027ms
[2661.407s][debug][gc,phases      ] GC(308) Weak Processing 0.136ms
[2661.408s][debug][gc,phases      ] GC(308) Scrub String Table 0.439ms
[2661.408s][debug][gc,age         ] GC(308) Desired survivor size 11534336 bytes, new threshold 15 (max threshold 15)
[2661.408s][info ][gc,heap        ] GC(308) PSYoungGen: 2078240K->3744K(2084864K)
[2661.408s][info ][gc,heap        ] GC(308) ParOldGen: 405313K->406233K(527360K)
[2661.408s][info ][gc,metaspace   ] GC(308) Metaspace: 76098K->76098K(1118208K)
[2661.408s][info ][gc             ] GC(308) Pause Young (Allocation Failure) 2425M->400M(2551M) 4.396ms
[2661.408s][info ][gc,cpu         ] GC(308) User=0.01s Sys=0.00s Real=0.00s
[2661.408s][info ][safepoint      ] Leaving safepoint region
[2661.408s][info ][safepoint      ] Total time for which application threads were stopped: 0.0045709 seconds, Stopping threads took: 0.0000422 seconds
[2665.408s][info ][safepoint      ] Application time: 4.0003079 seconds
[2665.408s][info ][safepoint      ] Entering safepoint region: Cleanup
[2665.408s][info ][safepoint      ] Leaving safepoint region
[2665.408s][info ][safepoint      ] Total time for which application threads were stopped: 0.0001201 seconds, Stopping threads took: 0.0000554 seconds
[2668.408s][info ][safepoint      ] Application time: 3.0001959 seconds
[2668.408s][info ][safepoint      ] Entering safepoint region: Cleanup
[2668.408s][info ][safepoint      ] Leaving safepoint region
[2668.408s][info ][safepoint      ] Total time for which application threads were stopped: 0.0000899 seconds, Stopping threads took: 0.0000344 seconds
[2671.901s][info ][safepoint      ] Application time: 3.4925259 seconds
[2671.901s][info ][safepoint      ] Entering safepoint region: ParallelGCFailedAllocation
[2671.901s][info ][gc,start       ] GC(309) Pause Young (Allocation Failure)
[2671.905s][debug][gc,phases      ] GC(309) Scavenge 3.446ms
[2671.905s][debug][gc,ref         ] GC(309) Skipped phase1 of Reference Processing due to unavailable references
[2671.905s][debug][gc,ref         ] GC(309) Skipped phase3 of Reference Processing due to unavailable references
[2671.905s][debug][gc,ref         ] GC(309) Skipped phase4 of Reference Processing due to unavailable references
[2671.905s][debug][gc,phases      ] GC(309) Reference Processing 0.040ms
[2671.905s][debug][gc,phases      ] GC(309) Weak Processing 0.156ms
[2671.905s][debug][gc,phases      ] GC(309) Scrub String Table 0.536ms
[2671.905s][debug][gc,age         ] GC(309) Desired survivor size 11010048 bytes, new threshold 15 (max threshold 15)
[2671.905s][info ][gc,heap        ] GC(309) PSYoungGen: 2077344K->3696K(2086400K)
[2671.905s][info ][gc,heap        ] GC(309) ParOldGen: 406233K->406265K(527360K)
[2671.905s][info ][gc,metaspace   ] GC(309) Metaspace: 76100K->76100K(1118208K)
[2671.906s][info ][gc             ] GC(309) Pause Young (Allocation Failure) 2425M->400M(2552M) 4.334ms
[2671.906s][info ][gc,cpu         ] GC(309) User=0.01s Sys=0.00s Real=0.00s
[2671.906s][info ][safepoint      ] Leaving safepoint region
[2671.906s][info ][safepoint      ] Total time for which application threads were stopped: 0.0045170 seconds, Stopping threads took: 0.0000190 seconds
[2676.906s][info ][safepoint      ] Application time: 5.0003706 seconds
[2676.906s][info ][safepoint      ] Entering safepoint region: Cleanup
[2676.906s][info ][safepoint      ] Leaving safepoint region
[2676.906s][info ][safepoint      ] Total time for which application threads were stopped: 0.0001109 seconds, Stopping threads took: 0.0000360 seconds
[2682.516s][info ][safepoint      ] Application time: 5.6100545 seconds
[2682.516s][info ][safepoint      ] Entering safepoint region: ParallelGCFailedAllocation
[2682.516s][info ][gc,start       ] GC(310) Pause Young (Allocation Failure)
[2682.520s][debug][gc,phases      ] GC(310) Scavenge 3.319ms
[2682.520s][debug][gc,ref         ] GC(310) Skipped phase1 of Reference Processing due to unavailable references
[2682.520s][debug][gc,ref         ] GC(310) Skipped phase3 of Reference Processing due to unavailable references
[2682.520s][debug][gc,ref         ] GC(310) Skipped phase4 of Reference Processing due to unavailable references
[2682.520s][debug][gc,phases      ] GC(310) Reference Processing 0.027ms
[2682.520s][debug][gc,phases      ] GC(310) Weak Processing 0.135ms
[2682.520s][debug][gc,phases      ] GC(310) Scrub String Table 0.459ms
[2682.520s][debug][gc,age         ] GC(310) Desired survivor size 10485760 bytes, new threshold 15 (max threshold 15)
[2682.520s][info ][gc,heap        ] GC(310) PSYoungGen: 2078832K->3584K(2085888K)
[2682.520s][info ][gc,heap        ] GC(310) ParOldGen: 406265K->406297K(527360K)
[2682.520s][info ][gc,metaspace   ] GC(310) Metaspace: 76100K->76100K(1118208K)
[2682.520s][info ][gc             ] GC(310) Pause Young (Allocation Failure) 2426M->400M(2552M) 4.074ms
[2682.520s][info ][gc,cpu         ] GC(310) User=0.01s Sys=0.00s Real=0.01s
[2682.520s][info ][safepoint      ] Leaving safepoint region
[2682.520s][info ][safepoint      ] Total time for which application threads were stopped: 0.0042322 seconds, Stopping threads took: 0.0000112 seconds
[2683.521s][info ][safepoint      ] Application time: 1.0000757 seconds
[2683.521s][info ][safepoint      ] Entering safepoint region: Cleanup
[2683.521s][info ][safepoint      ] Leaving safepoint region
[2683.521s][info ][safepoint      ] Total time for which application threads were stopped: 0.0001076 seconds, Stopping threads took: 0.0000355 seconds
[2693.061s][info ][safepoint      ] Application time: 9.5400991 seconds
[2693.061s][info ][safepoint      ] Entering safepoint region: ParallelGCFailedAllocation
[2693.061s][info ][gc,start       ] GC(311) Pause Young (Allocation Failure)
[2693.064s][debug][gc,phases      ] GC(311) Scavenge 3.255ms
[2693.064s][debug][gc,ref         ] GC(311) Skipped phase1 of Reference Processing due to unavailable references
[2693.064s][debug][gc,ref         ] GC(311) Skipped phase3 of Reference Processing due to unavailable references
[2693.064s][debug][gc,ref         ] GC(311) Skipped phase4 of Reference Processing due to unavailable references
[2693.064s][debug][gc,phases      ] GC(311) Reference Processing 0.029ms
[2693.064s][debug][gc,phases      ] GC(311) Weak Processing 0.138ms
[2693.065s][debug][gc,phases      ] GC(311) Scrub String Table 0.448ms
[2693.065s][debug][gc,age         ] GC(311) Desired survivor size 9961472 bytes, new threshold 15 (max threshold 15)
[2693.065s][info ][gc,heap        ] GC(311) PSYoungGen: 2078720K->3648K(2087424K)
[2693.065s][info ][gc,heap        ] GC(311) ParOldGen: 406297K->406341K(527360K)
[2693.065s][info ][gc,metaspace   ] GC(311) Metaspace: 76100K->76100K(1118208K)
[2693.065s][info ][gc             ] GC(311) Pause Young (Allocation Failure) 2426M->400M(2553M) 3.997ms
[2693.065s][info ][gc,cpu         ] GC(311) User=0.01s Sys=0.00s Real=0.00s
[2693.065s][info ][safepoint      ] Leaving safepoint region
[2693.065s][info ][safepoint      ] Total time for which application threads were stopped: 0.0041612 seconds, Stopping threads took: 0.0000159 seconds
[2703.453s][info ][safepoint      ] Application time: 10.3884697 seconds
[2703.454s][info ][safepoint      ] Entering safepoint region: ParallelGCFailedAllocation
[2703.454s][info ][gc,start       ] GC(312) Pause Young (Allocation Failure)
[2703.457s][debug][gc,phases      ] GC(312) Scavenge 3.445ms
[2703.457s][debug][gc,ref         ] GC(312) Skipped phase1 of Reference Processing due to unavailable references
[2703.457s][debug][gc,ref         ] GC(312) Skipped phase3 of Reference Processing due to unavailable references
[2703.457s][debug][gc,ref         ] GC(312) Skipped phase4 of Reference Processing due to unavailable references
[2703.457s][debug][gc,phases      ] GC(312) Reference Processing 0.058ms
[2703.457s][debug][gc,phases      ] GC(312) Weak Processing 0.161ms
[2703.458s][debug][gc,phases      ] GC(312) Scrub String Table 0.578ms
[2703.458s][debug][gc,age         ] GC(312) Desired survivor size 9961472 bytes, new threshold 15 (max threshold 15)
[2703.458s][info ][gc,heap        ] GC(312) PSYoungGen: 2080832K->3552K(2086912K)
[2703.458s][info ][gc,heap        ] GC(312) ParOldGen: 406341K->406373K(527360K)
[2703.458s][info ][gc,metaspace   ] GC(312) Metaspace: 76100K->76100K(1118208K)
[2703.458s][info ][gc             ] GC(312) Pause Young (Allocation Failure) 2428M->400M(2553M) 4.464ms
[2703.458s][info ][gc,cpu         ] GC(312) User=0.02s Sys=0.00s Real=0.00s
[2703.458s][info ][safepoint      ] Leaving safepoint region
[2703.458s][info ][safepoint      ] Total time for which application threads were stopped: 0.0046478 seconds, Stopping threads took: 0.0000399 seconds
[2714.069s][info ][safepoint      ] Application time: 10.6107558 seconds
[2714.069s][info ][safepoint      ] Entering safepoint region: ParallelGCFailedAllocation
[2714.069s][info ][gc,start       ] GC(313) Pause Young (Allocation Failure)
[2714.072s][debug][gc,phases      ] GC(313) Scavenge 3.377ms
[2714.073s][debug][gc,ref         ] GC(313) Skipped phase1 of Reference Processing due to unavailable references
[2714.073s][debug][gc,ref         ] GC(313) Skipped phase3 of Reference Processing due to unavailable references
[2714.073s][debug][gc,ref         ] GC(313) Skipped phase4 of Reference Processing due to unavailable references
[2714.073s][debug][gc,phases      ] GC(313) Reference Processing 0.029ms
[2714.073s][debug][gc,phases      ] GC(313) Weak Processing 0.136ms
[2714.073s][debug][gc,phases      ] GC(313) Scrub String Table 0.427ms
[2714.073s][debug][gc,age         ] GC(313) Desired survivor size 9437184 bytes, new threshold 15 (max threshold 15)
[2714.073s][info ][gc,heap        ] GC(313) PSYoungGen: 2080736K->3712K(2087936K)
[2714.073s][info ][gc,heap        ] GC(313) ParOldGen: 406373K->406405K(527360K)
[2714.073s][info ][gc,metaspace   ] GC(313) Metaspace: 76103K->76103K(1118208K)
[2714.073s][info ][gc             ] GC(313) Pause Young (Allocation Failure) 2428M->400M(2554M) 4.095ms
[2714.073s][info ][gc,cpu         ] GC(313) User=0.01s Sys=0.00s Real=0.01s
[2714.073s][info ][safepoint      ] Leaving safepoint region
[2714.073s][info ][safepoint      ] Total time for which application threads were stopped: 0.0042565 seconds, Stopping threads took: 0.0000241 seconds
[2717.073s][info ][safepoint      ] Application time: 3.0002136 seconds
[2717.073s][info ][safepoint      ] Entering safepoint region: Cleanup
[2717.074s][info ][safepoint      ] Leaving safepoint region
[2717.074s][info ][safepoint      ] Total time for which application threads were stopped: 0.0001131 seconds, Stopping threads took: 0.0000323 seconds
[2721.074s][info ][safepoint      ] Application time: 4.0002898 seconds
[2721.074s][info ][safepoint      ] Entering safepoint region: Cleanup
[2721.074s][info ][safepoint      ] Leaving safepoint region
[2721.074s][info ][safepoint      ] Total time for which application threads were stopped: 0.0001139 seconds, Stopping threads took: 0.0000499 seconds
[2722.074s][info ][safepoint      ] Application time: 1.0000789 seconds
[2722.074s][info ][safepoint      ] Entering safepoint region: Cleanup
[2722.074s][info ][safepoint      ] Leaving safepoint region
[2722.074s][info ][safepoint      ] Total time for which application threads were stopped: 0.0001232 seconds, Stopping threads took: 0.0000599 seconds
[2723.973s][info ][safepoint      ] Application time: 1.8991915 seconds
[2723.974s][info ][safepoint      ] Entering safepoint region: ParallelGCFailedAllocation
[2723.974s][info ][gc,start       ] GC(314) Pause Young (Allocation Failure)
[2723.977s][debug][gc,phases      ] GC(314) Scavenge 3.761ms
[2723.977s][debug][gc,ref         ] GC(314) Skipped phase1 of Reference Processing due to unavailable references
[2723.977s][debug][gc,ref         ] GC(314) Skipped phase3 of Reference Processing due to unavailable references
[2723.977s][debug][gc,phases      ] GC(314) Reference Processing 0.028ms
[2723.978s][debug][gc,phases      ] GC(314) Weak Processing 0.122ms
[2723.978s][debug][gc,phases      ] GC(314) Scrub String Table 0.455ms
[2723.978s][debug][gc,age         ] GC(314) Desired survivor size 8912896 bytes, new threshold 15 (max threshold 15)
[2723.978s][info ][gc,heap        ] GC(314) PSYoungGen: 2081920K->3776K(2087424K)
[2723.978s][info ][gc,heap        ] GC(314) ParOldGen: 406405K->406461K(527360K)
[2723.978s][info ][gc,metaspace   ] GC(314) Metaspace: 76107K->76107K(1118208K)
[2723.978s][info ][gc             ] GC(314) Pause Young (Allocation Failure) 2430M->400M(2553M) 4.507ms
[2723.978s][info ][gc,cpu         ] GC(314) User=0.02s Sys=0.00s Real=0.00s
[2723.978s][info ][safepoint      ] Leaving safepoint region
[2723.978s][info ][safepoint      ] Total time for which application threads were stopped: 0.0046668 seconds, Stopping threads took: 0.0000136 seconds
[2734.555s][info ][safepoint      ] Application time: 10.5768330 seconds
[2734.555s][info ][safepoint      ] Entering safepoint region: ParallelGCFailedAllocation
[2734.555s][info ][gc,start       ] GC(315) Pause Young (Allocation Failure)
[2734.559s][debug][gc,phases      ] GC(315) Scavenge 3.488ms
[2734.559s][debug][gc,ref         ] GC(315) Skipped phase1 of Reference Processing due to unavailable references
[2734.559s][debug][gc,ref         ] GC(315) Skipped phase3 of Reference Processing due to unavailable references
[2734.559s][debug][gc,phases      ] GC(315) Reference Processing 0.027ms
[2734.559s][debug][gc,phases      ] GC(315) Weak Processing 0.138ms
[2734.559s][debug][gc,phases      ] GC(315) Scrub String Table 0.440ms
[2734.559s][debug][gc,age         ] GC(315) Desired survivor size 8912896 bytes, new threshold 15 (max threshold 15)
[2734.559s][info ][gc,heap        ] GC(315) PSYoungGen: 2081984K->3712K(2088448K)
[2734.559s][info ][gc,heap        ] GC(315) ParOldGen: 406461K->406501K(527360K)
[2734.559s][info ][gc,metaspace   ] GC(315) Metaspace: 76107K->76107K(1118208K)
[2734.559s][info ][gc             ] GC(315) Pause Young (Allocation Failure) 2430M->400M(2554M) 4.223ms
[2734.559s][info ][gc,cpu         ] GC(315) User=0.01s Sys=0.00s Real=0.00s
[2734.559s][info ][safepoint      ] Leaving safepoint region
[2734.559s][info ][safepoint      ] Total time for which application threads were stopped: 0.0043750 seconds, Stopping threads took: 0.0000124 seconds
[2743.560s][info ][safepoint      ] Application time: 9.0006775 seconds
[2743.560s][info ][safepoint      ] Entering safepoint region: Cleanup
[2743.560s][info ][safepoint      ] Leaving safepoint region
[2743.560s][info ][safepoint      ] Total time for which application threads were stopped: 0.0001202 seconds, Stopping threads took: 0.0000548 seconds
[2744.661s][info ][safepoint      ] Application time: 1.1009387 seconds
[2744.661s][info ][safepoint      ] Entering safepoint region: ParallelGCFailedAllocation
[2744.661s][info ][gc,start       ] GC(316) Pause Young (Allocation Failure)
[2744.665s][debug][gc,phases      ] GC(316) Scavenge 3.540ms
[2744.665s][debug][gc,ref         ] GC(316) Skipped phase1 of Reference Processing due to unavailable references
[2744.665s][debug][gc,ref         ] GC(316) Skipped phase3 of Reference Processing due to unavailable references
[2744.665s][debug][gc,phases      ] GC(316) Reference Processing 0.027ms
[2744.665s][debug][gc,phases      ] GC(316) Weak Processing 0.134ms
[2744.666s][debug][gc,phases      ] GC(316) Scrub String Table 0.417ms
[2744.666s][debug][gc,age         ] GC(316) Desired survivor size 8388608 bytes, new threshold 15 (max threshold 15)
[2744.666s][info ][gc,heap        ] GC(316) PSYoungGen: 2083456K->4128K(2088448K)
[2744.666s][info ][gc,heap        ] GC(316) ParOldGen: 406501K->406533K(527360K)
[2744.666s][info ][gc,metaspace   ] GC(316) Metaspace: 76108K->76108K(1118208K)
[2744.666s][info ][gc             ] GC(316) Pause Young (Allocation Failure) 2431M->401M(2554M) 4.233ms
[2744.666s][info ][gc,cpu         ] GC(316) User=0.01s Sys=0.00s Real=0.00s
[2744.666s][info ][safepoint      ] Leaving safepoint region
[2744.666s][info ][safepoint      ] Total time for which application threads were stopped: 0.0043999 seconds, Stopping threads took: 0.0000129 seconds
[2747.666s][info ][safepoint      ] Application time: 3.0002251 seconds
[2747.666s][info ][safepoint      ] Entering safepoint region: Cleanup
[2747.666s][info ][safepoint      ] Leaving safepoint region
[2747.666s][info ][safepoint      ] Total time for which application threads were stopped: 0.0001108 seconds, Stopping threads took: 0.0000357 seconds
[2752.666s][info ][safepoint      ] Application time: 5.0003480 seconds
[2752.666s][info ][safepoint      ] Entering safepoint region: Cleanup
[2752.667s][info ][safepoint      ] Leaving safepoint region
[2752.667s][info ][safepoint      ] Total time for which application threads were stopped: 0.0001182 seconds, Stopping threads took: 0.0000377 seconds
[2754.667s][info ][safepoint      ] Application time: 2.0001506 seconds
[2754.667s][info ][safepoint      ] Entering safepoint region: Cleanup
[2754.667s][info ][safepoint      ] Leaving safepoint region
[2754.667s][info ][safepoint      ] Total time for which application threads were stopped: 0.0001072 seconds, Stopping threads took: 0.0000412 seconds
[2754.777s][info ][safepoint      ] Application time: 0.1103221 seconds
[2754.777s][info ][safepoint      ] Entering safepoint region: ParallelGCFailedAllocation
[2754.777s][info ][gc,start       ] GC(317) Pause Young (Allocation Failure)
[2754.781s][debug][gc,phases      ] GC(317) Scavenge 3.944ms
[2754.781s][debug][gc,ref         ] GC(317) Skipped phase1 of Reference Processing due to unavailable references
[2754.781s][debug][gc,ref         ] GC(317) Skipped phase3 of Reference Processing due to unavailable references
[2754.781s][debug][gc,phases      ] GC(317) Reference Processing 0.032ms
[2754.781s][debug][gc,phases      ] GC(317) Weak Processing 0.139ms
[2754.782s][debug][gc,phases      ] GC(317) Scrub String Table 0.442ms
[2754.782s][debug][gc,age         ] GC(317) Desired survivor size 7864320 bytes, new threshold 15 (max threshold 15)
[2754.782s][info ][gc,heap        ] GC(317) PSYoungGen: 2083872K->3872K(2089472K)
[2754.782s][info ][gc,heap        ] GC(317) ParOldGen: 406533K->406621K(527360K)
[2754.782s][info ][gc,metaspace   ] GC(317) Metaspace: 76119K->76119K(1118208K)
[2754.782s][info ][gc             ] GC(317) Pause Young (Allocation Failure) 2432M->400M(2555M) 4.685ms
[2754.782s][info ][gc,cpu         ] GC(317) User=0.02s Sys=0.00s Real=0.01s
[2754.782s][info ][safepoint      ] Leaving safepoint region
[2754.782s][info ][safepoint      ] Total time for which application threads were stopped: 0.0048438 seconds, Stopping threads took: 0.0000133 seconds
[2755.782s][info ][safepoint      ] Application time: 1.0000822 seconds
[2755.782s][info ][safepoint      ] Entering safepoint region: Cleanup
[2755.782s][info ][safepoint      ] Leaving safepoint region
[2755.782s][info ][safepoint      ] Total time for which application threads were stopped: 0.0000736 seconds, Stopping threads took: 0.0000140 seconds
[2764.783s][info ][safepoint      ] Application time: 9.0006446 seconds
[2764.783s][info ][safepoint      ] Entering safepoint region: Cleanup
[2764.783s][info ][safepoint      ] Leaving safepoint region
[2764.783s][info ][safepoint      ] Total time for which application threads were stopped: 0.0000745 seconds, Stopping threads took: 0.0000139 seconds
[2765.275s][info ][safepoint      ] Application time: 0.4922900 seconds
[2765.275s][info ][safepoint      ] Entering safepoint region: ParallelGCFailedAllocation
[2765.275s][info ][gc,start       ] GC(318) Pause Young (Allocation Failure)
[2765.279s][debug][gc,phases      ] GC(318) Scavenge 3.273ms
[2765.279s][debug][gc,ref         ] GC(318) Skipped phase1 of Reference Processing due to unavailable references
[2765.279s][debug][gc,ref         ] GC(318) Skipped phase3 of Reference Processing due to unavailable references
[2765.279s][debug][gc,phases      ] GC(318) Reference Processing 0.034ms
[2765.279s][debug][gc,phases      ] GC(318) Weak Processing 0.168ms
[2765.280s][debug][gc,phases      ] GC(318) Scrub String Table 0.561ms
[2765.280s][debug][gc,age         ] GC(318) Desired survivor size 7864320 bytes, new threshold 15 (max threshold 15)
[2765.280s][info ][gc,heap        ] GC(318) PSYoungGen: 2085152K->3456K(2088960K)
[2765.280s][info ][gc,heap        ] GC(318) ParOldGen: 406621K->406753K(527360K)
[2765.280s][info ][gc,metaspace   ] GC(318) Metaspace: 76122K->76122K(1118208K)
[2765.280s][info ][gc             ] GC(318) Pause Young (Allocation Failure) 2433M->400M(2555M) 4.214ms
[2765.280s][info ][gc,cpu         ] GC(318) User=0.01s Sys=0.00s Real=0.00s
[2765.280s][info ][safepoint      ] Leaving safepoint region
[2765.280s][info ][safepoint      ] Total time for which application threads were stopped: 0.0043822 seconds, Stopping threads took: 0.0000184 seconds
[2767.280s][info ][safepoint      ] Application time: 2.0001616 seconds
[2767.280s][info ][safepoint      ] Entering safepoint region: Cleanup
[2767.280s][info ][safepoint      ] Leaving safepoint region
[2767.280s][info ][safepoint      ] Total time for which application threads were stopped: 0.0000879 seconds, Stopping threads took: 0.0000162 seconds
[2771.280s][info ][safepoint      ] Application time: 4.0002609 seconds
[2771.280s][info ][safepoint      ] Entering safepoint region: Cleanup
[2771.280s][info ][safepoint      ] Leaving safepoint region
[2771.280s][info ][safepoint      ] Total time for which application threads were stopped: 0.0000775 seconds, Stopping threads took: 0.0000226 seconds
[2772.280s][info ][safepoint      ] Application time: 1.0000432 seconds
[2772.280s][info ][safepoint      ] Entering safepoint region: Cleanup
[2772.281s][info ][safepoint      ] Leaving safepoint region
[2772.281s][info ][safepoint      ] Total time for which application threads were stopped: 0.0000675 seconds, Stopping threads took: 0.0000138 seconds
[2773.281s][info ][safepoint      ] Application time: 1.0000689 seconds
[2773.281s][info ][safepoint      ] Entering safepoint region: Cleanup
[2773.281s][info ][safepoint      ] Leaving safepoint region
[2773.281s][info ][safepoint      ] Total time for which application threads were stopped: 0.0001050 seconds, Stopping threads took: 0.0000193 seconds
[2775.912s][info ][safepoint      ] Application time: 2.6316952 seconds
[2775.912s][info ][safepoint      ] Entering safepoint region: ParallelGCFailedAllocation
[2775.913s][info ][gc,start       ] GC(319) Pause Young (Allocation Failure)
[2775.916s][debug][gc,phases      ] GC(319) Scavenge 3.195ms
[2775.916s][debug][gc,ref         ] GC(319) Skipped phase1 of Reference Processing due to unavailable references
[2775.916s][debug][gc,ref         ] GC(319) Skipped phase3 of Reference Processing due to unavailable references
[2775.916s][debug][gc,phases      ] GC(319) Reference Processing 0.026ms
[2775.916s][debug][gc,phases      ] GC(319) Weak Processing 0.133ms
[2775.916s][debug][gc,phases      ] GC(319) Scrub String Table 0.453ms
[2775.916s][debug][gc,age         ] GC(319) Desired survivor size 7864320 bytes, new threshold 15 (max threshold 15)
[2775.916s][info ][gc,heap        ] GC(319) PSYoungGen: 2084736K->3424K(2089472K)
[2775.916s][info ][gc,heap        ] GC(319) ParOldGen: 406753K->406801K(527360K)
[2775.916s][info ][gc,metaspace   ] GC(319) Metaspace: 76124K->76124K(1118208K)
[2775.917s][info ][gc             ] GC(319) Pause Young (Allocation Failure) 2433M->400M(2555M) 3.917ms
[2775.917s][info ][gc,cpu         ] GC(319) User=0.01s Sys=0.00s Real=0.00s
[2775.917s][info ][safepoint      ] Leaving safepoint region
[2775.917s][info ][safepoint      ] Total time for which application threads were stopped: 0.0040680 seconds, Stopping threads took: 0.0000126 seconds
[2776.654s][info ][safepoint      ] Application time: 0.7374632 seconds
[2776.654s][info ][safepoint      ] Entering safepoint region: RevokeBias
[2776.654s][info ][safepoint      ] Leaving safepoint region
[2776.654s][info ][safepoint      ] Total time for which application threads were stopped: 0.0001034 seconds, Stopping threads took: 0.0000394 seconds
[2777.165s][info ][safepoint      ] Application time: 0.5110061 seconds
[2777.165s][info ][safepoint      ] Entering safepoint region: RevokeBias
[2777.165s][info ][safepoint      ] Leaving safepoint region
[2777.165s][info ][safepoint      ] Total time for which application threads were stopped: 0.0002032 seconds, Stopping threads took: 0.0000495 seconds
[2779.166s][info ][safepoint      ] Application time: 2.0001159 seconds
[2779.166s][info ][safepoint      ] Entering safepoint region: Cleanup
[2779.166s][info ][safepoint      ] Leaving safepoint region
[2779.166s][info ][safepoint      ] Total time for which application threads were stopped: 0.0001059 seconds, Stopping threads took: 0.0000401 seconds
[2786.166s][info ][safepoint      ] Application time: 7.0005166 seconds
[2786.166s][info ][safepoint      ] Entering safepoint region: Cleanup
[2786.166s][info ][safepoint      ] Leaving safepoint region
[2786.166s][info ][safepoint      ] Total time for which application threads were stopped: 0.0000987 seconds, Stopping threads took: 0.0000372 seconds
[2786.369s][info ][safepoint      ] Application time: 0.2028077 seconds
[2786.369s][info ][safepoint      ] Entering safepoint region: ParallelGCFailedAllocation
[2786.369s][info ][gc,start       ] GC(320) Pause Young (Allocation Failure)
[2786.373s][debug][gc,phases      ] GC(320) Scavenge 3.501ms
[2786.373s][debug][gc,ref         ] GC(320) Skipped phase1 of Reference Processing due to unavailable references
[2786.373s][debug][gc,ref         ] GC(320) Skipped phase3 of Reference Processing due to unavailable references
[2786.373s][debug][gc,ref         ] GC(320) Skipped phase4 of Reference Processing due to unavailable references
[2786.373s][debug][gc,phases      ] GC(320) Reference Processing 0.030ms
[2786.373s][debug][gc,phases      ] GC(320) Weak Processing 0.140ms
[2786.374s][debug][gc,phases      ] GC(320) Scrub String Table 0.444ms
[2786.374s][debug][gc,age         ] GC(320) Desired survivor size 7340032 bytes, new threshold 15 (max threshold 15)
[2786.374s][info ][gc,heap        ] GC(320) PSYoungGen: 2085216K->3456K(2089472K)
[2786.374s][info ][gc,heap        ] GC(320) ParOldGen: 406801K->406873K(527360K)
[2786.374s][info ][gc,metaspace   ] GC(320) Metaspace: 76125K->76125K(1118208K)
[2786.374s][info ][gc             ] GC(320) Pause Young (Allocation Failure) 2433M->400M(2555M) 4.245ms
[2786.374s][info ][gc,cpu         ] GC(320) User=0.02s Sys=0.00s Real=0.01s
[2786.374s][info ][safepoint      ] Leaving safepoint region
[2786.374s][info ][safepoint      ] Total time for which application threads were stopped: 0.0043849 seconds, Stopping threads took: 0.0000115 seconds
[2788.374s][info ][safepoint      ] Application time: 2.0001479 seconds
[2788.374s][info ][safepoint      ] Entering safepoint region: Cleanup
[2788.374s][info ][safepoint      ] Leaving safepoint region
[2788.374s][info ][safepoint      ] Total time for which application threads were stopped: 0.0001014 seconds, Stopping threads took: 0.0000352 seconds
[2789.374s][info ][safepoint      ] Application time: 1.0000837 seconds
[2789.374s][info ][safepoint      ] Entering safepoint region: Cleanup
[2789.374s][info ][safepoint      ] Leaving safepoint region
[2789.374s][info ][safepoint      ] Total time for which application threads were stopped: 0.0001125 seconds, Stopping threads took: 0.0000379 seconds
[2796.853s][info ][safepoint      ] Application time: 7.4788096 seconds
[2796.853s][info ][safepoint      ] Entering safepoint region: ParallelGCFailedAllocation
[2796.853s][info ][gc,start       ] GC(321) Pause Young (Allocation Failure)
[2796.865s][debug][gc,phases      ] GC(321) Scavenge 12.117ms
[2796.865s][debug][gc,ref         ] GC(321) Skipped phase1 of Reference Processing due to unavailable references
[2796.865s][debug][gc,ref         ] GC(321) Skipped phase3 of Reference Processing due to unavailable references
[2796.865s][debug][gc,ref         ] GC(321) Skipped phase4 of Reference Processing due to unavailable references
[2796.865s][debug][gc,phases      ] GC(321) Reference Processing 0.036ms
[2796.866s][debug][gc,phases      ] GC(321) Weak Processing 0.174ms
[2796.866s][debug][gc,phases      ] GC(321) Scrub String Table 0.538ms
[2796.866s][debug][gc,age         ] GC(321) Desired survivor size 7340032 bytes, new threshold 15 (max threshold 15)
[2796.866s][info ][gc,heap        ] GC(321) PSYoungGen: 2085248K->3568K(2089984K)
[2796.866s][info ][gc,heap        ] GC(321) ParOldGen: 406873K->406929K(527360K)
[2796.866s][info ][gc,metaspace   ] GC(321) Metaspace: 76128K->76128K(1118208K)
[2796.866s][info ][gc             ] GC(321) Pause Young (Allocation Failure) 2433M->400M(2556M) 13.005ms
[2796.866s][info ][gc,cpu         ] GC(321) User=0.02s Sys=0.00s Real=0.01s
[2796.866s][info ][safepoint      ] Leaving safepoint region
[2796.866s][info ][safepoint      ] Total time for which application threads were stopped: 0.0131693 seconds, Stopping threads took: 0.0000183 seconds
[2799.866s][info ][safepoint      ] Application time: 3.0002304 seconds
[2799.866s][info ][safepoint      ] Entering safepoint region: Cleanup
[2799.867s][info ][safepoint      ] Leaving safepoint region
[2799.867s][info ][safepoint      ] Total time for which application threads were stopped: 0.0001182 seconds, Stopping threads took: 0.0000376 seconds
[2800.867s][info ][safepoint      ] Application time: 1.0000928 seconds
[2800.874s][info ][safepoint      ] Entering safepoint region: Cleanup
[2800.874s][info ][safepoint      ] Leaving safepoint region
[2800.874s][info ][safepoint      ] Total time for which application threads were stopped: 0.0077171 seconds, Stopping threads took: 0.0076387 seconds
[2801.874s][info ][safepoint      ] Application time: 1.0000807 seconds
[2801.875s][info ][safepoint      ] Entering safepoint region: Cleanup
[2801.875s][info ][safepoint      ] Leaving safepoint region
[2801.875s][info ][safepoint      ] Total time for which application threads were stopped: 0.0000980 seconds, Stopping threads took: 0.0000390 seconds
[2803.875s][info ][safepoint      ] Application time: 2.0001653 seconds
[2803.875s][info ][safepoint      ] Entering safepoint region: Cleanup
[2803.875s][info ][safepoint      ] Leaving safepoint region
[2803.875s][info ][safepoint      ] Total time for which application threads were stopped: 0.0001168 seconds, Stopping threads took: 0.0000403 seconds
[2807.330s][info ][safepoint      ] Application time: 3.4548521 seconds
[2807.330s][info ][safepoint      ] Entering safepoint region: ParallelGCFailedAllocation
[2807.330s][info ][gc,start       ] GC(322) Pause Young (Allocation Failure)
[2807.335s][debug][gc,phases      ] GC(322) Scavenge 4.797ms
[2807.335s][debug][gc,ref         ] GC(322) Skipped phase1 of Reference Processing due to unavailable references
[2807.335s][debug][gc,ref         ] GC(322) Skipped phase3 of Reference Processing due to unavailable references
[2807.335s][debug][gc,ref         ] GC(322) Skipped phase4 of Reference Processing due to unavailable references
[2807.335s][debug][gc,phases      ] GC(322) Reference Processing 0.037ms
[2807.335s][debug][gc,phases      ] GC(322) Weak Processing 0.152ms
[2807.336s][debug][gc,phases      ] GC(322) Scrub String Table 0.580ms
[2807.336s][debug][gc,age         ] GC(322) Desired survivor size 6815744 bytes, new threshold 15 (max threshold 15)
[2807.336s][info ][gc,heap        ] GC(322) PSYoungGen: 2086384K->3520K(2089984K)
[2807.336s][info ][gc,heap        ] GC(322) ParOldGen: 406929K->406953K(527360K)
[2807.336s][info ][gc,metaspace   ] GC(322) Metaspace: 76131K->76131K(1118208K)
[2807.336s][info ][gc             ] GC(322) Pause Young (Allocation Failure) 2434M->400M(2556M) 5.711ms
[2807.336s][info ][gc,cpu         ] GC(322) User=0.01s Sys=0.00s Real=0.01s
[2807.336s][info ][safepoint      ] Leaving safepoint region
[2807.336s][info ][safepoint      ] Total time for which application threads were stopped: 0.0059182 seconds, Stopping threads took: 0.0000524 seconds
[2808.336s][info ][safepoint      ] Application time: 1.0007152 seconds
[2808.336s][info ][safepoint      ] Entering safepoint region: Cleanup
[2808.337s][info ][safepoint      ] Leaving safepoint region
[2808.337s][info ][safepoint      ] Total time for which application threads were stopped: 0.0000850 seconds, Stopping threads took: 0.0000167 seconds
[2810.337s][info ][safepoint      ] Application time: 2.0001502 seconds
[2810.337s][info ][safepoint      ] Entering safepoint region: Cleanup
[2810.337s][info ][safepoint      ] Leaving safepoint region
[2810.337s][info ][safepoint      ] Total time for which application threads were stopped: 0.0001194 seconds, Stopping threads took: 0.0000364 seconds
[2811.337s][info ][safepoint      ] Application time: 1.0000958 seconds
[2811.337s][info ][safepoint      ] Entering safepoint region: Cleanup
[2811.337s][info ][safepoint      ] Leaving safepoint region
[2811.337s][info ][safepoint      ] Total time for which application threads were stopped: 0.0001080 seconds, Stopping threads took: 0.0000253 seconds
[2812.337s][info ][safepoint      ] Application time: 1.0000859 seconds
[2812.337s][info ][safepoint      ] Entering safepoint region: Cleanup
[2812.337s][info ][safepoint      ] Leaving safepoint region
[2812.337s][info ][safepoint      ] Total time for which application threads were stopped: 0.0001113 seconds, Stopping threads took: 0.0000357 seconds
[2816.338s][info ][safepoint      ] Application time: 4.0003085 seconds
[2816.338s][info ][safepoint      ] Entering safepoint region: Cleanup
[2816.338s][info ][safepoint      ] Leaving safepoint region
[2816.338s][info ][safepoint      ] Total time for which application threads were stopped: 0.0000803 seconds, Stopping threads took: 0.0000278 seconds
[2817.652s][info ][safepoint      ] Application time: 1.3145389 seconds
[2817.652s][info ][safepoint      ] Entering safepoint region: ParallelGCFailedAllocation
[2817.653s][info ][gc,start       ] GC(323) Pause Young (Allocation Failure)
[2817.656s][debug][gc,phases      ] GC(323) Scavenge 3.828ms
[2817.656s][debug][gc,ref         ] GC(323) Skipped phase1 of Reference Processing due to unavailable references
[2817.656s][debug][gc,ref         ] GC(323) Skipped phase2 of Reference Processing due to unavailable references
[2817.656s][debug][gc,ref         ] GC(323) Skipped phase3 of Reference Processing due to unavailable references
[2817.656s][debug][gc,ref         ] GC(323) Skipped phase4 of Reference Processing due to unavailable references
[2817.657s][debug][gc,phases      ] GC(323) Reference Processing 0.028ms
[2817.657s][debug][gc,phases      ] GC(323) Weak Processing 0.123ms
[2817.657s][debug][gc,phases      ] GC(323) Scrub String Table 0.427ms
[2817.657s][debug][gc,age         ] GC(323) Desired survivor size 6815744 bytes, new threshold 15 (max threshold 15)
[2817.657s][info ][gc,heap        ] GC(323) PSYoungGen: 2086336K->3792K(2090496K)
[2817.657s][info ][gc,heap        ] GC(323) ParOldGen: 406953K->406985K(527360K)
[2817.657s][info ][gc,metaspace   ] GC(323) Metaspace: 76165K->76165K(1118208K)
[2817.657s][info ][gc             ] GC(323) Pause Young (Allocation Failure) 2434M->401M(2556M) 4.522ms
[2817.657s][info ][gc,cpu         ] GC(323) User=0.01s Sys=0.00s Real=0.00s
[2817.657s][info ][safepoint      ] Leaving safepoint region
[2817.657s][info ][safepoint      ] Total time for which application threads were stopped: 0.0047418 seconds, Stopping threads took: 0.0000735 seconds
[2818.657s][info ][safepoint      ] Application time: 1.0001032 seconds
[2818.657s][info ][safepoint      ] Entering safepoint region: Cleanup
[2818.657s][info ][safepoint      ] Leaving safepoint region
[2818.657s][info ][safepoint      ] Total time for which application threads were stopped: 0.0001275 seconds, Stopping threads took: 0.0000494 seconds
[2824.658s][info ][safepoint      ] Application time: 6.0004171 seconds
[2824.658s][info ][safepoint      ] Entering safepoint region: Cleanup
[2824.658s][info ][safepoint      ] Leaving safepoint region
[2824.658s][info ][safepoint      ] Total time for which application threads were stopped: 0.0000946 seconds, Stopping threads took: 0.0000318 seconds
[2828.071s][info ][safepoint      ] Application time: 3.4127520 seconds
[2828.071s][info ][safepoint      ] Entering safepoint region: ParallelGCFailedAllocation
[2828.071s][info ][gc,start       ] GC(324) Pause Young (Allocation Failure)
[2828.074s][debug][gc,phases      ] GC(324) Scavenge 3.179ms
[2828.074s][debug][gc,ref         ] GC(324) Skipped phase1 of Reference Processing due to unavailable references
[2828.074s][debug][gc,ref         ] GC(324) Skipped phase2 of Reference Processing due to unavailable references
[2828.074s][debug][gc,ref         ] GC(324) Skipped phase3 of Reference Processing due to unavailable references
[2828.074s][debug][gc,ref         ] GC(324) Skipped phase4 of Reference Processing due to unavailable references
[2828.074s][debug][gc,phases      ] GC(324) Reference Processing 0.028ms
[2828.074s][debug][gc,phases      ] GC(324) Weak Processing 0.140ms
[2828.075s][debug][gc,phases      ] GC(324) Scrub String Table 0.438ms
[2828.075s][debug][gc,age         ] GC(324) Desired survivor size 6291456 bytes, new threshold 15 (max threshold 15)
[2828.075s][info ][gc,heap        ] GC(324) PSYoungGen: 2087632K->3680K(2090496K)
[2828.075s][info ][gc,heap        ] GC(324) ParOldGen: 406985K->407041K(527360K)
[2828.075s][info ][gc,metaspace   ] GC(324) Metaspace: 76166K->76166K(1118208K)
[2828.075s][info ][gc             ] GC(324) Pause Young (Allocation Failure) 2436M->401M(2556M) 3.901ms
[2828.075s][info ][gc,cpu         ] GC(324) User=0.02s Sys=0.00s Real=0.01s
[2828.075s][info ][safepoint      ] Leaving safepoint region
[2828.075s][info ][safepoint      ] Total time for which application threads were stopped: 0.0040470 seconds, Stopping threads took: 0.0000132 seconds
[2830.075s][info ][safepoint      ] Application time: 2.0001436 seconds
[2830.075s][info ][safepoint      ] Entering safepoint region: Cleanup
[2830.075s][info ][safepoint      ] Leaving safepoint region
[2830.075s][info ][safepoint      ] Total time for which application threads were stopped: 0.0000936 seconds, Stopping threads took: 0.0000348 seconds
[2834.075s][info ][safepoint      ] Application time: 4.0002273 seconds
[2834.075s][info ][safepoint      ] Entering safepoint region: Cleanup
[2834.076s][info ][safepoint      ] Leaving safepoint region
[2834.076s][info ][safepoint      ] Total time for which application threads were stopped: 0.0001269 seconds, Stopping threads took: 0.0000494 seconds
[2838.076s][info ][safepoint      ] Application time: 4.0002719 seconds
[2838.076s][info ][safepoint      ] Entering safepoint region: Cleanup
[2838.076s][info ][safepoint      ] Leaving safepoint region
[2838.076s][info ][safepoint      ] Total time for which application threads were stopped: 0.0000874 seconds, Stopping threads took: 0.0000357 seconds
[2838.559s][info ][safepoint      ] Application time: 0.4826146 seconds
[2838.559s][info ][safepoint      ] Entering safepoint region: ParallelGCFailedAllocation
[2838.559s][info ][gc,start       ] GC(325) Pause Young (Allocation Failure)
[2838.562s][debug][gc,phases      ] GC(325) Scavenge 3.177ms
[2838.562s][debug][gc,ref         ] GC(325) Skipped phase1 of Reference Processing due to unavailable references
[2838.562s][debug][gc,ref         ] GC(325) Skipped phase2 of Reference Processing due to unavailable references
[2838.562s][debug][gc,ref         ] GC(325) Skipped phase3 of Reference Processing due to unavailable references
[2838.562s][debug][gc,ref         ] GC(325) Skipped phase4 of Reference Processing due to unavailable references
[2838.562s][debug][gc,phases      ] GC(325) Reference Processing 0.030ms
[2838.562s][debug][gc,phases      ] GC(325) Weak Processing 0.137ms
[2838.563s][debug][gc,phases      ] GC(325) Scrub String Table 0.434ms
[2838.563s][debug][gc,age         ] GC(325) Desired survivor size 6291456 bytes, new threshold 15 (max threshold 15)
[2838.563s][info ][gc,heap        ] GC(325) PSYoungGen: 2087520K->3392K(2091008K)
[2838.563s][info ][gc,heap        ] GC(325) ParOldGen: 407041K->407105K(527360K)
[2838.563s][info ][gc,metaspace   ] GC(325) Metaspace: 76167K->76167K(1118208K)
[2838.563s][info ][gc             ] GC(325) Pause Young (Allocation Failure) 2436M->400M(2557M) 3.920ms
[2838.563s][info ][gc,cpu         ] GC(325) User=0.01s Sys=0.00s Real=0.01s
[2838.563s][info ][safepoint      ] Leaving safepoint region
[2838.563s][info ][safepoint      ] Total time for which application threads were stopped: 0.0040835 seconds, Stopping threads took: 0.0000109 seconds
[2845.563s][info ][safepoint      ] Application time: 7.0005097 seconds
[2845.563s][info ][safepoint      ] Entering safepoint region: Cleanup
[2845.563s][info ][safepoint      ] Leaving safepoint region
[2845.563s][info ][safepoint      ] Total time for which application threads were stopped: 0.0001100 seconds, Stopping threads took: 0.0000364 seconds
[2849.002s][info ][safepoint      ] Application time: 3.4386021 seconds
[2849.002s][info ][safepoint      ] Entering safepoint region: ParallelGCFailedAllocation
[2849.002s][info ][gc,start       ] GC(326) Pause Young (Allocation Failure)
[2849.006s][debug][gc,phases      ] GC(326) Scavenge 3.819ms
[2849.006s][debug][gc,ref         ] GC(326) Skipped phase1 of Reference Processing due to unavailable references
[2849.006s][debug][gc,ref         ] GC(326) Skipped phase2 of Reference Processing due to unavailable references
[2849.006s][debug][gc,ref         ] GC(326) Skipped phase3 of Reference Processing due to unavailable references
[2849.006s][debug][gc,phases      ] GC(326) Reference Processing 0.037ms
[2849.006s][debug][gc,phases      ] GC(326) Weak Processing 0.162ms
[2849.007s][debug][gc,phases      ] GC(326) Scrub String Table 0.566ms
[2849.007s][debug][gc,age         ] GC(326) Desired survivor size 6291456 bytes, new threshold 15 (max threshold 15)
[2849.007s][info ][gc,heap        ] GC(326) PSYoungGen: 2088256K->4672K(2091008K)
[2849.007s][info ][gc,heap        ] GC(326) ParOldGen: 407105K->407137K(527360K)
[2849.007s][info ][gc,metaspace   ] GC(326) Metaspace: 76168K->76168K(1118208K)
[2849.007s][info ][gc             ] GC(326) Pause Young (Allocation Failure) 2436M->402M(2557M) 4.744ms
[2849.007s][info ][gc,cpu         ] GC(326) User=0.01s Sys=0.00s Real=0.00s
[2849.007s][info ][safepoint      ] Leaving safepoint region
[2849.007s][info ][safepoint      ] Total time for which application threads were stopped: 0.0049325 seconds, Stopping threads took: 0.0000361 seconds
[2852.007s][info ][safepoint      ] Application time: 3.0002208 seconds
[2852.007s][info ][safepoint      ] Entering safepoint region: Cleanup
[2852.007s][info ][safepoint      ] Leaving safepoint region
[2852.007s][info ][safepoint      ] Total time for which application threads were stopped: 0.0001228 seconds, Stopping threads took: 0.0000334 seconds
[2854.007s][info ][safepoint      ] Application time: 2.0001364 seconds
[2854.008s][info ][safepoint      ] Entering safepoint region: Cleanup
[2854.008s][info ][safepoint      ] Leaving safepoint region
[2854.008s][info ][safepoint      ] Total time for which application threads were stopped: 0.0001131 seconds, Stopping threads took: 0.0000479 seconds
[2857.008s][info ][safepoint      ] Application time: 3.0002049 seconds
[2857.008s][info ][safepoint      ] Entering safepoint region: Cleanup
[2857.008s][info ][safepoint      ] Leaving safepoint region
[2857.008s][info ][safepoint      ] Total time for which application threads were stopped: 0.0001416 seconds, Stopping threads took: 0.0000449 seconds
[2859.689s][info ][safepoint      ] Application time: 2.6814443 seconds
[2859.689s][info ][safepoint      ] Entering safepoint region: ParallelGCFailedAllocation
[2859.690s][info ][gc,start       ] GC(327) Pause Young (Allocation Failure)
[2859.697s][debug][gc,phases      ] GC(327) Scavenge 7.204ms
[2859.697s][debug][gc,ref         ] GC(327) Skipped phase1 of Reference Processing due to unavailable references
[2859.697s][debug][gc,ref         ] GC(327) Skipped phase2 of Reference Processing due to unavailable references
[2859.697s][debug][gc,ref         ] GC(327) Skipped phase3 of Reference Processing due to unavailable references
[2859.697s][debug][gc,ref         ] GC(327) Skipped phase4 of Reference Processing due to unavailable references
[2859.697s][debug][gc,phases      ] GC(327) Reference Processing 0.057ms
[2859.697s][debug][gc,phases      ] GC(327) Weak Processing 0.148ms
[2859.698s][debug][gc,phases      ] GC(327) Scrub String Table 0.448ms
[2859.698s][debug][gc,age         ] GC(327) Desired survivor size 11534336 bytes, new threshold 14 (max threshold 15)
[2859.698s][info ][gc,heap        ] GC(327) PSYoungGen: 2089536K->6112K(2080768K)
[2859.698s][info ][gc,heap        ] GC(327) ParOldGen: 407137K->418347K(527360K)
[2859.698s][info ][gc,metaspace   ] GC(327) Metaspace: 76174K->76174K(1118208K)
[2859.698s][info ][gc             ] GC(327) Pause Young (Allocation Failure) 2438M->414M(2547M) 7.991ms
[2859.698s][info ][gc,cpu         ] GC(327) User=0.03s Sys=0.00s Real=0.01s
[2859.698s][info ][safepoint      ] Leaving safepoint region
[2859.698s][info ][safepoint      ] Total time for which application threads were stopped: 0.0081699 seconds, Stopping threads took: 0.0000295 seconds
[2860.698s][info ][safepoint      ] Application time: 1.0000841 seconds
[2860.698s][info ][safepoint      ] Entering safepoint region: Cleanup
[2860.698s][info ][safepoint      ] Leaving safepoint region
[2860.698s][info ][safepoint      ] Total time for which application threads were stopped: 0.0001629 seconds, Stopping threads took: 0.0000555 seconds
[2861.698s][info ][safepoint      ] Application time: 1.0000701 seconds
[2861.698s][info ][safepoint      ] Entering safepoint region: Cleanup
[2861.698s][info ][safepoint      ] Leaving safepoint region
[2861.698s][info ][safepoint      ] Total time for which application threads were stopped: 0.0001031 seconds, Stopping threads took: 0.0000184 seconds
[2864.698s][info ][safepoint      ] Application time: 3.0001895 seconds
[2864.698s][info ][safepoint      ] Entering safepoint region: Cleanup
[2864.698s][info ][safepoint      ] Leaving safepoint region
[2864.698s][info ][safepoint      ] Total time for which application threads were stopped: 0.0000687 seconds, Stopping threads took: 0.0000132 seconds
[2865.699s][info ][safepoint      ] Application time: 1.0000661 seconds
[2865.699s][info ][safepoint      ] Entering safepoint region: Cleanup
[2865.699s][info ][safepoint      ] Leaving safepoint region
[2865.699s][info ][safepoint      ] Total time for which application threads were stopped: 0.0000731 seconds, Stopping threads took: 0.0000136 seconds
[2866.699s][info ][safepoint      ] Application time: 1.0000667 seconds
[2866.699s][info ][safepoint      ] Entering safepoint region: Cleanup
[2866.699s][info ][safepoint      ] Leaving safepoint region
[2866.699s][info ][safepoint      ] Total time for which application threads were stopped: 0.0000695 seconds, Stopping threads took: 0.0000123 seconds
[2867.453s][info ][safepoint      ] Application time: 0.7539587 seconds
[2867.453s][info ][safepoint      ] Entering safepoint region: ParallelGCFailedAllocation
[2867.453s][info ][gc,start       ] GC(328) Pause Young (Allocation Failure)
[2867.469s][debug][gc,phases      ] GC(328) Scavenge 15.983ms
[2867.469s][debug][gc,ref         ] GC(328) Skipped phase1 of Reference Processing due to unavailable references
[2867.469s][debug][gc,ref         ] GC(328) Skipped phase2 of Reference Processing due to unavailable references
[2867.469s][debug][gc,ref         ] GC(328) Skipped phase3 of Reference Processing due to unavailable references
[2867.469s][debug][gc,phases      ] GC(328) Reference Processing 0.038ms
[2867.469s][debug][gc,phases      ] GC(328) Weak Processing 0.188ms
[2867.470s][debug][gc,phases      ] GC(328) Scrub String Table 0.582ms
[2867.470s][debug][gc,age         ] GC(328) Desired survivor size 27262976 bytes, new threshold 13 (max threshold 15)
[2867.470s][info ][gc,heap        ] GC(328) PSYoungGen: 2080736K->11232K(2085888K)
[2867.470s][info ][gc,heap        ] GC(328) ParOldGen: 418347K->455408K(527360K)
[2867.470s][info ][gc,metaspace   ] GC(328) Metaspace: 76195K->76195K(1118208K)
[2867.470s][info ][gc             ] GC(328) Pause Young (Allocation Failure) 2440M->455M(2552M) 16.944ms
[2867.470s][info ][gc,cpu         ] GC(328) User=0.07s Sys=0.00s Real=0.01s
[2867.470s][info ][safepoint      ] Leaving safepoint region
[2867.470s][info ][safepoint      ] Total time for which application threads were stopped: 0.0173353 seconds, Stopping threads took: 0.0002177 seconds
[2870.470s][info ][safepoint      ] Application time: 3.0002399 seconds
[2870.470s][info ][safepoint      ] Entering safepoint region: Cleanup
[2870.471s][info ][safepoint      ] Leaving safepoint region
[2870.471s][info ][safepoint      ] Total time for which application threads were stopped: 0.0001247 seconds, Stopping threads took: 0.0000364 seconds
[2871.471s][info ][safepoint      ] Application time: 1.0000848 seconds
[2871.471s][info ][safepoint      ] Entering safepoint region: Cleanup
[2871.471s][info ][safepoint      ] Leaving safepoint region
[2871.471s][info ][safepoint      ] Total time for which application threads were stopped: 0.0001168 seconds, Stopping threads took: 0.0000360 seconds
[2872.471s][info ][safepoint      ] Application time: 1.0000824 seconds
[2872.471s][info ][safepoint      ] Entering safepoint region: Cleanup
[2872.471s][info ][safepoint      ] Leaving safepoint region
[2872.471s][info ][safepoint      ] Total time for which application threads were stopped: 0.0001541 seconds, Stopping threads took: 0.0000344 seconds
[2873.471s][info ][safepoint      ] Application time: 1.0000856 seconds
[2873.471s][info ][safepoint      ] Entering safepoint region: Cleanup
[2873.471s][info ][safepoint      ] Leaving safepoint region
[2873.471s][info ][safepoint      ] Total time for which application threads were stopped: 0.0002086 seconds, Stopping threads took: 0.0000702 seconds
[2874.471s][info ][safepoint      ] Application time: 1.0000837 seconds
[2874.472s][info ][safepoint      ] Entering safepoint region: Cleanup
[2874.472s][info ][safepoint      ] Leaving safepoint region
[2874.472s][info ][safepoint      ] Total time for which application threads were stopped: 0.0001199 seconds, Stopping threads took: 0.0000489 seconds
[2876.472s][info ][safepoint      ] Application time: 2.0001747 seconds
[2876.472s][info ][safepoint      ] Entering safepoint region: Cleanup
[2876.472s][info ][safepoint      ] Leaving safepoint region
[2876.472s][info ][safepoint      ] Total time for which application threads were stopped: 0.0001351 seconds, Stopping threads took: 0.0000391 seconds
[2876.684s][info ][safepoint      ] Application time: 0.2115718 seconds
[2876.684s][info ][safepoint      ] Entering safepoint region: ParallelGCFailedAllocation
[2876.684s][info ][gc,start       ] GC(329) Pause Young (Allocation Failure)
[2876.707s][debug][gc,phases      ] GC(329) Scavenge 23.255ms
[2876.707s][debug][gc,ref         ] GC(329) Skipped phase1 of Reference Processing due to unavailable references
[2876.707s][debug][gc,ref         ] GC(329) Skipped phase2 of Reference Processing due to unavailable references
[2876.707s][debug][gc,ref         ] GC(329) Skipped phase3 of Reference Processing due to unavailable references
[2876.707s][debug][gc,ref         ] GC(329) Skipped phase4 of Reference Processing due to unavailable references
[2876.707s][debug][gc,phases      ] GC(329) Reference Processing 0.039ms
[2876.707s][debug][gc,phases      ] GC(329) Weak Processing 0.168ms
[2876.708s][debug][gc,phases      ] GC(329) Scrub String Table 0.532ms
[2876.708s][debug][gc,age         ] GC(329) Desired survivor size 28835840 bytes, new threshold 12 (max threshold 15)
[2876.708s][info ][gc,heap        ] GC(329) PSYoungGen: 2085856K->11248K(2052096K)
[2876.708s][info ][gc,heap        ] GC(329) ParOldGen: 455408K->463401K(527360K)
[2876.708s][info ][gc,metaspace   ] GC(329) Metaspace: 76204K->76204K(1118208K)
[2876.708s][info ][gc             ] GC(329) Pause Young (Allocation Failure) 2481M->463M(2519M) 24.159ms
[2876.708s][info ][gc,cpu         ] GC(329) User=0.04s Sys=0.00s Real=0.02s
[2876.708s][info ][safepoint      ] Leaving safepoint region
[2876.708s][info ][safepoint      ] Total time for which application threads were stopped: 0.0243431 seconds, Stopping threads took: 0.0000181 seconds
[2882.712s][info ][safepoint      ] Application time: 6.0042715 seconds
[2882.712s][info ][safepoint      ] Entering safepoint region: Cleanup
[2882.712s][info ][safepoint      ] Leaving safepoint region
[2882.712s][info ][safepoint      ] Total time for which application threads were stopped: 0.0001336 seconds, Stopping threads took: 0.0000412 seconds
[2884.713s][info ][safepoint      ] Application time: 2.0001498 seconds
[2884.713s][info ][safepoint      ] Entering safepoint region: Cleanup
[2884.713s][info ][safepoint      ] Leaving safepoint region
[2884.713s][info ][safepoint      ] Total time for which application threads were stopped: 0.0001390 seconds, Stopping threads took: 0.0000533 seconds
[2885.703s][info ][safepoint      ] Application time: 0.9900839 seconds
[2885.703s][info ][safepoint      ] Entering safepoint region: ParallelGCFailedAllocation
[2885.703s][info ][gc,start       ] GC(330) Pause Young (Allocation Failure)
[2885.709s][debug][gc,phases      ] GC(330) Scavenge 6.207ms
[2885.709s][debug][gc,ref         ] GC(330) Skipped phase1 of Reference Processing due to unavailable references
[2885.709s][debug][gc,ref         ] GC(330) Skipped phase2 of Reference Processing due to unavailable references
[2885.709s][debug][gc,ref         ] GC(330) Skipped phase3 of Reference Processing due to unavailable references
[2885.709s][debug][gc,ref         ] GC(330) Skipped phase4 of Reference Processing due to unavailable references
[2885.709s][debug][gc,phases      ] GC(330) Reference Processing 0.049ms
[2885.710s][debug][gc,phases      ] GC(330) Weak Processing 0.189ms
[2885.710s][debug][gc,phases      ] GC(330) Scrub String Table 0.654ms
[2885.710s][debug][gc,age         ] GC(330) Desired survivor size 27787264 bytes, new threshold 13 (max threshold 15)
[2885.710s][info ][gc,heap        ] GC(330) PSYoungGen: 2052080K->12416K(2068992K)
[2885.710s][info ][gc,heap        ] GC(330) ParOldGen: 463401K->463433K(527360K)
[2885.710s][info ][gc,metaspace   ] GC(330) Metaspace: 76204K->76204K(1118208K)
[2885.710s][info ][gc             ] GC(330) Pause Young (Allocation Failure) 2456M->464M(2535M) 7.242ms
[2885.710s][info ][gc,cpu         ] GC(330) User=0.02s Sys=0.00s Real=0.00s
[2885.710s][info ][safepoint      ] Leaving safepoint region
[2885.710s][info ][safepoint      ] Total time for which application threads were stopped: 0.0074526 seconds, Stopping threads took: 0.0000370 seconds
[2886.710s][info ][safepoint      ] Application time: 1.0000805 seconds
[2886.716s][info ][safepoint      ] Entering safepoint region: Cleanup
[2886.716s][info ][safepoint      ] Leaving safepoint region
[2886.716s][info ][safepoint      ] Total time for which application threads were stopped: 0.0054292 seconds, Stopping threads took: 0.0053382 seconds
[2888.716s][info ][safepoint      ] Application time: 2.0001555 seconds
[2888.716s][info ][safepoint      ] Entering safepoint region: Cleanup
[2888.716s][info ][safepoint      ] Leaving safepoint region
[2888.716s][info ][safepoint      ] Total time for which application threads were stopped: 0.0001769 seconds, Stopping threads took: 0.0000675 seconds
[2889.716s][info ][safepoint      ] Application time: 1.0000786 seconds
[2889.716s][info ][safepoint      ] Entering safepoint region: Cleanup
[2889.717s][info ][safepoint      ] Leaving safepoint region
[2889.717s][info ][safepoint      ] Total time for which application threads were stopped: 0.0001283 seconds, Stopping threads took: 0.0000392 seconds
[2891.717s][info ][safepoint      ] Application time: 2.0003246 seconds
[2891.717s][info ][safepoint      ] Entering safepoint region: Cleanup
[2891.717s][info ][safepoint      ] Leaving safepoint region
[2891.717s][info ][safepoint      ] Total time for which application threads were stopped: 0.0001506 seconds, Stopping threads took: 0.0000401 seconds
[2892.717s][info ][safepoint      ] Application time: 1.0000812 seconds
[2892.717s][info ][safepoint      ] Entering safepoint region: Cleanup
[2892.717s][info ][safepoint      ] Leaving safepoint region
[2892.717s][info ][safepoint      ] Total time for which application threads were stopped: 0.0001311 seconds, Stopping threads took: 0.0000405 seconds
[2893.717s][info ][safepoint      ] Application time: 1.0000871 seconds
[2893.717s][info ][safepoint      ] Entering safepoint region: Cleanup
[2893.718s][info ][safepoint      ] Leaving safepoint region
[2893.718s][info ][safepoint      ] Total time for which application threads were stopped: 0.0001152 seconds, Stopping threads took: 0.0000325 seconds
[2894.352s][info ][safepoint      ] Application time: 0.6346275 seconds
[2894.352s][info ][safepoint      ] Entering safepoint region: ParallelGCFailedAllocation
[2894.352s][info ][gc,start       ] GC(331) Pause Young (Allocation Failure)
[2894.389s][debug][gc,phases      ] GC(331) Scavenge 36.279ms
[2894.389s][debug][gc,ref         ] GC(331) Skipped phase1 of Reference Processing due to unavailable references
[2894.389s][debug][gc,ref         ] GC(331) Skipped phase3 of Reference Processing due to unavailable references
[2894.389s][debug][gc,phases      ] GC(331) Reference Processing 0.042ms
[2894.389s][debug][gc,phases      ] GC(331) Weak Processing 0.213ms
[2894.390s][debug][gc,phases      ] GC(331) Scrub String Table 0.668ms
[2894.390s][debug][gc,age         ] GC(331) Desired survivor size 27262976 bytes, new threshold 14 (max threshold 15)
[2894.390s][info ][gc,heap        ] GC(331) PSYoungGen: 2053248K->13200K(2070528K)
[2894.390s][info ][gc,heap        ] GC(331) ParOldGen: 463433K->463433K(527360K)
[2894.390s][info ][gc,metaspace   ] GC(331) Metaspace: 76260K->76260K(1118208K)
[2894.390s][info ][gc             ] GC(331) Pause Young (Allocation Failure) 2457M->465M(2537M) 37.367ms
[2894.390s][info ][gc,cpu         ] GC(331) User=0.03s Sys=0.00s Real=0.03s
[2894.390s][info ][safepoint      ] Leaving safepoint region
[2894.390s][info ][safepoint      ] Total time for which application threads were stopped: 0.0375852 seconds, Stopping threads took: 0.0000509 seconds
[2895.390s][info ][safepoint      ] Application time: 1.0000893 seconds
[2895.390s][info ][safepoint      ] Entering safepoint region: Cleanup
[2895.390s][info ][safepoint      ] Leaving safepoint region
[2895.390s][info ][safepoint      ] Total time for which application threads were stopped: 0.0001362 seconds, Stopping threads took: 0.0000559 seconds
[2896.390s][info ][safepoint      ] Application time: 1.0000847 seconds
[2896.390s][info ][safepoint      ] Entering safepoint region: Cleanup
[2896.390s][info ][safepoint      ] Leaving safepoint region
[2896.390s][info ][safepoint      ] Total time for which application threads were stopped: 0.0001131 seconds, Stopping threads took: 0.0000382 seconds
[2897.390s][info ][safepoint      ] Application time: 1.0000866 seconds
[2897.391s][info ][safepoint      ] Entering safepoint region: Cleanup
[2897.391s][info ][safepoint      ] Leaving safepoint region
[2897.391s][info ][safepoint      ] Total time for which application threads were stopped: 0.0001211 seconds, Stopping threads took: 0.0000410 seconds
[2900.391s][info ][safepoint      ] Application time: 3.0002382 seconds
[2900.391s][info ][safepoint      ] Entering safepoint region: Cleanup
[2900.391s][info ][safepoint      ] Leaving safepoint region
[2900.391s][info ][safepoint      ] Total time for which application threads were stopped: 0.0001201 seconds, Stopping threads took: 0.0000381 seconds
[2902.391s][info ][safepoint      ] Application time: 2.0001593 seconds
[2902.391s][info ][safepoint      ] Entering safepoint region: Cleanup
[2902.391s][info ][safepoint      ] Leaving safepoint region
[2902.391s][info ][safepoint      ] Total time for which application threads were stopped: 0.0001395 seconds, Stopping threads took: 0.0000431 seconds
[2903.391s][info ][safepoint      ] Application time: 1.0000712 seconds
[2903.392s][info ][safepoint      ] Entering safepoint region: Cleanup
[2903.392s][info ][safepoint      ] Leaving safepoint region
[2903.392s][info ][safepoint      ] Total time for which application threads were stopped: 0.0000885 seconds, Stopping threads took: 0.0000158 seconds
[2903.433s][info ][safepoint      ] Application time: 0.0416918 seconds
[2903.433s][info ][safepoint      ] Entering safepoint region: ParallelGCFailedAllocation
[2903.434s][info ][gc,start       ] GC(332) Pause Young (Allocation Failure)
[2903.440s][debug][gc,phases      ] GC(332) Scavenge 6.082ms
[2903.440s][debug][gc,ref         ] GC(332) Skipped phase1 of Reference Processing due to unavailable references
[2903.440s][debug][gc,ref         ] GC(332) Skipped phase3 of Reference Processing due to unavailable references
[2903.440s][debug][gc,ref         ] GC(332) Skipped phase4 of Reference Processing due to unavailable references
[2903.440s][debug][gc,phases      ] GC(332) Reference Processing 0.030ms
[2903.440s][debug][gc,phases      ] GC(332) Weak Processing 0.142ms
[2903.440s][debug][gc,phases      ] GC(332) Scrub String Table 0.498ms
[2903.440s][debug][gc,age         ] GC(332) Desired survivor size 27262976 bytes, new threshold 15 (max threshold 15)
[2903.440s][info ][gc,heap        ] GC(332) PSYoungGen: 2056592K->14656K(2070016K)
[2903.440s][info ][gc,heap        ] GC(332) ParOldGen: 463433K->463433K(527360K)
[2903.440s][info ][gc,metaspace   ] GC(332) Metaspace: 76275K->76275K(1118208K)
[2903.440s][info ][gc             ] GC(332) Pause Young (Allocation Failure) 2460M->466M(2536M) 6.890ms
[2903.440s][info ][gc,cpu         ] GC(332) User=0.02s Sys=0.00s Real=0.01s
[2903.440s][info ][safepoint      ] Leaving safepoint region
[2903.440s][info ][safepoint      ] Total time for which application threads were stopped: 0.0071121 seconds, Stopping threads took: 0.0000768 seconds
[2904.441s][info ][safepoint      ] Application time: 1.0000806 seconds
[2904.441s][info ][safepoint      ] Entering safepoint region: Cleanup
[2904.441s][info ][safepoint      ] Leaving safepoint region
[2904.441s][info ][safepoint      ] Total time for which application threads were stopped: 0.0001022 seconds, Stopping threads took: 0.0000390 seconds
[2905.441s][info ][safepoint      ] Application time: 1.0000651 seconds
[2905.441s][info ][safepoint      ] Entering safepoint region: Cleanup
[2905.441s][info ][safepoint      ] Leaving safepoint region
[2905.441s][info ][safepoint      ] Total time for which application threads were stopped: 0.0000775 seconds, Stopping threads took: 0.0000186 seconds
[2906.441s][info ][safepoint      ] Application time: 1.0000769 seconds
[2906.441s][info ][safepoint      ] Entering safepoint region: Cleanup
[2906.441s][info ][safepoint      ] Leaving safepoint region
[2906.441s][info ][safepoint      ] Total time for which application threads were stopped: 0.0000798 seconds, Stopping threads took: 0.0000144 seconds
[2907.441s][info ][safepoint      ] Application time: 1.0000687 seconds
[2907.441s][info ][safepoint      ] Entering safepoint region: Cleanup
[2907.441s][info ][safepoint      ] Leaving safepoint region
[2907.441s][info ][safepoint      ] Total time for which application threads were stopped: 0.0000774 seconds, Stopping threads took: 0.0000128 seconds
[2909.441s][info ][safepoint      ] Application time: 2.0001312 seconds
[2909.441s][info ][safepoint      ] Entering safepoint region: Cleanup
[2909.442s][info ][safepoint      ] Leaving safepoint region
[2909.442s][info ][safepoint      ] Total time for which application threads were stopped: 0.0000901 seconds, Stopping threads took: 0.0000133 seconds
[2910.442s][info ][safepoint      ] Application time: 1.0000715 seconds
[2910.442s][info ][safepoint      ] Entering safepoint region: Cleanup
[2910.442s][info ][safepoint      ] Leaving safepoint region
[2910.442s][info ][safepoint      ] Total time for which application threads were stopped: 0.0001986 seconds, Stopping threads took: 0.0001098 seconds
[2911.403s][info ][safepoint      ] Application time: 0.9613703 seconds
[2911.403s][info ][safepoint      ] Entering safepoint region: ParallelGCFailedAllocation
[2911.403s][info ][gc,start       ] GC(333) Pause Young (Allocation Failure)
[2911.412s][debug][gc,phases      ] GC(333) Scavenge 8.357ms
[2911.412s][debug][gc,ref         ] GC(333) Skipped phase1 of Reference Processing due to unavailable references
[2911.412s][debug][gc,ref         ] GC(333) Skipped phase3 of Reference Processing due to unavailable references
[2911.412s][debug][gc,phases      ] GC(333) Reference Processing 0.046ms
[2911.412s][debug][gc,phases      ] GC(333) Weak Processing 0.121ms
[2911.412s][debug][gc,phases      ] GC(333) Scrub String Table 0.470ms
[2911.412s][debug][gc,age         ] GC(333) Desired survivor size 28835840 bytes, new threshold 15 (max threshold 15)
[2911.412s][info ][gc,heap        ] GC(333) PSYoungGen: 2058048K->19696K(2067456K)
[2911.412s][info ][gc,heap        ] GC(333) ParOldGen: 463433K->463433K(527360K)
[2911.412s][info ][gc,metaspace   ] GC(333) Metaspace: 76296K->76296K(1118208K)
[2911.413s][info ][gc             ] GC(333) Pause Young (Allocation Failure) 2462M->471M(2534M) 9.124ms
[2911.413s][info ][gc,cpu         ] GC(333) User=0.04s Sys=0.00s Real=0.01s
[2911.413s][info ][safepoint      ] Leaving safepoint region
[2911.413s][info ][safepoint      ] Total time for which application threads were stopped: 0.0092862 seconds, Stopping threads took: 0.0000127 seconds
[2912.413s][info ][safepoint      ] Application time: 1.0000843 seconds
[2912.413s][info ][safepoint      ] Entering safepoint region: Cleanup
[2912.413s][info ][safepoint      ] Leaving safepoint region
[2912.413s][info ][safepoint      ] Total time for which application threads were stopped: 0.0001272 seconds, Stopping threads took: 0.0000484 seconds
[2913.413s][info ][safepoint      ] Application time: 1.0000770 seconds
[2913.413s][info ][safepoint      ] Entering safepoint region: Cleanup
[2913.413s][info ][safepoint      ] Leaving safepoint region
[2913.413s][info ][safepoint      ] Total time for which application threads were stopped: 0.0001117 seconds, Stopping threads took: 0.0000325 seconds
[2914.413s][info ][safepoint      ] Application time: 1.0000724 seconds
[2914.413s][info ][safepoint      ] Entering safepoint region: Cleanup
[2914.413s][info ][safepoint      ] Leaving safepoint region
[2914.413s][info ][safepoint      ] Total time for which application threads were stopped: 0.0001395 seconds, Stopping threads took: 0.0000731 seconds
[2916.413s][info ][safepoint      ] Application time: 2.0001367 seconds
[2916.414s][info ][safepoint      ] Entering safepoint region: Cleanup
[2916.414s][info ][safepoint      ] Leaving safepoint region
[2916.414s][info ][safepoint      ] Total time for which application threads were stopped: 0.0001257 seconds, Stopping threads took: 0.0000519 seconds
[2923.069s][info ][safepoint      ] Application time: 6.6552259 seconds
[2923.069s][info ][safepoint      ] Entering safepoint region: ParallelGCFailedAllocation
[2923.069s][info ][gc,start       ] GC(334) Pause Young (Allocation Failure)
[2923.076s][debug][gc,phases      ] GC(334) Scavenge 7.133ms
[2923.076s][debug][gc,ref         ] GC(334) Skipped phase1 of Reference Processing due to unavailable references
[2923.076s][debug][gc,ref         ] GC(334) Skipped phase3 of Reference Processing due to unavailable references
[2923.076s][debug][gc,phases      ] GC(334) Reference Processing 0.036ms
[2923.076s][debug][gc,phases      ] GC(334) Weak Processing 0.138ms
[2923.077s][debug][gc,phases      ] GC(334) Scrub String Table 0.443ms
[2923.077s][debug][gc,age         ] GC(334) Desired survivor size 29884416 bytes, new threshold 15 (max threshold 15)
[2923.077s][info ][gc,heap        ] GC(334) PSYoungGen: 2060528K->19712K(2060800K)
[2923.077s][info ][gc,heap        ] GC(334) ParOldGen: 463433K->463493K(527360K)
[2923.077s][info ][gc,metaspace   ] GC(334) Metaspace: 76299K->76299K(1118208K)
[2923.077s][info ][gc             ] GC(334) Pause Young (Allocation Failure) 2464M->471M(2527M) 7.872ms
[2923.077s][info ][gc,cpu         ] GC(334) User=0.02s Sys=0.00s Real=0.01s
[2923.077s][info ][safepoint      ] Leaving safepoint region
[2923.077s][info ][safepoint      ] Total time for which application threads were stopped: 0.0080474 seconds, Stopping threads took: 0.0000300 seconds
[2924.077s][info ][safepoint      ] Application time: 1.0000856 seconds
[2924.077s][info ][safepoint      ] Entering safepoint region: Cleanup
[2924.077s][info ][safepoint      ] Leaving safepoint region
[2924.077s][info ][safepoint      ] Total time for which application threads were stopped: 0.0000610 seconds, Stopping threads took: 0.0000124 seconds
[2927.077s][info ][safepoint      ] Application time: 3.0002168 seconds
[2927.077s][info ][safepoint      ] Entering safepoint region: Cleanup
[2927.077s][info ][safepoint      ] Leaving safepoint region
[2927.077s][info ][safepoint      ] Total time for which application threads were stopped: 0.0000691 seconds, Stopping threads took: 0.0000121 seconds
[2933.078s][info ][safepoint      ] Application time: 6.0003688 seconds
[2933.078s][info ][safepoint      ] Entering safepoint region: Cleanup
[2933.078s][info ][safepoint      ] Leaving safepoint region
[2933.078s][info ][safepoint      ] Total time for which application threads were stopped: 0.0000689 seconds, Stopping threads took: 0.0000131 seconds
[2935.078s][info ][safepoint      ] Application time: 2.0001387 seconds
[2935.078s][info ][safepoint      ] Entering safepoint region: Cleanup
[2935.078s][info ][safepoint      ] Leaving safepoint region
[2935.078s][info ][safepoint      ] Total time for which application threads were stopped: 0.0000840 seconds, Stopping threads took: 0.0000261 seconds
[2935.576s][info ][safepoint      ] Application time: 0.4982081 seconds
[2935.577s][info ][safepoint      ] Entering safepoint region: ParallelGCFailedAllocation
[2935.577s][info ][gc,start       ] GC(335) Pause Young (Allocation Failure)
[2935.586s][debug][gc,phases      ] GC(335) Scavenge 8.922ms
[2935.586s][debug][gc,ref         ] GC(335) Skipped phase1 of Reference Processing due to unavailable references
[2935.586s][debug][gc,ref         ] GC(335) Skipped phase3 of Reference Processing due to unavailable references
[2935.586s][debug][gc,phases      ] GC(335) Reference Processing 0.030ms
[2935.586s][debug][gc,phases      ] GC(335) Weak Processing 0.153ms
[2935.586s][debug][gc,phases      ] GC(335) Scrub String Table 0.456ms
[2935.586s][debug][gc,age         ] GC(335) Desired survivor size 31981568 bytes, new threshold 15 (max threshold 15)
[2935.586s][info ][gc,heap        ] GC(335) PSYoungGen: 2060544K->22512K(2063872K)
[2935.586s][info ][gc,heap        ] GC(335) ParOldGen: 463493K->463509K(527360K)
[2935.586s][info ][gc,metaspace   ] GC(335) Metaspace: 76308K->76308K(1118208K)
[2935.586s][info ][gc             ] GC(335) Pause Young (Allocation Failure) 2464M->474M(2530M) 9.691ms
[2935.586s][info ][gc,cpu         ] GC(335) User=0.03s Sys=0.00s Real=0.01s
[2935.586s][info ][safepoint      ] Leaving safepoint region
[2935.586s][info ][safepoint      ] Total time for which application threads were stopped: 0.0098924 seconds, Stopping threads took: 0.0000555 seconds
[2936.586s][info ][safepoint      ] Application time: 1.0000890 seconds
[2936.586s][info ][safepoint      ] Entering safepoint region: Cleanup
[2936.587s][info ][safepoint      ] Leaving safepoint region
[2936.587s][info ][safepoint      ] Total time for which application threads were stopped: 0.0000911 seconds, Stopping threads took: 0.0000197 seconds
[2938.587s][info ][safepoint      ] Application time: 2.0001466 seconds
[2938.590s][info ][safepoint      ] Entering safepoint region: Cleanup
[2938.590s][info ][safepoint      ] Leaving safepoint region
[2938.590s][info ][safepoint      ] Total time for which application threads were stopped: 0.0037278 seconds, Stopping threads took: 0.0036573 seconds
[2939.591s][info ][safepoint      ] Application time: 1.0000773 seconds
[2939.591s][info ][safepoint      ] Entering safepoint region: Cleanup
[2939.591s][info ][safepoint      ] Leaving safepoint region
[2939.591s][info ][safepoint      ] Total time for which application threads were stopped: 0.0000811 seconds, Stopping threads took: 0.0000136 seconds
[2941.591s][info ][safepoint      ] Application time: 2.0001427 seconds
[2941.591s][info ][safepoint      ] Entering safepoint region: Cleanup
[2941.591s][info ][safepoint      ] Leaving safepoint region
[2941.591s][info ][safepoint      ] Total time for which application threads were stopped: 0.0000862 seconds, Stopping threads took: 0.0000134 seconds
[2942.591s][info ][safepoint      ] Application time: 1.0000767 seconds
[2942.591s][info ][safepoint      ] Entering safepoint region: Cleanup
[2942.591s][info ][safepoint      ] Leaving safepoint region
[2942.591s][info ][safepoint      ] Total time for which application threads were stopped: 0.0000731 seconds, Stopping threads took: 0.0000137 seconds
[2944.591s][info ][safepoint      ] Application time: 2.0001368 seconds
[2944.591s][info ][safepoint      ] Entering safepoint region: Cleanup
[2944.591s][info ][safepoint      ] Leaving safepoint region
[2944.591s][info ][safepoint      ] Total time for which application threads were stopped: 0.0000908 seconds, Stopping threads took: 0.0000295 seconds
[2945.591s][info ][safepoint      ] Application time: 1.0000643 seconds
[2945.592s][info ][safepoint      ] Entering safepoint region: Cleanup
[2945.592s][info ][safepoint      ] Leaving safepoint region
[2945.592s][info ][safepoint      ] Total time for which application threads were stopped: 0.0000786 seconds, Stopping threads took: 0.0000132 seconds
[2947.592s][info ][safepoint      ] Application time: 2.0001567 seconds
[2947.592s][info ][safepoint      ] Entering safepoint region: Cleanup
[2947.592s][info ][safepoint      ] Leaving safepoint region
[2947.592s][info ][safepoint      ] Total time for which application threads were stopped: 0.0001020 seconds, Stopping threads took: 0.0000293 seconds
[2948.106s][info ][safepoint      ] Application time: 0.5140564 seconds
[2948.106s][info ][safepoint      ] Entering safepoint region: ParallelGCFailedAllocation
[2948.106s][info ][gc,start       ] GC(336) Pause Young (Allocation Failure)
[2948.116s][debug][gc,phases      ] GC(336) Scavenge 9.360ms
[2948.116s][debug][gc,ref         ] GC(336) Skipped phase1 of Reference Processing due to unavailable references
[2948.116s][debug][gc,ref         ] GC(336) Skipped phase3 of Reference Processing due to unavailable references
[2948.116s][debug][gc,phases      ] GC(336) Reference Processing 0.032ms
[2948.116s][debug][gc,phases      ] GC(336) Weak Processing 0.153ms
[2948.116s][debug][gc,phases      ] GC(336) Scrub String Table 0.476ms
[2948.116s][debug][gc,age         ] GC(336) Desired survivor size 36700160 bytes, new threshold 15 (max threshold 15)
[2948.116s][info ][gc,heap        ] GC(336) PSYoungGen: 2057200K->30384K(2065408K)
[2948.116s][info ][gc,heap        ] GC(336) ParOldGen: 463509K->463517K(527360K)
[2948.116s][info ][gc,metaspace   ] GC(336) Metaspace: 76315K->76315K(1118208K)
[2948.116s][info ][gc             ] GC(336) Pause Young (Allocation Failure) 2461M->482M(2532M) 10.197ms
[2948.116s][info ][gc,cpu         ] GC(336) User=0.04s Sys=0.00s Real=0.01s
[2948.116s][info ][safepoint      ] Leaving safepoint region
[2948.116s][info ][safepoint      ] Total time for which application threads were stopped: 0.0103482 seconds, Stopping threads took: 0.0000121 seconds
[2949.116s][info ][safepoint      ] Application time: 1.0000899 seconds
[2949.117s][info ][safepoint      ] Entering safepoint region: Cleanup
[2949.117s][info ][safepoint      ] Leaving safepoint region
[2949.117s][info ][safepoint      ] Total time for which application threads were stopped: 0.0001091 seconds, Stopping threads took: 0.0000427 seconds
[2953.117s][info ][safepoint      ] Application time: 4.0002513 seconds
[2953.117s][info ][safepoint      ] Entering safepoint region: Cleanup
[2953.117s][info ][safepoint      ] Leaving safepoint region
[2953.117s][info ][safepoint      ] Total time for which application threads were stopped: 0.0001030 seconds, Stopping threads took: 0.0000354 seconds
[2954.117s][info ][safepoint      ] Application time: 1.0000774 seconds
[2954.117s][info ][safepoint      ] Entering safepoint region: Cleanup
[2954.117s][info ][safepoint      ] Leaving safepoint region
[2954.117s][info ][safepoint      ] Total time for which application threads were stopped: 0.0001115 seconds, Stopping threads took: 0.0000546 seconds
[2955.117s][info ][safepoint      ] Application time: 1.0000849 seconds
[2955.117s][info ][safepoint      ] Entering safepoint region: Cleanup
[2955.118s][info ][safepoint      ] Leaving safepoint region
[2955.118s][info ][safepoint      ] Total time for which application threads were stopped: 0.0001142 seconds, Stopping threads took: 0.0000373 seconds
[2958.118s][info ][safepoint      ] Application time: 3.0002155 seconds
[2958.118s][info ][safepoint      ] Entering safepoint region: Cleanup
[2958.118s][info ][safepoint      ] Leaving safepoint region
[2958.118s][info ][safepoint      ] Total time for which application threads were stopped: 0.0001151 seconds, Stopping threads took: 0.0000395 seconds
[2959.118s][info ][safepoint      ] Application time: 1.0000489 seconds
[2959.118s][info ][safepoint      ] Entering safepoint region: Cleanup
[2959.118s][info ][safepoint      ] Leaving safepoint region
[2959.118s][info ][safepoint      ] Total time for which application threads were stopped: 0.0001028 seconds, Stopping threads took: 0.0000418 seconds
[2960.118s][info ][safepoint      ] Application time: 1.0000747 seconds
[2960.118s][info ][safepoint      ] Entering safepoint region: Cleanup
[2960.118s][info ][safepoint      ] Leaving safepoint region
[2960.118s][info ][safepoint      ] Total time for which application threads were stopped: 0.0001109 seconds, Stopping threads took: 0.0000526 seconds
[2960.457s][info ][safepoint      ] Application time: 0.3387584 seconds
[2960.457s][info ][safepoint      ] Entering safepoint region: ParallelGCFailedAllocation
[2960.457s][info ][gc,start       ] GC(337) Pause Young (Allocation Failure)
[2960.471s][debug][gc,phases      ] GC(337) Scavenge 13.285ms
[2960.471s][debug][gc,ref         ] GC(337) Skipped phase1 of Reference Processing due to unavailable references
[2960.471s][debug][gc,ref         ] GC(337) Skipped phase3 of Reference Processing due to unavailable references
[2960.471s][debug][gc,phases      ] GC(337) Reference Processing 0.042ms
[2960.471s][debug][gc,phases      ] GC(337) Weak Processing 0.162ms
[2960.471s][debug][gc,phases      ] GC(337) Scrub String Table 0.483ms
[2960.471s][debug][gc,age         ] GC(337) Desired survivor size 42991616 bytes, new threshold 14 (max threshold 15)
[2960.471s][info ][gc,heap        ] GC(337) PSYoungGen: 2065072K->31728K(2044928K)
[2960.471s][info ][gc,heap        ] GC(337) ParOldGen: 463517K->469671K(527360K)
[2960.471s][info ][gc,metaspace   ] GC(337) Metaspace: 76330K->76330K(1118208K)
[2960.471s][info ][gc             ] GC(337) Pause Young (Allocation Failure) 2469M->489M(2512M) 14.122ms
[2960.471s][info ][gc,cpu         ] GC(337) User=0.07s Sys=0.00s Real=0.01s
[2960.472s][info ][safepoint      ] Leaving safepoint region
[2960.472s][info ][safepoint      ] Total time for which application threads were stopped: 0.0143477 seconds, Stopping threads took: 0.0000390 seconds
[2962.472s][info ][safepoint      ] Application time: 2.0001522 seconds
[2962.472s][info ][safepoint      ] Entering safepoint region: Cleanup
[2962.472s][info ][safepoint      ] Leaving safepoint region
[2962.472s][info ][safepoint      ] Total time for which application threads were stopped: 0.0001115 seconds, Stopping threads took: 0.0000446 seconds
[2965.472s][info ][safepoint      ] Application time: 3.0002157 seconds
[2965.472s][info ][safepoint      ] Entering safepoint region: Cleanup
[2965.472s][info ][safepoint      ] Leaving safepoint region
[2965.472s][info ][safepoint      ] Total time for which application threads were stopped: 0.0000955 seconds, Stopping threads took: 0.0000273 seconds
[2967.472s][info ][safepoint      ] Application time: 2.0001375 seconds
[2967.472s][info ][safepoint      ] Entering safepoint region: Cleanup
[2967.472s][info ][safepoint      ] Leaving safepoint region
[2967.472s][info ][safepoint      ] Total time for which application threads were stopped: 0.0000706 seconds, Stopping threads took: 0.0000121 seconds
[2971.247s][info ][safepoint      ] Application time: 3.7745489 seconds
[2971.247s][info ][safepoint      ] Entering safepoint region: RevokeBias
[2971.247s][info ][safepoint      ] Leaving safepoint region
[2971.247s][info ][safepoint      ] Total time for which application threads were stopped: 0.0001158 seconds, Stopping threads took: 0.0000113 seconds
[2971.247s][info ][safepoint      ] Application time: 0.0000389 seconds
[2971.247s][info ][safepoint      ] Entering safepoint region: RevokeBias
[2971.247s][info ][safepoint      ] Leaving safepoint region
[2971.247s][info ][safepoint      ] Total time for which application threads were stopped: 0.0000316 seconds, Stopping threads took: 0.0000037 seconds
[2971.248s][info ][safepoint      ] Application time: 0.0006521 seconds
[2971.248s][info ][safepoint      ] Entering safepoint region: RevokeBias
[2971.248s][info ][safepoint      ] Leaving safepoint region
[2971.248s][info ][safepoint      ] Total time for which application threads were stopped: 0.0000859 seconds, Stopping threads took: 0.0000428 seconds
[2971.248s][info ][safepoint      ] Application time: 0.0001063 seconds
[2971.248s][info ][safepoint      ] Entering safepoint region: RevokeBias
[2971.248s][info ][safepoint      ] Leaving safepoint region
[2971.248s][info ][safepoint      ] Total time for which application threads were stopped: 0.0000634 seconds, Stopping threads took: 0.0000047 seconds
[2971.248s][info ][safepoint      ] Application time: 0.0000224 seconds
[2971.248s][info ][safepoint      ] Entering safepoint region: RevokeBias
[2971.248s][info ][safepoint      ] Leaving safepoint region
[2971.248s][info ][safepoint      ] Total time for which application threads were stopped: 0.0000293 seconds, Stopping threads took: 0.0000036 seconds
[2971.255s][info ][safepoint      ] Application time: 0.0065992 seconds
[2971.255s][info ][safepoint      ] Entering safepoint region: RevokeBias
[2971.255s][info ][safepoint      ] Leaving safepoint region
[2971.255s][info ][safepoint      ] Total time for which application threads were stopped: 0.0000880 seconds, Stopping threads took: 0.0000111 seconds
[2971.372s][info ][safepoint      ] Application time: 0.1173399 seconds
[2971.372s][info ][safepoint      ] Entering safepoint region: RevokeBias
[2971.373s][info ][safepoint      ] Leaving safepoint region
[2971.373s][info ][safepoint      ] Total time for which application threads were stopped: 0.0002253 seconds, Stopping threads took: 0.0000142 seconds
[2971.373s][info ][safepoint      ] Application time: 0.0002271 seconds
[2971.373s][info ][safepoint      ] Entering safepoint region: RevokeBias
[2971.373s][info ][safepoint      ] Leaving safepoint region
[2971.373s][info ][safepoint      ] Total time for which application threads were stopped: 0.0000445 seconds, Stopping threads took: 0.0000070 seconds
[2971.735s][info ][safepoint      ] Application time: 0.3626249 seconds
[2971.736s][info ][safepoint      ] Entering safepoint region: ParallelGCFailedAllocation
[2971.736s][info ][gc,start       ] GC(338) Pause Young (Allocation Failure)
[2971.757s][debug][gc,phases      ] GC(338) Scavenge 20.749ms
[2971.757s][debug][gc,ref         ] GC(338) Skipped phase1 of Reference Processing due to unavailable references
[2971.757s][debug][gc,ref         ] GC(338) Skipped phase3 of Reference Processing due to unavailable references
[2971.757s][debug][gc,phases      ] GC(338) Reference Processing 0.032ms
[2971.757s][debug][gc,phases      ] GC(338) Weak Processing 0.162ms
[2971.758s][debug][gc,phases      ] GC(338) Scrub String Table 0.475ms
[2971.758s][debug][gc,age         ] GC(338) Desired survivor size 56623104 bytes, new threshold 13 (max threshold 15)
[2971.758s][info ][gc,heap        ] GC(338) PSYoungGen: 2044912K->41952K(2055168K)
[2971.758s][info ][gc,heap        ] GC(338) ParOldGen: 469671K->487756K(527360K)
[2971.758s][info ][gc,metaspace   ] GC(338) Metaspace: 76374K->76374K(1118208K)
[2971.758s][info ][gc             ] GC(338) Pause Young (Allocation Failure) 2455M->517M(2522M) 21.552ms
[2971.758s][info ][gc,cpu         ] GC(338) User=0.08s Sys=0.00s Real=0.02s
[2971.758s][info ][safepoint      ] Leaving safepoint region
[2971.758s][info ][safepoint      ] Total time for which application threads were stopped: 0.0224093 seconds, Stopping threads took: 0.0006834 seconds
[2972.758s][info ][safepoint      ] Application time: 1.0000892 seconds
[2972.758s][info ][safepoint      ] Entering safepoint region: Cleanup
[2972.758s][info ][safepoint      ] Leaving safepoint region
[2972.758s][info ][safepoint      ] Total time for which application threads were stopped: 0.0001569 seconds, Stopping threads took: 0.0000633 seconds
[2973.332s][info ][safepoint      ] Application time: 0.5734471 seconds
[2973.332s][info ][safepoint      ] Entering safepoint region: RevokeBias
[2973.332s][info ][safepoint      ] Leaving safepoint region
[2973.332s][info ][safepoint      ] Total time for which application threads were stopped: 0.0001152 seconds, Stopping threads took: 0.0000114 seconds
[2973.332s][info ][safepoint      ] Application time: 0.0000310 seconds
[2973.332s][info ][safepoint      ] Entering safepoint region: RevokeBias
[2973.332s][info ][safepoint      ] Leaving safepoint region
[2973.332s][info ][safepoint      ] Total time for which application threads were stopped: 0.0000276 seconds, Stopping threads took: 0.0000038 seconds
[2973.393s][info ][safepoint      ] Application time: 0.0611687 seconds
[2973.393s][info ][safepoint      ] Entering safepoint region: RevokeBias
[2973.393s][info ][safepoint      ] Leaving safepoint region
[2973.393s][info ][safepoint      ] Total time for which application threads were stopped: 0.0001725 seconds, Stopping threads took: 0.0000437 seconds
[2973.393s][info ][safepoint      ] Application time: 0.0000279 seconds
[2973.393s][info ][safepoint      ] Entering safepoint region: RevokeBias
[2973.393s][info ][safepoint      ] Leaving safepoint region
[2973.393s][info ][safepoint      ] Total time for which application threads were stopped: 0.0000790 seconds, Stopping threads took: 0.0000484 seconds
[2974.393s][info ][safepoint      ] Application time: 1.0000422 seconds
[2974.393s][info ][safepoint      ] Entering safepoint region: Cleanup
[2974.394s][info ][safepoint      ] Leaving safepoint region
[2974.394s][info ][safepoint      ] Total time for which application threads were stopped: 0.0001257 seconds, Stopping threads took: 0.0000148 seconds
[2979.156s][info ][safepoint      ] Application time: 4.7622860 seconds
[2979.156s][info ][safepoint      ] Entering safepoint region: ParallelGCFailedAllocation
[2979.156s][info ][gc,start       ] GC(339) Pause Young (Allocation Failure)
[2979.174s][debug][gc,phases      ] GC(339) Scavenge 17.883ms
[2979.174s][debug][gc,ref         ] GC(339) Skipped phase1 of Reference Processing due to unavailable references
[2979.174s][debug][gc,ref         ] GC(339) Skipped phase3 of Reference Processing due to unavailable references
[2979.174s][debug][gc,phases      ] GC(339) Reference Processing 0.035ms
[2979.174s][debug][gc,phases      ] GC(339) Weak Processing 0.161ms
[2979.175s][debug][gc,phases      ] GC(339) Scrub String Table 0.471ms
[2979.175s][debug][gc,age         ] GC(339) Desired survivor size 62914560 bytes, new threshold 12 (max threshold 15)
[2979.175s][info ][gc,heap        ] GC(339) PSYoungGen: 2055136K->41968K(2016256K)
[2979.175s][info ][gc,heap        ] GC(339) ParOldGen: 487756K->494350K(527360K)
[2979.175s][info ][gc,metaspace   ] GC(339) Metaspace: 76453K->76453K(1118208K)
[2979.175s][info ][gc             ] GC(339) Pause Young (Allocation Failure) 2483M->523M(2484M) 18.696ms
[2979.175s][info ][gc,cpu         ] GC(339) User=0.05s Sys=0.02s Real=0.02s
[2979.175s][info ][safepoint      ] Leaving safepoint region
[2979.175s][info ][safepoint      ] Total time for which application threads were stopped: 0.0188574 seconds, Stopping threads took: 0.0000135 seconds
[2980.175s][info ][safepoint      ] Application time: 1.0000706 seconds
[2980.175s][info ][safepoint      ] Entering safepoint region: Cleanup
[2980.175s][info ][safepoint      ] Leaving safepoint region
[2980.175s][info ][safepoint      ] Total time for which application threads were stopped: 0.0000716 seconds, Stopping threads took: 0.0000131 seconds
[2981.175s][info ][safepoint      ] Application time: 1.0000691 seconds
[2981.175s][info ][safepoint      ] Entering safepoint region: Cleanup
[2981.175s][info ][safepoint      ] Leaving safepoint region
[2981.175s][info ][safepoint      ] Total time for which application threads were stopped: 0.0001174 seconds, Stopping threads took: 0.0000454 seconds
[2982.175s][info ][safepoint      ] Application time: 1.0000696 seconds
[2982.175s][info ][safepoint      ] Entering safepoint region: Cleanup
[2982.175s][info ][safepoint      ] Leaving safepoint region
[2982.175s][info ][safepoint      ] Total time for which application threads were stopped: 0.0000848 seconds, Stopping threads took: 0.0000212 seconds
[2983.175s][info ][safepoint      ] Application time: 1.0000789 seconds
[2983.176s][info ][safepoint      ] Entering safepoint region: Cleanup
[2983.176s][info ][safepoint      ] Leaving safepoint region
[2983.176s][info ][safepoint      ] Total time for which application threads were stopped: 0.0000724 seconds, Stopping threads took: 0.0000135 seconds
[2984.176s][info ][safepoint      ] Application time: 1.0000817 seconds
[2984.176s][info ][safepoint      ] Entering safepoint region: Cleanup
[2984.176s][info ][safepoint      ] Leaving safepoint region
[2984.176s][info ][safepoint      ] Total time for which application threads were stopped: 0.0000890 seconds, Stopping threads took: 0.0000184 seconds
[2986.176s][info ][safepoint      ] Application time: 2.0001513 seconds
[2986.176s][info ][safepoint      ] Entering safepoint region: Cleanup
[2986.176s][info ][safepoint      ] Leaving safepoint region
[2986.176s][info ][safepoint      ] Total time for which application threads were stopped: 0.0000840 seconds, Stopping threads took: 0.0000173 seconds
[2989.176s][info ][safepoint      ] Application time: 3.0001956 seconds
[2989.176s][info ][safepoint      ] Entering safepoint region: Cleanup
[2989.176s][info ][safepoint      ] Leaving safepoint region
[2989.176s][info ][safepoint      ] Total time for which application threads were stopped: 0.0000705 seconds, Stopping threads took: 0.0000134 seconds
[2990.874s][info ][safepoint      ] Application time: 1.6977767 seconds
[2990.874s][info ][safepoint      ] Entering safepoint region: RevokeBias
[2990.874s][info ][safepoint      ] Leaving safepoint region
[2990.874s][info ][safepoint      ] Total time for which application threads were stopped: 0.0001593 seconds, Stopping threads took: 0.0000567 seconds
[2990.876s][info ][safepoint      ] Application time: 0.0019978 seconds
[2990.876s][info ][safepoint      ] Entering safepoint region: RevokeBias
[2990.876s][info ][safepoint      ] Leaving safepoint region
[2990.876s][info ][safepoint      ] Total time for which application threads were stopped: 0.0000556 seconds, Stopping threads took: 0.0000076 seconds
[2990.876s][info ][safepoint      ] Application time: 0.0000298 seconds
[2990.876s][info ][safepoint      ] Entering safepoint region: RevokeBias
[2990.877s][info ][safepoint      ] Leaving safepoint region
[2990.877s][info ][safepoint      ] Total time for which application threads were stopped: 0.0000416 seconds, Stopping threads took: 0.0000062 seconds
[2990.877s][info ][safepoint      ] Application time: 0.0003001 seconds
[2990.877s][info ][safepoint      ] Entering safepoint region: BulkRevokeBias
[2990.877s][info ][safepoint      ] Leaving safepoint region
[2990.877s][info ][safepoint      ] Total time for which application threads were stopped: 0.0002080 seconds, Stopping threads took: 0.0000563 seconds
[2990.879s][info ][safepoint      ] Application time: 0.0019557 seconds
[2990.879s][info ][safepoint      ] Entering safepoint region: ParallelGCFailedAllocation
[2990.879s][info ][gc,start       ] GC(340) Pause Young (Allocation Failure)
[2990.892s][debug][gc,phases      ] GC(340) Scavenge 12.999ms
[2990.892s][debug][gc,ref         ] GC(340) Skipped phase1 of Reference Processing due to unavailable references
[2990.892s][debug][gc,ref         ] GC(340) Skipped phase3 of Reference Processing due to unavailable references
[2990.892s][debug][gc,phases      ] GC(340) Reference Processing 0.049ms
[2990.892s][debug][gc,phases      ] GC(340) Weak Processing 0.133ms
[2990.893s][debug][gc,phases      ] GC(340) Scrub String Table 0.409ms
[2990.893s][debug][gc,age         ] GC(340) Desired survivor size 65011712 bytes, new threshold 13 (max threshold 15)
[2990.893s][info ][gc,heap        ] GC(340) PSYoungGen: 2016240K->38992K(2013696K)
[2990.893s][info ][gc,heap        ] GC(340) ParOldGen: 494350K->499643K(527360K)
[2990.893s][info ][gc,metaspace   ] GC(340) Metaspace: 76474K->76474K(1118208K)
[2990.893s][info ][gc             ] GC(340) Pause Young (Allocation Failure) 2451M->526M(2481M) 13.719ms
[2990.893s][info ][gc,cpu         ] GC(340) User=0.05s Sys=0.00s Real=0.02s
[2990.893s][info ][safepoint      ] Leaving safepoint region
[2990.893s][info ][safepoint      ] Total time for which application threads were stopped: 0.0138545 seconds, Stopping threads took: 0.0000103 seconds
[2990.905s][info ][safepoint      ] Application time: 0.0118430 seconds
[2990.905s][info ][safepoint      ] Entering safepoint region: RevokeBias
[2990.905s][info ][safepoint      ] Leaving safepoint region
[2990.905s][info ][safepoint      ] Total time for which application threads were stopped: 0.0001060 seconds, Stopping threads took: 0.0000113 seconds
[2990.905s][info ][safepoint      ] Application time: 0.0000216 seconds
[2990.905s][info ][safepoint      ] Entering safepoint region: RevokeBias
[2990.905s][info ][safepoint      ] Leaving safepoint region
[2990.905s][info ][safepoint      ] Total time for which application threads were stopped: 0.0000259 seconds, Stopping threads took: 0.0000041 seconds
[2990.905s][info ][safepoint      ] Application time: 0.0002655 seconds
[2990.905s][info ][safepoint      ] Entering safepoint region: RevokeBias
[2990.905s][info ][safepoint      ] Leaving safepoint region
[2990.905s][info ][safepoint      ] Total time for which application threads were stopped: 0.0000373 seconds, Stopping threads took: 0.0000052 seconds
[2990.909s][info ][safepoint      ] Application time: 0.0040067 seconds
[2990.909s][info ][safepoint      ] Entering safepoint region: RevokeBias
[2990.909s][info ][safepoint      ] Leaving safepoint region
[2990.909s][info ][safepoint      ] Total time for which application threads were stopped: 0.0000822 seconds, Stopping threads took: 0.0000263 seconds
[2990.969s][info ][safepoint      ] Application time: 0.0592187 seconds
[2990.969s][info ][safepoint      ] Entering safepoint region: RevokeBias
[2990.969s][info ][safepoint      ] Leaving safepoint region
[2990.969s][info ][safepoint      ] Total time for which application threads were stopped: 0.0000916 seconds, Stopping threads took: 0.0000112 seconds
[2990.969s][info ][safepoint      ] Application time: 0.0000293 seconds
[2990.969s][info ][safepoint      ] Entering safepoint region: RevokeBias
[2990.969s][info ][safepoint      ] Leaving safepoint region
[2990.969s][info ][safepoint      ] Total time for which application threads were stopped: 0.0000363 seconds, Stopping threads took: 0.0000152 seconds
[2990.972s][info ][safepoint      ] Application time: 0.0037241 seconds
[2990.973s][info ][safepoint      ] Entering safepoint region: RevokeBias
[2990.973s][info ][safepoint      ] Leaving safepoint region
[2990.973s][info ][safepoint      ] Total time for which application threads were stopped: 0.0000759 seconds, Stopping threads took: 0.0000165 seconds
[2991.129s][info ][safepoint      ] Application time: 0.1559091 seconds
[2991.129s][info ][safepoint      ] Entering safepoint region: RevokeBias
[2991.129s][info ][safepoint      ] Leaving safepoint region
[2991.129s][info ][safepoint      ] Total time for which application threads were stopped: 0.0000980 seconds, Stopping threads took: 0.0000101 seconds
[2991.129s][info ][safepoint      ] Application time: 0.0000295 seconds
[2991.129s][info ][safepoint      ] Entering safepoint region: RevokeBias
[2991.129s][info ][safepoint      ] Leaving safepoint region
[2991.129s][info ][safepoint      ] Total time for which application threads were stopped: 0.0000579 seconds, Stopping threads took: 0.0000363 seconds
[2991.130s][info ][safepoint      ] Application time: 0.0010789 seconds
[2991.130s][info ][safepoint      ] Entering safepoint region: RevokeBias
[2991.130s][info ][safepoint      ] Leaving safepoint region
[2991.130s][info ][safepoint      ] Total time for which application threads were stopped: 0.0000345 seconds, Stopping threads took: 0.0000051 seconds
[2991.130s][info ][safepoint      ] Application time: 0.0000328 seconds
[2991.130s][info ][safepoint      ] Entering safepoint region: RevokeBias
[2991.130s][info ][safepoint      ] Leaving safepoint region
[2991.130s][info ][safepoint      ] Total time for which application threads were stopped: 0.0000306 seconds, Stopping threads took: 0.0000049 seconds
[2991.174s][info ][safepoint      ] Application time: 0.0444642 seconds
[2991.174s][info ][safepoint      ] Entering safepoint region: RevokeBias
[2991.174s][info ][safepoint      ] Leaving safepoint region
[2991.175s][info ][safepoint      ] Total time for which application threads were stopped: 0.0000776 seconds, Stopping threads took: 0.0000114 seconds
[2991.175s][info ][safepoint      ] Application time: 0.0004609 seconds
[2991.175s][info ][safepoint      ] Entering safepoint region: RevokeBias
[2991.175s][info ][safepoint      ] Leaving safepoint region
[2991.175s][info ][safepoint      ] Total time for which application threads were stopped: 0.0001813 seconds, Stopping threads took: 0.0001407 seconds
[2991.175s][info ][safepoint      ] Application time: 0.0000349 seconds
[2991.175s][info ][safepoint      ] Entering safepoint region: RevokeBias
[2991.175s][info ][safepoint      ] Leaving safepoint region
[2991.175s][info ][safepoint      ] Total time for which application threads were stopped: 0.0000863 seconds, Stopping threads took: 0.0000637 seconds
[2991.175s][info ][safepoint      ] Application time: 0.0002007 seconds
[2991.176s][info ][safepoint      ] Entering safepoint region: RevokeBias
[2991.176s][info ][safepoint      ] Leaving safepoint region
[2991.176s][info ][safepoint      ] Total time for which application threads were stopped: 0.0000371 seconds, Stopping threads took: 0.0000066 seconds
[2991.549s][info ][safepoint      ] Application time: 0.3733278 seconds
[2991.549s][info ][safepoint      ] Entering safepoint region: RevokeBias
[2991.549s][info ][safepoint      ] Leaving safepoint region
[2991.549s][info ][safepoint      ] Total time for which application threads were stopped: 0.0001344 seconds, Stopping threads took: 0.0000114 seconds
[2991.549s][info ][safepoint      ] Application time: 0.0000251 seconds
[2991.549s][info ][safepoint      ] Entering safepoint region: RevokeBias
[2991.549s][info ][safepoint      ] Leaving safepoint region
[2991.549s][info ][safepoint      ] Total time for which application threads were stopped: 0.0000249 seconds, Stopping threads took: 0.0000036 seconds
[2991.549s][info ][safepoint      ] Application time: 0.0002551 seconds
[2991.549s][info ][safepoint      ] Entering safepoint region: RevokeBias
[2991.549s][info ][safepoint      ] Leaving safepoint region
[2991.549s][info ][safepoint      ] Total time for which application threads were stopped: 0.0000429 seconds, Stopping threads took: 0.0000047 seconds
[2991.644s][info ][safepoint      ] Application time: 0.0947103 seconds
[2991.644s][info ][safepoint      ] Entering safepoint region: RevokeBias
[2991.644s][info ][safepoint      ] Leaving safepoint region
[2991.644s][info ][safepoint      ] Total time for which application threads were stopped: 0.0000752 seconds, Stopping threads took: 0.0000111 seconds
[2991.644s][info ][safepoint      ] Application time: 0.0000245 seconds
[2991.644s][info ][safepoint      ] Entering safepoint region: RevokeBias
[2991.644s][info ][safepoint      ] Leaving safepoint region
[2991.644s][info ][safepoint      ] Total time for which application threads were stopped: 0.0000257 seconds, Stopping threads took: 0.0000040 seconds
[2991.681s][info ][safepoint      ] Application time: 0.0367379 seconds
[2991.681s][info ][safepoint      ] Entering safepoint region: RevokeBias
[2991.681s][info ][safepoint      ] Leaving safepoint region
[2991.681s][info ][safepoint      ] Total time for which application threads were stopped: 0.0000813 seconds, Stopping threads took: 0.0000101 seconds
[2992.681s][info ][safepoint      ] Application time: 1.0000786 seconds
[2992.681s][info ][safepoint      ] Entering safepoint region: Cleanup
[2992.682s][info ][safepoint      ] Leaving safepoint region
[2992.682s][info ][safepoint      ] Total time for which application threads were stopped: 0.0002514 seconds, Stopping threads took: 0.0001228 seconds
[2993.682s][info ][safepoint      ] Application time: 1.0000842 seconds
[2993.682s][info ][safepoint      ] Entering safepoint region: Cleanup
[2993.682s][info ][safepoint      ] Leaving safepoint region
[2993.682s][info ][safepoint      ] Total time for which application threads were stopped: 0.0001157 seconds, Stopping threads took: 0.0000153 seconds
[2994.682s][info ][safepoint      ] Application time: 1.0000732 seconds
[2994.682s][info ][safepoint      ] Entering safepoint region: Cleanup
[2994.682s][info ][safepoint      ] Leaving safepoint region
[2994.682s][info ][safepoint      ] Total time for which application threads were stopped: 0.0001017 seconds, Stopping threads took: 0.0000210 seconds
[2995.682s][info ][safepoint      ] Application time: 1.0000689 seconds
[2995.682s][info ][safepoint      ] Entering safepoint region: Cleanup
[2995.682s][info ][safepoint      ] Leaving safepoint region
[2995.682s][info ][safepoint      ] Total time for which application threads were stopped: 0.0000856 seconds, Stopping threads took: 0.0000155 seconds
[2996.682s][info ][safepoint      ] Application time: 1.0000677 seconds
[2996.682s][info ][safepoint      ] Entering safepoint region: Cleanup
[2996.682s][info ][safepoint      ] Leaving safepoint region
[2996.682s][info ][safepoint      ] Total time for which application threads were stopped: 0.0000855 seconds, Stopping threads took: 0.0000300 seconds
[2997.682s][info ][safepoint      ] Application time: 1.0000808 seconds
[2997.683s][info ][safepoint      ] Entering safepoint region: Cleanup
[2997.683s][info ][safepoint      ] Leaving safepoint region
[2997.683s][info ][safepoint      ] Total time for which application threads were stopped: 0.0000680 seconds, Stopping threads took: 0.0000144 seconds
[2998.683s][info ][safepoint      ] Application time: 1.0000692 seconds
[2998.683s][info ][safepoint      ] Entering safepoint region: Cleanup
[2998.683s][info ][safepoint      ] Leaving safepoint region
[2998.683s][info ][safepoint      ] Total time for which application threads were stopped: 0.0000968 seconds, Stopping threads took: 0.0000154 seconds
[2999.683s][info ][safepoint      ] Application time: 1.0000754 seconds
[2999.683s][info ][safepoint      ] Entering safepoint region: Cleanup
[2999.683s][info ][safepoint      ] Leaving safepoint region
[2999.683s][info ][safepoint      ] Total time for which application threads were stopped: 0.0000891 seconds, Stopping threads took: 0.0000188 seconds
[3000.683s][info ][safepoint      ] Application time: 1.0000747 seconds
[3000.683s][info ][safepoint      ] Entering safepoint region: Cleanup
[3000.683s][info ][safepoint      ] Leaving safepoint region
[3000.683s][info ][safepoint      ] Total time for which application threads were stopped: 0.0000663 seconds, Stopping threads took: 0.0000138 seconds
[3001.312s][info ][safepoint      ] Application time: 0.6289638 seconds
[3001.312s][info ][safepoint      ] Entering safepoint region: ParallelGCFailedAllocation
[3001.312s][info ][gc,start       ] GC(341) Pause Young (Allocation Failure)
[3001.329s][debug][gc,phases      ] GC(341) Scavenge 16.531ms
[3001.329s][debug][gc,ref         ] GC(341) Skipped phase1 of Reference Processing due to unavailable references
[3001.329s][debug][gc,ref         ] GC(341) Skipped phase3 of Reference Processing due to unavailable references
[3001.329s][debug][gc,phases      ] GC(341) Reference Processing 0.060ms
[3001.329s][debug][gc,phases      ] GC(341) Weak Processing 0.164ms
[3001.330s][debug][gc,phases      ] GC(341) Scrub String Table 0.491ms
[3001.330s][debug][gc,age         ] GC(341) Desired survivor size 70778880 bytes, new threshold 14 (max threshold 15)
[3001.330s][info ][gc,heap        ] GC(341) PSYoungGen: 2013264K->51665K(2022400K)
[3001.330s][info ][gc,heap        ] GC(341) ParOldGen: 499643K->499651K(527360K)
[3001.330s][info ][gc,metaspace   ] GC(341) Metaspace: 76506K->76506K(1120256K)
[3001.330s][info ][gc             ] GC(341) Pause Young (Allocation Failure) 2454M->538M(2490M) 17.417ms
[3001.330s][info ][gc,cpu         ] GC(341) User=0.06s Sys=0.00s Real=0.01s
[3001.330s][info ][safepoint      ] Leaving safepoint region
[3001.330s][info ][safepoint      ] Total time for which application threads were stopped: 0.0175872 seconds, Stopping threads took: 0.0000125 seconds
[3002.330s][info ][safepoint      ] Application time: 1.0000735 seconds
[3002.330s][info ][safepoint      ] Entering safepoint region: Cleanup
[3002.330s][info ][safepoint      ] Leaving safepoint region
[3002.330s][info ][safepoint      ] Total time for which application threads were stopped: 0.0000673 seconds, Stopping threads took: 0.0000135 seconds
[3003.330s][info ][safepoint      ] Application time: 1.0000853 seconds
[3003.330s][info ][safepoint      ] Entering safepoint region: Cleanup
[3003.330s][info ][safepoint      ] Leaving safepoint region
[3003.330s][info ][safepoint      ] Total time for which application threads were stopped: 0.0000944 seconds, Stopping threads took: 0.0000196 seconds
[3004.330s][info ][safepoint      ] Application time: 1.0000825 seconds
[3004.330s][info ][safepoint      ] Entering safepoint region: Cleanup
[3004.330s][info ][safepoint      ] Leaving safepoint region
[3004.330s][info ][safepoint      ] Total time for which application threads were stopped: 0.0000664 seconds, Stopping threads took: 0.0000142 seconds
[3005.330s][info ][safepoint      ] Application time: 1.0000698 seconds
[3005.330s][info ][safepoint      ] Entering safepoint region: Cleanup
[3005.331s][info ][safepoint      ] Leaving safepoint region
[3005.331s][info ][safepoint      ] Total time for which application threads were stopped: 0.0000756 seconds, Stopping threads took: 0.0000145 seconds
[3006.331s][info ][safepoint      ] Application time: 1.0000699 seconds
[3006.331s][info ][safepoint      ] Entering safepoint region: Cleanup
[3006.331s][info ][safepoint      ] Leaving safepoint region
[3006.331s][info ][safepoint      ] Total time for which application threads were stopped: 0.0000730 seconds, Stopping threads took: 0.0000138 seconds
[3007.331s][info ][safepoint      ] Application time: 1.0000749 seconds
[3007.331s][info ][safepoint      ] Entering safepoint region: Cleanup
[3007.331s][info ][safepoint      ] Leaving safepoint region
[3007.331s][info ][safepoint      ] Total time for which application threads were stopped: 0.0000675 seconds, Stopping threads took: 0.0000136 seconds
[3008.331s][info ][safepoint      ] Application time: 1.0000698 seconds
[3008.331s][info ][safepoint      ] Entering safepoint region: Cleanup
[3008.331s][info ][safepoint      ] Leaving safepoint region
[3008.331s][info ][safepoint      ] Total time for which application threads were stopped: 0.0000898 seconds, Stopping threads took: 0.0000142 seconds
[3009.331s][info ][safepoint      ] Application time: 1.0000825 seconds
[3009.331s][info ][safepoint      ] Entering safepoint region: Cleanup
[3009.331s][info ][safepoint      ] Leaving safepoint region
[3009.331s][info ][safepoint      ] Total time for which application threads were stopped: 0.0000944 seconds, Stopping threads took: 0.0000188 seconds
[3010.331s][info ][safepoint      ] Application time: 1.0000715 seconds
[3010.331s][info ][safepoint      ] Entering safepoint region: Cleanup
[3010.332s][info ][safepoint      ] Leaving safepoint region
[3010.332s][info ][safepoint      ] Total time for which application threads were stopped: 0.0000664 seconds, Stopping threads took: 0.0000142 seconds
[3011.332s][info ][safepoint      ] Application time: 1.0000719 seconds
[3011.332s][info ][safepoint      ] Entering safepoint region: Cleanup
[3011.332s][info ][safepoint      ] Leaving safepoint region
[3011.332s][info ][safepoint      ] Total time for which application threads were stopped: 0.0000697 seconds, Stopping threads took: 0.0000153 seconds
[3012.332s][info ][safepoint      ] Application time: 1.0000660 seconds
[3012.332s][info ][safepoint      ] Entering safepoint region: Cleanup
[3012.332s][info ][safepoint      ] Leaving safepoint region
[3012.332s][info ][safepoint      ] Total time for which application threads were stopped: 0.0000717 seconds, Stopping threads took: 0.0000136 seconds
[3013.332s][info ][safepoint      ] Application time: 1.0000743 seconds
[3013.332s][info ][safepoint      ] Entering safepoint region: Cleanup
[3013.332s][info ][safepoint      ] Leaving safepoint region
[3013.332s][info ][safepoint      ] Total time for which application threads were stopped: 0.0000703 seconds, Stopping threads took: 0.0000156 seconds
[3013.408s][info ][safepoint      ] Application time: 0.0756052 seconds
[3013.408s][info ][safepoint      ] Entering safepoint region: ParallelGCFailedAllocation
[3013.408s][info ][gc,start       ] GC(342) Pause Young (Allocation Failure)
[3013.423s][debug][gc,phases      ] GC(342) Scavenge 15.114ms
[3013.423s][debug][gc,ref         ] GC(342) Skipped phase1 of Reference Processing due to unavailable references
[3013.423s][debug][gc,ref         ] GC(342) Skipped phase3 of Reference Processing due to unavailable references
[3013.423s][debug][gc,phases      ] GC(342) Reference Processing 0.035ms
[3013.423s][debug][gc,phases      ] GC(342) Weak Processing 0.154ms
[3013.424s][debug][gc,phases      ] GC(342) Scrub String Table 0.461ms
[3013.424s][debug][gc,age         ] GC(342) Desired survivor size 75497472 bytes, new threshold 15 (max threshold 15)
[3013.424s][info ][gc,heap        ] GC(342) PSYoungGen: 2010577K->52129K(2011136K)
[3013.424s][info ][gc,heap        ] GC(342) ParOldGen: 499651K->499659K(527360K)
[3013.424s][info ][gc,metaspace   ] GC(342) Metaspace: 76511K->76511K(1120256K)
[3013.424s][info ][gc             ] GC(342) Pause Young (Allocation Failure) 2451M->538M(2479M) 15.899ms
[3013.424s][info ][gc,cpu         ] GC(342) User=0.07s Sys=0.00s Real=0.02s
[3013.424s][info ][safepoint      ] Leaving safepoint region
[3013.424s][info ][safepoint      ] Total time for which application threads were stopped: 0.0160590 seconds, Stopping threads took: 0.0000134 seconds
[3014.424s][info ][safepoint      ] Application time: 1.0000794 seconds
[3014.424s][info ][safepoint      ] Entering safepoint region: Cleanup
[3014.424s][info ][safepoint      ] Leaving safepoint region
[3014.424s][info ][safepoint      ] Total time for which application threads were stopped: 0.0000968 seconds, Stopping threads took: 0.0000365 seconds
[3015.424s][info ][safepoint      ] Application time: 1.0000748 seconds
[3015.424s][info ][safepoint      ] Entering safepoint region: Cleanup
[3015.424s][info ][safepoint      ] Leaving safepoint region
[3015.424s][info ][safepoint      ] Total time for which application threads were stopped: 0.0000689 seconds, Stopping threads took: 0.0000139 seconds
[3016.424s][info ][safepoint      ] Application time: 1.0000707 seconds
[3016.424s][info ][safepoint      ] Entering safepoint region: Cleanup
[3016.424s][info ][safepoint      ] Leaving safepoint region
[3016.424s][info ][safepoint      ] Total time for which application threads were stopped: 0.0000719 seconds, Stopping threads took: 0.0000135 seconds
[3017.425s][info ][safepoint      ] Application time: 1.0000729 seconds
[3017.425s][info ][safepoint      ] Entering safepoint region: Cleanup
[3017.425s][info ][safepoint      ] Leaving safepoint region
[3017.425s][info ][safepoint      ] Total time for which application threads were stopped: 0.0001023 seconds, Stopping threads took: 0.0000135 seconds
[3018.425s][info ][safepoint      ] Application time: 1.0000669 seconds
[3018.425s][info ][safepoint      ] Entering safepoint region: Cleanup
[3018.425s][info ][safepoint      ] Leaving safepoint region
[3018.425s][info ][safepoint      ] Total time for which application threads were stopped: 0.0000668 seconds, Stopping threads took: 0.0000129 seconds
[3019.425s][info ][safepoint      ] Application time: 1.0000801 seconds
[3019.425s][info ][safepoint      ] Entering safepoint region: Cleanup
[3019.425s][info ][safepoint      ] Leaving safepoint region
[3019.425s][info ][safepoint      ] Total time for which application threads were stopped: 0.0000821 seconds, Stopping threads took: 0.0000141 seconds
[3020.425s][info ][safepoint      ] Application time: 1.0000695 seconds
[3020.425s][info ][safepoint      ] Entering safepoint region: Cleanup
[3020.425s][info ][safepoint      ] Leaving safepoint region
[3020.425s][info ][safepoint      ] Total time for which application threads were stopped: 0.0000644 seconds, Stopping threads took: 0.0000140 seconds
[3021.425s][info ][safepoint      ] Application time: 1.0000616 seconds
[3021.425s][info ][safepoint      ] Entering safepoint region: Cleanup
[3021.425s][info ][safepoint      ] Leaving safepoint region
[3021.425s][info ][safepoint      ] Total time for which application threads were stopped: 0.0000643 seconds, Stopping threads took: 0.0000132 seconds
[3022.425s][info ][safepoint      ] Application time: 1.0000660 seconds
[3022.425s][info ][safepoint      ] Entering safepoint region: Cleanup
[3022.426s][info ][safepoint      ] Leaving safepoint region
[3022.426s][info ][safepoint      ] Total time for which application threads were stopped: 0.0001016 seconds, Stopping threads took: 0.0000334 seconds
[3023.426s][info ][safepoint      ] Application time: 1.0000808 seconds
[3023.426s][info ][safepoint      ] Entering safepoint region: Cleanup
[3023.426s][info ][safepoint      ] Leaving safepoint region
[3023.426s][info ][safepoint      ] Total time for which application threads were stopped: 0.0000629 seconds, Stopping threads took: 0.0000130 seconds
[3024.367s][info ][safepoint      ] Application time: 0.9413160 seconds
[3024.367s][info ][safepoint      ] Entering safepoint region: ParallelGCFailedAllocation
[3024.367s][info ][gc,start       ] GC(343) Pause Young (Allocation Failure)
[3024.384s][debug][gc,phases      ] GC(343) Scavenge 16.851ms
[3024.384s][debug][gc,ref         ] GC(343) Skipped phase1 of Reference Processing due to unavailable references
[3024.384s][debug][gc,ref         ] GC(343) Skipped phase3 of Reference Processing due to unavailable references
[3024.384s][debug][gc,phases      ] GC(343) Reference Processing 0.037ms
[3024.384s][debug][gc,phases      ] GC(343) Weak Processing 0.150ms
[3024.385s][debug][gc,phases      ] GC(343) Scrub String Table 0.457ms
[3024.385s][debug][gc,age         ] GC(343) Desired survivor size 79691776 bytes, new threshold 15 (max threshold 15)
[3024.385s][info ][gc,heap        ] GC(343) PSYoungGen: 2011041K->54065K(2015232K)
[3024.385s][info ][gc,heap        ] GC(343) ParOldGen: 499659K->499667K(527360K)
[3024.385s][info ][gc,metaspace   ] GC(343) Metaspace: 76522K->76522K(1120256K)
[3024.385s][info ][gc             ] GC(343) Pause Young (Allocation Failure) 2451M->540M(2483M) 17.637ms
[3024.385s][info ][gc,cpu         ] GC(343) User=0.06s Sys=0.00s Real=0.02s
[3024.385s][info ][safepoint      ] Leaving safepoint region
[3024.385s][info ][safepoint      ] Total time for which application threads were stopped: 0.0177948 seconds, Stopping threads took: 0.0000128 seconds
[3025.385s][info ][safepoint      ] Application time: 1.0000762 seconds
[3025.385s][info ][safepoint      ] Entering safepoint region: Cleanup
[3025.385s][info ][safepoint      ] Leaving safepoint region
[3025.385s][info ][safepoint      ] Total time for which application threads were stopped: 0.0000696 seconds, Stopping threads took: 0.0000148 seconds
[3026.385s][info ][safepoint      ] Application time: 1.0000745 seconds
[3026.385s][info ][safepoint      ] Entering safepoint region: Cleanup
[3026.385s][info ][safepoint      ] Leaving safepoint region
[3026.385s][info ][safepoint      ] Total time for which application threads were stopped: 0.0001183 seconds, Stopping threads took: 0.0000458 seconds
[3027.385s][info ][safepoint      ] Application time: 1.0000709 seconds
[3027.385s][info ][safepoint      ] Entering safepoint region: Cleanup
[3027.386s][info ][safepoint      ] Leaving safepoint region
[3027.386s][info ][safepoint      ] Total time for which application threads were stopped: 0.0000807 seconds, Stopping threads took: 0.0000159 seconds
[3028.386s][info ][safepoint      ] Application time: 1.0000383 seconds
[3028.386s][info ][safepoint      ] Entering safepoint region: Cleanup
[3028.386s][info ][safepoint      ] Leaving safepoint region
[3028.386s][info ][safepoint      ] Total time for which application threads were stopped: 0.0000712 seconds, Stopping threads took: 0.0000151 seconds
[3029.386s][info ][safepoint      ] Application time: 1.0000702 seconds
[3029.386s][info ][safepoint      ] Entering safepoint region: Cleanup
[3029.386s][info ][safepoint      ] Leaving safepoint region
[3029.386s][info ][safepoint      ] Total time for which application threads were stopped: 0.0000695 seconds, Stopping threads took: 0.0000148 seconds
[3030.386s][info ][safepoint      ] Application time: 1.0000726 seconds
[3030.386s][info ][safepoint      ] Entering safepoint region: Cleanup
[3030.386s][info ][safepoint      ] Leaving safepoint region
[3030.386s][info ][safepoint      ] Total time for which application threads were stopped: 0.0000950 seconds, Stopping threads took: 0.0000314 seconds
[3031.386s][info ][safepoint      ] Application time: 1.0000538 seconds
[3031.386s][info ][safepoint      ] Entering safepoint region: Cleanup
[3031.386s][info ][safepoint      ] Leaving safepoint region
[3031.386s][info ][safepoint      ] Total time for which application threads were stopped: 0.0000840 seconds, Stopping threads took: 0.0000150 seconds
[3032.386s][info ][safepoint      ] Application time: 1.0000748 seconds
[3032.386s][info ][safepoint      ] Entering safepoint region: Cleanup
[3032.386s][info ][safepoint      ] Leaving safepoint region
[3032.386s][info ][safepoint      ] Total time for which application threads were stopped: 0.0000690 seconds, Stopping threads took: 0.0000156 seconds
[3033.387s][info ][safepoint      ] Application time: 1.0001003 seconds
[3033.387s][info ][safepoint      ] Entering safepoint region: Cleanup
[3033.387s][info ][safepoint      ] Leaving safepoint region
[3033.387s][info ][safepoint      ] Total time for which application threads were stopped: 0.0000989 seconds, Stopping threads took: 0.0000230 seconds
[3034.387s][info ][safepoint      ] Application time: 1.0000792 seconds
[3034.387s][info ][safepoint      ] Entering safepoint region: Cleanup
[3034.387s][info ][safepoint      ] Leaving safepoint region
[3034.387s][info ][safepoint      ] Total time for which application threads were stopped: 0.0000824 seconds, Stopping threads took: 0.0000179 seconds
[3035.387s][info ][safepoint      ] Application time: 1.0000766 seconds
[3035.387s][info ][safepoint      ] Entering safepoint region: Cleanup
[3035.387s][info ][safepoint      ] Leaving safepoint region
[3035.387s][info ][safepoint      ] Total time for which application threads were stopped: 0.0000705 seconds, Stopping threads took: 0.0000154 seconds
[3036.353s][info ][safepoint      ] Application time: 0.9655275 seconds
[3036.353s][info ][safepoint      ] Entering safepoint region: ParallelGCFailedAllocation
[3036.353s][info ][gc,start       ] GC(344) Pause Young (Allocation Failure)
[3036.370s][debug][gc,phases      ] GC(344) Scavenge 16.921ms
[3036.370s][debug][gc,ref         ] GC(344) Skipped phase1 of Reference Processing due to unavailable references
[3036.370s][debug][gc,ref         ] GC(344) Skipped phase3 of Reference Processing due to unavailable references
[3036.370s][debug][gc,phases      ] GC(344) Reference Processing 0.035ms
[3036.370s][debug][gc,phases      ] GC(344) Weak Processing 0.147ms
[3036.370s][debug][gc,phases      ] GC(344) Scrub String Table 0.448ms
[3036.370s][debug][gc,age         ] GC(344) Desired survivor size 83361792 bytes, new threshold 15 (max threshold 15)
[3036.370s][info ][gc,heap        ] GC(344) PSYoungGen: 1995569K->54769K(1996288K)
[3036.371s][info ][gc,heap        ] GC(344) ParOldGen: 499667K->500544K(527360K)
[3036.371s][info ][gc,metaspace   ] GC(344) Metaspace: 76524K->76524K(1120256K)
[3036.371s][info ][gc             ] GC(344) Pause Young (Allocation Failure) 2436M->542M(2464M) 17.708ms
[3036.371s][info ][gc,cpu         ] GC(344) User=0.07s Sys=0.00s Real=0.01s
[3036.371s][info ][safepoint      ] Leaving safepoint region
[3036.371s][info ][safepoint      ] Total time for which application threads were stopped: 0.0178810 seconds, Stopping threads took: 0.0000137 seconds
[3037.371s][info ][safepoint      ] Application time: 1.0000852 seconds
[3037.371s][info ][safepoint      ] Entering safepoint region: Cleanup
[3037.371s][info ][safepoint      ] Leaving safepoint region
[3037.371s][info ][safepoint      ] Total time for which application threads were stopped: 0.0001082 seconds, Stopping threads took: 0.0000460 seconds
[3038.123s][info ][safepoint      ] Application time: 0.7523264 seconds
[3038.123s][info ][safepoint      ] Entering safepoint region: RevokeBias
[3038.123s][info ][safepoint      ] Leaving safepoint region
[3038.123s][info ][safepoint      ] Total time for which application threads were stopped: 0.0000956 seconds, Stopping threads took: 0.0000128 seconds
[3038.123s][info ][safepoint      ] Application time: 0.0000332 seconds
[3038.123s][info ][safepoint      ] Entering safepoint region: RevokeBias
[3038.123s][info ][safepoint      ] Leaving safepoint region
[3038.123s][info ][safepoint      ] Total time for which application threads were stopped: 0.0000289 seconds, Stopping threads took: 0.0000043 seconds
[3038.193s][info ][safepoint      ] Application time: 0.0699239 seconds
[3038.193s][info ][safepoint      ] Entering safepoint region: RevokeBias
[3038.193s][info ][safepoint      ] Leaving safepoint region
[3038.193s][info ][safepoint      ] Total time for which application threads were stopped: 0.0000956 seconds, Stopping threads took: 0.0000111 seconds
[3038.232s][info ][safepoint      ] Application time: 0.0383775 seconds
[3038.232s][info ][safepoint      ] Entering safepoint region: RevokeBias
[3038.232s][info ][safepoint      ] Leaving safepoint region
[3038.232s][info ][safepoint      ] Total time for which application threads were stopped: 0.0000962 seconds, Stopping threads took: 0.0000105 seconds
[3038.232s][info ][safepoint      ] Application time: 0.0000310 seconds
[3038.232s][info ][safepoint      ] Entering safepoint region: RevokeBias
[3038.232s][info ][safepoint      ] Leaving safepoint region
[3038.232s][info ][safepoint      ] Total time for which application threads were stopped: 0.0000260 seconds, Stopping threads took: 0.0000037 seconds
[3038.333s][info ][safepoint      ] Application time: 0.1013994 seconds
[3038.333s][info ][safepoint      ] Entering safepoint region: RevokeBias
[3038.333s][info ][safepoint      ] Leaving safepoint region
[3038.334s][info ][safepoint      ] Total time for which application threads were stopped: 0.0000970 seconds, Stopping threads took: 0.0000141 seconds
[3039.334s][info ][safepoint      ] Application time: 1.0000375 seconds
[3039.334s][info ][safepoint      ] Entering safepoint region: Cleanup
[3039.334s][info ][safepoint      ] Leaving safepoint region
[3039.334s][info ][safepoint      ] Total time for which application threads were stopped: 0.0000877 seconds, Stopping threads took: 0.0000192 seconds
[3040.334s][info ][safepoint      ] Application time: 1.0000801 seconds
[3040.334s][info ][safepoint      ] Entering safepoint region: Cleanup
[3040.334s][info ][safepoint      ] Leaving safepoint region
[3040.334s][info ][safepoint      ] Total time for which application threads were stopped: 0.0001394 seconds, Stopping threads took: 0.0000496 seconds
[3041.334s][info ][safepoint      ] Application time: 1.0000784 seconds
[3041.334s][info ][safepoint      ] Entering safepoint region: Cleanup
[3041.334s][info ][safepoint      ] Leaving safepoint region
[3041.334s][info ][safepoint      ] Total time for which application threads were stopped: 0.0000755 seconds, Stopping threads took: 0.0000200 seconds
[3042.334s][info ][safepoint      ] Application time: 1.0000676 seconds
[3042.334s][info ][safepoint      ] Entering safepoint region: Cleanup
[3042.334s][info ][safepoint      ] Leaving safepoint region
[3042.334s][info ][safepoint      ] Total time for which application threads were stopped: 0.0000744 seconds, Stopping threads took: 0.0000154 seconds
[3043.334s][info ][safepoint      ] Application time: 1.0000711 seconds
[3043.334s][info ][safepoint      ] Entering safepoint region: Cleanup
[3043.335s][info ][safepoint      ] Leaving safepoint region
[3043.335s][info ][safepoint      ] Total time for which application threads were stopped: 0.0001058 seconds, Stopping threads took: 0.0000363 seconds
[3044.335s][info ][safepoint      ] Application time: 1.0000769 seconds
[3044.335s][info ][safepoint      ] Entering safepoint region: Cleanup
[3044.335s][info ][safepoint      ] Leaving safepoint region
[3044.335s][info ][safepoint      ] Total time for which application threads were stopped: 0.0000866 seconds, Stopping threads took: 0.0000149 seconds
[3045.335s][info ][safepoint      ] Application time: 1.0000672 seconds
[3045.335s][info ][safepoint      ] Entering safepoint region: Cleanup
[3045.335s][info ][safepoint      ] Leaving safepoint region
[3045.335s][info ][safepoint      ] Total time for which application threads were stopped: 0.0000760 seconds, Stopping threads took: 0.0000149 seconds
[3046.181s][info ][safepoint      ] Application time: 0.8456629 seconds
[3046.181s][info ][safepoint      ] Entering safepoint region: ParallelGCFailedAllocation
[3046.181s][info ][gc,start       ] GC(345) Pause Young (Allocation Failure)
[3046.198s][debug][gc,phases      ] GC(345) Scavenge 16.927ms
[3046.198s][debug][gc,ref         ] GC(345) Skipped phase1 of Reference Processing due to unavailable references
[3046.198s][debug][gc,ref         ] GC(345) Skipped phase3 of Reference Processing due to unavailable references
[3046.198s][debug][gc,phases      ] GC(345) Reference Processing 0.042ms
[3046.198s][debug][gc,phases      ] GC(345) Weak Processing 0.164ms
[3046.199s][debug][gc,phases      ] GC(345) Scrub String Table 0.602ms
[3046.199s][debug][gc,age         ] GC(345) Desired survivor size 85983232 bytes, new threshold 15 (max threshold 15)
[3046.199s][info ][gc,heap        ] GC(345) PSYoungGen: 1996273K->53793K(2010624K)
[3046.199s][info ][gc,heap        ] GC(345) ParOldGen: 500544K->500828K(527360K)
[3046.199s][info ][gc,metaspace   ] GC(345) Metaspace: 76545K->76545K(1120256K)
[3046.199s][info ][gc             ] GC(345) Pause Young (Allocation Failure) 2438M->541M(2478M) 17.877ms
[3046.199s][info ][gc,cpu         ] GC(345) User=0.06s Sys=0.00s Real=0.01s
[3046.199s][info ][safepoint      ] Leaving safepoint region
[3046.199s][info ][safepoint      ] Total time for which application threads were stopped: 0.0180334 seconds, Stopping threads took: 0.0000127 seconds
[3047.199s][info ][safepoint      ] Application time: 1.0000698 seconds
[3047.199s][info ][safepoint      ] Entering safepoint region: Cleanup
[3047.199s][info ][safepoint      ] Leaving safepoint region
[3047.199s][info ][safepoint      ] Total time for which application threads were stopped: 0.0000823 seconds, Stopping threads took: 0.0000145 seconds
[3048.199s][info ][safepoint      ] Application time: 1.0000669 seconds
[3048.199s][info ][safepoint      ] Entering safepoint region: Cleanup
[3048.199s][info ][safepoint      ] Leaving safepoint region
[3048.199s][info ][safepoint      ] Total time for which application threads were stopped: 0.0000727 seconds, Stopping threads took: 0.0000147 seconds
[3049.199s][info ][safepoint      ] Application time: 1.0000632 seconds
[3049.199s][info ][safepoint      ] Entering safepoint region: Cleanup
[3049.199s][info ][safepoint      ] Leaving safepoint region
[3049.199s][info ][safepoint      ] Total time for which application threads were stopped: 0.0000931 seconds, Stopping threads took: 0.0000160 seconds
[3050.199s][info ][safepoint      ] Application time: 1.0000654 seconds
[3050.199s][info ][safepoint      ] Entering safepoint region: Cleanup
[3050.199s][info ][safepoint      ] Leaving safepoint region
[3050.199s][info ][safepoint      ] Total time for which application threads were stopped: 0.0000704 seconds, Stopping threads took: 0.0000156 seconds
[3051.199s][info ][safepoint      ] Application time: 1.0000654 seconds
[3051.200s][info ][safepoint      ] Entering safepoint region: Cleanup
[3051.200s][info ][safepoint      ] Leaving safepoint region
[3051.200s][info ][safepoint      ] Total time for which application threads were stopped: 0.0000687 seconds, Stopping threads took: 0.0000149 seconds
[3051.872s][info ][safepoint      ] Application time: 0.6719669 seconds
[3051.872s][info ][safepoint      ] Entering safepoint region: RevokeBias
[3051.872s][info ][safepoint      ] Leaving safepoint region
[3051.872s][info ][safepoint      ] Total time for which application threads were stopped: 0.0000799 seconds, Stopping threads took: 0.0000109 seconds
[3051.872s][info ][safepoint      ] Application time: 0.0000271 seconds
[3051.872s][info ][safepoint      ] Entering safepoint region: RevokeBias
[3051.872s][info ][safepoint      ] Leaving safepoint region
[3051.872s][info ][safepoint      ] Total time for which application threads were stopped: 0.0000260 seconds, Stopping threads took: 0.0000036 seconds
[3051.872s][info ][safepoint      ] Application time: 0.0002549 seconds
[3051.872s][info ][safepoint      ] Entering safepoint region: RevokeBias
[3051.872s][info ][safepoint      ] Leaving safepoint region
[3051.872s][info ][safepoint      ] Total time for which application threads were stopped: 0.0000293 seconds, Stopping threads took: 0.0000041 seconds
[3051.873s][info ][safepoint      ] Application time: 0.0006161 seconds
[3051.873s][info ][safepoint      ] Entering safepoint region: RevokeBias
[3051.873s][info ][safepoint      ] Leaving safepoint region
[3051.873s][info ][safepoint      ] Total time for which application threads were stopped: 0.0000333 seconds, Stopping threads took: 0.0000051 seconds
[3051.873s][info ][safepoint      ] Application time: 0.0000219 seconds
[3051.873s][info ][safepoint      ] Entering safepoint region: RevokeBias
[3051.873s][info ][safepoint      ] Leaving safepoint region
[3051.873s][info ][safepoint      ] Total time for which application threads were stopped: 0.0000237 seconds, Stopping threads took: 0.0000033 seconds
[3051.873s][info ][safepoint      ] Application time: 0.0001905 seconds
[3051.873s][info ][safepoint      ] Entering safepoint region: RevokeBias
[3051.873s][info ][safepoint      ] Leaving safepoint region
[3051.873s][info ][safepoint      ] Total time for which application threads were stopped: 0.0000266 seconds, Stopping threads took: 0.0000038 seconds
[3052.549s][info ][safepoint      ] Application time: 0.6760680 seconds
[3052.549s][info ][safepoint      ] Entering safepoint region: RevokeBias
[3052.549s][info ][safepoint      ] Leaving safepoint region
[3052.549s][info ][safepoint      ] Total time for which application threads were stopped: 0.0000933 seconds, Stopping threads took: 0.0000174 seconds
[3053.549s][info ][safepoint      ] Application time: 1.0000752 seconds
[3053.549s][info ][safepoint      ] Entering safepoint region: Cleanup
[3053.549s][info ][safepoint      ] Leaving safepoint region
[3053.549s][info ][safepoint      ] Total time for which application threads were stopped: 0.0000753 seconds, Stopping threads took: 0.0000174 seconds
[3054.549s][info ][safepoint      ] Application time: 1.0000736 seconds
[3054.549s][info ][safepoint      ] Entering safepoint region: Cleanup
[3054.550s][info ][safepoint      ] Leaving safepoint region
[3054.550s][info ][safepoint      ] Total time for which application threads were stopped: 0.0000676 seconds, Stopping threads took: 0.0000159 seconds
[3055.550s][info ][safepoint      ] Application time: 1.0000645 seconds
[3055.550s][info ][safepoint      ] Entering safepoint region: Cleanup
[3055.550s][info ][safepoint      ] Leaving safepoint region
[3055.550s][info ][safepoint      ] Total time for which application threads were stopped: 0.0000819 seconds, Stopping threads took: 0.0000249 seconds
[3056.550s][info ][safepoint      ] Application time: 1.0000734 seconds
[3056.550s][info ][safepoint      ] Entering safepoint region: Cleanup
[3056.550s][info ][safepoint      ] Leaving safepoint region
[3056.550s][info ][safepoint      ] Total time for which application threads were stopped: 0.0001010 seconds, Stopping threads took: 0.0000472 seconds
[3057.550s][info ][safepoint      ] Application time: 1.0000670 seconds
[3057.550s][info ][safepoint      ] Entering safepoint region: Cleanup
[3057.550s][info ][safepoint      ] Leaving safepoint region
[3057.550s][info ][safepoint      ] Total time for which application threads were stopped: 0.0001286 seconds, Stopping threads took: 0.0000616 seconds
[3058.453s][info ][safepoint      ] Application time: 0.9028493 seconds
[3058.453s][info ][safepoint      ] Entering safepoint region: ParallelGCFailedAllocation
[3058.453s][info ][gc,start       ] GC(346) Pause Young (Allocation Failure)
[3058.469s][debug][gc,phases      ] GC(346) Scavenge 15.451ms
[3058.469s][debug][gc,ref         ] GC(346) Skipped phase1 of Reference Processing due to unavailable references
[3058.469s][debug][gc,ref         ] GC(346) Skipped phase3 of Reference Processing due to unavailable references
[3058.469s][debug][gc,phases      ] GC(346) Reference Processing 0.036ms
[3058.469s][debug][gc,phases      ] GC(346) Weak Processing 0.155ms
[3058.469s][debug][gc,phases      ] GC(346) Scrub String Table 0.450ms
[3058.469s][debug][gc,age         ] GC(346) Desired survivor size 88080384 bytes, new threshold 15 (max threshold 15)
[3058.469s][info ][gc,heap        ] GC(346) PSYoungGen: 1983009K->55409K(1985024K)
[3058.469s][info ][gc,heap        ] GC(346) ParOldGen: 500828K->501308K(527360K)
[3058.469s][info ][gc,metaspace   ] GC(346) Metaspace: 76546K->76546K(1120256K)
[3058.469s][info ][gc             ] GC(346) Pause Young (Allocation Failure) 2425M->543M(2453M) 16.223ms
[3058.469s][info ][gc,cpu         ] GC(346) User=0.06s Sys=0.00s Real=0.01s
[3058.469s][info ][safepoint      ] Leaving safepoint region
[3058.469s][info ][safepoint      ] Total time for which application threads were stopped: 0.0163951 seconds, Stopping threads took: 0.0000113 seconds
[3059.470s][info ][safepoint      ] Application time: 1.0000798 seconds
[3059.470s][info ][safepoint      ] Entering safepoint region: Cleanup
[3059.470s][info ][safepoint      ] Leaving safepoint region
[3059.470s][info ][safepoint      ] Total time for which application threads were stopped: 0.0000670 seconds, Stopping threads took: 0.0000126 seconds
[3060.470s][info ][safepoint      ] Application time: 1.0000726 seconds
[3060.470s][info ][safepoint      ] Entering safepoint region: Cleanup
[3060.470s][info ][safepoint      ] Leaving safepoint region
[3060.470s][info ][safepoint      ] Total time for which application threads were stopped: 0.0001040 seconds, Stopping threads took: 0.0000360 seconds
[3061.470s][info ][safepoint      ] Application time: 1.0000856 seconds
[3061.470s][info ][safepoint      ] Entering safepoint region: Cleanup
[3061.470s][info ][safepoint      ] Leaving safepoint region
[3061.470s][info ][safepoint      ] Total time for which application threads were stopped: 0.0000948 seconds, Stopping threads took: 0.0000326 seconds
[3062.470s][info ][safepoint      ] Application time: 1.0000817 seconds
[3062.470s][info ][safepoint      ] Entering safepoint region: Cleanup
[3062.470s][info ][safepoint      ] Leaving safepoint region
[3062.470s][info ][safepoint      ] Total time for which application threads were stopped: 0.0001145 seconds, Stopping threads took: 0.0000420 seconds
[3063.470s][info ][safepoint      ] Application time: 1.0000668 seconds
[3063.470s][info ][safepoint      ] Entering safepoint region: Cleanup
[3063.471s][info ][safepoint      ] Leaving safepoint region
[3063.471s][info ][safepoint      ] Total time for which application threads were stopped: 0.0001272 seconds, Stopping threads took: 0.0000586 seconds
[3064.471s][info ][safepoint      ] Application time: 1.0000746 seconds
[3064.471s][info ][safepoint      ] Entering safepoint region: Cleanup
[3064.471s][info ][safepoint      ] Leaving safepoint region
[3064.471s][info ][safepoint      ] Total time for which application threads were stopped: 0.0000647 seconds, Stopping threads took: 0.0000127 seconds
[3065.471s][info ][safepoint      ] Application time: 1.0000725 seconds
[3065.471s][info ][safepoint      ] Entering safepoint region: Cleanup
[3065.471s][info ][safepoint      ] Leaving safepoint region
[3065.471s][info ][safepoint      ] Total time for which application threads were stopped: 0.0000630 seconds, Stopping threads took: 0.0000120 seconds
[3066.471s][info ][safepoint      ] Application time: 1.0000764 seconds
[3066.471s][info ][safepoint      ] Entering safepoint region: Cleanup
[3066.471s][info ][safepoint      ] Leaving safepoint region
[3066.471s][info ][safepoint      ] Total time for which application threads were stopped: 0.0001052 seconds, Stopping threads took: 0.0000352 seconds
[3067.471s][info ][safepoint      ] Application time: 1.0000824 seconds
[3067.471s][info ][safepoint      ] Entering safepoint region: Cleanup
[3067.471s][info ][safepoint      ] Leaving safepoint region
[3067.471s][info ][safepoint      ] Total time for which application threads were stopped: 0.0001200 seconds, Stopping threads took: 0.0000472 seconds
[3068.471s][info ][safepoint      ] Application time: 1.0000807 seconds
[3068.472s][info ][safepoint      ] Entering safepoint region: Cleanup
[3068.472s][info ][safepoint      ] Leaving safepoint region
[3068.472s][info ][safepoint      ] Total time for which application threads were stopped: 0.0000815 seconds, Stopping threads took: 0.0000178 seconds
[3069.472s][info ][safepoint      ] Application time: 1.0000812 seconds
[3069.472s][info ][safepoint      ] Entering safepoint region: Cleanup
[3069.472s][info ][safepoint      ] Leaving safepoint region
[3069.472s][info ][safepoint      ] Total time for which application threads were stopped: 0.0000635 seconds, Stopping threads took: 0.0000133 seconds
[3070.472s][info ][safepoint      ] Application time: 1.0000692 seconds
[3070.474s][info ][safepoint      ] Entering safepoint region: Cleanup
[3070.474s][info ][safepoint      ] Leaving safepoint region
[3070.474s][info ][safepoint      ] Total time for which application threads were stopped: 0.0019515 seconds, Stopping threads took: 0.0018972 seconds
[3070.717s][info ][safepoint      ] Application time: 0.2431599 seconds
[3070.717s][info ][safepoint      ] Entering safepoint region: ParallelGCFailedAllocation
[3070.717s][info ][gc,start       ] GC(347) Pause Young (Allocation Failure)
[3070.734s][debug][gc,phases      ] GC(347) Scavenge 16.342ms
[3070.734s][debug][gc,ref         ] GC(347) Skipped phase1 of Reference Processing due to unavailable references
[3070.734s][debug][gc,ref         ] GC(347) Skipped phase3 of Reference Processing due to unavailable references
[3070.734s][debug][gc,phases      ] GC(347) Reference Processing 0.038ms
[3070.734s][debug][gc,phases      ] GC(347) Weak Processing 0.155ms
[3070.734s][debug][gc,phases      ] GC(347) Scrub String Table 0.470ms
[3070.734s][debug][gc,age         ] GC(347) Desired survivor size 90177536 bytes, new threshold 15 (max threshold 15)
[3070.734s][info ][gc,heap        ] GC(347) PSYoungGen: 1984625K->57265K(2007040K)
[3070.734s][info ][gc,heap        ] GC(347) ParOldGen: 501308K->501416K(527360K)
[3070.734s][info ][gc,metaspace   ] GC(347) Metaspace: 76546K->76546K(1120256K)
[3070.734s][info ][gc             ] GC(347) Pause Young (Allocation Failure) 2427M->545M(2475M) 17.139ms
[3070.734s][info ][gc,cpu         ] GC(347) User=0.06s Sys=0.00s Real=0.02s
[3070.734s][info ][safepoint      ] Leaving safepoint region
[3070.734s][info ][safepoint      ] Total time for which application threads were stopped: 0.0172945 seconds, Stopping threads took: 0.0000113 seconds
[3071.734s][info ][safepoint      ] Application time: 1.0000722 seconds
[3071.735s][info ][safepoint      ] Entering safepoint region: Cleanup
[3071.735s][info ][safepoint      ] Leaving safepoint region
[3071.735s][info ][safepoint      ] Total time for which application threads were stopped: 0.0000784 seconds, Stopping threads took: 0.0000248 seconds
[3072.735s][info ][safepoint      ] Application time: 1.0000703 seconds
[3072.735s][info ][safepoint      ] Entering safepoint region: Cleanup
[3072.735s][info ][safepoint      ] Leaving safepoint region
[3072.735s][info ][safepoint      ] Total time for which application threads were stopped: 0.0000786 seconds, Stopping threads took: 0.0000147 seconds
[3073.735s][info ][safepoint      ] Application time: 1.0000657 seconds
[3073.735s][info ][safepoint      ] Entering safepoint region: Cleanup
[3073.735s][info ][safepoint      ] Leaving safepoint region
[3073.735s][info ][safepoint      ] Total time for which application threads were stopped: 0.0000693 seconds, Stopping threads took: 0.0000155 seconds
[3074.735s][info ][safepoint      ] Application time: 1.0000722 seconds
[3074.735s][info ][safepoint      ] Entering safepoint region: Cleanup
[3074.735s][info ][safepoint      ] Leaving safepoint region
[3074.735s][info ][safepoint      ] Total time for which application threads were stopped: 0.0000764 seconds, Stopping threads took: 0.0000162 seconds
[3075.735s][info ][safepoint      ] Application time: 1.0000315 seconds
[3075.735s][info ][safepoint      ] Entering safepoint region: Cleanup
[3075.735s][info ][safepoint      ] Leaving safepoint region
[3075.735s][info ][safepoint      ] Total time for which application threads were stopped: 0.0000707 seconds, Stopping threads took: 0.0000151 seconds
[3076.735s][info ][safepoint      ] Application time: 1.0000694 seconds
[3076.735s][info ][safepoint      ] Entering safepoint region: Cleanup
[3076.735s][info ][safepoint      ] Leaving safepoint region
[3076.735s][info ][safepoint      ] Total time for which application threads were stopped: 0.0000796 seconds, Stopping threads took: 0.0000144 seconds
[3076.981s][info ][safepoint      ] Application time: 0.2454046 seconds
[3076.981s][info ][safepoint      ] Entering safepoint region: RevokeBias
[3076.981s][info ][safepoint      ] Leaving safepoint region
[3076.981s][info ][safepoint      ] Total time for which application threads were stopped: 0.0000785 seconds, Stopping threads took: 0.0000126 seconds
[3077.981s][info ][safepoint      ] Application time: 1.0000818 seconds
[3077.981s][info ][safepoint      ] Entering safepoint region: Cleanup
[3077.981s][info ][safepoint      ] Leaving safepoint region
[3077.981s][info ][safepoint      ] Total time for which application threads were stopped: 0.0001033 seconds, Stopping threads took: 0.0000154 seconds
[3078.981s][info ][safepoint      ] Application time: 1.0000816 seconds
[3078.981s][info ][safepoint      ] Entering safepoint region: Cleanup
[3078.981s][info ][safepoint      ] Leaving safepoint region
[3078.981s][info ][safepoint      ] Total time for which application threads were stopped: 0.0000639 seconds, Stopping threads took: 0.0000136 seconds
[3079.981s][info ][safepoint      ] Application time: 1.0000709 seconds
[3079.982s][info ][safepoint      ] Entering safepoint region: Cleanup
[3079.982s][info ][safepoint      ] Leaving safepoint region
[3079.982s][info ][safepoint      ] Total time for which application threads were stopped: 0.0000685 seconds, Stopping threads took: 0.0000162 seconds
[3080.982s][info ][safepoint      ] Application time: 1.0000717 seconds
[3080.982s][info ][safepoint      ] Entering safepoint region: Cleanup
[3080.982s][info ][safepoint      ] Leaving safepoint region
[3080.982s][info ][safepoint      ] Total time for which application threads were stopped: 0.0000728 seconds, Stopping threads took: 0.0000163 seconds
[3081.982s][info ][safepoint      ] Application time: 1.0000820 seconds
[3081.982s][info ][safepoint      ] Entering safepoint region: Cleanup
[3081.982s][info ][safepoint      ] Leaving safepoint region
[3081.982s][info ][safepoint      ] Total time for which application threads were stopped: 0.0000915 seconds, Stopping threads took: 0.0000223 seconds
[3082.959s][info ][safepoint      ] Application time: 0.9772074 seconds
[3082.959s][info ][safepoint      ] Entering safepoint region: ParallelGCFailedAllocation
[3082.959s][info ][gc,start       ] GC(348) Pause Young (Allocation Failure)
[3082.976s][debug][gc,phases      ] GC(348) Scavenge 16.247ms
[3082.976s][debug][gc,ref         ] GC(348) Skipped phase1 of Reference Processing due to unavailable references
[3082.976s][debug][gc,ref         ] GC(348) Skipped phase3 of Reference Processing due to unavailable references
[3082.976s][debug][gc,phases      ] GC(348) Reference Processing 0.036ms
[3082.976s][debug][gc,phases      ] GC(348) Weak Processing 0.162ms
[3082.976s][debug][gc,phases      ] GC(348) Scrub String Table 0.499ms
[3082.976s][debug][gc,age         ] GC(348) Desired survivor size 92274688 bytes, new threshold 15 (max threshold 15)
[3082.976s][info ][gc,heap        ] GC(348) PSYoungGen: 1978289K->59025K(1980416K)
[3082.976s][info ][gc,heap        ] GC(348) ParOldGen: 501416K->501632K(527360K)
[3082.976s][info ][gc,metaspace   ] GC(348) Metaspace: 76548K->76548K(1120256K)
[3082.976s][info ][gc             ] GC(348) Pause Young (Allocation Failure) 2421M->547M(2449M) 17.074ms
[3082.976s][info ][gc,cpu         ] GC(348) User=0.07s Sys=0.00s Real=0.02s
[3082.976s][info ][safepoint      ] Leaving safepoint region
[3082.976s][info ][safepoint      ] Total time for which application threads were stopped: 0.0172238 seconds, Stopping threads took: 0.0000116 seconds
[3083.977s][info ][safepoint      ] Application time: 1.0000828 seconds
[3083.977s][info ][safepoint      ] Entering safepoint region: Cleanup
[3083.977s][info ][safepoint      ] Leaving safepoint region
[3083.977s][info ][safepoint      ] Total time for which application threads were stopped: 0.0000645 seconds, Stopping threads took: 0.0000135 seconds
[3084.977s][info ][safepoint      ] Application time: 1.0000755 seconds
[3084.977s][info ][safepoint      ] Entering safepoint region: Cleanup
[3084.977s][info ][safepoint      ] Leaving safepoint region
[3084.977s][info ][safepoint      ] Total time for which application threads were stopped: 0.0000965 seconds, Stopping threads took: 0.0000357 seconds
[3085.977s][info ][safepoint      ] Application time: 1.0000697 seconds
[3085.977s][info ][safepoint      ] Entering safepoint region: Cleanup
[3085.977s][info ][safepoint      ] Leaving safepoint region
[3085.977s][info ][safepoint      ] Total time for which application threads were stopped: 0.0000804 seconds, Stopping threads took: 0.0000268 seconds
[3086.977s][info ][safepoint      ] Application time: 1.0000781 seconds
[3086.977s][info ][safepoint      ] Entering safepoint region: Cleanup
[3086.977s][info ][safepoint      ] Leaving safepoint region
[3086.977s][info ][safepoint      ] Total time for which application threads were stopped: 0.0000819 seconds, Stopping threads took: 0.0000181 seconds
[3087.977s][info ][safepoint      ] Application time: 1.0000793 seconds
[3087.977s][info ][safepoint      ] Entering safepoint region: Cleanup
[3087.977s][info ][safepoint      ] Leaving safepoint region
[3087.977s][info ][safepoint      ] Total time for which application threads were stopped: 0.0000672 seconds, Stopping threads took: 0.0000141 seconds
[3088.978s][info ][safepoint      ] Application time: 1.0000750 seconds
[3088.978s][info ][safepoint      ] Entering safepoint region: Cleanup
[3088.978s][info ][safepoint      ] Leaving safepoint region
[3088.978s][info ][safepoint      ] Total time for which application threads were stopped: 0.0000805 seconds, Stopping threads took: 0.0000168 seconds
[3089.978s][info ][safepoint      ] Application time: 1.0000750 seconds
[3089.978s][info ][safepoint      ] Entering safepoint region: Cleanup
[3089.978s][info ][safepoint      ] Leaving safepoint region
[3089.978s][info ][safepoint      ] Total time for which application threads were stopped: 0.0001134 seconds, Stopping threads took: 0.0000174 seconds
[3090.978s][info ][safepoint      ] Application time: 1.0000539 seconds
[3090.978s][info ][safepoint      ] Entering safepoint region: Cleanup
[3090.978s][info ][safepoint      ] Leaving safepoint region
[3090.978s][info ][safepoint      ] Total time for which application threads were stopped: 0.0000766 seconds, Stopping threads took: 0.0000135 seconds
[3091.978s][info ][safepoint      ] Application time: 1.0000403 seconds
[3091.978s][info ][safepoint      ] Entering safepoint region: Cleanup
[3091.978s][info ][safepoint      ] Leaving safepoint region
[3091.978s][info ][safepoint      ] Total time for which application threads were stopped: 0.0000747 seconds, Stopping threads took: 0.0000147 seconds
[3092.978s][info ][safepoint      ] Application time: 1.0000640 seconds
[3092.978s][info ][safepoint      ] Entering safepoint region: Cleanup
[3092.978s][info ][safepoint      ] Leaving safepoint region
[3092.978s][info ][safepoint      ] Total time for which application threads were stopped: 0.0000880 seconds, Stopping threads took: 0.0000335 seconds
[3093.979s][info ][safepoint      ] Application time: 1.0000757 seconds
[3093.979s][info ][safepoint      ] Entering safepoint region: Cleanup
[3093.979s][info ][safepoint      ] Leaving safepoint region
[3093.979s][info ][safepoint      ] Total time for which application threads were stopped: 0.0000588 seconds, Stopping threads took: 0.0000127 seconds
[3094.979s][info ][safepoint      ] Application time: 1.0000723 seconds
[3094.979s][info ][safepoint      ] Entering safepoint region: Cleanup
[3094.979s][info ][safepoint      ] Leaving safepoint region
[3094.979s][info ][safepoint      ] Total time for which application threads were stopped: 0.0000745 seconds, Stopping threads took: 0.0000128 seconds
[3095.070s][info ][safepoint      ] Application time: 0.0910235 seconds
[3095.070s][info ][safepoint      ] Entering safepoint region: ParallelGCFailedAllocation
[3095.070s][info ][gc,start       ] GC(349) Pause Young (Allocation Failure)
[3095.086s][debug][gc,phases      ] GC(349) Scavenge 15.830ms
[3095.086s][debug][gc,ref         ] GC(349) Skipped phase1 of Reference Processing due to unavailable references
[3095.086s][debug][gc,ref         ] GC(349) Skipped phase3 of Reference Processing due to unavailable references
[3095.086s][debug][gc,phases      ] GC(349) Reference Processing 0.046ms
[3095.086s][debug][gc,phases      ] GC(349) Weak Processing 0.157ms
[3095.087s][debug][gc,phases      ] GC(349) Scrub String Table 0.482ms
[3095.087s][debug][gc,age         ] GC(349) Desired survivor size 93323264 bytes, new threshold 15 (max threshold 15)
[3095.087s][info ][gc,heap        ] GC(349) PSYoungGen: 1980049K->59281K(2004992K)
[3095.087s][info ][gc,heap        ] GC(349) ParOldGen: 501632K->501712K(527360K)
[3095.087s][info ][gc,metaspace   ] GC(349) Metaspace: 76551K->76551K(1120256K)
[3095.087s][info ][gc             ] GC(349) Pause Young (Allocation Failure) 2423M->547M(2473M) 16.662ms
[3095.087s][info ][gc,cpu         ] GC(349) User=0.06s Sys=0.00s Real=0.02s
[3095.087s][info ][safepoint      ] Leaving safepoint region
[3095.087s][info ][safepoint      ] Total time for which application threads were stopped: 0.0168407 seconds, Stopping threads took: 0.0000406 seconds
[3096.087s][info ][safepoint      ] Application time: 1.0000761 seconds
[3096.087s][info ][safepoint      ] Entering safepoint region: Cleanup
[3096.087s][info ][safepoint      ] Leaving safepoint region
[3096.087s][info ][safepoint      ] Total time for which application threads were stopped: 0.0000747 seconds, Stopping threads took: 0.0000149 seconds
[3097.087s][info ][safepoint      ] Application time: 1.0000693 seconds
[3097.087s][info ][safepoint      ] Entering safepoint region: Cleanup
[3097.087s][info ][safepoint      ] Leaving safepoint region
[3097.087s][info ][safepoint      ] Total time for which application threads were stopped: 0.0000719 seconds, Stopping threads took: 0.0000158 seconds
[3098.087s][info ][safepoint      ] Application time: 1.0000889 seconds
[3098.087s][info ][safepoint      ] Entering safepoint region: Cleanup
[3098.087s][info ][safepoint      ] Leaving safepoint region
[3098.087s][info ][safepoint      ] Total time for which application threads were stopped: 0.0000890 seconds, Stopping threads took: 0.0000211 seconds
[3099.087s][info ][safepoint      ] Application time: 1.0000662 seconds
[3099.087s][info ][safepoint      ] Entering safepoint region: Cleanup
[3099.088s][info ][safepoint      ] Leaving safepoint region
[3099.088s][info ][safepoint      ] Total time for which application threads were stopped: 0.0000710 seconds, Stopping threads took: 0.0000158 seconds
[3100.088s][info ][safepoint      ] Application time: 1.0000758 seconds
[3100.088s][info ][safepoint      ] Entering safepoint region: Cleanup
[3100.088s][info ][safepoint      ] Leaving safepoint region
[3100.088s][info ][safepoint      ] Total time for which application threads were stopped: 0.0000811 seconds, Stopping threads took: 0.0000153 seconds
[3101.088s][info ][safepoint      ] Application time: 1.0000759 seconds
[3101.088s][info ][safepoint      ] Entering safepoint region: Cleanup
[3101.088s][info ][safepoint      ] Leaving safepoint region
[3101.088s][info ][safepoint      ] Total time for which application threads were stopped: 0.0000712 seconds, Stopping threads took: 0.0000157 seconds
[3102.088s][info ][safepoint      ] Application time: 1.0000747 seconds
[3102.088s][info ][safepoint      ] Entering safepoint region: Cleanup
[3102.088s][info ][safepoint      ] Leaving safepoint region
[3102.088s][info ][safepoint      ] Total time for which application threads were stopped: 0.0000726 seconds, Stopping threads took: 0.0000156 seconds
[3103.088s][info ][safepoint      ] Application time: 1.0000340 seconds
[3103.088s][info ][safepoint      ] Entering safepoint region: Cleanup
[3103.088s][info ][safepoint      ] Leaving safepoint region
[3103.088s][info ][safepoint      ] Total time for which application threads were stopped: 0.0000704 seconds, Stopping threads took: 0.0000160 seconds
[3106.242s][info ][safepoint      ] Application time: 3.1537464 seconds
[3106.242s][info ][safepoint      ] Entering safepoint region: RevokeBias
[3106.242s][info ][safepoint      ] Leaving safepoint region
[3106.242s][info ][safepoint      ] Total time for which application threads were stopped: 0.0000756 seconds, Stopping threads took: 0.0000136 seconds
[3106.244s][info ][safepoint      ] Application time: 0.0021337 seconds
[3106.244s][info ][safepoint      ] Entering safepoint region: RevokeBias
[3106.244s][info ][safepoint      ] Leaving safepoint region
[3106.244s][info ][safepoint      ] Total time for which application threads were stopped: 0.0000321 seconds, Stopping threads took: 0.0000045 seconds
[3107.017s][info ][safepoint      ] Application time: 0.7722870 seconds
[3107.017s][info ][safepoint      ] Entering safepoint region: ParallelGCFailedAllocation
[3107.017s][info ][gc,start       ] GC(350) Pause Young (Allocation Failure)
[3107.033s][debug][gc,phases      ] GC(350) Scavenge 16.724ms
[3107.034s][debug][gc,ref         ] GC(350) Skipped phase1 of Reference Processing due to unavailable references
[3107.034s][debug][gc,ref         ] GC(350) Skipped phase3 of Reference Processing due to unavailable references
[3107.034s][debug][gc,phases      ] GC(350) Reference Processing 0.036ms
[3107.034s][debug][gc,phases      ] GC(350) Weak Processing 0.169ms
[3107.034s][debug][gc,phases      ] GC(350) Scrub String Table 0.427ms
[3107.034s][debug][gc,age         ] GC(350) Desired survivor size 94371840 bytes, new threshold 15 (max threshold 15)
[3107.034s][info ][gc,heap        ] GC(350) PSYoungGen: 1974161K->59809K(1974784K)
[3107.034s][info ][gc,heap        ] GC(350) ParOldGen: 501712K->503260K(527360K)
[3107.034s][info ][gc,metaspace   ] GC(350) Metaspace: 76552K->76552K(1120256K)
[3107.034s][info ][gc             ] GC(350) Pause Young (Allocation Failure) 2417M->549M(2443M) 17.490ms
[3107.034s][info ][gc,cpu         ] GC(350) User=0.07s Sys=0.00s Real=0.02s
[3107.034s][info ][safepoint      ] Leaving safepoint region
[3107.034s][info ][safepoint      ] Total time for which application threads were stopped: 0.0176638 seconds, Stopping threads took: 0.0000115 seconds
[3114.035s][info ][safepoint      ] Application time: 7.0005142 seconds
[3114.035s][info ][safepoint      ] Entering safepoint region: Cleanup
[3114.035s][info ][safepoint      ] Leaving safepoint region
[3114.035s][info ][safepoint      ] Total time for which application threads were stopped: 0.0000728 seconds, Stopping threads took: 0.0000134 seconds
[3118.035s][info ][safepoint      ] Application time: 4.0002954 seconds
[3118.035s][info ][safepoint      ] Entering safepoint region: Cleanup
[3118.035s][info ][safepoint      ] Leaving safepoint region
[3118.035s][info ][safepoint      ] Total time for which application threads were stopped: 0.0000875 seconds, Stopping threads took: 0.0000200 seconds
[3118.468s][info ][safepoint      ] Application time: 0.4330907 seconds
[3118.468s][info ][safepoint      ] Entering safepoint region: ParallelGCFailedAllocation
[3118.469s][info ][gc,start       ] GC(351) Pause Young (Allocation Failure)
[3118.489s][debug][gc,phases      ] GC(351) Scavenge 19.899ms
[3118.489s][debug][gc,ref         ] GC(351) Skipped phase1 of Reference Processing due to unavailable references
[3118.489s][debug][gc,ref         ] GC(351) Skipped phase3 of Reference Processing due to unavailable references
[3118.489s][debug][gc,phases      ] GC(351) Reference Processing 0.046ms
[3118.489s][debug][gc,phases      ] GC(351) Weak Processing 0.184ms
[3118.489s][debug][gc,phases      ] GC(351) Scrub String Table 0.583ms
[3118.489s][debug][gc,age         ] GC(351) Desired survivor size 94896128 bytes, new threshold 15 (max threshold 15)
[3118.489s][info ][gc,heap        ] GC(351) PSYoungGen: 1974689K->58641K(2003968K)
[3118.489s][info ][gc,heap        ] GC(351) ParOldGen: 503260K->506504K(527360K)
[3118.489s][info ][gc,metaspace   ] GC(351) Metaspace: 76556K->76556K(1120256K)
[3118.489s][info ][gc             ] GC(351) Pause Young (Allocation Failure) 2419M->551M(2472M) 20.854ms
[3118.489s][info ][gc,cpu         ] GC(351) User=0.08s Sys=0.00s Real=0.02s
[3118.489s][info ][safepoint      ] Leaving safepoint region
[3118.489s][info ][safepoint      ] Total time for which application threads were stopped: 0.0210383 seconds, Stopping threads took: 0.0000359 seconds
[3121.490s][info ][safepoint      ] Application time: 3.0002431 seconds
[3121.490s][info ][safepoint      ] Entering safepoint region: Cleanup
[3121.490s][info ][safepoint      ] Leaving safepoint region
[3121.490s][info ][safepoint      ] Total time for which application threads were stopped: 0.0001182 seconds, Stopping threads took: 0.0000377 seconds
[3128.497s][info ][safepoint      ] Application time: 7.0074549 seconds
[3128.497s][info ][safepoint      ] Entering safepoint region: Cleanup
[3128.498s][info ][safepoint      ] Leaving safepoint region
[3128.498s][info ][safepoint      ] Total time for which application threads were stopped: 0.0000971 seconds, Stopping threads took: 0.0000198 seconds
[3129.498s][info ][safepoint      ] Application time: 1.0000806 seconds
[3129.498s][info ][safepoint      ] Entering safepoint region: Cleanup
[3129.498s][info ][safepoint      ] Leaving safepoint region
[3129.498s][info ][safepoint      ] Total time for which application threads were stopped: 0.0000868 seconds, Stopping threads took: 0.0000191 seconds
[3130.058s][info ][safepoint      ] Application time: 0.5601278 seconds
[3130.058s][info ][safepoint      ] Entering safepoint region: ParallelGCFailedAllocation
[3130.058s][info ][gc,start       ] GC(352) Pause Young (Allocation Failure)
[3130.092s][debug][gc,phases      ] GC(352) Scavenge 34.169ms
[3130.092s][debug][gc,ref         ] GC(352) Skipped phase1 of Reference Processing due to unavailable references
[3130.092s][debug][gc,ref         ] GC(352) Skipped phase3 of Reference Processing due to unavailable references
[3130.092s][debug][gc,phases      ] GC(352) Reference Processing 0.057ms
[3130.092s][debug][gc,phases      ] GC(352) Weak Processing 0.151ms
[3130.093s][debug][gc,phases      ] GC(352) Scrub String Table 0.482ms
[3130.093s][debug][gc,age         ] GC(352) Desired survivor size 92798976 bytes, new threshold 15 (max threshold 15)
[3130.093s][info ][gc,heap        ] GC(352) PSYoungGen: 1970449K->53809K(2004480K)
[3130.093s][info ][gc,heap        ] GC(352) ParOldGen: 506504K->512697K(527360K)
[3130.093s][info ][gc,metaspace   ] GC(352) Metaspace: 76557K->76557K(1120256K)
[3130.093s][info ][gc             ] GC(352) Pause Young (Allocation Failure) 2418M->553M(2472M) 34.990ms
[3130.093s][info ][gc,cpu         ] GC(352) User=0.07s Sys=0.00s Real=0.04s
[3130.093s][info ][safepoint      ] Leaving safepoint region
[3130.093s][info ][safepoint      ] Total time for which application threads were stopped: 0.0351610 seconds, Stopping threads took: 0.0000131 seconds
[3131.093s][info ][safepoint      ] Application time: 1.0000782 seconds
[3131.093s][info ][safepoint      ] Entering safepoint region: Cleanup
[3131.093s][info ][safepoint      ] Leaving safepoint region
[3131.093s][info ][safepoint      ] Total time for which application threads were stopped: 0.0000975 seconds, Stopping threads took: 0.0000208 seconds
[3134.102s][info ][safepoint      ] Application time: 3.0086756 seconds
[3134.107s][info ][safepoint      ] Entering safepoint region: Cleanup
[3134.107s][info ][safepoint      ] Leaving safepoint region
[3134.108s][info ][safepoint      ] Total time for which application threads were stopped: 0.0055059 seconds, Stopping threads took: 0.0054032 seconds
[3138.108s][info ][safepoint      ] Application time: 4.0003056 seconds
[3138.108s][info ][safepoint      ] Entering safepoint region: Cleanup
[3138.108s][info ][safepoint      ] Leaving safepoint region
[3138.108s][info ][safepoint      ] Total time for which application threads were stopped: 0.0001162 seconds, Stopping threads took: 0.0000371 seconds
[3139.108s][info ][safepoint      ] Application time: 1.0000837 seconds
[3139.113s][info ][safepoint      ] Entering safepoint region: Cleanup
[3139.113s][info ][safepoint      ] Leaving safepoint region
[3139.113s][info ][safepoint      ] Total time for which application threads were stopped: 0.0047574 seconds, Stopping threads took: 0.0046647 seconds
[3141.113s][info ][safepoint      ] Application time: 2.0001467 seconds
[3141.113s][info ][safepoint      ] Entering safepoint region: Cleanup
[3141.113s][info ][safepoint      ] Leaving safepoint region
[3141.113s][info ][safepoint      ] Total time for which application threads were stopped: 0.0001419 seconds, Stopping threads took: 0.0000563 seconds
[3141.663s][info ][safepoint      ] Application time: 0.5499093 seconds
[3141.663s][info ][safepoint      ] Entering safepoint region: ParallelGCFailedAllocation
[3141.663s][info ][gc,start       ] GC(353) Pause Young (Allocation Failure)
[3141.724s][debug][gc,phases      ] GC(353) Scavenge 60.564ms
[3141.724s][debug][gc,ref         ] GC(353) Skipped phase1 of Reference Processing due to unavailable references
[3141.724s][debug][gc,ref         ] GC(353) Skipped phase3 of Reference Processing due to unavailable references
[3141.724s][debug][gc,phases      ] GC(353) Reference Processing 0.036ms
[3141.724s][debug][gc,phases      ] GC(353) Weak Processing 0.192ms
[3141.725s][debug][gc,phases      ] GC(353) Scrub String Table 0.442ms
[3141.725s][debug][gc,age         ] GC(353) Desired survivor size 88604672 bytes, new threshold 15 (max threshold 15)
[3141.725s][info ][gc,heap        ] GC(353) PSYoungGen: 1965617K->46993K(2010624K)
[3141.725s][info ][gc,heap        ] GC(353) ParOldGen: 512697K->522024K(527360K)
[3141.725s][info ][gc,metaspace   ] GC(353) Metaspace: 76566K->76566K(1120256K)
[3141.725s][info ][gc             ] GC(353) Pause Young (Allocation Failure) 2420M->555M(2478M) 61.377ms
[3141.725s][info ][gc,cpu         ] GC(353) User=0.08s Sys=0.01s Real=0.06s
[3141.725s][debug][gc,phases      ] GC(354) Pre Compact 0.009ms
[3141.725s][info ][gc,start       ] GC(354) Pause Full (Ergonomics)
[3141.725s][info ][gc,phases,start] GC(354) Marking Phase
[3142.076s][debug][gc,phases      ] GC(354) Par Mark 350.789ms
[3142.077s][debug][gc,ref         ] GC(354) Skipped phase3 of Reference Processing due to unavailable references
[3142.078s][debug][gc,phases      ] GC(354) Reference Processing 1.299ms
[3142.078s][debug][gc,phases      ] GC(354) Weak Processing 0.228ms
[3142.079s][debug][gc,phases      ] GC(354) ClassLoaderData 1.451ms
[3142.079s][debug][gc,phases      ] GC(354) Dictionary 0.040ms
[3142.079s][debug][gc,phases      ] GC(354) ProtectionDomainCacheTable 0.003ms
[3142.080s][debug][gc,phases      ] GC(354) ResolvedMethodTable 0.223ms
[3142.202s][debug][gc,phases      ] GC(354) Class Unloading 124.053ms
[3142.203s][debug][gc,phases      ] GC(354) Scrub String Table 0.753ms
[3142.222s][debug][gc,phases      ] GC(354) Scrub Symbol Table 18.973ms
[3142.222s][info ][gc,phases      ] GC(354) Marking Phase 496.921ms
[3142.222s][info ][gc,phases,start] GC(354) Summary Phase
[3142.222s][info ][gc,phases      ] GC(354) Summary Phase 0.028ms
[3142.222s][info ][gc,phases,start] GC(354) Adjust Roots
[3142.257s][info ][gc,phases      ] GC(354) Adjust Roots 34.774ms
[3142.257s][info ][gc,phases,start] GC(354) Compaction Phase
[3142.461s][info ][gc,phases      ] GC(354) Compaction Phase 204.581ms
[3142.461s][info ][gc,phases,start] GC(354) Post Compact
[3142.464s][info ][gc,phases      ] GC(354) Post Compact 2.640ms
[3142.464s][info ][gc,heap        ] GC(354) PSYoungGen: 46993K->0K(2006528K)
[3142.464s][info ][gc,heap        ] GC(354) ParOldGen: 522024K->412062K(578048K)
[3142.464s][info ][gc,metaspace   ] GC(354) Metaspace: 76566K->76340K(1120256K)
[3142.464s][info ][gc             ] GC(354) Pause Full (Ergonomics) 555M->402M(2524M) 739.364ms
[3142.464s][info ][gc,cpu         ] GC(354) User=1.08s Sys=0.02s Real=0.74s
[3142.472s][info ][safepoint      ] Leaving safepoint region
[3142.472s][info ][safepoint      ] Total time for which application threads were stopped: 0.8090742 seconds, Stopping threads took: 0.0000317 seconds
[3142.482s][info ][safepoint      ] Application time: 0.0092908 seconds
[3142.482s][info ][safepoint      ] Entering safepoint region: ICBufferFull
[3142.482s][info ][safepoint      ] Leaving safepoint region
[3142.482s][info ][safepoint      ] Total time for which application threads were stopped: 0.0003330 seconds, Stopping threads took: 0.0000208 seconds
[3142.896s][info ][safepoint      ] Application time: 0.4137365 seconds
[3142.896s][info ][safepoint      ] Entering safepoint region: ICBufferFull
[3142.896s][info ][safepoint      ] Leaving safepoint region
[3142.896s][info ][safepoint      ] Total time for which application threads were stopped: 0.0003086 seconds, Stopping threads took: 0.0000171 seconds
[3143.896s][info ][safepoint      ] Application time: 1.0000878 seconds
[3143.896s][info ][safepoint      ] Entering safepoint region: Cleanup
[3143.896s][info ][safepoint      ] Leaving safepoint region
[3143.896s][info ][safepoint      ] Total time for which application threads were stopped: 0.0001410 seconds, Stopping threads took: 0.0000405 seconds
[3144.896s][info ][safepoint      ] Application time: 1.0000906 seconds
[3144.896s][info ][safepoint      ] Entering safepoint region: Cleanup
[3144.896s][info ][safepoint      ] Leaving safepoint region
[3144.896s][info ][safepoint      ] Total time for which application threads were stopped: 0.0000709 seconds, Stopping threads took: 0.0000142 seconds
[3147.897s][info ][safepoint      ] Application time: 3.0002015 seconds
[3147.897s][info ][safepoint      ] Entering safepoint region: Cleanup
[3147.897s][info ][safepoint      ] Leaving safepoint region
[3147.897s][info ][safepoint      ] Total time for which application threads were stopped: 0.0001073 seconds, Stopping threads took: 0.0000148 seconds
[3148.897s][info ][safepoint      ] Application time: 1.0000747 seconds
[3148.897s][info ][safepoint      ] Entering safepoint region: Cleanup
[3148.897s][info ][safepoint      ] Leaving safepoint region
[3148.897s][info ][safepoint      ] Total time for which application threads were stopped: 0.0000880 seconds, Stopping threads took: 0.0000193 seconds
[3149.897s][info ][safepoint      ] Application time: 1.0000749 seconds
[3149.897s][info ][safepoint      ] Entering safepoint region: Cleanup
[3149.897s][info ][safepoint      ] Leaving safepoint region
[3149.897s][info ][safepoint      ] Total time for which application threads were stopped: 0.0000699 seconds, Stopping threads took: 0.0000135 seconds
[3150.586s][info ][safepoint      ] Application time: 0.6889206 seconds
[3150.586s][info ][safepoint      ] Entering safepoint region: RevokeBias
[3150.586s][info ][safepoint      ] Leaving safepoint region
[3150.586s][info ][safepoint      ] Total time for which application threads were stopped: 0.0001140 seconds, Stopping threads took: 0.0000146 seconds
[3150.586s][info ][safepoint      ] Application time: 0.0000250 seconds
[3150.586s][info ][safepoint      ] Entering safepoint region: BulkRevokeBias
[3150.586s][info ][safepoint      ] Leaving safepoint region
[3150.586s][info ][safepoint      ] Total time for which application threads were stopped: 0.0001512 seconds, Stopping threads took: 0.0000056 seconds
[3150.587s][info ][safepoint      ] Application time: 0.0002745 seconds
[3150.587s][info ][safepoint      ] Entering safepoint region: RevokeBias
[3150.587s][info ][safepoint      ] Leaving safepoint region
[3150.587s][info ][safepoint      ] Total time for which application threads were stopped: 0.0000364 seconds, Stopping threads took: 0.0000058 seconds
[3151.587s][info ][safepoint      ] Application time: 1.0000829 seconds
[3151.587s][info ][safepoint      ] Entering safepoint region: Cleanup
[3151.587s][info ][safepoint      ] Leaving safepoint region
[3151.587s][info ][safepoint      ] Total time for which application threads were stopped: 0.0000946 seconds, Stopping threads took: 0.0000199 seconds
[3152.587s][info ][safepoint      ] Application time: 1.0000822 seconds
[3152.587s][info ][safepoint      ] Entering safepoint region: Cleanup
[3152.587s][info ][safepoint      ] Leaving safepoint region
[3152.587s][info ][safepoint      ] Total time for which application threads were stopped: 0.0001108 seconds, Stopping threads took: 0.0000199 seconds
[3153.315s][info ][safepoint      ] Application time: 0.7278465 seconds
[3153.315s][info ][safepoint      ] Entering safepoint region: ParallelGCFailedAllocation
[3153.315s][info ][gc,start       ] GC(355) Pause Young (Allocation Failure)
[3153.319s][debug][gc,phases      ] GC(355) Scavenge 3.481ms
[3153.319s][debug][gc,ref         ] GC(355) Skipped phase1 of Reference Processing due to unavailable references
[3153.319s][debug][gc,ref         ] GC(355) Skipped phase2 of Reference Processing due to unavailable references
[3153.319s][debug][gc,ref         ] GC(355) Skipped phase3 of Reference Processing due to unavailable references
[3153.319s][debug][gc,phases      ] GC(355) Reference Processing 0.033ms
[3153.319s][debug][gc,phases      ] GC(355) Weak Processing 0.112ms
[3153.319s][debug][gc,phases      ] GC(355) Scrub String Table 0.445ms
[3153.319s][debug][gc,age         ] GC(355) Desired survivor size 92274688 bytes, new threshold 15 (max threshold 15)
[3153.319s][info ][gc,heap        ] GC(355) PSYoungGen: 1920000K->4528K(2003456K)
[3153.319s][info ][gc,heap        ] GC(355) ParOldGen: 412062K->412062K(578048K)
[3153.319s][info ][gc,metaspace   ] GC(355) Metaspace: 76345K->76345K(1120256K)
[3153.319s][info ][gc             ] GC(355) Pause Young (Allocation Failure) 2277M->406M(2521M) 4.192ms
[3153.319s][info ][gc,cpu         ] GC(355) User=0.01s Sys=0.00s Real=0.00s
[3153.320s][info ][safepoint      ] Leaving safepoint region
[3153.320s][info ][safepoint      ] Total time for which application threads were stopped: 0.0043412 seconds, Stopping threads took: 0.0000124 seconds
[3154.320s][info ][safepoint      ] Application time: 1.0000803 seconds
[3154.320s][info ][safepoint      ] Entering safepoint region: Cleanup
[3154.320s][info ][safepoint      ] Leaving safepoint region
[3154.320s][info ][safepoint      ] Total time for which application threads were stopped: 0.0001363 seconds, Stopping threads took: 0.0000407 seconds
[3154.324s][info ][safepoint      ] Application time: 0.0040349 seconds
[3154.324s][info ][safepoint      ] Entering safepoint region: RevokeBias
[3154.324s][info ][safepoint      ] Leaving safepoint region
[3154.324s][info ][safepoint      ] Total time for which application threads were stopped: 0.0000602 seconds, Stopping threads took: 0.0000068 seconds
[3154.328s][info ][safepoint      ] Application time: 0.0044084 seconds
[3154.328s][info ][safepoint      ] Entering safepoint region: RevokeBias
[3154.328s][info ][safepoint      ] Leaving safepoint region
[3154.328s][info ][safepoint      ] Total time for which application threads were stopped: 0.0000838 seconds, Stopping threads took: 0.0000372 seconds
[3154.328s][info ][safepoint      ] Application time: 0.0000288 seconds
[3154.328s][info ][safepoint      ] Entering safepoint region: RevokeBias
[3154.328s][info ][safepoint      ] Leaving safepoint region
[3154.328s][info ][safepoint      ] Total time for which application threads were stopped: 0.0000234 seconds, Stopping threads took: 0.0000042 seconds
[3154.329s][info ][safepoint      ] Application time: 0.0003809 seconds
[3154.329s][info ][safepoint      ] Entering safepoint region: RevokeBias
[3154.329s][info ][safepoint      ] Leaving safepoint region
[3154.329s][info ][safepoint      ] Total time for which application threads were stopped: 0.0000590 seconds, Stopping threads took: 0.0000292 seconds
[3155.329s][info ][safepoint      ] Application time: 1.0000747 seconds
[3155.329s][info ][safepoint      ] Entering safepoint region: Cleanup
[3155.329s][info ][safepoint      ] Leaving safepoint region
[3155.329s][info ][safepoint      ] Total time for which application threads were stopped: 0.0000787 seconds, Stopping threads took: 0.0000251 seconds
[3156.329s][info ][safepoint      ] Application time: 1.0000817 seconds
[3156.329s][info ][safepoint      ] Entering safepoint region: Cleanup
[3156.329s][info ][safepoint      ] Leaving safepoint region
[3156.329s][info ][safepoint      ] Total time for which application threads were stopped: 0.0000909 seconds, Stopping threads took: 0.0000183 seconds
[3157.329s][info ][safepoint      ] Application time: 1.0000751 seconds
[3157.329s][info ][safepoint      ] Entering safepoint region: Cleanup
[3157.330s][info ][safepoint      ] Leaving safepoint region
[3157.330s][info ][safepoint      ] Total time for which application threads were stopped: 0.0000816 seconds, Stopping threads took: 0.0000136 seconds
[3160.330s][info ][safepoint      ] Application time: 3.0002271 seconds
[3160.330s][info ][safepoint      ] Entering safepoint region: Cleanup
[3160.330s][info ][safepoint      ] Leaving safepoint region
[3160.330s][info ][safepoint      ] Total time for which application threads were stopped: 0.0001008 seconds, Stopping threads took: 0.0000176 seconds
[3162.330s][info ][safepoint      ] Application time: 2.0001275 seconds
[3162.330s][info ][safepoint      ] Entering safepoint region: Cleanup
[3162.330s][info ][safepoint      ] Leaving safepoint region
[3162.330s][info ][safepoint      ] Total time for which application threads were stopped: 0.0000781 seconds, Stopping threads took: 0.0000142 seconds
[3163.330s][info ][safepoint      ] Application time: 1.0000762 seconds
[3163.330s][info ][safepoint      ] Entering safepoint region: Cleanup
[3163.330s][info ][safepoint      ] Leaving safepoint region
[3163.330s][info ][safepoint      ] Total time for which application threads were stopped: 0.0001018 seconds, Stopping threads took: 0.0000192 seconds
[3165.353s][info ][safepoint      ] Application time: 2.0229716 seconds
[3165.353s][info ][safepoint      ] Entering safepoint region: ParallelGCFailedAllocation
[3165.354s][info ][gc,start       ] GC(356) Pause Young (Allocation Failure)
[3165.357s][debug][gc,phases      ] GC(356) Scavenge 3.771ms
[3165.357s][debug][gc,ref         ] GC(356) Skipped phase1 of Reference Processing due to unavailable references
[3165.357s][debug][gc,ref         ] GC(356) Skipped phase3 of Reference Processing due to unavailable references
[3165.357s][debug][gc,phases      ] GC(356) Reference Processing 0.045ms
[3165.358s][debug][gc,phases      ] GC(356) Weak Processing 0.125ms
[3165.358s][debug][gc,phases      ] GC(356) Scrub String Table 0.428ms
[3165.358s][debug][gc,age         ] GC(356) Desired survivor size 93847552 bytes, new threshold 15 (max threshold 15)
[3165.358s][info ][gc,heap        ] GC(356) PSYoungGen: 1921456K->6352K(1923584K)
[3165.358s][info ][gc,heap        ] GC(356) ParOldGen: 412062K->412062K(578048K)
[3165.358s][info ][gc,metaspace   ] GC(356) Metaspace: 76358K->76358K(1120256K)
[3165.358s][info ][gc             ] GC(356) Pause Young (Allocation Failure) 2278M->408M(2443M) 4.484ms
[3165.358s][info ][gc,cpu         ] GC(356) User=0.01s Sys=0.00s Real=0.00s
[3165.358s][info ][safepoint      ] Leaving safepoint region
[3165.358s][info ][safepoint      ] Total time for which application threads were stopped: 0.0046449 seconds, Stopping threads took: 0.0000114 seconds
[3168.358s][info ][safepoint      ] Application time: 3.0002077 seconds
[3168.358s][info ][safepoint      ] Entering safepoint region: Cleanup
[3168.358s][info ][safepoint      ] Leaving safepoint region
[3168.358s][info ][safepoint      ] Total time for which application threads were stopped: 0.0001030 seconds, Stopping threads took: 0.0000337 seconds
[3171.359s][info ][safepoint      ] Application time: 3.0002238 seconds
[3171.359s][info ][safepoint      ] Entering safepoint region: Cleanup
[3171.359s][info ][safepoint      ] Leaving safepoint region
[3171.359s][info ][safepoint      ] Total time for which application threads were stopped: 0.0001029 seconds, Stopping threads took: 0.0000324 seconds
[3172.359s][info ][safepoint      ] Application time: 1.0000747 seconds
[3172.359s][info ][safepoint      ] Entering safepoint region: Cleanup
[3172.359s][info ][safepoint      ] Leaving safepoint region
[3172.359s][info ][safepoint      ] Total time for which application threads were stopped: 0.0001092 seconds, Stopping threads took: 0.0000357 seconds
[3175.359s][info ][safepoint      ] Application time: 3.0002223 seconds
[3175.359s][info ][safepoint      ] Entering safepoint region: Cleanup
[3175.359s][info ][safepoint      ] Leaving safepoint region
[3175.359s][info ][safepoint      ] Total time for which application threads were stopped: 0.0002230 seconds, Stopping threads took: 0.0000343 seconds
[3176.360s][info ][safepoint      ] Application time: 1.0000759 seconds
[3176.360s][info ][safepoint      ] Entering safepoint region: Cleanup
[3176.360s][info ][safepoint      ] Leaving safepoint region
[3176.360s][info ][safepoint      ] Total time for which application threads were stopped: 0.0001516 seconds, Stopping threads took: 0.0000578 seconds
[3177.668s][info ][safepoint      ] Application time: 1.3078377 seconds
[3177.668s][info ][safepoint      ] Entering safepoint region: ParallelGCFailedAllocation
[3177.668s][info ][gc,start       ] GC(357) Pause Young (Allocation Failure)
[3177.672s][debug][gc,phases      ] GC(357) Scavenge 4.091ms
[3177.672s][debug][gc,ref         ] GC(357) Skipped phase1 of Reference Processing due to unavailable references
[3177.672s][debug][gc,ref         ] GC(357) Skipped phase3 of Reference Processing due to unavailable references
[3177.672s][debug][gc,phases      ] GC(357) Reference Processing 0.036ms
[3177.672s][debug][gc,phases      ] GC(357) Weak Processing 0.201ms
[3177.673s][debug][gc,phases      ] GC(357) Scrub String Table 0.572ms
[3177.673s][debug][gc,age         ] GC(357) Desired survivor size 94371840 bytes, new threshold 15 (max threshold 15)
[3177.673s][info ][gc,heap        ] GC(357) PSYoungGen: 1923280K->6576K(2004480K)
[3177.673s][info ][gc,heap        ] GC(357) ParOldGen: 412062K->412062K(578048K)
[3177.673s][info ][gc,metaspace   ] GC(357) Metaspace: 76359K->76359K(1120256K)
[3177.673s][info ][gc             ] GC(357) Pause Young (Allocation Failure) 2280M->408M(2522M) 5.066ms
[3177.673s][info ][gc,cpu         ] GC(357) User=0.02s Sys=0.00s Real=0.01s
[3177.673s][info ][safepoint      ] Leaving safepoint region
[3177.673s][info ][safepoint      ] Total time for which application threads were stopped: 0.0052800 seconds, Stopping threads took: 0.0000175 seconds
[3179.673s][info ][safepoint      ] Application time: 2.0001423 seconds
[3179.673s][info ][safepoint      ] Entering safepoint region: Cleanup
[3179.673s][info ][safepoint      ] Leaving safepoint region
[3179.673s][info ][safepoint      ] Total time for which application threads were stopped: 0.0001162 seconds, Stopping threads took: 0.0000132 seconds
[3180.673s][info ][safepoint      ] Application time: 1.0000656 seconds
[3180.673s][info ][safepoint      ] Entering safepoint region: Cleanup
[3180.673s][info ][safepoint      ] Leaving safepoint region
[3180.673s][info ][safepoint      ] Total time for which application threads were stopped: 0.0000706 seconds, Stopping threads took: 0.0000124 seconds
[3182.674s][info ][safepoint      ] Application time: 2.0001575 seconds
[3182.674s][info ][safepoint      ] Entering safepoint region: Cleanup
[3182.674s][info ][safepoint      ] Leaving safepoint region
[3182.674s][info ][safepoint      ] Total time for which application threads were stopped: 0.0001065 seconds, Stopping threads took: 0.0000181 seconds
[3184.674s][info ][safepoint      ] Application time: 2.0001404 seconds
[3184.674s][info ][safepoint      ] Entering safepoint region: Cleanup
[3184.674s][info ][safepoint      ] Leaving safepoint region
[3184.674s][info ][safepoint      ] Total time for which application threads were stopped: 0.0000708 seconds, Stopping threads took: 0.0000131 seconds
[3188.674s][info ][safepoint      ] Application time: 4.0002662 seconds
[3188.674s][info ][safepoint      ] Entering safepoint region: Cleanup
[3188.674s][info ][safepoint      ] Leaving safepoint region
[3188.674s][info ][safepoint      ] Total time for which application threads were stopped: 0.0000695 seconds, Stopping threads took: 0.0000126 seconds
[3190.061s][info ][safepoint      ] Application time: 1.3870360 seconds
[3190.061s][info ][safepoint      ] Entering safepoint region: ParallelGCFailedAllocation
[3190.062s][info ][gc,start       ] GC(358) Pause Young (Allocation Failure)
[3190.066s][debug][gc,phases      ] GC(358) Scavenge 4.649ms
[3190.066s][debug][gc,ref         ] GC(358) Skipped phase1 of Reference Processing due to unavailable references
[3190.066s][debug][gc,ref         ] GC(358) Skipped phase3 of Reference Processing due to unavailable references
[3190.066s][debug][gc,phases      ] GC(358) Reference Processing 0.038ms
[3190.066s][debug][gc,phases      ] GC(358) Weak Processing 0.179ms
[3190.067s][debug][gc,phases      ] GC(358) Scrub String Table 0.564ms
[3190.067s][debug][gc,age         ] GC(358) Desired survivor size 93323264 bytes, new threshold 15 (max threshold 15)
[3190.067s][info ][gc,heap        ] GC(358) PSYoungGen: 1919408K->7664K(2004992K)
[3190.067s][info ][gc,heap        ] GC(358) ParOldGen: 412062K->412070K(578048K)
[3190.067s][info ][gc,metaspace   ] GC(358) Metaspace: 76419K->76419K(1120256K)
[3190.067s][info ][gc             ] GC(358) Pause Young (Allocation Failure) 2276M->409M(2522M) 5.566ms
[3190.067s][info ][gc,cpu         ] GC(358) User=0.02s Sys=0.00s Real=0.00s
[3190.067s][info ][safepoint      ] Leaving safepoint region
[3190.067s][info ][safepoint      ] Total time for which application threads were stopped: 0.0057508 seconds, Stopping threads took: 0.0000165 seconds
[3191.067s][info ][safepoint      ] Application time: 1.0000959 seconds
[3191.067s][info ][safepoint      ] Entering safepoint region: Cleanup
[3191.067s][info ][safepoint      ] Leaving safepoint region
[3191.067s][info ][safepoint      ] Total time for which application threads were stopped: 0.0001178 seconds, Stopping threads took: 0.0000336 seconds
[3192.068s][info ][safepoint      ] Application time: 1.0000797 seconds
[3192.068s][info ][safepoint      ] Entering safepoint region: Cleanup
[3192.068s][info ][safepoint      ] Leaving safepoint region
[3192.068s][info ][safepoint      ] Total time for which application threads were stopped: 0.0001732 seconds, Stopping threads took: 0.0000519 seconds
[3202.366s][info ][safepoint      ] Application time: 10.2987040 seconds
[3202.366s][info ][safepoint      ] Entering safepoint region: ParallelGCFailedAllocation
[3202.367s][info ][gc,start       ] GC(359) Pause Young (Allocation Failure)
[3202.371s][debug][gc,phases      ] GC(359) Scavenge 4.504ms
[3202.371s][debug][gc,ref         ] GC(359) Skipped phase1 of Reference Processing due to unavailable references
[3202.371s][debug][gc,ref         ] GC(359) Skipped phase3 of Reference Processing due to unavailable references
[3202.371s][debug][gc,phases      ] GC(359) Reference Processing 0.029ms
[3202.371s][debug][gc,phases      ] GC(359) Weak Processing 0.139ms
[3202.372s][debug][gc,phases      ] GC(359) Scrub String Table 0.464ms
[3202.372s][debug][gc,age         ] GC(359) Desired survivor size 91750400 bytes, new threshold 15 (max threshold 15)
[3202.372s][info ][gc,heap        ] GC(359) PSYoungGen: 1920496K->9024K(2007552K)
[3202.372s][info ][gc,heap        ] GC(359) ParOldGen: 412070K->412070K(578048K)
[3202.372s][info ][gc,metaspace   ] GC(359) Metaspace: 76464K->76464K(1120256K)
[3202.372s][info ][gc             ] GC(359) Pause Young (Allocation Failure) 2277M->411M(2525M) 5.268ms
[3202.372s][info ][gc,cpu         ] GC(359) User=0.02s Sys=0.00s Real=0.00s
[3202.372s][info ][safepoint      ] Leaving safepoint region
[3202.372s][info ][safepoint      ] Total time for which application threads were stopped: 0.0054125 seconds, Stopping threads took: 0.0000116 seconds
[3206.372s][info ][safepoint      ] Application time: 4.0002979 seconds
[3206.372s][info ][safepoint      ] Entering safepoint region: Cleanup
[3206.372s][info ][safepoint      ] Leaving safepoint region
[3206.372s][info ][safepoint      ] Total time for which application threads were stopped: 0.0000706 seconds, Stopping threads took: 0.0000141 seconds
[3207.372s][info ][safepoint      ] Application time: 1.0000663 seconds
[3207.372s][info ][safepoint      ] Entering safepoint region: Cleanup
[3207.372s][info ][safepoint      ] Leaving safepoint region
[3207.372s][info ][safepoint      ] Total time for which application threads were stopped: 0.0000727 seconds, Stopping threads took: 0.0000127 seconds
[3208.373s][info ][safepoint      ] Application time: 1.0000650 seconds
[3208.373s][info ][safepoint      ] Entering safepoint region: Cleanup
[3208.373s][info ][safepoint      ] Leaving safepoint region
[3208.373s][info ][safepoint      ] Total time for which application threads were stopped: 0.0000759 seconds, Stopping threads took: 0.0000124 seconds
[3209.373s][info ][safepoint      ] Application time: 1.0000528 seconds
[3209.373s][info ][safepoint      ] Entering safepoint region: Cleanup
[3209.373s][info ][safepoint      ] Leaving safepoint region
[3209.373s][info ][safepoint      ] Total time for which application threads were stopped: 0.0001196 seconds, Stopping threads took: 0.0000322 seconds
[3210.373s][info ][safepoint      ] Application time: 1.0000787 seconds
[3210.373s][info ][safepoint      ] Entering safepoint region: Cleanup
[3210.373s][info ][safepoint      ] Leaving safepoint region
[3210.373s][info ][safepoint      ] Total time for which application threads were stopped: 0.0000693 seconds, Stopping threads took: 0.0000125 seconds
[3212.373s][info ][safepoint      ] Application time: 2.0001022 seconds
[3212.373s][info ][safepoint      ] Entering safepoint region: Cleanup
[3212.373s][info ][safepoint      ] Leaving safepoint region
[3212.373s][info ][safepoint      ] Total time for which application threads were stopped: 0.0000666 seconds, Stopping threads took: 0.0000126 seconds
[3214.670s][info ][safepoint      ] Application time: 2.2968913 seconds
[3214.670s][info ][safepoint      ] Entering safepoint region: ParallelGCFailedAllocation
[3214.670s][info ][gc,start       ] GC(360) Pause Young (Allocation Failure)
[3214.675s][debug][gc,phases      ] GC(360) Scavenge 4.828ms
[3214.675s][debug][gc,ref         ] GC(360) Skipped phase1 of Reference Processing due to unavailable references
[3214.675s][debug][gc,ref         ] GC(360) Skipped phase3 of Reference Processing due to unavailable references
[3214.675s][debug][gc,phases      ] GC(360) Reference Processing 0.030ms
[3214.675s][debug][gc,phases      ] GC(360) Weak Processing 0.160ms
[3214.676s][debug][gc,phases      ] GC(360) Scrub String Table 0.465ms
[3214.676s][debug][gc,age         ] GC(360) Desired survivor size 89653248 bytes, new threshold 15 (max threshold 15)
[3214.676s][info ][gc,heap        ] GC(360) PSYoungGen: 1925440K->9616K(2006016K)
[3214.676s][info ][gc,heap        ] GC(360) ParOldGen: 412070K->412070K(578048K)
[3214.676s][info ][gc,metaspace   ] GC(360) Metaspace: 76474K->76474K(1120256K)
[3214.676s][info ][gc             ] GC(360) Pause Young (Allocation Failure) 2282M->411M(2523M) 5.629ms
[3214.676s][info ][gc,cpu         ] GC(360) User=0.02s Sys=0.00s Real=0.01s
[3214.676s][info ][safepoint      ] Leaving safepoint region
[3214.676s][info ][safepoint      ] Total time for which application threads were stopped: 0.0058188 seconds, Stopping threads took: 0.0000349 seconds
[3218.676s][info ][safepoint      ] Application time: 4.0002978 seconds
[3218.676s][info ][safepoint      ] Entering safepoint region: Cleanup
[3218.676s][info ][safepoint      ] Leaving safepoint region
[3218.676s][info ][safepoint      ] Total time for which application threads were stopped: 0.0000821 seconds, Stopping threads took: 0.0000277 seconds
[3220.376s][info ][safepoint      ] Application time: 1.6995840 seconds
[3220.376s][info ][safepoint      ] Entering safepoint region: RevokeBias
[3220.376s][info ][safepoint      ] Leaving safepoint region
[3220.376s][info ][safepoint      ] Total time for which application threads were stopped: 0.0000853 seconds, Stopping threads took: 0.0000218 seconds
[3223.376s][info ][safepoint      ] Application time: 3.0002255 seconds
[3223.376s][info ][safepoint      ] Entering safepoint region: Cleanup
[3223.377s][info ][safepoint      ] Leaving safepoint region
[3223.377s][info ][safepoint      ] Total time for which application threads were stopped: 0.0000688 seconds, Stopping threads took: 0.0000125 seconds
[3224.377s][info ][safepoint      ] Application time: 1.0000738 seconds
[3224.377s][info ][safepoint      ] Entering safepoint region: Cleanup
[3224.377s][info ][safepoint      ] Leaving safepoint region
[3224.377s][info ][safepoint      ] Total time for which application threads were stopped: 0.0001005 seconds, Stopping threads took: 0.0000337 seconds
[3226.377s][info ][safepoint      ] Application time: 2.0001737 seconds
[3226.377s][info ][safepoint      ] Entering safepoint region: Cleanup
[3226.377s][info ][safepoint      ] Leaving safepoint region
[3226.377s][info ][safepoint      ] Total time for which application threads were stopped: 0.0000687 seconds, Stopping threads took: 0.0000133 seconds
[3226.818s][info ][safepoint      ] Application time: 0.4406992 seconds
[3226.818s][info ][safepoint      ] Entering safepoint region: ParallelGCFailedAllocation
[3226.818s][info ][gc,start       ] GC(361) Pause Young (Allocation Failure)
[3226.823s][debug][gc,phases      ] GC(361) Scavenge 5.540ms
[3226.824s][debug][gc,ref         ] GC(361) Skipped phase1 of Reference Processing due to unavailable references
[3226.824s][debug][gc,ref         ] GC(361) Skipped phase3 of Reference Processing due to unavailable references
[3226.824s][debug][gc,phases      ] GC(361) Reference Processing 0.031ms
[3226.824s][debug][gc,phases      ] GC(361) Weak Processing 0.143ms
[3226.824s][debug][gc,phases      ] GC(361) Scrub String Table 0.476ms
[3226.824s][debug][gc,age         ] GC(361) Desired survivor size 86507520 bytes, new threshold 15 (max threshold 15)
[3226.824s][info ][gc,heap        ] GC(361) PSYoungGen: 1926032K->11808K(2012672K)
[3226.824s][info ][gc,heap        ] GC(361) ParOldGen: 412070K->412070K(578048K)
[3226.824s][info ][gc,metaspace   ] GC(361) Metaspace: 76488K->76488K(1120256K)
[3226.824s][info ][gc             ] GC(361) Pause Young (Allocation Failure) 2283M->413M(2530M) 6.321ms
[3226.824s][info ][gc,cpu         ] GC(361) User=0.02s Sys=0.00s Real=0.01s
[3226.824s][info ][safepoint      ] Leaving safepoint region
[3226.824s][info ][safepoint      ] Total time for which application threads were stopped: 0.0065390 seconds, Stopping threads took: 0.0000349 seconds
[3230.825s][info ][safepoint      ] Application time: 4.0002861 seconds
[3230.825s][info ][safepoint      ] Entering safepoint region: Cleanup
[3230.825s][info ][safepoint      ] Leaving safepoint region
[3230.825s][info ][safepoint      ] Total time for which application threads were stopped: 0.0000711 seconds, Stopping threads took: 0.0000130 seconds
[3234.825s][info ][safepoint      ] Application time: 4.0002674 seconds
[3234.825s][info ][safepoint      ] Entering safepoint region: Cleanup
[3234.825s][info ][safepoint      ] Leaving safepoint region
[3234.825s][info ][safepoint      ] Total time for which application threads were stopped: 0.0000797 seconds, Stopping threads took: 0.0000121 seconds
[3238.917s][info ][safepoint      ] Application time: 4.0923611 seconds
[3238.918s][info ][safepoint      ] Entering safepoint region: ParallelGCFailedAllocation
[3238.918s][info ][gc,start       ] GC(362) Pause Young (Allocation Failure)
[3238.924s][debug][gc,phases      ] GC(362) Scavenge 6.181ms
[3238.924s][debug][gc,ref         ] GC(362) Skipped phase1 of Reference Processing due to unavailable references
[3238.924s][debug][gc,ref         ] GC(362) Skipped phase3 of Reference Processing due to unavailable references
[3238.924s][debug][gc,phases      ] GC(362) Reference Processing 0.037ms
[3238.924s][debug][gc,phases      ] GC(362) Weak Processing 0.195ms
[3238.925s][debug][gc,phases      ] GC(362) Scrub String Table 0.567ms
[3238.925s][debug][gc,age         ] GC(362) Desired survivor size 83361792 bytes, new threshold 15 (max threshold 15)
[3238.925s][info ][gc,heap        ] GC(362) PSYoungGen: 1936928K->14144K(2009600K)
[3238.925s][info ][gc,heap        ] GC(362) ParOldGen: 412070K->412070K(578048K)
[3238.925s][info ][gc,metaspace   ] GC(362) Metaspace: 76492K->76492K(1120256K)
[3238.925s][info ][gc             ] GC(362) Pause Young (Allocation Failure) 2293M->416M(2527M) 7.143ms
[3238.925s][info ][gc,cpu         ] GC(362) User=0.03s Sys=0.00s Real=0.01s
[3238.925s][info ][safepoint      ] Leaving safepoint region
[3238.925s][info ][safepoint      ] Total time for which application threads were stopped: 0.0073664 seconds, Stopping threads took: 0.0000364 seconds
[3240.925s][info ][safepoint      ] Application time: 2.0001628 seconds
[3240.925s][info ][safepoint      ] Entering safepoint region: Cleanup
[3240.925s][info ][safepoint      ] Leaving safepoint region
[3240.925s][info ][safepoint      ] Total time for which application threads were stopped: 0.0001134 seconds, Stopping threads took: 0.0000419 seconds
[3243.925s][info ][safepoint      ] Application time: 3.0002082 seconds
[3243.925s][info ][safepoint      ] Entering safepoint region: Cleanup
[3243.926s][info ][safepoint      ] Leaving safepoint region
[3243.926s][info ][safepoint      ] Total time for which application threads were stopped: 0.0001590 seconds, Stopping threads took: 0.0000364 seconds
[3247.926s][info ][safepoint      ] Application time: 4.0002997 seconds
[3247.926s][info ][safepoint      ] Entering safepoint region: Cleanup
[3247.926s][info ][safepoint      ] Leaving safepoint region
[3247.926s][info ][safepoint      ] Total time for which application threads were stopped: 0.0000785 seconds, Stopping threads took: 0.0000131 seconds
[3250.926s][info ][safepoint      ] Application time: 3.0001941 seconds
[3250.926s][info ][safepoint      ] Entering safepoint region: Cleanup
[3250.926s][info ][safepoint      ] Leaving safepoint region
[3250.926s][info ][safepoint      ] Total time for which application threads were stopped: 0.0001502 seconds, Stopping threads took: 0.0000350 seconds
[3251.220s][info ][safepoint      ] Application time: 0.2934578 seconds
[3251.220s][info ][safepoint      ] Entering safepoint region: ParallelGCFailedAllocation
[3251.220s][info ][gc,start       ] GC(363) Pause Young (Allocation Failure)
[3251.226s][debug][gc,phases      ] GC(363) Scavenge 5.889ms
[3251.226s][debug][gc,ref         ] GC(363) Skipped phase1 of Reference Processing due to unavailable references
[3251.226s][debug][gc,ref         ] GC(363) Skipped phase3 of Reference Processing due to unavailable references
[3251.226s][debug][gc,phases      ] GC(363) Reference Processing 0.031ms
[3251.226s][debug][gc,phases      ] GC(363) Weak Processing 0.135ms
[3251.227s][debug][gc,phases      ] GC(363) Scrub String Table 0.442ms
[3251.227s][debug][gc,age         ] GC(363) Desired survivor size 79691776 bytes, new threshold 15 (max threshold 15)
[3251.227s][info ][gc,heap        ] GC(363) PSYoungGen: 1939264K->14352K(2019328K)
[3251.227s][info ][gc,heap        ] GC(363) ParOldGen: 412070K->412070K(578048K)
[3251.227s][info ][gc,metaspace   ] GC(363) Metaspace: 76492K->76492K(1120256K)
[3251.227s][info ][gc             ] GC(363) Pause Young (Allocation Failure) 2296M->416M(2536M) 6.627ms
[3251.227s][info ][gc,cpu         ] GC(363) User=0.02s Sys=0.00s Real=0.00s
[3251.227s][info ][safepoint      ] Leaving safepoint region
[3251.227s][info ][safepoint      ] Total time for which application threads were stopped: 0.0068661 seconds, Stopping threads took: 0.0000938 seconds
[3254.227s][info ][safepoint      ] Application time: 3.0002347 seconds
[3254.227s][info ][safepoint      ] Entering safepoint region: Cleanup
[3254.227s][info ][safepoint      ] Leaving safepoint region
[3254.227s][info ][safepoint      ] Total time for which application threads were stopped: 0.0000672 seconds, Stopping threads took: 0.0000131 seconds
[3263.869s][info ][safepoint      ] Application time: 9.6414466 seconds
[3263.869s][info ][safepoint      ] Entering safepoint region: ParallelGCFailedAllocation
[3263.869s][info ][gc,start       ] GC(364) Pause Young (Allocation Failure)
[3263.874s][debug][gc,phases      ] GC(364) Scavenge 5.644ms
[3263.874s][debug][gc,ref         ] GC(364) Skipped phase1 of Reference Processing due to unavailable references
[3263.874s][debug][gc,ref         ] GC(364) Skipped phase3 of Reference Processing due to unavailable references
[3263.874s][debug][gc,phases      ] GC(364) Reference Processing 0.029ms
[3263.875s][debug][gc,phases      ] GC(364) Weak Processing 0.121ms
[3263.875s][debug][gc,phases      ] GC(364) Scrub String Table 0.422ms
[3263.875s][debug][gc,age         ] GC(364) Desired survivor size 76021760 bytes, new threshold 15 (max threshold 15)
[3263.875s][info ][gc,heap        ] GC(364) PSYoungGen: 1952272K->14304K(2015744K)
[3263.875s][info ][gc,heap        ] GC(364) ParOldGen: 412070K->412070K(578048K)
[3263.875s][info ][gc,metaspace   ] GC(364) Metaspace: 76495K->76495K(1120256K)
[3263.875s][info ][gc             ] GC(364) Pause Young (Allocation Failure) 2308M->416M(2533M) 6.325ms
[3263.875s][info ][gc,cpu         ] GC(364) User=0.02s Sys=0.00s Real=0.01s
[3263.875s][info ][safepoint      ] Leaving safepoint region
[3263.875s][info ][safepoint      ] Total time for which application threads were stopped: 0.0064795 seconds, Stopping threads took: 0.0000122 seconds
[3264.875s][info ][safepoint      ] Application time: 1.0000723 seconds
[3264.875s][info ][safepoint      ] Entering safepoint region: Cleanup
[3264.875s][info ][safepoint      ] Leaving safepoint region
[3264.875s][info ][safepoint      ] Total time for which application threads were stopped: 0.0000722 seconds, Stopping threads took: 0.0000124 seconds
[3276.667s][info ][safepoint      ] Application time: 11.7920701 seconds
[3276.667s][info ][safepoint      ] Entering safepoint region: ParallelGCFailedAllocation
[3276.668s][info ][gc,start       ] GC(365) Pause Young (Allocation Failure)
[3276.673s][debug][gc,phases      ] GC(365) Scavenge 5.770ms
[3276.673s][debug][gc,ref         ] GC(365) Skipped phase1 of Reference Processing due to unavailable references
[3276.673s][debug][gc,ref         ] GC(365) Skipped phase3 of Reference Processing due to unavailable references
[3276.673s][debug][gc,phases      ] GC(365) Reference Processing 0.058ms
[3276.674s][debug][gc,phases      ] GC(365) Weak Processing 0.145ms
[3276.674s][debug][gc,phases      ] GC(365) Scrub String Table 0.491ms
[3276.674s][debug][gc,age         ] GC(365) Desired survivor size 72351744 bytes, new threshold 15 (max threshold 15)
[3276.674s][info ][gc,heap        ] GC(365) PSYoungGen: 1952224K->14256K(2026496K)
[3276.674s][info ][gc,heap        ] GC(365) ParOldGen: 412070K->412070K(578048K)
[3276.674s][info ][gc,metaspace   ] GC(365) Metaspace: 76495K->76495K(1120256K)
[3276.674s][info ][gc             ] GC(365) Pause Young (Allocation Failure) 2308M->416M(2543M) 6.616ms
[3276.674s][info ][gc,cpu         ] GC(365) User=0.02s Sys=0.00s Real=0.01s
[3276.674s][info ][safepoint      ] Leaving safepoint region
[3276.674s][info ][safepoint      ] Total time for which application threads were stopped: 0.0067924 seconds, Stopping threads took: 0.0000369 seconds
[3282.675s][info ][safepoint      ] Application time: 6.0003918 seconds
[3282.675s][info ][safepoint      ] Entering safepoint region: Cleanup
[3282.675s][info ][safepoint      ] Leaving safepoint region
[3282.675s][info ][safepoint      ] Total time for which application threads were stopped: 0.0000697 seconds, Stopping threads took: 0.0000132 seconds
[3283.675s][info ][safepoint      ] Application time: 1.0000688 seconds
[3283.675s][info ][safepoint      ] Entering safepoint region: Cleanup
[3283.675s][info ][safepoint      ] Leaving safepoint region
[3283.675s][info ][safepoint      ] Total time for which application threads were stopped: 0.0000677 seconds, Stopping threads took: 0.0000128 seconds
[3287.675s][info ][safepoint      ] Application time: 4.0002621 seconds
[3287.675s][info ][safepoint      ] Entering safepoint region: Cleanup
[3287.675s][info ][safepoint      ] Leaving safepoint region
[3287.675s][info ][safepoint      ] Total time for which application threads were stopped: 0.0000878 seconds, Stopping threads took: 0.0000126 seconds
[3289.420s][info ][safepoint      ] Application time: 1.7447469 seconds
[3289.420s][info ][safepoint      ] Entering safepoint region: ParallelGCFailedAllocation
[3289.420s][info ][gc,start       ] GC(366) Pause Young (Allocation Failure)
[3289.426s][debug][gc,phases      ] GC(366) Scavenge 5.682ms
[3289.426s][debug][gc,ref         ] GC(366) Skipped phase1 of Reference Processing due to unavailable references
[3289.426s][debug][gc,ref         ] GC(366) Skipped phase3 of Reference Processing due to unavailable references
[3289.426s][debug][gc,phases      ] GC(366) Reference Processing 0.030ms
[3289.426s][debug][gc,phases      ] GC(366) Weak Processing 0.143ms
[3289.427s][debug][gc,phases      ] GC(366) Scrub String Table 0.463ms
[3289.427s][debug][gc,age         ] GC(366) Desired survivor size 69206016 bytes, new threshold 15 (max threshold 15)
[3289.427s][info ][gc,heap        ] GC(366) PSYoungGen: 1966512K->14576K(2022912K)
[3289.427s][info ][gc,heap        ] GC(366) ParOldGen: 412070K->412070K(578048K)
[3289.427s][info ][gc,metaspace   ] GC(366) Metaspace: 76496K->76496K(1120256K)
[3289.427s][info ][gc             ] GC(366) Pause Young (Allocation Failure) 2322M->416M(2540M) 6.465ms
[3289.427s][info ][gc,cpu         ] GC(366) User=0.02s Sys=0.00s Real=0.00s
[3289.427s][info ][safepoint      ] Leaving safepoint region
[3289.427s][info ][safepoint      ] Total time for which application threads were stopped: 0.0066639 seconds, Stopping threads took: 0.0000517 seconds
[3296.427s][info ][safepoint      ] Application time: 7.0004137 seconds
[3296.427s][info ][safepoint      ] Entering safepoint region: Cleanup
[3296.427s][info ][safepoint      ] Leaving safepoint region
[3296.427s][info ][safepoint      ] Total time for which application threads were stopped: 0.0000803 seconds, Stopping threads took: 0.0000161 seconds
[3297.427s][info ][safepoint      ] Application time: 1.0000849 seconds
[3297.427s][info ][safepoint      ] Entering safepoint region: Cleanup
[3297.427s][info ][safepoint      ] Leaving safepoint region
[3297.428s][info ][safepoint      ] Total time for which application threads were stopped: 0.0000974 seconds, Stopping threads took: 0.0000133 seconds
[3298.231s][info ][safepoint      ] Application time: 0.8033789 seconds
[3298.231s][info ][safepoint      ] Entering safepoint region: RevokeBias
[3298.231s][info ][safepoint      ] Leaving safepoint region
[3298.231s][info ][safepoint      ] Total time for which application threads were stopped: 0.0000884 seconds, Stopping threads took: 0.0000135 seconds
[3301.231s][info ][safepoint      ] Application time: 3.0002445 seconds
[3301.231s][info ][safepoint      ] Entering safepoint region: Cleanup
[3301.231s][info ][safepoint      ] Leaving safepoint region
[3301.231s][info ][safepoint      ] Total time for which application threads were stopped: 0.0001013 seconds, Stopping threads took: 0.0000225 seconds
[3302.224s][info ][safepoint      ] Application time: 0.9930450 seconds
[3302.225s][info ][safepoint      ] Entering safepoint region: ParallelGCFailedAllocation
[3302.225s][info ][gc,start       ] GC(367) Pause Young (Allocation Failure)
[3302.231s][debug][gc,phases      ] GC(367) Scavenge 6.372ms
[3302.231s][debug][gc,ref         ] GC(367) Skipped phase1 of Reference Processing due to unavailable references
[3302.231s][debug][gc,ref         ] GC(367) Skipped phase3 of Reference Processing due to unavailable references
[3302.231s][debug][gc,phases      ] GC(367) Reference Processing 0.045ms
[3302.231s][debug][gc,phases      ] GC(367) Weak Processing 0.159ms
[3302.232s][debug][gc,phases      ] GC(367) Scrub String Table 0.470ms
[3302.232s][debug][gc,age         ] GC(367) Desired survivor size 65536000 bytes, new threshold 15 (max threshold 15)
[3302.232s][info ][gc,heap        ] GC(367) PSYoungGen: 1966832K->14080K(2033152K)
[3302.232s][info ][gc,heap        ] GC(367) ParOldGen: 412070K->412070K(578048K)
[3302.232s][info ][gc,metaspace   ] GC(367) Metaspace: 76508K->76508K(1120256K)
[3302.232s][info ][gc             ] GC(367) Pause Young (Allocation Failure) 2323M->416M(2550M) 7.191ms
[3302.232s][info ][gc,cpu         ] GC(367) User=0.02s Sys=0.00s Real=0.00s
[3302.232s][info ][safepoint      ] Leaving safepoint region
[3302.232s][info ][safepoint      ] Total time for which application threads were stopped: 0.0073374 seconds, Stopping threads took: 0.0000126 seconds
[3307.232s][info ][safepoint      ] Application time: 5.0003785 seconds
[3307.232s][info ][safepoint      ] Entering safepoint region: Cleanup
[3307.232s][info ][safepoint      ] Leaving safepoint region
[3307.232s][info ][safepoint      ] Total time for which application threads were stopped: 0.0000922 seconds, Stopping threads took: 0.0000185 seconds
[3315.118s][info ][safepoint      ] Application time: 7.8857518 seconds
[3315.118s][info ][safepoint      ] Entering safepoint region: ParallelGCFailedAllocation
[3315.118s][info ][gc,start       ] GC(368) Pause Young (Allocation Failure)
[3315.124s][debug][gc,phases      ] GC(368) Scavenge 5.979ms
[3315.124s][debug][gc,ref         ] GC(368) Skipped phase1 of Reference Processing due to unavailable references
[3315.124s][debug][gc,ref         ] GC(368) Skipped phase3 of Reference Processing due to unavailable references
[3315.124s][debug][gc,phases      ] GC(368) Reference Processing 0.039ms
[3315.125s][debug][gc,phases      ] GC(368) Weak Processing 0.180ms
[3315.125s][debug][gc,phases      ] GC(368) Scrub String Table 0.593ms
[3315.125s][debug][gc,age         ] GC(368) Desired survivor size 62390272 bytes, new threshold 15 (max threshold 15)
[3315.125s][info ][gc,heap        ] GC(368) PSYoungGen: 1979648K->14144K(2029568K)
[3315.125s][info ][gc,heap        ] GC(368) ParOldGen: 412070K->412070K(578048K)
[3315.125s][info ][gc,metaspace   ] GC(368) Metaspace: 76508K->76508K(1120256K)
[3315.125s][info ][gc             ] GC(368) Pause Young (Allocation Failure) 2335M->416M(2546M) 6.940ms
[3315.125s][info ][gc,cpu         ] GC(368) User=0.03s Sys=0.00s Real=0.01s
[3315.125s][info ][safepoint      ] Leaving safepoint region
[3315.125s][info ][safepoint      ] Total time for which application threads were stopped: 0.0071303 seconds, Stopping threads took: 0.0000482 seconds
[3317.126s][info ][safepoint      ] Application time: 2.0001610 seconds
[3317.126s][info ][safepoint      ] Entering safepoint region: Cleanup
[3317.126s][info ][safepoint      ] Leaving safepoint region
[3317.126s][info ][safepoint      ] Total time for which application threads were stopped: 0.0001227 seconds, Stopping threads took: 0.0000127 seconds
[3319.126s][info ][safepoint      ] Application time: 2.0001373 seconds
[3319.126s][info ][safepoint      ] Entering safepoint region: Cleanup
[3319.126s][info ][safepoint      ] Leaving safepoint region
[3319.126s][info ][safepoint      ] Total time for which application threads were stopped: 0.0000707 seconds, Stopping threads took: 0.0000135 seconds
[3325.126s][info ][safepoint      ] Application time: 6.0003739 seconds
[3325.126s][info ][safepoint      ] Entering safepoint region: Cleanup
[3325.126s][info ][safepoint      ] Leaving safepoint region
[3325.126s][info ][safepoint      ] Total time for which application threads were stopped: 0.0000713 seconds, Stopping threads took: 0.0000135 seconds
[3327.220s][info ][safepoint      ] Application time: 2.0935585 seconds
[3327.220s][info ][safepoint      ] Entering safepoint region: ParallelGCFailedAllocation
[3327.220s][info ][gc,start       ] GC(369) Pause Young (Allocation Failure)
[3327.226s][debug][gc,phases      ] GC(369) Scavenge 6.182ms
[3327.226s][debug][gc,ref         ] GC(369) Skipped phase1 of Reference Processing due to unavailable references
[3327.226s][debug][gc,ref         ] GC(369) Skipped phase3 of Reference Processing due to unavailable references
[3327.226s][debug][gc,phases      ] GC(369) Reference Processing 0.031ms
[3327.227s][debug][gc,phases      ] GC(369) Weak Processing 0.145ms
[3327.227s][debug][gc,phases      ] GC(369) Scrub String Table 0.481ms
[3327.227s][debug][gc,age         ] GC(369) Desired survivor size 59768832 bytes, new threshold 15 (max threshold 15)
[3327.227s][info ][gc,heap        ] GC(369) PSYoungGen: 1979712K->14000K(2038784K)
[3327.227s][info ][gc,heap        ] GC(369) ParOldGen: 412070K->412070K(578048K)
[3327.227s][info ][gc,metaspace   ] GC(369) Metaspace: 76510K->76510K(1120256K)
[3327.227s][info ][gc             ] GC(369) Pause Young (Allocation Failure) 2335M->416M(2555M) 6.972ms
[3327.227s][info ][gc,cpu         ] GC(369) User=0.03s Sys=0.00s Real=0.00s
[3327.227s][info ][safepoint      ] Leaving safepoint region
[3327.227s][info ][safepoint      ] Total time for which application threads were stopped: 0.0071833 seconds, Stopping threads took: 0.0000423 seconds
[3328.227s][info ][safepoint      ] Application time: 1.0000893 seconds
[3328.227s][info ][safepoint      ] Entering safepoint region: Cleanup
[3328.227s][info ][safepoint      ] Leaving safepoint region
[3328.227s][info ][safepoint      ] Total time for which application threads were stopped: 0.0000971 seconds, Stopping threads took: 0.0000138 seconds
[3340.251s][info ][safepoint      ] Application time: 12.0239290 seconds
[3340.251s][info ][safepoint      ] Entering safepoint region: ParallelGCFailedAllocation
[3340.251s][info ][gc,start       ] GC(370) Pause Young (Allocation Failure)
[3340.258s][debug][gc,phases      ] GC(370) Scavenge 6.397ms
[3340.258s][debug][gc,ref         ] GC(370) Skipped phase1 of Reference Processing due to unavailable references
[3340.258s][debug][gc,ref         ] GC(370) Skipped phase3 of Reference Processing due to unavailable references
[3340.258s][debug][gc,phases      ] GC(370) Reference Processing 0.042ms
[3340.258s][debug][gc,phases      ] GC(370) Weak Processing 0.184ms
[3340.259s][debug][gc,phases      ] GC(370) Scrub String Table 0.568ms
[3340.259s][debug][gc,age         ] GC(370) Desired survivor size 57147392 bytes, new threshold 15 (max threshold 15)
[3340.259s][info ][gc,heap        ] GC(370) PSYoungGen: 1991856K->11920K(2036224K)
[3340.259s][info ][gc,heap        ] GC(370) ParOldGen: 412070K->414231K(578048K)
[3340.259s][info ][gc,metaspace   ] GC(370) Metaspace: 76511K->76511K(1120256K)
[3340.259s][info ][gc             ] GC(370) Pause Young (Allocation Failure) 2347M->416M(2553M) 7.374ms
[3340.259s][info ][gc,cpu         ] GC(370) User=0.03s Sys=0.00s Real=0.01s
[3340.259s][info ][safepoint      ] Leaving safepoint region
[3340.259s][info ][safepoint      ] Total time for which application threads were stopped: 0.0075564 seconds, Stopping threads took: 0.0000287 seconds
[3343.259s][info ][safepoint      ] Application time: 3.0002320 seconds
[3343.259s][info ][safepoint      ] Entering safepoint region: Cleanup
[3343.259s][info ][safepoint      ] Leaving safepoint region
[3343.259s][info ][safepoint      ] Total time for which application threads were stopped: 0.0001252 seconds, Stopping threads took: 0.0000506 seconds
[3352.260s][info ][safepoint      ] Application time: 9.0006191 seconds
[3352.260s][info ][safepoint      ] Entering safepoint region: Cleanup
[3352.260s][info ][safepoint      ] Leaving safepoint region
[3352.260s][info ][safepoint      ] Total time for which application threads were stopped: 0.0001151 seconds, Stopping threads took: 0.0000403 seconds
[3353.069s][info ][safepoint      ] Application time: 0.8092047 seconds
[3353.069s][info ][safepoint      ] Entering safepoint region: ParallelGCFailedAllocation
[3353.069s][info ][gc,start       ] GC(371) Pause Young (Allocation Failure)
[3353.075s][debug][gc,phases      ] GC(371) Scavenge 5.175ms
[3353.075s][debug][gc,ref         ] GC(371) Skipped phase1 of Reference Processing due to unavailable references
[3353.075s][debug][gc,ref         ] GC(371) Skipped phase3 of Reference Processing due to unavailable references
[3353.075s][debug][gc,phases      ] GC(371) Reference Processing 0.042ms
[3353.075s][debug][gc,phases      ] GC(371) Weak Processing 0.134ms
[3353.075s][debug][gc,phases      ] GC(371) Scrub String Table 0.441ms
[3353.075s][debug][gc,age         ] GC(371) Desired survivor size 55050240 bytes, new threshold 15 (max threshold 15)
[3353.075s][info ][gc,heap        ] GC(371) PSYoungGen: 1989776K->10496K(2043392K)
[3353.075s][info ][gc,heap        ] GC(371) ParOldGen: 414231K->415779K(578048K)
[3353.075s][info ][gc,metaspace   ] GC(371) Metaspace: 76512K->76512K(1120256K)
[3353.075s][info ][gc             ] GC(371) Pause Young (Allocation Failure) 2347M->416M(2560M) 5.923ms
[3353.075s][info ][gc,cpu         ] GC(371) User=0.02s Sys=0.00s Real=0.01s
[3353.075s][info ][safepoint      ] Leaving safepoint region
[3353.075s][info ][safepoint      ] Total time for which application threads were stopped: 0.0060883 seconds, Stopping threads took: 0.0000121 seconds
[3366.010s][info ][safepoint      ] Application time: 12.9342859 seconds
[3366.010s][info ][safepoint      ] Entering safepoint region: ParallelGCFailedAllocation
[3366.010s][info ][gc,start       ] GC(372) Pause Young (Allocation Failure)
[3366.015s][debug][gc,phases      ] GC(372) Scavenge 4.873ms
[3366.015s][debug][gc,ref         ] GC(372) Skipped phase1 of Reference Processing due to unavailable references
[3366.015s][debug][gc,ref         ] GC(372) Skipped phase3 of Reference Processing due to unavailable references
[3366.015s][debug][gc,phases      ] GC(372) Reference Processing 0.043ms
[3366.015s][debug][gc,phases      ] GC(372) Weak Processing 0.141ms
[3366.015s][debug][gc,phases      ] GC(372) Scrub String Table 0.443ms
[3366.015s][debug][gc,age         ] GC(372) Desired survivor size 52428800 bytes, new threshold 15 (max threshold 15)
[3366.015s][info ][gc,heap        ] GC(372) PSYoungGen: 1998080K->10240K(2041344K)
[3366.015s][info ][gc,heap        ] GC(372) ParOldGen: 415779K->416072K(578048K)
[3366.015s][info ][gc,metaspace   ] GC(372) Metaspace: 76513K->76513K(1120256K)
[3366.016s][info ][gc             ] GC(372) Pause Young (Allocation Failure) 2357M->416M(2558M) 5.628ms
[3366.016s][info ][gc,cpu         ] GC(372) User=0.02s Sys=0.00s Real=0.01s
[3366.016s][info ][safepoint      ] Leaving safepoint region
[3366.016s][info ][safepoint      ] Total time for which application threads were stopped: 0.0057791 seconds, Stopping threads took: 0.0000121 seconds
[3376.552s][info ][safepoint      ] Application time: 10.5362736 seconds
[3376.552s][info ][safepoint      ] Entering safepoint region: RevokeBias
[3376.552s][info ][safepoint      ] Leaving safepoint region
[3376.552s][info ][safepoint      ] Total time for which application threads were stopped: 0.0001448 seconds, Stopping threads took: 0.0000738 seconds
[3376.646s][info ][safepoint      ] Application time: 0.0937108 seconds
[3376.646s][info ][safepoint      ] Entering safepoint region: RevokeBias
[3376.646s][info ][safepoint      ] Leaving safepoint region
[3376.646s][info ][safepoint      ] Total time for which application threads were stopped: 0.0000617 seconds, Stopping threads took: 0.0000114 seconds
[3376.666s][info ][safepoint      ] Application time: 0.0198736 seconds
[3376.666s][info ][safepoint      ] Entering safepoint region: RevokeBias
[3376.666s][info ][safepoint      ] Leaving safepoint region
[3376.666s][info ][safepoint      ] Total time for which application threads were stopped: 0.0001104 seconds, Stopping threads took: 0.0000452 seconds
[3379.058s][info ][safepoint      ] Application time: 2.3917237 seconds
[3379.058s][info ][safepoint      ] Entering safepoint region: ParallelGCFailedAllocation
[3379.058s][info ][gc,start       ] GC(373) Pause Young (Allocation Failure)
[3379.063s][debug][gc,phases      ] GC(373) Scavenge 5.249ms
[3379.063s][debug][gc,ref         ] GC(373) Skipped phase1 of Reference Processing due to unavailable references
[3379.063s][debug][gc,ref         ] GC(373) Skipped phase3 of Reference Processing due to unavailable references
[3379.063s][debug][gc,phases      ] GC(373) Reference Processing 0.027ms
[3379.063s][debug][gc,phases      ] GC(373) Weak Processing 0.137ms
[3379.064s][debug][gc,phases      ] GC(373) Scrub String Table 0.424ms
[3379.064s][debug][gc,age         ] GC(373) Desired survivor size 50331648 bytes, new threshold 15 (max threshold 15)
[3379.064s][info ][gc,heap        ] GC(373) PSYoungGen: 1997824K->9344K(2048000K)
[3379.064s][info ][gc,heap        ] GC(373) ParOldGen: 416072K->416716K(578048K)
[3379.064s][info ][gc,metaspace   ] GC(373) Metaspace: 76514K->76514K(1120256K)
[3379.064s][info ][gc             ] GC(373) Pause Young (Allocation Failure) 2357M->416M(2564M) 5.945ms
[3379.064s][info ][gc,cpu         ] GC(373) User=0.02s Sys=0.00s Real=0.01s
[3379.064s][info ][safepoint      ] Leaving safepoint region
[3379.064s][info ][safepoint      ] Total time for which application threads were stopped: 0.0060917 seconds, Stopping threads took: 0.0000114 seconds
[3392.419s][info ][safepoint      ] Application time: 13.3551723 seconds
[3392.419s][info ][safepoint      ] Entering safepoint region: ParallelGCFailedAllocation
[3392.419s][info ][gc,start       ] GC(374) Pause Young (Allocation Failure)
[3392.424s][debug][gc,phases      ] GC(374) Scavenge 4.828ms
[3392.424s][debug][gc,ref         ] GC(374) Skipped phase1 of Reference Processing due to unavailable references
[3392.424s][debug][gc,ref         ] GC(374) Skipped phase3 of Reference Processing due to unavailable references
[3392.424s][debug][gc,phases      ] GC(374) Reference Processing 0.029ms
[3392.424s][debug][gc,phases      ] GC(374) Weak Processing 0.139ms
[3392.425s][debug][gc,phases      ] GC(374) Scrub String Table 0.480ms
[3392.425s][debug][gc,age         ] GC(374) Desired survivor size 48758784 bytes, new threshold 15 (max threshold 15)
[3392.425s][info ][gc,heap        ] GC(374) PSYoungGen: 2006144K->8336K(2045952K)
[3392.425s][info ][gc,heap        ] GC(374) ParOldGen: 416716K->417711K(578048K)
[3392.425s][info ][gc,metaspace   ] GC(374) Metaspace: 76515K->76515K(1120256K)
[3392.425s][info ][gc             ] GC(374) Pause Young (Allocation Failure) 2366M->416M(2562M) 5.611ms
[3392.425s][info ][gc,cpu         ] GC(374) User=0.02s Sys=0.00s Real=0.01s
[3392.425s][info ][safepoint      ] Leaving safepoint region
[3392.425s][info ][safepoint      ] Total time for which application threads were stopped: 0.0057469 seconds, Stopping threads took: 0.0000113 seconds
[3393.425s][info ][safepoint      ] Application time: 1.0000842 seconds
[3393.425s][info ][safepoint      ] Entering safepoint region: Cleanup
[3393.425s][info ][safepoint      ] Leaving safepoint region
[3393.425s][info ][safepoint      ] Total time for which application threads were stopped: 0.0001024 seconds, Stopping threads took: 0.0000384 seconds
[3395.425s][info ][safepoint      ] Application time: 2.0001400 seconds
[3395.425s][info ][safepoint      ] Entering safepoint region: Cleanup
[3395.425s][info ][safepoint      ] Leaving safepoint region
[3395.425s][info ][safepoint      ] Total time for which application threads were stopped: 0.0000856 seconds, Stopping threads took: 0.0000127 seconds
[3398.425s][info ][safepoint      ] Application time: 3.0002178 seconds
[3398.425s][info ][safepoint      ] Entering safepoint region: Cleanup
[3398.426s][info ][safepoint      ] Leaving safepoint region
[3398.426s][info ][safepoint      ] Total time for which application threads were stopped: 0.0000747 seconds, Stopping threads took: 0.0000121 seconds
[3402.723s][info ][safepoint      ] Application time: 4.2978643 seconds
[3402.723s][info ][safepoint      ] Entering safepoint region: RevokeBias
[3402.723s][info ][safepoint      ] Leaving safepoint region
[3402.723s][info ][safepoint      ] Total time for which application threads were stopped: 0.0000640 seconds, Stopping threads took: 0.0000109 seconds
[3405.569s][info ][safepoint      ] Application time: 2.8452583 seconds
[3405.569s][info ][safepoint      ] Entering safepoint region: ParallelGCFailedAllocation
[3405.569s][info ][gc,start       ] GC(375) Pause Young (Allocation Failure)
[3405.573s][debug][gc,phases      ] GC(375) Scavenge 4.247ms
[3405.573s][debug][gc,ref         ] GC(375) Skipped phase1 of Reference Processing due to unavailable references
[3405.573s][debug][gc,ref         ] GC(375) Skipped phase3 of Reference Processing due to unavailable references
[3405.573s][debug][gc,ref         ] GC(375) Skipped phase4 of Reference Processing due to unavailable references
[3405.573s][debug][gc,phases      ] GC(375) Reference Processing 0.028ms
[3405.573s][debug][gc,phases      ] GC(375) Weak Processing 0.138ms
[3405.574s][debug][gc,phases      ] GC(375) Scrub String Table 0.451ms
[3405.574s][debug][gc,age         ] GC(375) Desired survivor size 46661632 bytes, new threshold 15 (max threshold 15)
[3405.574s][info ][gc,heap        ] GC(375) PSYoungGen: 2005136K->7120K(2051584K)
[3405.574s][info ][gc,heap        ] GC(375) ParOldGen: 417711K->418992K(578048K)
[3405.574s][info ][gc,metaspace   ] GC(375) Metaspace: 76520K->76520K(1120256K)
[3405.574s][info ][gc             ] GC(375) Pause Young (Allocation Failure) 2366M->416M(2568M) 4.987ms
[3405.574s][info ][gc,cpu         ] GC(375) User=0.01s Sys=0.00s Real=0.01s
[3405.574s][info ][safepoint      ] Leaving safepoint region
[3405.574s][info ][safepoint      ] Total time for which application threads were stopped: 0.0051642 seconds, Stopping threads took: 0.0000501 seconds
[3418.861s][info ][safepoint      ] Application time: 13.2867904 seconds
[3418.861s][info ][safepoint      ] Entering safepoint region: ParallelGCFailedAllocation
[3418.861s][info ][gc,start       ] GC(376) Pause Young (Allocation Failure)
[3418.865s][debug][gc,phases      ] GC(376) Scavenge 4.059ms
[3418.865s][debug][gc,ref         ] GC(376) Skipped phase1 of Reference Processing due to unavailable references
[3418.865s][debug][gc,ref         ] GC(376) Skipped phase3 of Reference Processing due to unavailable references
[3418.865s][debug][gc,ref         ] GC(376) Skipped phase4 of Reference Processing due to unavailable references
[3418.865s][debug][gc,phases      ] GC(376) Reference Processing 0.028ms
[3418.865s][debug][gc,phases      ] GC(376) Weak Processing 0.135ms
[3418.866s][debug][gc,phases      ] GC(376) Scrub String Table 0.415ms
[3418.866s][debug][gc,age         ] GC(376) Desired survivor size 45613056 bytes, new threshold 15 (max threshold 15)
[3418.866s][info ][gc,heap        ] GC(376) PSYoungGen: 2011088K->5232K(2049536K)
[3418.866s][info ][gc,heap        ] GC(376) ParOldGen: 418992K->420917K(578048K)
[3418.866s][info ][gc,metaspace   ] GC(376) Metaspace: 76520K->76520K(1120256K)
[3418.866s][info ][gc             ] GC(376) Pause Young (Allocation Failure) 2373M->416M(2566M) 4.772ms
[3418.866s][info ][gc,cpu         ] GC(376) User=0.01s Sys=0.00s Real=0.00s
[3418.866s][info ][safepoint      ] Leaving safepoint region
[3418.866s][info ][safepoint      ] Total time for which application threads were stopped: 0.0049576 seconds, Stopping threads took: 0.0000502 seconds
[3430.867s][info ][safepoint      ] Application time: 12.0008182 seconds
[3430.867s][info ][safepoint      ] Entering safepoint region: Cleanup
[3430.867s][info ][safepoint      ] Leaving safepoint region
[3430.867s][info ][safepoint      ] Total time for which application threads were stopped: 0.0001323 seconds, Stopping threads took: 0.0000752 seconds
[3432.068s][info ][safepoint      ] Application time: 1.2009337 seconds
[3432.068s][info ][safepoint      ] Entering safepoint region: ParallelGCFailedAllocation
[3432.068s][info ][gc,start       ] GC(377) Pause Young (Allocation Failure)
[3432.072s][debug][gc,phases      ] GC(377) Scavenge 3.643ms
[3432.072s][debug][gc,ref         ] GC(377) Skipped phase1 of Reference Processing due to unavailable references
[3432.072s][debug][gc,ref         ] GC(377) Skipped phase3 of Reference Processing due to unavailable references
[3432.072s][debug][gc,ref         ] GC(377) Skipped phase4 of Reference Processing due to unavailable references
[3432.072s][debug][gc,phases      ] GC(377) Reference Processing 0.030ms
[3432.072s][debug][gc,phases      ] GC(377) Weak Processing 0.129ms
[3432.072s][debug][gc,phases      ] GC(377) Scrub String Table 0.448ms
[3432.072s][debug][gc,age         ] GC(377) Desired survivor size 44040192 bytes, new threshold 15 (max threshold 15)
[3432.072s][info ][gc,heap        ] GC(377) PSYoungGen: 2009200K->3200K(2054144K)
[3432.072s][info ][gc,heap        ] GC(377) ParOldGen: 420917K->422974K(578048K)
[3432.072s][info ][gc,metaspace   ] GC(377) Metaspace: 76520K->76520K(1120256K)
[3432.072s][info ][gc             ] GC(377) Pause Young (Allocation Failure) 2373M->416M(2570M) 4.371ms
[3432.072s][info ][gc,cpu         ] GC(377) User=0.02s Sys=0.00s Real=0.01s
[3432.072s][info ][safepoint      ] Leaving safepoint region
[3432.072s][info ][safepoint      ] Total time for which application threads were stopped: 0.0045580 seconds, Stopping threads took: 0.0000385 seconds
[3445.311s][info ][safepoint      ] Application time: 13.2391465 seconds
[3445.311s][info ][safepoint      ] Entering safepoint region: ParallelGCFailedAllocation
[3445.312s][info ][gc,start       ] GC(378) Pause Young (Allocation Failure)
[3445.315s][debug][gc,phases      ] GC(378) Scavenge 3.061ms
[3445.315s][debug][gc,ref         ] GC(378) Skipped phase1 of Reference Processing due to unavailable references
[3445.315s][debug][gc,ref         ] GC(378) Skipped phase3 of Reference Processing due to unavailable references
[3445.315s][debug][gc,ref         ] GC(378) Skipped phase4 of Reference Processing due to unavailable references
[3445.315s][debug][gc,phases      ] GC(378) Reference Processing 0.028ms
[3445.315s][debug][gc,phases      ] GC(378) Weak Processing 0.136ms
[3445.315s][debug][gc,phases      ] GC(378) Scrub String Table 0.423ms
[3445.315s][debug][gc,age         ] GC(378) Desired survivor size 42991616 bytes, new threshold 15 (max threshold 15)
[3445.315s][info ][gc,heap        ] GC(378) PSYoungGen: 2012800K->2304K(2052608K)
[3445.315s][info ][gc,heap        ] GC(378) ParOldGen: 422974K->423854K(578048K)
[3445.315s][info ][gc,metaspace   ] GC(378) Metaspace: 76520K->76520K(1120256K)
[3445.315s][info ][gc             ] GC(378) Pause Young (Allocation Failure) 2378M->416M(2569M) 3.768ms
[3445.315s][info ][gc,cpu         ] GC(378) User=0.01s Sys=0.00s Real=0.01s
[3445.315s][info ][safepoint      ] Leaving safepoint region
[3445.315s][info ][safepoint      ] Total time for which application threads were stopped: 0.0039161 seconds, Stopping threads took: 0.0000106 seconds
[3447.316s][info ][safepoint      ] Application time: 2.0001454 seconds
[3447.316s][info ][safepoint      ] Entering safepoint region: Cleanup
[3447.316s][info ][safepoint      ] Leaving safepoint region
[3447.316s][info ][safepoint      ] Total time for which application threads were stopped: 0.0000907 seconds, Stopping threads took: 0.0000387 seconds
[3448.316s][info ][safepoint      ] Application time: 1.0000801 seconds
[3448.316s][info ][safepoint      ] Entering safepoint region: Cleanup
[3448.316s][info ][safepoint      ] Leaving safepoint region
[3448.316s][info ][safepoint      ] Total time for which application threads were stopped: 0.0001041 seconds, Stopping threads took: 0.0000350 seconds
[3454.316s][info ][safepoint      ] Application time: 6.0004196 seconds
[3454.316s][info ][safepoint      ] Entering safepoint region: Cleanup
[3454.317s][info ][safepoint      ] Leaving safepoint region
[3454.317s][info ][safepoint      ] Total time for which application threads were stopped: 0.0001236 seconds, Stopping threads took: 0.0000371 seconds
[3455.317s][info ][safepoint      ] Application time: 1.0000733 seconds
[3455.317s][info ][safepoint      ] Entering safepoint region: Cleanup
[3455.317s][info ][safepoint      ] Leaving safepoint region
[3455.317s][info ][safepoint      ] Total time for which application threads were stopped: 0.0001341 seconds, Stopping threads took: 0.0000342 seconds
[3458.561s][info ][safepoint      ] Application time: 3.2438432 seconds
[3458.561s][info ][safepoint      ] Entering safepoint region: ParallelGCFailedAllocation
[3458.561s][info ][gc,start       ] GC(379) Pause Young (Allocation Failure)
[3458.564s][debug][gc,phases      ] GC(379) Scavenge 3.045ms
[3458.564s][debug][gc,ref         ] GC(379) Skipped phase1 of Reference Processing due to unavailable references
[3458.564s][debug][gc,ref         ] GC(379) Skipped phase3 of Reference Processing due to unavailable references
[3458.564s][debug][gc,phases      ] GC(379) Reference Processing 0.026ms
[3458.564s][debug][gc,phases      ] GC(379) Weak Processing 0.141ms
[3458.565s][debug][gc,phases      ] GC(379) Scrub String Table 0.458ms
[3458.565s][debug][gc,age         ] GC(379) Desired survivor size 41418752 bytes, new threshold 15 (max threshold 15)
[3458.565s][info ][gc,heap        ] GC(379) PSYoungGen: 2011904K->2304K(2056704K)
[3458.565s][info ][gc,heap        ] GC(379) ParOldGen: 423854K->423894K(578048K)
[3458.565s][info ][gc,metaspace   ] GC(379) Metaspace: 76530K->76530K(1120256K)
[3458.565s][info ][gc             ] GC(379) Pause Young (Allocation Failure) 2378M->416M(2573M) 3.794ms
[3458.565s][info ][gc,cpu         ] GC(379) User=0.01s Sys=0.00s Real=0.00s
[3458.565s][info ][safepoint      ] Leaving safepoint region
[3458.565s][info ][safepoint      ] Total time for which application threads were stopped: 0.0039448 seconds, Stopping threads took: 0.0000110 seconds
[3461.565s][info ][safepoint      ] Application time: 3.0002269 seconds
[3461.565s][info ][safepoint      ] Entering safepoint region: Cleanup
[3461.565s][info ][safepoint      ] Leaving safepoint region
[3461.565s][info ][safepoint      ] Total time for which application threads were stopped: 0.0001049 seconds, Stopping threads took: 0.0000367 seconds
[3462.565s][info ][safepoint      ] Application time: 1.0000801 seconds
[3462.565s][info ][safepoint      ] Entering safepoint region: Cleanup
[3462.565s][info ][safepoint      ] Leaving safepoint region
[3462.565s][info ][safepoint      ] Total time for which application threads were stopped: 0.0000913 seconds, Stopping threads took: 0.0000324 seconds
[3463.565s][info ][safepoint      ] Application time: 1.0000779 seconds
[3463.565s][info ][safepoint      ] Entering safepoint region: Cleanup
[3463.565s][info ][safepoint      ] Leaving safepoint region
[3463.565s][info ][safepoint      ] Total time for which application threads were stopped: 0.0001117 seconds, Stopping threads took: 0.0000384 seconds
[3464.566s][info ][safepoint      ] Application time: 1.0000779 seconds
[3464.566s][info ][safepoint      ] Entering safepoint region: Cleanup
[3464.566s][info ][safepoint      ] Leaving safepoint region
[3464.566s][info ][safepoint      ] Total time for which application threads were stopped: 0.0001073 seconds, Stopping threads took: 0.0000549 seconds
[3471.672s][info ][safepoint      ] Application time: 7.1060557 seconds
[3471.672s][info ][safepoint      ] Entering safepoint region: ParallelGCFailedAllocation
[3471.672s][info ][gc,start       ] GC(380) Pause Young (Allocation Failure)
[3471.675s][debug][gc,phases      ] GC(380) Scavenge 2.851ms
[3471.675s][debug][gc,ref         ] GC(380) Skipped phase1 of Reference Processing due to unavailable references
[3471.675s][debug][gc,ref         ] GC(380) Skipped phase3 of Reference Processing due to unavailable references
[3471.675s][debug][gc,ref         ] GC(380) Skipped phase4 of Reference Processing due to unavailable references
[3471.675s][debug][gc,phases      ] GC(380) Reference Processing 0.031ms
[3471.675s][debug][gc,phases      ] GC(380) Weak Processing 0.133ms
[3471.675s][debug][gc,phases      ] GC(380) Scrub String Table 0.450ms
[3471.675s][debug][gc,age         ] GC(380) Desired survivor size 39845888 bytes, new threshold 15 (max threshold 15)
[3471.675s][info ][gc,heap        ] GC(380) PSYoungGen: 2017024K->2880K(2055168K)
[3471.675s][info ][gc,heap        ] GC(380) ParOldGen: 423894K->423934K(578048K)
[3471.675s][info ][gc,metaspace   ] GC(380) Metaspace: 76537K->76537K(1120256K)
[3471.675s][info ][gc             ] GC(380) Pause Young (Allocation Failure) 2383M->416M(2571M) 3.610ms
[3471.675s][info ][gc,cpu         ] GC(380) User=0.01s Sys=0.00s Real=0.01s
[3471.675s][info ][safepoint      ] Leaving safepoint region
[3471.676s][info ][safepoint      ] Total time for which application threads were stopped: 0.0037522 seconds, Stopping threads took: 0.0000119 seconds
[3479.676s][info ][safepoint      ] Application time: 8.0005143 seconds
[3479.676s][info ][safepoint      ] Entering safepoint region: Cleanup
[3479.676s][info ][safepoint      ] Leaving safepoint region
[3479.676s][info ][safepoint      ] Total time for which application threads were stopped: 0.0000829 seconds, Stopping threads took: 0.0000207 seconds
[3481.676s][info ][safepoint      ] Application time: 2.0001422 seconds
[3481.676s][info ][safepoint      ] Entering safepoint region: Cleanup
[3481.676s][info ][safepoint      ] Leaving safepoint region
[3481.676s][info ][safepoint      ] Total time for which application threads were stopped: 0.0000590 seconds, Stopping threads took: 0.0000105 seconds
[3482.676s][info ][safepoint      ] Application time: 1.0000703 seconds
[3482.677s][info ][safepoint      ] Entering safepoint region: Cleanup
[3482.677s][info ][safepoint      ] Leaving safepoint region
[3482.677s][info ][safepoint      ] Total time for which application threads were stopped: 0.0001107 seconds, Stopping threads took: 0.0000119 seconds
[3483.677s][info ][safepoint      ] Application time: 1.0000698 seconds
[3483.677s][info ][safepoint      ] Entering safepoint region: Cleanup
[3483.677s][info ][safepoint      ] Leaving safepoint region
[3483.677s][info ][safepoint      ] Total time for which application threads were stopped: 0.0000706 seconds, Stopping threads took: 0.0000109 seconds
[3484.677s][info ][safepoint      ] Application time: 1.0000761 seconds
[3484.677s][info ][safepoint      ] Entering safepoint region: Cleanup
[3484.677s][info ][safepoint      ] Leaving safepoint region
[3484.677s][info ][safepoint      ] Total time for which application threads were stopped: 0.0000762 seconds, Stopping threads took: 0.0000109 seconds
[3484.771s][info ][safepoint      ] Application time: 0.0939673 seconds
[3484.771s][info ][safepoint      ] Entering safepoint region: ParallelGCFailedAllocation
[3484.771s][info ][gc,start       ] GC(381) Pause Young (Allocation Failure)
[3484.774s][debug][gc,phases      ] GC(381) Scavenge 2.777ms
[3484.774s][debug][gc,ref         ] GC(381) Skipped phase1 of Reference Processing due to unavailable references
[3484.774s][debug][gc,ref         ] GC(381) Skipped phase3 of Reference Processing due to unavailable references
[3484.774s][debug][gc,ref         ] GC(381) Skipped phase4 of Reference Processing due to unavailable references
[3484.774s][debug][gc,phases      ] GC(381) Reference Processing 0.047ms
[3484.774s][debug][gc,phases      ] GC(381) Weak Processing 0.136ms
[3484.775s][debug][gc,phases      ] GC(381) Scrub String Table 0.416ms
[3484.775s][debug][gc,age         ] GC(381) Desired survivor size 38273024 bytes, new threshold 15 (max threshold 15)
[3484.775s][info ][gc,heap        ] GC(381) PSYoungGen: 2017600K->2848K(2059776K)
[3484.775s][info ][gc,heap        ] GC(381) ParOldGen: 423934K->423982K(578048K)
[3484.775s][info ][gc,metaspace   ] GC(381) Metaspace: 76537K->76537K(1120256K)
[3484.775s][info ][gc             ] GC(381) Pause Young (Allocation Failure) 2384M->416M(2576M) 3.495ms
[3484.775s][info ][gc,cpu         ] GC(381) User=0.01s Sys=0.00s Real=0.01s
[3484.775s][info ][safepoint      ] Leaving safepoint region
[3484.775s][info ][safepoint      ] Total time for which application threads were stopped: 0.0036643 seconds, Stopping threads took: 0.0000397 seconds
[3485.775s][info ][safepoint      ] Application time: 1.0000807 seconds
[3485.775s][info ][safepoint      ] Entering safepoint region: Cleanup
[3485.775s][info ][safepoint      ] Leaving safepoint region
[3485.775s][info ][safepoint      ] Total time for which application threads were stopped: 0.0000856 seconds, Stopping threads took: 0.0000124 seconds
[3486.775s][info ][safepoint      ] Application time: 1.0000801 seconds
[3486.775s][info ][safepoint      ] Entering safepoint region: Cleanup
[3486.775s][info ][safepoint      ] Leaving safepoint region
[3486.775s][info ][safepoint      ] Total time for which application threads were stopped: 0.0000790 seconds, Stopping threads took: 0.0000170 seconds
[3487.775s][info ][safepoint      ] Application time: 1.0000733 seconds
[3487.775s][info ][safepoint      ] Entering safepoint region: Cleanup
[3487.775s][info ][safepoint      ] Leaving safepoint region
[3487.775s][info ][safepoint      ] Total time for which application threads were stopped: 0.0000606 seconds, Stopping threads took: 0.0000116 seconds
[3488.775s][info ][safepoint      ] Application time: 1.0000669 seconds
[3488.775s][info ][safepoint      ] Entering safepoint region: Cleanup
[3488.775s][info ][safepoint      ] Leaving safepoint region
[3488.775s][info ][safepoint      ] Total time for which application threads were stopped: 0.0000685 seconds, Stopping threads took: 0.0000163 seconds
[3489.776s][info ][safepoint      ] Application time: 1.0000534 seconds
[3489.776s][info ][safepoint      ] Entering safepoint region: Cleanup
[3489.776s][info ][safepoint      ] Leaving safepoint region
[3489.776s][info ][safepoint      ] Total time for which application threads were stopped: 0.0000979 seconds, Stopping threads took: 0.0000110 seconds
[3490.776s][info ][safepoint      ] Application time: 1.0000763 seconds
[3490.776s][info ][safepoint      ] Entering safepoint region: Cleanup
[3490.776s][info ][safepoint      ] Leaving safepoint region
[3490.776s][info ][safepoint      ] Total time for which application threads were stopped: 0.0001568 seconds, Stopping threads took: 0.0000112 seconds
[3491.776s][info ][safepoint      ] Application time: 1.0000692 seconds
[3491.776s][info ][safepoint      ] Entering safepoint region: Cleanup
[3491.776s][info ][safepoint      ] Leaving safepoint region
[3491.776s][info ][safepoint      ] Total time for which application threads were stopped: 0.0000789 seconds, Stopping threads took: 0.0000202 seconds
[3493.776s][info ][safepoint      ] Application time: 2.0001075 seconds
[3493.776s][info ][safepoint      ] Entering safepoint region: Cleanup
[3493.776s][info ][safepoint      ] Leaving safepoint region
[3493.776s][info ][safepoint      ] Total time for which application threads were stopped: 0.0000750 seconds, Stopping threads took: 0.0000114 seconds
[3494.776s][info ][safepoint      ] Application time: 1.0000290 seconds
[3494.776s][info ][safepoint      ] Entering safepoint region: Cleanup
[3494.776s][info ][safepoint      ] Leaving safepoint region
[3494.777s][info ][safepoint      ] Total time for which application threads were stopped: 0.0001024 seconds, Stopping threads took: 0.0000378 seconds
[3495.777s][info ][safepoint      ] Application time: 1.0000675 seconds
[3495.777s][info ][safepoint      ] Entering safepoint region: Cleanup
[3495.777s][info ][safepoint      ] Leaving safepoint region
[3495.777s][info ][safepoint      ] Total time for which application threads were stopped: 0.0000758 seconds, Stopping threads took: 0.0000115 seconds
[3496.777s][info ][safepoint      ] Application time: 1.0000685 seconds
[3496.777s][info ][safepoint      ] Entering safepoint region: Cleanup
[3496.777s][info ][safepoint      ] Leaving safepoint region
[3496.777s][info ][safepoint      ] Total time for which application threads were stopped: 0.0000630 seconds, Stopping threads took: 0.0000112 seconds
[3497.777s][info ][safepoint      ] Application time: 1.0000663 seconds
[3497.777s][info ][safepoint      ] Entering safepoint region: Cleanup
[3497.777s][info ][safepoint      ] Leaving safepoint region
[3497.777s][info ][safepoint      ] Total time for which application threads were stopped: 0.0000625 seconds, Stopping threads took: 0.0000112 seconds
[3497.869s][info ][safepoint      ] Application time: 0.0924196 seconds
[3497.870s][info ][safepoint      ] Entering safepoint region: ParallelGCFailedAllocation
[3497.870s][info ][gc,start       ] GC(382) Pause Young (Allocation Failure)
[3497.873s][debug][gc,phases      ] GC(382) Scavenge 3.011ms
[3497.873s][debug][gc,ref         ] GC(382) Skipped phase1 of Reference Processing due to unavailable references
[3497.873s][debug][gc,ref         ] GC(382) Skipped phase3 of Reference Processing due to unavailable references
[3497.873s][debug][gc,phases      ] GC(382) Reference Processing 0.035ms
[3497.873s][debug][gc,phases      ] GC(382) Weak Processing 0.182ms
[3497.874s][debug][gc,phases      ] GC(382) Scrub String Table 0.578ms
[3497.874s][debug][gc,age         ] GC(382) Desired survivor size 36700160 bytes, new threshold 15 (max threshold 15)
[3497.874s][info ][gc,heap        ] GC(382) PSYoungGen: 2023712K->2400K(2058240K)
[3497.874s][info ][gc,heap        ] GC(382) ParOldGen: 423982K->424418K(578048K)
[3497.874s][info ][gc,metaspace   ] GC(382) Metaspace: 76557K->76557K(1120256K)
[3497.874s][info ][gc             ] GC(382) Pause Young (Allocation Failure) 2390M->416M(2574M) 3.968ms
[3497.874s][info ][gc,cpu         ] GC(382) User=0.02s Sys=0.00s Real=0.01s
[3497.874s][info ][safepoint      ] Leaving safepoint region
[3497.874s][info ][safepoint      ] Total time for which application threads were stopped: 0.0041489 seconds, Stopping threads took: 0.0000148 seconds
[3499.874s][info ][safepoint      ] Application time: 2.0001415 seconds
[3499.874s][info ][safepoint      ] Entering safepoint region: Cleanup
[3499.874s][info ][safepoint      ] Leaving safepoint region
[3499.874s][info ][safepoint      ] Total time for which application threads were stopped: 0.0000686 seconds, Stopping threads took: 0.0000107 seconds
[3501.874s][info ][safepoint      ] Application time: 2.0001340 seconds
[3501.874s][info ][safepoint      ] Entering safepoint region: Cleanup
[3501.874s][info ][safepoint      ] Leaving safepoint region
[3501.874s][info ][safepoint      ] Total time for which application threads were stopped: 0.0001113 seconds, Stopping threads took: 0.0000170 seconds
[3502.874s][info ][safepoint      ] Application time: 1.0000671 seconds
[3502.874s][info ][safepoint      ] Entering safepoint region: Cleanup
[3502.874s][info ][safepoint      ] Leaving safepoint region
[3502.874s][info ][safepoint      ] Total time for which application threads were stopped: 0.0000856 seconds, Stopping threads took: 0.0000129 seconds
[3503.874s][info ][safepoint      ] Application time: 1.0000677 seconds
[3503.874s][info ][safepoint      ] Entering safepoint region: Cleanup
[3503.875s][info ][safepoint      ] Leaving safepoint region
[3503.875s][info ][safepoint      ] Total time for which application threads were stopped: 0.0000660 seconds, Stopping threads took: 0.0000113 seconds
[3504.875s][info ][safepoint      ] Application time: 1.0000753 seconds
[3504.875s][info ][safepoint      ] Entering safepoint region: Cleanup
[3504.875s][info ][safepoint      ] Leaving safepoint region
[3504.875s][info ][safepoint      ] Total time for which application threads were stopped: 0.0000893 seconds, Stopping threads took: 0.0000342 seconds
[3507.875s][info ][safepoint      ] Application time: 3.0001990 seconds
[3507.875s][info ][safepoint      ] Entering safepoint region: Cleanup
[3507.875s][info ][safepoint      ] Leaving safepoint region
[3507.875s][info ][safepoint      ] Total time for which application threads were stopped: 0.0000800 seconds, Stopping threads took: 0.0000160 seconds
[3508.875s][info ][safepoint      ] Application time: 1.0000678 seconds
[3508.875s][info ][safepoint      ] Entering safepoint region: Cleanup
[3508.875s][info ][safepoint      ] Leaving safepoint region
[3508.875s][info ][safepoint      ] Total time for which application threads were stopped: 0.0000982 seconds, Stopping threads took: 0.0000172 seconds
[3510.875s][info ][safepoint      ] Application time: 2.0001483 seconds
[3510.876s][info ][safepoint      ] Entering safepoint region: Cleanup
[3510.876s][info ][safepoint      ] Leaving safepoint region
[3510.876s][info ][safepoint      ] Total time for which application threads were stopped: 0.0001935 seconds, Stopping threads took: 0.0001063 seconds
[3510.903s][info ][safepoint      ] Application time: 0.0269289 seconds
[3510.903s][info ][safepoint      ] Entering safepoint region: ParallelGCFailedAllocation
[3510.903s][info ][gc,start       ] GC(383) Pause Young (Allocation Failure)
[3510.906s][debug][gc,phases      ] GC(383) Scavenge 3.353ms
[3510.906s][debug][gc,ref         ] GC(383) Skipped phase1 of Reference Processing due to unavailable references
[3510.906s][debug][gc,ref         ] GC(383) Skipped phase3 of Reference Processing due to unavailable references
[3510.906s][debug][gc,ref         ] GC(383) Skipped phase4 of Reference Processing due to unavailable references
[3510.906s][debug][gc,phases      ] GC(383) Reference Processing 0.029ms
[3510.906s][debug][gc,phases      ] GC(383) Weak Processing 0.140ms
[3510.907s][debug][gc,phases      ] GC(383) Scrub String Table 0.445ms
[3510.907s][debug][gc,age         ] GC(383) Desired survivor size 35127296 bytes, new threshold 15 (max threshold 15)
[3510.907s][info ][gc,heap        ] GC(383) PSYoungGen: 2023264K->2480K(2062848K)
[3510.907s][info ][gc,heap        ] GC(383) ParOldGen: 424418K->424466K(578048K)
[3510.907s][info ][gc,metaspace   ] GC(383) Metaspace: 76567K->76567K(1120256K)
[3510.907s][info ][gc             ] GC(383) Pause Young (Allocation Failure) 2390M->416M(2579M) 4.083ms
[3510.907s][info ][gc,cpu         ] GC(383) User=0.01s Sys=0.00s Real=0.00s
[3510.907s][info ][safepoint      ] Leaving safepoint region
[3510.907s][info ][safepoint      ] Total time for which application threads were stopped: 0.0043268 seconds, Stopping threads took: 0.0000103 seconds
[3511.907s][info ][safepoint      ] Application time: 1.0000900 seconds
[3511.907s][info ][safepoint      ] Entering safepoint region: Cleanup
[3511.907s][info ][safepoint      ] Leaving safepoint region
[3511.907s][info ][safepoint      ] Total time for which application threads were stopped: 0.0001300 seconds, Stopping threads took: 0.0000392 seconds
[3512.907s][info ][safepoint      ] Application time: 1.0000732 seconds
[3512.907s][info ][safepoint      ] Entering safepoint region: Cleanup
[3512.908s][info ][safepoint      ] Leaving safepoint region
[3512.908s][info ][safepoint      ] Total time for which application threads were stopped: 0.0001586 seconds, Stopping threads took: 0.0000528 seconds
[3515.908s][info ][safepoint      ] Application time: 3.0001946 seconds
[3515.908s][info ][safepoint      ] Entering safepoint region: Cleanup
[3515.908s][info ][safepoint      ] Leaving safepoint region
[3515.908s][info ][safepoint      ] Total time for which application threads were stopped: 0.0001116 seconds, Stopping threads took: 0.0000460 seconds
[3516.908s][info ][safepoint      ] Application time: 1.0000832 seconds
[3516.908s][info ][safepoint      ] Entering safepoint region: Cleanup
[3516.908s][info ][safepoint      ] Leaving safepoint region
[3516.908s][info ][safepoint      ] Total time for which application threads were stopped: 0.0001174 seconds, Stopping threads took: 0.0000370 seconds
[3518.908s][info ][safepoint      ] Application time: 2.0001411 seconds
[3518.908s][info ][safepoint      ] Entering safepoint region: Cleanup
[3518.908s][info ][safepoint      ] Leaving safepoint region
[3518.908s][info ][safepoint      ] Total time for which application threads were stopped: 0.0001045 seconds, Stopping threads took: 0.0000339 seconds
[3519.909s][info ][safepoint      ] Application time: 1.0000599 seconds
[3519.909s][info ][safepoint      ] Entering safepoint region: Cleanup
[3519.909s][info ][safepoint      ] Leaving safepoint region
[3519.909s][info ][safepoint      ] Total time for which application threads were stopped: 0.0001196 seconds, Stopping threads took: 0.0000475 seconds
[3520.909s][info ][safepoint      ] Application time: 1.0000779 seconds
[3520.909s][info ][safepoint      ] Entering safepoint region: Cleanup
[3520.909s][info ][safepoint      ] Leaving safepoint region
[3520.909s][info ][safepoint      ] Total time for which application threads were stopped: 0.0000914 seconds, Stopping threads took: 0.0000322 seconds
[3521.909s][info ][safepoint      ] Application time: 1.0000742 seconds
[3521.909s][info ][safepoint      ] Entering safepoint region: Cleanup
[3521.909s][info ][safepoint      ] Leaving safepoint region
[3521.909s][info ][safepoint      ] Total time for which application threads were stopped: 0.0000947 seconds, Stopping threads took: 0.0000333 seconds
[3523.909s][info ][safepoint      ] Application time: 2.0001455 seconds
[3523.909s][info ][safepoint      ] Entering safepoint region: Cleanup
[3523.909s][info ][safepoint      ] Leaving safepoint region
[3523.909s][info ][safepoint      ] Total time for which application threads were stopped: 0.0001594 seconds, Stopping threads took: 0.0000552 seconds
[3524.057s][info ][safepoint      ] Application time: 0.1474968 seconds
[3524.057s][info ][safepoint      ] Entering safepoint region: ParallelGCFailedAllocation
[3524.057s][info ][gc,start       ] GC(384) Pause Young (Allocation Failure)
[3524.060s][debug][gc,phases      ] GC(384) Scavenge 3.099ms
[3524.060s][debug][gc,ref         ] GC(384) Skipped phase1 of Reference Processing due to unavailable references
[3524.060s][debug][gc,ref         ] GC(384) Skipped phase3 of Reference Processing due to unavailable references
[3524.060s][debug][gc,ref         ] GC(384) Skipped phase4 of Reference Processing due to unavailable references
[3524.060s][debug][gc,phases      ] GC(384) Reference Processing 0.029ms
[3524.060s][debug][gc,phases      ] GC(384) Weak Processing 0.135ms
[3524.061s][debug][gc,phases      ] GC(384) Scrub String Table 0.435ms
[3524.061s][debug][gc,age         ] GC(384) Desired survivor size 33030144 bytes, new threshold 15 (max threshold 15)
[3524.061s][info ][gc,heap        ] GC(384) PSYoungGen: 2029488K->2576K(2061312K)
[3524.061s][info ][gc,heap        ] GC(384) ParOldGen: 424466K->424538K(578048K)
[3524.061s][info ][gc,metaspace   ] GC(384) Metaspace: 76572K->76572K(1120256K)
[3524.061s][info ][gc             ] GC(384) Pause Young (Allocation Failure) 2396M->417M(2577M) 3.822ms
[3524.061s][info ][gc,cpu         ] GC(384) User=0.01s Sys=0.00s Real=0.01s
[3524.061s][info ][safepoint      ] Leaving safepoint region
[3524.061s][info ][safepoint      ] Total time for which application threads were stopped: 0.0039933 seconds, Stopping threads took: 0.0000121 seconds
[3526.061s][info ][safepoint      ] Application time: 2.0001554 seconds
[3526.061s][info ][safepoint      ] Entering safepoint region: Cleanup
[3526.061s][info ][safepoint      ] Leaving safepoint region
[3526.061s][info ][safepoint      ] Total time for which application threads were stopped: 0.0001112 seconds, Stopping threads took: 0.0000331 seconds
[3527.061s][info ][safepoint      ] Application time: 1.0000836 seconds
[3527.061s][info ][safepoint      ] Entering safepoint region: Cleanup
[3527.062s][info ][safepoint      ] Leaving safepoint region
[3527.062s][info ][safepoint      ] Total time for which application threads were stopped: 0.0001065 seconds, Stopping threads took: 0.0000357 seconds
[3530.062s][info ][safepoint      ] Application time: 3.0002131 seconds
[3530.062s][info ][safepoint      ] Entering safepoint region: Cleanup
[3530.062s][info ][safepoint      ] Leaving safepoint region
[3530.062s][info ][safepoint      ] Total time for which application threads were stopped: 0.0001016 seconds, Stopping threads took: 0.0000336 seconds
[3531.062s][info ][safepoint      ] Application time: 1.0000712 seconds
[3531.062s][info ][safepoint      ] Entering safepoint region: Cleanup
[3531.062s][info ][safepoint      ] Leaving safepoint region
[3531.062s][info ][safepoint      ] Total time for which application threads were stopped: 0.0000971 seconds, Stopping threads took: 0.0000366 seconds
[3533.062s][info ][safepoint      ] Application time: 2.0001469 seconds
[3533.062s][info ][safepoint      ] Entering safepoint region: Cleanup
[3533.062s][info ][safepoint      ] Leaving safepoint region
[3533.062s][info ][safepoint      ] Total time for which application threads were stopped: 0.0001566 seconds, Stopping threads took: 0.0000635 seconds
[3534.063s][info ][safepoint      ] Application time: 1.0000744 seconds
[3534.063s][info ][safepoint      ] Entering safepoint region: Cleanup
[3534.063s][info ][safepoint      ] Leaving safepoint region
[3534.063s][info ][safepoint      ] Total time for which application threads were stopped: 0.0002655 seconds, Stopping threads took: 0.0000317 seconds
[3535.063s][info ][safepoint      ] Application time: 1.0000778 seconds
[3535.063s][info ][safepoint      ] Entering safepoint region: Cleanup
[3535.063s][info ][safepoint      ] Leaving safepoint region
[3535.063s][info ][safepoint      ] Total time for which application threads were stopped: 0.0001731 seconds, Stopping threads took: 0.0000643 seconds
[3536.063s][info ][safepoint      ] Application time: 1.0000747 seconds
[3536.063s][info ][safepoint      ] Entering safepoint region: Cleanup
[3536.063s][info ][safepoint      ] Leaving safepoint region
[3536.063s][info ][safepoint      ] Total time for which application threads were stopped: 0.0001639 seconds, Stopping threads took: 0.0000672 seconds
[3537.064s][info ][safepoint      ] Application time: 1.0000848 seconds
[3537.064s][info ][safepoint      ] Entering safepoint region: Cleanup
[3537.064s][info ][safepoint      ] Leaving safepoint region
[3537.064s][info ][safepoint      ] Total time for which application threads were stopped: 0.0001725 seconds, Stopping threads took: 0.0000826 seconds
[3537.163s][info ][safepoint      ] Application time: 0.0991902 seconds
[3537.163s][info ][safepoint      ] Entering safepoint region: ParallelGCFailedAllocation
[3537.163s][info ][gc,start       ] GC(385) Pause Young (Allocation Failure)
[3537.166s][debug][gc,phases      ] GC(385) Scavenge 2.465ms
[3537.166s][debug][gc,ref         ] GC(385) Skipped phase1 of Reference Processing due to unavailable references
[3537.166s][debug][gc,ref         ] GC(385) Skipped phase3 of Reference Processing due to unavailable references
[3537.166s][debug][gc,ref         ] GC(385) Skipped phase4 of Reference Processing due to unavailable references
[3537.166s][debug][gc,phases      ] GC(385) Reference Processing 0.028ms
[3537.166s][debug][gc,phases      ] GC(385) Weak Processing 0.136ms
[3537.166s][debug][gc,phases      ] GC(385) Scrub String Table 0.418ms
[3537.166s][debug][gc,age         ] GC(385) Desired survivor size 31457280 bytes, new threshold 15 (max threshold 15)
[3537.166s][info ][gc,heap        ] GC(385) PSYoungGen: 2029584K->2416K(2066432K)
[3537.166s][info ][gc,heap        ] GC(385) ParOldGen: 424538K->424570K(578048K)
[3537.166s][info ][gc,metaspace   ] GC(385) Metaspace: 76574K->76574K(1120256K)
[3537.166s][info ][gc             ] GC(385) Pause Young (Allocation Failure) 2396M->416M(2582M) 3.196ms
[3537.166s][info ][gc,cpu         ] GC(385) User=0.01s Sys=0.00s Real=0.00s
[3537.166s][info ][safepoint      ] Leaving safepoint region
[3537.166s][info ][safepoint      ] Total time for which application threads were stopped: 0.0033513 seconds, Stopping threads took: 0.0000104 seconds
[3538.166s][info ][safepoint      ] Application time: 1.0000804 seconds
[3538.167s][info ][safepoint      ] Entering safepoint region: Cleanup
[3538.167s][info ][safepoint      ] Leaving safepoint region
[3538.167s][info ][safepoint      ] Total time for which application threads were stopped: 0.0000886 seconds, Stopping threads took: 0.0000310 seconds
[3540.167s][info ][safepoint      ] Application time: 2.0001443 seconds
[3540.167s][info ][safepoint      ] Entering safepoint region: Cleanup
[3540.167s][info ][safepoint      ] Leaving safepoint region
[3540.167s][info ][safepoint      ] Total time for which application threads were stopped: 0.0001118 seconds, Stopping threads took: 0.0000514 seconds
[3541.167s][info ][safepoint      ] Application time: 1.0000877 seconds
[3541.167s][info ][safepoint      ] Entering safepoint region: Cleanup
[3541.167s][info ][safepoint      ] Leaving safepoint region
[3541.167s][info ][safepoint      ] Total time for which application threads were stopped: 0.0001061 seconds, Stopping threads took: 0.0000366 seconds
[3542.167s][info ][safepoint      ] Application time: 1.0000827 seconds
[3542.167s][info ][safepoint      ] Entering safepoint region: Cleanup
[3542.167s][info ][safepoint      ] Leaving safepoint region
[3542.167s][info ][safepoint      ] Total time for which application threads were stopped: 0.0001054 seconds, Stopping threads took: 0.0000509 seconds
[3543.167s][info ][safepoint      ] Application time: 1.0000802 seconds
[3543.168s][info ][safepoint      ] Entering safepoint region: Cleanup
[3543.168s][info ][safepoint      ] Leaving safepoint region
[3543.168s][info ][safepoint      ] Total time for which application threads were stopped: 0.0001034 seconds, Stopping threads took: 0.0000352 seconds
[3544.168s][info ][safepoint      ] Application time: 1.0000737 seconds
[3544.168s][info ][safepoint      ] Entering safepoint region: Cleanup
[3544.168s][info ][safepoint      ] Leaving safepoint region
[3544.168s][info ][safepoint      ] Total time for which application threads were stopped: 0.0001205 seconds, Stopping threads took: 0.0000366 seconds
[3545.168s][info ][safepoint      ] Application time: 1.0000422 seconds
[3545.168s][info ][safepoint      ] Entering safepoint region: Cleanup
[3545.168s][info ][safepoint      ] Leaving safepoint region
[3545.168s][info ][safepoint      ] Total time for which application threads were stopped: 0.0001027 seconds, Stopping threads took: 0.0000482 seconds
[3546.168s][info ][safepoint      ] Application time: 1.0000726 seconds
[3546.168s][info ][safepoint      ] Entering safepoint region: Cleanup
[3546.168s][info ][safepoint      ] Leaving safepoint region
[3546.168s][info ][safepoint      ] Total time for which application threads were stopped: 0.0001178 seconds, Stopping threads took: 0.0000406 seconds
[3547.168s][info ][safepoint      ] Application time: 1.0000764 seconds
[3547.168s][info ][safepoint      ] Entering safepoint region: Cleanup
[3547.168s][info ][safepoint      ] Leaving safepoint region
[3547.168s][info ][safepoint      ] Total time for which application threads were stopped: 0.0001131 seconds, Stopping threads took: 0.0000508 seconds
[3549.169s][info ][safepoint      ] Application time: 2.0001421 seconds
[3549.169s][info ][safepoint      ] Entering safepoint region: Cleanup
[3549.169s][info ][safepoint      ] Leaving safepoint region
[3549.169s][info ][safepoint      ] Total time for which application threads were stopped: 0.0000983 seconds, Stopping threads took: 0.0000392 seconds
[3550.026s][info ][safepoint      ] Application time: 0.8568687 seconds
[3550.026s][info ][safepoint      ] Entering safepoint region: ParallelGCFailedAllocation
[3550.026s][info ][gc,start       ] GC(386) Pause Young (Allocation Failure)
[3550.028s][debug][gc,phases      ] GC(386) Scavenge 2.495ms
[3550.028s][debug][gc,ref         ] GC(386) Skipped phase1 of Reference Processing due to unavailable references
[3550.028s][debug][gc,ref         ] GC(386) Skipped phase3 of Reference Processing due to unavailable references
[3550.028s][debug][gc,ref         ] GC(386) Skipped phase4 of Reference Processing due to unavailable references
[3550.028s][debug][gc,phases      ] GC(386) Reference Processing 0.030ms
[3550.029s][debug][gc,phases      ] GC(386) Weak Processing 0.128ms
[3550.029s][debug][gc,phases      ] GC(386) Scrub String Table 0.453ms
[3550.029s][debug][gc,age         ] GC(386) Desired survivor size 29884416 bytes, new threshold 15 (max threshold 15)
[3550.029s][info ][gc,heap        ] GC(386) PSYoungGen: 2036592K->2528K(2064896K)
[3550.029s][info ][gc,heap        ] GC(386) ParOldGen: 424570K->424634K(578048K)
[3550.029s][info ][gc,metaspace   ] GC(386) Metaspace: 76576K->76576K(1120256K)
[3550.029s][info ][gc             ] GC(386) Pause Young (Allocation Failure) 2403M->417M(2581M) 3.231ms
[3550.029s][info ][gc,cpu         ] GC(386) User=0.01s Sys=0.00s Real=0.00s
[3550.029s][info ][safepoint      ] Leaving safepoint region
[3550.029s][info ][safepoint      ] Total time for which application threads were stopped: 0.0034565 seconds, Stopping threads took: 0.0000841 seconds
[3552.029s][info ][safepoint      ] Application time: 2.0001572 seconds
[3552.029s][info ][safepoint      ] Entering safepoint region: Cleanup
[3552.029s][info ][safepoint      ] Leaving safepoint region
[3552.029s][info ][safepoint      ] Total time for which application threads were stopped: 0.0000741 seconds, Stopping threads took: 0.0000124 seconds
[3553.029s][info ][safepoint      ] Application time: 1.0000686 seconds
[3553.030s][info ][safepoint      ] Entering safepoint region: Cleanup
[3553.030s][info ][safepoint      ] Leaving safepoint region
[3553.030s][info ][safepoint      ] Total time for which application threads were stopped: 0.0000864 seconds, Stopping threads took: 0.0000117 seconds
[3554.030s][info ][safepoint      ] Application time: 1.0000506 seconds
[3554.030s][info ][safepoint      ] Entering safepoint region: Cleanup
[3554.030s][info ][safepoint      ] Leaving safepoint region
[3554.030s][info ][safepoint      ] Total time for which application threads were stopped: 0.0000990 seconds, Stopping threads took: 0.0000282 seconds
[3555.030s][info ][safepoint      ] Application time: 1.0000861 seconds
[3555.030s][info ][safepoint      ] Entering safepoint region: Cleanup
[3555.030s][info ][safepoint      ] Leaving safepoint region
[3555.030s][info ][safepoint      ] Total time for which application threads were stopped: 0.0000888 seconds, Stopping threads took: 0.0000190 seconds
[3556.030s][info ][safepoint      ] Application time: 1.0000740 seconds
[3556.030s][info ][safepoint      ] Entering safepoint region: Cleanup
[3556.030s][info ][safepoint      ] Leaving safepoint region
[3556.030s][info ][safepoint      ] Total time for which application threads were stopped: 0.0000875 seconds, Stopping threads took: 0.0000180 seconds
[3557.030s][info ][safepoint      ] Application time: 1.0000773 seconds
[3557.030s][info ][safepoint      ] Entering safepoint region: Cleanup
[3557.030s][info ][safepoint      ] Leaving safepoint region
[3557.030s][info ][safepoint      ] Total time for which application threads were stopped: 0.0001137 seconds, Stopping threads took: 0.0000354 seconds
[3558.031s][info ][safepoint      ] Application time: 1.0000770 seconds
[3558.031s][info ][safepoint      ] Entering safepoint region: Cleanup
[3558.031s][info ][safepoint      ] Leaving safepoint region
[3558.031s][info ][safepoint      ] Total time for which application threads were stopped: 0.0000721 seconds, Stopping threads took: 0.0000143 seconds
[3560.031s][info ][safepoint      ] Application time: 2.0001484 seconds
[3560.031s][info ][safepoint      ] Entering safepoint region: Cleanup
[3560.031s][info ][safepoint      ] Leaving safepoint region
[3560.031s][info ][safepoint      ] Total time for which application threads were stopped: 0.0000917 seconds, Stopping threads took: 0.0000288 seconds
[3562.031s][info ][safepoint      ] Application time: 2.0001459 seconds
[3562.031s][info ][safepoint      ] Entering safepoint region: Cleanup
[3562.031s][info ][safepoint      ] Leaving safepoint region
[3562.031s][info ][safepoint      ] Total time for which application threads were stopped: 0.0000771 seconds, Stopping threads took: 0.0000177 seconds
[3563.031s][info ][safepoint      ] Application time: 1.0000402 seconds
[3563.031s][info ][safepoint      ] Entering safepoint region: Cleanup
[3563.031s][info ][safepoint      ] Leaving safepoint region
[3563.031s][info ][safepoint      ] Total time for which application threads were stopped: 0.0000761 seconds, Stopping threads took: 0.0000160 seconds
[3563.061s][info ][safepoint      ] Application time: 0.0291665 seconds
[3563.061s][info ][safepoint      ] Entering safepoint region: ParallelGCFailedAllocation
[3563.061s][info ][gc,start       ] GC(387) Pause Young (Allocation Failure)
[3563.064s][debug][gc,phases      ] GC(387) Scavenge 2.813ms
[3563.064s][debug][gc,ref         ] GC(387) Skipped phase1 of Reference Processing due to unavailable references
[3563.064s][debug][gc,ref         ] GC(387) Skipped phase3 of Reference Processing due to unavailable references
[3563.064s][debug][gc,ref         ] GC(387) Skipped phase4 of Reference Processing due to unavailable references
[3563.064s][debug][gc,phases      ] GC(387) Reference Processing 0.029ms
[3563.064s][debug][gc,phases      ] GC(387) Weak Processing 0.137ms
[3563.064s][debug][gc,phases      ] GC(387) Scrub String Table 0.456ms
[3563.064s][debug][gc,age         ] GC(387) Desired survivor size 28311552 bytes, new threshold 15 (max threshold 15)
[3563.064s][info ][gc,heap        ] GC(387) PSYoungGen: 2036704K->2928K(2069504K)
[3563.064s][info ][gc,heap        ] GC(387) ParOldGen: 424634K->424682K(578048K)
[3563.064s][info ][gc,metaspace   ] GC(387) Metaspace: 76579K->76579K(1120256K)
[3563.064s][info ][gc             ] GC(387) Pause Young (Allocation Failure) 2403M->417M(2585M) 3.552ms
[3563.064s][info ][gc,cpu         ] GC(387) User=0.01s Sys=0.00s Real=0.00s
[3563.064s][info ][safepoint      ] Leaving safepoint region
[3563.064s][info ][safepoint      ] Total time for which application threads were stopped: 0.0037018 seconds, Stopping threads took: 0.0000106 seconds
[3569.065s][info ][safepoint      ] Application time: 6.0004189 seconds
[3569.065s][info ][safepoint      ] Entering safepoint region: Cleanup
[3569.065s][info ][safepoint      ] Leaving safepoint region
[3569.065s][info ][safepoint      ] Total time for which application threads were stopped: 0.0001003 seconds, Stopping threads took: 0.0000349 seconds
[3570.065s][info ][safepoint      ] Application time: 1.0000716 seconds
[3570.065s][info ][safepoint      ] Entering safepoint region: Cleanup
[3570.065s][info ][safepoint      ] Leaving safepoint region
[3570.065s][info ][safepoint      ] Total time for which application threads were stopped: 0.0000852 seconds, Stopping threads took: 0.0000333 seconds
[3571.065s][info ][safepoint      ] Application time: 1.0000814 seconds
[3571.065s][info ][safepoint      ] Entering safepoint region: Cleanup
[3571.065s][info ][safepoint      ] Leaving safepoint region
[3571.065s][info ][safepoint      ] Total time for which application threads were stopped: 0.0001035 seconds, Stopping threads took: 0.0000350 seconds
[3573.065s][info ][safepoint      ] Application time: 2.0001607 seconds
[3573.066s][info ][safepoint      ] Entering safepoint region: Cleanup
[3573.066s][info ][safepoint      ] Leaving safepoint region
[3573.066s][info ][safepoint      ] Total time for which application threads were stopped: 0.0000948 seconds, Stopping threads took: 0.0000349 seconds
[3574.066s][info ][safepoint      ] Application time: 1.0000734 seconds
[3574.066s][info ][safepoint      ] Entering safepoint region: Cleanup
[3574.066s][info ][safepoint      ] Leaving safepoint region
[3574.066s][info ][safepoint      ] Total time for which application threads were stopped: 0.0001143 seconds, Stopping threads took: 0.0000520 seconds
[3575.967s][info ][safepoint      ] Application time: 1.9010624 seconds
[3575.967s][info ][safepoint      ] Entering safepoint region: ParallelGCFailedAllocation
[3575.967s][info ][gc,start       ] GC(388) Pause Young (Allocation Failure)
[3575.970s][debug][gc,phases      ] GC(388) Scavenge 2.812ms
[3575.970s][debug][gc,ref         ] GC(388) Skipped phase1 of Reference Processing due to unavailable references
[3575.970s][debug][gc,ref         ] GC(388) Skipped phase3 of Reference Processing due to unavailable references
[3575.970s][debug][gc,phases      ] GC(388) Reference Processing 0.026ms
[3575.970s][debug][gc,phases      ] GC(388) Weak Processing 0.134ms
[3575.971s][debug][gc,phases      ] GC(388) Scrub String Table 0.402ms
[3575.971s][debug][gc,age         ] GC(388) Desired survivor size 26738688 bytes, new threshold 15 (max threshold 15)
[3575.971s][info ][gc,heap        ] GC(388) PSYoungGen: 2043248K->2768K(2067968K)
[3575.971s][info ][gc,heap        ] GC(388) ParOldGen: 424682K->424738K(578048K)
[3575.971s][info ][gc,metaspace   ] GC(388) Metaspace: 76584K->76584K(1120256K)
[3575.971s][info ][gc             ] GC(388) Pause Young (Allocation Failure) 2410M->417M(2584M) 3.493ms
[3575.971s][info ][gc,cpu         ] GC(388) User=0.01s Sys=0.00s Real=0.00s
[3575.971s][info ][safepoint      ] Leaving safepoint region
[3575.971s][info ][safepoint      ] Total time for which application threads were stopped: 0.0037400 seconds, Stopping threads took: 0.0000658 seconds
[3576.971s][info ][safepoint      ] Application time: 1.0000886 seconds
[3576.971s][info ][safepoint      ] Entering safepoint region: Cleanup
[3576.971s][info ][safepoint      ] Leaving safepoint region
[3576.971s][info ][safepoint      ] Total time for which application threads were stopped: 0.0000873 seconds, Stopping threads took: 0.0000171 seconds
[3580.971s][info ][safepoint      ] Application time: 4.0002946 seconds
[3580.971s][info ][safepoint      ] Entering safepoint region: Cleanup
[3580.971s][info ][safepoint      ] Leaving safepoint region
[3580.971s][info ][safepoint      ] Total time for which application threads were stopped: 0.0001090 seconds, Stopping threads took: 0.0000492 seconds
[3581.971s][info ][safepoint      ] Application time: 1.0000677 seconds
[3581.972s][info ][safepoint      ] Entering safepoint region: Cleanup
[3581.972s][info ][safepoint      ] Leaving safepoint region
[3581.972s][info ][safepoint      ] Total time for which application threads were stopped: 0.0001245 seconds, Stopping threads took: 0.0000566 seconds
[3582.972s][info ][safepoint      ] Application time: 1.0000753 seconds
[3582.972s][info ][safepoint      ] Entering safepoint region: Cleanup
[3582.972s][info ][safepoint      ] Leaving safepoint region
[3582.972s][info ][safepoint      ] Total time for which application threads were stopped: 0.0000692 seconds, Stopping threads took: 0.0000114 seconds
[3585.972s][info ][safepoint      ] Application time: 3.0002203 seconds
[3585.972s][info ][safepoint      ] Entering safepoint region: Cleanup
[3585.972s][info ][safepoint      ] Leaving safepoint region
[3585.972s][info ][safepoint      ] Total time for which application threads were stopped: 0.0000638 seconds, Stopping threads took: 0.0000111 seconds
[3586.972s][info ][safepoint      ] Application time: 1.0000690 seconds
[3586.972s][info ][safepoint      ] Entering safepoint region: Cleanup
[3586.972s][info ][safepoint      ] Leaving safepoint region
[3586.972s][info ][safepoint      ] Total time for which application threads were stopped: 0.0000749 seconds, Stopping threads took: 0.0000123 seconds
[3587.972s][info ][safepoint      ] Application time: 1.0000611 seconds
[3587.972s][info ][safepoint      ] Entering safepoint region: Cleanup
[3587.973s][info ][safepoint      ] Leaving safepoint region
[3587.973s][info ][safepoint      ] Total time for which application threads were stopped: 0.0000758 seconds, Stopping threads took: 0.0000131 seconds
[3588.973s][info ][safepoint      ] Application time: 1.0000739 seconds
[3588.973s][info ][safepoint      ] Entering safepoint region: Cleanup
[3588.973s][info ][safepoint      ] Leaving safepoint region
[3588.973s][info ][safepoint      ] Total time for which application threads were stopped: 0.0000746 seconds, Stopping threads took: 0.0000102 seconds
[3589.155s][info ][safepoint      ] Application time: 0.1826662 seconds
[3589.155s][info ][safepoint      ] Entering safepoint region: ParallelGCFailedAllocation
[3589.156s][info ][gc,start       ] GC(389) Pause Young (Allocation Failure)
[3589.158s][debug][gc,phases      ] GC(389) Scavenge 2.919ms
[3589.159s][debug][gc,ref         ] GC(389) Skipped phase1 of Reference Processing due to unavailable references
[3589.159s][debug][gc,ref         ] GC(389) Skipped phase3 of Reference Processing due to unavailable references
[3589.159s][debug][gc,phases      ] GC(389) Reference Processing 0.026ms
[3589.159s][debug][gc,phases      ] GC(389) Weak Processing 0.129ms
[3589.159s][debug][gc,phases      ] GC(389) Scrub String Table 0.431ms
[3589.159s][debug][gc,age         ] GC(389) Desired survivor size 25165824 bytes, new threshold 15 (max threshold 15)
[3589.159s][info ][gc,heap        ] GC(389) PSYoungGen: 2043088K->3056K(2072576K)
[3589.159s][info ][gc,heap        ] GC(389) ParOldGen: 424738K->424762K(578048K)
[3589.159s][info ][gc,metaspace   ] GC(389) Metaspace: 76588K->76588K(1120256K)
[3589.159s][info ][gc             ] GC(389) Pause Young (Allocation Failure) 2409M->417M(2588M) 3.615ms
[3589.159s][info ][gc,cpu         ] GC(389) User=0.01s Sys=0.00s Real=0.00s
[3589.159s][info ][safepoint      ] Leaving safepoint region
[3589.159s][info ][safepoint      ] Total time for which application threads were stopped: 0.0037580 seconds, Stopping threads took: 0.0000111 seconds
[3591.159s][info ][safepoint      ] Application time: 2.0001462 seconds
[3591.159s][info ][safepoint      ] Entering safepoint region: Cleanup
[3591.159s][info ][safepoint      ] Leaving safepoint region
[3591.159s][info ][safepoint      ] Total time for which application threads were stopped: 0.0000896 seconds, Stopping threads took: 0.0000311 seconds
[3602.555s][info ][safepoint      ] Application time: 11.3953842 seconds
[3602.555s][info ][safepoint      ] Entering safepoint region: ParallelGCFailedAllocation
[3602.555s][info ][gc,start       ] GC(390) Pause Young (Allocation Failure)
[3602.558s][debug][gc,phases      ] GC(390) Scavenge 2.947ms
[3602.558s][debug][gc,ref         ] GC(390) Skipped phase1 of Reference Processing due to unavailable references
[3602.558s][debug][gc,ref         ] GC(390) Skipped phase3 of Reference Processing due to unavailable references
[3602.558s][debug][gc,phases      ] GC(390) Reference Processing 0.032ms
[3602.558s][debug][gc,phases      ] GC(390) Weak Processing 0.137ms
[3602.559s][debug][gc,phases      ] GC(390) Scrub String Table 0.444ms
[3602.559s][debug][gc,age         ] GC(390) Desired survivor size 23592960 bytes, new threshold 15 (max threshold 15)
[3602.559s][info ][gc,heap        ] GC(390) PSYoungGen: 2049520K->2976K(2071040K)
[3602.559s][info ][gc,heap        ] GC(390) ParOldGen: 424762K->424802K(578048K)
[3602.559s][info ][gc,metaspace   ] GC(390) Metaspace: 76590K->76590K(1120256K)
[3602.559s][info ][gc             ] GC(390) Pause Young (Allocation Failure) 2416M->417M(2587M) 3.697ms
[3602.559s][info ][gc,cpu         ] GC(390) User=0.01s Sys=0.01s Real=0.00s
[3602.559s][info ][safepoint      ] Leaving safepoint region
[3602.559s][info ][safepoint      ] Total time for which application threads were stopped: 0.0038562 seconds, Stopping threads took: 0.0000124 seconds
[3607.559s][info ][safepoint      ] Application time: 5.0003414 seconds
[3607.559s][info ][safepoint      ] Entering safepoint region: Cleanup
[3607.559s][info ][safepoint      ] Leaving safepoint region
[3607.559s][info ][safepoint      ] Total time for which application threads were stopped: 0.0001073 seconds, Stopping threads took: 0.0000322 seconds
[3611.560s][info ][safepoint      ] Application time: 4.0002897 seconds
[3611.560s][info ][safepoint      ] Entering safepoint region: Cleanup
[3611.560s][info ][safepoint      ] Leaving safepoint region
[3611.560s][info ][safepoint      ] Total time for which application threads were stopped: 0.0001132 seconds, Stopping threads took: 0.0000465 seconds
[3612.560s][info ][safepoint      ] Application time: 1.0000774 seconds
[3612.560s][info ][safepoint      ] Entering safepoint region: Cleanup
[3612.560s][info ][safepoint      ] Leaving safepoint region
[3612.560s][info ][safepoint      ] Total time for which application threads were stopped: 0.0001039 seconds, Stopping threads took: 0.0000361 seconds
[3613.560s][info ][safepoint      ] Application time: 1.0000870 seconds
[3613.560s][info ][safepoint      ] Entering safepoint region: Cleanup
[3613.560s][info ][safepoint      ] Leaving safepoint region
[3613.560s][info ][safepoint      ] Total time for which application threads were stopped: 0.0001234 seconds, Stopping threads took: 0.0000469 seconds
[3614.560s][info ][safepoint      ] Application time: 1.0000710 seconds
[3614.560s][info ][safepoint      ] Entering safepoint region: Cleanup
[3614.560s][info ][safepoint      ] Leaving safepoint region
[3614.560s][info ][safepoint      ] Total time for which application threads were stopped: 0.0001193 seconds, Stopping threads took: 0.0000536 seconds
[3615.561s][info ][safepoint      ] Application time: 1.0000707 seconds
[3615.561s][info ][safepoint      ] Entering safepoint region: Cleanup
[3615.561s][info ][safepoint      ] Leaving safepoint region
[3615.561s][info ][safepoint      ] Total time for which application threads were stopped: 0.0001081 seconds, Stopping threads took: 0.0000475 seconds
[3615.917s][info ][safepoint      ] Application time: 0.3567601 seconds
[3615.917s][info ][safepoint      ] Entering safepoint region: ParallelGCFailedAllocation
[3615.918s][info ][gc,start       ] GC(391) Pause Young (Allocation Failure)
[3615.920s][debug][gc,phases      ] GC(391) Scavenge 2.741ms
[3615.920s][debug][gc,ref         ] GC(391) Skipped phase1 of Reference Processing due to unavailable references
[3615.920s][debug][gc,ref         ] GC(391) Skipped phase3 of Reference Processing due to unavailable references
[3615.920s][debug][gc,phases      ] GC(391) Reference Processing 0.025ms
[3615.921s][debug][gc,phases      ] GC(391) Weak Processing 0.136ms
[3615.921s][debug][gc,phases      ] GC(391) Scrub String Table 0.406ms
[3615.921s][debug][gc,age         ] GC(391) Desired survivor size 22020096 bytes, new threshold 15 (max threshold 15)
[3615.921s][info ][gc,heap        ] GC(391) PSYoungGen: 2049440K->3056K(2075648K)
[3615.921s][info ][gc,heap        ] GC(391) ParOldGen: 424802K->424850K(578048K)
[3615.921s][info ][gc,metaspace   ] GC(391) Metaspace: 76590K->76590K(1120256K)
[3615.921s][info ][gc             ] GC(391) Pause Young (Allocation Failure) 2416M->417M(2591M) 3.427ms
[3615.921s][info ][gc,cpu         ] GC(391) User=0.01s Sys=0.00s Real=0.01s
[3615.921s][info ][safepoint      ] Leaving safepoint region
[3615.921s][info ][safepoint      ] Total time for which application threads were stopped: 0.0035917 seconds, Stopping threads took: 0.0000297 seconds
[3616.921s][info ][safepoint      ] Application time: 1.0000819 seconds
[3616.921s][info ][safepoint      ] Entering safepoint region: Cleanup
[3616.921s][info ][safepoint      ] Leaving safepoint region
[3616.921s][info ][safepoint      ] Total time for which application threads were stopped: 0.0001275 seconds, Stopping threads took: 0.0000528 seconds
[3617.921s][info ][safepoint      ] Application time: 1.0000766 seconds
[3617.921s][info ][safepoint      ] Entering safepoint region: Cleanup
[3617.921s][info ][safepoint      ] Leaving safepoint region
[3617.921s][info ][safepoint      ] Total time for which application threads were stopped: 0.0000632 seconds, Stopping threads took: 0.0000136 seconds
[3618.711s][info ][safepoint      ] Application time: 0.7899287 seconds
[3618.711s][info ][safepoint      ] Entering safepoint region: RevokeBias
[3618.712s][info ][safepoint      ] Leaving safepoint region
[3618.712s][info ][safepoint      ] Total time for which application threads were stopped: 0.0001350 seconds, Stopping threads took: 0.0000167 seconds
[3618.712s][info ][safepoint      ] Application time: 0.0000202 seconds
[3618.712s][info ][safepoint      ] Entering safepoint region: RevokeBias
[3618.712s][info ][safepoint      ] Leaving safepoint region
[3618.712s][info ][safepoint      ] Total time for which application threads were stopped: 0.0000386 seconds, Stopping threads took: 0.0000060 seconds
[3619.367s][info ][safepoint      ] Application time: 0.6556114 seconds
[3619.367s][info ][safepoint      ] Entering safepoint region: RevokeBias
[3619.367s][info ][safepoint      ] Leaving safepoint region
[3619.367s][info ][safepoint      ] Total time for which application threads were stopped: 0.0001082 seconds, Stopping threads took: 0.0000111 seconds
[3619.367s][info ][safepoint      ] Application time: 0.0000295 seconds
[3619.367s][info ][safepoint      ] Entering safepoint region: RevokeBias
[3619.367s][info ][safepoint      ] Leaving safepoint region
[3619.367s][info ][safepoint      ] Total time for which application threads were stopped: 0.0000239 seconds, Stopping threads took: 0.0000037 seconds
[3620.368s][info ][safepoint      ] Application time: 1.0000800 seconds
[3620.368s][info ][safepoint      ] Entering safepoint region: Cleanup
[3620.368s][info ][safepoint      ] Leaving safepoint region
[3620.368s][info ][safepoint      ] Total time for which application threads were stopped: 0.0001016 seconds, Stopping threads took: 0.0000337 seconds
[3621.368s][info ][safepoint      ] Application time: 1.0000796 seconds
[3621.368s][info ][safepoint      ] Entering safepoint region: Cleanup
[3621.368s][info ][safepoint      ] Leaving safepoint region
[3621.368s][info ][safepoint      ] Total time for which application threads were stopped: 0.0000989 seconds, Stopping threads took: 0.0000287 seconds
[3621.697s][info ][safepoint      ] Application time: 0.3295409 seconds
[3621.697s][info ][safepoint      ] Entering safepoint region: Deoptimize
[3621.700s][info ][safepoint      ] Leaving safepoint region
[3621.700s][info ][safepoint      ] Total time for which application threads were stopped: 0.0024160 seconds, Stopping threads took: 0.0000274 seconds
[3622.700s][info ][safepoint      ] Application time: 1.0000685 seconds
[3622.700s][info ][safepoint      ] Entering safepoint region: Cleanup
[3622.700s][info ][safepoint      ] Leaving safepoint region
[3622.700s][info ][safepoint      ] Total time for which application threads were stopped: 0.0001963 seconds, Stopping threads took: 0.0000472 seconds
[3623.700s][info ][safepoint      ] Application time: 1.0000719 seconds
[3623.700s][info ][safepoint      ] Entering safepoint region: Cleanup
[3623.700s][info ][safepoint      ] Leaving safepoint region
[3623.700s][info ][safepoint      ] Total time for which application threads were stopped: 0.0001036 seconds, Stopping threads took: 0.0000344 seconds
[3624.700s][info ][safepoint      ] Application time: 1.0000755 seconds
[3624.701s][info ][safepoint      ] Entering safepoint region: Cleanup
[3624.701s][info ][safepoint      ] Leaving safepoint region
[3624.701s][info ][safepoint      ] Total time for which application threads were stopped: 0.0000973 seconds, Stopping threads took: 0.0000420 seconds
[3625.701s][info ][safepoint      ] Application time: 1.0000681 seconds
[3625.701s][info ][safepoint      ] Entering safepoint region: Cleanup
[3625.701s][info ][safepoint      ] Leaving safepoint region
[3625.701s][info ][safepoint      ] Total time for which application threads were stopped: 0.0001051 seconds, Stopping threads took: 0.0000454 seconds
[3626.701s][info ][safepoint      ] Application time: 1.0000464 seconds
[3626.701s][info ][safepoint      ] Entering safepoint region: Cleanup
[3626.701s][info ][safepoint      ] Leaving safepoint region
[3626.701s][info ][safepoint      ] Total time for which application threads were stopped: 0.0000992 seconds, Stopping threads took: 0.0000327 seconds
[3627.701s][info ][safepoint      ] Application time: 1.0000747 seconds
[3627.701s][info ][safepoint      ] Entering safepoint region: Cleanup
[3627.701s][info ][safepoint      ] Leaving safepoint region
[3627.701s][info ][safepoint      ] Total time for which application threads were stopped: 0.0001183 seconds, Stopping threads took: 0.0000470 seconds
[3628.521s][info ][safepoint      ] Application time: 0.8201139 seconds
[3628.521s][info ][safepoint      ] Entering safepoint region: ParallelGCFailedAllocation
[3628.522s][info ][gc,start       ] GC(392) Pause Young (Allocation Failure)
[3628.526s][debug][gc,phases      ] GC(392) Scavenge 4.623ms
[3628.526s][debug][gc,ref         ] GC(392) Skipped phase1 of Reference Processing due to unavailable references
[3628.526s][debug][gc,ref         ] GC(392) Skipped phase3 of Reference Processing due to unavailable references
[3628.526s][debug][gc,phases      ] GC(392) Reference Processing 0.039ms
[3628.526s][debug][gc,phases      ] GC(392) Weak Processing 0.137ms
[3628.527s][debug][gc,phases      ] GC(392) Scrub String Table 0.442ms
[3628.527s][debug][gc,age         ] GC(392) Desired survivor size 22020096 bytes, new threshold 15 (max threshold 15)
[3628.527s][info ][gc,heap        ] GC(392) PSYoungGen: 2055664K->8400K(2074112K)
[3628.527s][info ][gc,heap        ] GC(392) ParOldGen: 424850K->424898K(578048K)
[3628.527s][info ][gc,metaspace   ] GC(392) Metaspace: 76742K->76742K(1120256K)
[3628.527s][info ][gc             ] GC(392) Pause Young (Allocation Failure) 2422M->423M(2590M) 5.387ms
[3628.527s][info ][gc,cpu         ] GC(392) User=0.02s Sys=0.00s Real=0.00s
[3628.527s][info ][safepoint      ] Leaving safepoint region
[3628.527s][info ][safepoint      ] Total time for which application threads were stopped: 0.0055483 seconds, Stopping threads took: 0.0000112 seconds
[3629.527s][info ][safepoint      ] Application time: 1.0000483 seconds
[3629.527s][info ][safepoint      ] Entering safepoint region: Cleanup
[3629.527s][info ][safepoint      ] Leaving safepoint region
[3629.527s][info ][safepoint      ] Total time for which application threads were stopped: 0.0000940 seconds, Stopping threads took: 0.0000124 seconds
[3630.527s][info ][safepoint      ] Application time: 1.0000718 seconds
[3630.527s][info ][safepoint      ] Entering safepoint region: Cleanup
[3630.527s][info ][safepoint      ] Leaving safepoint region
[3630.527s][info ][safepoint      ] Total time for which application threads were stopped: 0.0000982 seconds, Stopping threads took: 0.0000330 seconds
[3631.527s][info ][safepoint      ] Application time: 1.0000669 seconds
[3631.527s][info ][safepoint      ] Entering safepoint region: Cleanup
[3631.528s][info ][safepoint      ] Leaving safepoint region
[3631.528s][info ][safepoint      ] Total time for which application threads were stopped: 0.0001031 seconds, Stopping threads took: 0.0000176 seconds
[3632.528s][info ][safepoint      ] Application time: 1.0000703 seconds
[3632.528s][info ][safepoint      ] Entering safepoint region: Cleanup
[3632.528s][info ][safepoint      ] Leaving safepoint region
[3632.528s][info ][safepoint      ] Total time for which application threads were stopped: 0.0000624 seconds, Stopping threads took: 0.0000109 seconds
[3633.528s][info ][safepoint      ] Application time: 1.0000717 seconds
[3633.528s][info ][safepoint      ] Entering safepoint region: Cleanup
[3633.528s][info ][safepoint      ] Leaving safepoint region
[3633.528s][info ][safepoint      ] Total time for which application threads were stopped: 0.0000699 seconds, Stopping threads took: 0.0000126 seconds
[3634.528s][info ][safepoint      ] Application time: 1.0000758 seconds
[3634.528s][info ][safepoint      ] Entering safepoint region: Cleanup
[3634.528s][info ][safepoint      ] Leaving safepoint region
[3634.528s][info ][safepoint      ] Total time for which application threads were stopped: 0.0001257 seconds, Stopping threads took: 0.0000546 seconds
[3635.528s][info ][safepoint      ] Application time: 1.0000750 seconds
[3635.528s][info ][safepoint      ] Entering safepoint region: Cleanup
[3635.528s][info ][safepoint      ] Leaving safepoint region
[3635.528s][info ][safepoint      ] Total time for which application threads were stopped: 0.0000662 seconds, Stopping threads took: 0.0000139 seconds
[3636.528s][info ][safepoint      ] Application time: 1.0000669 seconds
[3636.528s][info ][safepoint      ] Entering safepoint region: Cleanup
[3636.529s][info ][safepoint      ] Leaving safepoint region
[3636.529s][info ][safepoint      ] Total time for which application threads were stopped: 0.0000664 seconds, Stopping threads took: 0.0000129 seconds
[3637.529s][info ][safepoint      ] Application time: 1.0000672 seconds
[3637.529s][info ][safepoint      ] Entering safepoint region: Cleanup
[3637.529s][info ][safepoint      ] Leaving safepoint region
[3637.529s][info ][safepoint      ] Total time for which application threads were stopped: 0.0001185 seconds, Stopping threads took: 0.0000404 seconds
[3638.529s][info ][safepoint      ] Application time: 1.0000713 seconds
[3638.529s][info ][safepoint      ] Entering safepoint region: Cleanup
[3638.529s][info ][safepoint      ] Leaving safepoint region
[3638.529s][info ][safepoint      ] Total time for which application threads were stopped: 0.0000963 seconds, Stopping threads took: 0.0000135 seconds
[3639.529s][info ][safepoint      ] Application time: 1.0000676 seconds
[3639.529s][info ][safepoint      ] Entering safepoint region: Cleanup
[3639.529s][info ][safepoint      ] Leaving safepoint region
[3639.529s][info ][safepoint      ] Total time for which application threads were stopped: 0.0000673 seconds, Stopping threads took: 0.0000144 seconds
[3640.529s][info ][safepoint      ] Application time: 1.0000656 seconds
[3640.529s][info ][safepoint      ] Entering safepoint region: Cleanup
[3640.529s][info ][safepoint      ] Leaving safepoint region
[3640.529s][info ][safepoint      ] Total time for which application threads were stopped: 0.0000760 seconds, Stopping threads took: 0.0000228 seconds
[3641.218s][info ][safepoint      ] Application time: 0.6888947 seconds
[3641.218s][info ][safepoint      ] Entering safepoint region: ParallelGCFailedAllocation
[3641.218s][info ][gc,start       ] GC(393) Pause Young (Allocation Failure)
[3641.223s][debug][gc,phases      ] GC(393) Scavenge 4.634ms
[3641.223s][debug][gc,ref         ] GC(393) Skipped phase1 of Reference Processing due to unavailable references
[3641.223s][debug][gc,ref         ] GC(393) Skipped phase3 of Reference Processing due to unavailable references
[3641.223s][debug][gc,phases      ] GC(393) Reference Processing 0.030ms
[3641.223s][debug][gc,phases      ] GC(393) Weak Processing 0.149ms
[3641.224s][debug][gc,phases      ] GC(393) Scrub String Table 0.465ms
[3641.224s][debug][gc,age         ] GC(393) Desired survivor size 22020096 bytes, new threshold 15 (max threshold 15)
[3641.224s][info ][gc,heap        ] GC(393) PSYoungGen: 2061008K->10256K(2075648K)
[3641.224s][info ][gc,heap        ] GC(393) ParOldGen: 424898K->424938K(578048K)
[3641.224s][info ][gc,metaspace   ] GC(393) Metaspace: 76750K->76750K(1120256K)
[3641.224s][info ][gc             ] GC(393) Pause Young (Allocation Failure) 2427M->424M(2591M) 5.405ms
[3641.224s][info ][gc,cpu         ] GC(393) User=0.02s Sys=0.00s Real=0.01s
[3641.224s][info ][safepoint      ] Leaving safepoint region
[3641.224s][info ][safepoint      ] Total time for which application threads were stopped: 0.0055993 seconds, Stopping threads took: 0.0000353 seconds
[3642.224s][info ][safepoint      ] Application time: 1.0000782 seconds
[3642.224s][info ][safepoint      ] Entering safepoint region: Cleanup
[3642.224s][info ][safepoint      ] Leaving safepoint region
[3642.224s][info ][safepoint      ] Total time for which application threads were stopped: 0.0000602 seconds, Stopping threads took: 0.0000120 seconds
[3643.224s][info ][safepoint      ] Application time: 1.0000628 seconds
[3643.224s][info ][safepoint      ] Entering safepoint region: Cleanup
[3643.224s][info ][safepoint      ] Leaving safepoint region
[3643.224s][info ][safepoint      ] Total time for which application threads were stopped: 0.0000880 seconds, Stopping threads took: 0.0000301 seconds
[3644.224s][info ][safepoint      ] Application time: 1.0000739 seconds
[3644.224s][info ][safepoint      ] Entering safepoint region: Cleanup
[3644.224s][info ][safepoint      ] Leaving safepoint region
[3644.224s][info ][safepoint      ] Total time for which application threads were stopped: 0.0000677 seconds, Stopping threads took: 0.0000137 seconds
[3645.225s][info ][safepoint      ] Application time: 1.0000641 seconds
[3645.225s][info ][safepoint      ] Entering safepoint region: Cleanup
[3645.225s][info ][safepoint      ] Leaving safepoint region
[3645.225s][info ][safepoint      ] Total time for which application threads were stopped: 0.0000916 seconds, Stopping threads took: 0.0000320 seconds
[3646.225s][info ][safepoint      ] Application time: 1.0000796 seconds
[3646.225s][info ][safepoint      ] Entering safepoint region: Cleanup
[3646.225s][info ][safepoint      ] Leaving safepoint region
[3646.225s][info ][safepoint      ] Total time for which application threads were stopped: 0.0000791 seconds, Stopping threads took: 0.0000274 seconds
[3647.225s][info ][safepoint      ] Application time: 1.0000651 seconds
[3647.225s][info ][safepoint      ] Entering safepoint region: Cleanup
[3647.225s][info ][safepoint      ] Leaving safepoint region
[3647.225s][info ][safepoint      ] Total time for which application threads were stopped: 0.0000702 seconds, Stopping threads took: 0.0000194 seconds
[3648.225s][info ][safepoint      ] Application time: 1.0000694 seconds
[3648.225s][info ][safepoint      ] Entering safepoint region: Cleanup
[3648.225s][info ][safepoint      ] Leaving safepoint region
[3648.225s][info ][safepoint      ] Total time for which application threads were stopped: 0.0000825 seconds, Stopping threads took: 0.0000124 seconds
[3649.225s][info ][safepoint      ] Application time: 1.0000187 seconds
[3649.225s][info ][safepoint      ] Entering safepoint region: Cleanup
[3649.225s][info ][safepoint      ] Leaving safepoint region
[3649.225s][info ][safepoint      ] Total time for which application threads were stopped: 0.0000625 seconds, Stopping threads took: 0.0000128 seconds
[3650.225s][info ][safepoint      ] Application time: 1.0000655 seconds
[3650.225s][info ][safepoint      ] Entering safepoint region: Cleanup
[3650.226s][info ][safepoint      ] Leaving safepoint region
[3650.226s][info ][safepoint      ] Total time for which application threads were stopped: 0.0000654 seconds, Stopping threads took: 0.0000139 seconds
[3651.226s][info ][safepoint      ] Application time: 1.0000669 seconds
[3651.226s][info ][safepoint      ] Entering safepoint region: Cleanup
[3651.226s][info ][safepoint      ] Leaving safepoint region
[3651.226s][info ][safepoint      ] Total time for which application threads were stopped: 0.0000618 seconds, Stopping threads took: 0.0000124 seconds
[3652.226s][info ][safepoint      ] Application time: 1.0000732 seconds
[3652.226s][info ][safepoint      ] Entering safepoint region: Cleanup
[3652.226s][info ][safepoint      ] Leaving safepoint region
[3652.226s][info ][safepoint      ] Total time for which application threads were stopped: 0.0004923 seconds, Stopping threads took: 0.0004249 seconds
[3653.226s][info ][safepoint      ] Application time: 1.0000767 seconds
[3653.226s][info ][safepoint      ] Entering safepoint region: Cleanup
[3653.227s][info ][safepoint      ] Leaving safepoint region
[3653.227s][info ][safepoint      ] Total time for which application threads were stopped: 0.0000706 seconds, Stopping threads took: 0.0000156 seconds
[3654.115s][info ][safepoint      ] Application time: 0.8882631 seconds
[3654.115s][info ][safepoint      ] Entering safepoint region: ParallelGCFailedAllocation
[3654.115s][info ][gc,start       ] GC(394) Pause Young (Allocation Failure)
[3654.119s][debug][gc,phases      ] GC(394) Scavenge 4.361ms
[3654.119s][debug][gc,ref         ] GC(394) Skipped phase1 of Reference Processing due to unavailable references
[3654.119s][debug][gc,ref         ] GC(394) Skipped phase3 of Reference Processing due to unavailable references
[3654.119s][debug][gc,phases      ] GC(394) Reference Processing 0.057ms
[3654.120s][debug][gc,phases      ] GC(394) Weak Processing 0.178ms
[3654.120s][debug][gc,phases      ] GC(394) Scrub String Table 0.570ms
[3654.120s][debug][gc,age         ] GC(394) Desired survivor size 22020096 bytes, new threshold 15 (max threshold 15)
[3654.120s][info ][gc,heap        ] GC(394) PSYoungGen: 2064400K->9760K(2075648K)
[3654.120s][info ][gc,heap        ] GC(394) ParOldGen: 424938K->425139K(578048K)
[3654.120s][info ][gc,metaspace   ] GC(394) Metaspace: 76750K->76750K(1120256K)
[3654.120s][info ][gc             ] GC(394) Pause Young (Allocation Failure) 2430M->424M(2591M) 5.324ms
[3654.120s][info ][gc,cpu         ] GC(394) User=0.02s Sys=0.00s Real=0.01s
[3654.120s][info ][safepoint      ] Leaving safepoint region
[3654.120s][info ][safepoint      ] Total time for which application threads were stopped: 0.0055078 seconds, Stopping threads took: 0.0000191 seconds
[3655.120s][info ][safepoint      ] Application time: 1.0000830 seconds
[3655.120s][info ][safepoint      ] Entering safepoint region: Cleanup
[3655.121s][info ][safepoint      ] Leaving safepoint region
[3655.121s][info ][safepoint      ] Total time for which application threads were stopped: 0.0000703 seconds, Stopping threads took: 0.0000128 seconds
[3656.121s][info ][safepoint      ] Application time: 1.0000636 seconds
[3656.121s][info ][safepoint      ] Entering safepoint region: Cleanup
[3656.121s][info ][safepoint      ] Leaving safepoint region
[3656.121s][info ][safepoint      ] Total time for which application threads were stopped: 0.0000677 seconds, Stopping threads took: 0.0000134 seconds
[3657.121s][info ][safepoint      ] Application time: 1.0000727 seconds
[3657.121s][info ][safepoint      ] Entering safepoint region: Cleanup
[3657.121s][info ][safepoint      ] Leaving safepoint region
[3657.121s][info ][safepoint      ] Total time for which application threads were stopped: 0.0000833 seconds, Stopping threads took: 0.0000205 seconds
[3658.121s][info ][safepoint      ] Application time: 1.0000626 seconds
[3658.121s][info ][safepoint      ] Entering safepoint region: Cleanup
[3658.121s][info ][safepoint      ] Leaving safepoint region
[3658.121s][info ][safepoint      ] Total time for which application threads were stopped: 0.0000835 seconds, Stopping threads took: 0.0000128 seconds
[3659.121s][info ][safepoint      ] Application time: 1.0000668 seconds
[3659.121s][info ][safepoint      ] Entering safepoint region: Cleanup
[3659.121s][info ][safepoint      ] Leaving safepoint region
[3659.121s][info ][safepoint      ] Total time for which application threads were stopped: 0.0001040 seconds, Stopping threads took: 0.0000367 seconds
[3660.121s][info ][safepoint      ] Application time: 1.0000702 seconds
[3660.121s][info ][safepoint      ] Entering safepoint region: Cleanup
[3660.121s][info ][safepoint      ] Leaving safepoint region
[3660.121s][info ][safepoint      ] Total time for which application threads were stopped: 0.0000766 seconds, Stopping threads took: 0.0000133 seconds
[3661.122s][info ][safepoint      ] Application time: 1.0000721 seconds
[3661.122s][info ][safepoint      ] Entering safepoint region: Cleanup
[3661.122s][info ][safepoint      ] Leaving safepoint region
[3661.122s][info ][safepoint      ] Total time for which application threads were stopped: 0.0000680 seconds, Stopping threads took: 0.0000145 seconds
[3662.122s][info ][safepoint      ] Application time: 1.0000863 seconds
[3662.122s][info ][safepoint      ] Entering safepoint region: Cleanup
[3662.122s][info ][safepoint      ] Leaving safepoint region
[3662.122s][info ][safepoint      ] Total time for which application threads were stopped: 0.0000906 seconds, Stopping threads took: 0.0000172 seconds
[3663.122s][info ][safepoint      ] Application time: 1.0000746 seconds
[3663.122s][info ][safepoint      ] Entering safepoint region: Cleanup
[3663.122s][info ][safepoint      ] Leaving safepoint region
[3663.122s][info ][safepoint      ] Total time for which application threads were stopped: 0.0000963 seconds, Stopping threads took: 0.0000298 seconds
[3664.122s][info ][safepoint      ] Application time: 1.0000809 seconds
[3664.122s][info ][safepoint      ] Entering safepoint region: Cleanup
[3664.122s][info ][safepoint      ] Leaving safepoint region
[3664.122s][info ][safepoint      ] Total time for which application threads were stopped: 0.0000930 seconds, Stopping threads took: 0.0000184 seconds
[3665.122s][info ][safepoint      ] Application time: 1.0000695 seconds
[3665.122s][info ][safepoint      ] Entering safepoint region: Cleanup
[3665.123s][info ][safepoint      ] Leaving safepoint region
[3665.123s][info ][safepoint      ] Total time for which application threads were stopped: 0.0001602 seconds, Stopping threads took: 0.0000352 seconds
[3666.123s][info ][safepoint      ] Application time: 1.0000480 seconds
[3666.123s][info ][safepoint      ] Entering safepoint region: Cleanup
[3666.123s][info ][safepoint      ] Leaving safepoint region
[3666.123s][info ][safepoint      ] Total time for which application threads were stopped: 0.0001826 seconds, Stopping threads took: 0.0000611 seconds
[3667.060s][info ][safepoint      ] Application time: 0.9375593 seconds
[3667.060s][info ][safepoint      ] Entering safepoint region: ParallelGCFailedAllocation
[3667.061s][info ][gc,start       ] GC(395) Pause Young (Allocation Failure)
[3667.065s][debug][gc,phases      ] GC(395) Scavenge 4.812ms
[3667.065s][debug][gc,ref         ] GC(395) Skipped phase1 of Reference Processing due to unavailable references
[3667.065s][debug][gc,ref         ] GC(395) Skipped phase3 of Reference Processing due to unavailable references
[3667.065s][debug][gc,phases      ] GC(395) Reference Processing 0.031ms
[3667.066s][debug][gc,phases      ] GC(395) Weak Processing 0.155ms
[3667.066s][debug][gc,phases      ] GC(395) Scrub String Table 0.451ms
[3667.066s][debug][gc,age         ] GC(395) Desired survivor size 22020096 bytes, new threshold 15 (max threshold 15)
[3667.066s][info ][gc,heap        ] GC(395) PSYoungGen: 2063904K->10352K(2075648K)
[3667.066s][info ][gc,heap        ] GC(395) ParOldGen: 425139K->425467K(578048K)
[3667.066s][info ][gc,metaspace   ] GC(395) Metaspace: 76776K->76776K(1120256K)
[3667.066s][info ][gc             ] GC(395) Pause Young (Allocation Failure) 2430M->425M(2591M) 5.579ms
[3667.066s][info ][gc,cpu         ] GC(395) User=0.02s Sys=0.00s Real=0.00s
[3667.066s][info ][safepoint      ] Leaving safepoint region
[3667.066s][info ][safepoint      ] Total time for which application threads were stopped: 0.0057374 seconds, Stopping threads took: 0.0000121 seconds
[3668.066s][info ][safepoint      ] Application time: 1.0000831 seconds
[3668.066s][info ][safepoint      ] Entering safepoint region: Cleanup
[3668.066s][info ][safepoint      ] Leaving safepoint region
[3668.066s][info ][safepoint      ] Total time for which application threads were stopped: 0.0001371 seconds, Stopping threads took: 0.0000486 seconds
[3669.067s][info ][safepoint      ] Application time: 1.0000802 seconds
[3669.067s][info ][safepoint      ] Entering safepoint region: Cleanup
[3669.067s][info ][safepoint      ] Leaving safepoint region
[3669.067s][info ][safepoint      ] Total time for which application threads were stopped: 0.0000912 seconds, Stopping threads took: 0.0000328 seconds
[3670.069s][info ][safepoint      ] Application time: 1.0025124 seconds
[3670.069s][info ][safepoint      ] Entering safepoint region: Cleanup
[3670.069s][info ][safepoint      ] Leaving safepoint region
[3670.069s][info ][safepoint      ] Total time for which application threads were stopped: 0.0001103 seconds, Stopping threads took: 0.0000390 seconds
[3671.069s][info ][safepoint      ] Application time: 1.0001075 seconds
[3671.070s][info ][safepoint      ] Entering safepoint region: Cleanup
[3671.070s][info ][safepoint      ] Leaving safepoint region
[3671.070s][info ][safepoint      ] Total time for which application threads were stopped: 0.0002025 seconds, Stopping threads took: 0.0000907 seconds
[3672.070s][info ][safepoint      ] Application time: 1.0000701 seconds
[3672.070s][info ][safepoint      ] Entering safepoint region: Cleanup
[3672.070s][info ][safepoint      ] Leaving safepoint region
[3672.070s][info ][safepoint      ] Total time for which application threads were stopped: 0.0001278 seconds, Stopping threads took: 0.0000394 seconds
[3673.070s][info ][safepoint      ] Application time: 1.0000907 seconds
[3673.070s][info ][safepoint      ] Entering safepoint region: Cleanup
[3673.070s][info ][safepoint      ] Leaving safepoint region
[3673.070s][info ][safepoint      ] Total time for which application threads were stopped: 0.0001018 seconds, Stopping threads took: 0.0000384 seconds
[3674.070s][info ][safepoint      ] Application time: 1.0000846 seconds
[3674.070s][info ][safepoint      ] Entering safepoint region: Cleanup
[3674.070s][info ][safepoint      ] Leaving safepoint region
[3674.070s][info ][safepoint      ] Total time for which application threads were stopped: 0.0001462 seconds, Stopping threads took: 0.0000700 seconds
[3675.071s][info ][safepoint      ] Application time: 1.0000830 seconds
[3675.071s][info ][safepoint      ] Entering safepoint region: Cleanup
[3675.071s][info ][safepoint      ] Leaving safepoint region
[3675.071s][info ][safepoint      ] Total time for which application threads were stopped: 0.0000972 seconds, Stopping threads took: 0.0000349 seconds
[3676.071s][info ][safepoint      ] Application time: 1.0000777 seconds
[3676.071s][info ][safepoint      ] Entering safepoint region: Cleanup
[3676.071s][info ][safepoint      ] Leaving safepoint region
[3676.071s][info ][safepoint      ] Total time for which application threads were stopped: 0.0000868 seconds, Stopping threads took: 0.0000309 seconds
[3676.621s][info ][safepoint      ] Application time: 0.5505143 seconds
[3676.621s][info ][safepoint      ] Entering safepoint region: RevokeBias
[3676.622s][info ][safepoint      ] Leaving safepoint region
[3676.622s][info ][safepoint      ] Total time for which application threads were stopped: 0.0001139 seconds, Stopping threads took: 0.0000288 seconds
[3676.630s][info ][safepoint      ] Application time: 0.0080786 seconds
[3676.630s][info ][safepoint      ] Entering safepoint region: RevokeBias
[3676.630s][info ][safepoint      ] Leaving safepoint region
[3676.630s][info ][safepoint      ] Total time for which application threads were stopped: 0.0000686 seconds, Stopping threads took: 0.0000108 seconds
[3677.630s][info ][safepoint      ] Application time: 1.0000913 seconds
[3677.630s][info ][safepoint      ] Entering safepoint region: Cleanup
[3677.630s][info ][safepoint      ] Leaving safepoint region
[3677.630s][info ][safepoint      ] Total time for which application threads were stopped: 0.0000718 seconds, Stopping threads took: 0.0000148 seconds
[3678.630s][info ][safepoint      ] Application time: 1.0000640 seconds
[3678.630s][info ][safepoint      ] Entering safepoint region: Cleanup
[3678.630s][info ][safepoint      ] Leaving safepoint region
[3678.630s][info ][safepoint      ] Total time for which application threads were stopped: 0.0000800 seconds, Stopping threads took: 0.0000228 seconds
[3679.630s][info ][safepoint      ] Application time: 1.0000755 seconds
[3679.630s][info ][safepoint      ] Entering safepoint region: Cleanup
[3679.630s][info ][safepoint      ] Leaving safepoint region
[3679.630s][info ][safepoint      ] Total time for which application threads were stopped: 0.0000673 seconds, Stopping threads took: 0.0000141 seconds
[3679.806s][info ][safepoint      ] Application time: 0.1756022 seconds
[3679.806s][info ][safepoint      ] Entering safepoint region: ParallelGCFailedAllocation
[3679.806s][info ][gc,start       ] GC(396) Pause Young (Allocation Failure)
[3679.811s][debug][gc,phases      ] GC(396) Scavenge 4.465ms
[3679.811s][debug][gc,ref         ] GC(396) Skipped phase1 of Reference Processing due to unavailable references
[3679.811s][debug][gc,ref         ] GC(396) Skipped phase3 of Reference Processing due to unavailable references
[3679.811s][debug][gc,phases      ] GC(396) Reference Processing 0.045ms
[3679.811s][debug][gc,phases      ] GC(396) Weak Processing 0.133ms
[3679.811s][debug][gc,phases      ] GC(396) Scrub String Table 0.436ms
[3679.811s][debug][gc,age         ] GC(396) Desired survivor size 22544384 bytes, new threshold 15 (max threshold 15)
[3679.811s][info ][gc,heap        ] GC(396) PSYoungGen: 2064496K->11664K(2065920K)
[3679.811s][info ][gc,heap        ] GC(396) ParOldGen: 425467K->425507K(578048K)
[3679.811s][info ][gc,metaspace   ] GC(396) Metaspace: 76790K->76790K(1120256K)
[3679.811s][info ][gc             ] GC(396) Pause Young (Allocation Failure) 2431M->426M(2582M) 5.191ms
[3679.811s][info ][gc,cpu         ] GC(396) User=0.02s Sys=0.00s Real=0.00s
[3679.811s][info ][safepoint      ] Leaving safepoint region
[3679.811s][info ][safepoint      ] Total time for which application threads were stopped: 0.0053547 seconds, Stopping threads took: 0.0000124 seconds
[3680.811s][info ][safepoint      ] Application time: 1.0000795 seconds
[3680.811s][info ][safepoint      ] Entering safepoint region: Cleanup
[3680.811s][info ][safepoint      ] Leaving safepoint region
[3680.812s][info ][safepoint      ] Total time for which application threads were stopped: 0.0001050 seconds, Stopping threads took: 0.0000489 seconds
[3681.812s][info ][safepoint      ] Application time: 1.0000746 seconds
[3681.812s][info ][safepoint      ] Entering safepoint region: Cleanup
[3681.812s][info ][safepoint      ] Leaving safepoint region
[3681.812s][info ][safepoint      ] Total time for which application threads were stopped: 0.0001268 seconds, Stopping threads took: 0.0000481 seconds
[3682.812s][info ][safepoint      ] Application time: 1.0000706 seconds
[3682.812s][info ][safepoint      ] Entering safepoint region: Cleanup
[3682.812s][info ][safepoint      ] Leaving safepoint region
[3682.812s][info ][safepoint      ] Total time for which application threads were stopped: 0.0000984 seconds, Stopping threads took: 0.0000382 seconds
[3683.812s][info ][safepoint      ] Application time: 1.0000742 seconds
[3683.812s][info ][safepoint      ] Entering safepoint region: Cleanup
[3683.812s][info ][safepoint      ] Leaving safepoint region
[3683.812s][info ][safepoint      ] Total time for which application threads were stopped: 0.0001356 seconds, Stopping threads took: 0.0000591 seconds
[3684.812s][info ][safepoint      ] Application time: 1.0000790 seconds
[3684.812s][info ][safepoint      ] Entering safepoint region: Cleanup
[3684.812s][info ][safepoint      ] Leaving safepoint region
[3684.812s][info ][safepoint      ] Total time for which application threads were stopped: 0.0001317 seconds, Stopping threads took: 0.0000373 seconds
[3685.813s][info ][safepoint      ] Application time: 1.0000812 seconds
[3685.813s][info ][safepoint      ] Entering safepoint region: Cleanup
[3685.813s][info ][safepoint      ] Leaving safepoint region
[3685.813s][info ][safepoint      ] Total time for which application threads were stopped: 0.0001042 seconds, Stopping threads took: 0.0000349 seconds
[3686.813s][info ][safepoint      ] Application time: 1.0000759 seconds
[3686.813s][info ][safepoint      ] Entering safepoint region: Cleanup
[3686.813s][info ][safepoint      ] Leaving safepoint region
[3686.813s][info ][safepoint      ] Total time for which application threads were stopped: 0.0001107 seconds, Stopping threads took: 0.0000523 seconds
[3687.813s][info ][safepoint      ] Application time: 1.0000760 seconds
[3687.813s][info ][safepoint      ] Entering safepoint region: Cleanup
[3687.813s][info ][safepoint      ] Leaving safepoint region
[3687.813s][info ][safepoint      ] Total time for which application threads were stopped: 0.0001205 seconds, Stopping threads took: 0.0000388 seconds
[3688.813s][info ][safepoint      ] Application time: 1.0000734 seconds
[3688.813s][info ][safepoint      ] Entering safepoint region: Cleanup
[3688.813s][info ][safepoint      ] Leaving safepoint region
[3688.813s][info ][safepoint      ] Total time for which application threads were stopped: 0.0001084 seconds, Stopping threads took: 0.0000315 seconds
[3689.813s][info ][safepoint      ] Application time: 1.0000809 seconds
[3689.814s][info ][safepoint      ] Entering safepoint region: Cleanup
[3689.814s][info ][safepoint      ] Leaving safepoint region
[3689.814s][info ][safepoint      ] Total time for which application threads were stopped: 0.0001161 seconds, Stopping threads took: 0.0000471 seconds
[3690.814s][info ][safepoint      ] Application time: 1.0000794 seconds
[3690.814s][info ][safepoint      ] Entering safepoint region: Cleanup
[3690.814s][info ][safepoint      ] Leaving safepoint region
[3690.814s][info ][safepoint      ] Total time for which application threads were stopped: 0.0001116 seconds, Stopping threads took: 0.0000517 seconds
[3691.814s][info ][safepoint      ] Application time: 1.0000762 seconds
[3691.814s][info ][safepoint      ] Entering safepoint region: Cleanup
[3691.814s][info ][safepoint      ] Leaving safepoint region
[3691.814s][info ][safepoint      ] Total time for which application threads were stopped: 0.0000923 seconds, Stopping threads took: 0.0000311 seconds
[3692.511s][info ][safepoint      ] Application time: 0.6966159 seconds
[3692.511s][info ][safepoint      ] Entering safepoint region: ParallelGCFailedAllocation
[3692.511s][info ][gc,start       ] GC(397) Pause Young (Allocation Failure)
[3692.515s][debug][gc,phases      ] GC(397) Scavenge 4.495ms
[3692.515s][debug][gc,ref         ] GC(397) Skipped phase1 of Reference Processing due to unavailable references
[3692.515s][debug][gc,ref         ] GC(397) Skipped phase3 of Reference Processing due to unavailable references
[3692.515s][debug][gc,phases      ] GC(397) Reference Processing 0.029ms
[3692.516s][debug][gc,phases      ] GC(397) Weak Processing 0.133ms
[3692.516s][debug][gc,phases      ] GC(397) Scrub String Table 0.432ms
[3692.516s][debug][gc,age         ] GC(397) Desired survivor size 23068672 bytes, new threshold 15 (max threshold 15)
[3692.516s][info ][gc,heap        ] GC(397) PSYoungGen: 2065808K->12608K(2074112K)
[3692.516s][info ][gc,heap        ] GC(397) ParOldGen: 425507K->425563K(578048K)
[3692.516s][info ][gc,metaspace   ] GC(397) Metaspace: 76807K->76807K(1120256K)
[3692.516s][info ][gc             ] GC(397) Pause Young (Allocation Failure) 2432M->427M(2590M) 5.212ms
[3692.516s][info ][gc,cpu         ] GC(397) User=0.02s Sys=0.00s Real=0.01s
[3692.516s][info ][safepoint      ] Leaving safepoint region
[3692.516s][info ][safepoint      ] Total time for which application threads were stopped: 0.0053627 seconds, Stopping threads took: 0.0000109 seconds
[3693.516s][info ][safepoint      ] Application time: 1.0000766 seconds
[3693.516s][info ][safepoint      ] Entering safepoint region: Cleanup
[3693.516s][info ][safepoint      ] Leaving safepoint region
[3693.516s][info ][safepoint      ] Total time for which application threads were stopped: 0.0000817 seconds, Stopping threads took: 0.0000309 seconds
[3694.516s][info ][safepoint      ] Application time: 1.0000739 seconds
[3694.516s][info ][safepoint      ] Entering safepoint region: Cleanup
[3694.516s][info ][safepoint      ] Leaving safepoint region
[3694.516s][info ][safepoint      ] Total time for which application threads were stopped: 0.0000894 seconds, Stopping threads took: 0.0000328 seconds
[3695.517s][info ][safepoint      ] Application time: 1.0000820 seconds
[3695.517s][info ][safepoint      ] Entering safepoint region: Cleanup
[3695.517s][info ][safepoint      ] Leaving safepoint region
[3695.517s][info ][safepoint      ] Total time for which application threads were stopped: 0.0000969 seconds, Stopping threads took: 0.0000357 seconds
[3696.517s][info ][safepoint      ] Application time: 1.0000726 seconds
[3696.517s][info ][safepoint      ] Entering safepoint region: Cleanup
[3696.517s][info ][safepoint      ] Leaving safepoint region
[3696.517s][info ][safepoint      ] Total time for which application threads were stopped: 0.0000866 seconds, Stopping threads took: 0.0000323 seconds
[3697.517s][info ][safepoint      ] Application time: 1.0000795 seconds
[3697.517s][info ][safepoint      ] Entering safepoint region: Cleanup
[3697.517s][info ][safepoint      ] Leaving safepoint region
[3697.517s][info ][safepoint      ] Total time for which application threads were stopped: 0.0000916 seconds, Stopping threads took: 0.0000348 seconds
[3698.517s][info ][safepoint      ] Application time: 1.0000828 seconds
[3698.517s][info ][safepoint      ] Entering safepoint region: Cleanup
[3698.517s][info ][safepoint      ] Leaving safepoint region
[3698.517s][info ][safepoint      ] Total time for which application threads were stopped: 0.0000974 seconds, Stopping threads took: 0.0000364 seconds
[3699.517s][info ][safepoint      ] Application time: 1.0000725 seconds
[3699.518s][info ][safepoint      ] Entering safepoint region: Cleanup
[3699.518s][info ][safepoint      ] Leaving safepoint region
[3699.518s][info ][safepoint      ] Total time for which application threads were stopped: 0.0000930 seconds, Stopping threads took: 0.0000333 seconds
[3700.518s][info ][safepoint      ] Application time: 1.0000805 seconds
[3700.518s][info ][safepoint      ] Entering safepoint region: Cleanup
[3700.518s][info ][safepoint      ] Leaving safepoint region
[3700.518s][info ][safepoint      ] Total time for which application threads were stopped: 0.0001036 seconds, Stopping threads took: 0.0000357 seconds
[3701.518s][info ][safepoint      ] Application time: 1.0000817 seconds
[3701.518s][info ][safepoint      ] Entering safepoint region: Cleanup
[3701.518s][info ][safepoint      ] Leaving safepoint region
[3701.518s][info ][safepoint      ] Total time for which application threads were stopped: 0.0000938 seconds, Stopping threads took: 0.0000364 seconds
[3702.518s][info ][safepoint      ] Application time: 1.0000798 seconds
[3702.518s][info ][safepoint      ] Entering safepoint region: Cleanup
[3702.518s][info ][safepoint      ] Leaving safepoint region
[3702.518s][info ][safepoint      ] Total time for which application threads were stopped: 0.0000872 seconds, Stopping threads took: 0.0000321 seconds
[3703.518s][info ][safepoint      ] Application time: 1.0000826 seconds
[3703.518s][info ][safepoint      ] Entering safepoint region: Cleanup
[3703.518s][info ][safepoint      ] Leaving safepoint region
[3703.518s][info ][safepoint      ] Total time for which application threads were stopped: 0.0001206 seconds, Stopping threads took: 0.0000505 seconds
[3704.519s][info ][safepoint      ] Application time: 1.0000790 seconds
[3704.519s][info ][safepoint      ] Entering safepoint region: Cleanup
[3704.519s][info ][safepoint      ] Leaving safepoint region
[3704.519s][info ][safepoint      ] Total time for which application threads were stopped: 0.0000931 seconds, Stopping threads took: 0.0000363 seconds
[3705.370s][info ][safepoint      ] Application time: 0.8512380 seconds
[3705.370s][info ][safepoint      ] Entering safepoint region: ParallelGCFailedAllocation
[3705.370s][info ][gc,start       ] GC(398) Pause Young (Allocation Failure)
[3705.377s][debug][gc,phases      ] GC(398) Scavenge 7.109ms
[3705.377s][debug][gc,ref         ] GC(398) Skipped phase1 of Reference Processing due to unavailable references
[3705.377s][debug][gc,ref         ] GC(398) Skipped phase3 of Reference Processing due to unavailable references
[3705.377s][debug][gc,phases      ] GC(398) Reference Processing 0.040ms
[3705.378s][debug][gc,phases      ] GC(398) Weak Processing 0.177ms
[3705.378s][debug][gc,phases      ] GC(398) Scrub String Table 0.585ms
[3705.378s][debug][gc,age         ] GC(398) Desired survivor size 23592960 bytes, new threshold 15 (max threshold 15)
[3705.378s][info ][gc,heap        ] GC(398) PSYoungGen: 2064704K->12784K(2064896K)
[3705.378s][info ][gc,heap        ] GC(398) ParOldGen: 425563K->425687K(578048K)
[3705.378s][info ][gc,metaspace   ] GC(398) Metaspace: 76808K->76808K(1120256K)
[3705.378s][info ][gc             ] GC(398) Pause Young (Allocation Failure) 2431M->428M(2581M) 8.079ms
[3705.378s][info ][gc,cpu         ] GC(398) User=0.02s Sys=0.00s Real=0.01s
[3705.378s][info ][safepoint      ] Leaving safepoint region
[3705.378s][info ][safepoint      ] Total time for which application threads were stopped: 0.0083219 seconds, Stopping threads took: 0.0000382 seconds
[3706.378s][info ][safepoint      ] Application time: 1.0000820 seconds
[3706.378s][info ][safepoint      ] Entering safepoint region: Cleanup
[3706.379s][info ][safepoint      ] Leaving safepoint region
[3706.379s][info ][safepoint      ] Total time for which application threads were stopped: 0.0000711 seconds, Stopping threads took: 0.0000133 seconds
[3707.379s][info ][safepoint      ] Application time: 1.0000672 seconds
[3707.379s][info ][safepoint      ] Entering safepoint region: Cleanup
[3707.379s][info ][safepoint      ] Leaving safepoint region
[3707.379s][info ][safepoint      ] Total time for which application threads were stopped: 0.0000744 seconds, Stopping threads took: 0.0000130 seconds
[3708.379s][info ][safepoint      ] Application time: 1.0000701 seconds
[3708.379s][info ][safepoint      ] Entering safepoint region: Cleanup
[3708.379s][info ][safepoint      ] Leaving safepoint region
[3708.379s][info ][safepoint      ] Total time for which application threads were stopped: 0.0000638 seconds, Stopping threads took: 0.0000128 seconds
[3709.379s][info ][safepoint      ] Application time: 1.0000289 seconds
[3709.379s][info ][safepoint      ] Entering safepoint region: Cleanup
[3709.379s][info ][safepoint      ] Leaving safepoint region
[3709.379s][info ][safepoint      ] Total time for which application threads were stopped: 0.0000669 seconds, Stopping threads took: 0.0000130 seconds
[3710.379s][info ][safepoint      ] Application time: 1.0000662 seconds
[3710.379s][info ][safepoint      ] Entering safepoint region: Cleanup
[3710.379s][info ][safepoint      ] Leaving safepoint region
[3710.379s][info ][safepoint      ] Total time for which application threads were stopped: 0.0000647 seconds, Stopping threads took: 0.0000134 seconds
[3711.379s][info ][safepoint      ] Application time: 1.0000735 seconds
[3711.379s][info ][safepoint      ] Entering safepoint region: Cleanup
[3711.379s][info ][safepoint      ] Leaving safepoint region
[3711.379s][info ][safepoint      ] Total time for which application threads were stopped: 0.0000883 seconds, Stopping threads took: 0.0000161 seconds
[3712.379s][info ][safepoint      ] Application time: 1.0000782 seconds
[3712.380s][info ][safepoint      ] Entering safepoint region: Cleanup
[3712.380s][info ][safepoint      ] Leaving safepoint region
[3712.380s][info ][safepoint      ] Total time for which application threads were stopped: 0.0001114 seconds, Stopping threads took: 0.0000412 seconds
[3713.384s][info ][safepoint      ] Application time: 1.0045626 seconds
[3713.384s][info ][safepoint      ] Entering safepoint region: Cleanup
[3713.384s][info ][safepoint      ] Leaving safepoint region
[3713.384s][info ][safepoint      ] Total time for which application threads were stopped: 0.0000891 seconds, Stopping threads took: 0.0000184 seconds
[3714.384s][info ][safepoint      ] Application time: 1.0000729 seconds
[3714.387s][info ][safepoint      ] Entering safepoint region: Cleanup
[3714.387s][info ][safepoint      ] Leaving safepoint region
[3714.387s][info ][safepoint      ] Total time for which application threads were stopped: 0.0023329 seconds, Stopping threads took: 0.0022689 seconds
[3715.387s][info ][safepoint      ] Application time: 1.0000794 seconds
[3715.388s][info ][safepoint      ] Entering safepoint region: Cleanup
[3715.388s][info ][safepoint      ] Leaving safepoint region
[3715.388s][info ][safepoint      ] Total time for which application threads were stopped: 0.0013480 seconds, Stopping threads took: 0.0012848 seconds
[3716.388s][info ][safepoint      ] Application time: 1.0000736 seconds
[3716.388s][info ][safepoint      ] Entering safepoint region: Cleanup
[3716.388s][info ][safepoint      ] Leaving safepoint region
[3716.388s][info ][safepoint      ] Total time for which application threads were stopped: 0.0000836 seconds, Stopping threads took: 0.0000192 seconds
[3717.389s][info ][safepoint      ] Application time: 1.0000788 seconds
[3717.389s][info ][safepoint      ] Entering safepoint region: Cleanup
[3717.389s][info ][safepoint      ] Leaving safepoint region
[3717.389s][info ][safepoint      ] Total time for which application threads were stopped: 0.0000778 seconds, Stopping threads took: 0.0000189 seconds
[3718.177s][info ][safepoint      ] Application time: 0.7885593 seconds
[3718.177s][info ][safepoint      ] Entering safepoint region: ParallelGCFailedAllocation
[3718.177s][info ][gc,start       ] GC(399) Pause Young (Allocation Failure)
[3718.190s][debug][gc,phases      ] GC(399) Scavenge 12.687ms
[3718.190s][debug][gc,ref         ] GC(399) Skipped phase1 of Reference Processing due to unavailable references
[3718.190s][debug][gc,ref         ] GC(399) Skipped phase3 of Reference Processing due to unavailable references
[3718.190s][debug][gc,phases      ] GC(399) Reference Processing 0.043ms
[3718.190s][debug][gc,phases      ] GC(399) Weak Processing 0.160ms
[3718.191s][debug][gc,phases      ] GC(399) Scrub String Table 0.570ms
[3718.191s][debug][gc,age         ] GC(399) Desired survivor size 23592960 bytes, new threshold 15 (max threshold 15)
[3718.191s][info ][gc,heap        ] GC(399) PSYoungGen: 2064880K->12944K(2074112K)
[3718.191s][info ][gc,heap        ] GC(399) ParOldGen: 425687K->425711K(578048K)
[3718.191s][info ][gc,metaspace   ] GC(399) Metaspace: 76811K->76811K(1120256K)
[3718.191s][info ][gc             ] GC(399) Pause Young (Allocation Failure) 2432M->428M(2590M) 13.605ms
[3718.191s][info ][gc,cpu         ] GC(399) User=0.02s Sys=0.00s Real=0.01s
[3718.191s][info ][safepoint      ] Leaving safepoint region
[3718.191s][info ][safepoint      ] Total time for which application threads were stopped: 0.0138282 seconds, Stopping threads took: 0.0000606 seconds
[3719.191s][info ][safepoint      ] Application time: 1.0001081 seconds
[3719.191s][info ][safepoint      ] Entering safepoint region: Cleanup
[3719.191s][info ][safepoint      ] Leaving safepoint region
[3719.191s][info ][safepoint      ] Total time for which application threads were stopped: 0.0001140 seconds, Stopping threads took: 0.0000384 seconds
[3720.191s][info ][safepoint      ] Application time: 1.0000821 seconds
[3720.191s][info ][safepoint      ] Entering safepoint region: Cleanup
[3720.192s][info ][safepoint      ] Leaving safepoint region
[3720.192s][info ][safepoint      ] Total time for which application threads were stopped: 0.0000888 seconds, Stopping threads took: 0.0000191 seconds
[3721.192s][info ][safepoint      ] Application time: 1.0000703 seconds
[3721.192s][info ][safepoint      ] Entering safepoint region: Cleanup
[3721.192s][info ][safepoint      ] Leaving safepoint region
[3721.192s][info ][safepoint      ] Total time for which application threads were stopped: 0.0000875 seconds, Stopping threads took: 0.0000193 seconds
[3722.192s][info ][safepoint      ] Application time: 1.0000679 seconds
[3722.192s][info ][safepoint      ] Entering safepoint region: Cleanup
[3722.192s][info ][safepoint      ] Leaving safepoint region
[3722.192s][info ][safepoint      ] Total time for which application threads were stopped: 0.0000983 seconds, Stopping threads took: 0.0000193 seconds
[3723.192s][info ][safepoint      ] Application time: 1.0000751 seconds
[3723.192s][info ][safepoint      ] Entering safepoint region: Cleanup
[3723.192s][info ][safepoint      ] Leaving safepoint region
[3723.192s][info ][safepoint      ] Total time for which application threads were stopped: 0.0001010 seconds, Stopping threads took: 0.0000200 seconds
[3724.194s][info ][safepoint      ] Application time: 1.0013620 seconds
[3724.194s][info ][safepoint      ] Entering safepoint region: Cleanup
[3724.194s][info ][safepoint      ] Leaving safepoint region
[3724.194s][info ][safepoint      ] Total time for which application threads were stopped: 0.0001011 seconds, Stopping threads took: 0.0000219 seconds
[3725.194s][info ][safepoint      ] Application time: 1.0000826 seconds
[3725.194s][info ][safepoint      ] Entering safepoint region: Cleanup
[3725.194s][info ][safepoint      ] Leaving safepoint region
[3725.194s][info ][safepoint      ] Total time for which application threads were stopped: 0.0000857 seconds, Stopping threads took: 0.0000209 seconds
[3726.194s][info ][safepoint      ] Application time: 1.0000645 seconds
[3726.194s][info ][safepoint      ] Entering safepoint region: Cleanup
[3726.194s][info ][safepoint      ] Leaving safepoint region
[3726.194s][info ][safepoint      ] Total time for which application threads were stopped: 0.0000753 seconds, Stopping threads took: 0.0000140 seconds
[3727.194s][info ][safepoint      ] Application time: 1.0000773 seconds
[3727.194s][info ][safepoint      ] Entering safepoint region: Cleanup
[3727.194s][info ][safepoint      ] Leaving safepoint region
[3727.194s][info ][safepoint      ] Total time for which application threads were stopped: 0.0000813 seconds, Stopping threads took: 0.0000190 seconds
[3728.194s][info ][safepoint      ] Application time: 1.0000470 seconds
[3728.194s][info ][safepoint      ] Entering safepoint region: Cleanup
[3728.194s][info ][safepoint      ] Leaving safepoint region
[3728.194s][info ][safepoint      ] Total time for which application threads were stopped: 0.0000671 seconds, Stopping threads took: 0.0000156 seconds
[3729.194s][info ][safepoint      ] Application time: 1.0000682 seconds
[3729.195s][info ][safepoint      ] Entering safepoint region: Cleanup
[3729.195s][info ][safepoint      ] Leaving safepoint region
[3729.195s][info ][safepoint      ] Total time for which application threads were stopped: 0.0000701 seconds, Stopping threads took: 0.0000155 seconds
[3730.195s][info ][safepoint      ] Application time: 1.0001125 seconds
[3730.195s][info ][safepoint      ] Entering safepoint region: Cleanup
[3730.195s][info ][safepoint      ] Leaving safepoint region
[3730.195s][info ][safepoint      ] Total time for which application threads were stopped: 0.0001509 seconds, Stopping threads took: 0.0000663 seconds
[3731.195s][info ][safepoint      ] Application time: 1.0000780 seconds
[3731.195s][info ][safepoint      ] Entering safepoint region: Cleanup
[3731.195s][info ][safepoint      ] Leaving safepoint region
[3731.195s][info ][safepoint      ] Total time for which application threads were stopped: 0.0000865 seconds, Stopping threads took: 0.0000151 seconds
[3731.221s][info ][safepoint      ] Application time: 0.0255811 seconds
[3731.221s][info ][safepoint      ] Entering safepoint region: ParallelGCFailedAllocation
[3731.221s][info ][gc,start       ] GC(400) Pause Young (Allocation Failure)
[3731.226s][debug][gc,phases      ] GC(400) Scavenge 5.233ms
[3731.226s][debug][gc,ref         ] GC(400) Skipped phase1 of Reference Processing due to unavailable references
[3731.226s][debug][gc,ref         ] GC(400) Skipped phase3 of Reference Processing due to unavailable references
[3731.226s][debug][gc,phases      ] GC(400) Reference Processing 0.039ms
[3731.226s][debug][gc,phases      ] GC(400) Weak Processing 0.149ms
[3731.227s][debug][gc,phases      ] GC(400) Scrub String Table 0.534ms
[3731.227s][debug][gc,age         ] GC(400) Desired survivor size 24117248 bytes, new threshold 15 (max threshold 15)
[3731.227s][info ][gc,heap        ] GC(400) PSYoungGen: 2064016K->13920K(2065408K)
[3731.227s][info ][gc,heap        ] GC(400) ParOldGen: 425711K->425751K(578048K)
[3731.227s][info ][gc,metaspace   ] GC(400) Metaspace: 76817K->76817K(1120256K)
[3731.227s][info ][gc             ] GC(400) Pause Young (Allocation Failure) 2431M->429M(2581M) 6.120ms
[3731.227s][info ][gc,cpu         ] GC(400) User=0.01s Sys=0.00s Real=0.00s
[3731.227s][info ][safepoint      ] Leaving safepoint region
[3731.227s][info ][safepoint      ] Total time for which application threads were stopped: 0.0063296 seconds, Stopping threads took: 0.0000312 seconds
[3732.227s][info ][safepoint      ] Application time: 1.0001014 seconds
[3732.227s][info ][safepoint      ] Entering safepoint region: Cleanup
[3732.227s][info ][safepoint      ] Leaving safepoint region
[3732.227s][info ][safepoint      ] Total time for which application threads were stopped: 0.0001948 seconds, Stopping threads took: 0.0001043 seconds
[3733.227s][info ][safepoint      ] Application time: 1.0000705 seconds
[3733.227s][info ][safepoint      ] Entering safepoint region: Cleanup
[3733.228s][info ][safepoint      ] Leaving safepoint region
[3733.228s][info ][safepoint      ] Total time for which application threads were stopped: 0.0000803 seconds, Stopping threads took: 0.0000143 seconds
[3734.228s][info ][safepoint      ] Application time: 1.0000793 seconds
[3734.228s][info ][safepoint      ] Entering safepoint region: Cleanup
[3734.228s][info ][safepoint      ] Leaving safepoint region
[3734.228s][info ][safepoint      ] Total time for which application threads were stopped: 0.0000888 seconds, Stopping threads took: 0.0000275 seconds
[3735.228s][info ][safepoint      ] Application time: 1.0000665 seconds
[3735.228s][info ][safepoint      ] Entering safepoint region: Cleanup
[3735.228s][info ][safepoint      ] Leaving safepoint region
[3735.228s][info ][safepoint      ] Total time for which application threads were stopped: 0.0000682 seconds, Stopping threads took: 0.0000124 seconds
[3736.228s][info ][safepoint      ] Application time: 1.0000775 seconds
[3736.228s][info ][safepoint      ] Entering safepoint region: Cleanup
[3736.228s][info ][safepoint      ] Leaving safepoint region
[3736.228s][info ][safepoint      ] Total time for which application threads were stopped: 0.0000929 seconds, Stopping threads took: 0.0000135 seconds
[3737.228s][info ][safepoint      ] Application time: 1.0000712 seconds
[3737.228s][info ][safepoint      ] Entering safepoint region: Cleanup
[3737.228s][info ][safepoint      ] Leaving safepoint region
[3737.228s][info ][safepoint      ] Total time for which application threads were stopped: 0.0000700 seconds, Stopping threads took: 0.0000128 seconds
[3738.228s][info ][safepoint      ] Application time: 1.0000794 seconds
[3738.228s][info ][safepoint      ] Entering safepoint region: Cleanup
[3738.229s][info ][safepoint      ] Leaving safepoint region
[3738.229s][info ][safepoint      ] Total time for which application threads were stopped: 0.0000639 seconds, Stopping threads took: 0.0000122 seconds
[3739.229s][info ][safepoint      ] Application time: 1.0000723 seconds
[3739.229s][info ][safepoint      ] Entering safepoint region: Cleanup
[3739.229s][info ][safepoint      ] Leaving safepoint region
[3739.229s][info ][safepoint      ] Total time for which application threads were stopped: 0.0000642 seconds, Stopping threads took: 0.0000138 seconds
[3740.229s][info ][safepoint      ] Application time: 1.0000749 seconds
[3740.229s][info ][safepoint      ] Entering safepoint region: Cleanup
[3740.229s][info ][safepoint      ] Leaving safepoint region
[3740.229s][info ][safepoint      ] Total time for which application threads were stopped: 0.0000855 seconds, Stopping threads took: 0.0000188 seconds
[3741.229s][info ][safepoint      ] Application time: 1.0000791 seconds
[3741.229s][info ][safepoint      ] Entering safepoint region: Cleanup
[3741.229s][info ][safepoint      ] Leaving safepoint region
[3741.229s][info ][safepoint      ] Total time for which application threads were stopped: 0.0000714 seconds, Stopping threads took: 0.0000136 seconds
[3742.229s][info ][safepoint      ] Application time: 1.0000781 seconds
[3742.229s][info ][safepoint      ] Entering safepoint region: Cleanup
[3742.229s][info ][safepoint      ] Leaving safepoint region
[3742.229s][info ][safepoint      ] Total time for which application threads were stopped: 0.0000683 seconds, Stopping threads took: 0.0000143 seconds
[3743.229s][info ][safepoint      ] Application time: 1.0000823 seconds
[3743.229s][info ][safepoint      ] Entering safepoint region: Cleanup
[3743.230s][info ][safepoint      ] Leaving safepoint region
[3743.230s][info ][safepoint      ] Total time for which application threads were stopped: 0.0001096 seconds, Stopping threads took: 0.0000383 seconds
[3743.778s][info ][safepoint      ] Application time: 0.5488137 seconds
[3743.778s][info ][safepoint      ] Entering safepoint region: ParallelGCFailedAllocation
[3743.779s][info ][gc,start       ] GC(401) Pause Young (Allocation Failure)
[3743.785s][debug][gc,phases      ] GC(401) Scavenge 6.140ms
[3743.785s][debug][gc,ref         ] GC(401) Skipped phase1 of Reference Processing due to unavailable references
[3743.785s][debug][gc,ref         ] GC(401) Skipped phase3 of Reference Processing due to unavailable references
[3743.785s][debug][gc,phases      ] GC(401) Reference Processing 0.031ms
[3743.785s][debug][gc,phases      ] GC(401) Weak Processing 0.151ms
[3743.785s][debug][gc,phases      ] GC(401) Scrub String Table 0.443ms
[3743.785s][debug][gc,age         ] GC(401) Desired survivor size 24641536 bytes, new threshold 15 (max threshold 15)
[3743.785s][info ][gc,heap        ] GC(401) PSYoungGen: 2064992K->14112K(2072576K)
[3743.785s][info ][gc,heap        ] GC(401) ParOldGen: 425751K->425839K(578048K)
[3743.785s][info ][gc,metaspace   ] GC(401) Metaspace: 76817K->76817K(1120256K)
[3743.785s][info ][gc             ] GC(401) Pause Young (Allocation Failure) 2432M->429M(2588M) 6.887ms
[3743.785s][info ][gc,cpu         ] GC(401) User=0.02s Sys=0.01s Real=0.01s
[3743.785s][info ][safepoint      ] Leaving safepoint region
[3743.786s][info ][safepoint      ] Total time for which application threads were stopped: 0.0070730 seconds, Stopping threads took: 0.0000473 seconds
[3744.786s][info ][safepoint      ] Application time: 1.0000880 seconds
[3744.786s][info ][safepoint      ] Entering safepoint region: Cleanup
[3744.786s][info ][safepoint      ] Leaving safepoint region
[3744.786s][info ][safepoint      ] Total time for which application threads were stopped: 0.0000876 seconds, Stopping threads took: 0.0000221 seconds
[3745.786s][info ][safepoint      ] Application time: 1.0000849 seconds
[3745.786s][info ][safepoint      ] Entering safepoint region: Cleanup
[3745.786s][info ][safepoint      ] Leaving safepoint region
[3745.786s][info ][safepoint      ] Total time for which application threads were stopped: 0.0000677 seconds, Stopping threads took: 0.0000153 seconds
[3746.786s][info ][safepoint      ] Application time: 1.0000803 seconds
[3746.786s][info ][safepoint      ] Entering safepoint region: Cleanup
[3746.786s][info ][safepoint      ] Leaving safepoint region
[3746.786s][info ][safepoint      ] Total time for which application threads were stopped: 0.0000830 seconds, Stopping threads took: 0.0000195 seconds
[3747.786s][info ][safepoint      ] Application time: 1.0000853 seconds
[3747.786s][info ][safepoint      ] Entering safepoint region: Cleanup
[3747.786s][info ][safepoint      ] Leaving safepoint region
[3747.786s][info ][safepoint      ] Total time for which application threads were stopped: 0.0000840 seconds, Stopping threads took: 0.0000224 seconds
[3748.786s][info ][safepoint      ] Application time: 1.0000686 seconds
[3748.787s][info ][safepoint      ] Entering safepoint region: Cleanup
[3748.787s][info ][safepoint      ] Leaving safepoint region
[3748.787s][info ][safepoint      ] Total time for which application threads were stopped: 0.0000901 seconds, Stopping threads took: 0.0000228 seconds
[3749.787s][info ][safepoint      ] Application time: 1.0000818 seconds
[3749.787s][info ][safepoint      ] Entering safepoint region: Cleanup
[3749.787s][info ][safepoint      ] Leaving safepoint region
[3749.787s][info ][safepoint      ] Total time for which application threads were stopped: 0.0001190 seconds, Stopping threads took: 0.0000365 seconds
[3750.787s][info ][safepoint      ] Application time: 1.0000851 seconds
[3750.787s][info ][safepoint      ] Entering safepoint region: Cleanup
[3750.787s][info ][safepoint      ] Leaving safepoint region
[3750.787s][info ][safepoint      ] Total time for which application threads were stopped: 0.0000810 seconds, Stopping threads took: 0.0000182 seconds
[3751.787s][info ][safepoint      ] Application time: 1.0000817 seconds
[3751.790s][info ][safepoint      ] Entering safepoint region: Cleanup
[3751.790s][info ][safepoint      ] Leaving safepoint region
[3751.790s][info ][safepoint      ] Total time for which application threads were stopped: 0.0028163 seconds, Stopping threads took: 0.0027382 seconds
[3752.790s][info ][safepoint      ] Application time: 1.0000812 seconds
[3752.790s][info ][safepoint      ] Entering safepoint region: Cleanup
[3752.790s][info ][safepoint      ] Leaving safepoint region
[3752.790s][info ][safepoint      ] Total time for which application threads were stopped: 0.0001023 seconds, Stopping threads took: 0.0000207 seconds
[3753.790s][info ][safepoint      ] Application time: 1.0000680 seconds
[3753.790s][info ][safepoint      ] Entering safepoint region: Cleanup
[3753.791s][info ][safepoint      ] Leaving safepoint region
[3753.791s][info ][safepoint      ] Total time for which application threads were stopped: 0.0000888 seconds, Stopping threads took: 0.0000218 seconds
[3754.791s][info ][safepoint      ] Application time: 1.0000804 seconds
[3754.791s][info ][safepoint      ] Entering safepoint region: Cleanup
[3754.791s][info ][safepoint      ] Leaving safepoint region
[3754.791s][info ][safepoint      ] Total time for which application threads were stopped: 0.0000903 seconds, Stopping threads took: 0.0000224 seconds
[3755.791s][info ][safepoint      ] Application time: 1.0000588 seconds
[3755.791s][info ][safepoint      ] Entering safepoint region: Cleanup
[3755.791s][info ][safepoint      ] Leaving safepoint region
[3755.791s][info ][safepoint      ] Total time for which application threads were stopped: 0.0000915 seconds, Stopping threads took: 0.0000224 seconds
[3756.076s][info ][safepoint      ] Application time: 0.2854090 seconds
[3756.076s][info ][safepoint      ] Entering safepoint region: ParallelGCFailedAllocation
[3756.077s][info ][gc,start       ] GC(402) Pause Young (Allocation Failure)
[3756.082s][debug][gc,phases      ] GC(402) Scavenge 5.336ms
[3756.082s][debug][gc,ref         ] GC(402) Skipped phase1 of Reference Processing due to unavailable references
[3756.082s][debug][gc,ref         ] GC(402) Skipped phase3 of Reference Processing due to unavailable references
[3756.082s][debug][gc,phases      ] GC(402) Reference Processing 0.029ms
[3756.082s][debug][gc,phases      ] GC(402) Weak Processing 0.138ms
[3756.083s][debug][gc,phases      ] GC(402) Scrub String Table 0.451ms
[3756.083s][debug][gc,age         ] GC(402) Desired survivor size 24641536 bytes, new threshold 15 (max threshold 15)
[3756.083s][info ][gc,heap        ] GC(402) PSYoungGen: 2063136K->14144K(2073088K)
[3756.083s][info ][gc,heap        ] GC(402) ParOldGen: 425839K->425895K(578048K)
[3756.083s][info ][gc,metaspace   ] GC(402) Metaspace: 76818K->76818K(1120256K)
[3756.083s][info ][gc             ] GC(402) Pause Young (Allocation Failure) 2430M->429M(2589M) 6.075ms
[3756.083s][info ][gc,cpu         ] GC(402) User=0.02s Sys=0.00s Real=0.01s
[3756.083s][info ][safepoint      ] Leaving safepoint region
[3756.083s][info ][safepoint      ] Total time for which application threads were stopped: 0.0062639 seconds, Stopping threads took: 0.0000463 seconds
[3757.083s][info ][safepoint      ] Application time: 1.0000894 seconds
[3757.083s][info ][safepoint      ] Entering safepoint region: Cleanup
[3757.083s][info ][safepoint      ] Leaving safepoint region
[3757.083s][info ][safepoint      ] Total time for which application threads were stopped: 0.0000934 seconds, Stopping threads took: 0.0000182 seconds
[3758.088s][info ][safepoint      ] Application time: 1.0052992 seconds
[3758.088s][info ][safepoint      ] Entering safepoint region: Cleanup
[3758.088s][info ][safepoint      ] Leaving safepoint region
[3758.088s][info ][safepoint      ] Total time for which application threads were stopped: 0.0001028 seconds, Stopping threads took: 0.0000197 seconds
[3759.088s][info ][safepoint      ] Application time: 1.0000710 seconds
[3759.088s][info ][safepoint      ] Entering safepoint region: Cleanup
[3759.089s][info ][safepoint      ] Leaving safepoint region
[3759.089s][info ][safepoint      ] Total time for which application threads were stopped: 0.0000982 seconds, Stopping threads took: 0.0000197 seconds
[3760.089s][info ][safepoint      ] Application time: 1.0000737 seconds
[3760.089s][info ][safepoint      ] Entering safepoint region: Cleanup
[3760.089s][info ][safepoint      ] Leaving safepoint region
[3760.089s][info ][safepoint      ] Total time for which application threads were stopped: 0.0001108 seconds, Stopping threads took: 0.0000257 seconds
[3761.089s][info ][safepoint      ] Application time: 1.0000780 seconds
[3761.089s][info ][safepoint      ] Entering safepoint region: Cleanup
[3761.089s][info ][safepoint      ] Leaving safepoint region
[3761.089s][info ][safepoint      ] Total time for which application threads were stopped: 0.0000809 seconds, Stopping threads took: 0.0000205 seconds
[3762.089s][info ][safepoint      ] Application time: 1.0000724 seconds
[3762.089s][info ][safepoint      ] Entering safepoint region: Cleanup
[3762.089s][info ][safepoint      ] Leaving safepoint region
[3762.089s][info ][safepoint      ] Total time for which application threads were stopped: 0.0000781 seconds, Stopping threads took: 0.0000174 seconds
[3763.089s][info ][safepoint      ] Application time: 1.0000749 seconds
[3763.093s][info ][safepoint      ] Entering safepoint region: Cleanup
[3763.093s][info ][safepoint      ] Leaving safepoint region
[3763.093s][info ][safepoint      ] Total time for which application threads were stopped: 0.0035612 seconds, Stopping threads took: 0.0034687 seconds
[3764.093s][info ][safepoint      ] Application time: 1.0000992 seconds
[3764.093s][info ][safepoint      ] Entering safepoint region: Cleanup
[3764.093s][info ][safepoint      ] Leaving safepoint region
[3764.093s][info ][safepoint      ] Total time for which application threads were stopped: 0.0001025 seconds, Stopping threads took: 0.0000243 seconds
[3765.093s][info ][safepoint      ] Application time: 1.0000805 seconds
[3765.093s][info ][safepoint      ] Entering safepoint region: Cleanup
[3765.093s][info ][safepoint      ] Leaving safepoint region
[3765.093s][info ][safepoint      ] Total time for which application threads were stopped: 0.0001776 seconds, Stopping threads took: 0.0000888 seconds
[3766.094s][info ][safepoint      ] Application time: 1.0000685 seconds
[3766.094s][info ][safepoint      ] Entering safepoint region: Cleanup
[3766.094s][info ][safepoint      ] Leaving safepoint region
[3766.094s][info ][safepoint      ] Total time for which application threads were stopped: 0.0000910 seconds, Stopping threads took: 0.0000205 seconds
[3767.094s][info ][safepoint      ] Application time: 1.0000731 seconds
[3767.094s][info ][safepoint      ] Entering safepoint region: Cleanup
[3767.094s][info ][safepoint      ] Leaving safepoint region
[3767.094s][info ][safepoint      ] Total time for which application threads were stopped: 0.0001006 seconds, Stopping threads took: 0.0000306 seconds
[3768.094s][info ][safepoint      ] Application time: 1.0001638 seconds
[3768.094s][info ][safepoint      ] Entering safepoint region: Cleanup
[3768.094s][info ][safepoint      ] Leaving safepoint region
[3768.094s][info ][safepoint      ] Total time for which application threads were stopped: 0.0001450 seconds, Stopping threads took: 0.0000593 seconds
[3768.455s][info ][safepoint      ] Application time: 0.3603379 seconds
[3768.455s][info ][safepoint      ] Entering safepoint region: ParallelGCFailedAllocation
[3768.455s][info ][gc,start       ] GC(403) Pause Young (Allocation Failure)
[3768.461s][debug][gc,phases      ] GC(403) Scavenge 5.776ms
[3768.461s][debug][gc,ref         ] GC(403) Skipped phase1 of Reference Processing due to unavailable references
[3768.461s][debug][gc,ref         ] GC(403) Skipped phase3 of Reference Processing due to unavailable references
[3768.461s][debug][gc,phases      ] GC(403) Reference Processing 0.035ms
[3768.461s][debug][gc,phases      ] GC(403) Weak Processing 0.170ms
[3768.461s][debug][gc,phases      ] GC(403) Scrub String Table 0.532ms
[3768.461s][debug][gc,age         ] GC(403) Desired survivor size 25165824 bytes, new threshold 15 (max threshold 15)
[3768.461s][info ][gc,heap        ] GC(403) PSYoungGen: 2063168K->14208K(2072064K)
[3768.461s][info ][gc,heap        ] GC(403) ParOldGen: 425895K->426047K(578048K)
[3768.461s][info ][gc,metaspace   ] GC(403) Metaspace: 76819K->76819K(1120256K)
[3768.461s][info ][gc             ] GC(403) Pause Young (Allocation Failure) 2430M->429M(2588M) 6.689ms
[3768.462s][info ][gc,cpu         ] GC(403) User=0.02s Sys=0.00s Real=0.01s
[3768.462s][info ][safepoint      ] Leaving safepoint region
[3768.462s][info ][safepoint      ] Total time for which application threads were stopped: 0.0068755 seconds, Stopping threads took: 0.0000192 seconds
[3769.462s][info ][safepoint      ] Application time: 1.0000860 seconds
[3769.462s][info ][safepoint      ] Entering safepoint region: Cleanup
[3769.462s][info ][safepoint      ] Leaving safepoint region
[3769.462s][info ][safepoint      ] Total time for which application threads were stopped: 0.0001736 seconds, Stopping threads took: 0.0000687 seconds
[3770.462s][info ][safepoint      ] Application time: 1.0000800 seconds
[3770.462s][info ][safepoint      ] Entering safepoint region: Cleanup
[3770.462s][info ][safepoint      ] Leaving safepoint region
[3770.462s][info ][safepoint      ] Total time for which application threads were stopped: 0.0001182 seconds, Stopping threads took: 0.0000344 seconds
[3771.462s][info ][safepoint      ] Application time: 1.0000818 seconds
[3771.465s][info ][safepoint      ] Entering safepoint region: Cleanup
[3771.465s][info ][safepoint      ] Leaving safepoint region
[3771.465s][info ][safepoint      ] Total time for which application threads were stopped: 0.0025482 seconds, Stopping threads took: 0.0024761 seconds
[3772.465s][info ][safepoint      ] Application time: 1.0000782 seconds
[3772.465s][info ][safepoint      ] Entering safepoint region: Cleanup
[3772.465s][info ][safepoint      ] Leaving safepoint region
[3772.465s][info ][safepoint      ] Total time for which application threads were stopped: 0.0001072 seconds, Stopping threads took: 0.0000373 seconds
[3773.465s][info ][safepoint      ] Application time: 1.0000755 seconds
[3773.465s][info ][safepoint      ] Entering safepoint region: Cleanup
[3773.465s][info ][safepoint      ] Leaving safepoint region
[3773.465s][info ][safepoint      ] Total time for which application threads were stopped: 0.0001159 seconds, Stopping threads took: 0.0000368 seconds
[3774.465s][info ][safepoint      ] Application time: 1.0000790 seconds
[3774.465s][info ][safepoint      ] Entering safepoint region: Cleanup
[3774.465s][info ][safepoint      ] Leaving safepoint region
[3774.465s][info ][safepoint      ] Total time for which application threads were stopped: 0.0001100 seconds, Stopping threads took: 0.0000339 seconds
[3775.466s][info ][safepoint      ] Application time: 1.0000820 seconds
[3775.466s][info ][safepoint      ] Entering safepoint region: Cleanup
[3775.466s][info ][safepoint      ] Leaving safepoint region
[3775.466s][info ][safepoint      ] Total time for which application threads were stopped: 0.0001242 seconds, Stopping threads took: 0.0000515 seconds
[3776.466s][info ][safepoint      ] Application time: 1.0001005 seconds
[3776.466s][info ][safepoint      ] Entering safepoint region: Cleanup
[3776.466s][info ][safepoint      ] Leaving safepoint region
[3776.466s][info ][safepoint      ] Total time for which application threads were stopped: 0.0001209 seconds, Stopping threads took: 0.0000379 seconds
[3777.466s][info ][safepoint      ] Application time: 1.0000891 seconds
[3777.466s][info ][safepoint      ] Entering safepoint region: Cleanup
[3777.466s][info ][safepoint      ] Leaving safepoint region
[3777.466s][info ][safepoint      ] Total time for which application threads were stopped: 0.0000923 seconds, Stopping threads took: 0.0000329 seconds
[3778.466s][info ][safepoint      ] Application time: 1.0000878 seconds
[3778.466s][info ][safepoint      ] Entering safepoint region: Cleanup
[3778.466s][info ][safepoint      ] Leaving safepoint region
[3778.466s][info ][safepoint      ] Total time for which application threads were stopped: 0.0001204 seconds, Stopping threads took: 0.0000563 seconds
[3779.467s][info ][safepoint      ] Application time: 1.0000765 seconds
[3779.467s][info ][safepoint      ] Entering safepoint region: Cleanup
[3779.467s][info ][safepoint      ] Leaving safepoint region
[3779.467s][info ][safepoint      ] Total time for which application threads were stopped: 0.0001353 seconds, Stopping threads took: 0.0000522 seconds
[3780.464s][info ][safepoint      ] Application time: 0.9970051 seconds
[3780.464s][info ][safepoint      ] Entering safepoint region: ParallelGCFailedAllocation
[3780.464s][info ][gc,start       ] GC(404) Pause Young (Allocation Failure)
[3780.469s][debug][gc,phases      ] GC(404) Scavenge 5.050ms
[3780.469s][debug][gc,ref         ] GC(404) Skipped phase1 of Reference Processing due to unavailable references
[3780.469s][debug][gc,ref         ] GC(404) Skipped phase3 of Reference Processing due to unavailable references
[3780.469s][debug][gc,phases      ] GC(404) Reference Processing 0.032ms
[3780.469s][debug][gc,phases      ] GC(404) Weak Processing 0.155ms
[3780.470s][debug][gc,phases      ] GC(404) Scrub String Table 0.460ms
[3780.470s][debug][gc,age         ] GC(404) Desired survivor size 24641536 bytes, new threshold 15 (max threshold 15)
[3780.470s][info ][gc,heap        ] GC(404) PSYoungGen: 2062208K->13680K(2072576K)
[3780.470s][info ][gc,heap        ] GC(404) ParOldGen: 426047K->426447K(578048K)
[3780.470s][info ][gc,metaspace   ] GC(404) Metaspace: 76822K->76822K(1120256K)
[3780.470s][info ][gc             ] GC(404) Pause Young (Allocation Failure) 2429M->429M(2588M) 5.844ms
[3780.470s][info ][gc,cpu         ] GC(404) User=0.02s Sys=0.00s Real=0.00s
[3780.470s][info ][safepoint      ] Leaving safepoint region
[3780.470s][info ][safepoint      ] Total time for which application threads were stopped: 0.0060422 seconds, Stopping threads took: 0.0000188 seconds
[3781.470s][info ][safepoint      ] Application time: 1.0000810 seconds
[3781.470s][info ][safepoint      ] Entering safepoint region: Cleanup
[3781.470s][info ][safepoint      ] Leaving safepoint region
[3781.470s][info ][safepoint      ] Total time for which application threads were stopped: 0.0000881 seconds, Stopping threads took: 0.0000320 seconds
[3782.470s][info ][safepoint      ] Application time: 1.0000852 seconds
[3782.470s][info ][safepoint      ] Entering safepoint region: Cleanup
[3782.470s][info ][safepoint      ] Leaving safepoint region
[3782.470s][info ][safepoint      ] Total time for which application threads were stopped: 0.0001496 seconds, Stopping threads took: 0.0000806 seconds
[3783.328s][info ][safepoint      ] Application time: 0.8574555 seconds
[3783.328s][info ][safepoint      ] Entering safepoint region: RevokeBias
[3783.328s][info ][safepoint      ] Leaving safepoint region
[3783.328s][info ][safepoint      ] Total time for which application threads were stopped: 0.0001225 seconds, Stopping threads took: 0.0000501 seconds
[3784.328s][info ][safepoint      ] Application time: 1.0000885 seconds
[3784.328s][info ][safepoint      ] Entering safepoint region: Cleanup
[3784.328s][info ][safepoint      ] Leaving safepoint region
[3784.328s][info ][safepoint      ] Total time for which application threads were stopped: 0.0001468 seconds, Stopping threads took: 0.0000750 seconds
[3785.328s][info ][safepoint      ] Application time: 1.0000765 seconds
[3785.328s][info ][safepoint      ] Entering safepoint region: Cleanup
[3785.328s][info ][safepoint      ] Leaving safepoint region
[3785.328s][info ][safepoint      ] Total time for which application threads were stopped: 0.0000671 seconds, Stopping threads took: 0.0000119 seconds
[3786.328s][info ][safepoint      ] Application time: 1.0000400 seconds
[3786.329s][info ][safepoint      ] Entering safepoint region: Cleanup
[3786.329s][info ][safepoint      ] Leaving safepoint region
[3786.329s][info ][safepoint      ] Total time for which application threads were stopped: 0.0000613 seconds, Stopping threads took: 0.0000130 seconds
[3787.329s][info ][safepoint      ] Application time: 1.0000689 seconds
[3787.329s][info ][safepoint      ] Entering safepoint region: Cleanup
[3787.329s][info ][safepoint      ] Leaving safepoint region
[3787.329s][info ][safepoint      ] Total time for which application threads were stopped: 0.0000714 seconds, Stopping threads took: 0.0000143 seconds
[3788.329s][info ][safepoint      ] Application time: 1.0000778 seconds
[3788.329s][info ][safepoint      ] Entering safepoint region: Cleanup
[3788.329s][info ][safepoint      ] Leaving safepoint region
[3788.329s][info ][safepoint      ] Total time for which application threads were stopped: 0.0000769 seconds, Stopping threads took: 0.0000171 seconds
[3789.329s][info ][safepoint      ] Application time: 1.0000680 seconds
[3789.329s][info ][safepoint      ] Entering safepoint region: Cleanup
[3789.329s][info ][safepoint      ] Leaving safepoint region
[3789.329s][info ][safepoint      ] Total time for which application threads were stopped: 0.0000790 seconds, Stopping threads took: 0.0000182 seconds
[3790.329s][info ][safepoint      ] Application time: 1.0000783 seconds
[3790.329s][info ][safepoint      ] Entering safepoint region: Cleanup
[3790.329s][info ][safepoint      ] Leaving safepoint region
[3790.329s][info ][safepoint      ] Total time for which application threads were stopped: 0.0000645 seconds, Stopping threads took: 0.0000144 seconds
[3791.329s][info ][safepoint      ] Application time: 1.0000550 seconds
[3791.329s][info ][safepoint      ] Entering safepoint region: Cleanup
[3791.329s][info ][safepoint      ] Leaving safepoint region
[3791.329s][info ][safepoint      ] Total time for which application threads were stopped: 0.0000655 seconds, Stopping threads took: 0.0000145 seconds
[3792.330s][info ][safepoint      ] Application time: 1.0000699 seconds
[3792.330s][info ][safepoint      ] Entering safepoint region: Cleanup
[3792.330s][info ][safepoint      ] Leaving safepoint region
[3792.330s][info ][safepoint      ] Total time for which application threads were stopped: 0.0001209 seconds, Stopping threads took: 0.0000471 seconds
[3792.518s][info ][safepoint      ] Application time: 0.1887039 seconds
[3792.518s][info ][safepoint      ] Entering safepoint region: ParallelGCFailedAllocation
[3792.519s][info ][gc,start       ] GC(405) Pause Young (Allocation Failure)
[3792.523s][debug][gc,phases      ] GC(405) Scavenge 4.610ms
[3792.523s][debug][gc,ref         ] GC(405) Skipped phase1 of Reference Processing due to unavailable references
[3792.523s][debug][gc,ref         ] GC(405) Skipped phase3 of Reference Processing due to unavailable references
[3792.523s][debug][gc,phases      ] GC(405) Reference Processing 0.030ms
[3792.523s][debug][gc,phases      ] GC(405) Weak Processing 0.135ms
[3792.524s][debug][gc,phases      ] GC(405) Scrub String Table 0.426ms
[3792.524s][debug][gc,age         ] GC(405) Desired survivor size 24641536 bytes, new threshold 15 (max threshold 15)
[3792.524s][info ][gc,heap        ] GC(405) PSYoungGen: 2061680K->13680K(2073088K)
[3792.524s][info ][gc,heap        ] GC(405) ParOldGen: 426447K->426511K(578048K)
[3792.524s][info ][gc,metaspace   ] GC(405) Metaspace: 76822K->76822K(1120256K)
[3792.524s][info ][gc             ] GC(405) Pause Young (Allocation Failure) 2429M->429M(2589M) 5.329ms
[3792.524s][info ][gc,cpu         ] GC(405) User=0.01s Sys=0.00s Real=0.01s
[3792.524s][info ][safepoint      ] Leaving safepoint region
[3792.524s][info ][safepoint      ] Total time for which application threads were stopped: 0.0054863 seconds, Stopping threads took: 0.0000119 seconds
[3793.524s][info ][safepoint      ] Application time: 1.0000291 seconds
[3793.524s][info ][safepoint      ] Entering safepoint region: Cleanup
[3793.524s][info ][safepoint      ] Leaving safepoint region
[3793.524s][info ][safepoint      ] Total time for which application threads were stopped: 0.0000548 seconds, Stopping threads took: 0.0000112 seconds
[3794.524s][info ][safepoint      ] Application time: 1.0000690 seconds
[3794.524s][info ][safepoint      ] Entering safepoint region: Cleanup
[3794.524s][info ][safepoint      ] Leaving safepoint region
[3794.524s][info ][safepoint      ] Total time for which application threads were stopped: 0.0000568 seconds, Stopping threads took: 0.0000128 seconds
[3795.424s][info ][safepoint      ] Application time: 0.8997670 seconds
[3795.424s][info ][safepoint      ] Entering safepoint region: RevokeBias
[3795.424s][info ][safepoint      ] Leaving safepoint region
[3795.424s][info ][safepoint      ] Total time for which application threads were stopped: 0.0000964 seconds, Stopping threads took: 0.0000120 seconds
[3796.424s][info ][safepoint      ] Application time: 1.0000724 seconds
[3796.424s][info ][safepoint      ] Entering safepoint region: Cleanup
[3796.424s][info ][safepoint      ] Leaving safepoint region
[3796.424s][info ][safepoint      ] Total time for which application threads were stopped: 0.0000818 seconds, Stopping threads took: 0.0000367 seconds
[3797.424s][info ][safepoint      ] Application time: 1.0000822 seconds
[3797.425s][info ][safepoint      ] Entering safepoint region: Cleanup
[3797.425s][info ][safepoint      ] Leaving safepoint region
[3797.425s][info ][safepoint      ] Total time for which application threads were stopped: 0.0000618 seconds, Stopping threads took: 0.0000146 seconds
[3798.425s][info ][safepoint      ] Application time: 1.0000679 seconds
[3798.425s][info ][safepoint      ] Entering safepoint region: Cleanup
[3798.425s][info ][safepoint      ] Leaving safepoint region
[3798.425s][info ][safepoint      ] Total time for which application threads were stopped: 0.0000573 seconds, Stopping threads took: 0.0000119 seconds
[3799.425s][info ][safepoint      ] Application time: 1.0000631 seconds
[3799.425s][info ][safepoint      ] Entering safepoint region: Cleanup
[3799.425s][info ][safepoint      ] Leaving safepoint region
[3799.425s][info ][safepoint      ] Total time for which application threads were stopped: 0.0000573 seconds, Stopping threads took: 0.0000129 seconds
[3800.425s][info ][safepoint      ] Application time: 1.0000179 seconds
[3800.425s][info ][safepoint      ] Entering safepoint region: Cleanup
[3800.425s][info ][safepoint      ] Leaving safepoint region
[3800.425s][info ][safepoint      ] Total time for which application threads were stopped: 0.0000531 seconds, Stopping threads took: 0.0000109 seconds
[3801.425s][info ][safepoint      ] Application time: 1.0000704 seconds
[3801.425s][info ][safepoint      ] Entering safepoint region: Cleanup
[3801.425s][info ][safepoint      ] Leaving safepoint region
[3801.425s][info ][safepoint      ] Total time for which application threads were stopped: 0.0000561 seconds, Stopping threads took: 0.0000121 seconds
[3802.425s][info ][safepoint      ] Application time: 1.0000678 seconds
[3802.425s][info ][safepoint      ] Entering safepoint region: Cleanup
[3802.425s][info ][safepoint      ] Leaving safepoint region
[3802.425s][info ][safepoint      ] Total time for which application threads were stopped: 0.0000629 seconds, Stopping threads took: 0.0000131 seconds
[3803.425s][info ][safepoint      ] Application time: 1.0000644 seconds
[3803.425s][info ][safepoint      ] Entering safepoint region: Cleanup
[3803.426s][info ][safepoint      ] Leaving safepoint region
[3803.426s][info ][safepoint      ] Total time for which application threads were stopped: 0.0000566 seconds, Stopping threads took: 0.0000127 seconds
[3804.426s][info ][safepoint      ] Application time: 1.0000690 seconds
[3804.426s][info ][safepoint      ] Entering safepoint region: Cleanup
[3804.426s][info ][safepoint      ] Leaving safepoint region
[3804.426s][info ][safepoint      ] Total time for which application threads were stopped: 0.0000684 seconds, Stopping threads took: 0.0000170 seconds
[3804.803s][info ][safepoint      ] Application time: 0.3774246 seconds
[3804.803s][info ][safepoint      ] Entering safepoint region: ParallelGCFailedAllocation
[3804.803s][info ][gc,start       ] GC(406) Pause Young (Allocation Failure)
[3804.809s][debug][gc,phases      ] GC(406) Scavenge 5.144ms
[3804.809s][debug][gc,ref         ] GC(406) Skipped phase1 of Reference Processing due to unavailable references
[3804.809s][debug][gc,ref         ] GC(406) Skipped phase3 of Reference Processing due to unavailable references
[3804.809s][debug][gc,phases      ] GC(406) Reference Processing 0.035ms
[3804.809s][debug][gc,phases      ] GC(406) Weak Processing 0.193ms
[3804.809s][debug][gc,phases      ] GC(406) Scrub String Table 0.568ms
[3804.809s][debug][gc,age         ] GC(406) Desired survivor size 24117248 bytes, new threshold 15 (max threshold 15)
[3804.809s][info ][gc,heap        ] GC(406) PSYoungGen: 2062704K->13776K(2073088K)
[3804.809s][info ][gc,heap        ] GC(406) ParOldGen: 426511K->426543K(578048K)
[3804.809s][info ][gc,metaspace   ] GC(406) Metaspace: 76833K->76833K(1120256K)
[3804.809s][info ][gc             ] GC(406) Pause Young (Allocation Failure) 2430M->430M(2589M) 6.112ms
[3804.809s][info ][gc,cpu         ] GC(406) User=0.02s Sys=0.00s Real=0.00s
[3804.809s][info ][safepoint      ] Leaving safepoint region
[3804.809s][info ][safepoint      ] Total time for which application threads were stopped: 0.0063048 seconds, Stopping threads took: 0.0000173 seconds
[3805.810s][info ][safepoint      ] Application time: 1.0000982 seconds
[3805.810s][info ][safepoint      ] Entering safepoint region: Cleanup
[3805.810s][info ][safepoint      ] Leaving safepoint region
[3805.810s][info ][safepoint      ] Total time for which application threads were stopped: 0.0001005 seconds, Stopping threads took: 0.0000372 seconds
[3806.810s][info ][safepoint      ] Application time: 1.0000843 seconds
[3806.810s][info ][safepoint      ] Entering safepoint region: Cleanup
[3806.810s][info ][safepoint      ] Leaving safepoint region
[3806.810s][info ][safepoint      ] Total time for which application threads were stopped: 0.0001051 seconds, Stopping threads took: 0.0000466 seconds
[3807.810s][info ][safepoint      ] Application time: 1.0000789 seconds
[3807.810s][info ][safepoint      ] Entering safepoint region: Cleanup
[3807.810s][info ][safepoint      ] Leaving safepoint region
[3807.810s][info ][safepoint      ] Total time for which application threads were stopped: 0.0001092 seconds, Stopping threads took: 0.0000483 seconds
[3808.810s][info ][safepoint      ] Application time: 1.0000758 seconds
[3808.810s][info ][safepoint      ] Entering safepoint region: Cleanup
[3808.810s][info ][safepoint      ] Leaving safepoint region
[3808.810s][info ][safepoint      ] Total time for which application threads were stopped: 0.0001008 seconds, Stopping threads took: 0.0000452 seconds
[3809.810s][info ][safepoint      ] Application time: 1.0000790 seconds
[3809.811s][info ][safepoint      ] Entering safepoint region: Cleanup
[3809.811s][info ][safepoint      ] Leaving safepoint region
[3809.811s][info ][safepoint      ] Total time for which application threads were stopped: 0.0000988 seconds, Stopping threads took: 0.0000418 seconds
[3810.811s][info ][safepoint      ] Application time: 1.0000861 seconds
[3810.811s][info ][safepoint      ] Entering safepoint region: Cleanup
[3810.811s][info ][safepoint      ] Leaving safepoint region
[3810.811s][info ][safepoint      ] Total time for which application threads were stopped: 0.0000901 seconds, Stopping threads took: 0.0000337 seconds
[3811.811s][info ][safepoint      ] Application time: 1.0000805 seconds
[3811.811s][info ][safepoint      ] Entering safepoint region: Cleanup
[3811.811s][info ][safepoint      ] Leaving safepoint region
[3811.811s][info ][safepoint      ] Total time for which application threads were stopped: 0.0000966 seconds, Stopping threads took: 0.0000373 seconds
[3812.811s][info ][safepoint      ] Application time: 1.0000776 seconds
[3812.811s][info ][safepoint      ] Entering safepoint region: Cleanup
[3812.811s][info ][safepoint      ] Leaving safepoint region
[3812.811s][info ][safepoint      ] Total time for which application threads were stopped: 0.0001122 seconds, Stopping threads took: 0.0000550 seconds
[3813.811s][info ][safepoint      ] Application time: 1.0000764 seconds
[3813.811s][info ][safepoint      ] Entering safepoint region: Cleanup
[3813.812s][info ][safepoint      ] Leaving safepoint region
[3813.812s][info ][safepoint      ] Total time for which application threads were stopped: 0.0000932 seconds, Stopping threads took: 0.0000331 seconds
[3814.812s][info ][safepoint      ] Application time: 1.0000798 seconds
[3814.812s][info ][safepoint      ] Entering safepoint region: Cleanup
[3814.812s][info ][safepoint      ] Leaving safepoint region
[3814.812s][info ][safepoint      ] Total time for which application threads were stopped: 0.0001134 seconds, Stopping threads took: 0.0000391 seconds
[3815.812s][info ][safepoint      ] Application time: 1.0000770 seconds
[3815.812s][info ][safepoint      ] Entering safepoint region: Cleanup
[3815.812s][info ][safepoint      ] Leaving safepoint region
[3815.812s][info ][safepoint      ] Total time for which application threads were stopped: 0.0001053 seconds, Stopping threads took: 0.0000485 seconds
[3816.812s][info ][safepoint      ] Application time: 1.0000710 seconds
[3816.812s][info ][safepoint      ] Entering safepoint region: Cleanup
[3816.812s][info ][safepoint      ] Leaving safepoint region
[3816.812s][info ][safepoint      ] Total time for which application threads were stopped: 0.0001049 seconds, Stopping threads took: 0.0000534 seconds
[3817.162s][info ][safepoint      ] Application time: 0.3500023 seconds
[3817.162s][info ][safepoint      ] Entering safepoint region: ParallelGCFailedAllocation
[3817.162s][info ][gc,start       ] GC(407) Pause Young (Allocation Failure)
[3817.167s][debug][gc,phases      ] GC(407) Scavenge 4.974ms
[3817.167s][debug][gc,ref         ] GC(407) Skipped phase1 of Reference Processing due to unavailable references
[3817.167s][debug][gc,ref         ] GC(407) Skipped phase2 of Reference Processing due to unavailable references
[3817.167s][debug][gc,ref         ] GC(407) Skipped phase3 of Reference Processing due to unavailable references
[3817.167s][debug][gc,ref         ] GC(407) Skipped phase4 of Reference Processing due to unavailable references
[3817.167s][debug][gc,phases      ] GC(407) Reference Processing 0.028ms
[3817.168s][debug][gc,phases      ] GC(407) Weak Processing 0.142ms
[3817.168s][debug][gc,phases      ] GC(407) Scrub String Table 0.464ms
[3817.168s][debug][gc,age         ] GC(407) Desired survivor size 23068672 bytes, new threshold 15 (max threshold 15)
[3817.168s][info ][gc,heap        ] GC(407) PSYoungGen: 2062800K->9488K(2074624K)
[3817.168s][info ][gc,heap        ] GC(407) ParOldGen: 426543K->430655K(578048K)
[3817.168s][info ][gc,metaspace   ] GC(407) Metaspace: 76835K->76835K(1120256K)
[3817.168s][info ][gc             ] GC(407) Pause Young (Allocation Failure) 2431M->429M(2590M) 5.739ms
[3817.168s][info ][gc,cpu         ] GC(407) User=0.02s Sys=0.00s Real=0.00s
[3817.168s][info ][safepoint      ] Leaving safepoint region
[3817.168s][info ][safepoint      ] Total time for which application threads were stopped: 0.0059189 seconds, Stopping threads took: 0.0000121 seconds
[3818.168s][info ][safepoint      ] Application time: 1.0000792 seconds
[3818.168s][info ][safepoint      ] Entering safepoint region: Cleanup
[3818.168s][info ][safepoint      ] Leaving safepoint region
[3818.168s][info ][safepoint      ] Total time for which application threads were stopped: 0.0000891 seconds, Stopping threads took: 0.0000358 seconds
[3819.168s][info ][safepoint      ] Application time: 1.0000902 seconds
[3819.169s][info ][safepoint      ] Entering safepoint region: Cleanup
[3819.169s][info ][safepoint      ] Leaving safepoint region
[3819.169s][info ][safepoint      ] Total time for which application threads were stopped: 0.0000961 seconds, Stopping threads took: 0.0000362 seconds
[3820.169s][info ][safepoint      ] Application time: 1.0000694 seconds
[3820.169s][info ][safepoint      ] Entering safepoint region: Cleanup
[3820.169s][info ][safepoint      ] Leaving safepoint region
[3820.169s][info ][safepoint      ] Total time for which application threads were stopped: 0.0000824 seconds, Stopping threads took: 0.0000329 seconds
[3821.169s][info ][safepoint      ] Application time: 1.0000762 seconds
[3821.169s][info ][safepoint      ] Entering safepoint region: Cleanup
[3821.169s][info ][safepoint      ] Leaving safepoint region
[3821.169s][info ][safepoint      ] Total time for which application threads were stopped: 0.0000895 seconds, Stopping threads took: 0.0000325 seconds
[3822.169s][info ][safepoint      ] Application time: 1.0000797 seconds
[3822.169s][info ][safepoint      ] Entering safepoint region: Cleanup
[3822.169s][info ][safepoint      ] Leaving safepoint region
[3822.169s][info ][safepoint      ] Total time for which application threads were stopped: 0.0000887 seconds, Stopping threads took: 0.0000321 seconds
[3823.169s][info ][safepoint      ] Application time: 1.0000739 seconds
[3823.169s][info ][safepoint      ] Entering safepoint region: Cleanup
[3823.169s][info ][safepoint      ] Leaving safepoint region
[3823.169s][info ][safepoint      ] Total time for which application threads were stopped: 0.0001020 seconds, Stopping threads took: 0.0000367 seconds
[3824.170s][info ][safepoint      ] Application time: 1.0000861 seconds
[3824.170s][info ][safepoint      ] Entering safepoint region: Cleanup
[3824.170s][info ][safepoint      ] Leaving safepoint region
[3824.170s][info ][safepoint      ] Total time for which application threads were stopped: 0.0001798 seconds, Stopping threads took: 0.0000422 seconds
[3825.170s][info ][safepoint      ] Application time: 1.0000857 seconds
[3825.170s][info ][safepoint      ] Entering safepoint region: Cleanup
[3825.170s][info ][safepoint      ] Leaving safepoint region
[3825.170s][info ][safepoint      ] Total time for which application threads were stopped: 0.0000840 seconds, Stopping threads took: 0.0000327 seconds
[3826.170s][info ][safepoint      ] Application time: 1.0000725 seconds
[3826.170s][info ][safepoint      ] Entering safepoint region: Cleanup
[3826.170s][info ][safepoint      ] Leaving safepoint region
[3826.170s][info ][safepoint      ] Total time for which application threads were stopped: 0.0000988 seconds, Stopping threads took: 0.0000439 seconds
[3827.170s][info ][safepoint      ] Application time: 1.0000820 seconds
[3827.170s][info ][safepoint      ] Entering safepoint region: Cleanup
[3827.170s][info ][safepoint      ] Leaving safepoint region
[3827.170s][info ][safepoint      ] Total time for which application threads were stopped: 0.0001095 seconds, Stopping threads took: 0.0000470 seconds
[3828.171s][info ][safepoint      ] Application time: 1.0000775 seconds
[3828.171s][info ][safepoint      ] Entering safepoint region: Cleanup
[3828.171s][info ][safepoint      ] Leaving safepoint region
[3828.171s][info ][safepoint      ] Total time for which application threads were stopped: 0.0000961 seconds, Stopping threads took: 0.0000341 seconds
[3829.171s][info ][safepoint      ] Application time: 1.0000754 seconds
[3829.171s][info ][safepoint      ] Entering safepoint region: Cleanup
[3829.171s][info ][safepoint      ] Leaving safepoint region
[3829.171s][info ][safepoint      ] Total time for which application threads were stopped: 0.0000900 seconds, Stopping threads took: 0.0000342 seconds
[3829.655s][info ][safepoint      ] Application time: 0.4840270 seconds
[3829.655s][info ][safepoint      ] Entering safepoint region: ParallelGCFailedAllocation
[3829.655s][info ][gc,start       ] GC(408) Pause Young (Allocation Failure)
[3829.659s][debug][gc,phases      ] GC(408) Scavenge 4.166ms
[3829.659s][debug][gc,ref         ] GC(408) Skipped phase1 of Reference Processing due to unavailable references
[3829.659s][debug][gc,ref         ] GC(408) Skipped phase2 of Reference Processing due to unavailable references
[3829.659s][debug][gc,ref         ] GC(408) Skipped phase3 of Reference Processing due to unavailable references
[3829.659s][debug][gc,ref         ] GC(408) Skipped phase4 of Reference Processing due to unavailable references
[3829.659s][debug][gc,phases      ] GC(408) Reference Processing 0.027ms
[3829.659s][debug][gc,phases      ] GC(408) Weak Processing 0.136ms
[3829.660s][debug][gc,phases      ] GC(408) Scrub String Table 0.419ms
[3829.660s][debug][gc,age         ] GC(408) Desired survivor size 22544384 bytes, new threshold 15 (max threshold 15)
[3829.660s][info ][gc,heap        ] GC(408) PSYoungGen: 2060560K->8256K(2073600K)
[3829.660s][info ][gc,heap        ] GC(408) ParOldGen: 430655K->431823K(578048K)
[3829.660s][info ][gc,metaspace   ] GC(408) Metaspace: 76839K->76839K(1120256K)
[3829.660s][info ][gc             ] GC(408) Pause Young (Allocation Failure) 2432M->429M(2589M) 4.887ms
[3829.660s][info ][gc,cpu         ] GC(408) User=0.01s Sys=0.00s Real=0.00s
[3829.660s][info ][safepoint      ] Leaving safepoint region
[3829.660s][info ][safepoint      ] Total time for which application threads were stopped: 0.0050409 seconds, Stopping threads took: 0.0000122 seconds
[3830.660s][info ][safepoint      ] Application time: 1.0000744 seconds
[3830.660s][info ][safepoint      ] Entering safepoint region: Cleanup
[3830.660s][info ][safepoint      ] Leaving safepoint region
[3830.660s][info ][safepoint      ] Total time for which application threads were stopped: 0.0001427 seconds, Stopping threads took: 0.0000479 seconds
[3831.660s][info ][safepoint      ] Application time: 1.0000851 seconds
[3831.660s][info ][safepoint      ] Entering safepoint region: Cleanup
[3831.661s][info ][safepoint      ] Leaving safepoint region
[3831.661s][info ][safepoint      ] Total time for which application threads were stopped: 0.0001549 seconds, Stopping threads took: 0.0000766 seconds
[3832.661s][info ][safepoint      ] Application time: 1.0000865 seconds
[3832.661s][info ][safepoint      ] Entering safepoint region: Cleanup
[3832.661s][info ][safepoint      ] Leaving safepoint region
[3832.661s][info ][safepoint      ] Total time for which application threads were stopped: 0.0001415 seconds, Stopping threads took: 0.0000557 seconds
[3833.661s][info ][safepoint      ] Application time: 1.0000806 seconds
[3833.661s][info ][safepoint      ] Entering safepoint region: Cleanup
[3833.661s][info ][safepoint      ] Leaving safepoint region
[3833.661s][info ][safepoint      ] Total time for which application threads were stopped: 0.0001095 seconds, Stopping threads took: 0.0000411 seconds
[3834.661s][info ][safepoint      ] Application time: 1.0000732 seconds
[3834.661s][info ][safepoint      ] Entering safepoint region: Cleanup
[3834.661s][info ][safepoint      ] Leaving safepoint region
[3834.661s][info ][safepoint      ] Total time for which application threads were stopped: 0.0001396 seconds, Stopping threads took: 0.0000762 seconds
[3835.661s][info ][safepoint      ] Application time: 1.0000795 seconds
[3835.662s][info ][safepoint      ] Entering safepoint region: Cleanup
[3835.662s][info ][safepoint      ] Leaving safepoint region
[3835.662s][info ][safepoint      ] Total time for which application threads were stopped: 0.0001571 seconds, Stopping threads took: 0.0000604 seconds
[3836.662s][info ][safepoint      ] Application time: 1.0000747 seconds
[3836.662s][info ][safepoint      ] Entering safepoint region: Cleanup
[3836.662s][info ][safepoint      ] Leaving safepoint region
[3836.662s][info ][safepoint      ] Total time for which application threads were stopped: 0.0001035 seconds, Stopping threads took: 0.0000380 seconds
[3837.662s][info ][safepoint      ] Application time: 1.0000715 seconds
[3837.662s][info ][safepoint      ] Entering safepoint region: Cleanup
[3837.662s][info ][safepoint      ] Leaving safepoint region
[3837.662s][info ][safepoint      ] Total time for which application threads were stopped: 0.0001195 seconds, Stopping threads took: 0.0000484 seconds
[3838.662s][info ][safepoint      ] Application time: 1.0000727 seconds
[3838.662s][info ][safepoint      ] Entering safepoint region: Cleanup
[3838.662s][info ][safepoint      ] Leaving safepoint region
[3838.662s][info ][safepoint      ] Total time for which application threads were stopped: 0.0000990 seconds, Stopping threads took: 0.0000334 seconds
[3839.662s][info ][safepoint      ] Application time: 1.0000839 seconds
[3839.663s][info ][safepoint      ] Entering safepoint region: Cleanup
[3839.663s][info ][safepoint      ] Leaving safepoint region
[3839.663s][info ][safepoint      ] Total time for which application threads were stopped: 0.0001195 seconds, Stopping threads took: 0.0000376 seconds
[3840.663s][info ][safepoint      ] Application time: 1.0000873 seconds
[3840.663s][info ][safepoint      ] Entering safepoint region: Cleanup
[3840.663s][info ][safepoint      ] Leaving safepoint region
[3840.663s][info ][safepoint      ] Total time for which application threads were stopped: 0.0001259 seconds, Stopping threads took: 0.0000332 seconds
[3841.663s][info ][safepoint      ] Application time: 1.0000737 seconds
[3841.663s][info ][safepoint      ] Entering safepoint region: Cleanup
[3841.663s][info ][safepoint      ] Leaving safepoint region
[3841.663s][info ][safepoint      ] Total time for which application threads were stopped: 0.0001137 seconds, Stopping threads took: 0.0000428 seconds
[3842.111s][info ][safepoint      ] Application time: 0.4477588 seconds
[3842.111s][info ][safepoint      ] Entering safepoint region: ParallelGCFailedAllocation
[3842.111s][info ][gc,start       ] GC(409) Pause Young (Allocation Failure)
[3842.115s][debug][gc,phases      ] GC(409) Scavenge 3.778ms
[3842.115s][debug][gc,ref         ] GC(409) Skipped phase1 of Reference Processing due to unavailable references
[3842.115s][debug][gc,ref         ] GC(409) Skipped phase2 of Reference Processing due to unavailable references
[3842.115s][debug][gc,ref         ] GC(409) Skipped phase3 of Reference Processing due to unavailable references
[3842.115s][debug][gc,phases      ] GC(409) Reference Processing 0.029ms
[3842.115s][debug][gc,phases      ] GC(409) Weak Processing 0.119ms
[3842.115s][debug][gc,phases      ] GC(409) Scrub String Table 0.430ms
[3842.115s][debug][gc,age         ] GC(409) Desired survivor size 22020096 bytes, new threshold 15 (max threshold 15)
[3842.115s][info ][gc,heap        ] GC(409) PSYoungGen: 2059328K->8080K(2075648K)
[3842.115s][info ][gc,heap        ] GC(409) ParOldGen: 431823K->431855K(578048K)
[3842.115s][info ][gc,metaspace   ] GC(409) Metaspace: 76851K->76851K(1120256K)
[3842.115s][info ][gc             ] GC(409) Pause Young (Allocation Failure) 2432M->429M(2591M) 4.485ms
[3842.115s][info ][gc,cpu         ] GC(409) User=0.01s Sys=0.00s Real=0.01s
[3842.116s][info ][safepoint      ] Leaving safepoint region
[3842.116s][info ][safepoint      ] Total time for which application threads were stopped: 0.0046359 seconds, Stopping threads took: 0.0000117 seconds
[3843.116s][info ][safepoint      ] Application time: 1.0000714 seconds
[3843.116s][info ][safepoint      ] Entering safepoint region: Cleanup
[3843.116s][info ][safepoint      ] Leaving safepoint region
[3843.116s][info ][safepoint      ] Total time for which application threads were stopped: 0.0001030 seconds, Stopping threads took: 0.0000332 seconds
[3844.116s][info ][safepoint      ] Application time: 1.0000781 seconds
[3844.116s][info ][safepoint      ] Entering safepoint region: Cleanup
[3844.116s][info ][safepoint      ] Leaving safepoint region
[3844.116s][info ][safepoint      ] Total time for which application threads were stopped: 0.0001044 seconds, Stopping threads took: 0.0000313 seconds
[3845.116s][info ][safepoint      ] Application time: 1.0000724 seconds
[3845.116s][info ][safepoint      ] Entering safepoint region: Cleanup
[3845.116s][info ][safepoint      ] Leaving safepoint region
[3845.116s][info ][safepoint      ] Total time for which application threads were stopped: 0.0001168 seconds, Stopping threads took: 0.0000495 seconds
[3846.116s][info ][safepoint      ] Application time: 1.0000790 seconds
[3846.116s][info ][safepoint      ] Entering safepoint region: Cleanup
[3846.116s][info ][safepoint      ] Leaving safepoint region
[3846.116s][info ][safepoint      ] Total time for which application threads were stopped: 0.0001013 seconds, Stopping threads took: 0.0000393 seconds
[3847.117s][info ][safepoint      ] Application time: 1.0000713 seconds
[3847.117s][info ][safepoint      ] Entering safepoint region: Cleanup
[3847.117s][info ][safepoint      ] Leaving safepoint region
[3847.117s][info ][safepoint      ] Total time for which application threads were stopped: 0.0001097 seconds, Stopping threads took: 0.0000499 seconds
[3848.117s][info ][safepoint      ] Application time: 1.0000783 seconds
[3848.117s][info ][safepoint      ] Entering safepoint region: Cleanup
[3848.117s][info ][safepoint      ] Leaving safepoint region
[3848.117s][info ][safepoint      ] Total time for which application threads were stopped: 0.0001201 seconds, Stopping threads took: 0.0000534 seconds
[3849.117s][info ][safepoint      ] Application time: 1.0000779 seconds
[3849.117s][info ][safepoint      ] Entering safepoint region: Cleanup
[3849.117s][info ][safepoint      ] Leaving safepoint region
[3849.117s][info ][safepoint      ] Total time for which application threads were stopped: 0.0001049 seconds, Stopping threads took: 0.0000506 seconds
[3850.117s][info ][safepoint      ] Application time: 1.0000728 seconds
[3850.117s][info ][safepoint      ] Entering safepoint region: Cleanup
[3850.117s][info ][safepoint      ] Leaving safepoint region
[3850.117s][info ][safepoint      ] Total time for which application threads were stopped: 0.0000960 seconds, Stopping threads took: 0.0000401 seconds
[3851.117s][info ][safepoint      ] Application time: 1.0000846 seconds
[3851.118s][info ][safepoint      ] Entering safepoint region: Cleanup
[3851.118s][info ][safepoint      ] Leaving safepoint region
[3851.118s][info ][safepoint      ] Total time for which application threads were stopped: 0.0000875 seconds, Stopping threads took: 0.0000324 seconds
[3852.118s][info ][safepoint      ] Application time: 1.0000797 seconds
[3852.118s][info ][safepoint      ] Entering safepoint region: Cleanup
[3852.118s][info ][safepoint      ] Leaving safepoint region
[3852.118s][info ][safepoint      ] Total time for which application threads were stopped: 0.0001059 seconds, Stopping threads took: 0.0000369 seconds
[3853.118s][info ][safepoint      ] Application time: 1.0000772 seconds
[3853.118s][info ][safepoint      ] Entering safepoint region: Cleanup
[3853.118s][info ][safepoint      ] Leaving safepoint region
[3853.118s][info ][safepoint      ] Total time for which application threads were stopped: 0.0000962 seconds, Stopping threads took: 0.0000364 seconds
[3854.118s][info ][safepoint      ] Application time: 1.0000775 seconds
[3854.118s][info ][safepoint      ] Entering safepoint region: Cleanup
[3854.118s][info ][safepoint      ] Leaving safepoint region
[3854.118s][info ][safepoint      ] Total time for which application threads were stopped: 0.0000860 seconds, Stopping threads took: 0.0000332 seconds
[3854.673s][info ][safepoint      ] Application time: 0.5552320 seconds
[3854.674s][info ][safepoint      ] Entering safepoint region: ParallelGCFailedAllocation
[3854.674s][info ][gc,start       ] GC(410) Pause Young (Allocation Failure)
[3854.678s][debug][gc,phases      ] GC(410) Scavenge 4.139ms
[3854.678s][debug][gc,ref         ] GC(410) Skipped phase1 of Reference Processing due to unavailable references
[3854.678s][debug][gc,ref         ] GC(410) Skipped phase2 of Reference Processing due to unavailable references
[3854.678s][debug][gc,ref         ] GC(410) Skipped phase3 of Reference Processing due to unavailable references
[3854.678s][debug][gc,phases      ] GC(410) Reference Processing 0.037ms
[3854.678s][debug][gc,phases      ] GC(410) Weak Processing 0.173ms
[3854.679s][debug][gc,phases      ] GC(410) Scrub String Table 0.567ms
[3854.679s][debug][gc,age         ] GC(410) Desired survivor size 21495808 bytes, new threshold 15 (max threshold 15)
[3854.679s][info ][gc,heap        ] GC(410) PSYoungGen: 2061712K->8480K(2075136K)
[3854.679s][info ][gc,heap        ] GC(410) ParOldGen: 431855K->432983K(578048K)
[3854.679s][info ][gc,metaspace   ] GC(410) Metaspace: 76859K->76859K(1120256K)
[3854.679s][info ][gc             ] GC(410) Pause Young (Allocation Failure) 2435M->431M(2591M) 5.083ms
[3854.679s][info ][gc,cpu         ] GC(410) User=0.02s Sys=0.00s Real=0.00s
[3854.679s][info ][safepoint      ] Leaving safepoint region
[3854.679s][info ][safepoint      ] Total time for which application threads were stopped: 0.0052595 seconds, Stopping threads took: 0.0000307 seconds
[3855.679s][info ][safepoint      ] Application time: 1.0000811 seconds
[3855.679s][info ][safepoint      ] Entering safepoint region: Cleanup
[3855.679s][info ][safepoint      ] Leaving safepoint region
[3855.679s][info ][safepoint      ] Total time for which application threads were stopped: 0.0000748 seconds, Stopping threads took: 0.0000147 seconds
[3856.679s][info ][safepoint      ] Application time: 1.0000775 seconds
[3856.679s][info ][safepoint      ] Entering safepoint region: Cleanup
[3856.679s][info ][safepoint      ] Leaving safepoint region
[3856.679s][info ][safepoint      ] Total time for which application threads were stopped: 0.0000653 seconds, Stopping threads took: 0.0000134 seconds
[3857.679s][info ][safepoint      ] Application time: 1.0000795 seconds
[3857.679s][info ][safepoint      ] Entering safepoint region: Cleanup
[3857.679s][info ][safepoint      ] Leaving safepoint region
[3857.679s][info ][safepoint      ] Total time for which application threads were stopped: 0.0000978 seconds, Stopping threads took: 0.0000349 seconds
[3858.679s][info ][safepoint      ] Application time: 1.0000654 seconds
[3858.680s][info ][safepoint      ] Entering safepoint region: Cleanup
[3858.680s][info ][safepoint      ] Leaving safepoint region
[3858.680s][info ][safepoint      ] Total time for which application threads were stopped: 0.0000673 seconds, Stopping threads took: 0.0000152 seconds
[3859.680s][info ][safepoint      ] Application time: 1.0000737 seconds
[3859.680s][info ][safepoint      ] Entering safepoint region: Cleanup
[3859.680s][info ][safepoint      ] Leaving safepoint region
[3859.680s][info ][safepoint      ] Total time for which application threads were stopped: 0.0000631 seconds, Stopping threads took: 0.0000131 seconds
[3860.680s][info ][safepoint      ] Application time: 1.0000787 seconds
[3860.680s][info ][safepoint      ] Entering safepoint region: Cleanup
[3860.680s][info ][safepoint      ] Leaving safepoint region
[3860.680s][info ][safepoint      ] Total time for which application threads were stopped: 0.0000635 seconds, Stopping threads took: 0.0000136 seconds
[3861.680s][info ][safepoint      ] Application time: 1.0000748 seconds
[3861.680s][info ][safepoint      ] Entering safepoint region: Cleanup
[3861.680s][info ][safepoint      ] Leaving safepoint region
[3861.680s][info ][safepoint      ] Total time for which application threads were stopped: 0.0000819 seconds, Stopping threads took: 0.0000128 seconds
[3862.680s][info ][safepoint      ] Application time: 1.0000661 seconds
[3862.680s][info ][safepoint      ] Entering safepoint region: Cleanup
[3862.680s][info ][safepoint      ] Leaving safepoint region
[3862.680s][info ][safepoint      ] Total time for which application threads were stopped: 0.0000734 seconds, Stopping threads took: 0.0000188 seconds
[3863.680s][info ][safepoint      ] Application time: 1.0000724 seconds
[3863.680s][info ][safepoint      ] Entering safepoint region: Cleanup
[3863.681s][info ][safepoint      ] Leaving safepoint region
[3863.681s][info ][safepoint      ] Total time for which application threads were stopped: 0.0000624 seconds, Stopping threads took: 0.0000138 seconds
[3864.681s][info ][safepoint      ] Application time: 1.0000746 seconds
[3864.681s][info ][safepoint      ] Entering safepoint region: Cleanup
[3864.681s][info ][safepoint      ] Leaving safepoint region
[3864.681s][info ][safepoint      ] Total time for which application threads were stopped: 0.0000836 seconds, Stopping threads took: 0.0000209 seconds
[3865.681s][info ][safepoint      ] Application time: 1.0000809 seconds
[3865.681s][info ][safepoint      ] Entering safepoint region: Cleanup
[3865.681s][info ][safepoint      ] Leaving safepoint region
[3865.681s][info ][safepoint      ] Total time for which application threads were stopped: 0.0000944 seconds, Stopping threads took: 0.0000159 seconds
[3866.681s][info ][safepoint      ] Application time: 1.0000666 seconds
[3866.681s][info ][safepoint      ] Entering safepoint region: Cleanup
[3866.681s][info ][safepoint      ] Leaving safepoint region
[3866.681s][info ][safepoint      ] Total time for which application threads were stopped: 0.0000669 seconds, Stopping threads took: 0.0000144 seconds
[3867.452s][info ][safepoint      ] Application time: 0.7706774 seconds
[3867.452s][info ][safepoint      ] Entering safepoint region: ParallelGCFailedAllocation
[3867.452s][info ][gc,start       ] GC(411) Pause Young (Allocation Failure)
[3867.456s][debug][gc,phases      ] GC(411) Scavenge 4.078ms
[3867.456s][debug][gc,ref         ] GC(411) Skipped phase1 of Reference Processing due to unavailable references
[3867.456s][debug][gc,ref         ] GC(411) Skipped phase2 of Reference Processing due to unavailable references
[3867.456s][debug][gc,ref         ] GC(411) Skipped phase3 of Reference Processing due to unavailable references
[3867.456s][debug][gc,phases      ] GC(411) Reference Processing 0.028ms
[3867.456s][debug][gc,phases      ] GC(411) Weak Processing 0.146ms
[3867.457s][debug][gc,phases      ] GC(411) Scrub String Table 0.444ms
[3867.457s][debug][gc,age         ] GC(411) Desired survivor size 20971520 bytes, new threshold 15 (max threshold 15)
[3867.457s][info ][gc,heap        ] GC(411) PSYoungGen: 2062112K->7776K(2076672K)
[3867.457s][info ][gc,heap        ] GC(411) ParOldGen: 432983K->434116K(578048K)
[3867.457s][info ][gc,metaspace   ] GC(411) Metaspace: 76860K->76860K(1120256K)
[3867.457s][info ][gc             ] GC(411) Pause Young (Allocation Failure) 2436M->431M(2592M) 4.845ms
[3867.457s][info ][gc,cpu         ] GC(411) User=0.02s Sys=0.00s Real=0.01s
[3867.457s][info ][safepoint      ] Leaving safepoint region
[3867.457s][info ][safepoint      ] Total time for which application threads were stopped: 0.0050466 seconds, Stopping threads took: 0.0000191 seconds
[3868.457s][info ][safepoint      ] Application time: 1.0000791 seconds
[3868.457s][info ][safepoint      ] Entering safepoint region: Cleanup
[3868.457s][info ][safepoint      ] Leaving safepoint region
[3868.457s][info ][safepoint      ] Total time for which application threads were stopped: 0.0001136 seconds, Stopping threads took: 0.0000359 seconds
[3869.457s][info ][safepoint      ] Application time: 1.0000784 seconds
[3869.457s][info ][safepoint      ] Entering safepoint region: Cleanup
[3869.457s][info ][safepoint      ] Leaving safepoint region
[3869.457s][info ][safepoint      ] Total time for which application threads were stopped: 0.0001079 seconds, Stopping threads took: 0.0000348 seconds
[3870.457s][info ][safepoint      ] Application time: 1.0000735 seconds
[3870.458s][info ][safepoint      ] Entering safepoint region: Cleanup
[3870.458s][info ][safepoint      ] Leaving safepoint region
[3870.458s][info ][safepoint      ] Total time for which application threads were stopped: 0.0001153 seconds, Stopping threads took: 0.0000499 seconds
[3871.458s][info ][safepoint      ] Application time: 1.0000736 seconds
[3871.458s][info ][safepoint      ] Entering safepoint region: Cleanup
[3871.458s][info ][safepoint      ] Leaving safepoint region
[3871.458s][info ][safepoint      ] Total time for which application threads were stopped: 0.0000954 seconds, Stopping threads took: 0.0000321 seconds
[3872.458s][info ][safepoint      ] Application time: 1.0000741 seconds
[3872.458s][info ][safepoint      ] Entering safepoint region: Cleanup
[3872.458s][info ][safepoint      ] Leaving safepoint region
[3872.458s][info ][safepoint      ] Total time for which application threads were stopped: 0.0000972 seconds, Stopping threads took: 0.0000345 seconds
[3873.458s][info ][safepoint      ] Application time: 1.0000833 seconds
[3873.458s][info ][safepoint      ] Entering safepoint region: Cleanup
[3873.458s][info ][safepoint      ] Leaving safepoint region
[3873.458s][info ][safepoint      ] Total time for which application threads were stopped: 0.0001417 seconds, Stopping threads took: 0.0000464 seconds
[3874.458s][info ][safepoint      ] Application time: 1.0000772 seconds
[3874.458s][info ][safepoint      ] Entering safepoint region: Cleanup
[3874.459s][info ][safepoint      ] Leaving safepoint region
[3874.459s][info ][safepoint      ] Total time for which application threads were stopped: 0.0001126 seconds, Stopping threads took: 0.0000350 seconds
[3875.459s][info ][safepoint      ] Application time: 1.0000762 seconds
[3875.459s][info ][safepoint      ] Entering safepoint region: Cleanup
[3875.459s][info ][safepoint      ] Leaving safepoint region
[3875.459s][info ][safepoint      ] Total time for which application threads were stopped: 0.0001028 seconds, Stopping threads took: 0.0000325 seconds
[3876.459s][info ][safepoint      ] Application time: 1.0000791 seconds
[3876.459s][info ][safepoint      ] Entering safepoint region: Cleanup
[3876.459s][info ][safepoint      ] Leaving safepoint region
[3876.459s][info ][safepoint      ] Total time for which application threads were stopped: 0.0000917 seconds, Stopping threads took: 0.0000318 seconds
[3877.459s][info ][safepoint      ] Application time: 1.0000950 seconds
[3877.459s][info ][safepoint      ] Entering safepoint region: Cleanup
[3877.459s][info ][safepoint      ] Leaving safepoint region
[3877.459s][info ][safepoint      ] Total time for which application threads were stopped: 0.0001325 seconds, Stopping threads took: 0.0000420 seconds
[3878.459s][info ][safepoint      ] Application time: 1.0000900 seconds
[3878.459s][info ][safepoint      ] Entering safepoint region: Cleanup
[3878.460s][info ][safepoint      ] Leaving safepoint region
[3878.460s][info ][safepoint      ] Total time for which application threads were stopped: 0.0001091 seconds, Stopping threads took: 0.0000358 seconds
[3879.460s][info ][safepoint      ] Application time: 1.0000957 seconds
[3879.460s][info ][safepoint      ] Entering safepoint region: Cleanup
[3879.460s][info ][safepoint      ] Leaving safepoint region
[3879.460s][info ][safepoint      ] Total time for which application threads were stopped: 0.0001535 seconds, Stopping threads took: 0.0000404 seconds
[3880.418s][info ][safepoint      ] Application time: 0.9578520 seconds
[3880.418s][info ][safepoint      ] Entering safepoint region: ParallelGCFailedAllocation
[3880.418s][info ][gc,start       ] GC(412) Pause Young (Allocation Failure)
[3880.421s][debug][gc,phases      ] GC(412) Scavenge 3.506ms
[3880.421s][debug][gc,ref         ] GC(412) Skipped phase1 of Reference Processing due to unavailable references
[3880.421s][debug][gc,ref         ] GC(412) Skipped phase2 of Reference Processing due to unavailable references
[3880.421s][debug][gc,ref         ] GC(412) Skipped phase3 of Reference Processing due to unavailable references
[3880.421s][debug][gc,phases      ] GC(412) Reference Processing 0.027ms
[3880.422s][debug][gc,phases      ] GC(412) Weak Processing 0.130ms
[3880.422s][debug][gc,phases      ] GC(412) Scrub String Table 0.423ms
[3880.422s][debug][gc,age         ] GC(412) Desired survivor size 20447232 bytes, new threshold 15 (max threshold 15)
[3880.422s][info ][gc,heap        ] GC(412) PSYoungGen: 2063456K->6384K(2076160K)
[3880.422s][info ][gc,heap        ] GC(412) ParOldGen: 434116K->435641K(578048K)
[3880.422s][info ][gc,metaspace   ] GC(412) Metaspace: 76865K->76865K(1120256K)
[3880.422s][info ][gc             ] GC(412) Pause Young (Allocation Failure) 2439M->431M(2592M) 4.222ms
[3880.422s][info ][gc,cpu         ] GC(412) User=0.01s Sys=0.00s Real=0.01s
[3880.422s][info ][safepoint      ] Leaving safepoint region
[3880.422s][info ][safepoint      ] Total time for which application threads were stopped: 0.0043999 seconds, Stopping threads took: 0.0000343 seconds
[3881.422s][info ][safepoint      ] Application time: 1.0000808 seconds
[3881.422s][info ][safepoint      ] Entering safepoint region: Cleanup
[3881.422s][info ][safepoint      ] Leaving safepoint region
[3881.422s][info ][safepoint      ] Total time for which application threads were stopped: 0.0000800 seconds, Stopping threads took: 0.0000120 seconds
[3882.422s][info ][safepoint      ] Application time: 1.0000750 seconds
[3882.422s][info ][safepoint      ] Entering safepoint region: Cleanup
[3882.423s][info ][safepoint      ] Leaving safepoint region
[3882.423s][info ][safepoint      ] Total time for which application threads were stopped: 0.0001053 seconds, Stopping threads took: 0.0000393 seconds
[3883.423s][info ][safepoint      ] Application time: 1.0000506 seconds
[3883.423s][info ][safepoint      ] Entering safepoint region: Cleanup
[3883.423s][info ][safepoint      ] Leaving safepoint region
[3883.423s][info ][safepoint      ] Total time for which application threads were stopped: 0.0000915 seconds, Stopping threads took: 0.0000333 seconds
[3884.423s][info ][safepoint      ] Application time: 1.0000434 seconds
[3884.423s][info ][safepoint      ] Entering safepoint region: Cleanup
[3884.423s][info ][safepoint      ] Leaving safepoint region
[3884.423s][info ][safepoint      ] Total time for which application threads were stopped: 0.0001109 seconds, Stopping threads took: 0.0000530 seconds
[3885.423s][info ][safepoint      ] Application time: 1.0000798 seconds
[3885.423s][info ][safepoint      ] Entering safepoint region: Cleanup
[3885.423s][info ][safepoint      ] Leaving safepoint region
[3885.423s][info ][safepoint      ] Total time for which application threads were stopped: 0.0001264 seconds, Stopping threads took: 0.0000537 seconds
[3886.423s][info ][safepoint      ] Application time: 1.0000771 seconds
[3886.423s][info ][safepoint      ] Entering safepoint region: Cleanup
[3886.423s][info ][safepoint      ] Leaving safepoint region
[3886.423s][info ][safepoint      ] Total time for which application threads were stopped: 0.0000630 seconds, Stopping threads took: 0.0000127 seconds
[3887.423s][info ][safepoint      ] Application time: 1.0000690 seconds
[3887.423s][info ][safepoint      ] Entering safepoint region: Cleanup
[3887.424s][info ][safepoint      ] Leaving safepoint region
[3887.424s][info ][safepoint      ] Total time for which application threads were stopped: 0.0000661 seconds, Stopping threads took: 0.0000147 seconds
[3888.424s][info ][safepoint      ] Application time: 1.0000720 seconds
[3888.424s][info ][safepoint      ] Entering safepoint region: Cleanup
[3888.424s][info ][safepoint      ] Leaving safepoint region
[3888.424s][info ][safepoint      ] Total time for which application threads were stopped: 0.0000803 seconds, Stopping threads took: 0.0000285 seconds
[3889.424s][info ][safepoint      ] Application time: 1.0000844 seconds
[3889.424s][info ][safepoint      ] Entering safepoint region: Cleanup
[3889.424s][info ][safepoint      ] Leaving safepoint region
[3889.424s][info ][safepoint      ] Total time for which application threads were stopped: 0.0000921 seconds, Stopping threads took: 0.0000354 seconds
[3890.424s][info ][safepoint      ] Application time: 1.0000779 seconds
[3890.424s][info ][safepoint      ] Entering safepoint region: Cleanup
[3890.424s][info ][safepoint      ] Leaving safepoint region
[3890.424s][info ][safepoint      ] Total time for which application threads were stopped: 0.0000822 seconds, Stopping threads took: 0.0000125 seconds
[3891.424s][info ][safepoint      ] Application time: 1.0000774 seconds
[3891.424s][info ][safepoint      ] Entering safepoint region: Cleanup
[3891.424s][info ][safepoint      ] Leaving safepoint region
[3891.424s][info ][safepoint      ] Total time for which application threads were stopped: 0.0000951 seconds, Stopping threads took: 0.0000354 seconds
[3892.424s][info ][safepoint      ] Application time: 1.0000739 seconds
[3892.425s][info ][safepoint      ] Entering safepoint region: Cleanup
[3892.425s][info ][safepoint      ] Leaving safepoint region
[3892.425s][info ][safepoint      ] Total time for which application threads were stopped: 0.0000676 seconds, Stopping threads took: 0.0000189 seconds
[3893.016s][info ][safepoint      ] Application time: 0.5917364 seconds
[3893.016s][info ][safepoint      ] Entering safepoint region: ParallelGCFailedAllocation
[3893.016s][info ][gc,start       ] GC(413) Pause Young (Allocation Failure)
[3893.020s][debug][gc,phases      ] GC(413) Scavenge 3.811ms
[3893.020s][debug][gc,ref         ] GC(413) Skipped phase1 of Reference Processing due to unavailable references
[3893.020s][debug][gc,ref         ] GC(413) Skipped phase2 of Reference Processing due to unavailable references
[3893.020s][debug][gc,ref         ] GC(413) Skipped phase3 of Reference Processing due to unavailable references
[3893.020s][debug][gc,phases      ] GC(413) Reference Processing 0.026ms
[3893.021s][debug][gc,phases      ] GC(413) Weak Processing 0.136ms
[3893.021s][debug][gc,phases      ] GC(413) Scrub String Table 0.442ms
[3893.021s][debug][gc,age         ] GC(413) Desired survivor size 19922944 bytes, new threshold 15 (max threshold 15)
[3893.021s][info ][gc,heap        ] GC(413) PSYoungGen: 2062064K->7200K(2077696K)
[3893.021s][info ][gc,heap        ] GC(413) ParOldGen: 435641K->435905K(578048K)
[3893.021s][info ][gc,metaspace   ] GC(413) Metaspace: 76865K->76865K(1120256K)
[3893.021s][info ][gc             ] GC(413) Pause Young (Allocation Failure) 2439M->432M(2593M) 4.539ms
[3893.021s][info ][gc,cpu         ] GC(413) User=0.02s Sys=0.00s Real=0.01s
[3893.021s][info ][safepoint      ] Leaving safepoint region
[3893.021s][info ][safepoint      ] Total time for which application threads were stopped: 0.0046745 seconds, Stopping threads took: 0.0000113 seconds
[3894.021s][info ][safepoint      ] Application time: 1.0000722 seconds
[3894.021s][info ][safepoint      ] Entering safepoint region: Cleanup
[3894.021s][info ][safepoint      ] Leaving safepoint region
[3894.021s][info ][safepoint      ] Total time for which application threads were stopped: 0.0000943 seconds, Stopping threads took: 0.0000444 seconds
[3895.021s][info ][safepoint      ] Application time: 1.0000815 seconds
[3895.021s][info ][safepoint      ] Entering safepoint region: Cleanup
[3895.021s][info ][safepoint      ] Leaving safepoint region
[3895.021s][info ][safepoint      ] Total time for which application threads were stopped: 0.0000958 seconds, Stopping threads took: 0.0000429 seconds
[3896.022s][info ][safepoint      ] Application time: 1.0000732 seconds
[3896.022s][info ][safepoint      ] Entering safepoint region: Cleanup
[3896.022s][info ][safepoint      ] Leaving safepoint region
[3896.022s][info ][safepoint      ] Total time for which application threads were stopped: 0.0001032 seconds, Stopping threads took: 0.0000347 seconds
[3897.022s][info ][safepoint      ] Application time: 1.0000734 seconds
[3897.022s][info ][safepoint      ] Entering safepoint region: Cleanup
[3897.022s][info ][safepoint      ] Leaving safepoint region
[3897.022s][info ][safepoint      ] Total time for which application threads were stopped: 0.0000614 seconds, Stopping threads took: 0.0000123 seconds
[3898.022s][info ][safepoint      ] Application time: 1.0000676 seconds
[3898.022s][info ][safepoint      ] Entering safepoint region: Cleanup
[3898.022s][info ][safepoint      ] Leaving safepoint region
[3898.022s][info ][safepoint      ] Total time for which application threads were stopped: 0.0000681 seconds, Stopping threads took: 0.0000119 seconds
[3899.022s][info ][safepoint      ] Application time: 1.0000689 seconds
[3899.022s][info ][safepoint      ] Entering safepoint region: Cleanup
[3899.022s][info ][safepoint      ] Leaving safepoint region
[3899.022s][info ][safepoint      ] Total time for which application threads were stopped: 0.0000589 seconds, Stopping threads took: 0.0000113 seconds
[3900.022s][info ][safepoint      ] Application time: 1.0000282 seconds
[3900.022s][info ][safepoint      ] Entering safepoint region: Cleanup
[3900.022s][info ][safepoint      ] Leaving safepoint region
[3900.022s][info ][safepoint      ] Total time for which application threads were stopped: 0.0000697 seconds, Stopping threads took: 0.0000124 seconds
[3901.022s][info ][safepoint      ] Application time: 1.0000727 seconds
[3901.023s][info ][safepoint      ] Entering safepoint region: Cleanup
[3901.023s][info ][safepoint      ] Leaving safepoint region
[3901.023s][info ][safepoint      ] Total time for which application threads were stopped: 0.0000862 seconds, Stopping threads took: 0.0000330 seconds
[3902.023s][info ][safepoint      ] Application time: 1.0000694 seconds
[3902.023s][info ][safepoint      ] Entering safepoint region: Cleanup
[3902.023s][info ][safepoint      ] Leaving safepoint region
[3902.023s][info ][safepoint      ] Total time for which application threads were stopped: 0.0000676 seconds, Stopping threads took: 0.0000193 seconds
[3903.023s][info ][safepoint      ] Application time: 1.0000749 seconds
[3903.023s][info ][safepoint      ] Entering safepoint region: Cleanup
[3903.023s][info ][safepoint      ] Leaving safepoint region
[3903.023s][info ][safepoint      ] Total time for which application threads were stopped: 0.0001117 seconds, Stopping threads took: 0.0000442 seconds
[3904.023s][info ][safepoint      ] Application time: 1.0000680 seconds
[3904.023s][info ][safepoint      ] Entering safepoint region: Cleanup
[3904.023s][info ][safepoint      ] Leaving safepoint region
[3904.023s][info ][safepoint      ] Total time for which application threads were stopped: 0.0000678 seconds, Stopping threads took: 0.0000112 seconds
[3905.023s][info ][safepoint      ] Application time: 1.0000718 seconds
[3905.023s][info ][safepoint      ] Entering safepoint region: Cleanup
[3905.023s][info ][safepoint      ] Leaving safepoint region
[3905.023s][info ][safepoint      ] Total time for which application threads were stopped: 0.0001011 seconds, Stopping threads took: 0.0000344 seconds
[3905.701s][info ][safepoint      ] Application time: 0.6774609 seconds
[3905.701s][info ][safepoint      ] Entering safepoint region: ParallelGCFailedAllocation
[3905.701s][info ][gc,start       ] GC(414) Pause Young (Allocation Failure)
[3905.705s][debug][gc,phases      ] GC(414) Scavenge 4.057ms
[3905.705s][debug][gc,ref         ] GC(414) Skipped phase1 of Reference Processing due to unavailable references
[3905.705s][debug][gc,ref         ] GC(414) Skipped phase2 of Reference Processing due to unavailable references
[3905.705s][debug][gc,ref         ] GC(414) Skipped phase3 of Reference Processing due to unavailable references
[3905.705s][debug][gc,phases      ] GC(414) Reference Processing 0.036ms
[3905.705s][debug][gc,phases      ] GC(414) Weak Processing 0.151ms
[3905.706s][debug][gc,phases      ] GC(414) Scrub String Table 0.526ms
[3905.706s][debug][gc,age         ] GC(414) Desired survivor size 19398656 bytes, new threshold 15 (max threshold 15)
[3905.706s][info ][gc,heap        ] GC(414) PSYoungGen: 2064928K->6832K(2077184K)
[3905.706s][info ][gc,heap        ] GC(414) ParOldGen: 435905K->436161K(578048K)
[3905.706s][info ][gc,metaspace   ] GC(414) Metaspace: 76872K->76872K(1120256K)
[3905.706s][info ][gc             ] GC(414) Pause Young (Allocation Failure) 2442M->432M(2593M) 4.924ms
[3905.706s][info ][gc,cpu         ] GC(414) User=0.02s Sys=0.00s Real=0.00s
[3905.706s][info ][safepoint      ] Leaving safepoint region
[3905.706s][info ][safepoint      ] Total time for which application threads were stopped: 0.0051045 seconds, Stopping threads took: 0.0000200 seconds
[3906.706s][info ][safepoint      ] Application time: 1.0000992 seconds
[3906.706s][info ][safepoint      ] Entering safepoint region: Cleanup
[3906.706s][info ][safepoint      ] Leaving safepoint region
[3906.706s][info ][safepoint      ] Total time for which application threads were stopped: 0.0001213 seconds, Stopping threads took: 0.0000371 seconds
[3907.706s][info ][safepoint      ] Application time: 1.0000814 seconds
[3907.706s][info ][safepoint      ] Entering safepoint region: Cleanup
[3907.706s][info ][safepoint      ] Leaving safepoint region
[3907.706s][info ][safepoint      ] Total time for which application threads were stopped: 0.0000921 seconds, Stopping threads took: 0.0000313 seconds
[3908.707s][info ][safepoint      ] Application time: 1.0000871 seconds
[3908.707s][info ][safepoint      ] Entering safepoint region: Cleanup
[3908.707s][info ][safepoint      ] Leaving safepoint region
[3908.707s][info ][safepoint      ] Total time for which application threads were stopped: 0.0001207 seconds, Stopping threads took: 0.0000355 seconds
[3909.707s][info ][safepoint      ] Application time: 1.0000806 seconds
[3909.707s][info ][safepoint      ] Entering safepoint region: Cleanup
[3909.707s][info ][safepoint      ] Leaving safepoint region
[3909.707s][info ][safepoint      ] Total time for which application threads were stopped: 0.0000923 seconds, Stopping threads took: 0.0000328 seconds
[3910.707s][info ][safepoint      ] Application time: 1.0000816 seconds
[3910.707s][info ][safepoint      ] Entering safepoint region: Cleanup
[3910.707s][info ][safepoint      ] Leaving safepoint region
[3910.707s][info ][safepoint      ] Total time for which application threads were stopped: 0.0001131 seconds, Stopping threads took: 0.0000480 seconds
[3911.707s][info ][safepoint      ] Application time: 1.0000736 seconds
[3911.707s][info ][safepoint      ] Entering safepoint region: Cleanup
[3911.707s][info ][safepoint      ] Leaving safepoint region
[3911.707s][info ][safepoint      ] Total time for which application threads were stopped: 0.0001251 seconds, Stopping threads took: 0.0000440 seconds
[3912.707s][info ][safepoint      ] Application time: 1.0000362 seconds
[3912.708s][info ][safepoint      ] Entering safepoint region: Cleanup
[3912.708s][info ][safepoint      ] Leaving safepoint region
[3912.708s][info ][safepoint      ] Total time for which application threads were stopped: 0.0001039 seconds, Stopping threads took: 0.0000330 seconds
[3913.708s][info ][safepoint      ] Application time: 1.0000779 seconds
[3913.708s][info ][safepoint      ] Entering safepoint region: Cleanup
[3913.708s][info ][safepoint      ] Leaving safepoint region
[3913.708s][info ][safepoint      ] Total time for which application threads were stopped: 0.0001172 seconds, Stopping threads took: 0.0000553 seconds
[3914.708s][info ][safepoint      ] Application time: 1.0000764 seconds
[3914.708s][info ][safepoint      ] Entering safepoint region: Cleanup
[3914.708s][info ][safepoint      ] Leaving safepoint region
[3914.708s][info ][safepoint      ] Total time for which application threads were stopped: 0.0001048 seconds, Stopping threads took: 0.0000338 seconds
[3914.747s][info ][safepoint      ] Application time: 0.0393721 seconds
[3914.748s][info ][safepoint      ] Entering safepoint region: RevokeBias
[3914.748s][info ][safepoint      ] Leaving safepoint region
[3914.748s][info ][safepoint      ] Total time for which application threads were stopped: 0.0000789 seconds, Stopping threads took: 0.0000127 seconds
[3916.748s][info ][safepoint      ] Application time: 2.0001454 seconds
[3916.748s][info ][safepoint      ] Entering safepoint region: Cleanup
[3916.748s][info ][safepoint      ] Leaving safepoint region
[3916.748s][info ][safepoint      ] Total time for which application threads were stopped: 0.0001262 seconds, Stopping threads took: 0.0000132 seconds
[3918.404s][info ][safepoint      ] Application time: 1.6555992 seconds
[3918.404s][info ][safepoint      ] Entering safepoint region: ParallelGCFailedAllocation
[3918.404s][info ][gc,start       ] GC(415) Pause Young (Allocation Failure)
[3918.408s][debug][gc,phases      ] GC(415) Scavenge 4.052ms
[3918.408s][debug][gc,ref         ] GC(415) Skipped phase1 of Reference Processing due to unavailable references
[3918.408s][debug][gc,ref         ] GC(415) Skipped phase2 of Reference Processing due to unavailable references
[3918.408s][debug][gc,ref         ] GC(415) Skipped phase3 of Reference Processing due to unavailable references
[3918.408s][debug][gc,phases      ] GC(415) Reference Processing 0.028ms
[3918.408s][debug][gc,phases      ] GC(415) Weak Processing 0.127ms
[3918.408s][debug][gc,phases      ] GC(415) Scrub String Table 0.458ms
[3918.408s][debug][gc,age         ] GC(415) Desired survivor size 18874368 bytes, new threshold 15 (max threshold 15)
[3918.408s][info ][gc,heap        ] GC(415) PSYoungGen: 2064560K->5184K(2078720K)
[3918.408s][info ][gc,heap        ] GC(415) ParOldGen: 436161K->437863K(578048K)
[3918.408s][info ][gc,metaspace   ] GC(415) Metaspace: 76888K->76888K(1120256K)
[3918.408s][info ][gc             ] GC(415) Pause Young (Allocation Failure) 2442M->432M(2594M) 4.813ms
[3918.409s][info ][gc,cpu         ] GC(415) User=0.02s Sys=0.00s Real=0.00s
[3918.409s][info ][safepoint      ] Leaving safepoint region
[3918.409s][info ][safepoint      ] Total time for which application threads were stopped: 0.0049920 seconds, Stopping threads took: 0.0000136 seconds
[3928.409s][info ][safepoint      ] Application time: 10.0007560 seconds
[3928.409s][info ][safepoint      ] Entering safepoint region: Cleanup
[3928.409s][info ][safepoint      ] Leaving safepoint region
[3928.409s][info ][safepoint      ] Total time for which application threads were stopped: 0.0001231 seconds, Stopping threads took: 0.0000442 seconds
[3929.410s][info ][safepoint      ] Application time: 1.0000863 seconds
[3929.410s][info ][safepoint      ] Entering safepoint region: Cleanup
[3929.410s][info ][safepoint      ] Leaving safepoint region
[3929.410s][info ][safepoint      ] Total time for which application threads were stopped: 0.0001543 seconds, Stopping threads took: 0.0000606 seconds
[3930.410s][info ][safepoint      ] Application time: 1.0000799 seconds
[3930.410s][info ][safepoint      ] Entering safepoint region: Cleanup
[3930.410s][info ][safepoint      ] Leaving safepoint region
[3930.410s][info ][safepoint      ] Total time for which application threads were stopped: 0.0001571 seconds, Stopping threads took: 0.0000656 seconds
[3931.171s][info ][safepoint      ] Application time: 0.7607508 seconds
[3931.171s][info ][safepoint      ] Entering safepoint region: ParallelGCFailedAllocation
[3931.171s][info ][gc,start       ] GC(416) Pause Young (Allocation Failure)
[3931.175s][debug][gc,phases      ] GC(416) Scavenge 3.673ms
[3931.175s][debug][gc,ref         ] GC(416) Skipped phase1 of Reference Processing due to unavailable references
[3931.175s][debug][gc,ref         ] GC(416) Skipped phase2 of Reference Processing due to unavailable references
[3931.175s][debug][gc,ref         ] GC(416) Skipped phase3 of Reference Processing due to unavailable references
[3931.175s][debug][gc,phases      ] GC(416) Reference Processing 0.032ms
[3931.175s][debug][gc,phases      ] GC(416) Weak Processing 0.158ms
[3931.175s][debug][gc,phases      ] GC(416) Scrub String Table 0.458ms
[3931.175s][debug][gc,age         ] GC(416) Desired survivor size 18350080 bytes, new threshold 15 (max threshold 15)
[3931.175s][info ][gc,heap        ] GC(416) PSYoungGen: 2064960K->6608K(2078208K)
[3931.175s][info ][gc,heap        ] GC(416) ParOldGen: 437863K->438015K(578048K)
[3931.175s][info ][gc,metaspace   ] GC(416) Metaspace: 76889K->76889K(1120256K)
[3931.175s][info ][gc             ] GC(416) Pause Young (Allocation Failure) 2444M->434M(2594M) 4.468ms
[3931.175s][info ][gc,cpu         ] GC(416) User=0.02s Sys=0.00s Real=0.01s
[3931.175s][info ][safepoint      ] Leaving safepoint region
[3931.176s][info ][safepoint      ] Total time for which application threads were stopped: 0.0046674 seconds, Stopping threads took: 0.0000690 seconds
[3932.176s][info ][safepoint      ] Application time: 1.0000840 seconds
[3932.176s][info ][safepoint      ] Entering safepoint region: Cleanup
[3932.176s][info ][safepoint      ] Leaving safepoint region
[3932.176s][info ][safepoint      ] Total time for which application threads were stopped: 0.0001371 seconds, Stopping threads took: 0.0000364 seconds
[3934.176s][info ][safepoint      ] Application time: 2.0001358 seconds
[3934.176s][info ][safepoint      ] Entering safepoint region: Cleanup
[3934.176s][info ][safepoint      ] Leaving safepoint region
[3934.176s][info ][safepoint      ] Total time for which application threads were stopped: 0.0001108 seconds, Stopping threads took: 0.0000529 seconds
[3935.176s][info ][safepoint      ] Application time: 1.0000787 seconds
[3935.176s][info ][safepoint      ] Entering safepoint region: Cleanup
[3935.176s][info ][safepoint      ] Leaving safepoint region
[3935.176s][info ][safepoint      ] Total time for which application threads were stopped: 0.0000674 seconds, Stopping threads took: 0.0000142 seconds
[3936.176s][info ][safepoint      ] Application time: 1.0000653 seconds
[3936.176s][info ][safepoint      ] Entering safepoint region: Cleanup
[3936.176s][info ][safepoint      ] Leaving safepoint region
[3936.176s][info ][safepoint      ] Total time for which application threads were stopped: 0.0000824 seconds, Stopping threads took: 0.0000130 seconds
[3940.177s][info ][safepoint      ] Application time: 4.0002912 seconds
[3940.177s][info ][safepoint      ] Entering safepoint region: Cleanup
[3940.177s][info ][safepoint      ] Leaving safepoint region
[3940.177s][info ][safepoint      ] Total time for which application threads were stopped: 0.0000945 seconds, Stopping threads took: 0.0000152 seconds
[3941.177s][info ][safepoint      ] Application time: 1.0000753 seconds
[3941.177s][info ][safepoint      ] Entering safepoint region: Cleanup
[3941.177s][info ][safepoint      ] Leaving safepoint region
[3941.177s][info ][safepoint      ] Total time for which application threads were stopped: 0.0000718 seconds, Stopping threads took: 0.0000128 seconds
[3942.177s][info ][safepoint      ] Application time: 1.0000719 seconds
[3942.177s][info ][safepoint      ] Entering safepoint region: Cleanup
[3942.177s][info ][safepoint      ] Leaving safepoint region
[3942.177s][info ][safepoint      ] Total time for which application threads were stopped: 0.0000726 seconds, Stopping threads took: 0.0000126 seconds
[3943.177s][info ][safepoint      ] Application time: 1.0000680 seconds
[3943.177s][info ][safepoint      ] Entering safepoint region: Cleanup
[3943.177s][info ][safepoint      ] Leaving safepoint region
[3943.177s][info ][safepoint      ] Total time for which application threads were stopped: 0.0000886 seconds, Stopping threads took: 0.0000130 seconds
[3943.718s][info ][safepoint      ] Application time: 0.5406762 seconds
[3943.718s][info ][safepoint      ] Entering safepoint region: ParallelGCFailedAllocation
[3943.718s][info ][gc,start       ] GC(417) Pause Young (Allocation Failure)
[3943.724s][debug][gc,phases      ] GC(417) Scavenge 5.406ms
[3943.724s][debug][gc,ref         ] GC(417) Skipped phase1 of Reference Processing due to unavailable references
[3943.724s][debug][gc,ref         ] GC(417) Skipped phase2 of Reference Processing due to unavailable references
[3943.724s][debug][gc,ref         ] GC(417) Skipped phase3 of Reference Processing due to unavailable references
[3943.724s][debug][gc,phases      ] GC(417) Reference Processing 0.028ms
[3943.724s][debug][gc,phases      ] GC(417) Weak Processing 0.133ms
[3943.724s][debug][gc,phases      ] GC(417) Scrub String Table 0.473ms
[3943.724s][debug][gc,age         ] GC(417) Desired survivor size 19922944 bytes, new threshold 15 (max threshold 15)
[3943.724s][info ][gc,heap        ] GC(417) PSYoungGen: 2066384K->15200K(2076160K)
[3943.724s][info ][gc,heap        ] GC(417) ParOldGen: 438015K->438055K(578048K)
[3943.724s][info ][gc,metaspace   ] GC(417) Metaspace: 76910K->76910K(1120256K)
[3943.724s][info ][gc             ] GC(417) Pause Young (Allocation Failure) 2445M->442M(2592M) 6.166ms
[3943.724s][info ][gc,cpu         ] GC(417) User=0.03s Sys=0.00s Real=0.01s
[3943.725s][info ][safepoint      ] Leaving safepoint region
[3943.725s][info ][safepoint      ] Total time for which application threads were stopped: 0.0063503 seconds, Stopping threads took: 0.0000340 seconds
[3945.725s][info ][safepoint      ] Application time: 2.0001531 seconds
[3945.725s][info ][safepoint      ] Entering safepoint region: Cleanup
[3945.725s][info ][safepoint      ] Leaving safepoint region
[3945.725s][info ][safepoint      ] Total time for which application threads were stopped: 0.0000870 seconds, Stopping threads took: 0.0000135 seconds
[3947.725s][info ][safepoint      ] Application time: 2.0001358 seconds
[3947.725s][info ][safepoint      ] Entering safepoint region: Cleanup
[3947.725s][info ][safepoint      ] Leaving safepoint region
[3947.725s][info ][safepoint      ] Total time for which application threads were stopped: 0.0000683 seconds, Stopping threads took: 0.0000117 seconds
[3951.725s][info ][safepoint      ] Application time: 4.0002675 seconds
[3951.725s][info ][safepoint      ] Entering safepoint region: Cleanup
[3951.725s][info ][safepoint      ] Leaving safepoint region
[3951.725s][info ][safepoint      ] Total time for which application threads were stopped: 0.0000837 seconds, Stopping threads took: 0.0000274 seconds
[3954.726s][info ][safepoint      ] Application time: 3.0002037 seconds
[3954.726s][info ][safepoint      ] Entering safepoint region: Cleanup
[3954.726s][info ][safepoint      ] Leaving safepoint region
[3954.726s][info ][safepoint      ] Total time for which application threads were stopped: 0.0000728 seconds, Stopping threads took: 0.0000128 seconds
[3956.357s][info ][safepoint      ] Application time: 1.6314044 seconds
[3956.357s][info ][safepoint      ] Entering safepoint region: ParallelGCFailedAllocation
[3956.357s][info ][gc,start       ] GC(418) Pause Young (Allocation Failure)
[3956.364s][debug][gc,phases      ] GC(418) Scavenge 6.767ms
[3956.364s][debug][gc,ref         ] GC(418) Skipped phase1 of Reference Processing due to unavailable references
[3956.364s][debug][gc,ref         ] GC(418) Skipped phase2 of Reference Processing due to unavailable references
[3956.364s][debug][gc,ref         ] GC(418) Skipped phase3 of Reference Processing due to unavailable references
[3956.364s][debug][gc,phases      ] GC(418) Reference Processing 0.031ms
[3956.364s][debug][gc,phases      ] GC(418) Weak Processing 0.149ms
[3956.365s][debug][gc,phases      ] GC(418) Scrub String Table 0.449ms
[3956.365s][debug][gc,age         ] GC(418) Desired survivor size 24117248 bytes, new threshold 14 (max threshold 15)
[3956.365s][info ][gc,heap        ] GC(418) PSYoungGen: 2073440K->19440K(2077696K)
[3956.365s][info ][gc,heap        ] GC(418) ParOldGen: 438055K->441049K(578048K)
[3956.365s][info ][gc,metaspace   ] GC(418) Metaspace: 76925K->76925K(1120256K)
[3956.365s][info ][gc             ] GC(418) Pause Young (Allocation Failure) 2452M->449M(2593M) 7.546ms
[3956.365s][info ][gc,cpu         ] GC(418) User=0.02s Sys=0.01s Real=0.01s
[3956.365s][info ][safepoint      ] Leaving safepoint region
[3956.365s][info ][safepoint      ] Total time for which application threads were stopped: 0.0077408 seconds, Stopping threads took: 0.0000173 seconds
[3957.365s][info ][safepoint      ] Application time: 1.0000921 seconds
[3957.365s][info ][safepoint      ] Entering safepoint region: Cleanup
[3957.365s][info ][safepoint      ] Leaving safepoint region
[3957.365s][info ][safepoint      ] Total time for which application threads were stopped: 0.0002880 seconds, Stopping threads took: 0.0000374 seconds
[3960.366s][info ][safepoint      ] Application time: 3.0002382 seconds
[3960.366s][info ][safepoint      ] Entering safepoint region: Cleanup
[3960.366s][info ][safepoint      ] Leaving safepoint region
[3960.366s][info ][safepoint      ] Total time for which application threads were stopped: 0.0001159 seconds, Stopping threads took: 0.0000363 seconds
[3969.167s][info ][safepoint      ] Application time: 8.8012760 seconds
[3969.167s][info ][safepoint      ] Entering safepoint region: ParallelGCFailedAllocation
[3969.167s][info ][gc,start       ] GC(419) Pause Young (Allocation Failure)
[3969.174s][debug][gc,phases      ] GC(419) Scavenge 6.501ms
[3969.174s][debug][gc,ref         ] GC(419) Skipped phase1 of Reference Processing due to unavailable references
[3969.174s][debug][gc,ref         ] GC(419) Skipped phase2 of Reference Processing due to unavailable references
[3969.174s][debug][gc,ref         ] GC(419) Skipped phase3 of Reference Processing due to unavailable references
[3969.174s][debug][gc,phases      ] GC(419) Reference Processing 0.030ms
[3969.174s][debug][gc,phases      ] GC(419) Weak Processing 0.133ms
[3969.174s][debug][gc,phases      ] GC(419) Scrub String Table 0.416ms
[3969.174s][debug][gc,age         ] GC(419) Desired survivor size 27787264 bytes, new threshold 13 (max threshold 15)
[3969.174s][info ][gc,heap        ] GC(419) PSYoungGen: 2077680K->19456K(2062336K)
[3969.174s][info ][gc,heap        ] GC(419) ParOldGen: 441049K->445100K(578048K)
[3969.174s][info ][gc,metaspace   ] GC(419) Metaspace: 76933K->76933K(1120256K)
[3969.174s][info ][gc             ] GC(419) Pause Young (Allocation Failure) 2459M->453M(2578M) 7.235ms
[3969.174s][info ][gc,cpu         ] GC(419) User=0.02s Sys=0.00s Real=0.01s
[3969.175s][info ][safepoint      ] Leaving safepoint region
[3969.175s][info ][safepoint      ] Total time for which application threads were stopped: 0.0074207 seconds, Stopping threads took: 0.0000487 seconds
[3976.639s][info ][safepoint      ] Application time: 7.4643093 seconds
[3976.639s][info ][safepoint      ] Entering safepoint region: RevokeBias
[3976.639s][info ][safepoint      ] Leaving safepoint region
[3976.639s][info ][safepoint      ] Total time for which application threads were stopped: 0.0000743 seconds, Stopping threads took: 0.0000120 seconds
[3982.310s][info ][safepoint      ] Application time: 5.6710965 seconds
[3982.310s][info ][safepoint      ] Entering safepoint region: ParallelGCFailedAllocation
[3982.310s][info ][gc,start       ] GC(420) Pause Young (Allocation Failure)
[3982.317s][debug][gc,phases      ] GC(420) Scavenge 6.543ms
[3982.317s][debug][gc,ref         ] GC(420) Skipped phase1 of Reference Processing due to unavailable references
[3982.317s][debug][gc,ref         ] GC(420) Skipped phase2 of Reference Processing due to unavailable references
[3982.317s][debug][gc,ref         ] GC(420) Skipped phase3 of Reference Processing due to unavailable references
[3982.317s][debug][gc,phases      ] GC(420) Reference Processing 0.027ms
[3982.317s][debug][gc,phases      ] GC(420) Weak Processing 0.139ms
[3982.317s][debug][gc,phases      ] GC(420) Scrub String Table 0.455ms
[3982.317s][debug][gc,age         ] GC(420) Desired survivor size 29360128 bytes, new threshold 14 (max threshold 15)
[3982.317s][info ][gc,heap        ] GC(420) PSYoungGen: 2062336K->20928K(2063872K)
[3982.317s][info ][gc,heap        ] GC(420) ParOldGen: 445100K->445132K(578048K)
[3982.317s][info ][gc,metaspace   ] GC(420) Metaspace: 76933K->76933K(1120256K)
[3982.318s][info ][gc             ] GC(420) Pause Young (Allocation Failure) 2448M->455M(2580M) 7.288ms
[3982.318s][info ][gc,cpu         ] GC(420) User=0.03s Sys=0.00s Real=0.01s
[3982.318s][info ][safepoint      ] Leaving safepoint region
[3982.318s][info ][safepoint      ] Total time for which application threads were stopped: 0.0074630 seconds, Stopping threads took: 0.0000120 seconds
[3995.175s][info ][safepoint      ] Application time: 12.8577435 seconds
[3995.175s][info ][safepoint      ] Entering safepoint region: ParallelGCFailedAllocation
[3995.176s][info ][gc,start       ] GC(421) Pause Young (Allocation Failure)
[3995.182s][debug][gc,phases      ] GC(421) Scavenge 6.579ms
[3995.182s][debug][gc,ref         ] GC(421) Skipped phase1 of Reference Processing due to unavailable references
[3995.182s][debug][gc,ref         ] GC(421) Skipped phase2 of Reference Processing due to unavailable references
[3995.182s][debug][gc,ref         ] GC(421) Skipped phase3 of Reference Processing due to unavailable references
[3995.182s][debug][gc,phases      ] GC(421) Reference Processing 0.031ms
[3995.182s][debug][gc,phases      ] GC(421) Weak Processing 0.140ms
[3995.183s][debug][gc,phases      ] GC(421) Scrub String Table 0.452ms
[3995.183s][debug][gc,age         ] GC(421) Desired survivor size 30932992 bytes, new threshold 15 (max threshold 15)
[3995.183s][info ][gc,heap        ] GC(421) PSYoungGen: 2063808K->21360K(2065408K)
[3995.183s][info ][gc,heap        ] GC(421) ParOldGen: 445132K->445132K(578048K)
[3995.183s][info ][gc,metaspace   ] GC(421) Metaspace: 76933K->76933K(1120256K)
[3995.183s][info ][gc             ] GC(421) Pause Young (Allocation Failure) 2450M->455M(2581M) 7.348ms
[3995.183s][info ][gc,cpu         ] GC(421) User=0.03s Sys=0.00s Real=0.01s
[3995.183s][info ][safepoint      ] Leaving safepoint region
[3995.183s][info ][safepoint      ] Total time for which application threads were stopped: 0.0075748 seconds, Stopping threads took: 0.0000577 seconds
[3998.183s][info ][safepoint      ] Application time: 3.0002273 seconds
[3998.183s][info ][safepoint      ] Entering safepoint region: Cleanup
[3998.183s][info ][safepoint      ] Leaving safepoint region
[3998.183s][info ][safepoint      ] Total time for which application threads were stopped: 0.0000672 seconds, Stopping threads took: 0.0000114 seconds
[4008.018s][info ][safepoint      ] Application time: 9.8344916 seconds
[4008.018s][info ][safepoint      ] Entering safepoint region: ParallelGCFailedAllocation
[4008.018s][info ][gc,start       ] GC(422) Pause Young (Allocation Failure)
[4008.024s][debug][gc,phases      ] GC(422) Scavenge 6.248ms
[4008.024s][debug][gc,ref         ] GC(422) Skipped phase1 of Reference Processing due to unavailable references
[4008.024s][debug][gc,ref         ] GC(422) Skipped phase2 of Reference Processing due to unavailable references
[4008.024s][debug][gc,ref         ] GC(422) Skipped phase3 of Reference Processing due to unavailable references
[4008.024s][debug][gc,phases      ] GC(422) Reference Processing 0.030ms
[4008.024s][debug][gc,phases      ] GC(422) Weak Processing 0.152ms
[4008.025s][debug][gc,phases      ] GC(422) Scrub String Table 0.456ms
[4008.025s][debug][gc,age         ] GC(422) Desired survivor size 32505856 bytes, new threshold 15 (max threshold 15)
[4008.025s][info ][gc,heap        ] GC(422) PSYoungGen: 2058096K->21232K(2058240K)
[4008.025s][info ][gc,heap        ] GC(422) ParOldGen: 445132K->445132K(578048K)
[4008.025s][info ][gc,metaspace   ] GC(422) Metaspace: 76936K->76936K(1120256K)
[4008.025s][info ][gc             ] GC(422) Pause Young (Allocation Failure) 2444M->455M(2574M) 7.019ms
[4008.025s][info ][gc,cpu         ] GC(422) User=0.03s Sys=0.00s Real=0.01s
[4008.025s][info ][safepoint      ] Leaving safepoint region
[4008.025s][info ][safepoint      ] Total time for which application threads were stopped: 0.0072060 seconds, Stopping threads took: 0.0000329 seconds
[4021.200s][info ][safepoint      ] Application time: 13.1749738 seconds
[4021.200s][info ][safepoint      ] Entering safepoint region: ParallelGCFailedAllocation
[4021.200s][info ][gc,start       ] GC(423) Pause Young (Allocation Failure)
[4021.206s][debug][gc,phases      ] GC(423) Scavenge 6.211ms
[4021.206s][debug][gc,ref         ] GC(423) Skipped phase1 of Reference Processing due to unavailable references
[4021.206s][debug][gc,ref         ] GC(423) Skipped phase2 of Reference Processing due to unavailable references
[4021.206s][debug][gc,ref         ] GC(423) Skipped phase3 of Reference Processing due to unavailable references
[4021.206s][debug][gc,phases      ] GC(423) Reference Processing 0.038ms
[4021.207s][debug][gc,phases      ] GC(423) Weak Processing 0.136ms
[4021.207s][debug][gc,phases      ] GC(423) Scrub String Table 0.450ms
[4021.207s][debug][gc,age         ] GC(423) Desired survivor size 33030144 bytes, new threshold 15 (max threshold 15)
[4021.207s][info ][gc,heap        ] GC(423) PSYoungGen: 2057968K->21024K(2064384K)
[4021.207s][info ][gc,heap        ] GC(423) ParOldGen: 445132K->445208K(578048K)
[4021.207s][info ][gc,metaspace   ] GC(423) Metaspace: 76937K->76937K(1120256K)
[4021.207s][info ][gc             ] GC(423) Pause Young (Allocation Failure) 2444M->455M(2580M) 6.960ms
[4021.207s][info ][gc,cpu         ] GC(423) User=0.02s Sys=0.00s Real=0.00s
[4021.207s][info ][safepoint      ] Leaving safepoint region
[4021.207s][info ][safepoint      ] Total time for which application threads were stopped: 0.0071429 seconds, Stopping threads took: 0.0000271 seconds
[4025.207s][info ][safepoint      ] Application time: 4.0002992 seconds
[4025.208s][info ][safepoint      ] Entering safepoint region: Cleanup
[4025.208s][info ][safepoint      ] Leaving safepoint region
[4025.208s][info ][safepoint      ] Total time for which application threads were stopped: 0.0001310 seconds, Stopping threads took: 0.0000472 seconds
[4034.071s][info ][safepoint      ] Application time: 8.8635987 seconds
[4034.071s][info ][safepoint      ] Entering safepoint region: ParallelGCFailedAllocation
[4034.071s][info ][gc,start       ] GC(424) Pause Young (Allocation Failure)
[4034.077s][debug][gc,phases      ] GC(424) Scavenge 5.932ms
[4034.077s][debug][gc,ref         ] GC(424) Skipped phase1 of Reference Processing due to unavailable references
[4034.077s][debug][gc,ref         ] GC(424) Skipped phase2 of Reference Processing due to unavailable references
[4034.077s][debug][gc,ref         ] GC(424) Skipped phase3 of Reference Processing due to unavailable references
[4034.077s][debug][gc,phases      ] GC(424) Reference Processing 0.029ms
[4034.078s][debug][gc,phases      ] GC(424) Weak Processing 0.138ms
[4034.078s][debug][gc,phases      ] GC(424) Scrub String Table 0.467ms
[4034.078s][debug][gc,age         ] GC(424) Desired survivor size 33554432 bytes, new threshold 15 (max threshold 15)
[4034.078s][info ][gc,heap        ] GC(424) PSYoungGen: 2053664K->21216K(2054144K)
[4034.078s][info ][gc,heap        ] GC(424) ParOldGen: 445208K->445272K(578048K)
[4034.078s][info ][gc,metaspace   ] GC(424) Metaspace: 76937K->76937K(1120256K)
[4034.078s][info ][gc             ] GC(424) Pause Young (Allocation Failure) 2440M->455M(2570M) 6.700ms
[4034.078s][info ][gc,cpu         ] GC(424) User=0.02s Sys=0.00s Real=0.01s
[4034.078s][info ][safepoint      ] Leaving safepoint region
[4034.078s][info ][safepoint      ] Total time for which application threads were stopped: 0.0068433 seconds, Stopping threads took: 0.0000121 seconds
[4039.078s][info ][safepoint      ] Application time: 5.0003616 seconds
[4039.079s][info ][safepoint      ] Entering safepoint region: Cleanup
[4039.079s][info ][safepoint      ] Leaving safepoint region
[4039.079s][info ][safepoint      ] Total time for which application threads were stopped: 0.0000711 seconds, Stopping threads took: 0.0000138 seconds
[4047.064s][info ][safepoint      ] Application time: 7.9855475 seconds
[4047.064s][info ][safepoint      ] Entering safepoint region: ParallelGCFailedAllocation
[4047.064s][info ][gc,start       ] GC(425) Pause Young (Allocation Failure)
[4047.071s][debug][gc,phases      ] GC(425) Scavenge 6.596ms
[4047.071s][debug][gc,ref         ] GC(425) Skipped phase1 of Reference Processing due to unavailable references
[4047.071s][debug][gc,ref         ] GC(425) Skipped phase2 of Reference Processing due to unavailable references
[4047.071s][debug][gc,ref         ] GC(425) Skipped phase3 of Reference Processing due to unavailable references
[4047.071s][debug][gc,phases      ] GC(425) Reference Processing 0.032ms
[4047.071s][debug][gc,phases      ] GC(425) Weak Processing 0.152ms
[4047.072s][debug][gc,phases      ] GC(425) Scrub String Table 0.460ms
[4047.072s][debug][gc,age         ] GC(425) Desired survivor size 33554432 bytes, new threshold 15 (max threshold 15)
[4047.072s][info ][gc,heap        ] GC(425) PSYoungGen: 2053856K->20512K(2064384K)
[4047.072s][info ][gc,heap        ] GC(425) ParOldGen: 445272K->446181K(578048K)
[4047.072s][info ][gc,metaspace   ] GC(425) Metaspace: 76938K->76938K(1120256K)
[4047.072s][info ][gc             ] GC(425) Pause Young (Allocation Failure) 2440M->455M(2580M) 7.378ms
[4047.072s][info ][gc,cpu         ] GC(425) User=0.02s Sys=0.00s Real=0.00s
[4047.072s][info ][safepoint      ] Leaving safepoint region
[4047.072s][info ][safepoint      ] Total time for which application threads were stopped: 0.0075727 seconds, Stopping threads took: 0.0000296 seconds
[4050.072s][info ][safepoint      ] Application time: 3.0002314 seconds
[4050.072s][info ][safepoint      ] Entering safepoint region: Cleanup
[4050.072s][info ][safepoint      ] Leaving safepoint region
[4050.072s][info ][safepoint      ] Total time for which application threads were stopped: 0.0001186 seconds, Stopping threads took: 0.0000422 seconds
[4053.072s][info ][safepoint      ] Application time: 3.0002129 seconds
[4053.072s][info ][safepoint      ] Entering safepoint region: Cleanup
[4053.072s][info ][safepoint      ] Leaving safepoint region
[4053.072s][info ][safepoint      ] Total time for which application threads were stopped: 0.0000691 seconds, Stopping threads took: 0.0000114 seconds
[4056.069s][info ][safepoint      ] Application time: 2.9960820 seconds
[4056.069s][info ][safepoint      ] Entering safepoint region: BulkRevokeBias
[4056.069s][info ][safepoint      ] Leaving safepoint region
[4056.069s][info ][safepoint      ] Total time for which application threads were stopped: 0.0002663 seconds, Stopping threads took: 0.0000381 seconds
[4059.018s][info ][safepoint      ] Application time: 2.9493864 seconds
[4059.018s][info ][safepoint      ] Entering safepoint region: ParallelGCFailedAllocation
[4059.018s][info ][gc,start       ] GC(426) Pause Young (Allocation Failure)
[4059.026s][debug][gc,phases      ] GC(426) Scavenge 7.752ms
[4059.026s][debug][gc,ref         ] GC(426) Skipped phase1 of Reference Processing due to unavailable references
[4059.026s][debug][gc,ref         ] GC(426) Skipped phase2 of Reference Processing due to unavailable references
[4059.026s][debug][gc,ref         ] GC(426) Skipped phase3 of Reference Processing due to unavailable references
[4059.026s][debug][gc,phases      ] GC(426) Reference Processing 0.040ms
[4059.026s][debug][gc,phases      ] GC(426) Weak Processing 0.159ms
[4059.027s][debug][gc,phases      ] GC(426) Scrub String Table 0.458ms
[4059.027s][debug][gc,age         ] GC(426) Desired survivor size 35127296 bytes, new threshold 15 (max threshold 15)
[4059.027s][info ][gc,heap        ] GC(426) PSYoungGen: 2052128K->23952K(2055680K)
[4059.027s][info ][gc,heap        ] GC(426) ParOldGen: 446181K->446541K(578048K)
[4059.027s][info ][gc,metaspace   ] GC(426) Metaspace: 76941K->76941K(1120256K)
[4059.027s][info ][gc             ] GC(426) Pause Young (Allocation Failure) 2439M->459M(2572M) 8.538ms
[4059.027s][info ][gc,cpu         ] GC(426) User=0.03s Sys=0.00s Real=0.01s
[4059.027s][info ][safepoint      ] Leaving safepoint region
[4059.027s][info ][safepoint      ] Total time for which application threads were stopped: 0.0087015 seconds, Stopping threads took: 0.0000336 seconds
[4067.028s][info ][safepoint      ] Application time: 8.0005748 seconds
[4067.028s][info ][safepoint      ] Entering safepoint region: Cleanup
[4067.028s][info ][safepoint      ] Leaving safepoint region
[4067.028s][info ][safepoint      ] Total time for which application threads were stopped: 0.0001062 seconds, Stopping threads took: 0.0000498 seconds
[4068.028s][info ][safepoint      ] Application time: 1.0000864 seconds
[4068.028s][info ][safepoint      ] Entering safepoint region: Cleanup
[4068.028s][info ][safepoint      ] Leaving safepoint region
[4068.028s][info ][safepoint      ] Total time for which application threads were stopped: 0.0000971 seconds, Stopping threads took: 0.0000325 seconds
[4069.028s][info ][safepoint      ] Application time: 1.0000688 seconds
[4069.028s][info ][safepoint      ] Entering safepoint region: Cleanup
[4069.028s][info ][safepoint      ] Leaving safepoint region
[4069.028s][info ][safepoint      ] Total time for which application threads were stopped: 0.0001282 seconds, Stopping threads took: 0.0000127 seconds
[4070.621s][info ][safepoint      ] Application time: 1.5930412 seconds
[4070.621s][info ][safepoint      ] Entering safepoint region: ParallelGCFailedAllocation
[4070.621s][info ][gc,start       ] GC(427) Pause Young (Allocation Failure)
[4070.630s][debug][gc,phases      ] GC(427) Scavenge 9.020ms
[4070.630s][debug][gc,ref         ] GC(427) Skipped phase1 of Reference Processing due to unavailable references
[4070.630s][debug][gc,ref         ] GC(427) Skipped phase2 of Reference Processing due to unavailable references
[4070.631s][debug][gc,ref         ] GC(427) Skipped phase3 of Reference Processing due to unavailable references
[4070.631s][debug][gc,phases      ] GC(427) Reference Processing 0.031ms
[4070.631s][debug][gc,phases      ] GC(427) Weak Processing 0.151ms
[4070.631s][debug][gc,phases      ] GC(427) Scrub String Table 0.438ms
[4070.631s][debug][gc,age         ] GC(427) Desired survivor size 37748736 bytes, new threshold 15 (max threshold 15)
[4070.631s][info ][gc,heap        ] GC(427) PSYoungGen: 2055568K->28624K(2057728K)
[4070.631s][info ][gc,heap        ] GC(427) ParOldGen: 446541K->446581K(578048K)
[4070.631s][info ][gc,metaspace   ] GC(427) Metaspace: 76941K->76941K(1120256K)
[4070.631s][info ][gc             ] GC(427) Pause Young (Allocation Failure) 2443M->464M(2574M) 9.793ms
[4070.631s][info ][gc,cpu         ] GC(427) User=0.04s Sys=0.00s Real=0.00s
[4070.631s][info ][safepoint      ] Leaving safepoint region
[4070.631s][info ][safepoint      ] Total time for which application threads were stopped: 0.0099669 seconds, Stopping threads took: 0.0000390 seconds
[4071.631s][info ][safepoint      ] Application time: 1.0000927 seconds
[4071.631s][info ][safepoint      ] Entering safepoint region: Cleanup
[4071.631s][info ][safepoint      ] Leaving safepoint region
[4071.631s][info ][safepoint      ] Total time for which application threads were stopped: 0.0000717 seconds, Stopping threads took: 0.0000135 seconds
[4082.671s][info ][safepoint      ] Application time: 11.0398707 seconds
[4082.671s][info ][safepoint      ] Entering safepoint region: ParallelGCFailedAllocation
[4082.672s][info ][gc,start       ] GC(428) Pause Young (Allocation Failure)
[4082.679s][debug][gc,phases      ] GC(428) Scavenge 7.836ms
[4082.679s][debug][gc,ref         ] GC(428) Skipped phase1 of Reference Processing due to unavailable references
[4082.679s][debug][gc,ref         ] GC(428) Skipped phase2 of Reference Processing due to unavailable references
[4082.679s][debug][gc,ref         ] GC(428) Skipped phase3 of Reference Processing due to unavailable references
[4082.680s][debug][gc,phases      ] GC(428) Reference Processing 0.050ms
[4082.680s][debug][gc,phases      ] GC(428) Weak Processing 0.169ms
[4082.680s][debug][gc,phases      ] GC(428) Scrub String Table 0.497ms
[4082.680s][debug][gc,age         ] GC(428) Desired survivor size 39845888 bytes, new threshold 15 (max threshold 15)
[4082.680s][info ][gc,heap        ] GC(428) PSYoungGen: 2052048K->29408K(2053120K)
[4082.680s][info ][gc,heap        ] GC(428) ParOldGen: 446581K->446629K(578048K)
[4082.680s][info ][gc,metaspace   ] GC(428) Metaspace: 76941K->76941K(1120256K)
[4082.680s][info ][gc             ] GC(428) Pause Young (Allocation Failure) 2440M->464M(2569M) 8.706ms
[4082.680s][info ][gc,cpu         ] GC(428) User=0.03s Sys=0.00s Real=0.02s
[4082.680s][info ][safepoint      ] Leaving safepoint region
[4082.680s][info ][safepoint      ] Total time for which application threads were stopped: 0.0089121 seconds, Stopping threads took: 0.0000349 seconds
[4089.681s][info ][safepoint      ] Application time: 7.0005281 seconds
[4089.681s][info ][safepoint      ] Entering safepoint region: Cleanup
[4089.681s][info ][safepoint      ] Leaving safepoint region
[4089.681s][info ][safepoint      ] Total time for which application threads were stopped: 0.0000901 seconds, Stopping threads took: 0.0000191 seconds
[4095.404s][info ][safepoint      ] Application time: 5.7234930 seconds
[4095.405s][info ][safepoint      ] Entering safepoint region: ParallelGCFailedAllocation
[4095.405s][info ][gc,start       ] GC(429) Pause Young (Allocation Failure)
[4095.414s][debug][gc,phases      ] GC(429) Scavenge 9.056ms
[4095.414s][debug][gc,ref         ] GC(429) Skipped phase1 of Reference Processing due to unavailable references
[4095.414s][debug][gc,ref         ] GC(429) Skipped phase2 of Reference Processing due to unavailable references
[4095.414s][debug][gc,ref         ] GC(429) Skipped phase3 of Reference Processing due to unavailable references
[4095.414s][debug][gc,phases      ] GC(429) Reference Processing 0.033ms
[4095.414s][debug][gc,phases      ] GC(429) Weak Processing 0.163ms
[4095.415s][debug][gc,phases      ] GC(429) Scrub String Table 0.519ms
[4095.415s][debug][gc,age         ] GC(429) Desired survivor size 41943040 bytes, new threshold 15 (max threshold 15)
[4095.415s][info ][gc,heap        ] GC(429) PSYoungGen: 2052832K->29104K(2054144K)
[4095.415s][info ][gc,heap        ] GC(429) ParOldGen: 446629K->446677K(578048K)
[4095.415s][info ][gc,metaspace   ] GC(429) Metaspace: 76942K->76942K(1120256K)
[4095.415s][info ][gc             ] GC(429) Pause Young (Allocation Failure) 2440M->464M(2570M) 9.940ms
[4095.415s][info ][gc,cpu         ] GC(429) User=0.03s Sys=0.00s Real=0.01s
[4095.415s][info ][safepoint      ] Leaving safepoint region
[4095.415s][info ][safepoint      ] Total time for which application threads were stopped: 0.0101490 seconds, Stopping threads took: 0.0000372 seconds
[4097.415s][info ][safepoint      ] Application time: 2.0001558 seconds
[4097.415s][info ][safepoint      ] Entering safepoint region: Cleanup
[4097.415s][info ][safepoint      ] Leaving safepoint region
[4097.415s][info ][safepoint      ] Total time for which application threads were stopped: 0.0001002 seconds, Stopping threads took: 0.0000324 seconds
[4098.415s][info ][safepoint      ] Application time: 1.0000726 seconds
[4098.415s][info ][safepoint      ] Entering safepoint region: Cleanup
[4098.415s][info ][safepoint      ] Leaving safepoint region
[4098.415s][info ][safepoint      ] Total time for which application threads were stopped: 0.0001218 seconds, Stopping threads took: 0.0000557 seconds
[4099.415s][info ][safepoint      ] Application time: 1.0000764 seconds
[4099.415s][info ][safepoint      ] Entering safepoint region: Cleanup
[4099.415s][info ][safepoint      ] Leaving safepoint region
[4099.415s][info ][safepoint      ] Total time for which application threads were stopped: 0.0000867 seconds, Stopping threads took: 0.0000335 seconds
[4100.415s][info ][safepoint      ] Application time: 1.0000848 seconds
[4100.416s][info ][safepoint      ] Entering safepoint region: Cleanup
[4100.416s][info ][safepoint      ] Leaving safepoint region
[4100.416s][info ][safepoint      ] Total time for which application threads were stopped: 0.0000956 seconds, Stopping threads took: 0.0000370 seconds
[4101.416s][info ][safepoint      ] Application time: 1.0000705 seconds
[4101.416s][info ][safepoint      ] Entering safepoint region: Cleanup
[4101.416s][info ][safepoint      ] Leaving safepoint region
[4101.416s][info ][safepoint      ] Total time for which application threads were stopped: 0.0000958 seconds, Stopping threads took: 0.0000315 seconds
[4102.416s][info ][safepoint      ] Application time: 1.0000864 seconds
[4102.416s][info ][safepoint      ] Entering safepoint region: Cleanup
[4102.416s][info ][safepoint      ] Leaving safepoint region
[4102.416s][info ][safepoint      ] Total time for which application threads were stopped: 0.0000943 seconds, Stopping threads took: 0.0000346 seconds
[4103.416s][info ][safepoint      ] Application time: 1.0000857 seconds
[4103.416s][info ][safepoint      ] Entering safepoint region: Cleanup
[4103.416s][info ][safepoint      ] Leaving safepoint region
[4103.416s][info ][safepoint      ] Total time for which application threads were stopped: 0.0001129 seconds, Stopping threads took: 0.0000488 seconds
[4104.416s][info ][safepoint      ] Application time: 1.0000712 seconds
[4104.416s][info ][safepoint      ] Entering safepoint region: Cleanup
[4104.417s][info ][safepoint      ] Leaving safepoint region
[4104.417s][info ][safepoint      ] Total time for which application threads were stopped: 0.0001097 seconds, Stopping threads took: 0.0000467 seconds
[4105.417s][info ][safepoint      ] Application time: 1.0000745 seconds
[4105.417s][info ][safepoint      ] Entering safepoint region: Cleanup
[4105.417s][info ][safepoint      ] Leaving safepoint region
[4105.417s][info ][safepoint      ] Total time for which application threads were stopped: 0.0000890 seconds, Stopping threads took: 0.0000310 seconds
[4106.417s][info ][safepoint      ] Application time: 1.0000720 seconds
[4106.417s][info ][safepoint      ] Entering safepoint region: Cleanup
[4106.417s][info ][safepoint      ] Leaving safepoint region
[4106.417s][info ][safepoint      ] Total time for which application threads were stopped: 0.0001131 seconds, Stopping threads took: 0.0000410 seconds
[4107.417s][info ][safepoint      ] Application time: 1.0000731 seconds
[4107.417s][info ][safepoint      ] Entering safepoint region: Cleanup
[4107.417s][info ][safepoint      ] Leaving safepoint region
[4107.417s][info ][safepoint      ] Total time for which application threads were stopped: 0.0001101 seconds, Stopping threads took: 0.0000473 seconds
[4108.366s][info ][safepoint      ] Application time: 0.9483228 seconds
[4108.366s][info ][safepoint      ] Entering safepoint region: ParallelGCFailedAllocation
[4108.366s][info ][gc,start       ] GC(430) Pause Young (Allocation Failure)
[4108.373s][debug][gc,phases      ] GC(430) Scavenge 7.474ms
[4108.373s][debug][gc,ref         ] GC(430) Skipped phase1 of Reference Processing due to unavailable references
[4108.373s][debug][gc,ref         ] GC(430) Skipped phase2 of Reference Processing due to unavailable references
[4108.373s][debug][gc,ref         ] GC(430) Skipped phase3 of Reference Processing due to unavailable references
[4108.373s][debug][gc,phases      ] GC(430) Reference Processing 0.032ms
[4108.373s][debug][gc,phases      ] GC(430) Weak Processing 0.168ms
[4108.374s][debug][gc,phases      ] GC(430) Scrub String Table 0.489ms
[4108.374s][debug][gc,age         ] GC(430) Desired survivor size 42991616 bytes, new threshold 15 (max threshold 15)
[4108.374s][info ][gc,heap        ] GC(430) PSYoungGen: 2044336K->28976K(2044416K)
[4108.374s][info ][gc,heap        ] GC(430) ParOldGen: 446677K->446733K(578048K)
[4108.374s][info ][gc,metaspace   ] GC(430) Metaspace: 76942K->76942K(1120256K)
[4108.374s][info ][gc             ] GC(430) Pause Young (Allocation Failure) 2432M->464M(2561M) 8.298ms
[4108.374s][info ][gc,cpu         ] GC(430) User=0.03s Sys=0.00s Real=0.01s
[4108.374s][info ][safepoint      ] Leaving safepoint region
[4108.374s][info ][safepoint      ] Total time for which application threads were stopped: 0.0084501 seconds, Stopping threads took: 0.0000117 seconds
[4109.374s][info ][safepoint      ] Application time: 1.0000773 seconds
[4109.374s][info ][safepoint      ] Entering safepoint region: Cleanup
[4109.374s][info ][safepoint      ] Leaving safepoint region
[4109.374s][info ][safepoint      ] Total time for which application threads were stopped: 0.0000617 seconds, Stopping threads took: 0.0000116 seconds
[4110.374s][info ][safepoint      ] Application time: 1.0000663 seconds
[4110.374s][info ][safepoint      ] Entering safepoint region: Cleanup
[4110.374s][info ][safepoint      ] Leaving safepoint region
[4110.374s][info ][safepoint      ] Total time for which application threads were stopped: 0.0000606 seconds, Stopping threads took: 0.0000128 seconds
[4111.374s][info ][safepoint      ] Application time: 1.0000749 seconds
[4111.374s][info ][safepoint      ] Entering safepoint region: Cleanup
[4111.375s][info ][safepoint      ] Leaving safepoint region
[4111.375s][info ][safepoint      ] Total time for which application threads were stopped: 0.0000887 seconds, Stopping threads took: 0.0000341 seconds
[4112.375s][info ][safepoint      ] Application time: 1.0000427 seconds
[4112.375s][info ][safepoint      ] Entering safepoint region: Cleanup
[4112.375s][info ][safepoint      ] Leaving safepoint region
[4112.375s][info ][safepoint      ] Total time for which application threads were stopped: 0.0000624 seconds, Stopping threads took: 0.0000118 seconds
[4113.375s][info ][safepoint      ] Application time: 1.0000705 seconds
[4113.375s][info ][safepoint      ] Entering safepoint region: Cleanup
[4113.375s][info ][safepoint      ] Leaving safepoint region
[4113.375s][info ][safepoint      ] Total time for which application threads were stopped: 0.0000598 seconds, Stopping threads took: 0.0000107 seconds
[4114.375s][info ][safepoint      ] Application time: 1.0000647 seconds
[4114.375s][info ][safepoint      ] Entering safepoint region: Cleanup
[4114.375s][info ][safepoint      ] Leaving safepoint region
[4114.375s][info ][safepoint      ] Total time for which application threads were stopped: 0.0001141 seconds, Stopping threads took: 0.0000393 seconds
[4115.375s][info ][safepoint      ] Application time: 1.0000384 seconds
[4115.375s][info ][safepoint      ] Entering safepoint region: Cleanup
[4115.375s][info ][safepoint      ] Leaving safepoint region
[4115.375s][info ][safepoint      ] Total time for which application threads were stopped: 0.0000744 seconds, Stopping threads took: 0.0000114 seconds
[4116.375s][info ][safepoint      ] Application time: 1.0000654 seconds
[4116.375s][info ][safepoint      ] Entering safepoint region: Cleanup
[4116.375s][info ][safepoint      ] Leaving safepoint region
[4116.375s][info ][safepoint      ] Total time for which application threads were stopped: 0.0000657 seconds, Stopping threads took: 0.0000154 seconds
[4117.376s][info ][safepoint      ] Application time: 1.0000743 seconds
[4117.376s][info ][safepoint      ] Entering safepoint region: Cleanup
[4117.376s][info ][safepoint      ] Leaving safepoint region
[4117.376s][info ][safepoint      ] Total time for which application threads were stopped: 0.0000726 seconds, Stopping threads took: 0.0000116 seconds
[4118.376s][info ][safepoint      ] Application time: 1.0000652 seconds
[4118.376s][info ][safepoint      ] Entering safepoint region: Cleanup
[4118.376s][info ][safepoint      ] Leaving safepoint region
[4118.376s][info ][safepoint      ] Total time for which application threads were stopped: 0.0000684 seconds, Stopping threads took: 0.0000124 seconds
[4119.376s][info ][safepoint      ] Application time: 1.0000711 seconds
[4119.376s][info ][safepoint      ] Entering safepoint region: Cleanup
[4119.376s][info ][safepoint      ] Leaving safepoint region
[4119.376s][info ][safepoint      ] Total time for which application threads were stopped: 0.0000744 seconds, Stopping threads took: 0.0000218 seconds
[4120.376s][info ][safepoint      ] Application time: 1.0000352 seconds
[4120.376s][info ][safepoint      ] Entering safepoint region: Cleanup
[4120.376s][info ][safepoint      ] Leaving safepoint region
[4120.376s][info ][safepoint      ] Total time for which application threads were stopped: 0.0000774 seconds, Stopping threads took: 0.0000126 seconds
[4121.054s][info ][safepoint      ] Application time: 0.6776114 seconds
[4121.054s][info ][safepoint      ] Entering safepoint region: ParallelGCFailedAllocation
[4121.054s][info ][gc,start       ] GC(431) Pause Young (Allocation Failure)
[4121.063s][debug][gc,phases      ] GC(431) Scavenge 8.929ms
[4121.063s][debug][gc,ref         ] GC(431) Skipped phase1 of Reference Processing due to unavailable references
[4121.063s][debug][gc,ref         ] GC(431) Skipped phase2 of Reference Processing due to unavailable references
[4121.063s][debug][gc,ref         ] GC(431) Skipped phase3 of Reference Processing due to unavailable references
[4121.063s][debug][gc,phases      ] GC(431) Reference Processing 0.030ms
[4121.063s][debug][gc,phases      ] GC(431) Weak Processing 0.161ms
[4121.064s][debug][gc,phases      ] GC(431) Scrub String Table 0.503ms
[4121.064s][debug][gc,age         ] GC(431) Desired survivor size 43515904 bytes, new threshold 15 (max threshold 15)
[4121.064s][info ][gc,heap        ] GC(431) PSYoungGen: 2044208K->28496K(2054144K)
[4121.064s][info ][gc,heap        ] GC(431) ParOldGen: 446733K->448114K(578048K)
[4121.064s][info ][gc,metaspace   ] GC(431) Metaspace: 76953K->76953K(1120256K)
[4121.064s][info ][gc             ] GC(431) Pause Young (Allocation Failure) 2432M->465M(2570M) 9.761ms
[4121.064s][info ][gc,cpu         ] GC(431) User=0.04s Sys=0.00s Real=0.01s
[4121.064s][info ][safepoint      ] Leaving safepoint region
[4121.064s][info ][safepoint      ] Total time for which application threads were stopped: 0.0099176 seconds, Stopping threads took: 0.0000145 seconds
[4122.064s][info ][safepoint      ] Application time: 1.0000832 seconds
[4122.064s][info ][safepoint      ] Entering safepoint region: Cleanup
[4122.064s][info ][safepoint      ] Leaving safepoint region
[4122.064s][info ][safepoint      ] Total time for which application threads were stopped: 0.0001102 seconds, Stopping threads took: 0.0000348 seconds
[4123.064s][info ][safepoint      ] Application time: 1.0000823 seconds
[4123.064s][info ][safepoint      ] Entering safepoint region: Cleanup
[4123.064s][info ][safepoint      ] Leaving safepoint region
[4123.064s][info ][safepoint      ] Total time for which application threads were stopped: 0.0001287 seconds, Stopping threads took: 0.0000613 seconds
[4124.064s][info ][safepoint      ] Application time: 1.0000769 seconds
[4124.064s][info ][safepoint      ] Entering safepoint region: Cleanup
[4124.064s][info ][safepoint      ] Leaving safepoint region
[4124.064s][info ][safepoint      ] Total time for which application threads were stopped: 0.0001123 seconds, Stopping threads took: 0.0000319 seconds
[4125.065s][info ][safepoint      ] Application time: 1.0000838 seconds
[4125.065s][info ][safepoint      ] Entering safepoint region: Cleanup
[4125.065s][info ][safepoint      ] Leaving safepoint region
[4125.065s][info ][safepoint      ] Total time for which application threads were stopped: 0.0001676 seconds, Stopping threads took: 0.0001073 seconds
[4126.065s][info ][safepoint      ] Application time: 1.0000709 seconds
[4126.065s][info ][safepoint      ] Entering safepoint region: Cleanup
[4126.065s][info ][safepoint      ] Leaving safepoint region
[4126.065s][info ][safepoint      ] Total time for which application threads were stopped: 0.0000955 seconds, Stopping threads took: 0.0000323 seconds
[4127.065s][info ][safepoint      ] Application time: 1.0000701 seconds
[4127.065s][info ][safepoint      ] Entering safepoint region: Cleanup
[4127.065s][info ][safepoint      ] Leaving safepoint region
[4127.065s][info ][safepoint      ] Total time for which application threads were stopped: 0.0001171 seconds, Stopping threads took: 0.0000516 seconds
[4128.065s][info ][safepoint      ] Application time: 1.0000818 seconds
[4128.065s][info ][safepoint      ] Entering safepoint region: Cleanup
[4128.065s][info ][safepoint      ] Leaving safepoint region
[4128.065s][info ][safepoint      ] Total time for which application threads were stopped: 0.0000994 seconds, Stopping threads took: 0.0000392 seconds
[4129.066s][info ][safepoint      ] Application time: 1.0000839 seconds
[4129.066s][info ][safepoint      ] Entering safepoint region: Cleanup
[4129.066s][info ][safepoint      ] Leaving safepoint region
[4129.066s][info ][safepoint      ] Total time for which application threads were stopped: 0.0001118 seconds, Stopping threads took: 0.0000558 seconds
[4130.066s][info ][safepoint      ] Application time: 1.0000776 seconds
[4130.066s][info ][safepoint      ] Entering safepoint region: Cleanup
[4130.066s][info ][safepoint      ] Leaving safepoint region
[4130.066s][info ][safepoint      ] Total time for which application threads were stopped: 0.0000850 seconds, Stopping threads took: 0.0000327 seconds
[4131.066s][info ][safepoint      ] Application time: 1.0000755 seconds
[4131.066s][info ][safepoint      ] Entering safepoint region: Cleanup
[4131.066s][info ][safepoint      ] Leaving safepoint region
[4131.066s][info ][safepoint      ] Total time for which application threads were stopped: 0.0001034 seconds, Stopping threads took: 0.0000352 seconds
[4131.321s][info ][safepoint      ] Application time: 0.2551290 seconds
[4131.321s][info ][safepoint      ] Entering safepoint region: RevokeBias
[4131.321s][info ][safepoint      ] Leaving safepoint region
[4131.321s][info ][safepoint      ] Total time for which application threads were stopped: 0.0000711 seconds, Stopping threads took: 0.0000104 seconds
[4132.321s][info ][safepoint      ] Application time: 1.0000593 seconds
[4132.321s][info ][safepoint      ] Entering safepoint region: Cleanup
[4132.322s][info ][safepoint      ] Leaving safepoint region
[4132.322s][info ][safepoint      ] Total time for which application threads were stopped: 0.0000667 seconds, Stopping threads took: 0.0000114 seconds
[4133.322s][info ][safepoint      ] Application time: 1.0000652 seconds
[4133.322s][info ][safepoint      ] Entering safepoint region: Cleanup
[4133.322s][info ][safepoint      ] Leaving safepoint region
[4133.322s][info ][safepoint      ] Total time for which application threads were stopped: 0.0000580 seconds, Stopping threads took: 0.0000110 seconds
[4133.816s][info ][safepoint      ] Application time: 0.4941740 seconds
[4133.816s][info ][safepoint      ] Entering safepoint region: ParallelGCFailedAllocation
[4133.816s][info ][gc,start       ] GC(432) Pause Young (Allocation Failure)
[4133.824s][debug][gc,phases      ] GC(432) Scavenge 7.656ms
[4133.824s][debug][gc,ref         ] GC(432) Skipped phase1 of Reference Processing due to unavailable references
[4133.824s][debug][gc,ref         ] GC(432) Skipped phase2 of Reference Processing due to unavailable references
[4133.824s][debug][gc,ref         ] GC(432) Skipped phase3 of Reference Processing due to unavailable references
[4133.824s][debug][gc,phases      ] GC(432) Reference Processing 0.029ms
[4133.824s][debug][gc,phases      ] GC(432) Weak Processing 0.154ms
[4133.824s][debug][gc,phases      ] GC(432) Scrub String Table 0.490ms
[4133.824s][debug][gc,age         ] GC(432) Desired survivor size 41418752 bytes, new threshold 15 (max threshold 15)
[4133.825s][info ][gc,heap        ] GC(432) PSYoungGen: 2040656K->21952K(2054656K)
[4133.825s][info ][gc,heap        ] GC(432) ParOldGen: 448114K->454466K(578048K)
[4133.825s][info ][gc,metaspace   ] GC(432) Metaspace: 76954K->76954K(1120256K)
[4133.825s][info ][gc             ] GC(432) Pause Young (Allocation Failure) 2430M->465M(2571M) 8.469ms
[4133.825s][info ][gc,cpu         ] GC(432) User=0.02s Sys=0.00s Real=0.01s
[4133.825s][info ][safepoint      ] Leaving safepoint region
[4133.825s][info ][safepoint      ] Total time for which application threads were stopped: 0.0086362 seconds, Stopping threads took: 0.0000183 seconds
[4134.825s][info ][safepoint      ] Application time: 1.0000785 seconds
[4134.825s][info ][safepoint      ] Entering safepoint region: Cleanup
[4134.825s][info ][safepoint      ] Leaving safepoint region
[4134.825s][info ][safepoint      ] Total time for which application threads were stopped: 0.0000786 seconds, Stopping threads took: 0.0000148 seconds
[4135.825s][info ][safepoint      ] Application time: 1.0000760 seconds
[4135.825s][info ][safepoint      ] Entering safepoint region: Cleanup
[4135.825s][info ][safepoint      ] Leaving safepoint region
[4135.825s][info ][safepoint      ] Total time for which application threads were stopped: 0.0000717 seconds, Stopping threads took: 0.0000117 seconds
[4136.825s][info ][safepoint      ] Application time: 1.0000376 seconds
[4136.825s][info ][safepoint      ] Entering safepoint region: Cleanup
[4136.825s][info ][safepoint      ] Leaving safepoint region
[4136.825s][info ][safepoint      ] Total time for which application threads were stopped: 0.0000715 seconds, Stopping threads took: 0.0000115 seconds
[4137.825s][info ][safepoint      ] Application time: 1.0000698 seconds
[4137.825s][info ][safepoint      ] Entering safepoint region: Cleanup
[4137.825s][info ][safepoint      ] Leaving safepoint region
[4137.825s][info ][safepoint      ] Total time for which application threads were stopped: 0.0000608 seconds, Stopping threads took: 0.0000115 seconds
[4138.825s][info ][safepoint      ] Application time: 1.0000671 seconds
[4138.825s][info ][safepoint      ] Entering safepoint region: Cleanup
[4138.825s][info ][safepoint      ] Leaving safepoint region
[4138.825s][info ][safepoint      ] Total time for which application threads were stopped: 0.0000700 seconds, Stopping threads took: 0.0000207 seconds
[4139.826s][info ][safepoint      ] Application time: 1.0000789 seconds
[4139.826s][info ][safepoint      ] Entering safepoint region: Cleanup
[4139.826s][info ][safepoint      ] Leaving safepoint region
[4139.826s][info ][safepoint      ] Total time for which application threads were stopped: 0.0000785 seconds, Stopping threads took: 0.0000168 seconds
[4140.826s][info ][safepoint      ] Application time: 1.0000757 seconds
[4140.826s][info ][safepoint      ] Entering safepoint region: Cleanup
[4140.826s][info ][safepoint      ] Leaving safepoint region
[4140.826s][info ][safepoint      ] Total time for which application threads were stopped: 0.0000614 seconds, Stopping threads took: 0.0000114 seconds
[4141.826s][info ][safepoint      ] Application time: 1.0000801 seconds
[4141.826s][info ][safepoint      ] Entering safepoint region: Cleanup
[4141.826s][info ][safepoint      ] Leaving safepoint region
[4141.826s][info ][safepoint      ] Total time for which application threads were stopped: 0.0001247 seconds, Stopping threads took: 0.0000639 seconds
[4142.826s][info ][safepoint      ] Application time: 1.0000724 seconds
[4142.826s][info ][safepoint      ] Entering safepoint region: Cleanup
[4142.826s][info ][safepoint      ] Leaving safepoint region
[4142.826s][info ][safepoint      ] Total time for which application threads were stopped: 0.0000636 seconds, Stopping threads took: 0.0000135 seconds
[4143.826s][info ][safepoint      ] Application time: 1.0000794 seconds
[4143.826s][info ][safepoint      ] Entering safepoint region: Cleanup
[4143.827s][info ][safepoint      ] Leaving safepoint region
[4143.827s][info ][safepoint      ] Total time for which application threads were stopped: 0.0000686 seconds, Stopping threads took: 0.0000176 seconds
[4144.827s][info ][safepoint      ] Application time: 1.0000628 seconds
[4144.827s][info ][safepoint      ] Entering safepoint region: Cleanup
[4144.827s][info ][safepoint      ] Leaving safepoint region
[4144.827s][info ][safepoint      ] Total time for which application threads were stopped: 0.0000796 seconds, Stopping threads took: 0.0000126 seconds
[4145.827s][info ][safepoint      ] Application time: 1.0000750 seconds
[4145.827s][info ][safepoint      ] Entering safepoint region: Cleanup
[4145.827s][info ][safepoint      ] Leaving safepoint region
[4145.827s][info ][safepoint      ] Total time for which application threads were stopped: 0.0000593 seconds, Stopping threads took: 0.0000113 seconds
[4146.519s][info ][safepoint      ] Application time: 0.6917440 seconds
[4146.519s][info ][safepoint      ] Entering safepoint region: ParallelGCFailedAllocation
[4146.519s][info ][gc,start       ] GC(433) Pause Young (Allocation Failure)
[4146.526s][debug][gc,phases      ] GC(433) Scavenge 7.290ms
[4146.526s][debug][gc,ref         ] GC(433) Skipped phase1 of Reference Processing due to unavailable references
[4146.526s][debug][gc,ref         ] GC(433) Skipped phase2 of Reference Processing due to unavailable references
[4146.526s][debug][gc,ref         ] GC(433) Skipped phase3 of Reference Processing due to unavailable references
[4146.526s][debug][gc,phases      ] GC(433) Reference Processing 0.031ms
[4146.526s][debug][gc,phases      ] GC(433) Weak Processing 0.166ms
[4146.527s][debug][gc,phases      ] GC(433) Scrub String Table 0.495ms
[4146.527s][debug][gc,age         ] GC(433) Desired survivor size 40370176 bytes, new threshold 15 (max threshold 15)
[4146.527s][info ][gc,heap        ] GC(433) PSYoungGen: 2034112K->17168K(2057728K)
[4146.527s][info ][gc,heap        ] GC(433) ParOldGen: 454466K->459605K(578048K)
[4146.527s][info ][gc,metaspace   ] GC(433) Metaspace: 76955K->76955K(1120256K)
[4146.527s][info ][gc             ] GC(433) Pause Young (Allocation Failure) 2430M->465M(2574M) 8.122ms
[4146.527s][info ][gc,cpu         ] GC(433) User=0.02s Sys=0.00s Real=0.01s
[4146.527s][info ][safepoint      ] Leaving safepoint region
[4146.527s][info ][safepoint      ] Total time for which application threads were stopped: 0.0083162 seconds, Stopping threads took: 0.0000328 seconds
[4147.527s][info ][safepoint      ] Application time: 1.0000812 seconds
[4147.527s][info ][safepoint      ] Entering safepoint region: Cleanup
[4147.527s][info ][safepoint      ] Leaving safepoint region
[4147.527s][info ][safepoint      ] Total time for which application threads were stopped: 0.0000621 seconds, Stopping threads took: 0.0000123 seconds
[4148.527s][info ][safepoint      ] Application time: 1.0000687 seconds
[4148.527s][info ][safepoint      ] Entering safepoint region: Cleanup
[4148.527s][info ][safepoint      ] Leaving safepoint region
[4148.527s][info ][safepoint      ] Total time for which application threads were stopped: 0.0000829 seconds, Stopping threads took: 0.0000309 seconds
[4149.527s][info ][safepoint      ] Application time: 1.0000691 seconds
[4149.528s][info ][safepoint      ] Entering safepoint region: Cleanup
[4149.528s][info ][safepoint      ] Leaving safepoint region
[4149.528s][info ][safepoint      ] Total time for which application threads were stopped: 0.0000637 seconds, Stopping threads took: 0.0000132 seconds
[4150.528s][info ][safepoint      ] Application time: 1.0000634 seconds
[4150.528s][info ][safepoint      ] Entering safepoint region: Cleanup
[4150.528s][info ][safepoint      ] Leaving safepoint region
[4150.528s][info ][safepoint      ] Total time for which application threads were stopped: 0.0001051 seconds, Stopping threads took: 0.0000519 seconds
[4151.528s][info ][safepoint      ] Application time: 1.0000730 seconds
[4151.528s][info ][safepoint      ] Entering safepoint region: Cleanup
[4151.528s][info ][safepoint      ] Leaving safepoint region
[4151.528s][info ][safepoint      ] Total time for which application threads were stopped: 0.0001307 seconds, Stopping threads took: 0.0000490 seconds
[4152.528s][info ][safepoint      ] Application time: 1.0000851 seconds
[4152.528s][info ][safepoint      ] Entering safepoint region: Cleanup
[4152.528s][info ][safepoint      ] Leaving safepoint region
[4152.528s][info ][safepoint      ] Total time for which application threads were stopped: 0.0000915 seconds, Stopping threads took: 0.0000177 seconds
[4153.528s][info ][safepoint      ] Application time: 1.0000709 seconds
[4153.528s][info ][safepoint      ] Entering safepoint region: Cleanup
[4153.528s][info ][safepoint      ] Leaving safepoint region
[4153.528s][info ][safepoint      ] Total time for which application threads were stopped: 0.0000677 seconds, Stopping threads took: 0.0000127 seconds
[4154.529s][info ][safepoint      ] Application time: 1.0000679 seconds
[4154.529s][info ][safepoint      ] Entering safepoint region: Cleanup
[4154.529s][info ][safepoint      ] Leaving safepoint region
[4154.529s][info ][safepoint      ] Total time for which application threads were stopped: 0.0000874 seconds, Stopping threads took: 0.0000263 seconds
[4155.529s][info ][safepoint      ] Application time: 1.0000629 seconds
[4155.529s][info ][safepoint      ] Entering safepoint region: Cleanup
[4155.529s][info ][safepoint      ] Leaving safepoint region
[4155.529s][info ][safepoint      ] Total time for which application threads were stopped: 0.0001186 seconds, Stopping threads took: 0.0000537 seconds
[4156.529s][info ][safepoint      ] Application time: 1.0000809 seconds
[4156.529s][info ][safepoint      ] Entering safepoint region: Cleanup
[4156.529s][info ][safepoint      ] Leaving safepoint region
[4156.529s][info ][safepoint      ] Total time for which application threads were stopped: 0.0000758 seconds, Stopping threads took: 0.0000163 seconds
[4157.529s][info ][safepoint      ] Application time: 1.0000705 seconds
[4157.529s][info ][safepoint      ] Entering safepoint region: Cleanup
[4157.529s][info ][safepoint      ] Leaving safepoint region
[4157.529s][info ][safepoint      ] Total time for which application threads were stopped: 0.0000950 seconds, Stopping threads took: 0.0000175 seconds
[4158.529s][info ][safepoint      ] Application time: 1.0000764 seconds
[4158.529s][info ][safepoint      ] Entering safepoint region: Cleanup
[4158.529s][info ][safepoint      ] Leaving safepoint region
[4158.529s][info ][safepoint      ] Total time for which application threads were stopped: 0.0000866 seconds, Stopping threads took: 0.0000190 seconds
[4159.081s][info ][safepoint      ] Application time: 0.5510784 seconds
[4159.081s][info ][safepoint      ] Entering safepoint region: ParallelGCFailedAllocation
[4159.081s][info ][gc,start       ] GC(434) Pause Young (Allocation Failure)
[4159.095s][debug][gc,phases      ] GC(434) Scavenge 13.767ms
[4159.095s][debug][gc,ref         ] GC(434) Skipped phase1 of Reference Processing due to unavailable references
[4159.095s][debug][gc,ref         ] GC(434) Skipped phase2 of Reference Processing due to unavailable references
[4159.095s][debug][gc,ref         ] GC(434) Skipped phase3 of Reference Processing due to unavailable references
[4159.095s][debug][gc,phases      ] GC(434) Reference Processing 0.038ms
[4159.095s][debug][gc,phases      ] GC(434) Weak Processing 0.192ms
[4159.096s][debug][gc,phases      ] GC(434) Scrub String Table 0.641ms
[4159.096s][debug][gc,age         ] GC(434) Desired survivor size 39845888 bytes, new threshold 15 (max threshold 15)
[4159.096s][info ][gc,heap        ] GC(434) PSYoungGen: 2034448K->16432K(2056704K)
[4159.096s][info ][gc,heap        ] GC(434) ParOldGen: 459605K->463172K(578048K)
[4159.096s][info ][gc,metaspace   ] GC(434) Metaspace: 76956K->76956K(1120256K)
[4159.096s][info ][gc             ] GC(434) Pause Young (Allocation Failure) 2435M->468M(2573M) 14.815ms
[4159.096s][info ][gc,cpu         ] GC(434) User=0.03s Sys=0.00s Real=0.01s
[4159.096s][info ][safepoint      ] Leaving safepoint region
[4159.096s][info ][safepoint      ] Total time for which application threads were stopped: 0.0150603 seconds, Stopping threads took: 0.0000679 seconds
[4160.096s][info ][safepoint      ] Application time: 1.0000795 seconds
[4160.096s][info ][safepoint      ] Entering safepoint region: Cleanup
[4160.096s][info ][safepoint      ] Leaving safepoint region
[4160.096s][info ][safepoint      ] Total time for which application threads were stopped: 0.0000903 seconds, Stopping threads took: 0.0000142 seconds
[4161.096s][info ][safepoint      ] Application time: 1.0000825 seconds
[4161.096s][info ][safepoint      ] Entering safepoint region: Cleanup
[4161.096s][info ][safepoint      ] Leaving safepoint region
[4161.096s][info ][safepoint      ] Total time for which application threads were stopped: 0.0000658 seconds, Stopping threads took: 0.0000134 seconds
[4162.096s][info ][safepoint      ] Application time: 1.0000811 seconds
[4162.096s][info ][safepoint      ] Entering safepoint region: Cleanup
[4162.096s][info ][safepoint      ] Leaving safepoint region
[4162.096s][info ][safepoint      ] Total time for which application threads were stopped: 0.0000737 seconds, Stopping threads took: 0.0000135 seconds
[4163.096s][info ][safepoint      ] Application time: 1.0000702 seconds
[4163.096s][info ][safepoint      ] Entering safepoint region: Cleanup
[4163.096s][info ][safepoint      ] Leaving safepoint region
[4163.096s][info ][safepoint      ] Total time for which application threads were stopped: 0.0000689 seconds, Stopping threads took: 0.0000148 seconds
[4164.097s][info ][safepoint      ] Application time: 1.0000724 seconds
[4164.097s][info ][safepoint      ] Entering safepoint region: Cleanup
[4164.097s][info ][safepoint      ] Leaving safepoint region
[4164.097s][info ][safepoint      ] Total time for which application threads were stopped: 0.0000677 seconds, Stopping threads took: 0.0000136 seconds
[4165.097s][info ][safepoint      ] Application time: 1.0000656 seconds
[4165.097s][info ][safepoint      ] Entering safepoint region: Cleanup
[4165.097s][info ][safepoint      ] Leaving safepoint region
[4165.097s][info ][safepoint      ] Total time for which application threads were stopped: 0.0000655 seconds, Stopping threads took: 0.0000136 seconds
[4166.097s][info ][safepoint      ] Application time: 1.0000306 seconds
[4166.097s][info ][safepoint      ] Entering safepoint region: Cleanup
[4166.097s][info ][safepoint      ] Leaving safepoint region
[4166.097s][info ][safepoint      ] Total time for which application threads were stopped: 0.0000780 seconds, Stopping threads took: 0.0000128 seconds
[4167.097s][info ][safepoint      ] Application time: 1.0000846 seconds
[4167.097s][info ][safepoint      ] Entering safepoint region: Cleanup
[4167.097s][info ][safepoint      ] Leaving safepoint region
[4167.097s][info ][safepoint      ] Total time for which application threads were stopped: 0.0000649 seconds, Stopping threads took: 0.0000141 seconds
[4168.097s][info ][safepoint      ] Application time: 1.0000477 seconds
[4168.097s][info ][safepoint      ] Entering safepoint region: Cleanup
[4168.097s][info ][safepoint      ] Leaving safepoint region
[4168.097s][info ][safepoint      ] Total time for which application threads were stopped: 0.0000637 seconds, Stopping threads took: 0.0000137 seconds
[4169.097s][info ][safepoint      ] Application time: 1.0000630 seconds
[4169.097s][info ][safepoint      ] Entering safepoint region: Cleanup
[4169.097s][info ][safepoint      ] Leaving safepoint region
[4169.097s][info ][safepoint      ] Total time for which application threads were stopped: 0.0000711 seconds, Stopping threads took: 0.0000142 seconds
[4170.098s][info ][safepoint      ] Application time: 1.0000705 seconds
[4170.098s][info ][safepoint      ] Entering safepoint region: Cleanup
[4170.098s][info ][safepoint      ] Leaving safepoint region
[4170.098s][info ][safepoint      ] Total time for which application threads were stopped: 0.0000733 seconds, Stopping threads took: 0.0000152 seconds
[4171.098s][info ][safepoint      ] Application time: 1.0000630 seconds
[4171.098s][info ][safepoint      ] Entering safepoint region: Cleanup
[4171.098s][info ][safepoint      ] Leaving safepoint region
[4171.098s][info ][safepoint      ] Total time for which application threads were stopped: 0.0000750 seconds, Stopping threads took: 0.0000231 seconds
[4171.808s][info ][safepoint      ] Application time: 0.7103232 seconds
[4171.808s][info ][safepoint      ] Entering safepoint region: ParallelGCFailedAllocation
[4171.808s][info ][gc,start       ] GC(435) Pause Young (Allocation Failure)
[4171.815s][debug][gc,phases      ] GC(435) Scavenge 6.634ms
[4171.815s][debug][gc,ref         ] GC(435) Skipped phase1 of Reference Processing due to unavailable references
[4171.815s][debug][gc,ref         ] GC(435) Skipped phase2 of Reference Processing due to unavailable references
[4171.815s][debug][gc,ref         ] GC(435) Skipped phase3 of Reference Processing due to unavailable references
[4171.815s][debug][gc,phases      ] GC(435) Reference Processing 0.033ms
[4171.815s][debug][gc,phases      ] GC(435) Weak Processing 0.150ms
[4171.816s][debug][gc,phases      ] GC(435) Scrub String Table 0.475ms
[4171.816s][debug][gc,age         ] GC(435) Desired survivor size 38797312 bytes, new threshold 15 (max threshold 15)
[4171.816s][info ][gc,heap        ] GC(435) PSYoungGen: 2033712K->15184K(2059264K)
[4171.816s][info ][gc,heap        ] GC(435) ParOldGen: 463172K->464473K(578048K)
[4171.816s][info ][gc,metaspace   ] GC(435) Metaspace: 76957K->76957K(1120256K)
[4171.816s][info ][gc             ] GC(435) Pause Young (Allocation Failure) 2438M->468M(2575M) 7.430ms
[4171.816s][info ][gc,cpu         ] GC(435) User=0.03s Sys=0.00s Real=0.01s
[4171.816s][info ][safepoint      ] Leaving safepoint region
[4171.816s][info ][safepoint      ] Total time for which application threads were stopped: 0.0075847 seconds, Stopping threads took: 0.0000128 seconds
[4172.816s][info ][safepoint      ] Application time: 1.0000883 seconds
[4172.816s][info ][safepoint      ] Entering safepoint region: Cleanup
[4172.816s][info ][safepoint      ] Leaving safepoint region
[4172.816s][info ][safepoint      ] Total time for which application threads were stopped: 0.0000940 seconds, Stopping threads took: 0.0000386 seconds
[4173.816s][info ][safepoint      ] Application time: 1.0000715 seconds
[4173.816s][info ][safepoint      ] Entering safepoint region: Cleanup
[4173.816s][info ][safepoint      ] Leaving safepoint region
[4173.816s][info ][safepoint      ] Total time for which application threads were stopped: 0.0001012 seconds, Stopping threads took: 0.0000491 seconds
[4174.816s][info ][safepoint      ] Application time: 1.0000717 seconds
[4174.816s][info ][safepoint      ] Entering safepoint region: Cleanup
[4174.817s][info ][safepoint      ] Leaving safepoint region
[4174.817s][info ][safepoint      ] Total time for which application threads were stopped: 0.0001245 seconds, Stopping threads took: 0.0000529 seconds
[4175.817s][info ][safepoint      ] Application time: 1.0000716 seconds
[4175.817s][info ][safepoint      ] Entering safepoint region: Cleanup
[4175.817s][info ][safepoint      ] Leaving safepoint region
[4175.817s][info ][safepoint      ] Total time for which application threads were stopped: 0.0001135 seconds, Stopping threads took: 0.0000496 seconds
[4176.817s][info ][safepoint      ] Application time: 1.0000652 seconds
[4176.817s][info ][safepoint      ] Entering safepoint region: Cleanup
[4176.817s][info ][safepoint      ] Leaving safepoint region
[4176.817s][info ][safepoint      ] Total time for which application threads were stopped: 0.0000842 seconds, Stopping threads took: 0.0000319 seconds
[4177.817s][info ][safepoint      ] Application time: 1.0000792 seconds
[4177.817s][info ][safepoint      ] Entering safepoint region: Cleanup
[4177.817s][info ][safepoint      ] Leaving safepoint region
[4177.817s][info ][safepoint      ] Total time for which application threads were stopped: 0.0000945 seconds, Stopping threads took: 0.0000356 seconds
[4178.817s][info ][safepoint      ] Application time: 1.0000738 seconds
[4178.817s][info ][safepoint      ] Entering safepoint region: Cleanup
[4178.817s][info ][safepoint      ] Leaving safepoint region
[4178.817s][info ][safepoint      ] Total time for which application threads were stopped: 0.0001163 seconds, Stopping threads took: 0.0000474 seconds
[4179.817s][info ][safepoint      ] Application time: 1.0000752 seconds
[4179.818s][info ][safepoint      ] Entering safepoint region: Cleanup
[4179.818s][info ][safepoint      ] Leaving safepoint region
[4179.818s][info ][safepoint      ] Total time for which application threads were stopped: 0.0000976 seconds, Stopping threads took: 0.0000450 seconds
[4180.818s][info ][safepoint      ] Application time: 1.0000803 seconds
[4180.818s][info ][safepoint      ] Entering safepoint region: Cleanup
[4180.818s][info ][safepoint      ] Leaving safepoint region
[4180.818s][info ][safepoint      ] Total time for which application threads were stopped: 0.0001060 seconds, Stopping threads took: 0.0000476 seconds
[4181.818s][info ][safepoint      ] Application time: 1.0000748 seconds
[4181.818s][info ][safepoint      ] Entering safepoint region: Cleanup
[4181.818s][info ][safepoint      ] Leaving safepoint region
[4181.818s][info ][safepoint      ] Total time for which application threads were stopped: 0.0001323 seconds, Stopping threads took: 0.0000627 seconds
[4182.818s][info ][safepoint      ] Application time: 1.0000779 seconds
[4182.818s][info ][safepoint      ] Entering safepoint region: Cleanup
[4182.818s][info ][safepoint      ] Leaving safepoint region
[4182.818s][info ][safepoint      ] Total time for which application threads were stopped: 0.0002200 seconds, Stopping threads took: 0.0001513 seconds
[4183.819s][info ][safepoint      ] Application time: 1.0000765 seconds
[4183.819s][info ][safepoint      ] Entering safepoint region: Cleanup
[4183.819s][info ][safepoint      ] Leaving safepoint region
[4183.819s][info ][safepoint      ] Total time for which application threads were stopped: 0.0001413 seconds, Stopping threads took: 0.0000586 seconds
[4184.517s][info ][safepoint      ] Application time: 0.6986810 seconds
[4184.517s][info ][safepoint      ] Entering safepoint region: ParallelGCFailedAllocation
[4184.518s][info ][gc,start       ] GC(436) Pause Young (Allocation Failure)
[4184.523s][debug][gc,phases      ] GC(436) Scavenge 5.773ms
[4184.523s][debug][gc,ref         ] GC(436) Skipped phase1 of Reference Processing due to unavailable references
[4184.523s][debug][gc,ref         ] GC(436) Skipped phase2 of Reference Processing due to unavailable references
[4184.523s][debug][gc,ref         ] GC(436) Skipped phase3 of Reference Processing due to unavailable references
[4184.523s][debug][gc,phases      ] GC(436) Reference Processing 0.030ms
[4184.524s][debug][gc,phases      ] GC(436) Weak Processing 0.148ms
[4184.524s][debug][gc,phases      ] GC(436) Scrub String Table 0.466ms
[4184.524s][debug][gc,age         ] GC(436) Desired survivor size 37748736 bytes, new threshold 15 (max threshold 15)
[4184.524s][info ][gc,heap        ] GC(436) PSYoungGen: 2035536K->15328K(2058240K)
[4184.524s][info ][gc,heap        ] GC(436) ParOldGen: 464473K->464601K(578048K)
[4184.524s][info ][gc,metaspace   ] GC(436) Metaspace: 76957K->76957K(1120256K)
[4184.524s][info ][gc             ] GC(436) Pause Young (Allocation Failure) 2441M->468M(2574M) 6.618ms
[4184.524s][info ][gc,cpu         ] GC(436) User=0.02s Sys=0.00s Real=0.01s
[4184.524s][info ][safepoint      ] Leaving safepoint region
[4184.524s][info ][safepoint      ] Total time for which application threads were stopped: 0.0068056 seconds, Stopping threads took: 0.0000318 seconds
[4185.524s][info ][safepoint      ] Application time: 1.0000811 seconds
[4185.524s][info ][safepoint      ] Entering safepoint region: Cleanup
[4185.524s][info ][safepoint      ] Leaving safepoint region
[4185.524s][info ][safepoint      ] Total time for which application threads were stopped: 0.0000893 seconds, Stopping threads took: 0.0000326 seconds
[4186.525s][info ][safepoint      ] Application time: 1.0000703 seconds
[4186.525s][info ][safepoint      ] Entering safepoint region: Cleanup
[4186.525s][info ][safepoint      ] Leaving safepoint region
[4186.525s][info ][safepoint      ] Total time for which application threads were stopped: 0.0000778 seconds, Stopping threads took: 0.0000262 seconds
[4187.525s][info ][safepoint      ] Application time: 1.0000828 seconds
[4187.525s][info ][safepoint      ] Entering safepoint region: Cleanup
[4187.525s][info ][safepoint      ] Leaving safepoint region
[4187.525s][info ][safepoint      ] Total time for which application threads were stopped: 0.0000658 seconds, Stopping threads took: 0.0000154 seconds
[4188.525s][info ][safepoint      ] Application time: 1.0000695 seconds
[4188.525s][info ][safepoint      ] Entering safepoint region: Cleanup
[4188.525s][info ][safepoint      ] Leaving safepoint region
[4188.525s][info ][safepoint      ] Total time for which application threads were stopped: 0.0000625 seconds, Stopping threads took: 0.0000115 seconds
[4189.525s][info ][safepoint      ] Application time: 1.0000647 seconds
[4189.525s][info ][safepoint      ] Entering safepoint region: Cleanup
[4189.525s][info ][safepoint      ] Leaving safepoint region
[4189.525s][info ][safepoint      ] Total time for which application threads were stopped: 0.0000685 seconds, Stopping threads took: 0.0000180 seconds
[4190.525s][info ][safepoint      ] Application time: 1.0000757 seconds
[4190.525s][info ][safepoint      ] Entering safepoint region: Cleanup
[4190.525s][info ][safepoint      ] Leaving safepoint region
[4190.525s][info ][safepoint      ] Total time for which application threads were stopped: 0.0000739 seconds, Stopping threads took: 0.0000123 seconds
[4191.525s][info ][safepoint      ] Application time: 1.0000662 seconds
[4191.526s][info ][safepoint      ] Entering safepoint region: Cleanup
[4191.526s][info ][safepoint      ] Leaving safepoint region
[4191.526s][info ][safepoint      ] Total time for which application threads were stopped: 0.0000960 seconds, Stopping threads took: 0.0000359 seconds
[4192.526s][info ][safepoint      ] Application time: 1.0000778 seconds
[4192.526s][info ][safepoint      ] Entering safepoint region: Cleanup
[4192.526s][info ][safepoint      ] Leaving safepoint region
[4192.526s][info ][safepoint      ] Total time for which application threads were stopped: 0.0000610 seconds, Stopping threads took: 0.0000114 seconds
[4193.526s][info ][safepoint      ] Application time: 1.0000726 seconds
[4193.526s][info ][safepoint      ] Entering safepoint region: Cleanup
[4193.526s][info ][safepoint      ] Leaving safepoint region
[4193.526s][info ][safepoint      ] Total time for which application threads were stopped: 0.0001006 seconds, Stopping threads took: 0.0000408 seconds
[4194.526s][info ][safepoint      ] Application time: 1.0000713 seconds
[4194.526s][info ][safepoint      ] Entering safepoint region: Cleanup
[4194.526s][info ][safepoint      ] Leaving safepoint region
[4194.526s][info ][safepoint      ] Total time for which application threads were stopped: 0.0001634 seconds, Stopping threads took: 0.0001012 seconds
[4195.526s][info ][safepoint      ] Application time: 1.0000712 seconds
[4195.526s][info ][safepoint      ] Entering safepoint region: Cleanup
[4195.526s][info ][safepoint      ] Leaving safepoint region
[4195.526s][info ][safepoint      ] Total time for which application threads were stopped: 0.0000637 seconds, Stopping threads took: 0.0000133 seconds
[4196.527s][info ][safepoint      ] Application time: 1.0000438 seconds
[4196.527s][info ][safepoint      ] Entering safepoint region: Cleanup
[4196.527s][info ][safepoint      ] Leaving safepoint region
[4196.527s][info ][safepoint      ] Total time for which application threads were stopped: 0.0000812 seconds, Stopping threads took: 0.0000146 seconds
[4196.880s][info ][safepoint      ] Application time: 0.3529135 seconds
[4196.880s][info ][safepoint      ] Entering safepoint region: ParallelGCFailedAllocation
[4196.880s][info ][gc,start       ] GC(437) Pause Young (Allocation Failure)
[4196.886s][debug][gc,phases      ] GC(437) Scavenge 6.417ms
[4196.886s][debug][gc,ref         ] GC(437) Skipped phase1 of Reference Processing due to unavailable references
[4196.886s][debug][gc,ref         ] GC(437) Skipped phase2 of Reference Processing due to unavailable references
[4196.886s][debug][gc,ref         ] GC(437) Skipped phase3 of Reference Processing due to unavailable references
[4196.886s][debug][gc,phases      ] GC(437) Reference Processing 0.033ms
[4196.886s][debug][gc,phases      ] GC(437) Weak Processing 0.159ms
[4196.887s][debug][gc,phases      ] GC(437) Scrub String Table 0.442ms
[4196.887s][debug][gc,age         ] GC(437) Desired survivor size 36700160 bytes, new threshold 15 (max threshold 15)
[4196.887s][info ][gc,heap        ] GC(437) PSYoungGen: 2035680K->17008K(2061312K)
[4196.887s][info ][gc,heap        ] GC(437) ParOldGen: 464601K->464681K(578048K)
[4196.887s][info ][gc,metaspace   ] GC(437) Metaspace: 76957K->76957K(1120256K)
[4196.887s][info ][gc             ] GC(437) Pause Young (Allocation Failure) 2441M->470M(2577M) 7.198ms
[4196.887s][info ][gc,cpu         ] GC(437) User=0.03s Sys=0.00s Real=0.01s
[4196.887s][info ][safepoint      ] Leaving safepoint region
[4196.887s][info ][safepoint      ] Total time for which application threads were stopped: 0.0074093 seconds, Stopping threads took: 0.0000667 seconds
[4197.887s][info ][safepoint      ] Application time: 1.0000816 seconds
[4197.887s][info ][safepoint      ] Entering safepoint region: Cleanup
[4197.887s][info ][safepoint      ] Leaving safepoint region
[4197.887s][info ][safepoint      ] Total time for which application threads were stopped: 0.0000737 seconds, Stopping threads took: 0.0000153 seconds
[4198.887s][info ][safepoint      ] Application time: 1.0000326 seconds
[4198.887s][info ][safepoint      ] Entering safepoint region: Cleanup
[4198.887s][info ][safepoint      ] Leaving safepoint region
[4198.887s][info ][safepoint      ] Total time for which application threads were stopped: 0.0000673 seconds, Stopping threads took: 0.0000136 seconds
[4199.887s][info ][safepoint      ] Application time: 1.0000699 seconds
[4199.887s][info ][safepoint      ] Entering safepoint region: Cleanup
[4199.888s][info ][safepoint      ] Leaving safepoint region
[4199.888s][info ][safepoint      ] Total time for which application threads were stopped: 0.0000729 seconds, Stopping threads took: 0.0000151 seconds
[4200.888s][info ][safepoint      ] Application time: 1.0000642 seconds
[4200.888s][info ][safepoint      ] Entering safepoint region: Cleanup
[4200.888s][info ][safepoint      ] Leaving safepoint region
[4200.888s][info ][safepoint      ] Total time for which application threads were stopped: 0.0001025 seconds, Stopping threads took: 0.0000462 seconds
[4201.888s][info ][safepoint      ] Application time: 1.0000719 seconds
[4201.888s][info ][safepoint      ] Entering safepoint region: Cleanup
[4201.888s][info ][safepoint      ] Leaving safepoint region
[4201.888s][info ][safepoint      ] Total time for which application threads were stopped: 0.0001024 seconds, Stopping threads took: 0.0000339 seconds
[4202.888s][info ][safepoint      ] Application time: 1.0000685 seconds
[4202.888s][info ][safepoint      ] Entering safepoint region: Cleanup
[4202.888s][info ][safepoint      ] Leaving safepoint region
[4202.888s][info ][safepoint      ] Total time for which application threads were stopped: 0.0000817 seconds, Stopping threads took: 0.0000147 seconds
[4203.888s][info ][safepoint      ] Application time: 1.0000479 seconds
[4203.888s][info ][safepoint      ] Entering safepoint region: Cleanup
[4203.888s][info ][safepoint      ] Leaving safepoint region
[4203.888s][info ][safepoint      ] Total time for which application threads were stopped: 0.0000744 seconds, Stopping threads took: 0.0000143 seconds
[4204.888s][info ][safepoint      ] Application time: 1.0000677 seconds
[4204.888s][info ][safepoint      ] Entering safepoint region: Cleanup
[4204.888s][info ][safepoint      ] Leaving safepoint region
[4204.888s][info ][safepoint      ] Total time for which application threads were stopped: 0.0000649 seconds, Stopping threads took: 0.0000140 seconds
[4205.889s][info ][safepoint      ] Application time: 1.0000734 seconds
[4205.889s][info ][safepoint      ] Entering safepoint region: Cleanup
[4205.889s][info ][safepoint      ] Leaving safepoint region
[4205.889s][info ][safepoint      ] Total time for which application threads were stopped: 0.0000656 seconds, Stopping threads took: 0.0000138 seconds
[4206.889s][info ][safepoint      ] Application time: 1.0000709 seconds
[4206.889s][info ][safepoint      ] Entering safepoint region: Cleanup
[4206.889s][info ][safepoint      ] Leaving safepoint region
[4206.889s][info ][safepoint      ] Total time for which application threads were stopped: 0.0000680 seconds, Stopping threads took: 0.0000147 seconds
[4207.889s][info ][safepoint      ] Application time: 1.0000269 seconds
[4207.889s][info ][safepoint      ] Entering safepoint region: Cleanup
[4207.889s][info ][safepoint      ] Leaving safepoint region
[4207.889s][info ][safepoint      ] Total time for which application threads were stopped: 0.0000779 seconds, Stopping threads took: 0.0000140 seconds
[4208.889s][info ][safepoint      ] Application time: 1.0000720 seconds
[4208.889s][info ][safepoint      ] Entering safepoint region: Cleanup
[4208.889s][info ][safepoint      ] Leaving safepoint region
[4208.889s][info ][safepoint      ] Total time for which application threads were stopped: 0.0001046 seconds, Stopping threads took: 0.0000489 seconds
[4208.989s][info ][safepoint      ] Application time: 0.1000674 seconds
[4208.989s][info ][safepoint      ] Entering safepoint region: ParallelGCFailedAllocation
[4208.989s][info ][gc,start       ] GC(438) Pause Young (Allocation Failure)
[4208.996s][debug][gc,phases      ] GC(438) Scavenge 6.996ms
[4208.997s][debug][gc,ref         ] GC(438) Skipped phase1 of Reference Processing due to unavailable references
[4208.997s][debug][gc,ref         ] GC(438) Skipped phase2 of Reference Processing due to unavailable references
[4208.997s][debug][gc,ref         ] GC(438) Skipped phase3 of Reference Processing due to unavailable references
[4208.997s][debug][gc,phases      ] GC(438) Reference Processing 0.031ms
[4208.997s][debug][gc,phases      ] GC(438) Weak Processing 0.158ms
[4208.997s][debug][gc,phases      ] GC(438) Scrub String Table 0.473ms
[4208.997s][debug][gc,age         ] GC(438) Desired survivor size 35651584 bytes, new threshold 15 (max threshold 15)
[4208.997s][info ][gc,heap        ] GC(438) PSYoungGen: 2041456K->21296K(2060288K)
[4208.997s][info ][gc,heap        ] GC(438) ParOldGen: 464681K->464753K(578048K)
[4208.997s][info ][gc,metaspace   ] GC(438) Metaspace: 76957K->76957K(1120256K)
[4208.997s][info ][gc             ] GC(438) Pause Young (Allocation Failure) 2447M->474M(2576M) 7.791ms
[4208.997s][info ][gc,cpu         ] GC(438) User=0.02s Sys=0.00s Real=0.01s
[4208.997s][info ][safepoint      ] Leaving safepoint region
[4208.997s][info ][safepoint      ] Total time for which application threads were stopped: 0.0079662 seconds, Stopping threads took: 0.0000128 seconds
[4209.997s][info ][safepoint      ] Application time: 1.0000789 seconds
[4209.997s][info ][safepoint      ] Entering safepoint region: Cleanup
[4209.997s][info ][safepoint      ] Leaving safepoint region
[4209.997s][info ][safepoint      ] Total time for which application threads were stopped: 0.0000675 seconds, Stopping threads took: 0.0000146 seconds
[4210.998s][info ][safepoint      ] Application time: 1.0000460 seconds
[4210.998s][info ][safepoint      ] Entering safepoint region: Cleanup
[4210.998s][info ][safepoint      ] Leaving safepoint region
[4210.998s][info ][safepoint      ] Total time for which application threads were stopped: 0.0000670 seconds, Stopping threads took: 0.0000144 seconds
[4211.998s][info ][safepoint      ] Application time: 1.0000648 seconds
[4211.998s][info ][safepoint      ] Entering safepoint region: Cleanup
[4211.998s][info ][safepoint      ] Leaving safepoint region
[4211.998s][info ][safepoint      ] Total time for which application threads were stopped: 0.0000944 seconds, Stopping threads took: 0.0000349 seconds
[4212.998s][info ][safepoint      ] Application time: 1.0000585 seconds
[4212.998s][info ][safepoint      ] Entering safepoint region: Cleanup
[4212.998s][info ][safepoint      ] Leaving safepoint region
[4212.998s][info ][safepoint      ] Total time for which application threads were stopped: 0.0000870 seconds, Stopping threads took: 0.0000146 seconds
[4213.998s][info ][safepoint      ] Application time: 1.0000714 seconds
[4213.998s][info ][safepoint      ] Entering safepoint region: Cleanup
[4213.998s][info ][safepoint      ] Leaving safepoint region
[4213.998s][info ][safepoint      ] Total time for which application threads were stopped: 0.0000717 seconds, Stopping threads took: 0.0000126 seconds
[4216.998s][info ][safepoint      ] Application time: 3.0002031 seconds
[4216.998s][info ][safepoint      ] Entering safepoint region: Cleanup
[4216.999s][info ][safepoint      ] Leaving safepoint region
[4216.999s][info ][safepoint      ] Total time for which application threads were stopped: 0.0000998 seconds, Stopping threads took: 0.0000149 seconds
[4220.668s][info ][safepoint      ] Application time: 3.6690663 seconds
[4220.668s][info ][safepoint      ] Entering safepoint region: ParallelGCFailedAllocation
[4220.668s][info ][gc,start       ] GC(439) Pause Young (Allocation Failure)
[4220.675s][debug][gc,phases      ] GC(439) Scavenge 7.196ms
[4220.675s][debug][gc,ref         ] GC(439) Skipped phase1 of Reference Processing due to unavailable references
[4220.675s][debug][gc,ref         ] GC(439) Skipped phase2 of Reference Processing due to unavailable references
[4220.675s][debug][gc,ref         ] GC(439) Skipped phase3 of Reference Processing due to unavailable references
[4220.675s][debug][gc,phases      ] GC(439) Reference Processing 0.031ms
[4220.675s][debug][gc,phases      ] GC(439) Weak Processing 0.144ms
[4220.676s][debug][gc,phases      ] GC(439) Scrub String Table 0.454ms
[4220.676s][debug][gc,age         ] GC(439) Desired survivor size 34603008 bytes, new threshold 15 (max threshold 15)
[4220.676s][info ][gc,heap        ] GC(439) PSYoungGen: 2045744K->21360K(2063360K)
[4220.676s][info ][gc,heap        ] GC(439) ParOldGen: 464753K->464801K(578048K)
[4220.676s][info ][gc,metaspace   ] GC(439) Metaspace: 76957K->76957K(1120256K)
[4220.676s][info ][gc             ] GC(439) Pause Young (Allocation Failure) 2451M->474M(2579M) 7.959ms
[4220.676s][info ][gc,cpu         ] GC(439) User=0.03s Sys=0.00s Real=0.01s
[4220.676s][info ][safepoint      ] Leaving safepoint region
[4220.676s][info ][safepoint      ] Total time for which application threads were stopped: 0.0081406 seconds, Stopping threads took: 0.0000321 seconds
[4232.677s][info ][safepoint      ] Application time: 12.0008097 seconds
[4232.677s][info ][safepoint      ] Entering safepoint region: Cleanup
[4232.677s][info ][safepoint      ] Leaving safepoint region
[4232.677s][info ][safepoint      ] Total time for which application threads were stopped: 0.0001221 seconds, Stopping threads took: 0.0000633 seconds
[4233.720s][info ][safepoint      ] Application time: 1.0429370 seconds
[4233.720s][info ][safepoint      ] Entering safepoint region: ParallelGCFailedAllocation
[4233.720s][info ][gc,start       ] GC(440) Pause Young (Allocation Failure)
[4233.727s][debug][gc,phases      ] GC(440) Scavenge 7.168ms
[4233.727s][debug][gc,ref         ] GC(440) Skipped phase1 of Reference Processing due to unavailable references
[4233.727s][debug][gc,ref         ] GC(440) Skipped phase2 of Reference Processing due to unavailable references
[4233.727s][debug][gc,ref         ] GC(440) Skipped phase3 of Reference Processing due to unavailable references
[4233.727s][debug][gc,phases      ] GC(440) Reference Processing 0.043ms
[4233.727s][debug][gc,phases      ] GC(440) Weak Processing 0.145ms
[4233.728s][debug][gc,phases      ] GC(440) Scrub String Table 0.440ms
[4233.728s][debug][gc,age         ] GC(440) Desired survivor size 34603008 bytes, new threshold 15 (max threshold 15)
[4233.728s][info ][gc,heap        ] GC(440) PSYoungGen: 2049904K->22912K(2062336K)
[4233.728s][info ][gc,heap        ] GC(440) ParOldGen: 464801K->464977K(578048K)
[4233.728s][info ][gc,metaspace   ] GC(440) Metaspace: 76959K->76959K(1120256K)
[4233.728s][info ][gc             ] GC(440) Pause Young (Allocation Failure) 2455M->476M(2578M) 7.925ms
[4233.728s][info ][gc,cpu         ] GC(440) User=0.03s Sys=0.00s Real=0.01s
[4233.728s][info ][safepoint      ] Leaving safepoint region
[4233.728s][info ][safepoint      ] Total time for which application threads were stopped: 0.0081184 seconds, Stopping threads took: 0.0000317 seconds
[4236.728s][info ][safepoint      ] Application time: 3.0002434 seconds
[4236.728s][info ][safepoint      ] Entering safepoint region: Cleanup
[4236.728s][info ][safepoint      ] Leaving safepoint region
[4236.728s][info ][safepoint      ] Total time for which application threads were stopped: 0.0000932 seconds, Stopping threads took: 0.0000177 seconds
[4237.728s][info ][safepoint      ] Application time: 1.0000743 seconds
[4237.728s][info ][safepoint      ] Entering safepoint region: Cleanup
[4237.728s][info ][safepoint      ] Leaving safepoint region
[4237.728s][info ][safepoint      ] Total time for which application threads were stopped: 0.0000975 seconds, Stopping threads took: 0.0000132 seconds
[4241.729s][info ][safepoint      ] Application time: 4.0002910 seconds
[4241.729s][info ][safepoint      ] Entering safepoint region: Cleanup
[4241.729s][info ][safepoint      ] Leaving safepoint region
[4241.729s][info ][safepoint      ] Total time for which application threads were stopped: 0.0000845 seconds, Stopping threads took: 0.0000238 seconds
[4246.818s][info ][safepoint      ] Application time: 5.0892224 seconds
[4246.818s][info ][safepoint      ] Entering safepoint region: ParallelGCFailedAllocation
[4246.818s][info ][gc,start       ] GC(441) Pause Young (Allocation Failure)
[4246.825s][debug][gc,phases      ] GC(441) Scavenge 7.029ms
[4246.825s][debug][gc,ref         ] GC(441) Skipped phase1 of Reference Processing due to unavailable references
[4246.825s][debug][gc,ref         ] GC(441) Skipped phase2 of Reference Processing due to unavailable references
[4246.825s][debug][gc,ref         ] GC(441) Skipped phase3 of Reference Processing due to unavailable references
[4246.826s][debug][gc,phases      ] GC(441) Reference Processing 0.031ms
[4246.826s][debug][gc,phases      ] GC(441) Weak Processing 0.154ms
[4246.826s][debug][gc,phases      ] GC(441) Scrub String Table 0.476ms
[4246.826s][debug][gc,age         ] GC(441) Desired survivor size 33554432 bytes, new threshold 15 (max threshold 15)
[4246.826s][info ][gc,heap        ] GC(441) PSYoungGen: 2051456K->21632K(2064384K)
[4246.826s][info ][gc,heap        ] GC(441) ParOldGen: 464977K->467442K(578048K)
[4246.826s][info ][gc,metaspace   ] GC(441) Metaspace: 76960K->76960K(1120256K)
[4246.826s][info ][gc             ] GC(441) Pause Young (Allocation Failure) 2457M->477M(2580M) 7.857ms
[4246.826s][info ][gc,cpu         ] GC(441) User=0.03s Sys=0.00s Real=0.01s
[4246.826s][info ][safepoint      ] Leaving safepoint region
[4246.826s][info ][safepoint      ] Total time for which application threads were stopped: 0.0080889 seconds, Stopping threads took: 0.0000844 seconds
[4253.827s][info ][safepoint      ] Application time: 7.0004509 seconds
[4253.827s][info ][safepoint      ] Entering safepoint region: Cleanup
[4253.827s][info ][safepoint      ] Leaving safepoint region
[4253.827s][info ][safepoint      ] Total time for which application threads were stopped: 0.0000995 seconds, Stopping threads took: 0.0000168 seconds
[4257.827s][info ][safepoint      ] Application time: 4.0002906 seconds
[4257.827s][info ][safepoint      ] Entering safepoint region: Cleanup
[4257.827s][info ][safepoint      ] Leaving safepoint region
[4257.827s][info ][safepoint      ] Total time for which application threads were stopped: 0.0000790 seconds, Stopping threads took: 0.0000129 seconds
[4259.911s][info ][safepoint      ] Application time: 2.0837410 seconds
[4259.911s][info ][safepoint      ] Entering safepoint region: ParallelGCFailedAllocation
[4259.911s][info ][gc,start       ] GC(442) Pause Young (Allocation Failure)
[4259.918s][debug][gc,phases      ] GC(442) Scavenge 6.972ms
[4259.918s][debug][gc,ref         ] GC(442) Skipped phase1 of Reference Processing due to unavailable references
[4259.918s][debug][gc,ref         ] GC(442) Skipped phase2 of Reference Processing due to unavailable references
[4259.918s][debug][gc,ref         ] GC(442) Skipped phase3 of Reference Processing due to unavailable references
[4259.918s][debug][gc,phases      ] GC(442) Reference Processing 0.032ms
[4259.918s][debug][gc,phases      ] GC(442) Weak Processing 0.148ms
[4259.919s][debug][gc,phases      ] GC(442) Scrub String Table 0.441ms
[4259.919s][debug][gc,age         ] GC(442) Desired survivor size 32505856 bytes, new threshold 15 (max threshold 15)
[4259.919s][info ][gc,heap        ] GC(442) PSYoungGen: 2052224K->20416K(2063360K)
[4259.919s][info ][gc,heap        ] GC(442) ParOldGen: 467442K->471024K(578048K)
[4259.919s][info ][gc,metaspace   ] GC(442) Metaspace: 76961K->76961K(1120256K)
[4259.919s][info ][gc             ] GC(442) Pause Young (Allocation Failure) 2460M->479M(2579M) 7.722ms
[4259.919s][info ][gc,cpu         ] GC(442) User=0.03s Sys=0.00s Real=0.01s
[4259.919s][info ][safepoint      ] Leaving safepoint region
[4259.919s][info ][safepoint      ] Total time for which application threads were stopped: 0.0078737 seconds, Stopping threads took: 0.0000126 seconds
[4264.919s][info ][safepoint      ] Application time: 5.0002950 seconds
[4264.919s][info ][safepoint      ] Entering safepoint region: Cleanup
[4264.919s][info ][safepoint      ] Leaving safepoint region
[4264.919s][info ][safepoint      ] Total time for which application threads were stopped: 0.0000701 seconds, Stopping threads took: 0.0000114 seconds
[4266.919s][info ][safepoint      ] Application time: 2.0001394 seconds
[4266.920s][info ][safepoint      ] Entering safepoint region: Cleanup
[4266.920s][info ][safepoint      ] Leaving safepoint region
[4266.920s][info ][safepoint      ] Total time for which application threads were stopped: 0.0001289 seconds, Stopping threads took: 0.0000324 seconds
[4270.920s][info ][safepoint      ] Application time: 4.0002870 seconds
[4270.920s][info ][safepoint      ] Entering safepoint region: Cleanup
[4270.920s][info ][safepoint      ] Leaving safepoint region
[4270.920s][info ][safepoint      ] Total time for which application threads were stopped: 0.0000947 seconds, Stopping threads took: 0.0000137 seconds
[4271.920s][info ][safepoint      ] Application time: 1.0000787 seconds
[4271.920s][info ][safepoint      ] Entering safepoint region: Cleanup
[4271.920s][info ][safepoint      ] Leaving safepoint region
[4271.920s][info ][safepoint      ] Total time for which application threads were stopped: 0.0001280 seconds, Stopping threads took: 0.0000371 seconds
[4272.621s][info ][safepoint      ] Application time: 0.7003406 seconds
[4272.621s][info ][safepoint      ] Entering safepoint region: ParallelGCFailedAllocation
[4272.621s][info ][gc,start       ] GC(443) Pause Young (Allocation Failure)
[4272.629s][debug][gc,phases      ] GC(443) Scavenge 8.389ms
[4272.629s][debug][gc,ref         ] GC(443) Skipped phase1 of Reference Processing due to unavailable references
[4272.629s][debug][gc,ref         ] GC(443) Skipped phase3 of Reference Processing due to unavailable references
[4272.629s][debug][gc,phases      ] GC(443) Reference Processing 0.032ms
[4272.630s][debug][gc,phases      ] GC(443) Weak Processing 0.172ms
[4272.630s][debug][gc,phases      ] GC(443) Scrub String Table 0.517ms
[4272.630s][debug][gc,age         ] GC(443) Desired survivor size 34078720 bytes, new threshold 15 (max threshold 15)
[4272.630s][info ][gc,heap        ] GC(443) PSYoungGen: 2051008K->27264K(2062336K)
[4272.630s][info ][gc,heap        ] GC(443) ParOldGen: 471024K->471605K(578048K)
[4272.630s][info ][gc,metaspace   ] GC(443) Metaspace: 76964K->76964K(1120256K)
[4272.630s][info ][gc             ] GC(443) Pause Young (Allocation Failure) 2462M->487M(2578M) 9.252ms
[4272.630s][info ][gc,cpu         ] GC(443) User=0.03s Sys=0.00s Real=0.00s
[4272.630s][info ][safepoint      ] Leaving safepoint region
[4272.630s][info ][safepoint      ] Total time for which application threads were stopped: 0.0094487 seconds, Stopping threads took: 0.0000345 seconds
[4273.630s][info ][safepoint      ] Application time: 1.0000450 seconds
[4273.630s][info ][safepoint      ] Entering safepoint region: Cleanup
[4273.630s][info ][safepoint      ] Leaving safepoint region
[4273.630s][info ][safepoint      ] Total time for which application threads were stopped: 0.0000892 seconds, Stopping threads took: 0.0000198 seconds
[4274.630s][info ][safepoint      ] Application time: 1.0000737 seconds
[4274.631s][info ][safepoint      ] Entering safepoint region: Cleanup
[4274.631s][info ][safepoint      ] Leaving safepoint region
[4274.631s][info ][safepoint      ] Total time for which application threads were stopped: 0.0001220 seconds, Stopping threads took: 0.0000537 seconds
[4276.630s][info ][safepoint      ] Application time: 1.9990575 seconds
[4276.630s][info ][safepoint      ] Entering safepoint region: RevokeBias
[4276.630s][info ][safepoint      ] Leaving safepoint region
[4276.630s][info ][safepoint      ] Total time for which application threads were stopped: 0.0000837 seconds, Stopping threads took: 0.0000130 seconds
[4277.630s][info ][safepoint      ] Application time: 1.0000749 seconds
[4277.630s][info ][safepoint      ] Entering safepoint region: Cleanup
[4277.630s][info ][safepoint      ] Leaving safepoint region
[4277.630s][info ][safepoint      ] Total time for which application threads were stopped: 0.0001035 seconds, Stopping threads took: 0.0000302 seconds
[4285.151s][info ][safepoint      ] Application time: 7.5212803 seconds
[4285.151s][info ][safepoint      ] Entering safepoint region: ParallelGCFailedAllocation
[4285.152s][info ][gc,start       ] GC(444) Pause Young (Allocation Failure)
[4285.161s][debug][gc,phases      ] GC(444) Scavenge 8.943ms
[4285.161s][debug][gc,ref         ] GC(444) Skipped phase1 of Reference Processing due to unavailable references
[4285.161s][debug][gc,ref         ] GC(444) Skipped phase3 of Reference Processing due to unavailable references
[4285.161s][debug][gc,phases      ] GC(444) Reference Processing 0.038ms
[4285.161s][debug][gc,phases      ] GC(444) Weak Processing 0.196ms
[4285.161s][debug][gc,phases      ] GC(444) Scrub String Table 0.587ms
[4285.161s][debug][gc,age         ] GC(444) Desired survivor size 36700160 bytes, new threshold 15 (max threshold 15)
[4285.161s][info ][gc,heap        ] GC(444) PSYoungGen: 2057856K->32144K(2062848K)
[4285.161s][info ][gc,heap        ] GC(444) ParOldGen: 471605K->471685K(578048K)
[4285.161s][info ][gc,metaspace   ] GC(444) Metaspace: 76964K->76964K(1120256K)
[4285.161s][info ][gc             ] GC(444) Pause Young (Allocation Failure) 2470M->492M(2579M) 9.930ms
[4285.161s][info ][gc,cpu         ] GC(444) User=0.04s Sys=0.00s Real=0.02s
[4285.162s][info ][safepoint      ] Leaving safepoint region
[4285.162s][info ][safepoint      ] Total time for which application threads were stopped: 0.0101539 seconds, Stopping threads took: 0.0000194 seconds
[4285.188s][info ][safepoint      ] Application time: 0.0261605 seconds
[4285.188s][info ][safepoint      ] Entering safepoint region: RevokeBias
[4285.188s][info ][safepoint      ] Leaving safepoint region
[4285.188s][info ][safepoint      ] Total time for which application threads were stopped: 0.0000801 seconds, Stopping threads took: 0.0000092 seconds
[4285.188s][info ][safepoint      ] Application time: 0.0002682 seconds
[4285.188s][info ][safepoint      ] Entering safepoint region: RevokeBias
[4285.188s][info ][safepoint      ] Leaving safepoint region
[4285.188s][info ][safepoint      ] Total time for which application threads were stopped: 0.0000322 seconds, Stopping threads took: 0.0000052 seconds
[4290.188s][info ][safepoint      ] Application time: 5.0002921 seconds
[4290.188s][info ][safepoint      ] Entering safepoint region: Cleanup
[4290.189s][info ][safepoint      ] Leaving safepoint region
[4290.189s][info ][safepoint      ] Total time for which application threads were stopped: 0.0000668 seconds, Stopping threads took: 0.0000132 seconds
[4292.189s][info ][safepoint      ] Application time: 2.0001287 seconds
[4292.189s][info ][safepoint      ] Entering safepoint region: Cleanup
[4292.189s][info ][safepoint      ] Leaving safepoint region
[4292.189s][info ][safepoint      ] Total time for which application threads were stopped: 0.0000941 seconds, Stopping threads took: 0.0000401 seconds
[4293.189s][info ][safepoint      ] Application time: 1.0000741 seconds
[4293.189s][info ][safepoint      ] Entering safepoint region: Cleanup
[4293.189s][info ][safepoint      ] Leaving safepoint region
[4293.189s][info ][safepoint      ] Total time for which application threads were stopped: 0.0000932 seconds, Stopping threads took: 0.0000360 seconds
[4297.428s][info ][safepoint      ] Application time: 4.2392960 seconds
[4297.429s][info ][safepoint      ] Entering safepoint region: ParallelGCFailedAllocation
[4297.429s][info ][gc,start       ] GC(445) Pause Young (Allocation Failure)
[4297.439s][debug][gc,phases      ] GC(445) Scavenge 10.566ms
[4297.439s][debug][gc,ref         ] GC(445) Skipped phase1 of Reference Processing due to unavailable references
[4297.439s][debug][gc,ref         ] GC(445) Skipped phase3 of Reference Processing due to unavailable references
[4297.439s][debug][gc,phases      ] GC(445) Reference Processing 0.036ms
[4297.440s][debug][gc,phases      ] GC(445) Weak Processing 0.164ms
[4297.440s][debug][gc,phases      ] GC(445) Scrub String Table 0.469ms
[4297.440s][debug][gc,age         ] GC(445) Desired survivor size 41943040 bytes, new threshold 14 (max threshold 15)
[4297.440s][info ][gc,heap        ] GC(445) PSYoungGen: 2062736K->34272K(2049536K)
[4297.440s][info ][gc,heap        ] GC(445) ParOldGen: 471685K->476535K(578048K)
[4297.440s][info ][gc,metaspace   ] GC(445) Metaspace: 76965K->76965K(1120256K)
[4297.440s][info ][gc             ] GC(445) Pause Young (Allocation Failure) 2475M->498M(2566M) 11.381ms
[4297.440s][info ][gc,cpu         ] GC(445) User=0.04s Sys=0.00s Real=0.01s
[4297.440s][info ][safepoint      ] Leaving safepoint region
[4297.440s][info ][safepoint      ] Total time for which application threads were stopped: 0.0117750 seconds, Stopping threads took: 0.0002590 seconds
[4309.667s][info ][safepoint      ] Application time: 12.2272408 seconds
[4309.667s][info ][safepoint      ] Entering safepoint region: ParallelGCFailedAllocation
[4309.668s][info ][gc,start       ] GC(446) Pause Young (Allocation Failure)
[4309.677s][debug][gc,phases      ] GC(446) Scavenge 9.545ms
[4309.677s][debug][gc,ref         ] GC(446) Skipped phase1 of Reference Processing due to unavailable references
[4309.677s][debug][gc,ref         ] GC(446) Skipped phase3 of Reference Processing due to unavailable references
[4309.677s][debug][gc,phases      ] GC(446) Reference Processing 0.050ms
[4309.677s][debug][gc,phases      ] GC(446) Weak Processing 0.174ms
[4309.678s][debug][gc,phases      ] GC(446) Scrub String Table 0.504ms
[4309.678s][debug][gc,age         ] GC(446) Desired survivor size 45613056 bytes, new threshold 15 (max threshold 15)
[4309.678s][info ][gc,heap        ] GC(446) PSYoungGen: 2049504K->37696K(2053120K)
[4309.678s][info ][gc,heap        ] GC(446) ParOldGen: 476535K->477508K(578048K)
[4309.678s][info ][gc,metaspace   ] GC(446) Metaspace: 76965K->76965K(1120256K)
[4309.678s][info ][gc             ] GC(446) Pause Young (Allocation Failure) 2466M->503M(2569M) 10.434ms
[4309.678s][info ][gc,cpu         ] GC(446) User=0.04s Sys=0.00s Real=0.01s
[4309.678s][info ][safepoint      ] Leaving safepoint region
[4309.678s][info ][safepoint      ] Total time for which application threads were stopped: 0.0106340 seconds, Stopping threads took: 0.0000479 seconds
[4311.372s][info ][safepoint      ] Application time: 1.6943564 seconds
[4311.372s][info ][safepoint      ] Entering safepoint region: RevokeBias
[4311.373s][info ][safepoint      ] Leaving safepoint region
[4311.373s][info ][safepoint      ] Total time for which application threads were stopped: 0.0001081 seconds, Stopping threads took: 0.0000368 seconds
[4314.373s][info ][safepoint      ] Application time: 3.0002248 seconds
[4314.373s][info ][safepoint      ] Entering safepoint region: Cleanup
[4314.373s][info ][safepoint      ] Leaving safepoint region
[4314.373s][info ][safepoint      ] Total time for which application threads were stopped: 0.0001447 seconds, Stopping threads took: 0.0000714 seconds
[4316.373s][info ][safepoint      ] Application time: 2.0001528 seconds
[4316.373s][info ][safepoint      ] Entering safepoint region: Cleanup
[4316.373s][info ][safepoint      ] Leaving safepoint region
[4316.373s][info ][safepoint      ] Total time for which application threads were stopped: 0.0000833 seconds, Stopping threads took: 0.0000161 seconds
[4322.165s][info ][safepoint      ] Application time: 5.7918717 seconds
[4322.165s][info ][safepoint      ] Entering safepoint region: ParallelGCFailedAllocation
[4322.165s][info ][gc,start       ] GC(447) Pause Young (Allocation Failure)
[4322.176s][debug][gc,phases      ] GC(447) Scavenge 10.265ms
[4322.176s][debug][gc,ref         ] GC(447) Skipped phase1 of Reference Processing due to unavailable references
[4322.176s][debug][gc,ref         ] GC(447) Skipped phase3 of Reference Processing due to unavailable references
[4322.176s][debug][gc,phases      ] GC(447) Reference Processing 0.031ms
[4322.176s][debug][gc,phases      ] GC(447) Weak Processing 0.155ms
[4322.176s][debug][gc,phases      ] GC(447) Scrub String Table 0.510ms
[4322.176s][debug][gc,age         ] GC(447) Desired survivor size 49283072 bytes, new threshold 15 (max threshold 15)
[4322.176s][info ][gc,heap        ] GC(447) PSYoungGen: 2052928K->40528K(2044928K)
[4322.176s][info ][gc,heap        ] GC(447) ParOldGen: 477508K->477508K(578048K)
[4322.176s][info ][gc,metaspace   ] GC(447) Metaspace: 76968K->76968K(1120256K)
[4322.176s][info ][gc             ] GC(447) Pause Young (Allocation Failure) 2471M->505M(2561M) 11.097ms
[4322.176s][info ][gc,cpu         ] GC(447) User=0.04s Sys=0.00s Real=0.01s
[4322.176s][info ][safepoint      ] Leaving safepoint region
[4322.176s][info ][safepoint      ] Total time for which application threads were stopped: 0.0112611 seconds, Stopping threads took: 0.0000130 seconds
[4333.177s][info ][safepoint      ] Application time: 11.0005989 seconds
[4333.177s][info ][safepoint      ] Entering safepoint region: Cleanup
[4333.177s][info ][safepoint      ] Leaving safepoint region
[4333.177s][info ][safepoint      ] Total time for which application threads were stopped: 0.0000724 seconds, Stopping threads took: 0.0000135 seconds
[4335.317s][info ][safepoint      ] Application time: 2.1400206 seconds
[4335.317s][info ][safepoint      ] Entering safepoint region: ParallelGCFailedAllocation
[4335.317s][info ][gc,start       ] GC(448) Pause Young (Allocation Failure)
[4335.327s][debug][gc,phases      ] GC(448) Scavenge 9.277ms
[4335.327s][debug][gc,ref         ] GC(448) Skipped phase1 of Reference Processing due to unavailable references
[4335.327s][debug][gc,ref         ] GC(448) Skipped phase3 of Reference Processing due to unavailable references
[4335.327s][debug][gc,phases      ] GC(448) Reference Processing 0.030ms
[4335.327s][debug][gc,phases      ] GC(448) Weak Processing 0.198ms
[4335.327s][debug][gc,phases      ] GC(448) Scrub String Table 0.509ms
[4335.327s][debug][gc,age         ] GC(448) Desired survivor size 52428800 bytes, new threshold 15 (max threshold 15)
[4335.327s][info ][gc,heap        ] GC(448) PSYoungGen: 2041424K->40592K(2041856K)
[4335.327s][info ][gc,heap        ] GC(448) ParOldGen: 477508K->477548K(578048K)
[4335.327s][info ][gc,metaspace   ] GC(448) Metaspace: 76968K->76968K(1120256K)
[4335.327s][info ][gc             ] GC(448) Pause Young (Allocation Failure) 2459M->505M(2558M) 10.162ms
[4335.327s][info ][gc,cpu         ] GC(448) User=0.04s Sys=0.00s Real=0.01s
[4335.328s][info ][safepoint      ] Leaving safepoint region
[4335.328s][info ][safepoint      ] Total time for which application threads were stopped: 0.0103513 seconds, Stopping threads took: 0.0000513 seconds
[4342.328s][info ][safepoint      ] Application time: 7.0004420 seconds
[4342.328s][info ][safepoint      ] Entering safepoint region: Cleanup
[4342.328s][info ][safepoint      ] Leaving safepoint region
[4342.328s][info ][safepoint      ] Total time for which application threads were stopped: 0.0001559 seconds, Stopping threads took: 0.0000393 seconds
[4343.328s][info ][safepoint      ] Application time: 1.0000783 seconds
[4343.328s][info ][safepoint      ] Entering safepoint region: Cleanup
[4343.328s][info ][safepoint      ] Leaving safepoint region
[4343.328s][info ][safepoint      ] Total time for which application threads were stopped: 0.0000869 seconds, Stopping threads took: 0.0000181 seconds
[4344.328s][info ][safepoint      ] Application time: 1.0000661 seconds
[4344.328s][info ][safepoint      ] Entering safepoint region: Cleanup
[4344.329s][info ][safepoint      ] Leaving safepoint region
[4344.329s][info ][safepoint      ] Total time for which application threads were stopped: 0.0000953 seconds, Stopping threads took: 0.0000163 seconds
[4346.621s][info ][safepoint      ] Application time: 2.2920369 seconds
[4346.621s][info ][safepoint      ] Entering safepoint region: ParallelGCFailedAllocation
[4346.621s][info ][gc,start       ] GC(449) Pause Young (Allocation Failure)
[4346.637s][debug][gc,phases      ] GC(449) Scavenge 16.066ms
[4346.637s][debug][gc,ref         ] GC(449) Skipped phase1 of Reference Processing due to unavailable references
[4346.637s][debug][gc,ref         ] GC(449) Skipped phase3 of Reference Processing due to unavailable references
[4346.637s][debug][gc,phases      ] GC(449) Reference Processing 0.039ms
[4346.637s][debug][gc,phases      ] GC(449) Weak Processing 0.158ms
[4346.638s][debug][gc,phases      ] GC(449) Scrub String Table 0.431ms
[4346.638s][debug][gc,age         ] GC(449) Desired survivor size 60293120 bytes, new threshold 14 (max threshold 15)
[4346.638s][info ][gc,heap        ] GC(449) PSYoungGen: 2041488K->51168K(2030592K)
[4346.638s][info ][gc,heap        ] GC(449) ParOldGen: 477548K->480930K(578048K)
[4346.638s][info ][gc,metaspace   ] GC(449) Metaspace: 76968K->76968K(1120256K)
[4346.638s][info ][gc             ] GC(449) Pause Young (Allocation Failure) 2459M->519M(2547M) 16.829ms
[4346.638s][info ][gc,cpu         ] GC(449) User=0.06s Sys=0.00s Real=0.01s
[4346.638s][info ][safepoint      ] Leaving safepoint region
[4346.638s][info ][safepoint      ] Total time for which application threads were stopped: 0.0170077 seconds, Stopping threads took: 0.0000332 seconds
[4356.981s][info ][safepoint      ] Application time: 10.3428486 seconds
[4356.981s][info ][safepoint      ] Entering safepoint region: ParallelGCFailedAllocation
[4356.981s][info ][gc,start       ] GC(450) Pause Young (Allocation Failure)
[4356.994s][debug][gc,phases      ] GC(450) Scavenge 13.692ms
[4356.994s][debug][gc,ref         ] GC(450) Skipped phase1 of Reference Processing due to unavailable references
[4356.995s][debug][gc,ref         ] GC(450) Skipped phase3 of Reference Processing due to unavailable references
[4356.995s][debug][gc,phases      ] GC(450) Reference Processing 0.031ms
[4356.995s][debug][gc,phases      ] GC(450) Weak Processing 0.157ms
[4356.995s][debug][gc,phases      ] GC(450) Scrub String Table 0.467ms
[4356.995s][debug][gc,age         ] GC(450) Desired survivor size 65536000 bytes, new threshold 15 (max threshold 15)
[4356.995s][info ][gc,heap        ] GC(450) PSYoungGen: 2030560K->52896K(2032640K)
[4356.995s][info ][gc,heap        ] GC(450) ParOldGen: 480930K->481010K(578048K)
[4356.995s][info ][gc,metaspace   ] GC(450) Metaspace: 76968K->76968K(1120256K)
[4356.995s][info ][gc             ] GC(450) Pause Young (Allocation Failure) 2452M->521M(2549M) 14.504ms
[4356.995s][info ][gc,cpu         ] GC(450) User=0.06s Sys=0.00s Real=0.01s
[4356.995s][info ][safepoint      ] Leaving safepoint region
[4356.995s][info ][safepoint      ] Total time for which application threads were stopped: 0.0147043 seconds, Stopping threads took: 0.0000416 seconds
[4363.996s][info ][safepoint      ] Application time: 7.0004830 seconds
[4363.996s][info ][safepoint      ] Entering safepoint region: Cleanup
[4363.996s][info ][safepoint      ] Leaving safepoint region
[4363.996s][info ][safepoint      ] Total time for which application threads were stopped: 0.0000787 seconds, Stopping threads took: 0.0000130 seconds
[4366.725s][info ][safepoint      ] Application time: 2.7287663 seconds
[4366.725s][info ][safepoint      ] Entering safepoint region: RevokeBias
[4366.725s][info ][safepoint      ] Leaving safepoint region
[4366.725s][info ][safepoint      ] Total time for which application threads were stopped: 0.0001135 seconds, Stopping threads took: 0.0000349 seconds
[4367.325s][info ][safepoint      ] Application time: 0.6000385 seconds
[4367.325s][info ][safepoint      ] Entering safepoint region: ParallelGCFailedAllocation
[4367.325s][info ][gc,start       ] GC(451) Pause Young (Allocation Failure)
[4367.340s][debug][gc,phases      ] GC(451) Scavenge 14.925ms
[4367.340s][debug][gc,ref         ] GC(451) Skipped phase1 of Reference Processing due to unavailable references
[4367.340s][debug][gc,ref         ] GC(451) Skipped phase3 of Reference Processing due to unavailable references
[4367.340s][debug][gc,phases      ] GC(451) Reference Processing 0.030ms
[4367.340s][debug][gc,phases      ] GC(451) Weak Processing 0.168ms
[4367.341s][debug][gc,phases      ] GC(451) Scrub String Table 0.449ms
[4367.341s][debug][gc,age         ] GC(451) Desired survivor size 70778880 bytes, new threshold 15 (max threshold 15)
[4367.341s][info ][gc,heap        ] GC(451) PSYoungGen: 2032288K->54960K(2022912K)
[4367.341s][info ][gc,heap        ] GC(451) ParOldGen: 481010K->481010K(578048K)
[4367.341s][info ][gc,metaspace   ] GC(451) Metaspace: 76972K->76972K(1120256K)
[4367.341s][info ][gc             ] GC(451) Pause Young (Allocation Failure) 2454M->523M(2540M) 15.716ms
[4367.341s][info ][gc,cpu         ] GC(451) User=0.06s Sys=0.00s Real=0.02s
[4367.341s][info ][safepoint      ] Leaving safepoint region
[4367.341s][info ][safepoint      ] Total time for which application threads were stopped: 0.0158653 seconds, Stopping threads took: 0.0000119 seconds
[4368.341s][info ][safepoint      ] Application time: 1.0000794 seconds
[4368.341s][info ][safepoint      ] Entering safepoint region: Cleanup
[4368.341s][info ][safepoint      ] Leaving safepoint region
[4368.341s][info ][safepoint      ] Total time for which application threads were stopped: 0.0000860 seconds, Stopping threads took: 0.0000180 seconds
[4370.341s][info ][safepoint      ] Application time: 2.0001373 seconds
[4370.341s][info ][safepoint      ] Entering safepoint region: Cleanup
[4370.341s][info ][safepoint      ] Leaving safepoint region
[4370.341s][info ][safepoint      ] Total time for which application threads were stopped: 0.0001037 seconds, Stopping threads took: 0.0000406 seconds
[4372.341s][info ][safepoint      ] Application time: 2.0001316 seconds
[4372.341s][info ][safepoint      ] Entering safepoint region: Cleanup
[4372.341s][info ][safepoint      ] Leaving safepoint region
[4372.341s][info ][safepoint      ] Total time for which application threads were stopped: 0.0000833 seconds, Stopping threads took: 0.0000135 seconds
[4377.567s][info ][safepoint      ] Application time: 5.2250367 seconds
[4377.567s][info ][safepoint      ] Entering safepoint region: ParallelGCFailedAllocation
[4377.567s][info ][gc,start       ] GC(452) Pause Young (Allocation Failure)
[4377.581s][debug][gc,phases      ] GC(452) Scavenge 13.868ms
[4377.581s][debug][gc,ref         ] GC(452) Skipped phase1 of Reference Processing due to unavailable references
[4377.581s][debug][gc,ref         ] GC(452) Skipped phase3 of Reference Processing due to unavailable references
[4377.581s][debug][gc,phases      ] GC(452) Reference Processing 0.032ms
[4377.581s][debug][gc,phases      ] GC(452) Weak Processing 0.160ms
[4377.581s][debug][gc,phases      ] GC(452) Scrub String Table 0.489ms
[4377.581s][debug][gc,age         ] GC(452) Desired survivor size 74973184 bytes, new threshold 15 (max threshold 15)
[4377.581s][info ][gc,heap        ] GC(452) PSYoungGen: 2013872K->54784K(2014208K)
[4377.581s][info ][gc,heap        ] GC(452) ParOldGen: 481010K->482154K(578048K)
[4377.581s][info ][gc,metaspace   ] GC(452) Metaspace: 76973K->76973K(1120256K)
[4377.581s][info ][gc             ] GC(452) Pause Young (Allocation Failure) 2436M->524M(2531M) 14.684ms
[4377.581s][info ][gc,cpu         ] GC(452) User=0.05s Sys=0.00s Real=0.02s
[4377.581s][info ][safepoint      ] Leaving safepoint region
[4377.581s][info ][safepoint      ] Total time for which application threads were stopped: 0.0148366 seconds, Stopping threads took: 0.0000211 seconds
[4387.905s][info ][safepoint      ] Application time: 10.3239752 seconds
[4387.905s][info ][safepoint      ] Entering safepoint region: ParallelGCFailedAllocation
[4387.906s][info ][gc,start       ] GC(453) Pause Young (Allocation Failure)
[4387.920s][debug][gc,phases      ] GC(453) Scavenge 14.896ms
[4387.921s][debug][gc,ref         ] GC(453) Skipped phase1 of Reference Processing due to unavailable references
[4387.921s][debug][gc,ref         ] GC(453) Skipped phase3 of Reference Processing due to unavailable references
[4387.921s][debug][gc,phases      ] GC(453) Reference Processing 0.032ms
[4387.921s][debug][gc,phases      ] GC(453) Weak Processing 0.187ms
[4387.921s][debug][gc,phases      ] GC(453) Scrub String Table 0.457ms
[4387.921s][debug][gc,age         ] GC(453) Desired survivor size 77070336 bytes, new threshold 15 (max threshold 15)
[4387.921s][info ][gc,heap        ] GC(453) PSYoungGen: 2013696K->52912K(2019840K)
[4387.921s][info ][gc,heap        ] GC(453) ParOldGen: 482154K->486376K(578048K)
[4387.921s][info ][gc,metaspace   ] GC(453) Metaspace: 76973K->76973K(1120256K)
[4387.921s][info ][gc             ] GC(453) Pause Young (Allocation Failure) 2437M->526M(2537M) 15.709ms
[4387.921s][info ][gc,cpu         ] GC(453) User=0.06s Sys=0.00s Real=0.02s
[4387.921s][info ][safepoint      ] Leaving safepoint region
[4387.921s][info ][safepoint      ] Total time for which application threads were stopped: 0.0158675 seconds, Stopping threads took: 0.0000134 seconds
[4397.922s][info ][safepoint      ] Application time: 10.0006872 seconds
[4397.922s][info ][safepoint      ] Entering safepoint region: Cleanup
[4397.922s][info ][safepoint      ] Leaving safepoint region
[4397.922s][info ][safepoint      ] Total time for which application threads were stopped: 0.0001166 seconds, Stopping threads took: 0.0000469 seconds
[4398.271s][info ][safepoint      ] Application time: 0.3486514 seconds
[4398.271s][info ][safepoint      ] Entering safepoint region: ParallelGCFailedAllocation
[4398.271s][info ][gc,start       ] GC(454) Pause Young (Allocation Failure)
[4398.284s][debug][gc,phases      ] GC(454) Scavenge 13.396ms
[4398.284s][debug][gc,ref         ] GC(454) Skipped phase1 of Reference Processing due to unavailable references
[4398.284s][debug][gc,ref         ] GC(454) Skipped phase3 of Reference Processing due to unavailable references
[4398.284s][debug][gc,phases      ] GC(454) Reference Processing 0.030ms
[4398.285s][debug][gc,phases      ] GC(454) Weak Processing 0.151ms
[4398.285s][debug][gc,phases      ] GC(454) Scrub String Table 0.455ms
[4398.285s][debug][gc,age         ] GC(454) Desired survivor size 78643200 bytes, new threshold 15 (max threshold 15)
[4398.285s][info ][gc,heap        ] GC(454) PSYoungGen: 1999536K->52800K(1999872K)
[4398.285s][info ][gc,heap        ] GC(454) ParOldGen: 486376K->487480K(578048K)
[4398.285s][info ][gc,metaspace   ] GC(454) Metaspace: 76973K->76973K(1120256K)
[4398.285s][info ][gc             ] GC(454) Pause Young (Allocation Failure) 2427M->527M(2517M) 14.185ms
[4398.285s][info ][gc,cpu         ] GC(454) User=0.05s Sys=0.00s Real=0.02s
[4398.285s][info ][safepoint      ] Leaving safepoint region
[4398.285s][info ][safepoint      ] Total time for which application threads were stopped: 0.0143423 seconds, Stopping threads took: 0.0000119 seconds
[4402.285s][info ][safepoint      ] Application time: 4.0002687 seconds
[4402.286s][info ][safepoint      ] Entering safepoint region: Cleanup
[4402.286s][info ][safepoint      ] Leaving safepoint region
[4402.286s][info ][safepoint      ] Total time for which application threads were stopped: 0.0000814 seconds, Stopping threads took: 0.0000258 seconds
[4408.567s][info ][safepoint      ] Application time: 6.2814496 seconds
[4408.567s][info ][safepoint      ] Entering safepoint region: ParallelGCFailedAllocation
[4408.567s][info ][gc,start       ] GC(455) Pause Young (Allocation Failure)
[4408.582s][debug][gc,phases      ] GC(455) Scavenge 14.377ms
[4408.582s][debug][gc,ref         ] GC(455) Skipped phase1 of Reference Processing due to unavailable references
[4408.582s][debug][gc,ref         ] GC(455) Skipped phase3 of Reference Processing due to unavailable references
[4408.582s][debug][gc,phases      ] GC(455) Reference Processing 0.029ms
[4408.582s][debug][gc,phases      ] GC(455) Weak Processing 0.140ms
[4408.582s][debug][gc,phases      ] GC(455) Scrub String Table 0.449ms
[4408.582s][debug][gc,age         ] GC(455) Desired survivor size 79167488 bytes, new threshold 15 (max threshold 15)
[4408.582s][info ][gc,heap        ] GC(455) PSYoungGen: 1999424K->51648K(2019328K)
[4408.582s][info ][gc,heap        ] GC(455) ParOldGen: 487480K->489289K(578048K)
[4408.582s][info ][gc,metaspace   ] GC(455) Metaspace: 76973K->76973K(1120256K)
[4408.582s][info ][gc             ] GC(455) Pause Young (Allocation Failure) 2428M->528M(2536M) 15.123ms
[4408.582s][info ][gc,cpu         ] GC(455) User=0.06s Sys=0.00s Real=0.02s
[4408.582s][info ][safepoint      ] Leaving safepoint region
[4408.582s][info ][safepoint      ] Total time for which application threads were stopped: 0.0152813 seconds, Stopping threads took: 0.0000117 seconds
[4411.583s][info ][safepoint      ] Application time: 3.0002272 seconds
[4411.583s][info ][safepoint      ] Entering safepoint region: Cleanup
[4411.583s][info ][safepoint      ] Leaving safepoint region
[4411.583s][info ][safepoint      ] Total time for which application threads were stopped: 0.0001399 seconds, Stopping threads took: 0.0000642 seconds
[4415.583s][info ][safepoint      ] Application time: 4.0002842 seconds
[4415.583s][info ][safepoint      ] Entering safepoint region: Cleanup
[4415.583s][info ][safepoint      ] Leaving safepoint region
[4415.583s][info ][safepoint      ] Total time for which application threads were stopped: 0.0001107 seconds, Stopping threads took: 0.0000484 seconds
[4417.871s][info ][safepoint      ] Application time: 2.2876522 seconds
[4417.871s][info ][safepoint      ] Entering safepoint region: ParallelGCFailedAllocation
[4417.871s][info ][gc,start       ] GC(456) Pause Young (Allocation Failure)
[4417.885s][debug][gc,phases      ] GC(456) Scavenge 14.040ms
[4417.885s][debug][gc,ref         ] GC(456) Skipped phase1 of Reference Processing due to unavailable references
[4417.885s][debug][gc,ref         ] GC(456) Skipped phase3 of Reference Processing due to unavailable references
[4417.885s][debug][gc,phases      ] GC(456) Reference Processing 0.054ms
[4417.885s][debug][gc,phases      ] GC(456) Weak Processing 0.144ms
[4417.886s][debug][gc,phases      ] GC(456) Scrub String Table 0.455ms
[4417.886s][debug][gc,age         ] GC(456) Desired survivor size 79167488 bytes, new threshold 15 (max threshold 15)
[4417.886s][info ][gc,heap        ] GC(456) PSYoungGen: 1994176K->50000K(2019840K)
[4417.886s][info ][gc,heap        ] GC(456) ParOldGen: 489289K->490053K(578048K)
[4417.886s][info ][gc,metaspace   ] GC(456) Metaspace: 76975K->76975K(1120256K)
[4417.886s][info ][gc             ] GC(456) Pause Young (Allocation Failure) 2425M->527M(2537M) 14.829ms
[4417.886s][info ][gc,cpu         ] GC(456) User=0.05s Sys=0.00s Real=0.02s
[4417.886s][info ][safepoint      ] Leaving safepoint region
[4417.886s][info ][safepoint      ] Total time for which application threads were stopped: 0.0150353 seconds, Stopping threads took: 0.0000648 seconds
[4419.430s][info ][safepoint      ] Application time: 1.5443025 seconds
[4419.430s][info ][safepoint      ] Entering safepoint region: RevokeBias
[4419.430s][info ][safepoint      ] Leaving safepoint region
[4419.430s][info ][safepoint      ] Total time for which application threads were stopped: 0.0000969 seconds, Stopping threads took: 0.0000144 seconds
[4419.431s][info ][safepoint      ] Application time: 0.0001734 seconds
[4419.431s][info ][safepoint      ] Entering safepoint region: RevokeBias
[4419.431s][info ][safepoint      ] Leaving safepoint region
[4419.431s][info ][safepoint      ] Total time for which application threads were stopped: 0.0000387 seconds, Stopping threads took: 0.0000064 seconds
[4419.754s][info ][safepoint      ] Application time: 0.3232197 seconds
[4419.754s][info ][safepoint      ] Entering safepoint region: RevokeBias
[4419.754s][info ][safepoint      ] Leaving safepoint region
[4419.754s][info ][safepoint      ] Total time for which application threads were stopped: 0.0000865 seconds, Stopping threads took: 0.0000112 seconds
[4422.754s][info ][safepoint      ] Application time: 3.0001903 seconds
[4422.754s][info ][safepoint      ] Entering safepoint region: Cleanup
[4422.754s][info ][safepoint      ] Leaving safepoint region
[4422.754s][info ][safepoint      ] Total time for which application threads were stopped: 0.0001248 seconds, Stopping threads took: 0.0000376 seconds
[4423.494s][info ][safepoint      ] Application time: 0.7398923 seconds
[4423.494s][info ][safepoint      ] Entering safepoint region: RevokeBias
[4423.494s][info ][safepoint      ] Leaving safepoint region
[4423.494s][info ][safepoint      ] Total time for which application threads were stopped: 0.0000970 seconds, Stopping threads took: 0.0000262 seconds
[4423.494s][info ][safepoint      ] Application time: 0.0000390 seconds
[4423.494s][info ][safepoint      ] Entering safepoint region: RevokeBias
[4423.494s][info ][safepoint      ] Leaving safepoint region
[4423.494s][info ][safepoint      ] Total time for which application threads were stopped: 0.0000489 seconds, Stopping threads took: 0.0000130 seconds
[4428.364s][info ][safepoint      ] Application time: 4.8695752 seconds
[4428.364s][info ][safepoint      ] Entering safepoint region: ParallelGCFailedAllocation
[4428.364s][info ][gc,start       ] GC(457) Pause Young (Allocation Failure)
[4428.379s][debug][gc,phases      ] GC(457) Scavenge 15.116ms
[4428.379s][debug][gc,ref         ] GC(457) Skipped phase1 of Reference Processing due to unavailable references
[4428.379s][debug][gc,ref         ] GC(457) Skipped phase3 of Reference Processing due to unavailable references
[4428.379s][debug][gc,phases      ] GC(457) Reference Processing 0.036ms
[4428.380s][debug][gc,phases      ] GC(457) Weak Processing 0.214ms
[4428.380s][debug][gc,phases      ] GC(457) Scrub String Table 0.627ms
[4428.380s][debug][gc,age         ] GC(457) Desired survivor size 79691776 bytes, new threshold 15 (max threshold 15)
[4428.380s][info ][gc,heap        ] GC(457) PSYoungGen: 1992528K->53456K(2018816K)
[4428.380s][info ][gc,heap        ] GC(457) ParOldGen: 490053K->491690K(578048K)
[4428.380s][info ][gc,metaspace   ] GC(457) Metaspace: 76975K->76975K(1120256K)
[4428.380s][info ][gc             ] GC(457) Pause Young (Allocation Failure) 2424M->532M(2536M) 16.188ms
[4428.380s][info ][gc,cpu         ] GC(457) User=0.06s Sys=0.00s Real=0.02s
[4428.380s][info ][safepoint      ] Leaving safepoint region
[4428.380s][info ][safepoint      ] Total time for which application threads were stopped: 0.0163848 seconds, Stopping threads took: 0.0000161 seconds
[4438.823s][info ][safepoint      ] Application time: 10.4420974 seconds
[4438.823s][info ][safepoint      ] Entering safepoint region: ParallelGCFailedAllocation
[4438.823s][info ][gc,start       ] GC(458) Pause Young (Allocation Failure)
[4438.836s][debug][gc,phases      ] GC(458) Scavenge 13.669ms
[4438.836s][debug][gc,ref         ] GC(458) Skipped phase1 of Reference Processing due to unavailable references
[4438.836s][debug][gc,ref         ] GC(458) Skipped phase2 of Reference Processing due to unavailable references
[4438.836s][debug][gc,ref         ] GC(458) Skipped phase3 of Reference Processing due to unavailable references
[4438.836s][debug][gc,phases      ] GC(458) Reference Processing 0.031ms
[4438.837s][debug][gc,phases      ] GC(458) Weak Processing 0.146ms
[4438.837s][debug][gc,phases      ] GC(458) Scrub String Table 0.480ms
[4438.837s][debug][gc,age         ] GC(458) Desired survivor size 79167488 bytes, new threshold 15 (max threshold 15)
[4438.837s][info ][gc,heap        ] GC(458) PSYoungGen: 1994960K->51088K(2019328K)
[4438.837s][info ][gc,heap        ] GC(458) ParOldGen: 491690K->496868K(578048K)
[4438.837s][info ][gc,metaspace   ] GC(458) Metaspace: 76975K->76975K(1120256K)
[4438.837s][info ][gc             ] GC(458) Pause Young (Allocation Failure) 2428M->535M(2536M) 14.480ms
[4438.837s][info ][gc,cpu         ] GC(458) User=0.05s Sys=0.00s Real=0.01s
[4438.837s][info ][safepoint      ] Leaving safepoint region
[4438.837s][info ][safepoint      ] Total time for which application threads were stopped: 0.0146831 seconds, Stopping threads took: 0.0000537 seconds
[4449.818s][info ][safepoint      ] Application time: 10.9812423 seconds
[4449.819s][info ][safepoint      ] Entering safepoint region: ParallelGCFailedAllocation
[4449.819s][info ][gc,start       ] GC(459) Pause Young (Allocation Failure)
[4449.833s][debug][gc,phases      ] GC(459) Scavenge 13.879ms
[4449.833s][debug][gc,ref         ] GC(459) Skipped phase1 of Reference Processing due to unavailable references
[4449.833s][debug][gc,ref         ] GC(459) Skipped phase2 of Reference Processing due to unavailable references
[4449.833s][debug][gc,ref         ] GC(459) Skipped phase3 of Reference Processing due to unavailable references
[4449.833s][debug][gc,phases      ] GC(459) Reference Processing 0.032ms
[4449.833s][debug][gc,phases      ] GC(459) Weak Processing 0.156ms
[4449.833s][debug][gc,phases      ] GC(459) Scrub String Table 0.474ms
[4449.833s][debug][gc,age         ] GC(459) Desired survivor size 77070336 bytes, new threshold 15 (max threshold 15)
[4449.833s][info ][gc,heap        ] GC(459) PSYoungGen: 1992592K->46960K(2021888K)
[4449.833s][info ][gc,heap        ] GC(459) ParOldGen: 496868K->501474K(578048K)
[4449.833s][info ][gc,metaspace   ] GC(459) Metaspace: 76978K->76978K(1120256K)
[4449.833s][info ][gc             ] GC(459) Pause Young (Allocation Failure) 2431M->535M(2539M) 14.686ms
[4449.833s][info ][gc,cpu         ] GC(459) User=0.05s Sys=0.00s Real=0.02s
[4449.833s][info ][safepoint      ] Leaving safepoint region
[4449.833s][info ][safepoint      ] Total time for which application threads were stopped: 0.0148322 seconds, Stopping threads took: 0.0000127 seconds
[4451.834s][info ][safepoint      ] Application time: 2.0001474 seconds
[4451.834s][info ][safepoint      ] Entering safepoint region: Cleanup
[4451.834s][info ][safepoint      ] Leaving safepoint region
[4451.834s][info ][safepoint      ] Total time for which application threads were stopped: 0.0001316 seconds, Stopping threads took: 0.0000431 seconds
[4451.979s][info ][safepoint      ] Application time: 0.1448396 seconds
[4451.979s][info ][safepoint      ] Entering safepoint region: RevokeBias
[4451.979s][info ][safepoint      ] Leaving safepoint region
[4451.979s][info ][safepoint      ] Total time for which application threads were stopped: 0.0001475 seconds, Stopping threads took: 0.0000509 seconds
[4452.979s][info ][safepoint      ] Application time: 1.0000938 seconds
[4452.979s][info ][safepoint      ] Entering safepoint region: Cleanup
[4452.979s][info ][safepoint      ] Leaving safepoint region
[4452.979s][info ][safepoint      ] Total time for which application threads were stopped: 0.0000936 seconds, Stopping threads took: 0.0000199 seconds
[4453.979s][info ][safepoint      ] Application time: 1.0000773 seconds
[4453.979s][info ][safepoint      ] Entering safepoint region: Cleanup
[4453.979s][info ][safepoint      ] Leaving safepoint region
[4453.979s][info ][safepoint      ] Total time for which application threads were stopped: 0.0000934 seconds, Stopping threads took: 0.0000195 seconds
[4460.573s][info ][safepoint      ] Application time: 6.5938778 seconds
[4460.573s][info ][safepoint      ] Entering safepoint region: ParallelGCFailedAllocation
[4460.573s][info ][gc,start       ] GC(460) Pause Young (Allocation Failure)
[4460.586s][debug][gc,phases      ] GC(460) Scavenge 13.005ms
[4460.586s][debug][gc,ref         ] GC(460) Skipped phase1 of Reference Processing due to unavailable references
[4460.586s][debug][gc,ref         ] GC(460) Skipped phase2 of Reference Processing due to unavailable references
[4460.586s][debug][gc,ref         ] GC(460) Skipped phase3 of Reference Processing due to unavailable references
[4460.586s][debug][gc,phases      ] GC(460) Reference Processing 0.031ms
[4460.587s][debug][gc,phases      ] GC(460) Weak Processing 0.168ms
[4460.587s][debug][gc,phases      ] GC(460) Scrub String Table 0.481ms
[4460.587s][debug][gc,age         ] GC(460) Desired survivor size 73924608 bytes, new threshold 15 (max threshold 15)
[4460.587s][info ][gc,heap        ] GC(460) PSYoungGen: 1991536K->42848K(2019840K)
[4460.587s][info ][gc,heap        ] GC(460) ParOldGen: 501474K->507080K(578048K)
[4460.587s][info ][gc,metaspace   ] GC(460) Metaspace: 76978K->76978K(1120256K)
[4460.587s][info ][gc             ] GC(460) Pause Young (Allocation Failure) 2434M->537M(2537M) 13.819ms
[4460.587s][info ][gc,cpu         ] GC(460) User=0.05s Sys=0.00s Real=0.01s
[4460.587s][info ][safepoint      ] Leaving safepoint region
[4460.587s][info ][safepoint      ] Total time for which application threads were stopped: 0.0140063 seconds, Stopping threads took: 0.0000354 seconds
[4471.174s][info ][safepoint      ] Application time: 10.5869997 seconds
[4471.174s][info ][safepoint      ] Entering safepoint region: ParallelGCFailedAllocation
[4471.174s][info ][gc,start       ] GC(461) Pause Young (Allocation Failure)
[4471.187s][debug][gc,phases      ] GC(461) Scavenge 12.931ms
[4471.187s][debug][gc,ref         ] GC(461) Skipped phase1 of Reference Processing due to unavailable references
[4471.187s][debug][gc,ref         ] GC(461) Skipped phase2 of Reference Processing due to unavailable references
[4471.187s][debug][gc,ref         ] GC(461) Skipped phase3 of Reference Processing due to unavailable references
[4471.187s][debug][gc,phases      ] GC(461) Reference Processing 0.029ms
[4471.187s][debug][gc,phases      ] GC(461) Weak Processing 0.143ms
[4471.188s][debug][gc,phases      ] GC(461) Scrub String Table 0.463ms
[4471.188s][debug][gc,age         ] GC(461) Desired survivor size 71827456 bytes, new threshold 15 (max threshold 15)
[4471.188s][info ][gc,heap        ] GC(461) PSYoungGen: 1987424K->40240K(2027008K)
[4471.188s][info ][gc,heap        ] GC(461) ParOldGen: 507080K->511370K(578048K)
[4471.188s][info ][gc,metaspace   ] GC(461) Metaspace: 76978K->76978K(1120256K)
[4471.188s][info ][gc             ] GC(461) Pause Young (Allocation Failure) 2436M->538M(2544M) 13.721ms
[4471.188s][info ][gc,cpu         ] GC(461) User=0.05s Sys=0.00s Real=0.01s
[4471.188s][info ][safepoint      ] Leaving safepoint region
[4471.188s][info ][safepoint      ] Total time for which application threads were stopped: 0.0138619 seconds, Stopping threads took: 0.0000113 seconds
[4481.720s][info ][safepoint      ] Application time: 10.5315632 seconds
[4481.720s][info ][safepoint      ] Entering safepoint region: ParallelGCFailedAllocation
[4481.720s][info ][gc,start       ] GC(462) Pause Young (Allocation Failure)
[4481.730s][debug][gc,phases      ] GC(462) Scavenge 10.644ms
[4481.730s][debug][gc,ref         ] GC(462) Skipped phase1 of Reference Processing due to unavailable references
[4481.730s][debug][gc,ref         ] GC(462) Skipped phase2 of Reference Processing due to unavailable references
[4481.730s][debug][gc,ref         ] GC(462) Skipped phase3 of Reference Processing due to unavailable references
[4481.730s][debug][gc,phases      ] GC(462) Reference Processing 0.039ms
[4481.731s][debug][gc,phases      ] GC(462) Weak Processing 0.199ms
[4481.731s][debug][gc,phases      ] GC(462) Scrub String Table 0.595ms
[4481.731s][debug][gc,age         ] GC(462) Desired survivor size 70254592 bytes, new threshold 15 (max threshold 15)
[4481.731s][info ][gc,heap        ] GC(462) PSYoungGen: 1995056K->37440K(2024960K)
[4481.731s][info ][gc,heap        ] GC(462) ParOldGen: 511370K->515096K(578048K)
[4481.731s][info ][gc,metaspace   ] GC(462) Metaspace: 76978K->76978K(1120256K)
[4481.731s][info ][gc             ] GC(462) Pause Young (Allocation Failure) 2447M->539M(2542M) 11.634ms
[4481.731s][info ][gc,cpu         ] GC(462) User=0.05s Sys=0.00s Real=0.01s
[4481.731s][info ][safepoint      ] Leaving safepoint region
[4481.731s][info ][safepoint      ] Total time for which application threads were stopped: 0.0118140 seconds, Stopping threads took: 0.0000321 seconds
[4492.308s][info ][safepoint      ] Application time: 10.5769343 seconds
[4492.308s][info ][safepoint      ] Entering safepoint region: ParallelGCFailedAllocation
[4492.309s][info ][gc,start       ] GC(463) Pause Young (Allocation Failure)
[4492.320s][debug][gc,phases      ] GC(463) Scavenge 11.382ms
[4492.320s][debug][gc,ref         ] GC(463) Skipped phase1 of Reference Processing due to unavailable references
[4492.320s][debug][gc,ref         ] GC(463) Skipped phase2 of Reference Processing due to unavailable references
[4492.320s][debug][gc,ref         ] GC(463) Skipped phase3 of Reference Processing due to unavailable references
[4492.320s][debug][gc,phases      ] GC(463) Reference Processing 0.030ms
[4492.320s][debug][gc,phases      ] GC(463) Weak Processing 0.167ms
[4492.321s][debug][gc,phases      ] GC(463) Scrub String Table 0.451ms
[4492.321s][debug][gc,age         ] GC(463) Desired survivor size 68681728 bytes, new threshold 15 (max threshold 15)
[4492.321s][info ][gc,heap        ] GC(463) PSYoungGen: 1992256K->38016K(2030080K)
[4492.321s][info ][gc,heap        ] GC(463) ParOldGen: 515096K->515120K(578048K)
[4492.321s][info ][gc,metaspace   ] GC(463) Metaspace: 76978K->76978K(1120256K)
[4492.321s][info ][gc             ] GC(463) Pause Young (Allocation Failure) 2448M->540M(2547M) 12.167ms
[4492.321s][info ][gc,cpu         ] GC(463) User=0.05s Sys=0.00s Real=0.02s
[4492.321s][info ][safepoint      ] Leaving safepoint region
[4492.321s][info ][safepoint      ] Total time for which application threads were stopped: 0.0123764 seconds, Stopping threads took: 0.0000333 seconds
[4498.321s][info ][safepoint      ] Application time: 6.0004388 seconds
[4498.321s][info ][safepoint      ] Entering safepoint region: Cleanup
[4498.321s][info ][safepoint      ] Leaving safepoint region
[4498.321s][info ][safepoint      ] Total time for which application threads were stopped: 0.0001158 seconds, Stopping threads took: 0.0000502 seconds
[4502.819s][info ][safepoint      ] Application time: 4.4974604 seconds
[4502.819s][info ][safepoint      ] Entering safepoint region: ParallelGCFailedAllocation
[4502.819s][info ][gc,start       ] GC(464) Pause Young (Allocation Failure)
[4502.830s][debug][gc,phases      ] GC(464) Scavenge 10.719ms
[4502.830s][debug][gc,ref         ] GC(464) Skipped phase1 of Reference Processing due to unavailable references
[4502.830s][debug][gc,ref         ] GC(464) Skipped phase2 of Reference Processing due to unavailable references
[4502.830s][debug][gc,ref         ] GC(464) Skipped phase3 of Reference Processing due to unavailable references
[4502.830s][debug][gc,phases      ] GC(464) Reference Processing 0.032ms
[4502.830s][debug][gc,phases      ] GC(464) Weak Processing 0.163ms
[4502.830s][debug][gc,phases      ] GC(464) Scrub String Table 0.464ms
[4502.830s][debug][gc,age         ] GC(464) Desired survivor size 66584576 bytes, new threshold 15 (max threshold 15)
[4502.831s][info ][gc,heap        ] GC(464) PSYoungGen: 1999488K->39216K(2028544K)
[4502.831s][info ][gc,heap        ] GC(464) ParOldGen: 515120K->515768K(578048K)
[4502.831s][info ][gc,metaspace   ] GC(464) Metaspace: 76978K->76978K(1120256K)
[4502.831s][info ][gc             ] GC(464) Pause Young (Allocation Failure) 2455M->541M(2545M) 11.515ms
[4502.831s][info ][gc,cpu         ] GC(464) User=0.04s Sys=0.00s Real=0.01s
[4502.831s][info ][safepoint      ] Leaving safepoint region
[4502.831s][info ][safepoint      ] Total time for which application threads were stopped: 0.0117129 seconds, Stopping threads took: 0.0000484 seconds
[4513.531s][info ][safepoint      ] Application time: 10.7008116 seconds
[4513.532s][info ][safepoint      ] Entering safepoint region: ParallelGCFailedAllocation
[4513.532s][info ][gc,start       ] GC(465) Pause Young (Allocation Failure)
[4513.542s][debug][gc,phases      ] GC(465) Scavenge 10.848ms
[4513.543s][debug][gc,ref         ] GC(465) Skipped phase1 of Reference Processing due to unavailable references
[4513.543s][debug][gc,ref         ] GC(465) Skipped phase2 of Reference Processing due to unavailable references
[4513.543s][debug][gc,ref         ] GC(465) Skipped phase3 of Reference Processing due to unavailable references
[4513.543s][debug][gc,phases      ] GC(465) Reference Processing 0.033ms
[4513.543s][debug][gc,phases      ] GC(465) Weak Processing 0.176ms
[4513.543s][debug][gc,phases      ] GC(465) Scrub String Table 0.477ms
[4513.543s][debug][gc,age         ] GC(465) Desired survivor size 65011712 bytes, new threshold 15 (max threshold 15)
[4513.543s][info ][gc,heap        ] GC(465) PSYoungGen: 2000688K->37936K(2033664K)
[4513.543s][info ][gc,heap        ] GC(465) ParOldGen: 515768K->516961K(578048K)
[4513.543s][info ][gc,metaspace   ] GC(465) Metaspace: 76978K->76978K(1120256K)
[4513.543s][info ][gc             ] GC(465) Pause Young (Allocation Failure) 2457M->541M(2550M) 11.690ms
[4513.543s][info ][gc,cpu         ] GC(465) User=0.04s Sys=0.00s Real=0.02s
[4513.543s][info ][safepoint      ] Leaving safepoint region
[4513.543s][info ][safepoint      ] Total time for which application threads were stopped: 0.0118852 seconds, Stopping threads took: 0.0000606 seconds
[4514.543s][info ][safepoint      ] Application time: 1.0000824 seconds
[4514.543s][info ][safepoint      ] Entering safepoint region: Cleanup
[4514.544s][info ][safepoint      ] Leaving safepoint region
[4514.544s][info ][safepoint      ] Total time for which application threads were stopped: 0.0000703 seconds, Stopping threads took: 0.0000137 seconds
[4516.544s][info ][safepoint      ] Application time: 2.0001343 seconds
[4516.544s][info ][safepoint      ] Entering safepoint region: Cleanup
[4516.544s][info ][safepoint      ] Leaving safepoint region
[4516.544s][info ][safepoint      ] Total time for which application threads were stopped: 0.0001020 seconds, Stopping threads took: 0.0000256 seconds
[4517.544s][info ][safepoint      ] Application time: 1.0000721 seconds
[4517.544s][info ][safepoint      ] Entering safepoint region: Cleanup
[4517.544s][info ][safepoint      ] Leaving safepoint region
[4517.544s][info ][safepoint      ] Total time for which application threads were stopped: 0.0000987 seconds, Stopping threads took: 0.0000355 seconds
[4522.802s][info ][safepoint      ] Application time: 5.2577436 seconds
[4522.802s][info ][safepoint      ] Entering safepoint region: ParallelGCFailedAllocation
[4522.802s][info ][gc,start       ] GC(466) Pause Young (Allocation Failure)
[4522.815s][debug][gc,phases      ] GC(466) Scavenge 12.950ms
[4522.815s][debug][gc,ref         ] GC(466) Skipped phase1 of Reference Processing due to unavailable references
[4522.815s][debug][gc,ref         ] GC(466) Skipped phase2 of Reference Processing due to unavailable references
[4522.815s][debug][gc,ref         ] GC(466) Skipped phase3 of Reference Processing due to unavailable references
[4522.815s][debug][gc,phases      ] GC(466) Reference Processing 0.038ms
[4522.815s][debug][gc,phases      ] GC(466) Weak Processing 0.165ms
[4522.816s][debug][gc,phases      ] GC(466) Scrub String Table 0.577ms
[4522.816s][debug][gc,age         ] GC(466) Desired survivor size 63963136 bytes, new threshold 15 (max threshold 15)
[4522.816s][info ][gc,heap        ] GC(466) PSYoungGen: 2006576K->35232K(2032128K)
[4522.816s][info ][gc,heap        ] GC(466) ParOldGen: 516961K->519574K(578048K)
[4522.816s][info ][gc,metaspace   ] GC(466) Metaspace: 76979K->76979K(1120256K)
[4522.816s][info ][gc             ] GC(466) Pause Young (Allocation Failure) 2464M->541M(2549M) 13.896ms
[4522.816s][info ][gc,cpu         ] GC(466) User=0.05s Sys=0.00s Real=0.01s
[4522.816s][info ][safepoint      ] Leaving safepoint region
[4522.816s][info ][safepoint      ] Total time for which application threads were stopped: 0.0140801 seconds, Stopping threads took: 0.0000270 seconds
[4531.817s][info ][safepoint      ] Application time: 9.0006094 seconds
[4531.817s][info ][safepoint      ] Entering safepoint region: Cleanup
[4531.817s][info ][safepoint      ] Leaving safepoint region
[4531.817s][info ][safepoint      ] Total time for which application threads were stopped: 0.0001318 seconds, Stopping threads took: 0.0000567 seconds
[4533.716s][info ][safepoint      ] Application time: 1.8992395 seconds
[4533.716s][info ][safepoint      ] Entering safepoint region: ParallelGCFailedAllocation
[4533.716s][info ][gc,start       ] GC(467) Pause Young (Allocation Failure)
[4533.728s][debug][gc,phases      ] GC(467) Scavenge 11.598ms
[4533.728s][debug][gc,ref         ] GC(467) Skipped phase1 of Reference Processing due to unavailable references
[4533.728s][debug][gc,ref         ] GC(467) Skipped phase2 of Reference Processing due to unavailable references
[4533.728s][debug][gc,ref         ] GC(467) Skipped phase3 of Reference Processing due to unavailable references
[4533.728s][debug][gc,phases      ] GC(467) Reference Processing 0.031ms
[4533.728s][debug][gc,phases      ] GC(467) Weak Processing 0.156ms
[4533.728s][debug][gc,phases      ] GC(467) Scrub String Table 0.494ms
[4533.728s][debug][gc,age         ] GC(467) Desired survivor size 63438848 bytes, new threshold 15 (max threshold 15)
[4533.728s][info ][gc,heap        ] GC(467) PSYoungGen: 2003872K->34112K(2035200K)
[4533.728s][info ][gc,heap        ] GC(467) ParOldGen: 519574K->520087K(578048K)
[4533.728s][info ][gc,metaspace   ] GC(467) Metaspace: 76979K->76979K(1120256K)
[4533.728s][info ][gc             ] GC(467) Pause Young (Allocation Failure) 2464M->541M(2552M) 12.409ms
[4533.728s][info ][gc,cpu         ] GC(467) User=0.04s Sys=0.01s Real=0.01s
[4533.729s][info ][safepoint      ] Leaving safepoint region
[4533.729s][info ][safepoint      ] Total time for which application threads were stopped: 0.0125626 seconds, Stopping threads took: 0.0000134 seconds
[4544.516s][info ][safepoint      ] Application time: 10.7874402 seconds
[4544.516s][info ][safepoint      ] Entering safepoint region: ParallelGCFailedAllocation
[4544.516s][info ][gc,start       ] GC(468) Pause Young (Allocation Failure)
[4544.526s][debug][gc,phases      ] GC(468) Scavenge 9.524ms
[4544.526s][debug][gc,ref         ] GC(468) Skipped phase1 of Reference Processing due to unavailable references
[4544.526s][debug][gc,ref         ] GC(468) Skipped phase2 of Reference Processing due to unavailable references
[4544.526s][debug][gc,ref         ] GC(468) Skipped phase3 of Reference Processing due to unavailable references
[4544.526s][debug][gc,phases      ] GC(468) Reference Processing 0.054ms
[4544.526s][debug][gc,phases      ] GC(468) Weak Processing 0.167ms
[4544.526s][debug][gc,phases      ] GC(468) Scrub String Table 0.487ms
[4544.526s][debug][gc,age         ] GC(468) Desired survivor size 62390272 bytes, new threshold 15 (max threshold 15)
[4544.526s][info ][gc,heap        ] GC(468) PSYoungGen: 2006848K->33792K(2034688K)
[4544.526s][info ][gc,heap        ] GC(468) ParOldGen: 520087K->520523K(578048K)
[4544.526s][info ][gc,metaspace   ] GC(468) Metaspace: 76979K->76979K(1120256K)
[4544.526s][info ][gc             ] GC(468) Pause Young (Allocation Failure) 2467M->541M(2551M) 10.382ms
[4544.527s][info ][gc,cpu         ] GC(468) User=0.03s Sys=0.01s Real=0.01s
[4544.527s][info ][safepoint      ] Leaving safepoint region
[4544.527s][info ][safepoint      ] Total time for which application threads were stopped: 0.0105371 seconds, Stopping threads took: 0.0000117 seconds
[4550.527s][info ][safepoint      ] Application time: 6.0004027 seconds
[4550.527s][info ][safepoint      ] Entering safepoint region: Cleanup
[4550.527s][info ][safepoint      ] Leaving safepoint region
[4550.527s][info ][safepoint      ] Total time for which application threads were stopped: 0.0000692 seconds, Stopping threads took: 0.0000121 seconds
[4555.318s][info ][safepoint      ] Application time: 4.7906183 seconds
[4555.318s][info ][safepoint      ] Entering safepoint region: ParallelGCFailedAllocation
[4555.318s][info ][gc,start       ] GC(469) Pause Young (Allocation Failure)
[4555.328s][debug][gc,phases      ] GC(469) Scavenge 10.309ms
[4555.328s][debug][gc,ref         ] GC(469) Skipped phase1 of Reference Processing due to unavailable references
[4555.328s][debug][gc,ref         ] GC(469) Skipped phase2 of Reference Processing due to unavailable references
[4555.328s][debug][gc,ref         ] GC(469) Skipped phase3 of Reference Processing due to unavailable references
[4555.328s][debug][gc,phases      ] GC(469) Reference Processing 0.030ms
[4555.328s][debug][gc,phases      ] GC(469) Weak Processing 0.145ms
[4555.329s][debug][gc,phases      ] GC(469) Scrub String Table 0.459ms
[4555.329s][debug][gc,age         ] GC(469) Desired survivor size 61341696 bytes, new threshold 15 (max threshold 15)
[4555.329s][info ][gc,heap        ] GC(469) PSYoungGen: 2006528K->31504K(2037248K)
[4555.329s][info ][gc,heap        ] GC(469) ParOldGen: 520523K->520587K(578048K)
[4555.329s][info ][gc,metaspace   ] GC(469) Metaspace: 76979K->76979K(1120256K)
[4555.329s][info ][gc             ] GC(469) Pause Young (Allocation Failure) 2467M->539M(2554M) 11.087ms
[4555.329s][info ][gc,cpu         ] GC(469) User=0.05s Sys=0.00s Real=0.01s
[4555.329s][info ][safepoint      ] Leaving safepoint region
[4555.329s][info ][safepoint      ] Total time for which application threads were stopped: 0.0113082 seconds, Stopping threads took: 0.0000362 seconds
[4566.121s][info ][safepoint      ] Application time: 10.7918478 seconds
[4566.121s][info ][safepoint      ] Entering safepoint region: ParallelGCFailedAllocation
[4566.121s][info ][gc,start       ] GC(470) Pause Young (Allocation Failure)
[4566.131s][debug][gc,phases      ] GC(470) Scavenge 9.728ms
[4566.131s][debug][gc,ref         ] GC(470) Skipped phase1 of Reference Processing due to unavailable references
[4566.131s][debug][gc,ref         ] GC(470) Skipped phase2 of Reference Processing due to unavailable references
[4566.131s][debug][gc,ref         ] GC(470) Skipped phase3 of Reference Processing due to unavailable references
[4566.131s][debug][gc,phases      ] GC(470) Reference Processing 0.030ms
[4566.131s][debug][gc,phases      ] GC(470) Weak Processing 0.188ms
[4566.132s][debug][gc,phases      ] GC(470) Scrub String Table 0.611ms
[4566.132s][debug][gc,age         ] GC(470) Desired survivor size 60817408 bytes, new threshold 15 (max threshold 15)
[4566.132s][info ][gc,heap        ] GC(470) PSYoungGen: 2007824K->31072K(2036224K)
[4566.132s][info ][gc,heap        ] GC(470) ParOldGen: 520587K->520691K(578048K)
[4566.132s][info ][gc,metaspace   ] GC(470) Metaspace: 76979K->76979K(1120256K)
[4566.132s][info ][gc             ] GC(470) Pause Young (Allocation Failure) 2469M->538M(2553M) 10.718ms
[4566.132s][info ][gc,cpu         ] GC(470) User=0.04s Sys=0.00s Real=0.00s
[4566.132s][info ][safepoint      ] Leaving safepoint region
[4566.132s][info ][safepoint      ] Total time for which application threads were stopped: 0.0109220 seconds, Stopping threads took: 0.0000330 seconds
[4576.810s][info ][safepoint      ] Application time: 10.6782451 seconds
[4576.810s][info ][safepoint      ] Entering safepoint region: ParallelGCFailedAllocation
[4576.810s][info ][gc,start       ] GC(471) Pause Young (Allocation Failure)
[4576.823s][debug][gc,phases      ] GC(471) Scavenge 12.378ms
[4576.823s][debug][gc,ref         ] GC(471) Skipped phase1 of Reference Processing due to unavailable references
[4576.823s][debug][gc,ref         ] GC(471) Skipped phase2 of Reference Processing due to unavailable references
[4576.823s][debug][gc,ref         ] GC(471) Skipped phase3 of Reference Processing due to unavailable references
[4576.823s][debug][gc,phases      ] GC(471) Reference Processing 0.044ms
[4576.823s][debug][gc,phases      ] GC(471) Weak Processing 0.213ms
[4576.824s][debug][gc,phases      ] GC(471) Scrub String Table 0.608ms
[4576.824s][debug][gc,age         ] GC(471) Desired survivor size 60817408 bytes, new threshold 15 (max threshold 15)
[4576.824s][info ][gc,heap        ] GC(471) PSYoungGen: 2007392K->24368K(2037760K)
[4576.824s][info ][gc,heap        ] GC(471) ParOldGen: 520691K->528227K(578048K)
[4576.824s][info ][gc,metaspace   ] GC(471) Metaspace: 76980K->76980K(1120256K)
[4576.824s][info ][gc             ] GC(471) Pause Young (Allocation Failure) 2468M->539M(2554M) 13.427ms
[4576.824s][info ][gc,cpu         ] GC(471) User=0.04s Sys=0.00s Real=0.02s
[4576.824s][info ][safepoint      ] Leaving safepoint region
[4576.824s][info ][safepoint      ] Total time for which application threads were stopped: 0.0136186 seconds, Stopping threads took: 0.0000190 seconds
[4577.461s][info ][safepoint      ] Application time: 0.6372174 seconds
[4577.461s][info ][safepoint      ] Entering safepoint region: RevokeBias
[4577.461s][info ][safepoint      ] Leaving safepoint region
[4577.461s][info ][safepoint      ] Total time for which application threads were stopped: 0.0001115 seconds, Stopping threads took: 0.0000348 seconds
[4587.660s][info ][safepoint      ] Application time: 10.1991943 seconds
[4587.660s][info ][safepoint      ] Entering safepoint region: ParallelGCFailedAllocation
[4587.660s][info ][gc,start       ] GC(472) Pause Young (Allocation Failure)
[4587.671s][debug][gc,phases      ] GC(472) Scavenge 10.343ms
[4587.671s][debug][gc,ref         ] GC(472) Skipped phase1 of Reference Processing due to unavailable references
[4587.671s][debug][gc,ref         ] GC(472) Skipped phase2 of Reference Processing due to unavailable references
[4587.671s][debug][gc,ref         ] GC(472) Skipped phase3 of Reference Processing due to unavailable references
[4587.671s][debug][gc,phases      ] GC(472) Reference Processing 0.032ms
[4587.671s][debug][gc,phases      ] GC(472) Weak Processing 0.167ms
[4587.672s][debug][gc,phases      ] GC(472) Scrub String Table 0.475ms
[4587.672s][debug][gc,age         ] GC(472) Desired survivor size 61341696 bytes, new threshold 15 (max threshold 15)
[4587.672s][info ][gc,heap        ] GC(472) PSYoungGen: 2002736K->20672K(1999360K)
[4587.672s][info ][gc,heap        ] GC(472) ParOldGen: 528227K->532782K(578048K)
[4587.672s][info ][gc,metaspace   ] GC(472) Metaspace: 76980K->76980K(1120256K)
[4587.672s][info ][gc             ] GC(472) Pause Young (Allocation Failure) 2471M->540M(2517M) 11.160ms
[4587.672s][info ][gc,cpu         ] GC(472) User=0.04s Sys=0.00s Real=0.00s
[4587.672s][info ][safepoint      ] Leaving safepoint region
[4587.672s][info ][safepoint      ] Total time for which application threads were stopped: 0.0113260 seconds, Stopping threads took: 0.0000259 seconds
[4589.672s][info ][safepoint      ] Application time: 2.0001378 seconds
[4589.672s][info ][safepoint      ] Entering safepoint region: Cleanup
[4589.672s][info ][safepoint      ] Leaving safepoint region
[4589.672s][info ][safepoint      ] Total time for which application threads were stopped: 0.0000942 seconds, Stopping threads took: 0.0000348 seconds
[4593.672s][info ][safepoint      ] Application time: 4.0002428 seconds
[4593.672s][info ][safepoint      ] Entering safepoint region: Cleanup
[4593.672s][info ][safepoint      ] Leaving safepoint region
[4593.672s][info ][safepoint      ] Total time for which application threads were stopped: 0.0000999 seconds, Stopping threads took: 0.0000458 seconds
[4598.657s][info ][safepoint      ] Application time: 4.9846206 seconds
[4598.657s][info ][safepoint      ] Entering safepoint region: ParallelGCFailedAllocation
[4598.657s][info ][gc,start       ] GC(473) Pause Young (Allocation Failure)
[4598.666s][debug][gc,phases      ] GC(473) Scavenge 8.962ms
[4598.666s][debug][gc,ref         ] GC(473) Skipped phase1 of Reference Processing due to unavailable references
[4598.666s][debug][gc,ref         ] GC(473) Skipped phase2 of Reference Processing due to unavailable references
[4598.666s][debug][gc,ref         ] GC(473) Skipped phase3 of Reference Processing due to unavailable references
[4598.666s][debug][gc,phases      ] GC(473) Reference Processing 0.045ms
[4598.666s][debug][gc,phases      ] GC(473) Weak Processing 0.143ms
[4598.667s][debug][gc,phases      ] GC(473) Scrub String Table 0.464ms
[4598.667s][debug][gc,age         ] GC(473) Desired survivor size 61865984 bytes, new threshold 15 (max threshold 15)
[4598.667s][info ][gc,heap        ] GC(473) PSYoungGen: 1999040K->18224K(2036224K)
[4598.667s][info ][gc,heap        ] GC(473) ParOldGen: 532782K->535719K(578048K)
[4598.667s][info ][gc,metaspace   ] GC(473) Metaspace: 76981K->76981K(1120256K)
[4598.667s][info ][gc             ] GC(473) Pause Young (Allocation Failure) 2472M->540M(2553M) 9.751ms
[4598.667s][info ][gc,cpu         ] GC(473) User=0.04s Sys=0.00s Real=0.01s
[4598.667s][info ][safepoint      ] Leaving safepoint region
[4598.667s][info ][safepoint      ] Total time for which application threads were stopped: 0.0099216 seconds, Stopping threads took: 0.0000136 seconds
[4601.667s][info ][safepoint      ] Application time: 3.0002362 seconds
[4601.667s][info ][safepoint      ] Entering safepoint region: Cleanup
[4601.667s][info ][safepoint      ] Leaving safepoint region
[4601.667s][info ][safepoint      ] Total time for which application threads were stopped: 0.0001337 seconds, Stopping threads took: 0.0000392 seconds
[4609.668s][info ][safepoint      ] Application time: 8.0006015 seconds
[4609.668s][info ][safepoint      ] Entering safepoint region: Cleanup
[4609.668s][info ][safepoint      ] Leaving safepoint region
[4609.668s][info ][safepoint      ] Total time for which application threads were stopped: 0.0001354 seconds, Stopping threads took: 0.0000365 seconds
[4609.679s][info ][safepoint      ] Application time: 0.0107879 seconds
[4609.679s][info ][safepoint      ] Entering safepoint region: ParallelGCFailedAllocation
[4609.679s][info ][gc,start       ] GC(474) Pause Young (Allocation Failure)
[4609.687s][debug][gc,phases      ] GC(474) Scavenge 7.809ms
[4609.687s][debug][gc,ref         ] GC(474) Skipped phase1 of Reference Processing due to unavailable references
[4609.687s][debug][gc,ref         ] GC(474) Skipped phase2 of Reference Processing due to unavailable references
[4609.687s][debug][gc,ref         ] GC(474) Skipped phase3 of Reference Processing due to unavailable references
[4609.687s][debug][gc,phases      ] GC(474) Reference Processing 0.029ms
[4609.687s][debug][gc,phases      ] GC(474) Weak Processing 0.152ms
[4609.688s][debug][gc,phases      ] GC(474) Scrub String Table 0.466ms
[4609.688s][debug][gc,age         ] GC(474) Desired survivor size 61865984 bytes, new threshold 15 (max threshold 15)
[4609.688s][info ][gc,heap        ] GC(474) PSYoungGen: 1994544K->18656K(2036736K)
[4609.688s][info ][gc,heap        ] GC(474) ParOldGen: 535719K->535783K(578048K)
[4609.688s][info ][gc,metaspace   ] GC(474) Metaspace: 76982K->76982K(1120256K)
[4609.688s][info ][gc             ] GC(474) Pause Young (Allocation Failure) 2470M->541M(2553M) 8.619ms
[4609.688s][info ][gc,cpu         ] GC(474) User=0.04s Sys=0.00s Real=0.01s
[4609.688s][info ][safepoint      ] Leaving safepoint region
[4609.688s][info ][safepoint      ] Total time for which application threads were stopped: 0.0088002 seconds, Stopping threads took: 0.0000148 seconds
[4611.688s][info ][safepoint      ] Application time: 2.0001453 seconds
[4611.688s][info ][safepoint      ] Entering safepoint region: Cleanup
[4611.688s][info ][safepoint      ] Leaving safepoint region
[4611.688s][info ][safepoint      ] Total time for which application threads were stopped: 0.0000733 seconds, Stopping threads took: 0.0000144 seconds
[4614.688s][info ][safepoint      ] Application time: 3.0002258 seconds
[4614.688s][info ][safepoint      ] Entering safepoint region: Cleanup
[4614.688s][info ][safepoint      ] Leaving safepoint region
[4614.688s][info ][safepoint      ] Total time for which application threads were stopped: 0.0000790 seconds, Stopping threads took: 0.0000153 seconds
[4616.689s][info ][safepoint      ] Application time: 2.0001333 seconds
[4616.689s][info ][safepoint      ] Entering safepoint region: Cleanup
[4616.689s][info ][safepoint      ] Leaving safepoint region
[4616.689s][info ][safepoint      ] Total time for which application threads were stopped: 0.0000969 seconds, Stopping threads took: 0.0000348 seconds
[4618.689s][info ][safepoint      ] Application time: 2.0001366 seconds
[4618.689s][info ][safepoint      ] Entering safepoint region: Cleanup
[4618.689s][info ][safepoint      ] Leaving safepoint region
[4618.689s][info ][safepoint      ] Total time for which application threads were stopped: 0.0000782 seconds, Stopping threads took: 0.0000140 seconds
[4619.689s][info ][safepoint      ] Application time: 1.0000638 seconds
[4619.689s][info ][safepoint      ] Entering safepoint region: Cleanup
[4619.689s][info ][safepoint      ] Leaving safepoint region
[4619.689s][info ][safepoint      ] Total time for which application threads were stopped: 0.0000655 seconds, Stopping threads took: 0.0000149 seconds
[4620.604s][info ][safepoint      ] Application time: 0.9150270 seconds
[4620.604s][info ][safepoint      ] Entering safepoint region: ParallelGCFailedAllocation
[4620.604s][info ][gc,start       ] GC(475) Pause Young (Allocation Failure)
[4620.613s][debug][gc,phases      ] GC(475) Scavenge 9.086ms
[4620.613s][debug][gc,ref         ] GC(475) Skipped phase1 of Reference Processing due to unavailable references
[4620.613s][debug][gc,ref         ] GC(475) Skipped phase2 of Reference Processing due to unavailable references
[4620.613s][debug][gc,ref         ] GC(475) Skipped phase3 of Reference Processing due to unavailable references
[4620.613s][debug][gc,phases      ] GC(475) Reference Processing 0.030ms
[4620.614s][debug][gc,phases      ] GC(475) Weak Processing 0.141ms
[4620.614s][debug][gc,phases      ] GC(475) Scrub String Table 0.451ms
[4620.614s][debug][gc,age         ] GC(475) Desired survivor size 60817408 bytes, new threshold 15 (max threshold 15)
[4620.614s][info ][gc,heap        ] GC(475) PSYoungGen: 1994976K->19872K(2037760K)
[4620.614s][info ][gc,heap        ] GC(475) ParOldGen: 535783K->536792K(578048K)
[4620.614s][info ][gc,metaspace   ] GC(475) Metaspace: 76982K->76982K(1120256K)
[4620.614s][info ][gc             ] GC(475) Pause Young (Allocation Failure) 2471M->543M(2554M) 9.834ms
[4620.614s][info ][gc,cpu         ] GC(475) User=0.04s Sys=0.00s Real=0.01s
[4620.614s][info ][safepoint      ] Leaving safepoint region
[4620.614s][info ][safepoint      ] Total time for which application threads were stopped: 0.0099916 seconds, Stopping threads took: 0.0000127 seconds
[4621.614s][info ][safepoint      ] Application time: 1.0000931 seconds
[4621.614s][info ][safepoint      ] Entering safepoint region: Cleanup
[4621.614s][info ][safepoint      ] Leaving safepoint region
[4621.614s][info ][safepoint      ] Total time for which application threads were stopped: 0.0001224 seconds, Stopping threads took: 0.0000555 seconds
[4622.615s][info ][safepoint      ] Application time: 1.0000834 seconds
[4622.615s][info ][safepoint      ] Entering safepoint region: Cleanup
[4622.615s][info ][safepoint      ] Leaving safepoint region
[4622.615s][info ][safepoint      ] Total time for which application threads were stopped: 0.0001055 seconds, Stopping threads took: 0.0000480 seconds
[4623.615s][info ][safepoint      ] Application time: 1.0000819 seconds
[4623.615s][info ][safepoint      ] Entering safepoint region: Cleanup
[4623.615s][info ][safepoint      ] Leaving safepoint region
[4623.615s][info ][safepoint      ] Total time for which application threads were stopped: 0.0000969 seconds, Stopping threads took: 0.0000359 seconds
[4624.615s][info ][safepoint      ] Application time: 1.0000859 seconds
[4624.615s][info ][safepoint      ] Entering safepoint region: Cleanup
[4624.615s][info ][safepoint      ] Leaving safepoint region
[4624.615s][info ][safepoint      ] Total time for which application threads were stopped: 0.0000945 seconds, Stopping threads took: 0.0000376 seconds
[4625.615s][info ][safepoint      ] Application time: 1.0000844 seconds
[4625.615s][info ][safepoint      ] Entering safepoint region: Cleanup
[4625.615s][info ][safepoint      ] Leaving safepoint region
[4625.615s][info ][safepoint      ] Total time for which application threads were stopped: 0.0000958 seconds, Stopping threads took: 0.0000330 seconds
[4626.615s][info ][safepoint      ] Application time: 1.0000515 seconds
[4626.615s][info ][safepoint      ] Entering safepoint region: Cleanup
[4626.616s][info ][safepoint      ] Leaving safepoint region
[4626.616s][info ][safepoint      ] Total time for which application threads were stopped: 0.0001113 seconds, Stopping threads took: 0.0000324 seconds
[4627.616s][info ][safepoint      ] Application time: 1.0000845 seconds
[4627.616s][info ][safepoint      ] Entering safepoint region: Cleanup
[4627.616s][info ][safepoint      ] Leaving safepoint region
[4627.616s][info ][safepoint      ] Total time for which application threads were stopped: 0.0000974 seconds, Stopping threads took: 0.0000343 seconds
[4628.616s][info ][safepoint      ] Application time: 1.0000962 seconds
[4628.616s][info ][safepoint      ] Entering safepoint region: Cleanup
[4628.616s][info ][safepoint      ] Leaving safepoint region
[4628.616s][info ][safepoint      ] Total time for which application threads were stopped: 0.0000934 seconds, Stopping threads took: 0.0000378 seconds
[4629.616s][info ][safepoint      ] Application time: 1.0000794 seconds
[4629.616s][info ][safepoint      ] Entering safepoint region: Cleanup
[4629.616s][info ][safepoint      ] Leaving safepoint region
[4629.616s][info ][safepoint      ] Total time for which application threads were stopped: 0.0000852 seconds, Stopping threads took: 0.0000353 seconds
[4630.616s][info ][safepoint      ] Application time: 1.0000735 seconds
[4630.616s][info ][safepoint      ] Entering safepoint region: Cleanup
[4630.616s][info ][safepoint      ] Leaving safepoint region
[4630.616s][info ][safepoint      ] Total time for which application threads were stopped: 0.0001295 seconds, Stopping threads took: 0.0000571 seconds
[4631.520s][info ][safepoint      ] Application time: 0.9037105 seconds
[4631.520s][info ][safepoint      ] Entering safepoint region: ParallelGCFailedAllocation
[4631.520s][info ][gc,start       ] GC(476) Pause Young (Allocation Failure)
[4631.529s][debug][gc,phases      ] GC(476) Scavenge 8.381ms
[4631.529s][debug][gc,ref         ] GC(476) Skipped phase1 of Reference Processing due to unavailable references
[4631.529s][debug][gc,ref         ] GC(476) Skipped phase2 of Reference Processing due to unavailable references
[4631.529s][debug][gc,ref         ] GC(476) Skipped phase3 of Reference Processing due to unavailable references
[4631.529s][debug][gc,phases      ] GC(476) Reference Processing 0.031ms
[4631.529s][debug][gc,phases      ] GC(476) Weak Processing 0.173ms
[4631.529s][debug][gc,phases      ] GC(476) Scrub String Table 0.439ms
[4631.529s][debug][gc,age         ] GC(476) Desired survivor size 60293120 bytes, new threshold 15 (max threshold 15)
[4631.529s][info ][gc,heap        ] GC(476) PSYoungGen: 1997216K->18928K(2036736K)
[4631.529s][info ][gc,heap        ] GC(476) ParOldGen: 536792K->537705K(578048K)
[4631.529s][info ][gc,metaspace   ] GC(476) Metaspace: 76982K->76982K(1120256K)
[4631.530s][info ][gc             ] GC(476) Pause Young (Allocation Failure) 2474M->543M(2553M) 9.169ms
[4631.530s][info ][gc,cpu         ] GC(476) User=0.03s Sys=0.00s Real=0.00s
[4631.530s][info ][safepoint      ] Leaving safepoint region
[4631.530s][info ][safepoint      ] Total time for which application threads were stopped: 0.0093289 seconds, Stopping threads took: 0.0000125 seconds
[4632.530s][info ][safepoint      ] Application time: 1.0000801 seconds
[4632.530s][info ][safepoint      ] Entering safepoint region: Cleanup
[4632.530s][info ][safepoint      ] Leaving safepoint region
[4632.530s][info ][safepoint      ] Total time for which application threads were stopped: 0.0000745 seconds, Stopping threads took: 0.0000209 seconds
[4633.530s][info ][safepoint      ] Application time: 1.0000640 seconds
[4633.530s][info ][safepoint      ] Entering safepoint region: Cleanup
[4633.530s][info ][safepoint      ] Leaving safepoint region
[4633.530s][info ][safepoint      ] Total time for which application threads were stopped: 0.0000702 seconds, Stopping threads took: 0.0000129 seconds
[4634.530s][info ][safepoint      ] Application time: 1.0000701 seconds
[4634.530s][info ][safepoint      ] Entering safepoint region: Cleanup
[4634.530s][info ][safepoint      ] Leaving safepoint region
[4634.530s][info ][safepoint      ] Total time for which application threads were stopped: 0.0000641 seconds, Stopping threads took: 0.0000136 seconds
[4635.530s][info ][safepoint      ] Application time: 1.0000660 seconds
[4635.530s][info ][safepoint      ] Entering safepoint region: Cleanup
[4635.530s][info ][safepoint      ] Leaving safepoint region
[4635.530s][info ][safepoint      ] Total time for which application threads were stopped: 0.0000647 seconds, Stopping threads took: 0.0000135 seconds
[4636.530s][info ][safepoint      ] Application time: 1.0000635 seconds
[4636.530s][info ][safepoint      ] Entering safepoint region: Cleanup
[4636.530s][info ][safepoint      ] Leaving safepoint region
[4636.530s][info ][safepoint      ] Total time for which application threads were stopped: 0.0000619 seconds, Stopping threads took: 0.0000127 seconds
[4637.531s][info ][safepoint      ] Application time: 1.0000776 seconds
[4637.531s][info ][safepoint      ] Entering safepoint region: Cleanup
[4637.531s][info ][safepoint      ] Leaving safepoint region
[4637.531s][info ][safepoint      ] Total time for which application threads were stopped: 0.0000789 seconds, Stopping threads took: 0.0000182 seconds
[4638.531s][info ][safepoint      ] Application time: 1.0000673 seconds
[4638.531s][info ][safepoint      ] Entering safepoint region: Cleanup
[4638.531s][info ][safepoint      ] Leaving safepoint region
[4638.531s][info ][safepoint      ] Total time for which application threads were stopped: 0.0000937 seconds, Stopping threads took: 0.0000180 seconds
[4639.531s][info ][safepoint      ] Application time: 1.0000748 seconds
[4639.531s][info ][safepoint      ] Entering safepoint region: Cleanup
[4639.531s][info ][safepoint      ] Leaving safepoint region
[4639.531s][info ][safepoint      ] Total time for which application threads were stopped: 0.0000624 seconds, Stopping threads took: 0.0000134 seconds
[4640.531s][info ][safepoint      ] Application time: 1.0000752 seconds
[4640.531s][info ][safepoint      ] Entering safepoint region: Cleanup
[4640.531s][info ][safepoint      ] Leaving safepoint region
[4640.531s][info ][safepoint      ] Total time for which application threads were stopped: 0.0000635 seconds, Stopping threads took: 0.0000139 seconds
[4641.531s][info ][safepoint      ] Application time: 1.0000704 seconds
[4641.531s][info ][safepoint      ] Entering safepoint region: Cleanup
[4641.531s][info ][safepoint      ] Leaving safepoint region
[4641.531s][info ][safepoint      ] Total time for which application threads were stopped: 0.0000647 seconds, Stopping threads took: 0.0000143 seconds
[4642.319s][info ][safepoint      ] Application time: 0.7874661 seconds
[4642.319s][info ][safepoint      ] Entering safepoint region: ParallelGCFailedAllocation
[4642.319s][info ][gc,start       ] GC(477) Pause Young (Allocation Failure)
[4642.328s][debug][gc,phases      ] GC(477) Scavenge 8.686ms
[4642.328s][debug][gc,ref         ] GC(477) Skipped phase1 of Reference Processing due to unavailable references
[4642.328s][debug][gc,ref         ] GC(477) Skipped phase2 of Reference Processing due to unavailable references
[4642.328s][debug][gc,ref         ] GC(477) Skipped phase3 of Reference Processing due to unavailable references
[4642.328s][debug][gc,phases      ] GC(477) Reference Processing 0.040ms
[4642.328s][debug][gc,phases      ] GC(477) Weak Processing 0.182ms
[4642.329s][debug][gc,phases      ] GC(477) Scrub String Table 0.544ms
[4642.329s][debug][gc,age         ] GC(477) Desired survivor size 59244544 bytes, new threshold 15 (max threshold 15)
[4642.329s][info ][gc,heap        ] GC(477) PSYoungGen: 1996272K->19680K(2039296K)
[4642.329s][info ][gc,heap        ] GC(477) ParOldGen: 537705K->538409K(578048K)
[4642.329s][info ][gc,metaspace   ] GC(477) Metaspace: 76982K->76982K(1120256K)
[4642.329s][info ][gc             ] GC(477) Pause Young (Allocation Failure) 2474M->545M(2556M) 9.585ms
[4642.329s][info ][gc,cpu         ] GC(477) User=0.04s Sys=0.00s Real=0.01s
[4642.329s][info ][safepoint      ] Leaving safepoint region
[4642.329s][info ][safepoint      ] Total time for which application threads were stopped: 0.0097605 seconds, Stopping threads took: 0.0000331 seconds
[4643.329s][info ][safepoint      ] Application time: 1.0000759 seconds
[4643.329s][info ][safepoint      ] Entering safepoint region: Cleanup
[4643.329s][info ][safepoint      ] Leaving safepoint region
[4643.329s][info ][safepoint      ] Total time for which application threads were stopped: 0.0000786 seconds, Stopping threads took: 0.0000212 seconds
[4644.329s][info ][safepoint      ] Application time: 1.0000675 seconds
[4644.329s][info ][safepoint      ] Entering safepoint region: Cleanup
[4644.329s][info ][safepoint      ] Leaving safepoint region
[4644.329s][info ][safepoint      ] Total time for which application threads were stopped: 0.0000853 seconds, Stopping threads took: 0.0000336 seconds
[4645.329s][info ][safepoint      ] Application time: 1.0000798 seconds
[4645.329s][info ][safepoint      ] Entering safepoint region: Cleanup
[4645.329s][info ][safepoint      ] Leaving safepoint region
[4645.329s][info ][safepoint      ] Total time for which application threads were stopped: 0.0000898 seconds, Stopping threads took: 0.0000170 seconds
[4646.329s][info ][safepoint      ] Application time: 1.0000747 seconds
[4646.329s][info ][safepoint      ] Entering safepoint region: Cleanup
[4646.330s][info ][safepoint      ] Leaving safepoint region
[4646.330s][info ][safepoint      ] Total time for which application threads were stopped: 0.0000990 seconds, Stopping threads took: 0.0000352 seconds
[4647.330s][info ][safepoint      ] Application time: 1.0000694 seconds
[4647.330s][info ][safepoint      ] Entering safepoint region: Cleanup
[4647.330s][info ][safepoint      ] Leaving safepoint region
[4647.330s][info ][safepoint      ] Total time for which application threads were stopped: 0.0001338 seconds, Stopping threads took: 0.0000773 seconds
[4648.330s][info ][safepoint      ] Application time: 1.0002544 seconds
[4648.330s][info ][safepoint      ] Entering safepoint region: Cleanup
[4648.330s][info ][safepoint      ] Leaving safepoint region
[4648.330s][info ][safepoint      ] Total time for which application threads were stopped: 0.0000786 seconds, Stopping threads took: 0.0000176 seconds
[4649.330s][info ][safepoint      ] Application time: 1.0000668 seconds
[4649.330s][info ][safepoint      ] Entering safepoint region: Cleanup
[4649.330s][info ][safepoint      ] Leaving safepoint region
[4649.330s][info ][safepoint      ] Total time for which application threads were stopped: 0.0000617 seconds, Stopping threads took: 0.0000133 seconds
[4650.330s][info ][safepoint      ] Application time: 1.0000729 seconds
[4650.330s][info ][safepoint      ] Entering safepoint region: Cleanup
[4650.331s][info ][safepoint      ] Leaving safepoint region
[4650.331s][info ][safepoint      ] Total time for which application threads were stopped: 0.0000765 seconds, Stopping threads took: 0.0000134 seconds
[4651.331s][info ][safepoint      ] Application time: 1.0000627 seconds
[4651.331s][info ][safepoint      ] Entering safepoint region: Cleanup
[4651.331s][info ][safepoint      ] Leaving safepoint region
[4651.331s][info ][safepoint      ] Total time for which application threads were stopped: 0.0000697 seconds, Stopping threads took: 0.0000209 seconds
[4652.331s][info ][safepoint      ] Application time: 1.0000810 seconds
[4652.331s][info ][safepoint      ] Entering safepoint region: Cleanup
[4652.331s][info ][safepoint      ] Leaving safepoint region
[4652.331s][info ][safepoint      ] Total time for which application threads were stopped: 0.0000822 seconds, Stopping threads took: 0.0000156 seconds
[4653.102s][info ][safepoint      ] Application time: 0.7711736 seconds
[4653.102s][info ][safepoint      ] Entering safepoint region: ParallelGCFailedAllocation
[4653.102s][info ][gc,start       ] GC(478) Pause Young (Allocation Failure)
[4653.111s][debug][gc,phases      ] GC(478) Scavenge 8.597ms
[4653.111s][debug][gc,ref         ] GC(478) Skipped phase1 of Reference Processing due to unavailable references
[4653.111s][debug][gc,ref         ] GC(478) Skipped phase2 of Reference Processing due to unavailable references
[4653.111s][debug][gc,ref         ] GC(478) Skipped phase3 of Reference Processing due to unavailable references
[4653.111s][debug][gc,phases      ] GC(478) Reference Processing 0.030ms
[4653.111s][debug][gc,phases      ] GC(478) Weak Processing 0.154ms
[4653.112s][debug][gc,phases      ] GC(478) Scrub String Table 0.469ms
[4653.112s][debug][gc,age         ] GC(478) Desired survivor size 57671680 bytes, new threshold 15 (max threshold 15)
[4653.112s][info ][gc,heap        ] GC(478) PSYoungGen: 2000096K->19792K(2038272K)
[4653.112s][info ][gc,heap        ] GC(478) ParOldGen: 538409K->539445K(578048K)
[4653.112s][info ][gc,metaspace   ] GC(478) Metaspace: 76982K->76982K(1120256K)
[4653.112s][info ][gc             ] GC(478) Pause Young (Allocation Failure) 2479M->546M(2555M) 9.392ms
[4653.112s][info ][gc,cpu         ] GC(478) User=0.03s Sys=0.00s Real=0.00s
[4653.112s][info ][safepoint      ] Leaving safepoint region
[4653.112s][info ][safepoint      ] Total time for which application threads were stopped: 0.0095971 seconds, Stopping threads took: 0.0000186 seconds
[4654.112s][info ][safepoint      ] Application time: 1.0000904 seconds
[4654.112s][info ][safepoint      ] Entering safepoint region: Cleanup
[4654.112s][info ][safepoint      ] Leaving safepoint region
[4654.112s][info ][safepoint      ] Total time for which application threads were stopped: 0.0001062 seconds, Stopping threads took: 0.0000339 seconds
[4655.112s][info ][safepoint      ] Application time: 1.0000742 seconds
[4655.112s][info ][safepoint      ] Entering safepoint region: Cleanup
[4655.112s][info ][safepoint      ] Leaving safepoint region
[4655.112s][info ][safepoint      ] Total time for which application threads were stopped: 0.0001223 seconds, Stopping threads took: 0.0000521 seconds
[4656.112s][info ][safepoint      ] Application time: 1.0000754 seconds
[4656.112s][info ][safepoint      ] Entering safepoint region: Cleanup
[4656.112s][info ][safepoint      ] Leaving safepoint region
[4656.112s][info ][safepoint      ] Total time for which application threads were stopped: 0.0001181 seconds, Stopping threads took: 0.0000564 seconds
[4657.113s][info ][safepoint      ] Application time: 1.0000825 seconds
[4657.113s][info ][safepoint      ] Entering safepoint region: Cleanup
[4657.113s][info ][safepoint      ] Leaving safepoint region
[4657.113s][info ][safepoint      ] Total time for which application threads were stopped: 0.0001417 seconds, Stopping threads took: 0.0000574 seconds
[4658.113s][info ][safepoint      ] Application time: 1.0000805 seconds
[4658.113s][info ][safepoint      ] Entering safepoint region: Cleanup
[4658.113s][info ][safepoint      ] Leaving safepoint region
[4658.113s][info ][safepoint      ] Total time for which application threads were stopped: 0.0001192 seconds, Stopping threads took: 0.0000529 seconds
[4659.113s][info ][safepoint      ] Application time: 1.0000731 seconds
[4659.113s][info ][safepoint      ] Entering safepoint region: Cleanup
[4659.113s][info ][safepoint      ] Leaving safepoint region
[4659.113s][info ][safepoint      ] Total time for which application threads were stopped: 0.0001070 seconds, Stopping threads took: 0.0000377 seconds
[4660.113s][info ][safepoint      ] Application time: 1.0000814 seconds
[4660.113s][info ][safepoint      ] Entering safepoint region: Cleanup
[4660.113s][info ][safepoint      ] Leaving safepoint region
[4660.113s][info ][safepoint      ] Total time for which application threads were stopped: 0.0001058 seconds, Stopping threads took: 0.0000342 seconds
[4661.114s][info ][safepoint      ] Application time: 1.0000836 seconds
[4661.114s][info ][safepoint      ] Entering safepoint region: Cleanup
[4661.114s][info ][safepoint      ] Leaving safepoint region
[4661.114s][info ][safepoint      ] Total time for which application threads were stopped: 0.0001294 seconds, Stopping threads took: 0.0000393 seconds
[4662.114s][info ][safepoint      ] Application time: 1.0000889 seconds
[4662.114s][info ][safepoint      ] Entering safepoint region: Cleanup
[4662.114s][info ][safepoint      ] Leaving safepoint region
[4662.114s][info ][safepoint      ] Total time for which application threads were stopped: 0.0001019 seconds, Stopping threads took: 0.0000361 seconds
[4663.114s][info ][safepoint      ] Application time: 1.0000816 seconds
[4663.114s][info ][safepoint      ] Entering safepoint region: Cleanup
[4663.114s][info ][safepoint      ] Leaving safepoint region
[4663.114s][info ][safepoint      ] Total time for which application threads were stopped: 0.0001037 seconds, Stopping threads took: 0.0000345 seconds
[4664.114s][info ][safepoint      ] Application time: 1.0000727 seconds
[4664.114s][info ][safepoint      ] Entering safepoint region: Cleanup
[4664.114s][info ][safepoint      ] Leaving safepoint region
[4664.114s][info ][safepoint      ] Total time for which application threads were stopped: 0.0001001 seconds, Stopping threads took: 0.0000461 seconds
[4664.166s][info ][safepoint      ] Application time: 0.0512530 seconds
[4664.166s][info ][safepoint      ] Entering safepoint region: ParallelGCFailedAllocation
[4664.166s][info ][gc,start       ] GC(479) Pause Young (Allocation Failure)
[4664.174s][debug][gc,phases      ] GC(479) Scavenge 8.194ms
[4664.174s][debug][gc,ref         ] GC(479) Skipped phase1 of Reference Processing due to unavailable references
[4664.174s][debug][gc,ref         ] GC(479) Skipped phase2 of Reference Processing due to unavailable references
[4664.174s][debug][gc,ref         ] GC(479) Skipped phase3 of Reference Processing due to unavailable references
[4664.174s][debug][gc,phases      ] GC(479) Reference Processing 0.030ms
[4664.174s][debug][gc,phases      ] GC(479) Weak Processing 0.144ms
[4664.175s][debug][gc,phases      ] GC(479) Scrub String Table 0.439ms
[4664.175s][debug][gc,age         ] GC(479) Desired survivor size 56098816 bytes, new threshold 15 (max threshold 15)
[4664.175s][info ][gc,heap        ] GC(479) PSYoungGen: 2000208K->18352K(2042368K)
[4664.175s][info ][gc,heap        ] GC(479) ParOldGen: 539445K->540942K(578048K)
[4664.175s][info ][gc,metaspace   ] GC(479) Metaspace: 76982K->76982K(1120256K)
[4664.175s][info ][gc             ] GC(479) Pause Young (Allocation Failure) 2480M->546M(2559M) 8.944ms
[4664.175s][info ][gc,cpu         ] GC(479) User=0.03s Sys=0.00s Real=0.01s
[4664.175s][info ][safepoint      ] Leaving safepoint region
[4664.175s][info ][safepoint      ] Total time for which application threads were stopped: 0.0090913 seconds, Stopping threads took: 0.0000124 seconds
[4665.175s][info ][safepoint      ] Application time: 1.0000859 seconds
[4665.175s][info ][safepoint      ] Entering safepoint region: Cleanup
[4665.175s][info ][safepoint      ] Leaving safepoint region
[4665.175s][info ][safepoint      ] Total time for which application threads were stopped: 0.0000785 seconds, Stopping threads took: 0.0000174 seconds
[4666.175s][info ][safepoint      ] Application time: 1.0000772 seconds
[4666.175s][info ][safepoint      ] Entering safepoint region: Cleanup
[4666.175s][info ][safepoint      ] Leaving safepoint region
[4666.175s][info ][safepoint      ] Total time for which application threads were stopped: 0.0000793 seconds, Stopping threads took: 0.0000166 seconds
[4667.175s][info ][safepoint      ] Application time: 1.0000785 seconds
[4667.175s][info ][safepoint      ] Entering safepoint region: Cleanup
[4667.175s][info ][safepoint      ] Leaving safepoint region
[4667.175s][info ][safepoint      ] Total time for which application threads were stopped: 0.0001064 seconds, Stopping threads took: 0.0000356 seconds
[4668.176s][info ][safepoint      ] Application time: 1.0000841 seconds
[4668.176s][info ][safepoint      ] Entering safepoint region: Cleanup
[4668.176s][info ][safepoint      ] Leaving safepoint region
[4668.176s][info ][safepoint      ] Total time for which application threads were stopped: 0.0000745 seconds, Stopping threads took: 0.0000161 seconds
[4669.176s][info ][safepoint      ] Application time: 1.0000761 seconds
[4669.176s][info ][safepoint      ] Entering safepoint region: Cleanup
[4669.176s][info ][safepoint      ] Leaving safepoint region
[4669.176s][info ][safepoint      ] Total time for which application threads were stopped: 0.0000752 seconds, Stopping threads took: 0.0000176 seconds
[4670.176s][info ][safepoint      ] Application time: 1.0000858 seconds
[4670.176s][info ][safepoint      ] Entering safepoint region: Cleanup
[4670.176s][info ][safepoint      ] Leaving safepoint region
[4670.176s][info ][safepoint      ] Total time for which application threads were stopped: 0.0000772 seconds, Stopping threads took: 0.0000185 seconds
[4671.176s][info ][safepoint      ] Application time: 1.0000794 seconds
[4671.176s][info ][safepoint      ] Entering safepoint region: Cleanup
[4671.176s][info ][safepoint      ] Leaving safepoint region
[4671.176s][info ][safepoint      ] Total time for which application threads were stopped: 0.0001026 seconds, Stopping threads took: 0.0000408 seconds
[4672.176s][info ][safepoint      ] Application time: 1.0000804 seconds
[4672.176s][info ][safepoint      ] Entering safepoint region: Cleanup
[4672.177s][info ][safepoint      ] Leaving safepoint region
[4672.177s][info ][safepoint      ] Total time for which application threads were stopped: 0.0001093 seconds, Stopping threads took: 0.0000567 seconds
[4673.177s][info ][safepoint      ] Application time: 1.0000697 seconds
[4673.177s][info ][safepoint      ] Entering safepoint region: Cleanup
[4673.177s][info ][safepoint      ] Leaving safepoint region
[4673.177s][info ][safepoint      ] Total time for which application threads were stopped: 0.0000596 seconds, Stopping threads took: 0.0000116 seconds
[4674.177s][info ][safepoint      ] Application time: 1.0000727 seconds
[4674.177s][info ][safepoint      ] Entering safepoint region: Cleanup
[4674.177s][info ][safepoint      ] Leaving safepoint region
[4674.177s][info ][safepoint      ] Total time for which application threads were stopped: 0.0000969 seconds, Stopping threads took: 0.0000383 seconds
[4675.177s][info ][safepoint      ] Application time: 1.0000789 seconds
[4675.179s][info ][safepoint      ] Entering safepoint region: Cleanup
[4675.179s][info ][safepoint      ] Leaving safepoint region
[4675.179s][info ][safepoint      ] Total time for which application threads were stopped: 0.0023676 seconds, Stopping threads took: 0.0022805 seconds
[4675.517s][info ][safepoint      ] Application time: 0.3379519 seconds
[4675.517s][info ][safepoint      ] Entering safepoint region: ParallelGCFailedAllocation
[4675.518s][info ][gc,start       ] GC(480) Pause Young (Allocation Failure)
[4675.532s][debug][gc,phases      ] GC(480) Scavenge 14.466ms
[4675.532s][debug][gc,ref         ] GC(480) Skipped phase1 of Reference Processing due to unavailable references
[4675.532s][debug][gc,ref         ] GC(480) Skipped phase2 of Reference Processing due to unavailable references
[4675.532s][debug][gc,ref         ] GC(480) Skipped phase3 of Reference Processing due to unavailable references
[4675.532s][debug][gc,phases      ] GC(480) Reference Processing 0.034ms
[4675.532s][debug][gc,phases      ] GC(480) Weak Processing 0.191ms
[4675.533s][debug][gc,phases      ] GC(480) Scrub String Table 0.561ms
[4675.533s][debug][gc,age         ] GC(480) Desired survivor size 55050240 bytes, new threshold 15 (max threshold 15)
[4675.533s][info ][gc,heap        ] GC(480) PSYoungGen: 2004400K->18304K(2040832K)
[4675.533s][info ][gc,heap        ] GC(480) ParOldGen: 540942K->542083K(578048K)
[4675.533s][info ][gc,metaspace   ] GC(480) Metaspace: 76982K->76982K(1120256K)
[4675.533s][info ][gc             ] GC(480) Pause Young (Allocation Failure) 2485M->547M(2557M) 15.391ms
[4675.533s][info ][gc,cpu         ] GC(480) User=0.03s Sys=0.00s Real=0.02s
[4675.533s][info ][safepoint      ] Leaving safepoint region
[4675.533s][info ][safepoint      ] Total time for which application threads were stopped: 0.0157707 seconds, Stopping threads took: 0.0000167 seconds
[4676.533s][info ][safepoint      ] Application time: 1.0000449 seconds
[4676.533s][info ][safepoint      ] Entering safepoint region: Cleanup
[4676.533s][info ][safepoint      ] Leaving safepoint region
[4676.533s][info ][safepoint      ] Total time for which application threads were stopped: 0.0000764 seconds, Stopping threads took: 0.0000263 seconds
[4677.533s][info ][safepoint      ] Application time: 1.0000712 seconds
[4677.533s][info ][safepoint      ] Entering safepoint region: Cleanup
[4677.533s][info ][safepoint      ] Leaving safepoint region
[4677.533s][info ][safepoint      ] Total time for which application threads were stopped: 0.0000742 seconds, Stopping threads took: 0.0000174 seconds
[4678.534s][info ][safepoint      ] Application time: 1.0000709 seconds
[4678.534s][info ][safepoint      ] Entering safepoint region: Cleanup
[4678.534s][info ][safepoint      ] Leaving safepoint region
[4678.534s][info ][safepoint      ] Total time for which application threads were stopped: 0.0002274 seconds, Stopping threads took: 0.0001119 seconds
[4679.534s][info ][safepoint      ] Application time: 1.0000857 seconds
[4679.534s][info ][safepoint      ] Entering safepoint region: Cleanup
[4679.534s][info ][safepoint      ] Leaving safepoint region
[4679.534s][info ][safepoint      ] Total time for which application threads were stopped: 0.0000745 seconds, Stopping threads took: 0.0000129 seconds
[4680.534s][info ][safepoint      ] Application time: 1.0000648 seconds
[4680.534s][info ][safepoint      ] Entering safepoint region: Cleanup
[4680.534s][info ][safepoint      ] Leaving safepoint region
[4680.534s][info ][safepoint      ] Total time for which application threads were stopped: 0.0000670 seconds, Stopping threads took: 0.0000118 seconds
[4681.534s][info ][safepoint      ] Application time: 1.0000709 seconds
[4681.534s][info ][safepoint      ] Entering safepoint region: Cleanup
[4681.534s][info ][safepoint      ] Leaving safepoint region
[4681.534s][info ][safepoint      ] Total time for which application threads were stopped: 0.0000627 seconds, Stopping threads took: 0.0000126 seconds
[4682.534s][info ][safepoint      ] Application time: 1.0000396 seconds
[4682.534s][info ][safepoint      ] Entering safepoint region: Cleanup
[4682.535s][info ][safepoint      ] Leaving safepoint region
[4682.535s][info ][safepoint      ] Total time for which application threads were stopped: 0.0000782 seconds, Stopping threads took: 0.0000116 seconds
[4683.535s][info ][safepoint      ] Application time: 1.0000638 seconds
[4683.535s][info ][safepoint      ] Entering safepoint region: Cleanup
[4683.535s][info ][safepoint      ] Leaving safepoint region
[4683.535s][info ][safepoint      ] Total time for which application threads were stopped: 0.0000748 seconds, Stopping threads took: 0.0000133 seconds
[4684.535s][info ][safepoint      ] Application time: 1.0000235 seconds
[4684.535s][info ][safepoint      ] Entering safepoint region: Cleanup
[4684.535s][info ][safepoint      ] Leaving safepoint region
[4684.535s][info ][safepoint      ] Total time for which application threads were stopped: 0.0000666 seconds, Stopping threads took: 0.0000146 seconds
[4685.535s][info ][safepoint      ] Application time: 1.0000709 seconds
[4685.535s][info ][safepoint      ] Entering safepoint region: Cleanup
[4685.535s][info ][safepoint      ] Leaving safepoint region
[4685.535s][info ][safepoint      ] Total time for which application threads were stopped: 0.0000628 seconds, Stopping threads took: 0.0000134 seconds
[4686.535s][info ][safepoint      ] Application time: 1.0000673 seconds
[4686.535s][info ][safepoint      ] Entering safepoint region: Cleanup
[4686.535s][info ][safepoint      ] Leaving safepoint region
[4686.535s][info ][safepoint      ] Total time for which application threads were stopped: 0.0000682 seconds, Stopping threads took: 0.0000120 seconds
[4686.971s][info ][safepoint      ] Application time: 0.4353987 seconds
[4686.971s][info ][safepoint      ] Entering safepoint region: ParallelGCFailedAllocation
[4686.971s][info ][gc,start       ] GC(481) Pause Young (Allocation Failure)
[4686.979s][debug][gc,phases      ] GC(481) Scavenge 8.367ms
[4686.979s][debug][gc,ref         ] GC(481) Skipped phase1 of Reference Processing due to unavailable references
[4686.979s][debug][gc,ref         ] GC(481) Skipped phase2 of Reference Processing due to unavailable references
[4686.979s][debug][gc,ref         ] GC(481) Skipped phase3 of Reference Processing due to unavailable references
[4686.979s][debug][gc,phases      ] GC(481) Reference Processing 0.034ms
[4686.979s][debug][gc,phases      ] GC(481) Weak Processing 0.138ms
[4686.980s][debug][gc,phases      ] GC(481) Scrub String Table 0.456ms
[4686.980s][debug][gc,age         ] GC(481) Desired survivor size 52953088 bytes, new threshold 15 (max threshold 15)
[4686.980s][info ][gc,heap        ] GC(481) PSYoungGen: 2004352K->20096K(2045440K)
[4686.980s][info ][gc,heap        ] GC(481) ParOldGen: 542083K->542923K(578048K)
[4686.980s][info ][gc,metaspace   ] GC(481) Metaspace: 76982K->76982K(1120256K)
[4686.980s][info ][gc             ] GC(481) Pause Young (Allocation Failure) 2486M->549M(2562M) 9.134ms
[4686.980s][info ][gc,cpu         ] GC(481) User=0.03s Sys=0.00s Real=0.01s
[4686.980s][info ][safepoint      ] Leaving safepoint region
[4686.980s][info ][safepoint      ] Total time for which application threads were stopped: 0.0092895 seconds, Stopping threads took: 0.0000120 seconds
[4687.980s][info ][safepoint      ] Application time: 1.0000749 seconds
[4687.980s][info ][safepoint      ] Entering safepoint region: Cleanup
[4687.980s][info ][safepoint      ] Leaving safepoint region
[4687.980s][info ][safepoint      ] Total time for which application threads were stopped: 0.0000922 seconds, Stopping threads took: 0.0000134 seconds
[4688.980s][info ][safepoint      ] Application time: 1.0000662 seconds
[4688.980s][info ][safepoint      ] Entering safepoint region: Cleanup
[4688.980s][info ][safepoint      ] Leaving safepoint region
[4688.980s][info ][safepoint      ] Total time for which application threads were stopped: 0.0000609 seconds, Stopping threads took: 0.0000118 seconds
[4689.980s][info ][safepoint      ] Application time: 1.0000679 seconds
[4689.980s][info ][safepoint      ] Entering safepoint region: Cleanup
[4689.981s][info ][safepoint      ] Leaving safepoint region
[4689.981s][info ][safepoint      ] Total time for which application threads were stopped: 0.0000807 seconds, Stopping threads took: 0.0000146 seconds
[4690.981s][info ][safepoint      ] Application time: 1.0000708 seconds
[4690.981s][info ][safepoint      ] Entering safepoint region: Cleanup
[4690.981s][info ][safepoint      ] Leaving safepoint region
[4690.981s][info ][safepoint      ] Total time for which application threads were stopped: 0.0001045 seconds, Stopping threads took: 0.0000454 seconds
[4691.981s][info ][safepoint      ] Application time: 1.0000704 seconds
[4691.981s][info ][safepoint      ] Entering safepoint region: Cleanup
[4691.981s][info ][safepoint      ] Leaving safepoint region
[4691.981s][info ][safepoint      ] Total time for which application threads were stopped: 0.0000706 seconds, Stopping threads took: 0.0000184 seconds
[4692.981s][info ][safepoint      ] Application time: 1.0000719 seconds
[4692.981s][info ][safepoint      ] Entering safepoint region: Cleanup
[4692.981s][info ][safepoint      ] Leaving safepoint region
[4692.981s][info ][safepoint      ] Total time for which application threads were stopped: 0.0000636 seconds, Stopping threads took: 0.0000139 seconds
[4693.981s][info ][safepoint      ] Application time: 1.0000679 seconds
[4693.981s][info ][safepoint      ] Entering safepoint region: Cleanup
[4693.981s][info ][safepoint      ] Leaving safepoint region
[4693.981s][info ][safepoint      ] Total time for which application threads were stopped: 0.0000637 seconds, Stopping threads took: 0.0000137 seconds
[4694.981s][info ][safepoint      ] Application time: 1.0000698 seconds
[4694.981s][info ][safepoint      ] Entering safepoint region: Cleanup
[4694.981s][info ][safepoint      ] Leaving safepoint region
[4694.981s][info ][safepoint      ] Total time for which application threads were stopped: 0.0000629 seconds, Stopping threads took: 0.0000126 seconds
[4695.982s][info ][safepoint      ] Application time: 1.0000729 seconds
[4695.982s][info ][safepoint      ] Entering safepoint region: Cleanup
[4695.982s][info ][safepoint      ] Leaving safepoint region
[4695.982s][info ][safepoint      ] Total time for which application threads were stopped: 0.0000637 seconds, Stopping threads took: 0.0000131 seconds
[4696.982s][info ][safepoint      ] Application time: 1.0000739 seconds
[4696.982s][info ][safepoint      ] Entering safepoint region: Cleanup
[4696.982s][info ][safepoint      ] Leaving safepoint region
[4696.982s][info ][safepoint      ] Total time for which application threads were stopped: 0.0000660 seconds, Stopping threads took: 0.0000147 seconds
[4697.982s][info ][safepoint      ] Application time: 1.0000777 seconds
[4697.982s][info ][safepoint      ] Entering safepoint region: Cleanup
[4697.982s][info ][safepoint      ] Leaving safepoint region
[4697.982s][info ][safepoint      ] Total time for which application threads were stopped: 0.0000763 seconds, Stopping threads took: 0.0000129 seconds
[4698.702s][info ][safepoint      ] Application time: 0.7200591 seconds
[4698.702s][info ][safepoint      ] Entering safepoint region: ParallelGCFailedAllocation
[4698.702s][info ][gc,start       ] GC(482) Pause Young (Allocation Failure)
[4698.709s][debug][gc,phases      ] GC(482) Scavenge 6.377ms
[4698.709s][debug][gc,ref         ] GC(482) Skipped phase1 of Reference Processing due to unavailable references
[4698.709s][debug][gc,ref         ] GC(482) Skipped phase2 of Reference Processing due to unavailable references
[4698.709s][debug][gc,ref         ] GC(482) Skipped phase3 of Reference Processing due to unavailable references
[4698.709s][debug][gc,phases      ] GC(482) Reference Processing 0.031ms
[4698.709s][debug][gc,phases      ] GC(482) Weak Processing 0.153ms
[4698.709s][debug][gc,phases      ] GC(482) Scrub String Table 0.529ms
[4698.709s][debug][gc,age         ] GC(482) Desired survivor size 51904512 bytes, new threshold 15 (max threshold 15)
[4698.709s][info ][gc,heap        ] GC(482) PSYoungGen: 2011776K->17184K(2043392K)
[4698.709s][info ][gc,heap        ] GC(482) ParOldGen: 542923K->543147K(578048K)
[4698.709s][info ][gc,metaspace   ] GC(482) Metaspace: 76982K->76982K(1120256K)
[4698.710s][info ][gc             ] GC(482) Pause Young (Allocation Failure) 2494M->547M(2560M) 7.248ms
[4698.710s][info ][gc,cpu         ] GC(482) User=0.02s Sys=0.00s Real=0.00s
[4698.710s][info ][safepoint      ] Leaving safepoint region
[4698.710s][info ][safepoint      ] Total time for which application threads were stopped: 0.0074184 seconds, Stopping threads took: 0.0000126 seconds
[4699.710s][info ][safepoint      ] Application time: 1.0000854 seconds
[4699.710s][info ][safepoint      ] Entering safepoint region: Cleanup
[4699.710s][info ][safepoint      ] Leaving safepoint region
[4699.710s][info ][safepoint      ] Total time for which application threads were stopped: 0.0001069 seconds, Stopping threads took: 0.0000367 seconds
[4700.710s][info ][safepoint      ] Application time: 1.0000849 seconds
[4700.710s][info ][safepoint      ] Entering safepoint region: Cleanup
[4700.710s][info ][safepoint      ] Leaving safepoint region
[4700.710s][info ][safepoint      ] Total time for which application threads were stopped: 0.0000989 seconds, Stopping threads took: 0.0000342 seconds
[4701.710s][info ][safepoint      ] Application time: 1.0000862 seconds
[4701.710s][info ][safepoint      ] Entering safepoint region: Cleanup
[4701.710s][info ][safepoint      ] Leaving safepoint region
[4701.710s][info ][safepoint      ] Total time for which application threads were stopped: 0.0001094 seconds, Stopping threads took: 0.0000367 seconds
[4702.710s][info ][safepoint      ] Application time: 1.0000813 seconds
[4702.710s][info ][safepoint      ] Entering safepoint region: Cleanup
[4702.710s][info ][safepoint      ] Leaving safepoint region
[4702.711s][info ][safepoint      ] Total time for which application threads were stopped: 0.0001069 seconds, Stopping threads took: 0.0000366 seconds
[4703.711s][info ][safepoint      ] Application time: 1.0000778 seconds
[4703.711s][info ][safepoint      ] Entering safepoint region: Cleanup
[4703.711s][info ][safepoint      ] Leaving safepoint region
[4703.711s][info ][safepoint      ] Total time for which application threads were stopped: 0.0001023 seconds, Stopping threads took: 0.0000371 seconds
[4704.711s][info ][safepoint      ] Application time: 1.0000805 seconds
[4704.711s][info ][safepoint      ] Entering safepoint region: Cleanup
[4704.711s][info ][safepoint      ] Leaving safepoint region
[4704.711s][info ][safepoint      ] Total time for which application threads were stopped: 0.0001219 seconds, Stopping threads took: 0.0000595 seconds
[4705.711s][info ][safepoint      ] Application time: 1.0000721 seconds
[4705.711s][info ][safepoint      ] Entering safepoint region: Cleanup
[4705.711s][info ][safepoint      ] Leaving safepoint region
[4705.711s][info ][safepoint      ] Total time for which application threads were stopped: 0.0000968 seconds, Stopping threads took: 0.0000340 seconds
[4710.763s][info ][safepoint      ] Application time: 5.0518693 seconds
[4710.763s][info ][safepoint      ] Entering safepoint region: ParallelGCFailedAllocation
[4710.763s][info ][gc,start       ] GC(483) Pause Young (Allocation Failure)
[4710.769s][debug][gc,phases      ] GC(483) Scavenge 5.831ms
[4710.769s][debug][gc,ref         ] GC(483) Skipped phase1 of Reference Processing due to unavailable references
[4710.769s][debug][gc,ref         ] GC(483) Skipped phase2 of Reference Processing due to unavailable references
[4710.769s][debug][gc,ref         ] GC(483) Skipped phase3 of Reference Processing due to unavailable references
[4710.769s][debug][gc,phases      ] GC(483) Reference Processing 0.029ms
[4710.769s][debug][gc,phases      ] GC(483) Weak Processing 0.136ms
[4710.770s][debug][gc,phases      ] GC(483) Scrub String Table 0.432ms
[4710.770s][debug][gc,age         ] GC(483) Desired survivor size 51380224 bytes, new threshold 15 (max threshold 15)
[4710.770s][info ][gc,heap        ] GC(483) PSYoungGen: 2008864K->13536K(2046976K)
[4710.770s][info ][gc,heap        ] GC(483) ParOldGen: 543147K->544496K(578048K)
[4710.770s][info ][gc,metaspace   ] GC(483) Metaspace: 76986K->76986K(1120256K)
[4710.770s][info ][gc             ] GC(483) Pause Young (Allocation Failure) 2492M->544M(2563M) 6.569ms
[4710.770s][info ][gc,cpu         ] GC(483) User=0.02s Sys=0.00s Real=0.00s
[4710.770s][info ][safepoint      ] Leaving safepoint region
[4710.770s][info ][safepoint      ] Total time for which application threads were stopped: 0.0067536 seconds, Stopping threads took: 0.0000133 seconds
[4711.770s][info ][safepoint      ] Application time: 1.0000834 seconds
[4711.770s][info ][safepoint      ] Entering safepoint region: Cleanup
[4711.770s][info ][safepoint      ] Leaving safepoint region
[4711.770s][info ][safepoint      ] Total time for which application threads were stopped: 0.0000949 seconds, Stopping threads took: 0.0000344 seconds
[4723.520s][info ][safepoint      ] Application time: 11.7494544 seconds
[4723.520s][info ][safepoint      ] Entering safepoint region: ParallelGCFailedAllocation
[4723.520s][info ][gc,start       ] GC(484) Pause Young (Allocation Failure)
[4723.525s][debug][gc,phases      ] GC(484) Scavenge 5.096ms
[4723.525s][debug][gc,ref         ] GC(484) Skipped phase1 of Reference Processing due to unavailable references
[4723.525s][debug][gc,ref         ] GC(484) Skipped phase2 of Reference Processing due to unavailable references
[4723.525s][debug][gc,ref         ] GC(484) Skipped phase3 of Reference Processing due to unavailable references
[4723.525s][debug][gc,phases      ] GC(484) Reference Processing 0.028ms
[4723.525s][debug][gc,phases      ] GC(484) Weak Processing 0.142ms
[4723.525s][debug][gc,phases      ] GC(484) Scrub String Table 0.441ms
[4723.526s][debug][gc,age         ] GC(484) Desired survivor size 50331648 bytes, new threshold 15 (max threshold 15)
[4723.526s][info ][gc,heap        ] GC(484) PSYoungGen: 2009824K->11696K(2046464K)
[4723.526s][info ][gc,heap        ] GC(484) ParOldGen: 544496K->545396K(578048K)
[4723.526s][info ][gc,metaspace   ] GC(484) Metaspace: 76986K->76986K(1120256K)
[4723.526s][info ][gc             ] GC(484) Pause Young (Allocation Failure) 2494M->544M(2563M) 5.835ms
[4723.526s][info ][gc,cpu         ] GC(484) User=0.03s Sys=0.00s Real=0.01s
[4723.526s][info ][safepoint      ] Leaving safepoint region
[4723.526s][info ][safepoint      ] Total time for which application threads were stopped: 0.0060023 seconds, Stopping threads took: 0.0000107 seconds
[4729.526s][info ][safepoint      ] Application time: 6.0004024 seconds
[4729.526s][info ][safepoint      ] Entering safepoint region: Cleanup
[4729.526s][info ][safepoint      ] Leaving safepoint region
[4729.526s][info ][safepoint      ] Total time for which application threads were stopped: 0.0000672 seconds, Stopping threads took: 0.0000122 seconds
[4730.526s][info ][safepoint      ] Application time: 1.0000708 seconds
[4730.526s][info ][safepoint      ] Entering safepoint region: Cleanup
[4730.526s][info ][safepoint      ] Leaving safepoint region
[4730.526s][info ][safepoint      ] Total time for which application threads were stopped: 0.0000637 seconds, Stopping threads took: 0.0000124 seconds
[4736.353s][info ][safepoint      ] Application time: 5.8268531 seconds
[4736.353s][info ][safepoint      ] Entering safepoint region: ParallelGCFailedAllocation
[4736.353s][info ][gc,start       ] GC(485) Pause Young (Allocation Failure)
[4736.358s][debug][gc,phases      ] GC(485) Scavenge 5.095ms
[4736.358s][debug][gc,ref         ] GC(485) Skipped phase1 of Reference Processing due to unavailable references
[4736.358s][debug][gc,ref         ] GC(485) Skipped phase2 of Reference Processing due to unavailable references
[4736.358s][debug][gc,ref         ] GC(485) Skipped phase3 of Reference Processing due to unavailable references
[4736.359s][debug][gc,phases      ] GC(485) Reference Processing 0.028ms
[4736.359s][debug][gc,phases      ] GC(485) Weak Processing 0.137ms
[4736.359s][debug][gc,phases      ] GC(485) Scrub String Table 0.468ms
[4736.359s][debug][gc,age         ] GC(485) Desired survivor size 49807360 bytes, new threshold 15 (max threshold 15)
[4736.359s][info ][gc,heap        ] GC(485) PSYoungGen: 2007984K->10992K(2048512K)
[4736.359s][info ][gc,heap        ] GC(485) ParOldGen: 545396K->546333K(578048K)
[4736.359s][info ][gc,metaspace   ] GC(485) Metaspace: 76986K->76986K(1120256K)
[4736.359s][info ][gc             ] GC(485) Pause Young (Allocation Failure) 2493M->544M(2565M) 5.880ms
[4736.359s][info ][gc,cpu         ] GC(485) User=0.02s Sys=0.00s Real=0.00s
[4736.359s][info ][safepoint      ] Leaving safepoint region
[4736.359s][info ][safepoint      ] Total time for which application threads were stopped: 0.0060446 seconds, Stopping threads took: 0.0000180 seconds
[4738.359s][info ][safepoint      ] Application time: 2.0001566 seconds
[4738.359s][info ][safepoint      ] Entering safepoint region: Cleanup
[4738.360s][info ][safepoint      ] Leaving safepoint region
[4738.360s][info ][safepoint      ] Total time for which application threads were stopped: 0.0001360 seconds, Stopping threads took: 0.0000640 seconds
[4740.360s][info ][safepoint      ] Application time: 2.0001608 seconds
[4740.360s][info ][safepoint      ] Entering safepoint region: Cleanup
[4740.360s][info ][safepoint      ] Leaving safepoint region
[4740.360s][info ][safepoint      ] Total time for which application threads were stopped: 0.0001087 seconds, Stopping threads took: 0.0000419 seconds
[4745.360s][info ][safepoint      ] Application time: 5.0003914 seconds
[4745.360s][info ][safepoint      ] Entering safepoint region: Cleanup
[4745.360s][info ][safepoint      ] Leaving safepoint region
[4745.360s][info ][safepoint      ] Total time for which application threads were stopped: 0.0001098 seconds, Stopping threads took: 0.0000323 seconds
[4748.722s][info ][safepoint      ] Application time: 3.3619325 seconds
[4748.722s][info ][safepoint      ] Entering safepoint region: ParallelGCFailedAllocation
[4748.723s][info ][gc,start       ] GC(486) Pause Young (Allocation Failure)
[4748.728s][debug][gc,phases      ] GC(486) Scavenge 5.162ms
[4748.728s][debug][gc,ref         ] GC(486) Skipped phase1 of Reference Processing due to unavailable references
[4748.728s][debug][gc,ref         ] GC(486) Skipped phase2 of Reference Processing due to unavailable references
[4748.728s][debug][gc,ref         ] GC(486) Skipped phase3 of Reference Processing due to unavailable references
[4748.728s][debug][gc,phases      ] GC(486) Reference Processing 0.040ms
[4748.728s][debug][gc,phases      ] GC(486) Weak Processing 0.180ms
[4748.729s][debug][gc,phases      ] GC(486) Scrub String Table 0.646ms
[4748.729s][debug][gc,age         ] GC(486) Desired survivor size 48758784 bytes, new threshold 15 (max threshold 15)
[4748.729s][info ][gc,heap        ] GC(486) PSYoungGen: 2010352K->11696K(2048000K)
[4748.729s][info ][gc,heap        ] GC(486) ParOldGen: 546333K->547069K(578048K)
[4748.729s][info ][gc,metaspace   ] GC(486) Metaspace: 76986K->76986K(1120256K)
[4748.729s][info ][gc             ] GC(486) Pause Young (Allocation Failure) 2496M->545M(2564M) 6.196ms
[4748.729s][info ][gc,cpu         ] GC(486) User=0.02s Sys=0.00s Real=0.00s
[4748.729s][info ][safepoint      ] Leaving safepoint region
[4748.729s][info ][safepoint      ] Total time for which application threads were stopped: 0.0064109 seconds, Stopping threads took: 0.0000333 seconds
[4751.729s][info ][safepoint      ] Application time: 3.0002088 seconds
[4751.729s][info ][safepoint      ] Entering safepoint region: Cleanup
[4751.729s][info ][safepoint      ] Leaving safepoint region
[4751.729s][info ][safepoint      ] Total time for which application threads were stopped: 0.0000580 seconds, Stopping threads took: 0.0000121 seconds
[4754.729s][info ][safepoint      ] Application time: 3.0001981 seconds
[4754.729s][info ][safepoint      ] Entering safepoint region: Cleanup
[4754.729s][info ][safepoint      ] Leaving safepoint region
[4754.729s][info ][safepoint      ] Total time for which application threads were stopped: 0.0000688 seconds, Stopping threads took: 0.0000120 seconds
[4761.170s][info ][safepoint      ] Application time: 6.4401279 seconds
[4761.170s][info ][safepoint      ] Entering safepoint region: ParallelGCFailedAllocation
[4761.170s][info ][gc,start       ] GC(487) Pause Young (Allocation Failure)
[4761.174s][debug][gc,phases      ] GC(487) Scavenge 4.507ms
[4761.174s][debug][gc,ref         ] GC(487) Skipped phase1 of Reference Processing due to unavailable references
[4761.174s][debug][gc,ref         ] GC(487) Skipped phase2 of Reference Processing due to unavailable references
[4761.174s][debug][gc,ref         ] GC(487) Skipped phase3 of Reference Processing due to unavailable references
[4761.174s][debug][gc,phases      ] GC(487) Reference Processing 0.027ms
[4761.174s][debug][gc,phases      ] GC(487) Weak Processing 0.132ms
[4761.175s][debug][gc,phases      ] GC(487) Scrub String Table 0.404ms
[4761.175s][debug][gc,age         ] GC(487) Desired survivor size 47185920 bytes, new threshold 15 (max threshold 15)
[4761.175s][info ][gc,heap        ] GC(487) PSYoungGen: 2011056K->11600K(2051072K)
[4761.175s][info ][gc,heap        ] GC(487) ParOldGen: 547069K->547517K(578048K)
[4761.175s][info ][gc,metaspace   ] GC(487) Metaspace: 76986K->76986K(1120256K)
[4761.175s][info ][gc             ] GC(487) Pause Young (Allocation Failure) 2498M->546M(2567M) 5.194ms
[4761.175s][info ][gc,cpu         ] GC(487) User=0.02s Sys=0.00s Real=0.01s
[4761.175s][info ][safepoint      ] Leaving safepoint region
[4761.175s][info ][safepoint      ] Total time for which application threads were stopped: 0.0053305 seconds, Stopping threads took: 0.0000110 seconds
[4762.175s][info ][safepoint      ] Application time: 1.0000730 seconds
[4762.175s][info ][safepoint      ] Entering safepoint region: Cleanup
[4762.175s][info ][safepoint      ] Leaving safepoint region
[4762.175s][info ][safepoint      ] Total time for which application threads were stopped: 0.0000729 seconds, Stopping threads took: 0.0000160 seconds
[4765.175s][info ][safepoint      ] Application time: 3.0002029 seconds
[4765.175s][info ][safepoint      ] Entering safepoint region: Cleanup
[4765.175s][info ][safepoint      ] Leaving safepoint region
[4765.175s][info ][safepoint      ] Total time for which application threads were stopped: 0.0000696 seconds, Stopping threads took: 0.0000119 seconds
[4766.176s][info ][safepoint      ] Application time: 1.0000672 seconds
[4766.176s][info ][safepoint      ] Entering safepoint region: Cleanup
[4766.176s][info ][safepoint      ] Leaving safepoint region
[4766.176s][info ][safepoint      ] Total time for which application threads were stopped: 0.0000575 seconds, Stopping threads took: 0.0000121 seconds
[4767.176s][info ][safepoint      ] Application time: 1.0000705 seconds
[4767.176s][info ][safepoint      ] Entering safepoint region: Cleanup
[4767.176s][info ][safepoint      ] Leaving safepoint region
[4767.176s][info ][safepoint      ] Total time for which application threads were stopped: 0.0000614 seconds, Stopping threads took: 0.0000122 seconds
[4768.176s][info ][safepoint      ] Application time: 1.0000638 seconds
[4768.176s][info ][safepoint      ] Entering safepoint region: Cleanup
[4768.176s][info ][safepoint      ] Leaving safepoint region
[4768.176s][info ][safepoint      ] Total time for which application threads were stopped: 0.0000796 seconds, Stopping threads took: 0.0000220 seconds
[4769.176s][info ][safepoint      ] Application time: 1.0000705 seconds
[4769.176s][info ][safepoint      ] Entering safepoint region: Cleanup
[4769.176s][info ][safepoint      ] Leaving safepoint region
[4769.176s][info ][safepoint      ] Total time for which application threads were stopped: 0.0000931 seconds, Stopping threads took: 0.0000426 seconds
[4769.323s][info ][safepoint      ] Application time: 0.1468854 seconds
[4769.323s][info ][safepoint      ] Entering safepoint region: RevokeBias
[4769.323s][info ][safepoint      ] Leaving safepoint region
[4769.323s][info ][safepoint      ] Total time for which application threads were stopped: 0.0003613 seconds, Stopping threads took: 0.0000128 seconds
[4770.324s][info ][safepoint      ] Application time: 1.0000710 seconds
[4770.324s][info ][safepoint      ] Entering safepoint region: Cleanup
[4770.324s][info ][safepoint      ] Leaving safepoint region
[4770.324s][info ][safepoint      ] Total time for which application threads were stopped: 0.0000685 seconds, Stopping threads took: 0.0000209 seconds
[4771.324s][info ][safepoint      ] Application time: 1.0000726 seconds
[4771.324s][info ][safepoint      ] Entering safepoint region: Cleanup
[4771.324s][info ][safepoint      ] Leaving safepoint region
[4771.324s][info ][safepoint      ] Total time for which application threads were stopped: 0.0000611 seconds, Stopping threads took: 0.0000121 seconds
[4772.324s][info ][safepoint      ] Application time: 1.0000712 seconds
[4772.324s][info ][safepoint      ] Entering safepoint region: Cleanup
[4772.324s][info ][safepoint      ] Leaving safepoint region
[4772.324s][info ][safepoint      ] Total time for which application threads were stopped: 0.0001053 seconds, Stopping threads took: 0.0000427 seconds
[4773.324s][info ][safepoint      ] Application time: 1.0000467 seconds
[4773.324s][info ][safepoint      ] Entering safepoint region: Cleanup
[4773.324s][info ][safepoint      ] Leaving safepoint region
[4773.324s][info ][safepoint      ] Total time for which application threads were stopped: 0.0000625 seconds, Stopping threads took: 0.0000158 seconds
[4773.466s][info ][safepoint      ] Application time: 0.1413025 seconds
[4773.466s][info ][safepoint      ] Entering safepoint region: ParallelGCFailedAllocation
[4773.466s][info ][gc,start       ] GC(488) Pause Young (Allocation Failure)
[4773.470s][debug][gc,phases      ] GC(488) Scavenge 4.381ms
[4773.470s][debug][gc,ref         ] GC(488) Skipped phase1 of Reference Processing due to unavailable references
[4773.470s][debug][gc,ref         ] GC(488) Skipped phase2 of Reference Processing due to unavailable references
[4773.470s][debug][gc,ref         ] GC(488) Skipped phase3 of Reference Processing due to unavailable references
[4773.470s][debug][gc,ref         ] GC(488) Skipped phase4 of Reference Processing due to unavailable references
[4773.470s][debug][gc,phases      ] GC(488) Reference Processing 0.027ms
[4773.470s][debug][gc,phases      ] GC(488) Weak Processing 0.127ms
[4773.471s][debug][gc,phases      ] GC(488) Scrub String Table 0.416ms
[4773.471s][debug][gc,age         ] GC(488) Desired survivor size 46137344 bytes, new threshold 15 (max threshold 15)
[4773.471s][info ][gc,heap        ] GC(488) PSYoungGen: 2015056K->11408K(2049536K)
[4773.471s][info ][gc,heap        ] GC(488) ParOldGen: 547517K->547734K(578048K)
[4773.471s][info ][gc,metaspace   ] GC(488) Metaspace: 76987K->76987K(1120256K)
[4773.471s][info ][gc             ] GC(488) Pause Young (Allocation Failure) 2502M->546M(2566M) 5.067ms
[4773.471s][info ][gc,cpu         ] GC(488) User=0.02s Sys=0.00s Real=0.00s
[4773.471s][info ][safepoint      ] Leaving safepoint region
[4773.471s][info ][safepoint      ] Total time for which application threads were stopped: 0.0052279 seconds, Stopping threads took: 0.0000316 seconds
[4774.471s][info ][safepoint      ] Application time: 1.0000814 seconds
[4774.471s][info ][safepoint      ] Entering safepoint region: Cleanup
[4774.471s][info ][safepoint      ] Leaving safepoint region
[4774.471s][info ][safepoint      ] Total time for which application threads were stopped: 0.0000974 seconds, Stopping threads took: 0.0000350 seconds
[4775.471s][info ][safepoint      ] Application time: 1.0000760 seconds
[4775.471s][info ][safepoint      ] Entering safepoint region: Cleanup
[4775.471s][info ][safepoint      ] Leaving safepoint region
[4775.471s][info ][safepoint      ] Total time for which application threads were stopped: 0.0000948 seconds, Stopping threads took: 0.0000428 seconds
[4776.471s][info ][safepoint      ] Application time: 1.0000770 seconds
[4776.471s][info ][safepoint      ] Entering safepoint region: Cleanup
[4776.471s][info ][safepoint      ] Leaving safepoint region
[4776.471s][info ][safepoint      ] Total time for which application threads were stopped: 0.0001076 seconds, Stopping threads took: 0.0000450 seconds
[4777.472s][info ][safepoint      ] Application time: 1.0000705 seconds
[4777.472s][info ][safepoint      ] Entering safepoint region: Cleanup
[4777.472s][info ][safepoint      ] Leaving safepoint region
[4777.472s][info ][safepoint      ] Total time for which application threads were stopped: 0.0000634 seconds, Stopping threads took: 0.0000113 seconds
[4778.472s][info ][safepoint      ] Application time: 1.0000662 seconds
[4778.472s][info ][safepoint      ] Entering safepoint region: Cleanup
[4778.472s][info ][safepoint      ] Leaving safepoint region
[4778.472s][info ][safepoint      ] Total time for which application threads were stopped: 0.0000852 seconds, Stopping threads took: 0.0000347 seconds
[4779.472s][info ][safepoint      ] Application time: 1.0000689 seconds
[4779.472s][info ][safepoint      ] Entering safepoint region: Cleanup
[4779.472s][info ][safepoint      ] Leaving safepoint region
[4779.472s][info ][safepoint      ] Total time for which application threads were stopped: 0.0000597 seconds, Stopping threads took: 0.0000124 seconds
[4780.472s][info ][safepoint      ] Application time: 1.0000653 seconds
[4780.472s][info ][safepoint      ] Entering safepoint region: Cleanup
[4780.472s][info ][safepoint      ] Leaving safepoint region
[4780.472s][info ][safepoint      ] Total time for which application threads were stopped: 0.0000958 seconds, Stopping threads took: 0.0000308 seconds
[4781.472s][info ][safepoint      ] Application time: 1.0000676 seconds
[4781.472s][info ][safepoint      ] Entering safepoint region: Cleanup
[4781.472s][info ][safepoint      ] Leaving safepoint region
[4781.472s][info ][safepoint      ] Total time for which application threads were stopped: 0.0000657 seconds, Stopping threads took: 0.0000113 seconds
[4782.473s][info ][safepoint      ] Application time: 1.0000650 seconds
[4782.473s][info ][safepoint      ] Entering safepoint region: Cleanup
[4782.473s][info ][safepoint      ] Leaving safepoint region
[4782.473s][info ][safepoint      ] Total time for which application threads were stopped: 0.0000684 seconds, Stopping threads took: 0.0000124 seconds
[4783.473s][info ][safepoint      ] Application time: 1.0000757 seconds
[4783.473s][info ][safepoint      ] Entering safepoint region: Cleanup
[4783.473s][info ][safepoint      ] Leaving safepoint region
[4783.473s][info ][safepoint      ] Total time for which application threads were stopped: 0.0000884 seconds, Stopping threads took: 0.0000316 seconds
[4784.473s][info ][safepoint      ] Application time: 1.0000548 seconds
[4784.473s][info ][safepoint      ] Entering safepoint region: Cleanup
[4784.473s][info ][safepoint      ] Leaving safepoint region
[4784.473s][info ][safepoint      ] Total time for which application threads were stopped: 0.0000595 seconds, Stopping threads took: 0.0000119 seconds
[4785.473s][info ][safepoint      ] Application time: 1.0000622 seconds
[4785.473s][info ][safepoint      ] Entering safepoint region: Cleanup
[4785.473s][info ][safepoint      ] Leaving safepoint region
[4785.473s][info ][safepoint      ] Total time for which application threads were stopped: 0.0000712 seconds, Stopping threads took: 0.0000126 seconds
[4785.861s][info ][safepoint      ] Application time: 0.3878625 seconds
[4785.861s][info ][safepoint      ] Entering safepoint region: ParallelGCFailedAllocation
[4785.861s][info ][gc,start       ] GC(489) Pause Young (Allocation Failure)
[4785.866s][debug][gc,phases      ] GC(489) Scavenge 5.208ms
[4785.866s][debug][gc,ref         ] GC(489) Skipped phase1 of Reference Processing due to unavailable references
[4785.866s][debug][gc,ref         ] GC(489) Skipped phase2 of Reference Processing due to unavailable references
[4785.866s][debug][gc,ref         ] GC(489) Skipped phase3 of Reference Processing due to unavailable references
[4785.866s][debug][gc,ref         ] GC(489) Skipped phase4 of Reference Processing due to unavailable references
[4785.866s][debug][gc,phases      ] GC(489) Reference Processing 0.029ms
[4785.867s][debug][gc,phases      ] GC(489) Weak Processing 0.131ms
[4785.867s][debug][gc,phases      ] GC(489) Scrub String Table 0.441ms
[4785.867s][debug][gc,age         ] GC(489) Desired survivor size 44564480 bytes, new threshold 15 (max threshold 15)
[4785.867s][info ][gc,heap        ] GC(489) PSYoungGen: 2014864K->11616K(2053632K)
[4785.867s][info ][gc,heap        ] GC(489) ParOldGen: 547734K->547934K(578048K)
[4785.867s][info ][gc,metaspace   ] GC(489) Metaspace: 76989K->76989K(1120256K)
[4785.867s][info ][gc             ] GC(489) Pause Young (Allocation Failure) 2502M->546M(2570M) 5.952ms
[4785.867s][info ][gc,cpu         ] GC(489) User=0.02s Sys=0.00s Real=0.00s
[4785.867s][info ][safepoint      ] Leaving safepoint region
[4785.867s][info ][safepoint      ] Total time for which application threads were stopped: 0.0060946 seconds, Stopping threads took: 0.0000115 seconds
[4786.867s][info ][safepoint      ] Application time: 1.0000919 seconds
[4786.867s][info ][safepoint      ] Entering safepoint region: Cleanup
[4786.867s][info ][safepoint      ] Leaving safepoint region
[4786.867s][info ][safepoint      ] Total time for which application threads were stopped: 0.0001074 seconds, Stopping threads took: 0.0000375 seconds
[4787.867s][info ][safepoint      ] Application time: 1.0000757 seconds
[4787.868s][info ][safepoint      ] Entering safepoint region: Cleanup
[4787.868s][info ][safepoint      ] Leaving safepoint region
[4787.868s][info ][safepoint      ] Total time for which application threads were stopped: 0.0000843 seconds, Stopping threads took: 0.0000332 seconds
[4788.868s][info ][safepoint      ] Application time: 1.0000855 seconds
[4788.868s][info ][safepoint      ] Entering safepoint region: Cleanup
[4788.868s][info ][safepoint      ] Leaving safepoint region
[4788.868s][info ][safepoint      ] Total time for which application threads were stopped: 0.0001059 seconds, Stopping threads took: 0.0000486 seconds
[4789.868s][info ][safepoint      ] Application time: 1.0000365 seconds
[4789.868s][info ][safepoint      ] Entering safepoint region: Cleanup
[4789.868s][info ][safepoint      ] Leaving safepoint region
[4789.868s][info ][safepoint      ] Total time for which application threads were stopped: 0.0001065 seconds, Stopping threads took: 0.0000508 seconds
[4790.868s][info ][safepoint      ] Application time: 1.0000730 seconds
[4790.868s][info ][safepoint      ] Entering safepoint region: Cleanup
[4790.868s][info ][safepoint      ] Leaving safepoint region
[4790.868s][info ][safepoint      ] Total time for which application threads were stopped: 0.0000939 seconds, Stopping threads took: 0.0000363 seconds
[4791.868s][info ][safepoint      ] Application time: 1.0000537 seconds
[4791.868s][info ][safepoint      ] Entering safepoint region: Cleanup
[4791.868s][info ][safepoint      ] Leaving safepoint region
[4791.868s][info ][safepoint      ] Total time for which application threads were stopped: 0.0000988 seconds, Stopping threads took: 0.0000449 seconds
[4792.869s][info ][safepoint      ] Application time: 1.0000697 seconds
[4792.869s][info ][safepoint      ] Entering safepoint region: Cleanup
[4792.869s][info ][safepoint      ] Leaving safepoint region
[4792.869s][info ][safepoint      ] Total time for which application threads were stopped: 0.0001012 seconds, Stopping threads took: 0.0000506 seconds
[4793.869s][info ][safepoint      ] Application time: 1.0000719 seconds
[4793.869s][info ][safepoint      ] Entering safepoint region: Cleanup
[4793.869s][info ][safepoint      ] Leaving safepoint region
[4793.869s][info ][safepoint      ] Total time for which application threads were stopped: 0.0001089 seconds, Stopping threads took: 0.0000493 seconds
[4794.869s][info ][safepoint      ] Application time: 1.0000717 seconds
[4794.869s][info ][safepoint      ] Entering safepoint region: Cleanup
[4794.869s][info ][safepoint      ] Leaving safepoint region
[4794.869s][info ][safepoint      ] Total time for which application threads were stopped: 0.0001026 seconds, Stopping threads took: 0.0000451 seconds
[4795.869s][info ][safepoint      ] Application time: 1.0000820 seconds
[4795.869s][info ][safepoint      ] Entering safepoint region: Cleanup
[4795.869s][info ][safepoint      ] Leaving safepoint region
[4795.869s][info ][safepoint      ] Total time for which application threads were stopped: 0.0001136 seconds, Stopping threads took: 0.0000535 seconds
[4796.869s][info ][safepoint      ] Application time: 1.0000575 seconds
[4796.869s][info ][safepoint      ] Entering safepoint region: Cleanup
[4796.870s][info ][safepoint      ] Leaving safepoint region
[4796.870s][info ][safepoint      ] Total time for which application threads were stopped: 0.0001102 seconds, Stopping threads took: 0.0000459 seconds
[4797.870s][info ][safepoint      ] Application time: 1.0000589 seconds
[4797.870s][info ][safepoint      ] Entering safepoint region: Cleanup
[4797.870s][info ][safepoint      ] Leaving safepoint region
[4797.870s][info ][safepoint      ] Total time for which application threads were stopped: 0.0001068 seconds, Stopping threads took: 0.0000453 seconds
[4798.166s][info ][safepoint      ] Application time: 0.2966963 seconds
[4798.167s][info ][safepoint      ] Entering safepoint region: ParallelGCFailedAllocation
[4798.167s][info ][gc,start       ] GC(490) Pause Young (Allocation Failure)
[4798.171s][debug][gc,phases      ] GC(490) Scavenge 4.736ms
[4798.171s][debug][gc,ref         ] GC(490) Skipped phase1 of Reference Processing due to unavailable references
[4798.171s][debug][gc,ref         ] GC(490) Skipped phase2 of Reference Processing due to unavailable references
[4798.171s][debug][gc,ref         ] GC(490) Skipped phase3 of Reference Processing due to unavailable references
[4798.171s][debug][gc,ref         ] GC(490) Skipped phase4 of Reference Processing due to unavailable references
[4798.171s][debug][gc,phases      ] GC(490) Reference Processing 0.027ms
[4798.172s][debug][gc,phases      ] GC(490) Weak Processing 0.132ms
[4798.172s][debug][gc,phases      ] GC(490) Scrub String Table 0.438ms
[4798.172s][debug][gc,age         ] GC(490) Desired survivor size 43515904 bytes, new threshold 15 (max threshold 15)
[4798.172s][info ][gc,heap        ] GC(490) PSYoungGen: 2020192K->9296K(2052096K)
[4798.172s][info ][gc,heap        ] GC(490) ParOldGen: 547934K->549843K(578048K)
[4798.172s][info ][gc,metaspace   ] GC(490) Metaspace: 76994K->76994K(1120256K)
[4798.172s][info ][gc             ] GC(490) Pause Young (Allocation Failure) 2507M->546M(2568M) 5.461ms
[4798.172s][info ][gc,cpu         ] GC(490) User=0.02s Sys=0.00s Real=0.00s
[4798.172s][info ][safepoint      ] Leaving safepoint region
[4798.172s][info ][safepoint      ] Total time for which application threads were stopped: 0.0056212 seconds, Stopping threads took: 0.0000131 seconds
[4799.172s][info ][safepoint      ] Application time: 1.0000408 seconds
[4799.172s][info ][safepoint      ] Entering safepoint region: Cleanup
[4799.172s][info ][safepoint      ] Leaving safepoint region
[4799.172s][info ][safepoint      ] Total time for which application threads were stopped: 0.0000893 seconds, Stopping threads took: 0.0000176 seconds
[4799.779s][info ][safepoint      ] Application time: 0.6062893 seconds
[4799.779s][info ][safepoint      ] Entering safepoint region: RevokeBias
[4799.779s][info ][safepoint      ] Leaving safepoint region
[4799.779s][info ][safepoint      ] Total time for which application threads were stopped: 0.0000870 seconds, Stopping threads took: 0.0000086 seconds
[4799.779s][info ][safepoint      ] Application time: 0.0000395 seconds
[4799.779s][info ][safepoint      ] Entering safepoint region: RevokeBias
[4799.779s][info ][safepoint      ] Leaving safepoint region
[4799.779s][info ][safepoint      ] Total time for which application threads were stopped: 0.0000308 seconds, Stopping threads took: 0.0000052 seconds
[4799.779s][info ][safepoint      ] Application time: 0.0000349 seconds
[4799.779s][info ][safepoint      ] Entering safepoint region: RevokeBias
[4799.779s][info ][safepoint      ] Leaving safepoint region
[4799.779s][info ][safepoint      ] Total time for which application threads were stopped: 0.0000232 seconds, Stopping threads took: 0.0000046 seconds
[4799.779s][info ][safepoint      ] Application time: 0.0000284 seconds
[4799.779s][info ][safepoint      ] Entering safepoint region: RevokeBias
[4799.779s][info ][safepoint      ] Leaving safepoint region
[4799.779s][info ][safepoint      ] Total time for which application threads were stopped: 0.0000208 seconds, Stopping threads took: 0.0000035 seconds
[4800.779s][info ][safepoint      ] Application time: 1.0000678 seconds
[4800.779s][info ][safepoint      ] Entering safepoint region: Cleanup
[4800.779s][info ][safepoint      ] Leaving safepoint region
[4800.779s][info ][safepoint      ] Total time for which application threads were stopped: 0.0000640 seconds, Stopping threads took: 0.0000121 seconds
[4801.779s][info ][safepoint      ] Application time: 1.0000660 seconds
[4801.779s][info ][safepoint      ] Entering safepoint region: Cleanup
[4801.779s][info ][safepoint      ] Leaving safepoint region
[4801.779s][info ][safepoint      ] Total time for which application threads were stopped: 0.0000532 seconds, Stopping threads took: 0.0000118 seconds
[4802.779s][info ][safepoint      ] Application time: 1.0000629 seconds
[4802.779s][info ][safepoint      ] Entering safepoint region: Cleanup
[4802.779s][info ][safepoint      ] Leaving safepoint region
[4802.779s][info ][safepoint      ] Total time for which application threads were stopped: 0.0001040 seconds, Stopping threads took: 0.0000323 seconds
[4803.780s][info ][safepoint      ] Application time: 1.0000303 seconds
[4803.780s][info ][safepoint      ] Entering safepoint region: Cleanup
[4803.780s][info ][safepoint      ] Leaving safepoint region
[4803.780s][info ][safepoint      ] Total time for which application threads were stopped: 0.0000633 seconds, Stopping threads took: 0.0000125 seconds
[4804.780s][info ][safepoint      ] Application time: 1.0000806 seconds
[4804.780s][info ][safepoint      ] Entering safepoint region: Cleanup
[4804.780s][info ][safepoint      ] Leaving safepoint region
[4804.780s][info ][safepoint      ] Total time for which application threads were stopped: 0.0000758 seconds, Stopping threads took: 0.0000166 seconds
[4805.780s][info ][safepoint      ] Application time: 1.0000837 seconds
[4805.780s][info ][safepoint      ] Entering safepoint region: Cleanup
[4805.780s][info ][safepoint      ] Leaving safepoint region
[4805.780s][info ][safepoint      ] Total time for which application threads were stopped: 0.0000763 seconds, Stopping threads took: 0.0000166 seconds
[4806.780s][info ][safepoint      ] Application time: 1.0000834 seconds
[4806.780s][info ][safepoint      ] Entering safepoint region: Cleanup
[4806.780s][info ][safepoint      ] Leaving safepoint region
[4806.780s][info ][safepoint      ] Total time for which application threads were stopped: 0.0000691 seconds, Stopping threads took: 0.0000142 seconds
[4807.780s][info ][safepoint      ] Application time: 1.0000724 seconds
[4807.780s][info ][safepoint      ] Entering safepoint region: Cleanup
[4807.780s][info ][safepoint      ] Leaving safepoint region
[4807.780s][info ][safepoint      ] Total time for which application threads were stopped: 0.0000639 seconds, Stopping threads took: 0.0000121 seconds
[4808.780s][info ][safepoint      ] Application time: 1.0000656 seconds
[4808.781s][info ][safepoint      ] Entering safepoint region: Cleanup
[4808.781s][info ][safepoint      ] Leaving safepoint region
[4808.781s][info ][safepoint      ] Total time for which application threads were stopped: 0.0000888 seconds, Stopping threads took: 0.0000414 seconds
[4809.781s][info ][safepoint      ] Application time: 1.0000684 seconds
[4809.781s][info ][safepoint      ] Entering safepoint region: Cleanup
[4809.781s][info ][safepoint      ] Leaving safepoint region
[4809.781s][info ][safepoint      ] Total time for which application threads were stopped: 0.0000598 seconds, Stopping threads took: 0.0000118 seconds
[4810.767s][info ][safepoint      ] Application time: 0.9860955 seconds
[4810.767s][info ][safepoint      ] Entering safepoint region: ParallelGCFailedAllocation
[4810.767s][info ][gc,start       ] GC(491) Pause Young (Allocation Failure)
[4810.772s][debug][gc,phases      ] GC(491) Scavenge 4.621ms
[4810.772s][debug][gc,ref         ] GC(491) Skipped phase1 of Reference Processing due to unavailable references
[4810.772s][debug][gc,ref         ] GC(491) Skipped phase3 of Reference Processing due to unavailable references
[4810.772s][debug][gc,phases      ] GC(491) Reference Processing 0.026ms
[4810.772s][debug][gc,phases      ] GC(491) Weak Processing 0.138ms
[4810.772s][debug][gc,phases      ] GC(491) Scrub String Table 0.452ms
[4810.772s][debug][gc,age         ] GC(491) Desired survivor size 42467328 bytes, new threshold 15 (max threshold 15)
[4810.772s][info ][gc,heap        ] GC(491) PSYoungGen: 2017872K->8848K(2055680K)
[4810.772s][info ][gc,heap        ] GC(491) ParOldGen: 549843K->549979K(578048K)
[4810.772s][info ][gc,metaspace   ] GC(491) Metaspace: 77052K->77052K(1120256K)
[4810.772s][info ][gc             ] GC(491) Pause Young (Allocation Failure) 2507M->545M(2572M) 5.353ms
[4810.772s][info ][gc,cpu         ] GC(491) User=0.01s Sys=0.00s Real=0.01s
[4810.772s][info ][safepoint      ] Leaving safepoint region
[4810.772s][info ][safepoint      ] Total time for which application threads were stopped: 0.0055390 seconds, Stopping threads took: 0.0000347 seconds
[4811.773s][info ][safepoint      ] Application time: 1.0000825 seconds
[4811.773s][info ][safepoint      ] Entering safepoint region: Cleanup
[4811.773s][info ][safepoint      ] Leaving safepoint region
[4811.773s][info ][safepoint      ] Total time for which application threads were stopped: 0.0000580 seconds, Stopping threads took: 0.0000114 seconds
[4812.773s][info ][safepoint      ] Application time: 1.0000706 seconds
[4812.773s][info ][safepoint      ] Entering safepoint region: Cleanup
[4812.773s][info ][safepoint      ] Leaving safepoint region
[4812.773s][info ][safepoint      ] Total time for which application threads were stopped: 0.0000927 seconds, Stopping threads took: 0.0000336 seconds
[4813.773s][info ][safepoint      ] Application time: 1.0000795 seconds
[4813.773s][info ][safepoint      ] Entering safepoint region: Cleanup
[4813.773s][info ][safepoint      ] Leaving safepoint region
[4813.773s][info ][safepoint      ] Total time for which application threads were stopped: 0.0001045 seconds, Stopping threads took: 0.0000471 seconds
[4814.773s][info ][safepoint      ] Application time: 1.0000697 seconds
[4814.773s][info ][safepoint      ] Entering safepoint region: Cleanup
[4814.773s][info ][safepoint      ] Leaving safepoint region
[4814.773s][info ][safepoint      ] Total time for which application threads were stopped: 0.0000573 seconds, Stopping threads took: 0.0000122 seconds
[4815.773s][info ][safepoint      ] Application time: 1.0000710 seconds
[4815.773s][info ][safepoint      ] Entering safepoint region: Cleanup
[4815.773s][info ][safepoint      ] Leaving safepoint region
[4815.773s][info ][safepoint      ] Total time for which application threads were stopped: 0.0000612 seconds, Stopping threads took: 0.0000136 seconds
[4816.774s][info ][safepoint      ] Application time: 1.0000727 seconds
[4816.774s][info ][safepoint      ] Entering safepoint region: Cleanup
[4816.774s][info ][safepoint      ] Leaving safepoint region
[4816.774s][info ][safepoint      ] Total time for which application threads were stopped: 0.0001071 seconds, Stopping threads took: 0.0000353 seconds
[4817.774s][info ][safepoint      ] Application time: 1.0000695 seconds
[4817.774s][info ][safepoint      ] Entering safepoint region: Cleanup
[4817.774s][info ][safepoint      ] Leaving safepoint region
[4817.774s][info ][safepoint      ] Total time for which application threads were stopped: 0.0000724 seconds, Stopping threads took: 0.0000126 seconds
[4818.774s][info ][safepoint      ] Application time: 1.0000706 seconds
[4818.774s][info ][safepoint      ] Entering safepoint region: Cleanup
[4818.774s][info ][safepoint      ] Leaving safepoint region
[4818.774s][info ][safepoint      ] Total time for which application threads were stopped: 0.0000942 seconds, Stopping threads took: 0.0000213 seconds
[4819.774s][info ][safepoint      ] Application time: 1.0000598 seconds
[4819.774s][info ][safepoint      ] Entering safepoint region: Cleanup
[4819.774s][info ][safepoint      ] Leaving safepoint region
[4819.774s][info ][safepoint      ] Total time for which application threads were stopped: 0.0000608 seconds, Stopping threads took: 0.0000117 seconds
[4820.774s][info ][safepoint      ] Application time: 1.0000698 seconds
[4820.774s][info ][safepoint      ] Entering safepoint region: Cleanup
[4820.774s][info ][safepoint      ] Leaving safepoint region
[4820.774s][info ][safepoint      ] Total time for which application threads were stopped: 0.0000628 seconds, Stopping threads took: 0.0000134 seconds
[4821.774s][info ][safepoint      ] Application time: 1.0000622 seconds
[4821.774s][info ][safepoint      ] Entering safepoint region: Cleanup
[4821.775s][info ][safepoint      ] Leaving safepoint region
[4821.775s][info ][safepoint      ] Total time for which application threads were stopped: 0.0000716 seconds, Stopping threads took: 0.0000129 seconds
[4822.775s][info ][safepoint      ] Application time: 1.0000704 seconds
[4822.775s][info ][safepoint      ] Entering safepoint region: Cleanup
[4822.775s][info ][safepoint      ] Leaving safepoint region
[4822.775s][info ][safepoint      ] Total time for which application threads were stopped: 0.0001018 seconds, Stopping threads took: 0.0000465 seconds
[4822.820s][info ][safepoint      ] Application time: 0.0453696 seconds
[4822.820s][info ][safepoint      ] Entering safepoint region: ParallelGCFailedAllocation
[4822.820s][info ][gc,start       ] GC(492) Pause Young (Allocation Failure)
[4822.826s][debug][gc,phases      ] GC(492) Scavenge 5.520ms
[4822.826s][debug][gc,ref         ] GC(492) Skipped phase1 of Reference Processing due to unavailable references
[4822.826s][debug][gc,ref         ] GC(492) Skipped phase3 of Reference Processing due to unavailable references
[4822.826s][debug][gc,phases      ] GC(492) Reference Processing 0.036ms
[4822.826s][debug][gc,phases      ] GC(492) Weak Processing 0.156ms
[4822.827s][debug][gc,phases      ] GC(492) Scrub String Table 0.538ms
[4822.827s][debug][gc,age         ] GC(492) Desired survivor size 41418752 bytes, new threshold 15 (max threshold 15)
[4822.827s][info ][gc,heap        ] GC(492) PSYoungGen: 2022032K->7296K(2054656K)
[4822.827s][info ][gc,heap        ] GC(492) ParOldGen: 549979K->551572K(578048K)
[4822.827s][info ][gc,metaspace   ] GC(492) Metaspace: 77053K->77053K(1120256K)
[4822.827s][info ][gc             ] GC(492) Pause Young (Allocation Failure) 2511M->545M(2571M) 6.411ms
[4822.827s][info ][gc,cpu         ] GC(492) User=0.01s Sys=0.00s Real=0.00s
[4822.827s][info ][safepoint      ] Leaving safepoint region
[4822.827s][info ][safepoint      ] Total time for which application threads were stopped: 0.0066037 seconds, Stopping threads took: 0.0000355 seconds
[4823.827s][info ][safepoint      ] Application time: 1.0000594 seconds
[4823.827s][info ][safepoint      ] Entering safepoint region: Cleanup
[4823.827s][info ][safepoint      ] Leaving safepoint region
[4823.827s][info ][safepoint      ] Total time for which application threads were stopped: 0.0000699 seconds, Stopping threads took: 0.0000211 seconds
[4824.827s][info ][safepoint      ] Application time: 1.0000678 seconds
[4824.827s][info ][safepoint      ] Entering safepoint region: Cleanup
[4824.827s][info ][safepoint      ] Leaving safepoint region
[4824.827s][info ][safepoint      ] Total time for which application threads were stopped: 0.0000589 seconds, Stopping threads took: 0.0000121 seconds
[4825.827s][info ][safepoint      ] Application time: 1.0000270 seconds
[4825.827s][info ][safepoint      ] Entering safepoint region: Cleanup
[4825.827s][info ][safepoint      ] Leaving safepoint region
[4825.827s][info ][safepoint      ] Total time for which application threads were stopped: 0.0000718 seconds, Stopping threads took: 0.0000128 seconds
[4826.827s][info ][safepoint      ] Application time: 1.0000461 seconds
[4826.827s][info ][safepoint      ] Entering safepoint region: Cleanup
[4826.828s][info ][safepoint      ] Leaving safepoint region
[4826.828s][info ][safepoint      ] Total time for which application threads were stopped: 0.0002129 seconds, Stopping threads took: 0.0000439 seconds
[4827.828s][info ][safepoint      ] Application time: 1.0000678 seconds
[4827.828s][info ][safepoint      ] Entering safepoint region: Cleanup
[4827.828s][info ][safepoint      ] Leaving safepoint region
[4827.828s][info ][safepoint      ] Total time for which application threads were stopped: 0.0001327 seconds, Stopping threads took: 0.0000121 seconds
[4828.828s][info ][safepoint      ] Application time: 1.0000796 seconds
[4828.828s][info ][safepoint      ] Entering safepoint region: Cleanup
[4828.828s][info ][safepoint      ] Leaving safepoint region
[4828.828s][info ][safepoint      ] Total time for which application threads were stopped: 0.0001275 seconds, Stopping threads took: 0.0000496 seconds
[4829.828s][info ][safepoint      ] Application time: 1.0000686 seconds
[4829.828s][info ][safepoint      ] Entering safepoint region: Cleanup
[4829.828s][info ][safepoint      ] Leaving safepoint region
[4829.828s][info ][safepoint      ] Total time for which application threads were stopped: 0.0001011 seconds, Stopping threads took: 0.0000137 seconds
[4829.906s][info ][safepoint      ] Application time: 0.0781229 seconds
[4829.907s][info ][safepoint      ] Entering safepoint region: ParallelGCFailedAllocation
[4829.907s][info ][gc,start       ] GC(493) Pause Young (Allocation Failure)
[4829.919s][debug][gc,phases      ] GC(493) Scavenge 12.336ms
[4829.919s][debug][gc,ref         ] GC(493) Skipped phase1 of Reference Processing due to unavailable references
[4829.919s][debug][gc,ref         ] GC(493) Skipped phase3 of Reference Processing due to unavailable references
[4829.919s][debug][gc,phases      ] GC(493) Reference Processing 0.035ms
[4829.919s][debug][gc,phases      ] GC(493) Weak Processing 0.164ms
[4829.920s][debug][gc,phases      ] GC(493) Scrub String Table 0.459ms
[4829.920s][debug][gc,age         ] GC(493) Desired survivor size 45088768 bytes, new threshold 15 (max threshold 15)
[4829.920s][info ][gc,heap        ] GC(493) PSYoungGen: 2020480K->31728K(2049536K)
[4829.920s][info ][gc,heap        ] GC(493) ParOldGen: 551572K->551660K(578048K)
[4829.920s][info ][gc,metaspace   ] GC(493) Metaspace: 77056K->77056K(1120256K)
[4829.920s][info ][gc             ] GC(493) Pause Young (Allocation Failure) 2511M->569M(2566M) 13.109ms
[4829.920s][info ][gc,cpu         ] GC(493) User=0.05s Sys=0.00s Real=0.01s
[4829.920s][info ][safepoint      ] Leaving safepoint region
[4829.920s][info ][safepoint      ] Total time for which application threads were stopped: 0.0133331 seconds, Stopping threads took: 0.0000762 seconds
[4830.920s][info ][safepoint      ] Application time: 1.0000839 seconds
[4830.920s][info ][safepoint      ] Entering safepoint region: Cleanup
[4830.920s][info ][safepoint      ] Leaving safepoint region
[4830.920s][info ][safepoint      ] Total time for which application threads were stopped: 0.0001257 seconds, Stopping threads took: 0.0000348 seconds
[4831.920s][info ][safepoint      ] Application time: 1.0000799 seconds
[4831.920s][info ][safepoint      ] Entering safepoint region: Cleanup
[4831.920s][info ][safepoint      ] Leaving safepoint region
[4831.920s][info ][safepoint      ] Total time for which application threads were stopped: 0.0001151 seconds, Stopping threads took: 0.0000372 seconds
[4832.920s][info ][safepoint      ] Application time: 1.0000696 seconds
[4832.920s][info ][safepoint      ] Entering safepoint region: Cleanup
[4832.920s][info ][safepoint      ] Leaving safepoint region
[4832.920s][info ][safepoint      ] Total time for which application threads were stopped: 0.0001237 seconds, Stopping threads took: 0.0000531 seconds
[4833.921s][info ][safepoint      ] Application time: 1.0000778 seconds
[4833.921s][info ][safepoint      ] Entering safepoint region: Cleanup
[4833.921s][info ][safepoint      ] Leaving safepoint region
[4833.921s][info ][safepoint      ] Total time for which application threads were stopped: 0.0000920 seconds, Stopping threads took: 0.0000294 seconds
[4834.921s][info ][safepoint      ] Application time: 1.0000783 seconds
[4834.921s][info ][safepoint      ] Entering safepoint region: Cleanup
[4834.921s][info ][safepoint      ] Leaving safepoint region
[4834.921s][info ][safepoint      ] Total time for which application threads were stopped: 0.0000943 seconds, Stopping threads took: 0.0000330 seconds
[4835.921s][info ][safepoint      ] Application time: 1.0000804 seconds
[4835.921s][info ][safepoint      ] Entering safepoint region: Cleanup
[4835.921s][info ][safepoint      ] Leaving safepoint region
[4835.921s][info ][safepoint      ] Total time for which application threads were stopped: 0.0000894 seconds, Stopping threads took: 0.0000327 seconds
[4836.921s][info ][safepoint      ] Application time: 1.0000792 seconds
[4836.921s][info ][safepoint      ] Entering safepoint region: Cleanup
[4836.921s][info ][safepoint      ] Leaving safepoint region
[4836.921s][info ][safepoint      ] Total time for which application threads were stopped: 0.0000910 seconds, Stopping threads took: 0.0000296 seconds
[4837.669s][info ][safepoint      ] Application time: 0.7473870 seconds
[4837.669s][info ][safepoint      ] Entering safepoint region: ParallelGCFailedAllocation
[4837.669s][info ][gc,start       ] GC(494) Pause Young (Allocation Failure)
[4837.680s][debug][gc,phases      ] GC(494) Scavenge 10.776ms
[4837.680s][debug][gc,ref         ] GC(494) Skipped phase1 of Reference Processing due to unavailable references
[4837.680s][debug][gc,ref         ] GC(494) Skipped phase3 of Reference Processing due to unavailable references
[4837.680s][debug][gc,phases      ] GC(494) Reference Processing 0.028ms
[4837.680s][debug][gc,phases      ] GC(494) Weak Processing 0.172ms
[4837.680s][debug][gc,phases      ] GC(494) Scrub String Table 0.474ms
[4837.680s][debug][gc,age         ] GC(494) Desired survivor size 47710208 bytes, new threshold 15 (max threshold 15)
[4837.680s][info ][gc,heap        ] GC(494) PSYoungGen: 2040816K->31984K(2041344K)
[4837.680s][info ][gc,heap        ] GC(494) ParOldGen: 551660K->553169K(578048K)
[4837.680s][info ][gc,metaspace   ] GC(494) Metaspace: 77056K->77056K(1120256K)
[4837.680s][info ][gc             ] GC(494) Pause Young (Allocation Failure) 2531M->571M(2558M) 11.586ms
[4837.680s][info ][gc,cpu         ] GC(494) User=0.04s Sys=0.00s Real=0.02s
[4837.680s][info ][safepoint      ] Leaving safepoint region
[4837.680s][info ][safepoint      ] Total time for which application threads were stopped: 0.0117385 seconds, Stopping threads took: 0.0000125 seconds
[4838.681s][info ][safepoint      ] Application time: 1.0000761 seconds
[4838.681s][info ][safepoint      ] Entering safepoint region: Cleanup
[4838.681s][info ][safepoint      ] Leaving safepoint region
[4838.681s][info ][safepoint      ] Total time for which application threads were stopped: 0.0000789 seconds, Stopping threads took: 0.0000135 seconds
[4839.681s][info ][safepoint      ] Application time: 1.0000663 seconds
[4839.681s][info ][safepoint      ] Entering safepoint region: Cleanup
[4839.681s][info ][safepoint      ] Leaving safepoint region
[4839.681s][info ][safepoint      ] Total time for which application threads were stopped: 0.0000766 seconds, Stopping threads took: 0.0000132 seconds
[4840.681s][info ][safepoint      ] Application time: 1.0000789 seconds
[4840.681s][info ][safepoint      ] Entering safepoint region: Cleanup
[4840.681s][info ][safepoint      ] Leaving safepoint region
[4840.681s][info ][safepoint      ] Total time for which application threads were stopped: 0.0000691 seconds, Stopping threads took: 0.0000134 seconds
[4841.681s][info ][safepoint      ] Application time: 1.0000650 seconds
[4841.681s][info ][safepoint      ] Entering safepoint region: Cleanup
[4841.681s][info ][safepoint      ] Leaving safepoint region
[4841.681s][info ][safepoint      ] Total time for which application threads were stopped: 0.0000798 seconds, Stopping threads took: 0.0000133 seconds
[4842.681s][info ][safepoint      ] Application time: 1.0000655 seconds
[4842.681s][info ][safepoint      ] Entering safepoint region: Cleanup
[4842.681s][info ][safepoint      ] Leaving safepoint region
[4842.681s][info ][safepoint      ] Total time for which application threads were stopped: 0.0000695 seconds, Stopping threads took: 0.0000180 seconds
[4843.681s][info ][safepoint      ] Application time: 1.0000735 seconds
[4843.682s][info ][safepoint      ] Entering safepoint region: Cleanup
[4843.682s][info ][safepoint      ] Leaving safepoint region
[4843.682s][info ][safepoint      ] Total time for which application threads were stopped: 0.0000641 seconds, Stopping threads took: 0.0000136 seconds
[4844.682s][info ][safepoint      ] Application time: 1.0000675 seconds
[4844.682s][info ][safepoint      ] Entering safepoint region: Cleanup
[4844.682s][info ][safepoint      ] Leaving safepoint region
[4844.682s][info ][safepoint      ] Total time for which application threads were stopped: 0.0000875 seconds, Stopping threads took: 0.0000153 seconds
[4845.104s][info ][safepoint      ] Application time: 0.4220496 seconds
[4845.104s][info ][safepoint      ] Entering safepoint region: ParallelGCFailedAllocation
[4845.104s][info ][gc,start       ] GC(495) Pause Young (Allocation Failure)
[4845.116s][debug][gc,phases      ] GC(495) Scavenge 11.589ms
[4845.116s][debug][gc,ref         ] GC(495) Skipped phase1 of Reference Processing due to unavailable references
[4845.116s][debug][gc,ref         ] GC(495) Skipped phase3 of Reference Processing due to unavailable references
[4845.116s][debug][gc,phases      ] GC(495) Reference Processing 0.030ms
[4845.116s][debug][gc,phases      ] GC(495) Weak Processing 0.137ms
[4845.116s][debug][gc,phases      ] GC(495) Scrub String Table 0.466ms
[4845.116s][debug][gc,age         ] GC(495) Desired survivor size 50855936 bytes, new threshold 15 (max threshold 15)
[4845.116s][info ][gc,heap        ] GC(495) PSYoungGen: 2041072K->33689K(2044416K)
[4845.116s][info ][gc,heap        ] GC(495) ParOldGen: 553169K->553574K(578048K)
[4845.116s][info ][gc,metaspace   ] GC(495) Metaspace: 77056K->77056K(1120256K)
[4845.116s][info ][gc             ] GC(495) Pause Young (Allocation Failure) 2533M->573M(2561M) 12.350ms
[4845.116s][info ][gc,cpu         ] GC(495) User=0.05s Sys=0.00s Real=0.01s
[4845.116s][info ][safepoint      ] Leaving safepoint region
[4845.116s][info ][safepoint      ] Total time for which application threads were stopped: 0.0125057 seconds, Stopping threads took: 0.0000137 seconds
[4846.116s][info ][safepoint      ] Application time: 1.0000808 seconds
[4846.117s][info ][safepoint      ] Entering safepoint region: Cleanup
[4846.117s][info ][safepoint      ] Leaving safepoint region
[4846.117s][info ][safepoint      ] Total time for which application threads were stopped: 0.0001043 seconds, Stopping threads took: 0.0000345 seconds
[4847.117s][info ][safepoint      ] Application time: 1.0000701 seconds
[4847.117s][info ][safepoint      ] Entering safepoint region: Cleanup
[4847.117s][info ][safepoint      ] Leaving safepoint region
[4847.117s][info ][safepoint      ] Total time for which application threads were stopped: 0.0001199 seconds, Stopping threads took: 0.0000549 seconds
[4848.117s][info ][safepoint      ] Application time: 1.0000730 seconds
[4848.117s][info ][safepoint      ] Entering safepoint region: Cleanup
[4848.117s][info ][safepoint      ] Leaving safepoint region
[4848.117s][info ][safepoint      ] Total time for which application threads were stopped: 0.0001015 seconds, Stopping threads took: 0.0000319 seconds
[4849.117s][info ][safepoint      ] Application time: 1.0000725 seconds
[4849.117s][info ][safepoint      ] Entering safepoint region: Cleanup
[4849.117s][info ][safepoint      ] Leaving safepoint region
[4849.117s][info ][safepoint      ] Total time for which application threads were stopped: 0.0001154 seconds, Stopping threads took: 0.0000335 seconds
[4850.117s][info ][safepoint      ] Application time: 1.0000820 seconds
[4850.117s][info ][safepoint      ] Entering safepoint region: Cleanup
[4850.118s][info ][safepoint      ] Leaving safepoint region
[4850.118s][info ][safepoint      ] Total time for which application threads were stopped: 0.0001204 seconds, Stopping threads took: 0.0000370 seconds
[4851.118s][info ][safepoint      ] Application time: 1.0000781 seconds
[4851.118s][info ][safepoint      ] Entering safepoint region: Cleanup
[4851.118s][info ][safepoint      ] Leaving safepoint region
[4851.118s][info ][safepoint      ] Total time for which application threads were stopped: 0.0001123 seconds, Stopping threads took: 0.0000496 seconds
[4852.118s][info ][safepoint      ] Application time: 1.0000806 seconds
[4852.118s][info ][safepoint      ] Entering safepoint region: Cleanup
[4852.118s][info ][safepoint      ] Leaving safepoint region
[4852.118s][info ][safepoint      ] Total time for which application threads were stopped: 0.0000941 seconds, Stopping threads took: 0.0000352 seconds
[4852.920s][info ][safepoint      ] Application time: 0.8017329 seconds
[4852.920s][info ][safepoint      ] Entering safepoint region: ParallelGCFailedAllocation
[4852.920s][info ][gc,start       ] GC(496) Pause Young (Allocation Failure)
[4852.930s][debug][gc,phases      ] GC(496) Scavenge 10.035ms
[4852.930s][debug][gc,ref         ] GC(496) Skipped phase1 of Reference Processing due to unavailable references
[4852.930s][debug][gc,ref         ] GC(496) Skipped phase3 of Reference Processing due to unavailable references
[4852.930s][debug][gc,phases      ] GC(496) Reference Processing 0.031ms
[4852.930s][debug][gc,phases      ] GC(496) Weak Processing 0.163ms
[4852.931s][debug][gc,phases      ] GC(496) Scrub String Table 0.456ms
[4852.931s][debug][gc,age         ] GC(496) Desired survivor size 52953088 bytes, new threshold 15 (max threshold 15)
[4852.931s][info ][gc,heap        ] GC(496) PSYoungGen: 2031513K->33488K(2031616K)
[4852.931s][info ][gc,heap        ] GC(496) ParOldGen: 553574K->554166K(578048K)
[4852.931s][info ][gc,metaspace   ] GC(496) Metaspace: 77056K->77056K(1120256K)
[4852.931s][info ][gc             ] GC(496) Pause Young (Allocation Failure) 2524M->573M(2548M) 10.816ms
[4852.931s][info ][gc,cpu         ] GC(496) User=0.04s Sys=0.00s Real=0.01s
[4852.931s][info ][safepoint      ] Leaving safepoint region
[4852.931s][info ][safepoint      ] Total time for which application threads were stopped: 0.0109766 seconds, Stopping threads took: 0.0000123 seconds
[4853.931s][info ][safepoint      ] Application time: 1.0000772 seconds
[4853.931s][info ][safepoint      ] Entering safepoint region: Cleanup
[4853.931s][info ][safepoint      ] Leaving safepoint region
[4853.931s][info ][safepoint      ] Total time for which application threads were stopped: 0.0000687 seconds, Stopping threads took: 0.0000128 seconds
[4854.931s][info ][safepoint      ] Application time: 1.0000681 seconds
[4854.931s][info ][safepoint      ] Entering safepoint region: Cleanup
[4854.931s][info ][safepoint      ] Leaving safepoint region
[4854.931s][info ][safepoint      ] Total time for which application threads were stopped: 0.0000695 seconds, Stopping threads took: 0.0000120 seconds
[4855.931s][info ][safepoint      ] Application time: 1.0000305 seconds
[4855.931s][info ][safepoint      ] Entering safepoint region: Cleanup
[4855.931s][info ][safepoint      ] Leaving safepoint region
[4855.931s][info ][safepoint      ] Total time for which application threads were stopped: 0.0000593 seconds, Stopping threads took: 0.0000119 seconds
[4856.931s][info ][safepoint      ] Application time: 1.0000827 seconds
[4856.931s][info ][safepoint      ] Entering safepoint region: Cleanup
[4856.931s][info ][safepoint      ] Leaving safepoint region
[4856.931s][info ][safepoint      ] Total time for which application threads were stopped: 0.0000678 seconds, Stopping threads took: 0.0000129 seconds
[4857.931s][info ][safepoint      ] Application time: 1.0000728 seconds
[4857.932s][info ][safepoint      ] Entering safepoint region: Cleanup
[4857.932s][info ][safepoint      ] Leaving safepoint region
[4857.932s][info ][safepoint      ] Total time for which application threads were stopped: 0.0000725 seconds, Stopping threads took: 0.0000139 seconds
[4858.932s][info ][safepoint      ] Application time: 1.0000633 seconds
[4858.932s][info ][safepoint      ] Entering safepoint region: Cleanup
[4858.932s][info ][safepoint      ] Leaving safepoint region
[4858.932s][info ][safepoint      ] Total time for which application threads were stopped: 0.0000571 seconds, Stopping threads took: 0.0000126 seconds
[4859.932s][info ][safepoint      ] Application time: 1.0000696 seconds
[4859.932s][info ][safepoint      ] Entering safepoint region: Cleanup
[4859.932s][info ][safepoint      ] Leaving safepoint region
[4859.932s][info ][safepoint      ] Total time for which application threads were stopped: 0.0000622 seconds, Stopping threads took: 0.0000133 seconds
[4860.932s][info ][safepoint      ] Application time: 1.0000897 seconds
[4860.932s][info ][safepoint      ] Entering safepoint region: Cleanup
[4860.932s][info ][safepoint      ] Leaving safepoint region
[4860.932s][info ][safepoint      ] Total time for which application threads were stopped: 0.0000678 seconds, Stopping threads took: 0.0000136 seconds
[4861.932s][info ][safepoint      ] Application time: 1.0000719 seconds
[4861.932s][info ][safepoint      ] Entering safepoint region: Cleanup
[4861.932s][info ][safepoint      ] Leaving safepoint region
[4861.932s][info ][safepoint      ] Total time for which application threads were stopped: 0.0000605 seconds, Stopping threads took: 0.0000126 seconds
[4862.932s][info ][safepoint      ] Application time: 1.0000676 seconds
[4862.932s][info ][safepoint      ] Entering safepoint region: Cleanup
[4862.932s][info ][safepoint      ] Leaving safepoint region
[4862.932s][info ][safepoint      ] Total time for which application threads were stopped: 0.0000581 seconds, Stopping threads took: 0.0000127 seconds
[4863.372s][info ][safepoint      ] Application time: 0.4396119 seconds
[4863.372s][info ][safepoint      ] Entering safepoint region: ParallelGCFailedAllocation
[4863.372s][info ][gc,start       ] GC(497) Pause Young (Allocation Failure)
[4863.382s][debug][gc,phases      ] GC(497) Scavenge 9.929ms
[4863.382s][debug][gc,ref         ] GC(497) Skipped phase1 of Reference Processing due to unavailable references
[4863.382s][debug][gc,ref         ] GC(497) Skipped phase3 of Reference Processing due to unavailable references
[4863.382s][debug][gc,phases      ] GC(497) Reference Processing 0.032ms
[4863.382s][debug][gc,phases      ] GC(497) Weak Processing 0.167ms
[4863.383s][debug][gc,phases      ] GC(497) Scrub String Table 0.469ms
[4863.383s][debug][gc,age         ] GC(497) Desired survivor size 54525952 bytes, new threshold 15 (max threshold 15)
[4863.383s][info ][gc,heap        ] GC(497) PSYoungGen: 2031312K->33328K(2042368K)
[4863.383s][info ][gc,heap        ] GC(497) ParOldGen: 554166K->554614K(578048K)
[4863.383s][info ][gc,metaspace   ] GC(497) Metaspace: 77056K->77056K(1120256K)
[4863.383s][info ][gc             ] GC(497) Pause Young (Allocation Failure) 2524M->574M(2559M) 10.740ms
[4863.383s][info ][gc,cpu         ] GC(497) User=0.04s Sys=0.00s Real=0.01s
[4863.383s][info ][safepoint      ] Leaving safepoint region
[4863.383s][info ][safepoint      ] Total time for which application threads were stopped: 0.0109494 seconds, Stopping threads took: 0.0000298 seconds
[4864.383s][info ][safepoint      ] Application time: 1.0000764 seconds
[4864.383s][info ][safepoint      ] Entering safepoint region: Cleanup
[4864.383s][info ][safepoint      ] Leaving safepoint region
[4864.383s][info ][safepoint      ] Total time for which application threads were stopped: 0.0000614 seconds, Stopping threads took: 0.0000131 seconds
[4865.383s][info ][safepoint      ] Application time: 1.0000629 seconds
[4865.383s][info ][safepoint      ] Entering safepoint region: Cleanup
[4865.383s][info ][safepoint      ] Leaving safepoint region
[4865.383s][info ][safepoint      ] Total time for which application threads were stopped: 0.0000871 seconds, Stopping threads took: 0.0000122 seconds
[4866.383s][info ][safepoint      ] Application time: 1.0000662 seconds
[4866.384s][info ][safepoint      ] Entering safepoint region: Cleanup
[4866.384s][info ][safepoint      ] Leaving safepoint region
[4866.384s][info ][safepoint      ] Total time for which application threads were stopped: 0.0000640 seconds, Stopping threads took: 0.0000133 seconds
[4867.384s][info ][safepoint      ] Application time: 1.0000723 seconds
[4867.384s][info ][safepoint      ] Entering safepoint region: Cleanup
[4867.384s][info ][safepoint      ] Leaving safepoint region
[4867.384s][info ][safepoint      ] Total time for which application threads were stopped: 0.0000633 seconds, Stopping threads took: 0.0000145 seconds
[4868.384s][info ][safepoint      ] Application time: 1.0000781 seconds
[4868.384s][info ][safepoint      ] Entering safepoint region: Cleanup
[4868.384s][info ][safepoint      ] Leaving safepoint region
[4868.384s][info ][safepoint      ] Total time for which application threads were stopped: 0.0000654 seconds, Stopping threads took: 0.0000151 seconds
[4869.384s][info ][safepoint      ] Application time: 1.0000814 seconds
[4869.384s][info ][safepoint      ] Entering safepoint region: Cleanup
[4869.384s][info ][safepoint      ] Leaving safepoint region
[4869.384s][info ][safepoint      ] Total time for which application threads were stopped: 0.0000838 seconds, Stopping threads took: 0.0000133 seconds
[4870.384s][info ][safepoint      ] Application time: 1.0000651 seconds
[4870.384s][info ][safepoint      ] Entering safepoint region: Cleanup
[4870.384s][info ][safepoint      ] Leaving safepoint region
[4870.384s][info ][safepoint      ] Total time for which application threads were stopped: 0.0000723 seconds, Stopping threads took: 0.0000140 seconds
[4871.384s][info ][safepoint      ] Application time: 1.0000664 seconds
[4871.384s][info ][safepoint      ] Entering safepoint region: Cleanup
[4871.385s][info ][safepoint      ] Leaving safepoint region
[4871.385s][info ][safepoint      ] Total time for which application threads were stopped: 0.0000644 seconds, Stopping threads took: 0.0000141 seconds
[4872.385s][info ][safepoint      ] Application time: 1.0000663 seconds
[4872.385s][info ][safepoint      ] Entering safepoint region: Cleanup
[4872.385s][info ][safepoint      ] Leaving safepoint region
[4872.385s][info ][safepoint      ] Total time for which application threads were stopped: 0.0000751 seconds, Stopping threads took: 0.0000143 seconds
[4873.385s][info ][safepoint      ] Application time: 1.0000642 seconds
[4873.385s][info ][safepoint      ] Entering safepoint region: Cleanup
[4873.385s][info ][safepoint      ] Leaving safepoint region
[4873.385s][info ][safepoint      ] Total time for which application threads were stopped: 0.0000662 seconds, Stopping threads took: 0.0000141 seconds
[4873.909s][info ][safepoint      ] Application time: 0.5242323 seconds
[4873.909s][info ][safepoint      ] Entering safepoint region: ParallelGCFailedAllocation
[4873.909s][info ][gc,start       ] GC(498) Pause Young (Allocation Failure)
[4873.919s][debug][gc,phases      ] GC(498) Scavenge 10.042ms
[4873.919s][debug][gc,ref         ] GC(498) Skipped phase1 of Reference Processing due to unavailable references
[4873.919s][debug][gc,ref         ] GC(498) Skipped phase3 of Reference Processing due to unavailable references
[4873.919s][debug][gc,phases      ] GC(498) Reference Processing 0.029ms
[4873.920s][debug][gc,phases      ] GC(498) Weak Processing 0.160ms
[4873.920s][debug][gc,phases      ] GC(498) Scrub String Table 0.447ms
[4873.920s][debug][gc,age         ] GC(498) Desired survivor size 55574528 bytes, new threshold 15 (max threshold 15)
[4873.920s][info ][gc,heap        ] GC(498) PSYoungGen: 2023984K->33168K(2023936K)
[4873.920s][info ][gc,heap        ] GC(498) ParOldGen: 554614K->554754K(578048K)
[4873.920s][info ][gc,metaspace   ] GC(498) Metaspace: 77056K->77056K(1120256K)
[4873.920s][info ][gc             ] GC(498) Pause Young (Allocation Failure) 2518M->574M(2541M) 10.844ms
[4873.920s][info ][gc,cpu         ] GC(498) User=0.03s Sys=0.00s Real=0.01s
[4873.920s][info ][safepoint      ] Leaving safepoint region
[4873.920s][info ][safepoint      ] Total time for which application threads were stopped: 0.0110255 seconds, Stopping threads took: 0.0000131 seconds
[4874.920s][info ][safepoint      ] Application time: 1.0000939 seconds
[4874.920s][info ][safepoint      ] Entering safepoint region: Cleanup
[4874.920s][info ][safepoint      ] Leaving safepoint region
[4874.920s][info ][safepoint      ] Total time for which application threads were stopped: 0.0000870 seconds, Stopping threads took: 0.0000321 seconds
[4875.920s][info ][safepoint      ] Application time: 1.0000760 seconds
[4875.921s][info ][safepoint      ] Entering safepoint region: Cleanup
[4875.921s][info ][safepoint      ] Leaving safepoint region
[4875.921s][info ][safepoint      ] Total time for which application threads were stopped: 0.0000988 seconds, Stopping threads took: 0.0000449 seconds
[4876.636s][info ][safepoint      ] Application time: 0.7148883 seconds
[4876.636s][info ][safepoint      ] Entering safepoint region: RevokeBias
[4876.636s][info ][safepoint      ] Leaving safepoint region
[4876.636s][info ][safepoint      ] Total time for which application threads were stopped: 0.0000947 seconds, Stopping threads took: 0.0000132 seconds
[4876.953s][info ][safepoint      ] Application time: 0.3171681 seconds
[4876.953s][info ][safepoint      ] Entering safepoint region: RevokeBias
[4876.953s][info ][safepoint      ] Leaving safepoint region
[4876.953s][info ][safepoint      ] Total time for which application threads were stopped: 0.0001211 seconds, Stopping threads took: 0.0000505 seconds
[4877.953s][info ][safepoint      ] Application time: 1.0000804 seconds
[4877.953s][info ][safepoint      ] Entering safepoint region: Cleanup
[4877.953s][info ][safepoint      ] Leaving safepoint region
[4877.953s][info ][safepoint      ] Total time for which application threads were stopped: 0.0001121 seconds, Stopping threads took: 0.0000530 seconds
[4878.953s][info ][safepoint      ] Application time: 1.0000677 seconds
[4878.953s][info ][safepoint      ] Entering safepoint region: Cleanup
[4878.953s][info ][safepoint      ] Leaving safepoint region
[4878.953s][info ][safepoint      ] Total time for which application threads were stopped: 0.0001293 seconds, Stopping threads took: 0.0000605 seconds
[4879.954s][info ][safepoint      ] Application time: 1.0000844 seconds
[4879.954s][info ][safepoint      ] Entering safepoint region: Cleanup
[4879.954s][info ][safepoint      ] Leaving safepoint region
[4879.954s][info ][safepoint      ] Total time for which application threads were stopped: 0.0001042 seconds, Stopping threads took: 0.0000385 seconds
[4880.954s][info ][safepoint      ] Application time: 1.0000783 seconds
[4880.954s][info ][safepoint      ] Entering safepoint region: Cleanup
[4880.954s][info ][safepoint      ] Leaving safepoint region
[4880.954s][info ][safepoint      ] Total time for which application threads were stopped: 0.0001643 seconds, Stopping threads took: 0.0000848 seconds
[4881.954s][info ][safepoint      ] Application time: 1.0000810 seconds
[4881.954s][info ][safepoint      ] Entering safepoint region: Cleanup
[4881.954s][info ][safepoint      ] Leaving safepoint region
[4881.954s][info ][safepoint      ] Total time for which application threads were stopped: 0.0001095 seconds, Stopping threads took: 0.0000356 seconds
[4882.954s][info ][safepoint      ] Application time: 1.0000796 seconds
[4882.954s][info ][safepoint      ] Entering safepoint region: Cleanup
[4882.954s][info ][safepoint      ] Leaving safepoint region
[4882.954s][info ][safepoint      ] Total time for which application threads were stopped: 0.0001179 seconds, Stopping threads took: 0.0000373 seconds
[4883.955s][info ][safepoint      ] Application time: 1.0000776 seconds
[4883.955s][info ][safepoint      ] Entering safepoint region: Cleanup
[4883.955s][info ][safepoint      ] Leaving safepoint region
[4883.955s][info ][safepoint      ] Total time for which application threads were stopped: 0.0001177 seconds, Stopping threads took: 0.0000505 seconds
[4884.471s][info ][safepoint      ] Application time: 0.5159624 seconds
[4884.471s][info ][safepoint      ] Entering safepoint region: ParallelGCFailedAllocation
[4884.471s][info ][gc,start       ] GC(499) Pause Young (Allocation Failure)
[4884.481s][debug][gc,phases      ] GC(499) Scavenge 10.480ms
[4884.481s][debug][gc,ref         ] GC(499) Skipped phase1 of Reference Processing due to unavailable references
[4884.481s][debug][gc,ref         ] GC(499) Skipped phase3 of Reference Processing due to unavailable references
[4884.481s][debug][gc,phases      ] GC(499) Reference Processing 0.029ms
[4884.482s][debug][gc,phases      ] GC(499) Weak Processing 0.149ms
[4884.482s][debug][gc,phases      ] GC(499) Scrub String Table 0.415ms
[4884.482s][debug][gc,age         ] GC(499) Desired survivor size 56098816 bytes, new threshold 15 (max threshold 15)
[4884.482s][info ][gc,heap        ] GC(499) PSYoungGen: 2023824K->33344K(2041856K)
[4884.482s][info ][gc,heap        ] GC(499) ParOldGen: 554754K->554786K(578048K)
[4884.482s][info ][gc,metaspace   ] GC(499) Metaspace: 77058K->77058K(1120256K)
[4884.482s][info ][gc             ] GC(499) Pause Young (Allocation Failure) 2518M->574M(2558M) 11.203ms
[4884.482s][info ][gc,cpu         ] GC(499) User=0.04s Sys=0.00s Real=0.02s
[4884.482s][info ][safepoint      ] Leaving safepoint region
[4884.482s][info ][safepoint      ] Total time for which application threads were stopped: 0.0113741 seconds, Stopping threads took: 0.0000321 seconds
[4885.482s][info ][safepoint      ] Application time: 1.0000797 seconds
[4885.482s][info ][safepoint      ] Entering safepoint region: Cleanup
[4885.482s][info ][safepoint      ] Leaving safepoint region
[4885.482s][info ][safepoint      ] Total time for which application threads were stopped: 0.0000597 seconds, Stopping threads took: 0.0000125 seconds
[4886.482s][info ][safepoint      ] Application time: 1.0000711 seconds
[4886.482s][info ][safepoint      ] Entering safepoint region: Cleanup
[4886.482s][info ][safepoint      ] Leaving safepoint region
[4886.482s][info ][safepoint      ] Total time for which application threads were stopped: 0.0000603 seconds, Stopping threads took: 0.0000118 seconds
[4887.483s][info ][safepoint      ] Application time: 1.0000705 seconds
[4887.483s][info ][safepoint      ] Entering safepoint region: Cleanup
[4887.483s][info ][safepoint      ] Leaving safepoint region
[4887.483s][info ][safepoint      ] Total time for which application threads were stopped: 0.0000579 seconds, Stopping threads took: 0.0000112 seconds
[4888.483s][info ][safepoint      ] Application time: 1.0000490 seconds
[4888.483s][info ][safepoint      ] Entering safepoint region: Cleanup
[4888.483s][info ][safepoint      ] Leaving safepoint region
[4888.483s][info ][safepoint      ] Total time for which application threads were stopped: 0.0000613 seconds, Stopping threads took: 0.0000131 seconds
[4889.483s][info ][safepoint      ] Application time: 1.0000631 seconds
[4889.483s][info ][safepoint      ] Entering safepoint region: Cleanup
[4889.483s][info ][safepoint      ] Leaving safepoint region
[4889.483s][info ][safepoint      ] Total time for which application threads were stopped: 0.0000583 seconds, Stopping threads took: 0.0000131 seconds
[4890.483s][info ][safepoint      ] Application time: 1.0000760 seconds
[4890.483s][info ][safepoint      ] Entering safepoint region: Cleanup
[4890.483s][info ][safepoint      ] Leaving safepoint region
[4890.483s][info ][safepoint      ] Total time for which application threads were stopped: 0.0000739 seconds, Stopping threads took: 0.0000173 seconds
[4891.483s][info ][safepoint      ] Application time: 1.0000858 seconds
[4891.483s][info ][safepoint      ] Entering safepoint region: Cleanup
[4891.483s][info ][safepoint      ] Leaving safepoint region
[4891.483s][info ][safepoint      ] Total time for which application threads were stopped: 0.0000943 seconds, Stopping threads took: 0.0000345 seconds
[4892.406s][info ][safepoint      ] Application time: 0.9228121 seconds
[4892.406s][info ][safepoint      ] Entering safepoint region: ParallelGCFailedAllocation
[4892.406s][info ][gc,start       ] GC(500) Pause Young (Allocation Failure)
[4892.418s][debug][gc,phases      ] GC(500) Scavenge 11.273ms
[4892.418s][debug][gc,ref         ] GC(500) Skipped phase1 of Reference Processing due to unavailable references
[4892.418s][debug][gc,ref         ] GC(500) Skipped phase3 of Reference Processing due to unavailable references
[4892.418s][debug][gc,phases      ] GC(500) Reference Processing 0.029ms
[4892.418s][debug][gc,phases      ] GC(500) Weak Processing 0.146ms
[4892.418s][debug][gc,phases      ] GC(500) Scrub String Table 0.426ms
[4892.418s][debug][gc,age         ] GC(500) Desired survivor size 56623104 bytes, new threshold 15 (max threshold 15)
[4892.418s][info ][gc,heap        ] GC(500) PSYoungGen: 2020928K->34096K(2021888K)
[4892.418s][info ][gc,heap        ] GC(500) ParOldGen: 554786K->555135K(578048K)
[4892.418s][info ][gc,metaspace   ] GC(500) Metaspace: 77059K->77059K(1120256K)
[4892.418s][info ][gc             ] GC(500) Pause Young (Allocation Failure) 2515M->575M(2539M) 12.003ms
[4892.418s][info ][gc,cpu         ] GC(500) User=0.04s Sys=0.00s Real=0.01s
[4892.418s][info ][safepoint      ] Leaving safepoint region
[4892.419s][info ][safepoint      ] Total time for which application threads were stopped: 0.0123431 seconds, Stopping threads took: 0.0000408 seconds
[4893.419s][info ][safepoint      ] Application time: 1.0000879 seconds
[4893.419s][info ][safepoint      ] Entering safepoint region: Cleanup
[4893.419s][info ][safepoint      ] Leaving safepoint region
[4893.419s][info ][safepoint      ] Total time for which application threads were stopped: 0.0001117 seconds, Stopping threads took: 0.0000393 seconds
[4894.419s][info ][safepoint      ] Application time: 1.0000860 seconds
[4894.419s][info ][safepoint      ] Entering safepoint region: Cleanup
[4894.419s][info ][safepoint      ] Leaving safepoint region
[4894.419s][info ][safepoint      ] Total time for which application threads were stopped: 0.0001014 seconds, Stopping threads took: 0.0000368 seconds
[4895.419s][info ][safepoint      ] Application time: 1.0000702 seconds
[4895.419s][info ][safepoint      ] Entering safepoint region: Cleanup
[4895.419s][info ][safepoint      ] Leaving safepoint region
[4895.419s][info ][safepoint      ] Total time for which application threads were stopped: 0.0000849 seconds, Stopping threads took: 0.0000356 seconds
[4896.419s][info ][safepoint      ] Application time: 1.0000699 seconds
[4896.419s][info ][safepoint      ] Entering safepoint region: Cleanup
[4896.419s][info ][safepoint      ] Leaving safepoint region
[4896.419s][info ][safepoint      ] Total time for which application threads were stopped: 0.0001111 seconds, Stopping threads took: 0.0000493 seconds
[4897.419s][info ][safepoint      ] Application time: 1.0000405 seconds
[4897.420s][info ][safepoint      ] Entering safepoint region: Cleanup
[4897.420s][info ][safepoint      ] Leaving safepoint region
[4897.420s][info ][safepoint      ] Total time for which application threads were stopped: 0.0000829 seconds, Stopping threads took: 0.0000322 seconds
[4898.420s][info ][safepoint      ] Application time: 1.0000686 seconds
[4898.420s][info ][safepoint      ] Entering safepoint region: Cleanup
[4898.420s][info ][safepoint      ] Leaving safepoint region
[4898.420s][info ][safepoint      ] Total time for which application threads were stopped: 0.0000908 seconds, Stopping threads took: 0.0000378 seconds
[4899.420s][info ][safepoint      ] Application time: 1.0000703 seconds
[4899.420s][info ][safepoint      ] Entering safepoint region: Cleanup
[4899.420s][info ][safepoint      ] Leaving safepoint region
[4899.420s][info ][safepoint      ] Total time for which application threads were stopped: 0.0000831 seconds, Stopping threads took: 0.0000310 seconds
[4900.420s][info ][safepoint      ] Application time: 1.0000818 seconds
[4900.420s][info ][safepoint      ] Entering safepoint region: Cleanup
[4900.420s][info ][safepoint      ] Leaving safepoint region
[4900.420s][info ][safepoint      ] Total time for which application threads were stopped: 0.0000808 seconds, Stopping threads took: 0.0000318 seconds
[4901.312s][info ][safepoint      ] Application time: 0.8914809 seconds
[4901.312s][info ][safepoint      ] Entering safepoint region: ParallelGCFailedAllocation
[4901.312s][info ][gc,start       ] GC(501) Pause Young (Allocation Failure)
[4901.324s][debug][gc,phases      ] GC(501) Scavenge 11.952ms
[4901.324s][debug][gc,ref         ] GC(501) Skipped phase1 of Reference Processing due to unavailable references
[4901.324s][debug][gc,ref         ] GC(501) Skipped phase3 of Reference Processing due to unavailable references
[4901.324s][debug][gc,phases      ] GC(501) Reference Processing 0.033ms
[4901.324s][debug][gc,phases      ] GC(501) Weak Processing 0.176ms
[4901.325s][debug][gc,phases      ] GC(501) Scrub String Table 0.455ms
[4901.325s][debug][gc,age         ] GC(501) Desired survivor size 57671680 bytes, new threshold 15 (max threshold 15)
[4901.325s][info ][gc,heap        ] GC(501) PSYoungGen: 2021680K->36432K(2039808K)
[4901.325s][info ][gc,heap        ] GC(501) ParOldGen: 555135K->556992K(578048K)
[4901.325s][info ][gc,metaspace   ] GC(501) Metaspace: 77059K->77059K(1120256K)
[4901.325s][info ][gc             ] GC(501) Pause Young (Allocation Failure) 2516M->579M(2556M) 12.754ms
[4901.325s][info ][gc,cpu         ] GC(501) User=0.05s Sys=0.00s Real=0.02s
[4901.325s][info ][safepoint      ] Leaving safepoint region
[4901.325s][info ][safepoint      ] Total time for which application threads were stopped: 0.0129145 seconds, Stopping threads took: 0.0000109 seconds
[4902.325s][info ][safepoint      ] Application time: 1.0000780 seconds
[4902.325s][info ][safepoint      ] Entering safepoint region: Cleanup
[4902.325s][info ][safepoint      ] Leaving safepoint region
[4902.325s][info ][safepoint      ] Total time for which application threads were stopped: 0.0000823 seconds, Stopping threads took: 0.0000290 seconds
[4903.325s][info ][safepoint      ] Application time: 1.0000746 seconds
[4903.325s][info ][safepoint      ] Entering safepoint region: Cleanup
[4903.325s][info ][safepoint      ] Leaving safepoint region
[4903.325s][info ][safepoint      ] Total time for which application threads were stopped: 0.0001105 seconds, Stopping threads took: 0.0000343 seconds
[4904.325s][info ][safepoint      ] Application time: 1.0000715 seconds
[4904.325s][info ][safepoint      ] Entering safepoint region: Cleanup
[4904.325s][info ][safepoint      ] Leaving safepoint region
[4904.325s][info ][safepoint      ] Total time for which application threads were stopped: 0.0000657 seconds, Stopping threads took: 0.0000114 seconds
[4905.325s][info ][safepoint      ] Application time: 1.0000694 seconds
[4905.325s][info ][safepoint      ] Entering safepoint region: Cleanup
[4905.325s][info ][safepoint      ] Leaving safepoint region
[4905.325s][info ][safepoint      ] Total time for which application threads were stopped: 0.0000946 seconds, Stopping threads took: 0.0000341 seconds
[4906.326s][info ][safepoint      ] Application time: 1.0000421 seconds
[4906.326s][info ][safepoint      ] Entering safepoint region: Cleanup
[4906.326s][info ][safepoint      ] Leaving safepoint region
[4906.326s][info ][safepoint      ] Total time for which application threads were stopped: 0.0000887 seconds, Stopping threads took: 0.0000326 seconds
[4907.326s][info ][safepoint      ] Application time: 1.0000739 seconds
[4907.326s][info ][safepoint      ] Entering safepoint region: Cleanup
[4907.326s][info ][safepoint      ] Leaving safepoint region
[4907.326s][info ][safepoint      ] Total time for which application threads were stopped: 0.0000569 seconds, Stopping threads took: 0.0000109 seconds
[4908.326s][info ][safepoint      ] Application time: 1.0000635 seconds
[4908.326s][info ][safepoint      ] Entering safepoint region: Cleanup
[4908.326s][info ][safepoint      ] Leaving safepoint region
[4908.326s][info ][safepoint      ] Total time for which application threads were stopped: 0.0001360 seconds, Stopping threads took: 0.0000690 seconds
[4909.326s][info ][safepoint      ] Application time: 1.0000819 seconds
[4909.326s][info ][safepoint      ] Entering safepoint region: Cleanup
[4909.326s][info ][safepoint      ] Leaving safepoint region
[4909.326s][info ][safepoint      ] Total time for which application threads were stopped: 0.0000739 seconds, Stopping threads took: 0.0000155 seconds
[4909.702s][info ][safepoint      ] Application time: 0.3752952 seconds
[4909.702s][info ][safepoint      ] Entering safepoint region: ParallelGCFailedAllocation
[4909.702s][info ][gc,start       ] GC(502) Pause Young (Allocation Failure)
[4909.713s][debug][gc,phases      ] GC(502) Scavenge 11.498ms
[4909.713s][debug][gc,ref         ] GC(502) Skipped phase1 of Reference Processing due to unavailable references
[4909.713s][debug][gc,ref         ] GC(502) Skipped phase3 of Reference Processing due to unavailable references
[4909.713s][debug][gc,phases      ] GC(502) Reference Processing 0.056ms
[4909.714s][debug][gc,phases      ] GC(502) Weak Processing 0.185ms
[4909.714s][debug][gc,phases      ] GC(502) Scrub String Table 0.583ms
[4909.714s][debug][gc,age         ] GC(502) Desired survivor size 58720256 bytes, new threshold 15 (max threshold 15)
[4909.714s][info ][gc,heap        ] GC(502) PSYoungGen: 2020944K->37904K(2022912K)
[4909.714s][info ][gc,heap        ] GC(502) ParOldGen: 556992K->557024K(578048K)
[4909.714s][info ][gc,metaspace   ] GC(502) Metaspace: 77059K->77059K(1120256K)
[4909.714s][info ][gc             ] GC(502) Pause Young (Allocation Failure) 2517M->580M(2540M) 12.481ms
[4909.714s][info ][gc,cpu         ] GC(502) User=0.05s Sys=0.00s Real=0.01s
[4909.714s][info ][safepoint      ] Leaving safepoint region
[4909.714s][info ][safepoint      ] Total time for which application threads were stopped: 0.0126714 seconds, Stopping threads took: 0.0000340 seconds
[4910.714s][info ][safepoint      ] Application time: 1.0000882 seconds
[4910.714s][info ][safepoint      ] Entering safepoint region: Cleanup
[4910.715s][info ][safepoint      ] Leaving safepoint region
[4910.715s][info ][safepoint      ] Total time for which application threads were stopped: 0.0001168 seconds, Stopping threads took: 0.0000392 seconds
[4911.715s][info ][safepoint      ] Application time: 1.0000715 seconds
[4911.715s][info ][safepoint      ] Entering safepoint region: Cleanup
[4911.715s][info ][safepoint      ] Leaving safepoint region
[4911.715s][info ][safepoint      ] Total time for which application threads were stopped: 0.0001176 seconds, Stopping threads took: 0.0000373 seconds
[4912.715s][info ][safepoint      ] Application time: 1.0000838 seconds
[4912.715s][info ][safepoint      ] Entering safepoint region: Cleanup
[4912.715s][info ][safepoint      ] Leaving safepoint region
[4912.715s][info ][safepoint      ] Total time for which application threads were stopped: 0.0001110 seconds, Stopping threads took: 0.0000351 seconds
[4914.715s][info ][safepoint      ] Application time: 2.0001474 seconds
[4914.715s][info ][safepoint      ] Entering safepoint region: Cleanup
[4914.715s][info ][safepoint      ] Leaving safepoint region
[4914.715s][info ][safepoint      ] Total time for which application threads were stopped: 0.0001089 seconds, Stopping threads took: 0.0000335 seconds
[4915.715s][info ][safepoint      ] Application time: 1.0000827 seconds
[4915.715s][info ][safepoint      ] Entering safepoint region: Cleanup
[4915.716s][info ][safepoint      ] Leaving safepoint region
[4915.716s][info ][safepoint      ] Total time for which application threads were stopped: 0.0001146 seconds, Stopping threads took: 0.0000425 seconds
[4917.716s][info ][safepoint      ] Application time: 2.0001382 seconds
[4917.716s][info ][safepoint      ] Entering safepoint region: Cleanup
[4917.716s][info ][safepoint      ] Leaving safepoint region
[4917.716s][info ][safepoint      ] Total time for which application threads were stopped: 0.0001172 seconds, Stopping threads took: 0.0000576 seconds
[4918.716s][info ][safepoint      ] Application time: 1.0001822 seconds
[4918.716s][info ][safepoint      ] Entering safepoint region: Cleanup
[4918.716s][info ][safepoint      ] Leaving safepoint region
[4918.716s][info ][safepoint      ] Total time for which application threads were stopped: 0.0001383 seconds, Stopping threads took: 0.0000659 seconds
[4918.755s][info ][safepoint      ] Application time: 0.0389637 seconds
[4918.755s][info ][safepoint      ] Entering safepoint region: ParallelGCFailedAllocation
[4918.755s][info ][gc,start       ] GC(503) Pause Young (Allocation Failure)
[4918.767s][debug][gc,phases      ] GC(503) Scavenge 11.904ms
[4918.767s][debug][gc,ref         ] GC(503) Skipped phase1 of Reference Processing due to unavailable references
[4918.767s][debug][gc,ref         ] GC(503) Skipped phase3 of Reference Processing due to unavailable references
[4918.767s][debug][gc,phases      ] GC(503) Reference Processing 0.036ms
[4918.768s][debug][gc,phases      ] GC(503) Weak Processing 0.152ms
[4918.768s][debug][gc,phases      ] GC(503) Scrub String Table 0.462ms
[4918.768s][debug][gc,age         ] GC(503) Desired survivor size 59244544 bytes, new threshold 15 (max threshold 15)
[4918.768s][info ][gc,heap        ] GC(503) PSYoungGen: 2022416K->36640K(2038784K)
[4918.768s][info ][gc,heap        ] GC(503) ParOldGen: 557024K->557064K(578048K)
[4918.768s][info ][gc,metaspace   ] GC(503) Metaspace: 77059K->77059K(1120256K)
[4918.768s][info ][gc             ] GC(503) Pause Young (Allocation Failure) 2518M->579M(2555M) 12.718ms
[4918.768s][info ][gc,cpu         ] GC(503) User=0.04s Sys=0.00s Real=0.01s
[4918.768s][info ][safepoint      ] Leaving safepoint region
[4918.768s][info ][safepoint      ] Total time for which application threads were stopped: 0.0129233 seconds, Stopping threads took: 0.0000473 seconds
[4923.769s][info ][safepoint      ] Application time: 5.0005353 seconds
[4923.769s][info ][safepoint      ] Entering safepoint region: Cleanup
[4923.769s][info ][safepoint      ] Leaving safepoint region
[4923.769s][info ][safepoint      ] Total time for which application threads were stopped: 0.0001275 seconds, Stopping threads took: 0.0000491 seconds
[4927.874s][info ][safepoint      ] Application time: 4.1054922 seconds
[4927.874s][info ][safepoint      ] Entering safepoint region: ParallelGCFailedAllocation
[4927.875s][info ][gc,start       ] GC(504) Pause Young (Allocation Failure)
[4927.885s][debug][gc,phases      ] GC(504) Scavenge 10.348ms
[4927.885s][debug][gc,ref         ] GC(504) Skipped phase1 of Reference Processing due to unavailable references
[4927.885s][debug][gc,ref         ] GC(504) Skipped phase3 of Reference Processing due to unavailable references
[4927.885s][debug][gc,phases      ] GC(504) Reference Processing 0.032ms
[4927.885s][debug][gc,phases      ] GC(504) Weak Processing 0.159ms
[4927.886s][debug][gc,phases      ] GC(504) Scrub String Table 0.448ms
[4927.886s][debug][gc,age         ] GC(504) Desired survivor size 59244544 bytes, new threshold 15 (max threshold 15)
[4927.886s][info ][gc,heap        ] GC(504) PSYoungGen: 2018080K->35968K(2039296K)
[4927.886s][info ][gc,heap        ] GC(504) ParOldGen: 557064K->557096K(578048K)
[4927.886s][info ][gc,metaspace   ] GC(504) Metaspace: 77059K->77059K(1120256K)
[4927.886s][info ][gc             ] GC(504) Pause Young (Allocation Failure) 2514M->579M(2556M) 11.137ms
[4927.886s][info ][gc,cpu         ] GC(504) User=0.04s Sys=0.00s Real=0.01s
[4927.886s][info ][safepoint      ] Leaving safepoint region
[4927.886s][info ][safepoint      ] Total time for which application threads were stopped: 0.0113142 seconds, Stopping threads took: 0.0000316 seconds
[4928.886s][info ][safepoint      ] Application time: 1.0000780 seconds
[4928.886s][info ][safepoint      ] Entering safepoint region: Cleanup
[4928.886s][info ][safepoint      ] Leaving safepoint region
[4928.886s][info ][safepoint      ] Total time for which application threads were stopped: 0.0000882 seconds, Stopping threads took: 0.0000141 seconds
[4929.886s][info ][safepoint      ] Application time: 1.0000762 seconds
[4929.888s][info ][safepoint      ] Entering safepoint region: Cleanup
[4929.888s][info ][safepoint      ] Leaving safepoint region
[4929.888s][info ][safepoint      ] Total time for which application threads were stopped: 0.0023961 seconds, Stopping threads took: 0.0022955 seconds
[4934.889s][info ][safepoint      ] Application time: 5.0008236 seconds
[4934.889s][info ][safepoint      ] Entering safepoint region: Cleanup
[4934.890s][info ][safepoint      ] Leaving safepoint region
[4934.890s][info ][safepoint      ] Total time for which application threads were stopped: 0.0001604 seconds, Stopping threads took: 0.0000599 seconds
[4935.890s][info ][safepoint      ] Application time: 1.0000695 seconds
[4935.890s][info ][safepoint      ] Entering safepoint region: Cleanup
[4935.890s][info ][safepoint      ] Leaving safepoint region
[4935.890s][info ][safepoint      ] Total time for which application threads were stopped: 0.0000673 seconds, Stopping threads took: 0.0000132 seconds
[4936.058s][info ][safepoint      ] Application time: 0.1683578 seconds
[4936.058s][info ][safepoint      ] Entering safepoint region: ParallelGCFailedAllocation
[4936.058s][info ][gc,start       ] GC(505) Pause Young (Allocation Failure)
[4936.070s][debug][gc,phases      ] GC(505) Scavenge 11.666ms
[4936.070s][debug][gc,ref         ] GC(505) Skipped phase1 of Reference Processing due to unavailable references
[4936.070s][debug][gc,ref         ] GC(505) Skipped phase3 of Reference Processing due to unavailable references
[4936.070s][debug][gc,phases      ] GC(505) Reference Processing 0.031ms
[4936.070s][debug][gc,phases      ] GC(505) Weak Processing 0.164ms
[4936.071s][debug][gc,phases      ] GC(505) Scrub String Table 0.444ms
[4936.071s][debug][gc,age         ] GC(505) Desired survivor size 58195968 bytes, new threshold 15 (max threshold 15)
[4936.071s][info ][gc,heap        ] GC(505) PSYoungGen: 2017408K->34960K(2040320K)
[4936.071s][info ][gc,heap        ] GC(505) ParOldGen: 557096K->557120K(578048K)
[4936.071s][info ][gc,metaspace   ] GC(505) Metaspace: 77066K->77066K(1120256K)
[4936.071s][info ][gc             ] GC(505) Pause Young (Allocation Failure) 2514M->578M(2557M) 12.451ms
[4936.071s][info ][gc,cpu         ] GC(505) User=0.05s Sys=0.00s Real=0.01s
[4936.071s][info ][safepoint      ] Leaving safepoint region
[4936.071s][info ][safepoint      ] Total time for which application threads were stopped: 0.0126042 seconds, Stopping threads took: 0.0000136 seconds
[4937.071s][info ][safepoint      ] Application time: 1.0000783 seconds
[4937.071s][info ][safepoint      ] Entering safepoint region: Cleanup
[4937.071s][info ][safepoint      ] Leaving safepoint region
[4937.071s][info ][safepoint      ] Total time for which application threads were stopped: 0.0001052 seconds, Stopping threads took: 0.0000450 seconds
[4939.071s][info ][safepoint      ] Application time: 2.0001367 seconds
[4939.071s][info ][safepoint      ] Entering safepoint region: Cleanup
[4939.071s][info ][safepoint      ] Leaving safepoint region
[4939.071s][info ][safepoint      ] Total time for which application threads were stopped: 0.0000933 seconds, Stopping threads took: 0.0000337 seconds
[4941.071s][info ][safepoint      ] Application time: 2.0001451 seconds
[4941.071s][info ][safepoint      ] Entering safepoint region: Cleanup
[4941.071s][info ][safepoint      ] Leaving safepoint region
[4941.071s][info ][safepoint      ] Total time for which application threads were stopped: 0.0000987 seconds, Stopping threads took: 0.0000343 seconds
[4944.122s][info ][safepoint      ] Application time: 3.0509932 seconds
[4944.123s][info ][safepoint      ] Entering safepoint region: ParallelGCFailedAllocation
[4944.123s][info ][gc,start       ] GC(506) Pause Young (Allocation Failure)
[4944.133s][debug][gc,phases      ] GC(506) Scavenge 10.336ms
[4944.133s][debug][gc,ref         ] GC(506) Skipped phase1 of Reference Processing due to unavailable references
[4944.133s][debug][gc,ref         ] GC(506) Skipped phase2 of Reference Processing due to unavailable references
[4944.133s][debug][gc,ref         ] GC(506) Skipped phase3 of Reference Processing due to unavailable references
[4944.133s][debug][gc,phases      ] GC(506) Reference Processing 0.048ms
[4944.133s][debug][gc,phases      ] GC(506) Weak Processing 0.145ms
[4944.134s][debug][gc,phases      ] GC(506) Scrub String Table 0.485ms
[4944.134s][debug][gc,age         ] GC(506) Desired survivor size 56623104 bytes, new threshold 15 (max threshold 15)
[4944.134s][info ][gc,heap        ] GC(506) PSYoungGen: 2017424K->33200K(2039296K)
[4944.134s][info ][gc,heap        ] GC(506) ParOldGen: 557120K->557296K(578048K)
[4944.134s][info ][gc,metaspace   ] GC(506) Metaspace: 77067K->77067K(1120256K)
[4944.134s][info ][gc             ] GC(506) Pause Young (Allocation Failure) 2514M->576M(2556M) 11.151ms
[4944.134s][info ][gc,cpu         ] GC(506) User=0.04s Sys=0.00s Real=0.01s
[4944.134s][info ][safepoint      ] Leaving safepoint region
[4944.134s][info ][safepoint      ] Total time for which application threads were stopped: 0.0113278 seconds, Stopping threads took: 0.0000332 seconds
[4945.134s][info ][safepoint      ] Application time: 1.0000899 seconds
[4945.134s][info ][safepoint      ] Entering safepoint region: Cleanup
[4945.134s][info ][safepoint      ] Leaving safepoint region
[4945.134s][info ][safepoint      ] Total time for which application threads were stopped: 0.0000929 seconds, Stopping threads took: 0.0000179 seconds
[4948.134s][info ][safepoint      ] Application time: 3.0002227 seconds
[4948.134s][info ][safepoint      ] Entering safepoint region: Cleanup
[4948.134s][info ][safepoint      ] Leaving safepoint region
[4948.134s][info ][safepoint      ] Total time for which application threads were stopped: 0.0000658 seconds, Stopping threads took: 0.0000118 seconds
[4951.135s][info ][safepoint      ] Application time: 3.0002152 seconds
[4951.135s][info ][safepoint      ] Entering safepoint region: Cleanup
[4951.135s][info ][safepoint      ] Leaving safepoint region
[4951.135s][info ][safepoint      ] Total time for which application threads were stopped: 0.0000679 seconds, Stopping threads took: 0.0000127 seconds
[4953.532s][info ][safepoint      ] Application time: 2.3970965 seconds
[4953.532s][info ][safepoint      ] Entering safepoint region: ParallelGCFailedAllocation
[4953.532s][info ][gc,start       ] GC(507) Pause Young (Allocation Failure)
[4953.543s][debug][gc,phases      ] GC(507) Scavenge 11.136ms
[4953.543s][debug][gc,ref         ] GC(507) Skipped phase1 of Reference Processing due to unavailable references
[4953.543s][debug][gc,ref         ] GC(507) Skipped phase2 of Reference Processing due to unavailable references
[4953.543s][debug][gc,ref         ] GC(507) Skipped phase3 of Reference Processing due to unavailable references
[4953.543s][debug][gc,phases      ] GC(507) Reference Processing 0.028ms
[4953.543s][debug][gc,phases      ] GC(507) Weak Processing 0.147ms
[4953.544s][debug][gc,phases      ] GC(507) Scrub String Table 0.414ms
[4953.544s][debug][gc,age         ] GC(507) Desired survivor size 55574528 bytes, new threshold 15 (max threshold 15)
[4953.544s][info ][gc,heap        ] GC(507) PSYoungGen: 2015664K->33712K(2042880K)
[4953.544s][info ][gc,heap        ] GC(507) ParOldGen: 557296K->557468K(578048K)
[4953.544s][info ][gc,metaspace   ] GC(507) Metaspace: 77076K->77076K(1120256K)
[4953.544s][info ][gc             ] GC(507) Pause Young (Allocation Failure) 2512M->577M(2559M) 11.858ms
[4953.544s][info ][gc,cpu         ] GC(507) User=0.05s Sys=0.00s Real=0.02s
[4953.544s][info ][safepoint      ] Leaving safepoint region
[4953.544s][info ][safepoint      ] Total time for which application threads were stopped: 0.0120431 seconds, Stopping threads took: 0.0000290 seconds
[4955.544s][info ][safepoint      ] Application time: 2.0001573 seconds
[4955.544s][info ][safepoint      ] Entering safepoint region: Cleanup
[4955.544s][info ][safepoint      ] Leaving safepoint region
[4955.544s][info ][safepoint      ] Total time for which application threads were stopped: 0.0001049 seconds, Stopping threads took: 0.0000132 seconds
[4956.544s][info ][safepoint      ] Application time: 1.0000730 seconds
[4956.544s][info ][safepoint      ] Entering safepoint region: Cleanup
[4956.544s][info ][safepoint      ] Leaving safepoint region
[4956.544s][info ][safepoint      ] Total time for which application threads were stopped: 0.0000688 seconds, Stopping threads took: 0.0000137 seconds
[4957.544s][info ][safepoint      ] Application time: 1.0000295 seconds
[4957.544s][info ][safepoint      ] Entering safepoint region: Cleanup
[4957.545s][info ][safepoint      ] Leaving safepoint region
[4957.545s][info ][safepoint      ] Total time for which application threads were stopped: 0.0000707 seconds, Stopping threads took: 0.0000126 seconds
[4958.545s][info ][safepoint      ] Application time: 1.0000649 seconds
[4958.545s][info ][safepoint      ] Entering safepoint region: Cleanup
[4958.545s][info ][safepoint      ] Leaving safepoint region
[4958.545s][info ][safepoint      ] Total time for which application threads were stopped: 0.0000633 seconds, Stopping threads took: 0.0000115 seconds
[4960.545s][info ][safepoint      ] Application time: 2.0001319 seconds
[4960.545s][info ][safepoint      ] Entering safepoint region: Cleanup
[4960.545s][info ][safepoint      ] Leaving safepoint region
[4960.545s][info ][safepoint      ] Total time for which application threads were stopped: 0.0000696 seconds, Stopping threads took: 0.0000124 seconds
[4962.972s][info ][safepoint      ] Application time: 2.4275379 seconds
[4962.973s][info ][safepoint      ] Entering safepoint region: ParallelGCFailedAllocation
[4962.973s][info ][gc,start       ] GC(508) Pause Young (Allocation Failure)
[4962.982s][debug][gc,phases      ] GC(508) Scavenge 9.438ms
[4962.982s][debug][gc,ref         ] GC(508) Skipped phase1 of Reference Processing due to unavailable references
[4962.982s][debug][gc,ref         ] GC(508) Skipped phase2 of Reference Processing due to unavailable references
[4962.982s][debug][gc,ref         ] GC(508) Skipped phase3 of Reference Processing due to unavailable references
[4962.982s][debug][gc,phases      ] GC(508) Reference Processing 0.029ms
[4962.982s][debug][gc,phases      ] GC(508) Weak Processing 0.156ms
[4962.983s][debug][gc,phases      ] GC(508) Scrub String Table 0.470ms
[4962.983s][debug][gc,age         ] GC(508) Desired survivor size 53477376 bytes, new threshold 15 (max threshold 15)
[4962.983s][info ][gc,heap        ] GC(508) PSYoungGen: 2021296K->31472K(2041856K)
[4962.983s][info ][gc,heap        ] GC(508) ParOldGen: 557468K->558816K(578048K)
[4962.983s][info ][gc,metaspace   ] GC(508) Metaspace: 77076K->77076K(1120256K)
[4962.983s][info ][gc             ] GC(508) Pause Young (Allocation Failure) 2518M->576M(2558M) 10.241ms
[4962.983s][info ][gc,cpu         ] GC(508) User=0.04s Sys=0.00s Real=0.01s
[4962.983s][info ][safepoint      ] Leaving safepoint region
[4962.983s][info ][safepoint      ] Total time for which application threads were stopped: 0.0104117 seconds, Stopping threads took: 0.0000336 seconds
[4963.983s][info ][safepoint      ] Application time: 1.0000773 seconds
[4963.983s][info ][safepoint      ] Entering safepoint region: Cleanup
[4963.983s][info ][safepoint      ] Leaving safepoint region
[4963.983s][info ][safepoint      ] Total time for which application threads were stopped: 0.0000704 seconds, Stopping threads took: 0.0000131 seconds
[4964.983s][info ][safepoint      ] Application time: 1.0000773 seconds
[4964.983s][info ][safepoint      ] Entering safepoint region: Cleanup
[4964.983s][info ][safepoint      ] Leaving safepoint region
[4964.983s][info ][safepoint      ] Total time for which application threads were stopped: 0.0000736 seconds, Stopping threads took: 0.0000131 seconds
[4967.983s][info ][safepoint      ] Application time: 3.0001990 seconds
[4967.984s][info ][safepoint      ] Entering safepoint region: Cleanup
[4967.984s][info ][safepoint      ] Leaving safepoint region
[4967.984s][info ][safepoint      ] Total time for which application threads were stopped: 0.0000734 seconds, Stopping threads took: 0.0000135 seconds
[4968.984s][info ][safepoint      ] Application time: 1.0000748 seconds
[4968.984s][info ][safepoint      ] Entering safepoint region: Cleanup
[4968.984s][info ][safepoint      ] Leaving safepoint region
[4968.984s][info ][safepoint      ] Total time for which application threads were stopped: 0.0000663 seconds, Stopping threads took: 0.0000137 seconds
[4969.984s][info ][safepoint      ] Application time: 1.0000758 seconds
[4969.984s][info ][safepoint      ] Entering safepoint region: Cleanup
[4969.984s][info ][safepoint      ] Leaving safepoint region
[4969.984s][info ][safepoint      ] Total time for which application threads were stopped: 0.0000698 seconds, Stopping threads took: 0.0000123 seconds
[4970.984s][info ][safepoint      ] Application time: 1.0000721 seconds
[4970.984s][info ][safepoint      ] Entering safepoint region: Cleanup
[4970.984s][info ][safepoint      ] Leaving safepoint region
[4970.984s][info ][safepoint      ] Total time for which application threads were stopped: 0.0001083 seconds, Stopping threads took: 0.0000557 seconds
[4971.984s][info ][safepoint      ] Application time: 1.0000685 seconds
[4971.984s][info ][safepoint      ] Entering safepoint region: Cleanup
[4971.984s][info ][safepoint      ] Leaving safepoint region
[4971.984s][info ][safepoint      ] Total time for which application threads were stopped: 0.0000783 seconds, Stopping threads took: 0.0000114 seconds
[4972.565s][info ][safepoint      ] Application time: 0.5801851 seconds
[4972.565s][info ][safepoint      ] Entering safepoint region: ParallelGCFailedAllocation
[4972.565s][info ][gc,start       ] GC(509) Pause Young (Allocation Failure)
[4972.575s][debug][gc,phases      ] GC(509) Scavenge 10.598ms
[4972.575s][debug][gc,ref         ] GC(509) Skipped phase1 of Reference Processing due to unavailable references
[4972.575s][debug][gc,ref         ] GC(509) Skipped phase2 of Reference Processing due to unavailable references
[4972.575s][debug][gc,ref         ] GC(509) Skipped phase3 of Reference Processing due to unavailable references
[4972.575s][debug][gc,phases      ] GC(509) Reference Processing 0.028ms
[4972.576s][debug][gc,phases      ] GC(509) Weak Processing 0.146ms
[4972.576s][debug][gc,phases      ] GC(509) Scrub String Table 0.420ms
[4972.576s][debug][gc,age         ] GC(509) Desired survivor size 52428800 bytes, new threshold 15 (max threshold 15)
[4972.576s][info ][gc,heap        ] GC(509) PSYoungGen: 2019056K->34128K(2045952K)
[4972.576s][info ][gc,heap        ] GC(509) ParOldGen: 558816K->558960K(578048K)
[4972.576s][info ][gc,metaspace   ] GC(509) Metaspace: 77077K->77077K(1120256K)
[4972.576s][info ][gc             ] GC(509) Pause Young (Allocation Failure) 2517M->579M(2562M) 11.324ms
[4972.576s][info ][gc,cpu         ] GC(509) User=0.04s Sys=0.01s Real=0.01s
[4972.576s][info ][safepoint      ] Leaving safepoint region
[4972.576s][info ][safepoint      ] Total time for which application threads were stopped: 0.0114829 seconds, Stopping threads took: 0.0000133 seconds
[4973.576s][info ][safepoint      ] Application time: 1.0000958 seconds
[4973.576s][info ][safepoint      ] Entering safepoint region: Cleanup
[4973.576s][info ][safepoint      ] Leaving safepoint region
[4973.576s][info ][safepoint      ] Total time for which application threads were stopped: 0.0001251 seconds, Stopping threads took: 0.0000551 seconds
[4974.576s][info ][safepoint      ] Application time: 1.0000695 seconds
[4974.577s][info ][safepoint      ] Entering safepoint region: Cleanup
[4974.577s][info ][safepoint      ] Leaving safepoint region
[4974.577s][info ][safepoint      ] Total time for which application threads were stopped: 0.0000701 seconds, Stopping threads took: 0.0000121 seconds
[4975.577s][info ][safepoint      ] Application time: 1.0000426 seconds
[4975.577s][info ][safepoint      ] Entering safepoint region: Cleanup
[4975.577s][info ][safepoint      ] Leaving safepoint region
[4975.577s][info ][safepoint      ] Total time for which application threads were stopped: 0.0001034 seconds, Stopping threads took: 0.0000375 seconds
[4976.577s][info ][safepoint      ] Application time: 1.0000776 seconds
[4976.577s][info ][safepoint      ] Entering safepoint region: Cleanup
[4976.577s][info ][safepoint      ] Leaving safepoint region
[4976.577s][info ][safepoint      ] Total time for which application threads were stopped: 0.0000620 seconds, Stopping threads took: 0.0000126 seconds
[4977.577s][info ][safepoint      ] Application time: 1.0000716 seconds
[4977.577s][info ][safepoint      ] Entering safepoint region: Cleanup
[4977.577s][info ][safepoint      ] Leaving safepoint region
[4977.577s][info ][safepoint      ] Total time for which application threads were stopped: 0.0000633 seconds, Stopping threads took: 0.0000125 seconds
[4978.577s][info ][safepoint      ] Application time: 1.0000786 seconds
[4978.577s][info ][safepoint      ] Entering safepoint region: Cleanup
[4978.577s][info ][safepoint      ] Leaving safepoint region
[4978.577s][info ][safepoint      ] Total time for which application threads were stopped: 0.0000775 seconds, Stopping threads took: 0.0000163 seconds
[4979.577s][info ][safepoint      ] Application time: 1.0000763 seconds
[4979.577s][info ][safepoint      ] Entering safepoint region: Cleanup
[4979.578s][info ][safepoint      ] Leaving safepoint region
[4979.578s][info ][safepoint      ] Total time for which application threads were stopped: 0.0000644 seconds, Stopping threads took: 0.0000123 seconds
[4980.578s][info ][safepoint      ] Application time: 1.0000739 seconds
[4980.578s][info ][safepoint      ] Entering safepoint region: Cleanup
[4980.578s][info ][safepoint      ] Leaving safepoint region
[4980.578s][info ][safepoint      ] Total time for which application threads were stopped: 0.0000604 seconds, Stopping threads took: 0.0000125 seconds
[4981.578s][info ][safepoint      ] Application time: 1.0000442 seconds
[4981.578s][info ][safepoint      ] Entering safepoint region: Cleanup
[4981.578s][info ][safepoint      ] Leaving safepoint region
[4981.578s][info ][safepoint      ] Total time for which application threads were stopped: 0.0000679 seconds, Stopping threads took: 0.0000126 seconds
[4981.928s][info ][safepoint      ] Application time: 0.3500323 seconds
[4981.928s][info ][safepoint      ] Entering safepoint region: ParallelGCFailedAllocation
[4981.928s][info ][gc,start       ] GC(510) Pause Young (Allocation Failure)
[4981.940s][debug][gc,phases      ] GC(510) Scavenge 11.745ms
[4981.940s][debug][gc,ref         ] GC(510) Skipped phase1 of Reference Processing due to unavailable references
[4981.940s][debug][gc,ref         ] GC(510) Skipped phase2 of Reference Processing due to unavailable references
[4981.940s][debug][gc,ref         ] GC(510) Skipped phase3 of Reference Processing due to unavailable references
[4981.940s][debug][gc,phases      ] GC(510) Reference Processing 0.028ms
[4981.940s][debug][gc,phases      ] GC(510) Weak Processing 0.169ms
[4981.941s][debug][gc,phases      ] GC(510) Scrub String Table 0.482ms
[4981.941s][debug][gc,age         ] GC(510) Desired survivor size 52428800 bytes, new threshold 15 (max threshold 15)
[4981.941s][info ][gc,heap        ] GC(510) PSYoungGen: 2027856K->36400K(2044928K)
[4981.941s][info ][gc,heap        ] GC(510) ParOldGen: 558960K->559208K(578048K)
[4981.941s][info ][gc,metaspace   ] GC(510) Metaspace: 77081K->77081K(1120256K)
[4981.941s][info ][gc             ] GC(510) Pause Young (Allocation Failure) 2526M->581M(2561M) 12.567ms
[4981.941s][info ][gc,cpu         ] GC(510) User=0.05s Sys=0.00s Real=0.02s
[4981.941s][info ][safepoint      ] Leaving safepoint region
[4981.941s][info ][safepoint      ] Total time for which application threads were stopped: 0.0127449 seconds, Stopping threads took: 0.0000352 seconds
[4982.941s][info ][safepoint      ] Application time: 1.0000806 seconds
[4982.941s][info ][safepoint      ] Entering safepoint region: Cleanup
[4982.941s][info ][safepoint      ] Leaving safepoint region
[4982.941s][info ][safepoint      ] Total time for which application threads were stopped: 0.0000688 seconds, Stopping threads took: 0.0000134 seconds
[4983.941s][info ][safepoint      ] Application time: 1.0000350 seconds
[4983.941s][info ][safepoint      ] Entering safepoint region: Cleanup
[4983.941s][info ][safepoint      ] Leaving safepoint region
[4983.941s][info ][safepoint      ] Total time for which application threads were stopped: 0.0000790 seconds, Stopping threads took: 0.0000139 seconds
[4984.941s][info ][safepoint      ] Application time: 1.0000687 seconds
[4984.941s][info ][safepoint      ] Entering safepoint region: Cleanup
[4984.941s][info ][safepoint      ] Leaving safepoint region
[4984.941s][info ][safepoint      ] Total time for which application threads were stopped: 0.0000870 seconds, Stopping threads took: 0.0000136 seconds
[4985.941s][info ][safepoint      ] Application time: 1.0000687 seconds
[4985.941s][info ][safepoint      ] Entering safepoint region: Cleanup
[4985.941s][info ][safepoint      ] Leaving safepoint region
[4985.941s][info ][safepoint      ] Total time for which application threads were stopped: 0.0000759 seconds, Stopping threads took: 0.0000145 seconds
[4986.942s][info ][safepoint      ] Application time: 1.0000640 seconds
[4986.942s][info ][safepoint      ] Entering safepoint region: Cleanup
[4986.942s][info ][safepoint      ] Leaving safepoint region
[4986.942s][info ][safepoint      ] Total time for which application threads were stopped: 0.0000660 seconds, Stopping threads took: 0.0000120 seconds
[4987.942s][info ][safepoint      ] Application time: 1.0000680 seconds
[4987.942s][info ][safepoint      ] Entering safepoint region: Cleanup
[4987.942s][info ][safepoint      ] Leaving safepoint region
[4987.942s][info ][safepoint      ] Total time for which application threads were stopped: 0.0000735 seconds, Stopping threads took: 0.0000129 seconds
[4988.942s][info ][safepoint      ] Application time: 1.0000652 seconds
[4988.942s][info ][safepoint      ] Entering safepoint region: Cleanup
[4988.942s][info ][safepoint      ] Leaving safepoint region
[4988.942s][info ][safepoint      ] Total time for which application threads were stopped: 0.0000615 seconds, Stopping threads took: 0.0000135 seconds
[4989.942s][info ][safepoint      ] Application time: 1.0000652 seconds
[4989.942s][info ][safepoint      ] Entering safepoint region: Cleanup
[4989.942s][info ][safepoint      ] Leaving safepoint region
[4989.942s][info ][safepoint      ] Total time for which application threads were stopped: 0.0000505 seconds, Stopping threads took: 0.0000107 seconds
[4990.316s][info ][safepoint      ] Application time: 0.3738234 seconds
[4990.316s][info ][safepoint      ] Entering safepoint region: ParallelGCFailedAllocation
[4990.316s][info ][gc,start       ] GC(511) Pause Young (Allocation Failure)
[4990.328s][debug][gc,phases      ] GC(511) Scavenge 11.508ms
[4990.328s][debug][gc,ref         ] GC(511) Skipped phase1 of Reference Processing due to unavailable references
[4990.328s][debug][gc,ref         ] GC(511) Skipped phase2 of Reference Processing due to unavailable references
[4990.328s][debug][gc,ref         ] GC(511) Skipped phase3 of Reference Processing due to unavailable references
[4990.328s][debug][gc,phases      ] GC(511) Reference Processing 0.029ms
[4990.328s][debug][gc,phases      ] GC(511) Weak Processing 0.153ms
[4990.328s][debug][gc,phases      ] GC(511) Scrub String Table 0.471ms
[4990.328s][debug][gc,age         ] GC(511) Desired survivor size 52953088 bytes, new threshold 15 (max threshold 15)
[4990.328s][info ][gc,heap        ] GC(511) PSYoungGen: 2030128K->38064K(2044928K)
[4990.328s][info ][gc,heap        ] GC(511) ParOldGen: 559208K->559440K(578048K)
[4990.328s][info ][gc,metaspace   ] GC(511) Metaspace: 77083K->77083K(1120256K)
[4990.328s][info ][gc             ] GC(511) Pause Young (Allocation Failure) 2528M->583M(2561M) 12.295ms
[4990.328s][info ][gc,cpu         ] GC(511) User=0.04s Sys=0.01s Real=0.01s
[4990.328s][info ][safepoint      ] Leaving safepoint region
[4990.328s][info ][safepoint      ] Total time for which application threads were stopped: 0.0124543 seconds, Stopping threads took: 0.0000119 seconds
[4991.329s][info ][safepoint      ] Application time: 1.0000934 seconds
[4991.329s][info ][safepoint      ] Entering safepoint region: Cleanup
[4991.329s][info ][safepoint      ] Leaving safepoint region
[4991.329s][info ][safepoint      ] Total time for which application threads were stopped: 0.0001084 seconds, Stopping threads took: 0.0000367 seconds
[4992.329s][info ][safepoint      ] Application time: 1.0000829 seconds
[4992.329s][info ][safepoint      ] Entering safepoint region: Cleanup
[4992.329s][info ][safepoint      ] Leaving safepoint region
[4992.329s][info ][safepoint      ] Total time for which application threads were stopped: 0.0000911 seconds, Stopping threads took: 0.0000322 seconds
[4993.329s][info ][safepoint      ] Application time: 1.0000784 seconds
[4993.329s][info ][safepoint      ] Entering safepoint region: Cleanup
[4993.329s][info ][safepoint      ] Leaving safepoint region
[4993.329s][info ][safepoint      ] Total time for which application threads were stopped: 0.0000711 seconds, Stopping threads took: 0.0000126 seconds
[4994.329s][info ][safepoint      ] Application time: 1.0000673 seconds
[4994.329s][info ][safepoint      ] Entering safepoint region: Cleanup
[4994.329s][info ][safepoint      ] Leaving safepoint region
[4994.329s][info ][safepoint      ] Total time for which application threads were stopped: 0.0000953 seconds, Stopping threads took: 0.0000373 seconds
[4995.329s][info ][safepoint      ] Application time: 1.0000728 seconds
[4995.329s][info ][safepoint      ] Entering safepoint region: Cleanup
[4995.330s][info ][safepoint      ] Leaving safepoint region
[4995.330s][info ][safepoint      ] Total time for which application threads were stopped: 0.0000916 seconds, Stopping threads took: 0.0000272 seconds
[4996.330s][info ][safepoint      ] Application time: 1.0000759 seconds
[4996.330s][info ][safepoint      ] Entering safepoint region: Cleanup
[4996.330s][info ][safepoint      ] Leaving safepoint region
[4996.330s][info ][safepoint      ] Total time for which application threads were stopped: 0.0000744 seconds, Stopping threads took: 0.0000142 seconds
[4997.330s][info ][safepoint      ] Application time: 1.0000711 seconds
[4997.330s][info ][safepoint      ] Entering safepoint region: Cleanup
[4997.330s][info ][safepoint      ] Leaving safepoint region
[4997.330s][info ][safepoint      ] Total time for which application threads were stopped: 0.0001139 seconds, Stopping threads took: 0.0000491 seconds
[4998.330s][info ][safepoint      ] Application time: 1.0000818 seconds
[4998.330s][info ][safepoint      ] Entering safepoint region: Cleanup
[4998.330s][info ][safepoint      ] Leaving safepoint region
[4998.330s][info ][safepoint      ] Total time for which application threads were stopped: 0.0000718 seconds, Stopping threads took: 0.0000129 seconds
[4998.932s][info ][safepoint      ] Application time: 0.6020156 seconds
[4998.932s][info ][safepoint      ] Entering safepoint region: ParallelGCFailedAllocation
[4998.932s][info ][gc,start       ] GC(512) Pause Young (Allocation Failure)
[4998.944s][debug][gc,phases      ] GC(512) Scavenge 11.857ms
[4998.944s][debug][gc,ref         ] GC(512) Skipped phase1 of Reference Processing due to unavailable references
[4998.944s][debug][gc,ref         ] GC(512) Skipped phase2 of Reference Processing due to unavailable references
[4998.944s][debug][gc,ref         ] GC(512) Skipped phase3 of Reference Processing due to unavailable references
[4998.944s][debug][gc,phases      ] GC(512) Reference Processing 0.035ms
[4998.945s][debug][gc,phases      ] GC(512) Weak Processing 0.170ms
[4998.945s][debug][gc,phases      ] GC(512) Scrub String Table 0.487ms
[4998.945s][debug][gc,age         ] GC(512) Desired survivor size 54001664 bytes, new threshold 15 (max threshold 15)
[4998.945s][info ][gc,heap        ] GC(512) PSYoungGen: 2031792K->39584K(2033664K)
[4998.945s][info ][gc,heap        ] GC(512) ParOldGen: 559440K->559496K(578048K)
[4998.945s][info ][gc,metaspace   ] GC(512) Metaspace: 77083K->77083K(1120256K)
[4998.945s][info ][gc             ] GC(512) Pause Young (Allocation Failure) 2530M->585M(2550M) 12.716ms
[4998.945s][info ][gc,cpu         ] GC(512) User=0.05s Sys=0.00s Real=0.01s
[4998.945s][info ][safepoint      ] Leaving safepoint region
[4998.945s][info ][safepoint      ] Total time for which application threads were stopped: 0.0129592 seconds, Stopping threads took: 0.0000843 seconds
[4999.945s][info ][safepoint      ] Application time: 1.0000828 seconds
[4999.945s][info ][safepoint      ] Entering safepoint region: Cleanup
[4999.945s][info ][safepoint      ] Leaving safepoint region
[4999.945s][info ][safepoint      ] Total time for which application threads were stopped: 0.0000704 seconds, Stopping threads took: 0.0000132 seconds
[5000.945s][info ][safepoint      ] Application time: 1.0000601 seconds
[5000.945s][info ][safepoint      ] Entering safepoint region: Cleanup
[5000.946s][info ][safepoint      ] Leaving safepoint region
[5000.946s][info ][safepoint      ] Total time for which application threads were stopped: 0.0000689 seconds, Stopping threads took: 0.0000131 seconds
[5001.946s][info ][safepoint      ] Application time: 1.0000702 seconds
[5001.946s][info ][safepoint      ] Entering safepoint region: Cleanup
[5001.946s][info ][safepoint      ] Leaving safepoint region
[5001.946s][info ][safepoint      ] Total time for which application threads were stopped: 0.0000691 seconds, Stopping threads took: 0.0000139 seconds
[5002.946s][info ][safepoint      ] Application time: 1.0000327 seconds
[5002.946s][info ][safepoint      ] Entering safepoint region: Cleanup
[5002.946s][info ][safepoint      ] Leaving safepoint region
[5002.946s][info ][safepoint      ] Total time for which application threads were stopped: 0.0000618 seconds, Stopping threads took: 0.0000134 seconds
[5003.946s][info ][safepoint      ] Application time: 1.0000705 seconds
[5003.946s][info ][safepoint      ] Entering safepoint region: Cleanup
[5003.946s][info ][safepoint      ] Leaving safepoint region
[5003.946s][info ][safepoint      ] Total time for which application threads were stopped: 0.0000651 seconds, Stopping threads took: 0.0000134 seconds
[5004.946s][info ][safepoint      ] Application time: 1.0000703 seconds
[5004.946s][info ][safepoint      ] Entering safepoint region: Cleanup
[5004.946s][info ][safepoint      ] Leaving safepoint region
[5004.946s][info ][safepoint      ] Total time for which application threads were stopped: 0.0000661 seconds, Stopping threads took: 0.0000150 seconds
[5005.946s][info ][safepoint      ] Application time: 1.0000643 seconds
[5005.946s][info ][safepoint      ] Entering safepoint region: Cleanup
[5005.946s][info ][safepoint      ] Leaving safepoint region
[5005.946s][info ][safepoint      ] Total time for which application threads were stopped: 0.0000686 seconds, Stopping threads took: 0.0000147 seconds
[5006.946s][info ][safepoint      ] Application time: 1.0000682 seconds
[5006.946s][info ][safepoint      ] Entering safepoint region: Cleanup
[5006.947s][info ][safepoint      ] Leaving safepoint region
[5006.947s][info ][safepoint      ] Total time for which application threads were stopped: 0.0000733 seconds, Stopping threads took: 0.0000118 seconds
[5007.716s][info ][safepoint      ] Application time: 0.7698118 seconds
[5007.716s][info ][safepoint      ] Entering safepoint region: ParallelGCFailedAllocation
[5007.717s][info ][gc,start       ] GC(513) Pause Young (Allocation Failure)
[5007.728s][debug][gc,phases      ] GC(513) Scavenge 11.862ms
[5007.728s][debug][gc,ref         ] GC(513) Skipped phase1 of Reference Processing due to unavailable references
[5007.728s][debug][gc,ref         ] GC(513) Skipped phase2 of Reference Processing due to unavailable references
[5007.728s][debug][gc,ref         ] GC(513) Skipped phase3 of Reference Processing due to unavailable references
[5007.728s][debug][gc,phases      ] GC(513) Reference Processing 0.031ms
[5007.729s][debug][gc,phases      ] GC(513) Weak Processing 0.176ms
[5007.729s][debug][gc,phases      ] GC(513) Scrub String Table 0.487ms
[5007.729s][debug][gc,age         ] GC(513) Desired survivor size 54001664 bytes, new threshold 15 (max threshold 15)
[5007.729s][info ][gc,heap        ] GC(513) PSYoungGen: 2033312K->38736K(2044416K)
[5007.729s][info ][gc,heap        ] GC(513) ParOldGen: 559496K->559576K(578048K)
[5007.729s][info ][gc,metaspace   ] GC(513) Metaspace: 77083K->77083K(1120256K)
[5007.729s][info ][gc             ] GC(513) Pause Young (Allocation Failure) 2532M->584M(2561M) 12.712ms
[5007.729s][info ][gc,cpu         ] GC(513) User=0.05s Sys=0.00s Real=0.01s
[5007.729s][info ][safepoint      ] Leaving safepoint region
[5007.729s][info ][safepoint      ] Total time for which application threads were stopped: 0.0128770 seconds, Stopping threads took: 0.0000139 seconds
[5008.729s][info ][safepoint      ] Application time: 1.0000780 seconds
[5008.729s][info ][safepoint      ] Entering safepoint region: Cleanup
[5008.729s][info ][safepoint      ] Leaving safepoint region
[5008.729s][info ][safepoint      ] Total time for which application threads were stopped: 0.0000606 seconds, Stopping threads took: 0.0000114 seconds
[5009.730s][info ][safepoint      ] Application time: 1.0000639 seconds
[5009.730s][info ][safepoint      ] Entering safepoint region: Cleanup
[5009.730s][info ][safepoint      ] Leaving safepoint region
[5009.730s][info ][safepoint      ] Total time for which application threads were stopped: 0.0001035 seconds, Stopping threads took: 0.0000481 seconds
[5010.730s][info ][safepoint      ] Application time: 1.0000782 seconds
[5010.730s][info ][safepoint      ] Entering safepoint region: Cleanup
[5010.730s][info ][safepoint      ] Leaving safepoint region
[5010.730s][info ][safepoint      ] Total time for which application threads were stopped: 0.0000756 seconds, Stopping threads took: 0.0000132 seconds
[5015.730s][info ][safepoint      ] Application time: 5.0003145 seconds
[5015.730s][info ][safepoint      ] Entering safepoint region: Cleanup
[5015.730s][info ][safepoint      ] Leaving safepoint region
[5015.730s][info ][safepoint      ] Total time for which application threads were stopped: 0.0000812 seconds, Stopping threads took: 0.0000256 seconds
[5016.812s][info ][safepoint      ] Application time: 1.0821674 seconds
[5016.813s][info ][safepoint      ] Entering safepoint region: ParallelGCFailedAllocation
[5016.813s][info ][gc,start       ] GC(514) Pause Young (Allocation Failure)
[5016.825s][debug][gc,phases      ] GC(514) Scavenge 11.915ms
[5016.825s][debug][gc,ref         ] GC(514) Skipped phase1 of Reference Processing due to unavailable references
[5016.825s][debug][gc,ref         ] GC(514) Skipped phase2 of Reference Processing due to unavailable references
[5016.825s][debug][gc,ref         ] GC(514) Skipped phase3 of Reference Processing due to unavailable references
[5016.825s][debug][gc,phases      ] GC(514) Reference Processing 0.028ms
[5016.825s][debug][gc,phases      ] GC(514) Weak Processing 0.138ms
[5016.825s][debug][gc,phases      ] GC(514) Scrub String Table 0.454ms
[5016.825s][debug][gc,age         ] GC(514) Desired survivor size 54001664 bytes, new threshold 15 (max threshold 15)
[5016.825s][info ][gc,heap        ] GC(514) PSYoungGen: 2030416K->38864K(2044416K)
[5016.825s][info ][gc,heap        ] GC(514) ParOldGen: 559576K->559616K(578048K)
[5016.825s][info ][gc,metaspace   ] GC(514) Metaspace: 77083K->77083K(1120256K)
[5016.825s][info ][gc             ] GC(514) Pause Young (Allocation Failure) 2529M->584M(2561M) 12.665ms
[5016.825s][info ][gc,cpu         ] GC(514) User=0.05s Sys=0.00s Real=0.01s
[5016.825s][info ][safepoint      ] Leaving safepoint region
[5016.825s][info ][safepoint      ] Total time for which application threads were stopped: 0.0128189 seconds, Stopping threads took: 0.0000137 seconds
[5018.825s][info ][safepoint      ] Application time: 2.0001561 seconds
[5018.826s][info ][safepoint      ] Entering safepoint region: Cleanup
[5018.826s][info ][safepoint      ] Leaving safepoint region
[5018.826s][info ][safepoint      ] Total time for which application threads were stopped: 0.0000955 seconds, Stopping threads took: 0.0000325 seconds
[5019.826s][info ][safepoint      ] Application time: 1.0000814 seconds
[5019.826s][info ][safepoint      ] Entering safepoint region: Cleanup
[5019.826s][info ][safepoint      ] Leaving safepoint region
[5019.826s][info ][safepoint      ] Total time for which application threads were stopped: 0.0001080 seconds, Stopping threads took: 0.0000453 seconds
[5020.826s][info ][safepoint      ] Application time: 1.0000726 seconds
[5020.826s][info ][safepoint      ] Entering safepoint region: Cleanup
[5020.826s][info ][safepoint      ] Leaving safepoint region
[5020.826s][info ][safepoint      ] Total time for which application threads were stopped: 0.0001076 seconds, Stopping threads took: 0.0000327 seconds
[5021.826s][info ][safepoint      ] Application time: 1.0000812 seconds
[5021.826s][info ][safepoint      ] Entering safepoint region: Cleanup
[5021.826s][info ][safepoint      ] Leaving safepoint region
[5021.826s][info ][safepoint      ] Total time for which application threads were stopped: 0.0001016 seconds, Stopping threads took: 0.0000429 seconds
[5025.931s][info ][safepoint      ] Application time: 4.1050508 seconds
[5025.931s][info ][safepoint      ] Entering safepoint region: ParallelGCFailedAllocation
[5025.932s][info ][gc,start       ] GC(515) Pause Young (Allocation Failure)
[5025.943s][debug][gc,phases      ] GC(515) Scavenge 11.647ms
[5025.943s][debug][gc,ref         ] GC(515) Skipped phase1 of Reference Processing due to unavailable references
[5025.943s][debug][gc,ref         ] GC(515) Skipped phase2 of Reference Processing due to unavailable references
[5025.943s][debug][gc,ref         ] GC(515) Skipped phase3 of Reference Processing due to unavailable references
[5025.943s][debug][gc,phases      ] GC(515) Reference Processing 0.030ms
[5025.943s][debug][gc,phases      ] GC(515) Weak Processing 0.146ms
[5025.944s][debug][gc,phases      ] GC(515) Scrub String Table 0.457ms
[5025.944s][debug][gc,age         ] GC(515) Desired survivor size 54001664 bytes, new threshold 15 (max threshold 15)
[5025.944s][info ][gc,heap        ] GC(515) PSYoungGen: 2030544K->38032K(2044416K)
[5025.944s][info ][gc,heap        ] GC(515) ParOldGen: 559616K->560689K(578048K)
[5025.944s][info ][gc,metaspace   ] GC(515) Metaspace: 77083K->77083K(1120256K)
[5025.944s][info ][gc             ] GC(515) Pause Young (Allocation Failure) 2529M->584M(2561M) 12.411ms
[5025.944s][info ][gc,cpu         ] GC(515) User=0.05s Sys=0.00s Real=0.02s
[5025.944s][info ][safepoint      ] Leaving safepoint region
[5025.944s][info ][safepoint      ] Total time for which application threads were stopped: 0.0125943 seconds, Stopping threads took: 0.0000511 seconds
[5029.944s][info ][safepoint      ] Application time: 4.0002870 seconds
[5029.944s][info ][safepoint      ] Entering safepoint region: Cleanup
[5029.944s][info ][safepoint      ] Leaving safepoint region
[5029.944s][info ][safepoint      ] Total time for which application threads were stopped: 0.0000696 seconds, Stopping threads took: 0.0000130 seconds
[5033.945s][info ][safepoint      ] Application time: 4.0002475 seconds
[5033.945s][info ][safepoint      ] Entering safepoint region: Cleanup
[5033.945s][info ][safepoint      ] Leaving safepoint region
[5033.945s][info ][safepoint      ] Total time for which application threads were stopped: 0.0000710 seconds, Stopping threads took: 0.0000142 seconds
[5034.580s][info ][safepoint      ] Application time: 0.6351391 seconds
[5034.580s][info ][safepoint      ] Entering safepoint region: ParallelGCFailedAllocation
[5034.580s][info ][gc,start       ] GC(516) Pause Young (Allocation Failure)
[5034.592s][debug][gc,phases      ] GC(516) Scavenge 11.861ms
[5034.592s][debug][gc,ref         ] GC(516) Skipped phase1 of Reference Processing due to unavailable references
[5034.592s][debug][gc,ref         ] GC(516) Skipped phase2 of Reference Processing due to unavailable references
[5034.592s][debug][gc,ref         ] GC(516) Skipped phase3 of Reference Processing due to unavailable references
[5034.592s][debug][gc,phases      ] GC(516) Reference Processing 0.059ms
[5034.592s][debug][gc,phases      ] GC(516) Weak Processing 0.167ms
[5034.593s][debug][gc,phases      ] GC(516) Scrub String Table 0.434ms
[5034.593s][debug][gc,age         ] GC(516) Desired survivor size 52428800 bytes, new threshold 15 (max threshold 15)
[5034.593s][info ][gc,heap        ] GC(516) PSYoungGen: 2029712K->35328K(2044416K)
[5034.593s][info ][gc,heap        ] GC(516) ParOldGen: 560689K->563581K(578048K)
[5034.593s][info ][gc,metaspace   ] GC(516) Metaspace: 77083K->77083K(1120256K)
[5034.593s][info ][gc             ] GC(516) Pause Young (Allocation Failure) 2529M->584M(2561M) 12.670ms
[5034.593s][info ][gc,cpu         ] GC(516) User=0.04s Sys=0.00s Real=0.01s
[5034.593s][info ][safepoint      ] Leaving safepoint region
[5034.593s][info ][safepoint      ] Total time for which application threads were stopped: 0.0128993 seconds, Stopping threads took: 0.0000674 seconds
[5035.593s][info ][safepoint      ] Application time: 1.0000833 seconds
[5035.593s][info ][safepoint      ] Entering safepoint region: Cleanup
[5035.593s][info ][safepoint      ] Leaving safepoint region
[5035.593s][info ][safepoint      ] Total time for which application threads were stopped: 0.0000764 seconds, Stopping threads took: 0.0000132 seconds
[5039.593s][info ][safepoint      ] Application time: 4.0002764 seconds
[5039.593s][info ][safepoint      ] Entering safepoint region: Cleanup
[5039.593s][info ][safepoint      ] Leaving safepoint region
[5039.593s][info ][safepoint      ] Total time for which application threads were stopped: 0.0000716 seconds, Stopping threads took: 0.0000134 seconds
[5041.594s][info ][safepoint      ] Application time: 2.0001111 seconds
[5041.594s][info ][safepoint      ] Entering safepoint region: Cleanup
[5041.594s][info ][safepoint      ] Leaving safepoint region
[5041.594s][info ][safepoint      ] Total time for which application threads were stopped: 0.0000687 seconds, Stopping threads took: 0.0000138 seconds
[5043.453s][info ][safepoint      ] Application time: 1.8589602 seconds
[5043.453s][info ][safepoint      ] Entering safepoint region: ParallelGCFailedAllocation
[5043.453s][info ][gc,start       ] GC(517) Pause Young (Allocation Failure)
[5043.464s][debug][gc,phases      ] GC(517) Scavenge 11.327ms
[5043.464s][debug][gc,ref         ] GC(517) Skipped phase1 of Reference Processing due to unavailable references
[5043.464s][debug][gc,ref         ] GC(517) Skipped phase2 of Reference Processing due to unavailable references
[5043.464s][debug][gc,ref         ] GC(517) Skipped phase3 of Reference Processing due to unavailable references
[5043.464s][debug][gc,phases      ] GC(517) Reference Processing 0.032ms
[5043.464s][debug][gc,phases      ] GC(517) Weak Processing 0.151ms
[5043.465s][debug][gc,phases      ] GC(517) Scrub String Table 0.450ms
[5043.465s][debug][gc,age         ] GC(517) Desired survivor size 50855936 bytes, new threshold 15 (max threshold 15)
[5043.465s][info ][gc,heap        ] GC(517) PSYoungGen: 2027008K->33136K(2047488K)
[5043.465s][info ][gc,heap        ] GC(517) ParOldGen: 563581K->565782K(578048K)
[5043.465s][info ][gc,metaspace   ] GC(517) Metaspace: 77083K->77083K(1120256K)
[5043.465s][info ][gc             ] GC(517) Pause Young (Allocation Failure) 2529M->584M(2564M) 12.112ms
[5043.465s][info ][gc,cpu         ] GC(517) User=0.05s Sys=0.00s Real=0.01s
[5043.465s][info ][safepoint      ] Leaving safepoint region
[5043.465s][info ][safepoint      ] Total time for which application threads were stopped: 0.0122654 seconds, Stopping threads took: 0.0000125 seconds
[5050.465s][info ][safepoint      ] Application time: 7.0005133 seconds
[5050.466s][info ][safepoint      ] Entering safepoint region: Cleanup
[5050.466s][info ][safepoint      ] Leaving safepoint region
[5050.466s][info ][safepoint      ] Total time for which application threads were stopped: 0.0001069 seconds, Stopping threads took: 0.0000349 seconds
[5052.377s][info ][safepoint      ] Application time: 1.9117062 seconds
[5052.377s][info ][safepoint      ] Entering safepoint region: ParallelGCFailedAllocation
[5052.377s][info ][gc,start       ] GC(518) Pause Young (Allocation Failure)
[5052.388s][debug][gc,phases      ] GC(518) Scavenge 10.681ms
[5052.388s][debug][gc,ref         ] GC(518) Skipped phase1 of Reference Processing due to unavailable references
[5052.388s][debug][gc,ref         ] GC(518) Skipped phase2 of Reference Processing due to unavailable references
[5052.388s][debug][gc,ref         ] GC(518) Skipped phase3 of Reference Processing due to unavailable references
[5052.388s][debug][gc,phases      ] GC(518) Reference Processing 0.029ms
[5052.388s][debug][gc,phases      ] GC(518) Weak Processing 0.145ms
[5052.389s][debug][gc,phases      ] GC(518) Scrub String Table 0.469ms
[5052.389s][debug][gc,age         ] GC(518) Desired survivor size 49283072 bytes, new threshold 15 (max threshold 15)
[5052.389s][info ][gc,heap        ] GC(518) PSYoungGen: 2029424K->35008K(2045952K)
[5052.389s][info ][gc,heap        ] GC(518) ParOldGen: 565782K->566018K(578048K)
[5052.389s][info ][gc,metaspace   ] GC(518) Metaspace: 77084K->77084K(1120256K)
[5052.389s][info ][gc             ] GC(518) Pause Young (Allocation Failure) 2534M->586M(2562M) 11.458ms
[5052.389s][info ][gc,cpu         ] GC(518) User=0.04s Sys=0.00s Real=0.01s
[5052.389s][info ][safepoint      ] Leaving safepoint region
[5052.389s][info ][safepoint      ] Total time for which application threads were stopped: 0.0116312 seconds, Stopping threads took: 0.0000324 seconds
[5054.389s][info ][safepoint      ] Application time: 2.0001521 seconds
[5054.389s][info ][safepoint      ] Entering safepoint region: Cleanup
[5054.389s][info ][safepoint      ] Leaving safepoint region
[5054.389s][info ][safepoint      ] Total time for which application threads were stopped: 0.0000687 seconds, Stopping threads took: 0.0000131 seconds
[5060.659s][info ][safepoint      ] Application time: 6.2702226 seconds
[5060.660s][info ][safepoint      ] Entering safepoint region: ParallelGCFailedAllocation
[5060.660s][info ][gc,start       ] GC(519) Pause Young (Allocation Failure)
[5060.676s][debug][gc,phases      ] GC(519) Scavenge 16.796ms
[5060.677s][debug][gc,ref         ] GC(519) Skipped phase1 of Reference Processing due to unavailable references
[5060.677s][debug][gc,ref         ] GC(519) Skipped phase2 of Reference Processing due to unavailable references
[5060.677s][debug][gc,ref         ] GC(519) Skipped phase3 of Reference Processing due to unavailable references
[5060.677s][debug][gc,phases      ] GC(519) Reference Processing 0.032ms
[5060.677s][debug][gc,phases      ] GC(519) Weak Processing 0.164ms
[5060.677s][debug][gc,phases      ] GC(519) Scrub String Table 0.473ms
[5060.677s][debug][gc,age         ] GC(519) Desired survivor size 51904512 bytes, new threshold 15 (max threshold 15)
[5060.677s][info ][gc,heap        ] GC(519) PSYoungGen: 2031296K->44512K(2043904K)
[5060.677s][info ][gc,heap        ] GC(519) ParOldGen: 566018K->566194K(578048K)
[5060.677s][info ][gc,metaspace   ] GC(519) Metaspace: 77084K->77084K(1120256K)
[5060.677s][info ][gc             ] GC(519) Pause Young (Allocation Failure) 2536M->596M(2560M) 17.610ms
[5060.677s][info ][gc,cpu         ] GC(519) User=0.07s Sys=0.00s Real=0.02s
[5060.677s][info ][safepoint      ] Leaving safepoint region
[5060.677s][info ][safepoint      ] Total time for which application threads were stopped: 0.0177795 seconds, Stopping threads took: 0.0000140 seconds
[5062.677s][info ][safepoint      ] Application time: 2.0001572 seconds
[5062.678s][info ][safepoint      ] Entering safepoint region: Cleanup
[5062.678s][info ][safepoint      ] Leaving safepoint region
[5062.678s][info ][safepoint      ] Total time for which application threads were stopped: 0.0001190 seconds, Stopping threads took: 0.0000495 seconds
[5069.702s][info ][safepoint      ] Application time: 7.0248422 seconds
[5069.703s][info ][safepoint      ] Entering safepoint region: ParallelGCFailedAllocation
[5069.703s][info ][gc,start       ] GC(520) Pause Young (Allocation Failure)
[5069.717s][debug][gc,phases      ] GC(520) Scavenge 14.310ms
[5069.717s][debug][gc,ref         ] GC(520) Skipped phase1 of Reference Processing due to unavailable references
[5069.717s][debug][gc,ref         ] GC(520) Skipped phase2 of Reference Processing due to unavailable references
[5069.717s][debug][gc,ref         ] GC(520) Skipped phase3 of Reference Processing due to unavailable references
[5069.717s][debug][gc,phases      ] GC(520) Reference Processing 0.027ms
[5069.717s][debug][gc,phases      ] GC(520) Weak Processing 0.146ms
[5069.718s][debug][gc,phases      ] GC(520) Scrub String Table 0.452ms
[5069.718s][debug][gc,age         ] GC(520) Desired survivor size 54001664 bytes, new threshold 15 (max threshold 15)
[5069.718s][info ][gc,heap        ] GC(520) PSYoungGen: 2040288K->44288K(2040320K)
[5069.718s][info ][gc,heap        ] GC(520) ParOldGen: 566194K->566534K(578048K)
[5069.718s][info ][gc,metaspace   ] GC(520) Metaspace: 77085K->77085K(1120256K)
[5069.718s][info ][gc             ] GC(520) Pause Young (Allocation Failure) 2545M->596M(2557M) 15.097ms
[5069.718s][info ][gc,cpu         ] GC(520) User=0.05s Sys=0.00s Real=0.01s
[5069.718s][info ][safepoint      ] Leaving safepoint region
[5069.718s][info ][safepoint      ] Total time for which application threads were stopped: 0.0153121 seconds, Stopping threads took: 0.0000650 seconds
[5073.718s][info ][safepoint      ] Application time: 4.0003438 seconds
[5073.718s][info ][safepoint      ] Entering safepoint region: Cleanup
[5073.718s][info ][safepoint      ] Leaving safepoint region
[5073.718s][info ][safepoint      ] Total time for which application threads were stopped: 0.0001180 seconds, Stopping threads took: 0.0000385 seconds
[5078.603s][info ][safepoint      ] Application time: 4.8843146 seconds
[5078.603s][info ][safepoint      ] Entering safepoint region: ParallelGCFailedAllocation
[5078.603s][info ][gc,start       ] GC(521) Pause Young (Allocation Failure)
[5078.655s][debug][gc,phases      ] GC(521) Scavenge 52.089ms
[5078.655s][debug][gc,ref         ] GC(521) Skipped phase1 of Reference Processing due to unavailable references
[5078.655s][debug][gc,ref         ] GC(521) Skipped phase2 of Reference Processing due to unavailable references
[5078.655s][debug][gc,ref         ] GC(521) Skipped phase3 of Reference Processing due to unavailable references
[5078.655s][debug][gc,phases      ] GC(521) Reference Processing 0.038ms
[5078.655s][debug][gc,phases      ] GC(521) Weak Processing 0.204ms
[5078.656s][debug][gc,phases      ] GC(521) Scrub String Table 0.636ms
[5078.656s][debug][gc,age         ] GC(521) Desired survivor size 54525952 bytes, new threshold 15 (max threshold 15)
[5078.656s][info ][gc,heap        ] GC(521) PSYoungGen: 2040064K->42896K(2043392K)
[5078.656s][info ][gc,heap        ] GC(521) ParOldGen: 566534K->568718K(578048K)
[5078.656s][info ][gc,metaspace   ] GC(521) Metaspace: 77091K->77091K(1120256K)
[5078.656s][info ][gc             ] GC(521) Pause Young (Allocation Failure) 2545M->597M(2560M) 53.169ms
[5078.656s][info ][gc,cpu         ] GC(521) User=0.07s Sys=0.00s Real=0.05s
[5078.656s][info ][safepoint      ] Leaving safepoint region
[5078.656s][info ][safepoint      ] Total time for which application threads were stopped: 0.0534077 seconds, Stopping threads took: 0.0000377 seconds
[5079.660s][info ][safepoint      ] Application time: 1.0035298 seconds
[5079.660s][info ][safepoint      ] Entering safepoint region: Cleanup
[5079.660s][info ][safepoint      ] Leaving safepoint region
[5079.660s][info ][safepoint      ] Total time for which application threads were stopped: 0.0001334 seconds, Stopping threads took: 0.0000355 seconds
[5081.660s][info ][safepoint      ] Application time: 2.0004195 seconds
[5081.660s][info ][safepoint      ] Entering safepoint region: Cleanup
[5081.660s][info ][safepoint      ] Leaving safepoint region
[5081.660s][info ][safepoint      ] Total time for which application threads were stopped: 0.0001344 seconds, Stopping threads took: 0.0000387 seconds
[5085.661s][info ][safepoint      ] Application time: 4.0003034 seconds
[5085.668s][info ][safepoint      ] Entering safepoint region: Cleanup
[5085.669s][info ][safepoint      ] Leaving safepoint region
[5085.669s][info ][safepoint      ] Total time for which application threads were stopped: 0.0077720 seconds, Stopping threads took: 0.0076878 seconds
[5087.803s][info ][safepoint      ] Application time: 2.1345332 seconds
[5087.803s][info ][safepoint      ] Entering safepoint region: ParallelGCFailedAllocation
[5087.803s][info ][gc,start       ] GC(522) Pause Young (Allocation Failure)
[5087.830s][debug][gc,phases      ] GC(522) Scavenge 26.788ms
[5087.830s][debug][gc,ref         ] GC(522) Skipped phase1 of Reference Processing due to unavailable references
[5087.830s][debug][gc,ref         ] GC(522) Skipped phase2 of Reference Processing due to unavailable references
[5087.830s][debug][gc,ref         ] GC(522) Skipped phase3 of Reference Processing due to unavailable references
[5087.830s][debug][gc,phases      ] GC(522) Reference Processing 0.041ms
[5087.830s][debug][gc,phases      ] GC(522) Weak Processing 0.183ms
[5087.831s][debug][gc,phases      ] GC(522) Scrub String Table 0.582ms
[5087.831s][debug][gc,age         ] GC(522) Desired survivor size 53477376 bytes, new threshold 15 (max threshold 15)
[5087.831s][info ][gc,heap        ] GC(522) PSYoungGen: 2033552K->38544K(2043904K)
[5087.831s][info ][gc,heap        ] GC(522) ParOldGen: 568718K->572460K(578048K)
[5087.831s][info ][gc,metaspace   ] GC(522) Metaspace: 77093K->77093K(1120256K)
[5087.831s][info ][gc             ] GC(522) Pause Young (Allocation Failure) 2541M->596M(2560M) 27.759ms
[5087.831s][info ][gc,cpu         ] GC(522) User=0.05s Sys=0.00s Real=0.02s
[5087.831s][info ][safepoint      ] Leaving safepoint region
[5087.831s][info ][safepoint      ] Total time for which application threads were stopped: 0.0279808 seconds, Stopping threads took: 0.0000401 seconds
[5092.831s][info ][safepoint      ] Application time: 5.0003746 seconds
[5092.832s][info ][safepoint      ] Entering safepoint region: Cleanup
[5092.832s][info ][safepoint      ] Leaving safepoint region
[5092.832s][info ][safepoint      ] Total time for which application threads were stopped: 0.0001320 seconds, Stopping threads took: 0.0000520 seconds
[5097.830s][info ][safepoint      ] Application time: 4.9979882 seconds
[5097.830s][info ][safepoint      ] Entering safepoint region: ParallelGCFailedAllocation
[5097.830s][info ][gc,start       ] GC(523) Pause Young (Allocation Failure)
[5097.873s][debug][gc,phases      ] GC(523) Scavenge 42.814ms
[5097.873s][debug][gc,ref         ] GC(523) Skipped phase1 of Reference Processing due to unavailable references
[5097.873s][debug][gc,ref         ] GC(523) Skipped phase2 of Reference Processing due to unavailable references
[5097.873s][debug][gc,ref         ] GC(523) Skipped phase3 of Reference Processing due to unavailable references
[5097.873s][debug][gc,phases      ] GC(523) Reference Processing 0.032ms
[5097.873s][debug][gc,phases      ] GC(523) Weak Processing 0.157ms
[5097.873s][debug][gc,phases      ] GC(523) Scrub String Table 0.492ms
[5097.873s][debug][gc,age         ] GC(523) Desired survivor size 52428800 bytes, new threshold 15 (max threshold 15)
[5097.873s][info ][gc,heap        ] GC(523) PSYoungGen: 2029200K->35552K(2045952K)
[5097.873s][info ][gc,heap        ] GC(523) ParOldGen: 572460K->575605K(578048K)
[5097.873s][info ][gc,metaspace   ] GC(523) Metaspace: 77093K->77093K(1120256K)
[5097.874s][info ][gc             ] GC(523) Pause Young (Allocation Failure) 2540M->596M(2562M) 43.642ms
[5097.874s][info ][gc,cpu         ] GC(523) User=0.06s Sys=0.00s Real=0.05s
[5097.874s][debug][gc,phases      ] GC(524) Pre Compact 0.011ms
[5097.874s][info ][gc,start       ] GC(524) Pause Full (Ergonomics)
[5097.874s][info ][gc,phases,start] GC(524) Marking Phase
[5098.164s][debug][gc,phases      ] GC(524) Par Mark 290.066ms
[5098.165s][debug][gc,ref         ] GC(524) Skipped phase3 of Reference Processing due to unavailable references
[5098.165s][debug][gc,phases      ] GC(524) Reference Processing 0.790ms
[5098.165s][debug][gc,phases      ] GC(524) Weak Processing 0.194ms
[5098.166s][debug][gc,phases      ] GC(524) ClassLoaderData 0.685ms
[5098.166s][debug][gc,phases      ] GC(524) ProtectionDomainCacheTable 0.004ms
[5098.166s][debug][gc,phases      ] GC(524) ResolvedMethodTable 0.214ms
[5098.186s][debug][gc,phases      ] GC(524) Class Unloading 20.338ms
[5098.186s][debug][gc,phases      ] GC(524) Scrub String Table 0.675ms
[5098.201s][debug][gc,phases      ] GC(524) Scrub Symbol Table 14.356ms
[5098.201s][info ][gc,phases      ] GC(524) Marking Phase 327.270ms
[5098.201s][info ][gc,phases,start] GC(524) Summary Phase
[5098.201s][info ][gc,phases      ] GC(524) Summary Phase 0.027ms
[5098.201s][info ][gc,phases,start] GC(524) Adjust Roots
[5098.232s][info ][gc,phases      ] GC(524) Adjust Roots 30.841ms
[5098.232s][info ][gc,phases,start] GC(524) Compaction Phase
[5098.338s][info ][gc,phases      ] GC(524) Compaction Phase 106.225ms
[5098.338s][info ][gc,phases,start] GC(524) Post Compact
[5098.340s][info ][gc,phases      ] GC(524) Post Compact 1.920ms
[5098.340s][info ][gc,heap        ] GC(524) PSYoungGen: 35552K->0K(2044928K)
[5098.340s][info ][gc,heap        ] GC(524) ParOldGen: 575605K->408731K(602624K)
[5098.340s][info ][gc,metaspace   ] GC(524) Metaspace: 77093K->77093K(1120256K)
[5098.340s][info ][gc             ] GC(524) Pause Full (Ergonomics) 596M->399M(2585M) 466.612ms
[5098.340s][info ][gc,cpu         ] GC(524) User=0.91s Sys=0.01s Real=0.47s
[5098.340s][info ][safepoint      ] Leaving safepoint region
[5098.340s][info ][safepoint      ] Total time for which application threads were stopped: 0.5105432 seconds, Stopping threads took: 0.0000391 seconds
[5107.953s][info ][safepoint      ] Application time: 9.6125413 seconds
[5107.953s][info ][safepoint      ] Entering safepoint region: ParallelGCFailedAllocation
[5107.953s][info ][gc,start       ] GC(525) Pause Young (Allocation Failure)
[5107.956s][debug][gc,phases      ] GC(525) Scavenge 2.441ms
[5107.956s][debug][gc,ref         ] GC(525) Skipped phase1 of Reference Processing due to unavailable references
[5107.956s][debug][gc,ref         ] GC(525) Skipped phase2 of Reference Processing due to unavailable references
[5107.956s][debug][gc,ref         ] GC(525) Skipped phase3 of Reference Processing due to unavailable references
[5107.956s][debug][gc,ref         ] GC(525) Skipped phase4 of Reference Processing due to unavailable references
[5107.956s][debug][gc,phases      ] GC(525) Reference Processing 0.037ms
[5107.956s][debug][gc,phases      ] GC(525) Weak Processing 0.157ms
[5107.956s][debug][gc,phases      ] GC(525) Scrub String Table 0.581ms
[5107.956s][debug][gc,age         ] GC(525) Desired survivor size 57147392 bytes, new threshold 15 (max threshold 15)
[5107.956s][info ][gc,heap        ] GC(525) PSYoungGen: 1993728K->672K(2036736K)
[5107.956s][info ][gc,heap        ] GC(525) ParOldGen: 408731K->408731K(602624K)
[5107.956s][info ][gc,metaspace   ] GC(525) Metaspace: 77093K->77093K(1120256K)
[5107.956s][info ][gc             ] GC(525) Pause Young (Allocation Failure) 2346M->399M(2577M) 3.374ms
[5107.956s][info ][gc,cpu         ] GC(525) User=0.01s Sys=0.00s Real=0.00s
[5107.956s][info ][safepoint      ] Leaving safepoint region
[5107.956s][info ][safepoint      ] Total time for which application threads were stopped: 0.0036372 seconds, Stopping threads took: 0.0000930 seconds
[5112.957s][info ][safepoint      ] Application time: 5.0004030 seconds
[5112.957s][info ][safepoint      ] Entering safepoint region: Cleanup
[5112.957s][info ][safepoint      ] Leaving safepoint region
[5112.957s][info ][safepoint      ] Total time for which application threads were stopped: 0.0001210 seconds, Stopping threads took: 0.0000359 seconds
[5116.957s][info ][safepoint      ] Application time: 4.0002746 seconds
[5116.957s][info ][safepoint      ] Entering safepoint region: Cleanup
[5116.957s][info ][safepoint      ] Leaving safepoint region
[5116.957s][info ][safepoint      ] Total time for which application threads were stopped: 0.0001154 seconds, Stopping threads took: 0.0000320 seconds
[5117.265s][info ][safepoint      ] Application time: 0.3073889 seconds
[5117.265s][info ][safepoint      ] Entering safepoint region: ParallelGCFailedAllocation
[5117.265s][info ][gc,start       ] GC(526) Pause Young (Allocation Failure)
[5117.271s][debug][gc,phases      ] GC(526) Scavenge 5.713ms
[5117.271s][debug][gc,ref         ] GC(526) Skipped phase1 of Reference Processing due to unavailable references
[5117.271s][debug][gc,ref         ] GC(526) Skipped phase2 of Reference Processing due to unavailable references
[5117.271s][debug][gc,ref         ] GC(526) Skipped phase3 of Reference Processing due to unavailable references
[5117.271s][debug][gc,phases      ] GC(526) Reference Processing 0.027ms
[5117.271s][debug][gc,phases      ] GC(526) Weak Processing 0.143ms
[5117.271s][debug][gc,phases      ] GC(526) Scrub String Table 0.454ms
[5117.271s][debug][gc,age         ] GC(526) Desired survivor size 59244544 bytes, new threshold 15 (max threshold 15)
[5117.271s][info ][gc,heap        ] GC(526) PSYoungGen: 1986208K->7200K(1993216K)
[5117.271s][info ][gc,heap        ] GC(526) ParOldGen: 408731K->408731K(602624K)
[5117.271s][info ][gc,metaspace   ] GC(526) Metaspace: 77100K->77100K(1120256K)
[5117.271s][info ][gc             ] GC(526) Pause Young (Allocation Failure) 2338M->406M(2535M) 6.460ms
[5117.271s][info ][gc,cpu         ] GC(526) User=0.02s Sys=0.00s Real=0.00s
[5117.272s][info ][safepoint      ] Leaving safepoint region
[5117.272s][info ][safepoint      ] Total time for which application threads were stopped: 0.0066303 seconds, Stopping threads took: 0.0000270 seconds
[5119.272s][info ][safepoint      ] Application time: 2.0001650 seconds
[5119.272s][info ][safepoint      ] Entering safepoint region: Cleanup
[5119.272s][info ][safepoint      ] Leaving safepoint region
[5119.272s][info ][safepoint      ] Total time for which application threads were stopped: 0.0001170 seconds, Stopping threads took: 0.0000351 seconds
[5124.272s][info ][safepoint      ] Application time: 5.0003767 seconds
[5124.272s][info ][safepoint      ] Entering safepoint region: Cleanup
[5124.272s][info ][safepoint      ] Leaving safepoint region
[5124.272s][info ][safepoint      ] Total time for which application threads were stopped: 0.0000942 seconds, Stopping threads took: 0.0000313 seconds
[5126.867s][info ][safepoint      ] Application time: 2.5947689 seconds
[5126.867s][info ][safepoint      ] Entering safepoint region: ParallelGCFailedAllocation
[5126.867s][info ][gc,start       ] GC(527) Pause Young (Allocation Failure)
[5126.870s][debug][gc,phases      ] GC(527) Scavenge 2.712ms
[5126.870s][debug][gc,ref         ] GC(527) Skipped phase1 of Reference Processing due to unavailable references
[5126.870s][debug][gc,ref         ] GC(527) Skipped phase2 of Reference Processing due to unavailable references
[5126.870s][debug][gc,ref         ] GC(527) Skipped phase3 of Reference Processing due to unavailable references
[5126.870s][debug][gc,phases      ] GC(527) Reference Processing 0.027ms
[5126.870s][debug][gc,phases      ] GC(527) Weak Processing 0.136ms
[5126.871s][debug][gc,phases      ] GC(527) Scrub String Table 0.429ms
[5126.871s][debug][gc,age         ] GC(527) Desired survivor size 61865984 bytes, new threshold 15 (max threshold 15)
[5126.871s][info ][gc,heap        ] GC(527) PSYoungGen: 1992736K->1344K(2034176K)
[5126.871s][info ][gc,heap        ] GC(527) ParOldGen: 408731K->408731K(602624K)
[5126.871s][info ][gc,metaspace   ] GC(527) Metaspace: 77100K->77100K(1120256K)
[5126.871s][info ][gc             ] GC(527) Pause Young (Allocation Failure) 2345M->400M(2575M) 3.423ms
[5126.871s][info ][gc,cpu         ] GC(527) User=0.02s Sys=0.00s Real=0.00s
[5126.871s][info ][safepoint      ] Leaving safepoint region
[5126.871s][info ][safepoint      ] Total time for which application threads were stopped: 0.0035727 seconds, Stopping threads took: 0.0000121 seconds
[5132.871s][info ][safepoint      ] Application time: 6.0004377 seconds
[5132.871s][info ][safepoint      ] Entering safepoint region: Cleanup
[5132.871s][info ][safepoint      ] Leaving safepoint region
[5132.871s][info ][safepoint      ] Total time for which application threads were stopped: 0.0001226 seconds, Stopping threads took: 0.0000506 seconds
[5135.872s][info ][safepoint      ] Application time: 3.0002019 seconds
[5135.872s][info ][safepoint      ] Entering safepoint region: Cleanup
[5135.872s][info ][safepoint      ] Leaving safepoint region
[5135.872s][info ][safepoint      ] Total time for which application threads were stopped: 0.0001124 seconds, Stopping threads took: 0.0000329 seconds
[5136.652s][info ][safepoint      ] Application time: 0.7804601 seconds
[5136.652s][info ][safepoint      ] Entering safepoint region: ParallelGCFailedAllocation
[5136.652s][info ][gc,start       ] GC(528) Pause Young (Allocation Failure)
[5136.657s][debug][gc,phases      ] GC(528) Scavenge 4.939ms
[5136.657s][debug][gc,ref         ] GC(528) Skipped phase1 of Reference Processing due to unavailable references
[5136.657s][debug][gc,ref         ] GC(528) Skipped phase2 of Reference Processing due to unavailable references
[5136.657s][debug][gc,ref         ] GC(528) Skipped phase3 of Reference Processing due to unavailable references
[5136.657s][debug][gc,phases      ] GC(528) Reference Processing 0.037ms
[5136.658s][debug][gc,phases      ] GC(528) Weak Processing 0.139ms
[5136.658s][debug][gc,phases      ] GC(528) Scrub String Table 0.426ms
[5136.658s][debug][gc,age         ] GC(528) Desired survivor size 62914560 bytes, new threshold 15 (max threshold 15)
[5136.658s][info ][gc,heap        ] GC(528) PSYoungGen: 1977664K->1792K(1978368K)
[5136.658s][info ][gc,heap        ] GC(528) ParOldGen: 408731K->408731K(602624K)
[5136.658s][info ][gc,metaspace   ] GC(528) Metaspace: 77103K->77103K(1120256K)
[5136.658s][info ][gc             ] GC(528) Pause Young (Allocation Failure) 2330M->400M(2520M) 5.673ms
[5136.658s][info ][gc,cpu         ] GC(528) User=0.02s Sys=0.00s Real=0.00s
[5136.658s][info ][safepoint      ] Leaving safepoint region
[5136.658s][info ][safepoint      ] Total time for which application threads were stopped: 0.0059378 seconds, Stopping threads took: 0.0000739 seconds
[5140.279s][info ][safepoint      ] Application time: 3.6209870 seconds
[5140.279s][info ][safepoint      ] Entering safepoint region: RevokeBias
[5140.279s][info ][safepoint      ] Leaving safepoint region
[5140.279s][info ][safepoint      ] Total time for which application threads were stopped: 0.0001400 seconds, Stopping threads took: 0.0000351 seconds
[5146.906s][info ][safepoint      ] Application time: 6.6268493 seconds
[5146.906s][info ][safepoint      ] Entering safepoint region: ParallelGCFailedAllocation
[5146.906s][info ][gc,start       ] GC(529) Pause Young (Allocation Failure)
[5146.922s][debug][gc,phases      ] GC(529) Scavenge 15.431ms
[5146.922s][debug][gc,ref         ] GC(529) Skipped phase1 of Reference Processing due to unavailable references
[5146.922s][debug][gc,ref         ] GC(529) Skipped phase2 of Reference Processing due to unavailable references
[5146.922s][debug][gc,ref         ] GC(529) Skipped phase3 of Reference Processing due to unavailable references
[5146.922s][debug][gc,phases      ] GC(529) Reference Processing 0.035ms
[5146.922s][debug][gc,phases      ] GC(529) Weak Processing 0.201ms
[5146.923s][debug][gc,phases      ] GC(529) Scrub String Table 0.608ms
[5146.923s][debug][gc,age         ] GC(529) Desired survivor size 63438848 bytes, new threshold 15 (max threshold 15)
[5146.923s][info ][gc,heap        ] GC(529) PSYoungGen: 1978112K->2048K(2034688K)
[5146.923s][info ][gc,heap        ] GC(529) ParOldGen: 408731K->408731K(602624K)
[5146.923s][info ][gc,metaspace   ] GC(529) Metaspace: 77103K->77103K(1120256K)
[5146.923s][info ][gc             ] GC(529) Pause Young (Allocation Failure) 2330M->401M(2575M) 16.434ms
[5146.923s][info ][gc,cpu         ] GC(529) User=0.03s Sys=0.00s Real=0.02s
[5146.923s][info ][safepoint      ] Leaving safepoint region
[5146.923s][info ][safepoint      ] Total time for which application threads were stopped: 0.0166306 seconds, Stopping threads took: 0.0000176 seconds
[5149.923s][info ][safepoint      ] Application time: 3.0002297 seconds
[5149.923s][info ][safepoint      ] Entering safepoint region: Cleanup
[5149.923s][info ][safepoint      ] Leaving safepoint region
[5149.923s][info ][safepoint      ] Total time for which application threads were stopped: 0.0001088 seconds, Stopping threads took: 0.0000406 seconds
[5154.924s][info ][safepoint      ] Application time: 5.0003943 seconds
[5154.924s][info ][safepoint      ] Entering safepoint region: Cleanup
[5154.924s][info ][safepoint      ] Leaving safepoint region
[5154.924s][info ][safepoint      ] Total time for which application threads were stopped: 0.0000949 seconds, Stopping threads took: 0.0000333 seconds
[5157.402s][info ][safepoint      ] Application time: 2.4784004 seconds
[5157.402s][info ][safepoint      ] Entering safepoint region: ParallelGCFailedAllocation
[5157.402s][info ][gc,start       ] GC(530) Pause Young (Allocation Failure)
[5157.406s][debug][gc,phases      ] GC(530) Scavenge 3.638ms
[5157.406s][debug][gc,ref         ] GC(530) Skipped phase1 of Reference Processing due to unavailable references
[5157.406s][debug][gc,ref         ] GC(530) Skipped phase3 of Reference Processing due to unavailable references
[5157.406s][debug][gc,phases      ] GC(530) Reference Processing 0.029ms
[5157.406s][debug][gc,phases      ] GC(530) Weak Processing 0.142ms
[5157.407s][debug][gc,phases      ] GC(530) Scrub String Table 0.439ms
[5157.407s][debug][gc,age         ] GC(530) Desired survivor size 62914560 bytes, new threshold 15 (max threshold 15)
[5157.407s][info ][gc,heap        ] GC(530) PSYoungGen: 1975296K->2288K(2035200K)
[5157.407s][info ][gc,heap        ] GC(530) ParOldGen: 408731K->408731K(602624K)
[5157.407s][info ][gc,metaspace   ] GC(530) Metaspace: 77107K->77107K(1120256K)
[5157.407s][info ][gc             ] GC(530) Pause Young (Allocation Failure) 2328M->401M(2576M) 4.378ms
[5157.407s][info ][gc,cpu         ] GC(530) User=0.01s Sys=0.00s Real=0.00s
[5157.407s][info ][safepoint      ] Leaving safepoint region
[5157.407s][info ][safepoint      ] Total time for which application threads were stopped: 0.0045729 seconds, Stopping threads took: 0.0000344 seconds
[5158.407s][info ][safepoint      ] Application time: 1.0000806 seconds
[5158.407s][info ][safepoint      ] Entering safepoint region: Cleanup
[5158.407s][info ][safepoint      ] Leaving safepoint region
[5158.407s][info ][safepoint      ] Total time for which application threads were stopped: 0.0001257 seconds, Stopping threads took: 0.0000516 seconds
[5167.408s][info ][safepoint      ] Application time: 9.0006524 seconds
[5167.408s][info ][safepoint      ] Entering safepoint region: Cleanup
[5167.408s][info ][safepoint      ] Leaving safepoint region
[5167.408s][info ][safepoint      ] Total time for which application threads were stopped: 0.0001125 seconds, Stopping threads took: 0.0000357 seconds
[5167.963s][info ][safepoint      ] Application time: 0.5552703 seconds
[5167.963s][info ][safepoint      ] Entering safepoint region: ParallelGCFailedAllocation
[5167.963s][info ][gc,start       ] GC(531) Pause Young (Allocation Failure)
[5167.967s][debug][gc,phases      ] GC(531) Scavenge 3.312ms
[5167.967s][debug][gc,ref         ] GC(531) Skipped phase1 of Reference Processing due to unavailable references
[5167.967s][debug][gc,ref         ] GC(531) Skipped phase3 of Reference Processing due to unavailable references
[5167.967s][debug][gc,phases      ] GC(531) Reference Processing 0.030ms
[5167.967s][debug][gc,phases      ] GC(531) Weak Processing 0.144ms
[5167.967s][debug][gc,phases      ] GC(531) Scrub String Table 0.448ms
[5167.967s][debug][gc,age         ] GC(531) Desired survivor size 61865984 bytes, new threshold 15 (max threshold 15)
[5167.967s][info ][gc,heap        ] GC(531) PSYoungGen: 1975536K->2416K(2036736K)
[5167.967s][info ][gc,heap        ] GC(531) ParOldGen: 408731K->408731K(602624K)
[5167.967s][info ][gc,metaspace   ] GC(531) Metaspace: 77124K->77124K(1120256K)
[5167.967s][info ][gc             ] GC(531) Pause Young (Allocation Failure) 2328M->401M(2577M) 4.079ms
[5167.967s][info ][gc,cpu         ] GC(531) User=0.01s Sys=0.00s Real=0.00s
[5167.967s][info ][safepoint      ] Leaving safepoint region
[5167.967s][info ][safepoint      ] Total time for which application threads were stopped: 0.0042493 seconds, Stopping threads took: 0.0000126 seconds
[5177.417s][info ][safepoint      ] Application time: 9.4491979 seconds
[5177.417s][info ][safepoint      ] Entering safepoint region: RevokeBias
[5177.417s][info ][safepoint      ] Leaving safepoint region
[5177.417s][info ][safepoint      ] Total time for which application threads were stopped: 0.0001305 seconds, Stopping threads took: 0.0000455 seconds
[5178.606s][info ][safepoint      ] Application time: 1.1891865 seconds
[5178.606s][info ][safepoint      ] Entering safepoint region: ParallelGCFailedAllocation
[5178.606s][info ][gc,start       ] GC(532) Pause Young (Allocation Failure)
[5178.609s][debug][gc,phases      ] GC(532) Scavenge 3.078ms
[5178.609s][debug][gc,ref         ] GC(532) Skipped phase1 of Reference Processing due to unavailable references
[5178.609s][debug][gc,ref         ] GC(532) Skipped phase3 of Reference Processing due to unavailable references
[5178.609s][debug][gc,ref         ] GC(532) Skipped phase4 of Reference Processing due to unavailable references
[5178.609s][debug][gc,phases      ] GC(532) Reference Processing 0.035ms
[5178.609s][debug][gc,phases      ] GC(532) Weak Processing 0.165ms
[5178.610s][debug][gc,phases      ] GC(532) Scrub String Table 0.543ms
[5178.610s][debug][gc,age         ] GC(532) Desired survivor size 60817408 bytes, new threshold 15 (max threshold 15)
[5178.610s][info ][gc,heap        ] GC(532) PSYoungGen: 1977712K->2464K(2035712K)
[5178.610s][info ][gc,heap        ] GC(532) ParOldGen: 408731K->408731K(602624K)
[5178.610s][info ][gc,metaspace   ] GC(532) Metaspace: 77124K->77124K(1120256K)
[5178.610s][info ][gc             ] GC(532) Pause Young (Allocation Failure) 2330M->401M(2576M) 3.956ms
[5178.610s][info ][gc,cpu         ] GC(532) User=0.01s Sys=0.00s Real=0.00s
[5178.610s][info ][safepoint      ] Leaving safepoint region
[5178.610s][info ][safepoint      ] Total time for which application threads were stopped: 0.0041237 seconds, Stopping threads took: 0.0000126 seconds
[5180.610s][info ][safepoint      ] Application time: 2.0001602 seconds
[5180.610s][info ][safepoint      ] Entering safepoint region: Cleanup
[5180.610s][info ][safepoint      ] Leaving safepoint region
[5180.610s][info ][safepoint      ] Total time for which application threads were stopped: 0.0000896 seconds, Stopping threads took: 0.0000335 seconds
[5189.355s][info ][safepoint      ] Application time: 8.7445459 seconds
[5189.355s][info ][safepoint      ] Entering safepoint region: ParallelGCFailedAllocation
[5189.355s][info ][gc,start       ] GC(533) Pause Young (Allocation Failure)
[5189.358s][debug][gc,phases      ] GC(533) Scavenge 3.099ms
[5189.358s][debug][gc,ref         ] GC(533) Skipped phase1 of Reference Processing due to unavailable references
[5189.358s][debug][gc,ref         ] GC(533) Skipped phase3 of Reference Processing due to unavailable references
[5189.358s][debug][gc,ref         ] GC(533) Skipped phase4 of Reference Processing due to unavailable references
[5189.358s][debug][gc,phases      ] GC(533) Reference Processing 0.028ms
[5189.358s][debug][gc,phases      ] GC(533) Weak Processing 0.142ms
[5189.359s][debug][gc,phases      ] GC(533) Scrub String Table 0.428ms
[5189.359s][debug][gc,age         ] GC(533) Desired survivor size 59244544 bytes, new threshold 15 (max threshold 15)
[5189.359s][info ][gc,heap        ] GC(533) PSYoungGen: 1977760K->2320K(2039296K)
[5189.359s][info ][gc,heap        ] GC(533) ParOldGen: 408731K->408731K(602624K)
[5189.359s][info ][gc,metaspace   ] GC(533) Metaspace: 77124K->77124K(1120256K)
[5189.359s][info ][gc             ] GC(533) Pause Young (Allocation Failure) 2330M->401M(2580M) 3.815ms
[5189.359s][info ][gc,cpu         ] GC(533) User=0.02s Sys=0.00s Real=0.00s
[5189.359s][info ][safepoint      ] Leaving safepoint region
[5189.359s][info ][safepoint      ] Total time for which application threads were stopped: 0.0039875 seconds, Stopping threads took: 0.0000114 seconds
[5192.359s][info ][safepoint      ] Application time: 3.0002390 seconds
[5192.359s][info ][safepoint      ] Entering safepoint region: Cleanup
[5192.359s][info ][safepoint      ] Leaving safepoint region
[5192.359s][info ][safepoint      ] Total time for which application threads were stopped: 0.0001052 seconds, Stopping threads took: 0.0000380 seconds
[5193.359s][info ][safepoint      ] Application time: 1.0000774 seconds
[5193.360s][info ][safepoint      ] Entering safepoint region: Cleanup
[5193.360s][info ][safepoint      ] Leaving safepoint region
[5193.360s][info ][safepoint      ] Total time for which application threads were stopped: 0.0001047 seconds, Stopping threads took: 0.0000309 seconds
[5194.360s][info ][safepoint      ] Application time: 1.0000837 seconds
[5194.360s][info ][safepoint      ] Entering safepoint region: Cleanup
[5194.360s][info ][safepoint      ] Leaving safepoint region
[5194.360s][info ][safepoint      ] Total time for which application threads were stopped: 0.0001022 seconds, Stopping threads took: 0.0000356 seconds
[5195.360s][info ][safepoint      ] Application time: 1.0000866 seconds
[5195.360s][info ][safepoint      ] Entering safepoint region: Cleanup
[5195.360s][info ][safepoint      ] Leaving safepoint region
[5195.360s][info ][safepoint      ] Total time for which application threads were stopped: 0.0001005 seconds, Stopping threads took: 0.0000360 seconds
[5196.360s][info ][safepoint      ] Application time: 1.0000865 seconds
[5196.360s][info ][safepoint      ] Entering safepoint region: Cleanup
[5196.360s][info ][safepoint      ] Leaving safepoint region
[5196.360s][info ][safepoint      ] Total time for which application threads were stopped: 0.0001067 seconds, Stopping threads took: 0.0000368 seconds
[5197.360s][info ][safepoint      ] Application time: 1.0000774 seconds
[5197.360s][info ][safepoint      ] Entering safepoint region: Cleanup
[5197.361s][info ][safepoint      ] Leaving safepoint region
[5197.361s][info ][safepoint      ] Total time for which application threads were stopped: 0.0000916 seconds, Stopping threads took: 0.0000324 seconds
[5198.361s][info ][safepoint      ] Application time: 1.0000814 seconds
[5198.361s][info ][safepoint      ] Entering safepoint region: Cleanup
[5198.361s][info ][safepoint      ] Leaving safepoint region
[5198.361s][info ][safepoint      ] Total time for which application threads were stopped: 0.0001083 seconds, Stopping threads took: 0.0000397 seconds
[5199.361s][info ][safepoint      ] Application time: 1.0000886 seconds
[5199.361s][info ][safepoint      ] Entering safepoint region: Cleanup
[5199.361s][info ][safepoint      ] Leaving safepoint region
[5199.361s][info ][safepoint      ] Total time for which application threads were stopped: 0.0001086 seconds, Stopping threads took: 0.0000371 seconds
[5200.152s][info ][safepoint      ] Application time: 0.7912663 seconds
[5200.152s][info ][safepoint      ] Entering safepoint region: ParallelGCFailedAllocation
[5200.153s][info ][gc,start       ] GC(534) Pause Young (Allocation Failure)
[5200.156s][debug][gc,phases      ] GC(534) Scavenge 3.505ms
[5200.156s][debug][gc,ref         ] GC(534) Skipped phase1 of Reference Processing due to unavailable references
[5200.156s][debug][gc,ref         ] GC(534) Skipped phase3 of Reference Processing due to unavailable references
[5200.156s][debug][gc,ref         ] GC(534) Skipped phase4 of Reference Processing due to unavailable references
[5200.156s][debug][gc,phases      ] GC(534) Reference Processing 0.057ms
[5200.156s][debug][gc,phases      ] GC(534) Weak Processing 0.141ms
[5200.157s][debug][gc,phases      ] GC(534) Scrub String Table 0.443ms
[5200.157s][debug][gc,age         ] GC(534) Desired survivor size 57147392 bytes, new threshold 15 (max threshold 15)
[5200.157s][info ][gc,heap        ] GC(534) PSYoungGen: 1982224K->2464K(2037760K)
[5200.157s][info ][gc,heap        ] GC(534) ParOldGen: 408731K->408731K(602624K)
[5200.157s][info ][gc,metaspace   ] GC(534) Metaspace: 77124K->77124K(1120256K)
[5200.157s][info ][gc             ] GC(534) Pause Young (Allocation Failure) 2334M->401M(2578M) 4.292ms
[5200.157s][info ][gc,cpu         ] GC(534) User=0.02s Sys=0.00s Real=0.00s
[5200.157s][info ][safepoint      ] Leaving safepoint region
[5200.157s][info ][safepoint      ] Total time for which application threads were stopped: 0.0045733 seconds, Stopping threads took: 0.0000734 seconds
[5201.157s][info ][safepoint      ] Application time: 1.0001026 seconds
[5201.157s][info ][safepoint      ] Entering safepoint region: Cleanup
[5201.157s][info ][safepoint      ] Leaving safepoint region
[5201.157s][info ][safepoint      ] Total time for which application threads were stopped: 0.0001057 seconds, Stopping threads took: 0.0000432 seconds
[5202.157s][info ][safepoint      ] Application time: 1.0000780 seconds
[5202.157s][info ][safepoint      ] Entering safepoint region: Cleanup
[5202.157s][info ][safepoint      ] Leaving safepoint region
[5202.157s][info ][safepoint      ] Total time for which application threads were stopped: 0.0000949 seconds, Stopping threads took: 0.0000322 seconds
[5203.157s][info ][safepoint      ] Application time: 1.0000733 seconds
[5203.157s][info ][safepoint      ] Entering safepoint region: Cleanup
[5203.158s][info ][safepoint      ] Leaving safepoint region
[5203.158s][info ][safepoint      ] Total time for which application threads were stopped: 0.0000951 seconds, Stopping threads took: 0.0000388 seconds
[5204.158s][info ][safepoint      ] Application time: 1.0000765 seconds
[5204.158s][info ][safepoint      ] Entering safepoint region: Cleanup
[5204.158s][info ][safepoint      ] Leaving safepoint region
[5204.158s][info ][safepoint      ] Total time for which application threads were stopped: 0.0000967 seconds, Stopping threads took: 0.0000365 seconds
[5205.158s][info ][safepoint      ] Application time: 1.0000733 seconds
[5205.158s][info ][safepoint      ] Entering safepoint region: Cleanup
[5205.158s][info ][safepoint      ] Leaving safepoint region
[5205.158s][info ][safepoint      ] Total time for which application threads were stopped: 0.0001073 seconds, Stopping threads took: 0.0000523 seconds
[5206.158s][info ][safepoint      ] Application time: 1.0000788 seconds
[5206.158s][info ][safepoint      ] Entering safepoint region: Cleanup
[5206.158s][info ][safepoint      ] Leaving safepoint region
[5206.158s][info ][safepoint      ] Total time for which application threads were stopped: 0.0000930 seconds, Stopping threads took: 0.0000333 seconds
[5207.158s][info ][safepoint      ] Application time: 1.0000739 seconds
[5207.158s][info ][safepoint      ] Entering safepoint region: Cleanup
[5207.158s][info ][safepoint      ] Leaving safepoint region
[5207.158s][info ][safepoint      ] Total time for which application threads were stopped: 0.0000970 seconds, Stopping threads took: 0.0000344 seconds
[5208.159s][info ][safepoint      ] Application time: 1.0000784 seconds
[5208.159s][info ][safepoint      ] Entering safepoint region: Cleanup
[5208.159s][info ][safepoint      ] Leaving safepoint region
[5208.159s][info ][safepoint      ] Total time for which application threads were stopped: 0.0000987 seconds, Stopping threads took: 0.0000368 seconds
[5209.159s][info ][safepoint      ] Application time: 1.0000845 seconds
[5209.159s][info ][safepoint      ] Entering safepoint region: Cleanup
[5209.159s][info ][safepoint      ] Leaving safepoint region
[5209.159s][info ][safepoint      ] Total time for which application threads were stopped: 0.0000960 seconds, Stopping threads took: 0.0000349 seconds
[5210.159s][info ][safepoint      ] Application time: 1.0000801 seconds
[5210.159s][info ][safepoint      ] Entering safepoint region: Cleanup
[5210.159s][info ][safepoint      ] Leaving safepoint region
[5210.159s][info ][safepoint      ] Total time for which application threads were stopped: 0.0001079 seconds, Stopping threads took: 0.0000495 seconds
[5210.916s][info ][safepoint      ] Application time: 0.7572011 seconds
[5210.916s][info ][safepoint      ] Entering safepoint region: ParallelGCFailedAllocation
[5210.916s][info ][gc,start       ] GC(535) Pause Young (Allocation Failure)
[5210.920s][debug][gc,phases      ] GC(535) Scavenge 3.159ms
[5210.920s][debug][gc,ref         ] GC(535) Skipped phase1 of Reference Processing due to unavailable references
[5210.920s][debug][gc,ref         ] GC(535) Skipped phase3 of Reference Processing due to unavailable references
[5210.920s][debug][gc,ref         ] GC(535) Skipped phase4 of Reference Processing due to unavailable references
[5210.920s][debug][gc,phases      ] GC(535) Reference Processing 0.027ms
[5210.920s][debug][gc,phases      ] GC(535) Weak Processing 0.124ms
[5210.920s][debug][gc,phases      ] GC(535) Scrub String Table 0.464ms
[5210.920s][debug][gc,age         ] GC(535) Desired survivor size 55050240 bytes, new threshold 15 (max threshold 15)
[5210.920s][info ][gc,heap        ] GC(535) PSYoungGen: 1982368K->2592K(2043392K)
[5210.920s][info ][gc,heap        ] GC(535) ParOldGen: 408731K->408731K(602624K)
[5210.920s][info ][gc,metaspace   ] GC(535) Metaspace: 77124K->77124K(1120256K)
[5210.920s][info ][gc             ] GC(535) Pause Young (Allocation Failure) 2335M->401M(2584M) 3.886ms
[5210.920s][info ][gc,cpu         ] GC(535) User=0.01s Sys=0.01s Real=0.01s
[5210.920s][info ][safepoint      ] Leaving safepoint region
[5210.920s][info ][safepoint      ] Total time for which application threads were stopped: 0.0040338 seconds, Stopping threads took: 0.0000134 seconds
[5211.921s][info ][safepoint      ] Application time: 1.0000771 seconds
[5211.921s][info ][safepoint      ] Entering safepoint region: Cleanup
[5211.921s][info ][safepoint      ] Leaving safepoint region
[5211.921s][info ][safepoint      ] Total time for which application threads were stopped: 0.0000784 seconds, Stopping threads took: 0.0000317 seconds
[5212.921s][info ][safepoint      ] Application time: 1.0000744 seconds
[5212.921s][info ][safepoint      ] Entering safepoint region: Cleanup
[5212.921s][info ][safepoint      ] Leaving safepoint region
[5212.921s][info ][safepoint      ] Total time for which application threads were stopped: 0.0001014 seconds, Stopping threads took: 0.0000378 seconds
[5213.921s][info ][safepoint      ] Application time: 1.0000732 seconds
[5213.921s][info ][safepoint      ] Entering safepoint region: Cleanup
[5213.921s][info ][safepoint      ] Leaving safepoint region
[5213.921s][info ][safepoint      ] Total time for which application threads were stopped: 0.0000922 seconds, Stopping threads took: 0.0000359 seconds
[5214.921s][info ][safepoint      ] Application time: 1.0000684 seconds
[5214.921s][info ][safepoint      ] Entering safepoint region: Cleanup
[5214.921s][info ][safepoint      ] Leaving safepoint region
[5214.921s][info ][safepoint      ] Total time for which application threads were stopped: 0.0000929 seconds, Stopping threads took: 0.0000316 seconds
[5215.921s][info ][safepoint      ] Application time: 1.0000709 seconds
[5215.921s][info ][safepoint      ] Entering safepoint region: Cleanup
[5215.921s][info ][safepoint      ] Leaving safepoint region
[5215.921s][info ][safepoint      ] Total time for which application threads were stopped: 0.0001122 seconds, Stopping threads took: 0.0000598 seconds
[5216.922s][info ][safepoint      ] Application time: 1.0000726 seconds
[5216.922s][info ][safepoint      ] Entering safepoint region: Cleanup
[5216.922s][info ][safepoint      ] Leaving safepoint region
[5216.922s][info ][safepoint      ] Total time for which application threads were stopped: 0.0000926 seconds, Stopping threads took: 0.0000305 seconds
[5217.922s][info ][safepoint      ] Application time: 1.0000795 seconds
[5217.922s][info ][safepoint      ] Entering safepoint region: Cleanup
[5217.922s][info ][safepoint      ] Leaving safepoint region
[5217.922s][info ][safepoint      ] Total time for which application threads were stopped: 0.0000877 seconds, Stopping threads took: 0.0000336 seconds
[5218.922s][info ][safepoint      ] Application time: 1.0000579 seconds
[5218.922s][info ][safepoint      ] Entering safepoint region: Cleanup
[5218.922s][info ][safepoint      ] Leaving safepoint region
[5218.922s][info ][safepoint      ] Total time for which application threads were stopped: 0.0000908 seconds, Stopping threads took: 0.0000339 seconds
[5219.922s][info ][safepoint      ] Application time: 1.0000835 seconds
[5219.922s][info ][safepoint      ] Entering safepoint region: Cleanup
[5219.922s][info ][safepoint      ] Leaving safepoint region
[5219.922s][info ][safepoint      ] Total time for which application threads were stopped: 0.0000892 seconds, Stopping threads took: 0.0000359 seconds
[5220.922s][info ][safepoint      ] Application time: 1.0000736 seconds
[5220.922s][info ][safepoint      ] Entering safepoint region: Cleanup
[5220.923s][info ][safepoint      ] Leaving safepoint region
[5220.923s][info ][safepoint      ] Total time for which application threads were stopped: 0.0000844 seconds, Stopping threads took: 0.0000343 seconds
[5221.302s][info ][safepoint      ] Application time: 0.3792425 seconds
[5221.302s][info ][safepoint      ] Entering safepoint region: ParallelGCFailedAllocation
[5221.302s][info ][gc,start       ] GC(536) Pause Young (Allocation Failure)
[5221.305s][debug][gc,phases      ] GC(536) Scavenge 3.366ms
[5221.305s][debug][gc,ref         ] GC(536) Skipped phase1 of Reference Processing due to unavailable references
[5221.305s][debug][gc,ref         ] GC(536) Skipped phase3 of Reference Processing due to unavailable references
[5221.305s][debug][gc,ref         ] GC(536) Skipped phase4 of Reference Processing due to unavailable references
[5221.305s][debug][gc,phases      ] GC(536) Reference Processing 0.028ms
[5221.306s][debug][gc,phases      ] GC(536) Weak Processing 0.137ms
[5221.306s][debug][gc,phases      ] GC(536) Scrub String Table 0.455ms
[5221.306s][debug][gc,age         ] GC(536) Desired survivor size 52953088 bytes, new threshold 15 (max threshold 15)
[5221.306s][info ][gc,heap        ] GC(536) PSYoungGen: 1990176K->2736K(2041344K)
[5221.306s][info ][gc,heap        ] GC(536) ParOldGen: 408731K->408731K(602624K)
[5221.306s][info ][gc,metaspace   ] GC(536) Metaspace: 77124K->77124K(1120256K)
[5221.306s][info ][gc             ] GC(536) Pause Young (Allocation Failure) 2342M->401M(2582M) 4.104ms
[5221.306s][info ][gc,cpu         ] GC(536) User=0.02s Sys=0.00s Real=0.00s
[5221.306s][info ][safepoint      ] Leaving safepoint region
[5221.306s][info ][safepoint      ] Total time for which application threads were stopped: 0.0043073 seconds, Stopping threads took: 0.0000679 seconds
[5222.306s][info ][safepoint      ] Application time: 1.0000849 seconds
[5222.306s][info ][safepoint      ] Entering safepoint region: Cleanup
[5222.306s][info ][safepoint      ] Leaving safepoint region
[5222.306s][info ][safepoint      ] Total time for which application threads were stopped: 0.0000915 seconds, Stopping threads took: 0.0000355 seconds
[5223.306s][info ][safepoint      ] Application time: 1.0000825 seconds
[5223.307s][info ][safepoint      ] Entering safepoint region: Cleanup
[5223.307s][info ][safepoint      ] Leaving safepoint region
[5223.307s][info ][safepoint      ] Total time for which application threads were stopped: 0.0000924 seconds, Stopping threads took: 0.0000321 seconds
[5224.307s][info ][safepoint      ] Application time: 1.0000802 seconds
[5224.307s][info ][safepoint      ] Entering safepoint region: Cleanup
[5224.307s][info ][safepoint      ] Leaving safepoint region
[5224.307s][info ][safepoint      ] Total time for which application threads were stopped: 0.0000854 seconds, Stopping threads took: 0.0000343 seconds
[5225.307s][info ][safepoint      ] Application time: 1.0000735 seconds
[5225.307s][info ][safepoint      ] Entering safepoint region: Cleanup
[5225.307s][info ][safepoint      ] Leaving safepoint region
[5225.307s][info ][safepoint      ] Total time for which application threads were stopped: 0.0001039 seconds, Stopping threads took: 0.0000455 seconds
[5226.307s][info ][safepoint      ] Application time: 1.0000692 seconds
[5226.307s][info ][safepoint      ] Entering safepoint region: Cleanup
[5226.307s][info ][safepoint      ] Leaving safepoint region
[5226.307s][info ][safepoint      ] Total time for which application threads were stopped: 0.0001046 seconds, Stopping threads took: 0.0000528 seconds
[5227.307s][info ][safepoint      ] Application time: 1.0000770 seconds
[5227.307s][info ][safepoint      ] Entering safepoint region: Cleanup
[5227.307s][info ][safepoint      ] Leaving safepoint region
[5227.307s][info ][safepoint      ] Total time for which application threads were stopped: 0.0001165 seconds, Stopping threads took: 0.0000459 seconds
[5228.308s][info ][safepoint      ] Application time: 1.0000764 seconds
[5228.308s][info ][safepoint      ] Entering safepoint region: Cleanup
[5228.308s][info ][safepoint      ] Leaving safepoint region
[5228.308s][info ][safepoint      ] Total time for which application threads were stopped: 0.0001133 seconds, Stopping threads took: 0.0000466 seconds
[5229.308s][info ][safepoint      ] Application time: 1.0000828 seconds
[5229.308s][info ][safepoint      ] Entering safepoint region: Cleanup
[5229.308s][info ][safepoint      ] Leaving safepoint region
[5229.308s][info ][safepoint      ] Total time for which application threads were stopped: 0.0000947 seconds, Stopping threads took: 0.0000346 seconds
[5230.308s][info ][safepoint      ] Application time: 1.0000734 seconds
[5230.308s][info ][safepoint      ] Entering safepoint region: Cleanup
[5230.308s][info ][safepoint      ] Leaving safepoint region
[5230.308s][info ][safepoint      ] Total time for which application threads were stopped: 0.0000933 seconds, Stopping threads took: 0.0000352 seconds
[5231.308s][info ][safepoint      ] Application time: 1.0000761 seconds
[5231.308s][info ][safepoint      ] Entering safepoint region: Cleanup
[5231.308s][info ][safepoint      ] Leaving safepoint region
[5231.308s][info ][safepoint      ] Total time for which application threads were stopped: 0.0001066 seconds, Stopping threads took: 0.0000493 seconds
[5231.952s][info ][safepoint      ] Application time: 0.6434316 seconds
[5231.952s][info ][safepoint      ] Entering safepoint region: ParallelGCFailedAllocation
[5231.952s][info ][gc,start       ] GC(537) Pause Young (Allocation Failure)
[5231.955s][debug][gc,phases      ] GC(537) Scavenge 3.327ms
[5231.955s][debug][gc,ref         ] GC(537) Skipped phase1 of Reference Processing due to unavailable references
[5231.955s][debug][gc,ref         ] GC(537) Skipped phase3 of Reference Processing due to unavailable references
[5231.955s][debug][gc,ref         ] GC(537) Skipped phase4 of Reference Processing due to unavailable references
[5231.955s][debug][gc,phases      ] GC(537) Reference Processing 0.028ms
[5231.956s][debug][gc,phases      ] GC(537) Weak Processing 0.138ms
[5231.956s][debug][gc,phases      ] GC(537) Scrub String Table 0.410ms
[5231.956s][debug][gc,age         ] GC(537) Desired survivor size 50331648 bytes, new threshold 15 (max threshold 15)
[5231.956s][info ][gc,heap        ] GC(537) PSYoungGen: 1990320K->2720K(2048000K)
[5231.956s][info ][gc,heap        ] GC(537) ParOldGen: 408731K->408731K(602624K)
[5231.956s][info ][gc,metaspace   ] GC(537) Metaspace: 77124K->77124K(1120256K)
[5231.956s][info ][gc             ] GC(537) Pause Young (Allocation Failure) 2342M->401M(2588M) 4.022ms
[5231.956s][info ][gc,cpu         ] GC(537) User=0.01s Sys=0.00s Real=0.01s
[5231.956s][info ][safepoint      ] Leaving safepoint region
[5231.956s][info ][safepoint      ] Total time for which application threads were stopped: 0.0042718 seconds, Stopping threads took: 0.0000686 seconds
[5232.956s][info ][safepoint      ] Application time: 1.0001128 seconds
[5232.956s][info ][safepoint      ] Entering safepoint region: Cleanup
[5232.956s][info ][safepoint      ] Leaving safepoint region
[5232.956s][info ][safepoint      ] Total time for which application threads were stopped: 0.0001051 seconds, Stopping threads took: 0.0000531 seconds
[5233.956s][info ][safepoint      ] Application time: 1.0000798 seconds
[5233.957s][info ][safepoint      ] Entering safepoint region: Cleanup
[5233.957s][info ][safepoint      ] Leaving safepoint region
[5233.957s][info ][safepoint      ] Total time for which application threads were stopped: 0.0000911 seconds, Stopping threads took: 0.0000359 seconds
[5234.957s][info ][safepoint      ] Application time: 1.0000830 seconds
[5234.957s][info ][safepoint      ] Entering safepoint region: Cleanup
[5234.957s][info ][safepoint      ] Leaving safepoint region
[5234.957s][info ][safepoint      ] Total time for which application threads were stopped: 0.0000896 seconds, Stopping threads took: 0.0000331 seconds
[5235.957s][info ][safepoint      ] Application time: 1.0000779 seconds
[5235.957s][info ][safepoint      ] Entering safepoint region: Cleanup
[5235.957s][info ][safepoint      ] Leaving safepoint region
[5235.957s][info ][safepoint      ] Total time for which application threads were stopped: 0.0001151 seconds, Stopping threads took: 0.0000360 seconds
[5236.957s][info ][safepoint      ] Application time: 1.0000788 seconds
[5236.957s][info ][safepoint      ] Entering safepoint region: Cleanup
[5236.957s][info ][safepoint      ] Leaving safepoint region
[5236.957s][info ][safepoint      ] Total time for which application threads were stopped: 0.0001056 seconds, Stopping threads took: 0.0000491 seconds
[5237.957s][info ][safepoint      ] Application time: 1.0000793 seconds
[5237.957s][info ][safepoint      ] Entering safepoint region: Cleanup
[5237.958s][info ][safepoint      ] Leaving safepoint region
[5237.958s][info ][safepoint      ] Total time for which application threads were stopped: 0.0000954 seconds, Stopping threads took: 0.0000372 seconds
[5238.958s][info ][safepoint      ] Application time: 1.0000860 seconds
[5238.958s][info ][safepoint      ] Entering safepoint region: Cleanup
[5238.958s][info ][safepoint      ] Leaving safepoint region
[5238.958s][info ][safepoint      ] Total time for which application threads were stopped: 0.0000879 seconds, Stopping threads took: 0.0000330 seconds
[5239.958s][info ][safepoint      ] Application time: 1.0000755 seconds
[5239.958s][info ][safepoint      ] Entering safepoint region: Cleanup
[5239.958s][info ][safepoint      ] Leaving safepoint region
[5239.958s][info ][safepoint      ] Total time for which application threads were stopped: 0.0000942 seconds, Stopping threads took: 0.0000364 seconds
[5240.958s][info ][safepoint      ] Application time: 1.0000729 seconds
[5240.958s][info ][safepoint      ] Entering safepoint region: Cleanup
[5240.958s][info ][safepoint      ] Leaving safepoint region
[5240.958s][info ][safepoint      ] Total time for which application threads were stopped: 0.0001150 seconds, Stopping threads took: 0.0000555 seconds
[5241.958s][info ][safepoint      ] Application time: 1.0000818 seconds
[5241.958s][info ][safepoint      ] Entering safepoint region: Cleanup
[5241.958s][info ][safepoint      ] Leaving safepoint region
[5241.958s][info ][safepoint      ] Total time for which application threads were stopped: 0.0000952 seconds, Stopping threads took: 0.0000365 seconds
[5242.155s][info ][safepoint      ] Application time: 0.1967289 seconds
[5242.155s][info ][safepoint      ] Entering safepoint region: ParallelGCFailedAllocation
[5242.155s][info ][gc,start       ] GC(538) Pause Young (Allocation Failure)
[5242.159s][debug][gc,phases      ] GC(538) Scavenge 3.512ms
[5242.159s][debug][gc,ref         ] GC(538) Skipped phase1 of Reference Processing due to unavailable references
[5242.159s][debug][gc,ref         ] GC(538) Skipped phase3 of Reference Processing due to unavailable references
[5242.159s][debug][gc,ref         ] GC(538) Skipped phase4 of Reference Processing due to unavailable references
[5242.159s][debug][gc,phases      ] GC(538) Reference Processing 0.031ms
[5242.159s][debug][gc,phases      ] GC(538) Weak Processing 0.134ms
[5242.159s][debug][gc,phases      ] GC(538) Scrub String Table 0.444ms
[5242.159s][debug][gc,age         ] GC(538) Desired survivor size 47710208 bytes, new threshold 15 (max threshold 15)
[5242.160s][info ][gc,heap        ] GC(538) PSYoungGen: 1999008K->3072K(2045440K)
[5242.160s][info ][gc,heap        ] GC(538) ParOldGen: 408731K->408731K(602624K)
[5242.160s][info ][gc,metaspace   ] GC(538) Metaspace: 77124K->77124K(1120256K)
[5242.160s][info ][gc             ] GC(538) Pause Young (Allocation Failure) 2351M->402M(2586M) 4.274ms
[5242.160s][info ][gc,cpu         ] GC(538) User=0.01s Sys=0.00s Real=0.00s
[5242.160s][info ][safepoint      ] Leaving safepoint region
[5242.160s][info ][safepoint      ] Total time for which application threads were stopped: 0.0044229 seconds, Stopping threads took: 0.0000122 seconds
[5243.160s][info ][safepoint      ] Application time: 1.0000801 seconds
[5243.160s][info ][safepoint      ] Entering safepoint region: Cleanup
[5243.160s][info ][safepoint      ] Leaving safepoint region
[5243.160s][info ][safepoint      ] Total time for which application threads were stopped: 0.0000958 seconds, Stopping threads took: 0.0000345 seconds
[5244.160s][info ][safepoint      ] Application time: 1.0000758 seconds
[5244.160s][info ][safepoint      ] Entering safepoint region: Cleanup
[5244.160s][info ][safepoint      ] Leaving safepoint region
[5244.160s][info ][safepoint      ] Total time for which application threads were stopped: 0.0000924 seconds, Stopping threads took: 0.0000360 seconds
[5245.160s][info ][safepoint      ] Application time: 1.0000715 seconds
[5245.160s][info ][safepoint      ] Entering safepoint region: Cleanup
[5245.160s][info ][safepoint      ] Leaving safepoint region
[5245.160s][info ][safepoint      ] Total time for which application threads were stopped: 0.0001051 seconds, Stopping threads took: 0.0000475 seconds
[5246.160s][info ][safepoint      ] Application time: 1.0000759 seconds
[5246.160s][info ][safepoint      ] Entering safepoint region: Cleanup
[5246.160s][info ][safepoint      ] Leaving safepoint region
[5246.160s][info ][safepoint      ] Total time for which application threads were stopped: 0.0001031 seconds, Stopping threads took: 0.0000327 seconds
[5247.161s][info ][safepoint      ] Application time: 1.0000748 seconds
[5247.161s][info ][safepoint      ] Entering safepoint region: Cleanup
[5247.161s][info ][safepoint      ] Leaving safepoint region
[5247.161s][info ][safepoint      ] Total time for which application threads were stopped: 0.0000968 seconds, Stopping threads took: 0.0000344 seconds
[5248.161s][info ][safepoint      ] Application time: 1.0000744 seconds
[5248.161s][info ][safepoint      ] Entering safepoint region: Cleanup
[5248.161s][info ][safepoint      ] Leaving safepoint region
[5248.161s][info ][safepoint      ] Total time for which application threads were stopped: 0.0001269 seconds, Stopping threads took: 0.0000643 seconds
[5249.161s][info ][safepoint      ] Application time: 1.0000864 seconds
[5249.161s][info ][safepoint      ] Entering safepoint region: Cleanup
[5249.161s][info ][safepoint      ] Leaving safepoint region
[5249.161s][info ][safepoint      ] Total time for which application threads were stopped: 0.0001281 seconds, Stopping threads took: 0.0000424 seconds
[5250.161s][info ][safepoint      ] Application time: 1.0000776 seconds
[5250.161s][info ][safepoint      ] Entering safepoint region: Cleanup
[5250.161s][info ][safepoint      ] Leaving safepoint region
[5250.161s][info ][safepoint      ] Total time for which application threads were stopped: 0.0000892 seconds, Stopping threads took: 0.0000331 seconds
[5251.162s][info ][safepoint      ] Application time: 1.0000924 seconds
[5251.162s][info ][safepoint      ] Entering safepoint region: Cleanup
[5251.162s][info ][safepoint      ] Leaving safepoint region
[5251.162s][info ][safepoint      ] Total time for which application threads were stopped: 0.0001129 seconds, Stopping threads took: 0.0000420 seconds
[5252.162s][info ][safepoint      ] Application time: 1.0000853 seconds
[5252.162s][info ][safepoint      ] Entering safepoint region: Cleanup
[5252.162s][info ][safepoint      ] Leaving safepoint region
[5252.162s][info ][safepoint      ] Total time for which application threads were stopped: 0.0000942 seconds, Stopping threads took: 0.0000376 seconds
[5252.203s][info ][safepoint      ] Application time: 0.0410522 seconds
[5252.203s][info ][safepoint      ] Entering safepoint region: ParallelGCFailedAllocation
[5252.203s][info ][gc,start       ] GC(539) Pause Young (Allocation Failure)
[5252.206s][debug][gc,phases      ] GC(539) Scavenge 3.208ms
[5252.206s][debug][gc,ref         ] GC(539) Skipped phase1 of Reference Processing due to unavailable references
[5252.206s][debug][gc,ref         ] GC(539) Skipped phase3 of Reference Processing due to unavailable references
[5252.206s][debug][gc,ref         ] GC(539) Skipped phase4 of Reference Processing due to unavailable references
[5252.207s][debug][gc,phases      ] GC(539) Reference Processing 0.030ms
[5252.207s][debug][gc,phases      ] GC(539) Weak Processing 0.137ms
[5252.207s][debug][gc,phases      ] GC(539) Scrub String Table 0.408ms
[5252.207s][debug][gc,age         ] GC(539) Desired survivor size 45613056 bytes, new threshold 15 (max threshold 15)
[5252.207s][info ][gc,heap        ] GC(539) PSYoungGen: 1999360K->3360K(2052608K)
[5252.207s][info ][gc,heap        ] GC(539) ParOldGen: 408731K->408731K(602624K)
[5252.207s][info ][gc,metaspace   ] GC(539) Metaspace: 77125K->77125K(1120256K)
[5252.207s][info ][gc             ] GC(539) Pause Young (Allocation Failure) 2351M->402M(2593M) 3.923ms
[5252.207s][info ][gc,cpu         ] GC(539) User=0.01s Sys=0.00s Real=0.00s
[5252.207s][info ][safepoint      ] Leaving safepoint region
[5252.207s][info ][safepoint      ] Total time for which application threads were stopped: 0.0041248 seconds, Stopping threads took: 0.0000526 seconds
[5253.207s][info ][safepoint      ] Application time: 1.0000799 seconds
[5253.207s][info ][safepoint      ] Entering safepoint region: Cleanup
[5253.207s][info ][safepoint      ] Leaving safepoint region
[5253.207s][info ][safepoint      ] Total time for which application threads were stopped: 0.0001122 seconds, Stopping threads took: 0.0000529 seconds
[5254.207s][info ][safepoint      ] Application time: 1.0000836 seconds
[5254.208s][info ][safepoint      ] Entering safepoint region: Cleanup
[5254.208s][info ][safepoint      ] Leaving safepoint region
[5254.208s][info ][safepoint      ] Total time for which application threads were stopped: 0.0000959 seconds, Stopping threads took: 0.0000380 seconds
[5255.208s][info ][safepoint      ] Application time: 1.0000818 seconds
[5255.208s][info ][safepoint      ] Entering safepoint region: Cleanup
[5255.208s][info ][safepoint      ] Leaving safepoint region
[5255.208s][info ][safepoint      ] Total time for which application threads were stopped: 0.0000978 seconds, Stopping threads took: 0.0000335 seconds
[5256.208s][info ][safepoint      ] Application time: 1.0000831 seconds
[5256.208s][info ][safepoint      ] Entering safepoint region: Cleanup
[5256.208s][info ][safepoint      ] Leaving safepoint region
[5256.208s][info ][safepoint      ] Total time for which application threads were stopped: 0.0001036 seconds, Stopping threads took: 0.0000423 seconds
[5257.208s][info ][safepoint      ] Application time: 1.0000818 seconds
[5257.208s][info ][safepoint      ] Entering safepoint region: Cleanup
[5257.208s][info ][safepoint      ] Leaving safepoint region
[5257.208s][info ][safepoint      ] Total time for which application threads were stopped: 0.0001223 seconds, Stopping threads took: 0.0000498 seconds
[5258.208s][info ][safepoint      ] Application time: 1.0000749 seconds
[5258.208s][info ][safepoint      ] Entering safepoint region: Cleanup
[5258.209s][info ][safepoint      ] Leaving safepoint region
[5258.209s][info ][safepoint      ] Total time for which application threads were stopped: 0.0001018 seconds, Stopping threads took: 0.0000343 seconds
[5259.209s][info ][safepoint      ] Application time: 1.0000718 seconds
[5259.209s][info ][safepoint      ] Entering safepoint region: Cleanup
[5259.209s][info ][safepoint      ] Leaving safepoint region
[5259.209s][info ][safepoint      ] Total time for which application threads were stopped: 0.0000889 seconds, Stopping threads took: 0.0000334 seconds
[5260.209s][info ][safepoint      ] Application time: 1.0000709 seconds
[5260.209s][info ][safepoint      ] Entering safepoint region: Cleanup
[5260.209s][info ][safepoint      ] Leaving safepoint region
[5260.209s][info ][safepoint      ] Total time for which application threads were stopped: 0.0001056 seconds, Stopping threads took: 0.0000487 seconds
[5261.209s][info ][safepoint      ] Application time: 1.0000707 seconds
[5261.209s][info ][safepoint      ] Entering safepoint region: Cleanup
[5261.209s][info ][safepoint      ] Leaving safepoint region
[5261.209s][info ][safepoint      ] Total time for which application threads were stopped: 0.0001068 seconds, Stopping threads took: 0.0000375 seconds
[5262.209s][info ][safepoint      ] Application time: 1.0000799 seconds
[5262.209s][info ][safepoint      ] Entering safepoint region: Cleanup
[5262.209s][info ][safepoint      ] Leaving safepoint region
[5262.209s][info ][safepoint      ] Total time for which application threads were stopped: 0.0001173 seconds, Stopping threads took: 0.0000623 seconds
[5262.556s][info ][safepoint      ] Application time: 0.3468389 seconds
[5262.556s][info ][safepoint      ] Entering safepoint region: ParallelGCFailedAllocation
[5262.556s][info ][gc,start       ] GC(540) Pause Young (Allocation Failure)
[5262.560s][debug][gc,phases      ] GC(540) Scavenge 3.473ms
[5262.560s][debug][gc,ref         ] GC(540) Skipped phase1 of Reference Processing due to unavailable references
[5262.560s][debug][gc,ref         ] GC(540) Skipped phase3 of Reference Processing due to unavailable references
[5262.560s][debug][gc,ref         ] GC(540) Skipped phase4 of Reference Processing due to unavailable references
[5262.560s][debug][gc,phases      ] GC(540) Reference Processing 0.029ms
[5262.560s][debug][gc,phases      ] GC(540) Weak Processing 0.156ms
[5262.561s][debug][gc,phases      ] GC(540) Scrub String Table 0.439ms
[5262.561s][debug][gc,age         ] GC(540) Desired survivor size 42991616 bytes, new threshold 15 (max threshold 15)
[5262.561s][info ][gc,heap        ] GC(540) PSYoungGen: 2009376K->3184K(2050560K)
[5262.561s][info ][gc,heap        ] GC(540) ParOldGen: 408731K->408835K(602624K)
[5262.561s][info ][gc,metaspace   ] GC(540) Metaspace: 77136K->77136K(1120256K)
[5262.561s][info ][gc             ] GC(540) Pause Young (Allocation Failure) 2361M->402M(2591M) 4.220ms
[5262.561s][info ][gc,cpu         ] GC(540) User=0.02s Sys=0.00s Real=0.01s
[5262.561s][info ][safepoint      ] Leaving safepoint region
[5262.561s][info ][safepoint      ] Total time for which application threads were stopped: 0.0043649 seconds, Stopping threads took: 0.0000109 seconds
[5263.561s][info ][safepoint      ] Application time: 1.0000860 seconds
[5263.561s][info ][safepoint      ] Entering safepoint region: Cleanup
[5263.561s][info ][safepoint      ] Leaving safepoint region
[5263.561s][info ][safepoint      ] Total time for which application threads were stopped: 0.0001484 seconds, Stopping threads took: 0.0000582 seconds
[5264.561s][info ][safepoint      ] Application time: 1.0000767 seconds
[5264.561s][info ][safepoint      ] Entering safepoint region: Cleanup
[5264.561s][info ][safepoint      ] Leaving safepoint region
[5264.561s][info ][safepoint      ] Total time for which application threads were stopped: 0.0001139 seconds, Stopping threads took: 0.0000528 seconds
[5265.561s][info ][safepoint      ] Application time: 1.0000717 seconds
[5265.561s][info ][safepoint      ] Entering safepoint region: Cleanup
[5265.561s][info ][safepoint      ] Leaving safepoint region
[5265.561s][info ][safepoint      ] Total time for which application threads were stopped: 0.0000982 seconds, Stopping threads took: 0.0000416 seconds
[5266.562s][info ][safepoint      ] Application time: 1.0000866 seconds
[5266.562s][info ][safepoint      ] Entering safepoint region: Cleanup
[5266.562s][info ][safepoint      ] Leaving safepoint region
[5266.562s][info ][safepoint      ] Total time for which application threads were stopped: 0.0001275 seconds, Stopping threads took: 0.0000541 seconds
[5267.562s][info ][safepoint      ] Application time: 1.0000774 seconds
[5267.562s][info ][safepoint      ] Entering safepoint region: Cleanup
[5267.562s][info ][safepoint      ] Leaving safepoint region
[5267.562s][info ][safepoint      ] Total time for which application threads were stopped: 0.0001123 seconds, Stopping threads took: 0.0000508 seconds
[5268.562s][info ][safepoint      ] Application time: 1.0000888 seconds
[5268.562s][info ][safepoint      ] Entering safepoint region: Cleanup
[5268.562s][info ][safepoint      ] Leaving safepoint region
[5268.562s][info ][safepoint      ] Total time for which application threads were stopped: 0.0000979 seconds, Stopping threads took: 0.0000371 seconds
[5269.562s][info ][safepoint      ] Application time: 1.0000846 seconds
[5269.562s][info ][safepoint      ] Entering safepoint region: Cleanup
[5269.562s][info ][safepoint      ] Leaving safepoint region
[5269.562s][info ][safepoint      ] Total time for which application threads were stopped: 0.0000955 seconds, Stopping threads took: 0.0000369 seconds
[5270.562s][info ][safepoint      ] Application time: 1.0000522 seconds
[5270.563s][info ][safepoint      ] Entering safepoint region: Cleanup
[5270.563s][info ][safepoint      ] Leaving safepoint region
[5270.563s][info ][safepoint      ] Total time for which application threads were stopped: 0.0000943 seconds, Stopping threads took: 0.0000357 seconds
[5271.563s][info ][safepoint      ] Application time: 1.0000874 seconds
[5271.563s][info ][safepoint      ] Entering safepoint region: Cleanup
[5271.563s][info ][safepoint      ] Leaving safepoint region
[5271.563s][info ][safepoint      ] Total time for which application threads were stopped: 0.0001248 seconds, Stopping threads took: 0.0000432 seconds
[5272.563s][info ][safepoint      ] Application time: 1.0000875 seconds
[5272.563s][info ][safepoint      ] Entering safepoint region: Cleanup
[5272.563s][info ][safepoint      ] Leaving safepoint region
[5272.563s][info ][safepoint      ] Total time for which application threads were stopped: 0.0001115 seconds, Stopping threads took: 0.0000376 seconds
[5273.275s][info ][safepoint      ] Application time: 0.7119335 seconds
[5273.275s][info ][safepoint      ] Entering safepoint region: ParallelGCFailedAllocation
[5273.275s][info ][gc,start       ] GC(541) Pause Young (Allocation Failure)
[5273.278s][debug][gc,phases      ] GC(541) Scavenge 3.148ms
[5273.278s][debug][gc,ref         ] GC(541) Skipped phase1 of Reference Processing due to unavailable references
[5273.278s][debug][gc,ref         ] GC(541) Skipped phase3 of Reference Processing due to unavailable references
[5273.278s][debug][gc,ref         ] GC(541) Skipped phase4 of Reference Processing due to unavailable references
[5273.278s][debug][gc,phases      ] GC(541) Reference Processing 0.033ms
[5273.279s][debug][gc,phases      ] GC(541) Weak Processing 0.138ms
[5273.279s][debug][gc,phases      ] GC(541) Scrub String Table 0.440ms
[5273.279s][debug][gc,age         ] GC(541) Desired survivor size 40894464 bytes, new threshold 15 (max threshold 15)
[5273.279s][info ][gc,heap        ] GC(541) PSYoungGen: 2009200K->2832K(2057216K)
[5273.279s][info ][gc,heap        ] GC(541) ParOldGen: 408835K->408971K(602624K)
[5273.279s][info ][gc,metaspace   ] GC(541) Metaspace: 77136K->77136K(1120256K)
[5273.279s][info ][gc             ] GC(541) Pause Young (Allocation Failure) 2361M->402M(2597M) 3.878ms
[5273.279s][info ][gc,cpu         ] GC(541) User=0.02s Sys=0.00s Real=0.00s
[5273.279s][info ][safepoint      ] Leaving safepoint region
[5273.279s][info ][safepoint      ] Total time for which application threads were stopped: 0.0040182 seconds, Stopping threads took: 0.0000129 seconds
[5274.279s][info ][safepoint      ] Application time: 1.0000573 seconds
[5274.279s][info ][safepoint      ] Entering safepoint region: Cleanup
[5274.279s][info ][safepoint      ] Leaving safepoint region
[5274.279s][info ][safepoint      ] Total time for which application threads were stopped: 0.0000564 seconds, Stopping threads took: 0.0000116 seconds
[5275.279s][info ][safepoint      ] Application time: 1.0000717 seconds
[5275.279s][info ][safepoint      ] Entering safepoint region: Cleanup
[5275.279s][info ][safepoint      ] Leaving safepoint region
[5275.279s][info ][safepoint      ] Total time for which application threads were stopped: 0.0000650 seconds, Stopping threads took: 0.0000114 seconds
[5276.280s][info ][safepoint      ] Application time: 1.0000680 seconds
[5276.280s][info ][safepoint      ] Entering safepoint region: Cleanup
[5276.280s][info ][safepoint      ] Leaving safepoint region
[5276.280s][info ][safepoint      ] Total time for which application threads were stopped: 0.0000578 seconds, Stopping threads took: 0.0000116 seconds
[5277.280s][info ][safepoint      ] Application time: 1.0000672 seconds
[5277.280s][info ][safepoint      ] Entering safepoint region: Cleanup
[5277.280s][info ][safepoint      ] Leaving safepoint region
[5277.280s][info ][safepoint      ] Total time for which application threads were stopped: 0.0000568 seconds, Stopping threads took: 0.0000117 seconds
[5278.280s][info ][safepoint      ] Application time: 1.0000707 seconds
[5278.280s][info ][safepoint      ] Entering safepoint region: Cleanup
[5278.280s][info ][safepoint      ] Leaving safepoint region
[5278.280s][info ][safepoint      ] Total time for which application threads were stopped: 0.0000547 seconds, Stopping threads took: 0.0000111 seconds
[5279.280s][info ][safepoint      ] Application time: 1.0000628 seconds
[5279.280s][info ][safepoint      ] Entering safepoint region: Cleanup
[5279.280s][info ][safepoint      ] Leaving safepoint region
[5279.280s][info ][safepoint      ] Total time for which application threads were stopped: 0.0000542 seconds, Stopping threads took: 0.0000108 seconds
[5280.280s][info ][safepoint      ] Application time: 1.0000635 seconds
[5280.280s][info ][safepoint      ] Entering safepoint region: Cleanup
[5280.280s][info ][safepoint      ] Leaving safepoint region
[5280.280s][info ][safepoint      ] Total time for which application threads were stopped: 0.0000563 seconds, Stopping threads took: 0.0000113 seconds
[5281.280s][info ][safepoint      ] Application time: 1.0000700 seconds
[5281.280s][info ][safepoint      ] Entering safepoint region: Cleanup
[5281.280s][info ][safepoint      ] Leaving safepoint region
[5281.280s][info ][safepoint      ] Total time for which application threads were stopped: 0.0000606 seconds, Stopping threads took: 0.0000170 seconds
[5282.280s][info ][safepoint      ] Application time: 1.0000371 seconds
[5282.281s][info ][safepoint      ] Entering safepoint region: Cleanup
[5282.281s][info ][safepoint      ] Leaving safepoint region
[5282.281s][info ][safepoint      ] Total time for which application threads were stopped: 0.0000539 seconds, Stopping threads took: 0.0000113 seconds
[5283.281s][info ][safepoint      ] Application time: 1.0000647 seconds
[5283.281s][info ][safepoint      ] Entering safepoint region: Cleanup
[5283.281s][info ][safepoint      ] Leaving safepoint region
[5283.281s][info ][safepoint      ] Total time for which application threads were stopped: 0.0000648 seconds, Stopping threads took: 0.0000120 seconds
[5284.262s][info ][safepoint      ] Application time: 0.9815551 seconds
[5284.262s][info ][safepoint      ] Entering safepoint region: ParallelGCFailedAllocation
[5284.262s][info ][gc,start       ] GC(542) Pause Young (Allocation Failure)
[5284.266s][debug][gc,phases      ] GC(542) Scavenge 3.282ms
[5284.266s][debug][gc,ref         ] GC(542) Skipped phase1 of Reference Processing due to unavailable references
[5284.266s][debug][gc,ref         ] GC(542) Skipped phase3 of Reference Processing due to unavailable references
[5284.266s][debug][gc,ref         ] GC(542) Skipped phase4 of Reference Processing due to unavailable references
[5284.266s][debug][gc,phases      ] GC(542) Reference Processing 0.027ms
[5284.266s][debug][gc,phases      ] GC(542) Weak Processing 0.121ms
[5284.266s][debug][gc,phases      ] GC(542) Scrub String Table 0.439ms
[5284.266s][debug][gc,age         ] GC(542) Desired survivor size 38797312 bytes, new threshold 15 (max threshold 15)
[5284.266s][info ][gc,heap        ] GC(542) PSYoungGen: 2018064K->2816K(2055168K)
[5284.266s][info ][gc,heap        ] GC(542) ParOldGen: 408971K->409011K(602624K)
[5284.266s][info ][gc,metaspace   ] GC(542) Metaspace: 77136K->77136K(1120256K)
[5284.266s][info ][gc             ] GC(542) Pause Young (Allocation Failure) 2370M->402M(2595M) 4.004ms
[5284.266s][info ][gc,cpu         ] GC(542) User=0.02s Sys=0.00s Real=0.00s
[5284.266s][info ][safepoint      ] Leaving safepoint region
[5284.266s][info ][safepoint      ] Total time for which application threads were stopped: 0.0041413 seconds, Stopping threads took: 0.0000127 seconds
[5285.267s][info ][safepoint      ] Application time: 1.0000771 seconds
[5285.267s][info ][safepoint      ] Entering safepoint region: Cleanup
[5285.267s][info ][safepoint      ] Leaving safepoint region
[5285.267s][info ][safepoint      ] Total time for which application threads were stopped: 0.0001081 seconds, Stopping threads took: 0.0000436 seconds
[5286.267s][info ][safepoint      ] Application time: 1.0000743 seconds
[5286.267s][info ][safepoint      ] Entering safepoint region: Cleanup
[5286.267s][info ][safepoint      ] Leaving safepoint region
[5286.267s][info ][safepoint      ] Total time for which application threads were stopped: 0.0000877 seconds, Stopping threads took: 0.0000300 seconds
[5287.267s][info ][safepoint      ] Application time: 1.0000792 seconds
[5287.267s][info ][safepoint      ] Entering safepoint region: Cleanup
[5287.267s][info ][safepoint      ] Leaving safepoint region
[5287.267s][info ][safepoint      ] Total time for which application threads were stopped: 0.0000854 seconds, Stopping threads took: 0.0000370 seconds
[5288.267s][info ][safepoint      ] Application time: 1.0000798 seconds
[5288.267s][info ][safepoint      ] Entering safepoint region: Cleanup
[5288.267s][info ][safepoint      ] Leaving safepoint region
[5288.267s][info ][safepoint      ] Total time for which application threads were stopped: 0.0001074 seconds, Stopping threads took: 0.0000432 seconds
[5289.267s][info ][safepoint      ] Application time: 1.0000711 seconds
[5289.267s][info ][safepoint      ] Entering safepoint region: Cleanup
[5289.268s][info ][safepoint      ] Leaving safepoint region
[5289.268s][info ][safepoint      ] Total time for which application threads were stopped: 0.0001044 seconds, Stopping threads took: 0.0000518 seconds
[5290.268s][info ][safepoint      ] Application time: 1.0000781 seconds
[5290.268s][info ][safepoint      ] Entering safepoint region: Cleanup
[5290.268s][info ][safepoint      ] Leaving safepoint region
[5290.268s][info ][safepoint      ] Total time for which application threads were stopped: 0.0000831 seconds, Stopping threads took: 0.0000358 seconds
[5291.268s][info ][safepoint      ] Application time: 1.0000783 seconds
[5291.268s][info ][safepoint      ] Entering safepoint region: Cleanup
[5291.268s][info ][safepoint      ] Leaving safepoint region
[5291.268s][info ][safepoint      ] Total time for which application threads were stopped: 0.0000873 seconds, Stopping threads took: 0.0000335 seconds
[5292.268s][info ][safepoint      ] Application time: 1.0000816 seconds
[5292.268s][info ][safepoint      ] Entering safepoint region: Cleanup
[5292.268s][info ][safepoint      ] Leaving safepoint region
[5292.268s][info ][safepoint      ] Total time for which application threads were stopped: 0.0001244 seconds, Stopping threads took: 0.0000548 seconds
[5293.268s][info ][safepoint      ] Application time: 1.0000778 seconds
[5293.268s][info ][safepoint      ] Entering safepoint region: Cleanup
[5293.268s][info ][safepoint      ] Leaving safepoint region
[5293.268s][info ][safepoint      ] Total time for which application threads were stopped: 0.0000904 seconds, Stopping threads took: 0.0000373 seconds
[5294.268s][info ][safepoint      ] Application time: 1.0000742 seconds
[5294.268s][info ][safepoint      ] Entering safepoint region: Cleanup
[5294.269s][info ][safepoint      ] Leaving safepoint region
[5294.269s][info ][safepoint      ] Total time for which application threads were stopped: 0.0001081 seconds, Stopping threads took: 0.0000549 seconds
[5295.269s][info ][safepoint      ] Application time: 1.0000691 seconds
[5295.269s][info ][safepoint      ] Entering safepoint region: Cleanup
[5295.269s][info ][safepoint      ] Leaving safepoint region
[5295.269s][info ][safepoint      ] Total time for which application threads were stopped: 0.0001050 seconds, Stopping threads took: 0.0000471 seconds
[5295.355s][info ][safepoint      ] Application time: 0.0865292 seconds
[5295.355s][info ][safepoint      ] Entering safepoint region: ParallelGCFailedAllocation
[5295.355s][info ][gc,start       ] GC(543) Pause Young (Allocation Failure)
[5295.359s][debug][gc,phases      ] GC(543) Scavenge 3.038ms
[5295.359s][debug][gc,ref         ] GC(543) Skipped phase1 of Reference Processing due to unavailable references
[5295.359s][debug][gc,ref         ] GC(543) Skipped phase3 of Reference Processing due to unavailable references
[5295.359s][debug][gc,ref         ] GC(543) Skipped phase4 of Reference Processing due to unavailable references
[5295.359s][debug][gc,phases      ] GC(543) Reference Processing 0.028ms
[5295.359s][debug][gc,phases      ] GC(543) Weak Processing 0.123ms
[5295.359s][debug][gc,phases      ] GC(543) Scrub String Table 0.444ms
[5295.359s][debug][gc,age         ] GC(543) Desired survivor size 36700160 bytes, new threshold 15 (max threshold 15)
[5295.359s][info ][gc,heap        ] GC(543) PSYoungGen: 2018048K->2848K(2061312K)
[5295.359s][info ][gc,heap        ] GC(543) ParOldGen: 409011K->409051K(602624K)
[5295.359s][info ][gc,metaspace   ] GC(543) Metaspace: 77136K->77136K(1120256K)
[5295.359s][info ][gc             ] GC(543) Pause Young (Allocation Failure) 2370M->402M(2601M) 3.751ms
[5295.359s][info ][gc,cpu         ] GC(543) User=0.02s Sys=0.00s Real=0.00s
[5295.359s][info ][safepoint      ] Leaving safepoint region
[5295.359s][info ][safepoint      ] Total time for which application threads were stopped: 0.0039081 seconds, Stopping threads took: 0.0000109 seconds
[5296.359s][info ][safepoint      ] Application time: 1.0000893 seconds
[5296.359s][info ][safepoint      ] Entering safepoint region: Cleanup
[5296.359s][info ][safepoint      ] Leaving safepoint region
[5296.359s][info ][safepoint      ] Total time for which application threads were stopped: 0.0001019 seconds, Stopping threads took: 0.0000374 seconds
[5297.360s][info ][safepoint      ] Application time: 1.0000798 seconds
[5297.360s][info ][safepoint      ] Entering safepoint region: Cleanup
[5297.360s][info ][safepoint      ] Leaving safepoint region
[5297.360s][info ][safepoint      ] Total time for which application threads were stopped: 0.0001055 seconds, Stopping threads took: 0.0000346 seconds
[5298.360s][info ][safepoint      ] Application time: 1.0000722 seconds
[5298.360s][info ][safepoint      ] Entering safepoint region: Cleanup
[5298.360s][info ][safepoint      ] Leaving safepoint region
[5298.360s][info ][safepoint      ] Total time for which application threads were stopped: 0.0001081 seconds, Stopping threads took: 0.0000501 seconds
[5299.360s][info ][safepoint      ] Application time: 1.0000685 seconds
[5299.360s][info ][safepoint      ] Entering safepoint region: Cleanup
[5299.360s][info ][safepoint      ] Leaving safepoint region
[5299.360s][info ][safepoint      ] Total time for which application threads were stopped: 0.0000994 seconds, Stopping threads took: 0.0000324 seconds
[5300.360s][info ][safepoint      ] Application time: 1.0000706 seconds
[5300.360s][info ][safepoint      ] Entering safepoint region: Cleanup
[5300.360s][info ][safepoint      ] Leaving safepoint region
[5300.360s][info ][safepoint      ] Total time for which application threads were stopped: 0.0001027 seconds, Stopping threads took: 0.0000377 seconds
[5301.360s][info ][safepoint      ] Application time: 1.0000819 seconds
[5301.361s][info ][safepoint      ] Entering safepoint region: Cleanup
[5301.361s][info ][safepoint      ] Leaving safepoint region
[5301.361s][info ][safepoint      ] Total time for which application threads were stopped: 0.0001204 seconds, Stopping threads took: 0.0000669 seconds
[5302.361s][info ][safepoint      ] Application time: 1.0000818 seconds
[5302.361s][info ][safepoint      ] Entering safepoint region: Cleanup
[5302.361s][info ][safepoint      ] Leaving safepoint region
[5302.361s][info ][safepoint      ] Total time for which application threads were stopped: 0.0001047 seconds, Stopping threads took: 0.0000483 seconds
[5303.361s][info ][safepoint      ] Application time: 1.0000794 seconds
[5303.361s][info ][safepoint      ] Entering safepoint region: Cleanup
[5303.361s][info ][safepoint      ] Leaving safepoint region
[5303.361s][info ][safepoint      ] Total time for which application threads were stopped: 0.0000901 seconds, Stopping threads took: 0.0000362 seconds
[5304.361s][info ][safepoint      ] Application time: 1.0000753 seconds
[5304.361s][info ][safepoint      ] Entering safepoint region: Cleanup
[5304.361s][info ][safepoint      ] Leaving safepoint region
[5304.361s][info ][safepoint      ] Total time for which application threads were stopped: 0.0001145 seconds, Stopping threads took: 0.0000525 seconds
[5305.361s][info ][safepoint      ] Application time: 1.0000802 seconds
[5305.362s][info ][safepoint      ] Entering safepoint region: Cleanup
[5305.362s][info ][safepoint      ] Leaving safepoint region
[5305.362s][info ][safepoint      ] Total time for which application threads were stopped: 0.0001872 seconds, Stopping threads took: 0.0000978 seconds
[5306.352s][info ][safepoint      ] Application time: 0.9905702 seconds
[5306.352s][info ][safepoint      ] Entering safepoint region: ParallelGCFailedAllocation
[5306.352s][info ][gc,start       ] GC(544) Pause Young (Allocation Failure)
[5306.356s][debug][gc,phases      ] GC(544) Scavenge 3.742ms
[5306.356s][debug][gc,ref         ] GC(544) Skipped phase1 of Reference Processing due to unavailable references
[5306.356s][debug][gc,ref         ] GC(544) Skipped phase3 of Reference Processing due to unavailable references
[5306.356s][debug][gc,phases      ] GC(544) Reference Processing 0.035ms
[5306.356s][debug][gc,phases      ] GC(544) Weak Processing 0.186ms
[5306.357s][debug][gc,phases      ] GC(544) Scrub String Table 0.571ms
[5306.357s][debug][gc,age         ] GC(544) Desired survivor size 34078720 bytes, new threshold 15 (max threshold 15)
[5306.357s][info ][gc,heap        ] GC(544) PSYoungGen: 2026272K->3936K(2059264K)
[5306.357s][info ][gc,heap        ] GC(544) ParOldGen: 409051K->409147K(602624K)
[5306.357s][info ][gc,metaspace   ] GC(544) Metaspace: 77138K->77138K(1120256K)
[5306.357s][info ][gc             ] GC(544) Pause Young (Allocation Failure) 2378M->403M(2599M) 4.685ms
[5306.357s][info ][gc,cpu         ] GC(544) User=0.01s Sys=0.01s Real=0.00s
[5306.357s][info ][safepoint      ] Leaving safepoint region
[5306.357s][info ][safepoint      ] Total time for which application threads were stopped: 0.0048690 seconds, Stopping threads took: 0.0000199 seconds
[5307.357s][info ][safepoint      ] Application time: 1.0000821 seconds
[5307.357s][info ][safepoint      ] Entering safepoint region: Cleanup
[5307.357s][info ][safepoint      ] Leaving safepoint region
[5307.357s][info ][safepoint      ] Total time for which application threads were stopped: 0.0000958 seconds, Stopping threads took: 0.0000318 seconds
[5308.357s][info ][safepoint      ] Application time: 1.0000851 seconds
[5308.357s][info ][safepoint      ] Entering safepoint region: Cleanup
[5308.358s][info ][safepoint      ] Leaving safepoint region
[5308.358s][info ][safepoint      ] Total time for which application threads were stopped: 0.0001057 seconds, Stopping threads took: 0.0000354 seconds
[5309.358s][info ][safepoint      ] Application time: 1.0000874 seconds
[5309.358s][info ][safepoint      ] Entering safepoint region: Cleanup
[5309.358s][info ][safepoint      ] Leaving safepoint region
[5309.358s][info ][safepoint      ] Total time for which application threads were stopped: 0.0001038 seconds, Stopping threads took: 0.0000376 seconds
[5310.358s][info ][safepoint      ] Application time: 1.0000787 seconds
[5310.358s][info ][safepoint      ] Entering safepoint region: Cleanup
[5310.358s][info ][safepoint      ] Leaving safepoint region
[5310.358s][info ][safepoint      ] Total time for which application threads were stopped: 0.0001054 seconds, Stopping threads took: 0.0000346 seconds
[5311.358s][info ][safepoint      ] Application time: 1.0000768 seconds
[5311.358s][info ][safepoint      ] Entering safepoint region: Cleanup
[5311.358s][info ][safepoint      ] Leaving safepoint region
[5311.358s][info ][safepoint      ] Total time for which application threads were stopped: 0.0001075 seconds, Stopping threads took: 0.0000480 seconds
[5312.358s][info ][safepoint      ] Application time: 1.0000839 seconds
[5312.358s][info ][safepoint      ] Entering safepoint region: Cleanup
[5312.359s][info ][safepoint      ] Leaving safepoint region
[5312.359s][info ][safepoint      ] Total time for which application threads were stopped: 0.0001089 seconds, Stopping threads took: 0.0000351 seconds
[5313.359s][info ][safepoint      ] Application time: 1.0000842 seconds
[5313.359s][info ][safepoint      ] Entering safepoint region: Cleanup
[5313.359s][info ][safepoint      ] Leaving safepoint region
[5313.359s][info ][safepoint      ] Total time for which application threads were stopped: 0.0001017 seconds, Stopping threads took: 0.0000440 seconds
[5314.359s][info ][safepoint      ] Application time: 1.0000845 seconds
[5314.359s][info ][safepoint      ] Entering safepoint region: Cleanup
[5314.359s][info ][safepoint      ] Leaving safepoint region
[5314.359s][info ][safepoint      ] Total time for which application threads were stopped: 0.0001012 seconds, Stopping threads took: 0.0000363 seconds
[5315.359s][info ][safepoint      ] Application time: 1.0000737 seconds
[5315.359s][info ][safepoint      ] Entering safepoint region: Cleanup
[5315.359s][info ][safepoint      ] Leaving safepoint region
[5315.359s][info ][safepoint      ] Total time for which application threads were stopped: 0.0001154 seconds, Stopping threads took: 0.0000499 seconds
[5316.359s][info ][safepoint      ] Application time: 1.0000762 seconds
[5316.359s][info ][safepoint      ] Entering safepoint region: Cleanup
[5316.359s][info ][safepoint      ] Leaving safepoint region
[5316.359s][info ][safepoint      ] Total time for which application threads were stopped: 0.0000919 seconds, Stopping threads took: 0.0000323 seconds
[5317.360s][info ][safepoint      ] Application time: 1.0000828 seconds
[5317.360s][info ][safepoint      ] Entering safepoint region: Cleanup
[5317.360s][info ][safepoint      ] Leaving safepoint region
[5317.360s][info ][safepoint      ] Total time for which application threads were stopped: 0.0000949 seconds, Stopping threads took: 0.0000335 seconds
[5318.360s][info ][safepoint      ] Application time: 1.0000782 seconds
[5318.360s][info ][safepoint      ] Entering safepoint region: Cleanup
[5318.360s][info ][safepoint      ] Leaving safepoint region
[5318.360s][info ][safepoint      ] Total time for which application threads were stopped: 0.0001056 seconds, Stopping threads took: 0.0000348 seconds
[5319.360s][info ][safepoint      ] Application time: 1.0000796 seconds
[5319.360s][info ][safepoint      ] Entering safepoint region: Cleanup
[5319.360s][info ][safepoint      ] Leaving safepoint region
[5319.360s][info ][safepoint      ] Total time for which application threads were stopped: 0.0000949 seconds, Stopping threads took: 0.0000350 seconds
[5320.360s][info ][safepoint      ] Application time: 1.0000818 seconds
[5320.360s][info ][safepoint      ] Entering safepoint region: Cleanup
[5320.360s][info ][safepoint      ] Leaving safepoint region
[5320.360s][info ][safepoint      ] Total time for which application threads were stopped: 0.0001180 seconds, Stopping threads took: 0.0000372 seconds
[5321.360s][info ][safepoint      ] Application time: 1.0000767 seconds
[5321.361s][info ][safepoint      ] Entering safepoint region: Cleanup
[5321.361s][info ][safepoint      ] Leaving safepoint region
[5321.361s][info ][safepoint      ] Total time for which application threads were stopped: 0.0001364 seconds, Stopping threads took: 0.0000677 seconds
[5322.361s][info ][safepoint      ] Application time: 1.0000805 seconds
[5322.361s][info ][safepoint      ] Entering safepoint region: Cleanup
[5322.361s][info ][safepoint      ] Leaving safepoint region
[5322.361s][info ][safepoint      ] Total time for which application threads were stopped: 0.0001077 seconds, Stopping threads took: 0.0000424 seconds
[5322.959s][info ][safepoint      ] Application time: 0.5982321 seconds
[5322.959s][info ][safepoint      ] Entering safepoint region: ParallelGCFailedAllocation
[5322.959s][info ][gc,start       ] GC(545) Pause Young (Allocation Failure)
[5322.963s][debug][gc,phases      ] GC(545) Scavenge 3.318ms
[5322.963s][debug][gc,ref         ] GC(545) Skipped phase1 of Reference Processing due to unavailable references
[5322.963s][debug][gc,ref         ] GC(545) Skipped phase3 of Reference Processing due to unavailable references
[5322.963s][debug][gc,phases      ] GC(545) Reference Processing 0.028ms
[5322.963s][debug][gc,phases      ] GC(545) Weak Processing 0.139ms
[5322.963s][debug][gc,phases      ] GC(545) Scrub String Table 0.438ms
[5322.963s][debug][gc,age         ] GC(545) Desired survivor size 31981568 bytes, new threshold 15 (max threshold 15)
[5322.963s][info ][gc,heap        ] GC(545) PSYoungGen: 2027360K->3808K(2065920K)
[5322.963s][info ][gc,heap        ] GC(545) ParOldGen: 409147K->409307K(602624K)
[5322.963s][info ][gc,metaspace   ] GC(545) Metaspace: 77138K->77138K(1120256K)
[5322.963s][info ][gc             ] GC(545) Pause Young (Allocation Failure) 2379M->403M(2606M) 4.047ms
[5322.963s][info ][gc,cpu         ] GC(545) User=0.01s Sys=0.00s Real=0.01s
[5322.963s][info ][safepoint      ] Leaving safepoint region
[5322.963s][info ][safepoint      ] Total time for which application threads were stopped: 0.0042338 seconds, Stopping threads took: 0.0000298 seconds
[5323.963s][info ][safepoint      ] Application time: 1.0000847 seconds
[5323.964s][info ][safepoint      ] Entering safepoint region: Cleanup
[5323.964s][info ][safepoint      ] Leaving safepoint region
[5323.964s][info ][safepoint      ] Total time for which application threads were stopped: 0.0001295 seconds, Stopping threads took: 0.0000356 seconds
[5324.964s][info ][safepoint      ] Application time: 1.0000842 seconds
[5324.964s][info ][safepoint      ] Entering safepoint region: Cleanup
[5324.964s][info ][safepoint      ] Leaving safepoint region
[5324.964s][info ][safepoint      ] Total time for which application threads were stopped: 0.0001054 seconds, Stopping threads took: 0.0000344 seconds
[5325.964s][info ][safepoint      ] Application time: 1.0000767 seconds
[5325.964s][info ][safepoint      ] Entering safepoint region: Cleanup
[5325.964s][info ][safepoint      ] Leaving safepoint region
[5325.964s][info ][safepoint      ] Total time for which application threads were stopped: 0.0001028 seconds, Stopping threads took: 0.0000324 seconds
[5326.964s][info ][safepoint      ] Application time: 1.0000824 seconds
[5326.964s][info ][safepoint      ] Entering safepoint region: Cleanup
[5326.964s][info ][safepoint      ] Leaving safepoint region
[5326.964s][info ][safepoint      ] Total time for which application threads were stopped: 0.0001016 seconds, Stopping threads took: 0.0000383 seconds
[5327.964s][info ][safepoint      ] Application time: 1.0000766 seconds
[5327.964s][info ][safepoint      ] Entering safepoint region: Cleanup
[5327.964s][info ][safepoint      ] Leaving safepoint region
[5327.964s][info ][safepoint      ] Total time for which application threads were stopped: 0.0001004 seconds, Stopping threads took: 0.0000266 seconds
[5328.965s][info ][safepoint      ] Application time: 1.0000894 seconds
[5328.965s][info ][safepoint      ] Entering safepoint region: Cleanup
[5328.965s][info ][safepoint      ] Leaving safepoint region
[5328.965s][info ][safepoint      ] Total time for which application threads were stopped: 0.0002124 seconds, Stopping threads took: 0.0001062 seconds
[5329.965s][info ][safepoint      ] Application time: 1.0000793 seconds
[5329.965s][info ][safepoint      ] Entering safepoint region: Cleanup
[5329.965s][info ][safepoint      ] Leaving safepoint region
[5329.965s][info ][safepoint      ] Total time for which application threads were stopped: 0.0001058 seconds, Stopping threads took: 0.0000248 seconds
[5330.965s][info ][safepoint      ] Application time: 1.0000825 seconds
[5330.965s][info ][safepoint      ] Entering safepoint region: Cleanup
[5330.965s][info ][safepoint      ] Leaving safepoint region
[5330.965s][info ][safepoint      ] Total time for which application threads were stopped: 0.0001129 seconds, Stopping threads took: 0.0000399 seconds
[5331.965s][info ][safepoint      ] Application time: 1.0000709 seconds
[5331.965s][info ][safepoint      ] Entering safepoint region: Cleanup
[5331.965s][info ][safepoint      ] Leaving safepoint region
[5331.965s][info ][safepoint      ] Total time for which application threads were stopped: 0.0001005 seconds, Stopping threads took: 0.0000507 seconds
[5332.966s][info ][safepoint      ] Application time: 1.0000833 seconds
[5332.966s][info ][safepoint      ] Entering safepoint region: Cleanup
[5332.966s][info ][safepoint      ] Leaving safepoint region
[5332.966s][info ][safepoint      ] Total time for which application threads were stopped: 0.0000929 seconds, Stopping threads took: 0.0000368 seconds
[5333.966s][info ][safepoint      ] Application time: 1.0000725 seconds
[5333.966s][info ][safepoint      ] Entering safepoint region: Cleanup
[5333.966s][info ][safepoint      ] Leaving safepoint region
[5333.966s][info ][safepoint      ] Total time for which application threads were stopped: 0.0000837 seconds, Stopping threads took: 0.0000282 seconds
[5334.966s][info ][safepoint      ] Application time: 1.0000765 seconds
[5334.966s][info ][safepoint      ] Entering safepoint region: Cleanup
[5334.966s][info ][safepoint      ] Leaving safepoint region
[5334.966s][info ][safepoint      ] Total time for which application threads were stopped: 0.0001525 seconds, Stopping threads took: 0.0000489 seconds
[5335.966s][info ][safepoint      ] Application time: 1.0000715 seconds
[5335.966s][info ][safepoint      ] Entering safepoint region: Cleanup
[5335.966s][info ][safepoint      ] Leaving safepoint region
[5335.966s][info ][safepoint      ] Total time for which application threads were stopped: 0.0000867 seconds, Stopping threads took: 0.0000347 seconds
[5336.966s][info ][safepoint      ] Application time: 1.0000774 seconds
[5336.966s][info ][safepoint      ] Entering safepoint region: Cleanup
[5336.967s][info ][safepoint      ] Leaving safepoint region
[5336.967s][info ][safepoint      ] Total time for which application threads were stopped: 0.0000658 seconds, Stopping threads took: 0.0000140 seconds
[5337.967s][info ][safepoint      ] Application time: 1.0000673 seconds
[5337.967s][info ][safepoint      ] Entering safepoint region: Cleanup
[5337.967s][info ][safepoint      ] Leaving safepoint region
[5337.967s][info ][safepoint      ] Total time for which application threads were stopped: 0.0000727 seconds, Stopping threads took: 0.0000139 seconds
[5338.967s][info ][safepoint      ] Application time: 1.0000682 seconds
[5338.967s][info ][safepoint      ] Entering safepoint region: Cleanup
[5338.967s][info ][safepoint      ] Leaving safepoint region
[5338.967s][info ][safepoint      ] Total time for which application threads were stopped: 0.0000636 seconds, Stopping threads took: 0.0000136 seconds
[5339.752s][info ][safepoint      ] Application time: 0.7850273 seconds
[5339.752s][info ][safepoint      ] Entering safepoint region: ParallelGCFailedAllocation
[5339.752s][info ][gc,start       ] GC(546) Pause Young (Allocation Failure)
[5339.755s][debug][gc,phases      ] GC(546) Scavenge 3.157ms
[5339.755s][debug][gc,ref         ] GC(546) Skipped phase1 of Reference Processing due to unavailable references
[5339.755s][debug][gc,ref         ] GC(546) Skipped phase2 of Reference Processing due to unavailable references
[5339.755s][debug][gc,ref         ] GC(546) Skipped phase3 of Reference Processing due to unavailable references
[5339.755s][debug][gc,phases      ] GC(546) Reference Processing 0.042ms
[5339.755s][debug][gc,phases      ] GC(546) Weak Processing 0.142ms
[5339.756s][debug][gc,phases      ] GC(546) Scrub String Table 0.411ms
[5339.756s][debug][gc,age         ] GC(546) Desired survivor size 30408704 bytes, new threshold 15 (max threshold 15)
[5339.756s][info ][gc,heap        ] GC(546) PSYoungGen: 2036448K->3712K(2063872K)
[5339.756s][info ][gc,heap        ] GC(546) ParOldGen: 409307K->409379K(602624K)
[5339.756s][info ][gc,metaspace   ] GC(546) Metaspace: 77138K->77138K(1120256K)
[5339.756s][info ][gc             ] GC(546) Pause Young (Allocation Failure) 2388M->403M(2604M) 3.868ms
[5339.756s][info ][gc,cpu         ] GC(546) User=0.01s Sys=0.01s Real=0.01s
[5339.756s][info ][safepoint      ] Leaving safepoint region
[5339.756s][info ][safepoint      ] Total time for which application threads were stopped: 0.0040310 seconds, Stopping threads took: 0.0000136 seconds
[5340.756s][info ][safepoint      ] Application time: 1.0000827 seconds
[5340.756s][info ][safepoint      ] Entering safepoint region: Cleanup
[5340.756s][info ][safepoint      ] Leaving safepoint region
[5340.756s][info ][safepoint      ] Total time for which application threads were stopped: 0.0001211 seconds, Stopping threads took: 0.0000575 seconds
[5341.756s][info ][safepoint      ] Application time: 1.0000769 seconds
[5341.756s][info ][safepoint      ] Entering safepoint region: Cleanup
[5341.756s][info ][safepoint      ] Leaving safepoint region
[5341.756s][info ][safepoint      ] Total time for which application threads were stopped: 0.0000968 seconds, Stopping threads took: 0.0000353 seconds
[5342.757s][info ][safepoint      ] Application time: 1.0000782 seconds
[5342.757s][info ][safepoint      ] Entering safepoint region: Cleanup
[5342.757s][info ][safepoint      ] Leaving safepoint region
[5342.757s][info ][safepoint      ] Total time for which application threads were stopped: 0.0000956 seconds, Stopping threads took: 0.0000331 seconds
[5343.757s][info ][safepoint      ] Application time: 1.0000531 seconds
[5343.757s][info ][safepoint      ] Entering safepoint region: Cleanup
[5343.757s][info ][safepoint      ] Leaving safepoint region
[5343.757s][info ][safepoint      ] Total time for which application threads were stopped: 0.0001016 seconds, Stopping threads took: 0.0000355 seconds
[5344.757s][info ][safepoint      ] Application time: 1.0000730 seconds
[5344.757s][info ][safepoint      ] Entering safepoint region: Cleanup
[5344.757s][info ][safepoint      ] Leaving safepoint region
[5344.757s][info ][safepoint      ] Total time for which application threads were stopped: 0.0000926 seconds, Stopping threads took: 0.0000308 seconds
[5345.757s][info ][safepoint      ] Application time: 1.0000716 seconds
[5345.757s][info ][safepoint      ] Entering safepoint region: Cleanup
[5345.757s][info ][safepoint      ] Leaving safepoint region
[5345.757s][info ][safepoint      ] Total time for which application threads were stopped: 0.0001133 seconds, Stopping threads took: 0.0000520 seconds
[5346.757s][info ][safepoint      ] Application time: 1.0000817 seconds
[5346.757s][info ][safepoint      ] Entering safepoint region: Cleanup
[5346.758s][info ][safepoint      ] Leaving safepoint region
[5346.758s][info ][safepoint      ] Total time for which application threads were stopped: 0.0001120 seconds, Stopping threads took: 0.0000328 seconds
[5347.758s][info ][safepoint      ] Application time: 1.0000775 seconds
[5347.758s][info ][safepoint      ] Entering safepoint region: Cleanup
[5347.758s][info ][safepoint      ] Leaving safepoint region
[5347.758s][info ][safepoint      ] Total time for which application threads were stopped: 0.0000950 seconds, Stopping threads took: 0.0000332 seconds
[5348.758s][info ][safepoint      ] Application time: 1.0000744 seconds
[5348.758s][info ][safepoint      ] Entering safepoint region: Cleanup
[5348.758s][info ][safepoint      ] Leaving safepoint region
[5348.758s][info ][safepoint      ] Total time for which application threads were stopped: 0.0000961 seconds, Stopping threads took: 0.0000342 seconds
[5349.758s][info ][safepoint      ] Application time: 1.0000791 seconds
[5349.758s][info ][safepoint      ] Entering safepoint region: Cleanup
[5349.758s][info ][safepoint      ] Leaving safepoint region
[5349.758s][info ][safepoint      ] Total time for which application threads were stopped: 0.0001050 seconds, Stopping threads took: 0.0000409 seconds
[5350.758s][info ][safepoint      ] Application time: 1.0000771 seconds
[5350.758s][info ][safepoint      ] Entering safepoint region: Cleanup
[5350.758s][info ][safepoint      ] Leaving safepoint region
[5350.758s][info ][safepoint      ] Total time for which application threads were stopped: 0.0001012 seconds, Stopping threads took: 0.0000334 seconds
[5351.759s][info ][safepoint      ] Application time: 1.0000779 seconds
[5351.759s][info ][safepoint      ] Entering safepoint region: Cleanup
[5351.759s][info ][safepoint      ] Leaving safepoint region
[5351.759s][info ][safepoint      ] Total time for which application threads were stopped: 0.0001166 seconds, Stopping threads took: 0.0000497 seconds
[5352.759s][info ][safepoint      ] Application time: 1.0000809 seconds
[5352.759s][info ][safepoint      ] Entering safepoint region: Cleanup
[5352.759s][info ][safepoint      ] Leaving safepoint region
[5352.759s][info ][safepoint      ] Total time for which application threads were stopped: 0.0001161 seconds, Stopping threads took: 0.0000488 seconds
[5353.759s][info ][safepoint      ] Application time: 1.0000699 seconds
[5353.759s][info ][safepoint      ] Entering safepoint region: Cleanup
[5353.759s][info ][safepoint      ] Leaving safepoint region
[5353.759s][info ][safepoint      ] Total time for which application threads were stopped: 0.0001070 seconds, Stopping threads took: 0.0000467 seconds
[5354.759s][info ][safepoint      ] Application time: 1.0000850 seconds
[5354.759s][info ][safepoint      ] Entering safepoint region: Cleanup
[5354.759s][info ][safepoint      ] Leaving safepoint region
[5354.759s][info ][safepoint      ] Total time for which application threads were stopped: 0.0001155 seconds, Stopping threads took: 0.0000461 seconds
[5355.759s][info ][safepoint      ] Application time: 1.0000797 seconds
[5355.760s][info ][safepoint      ] Entering safepoint region: Cleanup
[5355.760s][info ][safepoint      ] Leaving safepoint region
[5355.760s][info ][safepoint      ] Total time for which application threads were stopped: 0.0001228 seconds, Stopping threads took: 0.0000543 seconds
[5356.513s][info ][safepoint      ] Application time: 0.7537822 seconds
[5356.513s][info ][safepoint      ] Entering safepoint region: ParallelGCFailedAllocation
[5356.514s][info ][gc,start       ] GC(547) Pause Young (Allocation Failure)
[5356.517s][debug][gc,phases      ] GC(547) Scavenge 3.039ms
[5356.517s][debug][gc,ref         ] GC(547) Skipped phase1 of Reference Processing due to unavailable references
[5356.517s][debug][gc,ref         ] GC(547) Skipped phase2 of Reference Processing due to unavailable references
[5356.517s][debug][gc,ref         ] GC(547) Skipped phase3 of Reference Processing due to unavailable references
[5356.517s][debug][gc,phases      ] GC(547) Reference Processing 0.027ms
[5356.517s][debug][gc,phases      ] GC(547) Weak Processing 0.136ms
[5356.517s][debug][gc,phases      ] GC(547) Scrub String Table 0.431ms
[5356.517s][debug][gc,age         ] GC(547) Desired survivor size 28311552 bytes, new threshold 15 (max threshold 15)
[5356.517s][info ][gc,heap        ] GC(547) PSYoungGen: 2036352K->3584K(2069504K)
[5356.517s][info ][gc,heap        ] GC(547) ParOldGen: 409379K->409419K(602624K)
[5356.517s][info ][gc,metaspace   ] GC(547) Metaspace: 77138K->77138K(1120256K)
[5356.517s][info ][gc             ] GC(547) Pause Young (Allocation Failure) 2388M->403M(2609M) 3.750ms
[5356.517s][info ][gc,cpu         ] GC(547) User=0.02s Sys=0.00s Real=0.00s
[5356.517s][info ][safepoint      ] Leaving safepoint region
[5356.517s][info ][safepoint      ] Total time for which application threads were stopped: 0.0039446 seconds, Stopping threads took: 0.0000138 seconds
[5357.518s][info ][safepoint      ] Application time: 1.0000737 seconds
[5357.518s][info ][safepoint      ] Entering safepoint region: Cleanup
[5357.518s][info ][safepoint      ] Leaving safepoint region
[5357.518s][info ][safepoint      ] Total time for which application threads were stopped: 0.0001001 seconds, Stopping threads took: 0.0000412 seconds
[5358.518s][info ][safepoint      ] Application time: 1.0000702 seconds
[5358.518s][info ][safepoint      ] Entering safepoint region: Cleanup
[5358.518s][info ][safepoint      ] Leaving safepoint region
[5358.518s][info ][safepoint      ] Total time for which application threads were stopped: 0.0000637 seconds, Stopping threads took: 0.0000146 seconds
[5359.518s][info ][safepoint      ] Application time: 1.0000621 seconds
[5359.518s][info ][safepoint      ] Entering safepoint region: Cleanup
[5359.518s][info ][safepoint      ] Leaving safepoint region
[5359.518s][info ][safepoint      ] Total time for which application threads were stopped: 0.0000728 seconds, Stopping threads took: 0.0000137 seconds
[5360.518s][info ][safepoint      ] Application time: 1.0000683 seconds
[5360.518s][info ][safepoint      ] Entering safepoint region: Cleanup
[5360.518s][info ][safepoint      ] Leaving safepoint region
[5360.518s][info ][safepoint      ] Total time for which application threads were stopped: 0.0000925 seconds, Stopping threads took: 0.0000369 seconds
[5361.518s][info ][safepoint      ] Application time: 1.0000660 seconds
[5361.518s][info ][safepoint      ] Entering safepoint region: Cleanup
[5361.518s][info ][safepoint      ] Leaving safepoint region
[5361.518s][info ][safepoint      ] Total time for which application threads were stopped: 0.0000774 seconds, Stopping threads took: 0.0000266 seconds
[5362.518s][info ][safepoint      ] Application time: 1.0000700 seconds
[5362.519s][info ][safepoint      ] Entering safepoint region: Cleanup
[5362.519s][info ][safepoint      ] Leaving safepoint region
[5362.519s][info ][safepoint      ] Total time for which application threads were stopped: 0.0000640 seconds, Stopping threads took: 0.0000135 seconds
[5363.519s][info ][safepoint      ] Application time: 1.0000383 seconds
[5363.519s][info ][safepoint      ] Entering safepoint region: Cleanup
[5363.519s][info ][safepoint      ] Leaving safepoint region
[5363.519s][info ][safepoint      ] Total time for which application threads were stopped: 0.0000638 seconds, Stopping threads took: 0.0000135 seconds
[5364.519s][info ][safepoint      ] Application time: 1.0000673 seconds
[5364.519s][info ][safepoint      ] Entering safepoint region: Cleanup
[5364.519s][info ][safepoint      ] Leaving safepoint region
[5364.519s][info ][safepoint      ] Total time for which application threads were stopped: 0.0000635 seconds, Stopping threads took: 0.0000141 seconds
[5365.284s][info ][safepoint      ] Application time: 0.7653983 seconds
[5365.284s][info ][safepoint      ] Entering safepoint region: RevokeBias
[5365.284s][info ][safepoint      ] Leaving safepoint region
[5365.284s][info ][safepoint      ] Total time for which application threads were stopped: 0.0000840 seconds, Stopping threads took: 0.0000118 seconds
[5365.699s][info ][safepoint      ] Application time: 0.4148259 seconds
[5365.699s][info ][safepoint      ] Entering safepoint region: RevokeBias
[5365.699s][info ][safepoint      ] Leaving safepoint region
[5365.699s][info ][safepoint      ] Total time for which application threads were stopped: 0.0000940 seconds, Stopping threads took: 0.0000126 seconds
[5373.354s][info ][safepoint      ] Application time: 7.6549189 seconds
[5373.354s][info ][safepoint      ] Entering safepoint region: ParallelGCFailedAllocation
[5373.354s][info ][gc,start       ] GC(548) Pause Young (Allocation Failure)
[5373.357s][debug][gc,phases      ] GC(548) Scavenge 2.936ms
[5373.357s][debug][gc,ref         ] GC(548) Skipped phase1 of Reference Processing due to unavailable references
[5373.357s][debug][gc,ref         ] GC(548) Skipped phase2 of Reference Processing due to unavailable references
[5373.357s][debug][gc,ref         ] GC(548) Skipped phase3 of Reference Processing due to unavailable references
[5373.357s][debug][gc,phases      ] GC(548) Reference Processing 0.027ms
[5373.358s][debug][gc,phases      ] GC(548) Weak Processing 0.140ms
[5373.358s][debug][gc,phases      ] GC(548) Scrub String Table 0.450ms
[5373.358s][debug][gc,age         ] GC(548) Desired survivor size 26738688 bytes, new threshold 15 (max threshold 15)
[5373.358s][info ][gc,heap        ] GC(548) PSYoungGen: 2043392K->3520K(2067456K)
[5373.358s][info ][gc,heap        ] GC(548) ParOldGen: 409419K->409459K(602624K)
[5373.358s][info ][gc,metaspace   ] GC(548) Metaspace: 77138K->77138K(1120256K)
[5373.358s][info ][gc             ] GC(548) Pause Young (Allocation Failure) 2395M->403M(2607M) 3.684ms
[5373.358s][info ][gc,cpu         ] GC(548) User=0.01s Sys=0.00s Real=0.00s
[5373.358s][info ][safepoint      ] Leaving safepoint region
[5373.358s][info ][safepoint      ] Total time for which application threads were stopped: 0.0038432 seconds, Stopping threads took: 0.0000124 seconds
[5390.163s][info ][safepoint      ] Application time: 16.8048391 seconds
[5390.163s][info ][safepoint      ] Entering safepoint region: ParallelGCFailedAllocation
[5390.163s][info ][gc,start       ] GC(549) Pause Young (Allocation Failure)
[5390.166s][debug][gc,phases      ] GC(549) Scavenge 3.006ms
[5390.166s][debug][gc,ref         ] GC(549) Skipped phase1 of Reference Processing due to unavailable references
[5390.166s][debug][gc,ref         ] GC(549) Skipped phase2 of Reference Processing due to unavailable references
[5390.166s][debug][gc,ref         ] GC(549) Skipped phase3 of Reference Processing due to unavailable references
[5390.166s][debug][gc,phases      ] GC(549) Reference Processing 0.033ms
[5390.166s][debug][gc,phases      ] GC(549) Weak Processing 0.125ms
[5390.167s][debug][gc,phases      ] GC(549) Scrub String Table 0.437ms
[5390.167s][debug][gc,age         ] GC(549) Desired survivor size 25165824 bytes, new threshold 15 (max threshold 15)
[5390.167s][info ][gc,heap        ] GC(549) PSYoungGen: 2043328K->3536K(2072576K)
[5390.167s][info ][gc,heap        ] GC(549) ParOldGen: 409459K->409515K(602624K)
[5390.167s][info ][gc,metaspace   ] GC(549) Metaspace: 77138K->77138K(1120256K)
[5390.167s][info ][gc             ] GC(549) Pause Young (Allocation Failure) 2395M->403M(2612M) 3.727ms
[5390.167s][info ][gc,cpu         ] GC(549) User=0.02s Sys=0.00s Real=0.00s
[5390.167s][info ][safepoint      ] Leaving safepoint region
[5390.167s][info ][safepoint      ] Total time for which application threads were stopped: 0.0038957 seconds, Stopping threads took: 0.0000261 seconds
[5406.807s][info ][safepoint      ] Application time: 16.6400635 seconds
[5406.807s][info ][safepoint      ] Entering safepoint region: ParallelGCFailedAllocation
[5406.807s][info ][gc,start       ] GC(550) Pause Young (Allocation Failure)
[5406.810s][debug][gc,phases      ] GC(550) Scavenge 2.976ms
[5406.810s][debug][gc,ref         ] GC(550) Skipped phase1 of Reference Processing due to unavailable references
[5406.810s][debug][gc,ref         ] GC(550) Skipped phase2 of Reference Processing due to unavailable references
[5406.810s][debug][gc,ref         ] GC(550) Skipped phase3 of Reference Processing due to unavailable references
[5406.810s][debug][gc,phases      ] GC(550) Reference Processing 0.032ms
[5406.810s][debug][gc,phases      ] GC(550) Weak Processing 0.130ms
[5406.811s][debug][gc,phases      ] GC(550) Scrub String Table 0.449ms
[5406.811s][debug][gc,age         ] GC(550) Desired survivor size 23592960 bytes, new threshold 15 (max threshold 15)
[5406.811s][info ][gc,heap        ] GC(550) PSYoungGen: 2050000K->3632K(2071040K)
[5406.811s][info ][gc,heap        ] GC(550) ParOldGen: 409515K->409555K(602624K)
[5406.811s][info ][gc,metaspace   ] GC(550) Metaspace: 77138K->77138K(1120256K)
[5406.811s][info ][gc             ] GC(550) Pause Young (Allocation Failure) 2401M->403M(2611M) 3.742ms
[5406.811s][info ][gc,cpu         ] GC(550) User=0.01s Sys=0.00s Real=0.00s
[5406.811s][info ][safepoint      ] Leaving safepoint region
[5406.811s][info ][safepoint      ] Total time for which application threads were stopped: 0.0038909 seconds, Stopping threads took: 0.0000127 seconds
[5410.152s][info ][safepoint      ] Application time: 3.3407678 seconds
[5410.152s][info ][safepoint      ] Entering safepoint region: RevokeBias
[5410.152s][info ][safepoint      ] Leaving safepoint region
[5410.152s][info ][safepoint      ] Total time for which application threads were stopped: 0.0001242 seconds, Stopping threads took: 0.0000522 seconds
[5417.152s][info ][safepoint      ] Application time: 7.0005446 seconds
[5417.153s][info ][safepoint      ] Entering safepoint region: Cleanup
[5417.153s][info ][safepoint      ] Leaving safepoint region
[5417.153s][info ][safepoint      ] Total time for which application threads were stopped: 0.0001125 seconds, Stopping threads took: 0.0000349 seconds
[5422.459s][info ][safepoint      ] Application time: 5.3063227 seconds
[5422.459s][info ][safepoint      ] Entering safepoint region: ParallelGCFailedAllocation
[5422.459s][info ][gc,start       ] GC(551) Pause Young (Allocation Failure)
[5422.463s][debug][gc,phases      ] GC(551) Scavenge 3.448ms
[5422.463s][debug][gc,ref         ] GC(551) Skipped phase1 of Reference Processing due to unavailable references
[5422.463s][debug][gc,ref         ] GC(551) Skipped phase2 of Reference Processing due to unavailable references
[5422.463s][debug][gc,ref         ] GC(551) Skipped phase3 of Reference Processing due to unavailable references
[5422.463s][debug][gc,phases      ] GC(551) Reference Processing 0.036ms
[5422.463s][debug][gc,phases      ] GC(551) Weak Processing 0.171ms
[5422.463s][debug][gc,phases      ] GC(551) Scrub String Table 0.546ms
[5422.463s][debug][gc,age         ] GC(551) Desired survivor size 22020096 bytes, new threshold 15 (max threshold 15)
[5422.463s][info ][gc,heap        ] GC(551) PSYoungGen: 2050096K->3424K(2075648K)
[5422.463s][info ][gc,heap        ] GC(551) ParOldGen: 409555K->409683K(602624K)
[5422.463s][info ][gc,metaspace   ] GC(551) Metaspace: 77142K->77142K(1120256K)
[5422.463s][info ][gc             ] GC(551) Pause Young (Allocation Failure) 2402M->403M(2615M) 4.360ms
[5422.463s][info ][gc,cpu         ] GC(551) User=0.02s Sys=0.00s Real=0.01s
[5422.464s][info ][safepoint      ] Leaving safepoint region
[5422.464s][info ][safepoint      ] Total time for which application threads were stopped: 0.0045581 seconds, Stopping threads took: 0.0000179 seconds
[5425.699s][info ][safepoint      ] Application time: 3.2357107 seconds
[5425.699s][info ][safepoint      ] Entering safepoint region: RevokeBias
[5425.699s][info ][safepoint      ] Leaving safepoint region
[5425.699s][info ][safepoint      ] Total time for which application threads were stopped: 0.0000748 seconds, Stopping threads took: 0.0000149 seconds
[5439.463s][info ][safepoint      ] Application time: 13.7631966 seconds
[5439.463s][info ][safepoint      ] Entering safepoint region: ParallelGCFailedAllocation
[5439.463s][info ][gc,start       ] GC(552) Pause Young (Allocation Failure)
[5439.466s][debug][gc,phases      ] GC(552) Scavenge 2.939ms
[5439.466s][debug][gc,ref         ] GC(552) Skipped phase1 of Reference Processing due to unavailable references
[5439.466s][debug][gc,ref         ] GC(552) Skipped phase2 of Reference Processing due to unavailable references
[5439.466s][debug][gc,ref         ] GC(552) Skipped phase3 of Reference Processing due to unavailable references
[5439.466s][debug][gc,phases      ] GC(552) Reference Processing 0.036ms
[5439.466s][debug][gc,phases      ] GC(552) Weak Processing 0.162ms
[5439.467s][debug][gc,phases      ] GC(552) Scrub String Table 0.573ms
[5439.467s][debug][gc,age         ] GC(552) Desired survivor size 20971520 bytes, new threshold 15 (max threshold 15)
[5439.467s][info ][gc,heap        ] GC(552) PSYoungGen: 2056032K->3344K(2074112K)
[5439.467s][info ][gc,heap        ] GC(552) ParOldGen: 409683K->409739K(602624K)
[5439.467s][info ][gc,metaspace   ] GC(552) Metaspace: 77143K->77143K(1120256K)
[5439.467s][info ][gc             ] GC(552) Pause Young (Allocation Failure) 2407M->403M(2614M) 3.884ms
[5439.467s][info ][gc,cpu         ] GC(552) User=0.01s Sys=0.00s Real=0.00s
[5439.467s][info ][safepoint      ] Leaving safepoint region
[5439.467s][info ][safepoint      ] Total time for which application threads were stopped: 0.0040702 seconds, Stopping threads took: 0.0000190 seconds
[5456.506s][info ][safepoint      ] Application time: 17.0394685 seconds
[5456.506s][info ][safepoint      ] Entering safepoint region: ParallelGCFailedAllocation
[5456.506s][info ][gc,start       ] GC(553) Pause Young (Allocation Failure)
[5456.509s][debug][gc,phases      ] GC(553) Scavenge 2.919ms
[5456.509s][debug][gc,ref         ] GC(553) Skipped phase1 of Reference Processing due to unavailable references
[5456.509s][debug][gc,ref         ] GC(553) Skipped phase2 of Reference Processing due to unavailable references
[5456.509s][debug][gc,ref         ] GC(553) Skipped phase3 of Reference Processing due to unavailable references
[5456.509s][debug][gc,phases      ] GC(553) Reference Processing 0.026ms
[5456.509s][debug][gc,phases      ] GC(553) Weak Processing 0.134ms
[5456.510s][debug][gc,phases      ] GC(553) Scrub String Table 0.428ms
[5456.510s][debug][gc,age         ] GC(553) Desired survivor size 19398656 bytes, new threshold 15 (max threshold 15)
[5456.510s][info ][gc,heap        ] GC(553) PSYoungGen: 2055952K->3088K(2078208K)
[5456.510s][info ][gc,heap        ] GC(553) ParOldGen: 409739K->410011K(602624K)
[5456.510s][info ][gc,metaspace   ] GC(553) Metaspace: 77143K->77143K(1120256K)
[5456.510s][info ][gc             ] GC(553) Pause Young (Allocation Failure) 2407M->403M(2618M) 3.632ms
[5456.510s][info ][gc,cpu         ] GC(553) User=0.01s Sys=0.00s Real=0.00s
[5456.510s][info ][safepoint      ] Leaving safepoint region
[5456.510s][info ][safepoint      ] Total time for which application threads were stopped: 0.0038017 seconds, Stopping threads took: 0.0000271 seconds
[5473.509s][info ][safepoint      ] Application time: 16.9994961 seconds
[5473.510s][info ][safepoint      ] Entering safepoint region: ParallelGCFailedAllocation
[5473.510s][info ][gc,start       ] GC(554) Pause Young (Allocation Failure)
[5473.513s][debug][gc,phases      ] GC(554) Scavenge 2.970ms
[5473.513s][debug][gc,ref         ] GC(554) Skipped phase1 of Reference Processing due to unavailable references
[5473.513s][debug][gc,ref         ] GC(554) Skipped phase2 of Reference Processing due to unavailable references
[5473.513s][debug][gc,ref         ] GC(554) Skipped phase3 of Reference Processing due to unavailable references
[5473.513s][debug][gc,phases      ] GC(554) Reference Processing 0.032ms
[5473.513s][debug][gc,phases      ] GC(554) Weak Processing 0.152ms
[5473.513s][debug][gc,phases      ] GC(554) Scrub String Table 0.444ms
[5473.513s][debug][gc,age         ] GC(554) Desired survivor size 18350080 bytes, new threshold 15 (max threshold 15)
[5473.513s][info ][gc,heap        ] GC(554) PSYoungGen: 2060816K->2928K(2076672K)
[5473.513s][info ][gc,heap        ] GC(554) ParOldGen: 410011K->410255K(602624K)
[5473.513s][info ][gc,metaspace   ] GC(554) Metaspace: 77143K->77143K(1120256K)
[5473.513s][info ][gc             ] GC(554) Pause Young (Allocation Failure) 2412M->403M(2616M) 3.728ms
[5473.513s][info ][gc,cpu         ] GC(554) User=0.02s Sys=0.00s Real=0.01s
[5473.513s][info ][safepoint      ] Leaving safepoint region
[5473.513s][info ][safepoint      ] Total time for which application threads were stopped: 0.0038863 seconds, Stopping threads took: 0.0000141 seconds
[5476.908s][info ][safepoint      ] Application time: 3.3949314 seconds
[5476.908s][info ][safepoint      ] Entering safepoint region: RevokeBias
[5476.908s][info ][safepoint      ] Leaving safepoint region
[5476.908s][info ][safepoint      ] Total time for which application threads were stopped: 0.0001174 seconds, Stopping threads took: 0.0000466 seconds
[5476.909s][info ][safepoint      ] Application time: 0.0005451 seconds
[5476.909s][info ][safepoint      ] Entering safepoint region: RevokeBias
[5476.909s][info ][safepoint      ] Leaving safepoint region
[5476.909s][info ][safepoint      ] Total time for which application threads were stopped: 0.0001126 seconds, Stopping threads took: 0.0000172 seconds
[5485.699s][info ][safepoint      ] Application time: 8.7900403 seconds
[5485.699s][info ][safepoint      ] Entering safepoint region: RevokeBias
[5485.699s][info ][safepoint      ] Leaving safepoint region
[5485.699s][info ][safepoint      ] Total time for which application threads were stopped: 0.0000572 seconds, Stopping threads took: 0.0000117 seconds
[5490.370s][info ][safepoint      ] Application time: 4.6707468 seconds
[5490.370s][info ][safepoint      ] Entering safepoint region: ParallelGCFailedAllocation
[5490.370s][info ][gc,start       ] GC(555) Pause Young (Allocation Failure)
[5490.373s][debug][gc,phases      ] GC(555) Scavenge 2.661ms
[5490.373s][debug][gc,ref         ] GC(555) Skipped phase1 of Reference Processing due to unavailable references
[5490.373s][debug][gc,ref         ] GC(555) Skipped phase2 of Reference Processing due to unavailable references
[5490.373s][debug][gc,ref         ] GC(555) Skipped phase3 of Reference Processing due to unavailable references
[5490.373s][debug][gc,ref         ] GC(555) Skipped phase4 of Reference Processing due to unavailable references
[5490.373s][debug][gc,phases      ] GC(555) Reference Processing 0.028ms
[5490.373s][debug][gc,phases      ] GC(555) Weak Processing 0.146ms
[5490.374s][debug][gc,phases      ] GC(555) Scrub String Table 0.444ms
[5490.374s][debug][gc,age         ] GC(555) Desired survivor size 17301504 bytes, new threshold 15 (max threshold 15)
[5490.374s][info ][gc,heap        ] GC(555) PSYoungGen: 2060656K->2864K(2080256K)
[5490.374s][info ][gc,heap        ] GC(555) ParOldGen: 410255K->410319K(602624K)
[5490.374s][info ][gc,metaspace   ] GC(555) Metaspace: 77143K->77143K(1120256K)
[5490.374s][info ][gc             ] GC(555) Pause Young (Allocation Failure) 2412M->403M(2620M) 3.400ms
[5490.374s][info ][gc,cpu         ] GC(555) User=0.01s Sys=0.00s Real=0.01s
[5490.374s][info ][safepoint      ] Leaving safepoint region
[5490.374s][info ][safepoint      ] Total time for which application threads were stopped: 0.0035484 seconds, Stopping threads took: 0.0000129 seconds
[5507.605s][info ][safepoint      ] Application time: 17.2314444 seconds
[5507.605s][info ][safepoint      ] Entering safepoint region: ParallelGCFailedAllocation
[5507.605s][info ][gc,start       ] GC(556) Pause Young (Allocation Failure)
[5507.608s][debug][gc,phases      ] GC(556) Scavenge 2.485ms
[5507.608s][debug][gc,ref         ] GC(556) Skipped phase1 of Reference Processing due to unavailable references
[5507.608s][debug][gc,ref         ] GC(556) Skipped phase2 of Reference Processing due to unavailable references
[5507.608s][debug][gc,ref         ] GC(556) Skipped phase3 of Reference Processing due to unavailable references
[5507.608s][debug][gc,ref         ] GC(556) Skipped phase4 of Reference Processing due to unavailable references
[5507.608s][debug][gc,phases      ] GC(556) Reference Processing 0.029ms
[5507.608s][debug][gc,phases      ] GC(556) Weak Processing 0.141ms
[5507.608s][debug][gc,phases      ] GC(556) Scrub String Table 0.452ms
[5507.608s][debug][gc,age         ] GC(556) Desired survivor size 16252928 bytes, new threshold 15 (max threshold 15)
[5507.608s][info ][gc,heap        ] GC(556) PSYoungGen: 2065200K->2768K(2079232K)
[5507.608s][info ][gc,heap        ] GC(556) ParOldGen: 410319K->410351K(602624K)
[5507.608s][info ][gc,metaspace   ] GC(556) Metaspace: 77143K->77143K(1120256K)
[5507.608s][info ][gc             ] GC(556) Pause Young (Allocation Failure) 2417M->403M(2619M) 3.224ms
[5507.608s][info ][gc,cpu         ] GC(556) User=0.01s Sys=0.00s Real=0.00s
[5507.609s][info ][safepoint      ] Leaving safepoint region
[5507.609s][info ][safepoint      ] Total time for which application threads were stopped: 0.0033946 seconds, Stopping threads took: 0.0000249 seconds
[5524.806s][info ][safepoint      ] Application time: 17.1973939 seconds
[5524.806s][info ][safepoint      ] Entering safepoint region: ParallelGCFailedAllocation
[5524.806s][info ][gc,start       ] GC(557) Pause Young (Allocation Failure)
[5524.809s][debug][gc,phases      ] GC(557) Scavenge 2.520ms
[5524.809s][debug][gc,ref         ] GC(557) Skipped phase1 of Reference Processing due to unavailable references
[5524.809s][debug][gc,ref         ] GC(557) Skipped phase2 of Reference Processing due to unavailable references
[5524.809s][debug][gc,ref         ] GC(557) Skipped phase3 of Reference Processing due to unavailable references
[5524.809s][debug][gc,ref         ] GC(557) Skipped phase4 of Reference Processing due to unavailable references
[5524.809s][debug][gc,phases      ] GC(557) Reference Processing 0.028ms
[5524.809s][debug][gc,phases      ] GC(557) Weak Processing 0.140ms
[5524.809s][debug][gc,phases      ] GC(557) Scrub String Table 0.424ms
[5524.809s][debug][gc,age         ] GC(557) Desired survivor size 15728640 bytes, new threshold 15 (max threshold 15)
[5524.809s][info ][gc,heap        ] GC(557) PSYoungGen: 2065104K->2352K(2081792K)
[5524.809s][info ][gc,heap        ] GC(557) ParOldGen: 410351K->410827K(602624K)
[5524.809s][info ][gc,metaspace   ] GC(557) Metaspace: 77143K->77143K(1120256K)
[5524.809s][info ][gc             ] GC(557) Pause Young (Allocation Failure) 2417M->403M(2621M) 3.227ms
[5524.809s][info ][gc,cpu         ] GC(557) User=0.01s Sys=0.00s Real=0.00s
[5524.809s][info ][safepoint      ] Leaving safepoint region
[5524.809s][info ][safepoint      ] Total time for which application threads were stopped: 0.0033740 seconds, Stopping threads took: 0.0000195 seconds
[5530.810s][info ][safepoint      ] Application time: 6.0004422 seconds
[5530.810s][info ][safepoint      ] Entering safepoint region: Cleanup
[5530.810s][info ][safepoint      ] Leaving safepoint region
[5530.810s][info ][safepoint      ] Total time for which application threads were stopped: 0.0001273 seconds, Stopping threads took: 0.0000375 seconds
[5541.153s][info ][safepoint      ] Application time: 10.3431555 seconds
[5541.153s][info ][safepoint      ] Entering safepoint region: ParallelGCFailedAllocation
[5541.153s][info ][gc,start       ] GC(558) Pause Young (Allocation Failure)
[5541.159s][debug][gc,phases      ] GC(558) Scavenge 5.750ms
[5541.159s][debug][gc,ref         ] GC(558) Skipped phase1 of Reference Processing due to unavailable references
[5541.159s][debug][gc,ref         ] GC(558) Skipped phase2 of Reference Processing due to unavailable references
[5541.159s][debug][gc,ref         ] GC(558) Skipped phase3 of Reference Processing due to unavailable references
[5541.159s][debug][gc,phases      ] GC(558) Reference Processing 0.034ms
[5541.159s][debug][gc,phases      ] GC(558) Weak Processing 0.208ms
[5541.160s][debug][gc,phases      ] GC(558) Scrub String Table 0.654ms
[5541.160s][debug][gc,age         ] GC(558) Desired survivor size 14680064 bytes, new threshold 15 (max threshold 15)
[5541.160s][info ][gc,heap        ] GC(558) PSYoungGen: 2068272K->2128K(2081280K)
[5541.160s][info ][gc,heap        ] GC(558) ParOldGen: 410827K->411155K(602624K)
[5541.160s][info ][gc,metaspace   ] GC(558) Metaspace: 77144K->77144K(1120256K)
[5541.160s][info ][gc             ] GC(558) Pause Young (Allocation Failure) 2420M->403M(2621M) 6.792ms
[5541.160s][info ][gc,cpu         ] GC(558) User=0.01s Sys=0.00s Real=0.00s
[5541.160s][info ][safepoint      ] Leaving safepoint region
[5541.160s][info ][safepoint      ] Total time for which application threads were stopped: 0.0070358 seconds, Stopping threads took: 0.0000347 seconds
[5545.701s][info ][safepoint      ] Application time: 4.5409591 seconds
[5545.701s][info ][safepoint      ] Entering safepoint region: RevokeBias
[5545.701s][info ][safepoint      ] Leaving safepoint region
[5545.701s][info ][safepoint      ] Total time for which application threads were stopped: 0.0000833 seconds, Stopping threads took: 0.0000160 seconds
[5558.360s][info ][safepoint      ] Application time: 12.6585011 seconds
[5558.360s][info ][safepoint      ] Entering safepoint region: ParallelGCFailedAllocation
[5558.360s][info ][gc,start       ] GC(559) Pause Young (Allocation Failure)
[5558.363s][debug][gc,phases      ] GC(559) Scavenge 2.528ms
[5558.363s][debug][gc,ref         ] GC(559) Skipped phase1 of Reference Processing due to unavailable references
[5558.363s][debug][gc,ref         ] GC(559) Skipped phase2 of Reference Processing due to unavailable references
[5558.363s][debug][gc,ref         ] GC(559) Skipped phase3 of Reference Processing due to unavailable references
[5558.363s][debug][gc,phases      ] GC(559) Reference Processing 0.031ms
[5558.363s][debug][gc,phases      ] GC(559) Weak Processing 0.138ms
[5558.363s][debug][gc,phases      ] GC(559) Scrub String Table 0.468ms
[5558.363s][debug][gc,age         ] GC(559) Desired survivor size 14155776 bytes, new threshold 15 (max threshold 15)
[5558.363s][info ][gc,heap        ] GC(559) PSYoungGen: 2068048K->480K(2083328K)
[5558.363s][info ][gc,heap        ] GC(559) ParOldGen: 411155K->412784K(602624K)
[5558.363s][info ][gc,metaspace   ] GC(559) Metaspace: 77144K->77144K(1120256K)
[5558.363s][info ][gc             ] GC(559) Pause Young (Allocation Failure) 2421M->403M(2623M) 3.295ms
[5558.363s][info ][gc,cpu         ] GC(559) User=0.01s Sys=0.00s Real=0.01s
[5558.363s][info ][safepoint      ] Leaving safepoint region
[5558.363s][info ][safepoint      ] Total time for which application threads were stopped: 0.0034462 seconds, Stopping threads took: 0.0000145 seconds
[5575.554s][info ][safepoint      ] Application time: 17.1905753 seconds
[5575.554s][info ][safepoint      ] Entering safepoint region: ParallelGCFailedAllocation
[5575.554s][info ][gc,start       ] GC(560) Pause Young (Allocation Failure)
[5575.559s][debug][gc,phases      ] GC(560) Scavenge 5.140ms
[5575.559s][debug][gc,ref         ] GC(560) Skipped phase1 of Reference Processing due to unavailable references
[5575.559s][debug][gc,ref         ] GC(560) Skipped phase2 of Reference Processing due to unavailable references
[5575.559s][debug][gc,ref         ] GC(560) Skipped phase3 of Reference Processing due to unavailable references
[5575.559s][debug][gc,phases      ] GC(560) Reference Processing 0.028ms
[5575.559s][debug][gc,phases      ] GC(560) Weak Processing 0.187ms
[5575.560s][debug][gc,phases      ] GC(560) Scrub String Table 0.586ms
[5575.560s][debug][gc,age         ] GC(560) Desired survivor size 13631488 bytes, new threshold 15 (max threshold 15)
[5575.560s][info ][gc,heap        ] GC(560) PSYoungGen: 2069472K->512K(2082816K)
[5575.560s][info ][gc,heap        ] GC(560) ParOldGen: 412784K->412800K(602624K)
[5575.560s][info ][gc,metaspace   ] GC(560) Metaspace: 77144K->77144K(1120256K)
[5575.560s][info ][gc             ] GC(560) Pause Young (Allocation Failure) 2424M->403M(2622M) 6.046ms
[5575.560s][info ][gc,cpu         ] GC(560) User=0.01s Sys=0.00s Real=0.00s
[5575.560s][info ][safepoint      ] Leaving safepoint region
[5575.560s][info ][safepoint      ] Total time for which application threads were stopped: 0.0062173 seconds, Stopping threads took: 0.0000280 seconds
[5590.158s][info ][safepoint      ] Application time: 14.5974423 seconds
[5590.158s][info ][safepoint      ] Entering safepoint region: RevokeBias
[5590.158s][info ][safepoint      ] Leaving safepoint region
[5590.158s][info ][safepoint      ] Total time for which application threads were stopped: 0.0001599 seconds, Stopping threads took: 0.0000339 seconds
[5590.158s][info ][safepoint      ] Application time: 0.0000620 seconds
[5590.158s][info ][safepoint      ] Entering safepoint region: RevokeBias
[5590.158s][info ][safepoint      ] Leaving safepoint region
[5590.158s][info ][safepoint      ] Total time for which application threads were stopped: 0.0000553 seconds, Stopping threads took: 0.0000173 seconds
[5590.160s][info ][safepoint      ] Application time: 0.0016762 seconds
[5590.160s][info ][safepoint      ] Entering safepoint region: RevokeBias
[5590.160s][info ][safepoint      ] Leaving safepoint region
[5590.160s][info ][safepoint      ] Total time for which application threads were stopped: 0.0001386 seconds, Stopping threads took: 0.0000197 seconds
[5592.558s][info ][safepoint      ] Application time: 2.3987186 seconds
[5592.558s][info ][safepoint      ] Entering safepoint region: ParallelGCFailedAllocation
[5592.559s][info ][gc,start       ] GC(561) Pause Young (Allocation Failure)
[5592.561s][debug][gc,phases      ] GC(561) Scavenge 1.881ms
[5592.561s][debug][gc,ref         ] GC(561) Skipped phase1 of Reference Processing due to unavailable references
[5592.561s][debug][gc,ref         ] GC(561) Skipped phase2 of Reference Processing due to unavailable references
[5592.561s][debug][gc,ref         ] GC(561) Skipped phase3 of Reference Processing due to unavailable references
[5592.561s][debug][gc,ref         ] GC(561) Skipped phase4 of Reference Processing due to unavailable references
[5592.561s][debug][gc,phases      ] GC(561) Reference Processing 0.027ms
[5592.561s][debug][gc,phases      ] GC(561) Weak Processing 0.139ms
[5592.561s][debug][gc,phases      ] GC(561) Scrub String Table 0.463ms
[5592.561s][debug][gc,age         ] GC(561) Desired survivor size 13107200 bytes, new threshold 15 (max threshold 15)
[5592.561s][info ][gc,heap        ] GC(561) PSYoungGen: 2069504K->416K(2084352K)
[5592.561s][info ][gc,heap        ] GC(561) ParOldGen: 412800K->412824K(602624K)
[5592.561s][info ][gc,metaspace   ] GC(561) Metaspace: 77144K->77144K(1120256K)
[5592.561s][info ][gc             ] GC(561) Pause Young (Allocation Failure) 2424M->403M(2624M) 2.615ms
[5592.561s][info ][gc,cpu         ] GC(561) User=0.01s Sys=0.00s Real=0.01s
[5592.561s][info ][safepoint      ] Leaving safepoint region
[5592.561s][info ][safepoint      ] Total time for which application threads were stopped: 0.0027783 seconds, Stopping threads took: 0.0000114 seconds
[5605.701s][info ][safepoint      ] Application time: 13.1399603 seconds
[5605.701s][info ][safepoint      ] Entering safepoint region: RevokeBias
[5605.701s][info ][safepoint      ] Leaving safepoint region
[5605.701s][info ][safepoint      ] Total time for which application threads were stopped: 0.0001085 seconds, Stopping threads took: 0.0000524 seconds
[5609.764s][info ][safepoint      ] Application time: 4.0621802 seconds
[5609.764s][info ][safepoint      ] Entering safepoint region: ParallelGCFailedAllocation
[5609.764s][info ][gc,start       ] GC(562) Pause Young (Allocation Failure)
[5609.766s][debug][gc,phases      ] GC(562) Scavenge 1.823ms
[5609.766s][debug][gc,ref         ] GC(562) Skipped phase1 of Reference Processing due to unavailable references
[5609.766s][debug][gc,ref         ] GC(562) Skipped phase2 of Reference Processing due to unavailable references
[5609.766s][debug][gc,ref         ] GC(562) Skipped phase3 of Reference Processing due to unavailable references
[5609.766s][debug][gc,ref         ] GC(562) Skipped phase4 of Reference Processing due to unavailable references
[5609.766s][debug][gc,phases      ] GC(562) Reference Processing 0.026ms
[5609.766s][debug][gc,phases      ] GC(562) Weak Processing 0.134ms
[5609.766s][debug][gc,phases      ] GC(562) Scrub String Table 0.446ms
[5609.766s][debug][gc,age         ] GC(562) Desired survivor size 12582912 bytes, new threshold 15 (max threshold 15)
[5609.766s][info ][gc,heap        ] GC(562) PSYoungGen: 2071456K->448K(2083840K)
[5609.766s][info ][gc,heap        ] GC(562) ParOldGen: 412824K->412848K(602624K)
[5609.766s][info ][gc,metaspace   ] GC(562) Metaspace: 77144K->77144K(1120256K)
[5609.766s][info ][gc             ] GC(562) Pause Young (Allocation Failure) 2426M->403M(2623M) 2.522ms
[5609.766s][info ][gc,cpu         ] GC(562) User=0.01s Sys=0.00s Real=0.00s
[5609.766s][info ][safepoint      ] Leaving safepoint region
[5609.766s][info ][safepoint      ] Total time for which application threads were stopped: 0.0026762 seconds, Stopping threads took: 0.0000122 seconds
[5626.914s][info ][safepoint      ] Application time: 17.1479236 seconds
[5626.914s][info ][safepoint      ] Entering safepoint region: ParallelGCFailedAllocation
[5626.914s][info ][gc,start       ] GC(563) Pause Young (Allocation Failure)
[5626.916s][debug][gc,phases      ] GC(563) Scavenge 1.962ms
[5626.916s][debug][gc,ref         ] GC(563) Skipped phase1 of Reference Processing due to unavailable references
[5626.916s][debug][gc,ref         ] GC(563) Skipped phase2 of Reference Processing due to unavailable references
[5626.916s][debug][gc,ref         ] GC(563) Skipped phase3 of Reference Processing due to unavailable references
[5626.916s][debug][gc,ref         ] GC(563) Skipped phase4 of Reference Processing due to unavailable references
[5626.916s][debug][gc,phases      ] GC(563) Reference Processing 0.029ms
[5626.917s][debug][gc,phases      ] GC(563) Weak Processing 0.117ms
[5626.917s][debug][gc,phases      ] GC(563) Scrub String Table 0.456ms
[5626.917s][debug][gc,age         ] GC(563) Desired survivor size 12058624 bytes, new threshold 15 (max threshold 15)
[5626.917s][info ][gc,heap        ] GC(563) PSYoungGen: 2071488K->480K(2085376K)
[5626.917s][info ][gc,heap        ] GC(563) ParOldGen: 412848K->412880K(602624K)
[5626.917s][info ][gc,metaspace   ] GC(563) Metaspace: 77144K->77144K(1120256K)
[5626.917s][info ][gc             ] GC(563) Pause Young (Allocation Failure) 2426M->403M(2625M) 2.672ms
[5626.917s][info ][gc,cpu         ] GC(563) User=0.01s Sys=0.00s Real=0.00s
[5626.917s][info ][safepoint      ] Leaving safepoint region
[5626.917s][info ][safepoint      ] Total time for which application threads were stopped: 0.0028029 seconds, Stopping threads took: 0.0000119 seconds
[5644.105s][info ][safepoint      ] Application time: 17.1883076 seconds
[5644.105s][info ][safepoint      ] Entering safepoint region: ParallelGCFailedAllocation
[5644.106s][info ][gc,start       ] GC(564) Pause Young (Allocation Failure)
[5644.107s][debug][gc,phases      ] GC(564) Scavenge 1.877ms
[5644.107s][debug][gc,ref         ] GC(564) Skipped phase1 of Reference Processing due to unavailable references
[5644.107s][debug][gc,ref         ] GC(564) Skipped phase2 of Reference Processing due to unavailable references
[5644.107s][debug][gc,ref         ] GC(564) Skipped phase3 of Reference Processing due to unavailable references
[5644.107s][debug][gc,ref         ] GC(564) Skipped phase4 of Reference Processing due to unavailable references
[5644.107s][debug][gc,phases      ] GC(564) Reference Processing 0.026ms
[5644.108s][debug][gc,phases      ] GC(564) Weak Processing 0.133ms
[5644.108s][debug][gc,phases      ] GC(564) Scrub String Table 0.422ms
[5644.108s][debug][gc,age         ] GC(564) Desired survivor size 11534336 bytes, new threshold 15 (max threshold 15)
[5644.108s][info ][gc,heap        ] GC(564) PSYoungGen: 2073568K->512K(2084864K)
[5644.108s][info ][gc,heap        ] GC(564) ParOldGen: 412880K->412920K(602624K)
[5644.108s][info ][gc,metaspace   ] GC(564) Metaspace: 77144K->77144K(1120256K)
[5644.108s][info ][gc             ] GC(564) Pause Young (Allocation Failure) 2428M->403M(2624M) 2.538ms
[5644.108s][info ][gc,cpu         ] GC(564) User=0.01s Sys=0.00s Real=0.00s
[5644.108s][info ][safepoint      ] Leaving safepoint region
[5644.108s][info ][safepoint      ] Total time for which application threads were stopped: 0.0026761 seconds, Stopping threads took: 0.0000258 seconds
[5661.314s][info ][safepoint      ] Application time: 17.2057421 seconds
[5661.314s][info ][safepoint      ] Entering safepoint region: ParallelGCFailedAllocation
[5661.314s][info ][gc,start       ] GC(565) Pause Young (Allocation Failure)
[5661.316s][debug][gc,phases      ] GC(565) Scavenge 2.132ms
[5661.316s][debug][gc,ref         ] GC(565) Skipped phase1 of Reference Processing due to unavailable references
[5661.316s][debug][gc,ref         ] GC(565) Skipped phase2 of Reference Processing due to unavailable references
[5661.316s][debug][gc,ref         ] GC(565) Skipped phase3 of Reference Processing due to unavailable references
[5661.316s][debug][gc,ref         ] GC(565) Skipped phase4 of Reference Processing due to unavailable references
[5661.316s][debug][gc,phases      ] GC(565) Reference Processing 0.053ms
[5661.316s][debug][gc,phases      ] GC(565) Weak Processing 0.159ms
[5661.317s][debug][gc,phases      ] GC(565) Scrub String Table 0.514ms
[5661.317s][debug][gc,age         ] GC(565) Desired survivor size 11010048 bytes, new threshold 15 (max threshold 15)
[5661.317s][info ][gc,heap        ] GC(565) PSYoungGen: 2073600K->416K(2086400K)
[5661.317s][info ][gc,heap        ] GC(565) ParOldGen: 412920K->412936K(602624K)
[5661.317s][info ][gc,metaspace   ] GC(565) Metaspace: 77144K->77144K(1120256K)
[5661.317s][info ][gc             ] GC(565) Pause Young (Allocation Failure) 2428M->403M(2626M) 2.996ms
[5661.317s][info ][gc,cpu         ] GC(565) User=0.00s Sys=0.01s Real=0.00s
[5661.317s][info ][safepoint      ] Leaving safepoint region
[5661.317s][info ][safepoint      ] Total time for which application threads were stopped: 0.0031893 seconds, Stopping threads took: 0.0000321 seconds
[5665.701s][info ][safepoint      ] Application time: 4.3842020 seconds
[5665.701s][info ][safepoint      ] Entering safepoint region: RevokeBias
[5665.701s][info ][safepoint      ] Leaving safepoint region
[5665.701s][info ][safepoint      ] Total time for which application threads were stopped: 0.0001025 seconds, Stopping threads took: 0.0000376 seconds
[5666.524s][info ][safepoint      ] Application time: 0.8226473 seconds
[5666.524s][info ][safepoint      ] Entering safepoint region: RevokeBias
[5666.524s][info ][safepoint      ] Leaving safepoint region
[5666.524s][info ][safepoint      ] Total time for which application threads were stopped: 0.0001053 seconds, Stopping threads took: 0.0000106 seconds
[5666.524s][info ][safepoint      ] Application time: 0.0000668 seconds
[5666.524s][info ][safepoint      ] Entering safepoint region: RevokeBias
[5666.524s][info ][safepoint      ] Leaving safepoint region
[5666.524s][info ][safepoint      ] Total time for which application threads were stopped: 0.0000688 seconds, Stopping threads took: 0.0000469 seconds
[5666.524s][info ][safepoint      ] Application time: 0.0000686 seconds
[5666.524s][info ][safepoint      ] Entering safepoint region: RevokeBias
[5666.524s][info ][safepoint      ] Leaving safepoint region
[5666.524s][info ][safepoint      ] Total time for which application threads were stopped: 0.0000475 seconds, Stopping threads took: 0.0000277 seconds
[5666.525s][info ][safepoint      ] Application time: 0.0000524 seconds
[5666.525s][info ][safepoint      ] Entering safepoint region: RevokeBias
[5666.525s][info ][safepoint      ] Leaving safepoint region
[5666.525s][info ][safepoint      ] Total time for which application threads were stopped: 0.0000255 seconds, Stopping threads took: 0.0000057 seconds
[5666.525s][info ][safepoint      ] Application time: 0.0000272 seconds
[5666.525s][info ][safepoint      ] Entering safepoint region: RevokeBias
[5666.525s][info ][safepoint      ] Leaving safepoint region
[5666.525s][info ][safepoint      ] Total time for which application threads were stopped: 0.0000206 seconds, Stopping threads took: 0.0000043 seconds
[5666.525s][info ][safepoint      ] Application time: 0.0000245 seconds
[5666.525s][info ][safepoint      ] Entering safepoint region: RevokeBias
[5666.525s][info ][safepoint      ] Leaving safepoint region
[5666.525s][info ][safepoint      ] Total time for which application threads were stopped: 0.0000303 seconds, Stopping threads took: 0.0000044 seconds
[5666.525s][info ][safepoint      ] Application time: 0.0000297 seconds
[5666.525s][info ][safepoint      ] Entering safepoint region: RevokeBias
[5666.525s][info ][safepoint      ] Leaving safepoint region
[5666.525s][info ][safepoint      ] Total time for which application threads were stopped: 0.0000206 seconds, Stopping threads took: 0.0000044 seconds
[5666.525s][info ][safepoint      ] Application time: 0.0000366 seconds
[5666.525s][info ][safepoint      ] Entering safepoint region: RevokeBias
[5666.525s][info ][safepoint      ] Leaving safepoint region
[5666.525s][info ][safepoint      ] Total time for which application threads were stopped: 0.0000352 seconds, Stopping threads took: 0.0000056 seconds
[5666.525s][info ][safepoint      ] Application time: 0.0000364 seconds
[5666.525s][info ][safepoint      ] Entering safepoint region: RevokeBias
[5666.525s][info ][safepoint      ] Leaving safepoint region
[5666.525s][info ][safepoint      ] Total time for which application threads were stopped: 0.0000221 seconds, Stopping threads took: 0.0000042 seconds
[5666.525s][info ][safepoint      ] Application time: 0.0000666 seconds
[5666.525s][info ][safepoint      ] Entering safepoint region: RevokeBias
[5666.525s][info ][safepoint      ] Leaving safepoint region
[5666.525s][info ][safepoint      ] Total time for which application threads were stopped: 0.0000210 seconds, Stopping threads took: 0.0000047 seconds
[5666.525s][info ][safepoint      ] Application time: 0.0000333 seconds
[5666.525s][info ][safepoint      ] Entering safepoint region: RevokeBias
[5666.525s][info ][safepoint      ] Leaving safepoint region
[5666.525s][info ][safepoint      ] Total time for which application threads were stopped: 0.0000209 seconds, Stopping threads took: 0.0000046 seconds
[5666.525s][info ][safepoint      ] Application time: 0.0000371 seconds
[5666.525s][info ][safepoint      ] Entering safepoint region: RevokeBias
[5666.525s][info ][safepoint      ] Leaving safepoint region
[5666.525s][info ][safepoint      ] Total time for which application threads were stopped: 0.0000202 seconds, Stopping threads took: 0.0000043 seconds
[5666.525s][info ][safepoint      ] Application time: 0.0000429 seconds
[5666.525s][info ][safepoint      ] Entering safepoint region: RevokeBias
[5666.525s][info ][safepoint      ] Leaving safepoint region
[5666.525s][info ][safepoint      ] Total time for which application threads were stopped: 0.0000251 seconds, Stopping threads took: 0.0000057 seconds
[5666.525s][info ][safepoint      ] Application time: 0.0000478 seconds
[5666.525s][info ][safepoint      ] Entering safepoint region: RevokeBias
[5666.525s][info ][safepoint      ] Leaving safepoint region
[5666.525s][info ][safepoint      ] Total time for which application threads were stopped: 0.0000215 seconds, Stopping threads took: 0.0000045 seconds
[5666.525s][info ][safepoint      ] Application time: 0.0000558 seconds
[5666.525s][info ][safepoint      ] Entering safepoint region: RevokeBias
[5666.525s][info ][safepoint      ] Leaving safepoint region
[5666.525s][info ][safepoint      ] Total time for which application threads were stopped: 0.0000254 seconds, Stopping threads took: 0.0000057 seconds
[5666.525s][info ][safepoint      ] Application time: 0.0000356 seconds
[5666.525s][info ][safepoint      ] Entering safepoint region: RevokeBias
[5666.525s][info ][safepoint      ] Leaving safepoint region
[5666.525s][info ][safepoint      ] Total time for which application threads were stopped: 0.0000214 seconds, Stopping threads took: 0.0000043 seconds
[5666.526s][info ][safepoint      ] Application time: 0.0001037 seconds
[5666.526s][info ][safepoint      ] Entering safepoint region: RevokeBias
[5666.526s][info ][safepoint      ] Leaving safepoint region
[5666.526s][info ][safepoint      ] Total time for which application threads were stopped: 0.0000259 seconds, Stopping threads took: 0.0000057 seconds
[5666.526s][info ][safepoint      ] Application time: 0.0005375 seconds
[5666.526s][info ][safepoint      ] Entering safepoint region: BulkRevokeBias
[5666.526s][info ][safepoint      ] Leaving safepoint region
[5666.526s][info ][safepoint      ] Total time for which application threads were stopped: 0.0001655 seconds, Stopping threads took: 0.0000082 seconds
[5666.531s][info ][safepoint      ] Application time: 0.0046307 seconds
[5666.531s][info ][safepoint      ] Entering safepoint region: RevokeBias
[5666.531s][info ][safepoint      ] Leaving safepoint region
[5666.531s][info ][safepoint      ] Total time for which application threads were stopped: 0.0000516 seconds, Stopping threads took: 0.0000093 seconds
[5666.531s][info ][safepoint      ] Application time: 0.0003247 seconds
[5666.531s][info ][safepoint      ] Entering safepoint region: RevokeBias
[5666.531s][info ][safepoint      ] Leaving safepoint region
[5666.531s][info ][safepoint      ] Total time for which application threads were stopped: 0.0000593 seconds, Stopping threads took: 0.0000247 seconds
[5666.531s][info ][safepoint      ] Application time: 0.0000580 seconds
[5666.532s][info ][safepoint      ] Entering safepoint region: RevokeBias
[5666.532s][info ][safepoint      ] Leaving safepoint region
[5666.532s][info ][safepoint      ] Total time for which application threads were stopped: 0.0000693 seconds, Stopping threads took: 0.0000454 seconds
[5666.532s][info ][safepoint      ] Application time: 0.0000470 seconds
[5666.532s][info ][safepoint      ] Entering safepoint region: RevokeBias
[5666.532s][info ][safepoint      ] Leaving safepoint region
[5666.532s][info ][safepoint      ] Total time for which application threads were stopped: 0.0006411 seconds, Stopping threads took: 0.0006159 seconds
