[0.004s][info][gc] Using Parallel
[0.004s][info][gc,heap,coops] Heap address: 0x0000000740000000, size: 3072 MB, Compressed Oops mode: Zero based, Oop shift amount: 3
[0.053s][info][safepoint    ] Entering safepoint region: EnableBiasedLocking
[0.053s][info][safepoint    ] Leaving safepoint region
[0.053s][info][safepoint    ] Total time for which application threads were stopped: 0.0000817 seconds, Stopping threads took: 0.0000250 seconds
[0.055s][info][safepoint    ] Application time: 0.0026617 seconds
[0.055s][info][safepoint    ] Entering safepoint region: RevokeBias
[0.056s][info][safepoint    ] Leaving safepoint region
[0.056s][info][safepoint    ] Total time for which application threads were stopped: 0.0000886 seconds, Stopping threads took: 0.0000719 seconds
[0.139s][info][safepoint    ] Application time: 0.0830321 seconds
[0.139s][info][safepoint    ] Entering safepoint region: Deoptimize
[0.139s][info][safepoint    ] Leaving safepoint region
[0.139s][info][safepoint    ] Total time for which application threads were stopped: 0.0000540 seconds, Stopping threads took: 0.0000051 seconds
[0.317s][info][safepoint    ] Application time: 0.1781794 seconds
[0.317s][info][safepoint    ] Entering safepoint region: Deoptimize
[0.317s][info][safepoint    ] Leaving safepoint region
[0.317s][info][safepoint    ] Total time for which application threads were stopped: 0.0001704 seconds, Stopping threads took: 0.0000051 seconds
[0.349s][info][safepoint    ] Application time: 0.0315769 seconds
[0.349s][info][safepoint    ] Entering safepoint region: Deoptimize
[0.349s][info][safepoint    ] Leaving safepoint region
[0.349s][info][safepoint    ] Total time for which application threads were stopped: 0.0001261 seconds, Stopping threads took: 0.0000053 seconds
[1.135s][info][safepoint    ] Application time: 0.7867043 seconds
[1.135s][info][safepoint    ] Entering safepoint region: Deoptimize
[1.136s][info][safepoint    ] Leaving safepoint region
[1.136s][info][safepoint    ] Total time for which application threads were stopped: 0.0001950 seconds, Stopping threads took: 0.0000052 seconds
[1.267s][info][safepoint    ] Application time: 0.1309516 seconds
[1.267s][info][safepoint    ] Entering safepoint region: Deoptimize
[1.267s][info][safepoint    ] Leaving safepoint region
[1.267s][info][safepoint    ] Total time for which application threads were stopped: 0.0002687 seconds, Stopping threads took: 0.0000048 seconds
[1.376s][info][safepoint    ] Application time: 0.1089242 seconds
[1.376s][info][safepoint    ] Entering safepoint region: CollectForMetadataAllocation
[1.376s][info][gc,start     ] GC(0) Pause Young (Metadata GC Threshold)
[1.380s][debug][gc,phases    ] GC(0) Scavenge 4.117ms
[1.380s][debug][gc,ref       ] GC(0) Skipped phase1 of Reference Processing due to unavailable references
[1.380s][debug][gc,ref       ] GC(0) Skipped phase3 of Reference Processing due to unavailable references
[1.380s][debug][gc,phases    ] GC(0) Reference Processing 0.098ms
[1.380s][debug][gc,phases    ] GC(0) Weak Processing 0.046ms
[1.380s][debug][gc,phases    ] GC(0) Scrub String Table 0.174ms
[1.380s][debug][gc,age       ] GC(0) Desired survivor size 536870912 bytes, new threshold 7 (max threshold 15)
[1.380s][info ][gc,heap      ] GC(0) PSYoungGen: 104857K->7124K(1572864K)
[1.380s][info ][gc,heap      ] GC(0) ParOldGen: 0K->88K(6144K)
[1.380s][info ][gc,metaspace ] GC(0) Metaspace: 20672K->20672K(1069056K)
[1.380s][info ][gc           ] GC(0) Pause Young (Metadata GC Threshold) 102M->7M(1542M) 4.544ms
[1.380s][info ][gc,cpu       ] GC(0) User=0.01s Sys=0.00s Real=0.01s
[1.381s][debug][gc,phases    ] GC(1) Pre Compact 0.011ms
[1.381s][info ][gc,start     ] GC(1) Pause Full (Metadata GC Threshold)
[1.381s][info ][gc,phases,start] GC(1) Marking Phase
[1.383s][debug][gc,phases      ] GC(1) Par Mark 2.746ms
[1.383s][debug][gc,ref         ] GC(1) Skipped phase1 of Reference Processing due to unavailable references
[1.383s][debug][gc,ref         ] GC(1) Skipped phase3 of Reference Processing due to unavailable references
[1.383s][debug][gc,phases      ] GC(1) Reference Processing 0.041ms
[1.383s][debug][gc,phases      ] GC(1) Weak Processing 0.013ms
[1.384s][debug][gc,phases      ] GC(1) ClassLoaderData 0.208ms
[1.384s][debug][gc,phases      ] GC(1) ProtectionDomainCacheTable 0.002ms
[1.384s][debug][gc,phases      ] GC(1) ResolvedMethodTable 0.018ms
[1.384s][debug][gc,phases      ] GC(1) Class Unloading 0.961ms
[1.385s][debug][gc,phases      ] GC(1) Scrub String Table 0.083ms
[1.387s][debug][gc,phases      ] GC(1) Scrub Symbol Table 1.994ms
[1.387s][info ][gc,phases      ] GC(1) Marking Phase 5.989ms
[1.387s][info ][gc,phases,start] GC(1) Summary Phase
[1.387s][info ][gc,phases      ] GC(1) Summary Phase 0.004ms
[1.387s][info ][gc,phases,start] GC(1) Adjust Roots
[1.390s][info ][gc,phases      ] GC(1) Adjust Roots 3.695ms
[1.390s][info ][gc,phases,start] GC(1) Compaction Phase
[1.397s][info ][gc,phases      ] GC(1) Compaction Phase 7.070ms
[1.397s][info ][gc,phases,start] GC(1) Post Compact
[1.397s][info ][gc,phases      ] GC(1) Post Compact 0.116ms
[1.397s][info ][gc,heap        ] GC(1) PSYoungGen: 7124K->1273K(1572864K)
[1.397s][info ][gc,heap        ] GC(1) ParOldGen: 88K->5838K(6144K)
[1.397s][info ][gc,metaspace   ] GC(1) Metaspace: 20672K->20672K(1069056K)
[1.398s][info ][gc             ] GC(1) Pause Full (Metadata GC Threshold) 7M->6M(1542M) 16.976ms
[1.398s][info ][gc,cpu         ] GC(1) User=0.04s Sys=0.01s Real=0.01s
[1.398s][info ][safepoint      ] Leaving safepoint region
[1.398s][info ][safepoint      ] Total time for which application threads were stopped: 0.0217005 seconds, Stopping threads took: 0.0000054 seconds
[1.398s][info ][safepoint      ] Application time: 0.0002352 seconds
[1.398s][info ][safepoint      ] Entering safepoint region: RevokeBias
[1.398s][info ][safepoint      ] Leaving safepoint region
[1.398s][info ][safepoint      ] Total time for which application threads were stopped: 0.0000947 seconds, Stopping threads took: 0.0000296 seconds
[1.398s][info ][safepoint      ] Application time: 0.0000366 seconds
[1.398s][info ][safepoint      ] Entering safepoint region: RevokeBias
[1.398s][info ][safepoint      ] Leaving safepoint region
[1.398s][info ][safepoint      ] Total time for which application threads were stopped: 0.0000624 seconds, Stopping threads took: 0.0000237 seconds
[1.398s][info ][safepoint      ] Application time: 0.0000403 seconds
[1.398s][info ][safepoint      ] Entering safepoint region: RevokeBias
[1.398s][info ][safepoint      ] Leaving safepoint region
[1.398s][info ][safepoint      ] Total time for which application threads were stopped: 0.0000523 seconds, Stopping threads took: 0.0000248 seconds
[1.590s][info ][safepoint      ] Application time: 0.1915590 seconds
[1.590s][info ][safepoint      ] Entering safepoint region: ICBufferFull
[1.590s][info ][safepoint      ] Leaving safepoint region
[1.590s][info ][safepoint      ] Total time for which application threads were stopped: 0.0001378 seconds, Stopping threads took: 0.0000057 seconds
[1.700s][info ][safepoint      ] Application time: 0.1104448 seconds
[1.700s][info ][safepoint      ] Entering safepoint region: ICBufferFull
[1.700s][info ][safepoint      ] Leaving safepoint region
[1.700s][info ][safepoint      ] Total time for which application threads were stopped: 0.0001478 seconds, Stopping threads took: 0.0000051 seconds
[1.832s][info ][safepoint      ] Application time: 0.1314821 seconds
[1.832s][info ][safepoint      ] Entering safepoint region: ICBufferFull
[1.832s][info ][safepoint      ] Leaving safepoint region
[1.832s][info ][safepoint      ] Total time for which application threads were stopped: 0.0001572 seconds, Stopping threads took: 0.0000075 seconds
[2.231s][info ][safepoint      ] Application time: 0.3991870 seconds
[2.231s][info ][safepoint      ] Entering safepoint region: ICBufferFull
[2.232s][info ][safepoint      ] Leaving safepoint region
[2.232s][info ][safepoint      ] Total time for which application threads were stopped: 0.0001716 seconds, Stopping threads took: 0.0000066 seconds
[2.413s][info ][safepoint      ] Application time: 0.1810877 seconds
[2.413s][info ][safepoint      ] Entering safepoint region: Deoptimize
[2.413s][info ][safepoint      ] Leaving safepoint region
[2.413s][info ][safepoint      ] Total time for which application threads were stopped: 0.0005076 seconds, Stopping threads took: 0.0000060 seconds
[2.632s][info ][safepoint      ] Application time: 0.2188990 seconds
[2.632s][info ][safepoint      ] Entering safepoint region: ICBufferFull
[2.632s][info ][safepoint      ] Leaving safepoint region
[2.632s][info ][safepoint      ] Total time for which application threads were stopped: 0.0001430 seconds, Stopping threads took: 0.0000058 seconds
[2.680s][info ][safepoint      ] Application time: 0.0477727 seconds
[2.680s][info ][safepoint      ] Entering safepoint region: RevokeBias
[2.680s][info ][safepoint      ] Leaving safepoint region
[2.680s][info ][safepoint      ] Total time for which application threads were stopped: 0.0002519 seconds, Stopping threads took: 0.0001923 seconds
[2.680s][info ][safepoint      ] Application time: 0.0000327 seconds
[2.680s][info ][safepoint      ] Entering safepoint region: RevokeBias
[2.680s][info ][safepoint      ] Leaving safepoint region
[2.680s][info ][safepoint      ] Total time for which application threads were stopped: 0.0000496 seconds, Stopping threads took: 0.0000216 seconds
[2.681s][info ][safepoint      ] Application time: 0.0001038 seconds
[2.681s][info ][safepoint      ] Entering safepoint region: RevokeBias
[2.681s][info ][safepoint      ] Leaving safepoint region
[2.681s][info ][safepoint      ] Total time for which application threads were stopped: 0.0000410 seconds, Stopping threads took: 0.0000120 seconds
[2.682s][info ][safepoint      ] Application time: 0.0010181 seconds
[2.682s][info ][safepoint      ] Entering safepoint region: RevokeBias
[2.682s][info ][safepoint      ] Leaving safepoint region
[2.682s][info ][safepoint      ] Total time for which application threads were stopped: 0.0000654 seconds, Stopping threads took: 0.0000282 seconds
[2.682s][info ][safepoint      ] Application time: 0.0003389 seconds
[2.682s][info ][safepoint      ] Entering safepoint region: RevokeBias
[2.682s][info ][safepoint      ] Leaving safepoint region
[2.682s][info ][safepoint      ] Total time for which application threads were stopped: 0.0001667 seconds, Stopping threads took: 0.0001201 seconds
[2.684s][info ][safepoint      ] Application time: 0.0018941 seconds
[2.684s][info ][safepoint      ] Entering safepoint region: RevokeBias
[2.684s][info ][safepoint      ] Leaving safepoint region
[2.684s][info ][safepoint      ] Total time for which application threads were stopped: 0.0001176 seconds, Stopping threads took: 0.0000426 seconds
[2.684s][info ][safepoint      ] Application time: 0.0001252 seconds
[2.684s][info ][safepoint      ] Entering safepoint region: RevokeBias
[2.684s][info ][safepoint      ] Leaving safepoint region
[2.684s][info ][safepoint      ] Total time for which application threads were stopped: 0.0000741 seconds, Stopping threads took: 0.0000279 seconds
[2.685s][info ][safepoint      ] Application time: 0.0000566 seconds
[2.685s][info ][safepoint      ] Entering safepoint region: RevokeBias
[2.685s][info ][safepoint      ] Leaving safepoint region
[2.685s][info ][safepoint      ] Total time for which application threads were stopped: 0.0000619 seconds, Stopping threads took: 0.0000140 seconds
[2.685s][info ][safepoint      ] Application time: 0.0001133 seconds
[2.685s][info ][safepoint      ] Entering safepoint region: RevokeBias
[2.685s][info ][safepoint      ] Leaving safepoint region
[2.685s][info ][safepoint      ] Total time for which application threads were stopped: 0.0001254 seconds, Stopping threads took: 0.0000866 seconds
[2.685s][info ][safepoint      ] Application time: 0.0000886 seconds
[2.685s][info ][safepoint      ] Entering safepoint region: RevokeBias
[2.685s][info ][safepoint      ] Leaving safepoint region
[2.685s][info ][safepoint      ] Total time for which application threads were stopped: 0.0003034 seconds, Stopping threads took: 0.0002776 seconds
[2.685s][info ][safepoint      ] Application time: 0.0000319 seconds
[2.685s][info ][safepoint      ] Entering safepoint region: RevokeBias
[2.685s][info ][safepoint      ] Leaving safepoint region
[2.685s][info ][safepoint      ] Total time for which application threads were stopped: 0.0000725 seconds, Stopping threads took: 0.0000419 seconds
[2.685s][info ][safepoint      ] Application time: 0.0000669 seconds
[2.686s][info ][safepoint      ] Entering safepoint region: RevokeBias
[2.686s][info ][safepoint      ] Leaving safepoint region
[2.686s][info ][safepoint      ] Total time for which application threads were stopped: 0.0002163 seconds, Stopping threads took: 0.0001819 seconds
[2.686s][info ][safepoint      ] Application time: 0.0001072 seconds
[2.686s][info ][safepoint      ] Entering safepoint region: RevokeBias
[2.686s][info ][safepoint      ] Leaving safepoint region
[2.686s][info ][safepoint      ] Total time for which application threads were stopped: 0.0000959 seconds, Stopping threads took: 0.0000546 seconds
[2.686s][info ][safepoint      ] Application time: 0.0004879 seconds
[2.686s][info ][safepoint      ] Entering safepoint region: RevokeBias
[2.687s][info ][safepoint      ] Leaving safepoint region
[2.687s][info ][safepoint      ] Total time for which application threads were stopped: 0.0001145 seconds, Stopping threads took: 0.0000687 seconds
[2.692s][info ][safepoint      ] Application time: 0.0057285 seconds
[2.692s][info ][safepoint      ] Entering safepoint region: RevokeBias
[2.692s][info ][safepoint      ] Leaving safepoint region
[2.692s][info ][safepoint      ] Total time for which application threads were stopped: 0.0001257 seconds, Stopping threads took: 0.0000355 seconds
[2.693s][info ][safepoint      ] Application time: 0.0003443 seconds
[2.693s][info ][safepoint      ] Entering safepoint region: RevokeBias
[2.693s][info ][safepoint      ] Leaving safepoint region
[2.693s][info ][safepoint      ] Total time for which application threads were stopped: 0.0001364 seconds, Stopping threads took: 0.0000555 seconds
[2.693s][info ][safepoint      ] Application time: 0.0000613 seconds
[2.693s][info ][safepoint      ] Entering safepoint region: BulkRevokeBias
[2.693s][info ][safepoint      ] Leaving safepoint region
[2.693s][info ][safepoint      ] Total time for which application threads were stopped: 0.0002719 seconds, Stopping threads took: 0.0000923 seconds
[2.693s][info ][safepoint      ] Application time: 0.0000945 seconds
[2.693s][info ][safepoint      ] Entering safepoint region: RevokeBias
[2.693s][info ][safepoint      ] Leaving safepoint region
[2.693s][info ][safepoint      ] Total time for which application threads were stopped: 0.0000871 seconds, Stopping threads took: 0.0000568 seconds
[2.694s][info ][safepoint      ] Application time: 0.0001114 seconds
[2.694s][info ][safepoint      ] Entering safepoint region: RevokeBias
[2.694s][info ][safepoint      ] Leaving safepoint region
[2.694s][info ][safepoint      ] Total time for which application threads were stopped: 0.0000651 seconds, Stopping threads took: 0.0000157 seconds
[2.695s][info ][safepoint      ] Application time: 0.0011471 seconds
[2.695s][info ][safepoint      ] Entering safepoint region: RevokeBias
[2.695s][info ][safepoint      ] Leaving safepoint region
[2.695s][info ][safepoint      ] Total time for which application threads were stopped: 0.0000476 seconds, Stopping threads took: 0.0000048 seconds
[2.702s][info ][safepoint      ] Application time: 0.0075522 seconds
[2.702s][info ][safepoint      ] Entering safepoint region: RevokeBias
[2.703s][info ][safepoint      ] Leaving safepoint region
[2.703s][info ][safepoint      ] Total time for which application threads were stopped: 0.0001485 seconds, Stopping threads took: 0.0000814 seconds
[2.704s][info ][safepoint      ] Application time: 0.0013155 seconds
[2.704s][info ][safepoint      ] Entering safepoint region: RevokeBias
[2.704s][info ][safepoint      ] Leaving safepoint region
[2.704s][info ][safepoint      ] Total time for which application threads were stopped: 0.0001843 seconds, Stopping threads took: 0.0001297 seconds
[2.704s][info ][safepoint      ] Application time: 0.0001586 seconds
[2.705s][info ][safepoint      ] Entering safepoint region: RevokeBias
[2.705s][info ][safepoint      ] Leaving safepoint region
[2.705s][info ][safepoint      ] Total time for which application threads were stopped: 0.0005180 seconds, Stopping threads took: 0.0004897 seconds
[2.706s][info ][safepoint      ] Application time: 0.0015429 seconds
[2.706s][info ][safepoint      ] Entering safepoint region: RevokeBias
[2.706s][info ][safepoint      ] Leaving safepoint region
[2.706s][info ][safepoint      ] Total time for which application threads were stopped: 0.0001013 seconds, Stopping threads took: 0.0000536 seconds
[2.707s][info ][safepoint      ] Application time: 0.0004794 seconds
[2.707s][info ][safepoint      ] Entering safepoint region: RevokeBias
[2.707s][info ][safepoint      ] Leaving safepoint region
[2.707s][info ][safepoint      ] Total time for which application threads were stopped: 0.0001472 seconds, Stopping threads took: 0.0001101 seconds
[2.709s][info ][safepoint      ] Application time: 0.0014260 seconds
[2.709s][info ][safepoint      ] Entering safepoint region: RevokeBias
[2.709s][info ][safepoint      ] Leaving safepoint region
[2.709s][info ][safepoint      ] Total time for which application threads were stopped: 0.0000487 seconds, Stopping threads took: 0.0000055 seconds
[2.710s][info ][safepoint      ] Application time: 0.0016976 seconds
[2.710s][info ][safepoint      ] Entering safepoint region: RevokeBias
[2.710s][info ][safepoint      ] Leaving safepoint region
[2.710s][info ][safepoint      ] Total time for which application threads were stopped: 0.0000651 seconds, Stopping threads took: 0.0000080 seconds
[2.713s][info ][safepoint      ] Application time: 0.0025461 seconds
[2.713s][info ][safepoint      ] Entering safepoint region: RevokeBias
[2.713s][info ][safepoint      ] Leaving safepoint region
[2.713s][info ][safepoint      ] Total time for which application threads were stopped: 0.0001946 seconds, Stopping threads took: 0.0001344 seconds
[2.715s][info ][safepoint      ] Application time: 0.0019502 seconds
[2.715s][info ][safepoint      ] Entering safepoint region: RevokeBias
[2.715s][info ][safepoint      ] Leaving safepoint region
[2.715s][info ][safepoint      ] Total time for which application threads were stopped: 0.0000536 seconds, Stopping threads took: 0.0000055 seconds
[2.717s][info ][safepoint      ] Application time: 0.0016081 seconds
[2.717s][info ][safepoint      ] Entering safepoint region: RevokeBias
[2.717s][info ][safepoint      ] Leaving safepoint region
[2.717s][info ][safepoint      ] Total time for which application threads were stopped: 0.0001418 seconds, Stopping threads took: 0.0001029 seconds
[2.717s][info ][safepoint      ] Application time: 0.0001772 seconds
[2.717s][info ][safepoint      ] Entering safepoint region: RevokeBias
[2.717s][info ][safepoint      ] Leaving safepoint region
[2.717s][info ][safepoint      ] Total time for which application threads were stopped: 0.0000408 seconds, Stopping threads took: 0.0000165 seconds
[2.718s][info ][safepoint      ] Application time: 0.0008571 seconds
[2.718s][info ][safepoint      ] Entering safepoint region: RevokeBias
[2.718s][info ][safepoint      ] Leaving safepoint region
[2.718s][info ][safepoint      ] Total time for which application threads were stopped: 0.0000583 seconds, Stopping threads took: 0.0000200 seconds
[2.719s][info ][safepoint      ] Application time: 0.0006544 seconds
[2.719s][info ][safepoint      ] Entering safepoint region: RevokeBias
[2.719s][info ][safepoint      ] Leaving safepoint region
[2.719s][info ][safepoint      ] Total time for which application threads were stopped: 0.0000796 seconds, Stopping threads took: 0.0000547 seconds
[2.722s][info ][safepoint      ] Application time: 0.0028274 seconds
[2.722s][info ][safepoint      ] Entering safepoint region: RevokeBias
[2.722s][info ][safepoint      ] Leaving safepoint region
[2.722s][info ][safepoint      ] Total time for which application threads were stopped: 0.0001785 seconds, Stopping threads took: 0.0001403 seconds
[2.723s][info ][safepoint      ] Application time: 0.0010909 seconds
[2.723s][info ][safepoint      ] Entering safepoint region: RevokeBias
[2.723s][info ][safepoint      ] Leaving safepoint region
[2.723s][info ][safepoint      ] Total time for which application threads were stopped: 0.0000615 seconds, Stopping threads took: 0.0000410 seconds
[2.723s][info ][safepoint      ] Application time: 0.0004750 seconds
[2.724s][info ][safepoint      ] Entering safepoint region: RevokeBias
[2.724s][info ][safepoint      ] Leaving safepoint region
[2.724s][info ][safepoint      ] Total time for which application threads were stopped: 0.0000702 seconds, Stopping threads took: 0.0000389 seconds
[2.725s][info ][safepoint      ] Application time: 0.0013428 seconds
[2.725s][info ][safepoint      ] Entering safepoint region: RevokeBias
[2.725s][info ][safepoint      ] Leaving safepoint region
[2.725s][info ][safepoint      ] Total time for which application threads were stopped: 0.0000598 seconds, Stopping threads took: 0.0000135 seconds
[2.726s][info ][safepoint      ] Application time: 0.0011405 seconds
[2.726s][info ][safepoint      ] Entering safepoint region: RevokeBias
[2.726s][info ][safepoint      ] Leaving safepoint region
[2.726s][info ][safepoint      ] Total time for which application threads were stopped: 0.0003283 seconds, Stopping threads took: 0.0003069 seconds
[2.727s][info ][safepoint      ] Application time: 0.0003469 seconds
[2.727s][info ][safepoint      ] Entering safepoint region: BulkRevokeBias
[2.727s][info ][safepoint      ] Leaving safepoint region
[2.727s][info ][safepoint      ] Total time for which application threads were stopped: 0.0001294 seconds, Stopping threads took: 0.0000157 seconds
[2.740s][info ][safepoint      ] Application time: 0.0134094 seconds
[2.740s][info ][safepoint      ] Entering safepoint region: RevokeBias
[2.741s][info ][safepoint      ] Leaving safepoint region
[2.741s][info ][safepoint      ] Total time for which application threads were stopped: 0.0001293 seconds, Stopping threads took: 0.0000264 seconds
[2.745s][info ][safepoint      ] Application time: 0.0040811 seconds
[2.745s][info ][safepoint      ] Entering safepoint region: RevokeBias
[2.745s][info ][safepoint      ] Leaving safepoint region
[2.745s][info ][safepoint      ] Total time for which application threads were stopped: 0.0001292 seconds, Stopping threads took: 0.0000799 seconds
[2.753s][info ][safepoint      ] Application time: 0.0084089 seconds
[2.753s][info ][safepoint      ] Entering safepoint region: CollectForMetadataAllocation
[2.753s][info ][gc,start       ] GC(2) Pause Young (Metadata GC Threshold)
[2.784s][debug][gc,phases      ] GC(2) Scavenge 30.917ms
[2.784s][debug][gc,ref         ] GC(2) Skipped phase1 of Reference Processing due to unavailable references
[2.784s][debug][gc,ref         ] GC(2) Skipped phase3 of Reference Processing due to unavailable references
[2.784s][debug][gc,phases      ] GC(2) Reference Processing 0.129ms
[2.785s][debug][gc,phases      ] GC(2) Weak Processing 0.107ms
[2.785s][debug][gc,phases      ] GC(2) Scrub String Table 0.750ms
[2.785s][debug][gc,age         ] GC(2) Desired survivor size 536870912 bytes, new threshold 7 (max threshold 15)
[2.785s][info ][gc,heap        ] GC(2) PSYoungGen: 406947K->46813K(1572864K)
[2.785s][info ][gc,heap        ] GC(2) ParOldGen: 5838K->5846K(6144K)
[2.785s][info ][gc,metaspace   ] GC(2) Metaspace: 33953K->33953K(1079296K)
[2.785s][info ][gc             ] GC(2) Pause Young (Metadata GC Threshold) 403M->51M(1542M) 32.022ms
[2.785s][info ][gc,cpu         ] GC(2) User=0.14s Sys=0.00s Real=0.03s
[2.785s][debug][gc,phases      ] GC(3) Pre Compact 0.009ms
[2.785s][info ][gc,start       ] GC(3) Pause Full (Metadata GC Threshold)
[2.785s][info ][gc,phases,start] GC(3) Marking Phase
[2.807s][debug][gc,phases      ] GC(3) Par Mark 21.607ms
[2.807s][debug][gc,ref         ] GC(3) Skipped phase1 of Reference Processing due to unavailable references
[2.807s][debug][gc,ref         ] GC(3) Skipped phase3 of Reference Processing due to unavailable references
[2.807s][debug][gc,phases      ] GC(3) Reference Processing 0.091ms
[2.807s][debug][gc,phases      ] GC(3) Weak Processing 0.041ms
[2.808s][debug][gc,phases      ] GC(3) ClassLoaderData 0.528ms
[2.808s][debug][gc,phases      ] GC(3) Dictionary 0.007ms
[2.808s][debug][gc,phases      ] GC(3) ProtectionDomainCacheTable 0.002ms
[2.808s][debug][gc,phases      ] GC(3) ResolvedMethodTable 0.035ms
[2.814s][debug][gc,phases      ] GC(3) Class Unloading 6.908ms
[2.815s][debug][gc,phases      ] GC(3) Scrub String Table 0.262ms
[2.818s][debug][gc,phases      ] GC(3) Scrub Symbol Table 3.037ms
[2.818s][info ][gc,phases      ] GC(3) Marking Phase 32.207ms
[2.818s][info ][gc,phases,start] GC(3) Summary Phase
[2.818s][info ][gc,phases      ] GC(3) Summary Phase 0.006ms
[2.818s][info ][gc,phases,start] GC(3) Adjust Roots
[2.829s][info ][gc,phases      ] GC(3) Adjust Roots 11.575ms
[2.829s][info ][gc,phases,start] GC(3) Compaction Phase
[3.123s][info ][gc,phases      ] GC(3) Compaction Phase 293.884ms
[3.123s][info ][gc,phases,start] GC(3) Post Compact
[3.123s][info ][gc,phases      ] GC(3) Post Compact 0.379ms
[3.124s][info ][gc,heap        ] GC(3) PSYoungGen: 46813K->46709K(1572864K)
[3.124s][info ][gc,heap        ] GC(3) ParOldGen: 5846K->5755K(6144K)
[3.124s][info ][gc,metaspace   ] GC(3) Metaspace: 33953K->33935K(1079296K)
[3.124s][info ][gc             ] GC(3) Pause Full (Metadata GC Threshold) 51M->51M(1542M) 338.158ms
[3.124s][info ][gc,cpu         ] GC(3) User=1.28s Sys=0.00s Real=0.34s
[3.124s][info ][safepoint      ] Leaving safepoint region
[3.124s][info ][safepoint      ] Total time for which application threads were stopped: 0.3703891 seconds, Stopping threads took: 0.0000438 seconds
[3.124s][info ][safepoint      ] Application time: 0.0008197 seconds
[3.124s][info ][safepoint      ] Entering safepoint region: RevokeBias
[3.125s][info ][safepoint      ] Leaving safepoint region
[3.125s][info ][safepoint      ] Total time for which application threads were stopped: 0.0002029 seconds, Stopping threads took: 0.0000579 seconds
[3.125s][info ][safepoint      ] Application time: 0.0000380 seconds
[3.125s][info ][safepoint      ] Entering safepoint region: RevokeBias
[3.125s][info ][safepoint      ] Leaving safepoint region
[3.125s][info ][safepoint      ] Total time for which application threads were stopped: 0.0001784 seconds, Stopping threads took: 0.0000828 seconds
[3.125s][info ][safepoint      ] Application time: 0.0000360 seconds
[3.125s][info ][safepoint      ] Entering safepoint region: RevokeBias
[3.125s][info ][safepoint      ] Leaving safepoint region
[3.125s][info ][safepoint      ] Total time for which application threads were stopped: 0.0001076 seconds, Stopping threads took: 0.0000130 seconds
[3.125s][info ][safepoint      ] Application time: 0.0000359 seconds
[3.125s][info ][safepoint      ] Entering safepoint region: RevokeBias
[3.125s][info ][safepoint      ] Leaving safepoint region
[3.125s][info ][safepoint      ] Total time for which application threads were stopped: 0.0001206 seconds, Stopping threads took: 0.0000360 seconds
[3.125s][info ][safepoint      ] Application time: 0.0000339 seconds
[3.125s][info ][safepoint      ] Entering safepoint region: RevokeBias
[3.125s][info ][safepoint      ] Leaving safepoint region
[3.125s][info ][safepoint      ] Total time for which application threads were stopped: 0.0001033 seconds, Stopping threads took: 0.0000125 seconds
[3.125s][info ][safepoint      ] Application time: 0.0000299 seconds
[3.125s][info ][safepoint      ] Entering safepoint region: RevokeBias
[3.125s][info ][safepoint      ] Leaving safepoint region
[3.125s][info ][safepoint      ] Total time for which application threads were stopped: 0.0001153 seconds, Stopping threads took: 0.0000327 seconds
[3.126s][info ][safepoint      ] Application time: 0.0000406 seconds
[3.126s][info ][safepoint      ] Entering safepoint region: RevokeBias
[3.126s][info ][safepoint      ] Leaving safepoint region
[3.126s][info ][safepoint      ] Total time for which application threads were stopped: 0.0001259 seconds, Stopping threads took: 0.0000402 seconds
[3.126s][info ][safepoint      ] Application time: 0.0000321 seconds
[3.126s][info ][safepoint      ] Entering safepoint region: RevokeBias
[3.126s][info ][safepoint      ] Leaving safepoint region
[3.126s][info ][safepoint      ] Total time for which application threads were stopped: 0.0000778 seconds, Stopping threads took: 0.0000043 seconds
[3.126s][info ][safepoint      ] Application time: 0.0000306 seconds
[3.126s][info ][safepoint      ] Entering safepoint region: RevokeBias
[3.126s][info ][safepoint      ] Leaving safepoint region
[3.126s][info ][safepoint      ] Total time for which application threads were stopped: 0.0001053 seconds, Stopping threads took: 0.0000154 seconds
[3.126s][info ][safepoint      ] Application time: 0.0000292 seconds
[3.126s][info ][safepoint      ] Entering safepoint region: RevokeBias
[3.126s][info ][safepoint      ] Leaving safepoint region
[3.126s][info ][safepoint      ] Total time for which application threads were stopped: 0.0001086 seconds, Stopping threads took: 0.0000176 seconds
[3.126s][info ][safepoint      ] Application time: 0.0000289 seconds
[3.126s][info ][safepoint      ] Entering safepoint region: RevokeBias
[3.126s][info ][safepoint      ] Leaving safepoint region
[3.126s][info ][safepoint      ] Total time for which application threads were stopped: 0.0001153 seconds, Stopping threads took: 0.0000321 seconds
[3.126s][info ][safepoint      ] Application time: 0.0000279 seconds
[3.126s][info ][safepoint      ] Entering safepoint region: RevokeBias
[3.126s][info ][safepoint      ] Leaving safepoint region
[3.126s][info ][safepoint      ] Total time for which application threads were stopped: 0.0000950 seconds, Stopping threads took: 0.0000120 seconds
[3.126s][info ][safepoint      ] Application time: 0.0000239 seconds
[3.126s][info ][safepoint      ] Entering safepoint region: RevokeBias
[3.126s][info ][safepoint      ] Leaving safepoint region
[3.126s][info ][safepoint      ] Total time for which application threads were stopped: 0.0000889 seconds, Stopping threads took: 0.0000054 seconds
[3.127s][info ][safepoint      ] Application time: 0.0000278 seconds
[3.127s][info ][safepoint      ] Entering safepoint region: RevokeBias
[3.127s][info ][safepoint      ] Leaving safepoint region
[3.127s][info ][safepoint      ] Total time for which application threads were stopped: 0.0001178 seconds, Stopping threads took: 0.0000300 seconds
[3.127s][info ][safepoint      ] Application time: 0.0000305 seconds
[3.127s][info ][safepoint      ] Entering safepoint region: RevokeBias
[3.127s][info ][safepoint      ] Leaving safepoint region
[3.127s][info ][safepoint      ] Total time for which application threads were stopped: 0.0000922 seconds, Stopping threads took: 0.0000061 seconds
[3.127s][info ][safepoint      ] Application time: 0.0000333 seconds
[3.127s][info ][safepoint      ] Entering safepoint region: BulkRevokeBias
[3.127s][info ][safepoint      ] Leaving safepoint region
[3.127s][info ][safepoint      ] Total time for which application threads were stopped: 0.0001846 seconds, Stopping threads took: 0.0000123 seconds
[3.200s][info ][safepoint      ] Application time: 0.0734954 seconds
[3.201s][info ][safepoint      ] Entering safepoint region: RevokeBias
[3.201s][info ][safepoint      ] Leaving safepoint region
[3.201s][info ][safepoint      ] Total time for which application threads were stopped: 0.0002549 seconds, Stopping threads took: 0.0001209 seconds
[3.201s][info ][safepoint      ] Application time: 0.0002800 seconds
[3.201s][info ][safepoint      ] Entering safepoint region: RevokeBias
[3.201s][info ][safepoint      ] Leaving safepoint region
[3.201s][info ][safepoint      ] Total time for which application threads were stopped: 0.0000390 seconds, Stopping threads took: 0.0000063 seconds
[3.243s][info ][safepoint      ] Application time: 0.0422915 seconds
[3.243s][info ][safepoint      ] Entering safepoint region: RevokeBias
[3.244s][info ][safepoint      ] Leaving safepoint region
[3.244s][info ][safepoint      ] Total time for which application threads were stopped: 0.0001621 seconds, Stopping threads took: 0.0000543 seconds
[3.245s][info ][safepoint      ] Application time: 0.0009286 seconds
[3.245s][info ][safepoint      ] Entering safepoint region: RevokeBias
[3.245s][info ][safepoint      ] Leaving safepoint region
[3.245s][info ][safepoint      ] Total time for which application threads were stopped: 0.0001004 seconds, Stopping threads took: 0.0000468 seconds
[3.245s][info ][safepoint      ] Application time: 0.0002450 seconds
[3.245s][info ][safepoint      ] Entering safepoint region: RevokeBias
[3.245s][info ][safepoint      ] Leaving safepoint region
[3.245s][info ][safepoint      ] Total time for which application threads were stopped: 0.0001293 seconds, Stopping threads took: 0.0000646 seconds
[3.246s][info ][safepoint      ] Application time: 0.0013985 seconds
[3.247s][info ][safepoint      ] Entering safepoint region: RevokeBias
[3.247s][info ][safepoint      ] Leaving safepoint region
[3.247s][info ][safepoint      ] Total time for which application threads were stopped: 0.0001709 seconds, Stopping threads took: 0.0000690 seconds
[3.260s][info ][safepoint      ] Application time: 0.0131288 seconds
[3.260s][info ][safepoint      ] Entering safepoint region: RevokeBias
[3.260s][info ][safepoint      ] Leaving safepoint region
[3.260s][info ][safepoint      ] Total time for which application threads were stopped: 0.0002196 seconds, Stopping threads took: 0.0000579 seconds
[3.262s][info ][safepoint      ] Application time: 0.0016587 seconds
[3.262s][info ][safepoint      ] Entering safepoint region: RevokeBias
[3.262s][info ][safepoint      ] Leaving safepoint region
[3.262s][info ][safepoint      ] Total time for which application threads were stopped: 0.0001774 seconds, Stopping threads took: 0.0000776 seconds
[3.276s][info ][safepoint      ] Application time: 0.0138804 seconds
[3.276s][info ][safepoint      ] Entering safepoint region: RevokeBias
[3.276s][info ][safepoint      ] Leaving safepoint region
[3.276s][info ][safepoint      ] Total time for which application threads were stopped: 0.0004207 seconds, Stopping threads took: 0.0002479 seconds
[3.281s][info ][safepoint      ] Application time: 0.0046148 seconds
[3.285s][info ][safepoint      ] Entering safepoint region: RevokeBias
[3.285s][info ][safepoint      ] Leaving safepoint region
[3.285s][info ][safepoint      ] Total time for which application threads were stopped: 0.0040563 seconds, Stopping threads took: 0.0039649 seconds
[3.290s][info ][safepoint      ] Application time: 0.0052778 seconds
[3.290s][info ][safepoint      ] Entering safepoint region: RevokeBias
[3.290s][info ][safepoint      ] Leaving safepoint region
[3.290s][info ][safepoint      ] Total time for which application threads were stopped: 0.0002160 seconds, Stopping threads took: 0.0001181 seconds
[3.292s][info ][safepoint      ] Application time: 0.0018925 seconds
[3.294s][info ][safepoint      ] Entering safepoint region: RevokeBias
[3.294s][info ][safepoint      ] Leaving safepoint region
[3.294s][info ][safepoint      ] Total time for which application threads were stopped: 0.0019861 seconds, Stopping threads took: 0.0018476 seconds
[3.301s][info ][safepoint      ] Application time: 0.0070251 seconds
[3.303s][info ][safepoint      ] Entering safepoint region: RevokeBias
[3.303s][info ][safepoint      ] Leaving safepoint region
[3.303s][info ][safepoint      ] Total time for which application threads were stopped: 0.0020786 seconds, Stopping threads took: 0.0018928 seconds
[3.304s][info ][safepoint      ] Application time: 0.0001525 seconds
[3.304s][info ][safepoint      ] Entering safepoint region: RevokeBias
[3.304s][info ][safepoint      ] Leaving safepoint region
[3.304s][info ][safepoint      ] Total time for which application threads were stopped: 0.0002122 seconds, Stopping threads took: 0.0000838 seconds
[3.305s][info ][safepoint      ] Application time: 0.0008664 seconds
[3.305s][info ][safepoint      ] Entering safepoint region: RevokeBias
[3.305s][info ][safepoint      ] Leaving safepoint region
[3.305s][info ][safepoint      ] Total time for which application threads were stopped: 0.0002328 seconds, Stopping threads took: 0.0000918 seconds
[3.310s][info ][safepoint      ] Application time: 0.0050645 seconds
[3.312s][info ][safepoint      ] Entering safepoint region: RevokeBias
[3.312s][info ][safepoint      ] Leaving safepoint region
[3.312s][info ][safepoint      ] Total time for which application threads were stopped: 0.0019883 seconds, Stopping threads took: 0.0018441 seconds
[3.315s][info ][safepoint      ] Application time: 0.0025714 seconds
[3.315s][info ][safepoint      ] Entering safepoint region: RevokeBias
[3.315s][info ][safepoint      ] Leaving safepoint region
[3.315s][info ][safepoint      ] Total time for which application threads were stopped: 0.0003552 seconds, Stopping threads took: 0.0001301 seconds
[3.316s][info ][safepoint      ] Application time: 0.0010532 seconds
[3.316s][info ][safepoint      ] Entering safepoint region: RevokeBias
[3.316s][info ][safepoint      ] Leaving safepoint region
[3.316s][info ][safepoint      ] Total time for which application threads were stopped: 0.0002145 seconds, Stopping threads took: 0.0000785 seconds
[3.317s][info ][safepoint      ] Application time: 0.0002960 seconds
[3.317s][info ][safepoint      ] Entering safepoint region: RevokeBias
[3.317s][info ][safepoint      ] Leaving safepoint region
[3.317s][info ][safepoint      ] Total time for which application threads were stopped: 0.0001903 seconds, Stopping threads took: 0.0000695 seconds
[3.337s][info ][safepoint      ] Application time: 0.0200898 seconds
[3.337s][info ][safepoint      ] Entering safepoint region: RevokeBias
[3.338s][info ][safepoint      ] Leaving safepoint region
[3.338s][info ][safepoint      ] Total time for which application threads were stopped: 0.0005313 seconds, Stopping threads took: 0.0003745 seconds
[3.338s][info ][safepoint      ] Application time: 0.0004487 seconds
[3.338s][info ][safepoint      ] Entering safepoint region: RevokeBias
[3.338s][info ][safepoint      ] Leaving safepoint region
[3.338s][info ][safepoint      ] Total time for which application threads were stopped: 0.0002196 seconds, Stopping threads took: 0.0000773 seconds
[3.339s][info ][safepoint      ] Application time: 0.0005089 seconds
[3.339s][info ][safepoint      ] Entering safepoint region: RevokeBias
[3.339s][info ][safepoint      ] Leaving safepoint region
[3.339s][info ][safepoint      ] Total time for which application threads were stopped: 0.0002867 seconds, Stopping threads took: 0.0001288 seconds
[3.346s][info ][safepoint      ] Application time: 0.0072975 seconds
[3.346s][info ][safepoint      ] Entering safepoint region: RevokeBias
[3.347s][info ][safepoint      ] Leaving safepoint region
[3.347s][info ][safepoint      ] Total time for which application threads were stopped: 0.0002638 seconds, Stopping threads took: 0.0000650 seconds
[3.349s][info ][safepoint      ] Application time: 0.0019603 seconds
[3.349s][info ][safepoint      ] Entering safepoint region: RevokeBias
[3.349s][info ][safepoint      ] Leaving safepoint region
[3.349s][info ][safepoint      ] Total time for which application threads were stopped: 0.0002041 seconds, Stopping threads took: 0.0000745 seconds
[3.356s][info ][safepoint      ] Application time: 0.0074091 seconds
[3.356s][info ][safepoint      ] Entering safepoint region: RevokeBias
[3.357s][info ][safepoint      ] Leaving safepoint region
[3.357s][info ][safepoint      ] Total time for which application threads were stopped: 0.0007640 seconds, Stopping threads took: 0.0001948 seconds
[3.359s][info ][safepoint      ] Application time: 0.0022413 seconds
[3.360s][info ][safepoint      ] Entering safepoint region: RevokeBias
[3.360s][info ][safepoint      ] Leaving safepoint region
[3.360s][info ][safepoint      ] Total time for which application threads were stopped: 0.0007861 seconds, Stopping threads took: 0.0005391 seconds
[3.372s][info ][safepoint      ] Application time: 0.0116926 seconds
[3.372s][info ][safepoint      ] Entering safepoint region: RevokeBias
[3.372s][info ][safepoint      ] Leaving safepoint region
[3.372s][info ][safepoint      ] Total time for which application threads were stopped: 0.0003644 seconds, Stopping threads took: 0.0000932 seconds
[3.376s][info ][safepoint      ] Application time: 0.0037623 seconds
[3.378s][info ][safepoint      ] Entering safepoint region: RevokeBias
[3.378s][info ][safepoint      ] Leaving safepoint region
[3.378s][info ][safepoint      ] Total time for which application threads were stopped: 0.0020832 seconds, Stopping threads took: 0.0018962 seconds
[3.383s][info ][safepoint      ] Application time: 0.0046178 seconds
[3.383s][info ][safepoint      ] Entering safepoint region: RevokeBias
[3.383s][info ][safepoint      ] Leaving safepoint region
[3.383s][info ][safepoint      ] Total time for which application threads were stopped: 0.0002563 seconds, Stopping threads took: 0.0000759 seconds
[3.390s][info ][safepoint      ] Application time: 0.0072305 seconds
[3.392s][info ][safepoint      ] Entering safepoint region: RevokeBias
[3.392s][info ][safepoint      ] Leaving safepoint region
[3.392s][info ][safepoint      ] Total time for which application threads were stopped: 0.0021349 seconds, Stopping threads took: 0.0019253 seconds
[3.396s][info ][safepoint      ] Application time: 0.0032827 seconds
[3.398s][info ][safepoint      ] Entering safepoint region: RevokeBias
[3.398s][info ][safepoint      ] Leaving safepoint region
[3.398s][info ][safepoint      ] Total time for which application threads were stopped: 0.0025041 seconds, Stopping threads took: 0.0022511 seconds
[3.400s][info ][safepoint      ] Application time: 0.0019653 seconds
[3.400s][info ][safepoint      ] Entering safepoint region: RevokeBias
[3.401s][info ][safepoint      ] Leaving safepoint region
[3.401s][info ][safepoint      ] Total time for which application threads were stopped: 0.0003312 seconds, Stopping threads took: 0.0001176 seconds
[3.408s][info ][safepoint      ] Application time: 0.0073891 seconds
[3.408s][info ][safepoint      ] Entering safepoint region: RevokeBias
[3.408s][info ][safepoint      ] Leaving safepoint region
[3.408s][info ][safepoint      ] Total time for which application threads were stopped: 0.0003418 seconds, Stopping threads took: 0.0001061 seconds
[3.413s][info ][safepoint      ] Application time: 0.0045461 seconds
[3.415s][info ][safepoint      ] Entering safepoint region: RevokeBias
[3.415s][info ][safepoint      ] Leaving safepoint region
[3.415s][info ][safepoint      ] Total time for which application threads were stopped: 0.0024125 seconds, Stopping threads took: 0.0022260 seconds
[3.416s][info ][safepoint      ] Application time: 0.0006045 seconds
[3.416s][info ][safepoint      ] Entering safepoint region: RevokeBias
[3.416s][info ][safepoint      ] Leaving safepoint region
[3.416s][info ][safepoint      ] Total time for which application threads were stopped: 0.0001991 seconds, Stopping threads took: 0.0000642 seconds
[3.422s][info ][safepoint      ] Application time: 0.0058745 seconds
[3.422s][info ][safepoint      ] Entering safepoint region: RevokeBias
[3.422s][info ][safepoint      ] Leaving safepoint region
[3.422s][info ][safepoint      ] Total time for which application threads were stopped: 0.0003206 seconds, Stopping threads took: 0.0001593 seconds
[3.423s][info ][safepoint      ] Application time: 0.0008056 seconds
[3.423s][info ][safepoint      ] Entering safepoint region: RevokeBias
[3.423s][info ][safepoint      ] Leaving safepoint region
[3.423s][info ][safepoint      ] Total time for which application threads were stopped: 0.0002417 seconds, Stopping threads took: 0.0000939 seconds
[3.424s][info ][safepoint      ] Application time: 0.0009580 seconds
[3.424s][info ][safepoint      ] Entering safepoint region: RevokeBias
[3.425s][info ][safepoint      ] Leaving safepoint region
[3.425s][info ][safepoint      ] Total time for which application threads were stopped: 0.0002611 seconds, Stopping threads took: 0.0000743 seconds
[3.446s][info ][safepoint      ] Application time: 0.0212856 seconds
[3.446s][info ][safepoint      ] Entering safepoint region: RevokeBias
[3.446s][info ][safepoint      ] Leaving safepoint region
[3.446s][info ][safepoint      ] Total time for which application threads were stopped: 0.0003326 seconds, Stopping threads took: 0.0000662 seconds
[3.449s][info ][safepoint      ] Application time: 0.0023977 seconds
[3.449s][info ][safepoint      ] Entering safepoint region: RevokeBias
[3.449s][info ][safepoint      ] Leaving safepoint region
[3.449s][info ][safepoint      ] Total time for which application threads were stopped: 0.0002805 seconds, Stopping threads took: 0.0000657 seconds
[3.454s][info ][safepoint      ] Application time: 0.0046581 seconds
[3.454s][info ][safepoint      ] Entering safepoint region: RevokeBias
[3.454s][info ][safepoint      ] Leaving safepoint region
[3.454s][info ][safepoint      ] Total time for which application threads were stopped: 0.0002754 seconds, Stopping threads took: 0.0000893 seconds
[3.455s][info ][safepoint      ] Application time: 0.0006083 seconds
[3.457s][info ][safepoint      ] Entering safepoint region: RevokeBias
[3.457s][info ][safepoint      ] Leaving safepoint region
[3.457s][info ][safepoint      ] Total time for which application threads were stopped: 0.0020885 seconds, Stopping threads took: 0.0019188 seconds
[3.459s][info ][safepoint      ] Application time: 0.0022500 seconds
[3.459s][info ][safepoint      ] Entering safepoint region: RevokeBias
[3.459s][info ][safepoint      ] Leaving safepoint region
[3.459s][info ][safepoint      ] Total time for which application threads were stopped: 0.0002334 seconds, Stopping threads took: 0.0000831 seconds
[3.461s][info ][safepoint      ] Application time: 0.0017188 seconds
[3.461s][info ][safepoint      ] Entering safepoint region: BulkRevokeBias
[3.462s][info ][safepoint      ] Leaving safepoint region
[3.462s][info ][safepoint      ] Total time for which application threads were stopped: 0.0006595 seconds, Stopping threads took: 0.0000551 seconds
[3.472s][info ][safepoint      ] Application time: 0.0100091 seconds
[3.472s][info ][safepoint      ] Entering safepoint region: Deoptimize
[3.472s][info ][safepoint      ] Leaving safepoint region
[3.472s][info ][safepoint      ] Total time for which application threads were stopped: 0.0005688 seconds, Stopping threads took: 0.0000480 seconds
[3.485s][info ][safepoint      ] Application time: 0.0126050 seconds
[3.485s][info ][safepoint      ] Entering safepoint region: RevokeBias
[3.485s][info ][safepoint      ] Leaving safepoint region
[3.485s][info ][safepoint      ] Total time for which application threads were stopped: 0.0002369 seconds, Stopping threads took: 0.0000598 seconds
[3.486s][info ][safepoint      ] Application time: 0.0003066 seconds
[3.486s][info ][safepoint      ] Entering safepoint region: RevokeBias
[3.486s][info ][safepoint      ] Leaving safepoint region
[3.486s][info ][safepoint      ] Total time for which application threads were stopped: 0.0001697 seconds, Stopping threads took: 0.0000709 seconds
[3.519s][info ][safepoint      ] Application time: 0.0331568 seconds
[3.519s][info ][safepoint      ] Entering safepoint region: RevokeBias
[3.519s][info ][safepoint      ] Leaving safepoint region
[3.519s][info ][safepoint      ] Total time for which application threads were stopped: 0.0002520 seconds, Stopping threads took: 0.0000909 seconds
[3.523s][info ][safepoint      ] Application time: 0.0040514 seconds
[3.523s][info ][safepoint      ] Entering safepoint region: Deoptimize
[3.524s][info ][safepoint      ] Leaving safepoint region
[3.524s][info ][safepoint      ] Total time for which application threads were stopped: 0.0005834 seconds, Stopping threads took: 0.0000477 seconds
[3.526s][info ][safepoint      ] Application time: 0.0017898 seconds
[3.526s][info ][safepoint      ] Entering safepoint region: Deoptimize
[3.526s][info ][safepoint      ] Leaving safepoint region
[3.526s][info ][safepoint      ] Total time for which application threads were stopped: 0.0002941 seconds, Stopping threads took: 0.0000338 seconds
[3.527s][info ][safepoint      ] Application time: 0.0013460 seconds
[3.528s][info ][safepoint      ] Entering safepoint region: RevokeBias
[3.528s][info ][safepoint      ] Leaving safepoint region
[3.528s][info ][safepoint      ] Total time for which application threads were stopped: 0.0006158 seconds, Stopping threads took: 0.0005224 seconds
[3.540s][info ][safepoint      ] Application time: 0.0119997 seconds
[3.542s][info ][safepoint      ] Entering safepoint region: RevokeBias
[3.542s][info ][safepoint      ] Leaving safepoint region
[3.542s][info ][safepoint      ] Total time for which application threads were stopped: 0.0023478 seconds, Stopping threads took: 0.0022076 seconds
[3.543s][info ][safepoint      ] Application time: 0.0004833 seconds
[3.543s][info ][safepoint      ] Entering safepoint region: RevokeBias
[3.543s][info ][safepoint      ] Leaving safepoint region
[3.543s][info ][safepoint      ] Total time for which application threads were stopped: 0.0001267 seconds, Stopping threads took: 0.0000350 seconds
[3.544s][info ][safepoint      ] Application time: 0.0010083 seconds
[3.544s][info ][safepoint      ] Entering safepoint region: RevokeBias
[3.544s][info ][safepoint      ] Leaving safepoint region
[3.544s][info ][safepoint      ] Total time for which application threads were stopped: 0.0002465 seconds, Stopping threads took: 0.0000904 seconds
[3.547s][info ][safepoint      ] Application time: 0.0025815 seconds
[3.547s][info ][safepoint      ] Entering safepoint region: RevokeBias
[3.547s][info ][safepoint      ] Leaving safepoint region
[3.547s][info ][safepoint      ] Total time for which application threads were stopped: 0.0003307 seconds, Stopping threads took: 0.0000714 seconds
[3.551s][info ][safepoint      ] Application time: 0.0041046 seconds
[3.551s][info ][safepoint      ] Entering safepoint region: RevokeBias
[3.552s][info ][safepoint      ] Leaving safepoint region
[3.552s][info ][safepoint      ] Total time for which application threads were stopped: 0.0003281 seconds, Stopping threads took: 0.0001197 seconds
[3.558s][info ][safepoint      ] Application time: 0.0063046 seconds
[3.558s][info ][safepoint      ] Entering safepoint region: RevokeBias
[3.558s][info ][safepoint      ] Leaving safepoint region
[3.558s][info ][safepoint      ] Total time for which application threads were stopped: 0.0001792 seconds, Stopping threads took: 0.0000707 seconds
[3.567s][info ][safepoint      ] Application time: 0.0089510 seconds
[3.567s][info ][safepoint      ] Entering safepoint region: RevokeBias
[3.567s][info ][safepoint      ] Leaving safepoint region
[3.567s][info ][safepoint      ] Total time for which application threads were stopped: 0.0002518 seconds, Stopping threads took: 0.0001169 seconds
[3.572s][info ][safepoint      ] Application time: 0.0044097 seconds
[3.572s][info ][safepoint      ] Entering safepoint region: RevokeBias
[3.572s][info ][safepoint      ] Leaving safepoint region
[3.572s][info ][safepoint      ] Total time for which application threads were stopped: 0.0001834 seconds, Stopping threads took: 0.0000691 seconds
[3.574s][info ][safepoint      ] Application time: 0.0020682 seconds
[3.576s][info ][safepoint      ] Entering safepoint region: RevokeBias
[3.576s][info ][safepoint      ] Leaving safepoint region
[3.576s][info ][safepoint      ] Total time for which application threads were stopped: 0.0018993 seconds, Stopping threads took: 0.0017921 seconds
[3.581s][info ][safepoint      ] Application time: 0.0051663 seconds
[3.581s][info ][safepoint      ] Entering safepoint region: RevokeBias
[3.581s][info ][safepoint      ] Leaving safepoint region
[3.581s][info ][safepoint      ] Total time for which application threads were stopped: 0.0002103 seconds, Stopping threads took: 0.0000433 seconds
[3.587s][info ][safepoint      ] Application time: 0.0058040 seconds
[3.587s][info ][safepoint      ] Entering safepoint region: RevokeBias
[3.587s][info ][safepoint      ] Leaving safepoint region
[3.587s][info ][safepoint      ] Total time for which application threads were stopped: 0.0002098 seconds, Stopping threads took: 0.0000485 seconds
[3.589s][info ][safepoint      ] Application time: 0.0015342 seconds
[3.591s][info ][safepoint      ] Entering safepoint region: RevokeBias
[3.591s][info ][safepoint      ] Leaving safepoint region
[3.591s][info ][safepoint      ] Total time for which application threads were stopped: 0.0019511 seconds, Stopping threads took: 0.0018391 seconds
[3.601s][info ][safepoint      ] Application time: 0.0100280 seconds
[3.603s][info ][safepoint      ] Entering safepoint region: RevokeBias
[3.603s][info ][safepoint      ] Leaving safepoint region
[3.603s][info ][safepoint      ] Total time for which application threads were stopped: 0.0021012 seconds, Stopping threads took: 0.0018817 seconds
[3.606s][info ][safepoint      ] Application time: 0.0027217 seconds
[3.606s][info ][safepoint      ] Entering safepoint region: RevokeBias
[3.606s][info ][safepoint      ] Leaving safepoint region
[3.606s][info ][safepoint      ] Total time for which application threads were stopped: 0.0002165 seconds, Stopping threads took: 0.0001057 seconds
[3.609s][info ][safepoint      ] Application time: 0.0032354 seconds
[3.612s][info ][safepoint      ] Entering safepoint region: RevokeBias
[3.612s][info ][safepoint      ] Leaving safepoint region
[3.612s][info ][safepoint      ] Total time for which application threads were stopped: 0.0031087 seconds, Stopping threads took: 0.0029752 seconds
[3.626s][info ][safepoint      ] Application time: 0.0134903 seconds
[3.626s][info ][safepoint      ] Entering safepoint region: BulkRevokeBias
[3.627s][info ][safepoint      ] Leaving safepoint region
[3.627s][info ][safepoint      ] Total time for which application threads were stopped: 0.0006652 seconds, Stopping threads took: 0.0001150 seconds
[3.734s][info ][safepoint      ] Application time: 0.1077002 seconds
[3.737s][info ][safepoint      ] Entering safepoint region: ICBufferFull
[3.737s][info ][safepoint      ] Leaving safepoint region
[3.737s][info ][safepoint      ] Total time for which application threads were stopped: 0.0024470 seconds, Stopping threads took: 0.0022506 seconds
[3.808s][info ][safepoint      ] Application time: 0.0710723 seconds
[3.808s][info ][safepoint      ] Entering safepoint region: Deoptimize
[3.809s][info ][safepoint      ] Leaving safepoint region
[3.809s][info ][safepoint      ] Total time for which application threads were stopped: 0.0007744 seconds, Stopping threads took: 0.0000440 seconds
[3.897s][info ][safepoint      ] Application time: 0.0886364 seconds
[3.898s][info ][safepoint      ] Entering safepoint region: ICBufferFull
[3.898s][info ][safepoint      ] Leaving safepoint region
[3.898s][info ][safepoint      ] Total time for which application threads were stopped: 0.0008458 seconds, Stopping threads took: 0.0006498 seconds
[3.923s][info ][safepoint      ] Application time: 0.0246709 seconds
[3.923s][info ][safepoint      ] Entering safepoint region: Deoptimize
[3.924s][info ][safepoint      ] Leaving safepoint region
[3.924s][info ][safepoint      ] Total time for which application threads were stopped: 0.0009619 seconds, Stopping threads took: 0.0001350 seconds
[4.035s][info ][safepoint      ] Application time: 0.1111968 seconds
[4.035s][info ][safepoint      ] Entering safepoint region: ICBufferFull
[4.036s][info ][safepoint      ] Leaving safepoint region
[4.036s][info ][safepoint      ] Total time for which application threads were stopped: 0.0003634 seconds, Stopping threads took: 0.0001551 seconds
[4.040s][info ][safepoint      ] Application time: 0.0045873 seconds
[4.040s][info ][safepoint      ] Entering safepoint region: Deoptimize
[4.041s][info ][safepoint      ] Leaving safepoint region
[4.041s][info ][safepoint      ] Total time for which application threads were stopped: 0.0007174 seconds, Stopping threads took: 0.0000682 seconds
[4.268s][info ][safepoint      ] Application time: 0.2268492 seconds
[4.268s][info ][safepoint      ] Entering safepoint region: ParallelGCFailedAllocation
[4.268s][info ][gc,start       ] GC(4) Pause Young (Allocation Failure)
[4.358s][debug][gc,phases      ] GC(4) Scavenge 89.588ms
[4.358s][debug][gc,ref         ] GC(4) Skipped phase1 of Reference Processing due to unavailable references
[4.358s][debug][gc,ref         ] GC(4) Skipped phase3 of Reference Processing due to unavailable references
[4.358s][debug][gc,phases      ] GC(4) Reference Processing 0.344ms
[4.359s][debug][gc,phases      ] GC(4) Weak Processing 0.285ms
[4.360s][debug][gc,phases      ] GC(4) Scrub String Table 1.082ms
[4.360s][debug][gc,age         ] GC(4) Desired survivor size 536870912 bytes, new threshold 7 (max threshold 15)
[4.360s][info ][gc,heap        ] GC(4) PSYoungGen: 1095285K->119937K(1572864K)
[4.360s][info ][gc,heap        ] GC(4) ParOldGen: 5755K->5763K(6144K)
[4.360s][info ][gc,metaspace   ] GC(4) Metaspace: 45051K->45051K(1089536K)
[4.360s][info ][gc             ] GC(4) Pause Young (Allocation Failure) 1075M->122M(1542M) 91.436ms
[4.360s][info ][gc,cpu         ] GC(4) User=0.31s Sys=0.04s Real=0.09s
[4.360s][info ][safepoint      ] Leaving safepoint region
[4.360s][info ][safepoint      ] Total time for which application threads were stopped: 0.0922042 seconds, Stopping threads took: 0.0004391 seconds
[4.380s][info ][safepoint      ] Application time: 0.0198037 seconds
[4.380s][info ][safepoint      ] Entering safepoint region: Deoptimize
[4.381s][info ][safepoint      ] Leaving safepoint region
[4.381s][info ][safepoint      ] Total time for which application threads were stopped: 0.0009558 seconds, Stopping threads took: 0.0001959 seconds
[4.483s][info ][safepoint      ] Application time: 0.1027087 seconds
[4.486s][info ][safepoint      ] Entering safepoint region: Deoptimize
[4.487s][info ][safepoint      ] Leaving safepoint region
[4.487s][info ][safepoint      ] Total time for which application threads were stopped: 0.0031940 seconds, Stopping threads took: 0.0022627 seconds
[4.606s][info ][safepoint      ] Application time: 0.1188592 seconds
[4.606s][info ][safepoint      ] Entering safepoint region: ParallelGCFailedAllocation
[4.606s][info ][gc,start       ] GC(5) Pause Young (Allocation Failure)
[4.674s][debug][gc,phases      ] GC(5) Scavenge 68.347ms
[4.674s][debug][gc,ref         ] GC(5) Skipped phase1 of Reference Processing due to unavailable references
[4.675s][debug][gc,ref         ] GC(5) Skipped phase3 of Reference Processing due to unavailable references
[4.675s][debug][gc,phases      ] GC(5) Reference Processing 0.224ms
[4.675s][debug][gc,phases      ] GC(5) Weak Processing 0.240ms
[4.676s][debug][gc,phases      ] GC(5) Scrub String Table 1.045ms
[4.676s][debug][gc,age         ] GC(5) Desired survivor size 536870912 bytes, new threshold 7 (max threshold 15)
[4.676s][info ][gc,heap        ] GC(5) PSYoungGen: 1168513K->128687K(1572864K)
[4.676s][info ][gc,heap        ] GC(5) ParOldGen: 5763K->5771K(6144K)
[4.676s][info ][gc,metaspace   ] GC(5) Metaspace: 46918K->46918K(1091584K)
[4.676s][info ][gc             ] GC(5) Pause Young (Allocation Failure) 1146M->131M(1542M) 69.981ms
[4.676s][info ][gc,cpu         ] GC(5) User=0.24s Sys=0.04s Real=0.07s
[4.676s][info ][safepoint      ] Leaving safepoint region
[4.676s][info ][safepoint      ] Total time for which application threads were stopped: 0.0703219 seconds, Stopping threads took: 0.0001589 seconds
[4.692s][info ][safepoint      ] Application time: 0.0159768 seconds
[4.692s][info ][safepoint      ] Entering safepoint region: RevokeBias
[4.692s][info ][safepoint      ] Leaving safepoint region
[4.692s][info ][safepoint      ] Total time for which application threads were stopped: 0.0002850 seconds, Stopping threads took: 0.0001839 seconds
[4.692s][info ][safepoint      ] Application time: 0.0000287 seconds
[4.692s][info ][safepoint      ] Entering safepoint region: RevokeBias
[4.692s][info ][safepoint      ] Leaving safepoint region
[4.692s][info ][safepoint      ] Total time for which application threads were stopped: 0.0000886 seconds, Stopping threads took: 0.0000221 seconds
[4.970s][info ][safepoint      ] Application time: 0.2772474 seconds
[4.970s][info ][safepoint      ] Entering safepoint region: Deoptimize
[4.971s][info ][safepoint      ] Leaving safepoint region
[4.971s][info ][safepoint      ] Total time for which application threads were stopped: 0.0013772 seconds, Stopping threads took: 0.0003548 seconds
[4.984s][info ][safepoint      ] Application time: 0.0127732 seconds
[4.984s][info ][safepoint      ] Entering safepoint region: RevokeBias
[4.984s][info ][safepoint      ] Leaving safepoint region
[4.984s][info ][safepoint      ] Total time for which application threads were stopped: 0.0003045 seconds, Stopping threads took: 0.0001359 seconds
[4.995s][info ][safepoint      ] Application time: 0.0104369 seconds
[4.996s][info ][safepoint      ] Entering safepoint region: RevokeBias
[4.997s][info ][safepoint      ] Leaving safepoint region
[4.997s][info ][safepoint      ] Total time for which application threads were stopped: 0.0020412 seconds, Stopping threads took: 0.0018986 seconds
[4.997s][info ][safepoint      ] Application time: 0.0002655 seconds
[4.997s][info ][safepoint      ] Entering safepoint region: RevokeBias
[4.997s][info ][safepoint      ] Leaving safepoint region
[4.997s][info ][safepoint      ] Total time for which application threads were stopped: 0.0001327 seconds, Stopping threads took: 0.0000472 seconds
[4.997s][info ][safepoint      ] Application time: 0.0000601 seconds
[4.997s][info ][safepoint      ] Entering safepoint region: RevokeBias
[4.997s][info ][safepoint      ] Leaving safepoint region
[4.997s][info ][safepoint      ] Total time for which application threads were stopped: 0.0001396 seconds, Stopping threads took: 0.0000692 seconds
[5.025s][info ][safepoint      ] Application time: 0.0276899 seconds
[5.027s][info ][safepoint      ] Entering safepoint region: RevokeBias
[5.027s][info ][safepoint      ] Leaving safepoint region
[5.027s][info ][safepoint      ] Total time for which application threads were stopped: 0.0021198 seconds, Stopping threads took: 0.0019917 seconds
[5.027s][info ][safepoint      ] Application time: 0.0001287 seconds
[5.027s][info ][safepoint      ] Entering safepoint region: RevokeBias
[5.027s][info ][safepoint      ] Leaving safepoint region
[5.027s][info ][safepoint      ] Total time for which application threads were stopped: 0.0001357 seconds, Stopping threads took: 0.0000396 seconds
[5.028s][info ][safepoint      ] Application time: 0.0004480 seconds
[5.028s][info ][safepoint      ] Entering safepoint region: BulkRevokeBias
[5.029s][info ][safepoint      ] Leaving safepoint region
[5.029s][info ][safepoint      ] Total time for which application threads were stopped: 0.0010042 seconds, Stopping threads took: 0.0000728 seconds
[5.045s][info ][safepoint      ] Application time: 0.0158777 seconds
[5.047s][info ][safepoint      ] Entering safepoint region: RevokeBias
[5.047s][info ][safepoint      ] Leaving safepoint region
[5.047s][info ][safepoint      ] Total time for which application threads were stopped: 0.0020830 seconds, Stopping threads took: 0.0019663 seconds
[5.109s][info ][safepoint      ] Application time: 0.0617285 seconds
[5.113s][info ][safepoint      ] Entering safepoint region: RevokeBias
[5.113s][info ][safepoint      ] Leaving safepoint region
[5.113s][info ][safepoint      ] Total time for which application threads were stopped: 0.0043766 seconds, Stopping threads took: 0.0042082 seconds
[5.159s][info ][safepoint      ] Application time: 0.0459994 seconds
[5.159s][info ][safepoint      ] Entering safepoint region: ParallelGCFailedAllocation
[5.159s][info ][gc,start       ] GC(6) Pause Young (Allocation Failure)
[5.225s][debug][gc,phases      ] GC(6) Scavenge 65.351ms
[5.225s][debug][gc,ref         ] GC(6) Skipped phase1 of Reference Processing due to unavailable references
[5.225s][debug][gc,ref         ] GC(6) Skipped phase3 of Reference Processing due to unavailable references
[5.225s][debug][gc,phases      ] GC(6) Reference Processing 0.307ms
[5.225s][debug][gc,phases      ] GC(6) Weak Processing 0.325ms
[5.227s][debug][gc,phases      ] GC(6) Scrub String Table 1.087ms
[5.227s][debug][gc,age         ] GC(6) Desired survivor size 200278016 bytes, new threshold 6 (max threshold 15)
[5.227s][info ][gc,heap        ] GC(6) PSYoungGen: 1177263K->132929K(1572864K)
[5.227s][info ][gc,heap        ] GC(6) ParOldGen: 5771K->5795K(6144K)
[5.227s][info ][gc,metaspace   ] GC(6) Metaspace: 49387K->49387K(1093632K)
[5.227s][info ][gc             ] GC(6) Pause Young (Allocation Failure) 1155M->135M(1542M) 67.218ms
[5.227s][info ][gc,cpu         ] GC(6) User=0.25s Sys=0.01s Real=0.07s
[5.227s][info ][safepoint      ] Leaving safepoint region
[5.227s][info ][safepoint      ] Total time for which application threads were stopped: 0.0676642 seconds, Stopping threads took: 0.0002283 seconds
[5.619s][info ][safepoint      ] Application time: 0.3926802 seconds
[5.620s][info ][safepoint      ] Entering safepoint region: ParallelGCFailedAllocation
[5.620s][info ][gc,start       ] GC(7) Pause Young (Allocation Failure)
[5.706s][debug][gc,phases      ] GC(7) Scavenge 86.242ms
[5.706s][debug][gc,ref         ] GC(7) Skipped phase1 of Reference Processing due to unavailable references
[5.706s][debug][gc,ref         ] GC(7) Skipped phase3 of Reference Processing due to unavailable references
[5.706s][debug][gc,phases      ] GC(7) Reference Processing 0.262ms
[5.707s][debug][gc,phases      ] GC(7) Weak Processing 0.302ms
[5.708s][debug][gc,phases      ] GC(7) Scrub String Table 1.144ms
[5.708s][debug][gc,age         ] GC(7) Desired survivor size 212336640 bytes, new threshold 5 (max threshold 15)
[5.708s][info ][gc,heap        ] GC(7) PSYoungGen: 1181505K->138162K(1878016K)
[5.708s][info ][gc,heap        ] GC(7) ParOldGen: 5795K->5803K(6144K)
[5.708s][info ][gc,metaspace   ] GC(7) Metaspace: 49672K->49672K(1093632K)
[5.708s][info ][gc             ] GC(7) Pause Young (Allocation Failure) 1159M->140M(1840M) 88.096ms
[5.708s][info ][gc,cpu         ] GC(7) User=0.30s Sys=0.05s Real=0.09s
[5.708s][info ][safepoint      ] Leaving safepoint region
[5.708s][info ][safepoint      ] Total time for which application threads were stopped: 0.0885975 seconds, Stopping threads took: 0.0002204 seconds
[6.134s][info ][safepoint      ] Application time: 0.4260455 seconds
[6.136s][info ][safepoint      ] Entering safepoint region: ParallelGCFailedAllocation
[6.136s][info ][gc,start       ] GC(8) Pause Young (Allocation Failure)
[6.230s][debug][gc,phases      ] GC(8) Scavenge 93.267ms
[6.230s][debug][gc,ref         ] GC(8) Skipped phase1 of Reference Processing due to unavailable references
[6.230s][debug][gc,ref         ] GC(8) Skipped phase3 of Reference Processing due to unavailable references
[6.230s][debug][gc,phases      ] GC(8) Reference Processing 0.183ms
[6.230s][debug][gc,phases      ] GC(8) Weak Processing 0.303ms
[6.231s][debug][gc,phases      ] GC(8) Scrub String Table 1.142ms
[6.231s][debug][gc,age         ] GC(8) Desired survivor size 197656576 bytes, new threshold 4 (max threshold 15)
[6.231s][info ][gc,heap        ] GC(8) PSYoungGen: 1820594K->98192K(1889792K)
[6.231s][info ][gc,heap        ] GC(8) ParOldGen: 5803K->52454K(52736K)
[6.231s][info ][gc,metaspace   ] GC(8) Metaspace: 49701K->49701K(1093632K)
[6.231s][info ][gc             ] GC(8) Pause Young (Allocation Failure) 1783M->147M(1897M) 95.027ms
[6.231s][info ][gc,cpu         ] GC(8) User=0.35s Sys=0.05s Real=0.10s
[6.231s][debug][gc,phases      ] GC(9) Pre Compact 0.013ms
[6.231s][info ][gc,start       ] GC(9) Pause Full (Ergonomics)
[6.231s][info ][gc,phases,start] GC(9) Marking Phase
[6.299s][debug][gc,phases      ] GC(9) Par Mark 66.853ms
[6.299s][debug][gc,ref         ] GC(9) Skipped phase1 of Reference Processing due to unavailable references
[6.299s][debug][gc,ref         ] GC(9) Skipped phase3 of Reference Processing due to unavailable references
[6.299s][debug][gc,phases      ] GC(9) Reference Processing 0.149ms
[6.299s][debug][gc,phases      ] GC(9) Weak Processing 0.112ms
[6.300s][debug][gc,phases      ] GC(9) ClassLoaderData 1.308ms
[6.300s][debug][gc,phases      ] GC(9) Dictionary 0.018ms
[6.300s][debug][gc,phases      ] GC(9) ProtectionDomainCacheTable 0.002ms
[6.300s][debug][gc,phases      ] GC(9) ResolvedMethodTable 0.136ms
[6.312s][debug][gc,phases      ] GC(9) Class Unloading 13.165ms
[6.313s][debug][gc,phases      ] GC(9) Scrub String Table 0.371ms
[6.317s][debug][gc,phases      ] GC(9) Scrub Symbol Table 4.408ms
[6.317s][info ][gc,phases      ] GC(9) Marking Phase 85.665ms
[6.317s][info ][gc,phases,start] GC(9) Summary Phase
[6.317s][info ][gc,phases      ] GC(9) Summary Phase 0.007ms
[6.317s][info ][gc,phases,start] GC(9) Adjust Roots
[6.341s][info ][gc,phases      ] GC(9) Adjust Roots 24.064ms
[6.341s][info ][gc,phases,start] GC(9) Compaction Phase
[6.963s][info ][gc,phases      ] GC(9) Compaction Phase 621.978ms
[6.963s][info ][gc,phases,start] GC(9) Post Compact
[6.964s][info ][gc,phases      ] GC(9) Post Compact 0.562ms
[6.964s][info ][gc,heap        ] GC(9) PSYoungGen: 98192K->97855K(1889792K)
[6.964s][info ][gc,heap        ] GC(9) ParOldGen: 52454K->52128K(86016K)
[6.964s][info ][gc,metaspace   ] GC(9) Metaspace: 49701K->49680K(1093632K)
[6.964s][info ][gc             ] GC(9) Pause Full (Ergonomics) 147M->146M(1929M) 732.507ms
[6.964s][info ][gc,cpu         ] GC(9) User=2.73s Sys=0.01s Real=0.73s
[6.964s][info ][safepoint      ] Leaving safepoint region
[6.964s][info ][safepoint      ] Total time for which application threads were stopped: 0.8298124 seconds, Stopping threads took: 0.0020001 seconds
[7.026s][info ][safepoint      ] Application time: 0.0618359 seconds
[7.028s][info ][safepoint      ] Entering safepoint region: RevokeBias
[7.028s][info ][safepoint      ] Leaving safepoint region
[7.028s][info ][safepoint      ] Total time for which application threads were stopped: 0.0021495 seconds, Stopping threads took: 0.0019293 seconds
[7.028s][info ][safepoint      ] Application time: 0.0002613 seconds
[7.028s][info ][safepoint      ] Entering safepoint region: RevokeBias
[7.028s][info ][safepoint      ] Leaving safepoint region
[7.028s][info ][safepoint      ] Total time for which application threads were stopped: 0.0001969 seconds, Stopping threads took: 0.0001012 seconds
[7.116s][info ][safepoint      ] Application time: 0.0877008 seconds
[7.116s][info ][safepoint      ] Entering safepoint region: RevokeBias
[7.117s][info ][safepoint      ] Leaving safepoint region
[7.117s][info ][safepoint      ] Total time for which application threads were stopped: 0.0004175 seconds, Stopping threads took: 0.0002724 seconds
[7.327s][info ][safepoint      ] Application time: 0.2108872 seconds
[7.328s][info ][safepoint      ] Entering safepoint region: RevokeBias
[7.328s][info ][safepoint      ] Leaving safepoint region
[7.328s][info ][safepoint      ] Total time for which application threads were stopped: 0.0005776 seconds, Stopping threads took: 0.0003766 seconds
[7.391s][info ][safepoint      ] Application time: 0.0626484 seconds
[7.391s][info ][safepoint      ] Entering safepoint region: ParallelGCFailedAllocation
[7.391s][info ][gc,start       ] GC(10) Pause Young (Allocation Failure)
[7.475s][debug][gc,phases      ] GC(10) Scavenge 84.303ms
[7.475s][debug][gc,ref         ] GC(10) Skipped phase1 of Reference Processing due to unavailable references
[7.475s][debug][gc,ref         ] GC(10) Skipped phase3 of Reference Processing due to unavailable references
[7.475s][debug][gc,phases      ] GC(10) Reference Processing 0.110ms
[7.476s][debug][gc,phases      ] GC(10) Weak Processing 0.394ms
[7.477s][debug][gc,phases      ] GC(10) Scrub String Table 0.839ms
[7.477s][debug][gc,age         ] GC(10) Desired survivor size 201326592 bytes, new threshold 5 (max threshold 15)
[7.477s][info ][gc,heap        ] GC(10) PSYoungGen: 1780287K->17746K(1896960K)
[7.477s][info ][gc,heap        ] GC(10) ParOldGen: 52128K->134317K(134656K)
[7.477s][info ][gc,metaspace   ] GC(10) Metaspace: 50576K->50576K(1095680K)
[7.477s][info ][gc             ] GC(10) Pause Young (Allocation Failure) 1789M->148M(1984M) 85.789ms
[7.477s][info ][gc,cpu         ] GC(10) User=0.38s Sys=0.04s Real=0.08s
[7.477s][debug][gc,phases      ] GC(11) Pre Compact 0.012ms
[7.477s][info ][gc,start       ] GC(11) Pause Full (Ergonomics)
[7.477s][info ][gc,phases,start] GC(11) Marking Phase
[7.543s][debug][gc,phases      ] GC(11) Par Mark 65.924ms
[7.543s][debug][gc,ref         ] GC(11) Skipped phase1 of Reference Processing due to unavailable references
[7.543s][debug][gc,ref         ] GC(11) Skipped phase3 of Reference Processing due to unavailable references
[7.543s][debug][gc,phases      ] GC(11) Reference Processing 0.150ms
[7.544s][debug][gc,phases      ] GC(11) Weak Processing 0.129ms
[7.544s][debug][gc,phases      ] GC(11) ClassLoaderData 0.538ms
[7.544s][debug][gc,phases      ] GC(11) ProtectionDomainCacheTable 0.003ms
[7.544s][debug][gc,phases      ] GC(11) ResolvedMethodTable 0.111ms
[7.547s][debug][gc,phases      ] GC(11) Class Unloading 3.881ms
[7.548s][debug][gc,phases      ] GC(11) Scrub String Table 0.485ms
[7.554s][debug][gc,phases      ] GC(11) Scrub Symbol Table 6.273ms
[7.554s][info ][gc,phases      ] GC(11) Marking Phase 77.397ms
[7.554s][info ][gc,phases,start] GC(11) Summary Phase
[7.554s][info ][gc,phases      ] GC(11) Summary Phase 0.007ms
[7.554s][info ][gc,phases,start] GC(11) Adjust Roots
[7.570s][info ][gc,phases      ] GC(11) Adjust Roots 15.477ms
[7.570s][info ][gc,phases,start] GC(11) Compaction Phase
[8.254s][info ][gc,phases      ] GC(11) Compaction Phase 684.374ms
[8.254s][info ][gc,phases,start] GC(11) Post Compact
[8.255s][info ][gc,phases      ] GC(11) Post Compact 0.324ms
[8.255s][info ][gc,heap        ] GC(11) PSYoungGen: 17746K->17170K(1896960K)
[8.255s][info ][gc,heap        ] GC(11) ParOldGen: 134317K->134516K(207872K)
[8.255s][info ][gc,metaspace   ] GC(11) Metaspace: 50576K->50576K(1095680K)
[8.255s][info ][gc             ] GC(11) Pause Full (Ergonomics) 148M->148M(2055M) 777.837ms
[8.255s][info ][gc,cpu         ] GC(11) User=3.01s Sys=0.00s Real=0.78s
[8.255s][info ][safepoint      ] Leaving safepoint region
[8.255s][info ][safepoint      ] Total time for which application threads were stopped: 0.8640098 seconds, Stopping threads took: 0.0001346 seconds
[8.648s][info ][safepoint      ] Application time: 0.3934379 seconds
[8.650s][info ][safepoint      ] Entering safepoint region: Deoptimize
[8.651s][info ][safepoint      ] Leaving safepoint region
[8.651s][info ][safepoint      ] Total time for which application threads were stopped: 0.0030856 seconds, Stopping threads took: 0.0019793 seconds
[8.744s][info ][safepoint      ] Application time: 0.0922917 seconds
[8.749s][info ][safepoint      ] Entering safepoint region: ParallelGCFailedAllocation
[8.749s][info ][gc,start       ] GC(12) Pause Young (Allocation Failure)
[8.784s][debug][gc,phases      ] GC(12) Scavenge 34.860ms
[8.784s][debug][gc,ref         ] GC(12) Skipped phase1 of Reference Processing due to unavailable references
[8.784s][debug][gc,ref         ] GC(12) Skipped phase3 of Reference Processing due to unavailable references
[8.784s][debug][gc,phases      ] GC(12) Reference Processing 0.077ms
[8.784s][debug][gc,phases      ] GC(12) Weak Processing 0.159ms
[8.785s][debug][gc,phases      ] GC(12) Scrub String Table 0.412ms
[8.785s][debug][gc,age         ] GC(12) Desired survivor size 203423744 bytes, new threshold 6 (max threshold 15)
[8.785s][info ][gc,heap        ] GC(12) PSYoungGen: 1721106K->10032K(1714176K)
[8.785s][info ][gc,heap        ] GC(12) ParOldGen: 134516K->134524K(207872K)
[8.785s][info ][gc,metaspace   ] GC(12) Metaspace: 51522K->51522K(1095680K)
[8.785s][info ][gc             ] GC(12) Pause Young (Allocation Failure) 1812M->141M(1877M) 35.634ms
[8.785s][info ][gc,cpu         ] GC(12) User=0.14s Sys=0.00s Real=0.03s
[8.785s][info ][safepoint      ] Leaving safepoint region
[8.785s][info ][safepoint      ] Total time for which application threads were stopped: 0.0411080 seconds, Stopping threads took: 0.0052264 seconds
[9.157s][info ][safepoint      ] Application time: 0.3720635 seconds
[9.159s][info ][safepoint      ] Entering safepoint region: ICBufferFull
[9.159s][info ][safepoint      ] Leaving safepoint region
[9.159s][info ][safepoint      ] Total time for which application threads were stopped: 0.0021577 seconds, Stopping threads took: 0.0019397 seconds
[9.249s][info ][safepoint      ] Application time: 0.0899717 seconds
[9.251s][info ][safepoint      ] Entering safepoint region: ParallelGCFailedAllocation
[9.252s][info ][gc,start       ] GC(13) Pause Young (Allocation Failure)
[9.258s][debug][gc,phases      ] GC(13) Scavenge 6.772ms
[9.258s][debug][gc,ref         ] GC(13) Skipped phase1 of Reference Processing due to unavailable references
[9.258s][debug][gc,ref         ] GC(13) Skipped phase3 of Reference Processing due to unavailable references
[9.258s][debug][gc,phases      ] GC(13) Reference Processing 0.075ms
[9.259s][debug][gc,phases      ] GC(13) Weak Processing 0.107ms
[9.259s][debug][gc,phases      ] GC(13) Scrub String Table 0.361ms
[9.259s][debug][gc,age         ] GC(13) Desired survivor size 202899456 bytes, new threshold 7 (max threshold 15)
[9.259s][info ][gc,heap        ] GC(13) PSYoungGen: 1713968K->10882K(1899008K)
[9.259s][info ][gc,heap        ] GC(13) ParOldGen: 134524K->134532K(207872K)
[9.259s][info ][gc,metaspace   ] GC(13) Metaspace: 51798K->51798K(1095680K)
[9.259s][info ][gc             ] GC(13) Pause Young (Allocation Failure) 1805M->142M(2057M) 7.432ms
[9.259s][info ][gc,cpu         ] GC(13) User=0.01s Sys=0.02s Real=0.00s
[9.259s][info ][safepoint      ] Leaving safepoint region
[9.259s][info ][safepoint      ] Total time for which application threads were stopped: 0.0099605 seconds, Stopping threads took: 0.0023106 seconds
[9.673s][info ][safepoint      ] Application time: 0.4139516 seconds
[9.675s][info ][safepoint      ] Entering safepoint region: ParallelGCFailedAllocation
[9.675s][info ][gc,start       ] GC(14) Pause Young (Allocation Failure)
[9.684s][debug][gc,phases      ] GC(14) Scavenge 8.507ms
[9.684s][debug][gc,ref         ] GC(14) Skipped phase1 of Reference Processing due to unavailable references
[9.684s][debug][gc,ref         ] GC(14) Skipped phase3 of Reference Processing due to unavailable references
[9.684s][debug][gc,phases      ] GC(14) Reference Processing 0.085ms
[9.684s][debug][gc,phases      ] GC(14) Weak Processing 0.132ms
[9.684s][debug][gc,phases      ] GC(14) Scrub String Table 0.370ms
[9.684s][debug][gc,age         ] GC(14) Desired survivor size 199753728 bytes, new threshold 8 (max threshold 15)
[9.684s][info ][gc,heap        ] GC(14) PSYoungGen: 1711234K->14082K(1898496K)
[9.684s][info ][gc,heap        ] GC(14) ParOldGen: 134532K->134532K(207872K)
[9.684s][info ][gc,metaspace   ] GC(14) Metaspace: 51830K->51830K(1095680K)
[9.684s][info ][gc             ] GC(14) Pause Young (Allocation Failure) 1802M->145M(2057M) 9.233ms
[9.684s][info ][gc,cpu         ] GC(14) User=0.04s Sys=0.00s Real=0.01s
[9.684s][info ][safepoint      ] Leaving safepoint region
[9.684s][info ][safepoint      ] Total time for which application threads were stopped: 0.0114533 seconds, Stopping threads took: 0.0019620 seconds
[10.052s][info ][safepoint      ] Application time: 0.3672986 seconds
[10.052s][info ][safepoint      ] Entering safepoint region: ICBufferFull
[10.052s][info ][safepoint      ] Leaving safepoint region
[10.052s][info ][safepoint      ] Total time for which application threads were stopped: 0.0003162 seconds, Stopping threads took: 0.0000851 seconds
[10.071s][info ][safepoint      ] Application time: 0.0186803 seconds
[10.071s][info ][safepoint      ] Entering safepoint region: Deoptimize
[10.072s][info ][safepoint      ] Leaving safepoint region
[10.072s][info ][safepoint      ] Total time for which application threads were stopped: 0.0011345 seconds, Stopping threads took: 0.0001322 seconds
[10.115s][info ][safepoint      ] Application time: 0.0426832 seconds
[10.115s][info ][safepoint      ] Entering safepoint region: RevokeBias
[10.115s][info ][safepoint      ] Leaving safepoint region
[10.115s][info ][safepoint      ] Total time for which application threads were stopped: 0.0008326 seconds, Stopping threads took: 0.0006479 seconds
[10.185s][info ][safepoint      ] Application time: 0.0694620 seconds
[10.187s][info ][safepoint      ] Entering safepoint region: ParallelGCFailedAllocation
[10.187s][info ][gc,start       ] GC(15) Pause Young (Allocation Failure)
[10.199s][debug][gc,phases      ] GC(15) Scavenge 12.134ms
[10.199s][debug][gc,ref         ] GC(15) Skipped phase1 of Reference Processing due to unavailable references
[10.199s][debug][gc,ref         ] GC(15) Skipped phase3 of Reference Processing due to unavailable references
[10.199s][debug][gc,phases      ] GC(15) Reference Processing 0.095ms
[10.200s][debug][gc,phases      ] GC(15) Weak Processing 0.139ms
[10.200s][debug][gc,phases      ] GC(15) Scrub String Table 0.420ms
[10.200s][debug][gc,age         ] GC(15) Desired survivor size 194510848 bytes, new threshold 9 (max threshold 15)
[10.200s][info ][gc,heap        ] GC(15) PSYoungGen: 1714434K->18288K(1907200K)
[10.200s][info ][gc,heap        ] GC(15) ParOldGen: 134532K->134532K(207872K)
[10.200s][info ][gc,metaspace   ] GC(15) Metaspace: 52493K->52493K(1097728K)
[10.200s][info ][gc             ] GC(15) Pause Young (Allocation Failure) 1805M->149M(2065M) 12.917ms
[10.200s][info ][gc,cpu         ] GC(15) User=0.06s Sys=0.00s Real=0.02s
[10.200s][info ][safepoint      ] Leaving safepoint region
[10.200s][info ][safepoint      ] Total time for which application threads were stopped: 0.0151145 seconds, Stopping threads took: 0.0020272 seconds
[10.205s][info ][safepoint      ] Application time: 0.0044807 seconds
[10.207s][info ][safepoint      ] Entering safepoint region: RevokeBias
[10.207s][info ][safepoint      ] Leaving safepoint region
[10.207s][info ][safepoint      ] Total time for which application threads were stopped: 0.0020453 seconds, Stopping threads took: 0.0019677 seconds
[10.207s][info ][safepoint      ] Application time: 0.0000398 seconds
[10.207s][info ][safepoint      ] Entering safepoint region: RevokeBias
[10.207s][info ][safepoint      ] Leaving safepoint region
[10.207s][info ][safepoint      ] Total time for which application threads were stopped: 0.0001092 seconds, Stopping threads took: 0.0000585 seconds
[10.207s][info ][safepoint      ] Application time: 0.0000314 seconds
[10.207s][info ][safepoint      ] Entering safepoint region: RevokeBias
[10.207s][info ][safepoint      ] Leaving safepoint region
[10.207s][info ][safepoint      ] Total time for which application threads were stopped: 0.0000740 seconds, Stopping threads took: 0.0000283 seconds
[10.208s][info ][safepoint      ] Application time: 0.0010705 seconds
[10.210s][info ][safepoint      ] Entering safepoint region: RevokeBias
[10.210s][info ][safepoint      ] Leaving safepoint region
[10.210s][info ][safepoint      ] Total time for which application threads were stopped: 0.0020396 seconds, Stopping threads took: 0.0019731 seconds
[10.210s][info ][safepoint      ] Application time: 0.0001874 seconds
[10.212s][info ][safepoint      ] Entering safepoint region: RevokeBias
[10.212s][info ][safepoint      ] Leaving safepoint region
[10.212s][info ][safepoint      ] Total time for which application threads were stopped: 0.0020519 seconds, Stopping threads took: 0.0019862 seconds
[10.408s][info ][safepoint      ] Application time: 0.1956330 seconds
[10.410s][info ][safepoint      ] Entering safepoint region: Deoptimize
[10.411s][info ][safepoint      ] Leaving safepoint region
[10.411s][info ][safepoint      ] Total time for which application threads were stopped: 0.0033866 seconds, Stopping threads took: 0.0023701 seconds
[10.415s][info ][safepoint      ] Application time: 0.0037975 seconds
[10.416s][info ][safepoint      ] Entering safepoint region: Deoptimize
[10.417s][info ][safepoint      ] Leaving safepoint region
[10.417s][info ][safepoint      ] Total time for which application threads were stopped: 0.0014610 seconds, Stopping threads took: 0.0006650 seconds
[10.419s][info ][safepoint      ] Application time: 0.0026601 seconds
[10.422s][info ][safepoint      ] Entering safepoint region: RevokeBias
[10.422s][info ][safepoint      ] Leaving safepoint region
[10.422s][info ][safepoint      ] Total time for which application threads were stopped: 0.0024311 seconds, Stopping threads took: 0.0023517 seconds
[10.422s][info ][safepoint      ] Application time: 0.0000984 seconds
[10.422s][info ][safepoint      ] Entering safepoint region: RevokeBias
[10.422s][info ][safepoint      ] Leaving safepoint region
[10.422s][info ][safepoint      ] Total time for which application threads were stopped: 0.0001287 seconds, Stopping threads took: 0.0000822 seconds
[10.437s][info ][safepoint      ] Application time: 0.0153674 seconds
[10.439s][info ][safepoint      ] Entering safepoint region: RevokeBias
[10.439s][info ][safepoint      ] Leaving safepoint region
[10.439s][info ][safepoint      ] Total time for which application threads were stopped: 0.0020928 seconds, Stopping threads took: 0.0020045 seconds
[10.457s][info ][safepoint      ] Application time: 0.0172639 seconds
[10.459s][info ][safepoint      ] Entering safepoint region: Deoptimize
[10.460s][info ][safepoint      ] Leaving safepoint region
[10.460s][info ][safepoint      ] Total time for which application threads were stopped: 0.0030284 seconds, Stopping threads took: 0.0019882 seconds
[10.517s][info ][safepoint      ] Application time: 0.0569874 seconds
[10.518s][info ][safepoint      ] Entering safepoint region: RevokeBias
[10.519s][info ][safepoint      ] Leaving safepoint region
[10.519s][info ][safepoint      ] Total time for which application threads were stopped: 0.0018316 seconds, Stopping threads took: 0.0007097 seconds
[10.588s][info ][safepoint      ] Application time: 0.0695119 seconds
[10.591s][info ][safepoint      ] Entering safepoint region: RevokeBias
[10.591s][info ][safepoint      ] Leaving safepoint region
[10.591s][info ][safepoint      ] Total time for which application threads were stopped: 0.0025210 seconds, Stopping threads took: 0.0023730 seconds
[10.591s][info ][safepoint      ] Application time: 0.0003960 seconds
[10.592s][info ][safepoint      ] Entering safepoint region: RevokeBias
[10.592s][info ][safepoint      ] Leaving safepoint region
[10.592s][info ][safepoint      ] Total time for which application threads were stopped: 0.0007676 seconds, Stopping threads took: 0.0006928 seconds
[10.598s][info ][safepoint      ] Application time: 0.0064799 seconds
[10.600s][info ][safepoint      ] Entering safepoint region: RevokeBias
[10.601s][info ][safepoint      ] Leaving safepoint region
[10.601s][info ][safepoint      ] Total time for which application threads were stopped: 0.0021347 seconds, Stopping threads took: 0.0020209 seconds
[10.603s][info ][safepoint      ] Application time: 0.0027680 seconds
[10.605s][info ][safepoint      ] Entering safepoint region: RevokeBias
[10.606s][info ][safepoint      ] Leaving safepoint region
[10.606s][info ][safepoint      ] Total time for which application threads were stopped: 0.0021651 seconds, Stopping threads took: 0.0020716 seconds
[10.610s][info ][safepoint      ] Application time: 0.0044485 seconds
[10.610s][info ][safepoint      ] Entering safepoint region: RevokeBias
[10.610s][info ][safepoint      ] Leaving safepoint region
[10.610s][info ][safepoint      ] Total time for which application threads were stopped: 0.0002622 seconds, Stopping threads took: 0.0001603 seconds
[10.632s][info ][safepoint      ] Application time: 0.0219532 seconds
[10.633s][info ][safepoint      ] Entering safepoint region: ParallelGCFailedAllocation
[10.633s][info ][gc,start       ] GC(16) Pause Young (Allocation Failure)
[10.645s][debug][gc,phases      ] GC(16) Scavenge 12.209ms
[10.645s][debug][gc,ref         ] GC(16) Skipped phase1 of Reference Processing due to unavailable references
[10.645s][debug][gc,ref         ] GC(16) Skipped phase3 of Reference Processing due to unavailable references
[10.645s][debug][gc,phases      ] GC(16) Reference Processing 0.096ms
[10.645s][debug][gc,phases      ] GC(16) Weak Processing 0.143ms
[10.646s][debug][gc,phases      ] GC(16) Scrub String Table 0.437ms
[10.646s][debug][gc,age         ] GC(16) Desired survivor size 188743680 bytes, new threshold 10 (max threshold 15)
[10.646s][info ][gc,heap        ] GC(16) PSYoungGen: 1730416K->19760K(1902080K)
[10.646s][info ][gc,heap        ] GC(16) ParOldGen: 134532K->134540K(207872K)
[10.646s][info ][gc,metaspace   ] GC(16) Metaspace: 55556K->55556K(1099776K)
[10.646s][info ][gc             ] GC(16) Pause Young (Allocation Failure) 1821M->150M(2060M) 13.037ms
[10.646s][info ][gc,cpu         ] GC(16) User=0.05s Sys=0.00s Real=0.01s
[10.646s][info ][safepoint      ] Leaving safepoint region
[10.646s][info ][safepoint      ] Total time for which application threads were stopped: 0.0135067 seconds, Stopping threads took: 0.0002930 seconds
[10.671s][info ][safepoint      ] Application time: 0.0254849 seconds
[10.672s][info ][safepoint      ] Entering safepoint region: RevokeBias
[10.672s][info ][safepoint      ] Leaving safepoint region
[10.672s][info ][safepoint      ] Total time for which application threads were stopped: 0.0006992 seconds, Stopping threads took: 0.0005876 seconds
[10.676s][info ][safepoint      ] Application time: 0.0038239 seconds
[10.676s][info ][safepoint      ] Entering safepoint region: RevokeBias
[10.676s][info ][safepoint      ] Leaving safepoint region
[10.676s][info ][safepoint      ] Total time for which application threads were stopped: 0.0001668 seconds, Stopping threads took: 0.0000809 seconds
[10.743s][info ][safepoint      ] Application time: 0.0665951 seconds
[10.745s][info ][safepoint      ] Entering safepoint region: RevokeBias
[10.745s][info ][safepoint      ] Leaving safepoint region
[10.745s][info ][safepoint      ] Total time for which application threads were stopped: 0.0026633 seconds, Stopping threads took: 0.0025011 seconds
[10.798s][info ][safepoint      ] Application time: 0.0530513 seconds
[10.800s][info ][safepoint      ] Entering safepoint region: RevokeBias
[10.800s][info ][safepoint      ] Leaving safepoint region
[10.800s][info ][safepoint      ] Total time for which application threads were stopped: 0.0021272 seconds, Stopping threads took: 0.0020304 seconds
[10.801s][info ][safepoint      ] Application time: 0.0005791 seconds
[10.801s][info ][safepoint      ] Entering safepoint region: RevokeBias
[10.801s][info ][safepoint      ] Leaving safepoint region
[10.801s][info ][safepoint      ] Total time for which application threads were stopped: 0.0001579 seconds, Stopping threads took: 0.0000889 seconds
[11.044s][info ][safepoint      ] Application time: 0.2427387 seconds
[11.048s][info ][safepoint      ] Entering safepoint region: ParallelGCFailedAllocation
[11.048s][info ][gc,start       ] GC(17) Pause Young (Allocation Failure)
[11.064s][debug][gc,phases      ] GC(17) Scavenge 15.095ms
[11.064s][debug][gc,ref         ] GC(17) Skipped phase1 of Reference Processing due to unavailable references
[11.064s][debug][gc,ref         ] GC(17) Skipped phase3 of Reference Processing due to unavailable references
[11.064s][debug][gc,phases      ] GC(17) Reference Processing 0.139ms
[11.064s][debug][gc,phases      ] GC(17) Weak Processing 0.161ms
[11.064s][debug][gc,phases      ] GC(17) Scrub String Table 0.445ms
[11.064s][debug][gc,age         ] GC(17) Desired survivor size 180879360 bytes, new threshold 11 (max threshold 15)
[11.064s][info ][gc,heap        ] GC(17) PSYoungGen: 1731888K->25808K(1920512K)
[11.064s][info ][gc,heap        ] GC(17) ParOldGen: 134540K->134540K(207872K)
[11.064s][info ][gc,metaspace   ] GC(17) Metaspace: 56906K->56906K(1101824K)
[11.064s][info ][gc             ] GC(17) Pause Young (Allocation Failure) 1822M->156M(2078M) 15.966ms
[11.064s][info ][gc,cpu         ] GC(17) User=0.08s Sys=0.00s Real=0.01s
[11.064s][info ][safepoint      ] Leaving safepoint region
[11.064s][info ][safepoint      ] Total time for which application threads were stopped: 0.0204114 seconds, Stopping threads took: 0.0042397 seconds
[11.107s][info ][safepoint      ] Application time: 0.0426690 seconds
[11.107s][info ][safepoint      ] Entering safepoint region: Deoptimize
[11.108s][info ][safepoint      ] Leaving safepoint region
[11.108s][info ][safepoint      ] Total time for which application threads were stopped: 0.0011846 seconds, Stopping threads took: 0.0001546 seconds
[11.124s][info ][safepoint      ] Application time: 0.0153905 seconds
[11.124s][info ][safepoint      ] Entering safepoint region: RevokeBias
[11.124s][info ][safepoint      ] Leaving safepoint region
[11.124s][info ][safepoint      ] Total time for which application threads were stopped: 0.0005789 seconds, Stopping threads took: 0.0004695 seconds
[11.159s][info ][safepoint      ] Application time: 0.0350280 seconds
[11.162s][info ][safepoint      ] Entering safepoint region: RevokeBias
[11.162s][info ][safepoint      ] Leaving safepoint region
[11.162s][info ][safepoint      ] Total time for which application threads were stopped: 0.0022273 seconds, Stopping threads took: 0.0021098 seconds
[11.180s][info ][safepoint      ] Application time: 0.0184975 seconds
[11.183s][info ][safepoint      ] Entering safepoint region: RevokeBias
[11.184s][info ][safepoint      ] Leaving safepoint region
[11.184s][info ][safepoint      ] Total time for which application threads were stopped: 0.0033614 seconds, Stopping threads took: 0.0032479 seconds
[11.184s][info ][safepoint      ] Application time: 0.0003779 seconds
[11.184s][info ][safepoint      ] Entering safepoint region: RevokeBias
[11.184s][info ][safepoint      ] Leaving safepoint region
[11.184s][info ][safepoint      ] Total time for which application threads were stopped: 0.0001716 seconds, Stopping threads took: 0.0000935 seconds
[11.184s][info ][safepoint      ] Application time: 0.0000679 seconds
[11.184s][info ][safepoint      ] Entering safepoint region: RevokeBias
[11.184s][info ][safepoint      ] Leaving safepoint region
[11.184s][info ][safepoint      ] Total time for which application threads were stopped: 0.0001718 seconds, Stopping threads took: 0.0000673 seconds
[11.184s][info ][safepoint      ] Application time: 0.0000650 seconds
[11.185s][info ][safepoint      ] Entering safepoint region: RevokeBias
[11.185s][info ][safepoint      ] Leaving safepoint region
[11.185s][info ][safepoint      ] Total time for which application threads were stopped: 0.0001384 seconds, Stopping threads took: 0.0000547 seconds
[11.194s][info ][safepoint      ] Application time: 0.0089723 seconds
[11.198s][info ][safepoint      ] Entering safepoint region: RevokeBias
[11.198s][info ][safepoint      ] Leaving safepoint region
[11.198s][info ][safepoint      ] Total time for which application threads were stopped: 0.0043514 seconds, Stopping threads took: 0.0042350 seconds
[11.280s][info ][safepoint      ] Application time: 0.0821075 seconds
[11.283s][info ][safepoint      ] Entering safepoint region: RevokeBias
[11.283s][info ][safepoint      ] Leaving safepoint region
[11.283s][info ][safepoint      ] Total time for which application threads were stopped: 0.0026300 seconds, Stopping threads took: 0.0024911 seconds
[11.283s][info ][safepoint      ] Application time: 0.0000488 seconds
[11.283s][info ][safepoint      ] Entering safepoint region: RevokeBias
[11.283s][info ][safepoint      ] Leaving safepoint region
[11.283s][info ][safepoint      ] Total time for which application threads were stopped: 0.0001241 seconds, Stopping threads took: 0.0000408 seconds
[11.297s][info ][safepoint      ] Application time: 0.0135929 seconds
[11.299s][info ][safepoint      ] Entering safepoint region: RevokeBias
[11.299s][info ][safepoint      ] Leaving safepoint region
[11.299s][info ][safepoint      ] Total time for which application threads were stopped: 0.0026656 seconds, Stopping threads took: 0.0025278 seconds
[11.503s][info ][safepoint      ] Application time: 0.2035021 seconds
[11.505s][info ][safepoint      ] Entering safepoint region: ParallelGCFailedAllocation
[11.505s][info ][gc,start       ] GC(18) Pause Young (Allocation Failure)
[11.521s][debug][gc,phases      ] GC(18) Scavenge 16.033ms
[11.521s][debug][gc,ref         ] GC(18) Skipped phase1 of Reference Processing due to unavailable references
[11.521s][debug][gc,ref         ] GC(18) Skipped phase3 of Reference Processing due to unavailable references
[11.521s][debug][gc,phases      ] GC(18) Reference Processing 0.153ms
[11.521s][debug][gc,phases      ] GC(18) Weak Processing 0.161ms
[11.522s][debug][gc,phases      ] GC(18) Scrub String Table 0.457ms
[11.522s][debug][gc,age         ] GC(18) Desired survivor size 172490752 bytes, new threshold 12 (max threshold 15)
[11.522s][info ][gc,heap        ] GC(18) PSYoungGen: 1762000K->30611K(1912832K)
[11.522s][info ][gc,heap        ] GC(18) ParOldGen: 134540K->134548K(207872K)
[11.522s][info ][gc,metaspace   ] GC(18) Metaspace: 57853K->57853K(1101824K)
[11.522s][info ][gc             ] GC(18) Pause Young (Allocation Failure) 1852M->161M(2071M) 16.938ms
[11.522s][info ][gc,cpu         ] GC(18) User=0.07s Sys=0.00s Real=0.02s
[11.522s][info ][safepoint      ] Leaving safepoint region
[11.522s][info ][safepoint      ] Total time for which application threads were stopped: 0.0192453 seconds, Stopping threads took: 0.0020927 seconds
[11.920s][info ][safepoint      ] Application time: 0.3982521 seconds
[11.924s][info ][safepoint      ] Entering safepoint region: RevokeBias
[11.924s][info ][safepoint      ] Leaving safepoint region
[11.924s][info ][safepoint      ] Total time for which application threads were stopped: 0.0038413 seconds, Stopping threads took: 0.0035482 seconds
[11.925s][info ][safepoint      ] Application time: 0.0007081 seconds
[11.927s][info ][safepoint      ] Entering safepoint region: RevokeBias
[11.927s][info ][safepoint      ] Leaving safepoint region
[11.927s][info ][safepoint      ] Total time for which application threads were stopped: 0.0026379 seconds, Stopping threads took: 0.0025263 seconds
[11.928s][info ][safepoint      ] Application time: 0.0000476 seconds
[11.928s][info ][safepoint      ] Entering safepoint region: RevokeBias
[11.928s][info ][safepoint      ] Leaving safepoint region
[11.928s][info ][safepoint      ] Total time for which application threads were stopped: 0.0001711 seconds, Stopping threads took: 0.0000784 seconds
[12.006s][info ][safepoint      ] Application time: 0.0783909 seconds
[12.008s][info ][safepoint      ] Entering safepoint region: ParallelGCFailedAllocation
[12.008s][info ][gc,start       ] GC(19) Pause Young (Allocation Failure)
[12.031s][debug][gc,phases      ] GC(19) Scavenge 22.199ms
[12.031s][debug][gc,ref         ] GC(19) Skipped phase1 of Reference Processing due to unavailable references
[12.031s][debug][gc,ref         ] GC(19) Skipped phase3 of Reference Processing due to unavailable references
[12.031s][debug][gc,phases      ] GC(19) Reference Processing 0.133ms
[12.031s][debug][gc,phases      ] GC(19) Weak Processing 0.185ms
[12.032s][debug][gc,phases      ] GC(19) Scrub String Table 0.506ms
[12.032s][debug][gc,age         ] GC(19) Desired survivor size 161480704 bytes, new threshold 13 (max threshold 15)
[12.032s][info ][gc,heap        ] GC(19) PSYoungGen: 1766803K->45859K(1939456K)
[12.032s][info ][gc,heap        ] GC(19) ParOldGen: 134548K->134556K(207872K)
[12.032s][info ][gc,metaspace   ] GC(19) Metaspace: 58049K->58049K(1101824K)
[12.032s][info ][gc             ] GC(19) Pause Young (Allocation Failure) 1856M->176M(2097M) 23.151ms
[12.032s][info ][gc,cpu         ] GC(19) User=0.11s Sys=0.00s Real=0.02s
[12.032s][info ][safepoint      ] Leaving safepoint region
[12.032s][info ][safepoint      ] Total time for which application threads were stopped: 0.0254594 seconds, Stopping threads took: 0.0021024 seconds
[12.038s][info ][safepoint      ] Application time: 0.0063851 seconds
[12.040s][info ][safepoint      ] Entering safepoint region: RevokeBias
[12.040s][info ][safepoint      ] Leaving safepoint region
[12.040s][info ][safepoint      ] Total time for which application threads were stopped: 0.0021948 seconds, Stopping threads took: 0.0020457 seconds
[12.441s][info ][safepoint      ] Application time: 0.4010588 seconds
[12.441s][info ][safepoint      ] Entering safepoint region: ParallelGCFailedAllocation
[12.442s][info ][gc,start       ] GC(20) Pause Young (Allocation Failure)
[12.473s][debug][gc,phases      ] GC(20) Scavenge 31.692ms
[12.473s][debug][gc,ref         ] GC(20) Skipped phase1 of Reference Processing due to unavailable references
[12.474s][debug][gc,ref         ] GC(20) Skipped phase3 of Reference Processing due to unavailable references
[12.474s][debug][gc,phases      ] GC(20) Reference Processing 0.136ms
[12.474s][debug][gc,phases      ] GC(20) Weak Processing 0.171ms
[12.474s][debug][gc,phases      ] GC(20) Scrub String Table 0.467ms
[12.474s][debug][gc,age         ] GC(20) Desired survivor size 156237824 bytes, new threshold 14 (max threshold 15)
[12.474s][info ][gc,heap        ] GC(20) PSYoungGen: 1816867K->65939K(1928704K)
[12.474s][info ][gc,heap        ] GC(20) ParOldGen: 134556K->134564K(207872K)
[12.474s][info ][gc,metaspace   ] GC(20) Metaspace: 58174K->58174K(1101824K)
[12.474s][info ][gc             ] GC(20) Pause Young (Allocation Failure) 1905M->195M(2086M) 32.592ms
[12.474s][info ][gc,cpu         ] GC(20) User=0.13s Sys=0.00s Real=0.03s
[12.474s][info ][safepoint      ] Leaving safepoint region
[12.474s][info ][safepoint      ] Total time for which application threads were stopped: 0.0329878 seconds, Stopping threads took: 0.0001464 seconds
[12.505s][info ][safepoint      ] Application time: 0.0306369 seconds
[12.507s][info ][safepoint      ] Entering safepoint region: RevokeBias
[12.508s][info ][safepoint      ] Leaving safepoint region
[12.508s][info ][safepoint      ] Total time for which application threads were stopped: 0.0026102 seconds, Stopping threads took: 0.0024944 seconds
[12.508s][info ][safepoint      ] Application time: 0.0000327 seconds
[12.508s][info ][safepoint      ] Entering safepoint region: RevokeBias
[12.508s][info ][safepoint      ] Leaving safepoint region
[12.508s][info ][safepoint      ] Total time for which application threads were stopped: 0.0001296 seconds, Stopping threads took: 0.0000329 seconds
[12.508s][info ][safepoint      ] Application time: 0.0004951 seconds
[12.508s][info ][safepoint      ] Entering safepoint region: RevokeBias
[12.508s][info ][safepoint      ] Leaving safepoint region
[12.508s][info ][safepoint      ] Total time for which application threads were stopped: 0.0001394 seconds, Stopping threads took: 0.0000645 seconds
[12.516s][info ][safepoint      ] Application time: 0.0074852 seconds
[12.516s][info ][safepoint      ] Entering safepoint region: RevokeBias
[12.516s][info ][safepoint      ] Leaving safepoint region
[12.516s][info ][safepoint      ] Total time for which application threads were stopped: 0.0002168 seconds, Stopping threads took: 0.0000737 seconds
[12.616s][info ][safepoint      ] Application time: 0.1003192 seconds
[12.619s][info ][safepoint      ] Entering safepoint region: RevokeBias
[12.619s][info ][safepoint      ] Leaving safepoint region
[12.619s][info ][safepoint      ] Total time for which application threads were stopped: 0.0022473 seconds, Stopping threads took: 0.0021066 seconds
[12.619s][info ][safepoint      ] Application time: 0.0000349 seconds
[12.619s][info ][safepoint      ] Entering safepoint region: RevokeBias
[12.619s][info ][safepoint      ] Leaving safepoint region
[12.619s][info ][safepoint      ] Total time for which application threads were stopped: 0.0000754 seconds, Stopping threads took: 0.0000143 seconds
[12.619s][info ][safepoint      ] Application time: 0.0005130 seconds
[12.619s][info ][safepoint      ] Entering safepoint region: RevokeBias
[12.620s][info ][safepoint      ] Leaving safepoint region
[12.620s][info ][safepoint      ] Total time for which application threads were stopped: 0.0001542 seconds, Stopping threads took: 0.0000852 seconds
[12.825s][info ][safepoint      ] Application time: 0.2058404 seconds
[12.828s][info ][safepoint      ] Entering safepoint region: RevokeBias
[12.828s][info ][safepoint      ] Leaving safepoint region
[12.828s][info ][safepoint      ] Total time for which application threads were stopped: 0.0027928 seconds, Stopping threads took: 0.0025734 seconds
[12.954s][info ][safepoint      ] Application time: 0.1255873 seconds
[12.956s][info ][safepoint      ] Entering safepoint region: ParallelGCFailedAllocation
[12.956s][info ][gc,start       ] GC(21) Pause Young (Allocation Failure)
[12.992s][debug][gc,phases      ] GC(21) Scavenge 36.021ms
[12.992s][debug][gc,ref         ] GC(21) Skipped phase1 of Reference Processing due to unavailable references
[12.992s][debug][gc,ref         ] GC(21) Skipped phase3 of Reference Processing due to unavailable references
[12.992s][debug][gc,phases      ] GC(21) Reference Processing 0.126ms
[12.993s][debug][gc,phases      ] GC(21) Weak Processing 0.200ms
[12.993s][debug][gc,phases      ] GC(21) Scrub String Table 0.472ms
[12.993s][debug][gc,age         ] GC(21) Desired survivor size 159383552 bytes, new threshold 15 (max threshold 15)
[12.993s][info ][gc,heap        ] GC(21) PSYoungGen: 1836947K->88179K(1938432K)
[12.993s][info ][gc,heap        ] GC(21) ParOldGen: 134564K->134572K(207872K)
[12.993s][info ][gc,metaspace   ] GC(21) Metaspace: 58233K->58233K(1101824K)
[12.993s][info ][gc             ] GC(21) Pause Young (Allocation Failure) 1925M->217M(2096M) 36.973ms
[12.993s][info ][gc,cpu         ] GC(21) User=0.14s Sys=0.00s Real=0.04s
[12.993s][info ][safepoint      ] Leaving safepoint region
[12.993s][info ][safepoint      ] Total time for which application threads were stopped: 0.0393178 seconds, Stopping threads took: 0.0021149 seconds
[13.034s][info ][safepoint      ] Application time: 0.0405375 seconds
[13.036s][info ][safepoint      ] Entering safepoint region: RevokeBias
[13.036s][info ][safepoint      ] Leaving safepoint region
[13.036s][info ][safepoint      ] Total time for which application threads were stopped: 0.0024513 seconds, Stopping threads took: 0.0022866 seconds
[13.475s][info ][safepoint      ] Application time: 0.4391808 seconds
[13.476s][info ][safepoint      ] Entering safepoint region: ParallelGCFailedAllocation
[13.476s][info ][gc,start       ] GC(22) Pause Young (Allocation Failure)
[13.507s][debug][gc,phases      ] GC(22) Scavenge 30.985ms
[13.507s][debug][gc,ref         ] GC(22) Skipped phase1 of Reference Processing due to unavailable references
[13.507s][debug][gc,ref         ] GC(22) Skipped phase3 of Reference Processing due to unavailable references
[13.507s][debug][gc,phases      ] GC(22) Reference Processing 0.162ms
[13.507s][debug][gc,phases      ] GC(22) Weak Processing 0.187ms
[13.508s][debug][gc,phases      ] GC(22) Scrub String Table 0.480ms
[13.508s][debug][gc,age         ] GC(22) Desired survivor size 161480704 bytes, new threshold 15 (max threshold 15)
[13.508s][info ][gc,heap        ] GC(22) PSYoungGen: 1874035K->88049K(1873920K)
[13.508s][info ][gc,heap        ] GC(22) ParOldGen: 134572K->134580K(207872K)
[13.508s][info ][gc,metaspace   ] GC(22) Metaspace: 58980K->58980K(1103872K)
[13.508s][info ][gc             ] GC(22) Pause Young (Allocation Failure) 1961M->217M(2033M) 31.928ms
[13.508s][info ][gc,cpu         ] GC(22) User=0.09s Sys=0.03s Real=0.04s
[13.508s][info ][safepoint      ] Leaving safepoint region
[13.508s][info ][safepoint      ] Total time for which application threads were stopped: 0.0324216 seconds, Stopping threads took: 0.0001835 seconds
[13.957s][info ][safepoint      ] Application time: 0.4488005 seconds
[13.959s][info ][safepoint      ] Entering safepoint region: ParallelGCFailedAllocation
[13.959s][info ][gc,start       ] GC(23) Pause Young (Allocation Failure)
[13.985s][debug][gc,phases      ] GC(23) Scavenge 26.245ms
[13.985s][debug][gc,ref         ] GC(23) Skipped phase1 of Reference Processing due to unavailable references
[13.986s][debug][gc,ref         ] GC(23) Skipped phase3 of Reference Processing due to unavailable references
[13.986s][debug][gc,phases      ] GC(23) Reference Processing 0.200ms
[13.986s][debug][gc,phases      ] GC(23) Weak Processing 0.238ms
[13.986s][debug][gc,phases      ] GC(23) Scrub String Table 0.629ms
[13.986s][debug][gc,age         ] GC(23) Desired survivor size 151519232 bytes, new threshold 15 (max threshold 15)
[13.986s][info ][gc,heap        ] GC(23) PSYoungGen: 1873905K->58417K(1949184K)
[13.986s][info ][gc,heap        ] GC(23) ParOldGen: 134580K->138375K(207872K)
[13.987s][info ][gc,metaspace   ] GC(23) Metaspace: 59292K->59292K(1103872K)
[13.987s][info ][gc             ] GC(23) Pause Young (Allocation Failure) 1961M->192M(2106M) 27.457ms
[13.987s][info ][gc,cpu         ] GC(23) User=0.11s Sys=0.00s Real=0.03s
[13.987s][info ][safepoint      ] Leaving safepoint region
[13.987s][info ][safepoint      ] Total time for which application threads were stopped: 0.0299152 seconds, Stopping threads took: 0.0021512 seconds
[14.062s][info ][safepoint      ] Application time: 0.0752080 seconds
[14.064s][info ][safepoint      ] Entering safepoint region: RevokeBias
[14.064s][info ][safepoint      ] Leaving safepoint region
[14.064s][info ][safepoint      ] Total time for which application threads were stopped: 0.0022596 seconds, Stopping threads took: 0.0021196 seconds
[14.070s][info ][safepoint      ] Application time: 0.0053999 seconds
[14.070s][info ][safepoint      ] Entering safepoint region: RevokeBias
[14.070s][info ][safepoint      ] Leaving safepoint region
[14.070s][info ][safepoint      ] Total time for which application threads were stopped: 0.0002274 seconds, Stopping threads took: 0.0001137 seconds
[14.242s][info ][safepoint      ] Application time: 0.1718428 seconds
[14.244s][info ][safepoint      ] Entering safepoint region: Deoptimize
[14.245s][info ][safepoint      ] Leaving safepoint region
[14.245s][info ][safepoint      ] Total time for which application threads were stopped: 0.0034279 seconds, Stopping threads took: 0.0020965 seconds
[14.251s][info ][safepoint      ] Application time: 0.0054563 seconds
[14.253s][info ][safepoint      ] Entering safepoint region: Deoptimize
[14.254s][info ][safepoint      ] Leaving safepoint region
[14.254s][info ][safepoint      ] Total time for which application threads were stopped: 0.0034421 seconds, Stopping threads took: 0.0020531 seconds
[14.421s][info ][safepoint      ] Application time: 0.1674457 seconds
[14.422s][info ][safepoint      ] Entering safepoint region: RevokeBias
[14.422s][info ][safepoint      ] Leaving safepoint region
[14.422s][info ][safepoint      ] Total time for which application threads were stopped: 0.0010028 seconds, Stopping threads took: 0.0008224 seconds
[14.423s][info ][safepoint      ] Application time: 0.0000409 seconds
[14.423s][info ][safepoint      ] Entering safepoint region: RevokeBias
[14.423s][info ][safepoint      ] Leaving safepoint region
[14.423s][info ][safepoint      ] Total time for which application threads were stopped: 0.0000947 seconds, Stopping threads took: 0.0000256 seconds
[14.423s][info ][safepoint      ] Application time: 0.0007702 seconds
[14.424s][info ][safepoint      ] Entering safepoint region: RevokeBias
[14.424s][info ][safepoint      ] Leaving safepoint region
[14.424s][info ][safepoint      ] Total time for which application threads were stopped: 0.0008166 seconds, Stopping threads took: 0.0007476 seconds
[14.440s][info ][safepoint      ] Application time: 0.0158934 seconds
[14.440s][info ][safepoint      ] Entering safepoint region: ParallelGCFailedAllocation
[14.440s][info ][gc,start       ] GC(24) Pause Young (Allocation Failure)
[14.461s][debug][gc,phases      ] GC(24) Scavenge 20.693ms
[14.461s][debug][gc,ref         ] GC(24) Skipped phase1 of Reference Processing due to unavailable references
[14.461s][debug][gc,ref         ] GC(24) Skipped phase3 of Reference Processing due to unavailable references
[14.461s][debug][gc,phases      ] GC(24) Reference Processing 0.144ms
[14.462s][debug][gc,phases      ] GC(24) Weak Processing 0.169ms
[14.462s][debug][gc,phases      ] GC(24) Scrub String Table 0.465ms
[14.462s][debug][gc,age         ] GC(24) Desired survivor size 143130624 bytes, new threshold 15 (max threshold 15)
[14.462s][info ][gc,heap        ] GC(24) PSYoungGen: 1849905K->60841K(1939456K)
[14.462s][info ][gc,heap        ] GC(24) ParOldGen: 138375K->140247K(207872K)
[14.462s][info ][gc,metaspace   ] GC(24) Metaspace: 60041K->60041K(1103872K)
[14.462s][info ][gc             ] GC(24) Pause Young (Allocation Failure) 1941M->196M(2097M) 21.591ms
[14.462s][info ][gc,cpu         ] GC(24) User=0.08s Sys=0.00s Real=0.02s
[14.462s][info ][safepoint      ] Leaving safepoint region
[14.462s][info ][safepoint      ] Total time for which application threads were stopped: 0.0219621 seconds, Stopping threads took: 0.0001453 seconds
[14.632s][info ][safepoint      ] Application time: 0.1700862 seconds
[14.633s][info ][safepoint      ] Entering safepoint region: RevokeBias
[14.633s][info ][safepoint      ] Leaving safepoint region
[14.633s][info ][safepoint      ] Total time for which application threads were stopped: 0.0003726 seconds, Stopping threads took: 0.0001543 seconds
[14.820s][info ][safepoint      ] Application time: 0.1874468 seconds
[14.822s][info ][safepoint      ] Entering safepoint region: RevokeBias
[14.823s][info ][safepoint      ] Leaving safepoint region
[14.823s][info ][safepoint      ] Total time for which application threads were stopped: 0.0022327 seconds, Stopping threads took: 0.0020637 seconds
[14.907s][info ][safepoint      ] Application time: 0.0841057 seconds
[14.907s][info ][safepoint      ] Entering safepoint region: ParallelGCFailedAllocation
[14.907s][info ][gc,start       ] GC(25) Pause Young (Allocation Failure)
[14.931s][debug][gc,phases      ] GC(25) Scavenge 23.969ms
[14.931s][debug][gc,ref         ] GC(25) Skipped phase1 of Reference Processing due to unavailable references
[14.931s][debug][gc,ref         ] GC(25) Skipped phase3 of Reference Processing due to unavailable references
[14.931s][debug][gc,phases      ] GC(25) Reference Processing 0.140ms
[14.931s][debug][gc,phases      ] GC(25) Weak Processing 0.173ms
[14.932s][debug][gc,phases      ] GC(25) Scrub String Table 0.498ms
[14.932s][debug][gc,age         ] GC(25) Desired survivor size 140509184 bytes, new threshold 15 (max threshold 15)
[14.932s][info ][gc,heap        ] GC(25) PSYoungGen: 1852329K->74153K(1959936K)
[14.932s][info ][gc,heap        ] GC(25) ParOldGen: 140247K->141287K(207872K)
[14.932s][info ][gc,metaspace   ] GC(25) Metaspace: 60387K->60387K(1103872K)
[14.932s][info ][gc             ] GC(25) Pause Young (Allocation Failure) 1945M->210M(2117M) 24.915ms
[14.932s][info ][gc,cpu         ] GC(25) User=0.10s Sys=0.00s Real=0.03s
[14.932s][info ][safepoint      ] Leaving safepoint region
[14.932s][info ][safepoint      ] Total time for which application threads were stopped: 0.0253076 seconds, Stopping threads took: 0.0001947 seconds
[15.340s][info ][safepoint      ] Application time: 0.4081672 seconds
[15.342s][info ][safepoint      ] Entering safepoint region: ParallelGCFailedAllocation
[15.342s][info ][gc,start       ] GC(26) Pause Young (Allocation Failure)
[15.369s][debug][gc,phases      ] GC(26) Scavenge 26.563ms
[15.369s][debug][gc,ref         ] GC(26) Skipped phase1 of Reference Processing due to unavailable references
[15.369s][debug][gc,ref         ] GC(26) Skipped phase3 of Reference Processing due to unavailable references
[15.369s][debug][gc,phases      ] GC(26) Reference Processing 0.122ms
[15.369s][debug][gc,phases      ] GC(26) Weak Processing 0.163ms
[15.370s][debug][gc,phases      ] GC(26) Scrub String Table 0.439ms
[15.370s][debug][gc,age         ] GC(26) Desired survivor size 139984896 bytes, new threshold 15 (max threshold 15)
[15.370s][info ][gc,heap        ] GC(26) PSYoungGen: 1894313K->79945K(1957376K)
[15.370s][info ][gc,heap        ] GC(26) ParOldGen: 141287K->142875K(207872K)
[15.370s][info ][gc,metaspace   ] GC(26) Metaspace: 60549K->60549K(1103872K)
[15.370s][info ][gc             ] GC(26) Pause Young (Allocation Failure) 1987M->217M(2114M) 27.412ms
[15.370s][info ][gc,cpu         ] GC(26) User=0.11s Sys=0.00s Real=0.03s
[15.370s][info ][safepoint      ] Leaving safepoint region
[15.370s][info ][safepoint      ] Total time for which application threads were stopped: 0.0296061 seconds, Stopping threads took: 0.0018846 seconds
[15.626s][info ][safepoint      ] Application time: 0.2564295 seconds
[15.628s][info ][safepoint      ] Entering safepoint region: ICBufferFull
[15.629s][info ][safepoint      ] Leaving safepoint region
[15.629s][info ][safepoint      ] Total time for which application threads were stopped: 0.0023370 seconds, Stopping threads took: 0.0020767 seconds
[15.833s][info ][safepoint      ] Application time: 0.2046421 seconds
[15.835s][info ][safepoint      ] Entering safepoint region: Deoptimize
[15.837s][info ][safepoint      ] Leaving safepoint region
[15.837s][info ][safepoint      ] Total time for which application threads were stopped: 0.0035927 seconds, Stopping threads took: 0.0020745 seconds
[15.846s][info ][safepoint      ] Application time: 0.0092029 seconds
[15.846s][info ][safepoint      ] Entering safepoint region: ICBufferFull
[15.847s][info ][safepoint      ] Leaving safepoint region
[15.847s][info ][safepoint      ] Total time for which application threads were stopped: 0.0004776 seconds, Stopping threads took: 0.0001572 seconds
[15.869s][info ][safepoint      ] Application time: 0.0223878 seconds
[15.871s][info ][safepoint      ] Entering safepoint region: ParallelGCFailedAllocation
[15.871s][info ][gc,start       ] GC(27) Pause Young (Allocation Failure)
[15.897s][debug][gc,phases      ] GC(27) Scavenge 25.253ms
[15.897s][debug][gc,ref         ] GC(27) Skipped phase1 of Reference Processing due to unavailable references
[15.897s][debug][gc,ref         ] GC(27) Skipped phase3 of Reference Processing due to unavailable references
[15.897s][debug][gc,phases      ] GC(27) Reference Processing 0.143ms
[15.897s][debug][gc,phases      ] GC(27) Weak Processing 0.191ms
[15.898s][debug][gc,phases      ] GC(27) Scrub String Table 0.485ms
[15.898s][debug][gc,age         ] GC(27) Desired survivor size 139984896 bytes, new threshold 15 (max threshold 15)
[15.898s][info ][gc,heap        ] GC(27) PSYoungGen: 1900105K->82553K(1960448K)
[15.898s][info ][gc,heap        ] GC(27) ParOldGen: 142875K->144539K(207872K)
[15.898s][info ][gc,metaspace   ] GC(27) Metaspace: 61320K->61320K(1105920K)
[15.898s][info ][gc             ] GC(27) Pause Young (Allocation Failure) 1995M->221M(2117M) 26.206ms
[15.898s][info ][gc,cpu         ] GC(27) User=0.10s Sys=0.00s Real=0.02s
[15.898s][info ][safepoint      ] Leaving safepoint region
[15.898s][info ][safepoint      ] Total time for which application threads were stopped: 0.0286028 seconds, Stopping threads took: 0.0020841 seconds
[16.104s][info ][safepoint      ] Application time: 0.2060968 seconds
[16.106s][info ][safepoint      ] Entering safepoint region: RevokeBias
[16.106s][info ][safepoint      ] Leaving safepoint region
[16.106s][info ][safepoint      ] Total time for which application threads were stopped: 0.0023173 seconds, Stopping threads took: 0.0020775 seconds
[16.110s][info ][safepoint      ] Application time: 0.0038533 seconds
[16.112s][info ][safepoint      ] Entering safepoint region: RevokeBias
[16.112s][info ][safepoint      ] Leaving safepoint region
[16.112s][info ][safepoint      ] Total time for which application threads were stopped: 0.0024012 seconds, Stopping threads took: 0.0022732 seconds
[16.300s][info ][safepoint      ] Application time: 0.1877162 seconds
[16.300s][info ][safepoint      ] Entering safepoint region: ICBufferFull
[16.301s][info ][safepoint      ] Leaving safepoint region
[16.301s][info ][safepoint      ] Total time for which application threads were stopped: 0.0004251 seconds, Stopping threads took: 0.0001909 seconds
[16.331s][info ][safepoint      ] Application time: 0.0301105 seconds
[16.333s][info ][safepoint      ] Entering safepoint region: ParallelGCFailedAllocation
[16.333s][info ][gc,start       ] GC(28) Pause Young (Allocation Failure)
[16.353s][debug][gc,phases      ] GC(28) Scavenge 19.675ms
[16.353s][debug][gc,ref         ] GC(28) Skipped phase1 of Reference Processing due to unavailable references
[16.353s][debug][gc,ref         ] GC(28) Skipped phase3 of Reference Processing due to unavailable references
[16.353s][debug][gc,phases      ] GC(28) Reference Processing 0.158ms
[16.353s][debug][gc,phases      ] GC(28) Weak Processing 0.188ms
[16.354s][debug][gc,phases      ] GC(28) Scrub String Table 0.487ms
[16.354s][debug][gc,age         ] GC(28) Desired survivor size 135266304 bytes, new threshold 15 (max threshold 15)
[16.354s][info ][gc,heap        ] GC(28) PSYoungGen: 1906297K->71241K(1960448K)
[16.354s][info ][gc,heap        ] GC(28) ParOldGen: 144539K->145379K(207872K)
[16.354s][info ][gc,metaspace   ] GC(28) Metaspace: 61809K->61809K(1105920K)
[16.354s][info ][gc             ] GC(28) Pause Young (Allocation Failure) 2002M->211M(2117M) 20.664ms
[16.354s][info ][gc,cpu         ] GC(28) User=0.09s Sys=0.00s Real=0.02s
[16.354s][info ][safepoint      ] Leaving safepoint region
[16.354s][info ][safepoint      ] Total time for which application threads were stopped: 0.0229371 seconds, Stopping threads took: 0.0020694 seconds
[16.775s][info ][safepoint      ] Application time: 0.4209485 seconds
[16.777s][info ][safepoint      ] Entering safepoint region: ParallelGCFailedAllocation
[16.777s][info ][gc,start       ] GC(29) Pause Young (Allocation Failure)
[16.798s][debug][gc,phases      ] GC(29) Scavenge 20.488ms
[16.798s][debug][gc,ref         ] GC(29) Skipped phase1 of Reference Processing due to unavailable references
[16.798s][debug][gc,ref         ] GC(29) Skipped phase3 of Reference Processing due to unavailable references
[16.798s][debug][gc,phases      ] GC(29) Reference Processing 0.148ms
[16.798s][debug][gc,phases      ] GC(29) Weak Processing 0.196ms
[16.798s][debug][gc,phases      ] GC(29) Scrub String Table 0.495ms
[16.798s][debug][gc,age         ] GC(29) Desired survivor size 129499136 bytes, new threshold 15 (max threshold 15)
[16.798s][info ][gc,heap        ] GC(29) PSYoungGen: 1894985K->68329K(1970688K)
[16.798s][info ][gc,heap        ] GC(29) ParOldGen: 145379K->148611K(207872K)
[16.798s][info ][gc,metaspace   ] GC(29) Metaspace: 61962K->61962K(1105920K)
[16.798s][info ][gc             ] GC(29) Pause Young (Allocation Failure) 1992M->211M(2127M) 21.456ms
[16.798s][info ][gc,cpu         ] GC(29) User=0.09s Sys=0.00s Real=0.02s
[16.799s][info ][safepoint      ] Leaving safepoint region
[16.799s][info ][safepoint      ] Total time for which application threads were stopped: 0.0238515 seconds, Stopping threads took: 0.0020718 seconds
[17.236s][info ][safepoint      ] Application time: 0.4371849 seconds
[17.239s][info ][safepoint      ] Entering safepoint region: ParallelGCFailedAllocation
[17.239s][info ][gc,start       ] GC(30) Pause Young (Allocation Failure)
[17.260s][debug][gc,phases      ] GC(30) Scavenge 20.589ms
[17.260s][debug][gc,ref         ] GC(30) Skipped phase1 of Reference Processing due to unavailable references
[17.260s][debug][gc,ref         ] GC(30) Skipped phase3 of Reference Processing due to unavailable references
[17.260s][debug][gc,phases      ] GC(30) Reference Processing 0.118ms
[17.260s][debug][gc,phases      ] GC(30) Weak Processing 0.201ms
[17.261s][debug][gc,phases      ] GC(30) Scrub String Table 0.515ms
[17.261s][debug][gc,age         ] GC(30) Desired survivor size 123207680 bytes, new threshold 15 (max threshold 15)
[17.261s][info ][gc,heap        ] GC(30) PSYoungGen: 1906921K->65769K(1965056K)
[17.261s][info ][gc,heap        ] GC(30) ParOldGen: 148611K->152915K(207872K)
[17.261s][info ][gc,metaspace   ] GC(30) Metaspace: 62012K->62012K(1105920K)
[17.261s][info ][gc             ] GC(30) Pause Young (Allocation Failure) 2007M->213M(2122M) 21.571ms
[17.261s][info ][gc,cpu         ] GC(30) User=0.11s Sys=0.00s Real=0.03s
[17.261s][info ][safepoint      ] Leaving safepoint region
[17.261s][info ][safepoint      ] Total time for which application threads were stopped: 0.0250212 seconds, Stopping threads took: 0.0031149 seconds
[17.752s][info ][safepoint      ] Application time: 0.4915064 seconds
[17.754s][info ][safepoint      ] Entering safepoint region: ParallelGCFailedAllocation
[17.755s][info ][gc,start       ] GC(31) Pause Young (Allocation Failure)
[17.773s][debug][gc,phases      ] GC(31) Scavenge 17.956ms
[17.773s][debug][gc,ref         ] GC(31) Skipped phase1 of Reference Processing due to unavailable references
[17.773s][debug][gc,ref         ] GC(31) Skipped phase3 of Reference Processing due to unavailable references
[17.773s][debug][gc,phases      ] GC(31) Reference Processing 0.101ms
[17.773s][debug][gc,phases      ] GC(31) Weak Processing 0.162ms
[17.773s][debug][gc,phases      ] GC(31) Scrub String Table 0.448ms
[17.773s][debug][gc,age         ] GC(31) Desired survivor size 117964800 bytes, new threshold 15 (max threshold 15)
[17.773s][info ][gc,heap        ] GC(31) PSYoungGen: 1904361K->64696K(1981952K)
[17.773s][info ][gc,heap        ] GC(31) ParOldGen: 152915K->154392K(207872K)
[17.773s][info ][gc,metaspace   ] GC(31) Metaspace: 62121K->62121K(1105920K)
[17.773s][info ][gc             ] GC(31) Pause Young (Allocation Failure) 2009M->213M(2138M) 18.813ms
[17.773s][info ][gc,cpu         ] GC(31) User=0.07s Sys=0.00s Real=0.02s
[17.774s][info ][safepoint      ] Leaving safepoint region
[17.774s][info ][safepoint      ] Total time for which application threads were stopped: 0.0211989 seconds, Stopping threads took: 0.0021223 seconds
[18.196s][info ][safepoint      ] Application time: 0.4227682 seconds
[18.199s][info ][safepoint      ] Entering safepoint region: ParallelGCFailedAllocation
[18.199s][info ][gc,start       ] GC(32) Pause Young (Allocation Failure)
[18.216s][debug][gc,phases      ] GC(32) Scavenge 16.375ms
[18.216s][debug][gc,ref         ] GC(32) Skipped phase1 of Reference Processing due to unavailable references
[18.216s][debug][gc,ref         ] GC(32) Skipped phase3 of Reference Processing due to unavailable references
[18.216s][debug][gc,phases      ] GC(32) Reference Processing 0.134ms
[18.216s][debug][gc,phases      ] GC(32) Weak Processing 0.182ms
[18.216s][debug][gc,phases      ] GC(32) Scrub String Table 0.466ms
[18.216s][debug][gc,age         ] GC(32) Desired survivor size 113770496 bytes, new threshold 15 (max threshold 15)
[18.216s][info ][gc,heap        ] GC(32) PSYoungGen: 1926328K->62056K(1976832K)
[18.216s][info ][gc,heap        ] GC(32) ParOldGen: 154392K->157463K(207872K)
[18.216s][info ][gc,metaspace   ] GC(32) Metaspace: 62160K->62160K(1105920K)
[18.216s][info ][gc             ] GC(32) Pause Young (Allocation Failure) 2031M->214M(2133M) 17.303ms
[18.217s][info ][gc,cpu         ] GC(32) User=0.08s Sys=0.00s Real=0.02s
[18.217s][info ][safepoint      ] Leaving safepoint region
[18.217s][info ][safepoint      ] Total time for which application threads were stopped: 0.0202026 seconds, Stopping threads took: 0.0025730 seconds
[18.673s][info ][safepoint      ] Application time: 0.4564570 seconds
[18.673s][info ][safepoint      ] Entering safepoint region: ICBufferFull
[18.674s][info ][safepoint      ] Leaving safepoint region
[18.674s][info ][safepoint      ] Total time for which application threads were stopped: 0.0005628 seconds, Stopping threads took: 0.0003067 seconds
[18.707s][info ][safepoint      ] Application time: 0.0329981 seconds
[18.709s][info ][safepoint      ] Entering safepoint region: ParallelGCFailedAllocation
[18.709s][info ][gc,start       ] GC(33) Pause Young (Allocation Failure)
[18.729s][debug][gc,phases      ] GC(33) Scavenge 19.673ms
[18.729s][debug][gc,ref         ] GC(33) Skipped phase1 of Reference Processing due to unavailable references
[18.729s][debug][gc,ref         ] GC(33) Skipped phase3 of Reference Processing due to unavailable references
[18.729s][debug][gc,phases      ] GC(33) Reference Processing 0.086ms
[18.729s][debug][gc,phases      ] GC(33) Weak Processing 0.169ms
[18.729s][debug][gc,phases      ] GC(33) Scrub String Table 0.408ms
[18.729s][debug][gc,age         ] GC(33) Desired survivor size 109576192 bytes, new threshold 15 (max threshold 15)
[18.729s][info ][gc,heap        ] GC(33) PSYoungGen: 1923688K->60968K(1990144K)
[18.729s][info ][gc,heap        ] GC(33) ParOldGen: 157463K->159388K(207872K)
[18.729s][info ][gc,metaspace   ] GC(33) Metaspace: 62198K->62198K(1105920K)
[18.729s][info ][gc             ] GC(33) Pause Young (Allocation Failure) 2032M->215M(2146M) 20.471ms
[18.729s][info ][gc,cpu         ] GC(33) User=0.09s Sys=0.00s Real=0.02s
[18.729s][info ][safepoint      ] Leaving safepoint region
[18.729s][info ][safepoint      ] Total time for which application threads were stopped: 0.0227696 seconds, Stopping threads took: 0.0020948 seconds
[19.168s][info ][safepoint      ] Application time: 0.4383209 seconds
[19.168s][info ][safepoint      ] Entering safepoint region: ParallelGCFailedAllocation
[19.168s][info ][gc,start       ] GC(34) Pause Young (Allocation Failure)
[19.189s][debug][gc,phases      ] GC(34) Scavenge 20.394ms
[19.189s][debug][gc,ref         ] GC(34) Skipped phase1 of Reference Processing due to unavailable references
[19.189s][debug][gc,ref         ] GC(34) Skipped phase3 of Reference Processing due to unavailable references
[19.189s][debug][gc,phases      ] GC(34) Reference Processing 0.062ms
[19.189s][debug][gc,phases      ] GC(34) Weak Processing 0.127ms
[19.189s][debug][gc,phases      ] GC(34) Scrub String Table 0.388ms
[19.189s][debug][gc,age         ] GC(34) Desired survivor size 106430464 bytes, new threshold 15 (max threshold 15)
[19.189s][info ][gc,heap        ] GC(34) PSYoungGen: 1940008K->56680K(1986048K)
[19.189s][info ][gc,heap        ] GC(34) ParOldGen: 159388K->166101K(207872K)
[19.189s][info ][gc,metaspace   ] GC(34) Metaspace: 62257K->62257K(1105920K)
[19.189s][info ][gc             ] GC(34) Pause Young (Allocation Failure) 2050M->217M(2142M) 21.086ms
[19.189s][info ][gc,cpu         ] GC(34) User=0.08s Sys=0.00s Real=0.02s
[19.189s][info ][safepoint      ] Leaving safepoint region
[19.189s][info ][safepoint      ] Total time for which application threads were stopped: 0.0215127 seconds, Stopping threads took: 0.0001364 seconds
[19.550s][info ][safepoint      ] Application time: 0.3605246 seconds
[19.552s][info ][safepoint      ] Entering safepoint region: ICBufferFull
[19.552s][info ][safepoint      ] Leaving safepoint region
[19.552s][info ][safepoint      ] Total time for which application threads were stopped: 0.0022455 seconds, Stopping threads took: 0.0020199 seconds
[19.708s][info ][safepoint      ] Application time: 0.1560627 seconds
[19.708s][info ][safepoint      ] Entering safepoint region: ParallelGCFailedAllocation
[19.709s][info ][gc,start       ] GC(35) Pause Young (Allocation Failure)
[19.727s][debug][gc,phases      ] GC(35) Scavenge 18.057ms
[19.727s][debug][gc,ref         ] GC(35) Skipped phase1 of Reference Processing due to unavailable references
[19.727s][debug][gc,ref         ] GC(35) Skipped phase3 of Reference Processing due to unavailable references
[19.727s][debug][gc,phases      ] GC(35) Reference Processing 0.085ms
[19.727s][debug][gc,phases      ] GC(35) Weak Processing 0.147ms
[19.727s][debug][gc,phases      ] GC(35) Scrub String Table 0.377ms
[19.727s][debug][gc,age         ] GC(35) Desired survivor size 104857600 bytes, new threshold 15 (max threshold 15)
[19.727s][info ][gc,heap        ] GC(35) PSYoungGen: 1935720K->50072K(1994752K)
[19.727s][info ][gc,heap        ] GC(35) ParOldGen: 166101K->174819K(207872K)
[19.727s][info ][gc,metaspace   ] GC(35) Metaspace: 62303K->62303K(1105920K)
[19.727s][info ][gc             ] GC(35) Pause Young (Allocation Failure) 2052M->219M(2151M) 18.793ms
[19.727s][info ][gc,cpu         ] GC(35) User=0.08s Sys=0.01s Real=0.01s
[19.727s][info ][safepoint      ] Leaving safepoint region
[19.727s][info ][safepoint      ] Total time for which application threads were stopped: 0.0191522 seconds, Stopping threads took: 0.0001529 seconds
[20.297s][info ][safepoint      ] Application time: 0.5694144 seconds
[20.300s][info ][safepoint      ] Entering safepoint region: ParallelGCFailedAllocation
[20.300s][info ][gc,start       ] GC(36) Pause Young (Allocation Failure)
[20.326s][debug][gc,phases      ] GC(36) Scavenge 25.544ms
[20.326s][debug][gc,ref         ] GC(36) Skipped phase1 of Reference Processing due to unavailable references
[20.326s][debug][gc,ref         ] GC(36) Skipped phase3 of Reference Processing due to unavailable references
[20.326s][debug][gc,phases      ] GC(36) Reference Processing 0.071ms
[20.326s][debug][gc,phases      ] GC(36) Weak Processing 0.152ms
[20.326s][debug][gc,phases      ] GC(36) Scrub String Table 0.407ms
[20.326s][debug][gc,age         ] GC(36) Desired survivor size 103284736 bytes, new threshold 15 (max threshold 15)
[20.326s][info ][gc,heap        ] GC(36) PSYoungGen: 1940888K->49560K(1993216K)
[20.327s][info ][gc,heap        ] GC(36) ParOldGen: 174819K->184845K(207872K)
[20.327s][info ][gc,metaspace   ] GC(36) Metaspace: 62377K->62377K(1105920K)
[20.327s][info ][gc             ] GC(36) Pause Young (Allocation Failure) 2066M->228M(2149M) 26.317ms
[20.327s][info ][gc,cpu         ] GC(36) User=0.11s Sys=0.00s Real=0.02s
[20.327s][info ][safepoint      ] Leaving safepoint region
[20.327s][info ][safepoint      ] Total time for which application threads were stopped: 0.0297576 seconds, Stopping threads took: 0.0031650 seconds
[20.820s][info ][safepoint      ] Application time: 0.4933097 seconds
[20.822s][info ][safepoint      ] Entering safepoint region: ParallelGCFailedAllocation
[20.822s][info ][gc,start       ] GC(37) Pause Young (Allocation Failure)
[20.842s][debug][gc,phases      ] GC(37) Scavenge 20.005ms
[20.842s][debug][gc,ref         ] GC(37) Skipped phase1 of Reference Processing due to unavailable references
[20.842s][debug][gc,ref         ] GC(37) Skipped phase3 of Reference Processing due to unavailable references
[20.842s][debug][gc,phases      ] GC(37) Reference Processing 0.062ms
[20.843s][debug][gc,phases      ] GC(37) Weak Processing 0.301ms
[20.843s][debug][gc,phases      ] GC(37) Scrub String Table 0.398ms
[20.843s][debug][gc,age         ] GC(37) Desired survivor size 103284736 bytes, new threshold 15 (max threshold 15)
[20.843s][info ][gc,heap        ] GC(37) PSYoungGen: 1940376K->39128K(1996288K)
[20.843s][info ][gc,heap        ] GC(37) ParOldGen: 184845K->196299K(207872K)
[20.843s][info ][gc,metaspace   ] GC(37) Metaspace: 62415K->62415K(1105920K)
[20.843s][info ][gc             ] GC(37) Pause Young (Allocation Failure) 2075M->229M(2152M) 20.895ms
[20.843s][info ][gc,cpu         ] GC(37) User=0.08s Sys=0.00s Real=0.02s
[20.843s][debug][gc,phases      ] GC(38) Pre Compact 0.009ms
[20.843s][info ][gc,start       ] GC(38) Pause Full (Ergonomics)
[20.843s][info ][gc,phases,start] GC(38) Marking Phase
[20.928s][debug][gc,phases      ] GC(38) Par Mark 84.323ms
[20.928s][debug][gc,ref         ] GC(38) Skipped phase1 of Reference Processing due to unavailable references
[20.928s][debug][gc,ref         ] GC(38) Skipped phase3 of Reference Processing due to unavailable references
[20.928s][debug][gc,phases      ] GC(38) Reference Processing 0.251ms
[20.928s][debug][gc,phases      ] GC(38) Weak Processing 0.135ms
[20.930s][debug][gc,phases      ] GC(38) ClassLoaderData 1.213ms
[20.930s][debug][gc,phases      ] GC(38) Dictionary 0.018ms
[20.930s][debug][gc,phases      ] GC(38) ProtectionDomainCacheTable 0.002ms
[20.930s][debug][gc,phases      ] GC(38) ResolvedMethodTable 0.109ms
[20.954s][debug][gc,phases      ] GC(38) Class Unloading 25.617ms
[20.955s][debug][gc,phases      ] GC(38) Scrub String Table 0.446ms
[20.959s][debug][gc,phases      ] GC(38) Scrub Symbol Table 4.614ms
[20.959s][info ][gc,phases      ] GC(38) Marking Phase 116.056ms
[20.959s][info ][gc,phases,start] GC(38) Summary Phase
[20.959s][info ][gc,phases      ] GC(38) Summary Phase 0.008ms
[20.959s][info ][gc,phases,start] GC(38) Adjust Roots
[20.985s][info ][gc,phases      ] GC(38) Adjust Roots 26.143ms
[20.985s][info ][gc,phases,start] GC(38) Compaction Phase
[21.442s][info ][gc,phases      ] GC(38) Compaction Phase 456.366ms
[21.442s][info ][gc,phases,start] GC(38) Post Compact
[21.443s][info ][gc,phases      ] GC(38) Post Compact 1.006ms
[21.443s][info ][gc,heap        ] GC(38) PSYoungGen: 39128K->22384K(1996288K)
[21.443s][info ][gc,heap        ] GC(38) ParOldGen: 196299K->207603K(254976K)
[21.443s][info ][gc,metaspace   ] GC(38) Metaspace: 62415K->62414K(1105920K)
[21.443s][info ][gc             ] GC(38) Pause Full (Ergonomics) 229M->224M(2198M) 599.821ms
[21.443s][info ][gc,cpu         ] GC(38) User=2.19s Sys=0.01s Real=0.60s
[21.443s][info ][safepoint      ] Leaving safepoint region
[21.443s][info ][safepoint      ] Total time for which application threads were stopped: 0.6230624 seconds, Stopping threads took: 0.0020828 seconds
[21.456s][info ][safepoint      ] Application time: 0.0130045 seconds
[21.456s][info ][safepoint      ] Entering safepoint region: ICBufferFull
[21.456s][info ][safepoint      ] Leaving safepoint region
[21.456s][info ][safepoint      ] Total time for which application threads were stopped: 0.0003622 seconds, Stopping threads took: 0.0000977 seconds
[21.556s][info ][safepoint      ] Application time: 0.0991736 seconds
[21.558s][info ][safepoint      ] Entering safepoint region: ICBufferFull
[21.558s][info ][safepoint      ] Leaving safepoint region
[21.558s][info ][safepoint      ] Total time for which application threads were stopped: 0.0024218 seconds, Stopping threads took: 0.0021448 seconds
[21.967s][info ][safepoint      ] Application time: 0.4086175 seconds
[21.969s][info ][safepoint      ] Entering safepoint region: ParallelGCFailedAllocation
[21.969s][info ][gc,start       ] GC(39) Pause Young (Allocation Failure)
[22.005s][debug][gc,phases      ] GC(39) Scavenge 36.187ms
[22.005s][debug][gc,ref         ] GC(39) Skipped phase1 of Reference Processing due to unavailable references
[22.005s][debug][gc,ref         ] GC(39) Skipped phase3 of Reference Processing due to unavailable references
[22.005s][debug][gc,ref         ] GC(39) Skipped phase4 of Reference Processing due to unavailable references
[22.005s][debug][gc,phases      ] GC(39) Reference Processing 0.030ms
[22.005s][debug][gc,phases      ] GC(39) Weak Processing 0.142ms
[22.006s][debug][gc,phases      ] GC(39) Scrub String Table 0.392ms
[22.006s][debug][gc,age         ] GC(39) Desired survivor size 105381888 bytes, new threshold 15 (max threshold 15)
[22.006s][info ][gc,heap        ] GC(39) PSYoungGen: 1917808K->21352K(1916928K)
[22.006s][info ][gc,heap        ] GC(39) ParOldGen: 207603K->209584K(254976K)
[22.006s][info ][gc,metaspace   ] GC(39) Metaspace: 62420K->62420K(1105920K)
[22.006s][info ][gc             ] GC(39) Pause Young (Allocation Failure) 2075M->225M(2121M) 36.877ms
[22.006s][info ][gc,cpu         ] GC(39) User=0.16s Sys=0.00s Real=0.03s
[22.006s][info ][safepoint      ] Leaving safepoint region
[22.006s][info ][safepoint      ] Total time for which application threads were stopped: 0.0392403 seconds, Stopping threads took: 0.0020761 seconds
[22.269s][info ][safepoint      ] Application time: 0.2632350 seconds
[22.269s][info ][safepoint      ] Entering safepoint region: ICBufferFull
[22.270s][info ][safepoint      ] Leaving safepoint region
[22.270s][info ][safepoint      ] Total time for which application threads were stopped: 0.0004000 seconds, Stopping threads took: 0.0001568 seconds
[22.486s][info ][safepoint      ] Application time: 0.2158765 seconds
[22.488s][info ][safepoint      ] Entering safepoint region: ICBufferFull
[22.488s][info ][safepoint      ] Leaving safepoint region
[22.488s][info ][safepoint      ] Total time for which application threads were stopped: 0.0027678 seconds, Stopping threads took: 0.0025486 seconds
[22.592s][info ][safepoint      ] Application time: 0.1032425 seconds
[22.594s][info ][safepoint      ] Entering safepoint region: ParallelGCFailedAllocation
[22.594s][info ][gc,start       ] GC(40) Pause Young (Allocation Failure)
[22.605s][debug][gc,phases      ] GC(40) Scavenge 10.236ms
[22.605s][debug][gc,ref         ] GC(40) Skipped phase1 of Reference Processing due to unavailable references
[22.605s][debug][gc,ref         ] GC(40) Skipped phase3 of Reference Processing due to unavailable references
[22.605s][debug][gc,phases      ] GC(40) Reference Processing 0.028ms
[22.605s][debug][gc,phases      ] GC(40) Weak Processing 0.125ms
[22.605s][debug][gc,phases      ] GC(40) Scrub String Table 0.373ms
[22.605s][debug][gc,age         ] GC(40) Desired survivor size 106430464 bytes, new threshold 15 (max threshold 15)
[22.605s][info ][gc,heap        ] GC(40) PSYoungGen: 1916776K->20544K(1992192K)
[22.605s][info ][gc,heap        ] GC(40) ParOldGen: 209584K->211272K(254976K)
[22.605s][info ][gc,metaspace   ] GC(40) Metaspace: 62431K->62431K(1105920K)
[22.605s][info ][gc             ] GC(40) Pause Young (Allocation Failure) 2076M->226M(2194M) 10.871ms
[22.605s][info ][gc,cpu         ] GC(40) User=0.04s Sys=0.00s Real=0.01s
[22.605s][info ][safepoint      ] Leaving safepoint region
[22.605s][info ][safepoint      ] Total time for which application threads were stopped: 0.0136088 seconds, Stopping threads took: 0.0024749 seconds
[23.132s][info ][safepoint      ] Application time: 0.5267998 seconds
[23.134s][info ][safepoint      ] Entering safepoint region: RevokeBias
[23.134s][info ][safepoint      ] Leaving safepoint region
[23.134s][info ][safepoint      ] Total time for which application threads were stopped: 0.0024006 seconds, Stopping threads took: 0.0021569 seconds
[23.139s][info ][safepoint      ] Application time: 0.0050316 seconds
[23.140s][info ][safepoint      ] Entering safepoint region: RevokeBias
[23.140s][info ][safepoint      ] Leaving safepoint region
[23.140s][info ][safepoint      ] Total time for which application threads were stopped: 0.0002935 seconds, Stopping threads took: 0.0001449 seconds
[23.155s][info ][safepoint      ] Application time: 0.0148392 seconds
[23.157s][info ][safepoint      ] Entering safepoint region: RevokeBias
[23.157s][info ][safepoint      ] Leaving safepoint region
[23.157s][info ][safepoint      ] Total time for which application threads were stopped: 0.0022205 seconds, Stopping threads took: 0.0020853 seconds
[23.158s][info ][safepoint      ] Application time: 0.0007512 seconds
[23.160s][info ][safepoint      ] Entering safepoint region: RevokeBias
[23.160s][info ][safepoint      ] Leaving safepoint region
[23.160s][info ][safepoint      ] Total time for which application threads were stopped: 0.0022157 seconds, Stopping threads took: 0.0021333 seconds
[23.176s][info ][safepoint      ] Application time: 0.0161477 seconds
[23.178s][info ][safepoint      ] Entering safepoint region: ParallelGCFailedAllocation
[23.178s][info ][gc,start       ] GC(41) Pause Young (Allocation Failure)
[23.188s][debug][gc,phases      ] GC(41) Scavenge 9.720ms
[23.188s][debug][gc,ref         ] GC(41) Skipped phase1 of Reference Processing due to unavailable references
[23.188s][debug][gc,ref         ] GC(41) Skipped phase3 of Reference Processing due to unavailable references
[23.188s][debug][gc,phases      ] GC(41) Reference Processing 0.039ms
[23.188s][debug][gc,phases      ] GC(41) Weak Processing 0.145ms
[23.189s][debug][gc,phases      ] GC(41) Scrub String Table 0.397ms
[23.189s][debug][gc,age         ] GC(41) Desired survivor size 106954752 bytes, new threshold 15 (max threshold 15)
[23.189s][info ][gc,heap        ] GC(41) PSYoungGen: 1909824K->18112K(1907712K)
[23.189s][info ][gc,heap        ] GC(41) ParOldGen: 211272K->214873K(254976K)
[23.189s][info ][gc,metaspace   ] GC(41) Metaspace: 62923K->62923K(1105920K)
[23.189s][info ][gc             ] GC(41) Pause Young (Allocation Failure) 2071M->227M(2112M) 10.423ms
[23.189s][info ][gc,cpu         ] GC(41) User=0.04s Sys=0.00s Real=0.02s
[23.189s][info ][safepoint      ] Leaving safepoint region
[23.189s][info ][safepoint      ] Total time for which application threads were stopped: 0.0126879 seconds, Stopping threads took: 0.0020899 seconds
[23.218s][info ][safepoint      ] Application time: 0.0288620 seconds
[23.218s][info ][safepoint      ] Entering safepoint region: BulkRevokeBias
[23.219s][info ][safepoint      ] Leaving safepoint region
[23.219s][info ][safepoint      ] Total time for which application threads were stopped: 0.0010032 seconds, Stopping threads took: 0.0001713 seconds
[23.231s][info ][safepoint      ] Application time: 0.0119517 seconds
[23.233s][info ][safepoint      ] Entering safepoint region: RevokeBias
[23.233s][info ][safepoint      ] Leaving safepoint region
[23.233s][info ][safepoint      ] Total time for which application threads were stopped: 0.0023366 seconds, Stopping threads took: 0.0021688 seconds
[23.266s][info ][safepoint      ] Application time: 0.0325744 seconds
[23.266s][info ][safepoint      ] Entering safepoint region: RevokeBias
[23.267s][info ][safepoint      ] Leaving safepoint region
[23.267s][info ][safepoint      ] Total time for which application threads were stopped: 0.0009170 seconds, Stopping threads took: 0.0007398 seconds
[23.270s][info ][safepoint      ] Application time: 0.0034724 seconds
[23.272s][info ][safepoint      ] Entering safepoint region: RevokeBias
[23.272s][info ][safepoint      ] Leaving safepoint region
[23.272s][info ][safepoint      ] Total time for which application threads were stopped: 0.0021748 seconds, Stopping threads took: 0.0020714 seconds
[23.803s][info ][safepoint      ] Application time: 0.5307318 seconds
[23.805s][info ][safepoint      ] Entering safepoint region: ParallelGCFailedAllocation
[23.805s][info ][gc,start       ] GC(42) Pause Young (Allocation Failure)
[23.815s][debug][gc,phases      ] GC(42) Scavenge 10.090ms
[23.815s][debug][gc,ref         ] GC(42) Skipped phase1 of Reference Processing due to unavailable references
[23.815s][debug][gc,ref         ] GC(42) Skipped phase3 of Reference Processing due to unavailable references
[23.816s][debug][gc,phases      ] GC(42) Reference Processing 0.052ms
[23.816s][debug][gc,phases      ] GC(42) Weak Processing 0.140ms
[23.816s][debug][gc,phases      ] GC(42) Scrub String Table 0.433ms
[23.816s][debug][gc,age         ] GC(42) Desired survivor size 106954752 bytes, new threshold 15 (max threshold 15)
[23.816s][info ][gc,heap        ] GC(42) PSYoungGen: 1907392K->17312K(1992704K)
[23.816s][info ][gc,heap        ] GC(42) ParOldGen: 214873K->217093K(254976K)
[23.816s][info ][gc,metaspace   ] GC(42) Metaspace: 64156K->64156K(1107968K)
[23.816s][info ][gc             ] GC(42) Pause Young (Allocation Failure) 2072M->228M(2195M) 10.833ms
[23.816s][info ][gc,cpu         ] GC(42) User=0.04s Sys=0.00s Real=0.01s
[23.816s][info ][safepoint      ] Leaving safepoint region
[23.816s][info ][safepoint      ] Total time for which application threads were stopped: 0.0131864 seconds, Stopping threads took: 0.0021438 seconds
[23.994s][info ][safepoint      ] Application time: 0.1778427 seconds
[23.996s][info ][safepoint      ] Entering safepoint region: RevokeBias
[23.997s][info ][safepoint      ] Leaving safepoint region
[23.997s][info ][safepoint      ] Total time for which application threads were stopped: 0.0024820 seconds, Stopping threads took: 0.0022600 seconds
[24.285s][info ][safepoint      ] Application time: 0.2885556 seconds
[24.287s][info ][safepoint      ] Entering safepoint region: RevokeBias
[24.287s][info ][safepoint      ] Leaving safepoint region
[24.287s][info ][safepoint      ] Total time for which application threads were stopped: 0.0022046 seconds, Stopping threads took: 0.0020689 seconds
[24.396s][info ][safepoint      ] Application time: 0.1081865 seconds
[24.398s][info ][safepoint      ] Entering safepoint region: RevokeBias
[24.398s][info ][safepoint      ] Leaving safepoint region
[24.398s][info ][safepoint      ] Total time for which application threads were stopped: 0.0023211 seconds, Stopping threads took: 0.0021356 seconds
[24.398s][info ][safepoint      ] Application time: 0.0000426 seconds
[24.398s][info ][safepoint      ] Entering safepoint region: RevokeBias
[24.398s][info ][safepoint      ] Leaving safepoint region
[24.398s][info ][safepoint      ] Total time for which application threads were stopped: 0.0001467 seconds, Stopping threads took: 0.0000600 seconds
[24.398s][info ][safepoint      ] Application time: 0.0000375 seconds
[24.398s][info ][safepoint      ] Entering safepoint region: RevokeBias
[24.398s][info ][safepoint      ] Leaving safepoint region
[24.398s][info ][safepoint      ] Total time for which application threads were stopped: 0.0001221 seconds, Stopping threads took: 0.0000453 seconds
[24.405s][info ][safepoint      ] Application time: 0.0068587 seconds
[24.408s][info ][safepoint      ] Entering safepoint region: RevokeBias
[24.408s][info ][safepoint      ] Leaving safepoint region
[24.408s][info ][safepoint      ] Total time for which application threads were stopped: 0.0026478 seconds, Stopping threads took: 0.0025037 seconds
[24.408s][info ][safepoint      ] Application time: 0.0000376 seconds
[24.408s][info ][safepoint      ] Entering safepoint region: RevokeBias
[24.408s][info ][safepoint      ] Leaving safepoint region
[24.408s][info ][safepoint      ] Total time for which application threads were stopped: 0.0001305 seconds, Stopping threads took: 0.0000541 seconds
[24.419s][info ][safepoint      ] Application time: 0.0105965 seconds
[24.419s][info ][safepoint      ] Entering safepoint region: RevokeBias
[24.420s][info ][safepoint      ] Leaving safepoint region
[24.420s][info ][safepoint      ] Total time for which application threads were stopped: 0.0009287 seconds, Stopping threads took: 0.0008165 seconds
[24.481s][info ][safepoint      ] Application time: 0.0610005 seconds
[24.481s][info ][safepoint      ] Entering safepoint region: RevokeBias
[24.481s][info ][safepoint      ] Leaving safepoint region
[24.481s][info ][safepoint      ] Total time for which application threads were stopped: 0.0001777 seconds, Stopping threads took: 0.0000322 seconds
[24.488s][info ][safepoint      ] Application time: 0.0074961 seconds
[24.488s][info ][safepoint      ] Entering safepoint region: RevokeBias
[24.488s][info ][safepoint      ] Leaving safepoint region
[24.488s][info ][safepoint      ] Total time for which application threads were stopped: 0.0000996 seconds, Stopping threads took: 0.0000281 seconds
[24.614s][info ][safepoint      ] Application time: 0.1253599 seconds
[24.614s][info ][safepoint      ] Entering safepoint region: Deoptimize
[24.616s][info ][safepoint      ] Leaving safepoint region
[24.616s][info ][safepoint      ] Total time for which application threads were stopped: 0.0018238 seconds, Stopping threads took: 0.0000306 seconds
[24.634s][info ][safepoint      ] Application time: 0.0182140 seconds
[24.634s][info ][safepoint      ] Entering safepoint region: RevokeBias
[24.634s][info ][safepoint      ] Leaving safepoint region
[24.634s][info ][safepoint      ] Total time for which application threads were stopped: 0.0001537 seconds, Stopping threads took: 0.0000524 seconds
[24.635s][info ][safepoint      ] Application time: 0.0012973 seconds
[24.635s][info ][safepoint      ] Entering safepoint region: RevokeBias
[24.635s][info ][safepoint      ] Leaving safepoint region
[24.635s][info ][safepoint      ] Total time for which application threads were stopped: 0.0000957 seconds, Stopping threads took: 0.0000484 seconds
[24.635s][info ][safepoint      ] Application time: 0.0000507 seconds
[24.635s][info ][safepoint      ] Entering safepoint region: RevokeBias
[24.636s][info ][safepoint      ] Leaving safepoint region
[24.636s][info ][safepoint      ] Total time for which application threads were stopped: 0.0000506 seconds, Stopping threads took: 0.0000233 seconds
[24.636s][info ][safepoint      ] Application time: 0.0000285 seconds
[24.636s][info ][safepoint      ] Entering safepoint region: RevokeBias
[24.636s][info ][safepoint      ] Leaving safepoint region
[24.636s][info ][safepoint      ] Total time for which application threads were stopped: 0.0000563 seconds, Stopping threads took: 0.0000309 seconds
[24.685s][info ][safepoint      ] Application time: 0.0494168 seconds
[24.685s][info ][safepoint      ] Entering safepoint region: ICBufferFull
[24.686s][info ][safepoint      ] Leaving safepoint region
[24.686s][info ][safepoint      ] Total time for which application threads were stopped: 0.0004428 seconds, Stopping threads took: 0.0001334 seconds
[24.721s][info ][safepoint      ] Application time: 0.0353411 seconds
[24.721s][info ][safepoint      ] Entering safepoint region: RevokeBias
[24.721s][info ][safepoint      ] Leaving safepoint region
[24.721s][info ][safepoint      ] Total time for which application threads were stopped: 0.0002136 seconds, Stopping threads took: 0.0000984 seconds
[24.764s][info ][safepoint      ] Application time: 0.0430365 seconds
[24.764s][info ][safepoint      ] Entering safepoint region: Deoptimize
[24.766s][info ][safepoint      ] Leaving safepoint region
[24.766s][info ][safepoint      ] Total time for which application threads were stopped: 0.0016643 seconds, Stopping threads took: 0.0000277 seconds
[24.767s][info ][safepoint      ] Application time: 0.0006549 seconds
[24.767s][info ][safepoint      ] Entering safepoint region: RevokeBias
[24.767s][info ][safepoint      ] Leaving safepoint region
[24.767s][info ][safepoint      ] Total time for which application threads were stopped: 0.0000674 seconds, Stopping threads took: 0.0000170 seconds
[24.767s][info ][safepoint      ] Application time: 0.0002711 seconds
[24.767s][info ][safepoint      ] Entering safepoint region: Deoptimize
[24.768s][info ][safepoint      ] Leaving safepoint region
[24.768s][info ][safepoint      ] Total time for which application threads were stopped: 0.0007343 seconds, Stopping threads took: 0.0000416 seconds
[24.771s][info ][safepoint      ] Application time: 0.0030671 seconds
[24.771s][info ][safepoint      ] Entering safepoint region: RevokeBias
[24.771s][info ][safepoint      ] Leaving safepoint region
[24.771s][info ][safepoint      ] Total time for which application threads were stopped: 0.0001058 seconds, Stopping threads took: 0.0000256 seconds
[24.775s][info ][safepoint      ] Application time: 0.0040329 seconds
[24.775s][info ][safepoint      ] Entering safepoint region: RevokeBias
[24.775s][info ][safepoint      ] Leaving safepoint region
[24.775s][info ][safepoint      ] Total time for which application threads were stopped: 0.0000496 seconds, Stopping threads took: 0.0000071 seconds
[24.780s][info ][safepoint      ] Application time: 0.0047003 seconds
[24.780s][info ][safepoint      ] Entering safepoint region: RevokeBias
[24.780s][info ][safepoint      ] Leaving safepoint region
[24.780s][info ][safepoint      ] Total time for which application threads were stopped: 0.0000782 seconds, Stopping threads took: 0.0000150 seconds
[24.781s][info ][safepoint      ] Application time: 0.0013092 seconds
[24.781s][info ][safepoint      ] Entering safepoint region: RevokeBias
[24.781s][info ][safepoint      ] Leaving safepoint region
[24.781s][info ][safepoint      ] Total time for which application threads were stopped: 0.0000461 seconds, Stopping threads took: 0.0000056 seconds
[24.945s][info ][safepoint      ] Application time: 0.1636880 seconds
[24.945s][info ][safepoint      ] Entering safepoint region: ParallelGCFailedAllocation
[24.945s][info ][gc,start       ] GC(43) Pause Young (Allocation Failure)
[24.959s][debug][gc,phases      ] GC(43) Scavenge 13.354ms
[24.959s][debug][gc,ref         ] GC(43) Skipped phase1 of Reference Processing due to unavailable references
[24.959s][debug][gc,ref         ] GC(43) Skipped phase3 of Reference Processing due to unavailable references
[24.959s][debug][gc,phases      ] GC(43) Reference Processing 0.065ms
[24.959s][debug][gc,phases      ] GC(43) Weak Processing 0.166ms
[24.959s][debug][gc,phases      ] GC(43) Scrub String Table 0.572ms
[24.959s][debug][gc,age         ] GC(43) Desired survivor size 106430464 bytes, new threshold 15 (max threshold 15)
[24.959s][info ][gc,heap        ] GC(43) PSYoungGen: 1905568K->12704K(1992704K)
[24.959s][info ][gc,heap        ] GC(43) ParOldGen: 217093K->226490K(254976K)
[24.959s][info ][gc,metaspace   ] GC(43) Metaspace: 69767K->69767K(1112064K)
[24.959s][info ][gc             ] GC(43) Pause Young (Allocation Failure) 2072M->233M(2195M) 14.295ms
[24.959s][info ][gc,cpu         ] GC(43) User=0.05s Sys=0.00s Real=0.01s
[24.959s][info ][safepoint      ] Leaving safepoint region
[24.959s][info ][safepoint      ] Total time for which application threads were stopped: 0.0145814 seconds, Stopping threads took: 0.0000149 seconds
[24.960s][info ][safepoint      ] Application time: 0.0000988 seconds
[24.960s][info ][safepoint      ] Entering safepoint region: RevokeBias
[24.960s][info ][safepoint      ] Leaving safepoint region
[24.960s][info ][safepoint      ] Total time for which application threads were stopped: 0.0001357 seconds, Stopping threads took: 0.0000333 seconds
[25.045s][info ][safepoint      ] Application time: 0.0852653 seconds
[25.045s][info ][safepoint      ] Entering safepoint region: ICBufferFull
[25.045s][info ][safepoint      ] Leaving safepoint region
[25.045s][info ][safepoint      ] Total time for which application threads were stopped: 0.0003107 seconds, Stopping threads took: 0.0000488 seconds
[25.052s][info ][safepoint      ] Application time: 0.0069986 seconds
[25.052s][info ][safepoint      ] Entering safepoint region: Deoptimize
[25.054s][info ][safepoint      ] Leaving safepoint region
[25.054s][info ][safepoint      ] Total time for which application threads were stopped: 0.0017218 seconds, Stopping threads took: 0.0000334 seconds
[25.080s][info ][safepoint      ] Application time: 0.0263316 seconds
[25.081s][info ][safepoint      ] Entering safepoint region: RevokeBias
[25.081s][info ][safepoint      ] Leaving safepoint region
[25.081s][info ][safepoint      ] Total time for which application threads were stopped: 0.0002136 seconds, Stopping threads took: 0.0000553 seconds
[25.176s][info ][safepoint      ] Application time: 0.0953492 seconds
[25.176s][info ][safepoint      ] Entering safepoint region: ICBufferFull
[25.176s][info ][safepoint      ] Leaving safepoint region
[25.176s][info ][safepoint      ] Total time for which application threads were stopped: 0.0002493 seconds, Stopping threads took: 0.0000358 seconds
[25.715s][info ][safepoint      ] Application time: 0.5391594 seconds
[25.716s][info ][safepoint      ] Entering safepoint region: ICBufferFull
[25.716s][info ][safepoint      ] Leaving safepoint region
[25.716s][info ][safepoint      ] Total time for which application threads were stopped: 0.0002376 seconds, Stopping threads took: 0.0000128 seconds
[25.986s][info ][safepoint      ] Application time: 0.2698634 seconds
[25.986s][info ][safepoint      ] Entering safepoint region: ICBufferFull
[25.986s][info ][safepoint      ] Leaving safepoint region
[25.986s][info ][safepoint      ] Total time for which application threads were stopped: 0.0002227 seconds, Stopping threads took: 0.0000284 seconds
[26.230s][info ][safepoint      ] Application time: 0.2442279 seconds
[26.230s][info ][safepoint      ] Entering safepoint region: ICBufferFull
[26.230s][info ][safepoint      ] Leaving safepoint region
[26.230s][info ][safepoint      ] Total time for which application threads were stopped: 0.0002686 seconds, Stopping threads took: 0.0000157 seconds
[26.663s][info ][safepoint      ] Application time: 0.4326895 seconds
[26.663s][info ][safepoint      ] Entering safepoint region: ICBufferFull
[26.663s][info ][safepoint      ] Leaving safepoint region
[26.663s][info ][safepoint      ] Total time for which application threads were stopped: 0.0003310 seconds, Stopping threads took: 0.0000424 seconds
[27.004s][info ][safepoint      ] Application time: 0.3402789 seconds
[27.004s][info ][safepoint      ] Entering safepoint region: ICBufferFull
[27.004s][info ][safepoint      ] Leaving safepoint region
[27.004s][info ][safepoint      ] Total time for which application threads were stopped: 0.0002011 seconds, Stopping threads took: 0.0000119 seconds
[27.802s][info ][safepoint      ] Application time: 0.7984548 seconds
[27.803s][info ][safepoint      ] Entering safepoint region: ICBufferFull
[27.803s][info ][safepoint      ] Leaving safepoint region
[27.803s][info ][safepoint      ] Total time for which application threads were stopped: 0.0002625 seconds, Stopping threads took: 0.0000504 seconds
[28.600s][info ][safepoint      ] Application time: 0.7969837 seconds
[28.600s][info ][safepoint      ] Entering safepoint region: ICBufferFull
[28.600s][info ][safepoint      ] Leaving safepoint region
[28.600s][info ][safepoint      ] Total time for which application threads were stopped: 0.0002240 seconds, Stopping threads took: 0.0000285 seconds
[29.504s][info ][safepoint      ] Application time: 0.9036239 seconds
[29.504s][info ][safepoint      ] Entering safepoint region: ICBufferFull
[29.504s][info ][safepoint      ] Leaving safepoint region
[29.504s][info ][safepoint      ] Total time for which application threads were stopped: 0.0002766 seconds, Stopping threads took: 0.0000331 seconds
[29.640s][info ][safepoint      ] Application time: 0.1355838 seconds
[29.640s][info ][safepoint      ] Entering safepoint region: ICBufferFull
[29.640s][info ][safepoint      ] Leaving safepoint region
[29.640s][info ][safepoint      ] Total time for which application threads were stopped: 0.0003284 seconds, Stopping threads took: 0.0000355 seconds
[29.767s][info ][safepoint      ] Application time: 0.1269998 seconds
[29.767s][info ][safepoint      ] Entering safepoint region: RevokeBias
[29.767s][info ][safepoint      ] Leaving safepoint region
[29.767s][info ][safepoint      ] Total time for which application threads were stopped: 0.0001574 seconds, Stopping threads took: 0.0000128 seconds
[29.767s][info ][safepoint      ] Application time: 0.0000675 seconds
[29.767s][info ][safepoint      ] Entering safepoint region: RevokeBias
[29.767s][info ][safepoint      ] Leaving safepoint region
[29.767s][info ][safepoint      ] Total time for which application threads were stopped: 0.0000202 seconds, Stopping threads took: 0.0000038 seconds
[30.038s][info ][safepoint      ] Application time: 0.2703429 seconds
[30.038s][info ][safepoint      ] Entering safepoint region: ICBufferFull
[30.038s][info ][safepoint      ] Leaving safepoint region
[30.038s][info ][safepoint      ] Total time for which application threads were stopped: 0.0002210 seconds, Stopping threads took: 0.0000130 seconds
[30.582s][info ][safepoint      ] Application time: 0.5442117 seconds
[30.582s][info ][safepoint      ] Entering safepoint region: ICBufferFull
[30.582s][info ][safepoint      ] Leaving safepoint region
[30.582s][info ][safepoint      ] Total time for which application threads were stopped: 0.0002271 seconds, Stopping threads took: 0.0000130 seconds
[31.491s][info ][safepoint      ] Application time: 0.9086727 seconds
[31.491s][info ][safepoint      ] Entering safepoint region: ICBufferFull
[31.491s][info ][safepoint      ] Leaving safepoint region
[31.491s][info ][safepoint      ] Total time for which application threads were stopped: 0.0002217 seconds, Stopping threads took: 0.0000131 seconds
[32.088s][info ][safepoint      ] Application time: 0.5968254 seconds
[32.088s][info ][safepoint      ] Entering safepoint region: ParallelGCFailedAllocation
[32.088s][info ][gc,start       ] GC(44) Pause Young (Allocation Failure)
[32.108s][debug][gc,phases      ] GC(44) Scavenge 19.812ms
[32.108s][debug][gc,ref         ] GC(44) Skipped phase1 of Reference Processing due to unavailable references
[32.108s][debug][gc,ref         ] GC(44) Skipped phase3 of Reference Processing due to unavailable references
[32.108s][debug][gc,phases      ] GC(44) Reference Processing 0.085ms
[32.108s][debug][gc,phases      ] GC(44) Weak Processing 0.169ms
[32.109s][debug][gc,phases      ] GC(44) Scrub String Table 0.514ms
[32.109s][debug][gc,age         ] GC(44) Desired survivor size 107479040 bytes, new threshold 15 (max threshold 15)
[32.109s][info ][gc,heap        ] GC(44) PSYoungGen: 1900960K->61277K(1991168K)
[32.109s][info ][gc,heap        ] GC(44) ParOldGen: 226490K->227191K(254976K)
[32.109s][info ][gc,metaspace   ] GC(44) Metaspace: 71583K->71583K(1114112K)
[32.109s][info ][gc             ] GC(44) Pause Young (Allocation Failure) 2077M->281M(2193M) 20.708ms
[32.109s][info ][gc,cpu         ] GC(44) User=0.08s Sys=0.00s Real=0.02s
[32.109s][info ][safepoint      ] Leaving safepoint region
[32.109s][info ][safepoint      ] Total time for which application threads were stopped: 0.0209336 seconds, Stopping threads took: 0.0000134 seconds
[33.109s][info ][safepoint      ] Application time: 1.0000741 seconds
[33.109s][info ][safepoint      ] Entering safepoint region: Cleanup
[33.109s][info ][safepoint      ] Leaving safepoint region
[33.109s][info ][safepoint      ] Total time for which application threads were stopped: 0.0001866 seconds, Stopping threads took: 0.0000145 seconds
[34.109s][info ][safepoint      ] Application time: 1.0000842 seconds
[34.109s][info ][safepoint      ] Entering safepoint region: Cleanup
[34.110s][info ][safepoint      ] Leaving safepoint region
[34.110s][info ][safepoint      ] Total time for which application threads were stopped: 0.0001733 seconds, Stopping threads took: 0.0000145 seconds
[34.767s][info ][safepoint      ] Application time: 0.6577692 seconds
[34.767s][info ][safepoint      ] Entering safepoint region: RevokeBias
[34.768s][info ][safepoint      ] Leaving safepoint region
[34.768s][info ][safepoint      ] Total time for which application threads were stopped: 0.0001361 seconds, Stopping threads took: 0.0000135 seconds
[34.769s][info ][safepoint      ] Application time: 0.0010028 seconds
[34.769s][info ][safepoint      ] Entering safepoint region: RevokeBias
[34.769s][info ][safepoint      ] Leaving safepoint region
[34.769s][info ][safepoint      ] Total time for which application threads were stopped: 0.0000310 seconds, Stopping threads took: 0.0000050 seconds
[34.769s][info ][safepoint      ] Application time: 0.0002168 seconds
[34.769s][info ][safepoint      ] Entering safepoint region: RevokeBias
[34.769s][info ][safepoint      ] Leaving safepoint region
[34.769s][info ][safepoint      ] Total time for which application threads were stopped: 0.0000201 seconds, Stopping threads took: 0.0000041 seconds
[34.769s][info ][safepoint      ] Application time: 0.0000340 seconds
[34.769s][info ][safepoint      ] Entering safepoint region: RevokeBias
[34.769s][info ][safepoint      ] Leaving safepoint region
[34.769s][info ][safepoint      ] Total time for which application threads were stopped: 0.0000173 seconds, Stopping threads took: 0.0000034 seconds
[34.769s][info ][safepoint      ] Application time: 0.0000656 seconds
[34.769s][info ][safepoint      ] Entering safepoint region: RevokeBias
[34.769s][info ][safepoint      ] Leaving safepoint region
[34.769s][info ][safepoint      ] Total time for which application threads were stopped: 0.0000182 seconds, Stopping threads took: 0.0000036 seconds
[34.769s][info ][safepoint      ] Application time: 0.0001079 seconds
[34.769s][info ][safepoint      ] Entering safepoint region: RevokeBias
[34.769s][info ][safepoint      ] Leaving safepoint region
[34.769s][info ][safepoint      ] Total time for which application threads were stopped: 0.0000241 seconds, Stopping threads took: 0.0000054 seconds
[35.769s][info ][safepoint      ] Application time: 1.0000729 seconds
[35.769s][info ][safepoint      ] Entering safepoint region: Cleanup
[35.769s][info ][safepoint      ] Leaving safepoint region
[35.769s][info ][safepoint      ] Total time for which application threads were stopped: 0.0001338 seconds, Stopping threads took: 0.0000148 seconds
[36.207s][info ][safepoint      ] Application time: 0.4377974 seconds
[36.207s][info ][safepoint      ] Entering safepoint region: ICBufferFull
[36.207s][info ][safepoint      ] Leaving safepoint region
[36.207s][info ][safepoint      ] Total time for which application threads were stopped: 0.0002526 seconds, Stopping threads took: 0.0000125 seconds
[37.208s][info ][safepoint      ] Application time: 1.0000805 seconds
[37.208s][info ][safepoint      ] Entering safepoint region: Cleanup
[37.208s][info ][safepoint      ] Leaving safepoint region
[37.208s][info ][safepoint      ] Total time for which application threads were stopped: 0.0001603 seconds, Stopping threads took: 0.0000145 seconds
[38.208s][info ][safepoint      ] Application time: 1.0000635 seconds
[38.208s][info ][safepoint      ] Entering safepoint region: Cleanup
[38.208s][info ][safepoint      ] Leaving safepoint region
[38.208s][info ][safepoint      ] Total time for which application threads were stopped: 0.0001172 seconds, Stopping threads took: 0.0000141 seconds
[39.208s][info ][safepoint      ] Application time: 1.0000685 seconds
[39.208s][info ][safepoint      ] Entering safepoint region: Cleanup
[39.208s][info ][safepoint      ] Leaving safepoint region
[39.208s][info ][safepoint      ] Total time for which application threads were stopped: 0.0000966 seconds, Stopping threads took: 0.0000127 seconds
[40.208s][info ][safepoint      ] Application time: 1.0000761 seconds
[40.208s][info ][safepoint      ] Entering safepoint region: Cleanup
[40.208s][info ][safepoint      ] Leaving safepoint region
[40.208s][info ][safepoint      ] Total time for which application threads were stopped: 0.0001480 seconds, Stopping threads took: 0.0000123 seconds
[41.170s][info ][safepoint      ] Application time: 0.9614229 seconds
[41.170s][info ][safepoint      ] Entering safepoint region: ParallelGCFailedAllocation
[41.170s][info ][gc,start       ] GC(45) Pause Young (Allocation Failure)
[41.186s][debug][gc,phases      ] GC(45) Scavenge 15.865ms
[41.186s][debug][gc,ref         ] GC(45) Skipped phase1 of Reference Processing due to unavailable references
[41.186s][debug][gc,phases      ] GC(45) Reference Processing 0.130ms
[41.186s][debug][gc,phases      ] GC(45) Weak Processing 0.202ms
[41.187s][debug][gc,phases      ] GC(45) Scrub String Table 0.661ms
[41.187s][debug][gc,age         ] GC(45) Desired survivor size 108003328 bytes, new threshold 15 (max threshold 15)
[41.187s][info ][gc,heap        ] GC(45) PSYoungGen: 1948509K->61291K(1948672K)
[41.187s][info ][gc,heap        ] GC(45) ParOldGen: 227191K->227327K(254976K)
[41.187s][info ][gc,metaspace   ] GC(45) Metaspace: 71972K->71972K(1114112K)
[41.187s][info ][gc             ] GC(45) Pause Young (Allocation Failure) 2124M->281M(2152M) 17.012ms
[41.187s][info ][gc,cpu         ] GC(45) User=0.07s Sys=0.00s Real=0.01s
[41.187s][info ][safepoint      ] Leaving safepoint region
[41.187s][info ][safepoint      ] Total time for which application threads were stopped: 0.0172161 seconds, Stopping threads took: 0.0000129 seconds
[42.187s][info ][safepoint      ] Application time: 1.0000796 seconds
[42.187s][info ][safepoint      ] Entering safepoint region: Cleanup
[42.187s][info ][safepoint      ] Leaving safepoint region
[42.187s][info ][safepoint      ] Total time for which application threads were stopped: 0.0001503 seconds, Stopping threads took: 0.0000301 seconds
[43.187s][info ][safepoint      ] Application time: 1.0000720 seconds
[43.187s][info ][safepoint      ] Entering safepoint region: Cleanup
[43.188s][info ][safepoint      ] Leaving safepoint region
[43.188s][info ][safepoint      ] Total time for which application threads were stopped: 0.0001255 seconds, Stopping threads took: 0.0000295 seconds
[44.188s][info ][safepoint      ] Application time: 1.0000742 seconds
[44.188s][info ][safepoint      ] Entering safepoint region: Cleanup
[44.188s][info ][safepoint      ] Leaving safepoint region
[44.188s][info ][safepoint      ] Total time for which application threads were stopped: 0.0002292 seconds, Stopping threads took: 0.0000611 seconds
[44.805s][info ][safepoint      ] Application time: 0.6168269 seconds
[44.805s][info ][safepoint      ] Entering safepoint region: Deoptimize
[44.807s][info ][safepoint      ] Leaving safepoint region
[44.807s][info ][safepoint      ] Total time for which application threads were stopped: 0.0019066 seconds, Stopping threads took: 0.0000440 seconds
[45.807s][info ][safepoint      ] Application time: 1.0000743 seconds
[45.807s][info ][safepoint      ] Entering safepoint region: Cleanup
[45.807s][info ][safepoint      ] Leaving safepoint region
[45.807s][info ][safepoint      ] Total time for which application threads were stopped: 0.0001880 seconds, Stopping threads took: 0.0000149 seconds
[46.807s][info ][safepoint      ] Application time: 1.0000681 seconds
[46.807s][info ][safepoint      ] Entering safepoint region: Cleanup
[46.807s][info ][safepoint      ] Leaving safepoint region
[46.807s][info ][safepoint      ] Total time for which application threads were stopped: 0.0000999 seconds, Stopping threads took: 0.0000143 seconds
[47.807s][info ][safepoint      ] Application time: 1.0000639 seconds
[47.807s][info ][safepoint      ] Entering safepoint region: Cleanup
[47.807s][info ][safepoint      ] Leaving safepoint region
[47.807s][info ][safepoint      ] Total time for which application threads were stopped: 0.0001554 seconds, Stopping threads took: 0.0000131 seconds
[48.808s][info ][safepoint      ] Application time: 1.0000805 seconds
[48.808s][info ][safepoint      ] Entering safepoint region: Cleanup
[48.808s][info ][safepoint      ] Leaving safepoint region
[48.808s][info ][safepoint      ] Total time for which application threads were stopped: 0.0001023 seconds, Stopping threads took: 0.0000148 seconds
[49.808s][info ][safepoint      ] Application time: 1.0000626 seconds
[49.808s][info ][safepoint      ] Entering safepoint region: Cleanup
[49.808s][info ][safepoint      ] Leaving safepoint region
[49.808s][info ][safepoint      ] Total time for which application threads were stopped: 0.0001112 seconds, Stopping threads took: 0.0000166 seconds
[50.295s][info ][safepoint      ] Application time: 0.4869939 seconds
[50.295s][info ][safepoint      ] Entering safepoint region: ParallelGCFailedAllocation
[50.295s][info ][gc,start       ] GC(46) Pause Young (Allocation Failure)
[50.313s][debug][gc,phases      ] GC(46) Scavenge 17.992ms
[50.313s][debug][gc,ref         ] GC(46) Skipped phase1 of Reference Processing due to unavailable references
[50.313s][debug][gc,ref         ] GC(46) Skipped phase3 of Reference Processing due to unavailable references
[50.313s][debug][gc,phases      ] GC(46) Reference Processing 0.097ms
[50.313s][debug][gc,phases      ] GC(46) Weak Processing 0.211ms
[50.314s][debug][gc,phases      ] GC(46) Scrub String Table 0.683ms
[50.314s][debug][gc,age         ] GC(46) Desired survivor size 108003328 bytes, new threshold 15 (max threshold 15)
[50.314s][info ][gc,heap        ] GC(46) PSYoungGen: 1948523K->63050K(1991680K)
[50.314s][info ][gc,heap        ] GC(46) ParOldGen: 227327K->227935K(254976K)
[50.314s][info ][gc,metaspace   ] GC(46) Metaspace: 72248K->72248K(1114112K)
[50.314s][info ][gc             ] GC(46) Pause Young (Allocation Failure) 2124M->284M(2194M) 19.135ms
[50.314s][info ][gc,cpu         ] GC(46) User=0.08s Sys=0.00s Real=0.02s
[50.314s][info ][safepoint      ] Leaving safepoint region
[50.314s][info ][safepoint      ] Total time for which application threads were stopped: 0.0193594 seconds, Stopping threads took: 0.0000111 seconds
[51.303s][info ][safepoint      ] Application time: 0.9883744 seconds
[51.303s][info ][safepoint      ] Entering safepoint region: ICBufferFull
[51.303s][info ][safepoint      ] Leaving safepoint region
[51.303s][info ][safepoint      ] Total time for which application threads were stopped: 0.0002508 seconds, Stopping threads took: 0.0000209 seconds
[52.303s][info ][safepoint      ] Application time: 1.0000745 seconds
[52.303s][info ][safepoint      ] Entering safepoint region: Cleanup
[52.303s][info ][safepoint      ] Leaving safepoint region
[52.303s][info ][safepoint      ] Total time for which application threads were stopped: 0.0001015 seconds, Stopping threads took: 0.0000144 seconds
[53.303s][info ][safepoint      ] Application time: 1.0000722 seconds
[53.303s][info ][safepoint      ] Entering safepoint region: Cleanup
[53.303s][info ][safepoint      ] Leaving safepoint region
[53.303s][info ][safepoint      ] Total time for which application threads were stopped: 0.0000947 seconds, Stopping threads took: 0.0000132 seconds
[54.303s][info ][safepoint      ] Application time: 1.0000729 seconds
[54.303s][info ][safepoint      ] Entering safepoint region: Cleanup
[54.304s][info ][safepoint      ] Leaving safepoint region
[54.304s][info ][safepoint      ] Total time for which application threads were stopped: 0.0001062 seconds, Stopping threads took: 0.0000134 seconds
[55.304s][info ][safepoint      ] Application time: 1.0000648 seconds
[55.304s][info ][safepoint      ] Entering safepoint region: Cleanup
[55.304s][info ][safepoint      ] Leaving safepoint region
[55.304s][info ][safepoint      ] Total time for which application threads were stopped: 0.0001024 seconds, Stopping threads took: 0.0000143 seconds
[56.304s][info ][safepoint      ] Application time: 1.0000633 seconds
[56.304s][info ][safepoint      ] Entering safepoint region: Cleanup
[56.304s][info ][safepoint      ] Leaving safepoint region
[56.304s][info ][safepoint      ] Total time for which application threads were stopped: 0.0000947 seconds, Stopping threads took: 0.0000142 seconds
[57.304s][info ][safepoint      ] Application time: 1.0000703 seconds
[57.304s][info ][safepoint      ] Entering safepoint region: Cleanup
[57.304s][info ][safepoint      ] Leaving safepoint region
[57.304s][info ][safepoint      ] Total time for which application threads were stopped: 0.0001397 seconds, Stopping threads took: 0.0000433 seconds
[58.304s][info ][safepoint      ] Application time: 1.0000709 seconds
[58.304s][info ][safepoint      ] Entering safepoint region: Cleanup
[58.304s][info ][safepoint      ] Leaving safepoint region
[58.304s][info ][safepoint      ] Total time for which application threads were stopped: 0.0001043 seconds, Stopping threads took: 0.0000144 seconds
[59.305s][info ][safepoint      ] Application time: 1.0000657 seconds
[59.305s][info ][safepoint      ] Entering safepoint region: Cleanup
[59.305s][info ][safepoint      ] Leaving safepoint region
[59.305s][info ][safepoint      ] Total time for which application threads were stopped: 0.0001054 seconds, Stopping threads took: 0.0000281 seconds
[59.591s][info ][safepoint      ] Application time: 0.2866649 seconds
[59.591s][info ][safepoint      ] Entering safepoint region: ParallelGCFailedAllocation
[59.591s][info ][gc,start       ] GC(47) Pause Young (Allocation Failure)
[59.608s][debug][gc,phases      ] GC(47) Scavenge 16.489ms
[59.608s][debug][gc,ref         ] GC(47) Skipped phase1 of Reference Processing due to unavailable references
[59.608s][debug][gc,ref         ] GC(47) Skipped phase3 of Reference Processing due to unavailable references
[59.608s][debug][gc,phases      ] GC(47) Reference Processing 0.071ms
[59.608s][debug][gc,phases      ] GC(47) Weak Processing 0.161ms
[59.609s][debug][gc,phases      ] GC(47) Scrub String Table 0.578ms
[59.609s][debug][gc,age         ] GC(47) Desired survivor size 108003328 bytes, new threshold 15 (max threshold 15)
[59.609s][info ][gc,heap        ] GC(47) PSYoungGen: 1949258K->62907K(1991680K)
[59.609s][info ][gc,heap        ] GC(47) ParOldGen: 227935K->228159K(254976K)
[59.609s][info ][gc,metaspace   ] GC(47) Metaspace: 72367K->72367K(1116160K)
[59.609s][info ][gc             ] GC(47) Pause Young (Allocation Failure) 2126M->284M(2194M) 17.435ms
[59.609s][info ][gc,cpu         ] GC(47) User=0.07s Sys=0.00s Real=0.02s
[59.609s][info ][safepoint      ] Leaving safepoint region
[59.609s][info ][safepoint      ] Total time for which application threads were stopped: 0.0175996 seconds, Stopping threads took: 0.0000125 seconds
[60.609s][info ][safepoint      ] Application time: 1.0000753 seconds
[60.609s][info ][safepoint      ] Entering safepoint region: Cleanup
[60.609s][info ][safepoint      ] Leaving safepoint region
[60.609s][info ][safepoint      ] Total time for which application threads were stopped: 0.0000854 seconds, Stopping threads took: 0.0000135 seconds
[61.609s][info ][safepoint      ] Application time: 1.0000769 seconds
[61.609s][info ][safepoint      ] Entering safepoint region: Cleanup
[61.609s][info ][safepoint      ] Leaving safepoint region
[61.609s][info ][safepoint      ] Total time for which application threads were stopped: 0.0000858 seconds, Stopping threads took: 0.0000140 seconds
[62.609s][info ][safepoint      ] Application time: 1.0000691 seconds
[62.610s][info ][safepoint      ] Entering safepoint region: Cleanup
[62.610s][info ][safepoint      ] Leaving safepoint region
[62.610s][info ][safepoint      ] Total time for which application threads were stopped: 0.0000900 seconds, Stopping threads took: 0.0000130 seconds
[63.610s][info ][safepoint      ] Application time: 1.0000714 seconds
[63.612s][info ][safepoint      ] Entering safepoint region: Cleanup
[63.612s][info ][safepoint      ] Leaving safepoint region
[63.612s][info ][safepoint      ] Total time for which application threads were stopped: 0.0025326 seconds, Stopping threads took: 0.0024126 seconds
[64.612s][info ][safepoint      ] Application time: 1.0000774 seconds
[64.612s][info ][safepoint      ] Entering safepoint region: Cleanup
[64.612s][info ][safepoint      ] Leaving safepoint region
[64.612s][info ][safepoint      ] Total time for which application threads were stopped: 0.0000895 seconds, Stopping threads took: 0.0000142 seconds
[65.613s][info ][safepoint      ] Application time: 1.0000374 seconds
[65.613s][info ][safepoint      ] Entering safepoint region: Cleanup
[65.613s][info ][safepoint      ] Leaving safepoint region
[65.613s][info ][safepoint      ] Total time for which application threads were stopped: 0.0001082 seconds, Stopping threads took: 0.0000144 seconds
[66.613s][info ][safepoint      ] Application time: 1.0000744 seconds
[66.613s][info ][safepoint      ] Entering safepoint region: Cleanup
[66.613s][info ][safepoint      ] Leaving safepoint region
[66.613s][info ][safepoint      ] Total time for which application threads were stopped: 0.0001035 seconds, Stopping threads took: 0.0000147 seconds
[67.613s][info ][safepoint      ] Application time: 1.0000765 seconds
[67.613s][info ][safepoint      ] Entering safepoint region: Cleanup
[67.613s][info ][safepoint      ] Leaving safepoint region
[67.613s][info ][safepoint      ] Total time for which application threads were stopped: 0.0000940 seconds, Stopping threads took: 0.0000147 seconds
[68.613s][info ][safepoint      ] Application time: 1.0000750 seconds
[68.613s][info ][safepoint      ] Entering safepoint region: Cleanup
[68.613s][info ][safepoint      ] Leaving safepoint region
[68.613s][info ][safepoint      ] Total time for which application threads were stopped: 0.0001142 seconds, Stopping threads took: 0.0000300 seconds
[68.776s][info ][safepoint      ] Application time: 0.1631161 seconds
[68.776s][info ][safepoint      ] Entering safepoint region: ParallelGCFailedAllocation
[68.777s][info ][gc,start       ] GC(48) Pause Young (Allocation Failure)
[68.794s][debug][gc,phases      ] GC(48) Scavenge 17.488ms
[68.794s][debug][gc,ref         ] GC(48) Skipped phase1 of Reference Processing due to unavailable references
[68.794s][debug][gc,ref         ] GC(48) Skipped phase3 of Reference Processing due to unavailable references
[68.794s][debug][gc,phases      ] GC(48) Reference Processing 0.098ms
[68.794s][debug][gc,phases      ] GC(48) Weak Processing 0.202ms
[68.795s][debug][gc,phases      ] GC(48) Scrub String Table 0.659ms
[68.795s][debug][gc,age         ] GC(48) Desired survivor size 108527616 bytes, new threshold 15 (max threshold 15)
[68.795s][info ][gc,heap        ] GC(48) PSYoungGen: 1949115K->65307K(1990656K)
[68.795s][info ][gc,heap        ] GC(48) ParOldGen: 228159K->228343K(254976K)
[68.795s][info ][gc,metaspace   ] GC(48) Metaspace: 72433K->72433K(1116160K)
[68.795s][info ][gc             ] GC(48) Pause Young (Allocation Failure) 2126M->286M(2193M) 18.603ms
[68.795s][info ][gc,cpu         ] GC(48) User=0.07s Sys=0.00s Real=0.02s
[68.795s][info ][safepoint      ] Leaving safepoint region
[68.795s][info ][safepoint      ] Total time for which application threads were stopped: 0.0187953 seconds, Stopping threads took: 0.0000119 seconds
[69.795s][info ][safepoint      ] Application time: 1.0001003 seconds
[69.795s][info ][safepoint      ] Entering safepoint region: Cleanup
[69.796s][info ][safepoint      ] Leaving safepoint region
[69.796s][info ][safepoint      ] Total time for which application threads were stopped: 0.0001834 seconds, Stopping threads took: 0.0000202 seconds
[70.796s][info ][safepoint      ] Application time: 1.0000757 seconds
[70.796s][info ][safepoint      ] Entering safepoint region: Cleanup
[70.796s][info ][safepoint      ] Leaving safepoint region
[70.796s][info ][safepoint      ] Total time for which application threads were stopped: 0.0001145 seconds, Stopping threads took: 0.0000350 seconds
[70.951s][info ][safepoint      ] Application time: 0.1551077 seconds
[70.951s][info ][safepoint      ] Entering safepoint region: RevokeBias
[70.951s][info ][safepoint      ] Leaving safepoint region
[70.951s][info ][safepoint      ] Total time for which application threads were stopped: 0.0000807 seconds, Stopping threads took: 0.0000090 seconds
[71.951s][info ][safepoint      ] Application time: 1.0000743 seconds
[71.951s][info ][safepoint      ] Entering safepoint region: Cleanup
[71.951s][info ][safepoint      ] Leaving safepoint region
[71.951s][info ][safepoint      ] Total time for which application threads were stopped: 0.0001111 seconds, Stopping threads took: 0.0000310 seconds
[72.951s][info ][safepoint      ] Application time: 1.0000754 seconds
[72.951s][info ][safepoint      ] Entering safepoint region: Cleanup
[72.952s][info ][safepoint      ] Leaving safepoint region
[72.952s][info ][safepoint      ] Total time for which application threads were stopped: 0.0001221 seconds, Stopping threads took: 0.0000182 seconds
[73.952s][info ][safepoint      ] Application time: 1.0000742 seconds
[73.952s][info ][safepoint      ] Entering safepoint region: Cleanup
[73.952s][info ][safepoint      ] Leaving safepoint region
[73.952s][info ][safepoint      ] Total time for which application threads were stopped: 0.0001052 seconds, Stopping threads took: 0.0000134 seconds
[74.224s][info ][safepoint      ] Application time: 0.2723440 seconds
[74.224s][info ][safepoint      ] Entering safepoint region: ICBufferFull
[74.224s][info ][safepoint      ] Leaving safepoint region
[74.224s][info ][safepoint      ] Total time for which application threads were stopped: 0.0002194 seconds, Stopping threads took: 0.0000156 seconds
[74.510s][info ][safepoint      ] Application time: 0.2856055 seconds
[74.510s][info ][safepoint      ] Entering safepoint region: ICBufferFull
[74.510s][info ][safepoint      ] Leaving safepoint region
[74.510s][info ][safepoint      ] Total time for which application threads were stopped: 0.0002415 seconds, Stopping threads took: 0.0000182 seconds
[75.501s][info ][safepoint      ] Application time: 0.9910914 seconds
[75.501s][info ][safepoint      ] Entering safepoint region: ICBufferFull
[75.502s][info ][safepoint      ] Leaving safepoint region
[75.502s][info ][safepoint      ] Total time for which application threads were stopped: 0.0002128 seconds, Stopping threads took: 0.0000159 seconds
[76.502s][info ][safepoint      ] Application time: 1.0006258 seconds
[76.502s][info ][safepoint      ] Entering safepoint region: Cleanup
[76.502s][info ][safepoint      ] Leaving safepoint region
[76.502s][info ][safepoint      ] Total time for which application threads were stopped: 0.0002073 seconds, Stopping threads took: 0.0000405 seconds
[77.393s][info ][safepoint      ] Application time: 0.8907893 seconds
[77.393s][info ][safepoint      ] Entering safepoint region: ParallelGCFailedAllocation
[77.393s][info ][gc,start       ] GC(49) Pause Young (Allocation Failure)
[77.427s][debug][gc,phases      ] GC(49) Scavenge 33.335ms
[77.427s][debug][gc,ref         ] GC(49) Skipped phase1 of Reference Processing due to unavailable references
[77.427s][debug][gc,ref         ] GC(49) Skipped phase3 of Reference Processing due to unavailable references
[77.427s][debug][gc,phases      ] GC(49) Reference Processing 0.138ms
[77.427s][debug][gc,phases      ] GC(49) Weak Processing 0.259ms
[77.428s][debug][gc,phases      ] GC(49) Scrub String Table 0.792ms
[77.428s][debug][gc,age         ] GC(49) Desired survivor size 108527616 bytes, new threshold 15 (max threshold 15)
[77.428s][info ][gc,heap        ] GC(49) PSYoungGen: 1950491K->65261K(1991168K)
[77.428s][info ][gc,heap        ] GC(49) ParOldGen: 228343K->228703K(254976K)
[77.428s][info ][gc,metaspace   ] GC(49) Metaspace: 73013K->73013K(1116160K)
[77.428s][info ][gc             ] GC(49) Pause Young (Allocation Failure) 2127M->287M(2193M) 34.663ms
[77.428s][info ][gc,cpu         ] GC(49) User=0.09s Sys=0.00s Real=0.04s
[77.428s][info ][safepoint      ] Leaving safepoint region
[77.428s][info ][safepoint      ] Total time for which application threads were stopped: 0.0348962 seconds, Stopping threads took: 0.0000171 seconds
[78.428s][info ][safepoint      ] Application time: 1.0000782 seconds
[78.428s][info ][safepoint      ] Entering safepoint region: Cleanup
[78.428s][info ][safepoint      ] Leaving safepoint region
[78.428s][info ][safepoint      ] Total time for which application threads were stopped: 0.0001524 seconds, Stopping threads took: 0.0000406 seconds
[79.428s][info ][safepoint      ] Application time: 1.0000723 seconds
[79.429s][info ][safepoint      ] Entering safepoint region: Cleanup
[79.429s][info ][safepoint      ] Leaving safepoint region
[79.429s][info ][safepoint      ] Total time for which application threads were stopped: 0.0001107 seconds, Stopping threads took: 0.0000336 seconds
[80.429s][info ][safepoint      ] Application time: 1.0000720 seconds
[80.429s][info ][safepoint      ] Entering safepoint region: Cleanup
[80.429s][info ][safepoint      ] Leaving safepoint region
[80.429s][info ][safepoint      ] Total time for which application threads were stopped: 0.0001324 seconds, Stopping threads took: 0.0000353 seconds
[81.429s][info ][safepoint      ] Application time: 1.0000763 seconds
[81.431s][info ][safepoint      ] Entering safepoint region: Cleanup
[81.431s][info ][safepoint      ] Leaving safepoint region
[81.431s][info ][safepoint      ] Total time for which application threads were stopped: 0.0024318 seconds, Stopping threads took: 0.0023415 seconds
[82.431s][info ][safepoint      ] Application time: 1.0000735 seconds
[82.432s][info ][safepoint      ] Entering safepoint region: Cleanup
[82.432s][info ][safepoint      ] Leaving safepoint region
[82.432s][info ][safepoint      ] Total time for which application threads were stopped: 0.0001653 seconds, Stopping threads took: 0.0000376 seconds
[83.432s][info ][safepoint      ] Application time: 1.0000802 seconds
[83.432s][info ][safepoint      ] Entering safepoint region: Cleanup
[83.432s][info ][safepoint      ] Leaving safepoint region
[83.432s][info ][safepoint      ] Total time for which application threads were stopped: 0.0001659 seconds, Stopping threads took: 0.0000393 seconds
[83.673s][info ][safepoint      ] Application time: 0.2406416 seconds
[83.673s][info ][safepoint      ] Entering safepoint region: ICBufferFull
[83.673s][info ][safepoint      ] Leaving safepoint region
[83.673s][info ][safepoint      ] Total time for which application threads were stopped: 0.0003280 seconds, Stopping threads took: 0.0000721 seconds
[84.469s][info ][safepoint      ] Application time: 0.7958993 seconds
[84.469s][info ][safepoint      ] Entering safepoint region: RevokeBias
[84.469s][info ][safepoint      ] Leaving safepoint region
[84.469s][info ][safepoint      ] Total time for which application threads were stopped: 0.0001204 seconds, Stopping threads took: 0.0000133 seconds
[85.469s][info ][safepoint      ] Application time: 1.0000800 seconds
[85.469s][info ][safepoint      ] Entering safepoint region: Cleanup
[85.469s][info ][safepoint      ] Leaving safepoint region
[85.469s][info ][safepoint      ] Total time for which application threads were stopped: 0.0001239 seconds, Stopping threads took: 0.0000213 seconds
[86.231s][info ][safepoint      ] Application time: 0.7615066 seconds
[86.231s][info ][safepoint      ] Entering safepoint region: ParallelGCFailedAllocation
[86.231s][info ][gc,start       ] GC(50) Pause Young (Allocation Failure)
[86.258s][debug][gc,phases      ] GC(50) Scavenge 26.887ms
[86.258s][debug][gc,ref         ] GC(50) Skipped phase1 of Reference Processing due to unavailable references
[86.258s][debug][gc,ref         ] GC(50) Skipped phase3 of Reference Processing due to unavailable references
[86.258s][debug][gc,phases      ] GC(50) Reference Processing 0.082ms
[86.258s][debug][gc,phases      ] GC(50) Weak Processing 0.187ms
[86.259s][debug][gc,phases      ] GC(50) Scrub String Table 0.671ms
[86.259s][debug][gc,age         ] GC(50) Desired survivor size 108527616 bytes, new threshold 15 (max threshold 15)
[86.259s][info ][gc,heap        ] GC(50) PSYoungGen: 1950445K->66034K(1991168K)
[86.259s][info ][gc,heap        ] GC(50) ParOldGen: 228703K->229359K(254976K)
[86.259s][info ][gc,metaspace   ] GC(50) Metaspace: 73071K->73071K(1116160K)
[86.259s][info ][gc             ] GC(50) Pause Young (Allocation Failure) 2128M->288M(2193M) 27.968ms
[86.259s][info ][gc,cpu         ] GC(50) User=0.09s Sys=0.00s Real=0.02s
[86.259s][info ][safepoint      ] Leaving safepoint region
[86.259s][info ][safepoint      ] Total time for which application threads were stopped: 0.0281638 seconds, Stopping threads took: 0.0000257 seconds
[87.259s][info ][safepoint      ] Application time: 1.0001194 seconds
[87.259s][info ][safepoint      ] Entering safepoint region: Cleanup
[87.259s][info ][safepoint      ] Leaving safepoint region
[87.259s][info ][safepoint      ] Total time for which application threads were stopped: 0.0000907 seconds, Stopping threads took: 0.0000181 seconds
[88.259s][info ][safepoint      ] Application time: 1.0000739 seconds
[88.259s][info ][safepoint      ] Entering safepoint region: Cleanup
[88.259s][info ][safepoint      ] Leaving safepoint region
[88.259s][info ][safepoint      ] Total time for which application threads were stopped: 0.0001833 seconds, Stopping threads took: 0.0000359 seconds
[89.260s][info ][safepoint      ] Application time: 1.0000794 seconds
[89.260s][info ][safepoint      ] Entering safepoint region: Cleanup
[89.260s][info ][safepoint      ] Leaving safepoint region
[89.260s][info ][safepoint      ] Total time for which application threads were stopped: 0.0001611 seconds, Stopping threads took: 0.0000133 seconds
[90.260s][info ][safepoint      ] Application time: 1.0000713 seconds
[90.260s][info ][safepoint      ] Entering safepoint region: Cleanup
[90.260s][info ][safepoint      ] Leaving safepoint region
[90.260s][info ][safepoint      ] Total time for which application threads were stopped: 0.0001546 seconds, Stopping threads took: 0.0000364 seconds
[91.260s][info ][safepoint      ] Application time: 1.0000744 seconds
[91.260s][info ][safepoint      ] Entering safepoint region: Cleanup
[91.260s][info ][safepoint      ] Leaving safepoint region
[91.260s][info ][safepoint      ] Total time for which application threads were stopped: 0.0001272 seconds, Stopping threads took: 0.0000411 seconds
[92.260s][info ][safepoint      ] Application time: 1.0000858 seconds
[92.260s][info ][safepoint      ] Entering safepoint region: Cleanup
[92.261s][info ][safepoint      ] Leaving safepoint region
[92.261s][info ][safepoint      ] Total time for which application threads were stopped: 0.0001029 seconds, Stopping threads took: 0.0000233 seconds
[93.261s][info ][safepoint      ] Application time: 1.0000770 seconds
[93.261s][info ][safepoint      ] Entering safepoint region: Cleanup
[93.261s][info ][safepoint      ] Leaving safepoint region
[93.261s][info ][safepoint      ] Total time for which application threads were stopped: 0.0001873 seconds, Stopping threads took: 0.0000505 seconds
[94.261s][info ][safepoint      ] Application time: 1.0001151 seconds
[94.263s][info ][safepoint      ] Entering safepoint region: Cleanup
[94.263s][info ][safepoint      ] Leaving safepoint region
[94.264s][info ][safepoint      ] Total time for which application threads were stopped: 0.0024585 seconds, Stopping threads took: 0.0023249 seconds
[95.264s][info ][safepoint      ] Application time: 1.0000803 seconds
[95.264s][info ][safepoint      ] Entering safepoint region: Cleanup
[95.264s][info ][safepoint      ] Leaving safepoint region
[95.264s][info ][safepoint      ] Total time for which application threads were stopped: 0.0001169 seconds, Stopping threads took: 0.0000170 seconds
[95.530s][info ][safepoint      ] Application time: 0.2662460 seconds
[95.530s][info ][safepoint      ] Entering safepoint region: ParallelGCFailedAllocation
[95.530s][info ][gc,start       ] GC(51) Pause Young (Allocation Failure)
[95.547s][debug][gc,phases      ] GC(51) Scavenge 17.055ms
[95.547s][debug][gc,ref         ] GC(51) Skipped phase1 of Reference Processing due to unavailable references
[95.547s][debug][gc,ref         ] GC(51) Skipped phase3 of Reference Processing due to unavailable references
[95.547s][debug][gc,phases      ] GC(51) Reference Processing 0.074ms
[95.548s][debug][gc,phases      ] GC(51) Weak Processing 0.174ms
[95.548s][debug][gc,phases      ] GC(51) Scrub String Table 0.546ms
[95.548s][debug][gc,age         ] GC(51) Desired survivor size 107479040 bytes, new threshold 15 (max threshold 15)
[95.548s][info ][gc,heap        ] GC(51) PSYoungGen: 1951218K->65101K(1991168K)
[95.548s][info ][gc,heap        ] GC(51) ParOldGen: 229359K->229867K(254976K)
[95.548s][info ][gc,metaspace   ] GC(51) Metaspace: 73147K->73147K(1116160K)
[95.548s][info ][gc             ] GC(51) Pause Young (Allocation Failure) 2129M->288M(2193M) 17.991ms
[95.548s][info ][gc,cpu         ] GC(51) User=0.07s Sys=0.00s Real=0.02s
[95.548s][info ][safepoint      ] Leaving safepoint region
[95.548s][info ][safepoint      ] Total time for which application threads were stopped: 0.0182291 seconds, Stopping threads took: 0.0000140 seconds
[96.548s][info ][safepoint      ] Application time: 1.0000773 seconds
[96.548s][info ][safepoint      ] Entering safepoint region: Cleanup
[96.548s][info ][safepoint      ] Leaving safepoint region
[96.548s][info ][safepoint      ] Total time for which application threads were stopped: 0.0000855 seconds, Stopping threads took: 0.0000130 seconds
[97.549s][info ][safepoint      ] Application time: 1.0000710 seconds
[97.549s][info ][safepoint      ] Entering safepoint region: Cleanup
[97.549s][info ][safepoint      ] Leaving safepoint region
[97.549s][info ][safepoint      ] Total time for which application threads were stopped: 0.0001239 seconds, Stopping threads took: 0.0000140 seconds
[98.549s][info ][safepoint      ] Application time: 1.0000828 seconds
[98.549s][info ][safepoint      ] Entering safepoint region: Cleanup
[98.549s][info ][safepoint      ] Leaving safepoint region
[98.549s][info ][safepoint      ] Total time for which application threads were stopped: 0.0001107 seconds, Stopping threads took: 0.0000141 seconds
[99.549s][info ][safepoint      ] Application time: 1.0000734 seconds
[99.549s][info ][safepoint      ] Entering safepoint region: Cleanup
[99.549s][info ][safepoint      ] Leaving safepoint region
[99.549s][info ][safepoint      ] Total time for which application threads were stopped: 0.0000873 seconds, Stopping threads took: 0.0000141 seconds
[100.549s][info ][safepoint      ] Application time: 1.0000740 seconds
[100.549s][info ][safepoint      ] Entering safepoint region: Cleanup
[100.549s][info ][safepoint      ] Leaving safepoint region
[100.549s][info ][safepoint      ] Total time for which application threads were stopped: 0.0000725 seconds, Stopping threads took: 0.0000133 seconds
[101.549s][info ][safepoint      ] Application time: 1.0000754 seconds
[101.549s][info ][safepoint      ] Entering safepoint region: Cleanup
[101.549s][info ][safepoint      ] Leaving safepoint region
[101.549s][info ][safepoint      ] Total time for which application threads were stopped: 0.0000769 seconds, Stopping threads took: 0.0000138 seconds
[102.550s][info ][safepoint      ] Application time: 1.0000711 seconds
[102.550s][info ][safepoint      ] Entering safepoint region: Cleanup
[102.550s][info ][safepoint      ] Leaving safepoint region
[102.550s][info ][safepoint      ] Total time for which application threads were stopped: 0.0000896 seconds, Stopping threads took: 0.0000284 seconds
[103.550s][info ][safepoint      ] Application time: 1.0000551 seconds
[103.550s][info ][safepoint      ] Entering safepoint region: Cleanup
[103.550s][info ][safepoint      ] Leaving safepoint region
[103.550s][info ][safepoint      ] Total time for which application threads were stopped: 0.0000695 seconds, Stopping threads took: 0.0000145 seconds
[104.550s][info ][safepoint      ] Application time: 1.0000704 seconds
[104.550s][info ][safepoint      ] Entering safepoint region: Cleanup
[104.550s][info ][safepoint      ] Leaving safepoint region
[104.550s][info ][safepoint      ] Total time for which application threads were stopped: 0.0000850 seconds, Stopping threads took: 0.0000151 seconds
[104.726s][info ][safepoint      ] Application time: 0.1759906 seconds
[104.726s][info ][safepoint      ] Entering safepoint region: ParallelGCFailedAllocation
[104.726s][info ][gc,start       ] GC(52) Pause Young (Allocation Failure)
[104.743s][debug][gc,phases      ] GC(52) Scavenge 16.976ms
[104.743s][debug][gc,ref         ] GC(52) Skipped phase1 of Reference Processing due to unavailable references
[104.743s][debug][gc,ref         ] GC(52) Skipped phase3 of Reference Processing due to unavailable references
[104.743s][debug][gc,phases      ] GC(52) Reference Processing 0.086ms
[104.744s][debug][gc,phases      ] GC(52) Weak Processing 0.174ms
[104.744s][debug][gc,phases      ] GC(52) Scrub String Table 0.531ms
[104.744s][debug][gc,age         ] GC(52) Desired survivor size 106430464 bytes, new threshold 15 (max threshold 15)
[104.744s][info ][gc,heap        ] GC(52) PSYoungGen: 1950285K->65144K(1993216K)
[104.744s][info ][gc,heap        ] GC(52) ParOldGen: 229867K->231419K(254976K)
[104.744s][info ][gc,metaspace   ] GC(52) Metaspace: 73206K->73206K(1116160K)
[104.744s][info ][gc             ] GC(52) Pause Young (Allocation Failure) 2129M->289M(2195M) 17.886ms
[104.744s][info ][gc,cpu         ] GC(52) User=0.07s Sys=0.00s Real=0.02s
[104.744s][info ][safepoint      ] Leaving safepoint region
[104.744s][info ][safepoint      ] Total time for which application threads were stopped: 0.0180498 seconds, Stopping threads took: 0.0000142 seconds
[105.744s][info ][safepoint      ] Application time: 1.0000854 seconds
[105.744s][info ][safepoint      ] Entering safepoint region: Cleanup
[105.744s][info ][safepoint      ] Leaving safepoint region
[105.744s][info ][safepoint      ] Total time for which application threads were stopped: 0.0000958 seconds, Stopping threads took: 0.0000183 seconds
[106.744s][info ][safepoint      ] Application time: 1.0000747 seconds
[106.745s][info ][safepoint      ] Entering safepoint region: Cleanup
[106.745s][info ][safepoint      ] Leaving safepoint region
[106.745s][info ][safepoint      ] Total time for which application threads were stopped: 0.0000968 seconds, Stopping threads took: 0.0000137 seconds
[107.745s][info ][safepoint      ] Application time: 1.0000860 seconds
[107.745s][info ][safepoint      ] Entering safepoint region: Cleanup
[107.745s][info ][safepoint      ] Leaving safepoint region
[107.745s][info ][safepoint      ] Total time for which application threads were stopped: 0.0001210 seconds, Stopping threads took: 0.0000539 seconds
[108.745s][info ][safepoint      ] Application time: 1.0000851 seconds
[108.745s][info ][safepoint      ] Entering safepoint region: Cleanup
[108.745s][info ][safepoint      ] Leaving safepoint region
[108.745s][info ][safepoint      ] Total time for which application threads were stopped: 0.0000966 seconds, Stopping threads took: 0.0000137 seconds
[109.745s][info ][safepoint      ] Application time: 1.0000819 seconds
[109.745s][info ][safepoint      ] Entering safepoint region: Cleanup
[109.745s][info ][safepoint      ] Leaving safepoint region
[109.745s][info ][safepoint      ] Total time for which application threads were stopped: 0.0001510 seconds, Stopping threads took: 0.0000201 seconds
[110.745s][info ][safepoint      ] Application time: 1.0000781 seconds
[110.745s][info ][safepoint      ] Entering safepoint region: Cleanup
[110.746s][info ][safepoint      ] Leaving safepoint region
[110.746s][info ][safepoint      ] Total time for which application threads were stopped: 0.0000855 seconds, Stopping threads took: 0.0000137 seconds
[111.746s][info ][safepoint      ] Application time: 1.0000392 seconds
[111.746s][info ][safepoint      ] Entering safepoint region: Cleanup
[111.746s][info ][safepoint      ] Leaving safepoint region
[111.746s][info ][safepoint      ] Total time for which application threads were stopped: 0.0000835 seconds, Stopping threads took: 0.0000131 seconds
[112.746s][info ][safepoint      ] Application time: 1.0000783 seconds
[112.746s][info ][safepoint      ] Entering safepoint region: Cleanup
[112.746s][info ][safepoint      ] Leaving safepoint region
[112.746s][info ][safepoint      ] Total time for which application threads were stopped: 0.0000985 seconds, Stopping threads took: 0.0000144 seconds
[113.746s][info ][safepoint      ] Application time: 1.0000772 seconds
[113.746s][info ][safepoint      ] Entering safepoint region: Cleanup
[113.746s][info ][safepoint      ] Leaving safepoint region
[113.746s][info ][safepoint      ] Total time for which application threads were stopped: 0.0000990 seconds, Stopping threads took: 0.0000143 seconds
[113.920s][info ][safepoint      ] Application time: 0.1736664 seconds
[113.920s][info ][safepoint      ] Entering safepoint region: ParallelGCFailedAllocation
[113.920s][info ][gc,start       ] GC(53) Pause Young (Allocation Failure)
[113.935s][debug][gc,phases      ] GC(53) Scavenge 15.458ms
[113.936s][debug][gc,ref         ] GC(53) Skipped phase1 of Reference Processing due to unavailable references
[113.936s][debug][gc,ref         ] GC(53) Skipped phase3 of Reference Processing due to unavailable references
[113.936s][debug][gc,phases      ] GC(53) Reference Processing 0.069ms
[113.936s][debug][gc,phases      ] GC(53) Weak Processing 0.171ms
[113.936s][debug][gc,phases      ] GC(53) Scrub String Table 0.510ms
[113.936s][debug][gc,age         ] GC(53) Desired survivor size 104857600 bytes, new threshold 15 (max threshold 15)
[113.936s][info ][gc,heap        ] GC(53) PSYoungGen: 1953400K->65595K(1992192K)
[113.936s][info ][gc,heap        ] GC(53) ParOldGen: 231419K->231655K(254976K)
[113.936s][info ][gc,metaspace   ] GC(53) Metaspace: 73255K->73255K(1116160K)
[113.936s][info ][gc             ] GC(53) Pause Young (Allocation Failure) 2133M->290M(2194M) 16.331ms
[113.936s][info ][gc,cpu         ] GC(53) User=0.07s Sys=0.00s Real=0.01s
[113.936s][info ][safepoint      ] Leaving safepoint region
[113.936s][info ][safepoint      ] Total time for which application threads were stopped: 0.0164889 seconds, Stopping threads took: 0.0000135 seconds
[114.936s][info ][safepoint      ] Application time: 1.0000832 seconds
[114.937s][info ][safepoint      ] Entering safepoint region: Cleanup
[114.937s][info ][safepoint      ] Leaving safepoint region
[114.937s][info ][safepoint      ] Total time for which application threads were stopped: 0.0001081 seconds, Stopping threads took: 0.0000348 seconds
[115.937s][info ][safepoint      ] Application time: 1.0000885 seconds
[115.937s][info ][safepoint      ] Entering safepoint region: Cleanup
[115.937s][info ][safepoint      ] Leaving safepoint region
[115.937s][info ][safepoint      ] Total time for which application threads were stopped: 0.0001346 seconds, Stopping threads took: 0.0000358 seconds
[116.937s][info ][safepoint      ] Application time: 1.0000794 seconds
[116.937s][info ][safepoint      ] Entering safepoint region: Cleanup
[116.937s][info ][safepoint      ] Leaving safepoint region
[116.937s][info ][safepoint      ] Total time for which application threads were stopped: 0.0001337 seconds, Stopping threads took: 0.0000526 seconds
[117.937s][info ][safepoint      ] Application time: 1.0000779 seconds
[117.937s][info ][safepoint      ] Entering safepoint region: Cleanup
[117.937s][info ][safepoint      ] Leaving safepoint region
[117.937s][info ][safepoint      ] Total time for which application threads were stopped: 0.0001200 seconds, Stopping threads took: 0.0000330 seconds
[118.937s][info ][safepoint      ] Application time: 1.0000740 seconds
[118.938s][info ][safepoint      ] Entering safepoint region: Cleanup
[118.938s][info ][safepoint      ] Leaving safepoint region
[118.938s][info ][safepoint      ] Total time for which application threads were stopped: 0.0001132 seconds, Stopping threads took: 0.0000360 seconds
[119.938s][info ][safepoint      ] Application time: 1.0000765 seconds
[119.938s][info ][safepoint      ] Entering safepoint region: Cleanup
[119.938s][info ][safepoint      ] Leaving safepoint region
[119.938s][info ][safepoint      ] Total time for which application threads were stopped: 0.0000946 seconds, Stopping threads took: 0.0000351 seconds
[120.938s][info ][safepoint      ] Application time: 1.0000878 seconds
[120.938s][info ][safepoint      ] Entering safepoint region: Cleanup
[120.938s][info ][safepoint      ] Leaving safepoint region
[120.938s][info ][safepoint      ] Total time for which application threads were stopped: 0.0001304 seconds, Stopping threads took: 0.0000598 seconds
[121.938s][info ][safepoint      ] Application time: 1.0000802 seconds
[121.938s][info ][safepoint      ] Entering safepoint region: Cleanup
[121.938s][info ][safepoint      ] Leaving safepoint region
[121.938s][info ][safepoint      ] Total time for which application threads were stopped: 0.0001136 seconds, Stopping threads took: 0.0000331 seconds
[122.938s][info ][safepoint      ] Application time: 1.0000830 seconds
[122.938s][info ][safepoint      ] Entering safepoint region: Cleanup
[122.939s][info ][safepoint      ] Leaving safepoint region
[122.939s][info ][safepoint      ] Total time for which application threads were stopped: 0.0001128 seconds, Stopping threads took: 0.0000367 seconds
[123.134s][info ][safepoint      ] Application time: 0.1954622 seconds
[123.134s][info ][safepoint      ] Entering safepoint region: ParallelGCFailedAllocation
[123.134s][info ][gc,start       ] GC(54) Pause Young (Allocation Failure)
[123.152s][debug][gc,phases      ] GC(54) Scavenge 17.406ms
[123.152s][debug][gc,ref         ] GC(54) Skipped phase1 of Reference Processing due to unavailable references
[123.152s][debug][gc,ref         ] GC(54) Skipped phase3 of Reference Processing due to unavailable references
[123.152s][debug][gc,phases      ] GC(54) Reference Processing 0.094ms
[123.152s][debug][gc,phases      ] GC(54) Weak Processing 0.176ms
[123.152s][debug][gc,phases      ] GC(54) Scrub String Table 0.529ms
[123.152s][debug][gc,age         ] GC(54) Desired survivor size 103809024 bytes, new threshold 15 (max threshold 15)
[123.153s][info ][gc,heap        ] GC(54) PSYoungGen: 1953851K->65579K(1995776K)
[123.153s][info ][gc,heap        ] GC(54) ParOldGen: 231655K->232127K(254976K)
[123.153s][info ][gc,metaspace   ] GC(54) Metaspace: 73275K->73275K(1116160K)
[123.153s][info ][gc             ] GC(54) Pause Young (Allocation Failure) 2134M->290M(2198M) 18.350ms
[123.153s][info ][gc,cpu         ] GC(54) User=0.07s Sys=0.00s Real=0.02s
[123.153s][info ][safepoint      ] Leaving safepoint region
[123.153s][info ][safepoint      ] Total time for which application threads were stopped: 0.0185128 seconds, Stopping threads took: 0.0000134 seconds
[124.153s][info ][safepoint      ] Application time: 1.0000907 seconds
[124.153s][info ][safepoint      ] Entering safepoint region: Cleanup
[124.153s][info ][safepoint      ] Leaving safepoint region
[124.153s][info ][safepoint      ] Total time for which application threads were stopped: 0.0000842 seconds, Stopping threads took: 0.0000152 seconds
[125.153s][info ][safepoint      ] Application time: 1.0000769 seconds
[125.153s][info ][safepoint      ] Entering safepoint region: Cleanup
[125.153s][info ][safepoint      ] Leaving safepoint region
[125.153s][info ][safepoint      ] Total time for which application threads were stopped: 0.0000687 seconds, Stopping threads took: 0.0000116 seconds
[126.153s][info ][safepoint      ] Application time: 1.0000786 seconds
[126.153s][info ][safepoint      ] Entering safepoint region: Cleanup
[126.153s][info ][safepoint      ] Leaving safepoint region
[126.153s][info ][safepoint      ] Total time for which application threads were stopped: 0.0000775 seconds, Stopping threads took: 0.0000127 seconds
[127.153s][info ][safepoint      ] Application time: 1.0000290 seconds
[127.153s][info ][safepoint      ] Entering safepoint region: Cleanup
[127.153s][info ][safepoint      ] Leaving safepoint region
[127.153s][info ][safepoint      ] Total time for which application threads were stopped: 0.0000727 seconds, Stopping threads took: 0.0000136 seconds
[128.153s][info ][safepoint      ] Application time: 1.0000773 seconds
[128.153s][info ][safepoint      ] Entering safepoint region: Cleanup
[128.154s][info ][safepoint      ] Leaving safepoint region
[128.154s][info ][safepoint      ] Total time for which application threads were stopped: 0.0000924 seconds, Stopping threads took: 0.0000132 seconds
[129.154s][info ][safepoint      ] Application time: 1.0000740 seconds
[129.154s][info ][safepoint      ] Entering safepoint region: Cleanup
[129.154s][info ][safepoint      ] Leaving safepoint region
[129.154s][info ][safepoint      ] Total time for which application threads were stopped: 0.0001224 seconds, Stopping threads took: 0.0000267 seconds
[130.154s][info ][safepoint      ] Application time: 1.0000706 seconds
[130.154s][info ][safepoint      ] Entering safepoint region: Cleanup
[130.154s][info ][safepoint      ] Leaving safepoint region
[130.154s][info ][safepoint      ] Total time for which application threads were stopped: 0.0001296 seconds, Stopping threads took: 0.0000131 seconds
[131.154s][info ][safepoint      ] Application time: 1.0000705 seconds
[131.154s][info ][safepoint      ] Entering safepoint region: Cleanup
[131.154s][info ][safepoint      ] Leaving safepoint region
[131.154s][info ][safepoint      ] Total time for which application threads were stopped: 0.0001053 seconds, Stopping threads took: 0.0000166 seconds
[132.154s][info ][safepoint      ] Application time: 1.0000662 seconds
[132.154s][info ][safepoint      ] Entering safepoint region: Cleanup
[132.154s][info ][safepoint      ] Leaving safepoint region
[132.154s][info ][safepoint      ] Total time for which application threads were stopped: 0.0000755 seconds, Stopping threads took: 0.0000128 seconds
[132.570s][info ][safepoint      ] Application time: 0.4150973 seconds
[132.570s][info ][safepoint      ] Entering safepoint region: ParallelGCFailedAllocation
[132.570s][info ][gc,start       ] GC(55) Pause Young (Allocation Failure)
[132.585s][debug][gc,phases      ] GC(55) Scavenge 15.623ms
[132.585s][debug][gc,ref         ] GC(55) Skipped phase1 of Reference Processing due to unavailable references
[132.585s][debug][gc,ref         ] GC(55) Skipped phase3 of Reference Processing due to unavailable references
[132.585s][debug][gc,phases      ] GC(55) Reference Processing 0.096ms
[132.586s][debug][gc,phases      ] GC(55) Weak Processing 0.188ms
[132.586s][debug][gc,phases      ] GC(55) Scrub String Table 0.620ms
[132.586s][debug][gc,age         ] GC(55) Desired survivor size 102236160 bytes, new threshold 15 (max threshold 15)
[132.586s][info ][gc,heap        ] GC(55) PSYoungGen: 1958955K->64994K(1994752K)
[132.586s][info ][gc,heap        ] GC(55) ParOldGen: 232127K->232847K(254976K)
[132.586s][info ][gc,metaspace   ] GC(55) Metaspace: 73297K->73297K(1116160K)
[132.586s][info ][gc             ] GC(55) Pause Young (Allocation Failure) 2139M->290M(2197M) 16.675ms
[132.586s][info ][gc,cpu         ] GC(55) User=0.06s Sys=0.01s Real=0.01s
[132.586s][info ][safepoint      ] Leaving safepoint region
[132.586s][info ][safepoint      ] Total time for which application threads were stopped: 0.0168292 seconds, Stopping threads took: 0.0000130 seconds
[133.586s][info ][safepoint      ] Application time: 1.0000826 seconds
[133.587s][info ][safepoint      ] Entering safepoint region: Cleanup
[133.587s][info ][safepoint      ] Leaving safepoint region
[133.587s][info ][safepoint      ] Total time for which application threads were stopped: 0.0001201 seconds, Stopping threads took: 0.0000381 seconds
[134.587s][info ][safepoint      ] Application time: 1.0000779 seconds
[134.587s][info ][safepoint      ] Entering safepoint region: Cleanup
[134.587s][info ][safepoint      ] Leaving safepoint region
[134.587s][info ][safepoint      ] Total time for which application threads were stopped: 0.0001161 seconds, Stopping threads took: 0.0000356 seconds
[135.497s][info ][safepoint      ] Application time: 0.9098257 seconds
[135.497s][info ][safepoint      ] Entering safepoint region: RevokeBias
[135.497s][info ][safepoint      ] Leaving safepoint region
[135.497s][info ][safepoint      ] Total time for which application threads were stopped: 0.0000723 seconds, Stopping threads took: 0.0000129 seconds
[135.501s][info ][safepoint      ] Application time: 0.0044209 seconds
[135.501s][info ][safepoint      ] Entering safepoint region: RevokeBias
[135.501s][info ][safepoint      ] Leaving safepoint region
[135.501s][info ][safepoint      ] Total time for which application threads were stopped: 0.0000328 seconds, Stopping threads took: 0.0000058 seconds
[136.501s][info ][safepoint      ] Application time: 1.0000724 seconds
[136.501s][info ][safepoint      ] Entering safepoint region: Cleanup
[136.501s][info ][safepoint      ] Leaving safepoint region
[136.501s][info ][safepoint      ] Total time for which application threads were stopped: 0.0000788 seconds, Stopping threads took: 0.0000137 seconds
[137.502s][info ][safepoint      ] Application time: 1.0000640 seconds
[137.502s][info ][safepoint      ] Entering safepoint region: Cleanup
[137.502s][info ][safepoint      ] Leaving safepoint region
[137.502s][info ][safepoint      ] Total time for which application threads were stopped: 0.0000748 seconds, Stopping threads took: 0.0000135 seconds
[138.502s][info ][safepoint      ] Application time: 1.0000737 seconds
[138.502s][info ][safepoint      ] Entering safepoint region: Cleanup
[138.502s][info ][safepoint      ] Leaving safepoint region
[138.502s][info ][safepoint      ] Total time for which application threads were stopped: 0.0000652 seconds, Stopping threads took: 0.0000139 seconds
[139.502s][info ][safepoint      ] Application time: 1.0000378 seconds
[139.502s][info ][safepoint      ] Entering safepoint region: Cleanup
[139.502s][info ][safepoint      ] Leaving safepoint region
[139.502s][info ][safepoint      ] Total time for which application threads were stopped: 0.0000735 seconds, Stopping threads took: 0.0000133 seconds
[140.502s][info ][safepoint      ] Application time: 1.0000744 seconds
[140.502s][info ][safepoint      ] Entering safepoint region: Cleanup
[140.502s][info ][safepoint      ] Leaving safepoint region
[140.502s][info ][safepoint      ] Total time for which application threads were stopped: 0.0000761 seconds, Stopping threads took: 0.0000133 seconds
[141.502s][info ][safepoint      ] Application time: 1.0000778 seconds
[141.502s][info ][safepoint      ] Entering safepoint region: Cleanup
[141.502s][info ][safepoint      ] Leaving safepoint region
[141.502s][info ][safepoint      ] Total time for which application threads were stopped: 0.0000646 seconds, Stopping threads took: 0.0000142 seconds
[142.041s][info ][safepoint      ] Application time: 0.5382507 seconds
[142.041s][info ][safepoint      ] Entering safepoint region: ParallelGCFailedAllocation
[142.041s][info ][gc,start       ] GC(56) Pause Young (Allocation Failure)
[142.058s][debug][gc,phases      ] GC(56) Scavenge 17.553ms
[142.058s][debug][gc,ref         ] GC(56) Skipped phase1 of Reference Processing due to unavailable references
[142.058s][debug][gc,ref         ] GC(56) Skipped phase3 of Reference Processing due to unavailable references
[142.058s][debug][gc,phases      ] GC(56) Reference Processing 0.071ms
[142.059s][debug][gc,phases      ] GC(56) Weak Processing 0.156ms
[142.059s][debug][gc,phases      ] GC(56) Scrub String Table 0.540ms
[142.059s][debug][gc,age         ] GC(56) Desired survivor size 100139008 bytes, new threshold 15 (max threshold 15)
[142.059s][info ][gc,heap        ] GC(56) PSYoungGen: 1958370K->64221K(1999360K)
[142.059s][info ][gc,heap        ] GC(56) ParOldGen: 232847K->233631K(254976K)
[142.059s][info ][gc,metaspace   ] GC(56) Metaspace: 73301K->73301K(1116160K)
[142.059s][info ][gc             ] GC(56) Pause Young (Allocation Failure) 2139M->290M(2201M) 18.449ms
[142.059s][info ][gc,cpu         ] GC(56) User=0.07s Sys=0.00s Real=0.01s
[142.059s][info ][safepoint      ] Leaving safepoint region
[142.059s][info ][safepoint      ] Total time for which application threads were stopped: 0.0186020 seconds, Stopping threads took: 0.0000152 seconds
[143.059s][info ][safepoint      ] Application time: 1.0000751 seconds
[143.059s][info ][safepoint      ] Entering safepoint region: Cleanup
[143.059s][info ][safepoint      ] Leaving safepoint region
[143.059s][info ][safepoint      ] Total time for which application threads were stopped: 0.0001010 seconds, Stopping threads took: 0.0000155 seconds
[144.060s][info ][safepoint      ] Application time: 1.0000825 seconds
[144.060s][info ][safepoint      ] Entering safepoint region: Cleanup
[144.060s][info ][safepoint      ] Leaving safepoint region
[144.060s][info ][safepoint      ] Total time for which application threads were stopped: 0.0000913 seconds, Stopping threads took: 0.0000151 seconds
[144.469s][info ][safepoint      ] Application time: 0.4091155 seconds
[144.469s][info ][safepoint      ] Entering safepoint region: RevokeBias
[144.469s][info ][safepoint      ] Leaving safepoint region
[144.469s][info ][safepoint      ] Total time for which application threads were stopped: 0.0000830 seconds, Stopping threads took: 0.0000135 seconds
[144.659s][info ][safepoint      ] Application time: 0.1905870 seconds
[144.660s][info ][safepoint      ] Entering safepoint region: RevokeBias
[144.660s][info ][safepoint      ] Leaving safepoint region
[144.660s][info ][safepoint      ] Total time for which application threads were stopped: 0.0000934 seconds, Stopping threads took: 0.0000179 seconds
[145.660s][info ][safepoint      ] Application time: 1.0001118 seconds
[145.660s][info ][safepoint      ] Entering safepoint region: Cleanup
[145.660s][info ][safepoint      ] Leaving safepoint region
[145.660s][info ][safepoint      ] Total time for which application threads were stopped: 0.0001025 seconds, Stopping threads took: 0.0000179 seconds
[146.660s][info ][safepoint      ] Application time: 1.0000911 seconds
[146.660s][info ][safepoint      ] Entering safepoint region: Cleanup
[146.660s][info ][safepoint      ] Leaving safepoint region
[146.660s][info ][safepoint      ] Total time for which application threads were stopped: 0.0000809 seconds, Stopping threads took: 0.0000130 seconds
[147.660s][info ][safepoint      ] Application time: 1.0000809 seconds
[147.660s][info ][safepoint      ] Entering safepoint region: Cleanup
[147.660s][info ][safepoint      ] Leaving safepoint region
[147.660s][info ][safepoint      ] Total time for which application threads were stopped: 0.0000769 seconds, Stopping threads took: 0.0000149 seconds
[149.660s][info ][safepoint      ] Application time: 2.0001389 seconds
[149.660s][info ][safepoint      ] Entering safepoint region: Cleanup
[149.661s][info ][safepoint      ] Leaving safepoint region
[149.661s][info ][safepoint      ] Total time for which application threads were stopped: 0.0000808 seconds, Stopping threads took: 0.0000139 seconds
[150.661s][info ][safepoint      ] Application time: 1.0000897 seconds
[150.661s][info ][safepoint      ] Entering safepoint region: Cleanup
[150.661s][info ][safepoint      ] Leaving safepoint region
[150.661s][info ][safepoint      ] Total time for which application threads were stopped: 0.0000684 seconds, Stopping threads took: 0.0000137 seconds
[151.472s][info ][safepoint      ] Application time: 0.8116745 seconds
[151.473s][info ][safepoint      ] Entering safepoint region: ParallelGCFailedAllocation
[151.473s][info ][gc,start       ] GC(57) Pause Young (Allocation Failure)
[151.489s][debug][gc,phases      ] GC(57) Scavenge 16.644ms
[151.489s][debug][gc,ref         ] GC(57) Skipped phase1 of Reference Processing due to unavailable references
[151.489s][debug][gc,ref         ] GC(57) Skipped phase3 of Reference Processing due to unavailable references
[151.489s][debug][gc,phases      ] GC(57) Reference Processing 0.063ms
[151.490s][debug][gc,phases      ] GC(57) Weak Processing 0.168ms
[151.490s][debug][gc,phases      ] GC(57) Scrub String Table 0.509ms
[151.490s][debug][gc,age         ] GC(57) Desired survivor size 98041856 bytes, new threshold 15 (max threshold 15)
[151.490s][info ][gc,heap        ] GC(57) PSYoungGen: 1963741K->63083K(1997312K)
[151.490s][info ][gc,heap        ] GC(57) ParOldGen: 233631K->234851K(254976K)
[151.490s][info ][gc,metaspace   ] GC(57) Metaspace: 73327K->73327K(1116160K)
[151.490s][info ][gc             ] GC(57) Pause Young (Allocation Failure) 2145M->290M(2199M) 17.515ms
[151.490s][info ][gc,cpu         ] GC(57) User=0.07s Sys=0.00s Real=0.02s
[151.490s][info ][safepoint      ] Leaving safepoint region
[151.490s][info ][safepoint      ] Total time for which application threads were stopped: 0.0177004 seconds, Stopping threads took: 0.0000305 seconds
[152.490s][info ][safepoint      ] Application time: 1.0000892 seconds
[152.490s][info ][safepoint      ] Entering safepoint region: Cleanup
[152.490s][info ][safepoint      ] Leaving safepoint region
[152.490s][info ][safepoint      ] Total time for which application threads were stopped: 0.0001072 seconds, Stopping threads took: 0.0000350 seconds
[153.491s][info ][safepoint      ] Application time: 1.0000824 seconds
[153.491s][info ][safepoint      ] Entering safepoint region: Cleanup
[153.491s][info ][safepoint      ] Leaving safepoint region
[153.491s][info ][safepoint      ] Total time for which application threads were stopped: 0.0001048 seconds, Stopping threads took: 0.0000349 seconds
[154.491s][info ][safepoint      ] Application time: 1.0000839 seconds
[154.491s][info ][safepoint      ] Entering safepoint region: Cleanup
[154.491s][info ][safepoint      ] Leaving safepoint region
[154.491s][info ][safepoint      ] Total time for which application threads were stopped: 0.0001348 seconds, Stopping threads took: 0.0000569 seconds
[155.491s][info ][safepoint      ] Application time: 1.0000845 seconds
[155.491s][info ][safepoint      ] Entering safepoint region: Cleanup
[155.491s][info ][safepoint      ] Leaving safepoint region
[155.491s][info ][safepoint      ] Total time for which application threads were stopped: 0.0001035 seconds, Stopping threads took: 0.0000327 seconds
[156.491s][info ][safepoint      ] Application time: 1.0000657 seconds
[156.491s][info ][safepoint      ] Entering safepoint region: Cleanup
[156.491s][info ][safepoint      ] Leaving safepoint region
[156.491s][info ][safepoint      ] Total time for which application threads were stopped: 0.0001179 seconds, Stopping threads took: 0.0000339 seconds
[157.491s][info ][safepoint      ] Application time: 1.0000829 seconds
[157.492s][info ][safepoint      ] Entering safepoint region: Cleanup
[157.492s][info ][safepoint      ] Leaving safepoint region
[157.492s][info ][safepoint      ] Total time for which application threads were stopped: 0.0001013 seconds, Stopping threads took: 0.0000314 seconds
[158.492s][info ][safepoint      ] Application time: 1.0000937 seconds
[158.492s][info ][safepoint      ] Entering safepoint region: Cleanup
[158.492s][info ][safepoint      ] Leaving safepoint region
[158.492s][info ][safepoint      ] Total time for which application threads were stopped: 0.0000976 seconds, Stopping threads took: 0.0000316 seconds
[159.492s][info ][safepoint      ] Application time: 1.0000848 seconds
[159.492s][info ][safepoint      ] Entering safepoint region: Cleanup
[159.492s][info ][safepoint      ] Leaving safepoint region
[159.492s][info ][safepoint      ] Total time for which application threads were stopped: 0.0001158 seconds, Stopping threads took: 0.0000363 seconds
[160.492s][info ][safepoint      ] Application time: 1.0000746 seconds
[160.492s][info ][safepoint      ] Entering safepoint region: Cleanup
[160.492s][info ][safepoint      ] Leaving safepoint region
[160.492s][info ][safepoint      ] Total time for which application threads were stopped: 0.0001077 seconds, Stopping threads took: 0.0000460 seconds
[160.521s][info ][safepoint      ] Application time: 0.0286014 seconds
[160.521s][info ][safepoint      ] Entering safepoint region: ParallelGCFailedAllocation
[160.521s][info ][gc,start       ] GC(58) Pause Young (Allocation Failure)
[160.539s][debug][gc,phases      ] GC(58) Scavenge 17.603ms
[160.539s][debug][gc,ref         ] GC(58) Skipped phase1 of Reference Processing due to unavailable references
[160.539s][debug][gc,ref         ] GC(58) Skipped phase3 of Reference Processing due to unavailable references
[160.539s][debug][gc,phases      ] GC(58) Reference Processing 0.060ms
[160.539s][debug][gc,phases      ] GC(58) Weak Processing 0.166ms
[160.540s][debug][gc,phases      ] GC(58) Scrub String Table 0.520ms
[160.540s][debug][gc,age         ] GC(58) Desired survivor size 94896128 bytes, new threshold 15 (max threshold 15)
[160.540s][info ][gc,heap        ] GC(58) PSYoungGen: 1962603K->62076K(2004480K)
[160.540s][info ][gc,heap        ] GC(58) ParOldGen: 234851K->239177K(254976K)
[160.540s][info ][gc,metaspace   ] GC(58) Metaspace: 73348K->73348K(1116160K)
[160.540s][info ][gc             ] GC(58) Pause Young (Allocation Failure) 2145M->294M(2206M) 18.497ms
[160.540s][info ][gc,cpu         ] GC(58) User=0.06s Sys=0.01s Real=0.01s
[160.540s][info ][safepoint      ] Leaving safepoint region
[160.540s][info ][safepoint      ] Total time for which application threads were stopped: 0.0186656 seconds, Stopping threads took: 0.0000318 seconds
[161.540s][info ][safepoint      ] Application time: 1.0000892 seconds
[161.540s][info ][safepoint      ] Entering safepoint region: Cleanup
[161.540s][info ][safepoint      ] Leaving safepoint region
[161.540s][info ][safepoint      ] Total time for which application threads were stopped: 0.0001100 seconds, Stopping threads took: 0.0000445 seconds
[162.540s][info ][safepoint      ] Application time: 1.0000801 seconds
[162.540s][info ][safepoint      ] Entering safepoint region: Cleanup
[162.540s][info ][safepoint      ] Leaving safepoint region
[162.540s][info ][safepoint      ] Total time for which application threads were stopped: 0.0001049 seconds, Stopping threads took: 0.0000322 seconds
[163.540s][info ][safepoint      ] Application time: 1.0000824 seconds
[163.540s][info ][safepoint      ] Entering safepoint region: Cleanup
[163.540s][info ][safepoint      ] Leaving safepoint region
[163.540s][info ][safepoint      ] Total time for which application threads were stopped: 0.0000953 seconds, Stopping threads took: 0.0000344 seconds
[164.540s][info ][safepoint      ] Application time: 1.0000718 seconds
[164.540s][info ][safepoint      ] Entering safepoint region: Cleanup
[164.541s][info ][safepoint      ] Leaving safepoint region
[164.541s][info ][safepoint      ] Total time for which application threads were stopped: 0.0001089 seconds, Stopping threads took: 0.0000466 seconds
[165.541s][info ][safepoint      ] Application time: 1.0000782 seconds
[165.541s][info ][safepoint      ] Entering safepoint region: Cleanup
[165.541s][info ][safepoint      ] Leaving safepoint region
[165.541s][info ][safepoint      ] Total time for which application threads were stopped: 0.0001323 seconds, Stopping threads took: 0.0000478 seconds
[166.541s][info ][safepoint      ] Application time: 1.0000756 seconds
[166.541s][info ][safepoint      ] Entering safepoint region: Cleanup
[166.541s][info ][safepoint      ] Leaving safepoint region
[166.541s][info ][safepoint      ] Total time for which application threads were stopped: 0.0001116 seconds, Stopping threads took: 0.0000310 seconds
[167.541s][info ][safepoint      ] Application time: 1.0000796 seconds
[167.541s][info ][safepoint      ] Entering safepoint region: Cleanup
[167.541s][info ][safepoint      ] Leaving safepoint region
[167.541s][info ][safepoint      ] Total time for which application threads were stopped: 0.0002285 seconds, Stopping threads took: 0.0000468 seconds
[168.541s][info ][safepoint      ] Application time: 1.0000755 seconds
[168.542s][info ][safepoint      ] Entering safepoint region: Cleanup
[168.542s][info ][safepoint      ] Leaving safepoint region
[168.542s][info ][safepoint      ] Total time for which application threads were stopped: 0.0001137 seconds, Stopping threads took: 0.0000367 seconds
[169.542s][info ][safepoint      ] Application time: 1.0000828 seconds
[169.542s][info ][safepoint      ] Entering safepoint region: Cleanup
[169.542s][info ][safepoint      ] Leaving safepoint region
[169.542s][info ][safepoint      ] Total time for which application threads were stopped: 0.0001077 seconds, Stopping threads took: 0.0000373 seconds
[169.591s][info ][safepoint      ] Application time: 0.0488732 seconds
[169.591s][info ][safepoint      ] Entering safepoint region: ParallelGCFailedAllocation
[169.591s][info ][gc,start       ] GC(59) Pause Young (Allocation Failure)
[169.609s][debug][gc,phases      ] GC(59) Scavenge 18.551ms
[169.609s][debug][gc,ref         ] GC(59) Skipped phase1 of Reference Processing due to unavailable references
[169.610s][debug][gc,ref         ] GC(59) Skipped phase3 of Reference Processing due to unavailable references
[169.610s][debug][gc,phases      ] GC(59) Reference Processing 0.062ms
[169.610s][debug][gc,phases      ] GC(59) Weak Processing 0.178ms
[169.610s][debug][gc,phases      ] GC(59) Scrub String Table 0.498ms
[169.610s][debug][gc,age         ] GC(59) Desired survivor size 98566144 bytes, new threshold 15 (max threshold 15)
[169.610s][info ][gc,heap        ] GC(59) PSYoungGen: 1970812K->20432K(1929216K)
[169.610s][info ][gc,heap        ] GC(59) ParOldGen: 239177K->284846K(285696K)
[169.610s][info ][gc,metaspace   ] GC(59) Metaspace: 73364K->73364K(1116160K)
[169.610s][info ][gc             ] GC(59) Pause Young (Allocation Failure) 2158M->298M(2163M) 19.415ms
[169.610s][info ][gc,cpu         ] GC(59) User=0.07s Sys=0.01s Real=0.02s
[169.610s][debug][gc,phases      ] GC(60) Pre Compact 0.015ms
[169.610s][info ][gc,start       ] GC(60) Pause Full (Ergonomics)
[169.610s][info ][gc,phases,start] GC(60) Marking Phase
[169.711s][debug][gc,phases      ] GC(60) Par Mark 99.670ms
[169.711s][debug][gc,ref         ] GC(60) Skipped phase1 of Reference Processing due to unavailable references
[169.711s][debug][gc,ref         ] GC(60) Skipped phase3 of Reference Processing due to unavailable references
[169.711s][debug][gc,phases      ] GC(60) Reference Processing 0.324ms
[169.711s][debug][gc,phases      ] GC(60) Weak Processing 0.154ms
[169.712s][debug][gc,phases      ] GC(60) ClassLoaderData 0.797ms
[169.712s][debug][gc,phases      ] GC(60) ProtectionDomainCacheTable 0.002ms
[169.712s][debug][gc,phases      ] GC(60) ResolvedMethodTable 0.140ms
[169.719s][debug][gc,phases      ] GC(60) Class Unloading 7.977ms
[169.720s][debug][gc,phases      ] GC(60) Scrub String Table 0.479ms
[169.725s][debug][gc,phases      ] GC(60) Scrub Symbol Table 5.682ms
[169.725s][info ][gc,phases      ] GC(60) Marking Phase 115.038ms
[169.725s][info ][gc,phases,start] GC(60) Summary Phase
[169.725s][info ][gc,phases      ] GC(60) Summary Phase 0.009ms
[169.725s][info ][gc,phases,start] GC(60) Adjust Roots
[169.754s][info ][gc,phases      ] GC(60) Adjust Roots 28.164ms
[169.754s][info ][gc,phases,start] GC(60) Compaction Phase
[170.165s][info ][gc,phases      ] GC(60) Compaction Phase 411.072ms
[170.165s][info ][gc,phases,start] GC(60) Post Compact
[170.166s][info ][gc,phases      ] GC(60) Post Compact 0.980ms
[170.166s][info ][gc,heap        ] GC(60) PSYoungGen: 20432K->9347K(1929216K)
[170.166s][info ][gc,heap        ] GC(60) ParOldGen: 284846K->285580K(355840K)
[170.166s][info ][gc,metaspace   ] GC(60) Metaspace: 73364K->73364K(1116160K)
[170.166s][info ][gc             ] GC(60) Pause Full (Ergonomics) 298M->288M(2231M) 555.561ms
[170.166s][info ][gc,cpu         ] GC(60) User=2.07s Sys=0.00s Real=0.55s
[170.166s][info ][safepoint      ] Leaving safepoint region
[170.166s][info ][safepoint      ] Total time for which application threads were stopped: 0.5751939 seconds, Stopping threads took: 0.0000129 seconds
[171.166s][info ][safepoint      ] Application time: 1.0000517 seconds
[171.166s][info ][safepoint      ] Entering safepoint region: Cleanup
[171.166s][info ][safepoint      ] Leaving safepoint region
[171.166s][info ][safepoint      ] Total time for which application threads were stopped: 0.0000903 seconds, Stopping threads took: 0.0000140 seconds
[172.166s][info ][safepoint      ] Application time: 1.0000732 seconds
[172.166s][info ][safepoint      ] Entering safepoint region: Cleanup
[172.166s][info ][safepoint      ] Leaving safepoint region
[172.166s][info ][safepoint      ] Total time for which application threads were stopped: 0.0001113 seconds, Stopping threads took: 0.0000218 seconds
[173.166s][info ][safepoint      ] Application time: 1.0000693 seconds
[173.166s][info ][safepoint      ] Entering safepoint region: Cleanup
[173.167s][info ][safepoint      ] Leaving safepoint region
[173.167s][info ][safepoint      ] Total time for which application threads were stopped: 0.0001126 seconds, Stopping threads took: 0.0000171 seconds
[174.167s][info ][safepoint      ] Application time: 1.0000757 seconds
[174.167s][info ][safepoint      ] Entering safepoint region: Cleanup
[174.167s][info ][safepoint      ] Leaving safepoint region
[174.167s][info ][safepoint      ] Total time for which application threads were stopped: 0.0000767 seconds, Stopping threads took: 0.0000133 seconds
[175.167s][info ][safepoint      ] Application time: 1.0000763 seconds
[175.167s][info ][safepoint      ] Entering safepoint region: Cleanup
[175.167s][info ][safepoint      ] Leaving safepoint region
[175.167s][info ][safepoint      ] Total time for which application threads were stopped: 0.0000757 seconds, Stopping threads took: 0.0000134 seconds
[176.167s][info ][safepoint      ] Application time: 1.0000685 seconds
[176.167s][info ][safepoint      ] Entering safepoint region: Cleanup
[176.167s][info ][safepoint      ] Leaving safepoint region
[176.167s][info ][safepoint      ] Total time for which application threads were stopped: 0.0000886 seconds, Stopping threads took: 0.0000129 seconds
[177.167s][info ][safepoint      ] Application time: 1.0000752 seconds
[177.167s][info ][safepoint      ] Entering safepoint region: Cleanup
[177.167s][info ][safepoint      ] Leaving safepoint region
[177.167s][info ][safepoint      ] Total time for which application threads were stopped: 0.0000761 seconds, Stopping threads took: 0.0000134 seconds
[178.167s][info ][safepoint      ] Application time: 1.0000692 seconds
[178.167s][info ][safepoint      ] Entering safepoint region: Cleanup
[178.168s][info ][safepoint      ] Leaving safepoint region
[178.168s][info ][safepoint      ] Total time for which application threads were stopped: 0.0000722 seconds, Stopping threads took: 0.0000146 seconds
[178.876s][info ][safepoint      ] Application time: 0.7083782 seconds
[178.876s][info ][safepoint      ] Entering safepoint region: ParallelGCFailedAllocation
[178.876s][info ][gc,start       ] GC(61) Pause Young (Allocation Failure)
[178.905s][debug][gc,phases      ] GC(61) Scavenge 28.627ms
[178.905s][debug][gc,ref         ] GC(61) Skipped phase1 of Reference Processing due to unavailable references
[178.905s][debug][gc,ref         ] GC(61) Skipped phase3 of Reference Processing due to unavailable references
[178.905s][debug][gc,phases      ] GC(61) Reference Processing 0.032ms
[178.905s][debug][gc,phases      ] GC(61) Weak Processing 0.132ms
[178.905s][debug][gc,phases      ] GC(61) Scrub String Table 0.445ms
[178.905s][debug][gc,age         ] GC(61) Desired survivor size 101711872 bytes, new threshold 15 (max threshold 15)
[178.905s][info ][gc,heap        ] GC(61) PSYoungGen: 1918083K->13728K(1994752K)
[178.905s][info ][gc,heap        ] GC(61) ParOldGen: 285580K->285680K(355840K)
[178.905s][info ][gc,metaspace   ] GC(61) Metaspace: 73394K->73394K(1116160K)
[178.905s][info ][gc             ] GC(61) Pause Young (Allocation Failure) 2152M->292M(2295M) 29.360ms
[178.905s][info ][gc,cpu         ] GC(61) User=0.11s Sys=0.00s Real=0.03s
[178.905s][info ][safepoint      ] Leaving safepoint region
[178.905s][info ][safepoint      ] Total time for which application threads were stopped: 0.0295162 seconds, Stopping threads took: 0.0000114 seconds
[179.906s][info ][safepoint      ] Application time: 1.0000902 seconds
[179.906s][info ][safepoint      ] Entering safepoint region: Cleanup
[179.906s][info ][safepoint      ] Leaving safepoint region
[179.906s][info ][safepoint      ] Total time for which application threads were stopped: 0.0000898 seconds, Stopping threads took: 0.0000124 seconds
[180.906s][info ][safepoint      ] Application time: 1.0000829 seconds
[180.906s][info ][safepoint      ] Entering safepoint region: Cleanup
[180.906s][info ][safepoint      ] Leaving safepoint region
[180.906s][info ][safepoint      ] Total time for which application threads were stopped: 0.0000810 seconds, Stopping threads took: 0.0000131 seconds
[181.906s][info ][safepoint      ] Application time: 1.0000743 seconds
[181.906s][info ][safepoint      ] Entering safepoint region: Cleanup
[181.906s][info ][safepoint      ] Leaving safepoint region
[181.906s][info ][safepoint      ] Total time for which application threads were stopped: 0.0001094 seconds, Stopping threads took: 0.0000271 seconds
[182.906s][info ][safepoint      ] Application time: 1.0000713 seconds
[182.906s][info ][safepoint      ] Entering safepoint region: Cleanup
[182.906s][info ][safepoint      ] Leaving safepoint region
[182.906s][info ][safepoint      ] Total time for which application threads were stopped: 0.0000727 seconds, Stopping threads took: 0.0000123 seconds
[185.907s][info ][safepoint      ] Application time: 3.0002312 seconds
[185.907s][info ][safepoint      ] Entering safepoint region: Cleanup
[185.907s][info ][safepoint      ] Leaving safepoint region
[185.907s][info ][safepoint      ] Total time for which application threads were stopped: 0.0000751 seconds, Stopping threads took: 0.0000130 seconds
[187.907s][info ][safepoint      ] Application time: 2.0001443 seconds
[187.907s][info ][safepoint      ] Entering safepoint region: Cleanup
[187.907s][info ][safepoint      ] Leaving safepoint region
[187.907s][info ][safepoint      ] Total time for which application threads were stopped: 0.0000769 seconds, Stopping threads took: 0.0000131 seconds
[188.332s][info ][safepoint      ] Application time: 0.4252487 seconds
[188.332s][info ][safepoint      ] Entering safepoint region: ParallelGCFailedAllocation
[188.332s][info ][gc,start       ] GC(62) Pause Young (Allocation Failure)
[188.339s][debug][gc,phases      ] GC(62) Scavenge 6.809ms
[188.339s][debug][gc,ref         ] GC(62) Skipped phase1 of Reference Processing due to unavailable references
[188.339s][debug][gc,ref         ] GC(62) Skipped phase3 of Reference Processing due to unavailable references
[188.339s][debug][gc,phases      ] GC(62) Reference Processing 0.027ms
[188.339s][debug][gc,phases      ] GC(62) Weak Processing 0.144ms
[188.340s][debug][gc,phases      ] GC(62) Scrub String Table 0.461ms
[188.340s][debug][gc,age         ] GC(62) Desired survivor size 103809024 bytes, new threshold 15 (max threshold 15)
[188.340s][info ][gc,heap        ] GC(62) PSYoungGen: 1912224K->12192K(1910784K)
[188.340s][info ][gc,heap        ] GC(62) ParOldGen: 285680K->287589K(355840K)
[188.340s][info ][gc,metaspace   ] GC(62) Metaspace: 73424K->73424K(1116160K)
[188.340s][info ][gc             ] GC(62) Pause Young (Allocation Failure) 2146M->292M(2213M) 7.567ms
[188.340s][info ][gc,cpu         ] GC(62) User=0.03s Sys=0.00s Real=0.01s
[188.340s][info ][safepoint      ] Leaving safepoint region
[188.340s][info ][safepoint      ] Total time for which application threads were stopped: 0.0077222 seconds, Stopping threads took: 0.0000120 seconds
[189.340s][info ][safepoint      ] Application time: 1.0000780 seconds
[189.340s][info ][safepoint      ] Entering safepoint region: Cleanup
[189.340s][info ][safepoint      ] Leaving safepoint region
[189.340s][info ][safepoint      ] Total time for which application threads were stopped: 0.0001106 seconds, Stopping threads took: 0.0000404 seconds
[190.340s][info ][safepoint      ] Application time: 1.0000461 seconds
[190.340s][info ][safepoint      ] Entering safepoint region: Cleanup
[190.340s][info ][safepoint      ] Leaving safepoint region
[190.340s][info ][safepoint      ] Total time for which application threads were stopped: 0.0001045 seconds, Stopping threads took: 0.0000333 seconds
[192.341s][info ][safepoint      ] Application time: 2.0001644 seconds
[192.341s][info ][safepoint      ] Entering safepoint region: Cleanup
[192.341s][info ][safepoint      ] Leaving safepoint region
[192.341s][info ][safepoint      ] Total time for which application threads were stopped: 0.0001060 seconds, Stopping threads took: 0.0000370 seconds
[193.166s][info ][safepoint      ] Application time: 0.8253470 seconds
[193.166s][info ][safepoint      ] Entering safepoint region: RevokeBias
[193.166s][info ][safepoint      ] Leaving safepoint region
[193.166s][info ][safepoint      ] Total time for which application threads were stopped: 0.0000940 seconds, Stopping threads took: 0.0000106 seconds
[193.166s][info ][safepoint      ] Application time: 0.0000259 seconds
[193.166s][info ][safepoint      ] Entering safepoint region: RevokeBias
[193.166s][info ][safepoint      ] Leaving safepoint region
[193.166s][info ][safepoint      ] Total time for which application threads were stopped: 0.0000271 seconds, Stopping threads took: 0.0000040 seconds
[193.166s][info ][safepoint      ] Application time: 0.0002745 seconds
[193.166s][info ][safepoint      ] Entering safepoint region: RevokeBias
[193.167s][info ][safepoint      ] Leaving safepoint region
[193.167s][info ][safepoint      ] Total time for which application threads were stopped: 0.0000403 seconds, Stopping threads took: 0.0000060 seconds
[194.167s][info ][safepoint      ] Application time: 1.0000735 seconds
[194.167s][info ][safepoint      ] Entering safepoint region: Cleanup
[194.167s][info ][safepoint      ] Leaving safepoint region
[194.167s][info ][safepoint      ] Total time for which application threads were stopped: 0.0001357 seconds, Stopping threads took: 0.0000155 seconds
[195.167s][info ][safepoint      ] Application time: 1.0000811 seconds
[195.167s][info ][safepoint      ] Entering safepoint region: Cleanup
[195.167s][info ][safepoint      ] Leaving safepoint region
[195.167s][info ][safepoint      ] Total time for which application threads were stopped: 0.0000822 seconds, Stopping threads took: 0.0000143 seconds
[196.167s][info ][safepoint      ] Application time: 1.0000840 seconds
[196.167s][info ][safepoint      ] Entering safepoint region: Cleanup
[196.167s][info ][safepoint      ] Leaving safepoint region
[196.167s][info ][safepoint      ] Total time for which application threads were stopped: 0.0000704 seconds, Stopping threads took: 0.0000147 seconds
[197.167s][info ][safepoint      ] Application time: 1.0000721 seconds
[197.167s][info ][safepoint      ] Entering safepoint region: Cleanup
[197.167s][info ][safepoint      ] Leaving safepoint region
[197.167s][info ][safepoint      ] Total time for which application threads were stopped: 0.0000788 seconds, Stopping threads took: 0.0000165 seconds
[197.636s][info ][safepoint      ] Application time: 0.4687261 seconds
[197.636s][info ][safepoint      ] Entering safepoint region: ParallelGCFailedAllocation
[197.636s][info ][gc,start       ] GC(63) Pause Young (Allocation Failure)
[197.644s][debug][gc,phases      ] GC(63) Scavenge 7.899ms
[197.644s][debug][gc,ref         ] GC(63) Skipped phase1 of Reference Processing due to unavailable references
[197.644s][debug][gc,ref         ] GC(63) Skipped phase3 of Reference Processing due to unavailable references
[197.644s][debug][gc,ref         ] GC(63) Skipped phase4 of Reference Processing due to unavailable references
[197.644s][debug][gc,phases      ] GC(63) Reference Processing 0.029ms
[197.644s][debug][gc,phases      ] GC(63) Weak Processing 0.144ms
[197.645s][debug][gc,phases      ] GC(63) Scrub String Table 0.456ms
[197.645s][debug][gc,age         ] GC(63) Desired survivor size 103809024 bytes, new threshold 15 (max threshold 15)
[197.645s][info ][gc,heap        ] GC(63) PSYoungGen: 1910688K->16080K(1995776K)
[197.645s][info ][gc,heap        ] GC(63) ParOldGen: 287589K->287629K(355840K)
[197.645s][info ][gc,metaspace   ] GC(63) Metaspace: 73441K->73441K(1116160K)
[197.645s][info ][gc             ] GC(63) Pause Young (Allocation Failure) 2146M->296M(2296M) 8.659ms
[197.645s][info ][gc,cpu         ] GC(63) User=0.04s Sys=0.00s Real=0.01s
[197.645s][info ][safepoint      ] Leaving safepoint region
[197.645s][info ][safepoint      ] Total time for which application threads were stopped: 0.0088169 seconds, Stopping threads took: 0.0000130 seconds
[198.645s][info ][safepoint      ] Application time: 1.0000857 seconds
[198.645s][info ][safepoint      ] Entering safepoint region: Cleanup
[198.645s][info ][safepoint      ] Leaving safepoint region
[198.645s][info ][safepoint      ] Total time for which application threads were stopped: 0.0000724 seconds, Stopping threads took: 0.0000134 seconds
[199.645s][info ][safepoint      ] Application time: 1.0000736 seconds
[199.645s][info ][safepoint      ] Entering safepoint region: Cleanup
[199.645s][info ][safepoint      ] Leaving safepoint region
[199.645s][info ][safepoint      ] Total time for which application threads were stopped: 0.0000647 seconds, Stopping threads took: 0.0000134 seconds
[200.698s][info ][safepoint      ] Application time: 1.0527071 seconds
[200.698s][info ][safepoint      ] Entering safepoint region: RevokeBias
[200.698s][info ][safepoint      ] Leaving safepoint region
[200.698s][info ][safepoint      ] Total time for which application threads were stopped: 0.0001347 seconds, Stopping threads took: 0.0000323 seconds
[201.698s][info ][safepoint      ] Application time: 1.0000860 seconds
[201.698s][info ][safepoint      ] Entering safepoint region: Cleanup
[201.698s][info ][safepoint      ] Leaving safepoint region
[201.698s][info ][safepoint      ] Total time for which application threads were stopped: 0.0000733 seconds, Stopping threads took: 0.0000141 seconds
[202.699s][info ][safepoint      ] Application time: 1.0000690 seconds
[202.699s][info ][safepoint      ] Entering safepoint region: Cleanup
[202.699s][info ][safepoint      ] Leaving safepoint region
[202.699s][info ][safepoint      ] Total time for which application threads were stopped: 0.0001195 seconds, Stopping threads took: 0.0000412 seconds
[203.699s][info ][safepoint      ] Application time: 1.0000834 seconds
[203.699s][info ][safepoint      ] Entering safepoint region: Cleanup
[203.699s][info ][safepoint      ] Leaving safepoint region
[203.699s][info ][safepoint      ] Total time for which application threads were stopped: 0.0000794 seconds, Stopping threads took: 0.0000143 seconds
[204.469s][info ][safepoint      ] Application time: 0.7698862 seconds
[204.469s][info ][safepoint      ] Entering safepoint region: RevokeBias
[204.469s][info ][safepoint      ] Leaving safepoint region
[204.469s][info ][safepoint      ] Total time for which application threads were stopped: 0.0000738 seconds, Stopping threads took: 0.0000135 seconds
[206.921s][info ][safepoint      ] Application time: 2.4523398 seconds
[206.921s][info ][safepoint      ] Entering safepoint region: ParallelGCFailedAllocation
[206.921s][info ][gc,start       ] GC(64) Pause Young (Allocation Failure)
[206.929s][debug][gc,phases      ] GC(64) Scavenge 7.943ms
[206.929s][debug][gc,ref         ] GC(64) Skipped phase1 of Reference Processing due to unavailable references
[206.929s][debug][gc,ref         ] GC(64) Skipped phase3 of Reference Processing due to unavailable references
[206.929s][debug][gc,ref         ] GC(64) Skipped phase4 of Reference Processing due to unavailable references
[206.929s][debug][gc,phases      ] GC(64) Reference Processing 0.029ms
[206.930s][debug][gc,phases      ] GC(64) Weak Processing 0.130ms
[206.930s][debug][gc,phases      ] GC(64) Scrub String Table 0.402ms
[206.930s][debug][gc,age         ] GC(64) Desired survivor size 102760448 bytes, new threshold 15 (max threshold 15)
[206.930s][info ][gc,heap        ] GC(64) PSYoungGen: 1910480K->16800K(1995776K)
[206.930s][info ][gc,heap        ] GC(64) ParOldGen: 287629K->288649K(355840K)
[206.930s][info ][gc,metaspace   ] GC(64) Metaspace: 73462K->73462K(1116160K)
[206.930s][info ][gc             ] GC(64) Pause Young (Allocation Failure) 2146M->298M(2296M) 8.634ms
[206.930s][info ][gc,cpu         ] GC(64) User=0.04s Sys=0.00s Real=0.01s
[206.930s][info ][safepoint      ] Leaving safepoint region
[206.930s][info ][safepoint      ] Total time for which application threads were stopped: 0.0088075 seconds, Stopping threads took: 0.0000367 seconds
[208.930s][info ][safepoint      ] Application time: 2.0001587 seconds
[208.930s][info ][safepoint      ] Entering safepoint region: Cleanup
[208.930s][info ][safepoint      ] Leaving safepoint region
[208.930s][info ][safepoint      ] Total time for which application threads were stopped: 0.0001123 seconds, Stopping threads took: 0.0000349 seconds
[211.931s][info ][safepoint      ] Application time: 3.0001675 seconds
[211.931s][info ][safepoint      ] Entering safepoint region: Cleanup
[211.931s][info ][safepoint      ] Leaving safepoint region
[211.931s][info ][safepoint      ] Total time for which application threads were stopped: 0.0001131 seconds, Stopping threads took: 0.0000490 seconds
[212.931s][info ][safepoint      ] Application time: 1.0000824 seconds
[212.931s][info ][safepoint      ] Entering safepoint region: Cleanup
[212.931s][info ][safepoint      ] Leaving safepoint region
[212.931s][info ][safepoint      ] Total time for which application threads were stopped: 0.0001312 seconds, Stopping threads took: 0.0000548 seconds
[213.931s][info ][safepoint      ] Application time: 1.0000851 seconds
[213.931s][info ][safepoint      ] Entering safepoint region: Cleanup
[213.931s][info ][safepoint      ] Leaving safepoint region
[213.931s][info ][safepoint      ] Total time for which application threads were stopped: 0.0001264 seconds, Stopping threads took: 0.0000553 seconds
[216.478s][info ][safepoint      ] Application time: 2.5469377 seconds
[216.478s][info ][safepoint      ] Entering safepoint region: ParallelGCFailedAllocation
[216.478s][info ][gc,start       ] GC(65) Pause Young (Allocation Failure)
[216.487s][debug][gc,phases      ] GC(65) Scavenge 8.183ms
[216.487s][debug][gc,ref         ] GC(65) Skipped phase1 of Reference Processing due to unavailable references
[216.487s][debug][gc,ref         ] GC(65) Skipped phase3 of Reference Processing due to unavailable references
[216.487s][debug][gc,ref         ] GC(65) Skipped phase4 of Reference Processing due to unavailable references
[216.487s][debug][gc,phases      ] GC(65) Reference Processing 0.038ms
[216.487s][debug][gc,phases      ] GC(65) Weak Processing 0.174ms
[216.487s][debug][gc,phases      ] GC(65) Scrub String Table 0.552ms
[216.487s][debug][gc,age         ] GC(65) Desired survivor size 101187584 bytes, new threshold 15 (max threshold 15)
[216.487s][info ][gc,heap        ] GC(65) PSYoungGen: 1911200K->16832K(1998336K)
[216.487s][info ][gc,heap        ] GC(65) ParOldGen: 288649K->288849K(355840K)
[216.487s][info ][gc,metaspace   ] GC(65) Metaspace: 73469K->73469K(1116160K)
[216.487s][info ][gc             ] GC(65) Pause Young (Allocation Failure) 2148M->298M(2299M) 9.113ms
[216.487s][info ][gc,cpu         ] GC(65) User=0.03s Sys=0.00s Real=0.01s
[216.487s][info ][safepoint      ] Leaving safepoint region
[216.487s][info ][safepoint      ] Total time for which application threads were stopped: 0.0092755 seconds, Stopping threads took: 0.0000124 seconds
[217.488s][info ][safepoint      ] Application time: 1.0000824 seconds
[217.488s][info ][safepoint      ] Entering safepoint region: Cleanup
[217.488s][info ][safepoint      ] Leaving safepoint region
[217.488s][info ][safepoint      ] Total time for which application threads were stopped: 0.0001220 seconds, Stopping threads took: 0.0000368 seconds
[218.488s][info ][safepoint      ] Application time: 1.0000876 seconds
[218.488s][info ][safepoint      ] Entering safepoint region: Cleanup
[218.488s][info ][safepoint      ] Leaving safepoint region
[218.488s][info ][safepoint      ] Total time for which application threads were stopped: 0.0001011 seconds, Stopping threads took: 0.0000333 seconds
[220.488s][info ][safepoint      ] Application time: 2.0001494 seconds
[220.488s][info ][safepoint      ] Entering safepoint region: Cleanup
[220.488s][info ][safepoint      ] Leaving safepoint region
[220.488s][info ][safepoint      ] Total time for which application threads were stopped: 0.0000997 seconds, Stopping threads took: 0.0000341 seconds
[221.488s][info ][safepoint      ] Application time: 1.0000892 seconds
[221.488s][info ][safepoint      ] Entering safepoint region: Cleanup
[221.488s][info ][safepoint      ] Leaving safepoint region
[221.488s][info ][safepoint      ] Total time for which application threads were stopped: 0.0001025 seconds, Stopping threads took: 0.0000345 seconds
[223.489s][info ][safepoint      ] Application time: 2.0001505 seconds
[223.489s][info ][safepoint      ] Entering safepoint region: Cleanup
[223.489s][info ][safepoint      ] Leaving safepoint region
[223.489s][info ][safepoint      ] Total time for which application threads were stopped: 0.0001349 seconds, Stopping threads took: 0.0000429 seconds
[224.489s][info ][safepoint      ] Application time: 1.0000765 seconds
[224.489s][info ][safepoint      ] Entering safepoint region: Cleanup
[224.489s][info ][safepoint      ] Leaving safepoint region
[224.489s][info ][safepoint      ] Total time for which application threads were stopped: 0.0001022 seconds, Stopping threads took: 0.0000346 seconds
[225.489s][info ][safepoint      ] Application time: 1.0000935 seconds
[225.489s][info ][safepoint      ] Entering safepoint region: Cleanup
[225.489s][info ][safepoint      ] Leaving safepoint region
[225.489s][info ][safepoint      ] Total time for which application threads were stopped: 0.0001138 seconds, Stopping threads took: 0.0000396 seconds
[226.071s][info ][safepoint      ] Application time: 0.5820163 seconds
[226.071s][info ][safepoint      ] Entering safepoint region: ParallelGCFailedAllocation
[226.072s][info ][gc,start       ] GC(66) Pause Young (Allocation Failure)
[226.078s][debug][gc,phases      ] GC(66) Scavenge 6.286ms
[226.078s][debug][gc,ref         ] GC(66) Skipped phase1 of Reference Processing due to unavailable references
[226.078s][debug][gc,ref         ] GC(66) Skipped phase3 of Reference Processing due to unavailable references
[226.078s][debug][gc,ref         ] GC(66) Skipped phase4 of Reference Processing due to unavailable references
[226.078s][debug][gc,phases      ] GC(66) Reference Processing 0.030ms
[226.078s][debug][gc,phases      ] GC(66) Weak Processing 0.124ms
[226.078s][debug][gc,phases      ] GC(66) Scrub String Table 0.427ms
[226.078s][debug][gc,age         ] GC(66) Desired survivor size 99090432 bytes, new threshold 15 (max threshold 15)
[226.078s][info ][gc,heap        ] GC(66) PSYoungGen: 1914816K->16496K(1996800K)
[226.078s][info ][gc,heap        ] GC(66) ParOldGen: 288849K->289394K(355840K)
[226.078s][info ][gc,metaspace   ] GC(66) Metaspace: 73489K->73489K(1116160K)
[226.079s][info ][gc             ] GC(66) Pause Young (Allocation Failure) 2152M->298M(2297M) 7.007ms
[226.079s][info ][gc,cpu         ] GC(66) User=0.02s Sys=0.00s Real=0.00s
[226.079s][info ][safepoint      ] Leaving safepoint region
[226.079s][info ][safepoint      ] Total time for which application threads were stopped: 0.0071950 seconds, Stopping threads took: 0.0000344 seconds
[227.079s][info ][safepoint      ] Application time: 1.0000715 seconds
[227.079s][info ][safepoint      ] Entering safepoint region: Cleanup
[227.079s][info ][safepoint      ] Leaving safepoint region
[227.079s][info ][safepoint      ] Total time for which application threads were stopped: 0.0001062 seconds, Stopping threads took: 0.0000321 seconds
[230.079s][info ][safepoint      ] Application time: 3.0002143 seconds
[230.079s][info ][safepoint      ] Entering safepoint region: Cleanup
[230.079s][info ][safepoint      ] Leaving safepoint region
[230.079s][info ][safepoint      ] Total time for which application threads were stopped: 0.0001151 seconds, Stopping threads took: 0.0000288 seconds
[231.079s][info ][safepoint      ] Application time: 1.0000848 seconds
[231.079s][info ][safepoint      ] Entering safepoint region: Cleanup
[231.079s][info ][safepoint      ] Leaving safepoint region
[231.079s][info ][safepoint      ] Total time for which application threads were stopped: 0.0000987 seconds, Stopping threads took: 0.0000336 seconds
[233.080s][info ][safepoint      ] Application time: 2.0001562 seconds
[233.080s][info ][safepoint      ] Entering safepoint region: Cleanup
[233.080s][info ][safepoint      ] Leaving safepoint region
[233.080s][info ][safepoint      ] Total time for which application threads were stopped: 0.0000996 seconds, Stopping threads took: 0.0000320 seconds
[234.080s][info ][safepoint      ] Application time: 1.0000772 seconds
[234.080s][info ][safepoint      ] Entering safepoint region: Cleanup
[234.080s][info ][safepoint      ] Leaving safepoint region
[234.080s][info ][safepoint      ] Total time for which application threads were stopped: 0.0000988 seconds, Stopping threads took: 0.0000333 seconds
[235.080s][info ][safepoint      ] Application time: 1.0000905 seconds
[235.080s][info ][safepoint      ] Entering safepoint region: Cleanup
[235.080s][info ][safepoint      ] Leaving safepoint region
[235.080s][info ][safepoint      ] Total time for which application threads were stopped: 0.0001020 seconds, Stopping threads took: 0.0000311 seconds
[235.628s][info ][safepoint      ] Application time: 0.5482016 seconds
[235.628s][info ][safepoint      ] Entering safepoint region: ParallelGCFailedAllocation
[235.629s][info ][gc,start       ] GC(67) Pause Young (Allocation Failure)
[235.635s][debug][gc,phases      ] GC(67) Scavenge 6.335ms
[235.635s][debug][gc,ref         ] GC(67) Skipped phase1 of Reference Processing due to unavailable references
[235.635s][debug][gc,ref         ] GC(67) Skipped phase3 of Reference Processing due to unavailable references
[235.635s][debug][gc,ref         ] GC(67) Skipped phase4 of Reference Processing due to unavailable references
[235.635s][debug][gc,phases      ] GC(67) Reference Processing 0.029ms
[235.635s][debug][gc,phases      ] GC(67) Weak Processing 0.126ms
[235.635s][debug][gc,phases      ] GC(67) Scrub String Table 0.419ms
[235.636s][debug][gc,age         ] GC(67) Desired survivor size 96468992 bytes, new threshold 15 (max threshold 15)
[235.636s][info ][gc,heap        ] GC(67) PSYoungGen: 1914480K->16528K(2002944K)
[235.636s][info ][gc,heap        ] GC(67) ParOldGen: 289394K->289566K(355840K)
[235.636s][info ][gc,metaspace   ] GC(67) Metaspace: 73498K->73498K(1116160K)
[235.636s][info ][gc             ] GC(67) Pause Young (Allocation Failure) 2152M->298M(2303M) 7.052ms
[235.636s][info ][gc,cpu         ] GC(67) User=0.02s Sys=0.00s Real=0.00s
[235.636s][info ][safepoint      ] Leaving safepoint region
[235.636s][info ][safepoint      ] Total time for which application threads were stopped: 0.0072111 seconds, Stopping threads took: 0.0000126 seconds
[236.636s][info ][safepoint      ] Application time: 1.0000564 seconds
[236.636s][info ][safepoint      ] Entering safepoint region: Cleanup
[236.636s][info ][safepoint      ] Leaving safepoint region
[236.636s][info ][safepoint      ] Total time for which application threads were stopped: 0.0001311 seconds, Stopping threads took: 0.0000572 seconds
[237.636s][info ][safepoint      ] Application time: 1.0000928 seconds
[237.636s][info ][safepoint      ] Entering safepoint region: Cleanup
[237.636s][info ][safepoint      ] Leaving safepoint region
[237.636s][info ][safepoint      ] Total time for which application threads were stopped: 0.0001018 seconds, Stopping threads took: 0.0000371 seconds
[238.636s][info ][safepoint      ] Application time: 1.0000930 seconds
[238.636s][info ][safepoint      ] Entering safepoint region: Cleanup
[238.636s][info ][safepoint      ] Leaving safepoint region
[238.636s][info ][safepoint      ] Total time for which application threads were stopped: 0.0001264 seconds, Stopping threads took: 0.0000500 seconds
[239.636s][info ][safepoint      ] Application time: 1.0000927 seconds
[239.637s][info ][safepoint      ] Entering safepoint region: Cleanup
[239.637s][info ][safepoint      ] Leaving safepoint region
[239.637s][info ][safepoint      ] Total time for which application threads were stopped: 0.0001000 seconds, Stopping threads took: 0.0000373 seconds
[240.637s][info ][safepoint      ] Application time: 1.0000778 seconds
[240.637s][info ][safepoint      ] Entering safepoint region: Cleanup
[240.637s][info ][safepoint      ] Leaving safepoint region
[240.637s][info ][safepoint      ] Total time for which application threads were stopped: 0.0000950 seconds, Stopping threads took: 0.0000335 seconds
[241.637s][info ][safepoint      ] Application time: 1.0000765 seconds
[241.637s][info ][safepoint      ] Entering safepoint region: Cleanup
[241.637s][info ][safepoint      ] Leaving safepoint region
[241.637s][info ][safepoint      ] Total time for which application threads were stopped: 0.0001522 seconds, Stopping threads took: 0.0000738 seconds
[242.637s][info ][safepoint      ] Application time: 1.0000758 seconds
[242.637s][info ][safepoint      ] Entering safepoint region: Cleanup
[242.637s][info ][safepoint      ] Leaving safepoint region
[242.637s][info ][safepoint      ] Total time for which application threads were stopped: 0.0001043 seconds, Stopping threads took: 0.0000357 seconds
[243.637s][info ][safepoint      ] Application time: 1.0000841 seconds
[243.637s][info ][safepoint      ] Entering safepoint region: Cleanup
[243.638s][info ][safepoint      ] Leaving safepoint region
[243.638s][info ][safepoint      ] Total time for which application threads were stopped: 0.0001148 seconds, Stopping threads took: 0.0000452 seconds
[245.127s][info ][safepoint      ] Application time: 1.4892973 seconds
[245.127s][info ][safepoint      ] Entering safepoint region: ParallelGCFailedAllocation
[245.127s][info ][gc,start       ] GC(68) Pause Young (Allocation Failure)
[245.134s][debug][gc,phases      ] GC(68) Scavenge 6.613ms
[245.134s][debug][gc,ref         ] GC(68) Skipped phase1 of Reference Processing due to unavailable references
[245.134s][debug][gc,ref         ] GC(68) Skipped phase3 of Reference Processing due to unavailable references
[245.134s][debug][gc,ref         ] GC(68) Skipped phase4 of Reference Processing due to unavailable references
[245.134s][debug][gc,phases      ] GC(68) Reference Processing 0.028ms
[245.134s][debug][gc,phases      ] GC(68) Weak Processing 0.131ms
[245.134s][debug][gc,phases      ] GC(68) Scrub String Table 0.443ms
[245.134s][debug][gc,age         ] GC(68) Desired survivor size 93847552 bytes, new threshold 15 (max threshold 15)
[245.134s][info ][gc,heap        ] GC(68) PSYoungGen: 1922704K->16272K(2000384K)
[245.134s][info ][gc,heap        ] GC(68) ParOldGen: 289566K->290018K(355840K)
[245.134s][info ][gc,metaspace   ] GC(68) Metaspace: 73505K->73505K(1116160K)
[245.134s][info ][gc             ] GC(68) Pause Young (Allocation Failure) 2160M->299M(2301M) 7.359ms
[245.134s][info ][gc,cpu         ] GC(68) User=0.03s Sys=0.00s Real=0.01s
[245.134s][info ][safepoint      ] Leaving safepoint region
[245.134s][info ][safepoint      ] Total time for which application threads were stopped: 0.0075113 seconds, Stopping threads took: 0.0000125 seconds
[249.135s][info ][safepoint      ] Application time: 4.0003121 seconds
[249.135s][info ][safepoint      ] Entering safepoint region: Cleanup
[249.135s][info ][safepoint      ] Leaving safepoint region
[249.135s][info ][safepoint      ] Total time for which application threads were stopped: 0.0001075 seconds, Stopping threads took: 0.0000375 seconds
[251.135s][info ][safepoint      ] Application time: 2.0001784 seconds
[251.135s][info ][safepoint      ] Entering safepoint region: Cleanup
[251.135s][info ][safepoint      ] Leaving safepoint region
[251.135s][info ][safepoint      ] Total time for which application threads were stopped: 0.0001079 seconds, Stopping threads took: 0.0000400 seconds
[252.135s][info ][safepoint      ] Application time: 1.0000928 seconds
[252.135s][info ][safepoint      ] Entering safepoint region: Cleanup
[252.135s][info ][safepoint      ] Leaving safepoint region
[252.135s][info ][safepoint      ] Total time for which application threads were stopped: 0.0001062 seconds, Stopping threads took: 0.0000415 seconds
[253.136s][info ][safepoint      ] Application time: 1.0000846 seconds
[253.136s][info ][safepoint      ] Entering safepoint region: Cleanup
[253.136s][info ][safepoint      ] Leaving safepoint region
[253.136s][info ][safepoint      ] Total time for which application threads were stopped: 0.0001419 seconds, Stopping threads took: 0.0000448 seconds
[254.136s][info ][safepoint      ] Application time: 1.0000866 seconds
[254.136s][info ][safepoint      ] Entering safepoint region: Cleanup
[254.136s][info ][safepoint      ] Leaving safepoint region
[254.136s][info ][safepoint      ] Total time for which application threads were stopped: 0.0001312 seconds, Stopping threads took: 0.0000575 seconds
[254.621s][info ][safepoint      ] Application time: 0.4851757 seconds
[254.621s][info ][safepoint      ] Entering safepoint region: ParallelGCFailedAllocation
[254.621s][info ][gc,start       ] GC(69) Pause Young (Allocation Failure)
[254.628s][debug][gc,phases      ] GC(69) Scavenge 6.869ms
[254.628s][debug][gc,ref         ] GC(69) Skipped phase1 of Reference Processing due to unavailable references
[254.628s][debug][gc,ref         ] GC(69) Skipped phase3 of Reference Processing due to unavailable references
[254.628s][debug][gc,phases      ] GC(69) Reference Processing 0.026ms
[254.628s][debug][gc,phases      ] GC(69) Weak Processing 0.130ms
[254.629s][debug][gc,phases      ] GC(69) Scrub String Table 0.432ms
[254.629s][debug][gc,age         ] GC(69) Desired survivor size 90701824 bytes, new threshold 15 (max threshold 15)
[254.629s][info ][gc,heap        ] GC(69) PSYoungGen: 1922448K->15312K(2008576K)
[254.629s][info ][gc,heap        ] GC(69) ParOldGen: 290018K->291222K(355840K)
[254.629s][info ][gc,metaspace   ] GC(69) Metaspace: 73538K->73538K(1116160K)
[254.629s][info ][gc             ] GC(69) Pause Young (Allocation Failure) 2160M->299M(2309M) 7.584ms
[254.629s][info ][gc,cpu         ] GC(69) User=0.03s Sys=0.00s Real=0.01s
[254.629s][info ][safepoint      ] Leaving safepoint region
[254.629s][info ][safepoint      ] Total time for which application threads were stopped: 0.0077748 seconds, Stopping threads took: 0.0000613 seconds
[255.629s][info ][safepoint      ] Application time: 1.0000874 seconds
[255.629s][info ][safepoint      ] Entering safepoint region: Cleanup
[255.629s][info ][safepoint      ] Leaving safepoint region
[255.629s][info ][safepoint      ] Total time for which application threads were stopped: 0.0000957 seconds, Stopping threads took: 0.0000331 seconds
[257.629s][info ][safepoint      ] Application time: 2.0001551 seconds
[257.629s][info ][safepoint      ] Entering safepoint region: Cleanup
[257.630s][info ][safepoint      ] Leaving safepoint region
[257.630s][info ][safepoint      ] Total time for which application threads were stopped: 0.0001003 seconds, Stopping threads took: 0.0000321 seconds
[258.630s][info ][safepoint      ] Application time: 1.0000754 seconds
[258.630s][info ][safepoint      ] Entering safepoint region: Cleanup
[258.630s][info ][safepoint      ] Leaving safepoint region
[258.630s][info ][safepoint      ] Total time for which application threads were stopped: 0.0001043 seconds, Stopping threads took: 0.0000322 seconds
[260.630s][info ][safepoint      ] Application time: 2.0001607 seconds
[260.630s][info ][safepoint      ] Entering safepoint region: Cleanup
[260.630s][info ][safepoint      ] Leaving safepoint region
[260.630s][info ][safepoint      ] Total time for which application threads were stopped: 0.0001036 seconds, Stopping threads took: 0.0000346 seconds
[261.630s][info ][safepoint      ] Application time: 1.0000776 seconds
[261.630s][info ][safepoint      ] Entering safepoint region: Cleanup
[261.630s][info ][safepoint      ] Leaving safepoint region
[261.630s][info ][safepoint      ] Total time for which application threads were stopped: 0.0001463 seconds, Stopping threads took: 0.0000699 seconds
[262.630s][info ][safepoint      ] Application time: 1.0000787 seconds
[262.630s][info ][safepoint      ] Entering safepoint region: Cleanup
[262.631s][info ][safepoint      ] Leaving safepoint region
[262.631s][info ][safepoint      ] Total time for which application threads were stopped: 0.0001131 seconds, Stopping threads took: 0.0000378 seconds
[264.187s][info ][safepoint      ] Application time: 1.5563746 seconds
[264.187s][info ][safepoint      ] Entering safepoint region: ParallelGCFailedAllocation
[264.187s][info ][gc,start       ] GC(70) Pause Young (Allocation Failure)
[264.193s][debug][gc,phases      ] GC(70) Scavenge 6.270ms
[264.193s][debug][gc,ref         ] GC(70) Skipped phase1 of Reference Processing due to unavailable references
[264.193s][debug][gc,ref         ] GC(70) Skipped phase3 of Reference Processing due to unavailable references
[264.193s][debug][gc,ref         ] GC(70) Skipped phase4 of Reference Processing due to unavailable references
[264.194s][debug][gc,phases      ] GC(70) Reference Processing 0.059ms
[264.194s][debug][gc,phases      ] GC(70) Weak Processing 0.134ms
[264.194s][debug][gc,phases      ] GC(70) Scrub String Table 0.473ms
[264.194s][debug][gc,age         ] GC(70) Desired survivor size 87556096 bytes, new threshold 15 (max threshold 15)
[264.194s][info ][gc,heap        ] GC(70) PSYoungGen: 1932240K->15200K(2005504K)
[264.194s][info ][gc,heap        ] GC(70) ParOldGen: 291222K->291458K(355840K)
[264.194s][info ][gc,metaspace   ] GC(70) Metaspace: 73544K->73544K(1116160K)
[264.194s][info ][gc             ] GC(70) Pause Young (Allocation Failure) 2171M->299M(2306M) 7.082ms
[264.194s][info ][gc,cpu         ] GC(70) User=0.03s Sys=0.00s Real=0.01s
[264.194s][info ][safepoint      ] Leaving safepoint region
[264.194s][info ][safepoint      ] Total time for which application threads were stopped: 0.0072409 seconds, Stopping threads took: 0.0000171 seconds
[264.469s][info ][safepoint      ] Application time: 0.2745964 seconds
[264.469s][info ][safepoint      ] Entering safepoint region: RevokeBias
[264.469s][info ][safepoint      ] Leaving safepoint region
[264.469s][info ][safepoint      ] Total time for which application threads were stopped: 0.0000711 seconds, Stopping threads took: 0.0000122 seconds
[265.469s][info ][safepoint      ] Application time: 1.0000787 seconds
[265.469s][info ][safepoint      ] Entering safepoint region: Cleanup
[265.469s][info ][safepoint      ] Leaving safepoint region
[265.469s][info ][safepoint      ] Total time for which application threads were stopped: 0.0000907 seconds, Stopping threads took: 0.0000141 seconds
[269.469s][info ][safepoint      ] Application time: 4.0002567 seconds
[269.470s][info ][safepoint      ] Entering safepoint region: Cleanup
[269.470s][info ][safepoint      ] Leaving safepoint region
[269.470s][info ][safepoint      ] Total time for which application threads were stopped: 0.0001407 seconds, Stopping threads took: 0.0000776 seconds
[270.470s][info ][safepoint      ] Application time: 1.0000805 seconds
[270.470s][info ][safepoint      ] Entering safepoint region: Cleanup
[270.470s][info ][safepoint      ] Leaving safepoint region
[270.470s][info ][safepoint      ] Total time for which application threads were stopped: 0.0001403 seconds, Stopping threads took: 0.0000620 seconds
[272.470s][info ][safepoint      ] Application time: 2.0001563 seconds
[272.470s][info ][safepoint      ] Entering safepoint region: Cleanup
[272.470s][info ][safepoint      ] Leaving safepoint region
[272.470s][info ][safepoint      ] Total time for which application threads were stopped: 0.0001137 seconds, Stopping threads took: 0.0000448 seconds
[273.470s][info ][safepoint      ] Application time: 1.0000921 seconds
[273.470s][info ][safepoint      ] Entering safepoint region: Cleanup
[273.470s][info ][safepoint      ] Leaving safepoint region
[273.470s][info ][safepoint      ] Total time for which application threads were stopped: 0.0000984 seconds, Stopping threads took: 0.0000345 seconds
[273.729s][info ][safepoint      ] Application time: 0.2589771 seconds
[273.729s][info ][safepoint      ] Entering safepoint region: ParallelGCFailedAllocation
[273.730s][info ][gc,start       ] GC(71) Pause Young (Allocation Failure)
[273.736s][debug][gc,phases      ] GC(71) Scavenge 6.388ms
[273.736s][debug][gc,ref         ] GC(71) Skipped phase1 of Reference Processing due to unavailable references
[273.736s][debug][gc,ref         ] GC(71) Skipped phase3 of Reference Processing due to unavailable references
[273.736s][debug][gc,ref         ] GC(71) Skipped phase4 of Reference Processing due to unavailable references
[273.736s][debug][gc,phases      ] GC(71) Reference Processing 0.041ms
[273.736s][debug][gc,phases      ] GC(71) Weak Processing 0.127ms
[273.737s][debug][gc,phases      ] GC(71) Scrub String Table 0.451ms
[273.737s][debug][gc,age         ] GC(71) Desired survivor size 84410368 bytes, new threshold 15 (max threshold 15)
[273.737s][info ][gc,heap        ] GC(71) PSYoungGen: 1932128K->15200K(2014720K)
[273.737s][info ][gc,heap        ] GC(71) ParOldGen: 291458K->291494K(355840K)
[273.737s][info ][gc,metaspace   ] GC(71) Metaspace: 73551K->73551K(1116160K)
[273.737s][info ][gc             ] GC(71) Pause Young (Allocation Failure) 2171M->299M(2315M) 7.149ms
[273.737s][info ][gc,cpu         ] GC(71) User=0.02s Sys=0.00s Real=0.00s
[273.737s][info ][safepoint      ] Leaving safepoint region
[273.737s][info ][safepoint      ] Total time for which application threads were stopped: 0.0072951 seconds, Stopping threads took: 0.0000172 seconds
[275.737s][info ][safepoint      ] Application time: 2.0001751 seconds
[275.737s][info ][safepoint      ] Entering safepoint region: Cleanup
[275.737s][info ][safepoint      ] Leaving safepoint region
[275.737s][info ][safepoint      ] Total time for which application threads were stopped: 0.0001149 seconds, Stopping threads took: 0.0000458 seconds
[278.737s][info ][safepoint      ] Application time: 3.0002479 seconds
[278.737s][info ][safepoint      ] Entering safepoint region: Cleanup
[278.737s][info ][safepoint      ] Leaving safepoint region
[278.737s][info ][safepoint      ] Total time for which application threads were stopped: 0.0001095 seconds, Stopping threads took: 0.0000478 seconds
[280.738s][info ][safepoint      ] Application time: 2.0001659 seconds
[280.738s][info ][safepoint      ] Entering safepoint region: Cleanup
[280.738s][info ][safepoint      ] Leaving safepoint region
[280.738s][info ][safepoint      ] Total time for which application threads were stopped: 0.0001135 seconds, Stopping threads took: 0.0000473 seconds
[282.738s][info ][safepoint      ] Application time: 2.0003252 seconds
[282.738s][info ][safepoint      ] Entering safepoint region: Cleanup
[282.738s][info ][safepoint      ] Leaving safepoint region
[282.738s][info ][safepoint      ] Total time for which application threads were stopped: 0.0001029 seconds, Stopping threads took: 0.0000367 seconds
[283.224s][info ][safepoint      ] Application time: 0.4853189 seconds
[283.224s][info ][safepoint      ] Entering safepoint region: ParallelGCFailedAllocation
[283.224s][info ][gc,start       ] GC(72) Pause Young (Allocation Failure)
[283.230s][debug][gc,phases      ] GC(72) Scavenge 5.975ms
[283.230s][debug][gc,ref         ] GC(72) Skipped phase1 of Reference Processing due to unavailable references
[283.230s][debug][gc,ref         ] GC(72) Skipped phase3 of Reference Processing due to unavailable references
[283.230s][debug][gc,ref         ] GC(72) Skipped phase4 of Reference Processing due to unavailable references
[283.230s][debug][gc,phases      ] GC(72) Reference Processing 0.032ms
[283.230s][debug][gc,phases      ] GC(72) Weak Processing 0.122ms
[283.230s][debug][gc,phases      ] GC(72) Scrub String Table 0.445ms
[283.230s][debug][gc,age         ] GC(72) Desired survivor size 81264640 bytes, new threshold 15 (max threshold 15)
[283.230s][info ][gc,heap        ] GC(72) PSYoungGen: 1944416K->15232K(2011648K)
[283.230s][info ][gc,heap        ] GC(72) ParOldGen: 291494K->291526K(355840K)
[283.230s][info ][gc,metaspace   ] GC(72) Metaspace: 73558K->73558K(1116160K)
[283.230s][info ][gc             ] GC(72) Pause Young (Allocation Failure) 2183M->299M(2312M) 6.731ms
[283.230s][info ][gc,cpu         ] GC(72) User=0.02s Sys=0.01s Real=0.01s
[283.230s][info ][safepoint      ] Leaving safepoint region
[283.230s][info ][safepoint      ] Total time for which application threads were stopped: 0.0068921 seconds, Stopping threads took: 0.0000120 seconds
[285.231s][info ][safepoint      ] Application time: 2.0001686 seconds
[285.231s][info ][safepoint      ] Entering safepoint region: Cleanup
[285.231s][info ][safepoint      ] Leaving safepoint region
[285.231s][info ][safepoint      ] Total time for which application threads were stopped: 0.0000983 seconds, Stopping threads took: 0.0000337 seconds
[286.231s][info ][safepoint      ] Application time: 1.0000819 seconds
[286.231s][info ][safepoint      ] Entering safepoint region: Cleanup
[286.231s][info ][safepoint      ] Leaving safepoint region
[286.231s][info ][safepoint      ] Total time for which application threads were stopped: 0.0003568 seconds, Stopping threads took: 0.0002718 seconds
[287.231s][info ][safepoint      ] Application time: 1.0000616 seconds
[287.231s][info ][safepoint      ] Entering safepoint region: Cleanup
[287.231s][info ][safepoint      ] Leaving safepoint region
[287.231s][info ][safepoint      ] Total time for which application threads were stopped: 0.0000968 seconds, Stopping threads took: 0.0000350 seconds
[289.232s][info ][safepoint      ] Application time: 2.0001684 seconds
[289.232s][info ][safepoint      ] Entering safepoint region: Cleanup
[289.232s][info ][safepoint      ] Leaving safepoint region
[289.232s][info ][safepoint      ] Total time for which application threads were stopped: 0.0001164 seconds, Stopping threads took: 0.0000449 seconds
[292.691s][info ][safepoint      ] Application time: 3.4593551 seconds
[292.691s][info ][safepoint      ] Entering safepoint region: ParallelGCFailedAllocation
[292.691s][info ][gc,start       ] GC(73) Pause Young (Allocation Failure)
[292.698s][debug][gc,phases      ] GC(73) Scavenge 6.829ms
[292.698s][debug][gc,ref         ] GC(73) Skipped phase1 of Reference Processing due to unavailable references
[292.698s][debug][gc,ref         ] GC(73) Skipped phase3 of Reference Processing due to unavailable references
[292.698s][debug][gc,ref         ] GC(73) Skipped phase4 of Reference Processing due to unavailable references
[292.698s][debug][gc,phases      ] GC(73) Reference Processing 0.028ms
[292.698s][debug][gc,phases      ] GC(73) Weak Processing 0.140ms
[292.699s][debug][gc,phases      ] GC(73) Scrub String Table 0.443ms
[292.699s][debug][gc,age         ] GC(73) Desired survivor size 77594624 bytes, new threshold 15 (max threshold 15)
[292.699s][info ][gc,heap        ] GC(73) PSYoungGen: 1944448K->15696K(2021376K)
[292.699s][info ][gc,heap        ] GC(73) ParOldGen: 291526K->291566K(355840K)
[292.699s][info ][gc,metaspace   ] GC(73) Metaspace: 73559K->73559K(1116160K)
[292.699s][info ][gc             ] GC(73) Pause Young (Allocation Failure) 2183M->300M(2321M) 7.565ms
[292.699s][info ][gc,cpu         ] GC(73) User=0.03s Sys=0.00s Real=0.00s
[292.699s][info ][safepoint      ] Leaving safepoint region
[292.699s][info ][safepoint      ] Total time for which application threads were stopped: 0.0077084 seconds, Stopping threads took: 0.0000130 seconds
[293.699s][info ][safepoint      ] Application time: 1.0000937 seconds
[293.699s][info ][safepoint      ] Entering safepoint region: Cleanup
[293.699s][info ][safepoint      ] Leaving safepoint region
[293.699s][info ][safepoint      ] Total time for which application threads were stopped: 0.0000832 seconds, Stopping threads took: 0.0000174 seconds
[294.699s][info ][safepoint      ] Application time: 1.0000741 seconds
[294.699s][info ][safepoint      ] Entering safepoint region: Cleanup
[294.699s][info ][safepoint      ] Leaving safepoint region
[294.699s][info ][safepoint      ] Total time for which application threads were stopped: 0.0000798 seconds, Stopping threads took: 0.0000135 seconds
[295.699s][info ][safepoint      ] Application time: 1.0000805 seconds
[295.699s][info ][safepoint      ] Entering safepoint region: Cleanup
[295.700s][info ][safepoint      ] Leaving safepoint region
[295.700s][info ][safepoint      ] Total time for which application threads were stopped: 0.0000759 seconds, Stopping threads took: 0.0000178 seconds
[296.700s][info ][safepoint      ] Application time: 1.0000795 seconds
[296.700s][info ][safepoint      ] Entering safepoint region: Cleanup
[296.700s][info ][safepoint      ] Leaving safepoint region
[296.700s][info ][safepoint      ] Total time for which application threads were stopped: 0.0000786 seconds, Stopping threads took: 0.0000117 seconds
[297.700s][info ][safepoint      ] Application time: 1.0000831 seconds
[297.700s][info ][safepoint      ] Entering safepoint region: Cleanup
[297.700s][info ][safepoint      ] Leaving safepoint region
[297.700s][info ][safepoint      ] Total time for which application threads were stopped: 0.0000603 seconds, Stopping threads took: 0.0000117 seconds
[298.700s][info ][safepoint      ] Application time: 1.0000754 seconds
[298.700s][info ][safepoint      ] Entering safepoint region: Cleanup
[298.700s][info ][safepoint      ] Leaving safepoint region
[298.700s][info ][safepoint      ] Total time for which application threads were stopped: 0.0000698 seconds, Stopping threads took: 0.0000128 seconds
[299.700s][info ][safepoint      ] Application time: 1.0000813 seconds
[299.700s][info ][safepoint      ] Entering safepoint region: Cleanup
[299.700s][info ][safepoint      ] Leaving safepoint region
[299.700s][info ][safepoint      ] Total time for which application threads were stopped: 0.0000754 seconds, Stopping threads took: 0.0000135 seconds
[301.700s][info ][safepoint      ] Application time: 2.0001565 seconds
[301.701s][info ][safepoint      ] Entering safepoint region: Cleanup
[301.701s][info ][safepoint      ] Leaving safepoint region
[301.701s][info ][safepoint      ] Total time for which application threads were stopped: 0.0000667 seconds, Stopping threads took: 0.0000133 seconds
[302.238s][info ][safepoint      ] Application time: 0.5371120 seconds
[302.238s][info ][safepoint      ] Entering safepoint region: ParallelGCFailedAllocation
[302.238s][info ][gc,start       ] GC(74) Pause Young (Allocation Failure)
[302.244s][debug][gc,phases      ] GC(74) Scavenge 6.318ms
[302.244s][debug][gc,ref         ] GC(74) Skipped phase1 of Reference Processing due to unavailable references
[302.244s][debug][gc,ref         ] GC(74) Skipped phase3 of Reference Processing due to unavailable references
[302.244s][debug][gc,phases      ] GC(74) Reference Processing 0.028ms
[302.244s][debug][gc,phases      ] GC(74) Weak Processing 0.133ms
[302.245s][debug][gc,phases      ] GC(74) Scrub String Table 0.454ms
[302.245s][debug][gc,age         ] GC(74) Desired survivor size 74973184 bytes, new threshold 15 (max threshold 15)
[302.245s][info ][gc,heap        ] GC(74) PSYoungGen: 1957712K->13952K(2017792K)
[302.245s][info ][gc,heap        ] GC(74) ParOldGen: 291566K->293471K(355840K)
[302.245s][info ][gc,metaspace   ] GC(74) Metaspace: 73571K->73571K(1116160K)
[302.245s][info ][gc             ] GC(74) Pause Young (Allocation Failure) 2196M->300M(2318M) 7.062ms
[302.245s][info ][gc,cpu         ] GC(74) User=0.03s Sys=0.00s Real=0.01s
[302.245s][info ][safepoint      ] Leaving safepoint region
[302.245s][info ][safepoint      ] Total time for which application threads were stopped: 0.0072078 seconds, Stopping threads took: 0.0000129 seconds
[304.245s][info ][safepoint      ] Application time: 2.0001566 seconds
[304.245s][info ][safepoint      ] Entering safepoint region: Cleanup
[304.245s][info ][safepoint      ] Leaving safepoint region
[304.245s][info ][safepoint      ] Total time for which application threads were stopped: 0.0000652 seconds, Stopping threads took: 0.0000125 seconds
[306.245s][info ][safepoint      ] Application time: 2.0001361 seconds
[306.245s][info ][safepoint      ] Entering safepoint region: Cleanup
[306.245s][info ][safepoint      ] Leaving safepoint region
[306.245s][info ][safepoint      ] Total time for which application threads were stopped: 0.0000865 seconds, Stopping threads took: 0.0000319 seconds
[309.246s][info ][safepoint      ] Application time: 3.0002376 seconds
[309.246s][info ][safepoint      ] Entering safepoint region: Cleanup
[309.246s][info ][safepoint      ] Leaving safepoint region
[309.246s][info ][safepoint      ] Total time for which application threads were stopped: 0.0000740 seconds, Stopping threads took: 0.0000138 seconds
[310.246s][info ][safepoint      ] Application time: 1.0000707 seconds
[310.246s][info ][safepoint      ] Entering safepoint region: Cleanup
[310.246s][info ][safepoint      ] Leaving safepoint region
[310.246s][info ][safepoint      ] Total time for which application threads were stopped: 0.0000787 seconds, Stopping threads took: 0.0000193 seconds
[311.246s][info ][safepoint      ] Application time: 1.0000371 seconds
[311.246s][info ][safepoint      ] Entering safepoint region: Cleanup
[311.246s][info ][safepoint      ] Leaving safepoint region
[311.246s][info ][safepoint      ] Total time for which application threads were stopped: 0.0001114 seconds, Stopping threads took: 0.0000521 seconds
[311.826s][info ][safepoint      ] Application time: 0.5800072 seconds
[311.826s][info ][safepoint      ] Entering safepoint region: ParallelGCFailedAllocation
[311.826s][info ][gc,start       ] GC(75) Pause Young (Allocation Failure)
[311.832s][debug][gc,phases      ] GC(75) Scavenge 6.072ms
[311.833s][debug][gc,ref         ] GC(75) Skipped phase1 of Reference Processing due to unavailable references
[311.833s][debug][gc,ref         ] GC(75) Skipped phase3 of Reference Processing due to unavailable references
[311.833s][debug][gc,ref         ] GC(75) Skipped phase4 of Reference Processing due to unavailable references
[311.833s][debug][gc,phases      ] GC(75) Reference Processing 0.031ms
[311.833s][debug][gc,phases      ] GC(75) Weak Processing 0.135ms
[311.833s][debug][gc,phases      ] GC(75) Scrub String Table 0.449ms
[311.833s][debug][gc,age         ] GC(75) Desired survivor size 71827456 bytes, new threshold 15 (max threshold 15)
[311.833s][info ][gc,heap        ] GC(75) PSYoungGen: 1955968K->13136K(2027008K)
[311.833s][info ][gc,heap        ] GC(75) ParOldGen: 293471K->294423K(355840K)
[311.833s][info ][gc,metaspace   ] GC(75) Metaspace: 73581K->73581K(1116160K)
[311.833s][info ][gc             ] GC(75) Pause Young (Allocation Failure) 2196M->300M(2327M) 6.821ms
[311.833s][info ][gc,cpu         ] GC(75) User=0.03s Sys=0.00s Real=0.01s
[311.833s][info ][safepoint      ] Leaving safepoint region
[311.833s][info ][safepoint      ] Total time for which application threads were stopped: 0.0069705 seconds, Stopping threads took: 0.0000118 seconds
[314.833s][info ][safepoint      ] Application time: 3.0002194 seconds
[314.834s][info ][safepoint      ] Entering safepoint region: Cleanup
[314.834s][info ][safepoint      ] Leaving safepoint region
[314.834s][info ][safepoint      ] Total time for which application threads were stopped: 0.0001023 seconds, Stopping threads took: 0.0000292 seconds
[316.834s][info ][safepoint      ] Application time: 2.0001399 seconds
[316.834s][info ][safepoint      ] Entering safepoint region: Cleanup
[316.834s][info ][safepoint      ] Leaving safepoint region
[316.834s][info ][safepoint      ] Total time for which application threads were stopped: 0.0001723 seconds, Stopping threads took: 0.0000342 seconds
[317.834s][info ][safepoint      ] Application time: 1.0000676 seconds
[317.834s][info ][safepoint      ] Entering safepoint region: Cleanup
[317.834s][info ][safepoint      ] Leaving safepoint region
[317.834s][info ][safepoint      ] Total time for which application threads were stopped: 0.0001208 seconds, Stopping threads took: 0.0000436 seconds
[318.834s][info ][safepoint      ] Application time: 1.0000751 seconds
[318.834s][info ][safepoint      ] Entering safepoint region: Cleanup
[318.834s][info ][safepoint      ] Leaving safepoint region
[318.834s][info ][safepoint      ] Total time for which application threads were stopped: 0.0001084 seconds, Stopping threads took: 0.0000373 seconds
[319.834s][info ][safepoint      ] Application time: 1.0000349 seconds
[319.834s][info ][safepoint      ] Entering safepoint region: Cleanup
[319.835s][info ][safepoint      ] Leaving safepoint region
[319.835s][info ][safepoint      ] Total time for which application threads were stopped: 0.0000993 seconds, Stopping threads took: 0.0000339 seconds
[320.635s][info ][safepoint      ] Application time: 0.8006066 seconds
[320.635s][info ][safepoint      ] Entering safepoint region: ParallelGCFailedAllocation
[320.635s][info ][gc,start       ] GC(76) Pause Young (Allocation Failure)
[320.643s][debug][gc,phases      ] GC(76) Scavenge 7.201ms
[320.643s][debug][gc,ref         ] GC(76) Skipped phase1 of Reference Processing due to unavailable references
[320.643s][debug][gc,ref         ] GC(76) Skipped phase3 of Reference Processing due to unavailable references
[320.643s][debug][gc,phases      ] GC(76) Reference Processing 0.041ms
[320.643s][debug][gc,phases      ] GC(76) Weak Processing 0.133ms
[320.643s][debug][gc,phases      ] GC(76) Scrub String Table 0.407ms
[320.643s][debug][gc,age         ] GC(76) Desired survivor size 69206016 bytes, new threshold 15 (max threshold 15)
[320.643s][info ][gc,heap        ] GC(76) PSYoungGen: 1966928K->10144K(2023936K)
[320.643s][info ][gc,heap        ] GC(76) ParOldGen: 294423K->297856K(355840K)
[320.643s][info ][gc,metaspace   ] GC(76) Metaspace: 73626K->73626K(1116160K)
[320.643s][info ][gc             ] GC(76) Pause Young (Allocation Failure) 2208M->300M(2324M) 7.902ms
[320.643s][info ][gc,cpu         ] GC(76) User=0.03s Sys=0.00s Real=0.01s
[320.643s][info ][safepoint      ] Leaving safepoint region
[320.643s][info ][safepoint      ] Total time for which application threads were stopped: 0.0080520 seconds, Stopping threads took: 0.0000119 seconds
[321.643s][info ][safepoint      ] Application time: 1.0000758 seconds
[321.643s][info ][safepoint      ] Entering safepoint region: Cleanup
[321.644s][info ][safepoint      ] Leaving safepoint region
[321.644s][info ][safepoint      ] Total time for which application threads were stopped: 0.0001805 seconds, Stopping threads took: 0.0000120 seconds
[322.644s][info ][safepoint      ] Application time: 1.0000723 seconds
[322.644s][info ][safepoint      ] Entering safepoint region: Cleanup
[322.644s][info ][safepoint      ] Leaving safepoint region
[322.644s][info ][safepoint      ] Total time for which application threads were stopped: 0.0001181 seconds, Stopping threads took: 0.0000152 seconds
[323.644s][info ][safepoint      ] Application time: 1.0000747 seconds
[323.644s][info ][safepoint      ] Entering safepoint region: Cleanup
[323.644s][info ][safepoint      ] Leaving safepoint region
[323.644s][info ][safepoint      ] Total time for which application threads were stopped: 0.0000841 seconds, Stopping threads took: 0.0000128 seconds
[324.469s][info ][safepoint      ] Application time: 0.8247882 seconds
[324.469s][info ][safepoint      ] Entering safepoint region: RevokeBias
[324.469s][info ][safepoint      ] Leaving safepoint region
[324.469s][info ][safepoint      ] Total time for which application threads were stopped: 0.0000686 seconds, Stopping threads took: 0.0000117 seconds
[325.469s][info ][safepoint      ] Application time: 1.0000729 seconds
[325.469s][info ][safepoint      ] Entering safepoint region: Cleanup
[325.469s][info ][safepoint      ] Leaving safepoint region
[325.469s][info ][safepoint      ] Total time for which application threads were stopped: 0.0000721 seconds, Stopping threads took: 0.0000131 seconds
[326.469s][info ][safepoint      ] Application time: 1.0000712 seconds
[326.469s][info ][safepoint      ] Entering safepoint region: Cleanup
[326.469s][info ][safepoint      ] Leaving safepoint region
[326.469s][info ][safepoint      ] Total time for which application threads were stopped: 0.0000824 seconds, Stopping threads took: 0.0000135 seconds
[327.469s][info ][safepoint      ] Application time: 1.0000704 seconds
[327.469s][info ][safepoint      ] Entering safepoint region: Cleanup
[327.469s][info ][safepoint      ] Leaving safepoint region
[327.469s][info ][safepoint      ] Total time for which application threads were stopped: 0.0000882 seconds, Stopping threads took: 0.0000303 seconds
[330.288s][info ][safepoint      ] Application time: 2.8186592 seconds
[330.288s][info ][safepoint      ] Entering safepoint region: ParallelGCFailedAllocation
[330.288s][info ][gc,start       ] GC(77) Pause Young (Allocation Failure)
[330.293s][debug][gc,phases      ] GC(77) Scavenge 4.946ms
[330.293s][debug][gc,ref         ] GC(77) Skipped phase1 of Reference Processing due to unavailable references
[330.293s][debug][gc,ref         ] GC(77) Skipped phase3 of Reference Processing due to unavailable references
[330.293s][debug][gc,phases      ] GC(77) Reference Processing 0.028ms
[330.293s][debug][gc,phases      ] GC(77) Weak Processing 0.127ms
[330.294s][debug][gc,phases      ] GC(77) Scrub String Table 0.423ms
[330.294s][debug][gc,age         ] GC(77) Desired survivor size 67108864 bytes, new threshold 15 (max threshold 15)
[330.294s][info ][gc,heap        ] GC(77) PSYoungGen: 1963936K->9904K(2031616K)
[330.294s][info ][gc,heap        ] GC(77) ParOldGen: 297856K->298140K(355840K)
[330.294s][info ][gc,metaspace   ] GC(77) Metaspace: 73629K->73629K(1116160K)
[330.294s][info ][gc             ] GC(77) Pause Young (Allocation Failure) 2208M->300M(2331M) 5.664ms
[330.294s][info ][gc,cpu         ] GC(77) User=0.02s Sys=0.00s Real=0.00s
[330.294s][info ][safepoint      ] Leaving safepoint region
[330.294s][info ][safepoint      ] Total time for which application threads were stopped: 0.0058057 seconds, Stopping threads took: 0.0000132 seconds
[332.294s][info ][safepoint      ] Application time: 2.0001430 seconds
[332.294s][info ][safepoint      ] Entering safepoint region: Cleanup
[332.294s][info ][safepoint      ] Leaving safepoint region
[332.294s][info ][safepoint      ] Total time for which application threads were stopped: 0.0001012 seconds, Stopping threads took: 0.0000320 seconds
[334.294s][info ][safepoint      ] Application time: 2.0001012 seconds
[334.294s][info ][safepoint      ] Entering safepoint region: Cleanup
[334.294s][info ][safepoint      ] Leaving safepoint region
[334.294s][info ][safepoint      ] Total time for which application threads were stopped: 0.0000792 seconds, Stopping threads took: 0.0000122 seconds
[335.295s][info ][safepoint      ] Application time: 1.0000736 seconds
[335.295s][info ][safepoint      ] Entering safepoint region: Cleanup
[335.295s][info ][safepoint      ] Leaving safepoint region
[335.295s][info ][safepoint      ] Total time for which application threads were stopped: 0.0001704 seconds, Stopping threads took: 0.0000523 seconds
[339.926s][info ][safepoint      ] Application time: 4.6315593 seconds
[339.926s][info ][safepoint      ] Entering safepoint region: ParallelGCFailedAllocation
[339.926s][info ][gc,start       ] GC(78) Pause Young (Allocation Failure)
[339.932s][debug][gc,phases      ] GC(78) Scavenge 5.660ms
[339.932s][debug][gc,ref         ] GC(78) Skipped phase1 of Reference Processing due to unavailable references
[339.932s][debug][gc,ref         ] GC(78) Skipped phase3 of Reference Processing due to unavailable references
[339.932s][debug][gc,phases      ] GC(78) Reference Processing 0.030ms
[339.932s][debug][gc,phases      ] GC(78) Weak Processing 0.130ms
[339.933s][debug][gc,phases      ] GC(78) Scrub String Table 0.443ms
[339.933s][debug][gc,age         ] GC(78) Desired survivor size 64487424 bytes, new threshold 15 (max threshold 15)
[339.933s][info ][gc,heap        ] GC(78) PSYoungGen: 1973936K->7264K(2029568K)
[339.933s][info ][gc,heap        ] GC(78) ParOldGen: 298140K->300929K(355840K)
[339.933s][info ][gc,metaspace   ] GC(78) Metaspace: 73633K->73633K(1116160K)
[339.933s][info ][gc             ] GC(78) Pause Young (Allocation Failure) 2218M->300M(2329M) 6.403ms
[339.933s][info ][gc,cpu         ] GC(78) User=0.02s Sys=0.00s Real=0.01s
[339.933s][info ][safepoint      ] Leaving safepoint region
[339.933s][info ][safepoint      ] Total time for which application threads were stopped: 0.0065723 seconds, Stopping threads took: 0.0000281 seconds
[341.933s][info ][safepoint      ] Application time: 2.0001573 seconds
[341.933s][info ][safepoint      ] Entering safepoint region: Cleanup
[341.933s][info ][safepoint      ] Leaving safepoint region
[341.933s][info ][safepoint      ] Total time for which application threads were stopped: 0.0001241 seconds, Stopping threads took: 0.0000515 seconds
[342.933s][info ][safepoint      ] Application time: 1.0000778 seconds
[342.933s][info ][safepoint      ] Entering safepoint region: Cleanup
[342.933s][info ][safepoint      ] Leaving safepoint region
[342.934s][info ][safepoint      ] Total time for which application threads were stopped: 0.0001212 seconds, Stopping threads took: 0.0000427 seconds
[349.585s][info ][safepoint      ] Application time: 6.6514749 seconds
[349.585s][info ][safepoint      ] Entering safepoint region: ParallelGCFailedAllocation
[349.585s][info ][gc,start       ] GC(79) Pause Young (Allocation Failure)
[349.590s][debug][gc,phases      ] GC(79) Scavenge 5.240ms
[349.590s][debug][gc,ref         ] GC(79) Skipped phase1 of Reference Processing due to unavailable references
[349.590s][debug][gc,ref         ] GC(79) Skipped phase3 of Reference Processing due to unavailable references
[349.590s][debug][gc,phases      ] GC(79) Reference Processing 0.026ms
[349.591s][debug][gc,phases      ] GC(79) Weak Processing 0.138ms
[349.591s][debug][gc,phases      ] GC(79) Scrub String Table 0.431ms
[349.591s][debug][gc,age         ] GC(79) Desired survivor size 62914560 bytes, new threshold 15 (max threshold 15)
[349.591s][info ][gc,heap        ] GC(79) PSYoungGen: 1971296K->4528K(2035712K)
[349.591s][info ][gc,heap        ] GC(79) ParOldGen: 300929K->303838K(355840K)
[349.591s][info ][gc,metaspace   ] GC(79) Metaspace: 73636K->73636K(1116160K)
[349.591s][info ][gc             ] GC(79) Pause Young (Allocation Failure) 2218M->301M(2335M) 5.954ms
[349.591s][info ][gc,cpu         ] GC(79) User=0.02s Sys=0.00s Real=0.01s
[349.591s][info ][safepoint      ] Leaving safepoint region
[349.591s][info ][safepoint      ] Total time for which application threads were stopped: 0.0061113 seconds, Stopping threads took: 0.0000134 seconds
[350.591s][info ][safepoint      ] Application time: 1.0000761 seconds
[350.591s][info ][safepoint      ] Entering safepoint region: Cleanup
[350.591s][info ][safepoint      ] Leaving safepoint region
[350.591s][info ][safepoint      ] Total time for which application threads were stopped: 0.0000967 seconds, Stopping threads took: 0.0000378 seconds
[351.591s][info ][safepoint      ] Application time: 1.0000830 seconds
[351.592s][info ][safepoint      ] Entering safepoint region: Cleanup
[351.592s][info ][safepoint      ] Leaving safepoint region
[351.592s][info ][safepoint      ] Total time for which application threads were stopped: 0.0001430 seconds, Stopping threads took: 0.0000379 seconds
[352.592s][info ][safepoint      ] Application time: 1.0000751 seconds
[352.592s][info ][safepoint      ] Entering safepoint region: Cleanup
[352.592s][info ][safepoint      ] Leaving safepoint region
[352.592s][info ][safepoint      ] Total time for which application threads were stopped: 0.0001107 seconds, Stopping threads took: 0.0000482 seconds
[355.592s][info ][safepoint      ] Application time: 3.0002284 seconds
[355.592s][info ][safepoint      ] Entering safepoint region: Cleanup
[355.592s][info ][safepoint      ] Leaving safepoint region
[355.592s][info ][safepoint      ] Total time for which application threads were stopped: 0.0000950 seconds, Stopping threads took: 0.0000325 seconds
[357.592s][info ][safepoint      ] Application time: 2.0001394 seconds
[357.592s][info ][safepoint      ] Entering safepoint region: Cleanup
[357.593s][info ][safepoint      ] Leaving safepoint region
[357.593s][info ][safepoint      ] Total time for which application threads were stopped: 0.0000881 seconds, Stopping threads took: 0.0000286 seconds
[358.593s][info ][safepoint      ] Application time: 1.0000782 seconds
[358.593s][info ][safepoint      ] Entering safepoint region: Cleanup
[358.593s][info ][safepoint      ] Leaving safepoint region
[358.593s][info ][safepoint      ] Total time for which application threads were stopped: 0.0000635 seconds, Stopping threads took: 0.0000119 seconds
[359.334s][info ][safepoint      ] Application time: 0.7410795 seconds
[359.334s][info ][safepoint      ] Entering safepoint region: ParallelGCFailedAllocation
[359.334s][info ][gc,start       ] GC(80) Pause Young (Allocation Failure)
[359.338s][debug][gc,phases      ] GC(80) Scavenge 4.128ms
[359.338s][debug][gc,ref         ] GC(80) Skipped phase1 of Reference Processing due to unavailable references
[359.338s][debug][gc,ref         ] GC(80) Skipped phase3 of Reference Processing due to unavailable references
[359.338s][debug][gc,phases      ] GC(80) Reference Processing 0.026ms
[359.338s][debug][gc,phases      ] GC(80) Weak Processing 0.126ms
[359.339s][debug][gc,phases      ] GC(80) Scrub String Table 0.393ms
[359.339s][debug][gc,age         ] GC(80) Desired survivor size 60817408 bytes, new threshold 15 (max threshold 15)
[359.339s][info ][gc,heap        ] GC(80) PSYoungGen: 1977264K->4464K(2034176K)
[359.339s][info ][gc,heap        ] GC(80) ParOldGen: 303838K->303978K(355840K)
[359.339s][info ][gc,metaspace   ] GC(80) Metaspace: 73719K->73719K(1116160K)
[359.339s][info ][gc             ] GC(80) Pause Young (Allocation Failure) 2227M->301M(2334M) 4.803ms
[359.339s][info ][gc,cpu         ] GC(80) User=0.01s Sys=0.00s Real=0.00s
[359.339s][info ][safepoint      ] Leaving safepoint region
[359.339s][info ][safepoint      ] Total time for which application threads were stopped: 0.0049558 seconds, Stopping threads took: 0.0000129 seconds
[360.339s][info ][safepoint      ] Application time: 1.0000762 seconds
[360.339s][info ][safepoint      ] Entering safepoint region: Cleanup
[360.339s][info ][safepoint      ] Leaving safepoint region
[360.339s][info ][safepoint      ] Total time for which application threads were stopped: 0.0001138 seconds, Stopping threads took: 0.0000401 seconds
[361.339s][info ][safepoint      ] Application time: 1.0000577 seconds
[361.339s][info ][safepoint      ] Entering safepoint region: Cleanup
[361.339s][info ][safepoint      ] Leaving safepoint region
[361.339s][info ][safepoint      ] Total time for which application threads were stopped: 0.0001115 seconds, Stopping threads took: 0.0000361 seconds
[362.339s][info ][safepoint      ] Application time: 1.0000777 seconds
[362.339s][info ][safepoint      ] Entering safepoint region: Cleanup
[362.339s][info ][safepoint      ] Leaving safepoint region
[362.339s][info ][safepoint      ] Total time for which application threads were stopped: 0.0001012 seconds, Stopping threads took: 0.0000324 seconds
[364.340s][info ][safepoint      ] Application time: 2.0001500 seconds
[364.340s][info ][safepoint      ] Entering safepoint region: Cleanup
[364.340s][info ][safepoint      ] Leaving safepoint region
[364.340s][info ][safepoint      ] Total time for which application threads were stopped: 0.0001186 seconds, Stopping threads took: 0.0000343 seconds
[365.340s][info ][safepoint      ] Application time: 1.0000710 seconds
[365.340s][info ][safepoint      ] Entering safepoint region: Cleanup
[365.340s][info ][safepoint      ] Leaving safepoint region
[365.340s][info ][safepoint      ] Total time for which application threads were stopped: 0.0001052 seconds, Stopping threads took: 0.0000396 seconds
[369.191s][info ][safepoint      ] Application time: 3.8506098 seconds
[369.191s][info ][safepoint      ] Entering safepoint region: ParallelGCFailedAllocation
[369.191s][info ][gc,start       ] GC(81) Pause Young (Allocation Failure)
[369.195s][debug][gc,phases      ] GC(81) Scavenge 4.173ms
[369.195s][debug][gc,ref         ] GC(81) Skipped phase1 of Reference Processing due to unavailable references
[369.195s][debug][gc,ref         ] GC(81) Skipped phase3 of Reference Processing due to unavailable references
[369.195s][debug][gc,phases      ] GC(81) Reference Processing 0.034ms
[369.195s][debug][gc,phases      ] GC(81) Weak Processing 0.145ms
[369.196s][debug][gc,phases      ] GC(81) Scrub String Table 0.536ms
[369.196s][debug][gc,age         ] GC(81) Desired survivor size 58720256 bytes, new threshold 15 (max threshold 15)
[369.196s][info ][gc,heap        ] GC(81) PSYoungGen: 1977200K->4480K(2039808K)
[369.196s][info ][gc,heap        ] GC(81) ParOldGen: 303978K->304026K(355840K)
[369.196s][info ][gc,metaspace   ] GC(81) Metaspace: 73838K->73838K(1116160K)
[369.196s][info ][gc             ] GC(81) Pause Young (Allocation Failure) 2227M->301M(2339M) 5.060ms
[369.196s][info ][gc,cpu         ] GC(81) User=0.02s Sys=0.00s Real=0.00s
[369.196s][info ][safepoint      ] Leaving safepoint region
[369.196s][info ][safepoint      ] Total time for which application threads were stopped: 0.0052298 seconds, Stopping threads took: 0.0000285 seconds
[372.196s][info ][safepoint      ] Application time: 3.0002215 seconds
[372.196s][info ][safepoint      ] Entering safepoint region: Cleanup
[372.196s][info ][safepoint      ] Leaving safepoint region
[372.196s][info ][safepoint      ] Total time for which application threads were stopped: 0.0000943 seconds, Stopping threads took: 0.0000301 seconds
[373.196s][info ][safepoint      ] Application time: 1.0000906 seconds
[373.196s][info ][safepoint      ] Entering safepoint region: Cleanup
[373.196s][info ][safepoint      ] Leaving safepoint region
[373.196s][info ][safepoint      ] Total time for which application threads were stopped: 0.0000725 seconds, Stopping threads took: 0.0000130 seconds
[375.197s][info ][safepoint      ] Application time: 2.0001512 seconds
[375.197s][info ][safepoint      ] Entering safepoint region: Cleanup
[375.197s][info ][safepoint      ] Leaving safepoint region
[375.197s][info ][safepoint      ] Total time for which application threads were stopped: 0.0000671 seconds, Stopping threads took: 0.0000138 seconds
[377.064s][info ][safepoint      ] Application time: 1.8672056 seconds
[377.064s][info ][safepoint      ] Entering safepoint region: RevokeBias
[377.064s][info ][safepoint      ] Leaving safepoint region
[377.064s][info ][safepoint      ] Total time for which application threads were stopped: 0.0000746 seconds, Stopping threads took: 0.0000172 seconds
[378.064s][info ][safepoint      ] Application time: 1.0001020 seconds
[378.064s][info ][safepoint      ] Entering safepoint region: Cleanup
[378.064s][info ][safepoint      ] Leaving safepoint region
[378.064s][info ][safepoint      ] Total time for which application threads were stopped: 0.0000937 seconds, Stopping threads took: 0.0000198 seconds
[378.897s][info ][safepoint      ] Application time: 0.8323449 seconds
[378.897s][info ][safepoint      ] Entering safepoint region: ParallelGCFailedAllocation
[378.897s][info ][gc,start       ] GC(82) Pause Young (Allocation Failure)
[378.902s][debug][gc,phases      ] GC(82) Scavenge 4.691ms
[378.902s][debug][gc,ref         ] GC(82) Skipped phase1 of Reference Processing due to unavailable references
[378.902s][debug][gc,ref         ] GC(82) Skipped phase3 of Reference Processing due to unavailable references
[378.902s][debug][gc,phases      ] GC(82) Reference Processing 0.030ms
[378.902s][debug][gc,phases      ] GC(82) Weak Processing 0.130ms
[378.902s][debug][gc,phases      ] GC(82) Scrub String Table 0.432ms
[378.902s][debug][gc,age         ] GC(82) Desired survivor size 56098816 bytes, new threshold 15 (max threshold 15)
[378.902s][info ][gc,heap        ] GC(82) PSYoungGen: 1984896K->4720K(2037760K)
[378.902s][info ][gc,heap        ] GC(82) ParOldGen: 304026K->304114K(355840K)
[378.902s][info ][gc,metaspace   ] GC(82) Metaspace: 73912K->73912K(1116160K)
[378.902s][info ][gc             ] GC(82) Pause Young (Allocation Failure) 2235M->301M(2337M) 5.411ms
[378.902s][info ][gc,cpu         ] GC(82) User=0.02s Sys=0.00s Real=0.01s
[378.902s][info ][safepoint      ] Leaving safepoint region
[378.902s][info ][safepoint      ] Total time for which application threads were stopped: 0.0056350 seconds, Stopping threads took: 0.0000122 seconds
[379.859s][info ][safepoint      ] Application time: 0.9568886 seconds
[379.859s][info ][safepoint      ] Entering safepoint region: RevokeBias
[379.859s][info ][safepoint      ] Leaving safepoint region
[379.859s][info ][safepoint      ] Total time for which application threads were stopped: 0.0001684 seconds, Stopping threads took: 0.0000107 seconds
[380.859s][info ][safepoint      ] Application time: 1.0000866 seconds
[380.860s][info ][safepoint      ] Entering safepoint region: Cleanup
[380.860s][info ][safepoint      ] Leaving safepoint region
[380.860s][info ][safepoint      ] Total time for which application threads were stopped: 0.0000692 seconds, Stopping threads took: 0.0000126 seconds
[381.860s][info ][safepoint      ] Application time: 1.0000788 seconds
[381.860s][info ][safepoint      ] Entering safepoint region: Cleanup
[381.860s][info ][safepoint      ] Leaving safepoint region
[381.860s][info ][safepoint      ] Total time for which application threads were stopped: 0.0001265 seconds, Stopping threads took: 0.0000507 seconds
[382.860s][info ][safepoint      ] Application time: 1.0000562 seconds
[382.860s][info ][safepoint      ] Entering safepoint region: Cleanup
[382.860s][info ][safepoint      ] Leaving safepoint region
[382.860s][info ][safepoint      ] Total time for which application threads were stopped: 0.0000830 seconds, Stopping threads took: 0.0000178 seconds
[384.469s][info ][safepoint      ] Application time: 1.6087703 seconds
[384.469s][info ][safepoint      ] Entering safepoint region: RevokeBias
[384.469s][info ][safepoint      ] Leaving safepoint region
[384.469s][info ][safepoint      ] Total time for which application threads were stopped: 0.0000640 seconds, Stopping threads took: 0.0000111 seconds
[385.469s][info ][safepoint      ] Application time: 1.0000799 seconds
[385.469s][info ][safepoint      ] Entering safepoint region: Cleanup
[385.469s][info ][safepoint      ] Leaving safepoint region
[385.469s][info ][safepoint      ] Total time for which application threads were stopped: 0.0000767 seconds, Stopping threads took: 0.0000127 seconds
[386.469s][info ][safepoint      ] Application time: 1.0000812 seconds
[386.469s][info ][safepoint      ] Entering safepoint region: Cleanup
[386.469s][info ][safepoint      ] Leaving safepoint region
[386.469s][info ][safepoint      ] Total time for which application threads were stopped: 0.0000663 seconds, Stopping threads took: 0.0000120 seconds
[387.469s][info ][safepoint      ] Application time: 1.0000439 seconds
[387.469s][info ][safepoint      ] Entering safepoint region: Cleanup
[387.469s][info ][safepoint      ] Leaving safepoint region
[387.469s][info ][safepoint      ] Total time for which application threads were stopped: 0.0001001 seconds, Stopping threads took: 0.0000446 seconds
[388.194s][info ][safepoint      ] Application time: 0.7249300 seconds
[388.194s][info ][safepoint      ] Entering safepoint region: ParallelGCFailedAllocation
[388.195s][info ][gc,start       ] GC(83) Pause Young (Allocation Failure)
[388.199s][debug][gc,phases      ] GC(83) Scavenge 4.095ms
[388.199s][debug][gc,ref         ] GC(83) Skipped phase1 of Reference Processing due to unavailable references
[388.199s][debug][gc,ref         ] GC(83) Skipped phase3 of Reference Processing due to unavailable references
[388.199s][debug][gc,phases      ] GC(83) Reference Processing 0.027ms
[388.199s][debug][gc,phases      ] GC(83) Weak Processing 0.142ms
[388.199s][debug][gc,phases      ] GC(83) Scrub String Table 0.450ms
[388.199s][debug][gc,age         ] GC(83) Desired survivor size 54001664 bytes, new threshold 15 (max threshold 15)
[388.199s][info ][gc,heap        ] GC(83) PSYoungGen: 1985136K->4480K(2044416K)
[388.199s][info ][gc,heap        ] GC(83) ParOldGen: 304114K->304390K(355840K)
[388.199s][info ][gc,metaspace   ] GC(83) Metaspace: 73951K->73951K(1116160K)
[388.199s][info ][gc             ] GC(83) Pause Young (Allocation Failure) 2235M->301M(2344M) 4.838ms
[388.199s][info ][gc,cpu         ] GC(83) User=0.02s Sys=0.00s Real=0.00s
[388.199s][info ][safepoint      ] Leaving safepoint region
[388.199s][info ][safepoint      ] Total time for which application threads were stopped: 0.0049963 seconds, Stopping threads took: 0.0000112 seconds
[389.200s][info ][safepoint      ] Application time: 1.0000967 seconds
[389.200s][info ][safepoint      ] Entering safepoint region: Cleanup
[389.200s][info ][safepoint      ] Leaving safepoint region
[389.200s][info ][safepoint      ] Total time for which application threads were stopped: 0.0000691 seconds, Stopping threads took: 0.0000113 seconds
[391.200s][info ][safepoint      ] Application time: 2.0001477 seconds
[391.200s][info ][safepoint      ] Entering safepoint region: Cleanup
[391.200s][info ][safepoint      ] Leaving safepoint region
[391.200s][info ][safepoint      ] Total time for which application threads were stopped: 0.0000675 seconds, Stopping threads took: 0.0000120 seconds
[393.200s][info ][safepoint      ] Application time: 2.0001663 seconds
[393.200s][info ][safepoint      ] Entering safepoint region: Cleanup
[393.200s][info ][safepoint      ] Leaving safepoint region
[393.200s][info ][safepoint      ] Total time for which application threads were stopped: 0.0000647 seconds, Stopping threads took: 0.0000203 seconds
[395.200s][info ][safepoint      ] Application time: 2.0001096 seconds
[395.200s][info ][safepoint      ] Entering safepoint region: Cleanup
[395.200s][info ][safepoint      ] Leaving safepoint region
[395.200s][info ][safepoint      ] Total time for which application threads were stopped: 0.0000696 seconds, Stopping threads took: 0.0000118 seconds
[396.200s][info ][safepoint      ] Application time: 1.0000765 seconds
[396.201s][info ][safepoint      ] Entering safepoint region: Cleanup
[396.201s][info ][safepoint      ] Leaving safepoint region
[396.201s][info ][safepoint      ] Total time for which application threads were stopped: 0.0000806 seconds, Stopping threads took: 0.0000121 seconds
[397.201s][info ][safepoint      ] Application time: 1.0000767 seconds
[397.201s][info ][safepoint      ] Entering safepoint region: Cleanup
[397.201s][info ][safepoint      ] Leaving safepoint region
[397.201s][info ][safepoint      ] Total time for which application threads were stopped: 0.0000774 seconds, Stopping threads took: 0.0000271 seconds
[397.739s][info ][safepoint      ] Application time: 0.5381039 seconds
[397.739s][info ][safepoint      ] Entering safepoint region: ParallelGCFailedAllocation
[397.739s][info ][gc,start       ] GC(84) Pause Young (Allocation Failure)
[397.743s][debug][gc,phases      ] GC(84) Scavenge 3.609ms
[397.743s][debug][gc,ref         ] GC(84) Skipped phase1 of Reference Processing due to unavailable references
[397.743s][debug][gc,ref         ] GC(84) Skipped phase3 of Reference Processing due to unavailable references
[397.743s][debug][gc,ref         ] GC(84) Skipped phase4 of Reference Processing due to unavailable references
[397.743s][debug][gc,phases      ] GC(84) Reference Processing 0.040ms
[397.743s][debug][gc,phases      ] GC(84) Weak Processing 0.134ms
[397.743s][debug][gc,phases      ] GC(84) Scrub String Table 0.435ms
[397.743s][debug][gc,age         ] GC(84) Desired survivor size 51380224 bytes, new threshold 15 (max threshold 15)
[397.743s][info ][gc,heap        ] GC(84) PSYoungGen: 1994112K->4336K(2042368K)
[397.743s][info ][gc,heap        ] GC(84) ParOldGen: 304390K->304558K(355840K)
[397.743s][info ][gc,metaspace   ] GC(84) Metaspace: 73972K->73972K(1116160K)
[397.743s][info ][gc             ] GC(84) Pause Young (Allocation Failure) 2244M->301M(2342M) 4.352ms
[397.743s][info ][gc,cpu         ] GC(84) User=0.02s Sys=0.00s Real=0.01s
[397.743s][info ][safepoint      ] Leaving safepoint region
[397.743s][info ][safepoint      ] Total time for which application threads were stopped: 0.0044913 seconds, Stopping threads took: 0.0000110 seconds
[398.744s][info ][safepoint      ] Application time: 1.0000868 seconds
[398.744s][info ][safepoint      ] Entering safepoint region: Cleanup
[398.744s][info ][safepoint      ] Leaving safepoint region
[398.744s][info ][safepoint      ] Total time for which application threads were stopped: 0.0000906 seconds, Stopping threads took: 0.0000308 seconds
[399.744s][info ][safepoint      ] Application time: 1.0000443 seconds
[399.744s][info ][safepoint      ] Entering safepoint region: Cleanup
[399.744s][info ][safepoint      ] Leaving safepoint region
[399.744s][info ][safepoint      ] Total time for which application threads were stopped: 0.0000660 seconds, Stopping threads took: 0.0000121 seconds
[400.744s][info ][safepoint      ] Application time: 1.0000718 seconds
[400.744s][info ][safepoint      ] Entering safepoint region: Cleanup
[400.744s][info ][safepoint      ] Leaving safepoint region
[400.744s][info ][safepoint      ] Total time for which application threads were stopped: 0.0000792 seconds, Stopping threads took: 0.0000121 seconds
[406.744s][info ][safepoint      ] Application time: 6.0003959 seconds
[406.744s][info ][safepoint      ] Entering safepoint region: Cleanup
[406.745s][info ][safepoint      ] Leaving safepoint region
[406.745s][info ][safepoint      ] Total time for which application threads were stopped: 0.0001056 seconds, Stopping threads took: 0.0000302 seconds
[407.471s][info ][safepoint      ] Application time: 0.7266698 seconds
[407.471s][info ][safepoint      ] Entering safepoint region: ParallelGCFailedAllocation
[407.471s][info ][gc,start       ] GC(85) Pause Young (Allocation Failure)
[407.475s][debug][gc,phases      ] GC(85) Scavenge 3.772ms
[407.475s][debug][gc,ref         ] GC(85) Skipped phase1 of Reference Processing due to unavailable references
[407.475s][debug][gc,ref         ] GC(85) Skipped phase3 of Reference Processing due to unavailable references
[407.475s][debug][gc,phases      ] GC(85) Reference Processing 0.029ms
[407.475s][debug][gc,phases      ] GC(85) Weak Processing 0.140ms
[407.476s][debug][gc,phases      ] GC(85) Scrub String Table 0.412ms
[407.476s][debug][gc,age         ] GC(85) Desired survivor size 48758784 bytes, new threshold 15 (max threshold 15)
[407.476s][info ][gc,heap        ] GC(85) PSYoungGen: 1993968K->4288K(2049536K)
[407.476s][info ][gc,heap        ] GC(85) ParOldGen: 304558K->304638K(355840K)
[407.476s][info ][gc,metaspace   ] GC(85) Metaspace: 74060K->74060K(1116160K)
[407.476s][info ][gc             ] GC(85) Pause Young (Allocation Failure) 2244M->301M(2349M) 4.479ms
[407.476s][info ][gc,cpu         ] GC(85) User=0.02s Sys=0.00s Real=0.00s
[407.476s][info ][safepoint      ] Leaving safepoint region
[407.476s][info ][safepoint      ] Total time for which application threads were stopped: 0.0046644 seconds, Stopping threads took: 0.0000370 seconds
[408.476s][info ][safepoint      ] Application time: 1.0000780 seconds
[408.476s][info ][safepoint      ] Entering safepoint region: Cleanup
[408.476s][info ][safepoint      ] Leaving safepoint region
[408.476s][info ][safepoint      ] Total time for which application threads were stopped: 0.0001082 seconds, Stopping threads took: 0.0000362 seconds
[409.476s][info ][safepoint      ] Application time: 1.0000676 seconds
[409.476s][info ][safepoint      ] Entering safepoint region: Cleanup
[409.476s][info ][safepoint      ] Leaving safepoint region
[409.476s][info ][safepoint      ] Total time for which application threads were stopped: 0.0001293 seconds, Stopping threads took: 0.0000571 seconds
[410.476s][info ][safepoint      ] Application time: 1.0000697 seconds
[410.477s][info ][safepoint      ] Entering safepoint region: Cleanup
[410.477s][info ][safepoint      ] Leaving safepoint region
[410.477s][info ][safepoint      ] Total time for which application threads were stopped: 0.0000886 seconds, Stopping threads took: 0.0000319 seconds
[412.477s][info ][safepoint      ] Application time: 2.0001404 seconds
[412.477s][info ][safepoint      ] Entering safepoint region: Cleanup
[412.477s][info ][safepoint      ] Leaving safepoint region
[412.477s][info ][safepoint      ] Total time for which application threads were stopped: 0.0001317 seconds, Stopping threads took: 0.0000610 seconds
[413.477s][info ][safepoint      ] Application time: 1.0000732 seconds
[413.477s][info ][safepoint      ] Entering safepoint region: Cleanup
[413.477s][info ][safepoint      ] Leaving safepoint region
[413.477s][info ][safepoint      ] Total time for which application threads were stopped: 0.0000905 seconds, Stopping threads took: 0.0000310 seconds
[414.477s][info ][safepoint      ] Application time: 1.0000695 seconds
[414.477s][info ][safepoint      ] Entering safepoint region: Cleanup
[414.477s][info ][safepoint      ] Leaving safepoint region
[414.477s][info ][safepoint      ] Total time for which application threads were stopped: 0.0001084 seconds, Stopping threads took: 0.0000440 seconds
[415.477s][info ][safepoint      ] Application time: 1.0000732 seconds
[415.478s][info ][safepoint      ] Entering safepoint region: Cleanup
[415.478s][info ][safepoint      ] Leaving safepoint region
[415.478s][info ][safepoint      ] Total time for which application threads were stopped: 0.0001016 seconds, Stopping threads took: 0.0000332 seconds
[416.478s][info ][safepoint      ] Application time: 1.0000786 seconds
[416.478s][info ][safepoint      ] Entering safepoint region: Cleanup
[416.478s][info ][safepoint      ] Leaving safepoint region
[416.478s][info ][safepoint      ] Total time for which application threads were stopped: 0.0000832 seconds, Stopping threads took: 0.0000292 seconds
[417.222s][info ][safepoint      ] Application time: 0.7437139 seconds
[417.222s][info ][safepoint      ] Entering safepoint region: ParallelGCFailedAllocation
[417.222s][info ][gc,start       ] GC(86) Pause Young (Allocation Failure)
[417.226s][debug][gc,phases      ] GC(86) Scavenge 3.855ms
[417.226s][debug][gc,ref         ] GC(86) Skipped phase1 of Reference Processing due to unavailable references
[417.226s][debug][gc,ref         ] GC(86) Skipped phase3 of Reference Processing due to unavailable references
[417.226s][debug][gc,phases      ] GC(86) Reference Processing 0.027ms
[417.226s][debug][gc,phases      ] GC(86) Weak Processing 0.129ms
[417.226s][debug][gc,phases      ] GC(86) Scrub String Table 0.447ms
[417.226s][debug][gc,age         ] GC(86) Desired survivor size 46661632 bytes, new threshold 15 (max threshold 15)
[417.226s][info ][gc,heap        ] GC(86) PSYoungGen: 2003648K->4384K(2046976K)
[417.226s][info ][gc,heap        ] GC(86) ParOldGen: 304638K->304678K(355840K)
[417.226s][info ][gc,metaspace   ] GC(86) Metaspace: 74110K->74110K(1116160K)
[417.226s][info ][gc             ] GC(86) Pause Young (Allocation Failure) 2254M->301M(2346M) 4.590ms
[417.226s][info ][gc,cpu         ] GC(86) User=0.02s Sys=0.00s Real=0.00s
[417.226s][info ][safepoint      ] Leaving safepoint region
[417.226s][info ][safepoint      ] Total time for which application threads were stopped: 0.0047536 seconds, Stopping threads took: 0.0000314 seconds
[421.227s][info ][safepoint      ] Application time: 4.0002457 seconds
[421.227s][info ][safepoint      ] Entering safepoint region: Cleanup
[421.227s][info ][safepoint      ] Leaving safepoint region
[421.227s][info ][safepoint      ] Total time for which application threads were stopped: 0.0001043 seconds, Stopping threads took: 0.0000368 seconds
[425.227s][info ][safepoint      ] Application time: 4.0002117 seconds
[425.227s][info ][safepoint      ] Entering safepoint region: Cleanup
[425.227s][info ][safepoint      ] Leaving safepoint region
[425.227s][info ][safepoint      ] Total time for which application threads were stopped: 0.0001161 seconds, Stopping threads took: 0.0000352 seconds
[426.227s][info ][safepoint      ] Application time: 1.0000767 seconds
[426.227s][info ][safepoint      ] Entering safepoint region: Cleanup
[426.227s][info ][safepoint      ] Leaving safepoint region
[426.227s][info ][safepoint      ] Total time for which application threads were stopped: 0.0000966 seconds, Stopping threads took: 0.0000425 seconds
[427.022s][info ][safepoint      ] Application time: 0.7947747 seconds
[427.022s][info ][safepoint      ] Entering safepoint region: ParallelGCFailedAllocation
[427.022s][info ][gc,start       ] GC(87) Pause Young (Allocation Failure)
[427.026s][debug][gc,phases      ] GC(87) Scavenge 3.870ms
[427.026s][debug][gc,ref         ] GC(87) Skipped phase1 of Reference Processing due to unavailable references
[427.026s][debug][gc,ref         ] GC(87) Skipped phase3 of Reference Processing due to unavailable references
[427.026s][debug][gc,ref         ] GC(87) Skipped phase4 of Reference Processing due to unavailable references
[427.026s][debug][gc,phases      ] GC(87) Reference Processing 0.029ms
[427.026s][debug][gc,phases      ] GC(87) Weak Processing 0.112ms
[427.027s][debug][gc,phases      ] GC(87) Scrub String Table 0.398ms
[427.027s][debug][gc,age         ] GC(87) Desired survivor size 44040192 bytes, new threshold 15 (max threshold 15)
[427.027s][info ][gc,heap        ] GC(87) PSYoungGen: 2003744K->4368K(2054144K)
[427.027s][info ][gc,heap        ] GC(87) ParOldGen: 304678K->304814K(355840K)
[427.027s][info ][gc,metaspace   ] GC(87) Metaspace: 74110K->74110K(1116160K)
[427.027s][info ][gc             ] GC(87) Pause Young (Allocation Failure) 2254M->301M(2353M) 4.544ms
[427.027s][info ][gc,cpu         ] GC(87) User=0.02s Sys=0.00s Real=0.00s
[427.027s][info ][safepoint      ] Leaving safepoint region
[427.027s][info ][safepoint      ] Total time for which application threads were stopped: 0.0046930 seconds, Stopping threads took: 0.0000137 seconds
[428.027s][info ][safepoint      ] Application time: 1.0000499 seconds
[428.027s][info ][safepoint      ] Entering safepoint region: Cleanup
[428.027s][info ][safepoint      ] Leaving safepoint region
[428.027s][info ][safepoint      ] Total time for which application threads were stopped: 0.0001037 seconds, Stopping threads took: 0.0000443 seconds
[431.027s][info ][safepoint      ] Application time: 3.0002115 seconds
[431.027s][info ][safepoint      ] Entering safepoint region: Cleanup
[431.027s][info ][safepoint      ] Leaving safepoint region
[431.027s][info ][safepoint      ] Total time for which application threads were stopped: 0.0000945 seconds, Stopping threads took: 0.0000278 seconds
[432.027s][info ][safepoint      ] Application time: 1.0000799 seconds
[432.027s][info ][safepoint      ] Entering safepoint region: Cleanup
[432.028s][info ][safepoint      ] Leaving safepoint region
[432.028s][info ][safepoint      ] Total time for which application threads were stopped: 0.0000885 seconds, Stopping threads took: 0.0000325 seconds
[433.028s][info ][safepoint      ] Application time: 1.0000732 seconds
[433.028s][info ][safepoint      ] Entering safepoint region: Cleanup
[433.028s][info ][safepoint      ] Leaving safepoint region
[433.028s][info ][safepoint      ] Total time for which application threads were stopped: 0.0001468 seconds, Stopping threads took: 0.0000412 seconds
[434.028s][info ][safepoint      ] Application time: 1.0000805 seconds
[434.028s][info ][safepoint      ] Entering safepoint region: Cleanup
[434.028s][info ][safepoint      ] Leaving safepoint region
[434.028s][info ][safepoint      ] Total time for which application threads were stopped: 0.0000994 seconds, Stopping threads took: 0.0000398 seconds
[435.028s][info ][safepoint      ] Application time: 1.0000794 seconds
[435.028s][info ][safepoint      ] Entering safepoint region: Cleanup
[435.028s][info ][safepoint      ] Leaving safepoint region
[435.028s][info ][safepoint      ] Total time for which application threads were stopped: 0.0000922 seconds, Stopping threads took: 0.0000304 seconds
[436.993s][info ][safepoint      ] Application time: 1.9647233 seconds
[436.993s][info ][safepoint      ] Entering safepoint region: ParallelGCFailedAllocation
[436.993s][info ][gc,start       ] GC(88) Pause Young (Allocation Failure)
[436.998s][debug][gc,phases      ] GC(88) Scavenge 4.485ms
[436.998s][debug][gc,ref         ] GC(88) Skipped phase1 of Reference Processing due to unavailable references
[436.998s][debug][gc,ref         ] GC(88) Skipped phase3 of Reference Processing due to unavailable references
[436.998s][debug][gc,phases      ] GC(88) Reference Processing 0.031ms
[436.998s][debug][gc,phases      ] GC(88) Weak Processing 0.144ms
[436.998s][debug][gc,phases      ] GC(88) Scrub String Table 0.445ms
[436.998s][debug][gc,age         ] GC(88) Desired survivor size 41943040 bytes, new threshold 15 (max threshold 15)
[436.998s][info ][gc,heap        ] GC(88) PSYoungGen: 2012944K->4400K(2051584K)
[436.998s][info ][gc,heap        ] GC(88) ParOldGen: 304814K->305142K(355840K)
[436.998s][info ][gc,metaspace   ] GC(88) Metaspace: 74114K->74114K(1116160K)
[436.998s][info ][gc             ] GC(88) Pause Young (Allocation Failure) 2263M->302M(2351M) 5.236ms
[436.998s][info ][gc,cpu         ] GC(88) User=0.02s Sys=0.00s Real=0.00s
[436.998s][info ][safepoint      ] Leaving safepoint region
[436.998s][info ][safepoint      ] Total time for which application threads were stopped: 0.0053956 seconds, Stopping threads took: 0.0000121 seconds
[437.999s][info ][safepoint      ] Application time: 1.0001001 seconds
[437.999s][info ][safepoint      ] Entering safepoint region: Cleanup
[437.999s][info ][safepoint      ] Leaving safepoint region
[437.999s][info ][safepoint      ] Total time for which application threads were stopped: 0.0000899 seconds, Stopping threads took: 0.0000185 seconds
[438.999s][info ][safepoint      ] Application time: 1.0000876 seconds
[438.999s][info ][safepoint      ] Entering safepoint region: Cleanup
[438.999s][info ][safepoint      ] Leaving safepoint region
[438.999s][info ][safepoint      ] Total time for which application threads were stopped: 0.0000639 seconds, Stopping threads took: 0.0000121 seconds
[440.999s][info ][safepoint      ] Application time: 2.0001648 seconds
[440.999s][info ][safepoint      ] Entering safepoint region: Cleanup
[440.999s][info ][safepoint      ] Leaving safepoint region
[440.999s][info ][safepoint      ] Total time for which application threads were stopped: 0.0000651 seconds, Stopping threads took: 0.0000127 seconds
[441.999s][info ][safepoint      ] Application time: 1.0000819 seconds
[441.999s][info ][safepoint      ] Entering safepoint region: Cleanup
[441.999s][info ][safepoint      ] Leaving safepoint region
[441.999s][info ][safepoint      ] Total time for which application threads were stopped: 0.0000663 seconds, Stopping threads took: 0.0000134 seconds
[442.999s][info ][safepoint      ] Application time: 1.0000754 seconds
[442.999s][info ][safepoint      ] Entering safepoint region: Cleanup
[443.000s][info ][safepoint      ] Leaving safepoint region
[443.000s][info ][safepoint      ] Total time for which application threads were stopped: 0.0000949 seconds, Stopping threads took: 0.0000166 seconds
[444.000s][info ][safepoint      ] Application time: 1.0000777 seconds
[444.000s][info ][safepoint      ] Entering safepoint region: Cleanup
[444.000s][info ][safepoint      ] Leaving safepoint region
[444.000s][info ][safepoint      ] Total time for which application threads were stopped: 0.0001051 seconds, Stopping threads took: 0.0000218 seconds
[445.000s][info ][safepoint      ] Application time: 1.0000806 seconds
[445.000s][info ][safepoint      ] Entering safepoint region: Cleanup
[445.000s][info ][safepoint      ] Leaving safepoint region
[445.000s][info ][safepoint      ] Total time for which application threads were stopped: 0.0000733 seconds, Stopping threads took: 0.0000128 seconds
[446.000s][info ][safepoint      ] Application time: 1.0000903 seconds
[446.000s][info ][safepoint      ] Entering safepoint region: Cleanup
[446.000s][info ][safepoint      ] Leaving safepoint region
[446.000s][info ][safepoint      ] Total time for which application threads were stopped: 0.0001812 seconds, Stopping threads took: 0.0000166 seconds
[446.746s][info ][safepoint      ] Application time: 0.7461914 seconds
[446.747s][info ][safepoint      ] Entering safepoint region: ParallelGCFailedAllocation
[446.747s][info ][gc,start       ] GC(89) Pause Young (Allocation Failure)
[446.752s][debug][gc,phases      ] GC(89) Scavenge 5.078ms
[446.752s][debug][gc,ref         ] GC(89) Skipped phase1 of Reference Processing due to unavailable references
[446.752s][debug][gc,ref         ] GC(89) Skipped phase3 of Reference Processing due to unavailable references
[446.752s][debug][gc,phases      ] GC(89) Reference Processing 0.032ms
[446.752s][debug][gc,phases      ] GC(89) Weak Processing 0.148ms
[446.752s][debug][gc,phases      ] GC(89) Scrub String Table 0.435ms
[446.752s][debug][gc,age         ] GC(89) Desired survivor size 39321600 bytes, new threshold 15 (max threshold 15)
[446.752s][info ][gc,heap        ] GC(89) PSYoungGen: 2012976K->6128K(2058752K)
[446.752s][info ][gc,heap        ] GC(89) ParOldGen: 305142K->305566K(355840K)
[446.752s][info ][gc,metaspace   ] GC(89) Metaspace: 74285K->74285K(1116160K)
[446.752s][info ][gc             ] GC(89) Pause Young (Allocation Failure) 2263M->304M(2358M) 5.823ms
[446.752s][info ][gc,cpu         ] GC(89) User=0.01s Sys=0.01s Real=0.01s
[446.753s][info ][safepoint      ] Leaving safepoint region
[446.753s][info ][safepoint      ] Total time for which application threads were stopped: 0.0060009 seconds, Stopping threads took: 0.0000115 seconds
[447.753s][info ][safepoint      ] Application time: 1.0000880 seconds
[447.753s][info ][safepoint      ] Entering safepoint region: Cleanup
[447.753s][info ][safepoint      ] Leaving safepoint region
[447.753s][info ][safepoint      ] Total time for which application threads were stopped: 0.0000964 seconds, Stopping threads took: 0.0000129 seconds
[448.753s][info ][safepoint      ] Application time: 1.0000725 seconds
[448.753s][info ][safepoint      ] Entering safepoint region: Cleanup
[448.753s][info ][safepoint      ] Leaving safepoint region
[448.753s][info ][safepoint      ] Total time for which application threads were stopped: 0.0000806 seconds, Stopping threads took: 0.0000118 seconds
[449.753s][info ][safepoint      ] Application time: 1.0000977 seconds
[449.753s][info ][safepoint      ] Entering safepoint region: Cleanup
[449.753s][info ][safepoint      ] Leaving safepoint region
[449.753s][info ][safepoint      ] Total time for which application threads were stopped: 0.0000778 seconds, Stopping threads took: 0.0000150 seconds
[450.753s][info ][safepoint      ] Application time: 1.0000746 seconds
[450.753s][info ][safepoint      ] Entering safepoint region: Cleanup
[450.753s][info ][safepoint      ] Leaving safepoint region
[450.753s][info ][safepoint      ] Total time for which application threads were stopped: 0.0000888 seconds, Stopping threads took: 0.0000123 seconds
[454.754s][info ][safepoint      ] Application time: 4.0002604 seconds
[454.754s][info ][safepoint      ] Entering safepoint region: Cleanup
[454.754s][info ][safepoint      ] Leaving safepoint region
[454.754s][info ][safepoint      ] Total time for which application threads were stopped: 0.0000781 seconds, Stopping threads took: 0.0000132 seconds
[455.754s][info ][safepoint      ] Application time: 1.0000735 seconds
[455.754s][info ][safepoint      ] Entering safepoint region: Cleanup
[455.754s][info ][safepoint      ] Leaving safepoint region
[455.754s][info ][safepoint      ] Total time for which application threads were stopped: 0.0000751 seconds, Stopping threads took: 0.0000137 seconds
[456.672s][info ][safepoint      ] Application time: 0.9175577 seconds
[456.672s][info ][safepoint      ] Entering safepoint region: ParallelGCFailedAllocation
[456.672s][info ][gc,start       ] GC(90) Pause Young (Allocation Failure)
[456.676s][debug][gc,phases      ] GC(90) Scavenge 4.649ms
[456.676s][debug][gc,ref         ] GC(90) Skipped phase1 of Reference Processing due to unavailable references
[456.676s][debug][gc,ref         ] GC(90) Skipped phase3 of Reference Processing due to unavailable references
[456.676s][debug][gc,phases      ] GC(90) Reference Processing 0.031ms
[456.677s][debug][gc,phases      ] GC(90) Weak Processing 0.131ms
[456.677s][debug][gc,phases      ] GC(90) Scrub String Table 0.459ms
[456.677s][debug][gc,age         ] GC(90) Desired survivor size 36700160 bytes, new threshold 15 (max threshold 15)
[456.677s][info ][gc,heap        ] GC(90) PSYoungGen: 2023920K->6112K(2056192K)
[456.677s][info ][gc,heap        ] GC(90) ParOldGen: 305566K->305646K(355840K)
[456.677s][info ][gc,metaspace   ] GC(90) Metaspace: 74310K->74310K(1116160K)
[456.677s][info ][gc             ] GC(90) Pause Young (Allocation Failure) 2274M->304M(2355M) 5.390ms
[456.677s][info ][gc,cpu         ] GC(90) User=0.01s Sys=0.01s Real=0.00s
[456.677s][info ][safepoint      ] Leaving safepoint region
[456.677s][info ][safepoint      ] Total time for which application threads were stopped: 0.0055717 seconds, Stopping threads took: 0.0000344 seconds
[457.677s][info ][safepoint      ] Application time: 1.0000829 seconds
[457.677s][info ][safepoint      ] Entering safepoint region: Cleanup
[457.677s][info ][safepoint      ] Leaving safepoint region
[457.677s][info ][safepoint      ] Total time for which application threads were stopped: 0.0001093 seconds, Stopping threads took: 0.0000398 seconds
[458.677s][info ][safepoint      ] Application time: 1.0000830 seconds
[458.677s][info ][safepoint      ] Entering safepoint region: Cleanup
[458.678s][info ][safepoint      ] Leaving safepoint region
[458.678s][info ][safepoint      ] Total time for which application threads were stopped: 0.0001158 seconds, Stopping threads took: 0.0000546 seconds
[459.678s][info ][safepoint      ] Application time: 1.0000864 seconds
[459.678s][info ][safepoint      ] Entering safepoint region: Cleanup
[459.678s][info ][safepoint      ] Leaving safepoint region
[459.678s][info ][safepoint      ] Total time for which application threads were stopped: 0.0000983 seconds, Stopping threads took: 0.0000360 seconds
[461.678s][info ][safepoint      ] Application time: 2.0001340 seconds
[461.678s][info ][safepoint      ] Entering safepoint region: Cleanup
[461.678s][info ][safepoint      ] Leaving safepoint region
[461.678s][info ][safepoint      ] Total time for which application threads were stopped: 0.0001104 seconds, Stopping threads took: 0.0000462 seconds
[462.678s][info ][safepoint      ] Application time: 1.0000290 seconds
[462.678s][info ][safepoint      ] Entering safepoint region: Cleanup
[462.678s][info ][safepoint      ] Leaving safepoint region
[462.678s][info ][safepoint      ] Total time for which application threads were stopped: 0.0000956 seconds, Stopping threads took: 0.0000305 seconds
[466.478s][info ][safepoint      ] Application time: 3.8001405 seconds
[466.478s][info ][safepoint      ] Entering safepoint region: ParallelGCFailedAllocation
[466.479s][info ][gc,start       ] GC(91) Pause Young (Allocation Failure)
[466.485s][debug][gc,phases      ] GC(91) Scavenge 6.343ms
[466.485s][debug][gc,ref         ] GC(91) Skipped phase1 of Reference Processing due to unavailable references
[466.485s][debug][gc,ref         ] GC(91) Skipped phase3 of Reference Processing due to unavailable references
[466.485s][debug][gc,phases      ] GC(91) Reference Processing 0.031ms
[466.485s][debug][gc,phases      ] GC(91) Weak Processing 0.136ms
[466.486s][debug][gc,phases      ] GC(91) Scrub String Table 0.466ms
[466.486s][debug][gc,age         ] GC(91) Desired survivor size 34603008 bytes, new threshold 15 (max threshold 15)
[466.486s][info ][gc,heap        ] GC(91) PSYoungGen: 2023904K->7680K(2063360K)
[466.486s][info ][gc,heap        ] GC(91) ParOldGen: 305646K->305790K(355840K)
[466.486s][info ][gc,metaspace   ] GC(91) Metaspace: 74323K->74323K(1116160K)
[466.486s][info ][gc             ] GC(91) Pause Young (Allocation Failure) 2274M->306M(2362M) 7.114ms
[466.486s][info ][gc,cpu         ] GC(91) User=0.02s Sys=0.00s Real=0.01s
[466.486s][info ][safepoint      ] Leaving safepoint region
[466.486s][info ][safepoint      ] Total time for which application threads were stopped: 0.0072729 seconds, Stopping threads took: 0.0000133 seconds
[469.486s][info ][safepoint      ] Application time: 3.0002298 seconds
[469.486s][info ][safepoint      ] Entering safepoint region: Cleanup
[469.486s][info ][safepoint      ] Leaving safepoint region
[469.486s][info ][safepoint      ] Total time for which application threads were stopped: 0.0001221 seconds, Stopping threads took: 0.0000533 seconds
[470.486s][info ][safepoint      ] Application time: 1.0000789 seconds
[470.486s][info ][safepoint      ] Entering safepoint region: Cleanup
[470.486s][info ][safepoint      ] Leaving safepoint region
[470.486s][info ][safepoint      ] Total time for which application threads were stopped: 0.0001132 seconds, Stopping threads took: 0.0000499 seconds
[471.486s][info ][safepoint      ] Application time: 1.0000823 seconds
[471.487s][info ][safepoint      ] Entering safepoint region: Cleanup
[471.487s][info ][safepoint      ] Leaving safepoint region
[471.487s][info ][safepoint      ] Total time for which application threads were stopped: 0.0000973 seconds, Stopping threads took: 0.0000335 seconds
[473.487s][info ][safepoint      ] Application time: 2.0001561 seconds
[473.487s][info ][safepoint      ] Entering safepoint region: Cleanup
[473.487s][info ][safepoint      ] Leaving safepoint region
[473.487s][info ][safepoint      ] Total time for which application threads were stopped: 0.0001170 seconds, Stopping threads took: 0.0000533 seconds
[475.487s][info ][safepoint      ] Application time: 2.0001526 seconds
[475.487s][info ][safepoint      ] Entering safepoint region: Cleanup
[475.487s][info ][safepoint      ] Leaving safepoint region
[475.487s][info ][safepoint      ] Total time for which application threads were stopped: 0.0000989 seconds, Stopping threads took: 0.0000348 seconds
[476.372s][info ][safepoint      ] Application time: 0.8846174 seconds
[476.372s][info ][safepoint      ] Entering safepoint region: ParallelGCFailedAllocation
[476.372s][info ][gc,start       ] GC(92) Pause Young (Allocation Failure)
[476.377s][debug][gc,phases      ] GC(92) Scavenge 4.877ms
[476.377s][debug][gc,ref         ] GC(92) Skipped phase1 of Reference Processing due to unavailable references
[476.377s][debug][gc,ref         ] GC(92) Skipped phase3 of Reference Processing due to unavailable references
[476.377s][debug][gc,phases      ] GC(92) Reference Processing 0.029ms
[476.377s][debug][gc,phases      ] GC(92) Weak Processing 0.136ms
[476.378s][debug][gc,phases      ] GC(92) Scrub String Table 0.432ms
[476.378s][debug][gc,age         ] GC(92) Desired survivor size 31981568 bytes, new threshold 15 (max threshold 15)
[476.378s][info ][gc,heap        ] GC(92) PSYoungGen: 2035200K->7648K(2061312K)
[476.378s][info ][gc,heap        ] GC(92) ParOldGen: 305790K->305830K(355840K)
[476.378s][info ][gc,metaspace   ] GC(92) Metaspace: 74335K->74335K(1116160K)
[476.378s][info ][gc             ] GC(92) Pause Young (Allocation Failure) 2286M->306M(2360M) 5.603ms
[476.378s][info ][gc,cpu         ] GC(92) User=0.02s Sys=0.00s Real=0.00s
[476.378s][info ][safepoint      ] Leaving safepoint region
[476.378s][info ][safepoint      ] Total time for which application threads were stopped: 0.0057653 seconds, Stopping threads took: 0.0000317 seconds
[477.378s][info ][safepoint      ] Application time: 1.0000942 seconds
[477.378s][info ][safepoint      ] Entering safepoint region: Cleanup
[477.378s][info ][safepoint      ] Leaving safepoint region
[477.378s][info ][safepoint      ] Total time for which application threads were stopped: 0.0000990 seconds, Stopping threads took: 0.0000332 seconds
[480.378s][info ][safepoint      ] Application time: 3.0002235 seconds
[480.378s][info ][safepoint      ] Entering safepoint region: Cleanup
[480.378s][info ][safepoint      ] Leaving safepoint region
[480.378s][info ][safepoint      ] Total time for which application threads were stopped: 0.0002509 seconds, Stopping threads took: 0.0000334 seconds
[482.378s][info ][safepoint      ] Application time: 2.0001012 seconds
[482.379s][info ][safepoint      ] Entering safepoint region: Cleanup
[482.379s][info ][safepoint      ] Leaving safepoint region
[482.379s][info ][safepoint      ] Total time for which application threads were stopped: 0.0001493 seconds, Stopping threads took: 0.0000311 seconds
[484.379s][info ][safepoint      ] Application time: 2.0001587 seconds
[484.379s][info ][safepoint      ] Entering safepoint region: Cleanup
[484.379s][info ][safepoint      ] Leaving safepoint region
[484.379s][info ][safepoint      ] Total time for which application threads were stopped: 0.0000929 seconds, Stopping threads took: 0.0000347 seconds
[486.147s][info ][safepoint      ] Application time: 1.7682268 seconds
[486.147s][info ][safepoint      ] Entering safepoint region: ParallelGCFailedAllocation
[486.147s][info ][gc,start       ] GC(93) Pause Young (Allocation Failure)
[486.153s][debug][gc,phases      ] GC(93) Scavenge 5.474ms
[486.153s][debug][gc,ref         ] GC(93) Skipped phase1 of Reference Processing due to unavailable references
[486.153s][debug][gc,ref         ] GC(93) Skipped phase3 of Reference Processing due to unavailable references
[486.153s][debug][gc,phases      ] GC(93) Reference Processing 0.048ms
[486.153s][debug][gc,phases      ] GC(93) Weak Processing 0.138ms
[486.154s][debug][gc,phases      ] GC(93) Scrub String Table 0.440ms
[486.154s][debug][gc,age         ] GC(93) Desired survivor size 29884416 bytes, new threshold 15 (max threshold 15)
[486.154s][info ][gc,heap        ] GC(93) PSYoungGen: 2035168K->7520K(2067968K)
[486.154s][info ][gc,heap        ] GC(93) ParOldGen: 305830K->305862K(355840K)
[486.154s][info ][gc,metaspace   ] GC(93) Metaspace: 74344K->74344K(1118208K)
[486.154s][info ][gc             ] GC(93) Pause Young (Allocation Failure) 2286M->306M(2367M) 6.244ms
[486.154s][info ][gc,cpu         ] GC(93) User=0.02s Sys=0.00s Real=0.01s
[486.154s][info ][safepoint      ] Leaving safepoint region
[486.154s][info ][safepoint      ] Total time for which application threads were stopped: 0.0064262 seconds, Stopping threads took: 0.0000518 seconds
[488.154s][info ][safepoint      ] Application time: 2.0001643 seconds
[488.154s][info ][safepoint      ] Entering safepoint region: Cleanup
[488.154s][info ][safepoint      ] Leaving safepoint region
[488.154s][info ][safepoint      ] Total time for which application threads were stopped: 0.0000630 seconds, Stopping threads took: 0.0000119 seconds
[491.154s][info ][safepoint      ] Application time: 3.0002191 seconds
[491.154s][info ][safepoint      ] Entering safepoint region: Cleanup
[491.154s][info ][safepoint      ] Leaving safepoint region
[491.154s][info ][safepoint      ] Total time for which application threads were stopped: 0.0000810 seconds, Stopping threads took: 0.0000266 seconds
[492.704s][info ][safepoint      ] Application time: 1.5495785 seconds
[492.704s][info ][safepoint      ] Entering safepoint region: RevokeBias
[492.704s][info ][safepoint      ] Leaving safepoint region
[492.704s][info ][safepoint      ] Total time for which application threads were stopped: 0.0001006 seconds, Stopping threads took: 0.0000326 seconds
[493.704s][info ][safepoint      ] Application time: 1.0000824 seconds
[493.704s][info ][safepoint      ] Entering safepoint region: Cleanup
[493.704s][info ][safepoint      ] Leaving safepoint region
[493.704s][info ][safepoint      ] Total time for which application threads were stopped: 0.0000668 seconds, Stopping threads took: 0.0000120 seconds
[495.704s][info ][safepoint      ] Application time: 2.0001005 seconds
[495.704s][info ][safepoint      ] Entering safepoint region: Cleanup
[495.704s][info ][safepoint      ] Leaving safepoint region
[495.704s][info ][safepoint      ] Total time for which application threads were stopped: 0.0000827 seconds, Stopping threads took: 0.0000120 seconds
[496.085s][info ][safepoint      ] Application time: 0.3808777 seconds
[496.085s][info ][safepoint      ] Entering safepoint region: ParallelGCFailedAllocation
[496.085s][info ][gc,start       ] GC(94) Pause Young (Allocation Failure)
[496.090s][debug][gc,phases      ] GC(94) Scavenge 4.800ms
[496.090s][debug][gc,ref         ] GC(94) Skipped phase1 of Reference Processing due to unavailable references
[496.090s][debug][gc,ref         ] GC(94) Skipped phase3 of Reference Processing due to unavailable references
[496.090s][debug][gc,phases      ] GC(94) Reference Processing 0.035ms
[496.090s][debug][gc,phases      ] GC(94) Weak Processing 0.131ms
[496.091s][debug][gc,phases      ] GC(94) Scrub String Table 0.436ms
[496.091s][debug][gc,age         ] GC(94) Desired survivor size 28311552 bytes, new threshold 15 (max threshold 15)
[496.091s][info ][gc,heap        ] GC(94) PSYoungGen: 2044256K->7312K(2065920K)
[496.091s][info ][gc,heap        ] GC(94) ParOldGen: 305862K->305959K(355840K)
[496.091s][info ][gc,metaspace   ] GC(94) Metaspace: 74347K->74347K(1118208K)
[496.091s][info ][gc             ] GC(94) Pause Young (Allocation Failure) 2295M->305M(2365M) 5.524ms
[496.091s][info ][gc,cpu         ] GC(94) User=0.02s Sys=0.00s Real=0.01s
[496.091s][info ][safepoint      ] Leaving safepoint region
[496.091s][info ][safepoint      ] Total time for which application threads were stopped: 0.0056744 seconds, Stopping threads took: 0.0000121 seconds
[497.091s][info ][safepoint      ] Application time: 1.0000876 seconds
[497.091s][info ][safepoint      ] Entering safepoint region: Cleanup
[497.091s][info ][safepoint      ] Leaving safepoint region
[497.091s][info ][safepoint      ] Total time for which application threads were stopped: 0.0001291 seconds, Stopping threads took: 0.0000366 seconds
[498.091s][info ][safepoint      ] Application time: 1.0000457 seconds
[498.091s][info ][safepoint      ] Entering safepoint region: Cleanup
[498.091s][info ][safepoint      ] Leaving safepoint region
[498.091s][info ][safepoint      ] Total time for which application threads were stopped: 0.0001019 seconds, Stopping threads took: 0.0000420 seconds
[499.092s][info ][safepoint      ] Application time: 1.0000731 seconds
[499.092s][info ][safepoint      ] Entering safepoint region: Cleanup
[499.092s][info ][safepoint      ] Leaving safepoint region
[499.092s][info ][safepoint      ] Total time for which application threads were stopped: 0.0000947 seconds, Stopping threads took: 0.0000271 seconds
[503.092s][info ][safepoint      ] Application time: 4.0003010 seconds
[503.092s][info ][safepoint      ] Entering safepoint region: Cleanup
[503.092s][info ][safepoint      ] Leaving safepoint region
[503.092s][info ][safepoint      ] Total time for which application threads were stopped: 0.0000932 seconds, Stopping threads took: 0.0000352 seconds
[505.092s][info ][safepoint      ] Application time: 2.0003295 seconds
[505.092s][info ][safepoint      ] Entering safepoint region: Cleanup
[505.093s][info ][safepoint      ] Leaving safepoint region
[505.093s][info ][safepoint      ] Total time for which application threads were stopped: 0.0000928 seconds, Stopping threads took: 0.0000339 seconds
[506.088s][info ][safepoint      ] Application time: 0.9952103 seconds
[506.088s][info ][safepoint      ] Entering safepoint region: ParallelGCFailedAllocation
[506.088s][info ][gc,start       ] GC(95) Pause Young (Allocation Failure)
[506.093s][debug][gc,phases      ] GC(95) Scavenge 5.414ms
[506.093s][debug][gc,ref         ] GC(95) Skipped phase1 of Reference Processing due to unavailable references
[506.093s][debug][gc,ref         ] GC(95) Skipped phase3 of Reference Processing due to unavailable references
[506.093s][debug][gc,phases      ] GC(95) Reference Processing 0.031ms
[506.094s][debug][gc,phases      ] GC(95) Weak Processing 0.125ms
[506.094s][debug][gc,phases      ] GC(95) Scrub String Table 0.465ms
[506.094s][debug][gc,age         ] GC(95) Desired survivor size 26738688 bytes, new threshold 15 (max threshold 15)
[506.094s][info ][gc,heap        ] GC(95) PSYoungGen: 2044048K->7344K(2071040K)
[506.094s][info ][gc,heap        ] GC(95) ParOldGen: 305959K->305991K(355840K)
[506.094s][info ][gc,metaspace   ] GC(95) Metaspace: 74357K->74357K(1118208K)
[506.094s][info ][gc             ] GC(95) Pause Young (Allocation Failure) 2294M->305M(2370M) 6.166ms
[506.094s][info ][gc,cpu         ] GC(95) User=0.02s Sys=0.00s Real=0.00s
[506.094s][info ][safepoint      ] Leaving safepoint region
[506.094s][info ][safepoint      ] Total time for which application threads were stopped: 0.0063156 seconds, Stopping threads took: 0.0000116 seconds
[507.094s][info ][safepoint      ] Application time: 1.0000509 seconds
[507.094s][info ][safepoint      ] Entering safepoint region: Cleanup
[507.094s][info ][safepoint      ] Leaving safepoint region
[507.094s][info ][safepoint      ] Total time for which application threads were stopped: 0.0001162 seconds, Stopping threads took: 0.0000463 seconds
[510.095s][info ][safepoint      ] Application time: 3.0002393 seconds
[510.095s][info ][safepoint      ] Entering safepoint region: Cleanup
[510.095s][info ][safepoint      ] Leaving safepoint region
[510.095s][info ][safepoint      ] Total time for which application threads were stopped: 0.0001011 seconds, Stopping threads took: 0.0000444 seconds
[511.095s][info ][safepoint      ] Application time: 1.0000812 seconds
[511.095s][info ][safepoint      ] Entering safepoint region: Cleanup
[511.095s][info ][safepoint      ] Leaving safepoint region
[511.095s][info ][safepoint      ] Total time for which application threads were stopped: 0.0000687 seconds, Stopping threads took: 0.0000137 seconds
[514.095s][info ][safepoint      ] Application time: 3.0001845 seconds
[514.095s][info ][safepoint      ] Entering safepoint region: Cleanup
[514.095s][info ][safepoint      ] Leaving safepoint region
[514.095s][info ][safepoint      ] Total time for which application threads were stopped: 0.0000686 seconds, Stopping threads took: 0.0000130 seconds
[516.090s][info ][safepoint      ] Application time: 1.9951512 seconds
[516.090s][info ][safepoint      ] Entering safepoint region: ParallelGCFailedAllocation
[516.091s][info ][gc,start       ] GC(96) Pause Young (Allocation Failure)
[516.095s][debug][gc,phases      ] GC(96) Scavenge 4.372ms
[516.095s][debug][gc,ref         ] GC(96) Skipped phase1 of Reference Processing due to unavailable references
[516.095s][debug][gc,ref         ] GC(96) Skipped phase3 of Reference Processing due to unavailable references
[516.095s][debug][gc,phases      ] GC(96) Reference Processing 0.031ms
[516.095s][debug][gc,phases      ] GC(96) Weak Processing 0.143ms
[516.096s][debug][gc,phases      ] GC(96) Scrub String Table 0.423ms
[516.096s][debug][gc,age         ] GC(96) Desired survivor size 24641536 bytes, new threshold 15 (max threshold 15)
[516.096s][info ][gc,heap        ] GC(96) PSYoungGen: 2050736K->7424K(2069504K)
[516.096s][info ][gc,heap        ] GC(96) ParOldGen: 305991K->306031K(355840K)
[516.096s][info ][gc,metaspace   ] GC(96) Metaspace: 74386K->74386K(1118208K)
[516.096s][info ][gc             ] GC(96) Pause Young (Allocation Failure) 2301M->306M(2368M) 5.105ms
[516.096s][info ][gc,cpu         ] GC(96) User=0.02s Sys=0.00s Real=0.00s
[516.096s][info ][safepoint      ] Leaving safepoint region
[516.096s][info ][safepoint      ] Total time for which application threads were stopped: 0.0052613 seconds, Stopping threads took: 0.0000207 seconds
[517.516s][info ][safepoint      ] Application time: 1.4207359 seconds
[517.516s][info ][safepoint      ] Entering safepoint region: RevokeBias
[517.517s][info ][safepoint      ] Leaving safepoint region
[517.517s][info ][safepoint      ] Total time for which application threads were stopped: 0.0000665 seconds, Stopping threads took: 0.0000117 seconds
[519.517s][info ][safepoint      ] Application time: 2.0001258 seconds
[519.517s][info ][safepoint      ] Entering safepoint region: Cleanup
[519.517s][info ][safepoint      ] Leaving safepoint region
[519.517s][info ][safepoint      ] Total time for which application threads were stopped: 0.0000706 seconds, Stopping threads took: 0.0000116 seconds
[520.517s][info ][safepoint      ] Application time: 1.0000466 seconds
[520.517s][info ][safepoint      ] Entering safepoint region: Cleanup
[520.517s][info ][safepoint      ] Leaving safepoint region
[520.517s][info ][safepoint      ] Total time for which application threads were stopped: 0.0000879 seconds, Stopping threads took: 0.0000273 seconds
[521.517s][info ][safepoint      ] Application time: 1.0000748 seconds
[521.517s][info ][safepoint      ] Entering safepoint region: Cleanup
[521.517s][info ][safepoint      ] Leaving safepoint region
[521.517s][info ][safepoint      ] Total time for which application threads were stopped: 0.0000829 seconds, Stopping threads took: 0.0000214 seconds
[522.517s][info ][safepoint      ] Application time: 1.0000754 seconds
[522.517s][info ][safepoint      ] Entering safepoint region: Cleanup
[522.517s][info ][safepoint      ] Leaving safepoint region
[522.517s][info ][safepoint      ] Total time for which application threads were stopped: 0.0000610 seconds, Stopping threads took: 0.0000116 seconds
[524.517s][info ][safepoint      ] Application time: 2.0001069 seconds
[524.517s][info ][safepoint      ] Entering safepoint region: Cleanup
[524.518s][info ][safepoint      ] Leaving safepoint region
[524.518s][info ][safepoint      ] Total time for which application threads were stopped: 0.0000727 seconds, Stopping threads took: 0.0000126 seconds
[525.518s][info ][safepoint      ] Application time: 1.0000724 seconds
[525.518s][info ][safepoint      ] Entering safepoint region: Cleanup
[525.518s][info ][safepoint      ] Leaving safepoint region
[525.518s][info ][safepoint      ] Total time for which application threads were stopped: 0.0000782 seconds, Stopping threads took: 0.0000131 seconds
[525.783s][info ][safepoint      ] Application time: 0.2652033 seconds
[525.783s][info ][safepoint      ] Entering safepoint region: ParallelGCFailedAllocation
[525.783s][info ][gc,start       ] GC(97) Pause Young (Allocation Failure)
[525.789s][debug][gc,phases      ] GC(97) Scavenge 5.393ms
[525.789s][debug][gc,ref         ] GC(97) Skipped phase1 of Reference Processing due to unavailable references
[525.789s][debug][gc,ref         ] GC(97) Skipped phase3 of Reference Processing due to unavailable references
[525.789s][debug][gc,phases      ] GC(97) Reference Processing 0.029ms
[525.789s][debug][gc,phases      ] GC(97) Weak Processing 0.130ms
[525.789s][debug][gc,phases      ] GC(97) Scrub String Table 0.420ms
[525.789s][debug][gc,age         ] GC(97) Desired survivor size 23592960 bytes, new threshold 15 (max threshold 15)
[525.789s][info ][gc,heap        ] GC(97) PSYoungGen: 2050816K->7280K(2074112K)
[525.789s][info ][gc,heap        ] GC(97) ParOldGen: 306031K->306199K(355840K)
[525.789s][info ][gc,metaspace   ] GC(97) Metaspace: 74405K->74405K(1118208K)
[525.789s][info ][gc             ] GC(97) Pause Young (Allocation Failure) 2301M->306M(2373M) 6.086ms
[525.789s][info ][gc,cpu         ] GC(97) User=0.03s Sys=0.00s Real=0.01s
[525.789s][info ][safepoint      ] Leaving safepoint region
[525.789s][info ][safepoint      ] Total time for which application threads were stopped: 0.0062366 seconds, Stopping threads took: 0.0000121 seconds
[526.789s][info ][safepoint      ] Application time: 1.0000395 seconds
[526.789s][info ][safepoint      ] Entering safepoint region: Cleanup
[526.789s][info ][safepoint      ] Leaving safepoint region
[526.789s][info ][safepoint      ] Total time for which application threads were stopped: 0.0001088 seconds, Stopping threads took: 0.0000359 seconds
[528.790s][info ][safepoint      ] Application time: 2.0001623 seconds
[528.790s][info ][safepoint      ] Entering safepoint region: Cleanup
[528.790s][info ][safepoint      ] Leaving safepoint region
[528.790s][info ][safepoint      ] Total time for which application threads were stopped: 0.0001209 seconds, Stopping threads took: 0.0000411 seconds
[531.790s][info ][safepoint      ] Application time: 3.0002081 seconds
[531.790s][info ][safepoint      ] Entering safepoint region: Cleanup
[531.790s][info ][safepoint      ] Leaving safepoint region
[531.790s][info ][safepoint      ] Total time for which application threads were stopped: 0.0001130 seconds, Stopping threads took: 0.0000508 seconds
[532.790s][info ][safepoint      ] Application time: 1.0000787 seconds
[532.790s][info ][safepoint      ] Entering safepoint region: Cleanup
[532.790s][info ][safepoint      ] Leaving safepoint region
[532.790s][info ][safepoint      ] Total time for which application threads were stopped: 0.0001251 seconds, Stopping threads took: 0.0000493 seconds
[533.790s][info ][safepoint      ] Application time: 1.0000750 seconds
[533.791s][info ][safepoint      ] Entering safepoint region: Cleanup
[533.791s][info ][safepoint      ] Leaving safepoint region
[533.791s][info ][safepoint      ] Total time for which application threads were stopped: 0.0001354 seconds, Stopping threads took: 0.0000742 seconds
[534.791s][info ][safepoint      ] Application time: 1.0000823 seconds
[534.791s][info ][safepoint      ] Entering safepoint region: Cleanup
[534.791s][info ][safepoint      ] Leaving safepoint region
[534.791s][info ][safepoint      ] Total time for which application threads were stopped: 0.0001062 seconds, Stopping threads took: 0.0000384 seconds
[535.140s][info ][safepoint      ] Application time: 0.3491475 seconds
[535.140s][info ][safepoint      ] Entering safepoint region: ParallelGCFailedAllocation
[535.140s][info ][gc,start       ] GC(98) Pause Young (Allocation Failure)
[535.145s][debug][gc,phases      ] GC(98) Scavenge 5.267ms
[535.145s][debug][gc,ref         ] GC(98) Skipped phase1 of Reference Processing due to unavailable references
[535.146s][debug][gc,ref         ] GC(98) Skipped phase3 of Reference Processing due to unavailable references
[535.146s][debug][gc,phases      ] GC(98) Reference Processing 0.047ms
[535.146s][debug][gc,phases      ] GC(98) Weak Processing 0.134ms
[535.146s][debug][gc,phases      ] GC(98) Scrub String Table 0.427ms
[535.146s][debug][gc,age         ] GC(98) Desired survivor size 22020096 bytes, new threshold 15 (max threshold 15)
[535.146s][info ][gc,heap        ] GC(98) PSYoungGen: 2057328K->8176K(2073088K)
[535.146s][info ][gc,heap        ] GC(98) ParOldGen: 306199K->306239K(355840K)
[535.146s][info ][gc,metaspace   ] GC(98) Metaspace: 74422K->74422K(1118208K)
[535.146s][info ][gc             ] GC(98) Pause Young (Allocation Failure) 2308M->307M(2372M) 6.000ms
[535.146s][info ][gc,cpu         ] GC(98) User=0.02s Sys=0.00s Real=0.00s
[535.146s][info ][safepoint      ] Leaving safepoint region
[535.146s][info ][safepoint      ] Total time for which application threads were stopped: 0.0061535 seconds, Stopping threads took: 0.0000124 seconds
[536.146s][info ][safepoint      ] Application time: 1.0000864 seconds
[536.146s][info ][safepoint      ] Entering safepoint region: Cleanup
[536.146s][info ][safepoint      ] Leaving safepoint region
[536.146s][info ][safepoint      ] Total time for which application threads were stopped: 0.0000739 seconds, Stopping threads took: 0.0000120 seconds
[538.146s][info ][safepoint      ] Application time: 2.0000924 seconds
[538.147s][info ][safepoint      ] Entering safepoint region: Cleanup
[538.147s][info ][safepoint      ] Leaving safepoint region
[538.147s][info ][safepoint      ] Total time for which application threads were stopped: 0.0000879 seconds, Stopping threads took: 0.0000121 seconds
[543.147s][info ][safepoint      ] Application time: 5.0003553 seconds
[543.147s][info ][safepoint      ] Entering safepoint region: Cleanup
[543.147s][info ][safepoint      ] Leaving safepoint region
[543.147s][info ][safepoint      ] Total time for which application threads were stopped: 0.0000655 seconds, Stopping threads took: 0.0000112 seconds
[544.780s][info ][safepoint      ] Application time: 1.6325587 seconds
[544.780s][info ][safepoint      ] Entering safepoint region: ParallelGCFailedAllocation
[544.780s][info ][gc,start       ] GC(99) Pause Young (Allocation Failure)
[544.786s][debug][gc,phases      ] GC(99) Scavenge 5.973ms
[544.786s][debug][gc,ref         ] GC(99) Skipped phase1 of Reference Processing due to unavailable references
[544.786s][debug][gc,ref         ] GC(99) Skipped phase3 of Reference Processing due to unavailable references
[544.786s][debug][gc,phases      ] GC(99) Reference Processing 0.056ms
[544.786s][debug][gc,phases      ] GC(99) Weak Processing 0.168ms
[544.787s][debug][gc,phases      ] GC(99) Scrub String Table 0.550ms
[544.787s][debug][gc,age         ] GC(99) Desired survivor size 20447232 bytes, new threshold 15 (max threshold 15)
[544.787s][info ][gc,heap        ] GC(99) PSYoungGen: 2058224K->8256K(2077184K)
[544.787s][info ][gc,heap        ] GC(99) ParOldGen: 306239K->306271K(355840K)
[544.787s][info ][gc,metaspace   ] GC(99) Metaspace: 74431K->74431K(1118208K)
[544.787s][info ][gc             ] GC(99) Pause Young (Allocation Failure) 2309M->307M(2376M) 6.907ms
[544.787s][info ][gc,cpu         ] GC(99) User=0.02s Sys=0.00s Real=0.00s
[544.787s][info ][safepoint      ] Leaving safepoint region
[544.787s][info ][safepoint      ] Total time for which application threads were stopped: 0.0070718 seconds, Stopping threads took: 0.0000112 seconds
[549.787s][info ][safepoint      ] Application time: 5.0003867 seconds
[549.787s][info ][safepoint      ] Entering safepoint region: Cleanup
[549.787s][info ][safepoint      ] Leaving safepoint region
[549.787s][info ][safepoint      ] Total time for which application threads were stopped: 0.0001032 seconds, Stopping threads took: 0.0000348 seconds
[554.582s][info ][safepoint      ] Application time: 4.7951011 seconds
[554.582s][info ][safepoint      ] Entering safepoint region: ParallelGCFailedAllocation
[554.583s][info ][gc,start       ] GC(100) Pause Young (Allocation Failure)
[554.588s][debug][gc,phases      ] GC(100) Scavenge 4.962ms
[554.588s][debug][gc,ref         ] GC(100) Skipped phase1 of Reference Processing due to unavailable references
[554.588s][debug][gc,ref         ] GC(100) Skipped phase3 of Reference Processing due to unavailable references
[554.588s][debug][gc,phases      ] GC(100) Reference Processing 0.026ms
[554.588s][debug][gc,phases      ] GC(100) Weak Processing 0.147ms
[554.588s][debug][gc,phases      ] GC(100) Scrub String Table 0.427ms
[554.588s][debug][gc,age         ] GC(100) Desired survivor size 19398656 bytes, new threshold 15 (max threshold 15)
[554.588s][info ][gc,heap        ] GC(100) PSYoungGen: 2063936K->8112K(2075648K)
[554.588s][info ][gc,heap        ] GC(100) ParOldGen: 306271K->306351K(355840K)
[554.588s][info ][gc,metaspace   ] GC(100) Metaspace: 74440K->74440K(1118208K)
[554.588s][info ][gc             ] GC(100) Pause Young (Allocation Failure) 2314M->307M(2374M) 5.691ms
[554.588s][info ][gc,cpu         ] GC(100) User=0.02s Sys=0.00s Real=0.01s
[554.588s][info ][safepoint      ] Leaving safepoint region
[554.588s][info ][safepoint      ] Total time for which application threads were stopped: 0.0058652 seconds, Stopping threads took: 0.0000310 seconds
[555.588s][info ][safepoint      ] Application time: 1.0000560 seconds
[555.588s][info ][safepoint      ] Entering safepoint region: Cleanup
[555.588s][info ][safepoint      ] Leaving safepoint region
[555.588s][info ][safepoint      ] Total time for which application threads were stopped: 0.0000952 seconds, Stopping threads took: 0.0000333 seconds
[557.589s][info ][safepoint      ] Application time: 2.0001575 seconds
[557.589s][info ][safepoint      ] Entering safepoint region: Cleanup
[557.589s][info ][safepoint      ] Leaving safepoint region
[557.589s][info ][safepoint      ] Total time for which application threads were stopped: 0.0001017 seconds, Stopping threads took: 0.0000345 seconds
[560.589s][info ][safepoint      ] Application time: 3.0002252 seconds
[560.589s][info ][safepoint      ] Entering safepoint region: Cleanup
[560.589s][info ][safepoint      ] Leaving safepoint region
[560.589s][info ][safepoint      ] Total time for which application threads were stopped: 0.0001107 seconds, Stopping threads took: 0.0000496 seconds
[562.589s][info ][safepoint      ] Application time: 2.0001458 seconds
[562.589s][info ][safepoint      ] Entering safepoint region: Cleanup
[562.589s][info ][safepoint      ] Leaving safepoint region
[562.589s][info ][safepoint      ] Total time for which application threads were stopped: 0.0001172 seconds, Stopping threads took: 0.0000524 seconds
[563.590s][info ][safepoint      ] Application time: 1.0000745 seconds
[563.590s][info ][safepoint      ] Entering safepoint region: Cleanup
[563.590s][info ][safepoint      ] Leaving safepoint region
[563.590s][info ][safepoint      ] Total time for which application threads were stopped: 0.0001150 seconds, Stopping threads took: 0.0000498 seconds
[564.527s][info ][safepoint      ] Application time: 0.9373019 seconds
[564.527s][info ][safepoint      ] Entering safepoint region: ParallelGCFailedAllocation
[564.527s][info ][gc,start       ] GC(101) Pause Young (Allocation Failure)
[564.532s][debug][gc,phases      ] GC(101) Scavenge 5.204ms
[564.532s][debug][gc,ref         ] GC(101) Skipped phase1 of Reference Processing due to unavailable references
[564.532s][debug][gc,ref         ] GC(101) Skipped phase3 of Reference Processing due to unavailable references
[564.532s][debug][gc,phases      ] GC(101) Reference Processing 0.029ms
[564.533s][debug][gc,phases      ] GC(101) Weak Processing 0.127ms
[564.533s][debug][gc,phases      ] GC(101) Scrub String Table 0.478ms
[564.533s][debug][gc,age         ] GC(101) Desired survivor size 18350080 bytes, new threshold 15 (max threshold 15)
[564.533s][info ][gc,heap        ] GC(101) PSYoungGen: 2063792K->8352K(2079232K)
[564.533s][info ][gc,heap        ] GC(101) ParOldGen: 306351K->306391K(355840K)
[564.533s][info ][gc,metaspace   ] GC(101) Metaspace: 74441K->74441K(1118208K)
[564.533s][info ][gc             ] GC(101) Pause Young (Allocation Failure) 2314M->307M(2378M) 5.989ms
[564.533s][info ][gc,cpu         ] GC(101) User=0.03s Sys=0.00s Real=0.01s
[564.533s][info ][safepoint      ] Leaving safepoint region
[564.533s][info ][safepoint      ] Total time for which application threads were stopped: 0.0061424 seconds, Stopping threads took: 0.0000126 seconds
[566.533s][info ][safepoint      ] Application time: 2.0001481 seconds
[566.533s][info ][safepoint      ] Entering safepoint region: Cleanup
[566.533s][info ][safepoint      ] Leaving safepoint region
[566.533s][info ][safepoint      ] Total time for which application threads were stopped: 0.0001050 seconds, Stopping threads took: 0.0000366 seconds
[568.534s][info ][safepoint      ] Application time: 2.0001558 seconds
[568.534s][info ][safepoint      ] Entering safepoint region: Cleanup
[568.534s][info ][safepoint      ] Leaving safepoint region
[568.534s][info ][safepoint      ] Total time for which application threads were stopped: 0.0001081 seconds, Stopping threads took: 0.0000380 seconds
[569.534s][info ][safepoint      ] Application time: 1.0000842 seconds
[569.534s][info ][safepoint      ] Entering safepoint region: Cleanup
[569.534s][info ][safepoint      ] Leaving safepoint region
[569.534s][info ][safepoint      ] Total time for which application threads were stopped: 0.0001202 seconds, Stopping threads took: 0.0000512 seconds
[570.534s][info ][safepoint      ] Application time: 1.0000756 seconds
[570.534s][info ][safepoint      ] Entering safepoint region: Cleanup
[570.534s][info ][safepoint      ] Leaving safepoint region
[570.534s][info ][safepoint      ] Total time for which application threads were stopped: 0.0001132 seconds, Stopping threads took: 0.0000374 seconds
[571.534s][info ][safepoint      ] Application time: 1.0000854 seconds
[571.534s][info ][safepoint      ] Entering safepoint region: Cleanup
[571.535s][info ][safepoint      ] Leaving safepoint region
[571.535s][info ][safepoint      ] Total time for which application threads were stopped: 0.0001235 seconds, Stopping threads took: 0.0000402 seconds
[572.535s][info ][safepoint      ] Application time: 1.0000740 seconds
[572.535s][info ][safepoint      ] Entering safepoint region: Cleanup
[572.535s][info ][safepoint      ] Leaving safepoint region
[572.535s][info ][safepoint      ] Total time for which application threads were stopped: 0.0001065 seconds, Stopping threads took: 0.0000360 seconds
[574.439s][info ][safepoint      ] Application time: 1.9040667 seconds
[574.439s][info ][safepoint      ] Entering safepoint region: ParallelGCFailedAllocation
[574.439s][info ][gc,start       ] GC(102) Pause Young (Allocation Failure)
[574.444s][debug][gc,phases      ] GC(102) Scavenge 5.120ms
[574.444s][debug][gc,ref         ] GC(102) Skipped phase1 of Reference Processing due to unavailable references
[574.444s][debug][gc,ref         ] GC(102) Skipped phase3 of Reference Processing due to unavailable references
[574.444s][debug][gc,phases      ] GC(102) Reference Processing 0.034ms
[574.445s][debug][gc,phases      ] GC(102) Weak Processing 0.291ms
[574.445s][debug][gc,phases      ] GC(102) Scrub String Table 0.433ms
[574.445s][debug][gc,age         ] GC(102) Desired survivor size 17825792 bytes, new threshold 15 (max threshold 15)
[574.445s][info ][gc,heap        ] GC(102) PSYoungGen: 2068640K->8704K(2078208K)
[574.445s][info ][gc,heap        ] GC(102) ParOldGen: 306391K->306455K(355840K)
[574.445s][info ][gc,metaspace   ] GC(102) Metaspace: 74442K->74442K(1118208K)
[574.445s][info ][gc             ] GC(102) Pause Young (Allocation Failure) 2319M->307M(2377M) 6.021ms
[574.445s][info ][gc,cpu         ] GC(102) User=0.02s Sys=0.00s Real=0.01s
[574.445s][info ][safepoint      ] Leaving safepoint region
[574.445s][info ][safepoint      ] Total time for which application threads were stopped: 0.0061826 seconds, Stopping threads took: 0.0000126 seconds
[575.445s][info ][safepoint      ] Application time: 1.0000762 seconds
[575.445s][info ][safepoint      ] Entering safepoint region: Cleanup
[575.445s][info ][safepoint      ] Leaving safepoint region
[575.445s][info ][safepoint      ] Total time for which application threads were stopped: 0.0000901 seconds, Stopping threads took: 0.0000139 seconds
[576.445s][info ][safepoint      ] Application time: 1.0000761 seconds
[576.445s][info ][safepoint      ] Entering safepoint region: Cleanup
[576.445s][info ][safepoint      ] Leaving safepoint region
[576.445s][info ][safepoint      ] Total time for which application threads were stopped: 0.0000704 seconds, Stopping threads took: 0.0000129 seconds
[577.446s][info ][safepoint      ] Application time: 1.0000708 seconds
[577.446s][info ][safepoint      ] Entering safepoint region: Cleanup
[577.446s][info ][safepoint      ] Leaving safepoint region
[577.446s][info ][safepoint      ] Total time for which application threads were stopped: 0.0000777 seconds, Stopping threads took: 0.0000123 seconds
[579.446s][info ][safepoint      ] Application time: 2.0001368 seconds
[579.446s][info ][safepoint      ] Entering safepoint region: Cleanup
[579.446s][info ][safepoint      ] Leaving safepoint region
[579.446s][info ][safepoint      ] Total time for which application threads were stopped: 0.0000813 seconds, Stopping threads took: 0.0000123 seconds
[580.446s][info ][safepoint      ] Application time: 1.0000810 seconds
[580.446s][info ][safepoint      ] Entering safepoint region: Cleanup
[580.446s][info ][safepoint      ] Leaving safepoint region
[580.446s][info ][safepoint      ] Total time for which application threads were stopped: 0.0000669 seconds, Stopping threads took: 0.0000116 seconds
[581.446s][info ][safepoint      ] Application time: 1.0000582 seconds
[581.446s][info ][safepoint      ] Entering safepoint region: Cleanup
[581.446s][info ][safepoint      ] Leaving safepoint region
[581.446s][info ][safepoint      ] Total time for which application threads were stopped: 0.0001149 seconds, Stopping threads took: 0.0000576 seconds
[583.446s][info ][safepoint      ] Application time: 2.0001102 seconds
[583.447s][info ][safepoint      ] Entering safepoint region: Cleanup
[583.447s][info ][safepoint      ] Leaving safepoint region
[583.447s][info ][safepoint      ] Total time for which application threads were stopped: 0.0000970 seconds, Stopping threads took: 0.0000190 seconds
[584.151s][info ][safepoint      ] Application time: 0.7045545 seconds
[584.151s][info ][safepoint      ] Entering safepoint region: ParallelGCFailedAllocation
[584.151s][info ][gc,start       ] GC(103) Pause Young (Allocation Failure)
[584.158s][debug][gc,phases      ] GC(103) Scavenge 6.944ms
[584.158s][debug][gc,ref         ] GC(103) Skipped phase1 of Reference Processing due to unavailable references
[584.158s][debug][gc,ref         ] GC(103) Skipped phase3 of Reference Processing due to unavailable references
[584.158s][debug][gc,phases      ] GC(103) Reference Processing 0.027ms
[584.158s][debug][gc,phases      ] GC(103) Weak Processing 0.114ms
[584.159s][debug][gc,phases      ] GC(103) Scrub String Table 0.440ms
[584.159s][debug][gc,age         ] GC(103) Desired survivor size 18874368 bytes, new threshold 15 (max threshold 15)
[584.159s][info ][gc,heap        ] GC(103) PSYoungGen: 2068992K->13216K(2077696K)
[584.159s][info ][gc,heap        ] GC(103) ParOldGen: 306455K->306571K(355840K)
[584.159s][info ][gc,metaspace   ] GC(103) Metaspace: 74448K->74448K(1118208K)
[584.159s][info ][gc             ] GC(103) Pause Young (Allocation Failure) 2319M->312M(2376M) 7.650ms
[584.159s][info ][gc,cpu         ] GC(103) User=0.02s Sys=0.00s Real=0.00s
[584.159s][info ][safepoint      ] Leaving safepoint region
[584.159s][info ][safepoint      ] Total time for which application threads were stopped: 0.0078058 seconds, Stopping threads took: 0.0000174 seconds
[588.157s][info ][safepoint      ] Application time: 3.9975252 seconds
[588.157s][info ][safepoint      ] Entering safepoint region: RevokeBias
[588.157s][info ][safepoint      ] Leaving safepoint region
[588.157s][info ][safepoint      ] Total time for which application threads were stopped: 0.0000761 seconds, Stopping threads took: 0.0000108 seconds
[588.814s][info ][safepoint      ] Application time: 0.6569080 seconds
[588.814s][info ][safepoint      ] Entering safepoint region: RevokeBias
[588.814s][info ][safepoint      ] Leaving safepoint region
[588.814s][info ][safepoint      ] Total time for which application threads were stopped: 0.0001091 seconds, Stopping threads took: 0.0000173 seconds
[588.814s][info ][safepoint      ] Application time: 0.0000325 seconds
[588.814s][info ][safepoint      ] Entering safepoint region: RevokeBias
[588.814s][info ][safepoint      ] Leaving safepoint region
[588.814s][info ][safepoint      ] Total time for which application threads were stopped: 0.0000426 seconds, Stopping threads took: 0.0000057 seconds
[588.814s][info ][safepoint      ] Application time: 0.0004562 seconds
[588.814s][info ][safepoint      ] Entering safepoint region: RevokeBias
[588.814s][info ][safepoint      ] Leaving safepoint region
[588.814s][info ][safepoint      ] Total time for which application threads were stopped: 0.0000419 seconds, Stopping threads took: 0.0000062 seconds
[589.814s][info ][safepoint      ] Application time: 1.0000568 seconds
[589.814s][info ][safepoint      ] Entering safepoint region: Cleanup
[589.814s][info ][safepoint      ] Leaving safepoint region
[589.814s][info ][safepoint      ] Total time for which application threads were stopped: 0.0000891 seconds, Stopping threads took: 0.0000160 seconds
[590.815s][info ][safepoint      ] Application time: 1.0000771 seconds
[590.815s][info ][safepoint      ] Entering safepoint region: Cleanup
[590.815s][info ][safepoint      ] Leaving safepoint region
[590.815s][info ][safepoint      ] Total time for which application threads were stopped: 0.0000771 seconds, Stopping threads took: 0.0000200 seconds
[592.703s][info ][safepoint      ] Application time: 1.8885930 seconds
[592.703s][info ][safepoint      ] Entering safepoint region: RevokeBias
[592.703s][info ][safepoint      ] Leaving safepoint region
[592.703s][info ][safepoint      ] Total time for which application threads were stopped: 0.0001014 seconds, Stopping threads took: 0.0000297 seconds
[593.937s][info ][safepoint      ] Application time: 1.2331657 seconds
[593.937s][info ][safepoint      ] Entering safepoint region: ParallelGCFailedAllocation
[593.937s][info ][gc,start       ] GC(104) Pause Young (Allocation Failure)
[593.943s][debug][gc,phases      ] GC(104) Scavenge 5.880ms
[593.943s][debug][gc,ref         ] GC(104) Skipped phase1 of Reference Processing due to unavailable references
[593.943s][debug][gc,ref         ] GC(104) Skipped phase3 of Reference Processing due to unavailable references
[593.943s][debug][gc,phases      ] GC(104) Reference Processing 0.028ms
[593.943s][debug][gc,phases      ] GC(104) Weak Processing 0.131ms
[593.943s][debug][gc,phases      ] GC(104) Scrub String Table 0.453ms
[593.943s][debug][gc,age         ] GC(104) Desired survivor size 19398656 bytes, new threshold 15 (max threshold 15)
[593.943s][info ][gc,heap        ] GC(104) PSYoungGen: 2073504K->13072K(2073600K)
[593.943s][info ][gc,heap        ] GC(104) ParOldGen: 306571K->307675K(355840K)
[593.943s][info ][gc,metaspace   ] GC(104) Metaspace: 74453K->74453K(1118208K)
[593.943s][info ][gc             ] GC(104) Pause Young (Allocation Failure) 2324M->313M(2372M) 6.626ms
[593.943s][info ][gc,cpu         ] GC(104) User=0.02s Sys=0.00s Real=0.01s
[593.943s][info ][safepoint      ] Leaving safepoint region
[593.943s][info ][safepoint      ] Total time for which application threads were stopped: 0.0067762 seconds, Stopping threads took: 0.0000126 seconds
[596.944s][info ][safepoint      ] Application time: 3.0001845 seconds
[596.944s][info ][safepoint      ] Entering safepoint region: Cleanup
[596.944s][info ][safepoint      ] Leaving safepoint region
[596.944s][info ][safepoint      ] Total time for which application threads were stopped: 0.0001091 seconds, Stopping threads took: 0.0000119 seconds
[597.944s][info ][safepoint      ] Application time: 1.0000652 seconds
[597.944s][info ][safepoint      ] Entering safepoint region: Cleanup
[597.944s][info ][safepoint      ] Leaving safepoint region
[597.944s][info ][safepoint      ] Total time for which application threads were stopped: 0.0000764 seconds, Stopping threads took: 0.0000121 seconds
[598.944s][info ][safepoint      ] Application time: 1.0000765 seconds
[598.944s][info ][safepoint      ] Entering safepoint region: Cleanup
[598.944s][info ][safepoint      ] Leaving safepoint region
[598.944s][info ][safepoint      ] Total time for which application threads were stopped: 0.0000675 seconds, Stopping threads took: 0.0000122 seconds
[601.944s][info ][safepoint      ] Application time: 3.0002060 seconds
[601.944s][info ][safepoint      ] Entering safepoint region: Cleanup
[601.944s][info ][safepoint      ] Leaving safepoint region
[601.944s][info ][safepoint      ] Total time for which application threads were stopped: 0.0000921 seconds, Stopping threads took: 0.0000134 seconds
[604.679s][info ][safepoint      ] Application time: 2.7341072 seconds
[604.679s][info ][safepoint      ] Entering safepoint region: ParallelGCFailedAllocation
[604.679s][info ][gc,start       ] GC(105) Pause Young (Allocation Failure)
[604.686s][debug][gc,phases      ] GC(105) Scavenge 7.223ms
[604.686s][debug][gc,ref         ] GC(105) Skipped phase1 of Reference Processing due to unavailable references
[604.686s][debug][gc,ref         ] GC(105) Skipped phase3 of Reference Processing due to unavailable references
[604.686s][debug][gc,phases      ] GC(105) Reference Processing 0.036ms
[604.686s][debug][gc,phases      ] GC(105) Weak Processing 0.143ms
[604.687s][debug][gc,phases      ] GC(105) Scrub String Table 0.470ms
[604.687s][debug][gc,age         ] GC(105) Desired survivor size 20971520 bytes, new threshold 15 (max threshold 15)
[604.687s][info ][gc,heap        ] GC(105) PSYoungGen: 2073360K->16256K(2075136K)
[604.687s][info ][gc,heap        ] GC(105) ParOldGen: 307675K->307811K(355840K)
[604.687s][info ][gc,metaspace   ] GC(105) Metaspace: 74471K->74471K(1118208K)
[604.687s][info ][gc             ] GC(105) Pause Young (Allocation Failure) 2325M->316M(2374M) 8.012ms
[604.687s][info ][gc,cpu         ] GC(105) User=0.03s Sys=0.00s Real=0.01s
[604.687s][info ][safepoint      ] Leaving safepoint region
[604.687s][info ][safepoint      ] Total time for which application threads were stopped: 0.0081572 seconds, Stopping threads took: 0.0000120 seconds
[612.687s][info ][safepoint      ] Application time: 8.0005448 seconds
[612.687s][info ][safepoint      ] Entering safepoint region: Cleanup
[612.687s][info ][safepoint      ] Leaving safepoint region
[612.687s][info ][safepoint      ] Total time for which application threads were stopped: 0.0001025 seconds, Stopping threads took: 0.0000346 seconds
[613.688s][info ][safepoint      ] Application time: 1.0000855 seconds
[613.688s][info ][safepoint      ] Entering safepoint region: Cleanup
[613.688s][info ][safepoint      ] Leaving safepoint region
[613.688s][info ][safepoint      ] Total time for which application threads were stopped: 0.0001237 seconds, Stopping threads took: 0.0000375 seconds
[614.688s][info ][safepoint      ] Application time: 1.0000728 seconds
[614.688s][info ][safepoint      ] Entering safepoint region: Cleanup
[614.688s][info ][safepoint      ] Leaving safepoint region
[614.688s][info ][safepoint      ] Total time for which application threads were stopped: 0.0000981 seconds, Stopping threads took: 0.0000341 seconds
[615.688s][info ][safepoint      ] Application time: 1.0000713 seconds
[615.688s][info ][safepoint      ] Entering safepoint region: Cleanup
[615.688s][info ][safepoint      ] Leaving safepoint region
[615.688s][info ][safepoint      ] Total time for which application threads were stopped: 0.0001079 seconds, Stopping threads took: 0.0000485 seconds
[616.096s][info ][safepoint      ] Application time: 0.4080787 seconds
[616.096s][info ][safepoint      ] Entering safepoint region: ParallelGCFailedAllocation
[616.096s][info ][gc,start       ] GC(106) Pause Young (Allocation Failure)
[616.105s][debug][gc,phases      ] GC(106) Scavenge 8.200ms
[616.105s][debug][gc,ref         ] GC(106) Skipped phase1 of Reference Processing due to unavailable references
[616.105s][debug][gc,ref         ] GC(106) Skipped phase3 of Reference Processing due to unavailable references
[616.105s][debug][gc,phases      ] GC(106) Reference Processing 0.029ms
[616.105s][debug][gc,phases      ] GC(106) Weak Processing 0.143ms
[616.105s][debug][gc,phases      ] GC(106) Scrub String Table 0.441ms
[616.105s][debug][gc,age         ] GC(106) Desired survivor size 23068672 bytes, new threshold 15 (max threshold 15)
[616.105s][info ][gc,heap        ] GC(106) PSYoungGen: 2072448K->18432K(2075136K)
[616.105s][info ][gc,heap        ] GC(106) ParOldGen: 307811K->310387K(355840K)
[616.105s][info ][gc,metaspace   ] GC(106) Metaspace: 74474K->74474K(1118208K)
[616.105s][info ][gc             ] GC(106) Pause Young (Allocation Failure) 2324M->321M(2374M) 8.958ms
[616.105s][info ][gc,cpu         ] GC(106) User=0.04s Sys=0.00s Real=0.01s
[616.105s][info ][safepoint      ] Leaving safepoint region
[616.105s][info ][safepoint      ] Total time for which application threads were stopped: 0.0091458 seconds, Stopping threads took: 0.0000416 seconds
[617.105s][info ][safepoint      ] Application time: 1.0000780 seconds
[617.106s][info ][safepoint      ] Entering safepoint region: Cleanup
[617.106s][info ][safepoint      ] Leaving safepoint region
[617.106s][info ][safepoint      ] Total time for which application threads were stopped: 0.0001184 seconds, Stopping threads took: 0.0000150 seconds
[618.106s][info ][safepoint      ] Application time: 1.0000737 seconds
[618.106s][info ][safepoint      ] Entering safepoint region: Cleanup
[618.106s][info ][safepoint      ] Leaving safepoint region
[618.106s][info ][safepoint      ] Total time for which application threads were stopped: 0.0000647 seconds, Stopping threads took: 0.0000129 seconds
[621.106s][info ][safepoint      ] Application time: 3.0002851 seconds
[621.106s][info ][safepoint      ] Entering safepoint region: Cleanup
[621.106s][info ][safepoint      ] Leaving safepoint region
[621.106s][info ][safepoint      ] Total time for which application threads were stopped: 0.0000773 seconds, Stopping threads took: 0.0000139 seconds
[626.107s][info ][safepoint      ] Application time: 5.0003510 seconds
[626.107s][info ][safepoint      ] Entering safepoint region: Cleanup
[626.107s][info ][safepoint      ] Leaving safepoint region
[626.107s][info ][safepoint      ] Total time for which application threads were stopped: 0.0000739 seconds, Stopping threads took: 0.0000127 seconds
[626.738s][info ][safepoint      ] Application time: 0.6312963 seconds
[626.738s][info ][safepoint      ] Entering safepoint region: ParallelGCFailedAllocation
[626.738s][info ][gc,start       ] GC(107) Pause Young (Allocation Failure)
[626.746s][debug][gc,phases      ] GC(107) Scavenge 7.559ms
[626.746s][debug][gc,ref         ] GC(107) Skipped phase1 of Reference Processing due to unavailable references
[626.746s][debug][gc,ref         ] GC(107) Skipped phase3 of Reference Processing due to unavailable references
[626.746s][debug][gc,phases      ] GC(107) Reference Processing 0.028ms
[626.746s][debug][gc,phases      ] GC(107) Weak Processing 0.138ms
[626.746s][debug][gc,phases      ] GC(107) Scrub String Table 0.453ms
[626.746s][debug][gc,age         ] GC(107) Desired survivor size 24117248 bytes, new threshold 15 (max threshold 15)
[626.746s][info ][gc,heap        ] GC(107) PSYoungGen: 2074624K->15968K(2072064K)
[626.746s][info ][gc,heap        ] GC(107) ParOldGen: 310387K->310427K(355840K)
[626.746s][info ][gc,metaspace   ] GC(107) Metaspace: 74517K->74517K(1118208K)
[626.746s][info ][gc             ] GC(107) Pause Young (Allocation Failure) 2329M->318M(2371M) 8.308ms
[626.746s][info ][gc,cpu         ] GC(107) User=0.03s Sys=0.00s Real=0.01s
[626.746s][info ][safepoint      ] Leaving safepoint region
[626.746s][info ][safepoint      ] Total time for which application threads were stopped: 0.0084698 seconds, Stopping threads took: 0.0000119 seconds
[628.747s][info ][safepoint      ] Application time: 2.0001138 seconds
[628.747s][info ][safepoint      ] Entering safepoint region: Cleanup
[628.747s][info ][safepoint      ] Leaving safepoint region
[628.747s][info ][safepoint      ] Total time for which application threads were stopped: 0.0000727 seconds, Stopping threads took: 0.0000150 seconds
[632.747s][info ][safepoint      ] Application time: 4.0002618 seconds
[632.747s][info ][safepoint      ] Entering safepoint region: Cleanup
[632.747s][info ][safepoint      ] Leaving safepoint region
[632.747s][info ][safepoint      ] Total time for which application threads were stopped: 0.0000668 seconds, Stopping threads took: 0.0000118 seconds
[636.747s][info ][safepoint      ] Application time: 4.0002563 seconds
[636.747s][info ][safepoint      ] Entering safepoint region: Cleanup
[636.747s][info ][safepoint      ] Leaving safepoint region
[636.747s][info ][safepoint      ] Total time for which application threads were stopped: 0.0000740 seconds, Stopping threads took: 0.0000173 seconds
[638.480s][info ][safepoint      ] Application time: 1.7327084 seconds
[638.480s][info ][safepoint      ] Entering safepoint region: ParallelGCFailedAllocation
[638.480s][info ][gc,start       ] GC(108) Pause Young (Allocation Failure)
[638.487s][debug][gc,phases      ] GC(108) Scavenge 6.208ms
[638.487s][debug][gc,ref         ] GC(108) Skipped phase1 of Reference Processing due to unavailable references
[638.487s][debug][gc,ref         ] GC(108) Skipped phase3 of Reference Processing due to unavailable references
[638.487s][debug][gc,phases      ] GC(108) Reference Processing 0.030ms
[638.487s][debug][gc,phases      ] GC(108) Weak Processing 0.159ms
[638.487s][debug][gc,phases      ] GC(108) Scrub String Table 0.474ms
[638.487s][debug][gc,age         ] GC(108) Desired survivor size 24641536 bytes, new threshold 15 (max threshold 15)
[638.487s][info ][gc,heap        ] GC(108) PSYoungGen: 2066016K->15712K(2065920K)
[638.487s][info ][gc,heap        ] GC(108) ParOldGen: 310427K->310483K(355840K)
[638.487s][info ][gc,metaspace   ] GC(108) Metaspace: 74522K->74522K(1118208K)
[638.487s][info ][gc             ] GC(108) Pause Young (Allocation Failure) 2320M->318M(2365M) 7.023ms
[638.487s][info ][gc,cpu         ] GC(108) User=0.02s Sys=0.00s Real=0.00s
[638.487s][info ][safepoint      ] Leaving safepoint region
[638.487s][info ][safepoint      ] Total time for which application threads were stopped: 0.0071767 seconds, Stopping threads took: 0.0000135 seconds
[640.488s][info ][safepoint      ] Application time: 2.0001705 seconds
[640.488s][info ][safepoint      ] Entering safepoint region: Cleanup
[640.488s][info ][safepoint      ] Leaving safepoint region
[640.488s][info ][safepoint      ] Total time for which application threads were stopped: 0.0001226 seconds, Stopping threads took: 0.0000506 seconds
[642.488s][info ][safepoint      ] Application time: 2.0001322 seconds
[642.488s][info ][safepoint      ] Entering safepoint region: Cleanup
[642.488s][info ][safepoint      ] Leaving safepoint region
[642.488s][info ][safepoint      ] Total time for which application threads were stopped: 0.0001027 seconds, Stopping threads took: 0.0000401 seconds
[643.488s][info ][safepoint      ] Application time: 1.0000829 seconds
[643.488s][info ][safepoint      ] Entering safepoint region: Cleanup
[643.488s][info ][safepoint      ] Leaving safepoint region
[643.488s][info ][safepoint      ] Total time for which application threads were stopped: 0.0001381 seconds, Stopping threads took: 0.0000800 seconds
[645.488s][info ][safepoint      ] Application time: 2.0001602 seconds
[645.489s][info ][safepoint      ] Entering safepoint region: Cleanup
[645.489s][info ][safepoint      ] Leaving safepoint region
[645.489s][info ][safepoint      ] Total time for which application threads were stopped: 0.0001043 seconds, Stopping threads took: 0.0000389 seconds
[646.489s][info ][safepoint      ] Application time: 1.0000764 seconds
[646.489s][info ][safepoint      ] Entering safepoint region: Cleanup
[646.489s][info ][safepoint      ] Leaving safepoint region
[646.489s][info ][safepoint      ] Total time for which application threads were stopped: 0.0001179 seconds, Stopping threads took: 0.0000601 seconds
[650.228s][info ][safepoint      ] Application time: 3.7389441 seconds
[650.228s][info ][safepoint      ] Entering safepoint region: ParallelGCFailedAllocation
[650.228s][info ][gc,start       ] GC(109) Pause Young (Allocation Failure)
[650.234s][debug][gc,phases      ] GC(109) Scavenge 6.286ms
[650.234s][debug][gc,ref         ] GC(109) Skipped phase1 of Reference Processing due to unavailable references
[650.234s][debug][gc,ref         ] GC(109) Skipped phase3 of Reference Processing due to unavailable references
[650.234s][debug][gc,phases      ] GC(109) Reference Processing 0.028ms
[650.234s][debug][gc,phases      ] GC(109) Weak Processing 0.135ms
[650.235s][debug][gc,phases      ] GC(109) Scrub String Table 0.453ms
[650.235s][debug][gc,age         ] GC(109) Desired survivor size 24641536 bytes, new threshold 15 (max threshold 15)
[650.235s][info ][gc,heap        ] GC(109) PSYoungGen: 2065760K->15792K(2073088K)
[650.235s][info ][gc,heap        ] GC(109) ParOldGen: 310483K->310523K(355840K)
[650.235s][info ][gc,metaspace   ] GC(109) Metaspace: 74548K->74548K(1118208K)
[650.235s][info ][gc             ] GC(109) Pause Young (Allocation Failure) 2320M->318M(2372M) 7.027ms
[650.235s][info ][gc,cpu         ] GC(109) User=0.03s Sys=0.00s Real=0.00s
[650.235s][info ][safepoint      ] Leaving safepoint region
[650.235s][info ][safepoint      ] Total time for which application threads were stopped: 0.0071782 seconds, Stopping threads took: 0.0000129 seconds
[651.235s][info ][safepoint      ] Application time: 1.0000853 seconds
[651.235s][info ][safepoint      ] Entering safepoint region: Cleanup
[651.235s][info ][safepoint      ] Leaving safepoint region
[651.235s][info ][safepoint      ] Total time for which application threads were stopped: 0.0001041 seconds, Stopping threads took: 0.0000346 seconds
[655.236s][info ][safepoint      ] Application time: 4.0003231 seconds
[655.236s][info ][safepoint      ] Entering safepoint region: Cleanup
[655.236s][info ][safepoint      ] Leaving safepoint region
[655.236s][info ][safepoint      ] Total time for which application threads were stopped: 0.0001181 seconds, Stopping threads took: 0.0000370 seconds
[656.236s][info ][safepoint      ] Application time: 1.0000887 seconds
[656.236s][info ][safepoint      ] Entering safepoint region: Cleanup
[656.236s][info ][safepoint      ] Leaving safepoint region
[656.236s][info ][safepoint      ] Total time for which application threads were stopped: 0.0001050 seconds, Stopping threads took: 0.0000466 seconds
[658.236s][info ][safepoint      ] Application time: 2.0001053 seconds
[658.236s][info ][safepoint      ] Entering safepoint region: Cleanup
[658.236s][info ][safepoint      ] Leaving safepoint region
[658.236s][info ][safepoint      ] Total time for which application threads were stopped: 0.0000938 seconds, Stopping threads took: 0.0000307 seconds
[659.236s][info ][safepoint      ] Application time: 1.0000841 seconds
[659.236s][info ][safepoint      ] Entering safepoint region: Cleanup
[659.236s][info ][safepoint      ] Leaving safepoint region
[659.236s][info ][safepoint      ] Total time for which application threads were stopped: 0.0001311 seconds, Stopping threads took: 0.0000585 seconds
[660.237s][info ][safepoint      ] Application time: 1.0000808 seconds
[660.237s][info ][safepoint      ] Entering safepoint region: Cleanup
[660.237s][info ][safepoint      ] Leaving safepoint region
[660.237s][info ][safepoint      ] Total time for which application threads were stopped: 0.0000951 seconds, Stopping threads took: 0.0000340 seconds
[661.237s][info ][safepoint      ] Application time: 1.0000896 seconds
[661.237s][info ][safepoint      ] Entering safepoint region: Cleanup
[661.237s][info ][safepoint      ] Leaving safepoint region
[661.237s][info ][safepoint      ] Total time for which application threads were stopped: 0.0001046 seconds, Stopping threads took: 0.0000356 seconds
[661.621s][info ][safepoint      ] Application time: 0.3842572 seconds
[661.621s][info ][safepoint      ] Entering safepoint region: ParallelGCFailedAllocation
[661.621s][info ][gc,start       ] GC(110) Pause Young (Allocation Failure)
[661.628s][debug][gc,phases      ] GC(110) Scavenge 6.441ms
[661.628s][debug][gc,ref         ] GC(110) Skipped phase1 of Reference Processing due to unavailable references
[661.628s][debug][gc,ref         ] GC(110) Skipped phase3 of Reference Processing due to unavailable references
[661.628s][debug][gc,phases      ] GC(110) Reference Processing 0.028ms
[661.628s][debug][gc,phases      ] GC(110) Weak Processing 0.137ms
[661.628s][debug][gc,phases      ] GC(110) Scrub String Table 0.417ms
[661.628s][debug][gc,age         ] GC(110) Desired survivor size 25165824 bytes, new threshold 15 (max threshold 15)
[661.628s][info ][gc,heap        ] GC(110) PSYoungGen: 2064816K->15904K(2065408K)
[661.629s][info ][gc,heap        ] GC(110) ParOldGen: 310523K->310555K(355840K)
[661.629s][info ][gc,metaspace   ] GC(110) Metaspace: 74556K->74556K(1118208K)
[661.629s][info ][gc             ] GC(110) Pause Young (Allocation Failure) 2319M->318M(2364M) 7.165ms
[661.629s][info ][gc,cpu         ] GC(110) User=0.03s Sys=0.00s Real=0.01s
[661.629s][info ][safepoint      ] Leaving safepoint region
[661.629s][info ][safepoint      ] Total time for which application threads were stopped: 0.0073395 seconds, Stopping threads took: 0.0000354 seconds
[662.629s][info ][safepoint      ] Application time: 1.0000881 seconds
[662.629s][info ][safepoint      ] Entering safepoint region: Cleanup
[662.629s][info ][safepoint      ] Leaving safepoint region
[662.629s][info ][safepoint      ] Total time for which application threads were stopped: 0.0001071 seconds, Stopping threads took: 0.0000440 seconds
[663.629s][info ][safepoint      ] Application time: 1.0000588 seconds
[663.629s][info ][safepoint      ] Entering safepoint region: Cleanup
[663.629s][info ][safepoint      ] Leaving safepoint region
[663.629s][info ][safepoint      ] Total time for which application threads were stopped: 0.0001239 seconds, Stopping threads took: 0.0000549 seconds
[664.629s][info ][safepoint      ] Application time: 1.0000775 seconds
[664.629s][info ][safepoint      ] Entering safepoint region: Cleanup
[664.629s][info ][safepoint      ] Leaving safepoint region
[664.629s][info ][safepoint      ] Total time for which application threads were stopped: 0.0000910 seconds, Stopping threads took: 0.0000339 seconds
[666.629s][info ][safepoint      ] Application time: 2.0001628 seconds
[666.629s][info ][safepoint      ] Entering safepoint region: Cleanup
[666.630s][info ][safepoint      ] Leaving safepoint region
[666.630s][info ][safepoint      ] Total time for which application threads were stopped: 0.0001161 seconds, Stopping threads took: 0.0000487 seconds
[667.630s][info ][safepoint      ] Application time: 1.0000753 seconds
[667.630s][info ][safepoint      ] Entering safepoint region: Cleanup
[667.630s][info ][safepoint      ] Leaving safepoint region
[667.630s][info ][safepoint      ] Total time for which application threads were stopped: 0.0000996 seconds, Stopping threads took: 0.0000331 seconds
[673.038s][info ][safepoint      ] Application time: 5.4080375 seconds
[673.038s][info ][safepoint      ] Entering safepoint region: ParallelGCFailedAllocation
[673.038s][info ][gc,start       ] GC(111) Pause Young (Allocation Failure)
[673.045s][debug][gc,phases      ] GC(111) Scavenge 6.684ms
[673.045s][debug][gc,ref         ] GC(111) Skipped phase1 of Reference Processing due to unavailable references
[673.045s][debug][gc,ref         ] GC(111) Skipped phase3 of Reference Processing due to unavailable references
[673.045s][debug][gc,phases      ] GC(111) Reference Processing 0.029ms
[673.045s][debug][gc,phases      ] GC(111) Weak Processing 0.133ms
[673.045s][debug][gc,phases      ] GC(111) Scrub String Table 0.448ms
[673.045s][debug][gc,age         ] GC(111) Desired survivor size 25165824 bytes, new threshold 15 (max threshold 15)
[673.045s][info ][gc,heap        ] GC(111) PSYoungGen: 2064928K->15840K(2072576K)
[673.045s][info ][gc,heap        ] GC(111) ParOldGen: 310555K->310732K(355840K)
[673.045s][info ][gc,metaspace   ] GC(111) Metaspace: 74568K->74568K(1118208K)
[673.045s][info ][gc             ] GC(111) Pause Young (Allocation Failure) 2319M->318M(2371M) 7.450ms
[673.045s][info ][gc,cpu         ] GC(111) User=0.03s Sys=0.00s Real=0.01s
[673.045s][info ][safepoint      ] Leaving safepoint region
[673.045s][info ][safepoint      ] Total time for which application threads were stopped: 0.0075986 seconds, Stopping threads took: 0.0000129 seconds
[677.612s][info ][safepoint      ] Application time: 4.5667214 seconds
[677.612s][info ][safepoint      ] Entering safepoint region: RevokeBias
[677.612s][info ][safepoint      ] Leaving safepoint region
[677.612s][info ][safepoint      ] Total time for which application threads were stopped: 0.0000927 seconds, Stopping threads took: 0.0000280 seconds
[682.613s][info ][safepoint      ] Application time: 5.0004009 seconds
[682.613s][info ][safepoint      ] Entering safepoint region: Cleanup
[682.613s][info ][safepoint      ] Leaving safepoint region
[682.613s][info ][safepoint      ] Total time for which application threads were stopped: 0.0000736 seconds, Stopping threads took: 0.0000136 seconds
[684.538s][info ][safepoint      ] Application time: 1.9255526 seconds
[684.538s][info ][safepoint      ] Entering safepoint region: ParallelGCFailedAllocation
[684.539s][info ][gc,start       ] GC(112) Pause Young (Allocation Failure)
[684.545s][debug][gc,phases      ] GC(112) Scavenge 6.604ms
[684.545s][debug][gc,ref         ] GC(112) Skipped phase1 of Reference Processing due to unavailable references
[684.545s][debug][gc,ref         ] GC(112) Skipped phase3 of Reference Processing due to unavailable references
[684.545s][debug][gc,phases      ] GC(112) Reference Processing 0.028ms
[684.545s][debug][gc,phases      ] GC(112) Weak Processing 0.132ms
[684.546s][debug][gc,phases      ] GC(112) Scrub String Table 0.451ms
[684.546s][debug][gc,age         ] GC(112) Desired survivor size 25165824 bytes, new threshold 15 (max threshold 15)
[684.546s][info ][gc,heap        ] GC(112) PSYoungGen: 2063840K->15712K(2072576K)
[684.546s][info ][gc,heap        ] GC(112) ParOldGen: 310732K->310812K(355840K)
[684.546s][info ][gc,metaspace   ] GC(112) Metaspace: 74574K->74574K(1118208K)
[684.546s][info ][gc             ] GC(112) Pause Young (Allocation Failure) 2318M->318M(2371M) 7.352ms
[684.546s][info ][gc,cpu         ] GC(112) User=0.03s Sys=0.00s Real=0.01s
[684.546s][info ][safepoint      ] Leaving safepoint region
[684.546s][info ][safepoint      ] Total time for which application threads were stopped: 0.0075114 seconds, Stopping threads took: 0.0000129 seconds
[685.546s][info ][safepoint      ] Application time: 1.0000433 seconds
[685.546s][info ][safepoint      ] Entering safepoint region: Cleanup
[685.546s][info ][safepoint      ] Leaving safepoint region
[685.546s][info ][safepoint      ] Total time for which application threads were stopped: 0.0000713 seconds, Stopping threads took: 0.0000123 seconds
[686.888s][info ][safepoint      ] Application time: 1.3420853 seconds
[686.888s][info ][safepoint      ] Entering safepoint region: RevokeBias
[686.888s][info ][safepoint      ] Leaving safepoint region
[686.888s][info ][safepoint      ] Total time for which application threads were stopped: 0.0000877 seconds, Stopping threads took: 0.0000345 seconds
[687.888s][info ][safepoint      ] Application time: 1.0000910 seconds
[687.888s][info ][safepoint      ] Entering safepoint region: Cleanup
[687.889s][info ][safepoint      ] Leaving safepoint region
[687.889s][info ][safepoint      ] Total time for which application threads were stopped: 0.0000933 seconds, Stopping threads took: 0.0000376 seconds
[689.889s][info ][safepoint      ] Application time: 2.0001622 seconds
[689.889s][info ][safepoint      ] Entering safepoint region: Cleanup
[689.889s][info ][safepoint      ] Leaving safepoint region
[689.889s][info ][safepoint      ] Total time for which application threads were stopped: 0.0001308 seconds, Stopping threads took: 0.0000559 seconds
[691.889s][info ][safepoint      ] Application time: 2.0001408 seconds
[691.889s][info ][safepoint      ] Entering safepoint region: Cleanup
[691.889s][info ][safepoint      ] Leaving safepoint region
[691.889s][info ][safepoint      ] Total time for which application threads were stopped: 0.0000845 seconds, Stopping threads took: 0.0000329 seconds
[694.889s][info ][safepoint      ] Application time: 3.0002059 seconds
[694.889s][info ][safepoint      ] Entering safepoint region: Cleanup
[694.889s][info ][safepoint      ] Leaving safepoint region
[694.889s][info ][safepoint      ] Total time for which application threads were stopped: 0.0000638 seconds, Stopping threads took: 0.0000121 seconds
[696.226s][info ][safepoint      ] Application time: 1.3362378 seconds
[696.226s][info ][safepoint      ] Entering safepoint region: ParallelGCFailedAllocation
[696.226s][info ][gc,start       ] GC(113) Pause Young (Allocation Failure)
[696.233s][debug][gc,phases      ] GC(113) Scavenge 6.682ms
[696.233s][debug][gc,ref         ] GC(113) Skipped phase1 of Reference Processing due to unavailable references
[696.233s][debug][gc,ref         ] GC(113) Skipped phase3 of Reference Processing due to unavailable references
[696.233s][debug][gc,phases      ] GC(113) Reference Processing 0.028ms
[696.233s][debug][gc,phases      ] GC(113) Weak Processing 0.160ms
[696.233s][debug][gc,phases      ] GC(113) Scrub String Table 0.444ms
[696.233s][debug][gc,age         ] GC(113) Desired survivor size 24641536 bytes, new threshold 15 (max threshold 15)
[696.233s][info ][gc,heap        ] GC(113) PSYoungGen: 2063712K->14768K(2073088K)
[696.233s][info ][gc,heap        ] GC(113) ParOldGen: 310812K->311800K(355840K)
[696.233s][info ][gc,metaspace   ] GC(113) Metaspace: 74587K->74587K(1118208K)
[696.233s][info ][gc             ] GC(113) Pause Young (Allocation Failure) 2318M->318M(2372M) 7.451ms
[696.233s][info ][gc,cpu         ] GC(113) User=0.03s Sys=0.00s Real=0.01s
[696.233s][info ][safepoint      ] Leaving safepoint region
[696.233s][info ][safepoint      ] Total time for which application threads were stopped: 0.0076052 seconds, Stopping threads took: 0.0000186 seconds
[697.233s][info ][safepoint      ] Application time: 1.0000770 seconds
[697.233s][info ][safepoint      ] Entering safepoint region: Cleanup
[697.234s][info ][safepoint      ] Leaving safepoint region
[697.234s][info ][safepoint      ] Total time for which application threads were stopped: 0.0001018 seconds, Stopping threads took: 0.0000314 seconds
[701.234s][info ][safepoint      ] Application time: 4.0002913 seconds
[701.234s][info ][safepoint      ] Entering safepoint region: Cleanup
[701.234s][info ][safepoint      ] Leaving safepoint region
[701.234s][info ][safepoint      ] Total time for which application threads were stopped: 0.0001119 seconds, Stopping threads took: 0.0000341 seconds
[707.781s][info ][safepoint      ] Application time: 6.5473249 seconds
[707.781s][info ][safepoint      ] Entering safepoint region: ParallelGCFailedAllocation
[707.781s][info ][gc,start       ] GC(114) Pause Young (Allocation Failure)
[707.788s][debug][gc,phases      ] GC(114) Scavenge 6.677ms
[707.788s][debug][gc,ref         ] GC(114) Skipped phase1 of Reference Processing due to unavailable references
[707.788s][debug][gc,ref         ] GC(114) Skipped phase3 of Reference Processing due to unavailable references
[707.788s][debug][gc,phases      ] GC(114) Reference Processing 0.027ms
[707.788s][debug][gc,phases      ] GC(114) Weak Processing 0.139ms
[707.789s][debug][gc,phases      ] GC(114) Scrub String Table 0.446ms
[707.789s][debug][gc,age         ] GC(114) Desired survivor size 24117248 bytes, new threshold 15 (max threshold 15)
[707.789s][info ][gc,heap        ] GC(114) PSYoungGen: 2063280K->14896K(2072576K)
[707.789s][info ][gc,heap        ] GC(114) ParOldGen: 311800K->311856K(355840K)
[707.789s][info ][gc,metaspace   ] GC(114) Metaspace: 74589K->74589K(1118208K)
[707.789s][info ][gc             ] GC(114) Pause Young (Allocation Failure) 2319M->319M(2371M) 7.431ms
[707.789s][info ][gc,cpu         ] GC(114) User=0.03s Sys=0.00s Real=0.01s
[707.789s][info ][safepoint      ] Leaving safepoint region
[707.789s][info ][safepoint      ] Total time for which application threads were stopped: 0.0075764 seconds, Stopping threads took: 0.0000121 seconds
[714.789s][info ][safepoint      ] Application time: 7.0005262 seconds
[714.790s][info ][safepoint      ] Entering safepoint region: Cleanup
[714.790s][info ][safepoint      ] Leaving safepoint region
[714.790s][info ][safepoint      ] Total time for which application threads were stopped: 0.0000629 seconds, Stopping threads took: 0.0000123 seconds
[719.331s][info ][safepoint      ] Application time: 4.5416283 seconds
[719.331s][info ][safepoint      ] Entering safepoint region: ParallelGCFailedAllocation
[719.331s][info ][gc,start       ] GC(115) Pause Young (Allocation Failure)
[719.338s][debug][gc,phases      ] GC(115) Scavenge 6.461ms
[719.338s][debug][gc,ref         ] GC(115) Skipped phase1 of Reference Processing due to unavailable references
[719.338s][debug][gc,ref         ] GC(115) Skipped phase3 of Reference Processing due to unavailable references
[719.338s][debug][gc,phases      ] GC(115) Reference Processing 0.025ms
[719.338s][debug][gc,phases      ] GC(115) Weak Processing 0.132ms
[719.338s][debug][gc,phases      ] GC(115) Scrub String Table 0.424ms
[719.338s][debug][gc,age         ] GC(115) Desired survivor size 23592960 bytes, new threshold 15 (max threshold 15)
[719.338s][info ][gc,heap        ] GC(115) PSYoungGen: 2063408K->14832K(2074112K)
[719.338s][info ][gc,heap        ] GC(115) ParOldGen: 311856K->311896K(355840K)
[719.338s][info ][gc,metaspace   ] GC(115) Metaspace: 74590K->74590K(1118208K)
[719.338s][info ][gc             ] GC(115) Pause Young (Allocation Failure) 2319M->319M(2373M) 7.164ms
[719.339s][info ][gc,cpu         ] GC(115) User=0.02s Sys=0.00s Real=0.00s
[719.339s][info ][safepoint      ] Leaving safepoint region
[719.339s][info ][safepoint      ] Total time for which application threads were stopped: 0.0073003 seconds, Stopping threads took: 0.0000116 seconds
[727.339s][info ][safepoint      ] Application time: 8.0005791 seconds
[727.339s][info ][safepoint      ] Entering safepoint region: Cleanup
[727.339s][info ][safepoint      ] Leaving safepoint region
[727.339s][info ][safepoint      ] Total time for which application threads were stopped: 0.0000940 seconds, Stopping threads took: 0.0000374 seconds
[731.028s][info ][safepoint      ] Application time: 3.6886878 seconds
[731.028s][info ][safepoint      ] Entering safepoint region: ParallelGCFailedAllocation
[731.028s][info ][gc,start       ] GC(116) Pause Young (Allocation Failure)
[731.034s][debug][gc,phases      ] GC(116) Scavenge 6.203ms
[731.034s][debug][gc,ref         ] GC(116) Skipped phase1 of Reference Processing due to unavailable references
[731.034s][debug][gc,ref         ] GC(116) Skipped phase3 of Reference Processing due to unavailable references
[731.034s][debug][gc,phases      ] GC(116) Reference Processing 0.027ms
[731.034s][debug][gc,phases      ] GC(116) Weak Processing 0.120ms
[731.035s][debug][gc,phases      ] GC(116) Scrub String Table 0.432ms
[731.035s][debug][gc,age         ] GC(116) Desired survivor size 23068672 bytes, new threshold 15 (max threshold 15)
[731.035s][info ][gc,heap        ] GC(116) PSYoungGen: 2065392K->14816K(2073600K)
[731.035s][info ][gc,heap        ] GC(116) ParOldGen: 311896K->312000K(355840K)
[731.035s][info ][gc,metaspace   ] GC(116) Metaspace: 74595K->74595K(1118208K)
[731.035s][info ][gc             ] GC(116) Pause Young (Allocation Failure) 2321M->319M(2372M) 6.907ms
[731.035s][info ][gc,cpu         ] GC(116) User=0.02s Sys=0.00s Real=0.00s
[731.035s][info ][safepoint      ] Leaving safepoint region
[731.035s][info ][safepoint      ] Total time for which application threads were stopped: 0.0070530 seconds, Stopping threads took: 0.0000109 seconds
[733.035s][info ][safepoint      ] Application time: 2.0001647 seconds
[733.035s][info ][safepoint      ] Entering safepoint region: Cleanup
[733.035s][info ][safepoint      ] Leaving safepoint region
[733.035s][info ][safepoint      ] Total time for which application threads were stopped: 0.0001270 seconds, Stopping threads took: 0.0000582 seconds
[742.626s][info ][safepoint      ] Application time: 9.5902800 seconds
[742.626s][info ][safepoint      ] Entering safepoint region: ParallelGCFailedAllocation
[742.626s][info ][gc,start       ] GC(117) Pause Young (Allocation Failure)
[742.631s][debug][gc,phases      ] GC(117) Scavenge 5.590ms
[742.631s][debug][gc,ref         ] GC(117) Skipped phase1 of Reference Processing due to unavailable references
[742.631s][debug][gc,ref         ] GC(117) Skipped phase3 of Reference Processing due to unavailable references
[742.632s][debug][gc,phases      ] GC(117) Reference Processing 0.042ms
[742.632s][debug][gc,phases      ] GC(117) Weak Processing 0.138ms
[742.632s][debug][gc,phases      ] GC(117) Scrub String Table 0.474ms
[742.632s][debug][gc,age         ] GC(117) Desired survivor size 22544384 bytes, new threshold 15 (max threshold 15)
[742.632s][info ][gc,heap        ] GC(117) PSYoungGen: 2065376K->14496K(2075136K)
[742.632s][info ][gc,heap        ] GC(117) ParOldGen: 312000K->312328K(355840K)
[742.632s][info ][gc,metaspace   ] GC(117) Metaspace: 74596K->74596K(1118208K)
[742.632s][info ][gc             ] GC(117) Pause Young (Allocation Failure) 2321M->319M(2374M) 6.378ms
[742.632s][info ][gc,cpu         ] GC(117) User=0.02s Sys=0.00s Real=0.01s
[742.632s][info ][safepoint      ] Leaving safepoint region
[742.632s][info ][safepoint      ] Total time for which application threads were stopped: 0.0065248 seconds, Stopping threads took: 0.0000114 seconds
[744.632s][info ][safepoint      ] Application time: 2.0001682 seconds
[744.632s][info ][safepoint      ] Entering safepoint region: Cleanup
[744.633s][info ][safepoint      ] Leaving safepoint region
[744.633s][info ][safepoint      ] Total time for which application threads were stopped: 0.0001214 seconds, Stopping threads took: 0.0000507 seconds
[745.633s][info ][safepoint      ] Application time: 1.0000882 seconds
[745.633s][info ][safepoint      ] Entering safepoint region: Cleanup
[745.633s][info ][safepoint      ] Leaving safepoint region
[745.633s][info ][safepoint      ] Total time for which application threads were stopped: 0.0001041 seconds, Stopping threads took: 0.0000363 seconds
[746.633s][info ][safepoint      ] Application time: 1.0000789 seconds
[746.633s][info ][safepoint      ] Entering safepoint region: Cleanup
[746.633s][info ][safepoint      ] Leaving safepoint region
[746.633s][info ][safepoint      ] Total time for which application threads were stopped: 0.0000947 seconds, Stopping threads took: 0.0000343 seconds
[754.373s][info ][safepoint      ] Application time: 7.7403206 seconds
[754.373s][info ][safepoint      ] Entering safepoint region: ParallelGCFailedAllocation
[754.373s][info ][gc,start       ] GC(118) Pause Young (Allocation Failure)
[754.380s][debug][gc,phases      ] GC(118) Scavenge 6.165ms
[754.380s][debug][gc,ref         ] GC(118) Skipped phase1 of Reference Processing due to unavailable references
[754.380s][debug][gc,ref         ] GC(118) Skipped phase3 of Reference Processing due to unavailable references
[754.380s][debug][gc,phases      ] GC(118) Reference Processing 0.030ms
[754.380s][debug][gc,phases      ] GC(118) Weak Processing 0.134ms
[754.380s][debug][gc,phases      ] GC(118) Scrub String Table 0.468ms
[754.380s][debug][gc,age         ] GC(118) Desired survivor size 22020096 bytes, new threshold 15 (max threshold 15)
[754.380s][info ][gc,heap        ] GC(118) PSYoungGen: 2067104K->11216K(2074624K)
[754.380s][info ][gc,heap        ] GC(118) ParOldGen: 312328K->315865K(355840K)
[754.380s][info ][gc,metaspace   ] GC(118) Metaspace: 74602K->74602K(1118208K)
[754.380s][info ][gc             ] GC(118) Pause Young (Allocation Failure) 2323M->319M(2373M) 6.945ms
[754.380s][info ][gc,cpu         ] GC(118) User=0.02s Sys=0.00s Real=0.01s
[754.380s][info ][safepoint      ] Leaving safepoint region
[754.380s][info ][safepoint      ] Total time for which application threads were stopped: 0.0071121 seconds, Stopping threads took: 0.0000175 seconds
[756.381s][info ][safepoint      ] Application time: 2.0001576 seconds
[756.381s][info ][safepoint      ] Entering safepoint region: Cleanup
[756.381s][info ][safepoint      ] Leaving safepoint region
[756.381s][info ][safepoint      ] Total time for which application threads were stopped: 0.0001029 seconds, Stopping threads took: 0.0000320 seconds
[762.381s][info ][safepoint      ] Application time: 6.0004368 seconds
[762.381s][info ][safepoint      ] Entering safepoint region: Cleanup
[762.381s][info ][safepoint      ] Leaving safepoint region
[762.381s][info ][safepoint      ] Total time for which application threads were stopped: 0.0001145 seconds, Stopping threads took: 0.0000378 seconds
[764.382s][info ][safepoint      ] Application time: 2.0001573 seconds
[764.382s][info ][safepoint      ] Entering safepoint region: Cleanup
[764.382s][info ][safepoint      ] Leaving safepoint region
[764.382s][info ][safepoint      ] Total time for which application threads were stopped: 0.0001468 seconds, Stopping threads took: 0.0000545 seconds
[765.382s][info ][safepoint      ] Application time: 1.0000915 seconds
[765.382s][info ][safepoint      ] Entering safepoint region: Cleanup
[765.382s][info ][safepoint      ] Leaving safepoint region
[765.382s][info ][safepoint      ] Total time for which application threads were stopped: 0.0000992 seconds, Stopping threads took: 0.0000337 seconds
[766.031s][info ][safepoint      ] Application time: 0.6488428 seconds
[766.031s][info ][safepoint      ] Entering safepoint region: ParallelGCFailedAllocation
[766.031s][info ][gc,start       ] GC(119) Pause Young (Allocation Failure)
[766.036s][debug][gc,phases      ] GC(119) Scavenge 5.458ms
[766.037s][debug][gc,ref         ] GC(119) Skipped phase1 of Reference Processing due to unavailable references
[766.037s][debug][gc,ref         ] GC(119) Skipped phase3 of Reference Processing due to unavailable references
[766.037s][debug][gc,ref         ] GC(119) Skipped phase4 of Reference Processing due to unavailable references
[766.037s][debug][gc,phases      ] GC(119) Reference Processing 0.038ms
[766.037s][debug][gc,phases      ] GC(119) Weak Processing 0.168ms
[766.037s][debug][gc,phases      ] GC(119) Scrub String Table 0.500ms
[766.037s][debug][gc,age         ] GC(119) Desired survivor size 22020096 bytes, new threshold 15 (max threshold 15)
[766.037s][info ][gc,heap        ] GC(119) PSYoungGen: 2063824K->9936K(2075648K)
[766.037s][info ][gc,heap        ] GC(119) ParOldGen: 315865K->317257K(355840K)
[766.037s][info ][gc,metaspace   ] GC(119) Metaspace: 74604K->74604K(1118208K)
[766.037s][info ][gc             ] GC(119) Pause Young (Allocation Failure) 2323M->319M(2374M) 6.325ms
[766.037s][info ][gc,cpu         ] GC(119) User=0.02s Sys=0.00s Real=0.00s
[766.037s][info ][safepoint      ] Leaving safepoint region
[766.037s][info ][safepoint      ] Total time for which application threads were stopped: 0.0065131 seconds, Stopping threads took: 0.0000450 seconds
[777.836s][info ][safepoint      ] Application time: 11.7990999 seconds
[777.837s][info ][safepoint      ] Entering safepoint region: ParallelGCFailedAllocation
[777.837s][info ][gc,start       ] GC(120) Pause Young (Allocation Failure)
[777.842s][debug][gc,phases      ] GC(120) Scavenge 5.570ms
[777.842s][debug][gc,ref         ] GC(120) Skipped phase1 of Reference Processing due to unavailable references
[777.842s][debug][gc,ref         ] GC(120) Skipped phase3 of Reference Processing due to unavailable references
[777.842s][debug][gc,ref         ] GC(120) Skipped phase4 of Reference Processing due to unavailable references
[777.842s][debug][gc,phases      ] GC(120) Reference Processing 0.048ms
[777.842s][debug][gc,phases      ] GC(120) Weak Processing 0.150ms
[777.843s][debug][gc,phases      ] GC(120) Scrub String Table 0.480ms
[777.843s][debug][gc,age         ] GC(120) Desired survivor size 22020096 bytes, new threshold 15 (max threshold 15)
[777.843s][info ][gc,heap        ] GC(120) PSYoungGen: 2064080K->6896K(2075648K)
[777.843s][info ][gc,heap        ] GC(120) ParOldGen: 317257K->320506K(355840K)
[777.843s][info ][gc,metaspace   ] GC(120) Metaspace: 74607K->74607K(1118208K)
[777.843s][info ][gc             ] GC(120) Pause Young (Allocation Failure) 2325M->319M(2374M) 6.392ms
[777.843s][info ][gc,cpu         ] GC(120) User=0.02s Sys=0.00s Real=0.01s
[777.843s][info ][safepoint      ] Leaving safepoint region
[777.843s][info ][safepoint      ] Total time for which application threads were stopped: 0.0065310 seconds, Stopping threads took: 0.0000143 seconds
[780.843s][info ][safepoint      ] Application time: 3.0002104 seconds
[780.843s][info ][safepoint      ] Entering safepoint region: Cleanup
[780.843s][info ][safepoint      ] Leaving safepoint region
[780.843s][info ][safepoint      ] Total time for which application threads were stopped: 0.0000786 seconds, Stopping threads took: 0.0000203 seconds
[786.844s][info ][safepoint      ] Application time: 6.0004174 seconds
[786.844s][info ][safepoint      ] Entering safepoint region: Cleanup
[786.844s][info ][safepoint      ] Leaving safepoint region
[786.844s][info ][safepoint      ] Total time for which application threads were stopped: 0.0000717 seconds, Stopping threads took: 0.0000160 seconds
[789.537s][info ][safepoint      ] Application time: 2.6930822 seconds
[789.537s][info ][safepoint      ] Entering safepoint region: ParallelGCFailedAllocation
[789.537s][info ][gc,start       ] GC(121) Pause Young (Allocation Failure)
[789.542s][debug][gc,phases      ] GC(121) Scavenge 4.876ms
[789.542s][debug][gc,ref         ] GC(121) Skipped phase1 of Reference Processing due to unavailable references
[789.542s][debug][gc,ref         ] GC(121) Skipped phase3 of Reference Processing due to unavailable references
[789.542s][debug][gc,ref         ] GC(121) Skipped phase4 of Reference Processing due to unavailable references
[789.542s][debug][gc,phases      ] GC(121) Reference Processing 0.037ms
[789.542s][debug][gc,phases      ] GC(121) Weak Processing 0.133ms
[789.543s][debug][gc,phases      ] GC(121) Scrub String Table 0.466ms
[789.543s][debug][gc,age         ] GC(121) Desired survivor size 22544384 bytes, new threshold 15 (max threshold 15)
[789.543s][info ][gc,heap        ] GC(121) PSYoungGen: 2061040K->5168K(2074624K)
[789.543s][info ][gc,heap        ] GC(121) ParOldGen: 320506K->322526K(355840K)
[789.543s][info ][gc,metaspace   ] GC(121) Metaspace: 74609K->74609K(1118208K)
[789.543s][info ][gc             ] GC(121) Pause Young (Allocation Failure) 2325M->320M(2373M) 5.643ms
[789.543s][info ][gc,cpu         ] GC(121) User=0.02s Sys=0.00s Real=0.01s
[789.543s][info ][safepoint      ] Leaving safepoint region
[789.543s][info ][safepoint      ] Total time for which application threads were stopped: 0.0057792 seconds, Stopping threads took: 0.0000116 seconds
[797.543s][info ][safepoint      ] Application time: 8.0005702 seconds
[797.543s][info ][safepoint      ] Entering safepoint region: Cleanup
[797.544s][info ][safepoint      ] Leaving safepoint region
[797.544s][info ][safepoint      ] Total time for which application threads were stopped: 0.0000825 seconds, Stopping threads took: 0.0000278 seconds
[798.544s][info ][safepoint      ] Application time: 1.0000697 seconds
[798.544s][info ][safepoint      ] Entering safepoint region: Cleanup
[798.544s][info ][safepoint      ] Leaving safepoint region
[798.544s][info ][safepoint      ] Total time for which application threads were stopped: 0.0000670 seconds, Stopping threads took: 0.0000124 seconds
[801.172s][info ][safepoint      ] Application time: 2.6284613 seconds
[801.172s][info ][safepoint      ] Entering safepoint region: ParallelGCFailedAllocation
[801.172s][info ][gc,start       ] GC(122) Pause Young (Allocation Failure)
[801.176s][debug][gc,phases      ] GC(122) Scavenge 4.153ms
[801.177s][debug][gc,ref         ] GC(122) Skipped phase1 of Reference Processing due to unavailable references
[801.177s][debug][gc,ref         ] GC(122) Skipped phase2 of Reference Processing due to unavailable references
[801.177s][debug][gc,ref         ] GC(122) Skipped phase3 of Reference Processing due to unavailable references
[801.177s][debug][gc,ref         ] GC(122) Skipped phase4 of Reference Processing due to unavailable references
[801.177s][debug][gc,phases      ] GC(122) Reference Processing 0.052ms
[801.177s][debug][gc,phases      ] GC(122) Weak Processing 0.141ms
[801.177s][debug][gc,phases      ] GC(122) Scrub String Table 0.465ms
[801.177s][debug][gc,age         ] GC(122) Desired survivor size 23068672 bytes, new threshold 15 (max threshold 15)
[801.177s][info ][gc,heap        ] GC(122) PSYoungGen: 2058288K->2976K(2056192K)
[801.177s][info ][gc,heap        ] GC(122) ParOldGen: 322526K->324795K(355840K)
[801.177s][info ][gc,metaspace   ] GC(122) Metaspace: 74611K->74611K(1118208K)
[801.177s][info ][gc             ] GC(122) Pause Young (Allocation Failure) 2325M->320M(2355M) 4.920ms
[801.177s][info ][gc,cpu         ] GC(122) User=0.00s Sys=0.01s Real=0.00s
[801.177s][info ][safepoint      ] Leaving safepoint region
[801.177s][info ][safepoint      ] Total time for which application threads were stopped: 0.0050583 seconds, Stopping threads took: 0.0000122 seconds
[803.177s][info ][safepoint      ] Application time: 2.0001526 seconds
[803.177s][info ][safepoint      ] Entering safepoint region: Cleanup
[803.178s][info ][safepoint      ] Leaving safepoint region
[803.178s][info ][safepoint      ] Total time for which application threads were stopped: 0.0000911 seconds, Stopping threads took: 0.0000293 seconds
[804.178s][info ][safepoint      ] Application time: 1.0000750 seconds
[804.178s][info ][safepoint      ] Entering safepoint region: Cleanup
[804.178s][info ][safepoint      ] Leaving safepoint region
[804.178s][info ][safepoint      ] Total time for which application threads were stopped: 0.0001446 seconds, Stopping threads took: 0.0000473 seconds
[805.178s][info ][safepoint      ] Application time: 1.0000780 seconds
[805.178s][info ][safepoint      ] Entering safepoint region: Cleanup
[805.178s][info ][safepoint      ] Leaving safepoint region
[805.178s][info ][safepoint      ] Total time for which application threads were stopped: 0.0001194 seconds, Stopping threads took: 0.0000540 seconds
[807.178s][info ][safepoint      ] Application time: 2.0001063 seconds
[807.178s][info ][safepoint      ] Entering safepoint region: Cleanup
[807.178s][info ][safepoint      ] Leaving safepoint region
[807.178s][info ][safepoint      ] Total time for which application threads were stopped: 0.0001070 seconds, Stopping threads took: 0.0000406 seconds
[808.178s][info ][safepoint      ] Application time: 1.0000736 seconds
[808.178s][info ][safepoint      ] Entering safepoint region: Cleanup
[808.178s][info ][safepoint      ] Leaving safepoint region
[808.178s][info ][safepoint      ] Total time for which application threads were stopped: 0.0000930 seconds, Stopping threads took: 0.0000332 seconds
[809.179s][info ][safepoint      ] Application time: 1.0000764 seconds
[809.179s][info ][safepoint      ] Entering safepoint region: Cleanup
[809.179s][info ][safepoint      ] Leaving safepoint region
[809.179s][info ][safepoint      ] Total time for which application threads were stopped: 0.0001074 seconds, Stopping threads took: 0.0000398 seconds
[810.179s][info ][safepoint      ] Application time: 1.0000898 seconds
[810.179s][info ][safepoint      ] Entering safepoint region: Cleanup
[810.179s][info ][safepoint      ] Leaving safepoint region
[810.179s][info ][safepoint      ] Total time for which application threads were stopped: 0.0001028 seconds, Stopping threads took: 0.0000326 seconds
[811.179s][info ][safepoint      ] Application time: 1.0000789 seconds
[811.179s][info ][safepoint      ] Entering safepoint region: Cleanup
[811.179s][info ][safepoint      ] Leaving safepoint region
[811.179s][info ][safepoint      ] Total time for which application threads were stopped: 0.0001289 seconds, Stopping threads took: 0.0000330 seconds
[812.179s][info ][safepoint      ] Application time: 1.0000419 seconds
[812.179s][info ][safepoint      ] Entering safepoint region: Cleanup
[812.179s][info ][safepoint      ] Leaving safepoint region
[812.179s][info ][safepoint      ] Total time for which application threads were stopped: 0.0001508 seconds, Stopping threads took: 0.0000547 seconds
[812.322s][info ][safepoint      ] Application time: 0.1424647 seconds
[812.322s][info ][safepoint      ] Entering safepoint region: ParallelGCFailedAllocation
[812.322s][info ][gc,start       ] GC(123) Pause Young (Allocation Failure)
[812.326s][debug][gc,phases      ] GC(123) Scavenge 4.099ms
[812.326s][debug][gc,ref         ] GC(123) Skipped phase1 of Reference Processing due to unavailable references
[812.326s][debug][gc,ref         ] GC(123) Skipped phase3 of Reference Processing due to unavailable references
[812.326s][debug][gc,phases      ] GC(123) Reference Processing 0.029ms
[812.326s][debug][gc,phases      ] GC(123) Weak Processing 0.138ms
[812.327s][debug][gc,phases      ] GC(123) Scrub String Table 0.455ms
[812.327s][debug][gc,age         ] GC(123) Desired survivor size 23068672 bytes, new threshold 15 (max threshold 15)
[812.327s][info ][gc,heap        ] GC(123) PSYoungGen: 2056096K->5360K(2074624K)
[812.327s][info ][gc,heap        ] GC(123) ParOldGen: 324795K->324887K(355840K)
[812.327s][info ][gc,metaspace   ] GC(123) Metaspace: 74670K->74670K(1118208K)
[812.327s][info ][gc             ] GC(123) Pause Young (Allocation Failure) 2325M->322M(2373M) 4.847ms
[812.327s][info ][gc,cpu         ] GC(123) User=0.01s Sys=0.00s Real=0.00s
[812.327s][info ][safepoint      ] Leaving safepoint region
[812.327s][info ][safepoint      ] Total time for which application threads were stopped: 0.0050599 seconds, Stopping threads took: 0.0000544 seconds
[813.327s][info ][safepoint      ] Application time: 1.0000840 seconds
[813.327s][info ][safepoint      ] Entering safepoint region: Cleanup
[813.327s][info ][safepoint      ] Leaving safepoint region
[813.327s][info ][safepoint      ] Total time for which application threads were stopped: 0.0001161 seconds, Stopping threads took: 0.0000361 seconds
[814.327s][info ][safepoint      ] Application time: 1.0000766 seconds
[814.327s][info ][safepoint      ] Entering safepoint region: Cleanup
[814.327s][info ][safepoint      ] Leaving safepoint region
[814.327s][info ][safepoint      ] Total time for which application threads were stopped: 0.0001237 seconds, Stopping threads took: 0.0000525 seconds
[815.328s][info ][safepoint      ] Application time: 1.0000853 seconds
[815.328s][info ][safepoint      ] Entering safepoint region: Cleanup
[815.328s][info ][safepoint      ] Leaving safepoint region
[815.328s][info ][safepoint      ] Total time for which application threads were stopped: 0.0001109 seconds, Stopping threads took: 0.0000345 seconds
[816.328s][info ][safepoint      ] Application time: 1.0000760 seconds
[816.328s][info ][safepoint      ] Entering safepoint region: Cleanup
[816.328s][info ][safepoint      ] Leaving safepoint region
[816.328s][info ][safepoint      ] Total time for which application threads were stopped: 0.0001134 seconds, Stopping threads took: 0.0000416 seconds
[818.328s][info ][safepoint      ] Application time: 2.0001470 seconds
[818.328s][info ][safepoint      ] Entering safepoint region: Cleanup
[818.328s][info ][safepoint      ] Leaving safepoint region
[818.328s][info ][safepoint      ] Total time for which application threads were stopped: 0.0000876 seconds, Stopping threads took: 0.0000267 seconds
[820.328s][info ][safepoint      ] Application time: 2.0001572 seconds
[820.328s][info ][safepoint      ] Entering safepoint region: Cleanup
[820.329s][info ][safepoint      ] Leaving safepoint region
[820.329s][info ][safepoint      ] Total time for which application threads were stopped: 0.0001172 seconds, Stopping threads took: 0.0000354 seconds
[821.329s][info ][safepoint      ] Application time: 1.0000838 seconds
[821.329s][info ][safepoint      ] Entering safepoint region: Cleanup
[821.329s][info ][safepoint      ] Leaving safepoint region
[821.329s][info ][safepoint      ] Total time for which application threads were stopped: 0.0001412 seconds, Stopping threads took: 0.0000660 seconds
[822.329s][info ][safepoint      ] Application time: 1.0000886 seconds
[822.329s][info ][safepoint      ] Entering safepoint region: Cleanup
[822.329s][info ][safepoint      ] Leaving safepoint region
[822.329s][info ][safepoint      ] Total time for which application threads were stopped: 0.0001720 seconds, Stopping threads took: 0.0000821 seconds
[823.329s][info ][safepoint      ] Application time: 1.0000915 seconds
[823.329s][info ][safepoint      ] Entering safepoint region: Cleanup
[823.329s][info ][safepoint      ] Leaving safepoint region
[823.329s][info ][safepoint      ] Total time for which application threads were stopped: 0.0001042 seconds, Stopping threads took: 0.0000306 seconds
[823.642s][info ][safepoint      ] Application time: 0.3129422 seconds
[823.642s][info ][safepoint      ] Entering safepoint region: ParallelGCFailedAllocation
[823.642s][info ][gc,start       ] GC(124) Pause Young (Allocation Failure)
[823.647s][debug][gc,phases      ] GC(124) Scavenge 4.503ms
[823.647s][debug][gc,ref         ] GC(124) Skipped phase1 of Reference Processing due to unavailable references
[823.647s][debug][gc,ref         ] GC(124) Skipped phase3 of Reference Processing due to unavailable references
[823.647s][debug][gc,phases      ] GC(124) Reference Processing 0.032ms
[823.647s][debug][gc,phases      ] GC(124) Weak Processing 0.274ms
[823.648s][debug][gc,phases      ] GC(124) Scrub String Table 0.605ms
[823.648s][debug][gc,age         ] GC(124) Desired survivor size 22544384 bytes, new threshold 15 (max threshold 15)
[823.648s][info ][gc,heap        ] GC(124) PSYoungGen: 2057456K->5312K(2074624K)
[823.648s][info ][gc,heap        ] GC(124) ParOldGen: 324887K->324975K(355840K)
[823.648s][info ][gc,metaspace   ] GC(124) Metaspace: 74680K->74680K(1118208K)
[823.648s][info ][gc             ] GC(124) Pause Young (Allocation Failure) 2326M->322M(2373M) 5.594ms
[823.648s][info ][gc,cpu         ] GC(124) User=0.01s Sys=0.00s Real=0.01s
[823.648s][info ][safepoint      ] Leaving safepoint region
[823.648s][info ][safepoint      ] Total time for which application threads were stopped: 0.0057944 seconds, Stopping threads took: 0.0000183 seconds
[824.648s][info ][safepoint      ] Application time: 1.0000926 seconds
[824.648s][info ][safepoint      ] Entering safepoint region: Cleanup
[824.648s][info ][safepoint      ] Leaving safepoint region
[824.648s][info ][safepoint      ] Total time for which application threads were stopped: 0.0000735 seconds, Stopping threads took: 0.0000128 seconds
[825.648s][info ][safepoint      ] Application time: 1.0000925 seconds
[825.648s][info ][safepoint      ] Entering safepoint region: Cleanup
[825.649s][info ][safepoint      ] Leaving safepoint region
[825.649s][info ][safepoint      ] Total time for which application threads were stopped: 0.0000720 seconds, Stopping threads took: 0.0000123 seconds
[826.649s][info ][safepoint      ] Application time: 1.0000732 seconds
[826.649s][info ][safepoint      ] Entering safepoint region: Cleanup
[826.649s][info ][safepoint      ] Leaving safepoint region
[826.649s][info ][safepoint      ] Total time for which application threads were stopped: 0.0000802 seconds, Stopping threads took: 0.0000124 seconds
[827.649s][info ][safepoint      ] Application time: 1.0000824 seconds
[827.649s][info ][safepoint      ] Entering safepoint region: Cleanup
[827.649s][info ][safepoint      ] Leaving safepoint region
[827.649s][info ][safepoint      ] Total time for which application threads were stopped: 0.0000649 seconds, Stopping threads took: 0.0000115 seconds
[833.649s][info ][safepoint      ] Application time: 6.0004364 seconds
[833.649s][info ][safepoint      ] Entering safepoint region: Cleanup
[833.649s][info ][safepoint      ] Leaving safepoint region
[833.649s][info ][safepoint      ] Total time for which application threads were stopped: 0.0000872 seconds, Stopping threads took: 0.0000127 seconds
[834.650s][info ][safepoint      ] Application time: 1.0000796 seconds
[834.650s][info ][safepoint      ] Entering safepoint region: Cleanup
[834.650s][info ][safepoint      ] Leaving safepoint region
[834.650s][info ][safepoint      ] Total time for which application threads were stopped: 0.0000668 seconds, Stopping threads took: 0.0000127 seconds
[835.085s][info ][safepoint      ] Application time: 0.4357367 seconds
[835.085s][info ][safepoint      ] Entering safepoint region: ParallelGCFailedAllocation
[835.086s][info ][gc,start       ] GC(125) Pause Young (Allocation Failure)
[835.090s][debug][gc,phases      ] GC(125) Scavenge 3.927ms
[835.090s][debug][gc,ref         ] GC(125) Skipped phase1 of Reference Processing due to unavailable references
[835.090s][debug][gc,ref         ] GC(125) Skipped phase3 of Reference Processing due to unavailable references
[835.090s][debug][gc,phases      ] GC(125) Reference Processing 0.030ms
[835.090s][debug][gc,phases      ] GC(125) Weak Processing 0.134ms
[835.090s][debug][gc,phases      ] GC(125) Scrub String Table 0.474ms
[835.090s][debug][gc,age         ] GC(125) Desired survivor size 22020096 bytes, new threshold 15 (max threshold 15)
[835.090s][info ][gc,heap        ] GC(125) PSYoungGen: 2057408K->5296K(2075648K)
[835.090s][info ][gc,heap        ] GC(125) ParOldGen: 324975K->325047K(355840K)
[835.090s][info ][gc,metaspace   ] GC(125) Metaspace: 74698K->74698K(1118208K)
[835.090s][info ][gc             ] GC(125) Pause Young (Allocation Failure) 2326M->322M(2374M) 4.693ms
[835.090s][info ][gc,cpu         ] GC(125) User=0.02s Sys=0.00s Real=0.01s
[835.090s][info ][safepoint      ] Leaving safepoint region
[835.090s][info ][safepoint      ] Total time for which application threads were stopped: 0.0048710 seconds, Stopping threads took: 0.0000121 seconds
[839.091s][info ][safepoint      ] Application time: 4.0002261 seconds
[839.091s][info ][safepoint      ] Entering safepoint region: Cleanup
[839.091s][info ][safepoint      ] Leaving safepoint region
[839.091s][info ][safepoint      ] Total time for which application threads were stopped: 0.0000677 seconds, Stopping threads took: 0.0000140 seconds
[840.091s][info ][safepoint      ] Application time: 1.0000813 seconds
[840.091s][info ][safepoint      ] Entering safepoint region: Cleanup
[840.091s][info ][safepoint      ] Leaving safepoint region
[840.091s][info ][safepoint      ] Total time for which application threads were stopped: 0.0000634 seconds, Stopping threads took: 0.0000113 seconds
[843.091s][info ][safepoint      ] Application time: 3.0002420 seconds
[843.091s][info ][safepoint      ] Entering safepoint region: Cleanup
[843.091s][info ][safepoint      ] Leaving safepoint region
[843.091s][info ][safepoint      ] Total time for which application threads were stopped: 0.0001218 seconds, Stopping threads took: 0.0000349 seconds
[845.091s][info ][safepoint      ] Application time: 2.0001578 seconds
[845.091s][info ][safepoint      ] Entering safepoint region: Cleanup
[845.092s][info ][safepoint      ] Leaving safepoint region
[845.092s][info ][safepoint      ] Total time for which application threads were stopped: 0.0000998 seconds, Stopping threads took: 0.0000191 seconds
[846.635s][info ][safepoint      ] Application time: 1.5432279 seconds
[846.635s][info ][safepoint      ] Entering safepoint region: ParallelGCFailedAllocation
[846.635s][info ][gc,start       ] GC(126) Pause Young (Allocation Failure)
[846.639s][debug][gc,phases      ] GC(126) Scavenge 3.718ms
[846.639s][debug][gc,ref         ] GC(126) Skipped phase1 of Reference Processing due to unavailable references
[846.639s][debug][gc,ref         ] GC(126) Skipped phase3 of Reference Processing due to unavailable references
[846.639s][debug][gc,phases      ] GC(126) Reference Processing 0.027ms
[846.639s][debug][gc,phases      ] GC(126) Weak Processing 0.136ms
[846.639s][debug][gc,phases      ] GC(126) Scrub String Table 0.432ms
[846.639s][debug][gc,age         ] GC(126) Desired survivor size 21495808 bytes, new threshold 15 (max threshold 15)
[846.639s][info ][gc,heap        ] GC(126) PSYoungGen: 2058928K->5264K(2075136K)
[846.639s][info ][gc,heap        ] GC(126) ParOldGen: 325047K->325079K(355840K)
[846.639s][info ][gc,metaspace   ] GC(126) Metaspace: 74741K->74741K(1118208K)
[846.639s][info ][gc             ] GC(126) Pause Young (Allocation Failure) 2328M->322M(2374M) 4.431ms
[846.639s][info ][gc,cpu         ] GC(126) User=0.01s Sys=0.00s Real=0.00s
[846.639s][info ][safepoint      ] Leaving safepoint region
[846.639s][info ][safepoint      ] Total time for which application threads were stopped: 0.0045839 seconds, Stopping threads took: 0.0000121 seconds
[850.640s][info ][safepoint      ] Application time: 4.0002933 seconds
[850.640s][info ][safepoint      ] Entering safepoint region: Cleanup
[850.640s][info ][safepoint      ] Leaving safepoint region
[850.640s][info ][safepoint      ] Total time for which application threads were stopped: 0.0000852 seconds, Stopping threads took: 0.0000347 seconds
[856.640s][info ][safepoint      ] Application time: 6.0004263 seconds
[856.640s][info ][safepoint      ] Entering safepoint region: Cleanup
[856.640s][info ][safepoint      ] Leaving safepoint region
[856.640s][info ][safepoint      ] Total time for which application threads were stopped: 0.0001170 seconds, Stopping threads took: 0.0000489 seconds
[857.640s][info ][safepoint      ] Application time: 1.0000505 seconds
[857.641s][info ][safepoint      ] Entering safepoint region: Cleanup
[857.641s][info ][safepoint      ] Leaving safepoint region
[857.641s][info ][safepoint      ] Total time for which application threads were stopped: 0.0001036 seconds, Stopping threads took: 0.0000455 seconds
[858.302s][info ][safepoint      ] Application time: 0.6613502 seconds
[858.302s][info ][safepoint      ] Entering safepoint region: ParallelGCFailedAllocation
[858.302s][info ][gc,start       ] GC(127) Pause Young (Allocation Failure)
[858.306s][debug][gc,phases      ] GC(127) Scavenge 4.222ms
[858.306s][debug][gc,ref         ] GC(127) Skipped phase1 of Reference Processing due to unavailable references
[858.306s][debug][gc,ref         ] GC(127) Skipped phase3 of Reference Processing due to unavailable references
[858.307s][debug][gc,phases      ] GC(127) Reference Processing 0.030ms
[858.307s][debug][gc,phases      ] GC(127) Weak Processing 0.282ms
[858.307s][debug][gc,phases      ] GC(127) Scrub String Table 0.431ms
[858.307s][debug][gc,age         ] GC(127) Desired survivor size 20971520 bytes, new threshold 15 (max threshold 15)
[858.307s][info ][gc,heap        ] GC(127) PSYoungGen: 2058896K->5392K(2076672K)
[858.307s][info ][gc,heap        ] GC(127) ParOldGen: 325079K->325111K(355840K)
[858.307s][info ][gc,metaspace   ] GC(127) Metaspace: 74765K->74765K(1118208K)
[858.307s][info ][gc             ] GC(127) Pause Young (Allocation Failure) 2328M->322M(2375M) 5.104ms
[858.307s][info ][gc,cpu         ] GC(127) User=0.02s Sys=0.00s Real=0.00s
[858.307s][info ][safepoint      ] Leaving safepoint region
[858.307s][info ][safepoint      ] Total time for which application threads were stopped: 0.0053665 seconds, Stopping threads took: 0.0000178 seconds
[859.307s][info ][safepoint      ] Application time: 1.0000990 seconds
[859.307s][info ][safepoint      ] Entering safepoint region: Cleanup
[859.308s][info ][safepoint      ] Leaving safepoint region
[859.308s][info ][safepoint      ] Total time for which application threads were stopped: 0.0001324 seconds, Stopping threads took: 0.0000383 seconds
[861.308s][info ][safepoint      ] Application time: 2.0001593 seconds
[861.308s][info ][safepoint      ] Entering safepoint region: Cleanup
[861.308s][info ][safepoint      ] Leaving safepoint region
[861.308s][info ][safepoint      ] Total time for which application threads were stopped: 0.0000722 seconds, Stopping threads took: 0.0000124 seconds
[868.319s][info ][safepoint      ] Application time: 7.0112229 seconds
[868.320s][info ][safepoint      ] Entering safepoint region: Cleanup
[868.320s][info ][safepoint      ] Leaving safepoint region
[868.320s][info ][safepoint      ] Total time for which application threads were stopped: 0.0007594 seconds, Stopping threads took: 0.0006358 seconds
[869.117s][info ][safepoint      ] Application time: 0.7967768 seconds
[869.117s][info ][safepoint      ] Entering safepoint region: RevokeBias
[869.117s][info ][safepoint      ] Leaving safepoint region
[869.117s][info ][safepoint      ] Total time for which application threads were stopped: 0.0001098 seconds, Stopping threads took: 0.0000217 seconds
[869.797s][info ][safepoint      ] Application time: 0.6804081 seconds
[869.797s][info ][safepoint      ] Entering safepoint region: ParallelGCFailedAllocation
[869.797s][info ][gc,start       ] GC(128) Pause Young (Allocation Failure)
[869.803s][debug][gc,phases      ] GC(128) Scavenge 5.133ms
[869.803s][debug][gc,ref         ] GC(128) Skipped phase1 of Reference Processing due to unavailable references
[869.803s][debug][gc,ref         ] GC(128) Skipped phase3 of Reference Processing due to unavailable references
[869.803s][debug][gc,phases      ] GC(128) Reference Processing 0.039ms
[869.803s][debug][gc,phases      ] GC(128) Weak Processing 0.187ms
[869.804s][debug][gc,phases      ] GC(128) Scrub String Table 0.711ms
[869.804s][debug][gc,age         ] GC(128) Desired survivor size 20447232 bytes, new threshold 15 (max threshold 15)
[869.804s][info ][gc,heap        ] GC(128) PSYoungGen: 2061072K->5248K(2076160K)
[869.804s][info ][gc,heap        ] GC(128) ParOldGen: 325111K->325143K(355840K)
[869.804s][info ][gc,metaspace   ] GC(128) Metaspace: 74777K->74777K(1118208K)
[869.804s][info ][gc             ] GC(128) Pause Young (Allocation Failure) 2330M->322M(2375M) 6.216ms
[869.804s][info ][gc,cpu         ] GC(128) User=0.02s Sys=0.00s Real=0.01s
[869.804s][info ][safepoint      ] Leaving safepoint region
[869.804s][info ][safepoint      ] Total time for which application threads were stopped: 0.0064046 seconds, Stopping threads took: 0.0000171 seconds
[871.804s][info ][safepoint      ] Application time: 2.0001714 seconds
[871.804s][info ][safepoint      ] Entering safepoint region: Cleanup
[871.804s][info ][safepoint      ] Leaving safepoint region
[871.804s][info ][safepoint      ] Total time for which application threads were stopped: 0.0001153 seconds, Stopping threads took: 0.0000386 seconds
[872.804s][info ][safepoint      ] Application time: 1.0000921 seconds
[872.804s][info ][safepoint      ] Entering safepoint region: Cleanup
[872.804s][info ][safepoint      ] Leaving safepoint region
[872.804s][info ][safepoint      ] Total time for which application threads were stopped: 0.0000948 seconds, Stopping threads took: 0.0000181 seconds
[878.805s][info ][safepoint      ] Application time: 6.0004083 seconds
[878.805s][info ][safepoint      ] Entering safepoint region: Cleanup
[878.805s][info ][safepoint      ] Leaving safepoint region
[878.805s][info ][safepoint      ] Total time for which application threads were stopped: 0.0001159 seconds, Stopping threads took: 0.0000378 seconds
[881.524s][info ][safepoint      ] Application time: 2.7195438 seconds
[881.524s][info ][safepoint      ] Entering safepoint region: ParallelGCFailedAllocation
[881.525s][info ][gc,start       ] GC(129) Pause Young (Allocation Failure)
[881.540s][debug][gc,phases      ] GC(129) Scavenge 15.755ms
[881.540s][debug][gc,ref         ] GC(129) Skipped phase1 of Reference Processing due to unavailable references
[881.540s][debug][gc,ref         ] GC(129) Skipped phase3 of Reference Processing due to unavailable references
[881.540s][debug][gc,phases      ] GC(129) Reference Processing 0.036ms
[881.541s][debug][gc,phases      ] GC(129) Weak Processing 0.164ms
[881.541s][debug][gc,phases      ] GC(129) Scrub String Table 0.544ms
[881.541s][debug][gc,age         ] GC(129) Desired survivor size 19922944 bytes, new threshold 15 (max threshold 15)
[881.541s][info ][gc,heap        ] GC(129) PSYoungGen: 2060928K->5024K(2077696K)
[881.541s][info ][gc,heap        ] GC(129) ParOldGen: 325143K->325367K(355840K)
[881.541s][info ][gc,metaspace   ] GC(129) Metaspace: 74782K->74782K(1118208K)
[881.541s][info ][gc             ] GC(129) Pause Young (Allocation Failure) 2330M->322M(2376M) 16.674ms
[881.541s][info ][gc,cpu         ] GC(129) User=0.02s Sys=0.00s Real=0.02s
[881.541s][info ][safepoint      ] Leaving safepoint region
[881.541s][info ][safepoint      ] Total time for which application threads were stopped: 0.0168806 seconds, Stopping threads took: 0.0000332 seconds
[893.177s][info ][safepoint      ] Application time: 11.6359325 seconds
[893.177s][info ][safepoint      ] Entering safepoint region: ParallelGCFailedAllocation
[893.177s][info ][gc,start       ] GC(130) Pause Young (Allocation Failure)
[893.182s][debug][gc,phases      ] GC(130) Scavenge 4.324ms
[893.182s][debug][gc,ref         ] GC(130) Skipped phase1 of Reference Processing due to unavailable references
[893.182s][debug][gc,ref         ] GC(130) Skipped phase3 of Reference Processing due to unavailable references
[893.182s][debug][gc,phases      ] GC(130) Reference Processing 0.039ms
[893.182s][debug][gc,phases      ] GC(130) Weak Processing 0.163ms
[893.183s][debug][gc,phases      ] GC(130) Scrub String Table 0.577ms
[893.183s][debug][gc,age         ] GC(130) Desired survivor size 19398656 bytes, new threshold 15 (max threshold 15)
[893.183s][info ][gc,heap        ] GC(130) PSYoungGen: 2062752K->5056K(2077184K)
[893.183s][info ][gc,heap        ] GC(130) ParOldGen: 325367K->325431K(355840K)
[893.183s][info ][gc,metaspace   ] GC(130) Metaspace: 74792K->74792K(1118208K)
[893.183s][info ][gc             ] GC(130) Pause Young (Allocation Failure) 2332M->322M(2376M) 5.257ms
[893.183s][info ][gc,cpu         ] GC(130) User=0.02s Sys=0.00s Real=0.01s
[893.183s][info ][safepoint      ] Leaving safepoint region
[893.183s][info ][safepoint      ] Total time for which application threads were stopped: 0.0054305 seconds, Stopping threads took: 0.0000123 seconds
[896.183s][info ][safepoint      ] Application time: 3.0002482 seconds
[896.183s][info ][safepoint      ] Entering safepoint region: Cleanup
[896.183s][info ][safepoint      ] Leaving safepoint region
[896.183s][info ][safepoint      ] Total time for which application threads were stopped: 0.0000974 seconds, Stopping threads took: 0.0000334 seconds
[898.183s][info ][safepoint      ] Application time: 2.0001627 seconds
[898.183s][info ][safepoint      ] Entering safepoint region: Cleanup
[898.183s][info ][safepoint      ] Leaving safepoint region
[898.183s][info ][safepoint      ] Total time for which application threads were stopped: 0.0001264 seconds, Stopping threads took: 0.0000402 seconds
[903.184s][info ][safepoint      ] Application time: 5.0003847 seconds
[903.184s][info ][safepoint      ] Entering safepoint region: Cleanup
[903.184s][info ][safepoint      ] Leaving safepoint region
[903.184s][info ][safepoint      ] Total time for which application threads were stopped: 0.0001059 seconds, Stopping threads took: 0.0000353 seconds
[904.822s][info ][safepoint      ] Application time: 1.6377200 seconds
[904.822s][info ][safepoint      ] Entering safepoint region: ParallelGCFailedAllocation
[904.822s][info ][gc,start       ] GC(131) Pause Young (Allocation Failure)
[904.825s][debug][gc,phases      ] GC(131) Scavenge 3.542ms
[904.826s][debug][gc,ref         ] GC(131) Skipped phase1 of Reference Processing due to unavailable references
[904.826s][debug][gc,ref         ] GC(131) Skipped phase3 of Reference Processing due to unavailable references
[904.826s][debug][gc,phases      ] GC(131) Reference Processing 0.039ms
[904.826s][debug][gc,phases      ] GC(131) Weak Processing 0.128ms
[904.826s][debug][gc,phases      ] GC(131) Scrub String Table 0.456ms
[904.826s][debug][gc,age         ] GC(131) Desired survivor size 18350080 bytes, new threshold 15 (max threshold 15)
[904.826s][info ][gc,heap        ] GC(131) PSYoungGen: 2062784K->5008K(2079232K)
[904.826s][info ][gc,heap        ] GC(131) ParOldGen: 325431K->325471K(355840K)
[904.826s][info ][gc,metaspace   ] GC(131) Metaspace: 74805K->74805K(1118208K)
[904.826s][info ][gc             ] GC(131) Pause Young (Allocation Failure) 2332M->322M(2378M) 4.294ms
[904.826s][info ][gc,cpu         ] GC(131) User=0.02s Sys=0.00s Real=0.00s
[904.826s][info ][safepoint      ] Leaving safepoint region
[904.826s][info ][safepoint      ] Total time for which application threads were stopped: 0.0045025 seconds, Stopping threads took: 0.0000356 seconds
[910.827s][info ][safepoint      ] Application time: 6.0004383 seconds
[910.827s][info ][safepoint      ] Entering safepoint region: Cleanup
[910.827s][info ][safepoint      ] Leaving safepoint region
[910.827s][info ][safepoint      ] Total time for which application threads were stopped: 0.0001216 seconds, Stopping threads took: 0.0000484 seconds
[916.366s][info ][safepoint      ] Application time: 5.5389122 seconds
[916.366s][info ][safepoint      ] Entering safepoint region: ParallelGCFailedAllocation
[916.366s][info ][gc,start       ] GC(132) Pause Young (Allocation Failure)
[916.374s][debug][gc,phases      ] GC(132) Scavenge 8.164ms
[916.374s][debug][gc,ref         ] GC(132) Skipped phase1 of Reference Processing due to unavailable references
[916.374s][debug][gc,ref         ] GC(132) Skipped phase3 of Reference Processing due to unavailable references
[916.374s][debug][gc,phases      ] GC(132) Reference Processing 0.040ms
[916.374s][debug][gc,phases      ] GC(132) Weak Processing 0.158ms
[916.375s][debug][gc,phases      ] GC(132) Scrub String Table 0.450ms
[916.375s][debug][gc,age         ] GC(132) Desired survivor size 20971520 bytes, new threshold 15 (max threshold 15)
[916.375s][info ][gc,heap        ] GC(132) PSYoungGen: 2065296K->17024K(2077696K)
[916.375s][info ][gc,heap        ] GC(132) ParOldGen: 325471K->325559K(355840K)
[916.375s][info ][gc,metaspace   ] GC(132) Metaspace: 74821K->74821K(1118208K)
[916.375s][info ][gc             ] GC(132) Pause Young (Allocation Failure) 2334M->334M(2376M) 8.955ms
[916.375s][info ][gc,cpu         ] GC(132) User=0.04s Sys=0.00s Real=0.01s
[916.375s][info ][safepoint      ] Leaving safepoint region
[916.375s][info ][safepoint      ] Total time for which application threads were stopped: 0.0091646 seconds, Stopping threads took: 0.0000380 seconds
[918.375s][info ][safepoint      ] Application time: 2.0001473 seconds
[918.375s][info ][safepoint      ] Entering safepoint region: Cleanup
[918.375s][info ][safepoint      ] Leaving safepoint region
[918.375s][info ][safepoint      ] Total time for which application threads were stopped: 0.0001305 seconds, Stopping threads took: 0.0000387 seconds
[928.231s][info ][safepoint      ] Application time: 9.8555042 seconds
[928.231s][info ][safepoint      ] Entering safepoint region: ParallelGCFailedAllocation
[928.231s][info ][gc,start       ] GC(133) Pause Young (Allocation Failure)
[928.235s][debug][gc,phases      ] GC(133) Scavenge 3.958ms
[928.235s][debug][gc,ref         ] GC(133) Skipped phase1 of Reference Processing due to unavailable references
[928.235s][debug][gc,ref         ] GC(133) Skipped phase3 of Reference Processing due to unavailable references
[928.235s][debug][gc,phases      ] GC(133) Reference Processing 0.029ms
[928.235s][debug][gc,phases      ] GC(133) Weak Processing 0.147ms
[928.236s][debug][gc,phases      ] GC(133) Scrub String Table 0.465ms
[928.236s][debug][gc,age         ] GC(133) Desired survivor size 20447232 bytes, new threshold 15 (max threshold 15)
[928.236s][info ][gc,heap        ] GC(133) PSYoungGen: 2077312K->5104K(2076672K)
[928.236s][info ][gc,heap        ] GC(133) ParOldGen: 325559K->325591K(355840K)
[928.236s][info ][gc,metaspace   ] GC(133) Metaspace: 74823K->74823K(1118208K)
[928.236s][info ][gc             ] GC(133) Pause Young (Allocation Failure) 2346M->322M(2375M) 4.730ms
[928.236s][info ][gc,cpu         ] GC(133) User=0.02s Sys=0.00s Real=0.00s
[928.236s][info ][safepoint      ] Leaving safepoint region
[928.236s][info ][safepoint      ] Total time for which application threads were stopped: 0.0049015 seconds, Stopping threads took: 0.0000137 seconds
[936.236s][info ][safepoint      ] Application time: 8.0005522 seconds
[936.236s][info ][safepoint      ] Entering safepoint region: Cleanup
[936.236s][info ][safepoint      ] Leaving safepoint region
[936.236s][info ][safepoint      ] Total time for which application threads were stopped: 0.0001166 seconds, Stopping threads took: 0.0000524 seconds
[940.237s][info ][safepoint      ] Application time: 4.0003135 seconds
[940.237s][info ][safepoint      ] Entering safepoint region: Cleanup
[940.237s][info ][safepoint      ] Leaving safepoint region
[940.237s][info ][safepoint      ] Total time for which application threads were stopped: 0.0001076 seconds, Stopping threads took: 0.0000380 seconds
[940.276s][info ][safepoint      ] Application time: 0.0394989 seconds
[940.276s][info ][safepoint      ] Entering safepoint region: ParallelGCFailedAllocation
[940.277s][info ][gc,start       ] GC(134) Pause Young (Allocation Failure)
[940.280s][debug][gc,phases      ] GC(134) Scavenge 3.792ms
[940.280s][debug][gc,ref         ] GC(134) Skipped phase1 of Reference Processing due to unavailable references
[940.280s][debug][gc,ref         ] GC(134) Skipped phase3 of Reference Processing due to unavailable references
[940.280s][debug][gc,phases      ] GC(134) Reference Processing 0.029ms
[940.281s][debug][gc,phases      ] GC(134) Weak Processing 0.138ms
[940.281s][debug][gc,phases      ] GC(134) Scrub String Table 0.464ms
[940.281s][debug][gc,age         ] GC(134) Desired survivor size 19922944 bytes, new threshold 15 (max threshold 15)
[940.281s][info ][gc,heap        ] GC(134) PSYoungGen: 2062320K->4912K(2077184K)
[940.281s][info ][gc,heap        ] GC(134) ParOldGen: 325591K->325659K(355840K)
[940.281s][info ][gc,metaspace   ] GC(134) Metaspace: 74823K->74823K(1118208K)
[940.281s][info ][gc             ] GC(134) Pause Young (Allocation Failure) 2331M->322M(2376M) 4.559ms
[940.281s][info ][gc,cpu         ] GC(134) User=0.02s Sys=0.00s Real=0.01s
[940.281s][info ][safepoint      ] Leaving safepoint region
[940.281s][info ][safepoint      ] Total time for which application threads were stopped: 0.0047164 seconds, Stopping threads took: 0.0000125 seconds
[941.281s][info ][safepoint      ] Application time: 1.0000930 seconds
[941.281s][info ][safepoint      ] Entering safepoint region: Cleanup
[941.281s][info ][safepoint      ] Leaving safepoint region
[941.281s][info ][safepoint      ] Total time for which application threads were stopped: 0.0001018 seconds, Stopping threads took: 0.0000356 seconds
[950.282s][info ][safepoint      ] Application time: 9.0007152 seconds
[950.282s][info ][safepoint      ] Entering safepoint region: Cleanup
[950.282s][info ][safepoint      ] Leaving safepoint region
[950.282s][info ][safepoint      ] Total time for which application threads were stopped: 0.0001332 seconds, Stopping threads took: 0.0000610 seconds
[951.282s][info ][safepoint      ] Application time: 1.0000852 seconds
[951.282s][info ][safepoint      ] Entering safepoint region: Cleanup
[951.283s][info ][safepoint      ] Leaving safepoint region
[951.283s][info ][safepoint      ] Total time for which application threads were stopped: 0.0001085 seconds, Stopping threads took: 0.0000368 seconds
[952.088s][info ][safepoint      ] Application time: 0.8050188 seconds
[952.088s][info ][safepoint      ] Entering safepoint region: ParallelGCFailedAllocation
[952.088s][info ][gc,start       ] GC(135) Pause Young (Allocation Failure)
[952.091s][debug][gc,phases      ] GC(135) Scavenge 3.527ms
[952.091s][debug][gc,ref         ] GC(135) Skipped phase1 of Reference Processing due to unavailable references
[952.091s][debug][gc,ref         ] GC(135) Skipped phase3 of Reference Processing due to unavailable references
[952.091s][debug][gc,phases      ] GC(135) Reference Processing 0.030ms
[952.092s][debug][gc,phases      ] GC(135) Weak Processing 0.136ms
[952.092s][debug][gc,phases      ] GC(135) Scrub String Table 0.470ms
[952.092s][debug][gc,age         ] GC(135) Desired survivor size 18874368 bytes, new threshold 15 (max threshold 15)
[952.092s][info ][gc,heap        ] GC(135) PSYoungGen: 2062128K->5168K(2078720K)
[952.092s][info ][gc,heap        ] GC(135) ParOldGen: 325659K->325691K(355840K)
[952.092s][info ][gc,metaspace   ] GC(135) Metaspace: 74833K->74833K(1118208K)
[952.092s][info ][gc             ] GC(135) Pause Young (Allocation Failure) 2331M->323M(2377M) 4.310ms
[952.092s][info ][gc,cpu         ] GC(135) User=0.02s Sys=0.00s Real=0.00s
[952.092s][info ][safepoint      ] Leaving safepoint region
[952.092s][info ][safepoint      ] Total time for which application threads were stopped: 0.0044872 seconds, Stopping threads took: 0.0000139 seconds
[963.722s][info ][safepoint      ] Application time: 11.6299954 seconds
[963.722s][info ][safepoint      ] Entering safepoint region: ParallelGCFailedAllocation
[963.722s][info ][gc,start       ] GC(136) Pause Young (Allocation Failure)
[963.726s][debug][gc,phases      ] GC(136) Scavenge 3.479ms
[963.726s][debug][gc,ref         ] GC(136) Skipped phase1 of Reference Processing due to unavailable references
[963.726s][debug][gc,ref         ] GC(136) Skipped phase3 of Reference Processing due to unavailable references
[963.726s][debug][gc,phases      ] GC(136) Reference Processing 0.029ms
[963.726s][debug][gc,phases      ] GC(136) Weak Processing 0.132ms
[963.726s][debug][gc,phases      ] GC(136) Scrub String Table 0.445ms
[963.726s][debug][gc,age         ] GC(136) Desired survivor size 18350080 bytes, new threshold 15 (max threshold 15)
[963.726s][info ][gc,heap        ] GC(136) PSYoungGen: 2064432K->5040K(2077696K)
[963.726s][info ][gc,heap        ] GC(136) ParOldGen: 325691K->325723K(355840K)
[963.726s][info ][gc,metaspace   ] GC(136) Metaspace: 74837K->74837K(1118208K)
[963.726s][info ][gc             ] GC(136) Pause Young (Allocation Failure) 2334M->323M(2376M) 4.209ms
[963.726s][info ][gc,cpu         ] GC(136) User=0.01s Sys=0.00s Real=0.00s
[963.727s][info ][safepoint      ] Leaving safepoint region
[963.727s][info ][safepoint      ] Total time for which application threads were stopped: 0.0043618 seconds, Stopping threads took: 0.0000128 seconds
[964.902s][info ][safepoint      ] Application time: 1.1752506 seconds
[964.902s][info ][safepoint      ] Entering safepoint region: RevokeBias
[964.902s][info ][safepoint      ] Leaving safepoint region
[964.902s][info ][safepoint      ] Total time for which application threads were stopped: 0.0000703 seconds, Stopping threads took: 0.0000117 seconds
[966.902s][info ][safepoint      ] Application time: 2.0001449 seconds
[966.902s][info ][safepoint      ] Entering safepoint region: Cleanup
[966.902s][info ][safepoint      ] Leaving safepoint region
[966.902s][info ][safepoint      ] Total time for which application threads were stopped: 0.0000837 seconds, Stopping threads took: 0.0000128 seconds
[970.902s][info ][safepoint      ] Application time: 4.0002697 seconds
[970.902s][info ][safepoint      ] Entering safepoint region: Cleanup
[970.902s][info ][safepoint      ] Leaving safepoint region
[970.903s][info ][safepoint      ] Total time for which application threads were stopped: 0.0000691 seconds, Stopping threads took: 0.0000149 seconds
[975.023s][info ][safepoint      ] Application time: 4.1204467 seconds
[975.023s][info ][safepoint      ] Entering safepoint region: ParallelGCFailedAllocation
[975.023s][info ][gc,start       ] GC(137) Pause Young (Allocation Failure)
[975.027s][debug][gc,phases      ] GC(137) Scavenge 3.594ms
[975.027s][debug][gc,ref         ] GC(137) Skipped phase1 of Reference Processing due to unavailable references
[975.027s][debug][gc,ref         ] GC(137) Skipped phase3 of Reference Processing due to unavailable references
[975.027s][debug][gc,phases      ] GC(137) Reference Processing 0.029ms
[975.027s][debug][gc,phases      ] GC(137) Weak Processing 0.131ms
[975.027s][debug][gc,phases      ] GC(137) Scrub String Table 0.438ms
[975.027s][debug][gc,age         ] GC(137) Desired survivor size 17825792 bytes, new threshold 15 (max threshold 15)
[975.027s][info ][gc,heap        ] GC(137) PSYoungGen: 2064304K->5024K(2079744K)
[975.027s][info ][gc,heap        ] GC(137) ParOldGen: 325723K->325763K(355840K)
[975.027s][info ][gc,metaspace   ] GC(137) Metaspace: 74837K->74837K(1118208K)
[975.027s][info ][gc             ] GC(137) Pause Young (Allocation Failure) 2334M->323M(2378M) 4.328ms
[975.027s][info ][gc,cpu         ] GC(137) User=0.01s Sys=0.00s Real=0.00s
[975.027s][info ][safepoint      ] Leaving safepoint region
[975.027s][info ][safepoint      ] Total time for which application threads were stopped: 0.0044734 seconds, Stopping threads took: 0.0000130 seconds
[976.660s][info ][safepoint      ] Application time: 1.6324995 seconds
[976.660s][info ][safepoint      ] Entering safepoint region: RevokeBias
[976.660s][info ][safepoint      ] Leaving safepoint region
[976.660s][info ][safepoint      ] Total time for which application threads were stopped: 0.0001379 seconds, Stopping threads took: 0.0000561 seconds
[976.660s][info ][safepoint      ] Application time: 0.0002643 seconds
[976.660s][info ][safepoint      ] Entering safepoint region: RevokeBias
[976.660s][info ][safepoint      ] Leaving safepoint region
[976.660s][info ][safepoint      ] Total time for which application threads were stopped: 0.0000345 seconds, Stopping threads took: 0.0000077 seconds
[978.661s][info ][safepoint      ] Application time: 2.0001544 seconds
[978.661s][info ][safepoint      ] Entering safepoint region: Cleanup
[978.661s][info ][safepoint      ] Leaving safepoint region
[978.661s][info ][safepoint      ] Total time for which application threads were stopped: 0.0000728 seconds, Stopping threads took: 0.0000205 seconds
[986.321s][info ][safepoint      ] Application time: 7.6603634 seconds
[986.321s][info ][safepoint      ] Entering safepoint region: ParallelGCFailedAllocation
[986.321s][info ][gc,start       ] GC(138) Pause Young (Allocation Failure)
[986.325s][debug][gc,phases      ] GC(138) Scavenge 3.648ms
[986.325s][debug][gc,ref         ] GC(138) Skipped phase1 of Reference Processing due to unavailable references
[986.325s][debug][gc,ref         ] GC(138) Skipped phase3 of Reference Processing due to unavailable references
[986.325s][debug][gc,ref         ] GC(138) Skipped phase4 of Reference Processing due to unavailable references
[986.325s][debug][gc,phases      ] GC(138) Reference Processing 0.029ms
[986.325s][debug][gc,phases      ] GC(138) Weak Processing 0.133ms
[986.326s][debug][gc,phases      ] GC(138) Scrub String Table 0.441ms
[986.326s][debug][gc,age         ] GC(138) Desired survivor size 17301504 bytes, new threshold 15 (max threshold 15)
[986.326s][info ][gc,heap        ] GC(138) PSYoungGen: 2066848K->2656K(2079232K)
[986.326s][info ][gc,heap        ] GC(138) ParOldGen: 325763K->328204K(355840K)
[986.326s][info ][gc,metaspace   ] GC(138) Metaspace: 74837K->74837K(1118208K)
[986.326s][info ][gc             ] GC(138) Pause Young (Allocation Failure) 2336M->323M(2378M) 4.383ms
[986.326s][info ][gc,cpu         ] GC(138) User=0.02s Sys=0.00s Real=0.00s
[986.326s][info ][safepoint      ] Leaving safepoint region
[986.326s][info ][safepoint      ] Total time for which application threads were stopped: 0.0045483 seconds, Stopping threads took: 0.0000328 seconds
[997.687s][info ][safepoint      ] Application time: 11.3614932 seconds
[997.687s][info ][safepoint      ] Entering safepoint region: ParallelGCFailedAllocation
[997.687s][info ][gc,start       ] GC(139) Pause Young (Allocation Failure)
[997.691s][debug][gc,phases      ] GC(139) Scavenge 3.464ms
[997.691s][debug][gc,ref         ] GC(139) Skipped phase1 of Reference Processing due to unavailable references
[997.691s][debug][gc,ref         ] GC(139) Skipped phase3 of Reference Processing due to unavailable references
[997.691s][debug][gc,ref         ] GC(139) Skipped phase4 of Reference Processing due to unavailable references
[997.691s][debug][gc,phases      ] GC(139) Reference Processing 0.030ms
[997.691s][debug][gc,phases      ] GC(139) Weak Processing 0.117ms
[997.691s][debug][gc,phases      ] GC(139) Scrub String Table 0.450ms
[997.691s][debug][gc,age         ] GC(139) Desired survivor size 17301504 bytes, new threshold 15 (max threshold 15)
[997.691s][info ][gc,heap        ] GC(139) PSYoungGen: 2064480K->2640K(2080256K)
[997.691s][info ][gc,heap        ] GC(139) ParOldGen: 328204K->328356K(355840K)
[997.691s][info ][gc,metaspace   ] GC(139) Metaspace: 74837K->74837K(1118208K)
[997.691s][info ][gc             ] GC(139) Pause Young (Allocation Failure) 2336M->323M(2379M) 4.200ms
[997.692s][info ][gc,cpu         ] GC(139) User=0.02s Sys=0.00s Real=0.01s
[997.692s][info ][safepoint      ] Leaving safepoint region
[997.692s][info ][safepoint      ] Total time for which application threads were stopped: 0.0043441 seconds, Stopping threads took: 0.0000129 seconds
[1006.692s][info ][safepoint      ] Application time: 9.0005997 seconds
[1006.692s][info ][safepoint      ] Entering safepoint region: Cleanup
[1006.692s][info ][safepoint      ] Leaving safepoint region
[1006.692s][info ][safepoint      ] Total time for which application threads were stopped: 0.0000770 seconds, Stopping threads took: 0.0000262 seconds
[1009.085s][info ][safepoint      ] Application time: 2.3931077 seconds
[1009.085s][info ][safepoint      ] Entering safepoint region: ParallelGCFailedAllocation
[1009.086s][info ][gc,start       ] GC(140) Pause Young (Allocation Failure)
[1009.089s][debug][gc,phases      ] GC(140) Scavenge 3.818ms
[1009.089s][debug][gc,ref         ] GC(140) Skipped phase1 of Reference Processing due to unavailable references
[1009.089s][debug][gc,ref         ] GC(140) Skipped phase3 of Reference Processing due to unavailable references
[1009.089s][debug][gc,ref         ] GC(140) Skipped phase4 of Reference Processing due to unavailable references
[1009.089s][debug][gc,phases      ] GC(140) Reference Processing 0.031ms
[1009.090s][debug][gc,phases      ] GC(140) Weak Processing 0.132ms
[1009.090s][debug][gc,phases      ] GC(140) Scrub String Table 0.468ms
[1009.090s][debug][gc,age         ] GC(140) Desired survivor size 16777216 bytes, new threshold 15 (max threshold 15)
[1009.090s][info ][gc,heap        ] GC(140) PSYoungGen: 2066000K->2704K(2080256K)
[1009.090s][info ][gc,heap        ] GC(140) ParOldGen: 328356K->328436K(355840K)
[1009.090s][info ][gc,metaspace   ] GC(140) Metaspace: 74838K->74838K(1118208K)
[1009.090s][info ][gc             ] GC(140) Pause Young (Allocation Failure) 2338M->323M(2379M) 4.575ms
[1009.090s][info ][gc,cpu         ] GC(140) User=0.02s Sys=0.00s Real=0.01s
[1009.090s][info ][safepoint      ] Leaving safepoint region
[1009.090s][info ][safepoint      ] Total time for which application threads were stopped: 0.0047177 seconds, Stopping threads took: 0.0000116 seconds
[1014.091s][info ][safepoint      ] Application time: 5.0003973 seconds
[1014.091s][info ][safepoint      ] Entering safepoint region: Cleanup
[1014.091s][info ][safepoint      ] Leaving safepoint region
[1014.091s][info ][safepoint      ] Total time for which application threads were stopped: 0.0000997 seconds, Stopping threads took: 0.0000379 seconds
[1018.091s][info ][safepoint      ] Application time: 4.0003055 seconds
[1018.091s][info ][safepoint      ] Entering safepoint region: Cleanup
[1018.091s][info ][safepoint      ] Leaving safepoint region
[1018.091s][info ][safepoint      ] Total time for which application threads were stopped: 0.0001138 seconds, Stopping threads took: 0.0000537 seconds
[1020.520s][info ][safepoint      ] Application time: 2.4287766 seconds
[1020.520s][info ][safepoint      ] Entering safepoint region: ParallelGCFailedAllocation
[1020.520s][info ][gc,start       ] GC(141) Pause Young (Allocation Failure)
[1020.524s][debug][gc,phases      ] GC(141) Scavenge 3.523ms
[1020.524s][debug][gc,ref         ] GC(141) Skipped phase1 of Reference Processing due to unavailable references
[1020.524s][debug][gc,ref         ] GC(141) Skipped phase3 of Reference Processing due to unavailable references
[1020.524s][debug][gc,ref         ] GC(141) Skipped phase4 of Reference Processing due to unavailable references
[1020.524s][debug][gc,phases      ] GC(141) Reference Processing 0.029ms
[1020.524s][debug][gc,phases      ] GC(141) Weak Processing 0.170ms
[1020.524s][debug][gc,phases      ] GC(141) Scrub String Table 0.443ms
[1020.524s][debug][gc,age         ] GC(141) Desired survivor size 16252928 bytes, new threshold 15 (max threshold 15)
[1020.524s][info ][gc,heap        ] GC(141) PSYoungGen: 2066064K->2528K(2081280K)
[1020.524s][info ][gc,heap        ] GC(141) ParOldGen: 328436K->328488K(355840K)
[1020.524s][info ][gc,metaspace   ] GC(141) Metaspace: 74839K->74839K(1118208K)
[1020.524s][info ][gc             ] GC(141) Pause Young (Allocation Failure) 2338M->323M(2380M) 4.302ms
[1020.524s][info ][gc,cpu         ] GC(141) User=0.02s Sys=0.00s Real=0.00s
[1020.524s][info ][safepoint      ] Leaving safepoint region
[1020.524s][info ][safepoint      ] Total time for which application threads were stopped: 0.0044457 seconds, Stopping threads took: 0.0000123 seconds
[1024.902s][info ][safepoint      ] Application time: 4.3773779 seconds
[1024.902s][info ][safepoint      ] Entering safepoint region: RevokeBias
[1024.902s][info ][safepoint      ] Leaving safepoint region
[1024.902s][info ][safepoint      ] Total time for which application threads were stopped: 0.0000571 seconds, Stopping threads took: 0.0000109 seconds
[1031.978s][info ][safepoint      ] Application time: 7.0756920 seconds
[1031.978s][info ][safepoint      ] Entering safepoint region: ParallelGCFailedAllocation
[1031.978s][info ][gc,start       ] GC(142) Pause Young (Allocation Failure)
[1031.981s][debug][gc,phases      ] GC(142) Scavenge 3.447ms
[1031.981s][debug][gc,ref         ] GC(142) Skipped phase1 of Reference Processing due to unavailable references
[1031.981s][debug][gc,ref         ] GC(142) Skipped phase3 of Reference Processing due to unavailable references
[1031.981s][debug][gc,ref         ] GC(142) Skipped phase4 of Reference Processing due to unavailable references
[1031.981s][debug][gc,phases      ] GC(142) Reference Processing 0.030ms
[1031.981s][debug][gc,phases      ] GC(142) Weak Processing 0.138ms
[1031.982s][debug][gc,phases      ] GC(142) Scrub String Table 0.429ms
[1031.982s][debug][gc,age         ] GC(142) Desired survivor size 15728640 bytes, new threshold 15 (max threshold 15)
[1031.982s][info ][gc,heap        ] GC(142) PSYoungGen: 2067424K->2544K(2080768K)
[1031.982s][info ][gc,heap        ] GC(142) ParOldGen: 328488K->328528K(355840K)
[1031.982s][info ][gc,metaspace   ] GC(142) Metaspace: 74840K->74840K(1118208K)
[1031.982s][info ][gc             ] GC(142) Pause Young (Allocation Failure) 2339M->323M(2379M) 4.167ms
[1031.982s][info ][gc,cpu         ] GC(142) User=0.02s Sys=0.00s Real=0.01s
[1031.982s][info ][safepoint      ] Leaving safepoint region
[1031.982s][info ][safepoint      ] Total time for which application threads were stopped: 0.0043163 seconds, Stopping threads took: 0.0000109 seconds
[1038.982s][info ][safepoint      ] Application time: 7.0005345 seconds
[1038.983s][info ][safepoint      ] Entering safepoint region: Cleanup
[1038.983s][info ][safepoint      ] Leaving safepoint region
[1038.983s][info ][safepoint      ] Total time for which application threads were stopped: 0.0001149 seconds, Stopping threads took: 0.0000382 seconds
[1043.429s][info ][safepoint      ] Application time: 4.4463208 seconds
[1043.429s][info ][safepoint      ] Entering safepoint region: ParallelGCFailedAllocation
[1043.429s][info ][gc,start       ] GC(143) Pause Young (Allocation Failure)
[1043.433s][debug][gc,phases      ] GC(143) Scavenge 3.510ms
[1043.433s][debug][gc,ref         ] GC(143) Skipped phase1 of Reference Processing due to unavailable references
[1043.433s][debug][gc,ref         ] GC(143) Skipped phase3 of Reference Processing due to unavailable references
[1043.433s][debug][gc,phases      ] GC(143) Reference Processing 0.037ms
[1043.433s][debug][gc,phases      ] GC(143) Weak Processing 0.175ms
[1043.433s][debug][gc,phases      ] GC(143) Scrub String Table 0.596ms
[1043.434s][debug][gc,age         ] GC(143) Desired survivor size 15204352 bytes, new threshold 15 (max threshold 15)
[1043.434s][info ][gc,heap        ] GC(143) PSYoungGen: 2067440K->2464K(2082304K)
[1043.434s][info ][gc,heap        ] GC(143) ParOldGen: 328528K->328568K(355840K)
[1043.434s][info ][gc,metaspace   ] GC(143) Metaspace: 74849K->74849K(1118208K)
[1043.434s][info ][gc             ] GC(143) Pause Young (Allocation Failure) 2339M->323M(2381M) 4.507ms
[1043.434s][info ][gc,cpu         ] GC(143) User=0.01s Sys=0.00s Real=0.00s
[1043.434s][info ][safepoint      ] Leaving safepoint region
[1043.434s][info ][safepoint      ] Total time for which application threads were stopped: 0.0046537 seconds, Stopping threads took: 0.0000117 seconds
[1054.886s][info ][safepoint      ] Application time: 11.4522146 seconds
[1054.886s][info ][safepoint      ] Entering safepoint region: ParallelGCFailedAllocation
[1054.886s][info ][gc,start       ] GC(144) Pause Young (Allocation Failure)
[1054.890s][debug][gc,phases      ] GC(144) Scavenge 3.532ms
[1054.890s][debug][gc,ref         ] GC(144) Skipped phase1 of Reference Processing due to unavailable references
[1054.890s][debug][gc,ref         ] GC(144) Skipped phase3 of Reference Processing due to unavailable references
[1054.890s][debug][gc,ref         ] GC(144) Skipped phase4 of Reference Processing due to unavailable references
[1054.890s][debug][gc,phases      ] GC(144) Reference Processing 0.037ms
[1054.890s][debug][gc,phases      ] GC(144) Weak Processing 0.136ms
[1054.890s][debug][gc,phases      ] GC(144) Scrub String Table 0.448ms
[1054.890s][debug][gc,age         ] GC(144) Desired survivor size 14680064 bytes, new threshold 15 (max threshold 15)
[1054.890s][info ][gc,heap        ] GC(144) PSYoungGen: 2069408K->2400K(2081792K)
[1054.890s][info ][gc,heap        ] GC(144) ParOldGen: 328568K->328624K(355840K)
[1054.890s][info ][gc,metaspace   ] GC(144) Metaspace: 74851K->74851K(1118208K)
[1054.890s][info ][gc             ] GC(144) Pause Young (Allocation Failure) 2341M->323M(2380M) 4.292ms
[1054.890s][info ][gc,cpu         ] GC(144) User=0.02s Sys=0.00s Real=0.01s
[1054.890s][info ][safepoint      ] Leaving safepoint region
[1054.890s][info ][safepoint      ] Total time for which application threads were stopped: 0.0044552 seconds, Stopping threads took: 0.0000159 seconds
[1063.891s][info ][safepoint      ] Application time: 9.0006528 seconds
[1063.891s][info ][safepoint      ] Entering safepoint region: Cleanup
[1063.891s][info ][safepoint      ] Leaving safepoint region
[1063.891s][info ][safepoint      ] Total time for which application threads were stopped: 0.0000846 seconds, Stopping threads took: 0.0000359 seconds
[1066.334s][info ][safepoint      ] Application time: 2.4424747 seconds
[1066.334s][info ][safepoint      ] Entering safepoint region: ParallelGCFailedAllocation
[1066.334s][info ][gc,start       ] GC(145) Pause Young (Allocation Failure)
[1066.337s][debug][gc,phases      ] GC(145) Scavenge 3.335ms
[1066.337s][debug][gc,ref         ] GC(145) Skipped phase1 of Reference Processing due to unavailable references
[1066.337s][debug][gc,ref         ] GC(145) Skipped phase3 of Reference Processing due to unavailable references
[1066.337s][debug][gc,ref         ] GC(145) Skipped phase4 of Reference Processing due to unavailable references
[1066.337s][debug][gc,phases      ] GC(145) Reference Processing 0.029ms
[1066.337s][debug][gc,phases      ] GC(145) Weak Processing 0.134ms
[1066.338s][debug][gc,phases      ] GC(145) Scrub String Table 0.430ms
[1066.338s][debug][gc,age         ] GC(145) Desired survivor size 14155776 bytes, new threshold 15 (max threshold 15)
[1066.338s][info ][gc,heap        ] GC(145) PSYoungGen: 2069344K->2288K(2083328K)
[1066.338s][info ][gc,heap        ] GC(145) ParOldGen: 328624K->328700K(355840K)
[1066.338s][info ][gc,metaspace   ] GC(145) Metaspace: 74851K->74851K(1118208K)
[1066.338s][info ][gc             ] GC(145) Pause Young (Allocation Failure) 2341M->323M(2382M) 4.054ms
[1066.338s][info ][gc,cpu         ] GC(145) User=0.01s Sys=0.00s Real=0.00s
[1066.338s][info ][safepoint      ] Leaving safepoint region
[1066.338s][info ][safepoint      ] Total time for which application threads were stopped: 0.0041962 seconds, Stopping threads took: 0.0000117 seconds
[1071.338s][info ][safepoint      ] Application time: 5.0003721 seconds
[1071.338s][info ][safepoint      ] Entering safepoint region: Cleanup
[1071.338s][info ][safepoint      ] Leaving safepoint region
[1071.338s][info ][safepoint      ] Total time for which application threads were stopped: 0.0001263 seconds, Stopping threads took: 0.0000697 seconds
[1077.339s][info ][safepoint      ] Application time: 6.0004399 seconds
[1077.339s][info ][safepoint      ] Entering safepoint region: Cleanup
[1077.339s][info ][safepoint      ] Leaving safepoint region
[1077.339s][info ][safepoint      ] Total time for which application threads were stopped: 0.0001032 seconds, Stopping threads took: 0.0000364 seconds
[1077.836s][info ][safepoint      ] Application time: 0.4973233 seconds
[1077.836s][info ][safepoint      ] Entering safepoint region: ParallelGCFailedAllocation
[1077.836s][info ][gc,start       ] GC(146) Pause Young (Allocation Failure)
[1077.840s][debug][gc,phases      ] GC(146) Scavenge 3.594ms
[1077.840s][debug][gc,ref         ] GC(146) Skipped phase1 of Reference Processing due to unavailable references
[1077.840s][debug][gc,ref         ] GC(146) Skipped phase3 of Reference Processing due to unavailable references
[1077.840s][debug][gc,ref         ] GC(146) Skipped phase4 of Reference Processing due to unavailable references
[1077.840s][debug][gc,phases      ] GC(146) Reference Processing 0.030ms
[1077.840s][debug][gc,phases      ] GC(146) Weak Processing 0.137ms
[1077.841s][debug][gc,phases      ] GC(146) Scrub String Table 0.451ms
[1077.841s][debug][gc,age         ] GC(146) Desired survivor size 13631488 bytes, new threshold 15 (max threshold 15)
[1077.841s][info ][gc,heap        ] GC(146) PSYoungGen: 2071280K->2064K(2082816K)
[1077.841s][info ][gc,heap        ] GC(146) ParOldGen: 328700K->329004K(355840K)
[1077.841s][info ][gc,metaspace   ] GC(146) Metaspace: 74851K->74851K(1118208K)
[1077.841s][info ][gc             ] GC(146) Pause Young (Allocation Failure) 2343M->323M(2381M) 4.338ms
[1077.841s][info ][gc,cpu         ] GC(146) User=0.02s Sys=0.00s Real=0.01s
[1077.841s][info ][safepoint      ] Leaving safepoint region
[1077.841s][info ][safepoint      ] Total time for which application threads were stopped: 0.0044841 seconds, Stopping threads took: 0.0000132 seconds
[1080.841s][info ][safepoint      ] Application time: 3.0001830 seconds
[1080.841s][info ][safepoint      ] Entering safepoint region: Cleanup
[1080.841s][info ][safepoint      ] Leaving safepoint region
[1080.841s][info ][safepoint      ] Total time for which application threads were stopped: 0.0001015 seconds, Stopping threads took: 0.0000393 seconds
[1084.902s][info ][safepoint      ] Application time: 4.0606049 seconds
[1084.902s][info ][safepoint      ] Entering safepoint region: RevokeBias
[1084.902s][info ][safepoint      ] Leaving safepoint region
[1084.902s][info ][safepoint      ] Total time for which application threads were stopped: 0.0000641 seconds, Stopping threads took: 0.0000113 seconds
[1089.322s][info ][safepoint      ] Application time: 4.4201978 seconds
[1089.322s][info ][safepoint      ] Entering safepoint region: ParallelGCFailedAllocation
[1089.322s][info ][gc,start       ] GC(147) Pause Young (Allocation Failure)
[1089.325s][debug][gc,phases      ] GC(147) Scavenge 3.242ms
[1089.325s][debug][gc,ref         ] GC(147) Skipped phase1 of Reference Processing due to unavailable references
[1089.326s][debug][gc,ref         ] GC(147) Skipped phase3 of Reference Processing due to unavailable references
[1089.326s][debug][gc,ref         ] GC(147) Skipped phase4 of Reference Processing due to unavailable references
[1089.326s][debug][gc,phases      ] GC(147) Reference Processing 0.029ms
[1089.326s][debug][gc,phases      ] GC(147) Weak Processing 0.143ms
[1089.326s][debug][gc,phases      ] GC(147) Scrub String Table 0.470ms
[1089.326s][debug][gc,age         ] GC(147) Desired survivor size 13107200 bytes, new threshold 15 (max threshold 15)
[1089.326s][info ][gc,heap        ] GC(147) PSYoungGen: 2071056K->1808K(2084352K)
[1089.326s][info ][gc,heap        ] GC(147) ParOldGen: 329004K->329444K(355840K)
[1089.326s][info ][gc,metaspace   ] GC(147) Metaspace: 74853K->74853K(1118208K)
[1089.326s][info ][gc             ] GC(147) Pause Young (Allocation Failure) 2343M->323M(2383M) 4.022ms
[1089.326s][info ][gc,cpu         ] GC(147) User=0.01s Sys=0.00s Real=0.00s
[1089.326s][info ][safepoint      ] Leaving safepoint region
[1089.326s][info ][safepoint      ] Total time for which application threads were stopped: 0.0041514 seconds, Stopping threads took: 0.0000113 seconds
[1100.825s][info ][safepoint      ] Application time: 11.4986586 seconds
[1100.825s][info ][safepoint      ] Entering safepoint region: ParallelGCFailedAllocation
[1100.825s][info ][gc,start       ] GC(148) Pause Young (Allocation Failure)
[1100.829s][debug][gc,phases      ] GC(148) Scavenge 3.553ms
[1100.829s][debug][gc,ref         ] GC(148) Skipped phase1 of Reference Processing due to unavailable references
[1100.829s][debug][gc,ref         ] GC(148) Skipped phase3 of Reference Processing due to unavailable references
[1100.829s][debug][gc,ref         ] GC(148) Skipped phase4 of Reference Processing due to unavailable references
[1100.829s][debug][gc,phases      ] GC(148) Reference Processing 0.029ms
[1100.829s][debug][gc,phases      ] GC(148) Weak Processing 0.130ms
[1100.829s][debug][gc,phases      ] GC(148) Scrub String Table 0.406ms
[1100.829s][debug][gc,age         ] GC(148) Desired survivor size 12582912 bytes, new threshold 15 (max threshold 15)
[1100.829s][info ][gc,heap        ] GC(148) PSYoungGen: 2072848K->1792K(2083840K)
[1100.829s][info ][gc,heap        ] GC(148) ParOldGen: 329444K->329492K(355840K)
[1100.829s][info ][gc,metaspace   ] GC(148) Metaspace: 74853K->74853K(1118208K)
[1100.829s][info ][gc             ] GC(148) Pause Young (Allocation Failure) 2345M->323M(2382M) 4.240ms
[1100.829s][info ][gc,cpu         ] GC(148) User=0.02s Sys=0.00s Real=0.01s
[1100.829s][info ][safepoint      ] Leaving safepoint region
[1100.829s][info ][safepoint      ] Total time for which application threads were stopped: 0.0044084 seconds, Stopping threads took: 0.0000281 seconds
[1107.830s][info ][safepoint      ] Application time: 7.0005271 seconds
[1107.830s][info ][safepoint      ] Entering safepoint region: Cleanup
[1107.830s][info ][safepoint      ] Leaving safepoint region
[1107.830s][info ][safepoint      ] Total time for which application threads were stopped: 0.0001444 seconds, Stopping threads took: 0.0000409 seconds
[1109.830s][info ][safepoint      ] Application time: 2.0001468 seconds
[1109.830s][info ][safepoint      ] Entering safepoint region: Cleanup
[1109.830s][info ][safepoint      ] Leaving safepoint region
[1109.830s][info ][safepoint      ] Total time for which application threads were stopped: 0.0001065 seconds, Stopping threads took: 0.0000369 seconds
[1112.630s][info ][safepoint      ] Application time: 2.7995611 seconds
[1112.630s][info ][safepoint      ] Entering safepoint region: ParallelGCFailedAllocation
[1112.630s][info ][gc,start       ] GC(149) Pause Young (Allocation Failure)
[1112.634s][debug][gc,phases      ] GC(149) Scavenge 3.942ms
[1112.634s][debug][gc,ref         ] GC(149) Skipped phase1 of Reference Processing due to unavailable references
[1112.634s][debug][gc,ref         ] GC(149) Skipped phase3 of Reference Processing due to unavailable references
[1112.634s][debug][gc,phases      ] GC(149) Reference Processing 0.026ms
[1112.634s][debug][gc,phases      ] GC(149) Weak Processing 0.136ms
[1112.635s][debug][gc,phases      ] GC(149) Scrub String Table 0.419ms
[1112.635s][debug][gc,age         ] GC(149) Desired survivor size 12058624 bytes, new threshold 15 (max threshold 15)
[1112.635s][info ][gc,heap        ] GC(149) PSYoungGen: 2072832K->2624K(2085376K)
[1112.635s][info ][gc,heap        ] GC(149) ParOldGen: 329492K->329524K(355840K)
[1112.635s][info ][gc,metaspace   ] GC(149) Metaspace: 74870K->74870K(1118208K)
[1112.635s][info ][gc             ] GC(149) Pause Young (Allocation Failure) 2346M->324M(2384M) 4.644ms
[1112.635s][info ][gc,cpu         ] GC(149) User=0.02s Sys=0.00s Real=0.00s
[1112.635s][info ][safepoint      ] Leaving safepoint region
[1112.635s][info ][safepoint      ] Total time for which application threads were stopped: 0.0048019 seconds, Stopping threads took: 0.0000133 seconds
[1114.635s][info ][safepoint      ] Application time: 2.0001794 seconds
[1114.635s][info ][safepoint      ] Entering safepoint region: Cleanup
[1114.635s][info ][safepoint      ] Leaving safepoint region
[1114.635s][info ][safepoint      ] Total time for which application threads were stopped: 0.0001408 seconds, Stopping threads took: 0.0000339 seconds
[1127.033s][info ][safepoint      ] Application time: 12.3974138 seconds
[1127.033s][info ][safepoint      ] Entering safepoint region: ParallelGCFailedAllocation
[1127.033s][info ][gc,start       ] GC(150) Pause Young (Allocation Failure)
[1127.037s][debug][gc,phases      ] GC(150) Scavenge 4.010ms
[1127.037s][debug][gc,ref         ] GC(150) Skipped phase1 of Reference Processing due to unavailable references
[1127.037s][debug][gc,ref         ] GC(150) Skipped phase3 of Reference Processing due to unavailable references
[1127.037s][debug][gc,phases      ] GC(150) Reference Processing 0.036ms
[1127.037s][debug][gc,phases      ] GC(150) Weak Processing 0.159ms
[1127.038s][debug][gc,phases      ] GC(150) Scrub String Table 0.462ms
[1127.038s][debug][gc,age         ] GC(150) Desired survivor size 11534336 bytes, new threshold 15 (max threshold 15)
[1127.038s][info ][gc,heap        ] GC(150) PSYoungGen: 2075712K->2560K(2084864K)
[1127.038s][info ][gc,heap        ] GC(150) ParOldGen: 329524K->329596K(355840K)
[1127.038s][info ][gc,metaspace   ] GC(150) Metaspace: 74870K->74870K(1118208K)
[1127.038s][info ][gc             ] GC(150) Pause Young (Allocation Failure) 2348M->324M(2383M) 4.802ms
[1127.038s][info ][gc,cpu         ] GC(150) User=0.02s Sys=0.00s Real=0.00s
[1127.038s][info ][safepoint      ] Leaving safepoint region
[1127.038s][info ][safepoint      ] Total time for which application threads were stopped: 0.0049785 seconds, Stopping threads took: 0.0000178 seconds
[1134.038s][info ][safepoint      ] Application time: 7.0005013 seconds
[1134.038s][info ][safepoint      ] Entering safepoint region: Cleanup
[1134.038s][info ][safepoint      ] Leaving safepoint region
[1134.038s][info ][safepoint      ] Total time for which application threads were stopped: 0.0001318 seconds, Stopping threads took: 0.0000688 seconds
[1141.473s][info ][safepoint      ] Application time: 7.4342931 seconds
[1141.473s][info ][safepoint      ] Entering safepoint region: ParallelGCFailedAllocation
[1141.473s][info ][gc,start       ] GC(151) Pause Young (Allocation Failure)
[1141.477s][debug][gc,phases      ] GC(151) Scavenge 3.875ms
[1141.477s][debug][gc,ref         ] GC(151) Skipped phase1 of Reference Processing due to unavailable references
[1141.477s][debug][gc,ref         ] GC(151) Skipped phase3 of Reference Processing due to unavailable references
[1141.477s][debug][gc,phases      ] GC(151) Reference Processing 0.028ms
[1141.477s][debug][gc,phases      ] GC(151) Weak Processing 0.116ms
[1141.477s][debug][gc,phases      ] GC(151) Scrub String Table 0.435ms
[1141.477s][debug][gc,age         ] GC(151) Desired survivor size 10485760 bytes, new threshold 15 (max threshold 15)
[1141.477s][info ][gc,heap        ] GC(151) PSYoungGen: 2075648K->2496K(2086912K)
[1141.477s][info ][gc,heap        ] GC(151) ParOldGen: 329596K->329704K(355840K)
[1141.477s][info ][gc,metaspace   ] GC(151) Metaspace: 74871K->74871K(1118208K)
[1141.477s][info ][gc             ] GC(151) Pause Young (Allocation Failure) 2348M->324M(2385M) 4.568ms
[1141.477s][info ][gc,cpu         ] GC(151) User=0.02s Sys=0.00s Real=0.00s
[1141.477s][info ][safepoint      ] Leaving safepoint region
[1141.477s][info ][safepoint      ] Total time for which application threads were stopped: 0.0047406 seconds, Stopping threads took: 0.0000125 seconds
[1155.834s][info ][safepoint      ] Application time: 14.3569638 seconds
[1155.834s][info ][safepoint      ] Entering safepoint region: ParallelGCFailedAllocation
[1155.834s][info ][gc,start       ] GC(152) Pause Young (Allocation Failure)
[1155.838s][debug][gc,phases      ] GC(152) Scavenge 3.871ms
[1155.838s][debug][gc,ref         ] GC(152) Skipped phase1 of Reference Processing due to unavailable references
[1155.838s][debug][gc,ref         ] GC(152) Skipped phase3 of Reference Processing due to unavailable references
[1155.838s][debug][gc,phases      ] GC(152) Reference Processing 0.029ms
[1155.839s][debug][gc,phases      ] GC(152) Weak Processing 0.145ms
[1155.839s][debug][gc,phases      ] GC(152) Scrub String Table 0.422ms
[1155.839s][debug][gc,age         ] GC(152) Desired survivor size 10485760 bytes, new threshold 15 (max threshold 15)
[1155.839s][info ][gc,heap        ] GC(152) PSYoungGen: 2078144K->2416K(2085888K)
[1155.839s][info ][gc,heap        ] GC(152) ParOldGen: 329704K->329792K(355840K)
[1155.839s][info ][gc,metaspace   ] GC(152) Metaspace: 74871K->74871K(1118208K)
[1155.839s][info ][gc             ] GC(152) Pause Young (Allocation Failure) 2351M->324M(2384M) 4.613ms
[1155.839s][info ][gc,cpu         ] GC(152) User=0.01s Sys=0.01s Real=0.00s
[1155.839s][info ][safepoint      ] Leaving safepoint region
[1155.839s][info ][safepoint      ] Total time for which application threads were stopped: 0.0047716 seconds, Stopping threads took: 0.0000121 seconds
[1167.366s][info ][safepoint      ] Application time: 11.5267496 seconds
[1167.366s][info ][safepoint      ] Entering safepoint region: RevokeBias
[1167.366s][info ][safepoint      ] Leaving safepoint region
[1167.366s][info ][safepoint      ] Total time for which application threads were stopped: 0.0001142 seconds, Stopping threads took: 0.0000292 seconds
[1167.519s][info ][safepoint      ] Application time: 0.1532980 seconds
[1167.519s][info ][safepoint      ] Entering safepoint region: BulkRevokeBias
[1167.520s][info ][safepoint      ] Leaving safepoint region
[1167.520s][info ][safepoint      ] Total time for which application threads were stopped: 0.0003165 seconds, Stopping threads took: 0.0000343 seconds
[1167.666s][info ][safepoint      ] Application time: 0.1461130 seconds
[1167.666s][info ][safepoint      ] Entering safepoint region: RevokeBias
[1167.666s][info ][safepoint      ] Leaving safepoint region
[1167.666s][info ][safepoint      ] Total time for which application threads were stopped: 0.0000678 seconds, Stopping threads took: 0.0000120 seconds
[1170.123s][info ][safepoint      ] Application time: 2.4575725 seconds
[1170.124s][info ][safepoint      ] Entering safepoint region: ParallelGCFailedAllocation
[1170.124s][info ][gc,start       ] GC(153) Pause Young (Allocation Failure)
[1170.127s][debug][gc,phases      ] GC(153) Scavenge 3.313ms
[1170.127s][debug][gc,ref         ] GC(153) Skipped phase1 of Reference Processing due to unavailable references
[1170.127s][debug][gc,ref         ] GC(153) Skipped phase3 of Reference Processing due to unavailable references
[1170.127s][debug][gc,ref         ] GC(153) Skipped phase4 of Reference Processing due to unavailable references
[1170.127s][debug][gc,phases      ] GC(153) Reference Processing 0.028ms
[1170.127s][debug][gc,phases      ] GC(153) Weak Processing 0.132ms
[1170.128s][debug][gc,phases      ] GC(153) Scrub String Table 0.427ms
[1170.128s][debug][gc,age         ] GC(153) Desired survivor size 9961472 bytes, new threshold 15 (max threshold 15)
[1170.128s][info ][gc,heap        ] GC(153) PSYoungGen: 2078064K->2352K(2087424K)
[1170.128s][info ][gc,heap        ] GC(153) ParOldGen: 329792K->329832K(355840K)
[1170.128s][info ][gc,metaspace   ] GC(153) Metaspace: 74872K->74872K(1118208K)
[1170.128s][info ][gc             ] GC(153) Pause Young (Allocation Failure) 2351M->324M(2386M) 4.017ms
[1170.128s][info ][gc,cpu         ] GC(153) User=0.01s Sys=0.00s Real=0.00s
[1170.128s][info ][safepoint      ] Leaving safepoint region
[1170.128s][info ][safepoint      ] Total time for which application threads were stopped: 0.0041654 seconds, Stopping threads took: 0.0000112 seconds
[1184.523s][info ][safepoint      ] Application time: 14.3950049 seconds
[1184.523s][info ][safepoint      ] Entering safepoint region: ParallelGCFailedAllocation
[1184.523s][info ][gc,start       ] GC(154) Pause Young (Allocation Failure)
[1184.526s][debug][gc,phases      ] GC(154) Scavenge 3.389ms
[1184.526s][debug][gc,ref         ] GC(154) Skipped phase1 of Reference Processing due to unavailable references
[1184.526s][debug][gc,ref         ] GC(154) Skipped phase3 of Reference Processing due to unavailable references
[1184.526s][debug][gc,ref         ] GC(154) Skipped phase4 of Reference Processing due to unavailable references
[1184.526s][debug][gc,phases      ] GC(154) Reference Processing 0.028ms
[1184.526s][debug][gc,phases      ] GC(154) Weak Processing 0.117ms
[1184.527s][debug][gc,phases      ] GC(154) Scrub String Table 0.406ms
[1184.527s][debug][gc,age         ] GC(154) Desired survivor size 9437184 bytes, new threshold 15 (max threshold 15)
[1184.527s][info ][gc,heap        ] GC(154) PSYoungGen: 2079536K->2320K(2086912K)
[1184.527s][info ][gc,heap        ] GC(154) ParOldGen: 329832K->329892K(355840K)
[1184.527s][info ][gc,metaspace   ] GC(154) Metaspace: 74879K->74879K(1118208K)
[1184.527s][info ][gc             ] GC(154) Pause Young (Allocation Failure) 2352M->324M(2385M) 4.075ms
[1184.527s][info ][gc,cpu         ] GC(154) User=0.01s Sys=0.00s Real=0.00s
[1184.527s][info ][safepoint      ] Leaving safepoint region
[1184.527s][info ][safepoint      ] Total time for which application threads were stopped: 0.0042177 seconds, Stopping threads took: 0.0000118 seconds
[1188.377s][info ][safepoint      ] Application time: 3.8500300 seconds
[1188.377s][info ][safepoint      ] Entering safepoint region: RevokeBias
[1188.377s][info ][safepoint      ] Leaving safepoint region
[1188.377s][info ][safepoint      ] Total time for which application threads were stopped: 0.0001206 seconds, Stopping threads took: 0.0000528 seconds
[1188.377s][info ][safepoint      ] Application time: 0.0002706 seconds
[1188.377s][info ][safepoint      ] Entering safepoint region: RevokeBias
[1188.377s][info ][safepoint      ] Leaving safepoint region
[1188.377s][info ][safepoint      ] Total time for which application threads were stopped: 0.0000648 seconds, Stopping threads took: 0.0000329 seconds
[1188.391s][info ][safepoint      ] Application time: 0.0133599 seconds
[1188.391s][info ][safepoint      ] Entering safepoint region: RevokeBias
[1188.391s][info ][safepoint      ] Leaving safepoint region
[1188.391s][info ][safepoint      ] Total time for which application threads were stopped: 0.0000763 seconds, Stopping threads took: 0.0000108 seconds
[1189.391s][info ][safepoint      ] Application time: 1.0001006 seconds
[1189.391s][info ][safepoint      ] Entering safepoint region: Cleanup
[1189.391s][info ][safepoint      ] Leaving safepoint region
[1189.391s][info ][safepoint      ] Total time for which application threads were stopped: 0.0000746 seconds, Stopping threads took: 0.0000221 seconds
[1189.391s][info ][safepoint      ] Application time: 0.0001106 seconds
[1189.391s][info ][safepoint      ] Entering safepoint region: RevokeBias
[1189.391s][info ][safepoint      ] Leaving safepoint region
[1189.391s][info ][safepoint      ] Total time for which application threads were stopped: 0.0000303 seconds, Stopping threads took: 0.0000045 seconds
[1189.391s][info ][safepoint      ] Application time: 0.0000254 seconds
[1189.391s][info ][safepoint      ] Entering safepoint region: RevokeBias
[1189.391s][info ][safepoint      ] Leaving safepoint region
[1189.391s][info ][safepoint      ] Total time for which application threads were stopped: 0.0000298 seconds, Stopping threads took: 0.0000036 seconds
[1189.441s][info ][safepoint      ] Application time: 0.0496557 seconds
[1189.441s][info ][safepoint      ] Entering safepoint region: RevokeBias
[1189.441s][info ][safepoint      ] Leaving safepoint region
[1189.441s][info ][safepoint      ] Total time for which application threads were stopped: 0.0000853 seconds, Stopping threads took: 0.0000117 seconds
[1189.449s][info ][safepoint      ] Application time: 0.0076145 seconds
[1189.449s][info ][safepoint      ] Entering safepoint region: RevokeBias
[1189.449s][info ][safepoint      ] Leaving safepoint region
[1189.449s][info ][safepoint      ] Total time for which application threads were stopped: 0.0000666 seconds, Stopping threads took: 0.0000128 seconds
[1189.449s][info ][safepoint      ] Application time: 0.0000422 seconds
[1189.449s][info ][safepoint      ] Entering safepoint region: RevokeBias
[1189.449s][info ][safepoint      ] Leaving safepoint region
[1189.449s][info ][safepoint      ] Total time for which application threads were stopped: 0.0000425 seconds, Stopping threads took: 0.0000233 seconds
[1189.451s][info ][safepoint      ] Application time: 0.0024849 seconds
[1189.451s][info ][safepoint      ] Entering safepoint region: RevokeBias
[1189.451s][info ][safepoint      ] Leaving safepoint region
[1189.451s][info ][safepoint      ] Total time for which application threads were stopped: 0.0000262 seconds, Stopping threads took: 0.0000060 seconds
[1189.452s][info ][safepoint      ] Application time: 0.0002736 seconds
[1189.452s][info ][safepoint      ] Entering safepoint region: RevokeBias
[1189.452s][info ][safepoint      ] Leaving safepoint region
[1189.452s][info ][safepoint      ] Total time for which application threads were stopped: 0.0000433 seconds, Stopping threads took: 0.0000198 seconds
[1189.452s][info ][safepoint      ] Application time: 0.0000982 seconds
[1189.452s][info ][safepoint      ] Entering safepoint region: RevokeBias
[1189.452s][info ][safepoint      ] Leaving safepoint region
[1189.452s][info ][safepoint      ] Total time for which application threads were stopped: 0.0000225 seconds, Stopping threads took: 0.0000047 seconds
[1189.452s][info ][safepoint      ] Application time: 0.0000790 seconds
[1189.452s][info ][safepoint      ] Entering safepoint region: RevokeBias
[1189.452s][info ][safepoint      ] Leaving safepoint region
[1189.452s][info ][safepoint      ] Total time for which application threads were stopped: 0.0000336 seconds, Stopping threads took: 0.0000175 seconds
[1189.452s][info ][safepoint      ] Application time: 0.0003463 seconds
[1189.452s][info ][safepoint      ] Entering safepoint region: RevokeBias
[1189.452s][info ][safepoint      ] Leaving safepoint region
[1189.452s][info ][safepoint      ] Total time for which application threads were stopped: 0.0000281 seconds, Stopping threads took: 0.0000055 seconds
[1189.453s][info ][safepoint      ] Application time: 0.0001365 seconds
[1189.453s][info ][safepoint      ] Entering safepoint region: RevokeBias
[1189.453s][info ][safepoint      ] Leaving safepoint region
[1189.453s][info ][safepoint      ] Total time for which application threads were stopped: 0.0000236 seconds, Stopping threads took: 0.0000054 seconds
[1189.453s][info ][safepoint      ] Application time: 0.0001436 seconds
[1189.453s][info ][safepoint      ] Entering safepoint region: RevokeBias
[1189.453s][info ][safepoint      ] Leaving safepoint region
[1189.453s][info ][safepoint      ] Total time for which application threads were stopped: 0.0000211 seconds, Stopping threads took: 0.0000049 seconds
[1189.454s][info ][safepoint      ] Application time: 0.0011024 seconds
[1189.454s][info ][safepoint      ] Entering safepoint region: RevokeBias
[1189.454s][info ][safepoint      ] Leaving safepoint region
[1189.454s][info ][safepoint      ] Total time for which application threads were stopped: 0.0000562 seconds, Stopping threads took: 0.0000299 seconds
[1189.463s][info ][safepoint      ] Application time: 0.0093208 seconds
[1189.463s][info ][safepoint      ] Entering safepoint region: RevokeBias
[1189.463s][info ][safepoint      ] Leaving safepoint region
[1189.463s][info ][safepoint      ] Total time for which application threads were stopped: 0.0000925 seconds, Stopping threads took: 0.0000300 seconds
[1189.506s][info ][safepoint      ] Application time: 0.0425714 seconds
[1189.506s][info ][safepoint      ] Entering safepoint region: RevokeBias
[1189.506s][info ][safepoint      ] Leaving safepoint region
[1189.506s][info ][safepoint      ] Total time for which application threads were stopped: 0.0000840 seconds, Stopping threads took: 0.0000096 seconds
[1189.542s][info ][safepoint      ] Application time: 0.0363198 seconds
[1189.542s][info ][safepoint      ] Entering safepoint region: RevokeBias
[1189.543s][info ][safepoint      ] Leaving safepoint region
[1189.543s][info ][safepoint      ] Total time for which application threads were stopped: 0.0000779 seconds, Stopping threads took: 0.0000127 seconds
[1190.543s][info ][safepoint      ] Application time: 1.0000971 seconds
[1190.543s][info ][safepoint      ] Entering safepoint region: Cleanup
[1190.543s][info ][safepoint      ] Leaving safepoint region
[1190.543s][info ][safepoint      ] Total time for which application threads were stopped: 0.0002234 seconds, Stopping threads took: 0.0000387 seconds
[1191.543s][info ][safepoint      ] Application time: 1.0000642 seconds
[1191.543s][info ][safepoint      ] Entering safepoint region: Cleanup
[1191.543s][info ][safepoint      ] Leaving safepoint region
[1191.543s][info ][safepoint      ] Total time for which application threads were stopped: 0.0000855 seconds, Stopping threads took: 0.0000259 seconds
[1192.543s][info ][safepoint      ] Application time: 1.0000821 seconds
[1192.543s][info ][safepoint      ] Entering safepoint region: Cleanup
[1192.543s][info ][safepoint      ] Leaving safepoint region
[1192.543s][info ][safepoint      ] Total time for which application threads were stopped: 0.0001311 seconds, Stopping threads took: 0.0000641 seconds
[1193.543s][info ][safepoint      ] Application time: 1.0000898 seconds
[1193.544s][info ][safepoint      ] Entering safepoint region: Cleanup
[1193.544s][info ][safepoint      ] Leaving safepoint region
[1193.544s][info ][safepoint      ] Total time for which application threads were stopped: 0.0001055 seconds, Stopping threads took: 0.0000335 seconds
[1194.506s][info ][safepoint      ] Application time: 0.9619763 seconds
[1194.506s][info ][safepoint      ] Entering safepoint region: RevokeBias
[1194.506s][info ][safepoint      ] Leaving safepoint region
[1194.506s][info ][safepoint      ] Total time for which application threads were stopped: 0.0000816 seconds, Stopping threads took: 0.0000172 seconds
[1194.840s][info ][safepoint      ] Application time: 0.3338764 seconds
[1194.840s][info ][safepoint      ] Entering safepoint region: ParallelGCFailedAllocation
[1194.840s][info ][gc,start       ] GC(155) Pause Young (Allocation Failure)
[1194.852s][debug][gc,phases      ] GC(155) Scavenge 12.486ms
[1194.852s][debug][gc,ref         ] GC(155) Skipped phase1 of Reference Processing due to unavailable references
[1194.852s][debug][gc,ref         ] GC(155) Skipped phase3 of Reference Processing due to unavailable references
[1194.852s][debug][gc,phases      ] GC(155) Reference Processing 0.033ms
[1194.853s][debug][gc,phases      ] GC(155) Weak Processing 0.167ms
[1194.853s][debug][gc,phases      ] GC(155) Scrub String Table 0.490ms
[1194.853s][debug][gc,age         ] GC(155) Desired survivor size 22020096 bytes, new threshold 14 (max threshold 15)
[1194.853s][info ][gc,heap        ] GC(155) PSYoungGen: 2079504K->9210K(2063360K)
[1194.853s][info ][gc,heap        ] GC(155) ParOldGen: 329892K->358824K(359424K)
[1194.853s][info ][gc,metaspace   ] GC(155) Metaspace: 74937K->74937K(1118208K)
[1194.853s][info ][gc             ] GC(155) Pause Young (Allocation Failure) 2352M->359M(2366M) 13.327ms
[1194.853s][info ][gc,cpu         ] GC(155) User=0.03s Sys=0.01s Real=0.01s
[1194.853s][debug][gc,phases      ] GC(156) Pre Compact 0.010ms
[1194.853s][info ][gc,start       ] GC(156) Pause Full (Ergonomics)
[1194.853s][info ][gc,phases,start] GC(156) Marking Phase
[1194.958s][debug][gc,phases      ] GC(156) Par Mark 104.436ms
[1194.958s][debug][gc,ref         ] GC(156) Skipped phase1 of Reference Processing due to unavailable references
[1194.959s][debug][gc,ref         ] GC(156) Skipped phase3 of Reference Processing due to unavailable references
[1194.959s][debug][gc,phases      ] GC(156) Reference Processing 0.436ms
[1194.959s][debug][gc,phases      ] GC(156) Weak Processing 0.193ms
[1194.960s][debug][gc,phases      ] GC(156) ClassLoaderData 0.706ms
[1194.960s][debug][gc,phases      ] GC(156) ProtectionDomainCacheTable 0.025ms
[1194.960s][debug][gc,phases      ] GC(156) ResolvedMethodTable 0.173ms
[1194.971s][debug][gc,phases      ] GC(156) Class Unloading 11.661ms
[1194.971s][debug][gc,phases      ] GC(156) Scrub String Table 0.522ms
[1194.977s][debug][gc,phases      ] GC(156) Scrub Symbol Table 6.188ms
[1194.977s][info ][gc,phases      ] GC(156) Marking Phase 124.174ms
[1194.977s][info ][gc,phases,start] GC(156) Summary Phase
[1194.977s][info ][gc,phases      ] GC(156) Summary Phase 0.015ms
[1194.977s][info ][gc,phases,start] GC(156) Adjust Roots
[1194.997s][info ][gc,phases      ] GC(156) Adjust Roots 19.170ms
[1194.997s][info ][gc,phases,start] GC(156) Compaction Phase
[1195.069s][info ][gc,phases      ] GC(156) Compaction Phase 72.264ms
[1195.069s][info ][gc,phases,start] GC(156) Post Compact
[1195.070s][info ][gc,phases      ] GC(156) Post Compact 0.967ms
[1195.070s][info ][gc,heap        ] GC(156) PSYoungGen: 9210K->0K(2075648K)
[1195.070s][info ][gc,heap        ] GC(156) ParOldGen: 358824K->314975K(391168K)
[1195.070s][info ][gc,metaspace   ] GC(156) Metaspace: 74937K->74937K(1118208K)
[1195.070s][info ][gc             ] GC(156) Pause Full (Ergonomics) 359M->307M(2409M) 216.848ms
[1195.070s][info ][gc,cpu         ] GC(156) User=0.75s Sys=0.00s Real=0.22s
[1195.070s][info ][safepoint      ] Leaving safepoint region
[1195.070s][info ][safepoint      ] Total time for which application threads were stopped: 0.2305057 seconds, Stopping threads took: 0.0000136 seconds
[1195.070s][info ][safepoint      ] Application time: 0.0001293 seconds
[1195.070s][info ][safepoint      ] Entering safepoint region: RevokeBias
[1195.070s][info ][safepoint      ] Leaving safepoint region
[1195.070s][info ][safepoint      ] Total time for which application threads were stopped: 0.0001415 seconds, Stopping threads took: 0.0000465 seconds
[1195.871s][info ][safepoint      ] Application time: 0.8009152 seconds
[1195.871s][info ][safepoint      ] Entering safepoint region: RevokeBias
[1195.872s][info ][safepoint      ] Leaving safepoint region
[1195.872s][info ][safepoint      ] Total time for which application threads were stopped: 0.0001859 seconds, Stopping threads took: 0.0000566 seconds
[1196.872s][info ][safepoint      ] Application time: 1.0000800 seconds
[1196.872s][info ][safepoint      ] Entering safepoint region: Cleanup
[1196.872s][info ][safepoint      ] Leaving safepoint region
[1196.872s][info ][safepoint      ] Total time for which application threads were stopped: 0.0001226 seconds, Stopping threads took: 0.0000477 seconds
[1197.872s][info ][safepoint      ] Application time: 1.0000471 seconds
[1197.872s][info ][safepoint      ] Entering safepoint region: Cleanup
[1197.872s][info ][safepoint      ] Leaving safepoint region
[1197.872s][info ][safepoint      ] Total time for which application threads were stopped: 0.0000908 seconds, Stopping threads took: 0.0000256 seconds
[1198.872s][info ][safepoint      ] Application time: 1.0000826 seconds
[1198.872s][info ][safepoint      ] Entering safepoint region: Cleanup
[1198.872s][info ][safepoint      ] Leaving safepoint region
[1198.872s][info ][safepoint      ] Total time for which application threads were stopped: 0.0001056 seconds, Stopping threads took: 0.0000336 seconds
[1199.506s][info ][safepoint      ] Application time: 0.6336763 seconds
[1199.506s][info ][safepoint      ] Entering safepoint region: RevokeBias
[1199.506s][info ][safepoint      ] Leaving safepoint region
[1199.506s][info ][safepoint      ] Total time for which application threads were stopped: 0.0000642 seconds, Stopping threads took: 0.0000131 seconds
[1199.506s][info ][safepoint      ] Application time: 0.0001832 seconds
[1199.506s][info ][safepoint      ] Entering safepoint region: RevokeBias
[1199.506s][info ][safepoint      ] Leaving safepoint region
[1199.506s][info ][safepoint      ] Total time for which application threads were stopped: 0.0000269 seconds, Stopping threads took: 0.0000040 seconds
[1199.506s][info ][safepoint      ] Application time: 0.0000886 seconds
[1199.506s][info ][safepoint      ] Entering safepoint region: RevokeBias
[1199.506s][info ][safepoint      ] Leaving safepoint region
[1199.506s][info ][safepoint      ] Total time for which application threads were stopped: 0.0000184 seconds, Stopping threads took: 0.0000042 seconds
[1199.506s][info ][safepoint      ] Application time: 0.0000246 seconds
[1199.506s][info ][safepoint      ] Entering safepoint region: RevokeBias
[1199.506s][info ][safepoint      ] Leaving safepoint region
[1199.506s][info ][safepoint      ] Total time for which application threads were stopped: 0.0000213 seconds, Stopping threads took: 0.0000063 seconds
[1199.506s][info ][safepoint      ] Application time: 0.0000345 seconds
[1199.506s][info ][safepoint      ] Entering safepoint region: RevokeBias
[1199.506s][info ][safepoint      ] Leaving safepoint region
[1199.506s][info ][safepoint      ] Total time for which application threads were stopped: 0.0000165 seconds, Stopping threads took: 0.0000035 seconds
[1199.507s][info ][safepoint      ] Application time: 0.0001017 seconds
[1199.507s][info ][safepoint      ] Entering safepoint region: RevokeBias
[1199.507s][info ][safepoint      ] Leaving safepoint region
[1199.507s][info ][safepoint      ] Total time for which application threads were stopped: 0.0000170 seconds, Stopping threads took: 0.0000037 seconds
[1200.507s][info ][safepoint      ] Application time: 1.0000793 seconds
[1200.507s][info ][safepoint      ] Entering safepoint region: Cleanup
[1200.507s][info ][safepoint      ] Leaving safepoint region
[1200.507s][info ][safepoint      ] Total time for which application threads were stopped: 0.0000677 seconds, Stopping threads took: 0.0000129 seconds
[1201.507s][info ][safepoint      ] Application time: 1.0000732 seconds
[1201.507s][info ][safepoint      ] Entering safepoint region: Cleanup
[1201.507s][info ][safepoint      ] Leaving safepoint region
[1201.507s][info ][safepoint      ] Total time for which application threads were stopped: 0.0000824 seconds, Stopping threads took: 0.0000232 seconds
[1203.507s][info ][safepoint      ] Application time: 2.0001433 seconds
[1203.507s][info ][safepoint      ] Entering safepoint region: Cleanup
[1203.507s][info ][safepoint      ] Leaving safepoint region
[1203.507s][info ][safepoint      ] Total time for which application threads were stopped: 0.0001047 seconds, Stopping threads took: 0.0000202 seconds
[1205.835s][info ][safepoint      ] Application time: 2.3280260 seconds
[1205.835s][info ][safepoint      ] Entering safepoint region: ParallelGCFailedAllocation
[1205.835s][info ][gc,start       ] GC(157) Pause Young (Allocation Failure)
[1205.838s][debug][gc,phases      ] GC(157) Scavenge 2.297ms
[1205.838s][debug][gc,ref         ] GC(157) Skipped phase1 of Reference Processing due to unavailable references
[1205.838s][debug][gc,ref         ] GC(157) Skipped phase2 of Reference Processing due to unavailable references
[1205.838s][debug][gc,ref         ] GC(157) Skipped phase3 of Reference Processing due to unavailable references
[1205.838s][debug][gc,ref         ] GC(157) Skipped phase4 of Reference Processing due to unavailable references
[1205.838s][debug][gc,phases      ] GC(157) Reference Processing 0.028ms
[1205.838s][debug][gc,phases      ] GC(157) Weak Processing 0.136ms
[1205.838s][debug][gc,phases      ] GC(157) Scrub String Table 0.476ms
[1205.838s][debug][gc,age         ] GC(157) Desired survivor size 21495808 bytes, new threshold 15 (max threshold 15)
[1205.838s][info ][gc,heap        ] GC(157) PSYoungGen: 2054144K->768K(2076160K)
[1205.838s][info ][gc,heap        ] GC(157) ParOldGen: 314975K->314975K(391168K)
[1205.838s][info ][gc,metaspace   ] GC(157) Metaspace: 74946K->74946K(1118208K)
[1205.838s][info ][gc             ] GC(157) Pause Young (Allocation Failure) 2313M->308M(2409M) 3.043ms
[1205.838s][info ][gc,cpu         ] GC(157) User=0.01s Sys=0.00s Real=0.00s
[1205.838s][info ][safepoint      ] Leaving safepoint region
[1205.838s][info ][safepoint      ] Total time for which application threads were stopped: 0.0032100 seconds, Stopping threads took: 0.0000129 seconds
[1206.839s][info ][safepoint      ] Application time: 1.0000814 seconds
[1206.839s][info ][safepoint      ] Entering safepoint region: Cleanup
[1206.839s][info ][safepoint      ] Leaving safepoint region
[1206.839s][info ][safepoint      ] Total time for which application threads were stopped: 0.0001148 seconds, Stopping threads took: 0.0000329 seconds
[1207.839s][info ][safepoint      ] Application time: 1.0000797 seconds
[1207.839s][info ][safepoint      ] Entering safepoint region: Cleanup
[1207.839s][info ][safepoint      ] Leaving safepoint region
[1207.839s][info ][safepoint      ] Total time for which application threads were stopped: 0.0001194 seconds, Stopping threads took: 0.0000347 seconds
[1208.839s][info ][safepoint      ] Application time: 1.0000789 seconds
[1208.839s][info ][safepoint      ] Entering safepoint region: Cleanup
[1208.839s][info ][safepoint      ] Leaving safepoint region
[1208.839s][info ][safepoint      ] Total time for which application threads were stopped: 0.0000980 seconds, Stopping threads took: 0.0000353 seconds
[1209.839s][info ][safepoint      ] Application time: 1.0000805 seconds
[1209.839s][info ][safepoint      ] Entering safepoint region: Cleanup
[1209.839s][info ][safepoint      ] Leaving safepoint region
[1209.839s][info ][safepoint      ] Total time for which application threads were stopped: 0.0000996 seconds, Stopping threads took: 0.0000140 seconds
[1216.840s][info ][safepoint      ] Application time: 7.0004907 seconds
[1216.840s][info ][safepoint      ] Entering safepoint region: Cleanup
[1216.840s][info ][safepoint      ] Leaving safepoint region
[1216.840s][info ][safepoint      ] Total time for which application threads were stopped: 0.0001088 seconds, Stopping threads took: 0.0000128 seconds
[1218.028s][info ][safepoint      ] Application time: 1.1880319 seconds
[1218.028s][info ][safepoint      ] Entering safepoint region: ParallelGCFailedAllocation
[1218.028s][info ][gc,start       ] GC(158) Pause Young (Allocation Failure)
[1218.031s][debug][gc,phases      ] GC(158) Scavenge 2.981ms
[1218.031s][debug][gc,ref         ] GC(158) Skipped phase1 of Reference Processing due to unavailable references
[1218.031s][debug][gc,ref         ] GC(158) Skipped phase2 of Reference Processing due to unavailable references
[1218.031s][debug][gc,ref         ] GC(158) Skipped phase3 of Reference Processing due to unavailable references
[1218.031s][debug][gc,phases      ] GC(158) Reference Processing 0.030ms
[1218.031s][debug][gc,phases      ] GC(158) Weak Processing 0.122ms
[1218.032s][debug][gc,phases      ] GC(158) Scrub String Table 0.454ms
[1218.032s][debug][gc,age         ] GC(158) Desired survivor size 20971520 bytes, new threshold 15 (max threshold 15)
[1218.032s][info ][gc,heap        ] GC(158) PSYoungGen: 2055424K->1648K(2075648K)
[1218.032s][info ][gc,heap        ] GC(158) ParOldGen: 314975K->314975K(391168K)
[1218.032s][info ][gc,metaspace   ] GC(158) Metaspace: 74958K->74958K(1118208K)
[1218.032s][info ][gc             ] GC(158) Pause Young (Allocation Failure) 2314M->309M(2409M) 3.728ms
[1218.032s][info ][gc,cpu         ] GC(158) User=0.02s Sys=0.00s Real=0.00s
[1218.032s][info ][safepoint      ] Leaving safepoint region
[1218.032s][info ][safepoint      ] Total time for which application threads were stopped: 0.0038931 seconds, Stopping threads took: 0.0000146 seconds
[1222.349s][info ][safepoint      ] Application time: 4.3170417 seconds
[1222.349s][info ][safepoint      ] Entering safepoint region: RevokeBias
[1222.349s][info ][safepoint      ] Leaving safepoint region
[1222.349s][info ][safepoint      ] Total time for which application threads were stopped: 0.0000830 seconds, Stopping threads took: 0.0000195 seconds
[1222.349s][info ][safepoint      ] Application time: 0.0002114 seconds
[1222.349s][info ][safepoint      ] Entering safepoint region: RevokeBias
[1222.349s][info ][safepoint      ] Leaving safepoint region
[1222.349s][info ][safepoint      ] Total time for which application threads were stopped: 0.0000279 seconds, Stopping threads took: 0.0000044 seconds
[1222.391s][info ][safepoint      ] Application time: 0.0411150 seconds
[1222.391s][info ][safepoint      ] Entering safepoint region: RevokeBias
[1222.391s][info ][safepoint      ] Leaving safepoint region
[1222.391s][info ][safepoint      ] Total time for which application threads were stopped: 0.0001073 seconds, Stopping threads took: 0.0000139 seconds
[1222.675s][info ][safepoint      ] Application time: 0.2844872 seconds
[1222.675s][info ][safepoint      ] Entering safepoint region: RevokeBias
[1222.675s][info ][safepoint      ] Leaving safepoint region
[1222.675s][info ][safepoint      ] Total time for which application threads were stopped: 0.0000984 seconds, Stopping threads took: 0.0000293 seconds
[1222.694s][info ][safepoint      ] Application time: 0.0181872 seconds
[1222.694s][info ][safepoint      ] Entering safepoint region: RevokeBias
[1222.694s][info ][safepoint      ] Leaving safepoint region
[1222.694s][info ][safepoint      ] Total time for which application threads were stopped: 0.0001263 seconds, Stopping threads took: 0.0000317 seconds
[1222.747s][info ][safepoint      ] Application time: 0.0536238 seconds
[1222.747s][info ][safepoint      ] Entering safepoint region: RevokeBias
[1222.747s][info ][safepoint      ] Leaving safepoint region
[1222.747s][info ][safepoint      ] Total time for which application threads were stopped: 0.0000971 seconds, Stopping threads took: 0.0000104 seconds
[1222.787s][info ][safepoint      ] Application time: 0.0397214 seconds
[1222.787s][info ][safepoint      ] Entering safepoint region: RevokeBias
[1222.787s][info ][safepoint      ] Leaving safepoint region
[1222.787s][info ][safepoint      ] Total time for which application threads were stopped: 0.0000897 seconds, Stopping threads took: 0.0000143 seconds
[1223.787s][info ][safepoint      ] Application time: 1.0000867 seconds
[1223.787s][info ][safepoint      ] Entering safepoint region: Cleanup
[1223.788s][info ][safepoint      ] Leaving safepoint region
[1223.788s][info ][safepoint      ] Total time for which application threads were stopped: 0.0001923 seconds, Stopping threads took: 0.0000400 seconds
[1226.788s][info ][safepoint      ] Application time: 3.0002331 seconds
[1226.788s][info ][safepoint      ] Entering safepoint region: Cleanup
[1226.788s][info ][safepoint      ] Leaving safepoint region
[1226.788s][info ][safepoint      ] Total time for which application threads were stopped: 0.0001104 seconds, Stopping threads took: 0.0000380 seconds
[1227.747s][info ][safepoint      ] Application time: 0.9587522 seconds
[1227.747s][info ][safepoint      ] Entering safepoint region: RevokeBias
[1227.747s][info ][safepoint      ] Leaving safepoint region
[1227.747s][info ][safepoint      ] Total time for which application threads were stopped: 0.0000899 seconds, Stopping threads took: 0.0000131 seconds
[1227.747s][info ][safepoint      ] Application time: 0.0000355 seconds
[1227.747s][info ][safepoint      ] Entering safepoint region: RevokeBias
[1227.747s][info ][safepoint      ] Leaving safepoint region
[1227.747s][info ][safepoint      ] Total time for which application threads were stopped: 0.0000194 seconds, Stopping threads took: 0.0000040 seconds
[1227.747s][info ][safepoint      ] Application time: 0.0001880 seconds
[1227.747s][info ][safepoint      ] Entering safepoint region: RevokeBias
[1227.747s][info ][safepoint      ] Leaving safepoint region
[1227.747s][info ][safepoint      ] Total time for which application threads were stopped: 0.0000198 seconds, Stopping threads took: 0.0000036 seconds
[1227.747s][info ][safepoint      ] Application time: 0.0001110 seconds
[1227.747s][info ][safepoint      ] Entering safepoint region: RevokeBias
[1227.747s][info ][safepoint      ] Leaving safepoint region
[1227.747s][info ][safepoint      ] Total time for which application threads were stopped: 0.0000180 seconds, Stopping threads took: 0.0000038 seconds
[1227.747s][info ][safepoint      ] Application time: 0.0000373 seconds
[1227.747s][info ][safepoint      ] Entering safepoint region: RevokeBias
[1227.747s][info ][safepoint      ] Leaving safepoint region
[1227.747s][info ][safepoint      ] Total time for which application threads were stopped: 0.0000226 seconds, Stopping threads took: 0.0000050 seconds
[1227.747s][info ][safepoint      ] Application time: 0.0000378 seconds
[1227.747s][info ][safepoint      ] Entering safepoint region: RevokeBias
[1227.747s][info ][safepoint      ] Leaving safepoint region
[1227.747s][info ][safepoint      ] Total time for which application threads were stopped: 0.0000215 seconds, Stopping threads took: 0.0000046 seconds
[1227.748s][info ][safepoint      ] Application time: 0.0000790 seconds
[1227.748s][info ][safepoint      ] Entering safepoint region: RevokeBias
[1227.748s][info ][safepoint      ] Leaving safepoint region
[1227.748s][info ][safepoint      ] Total time for which application threads were stopped: 0.0000291 seconds, Stopping threads took: 0.0000037 seconds
[1228.439s][info ][safepoint      ] Application time: 0.6912893 seconds
[1228.439s][info ][safepoint      ] Entering safepoint region: ParallelGCFailedAllocation
[1228.439s][info ][gc,start       ] GC(159) Pause Young (Allocation Failure)
[1228.448s][debug][gc,phases      ] GC(159) Scavenge 9.432ms
[1228.448s][debug][gc,ref         ] GC(159) Skipped phase1 of Reference Processing due to unavailable references
[1228.449s][debug][gc,phases      ] GC(159) Reference Processing 0.064ms
[1228.449s][debug][gc,phases      ] GC(159) Weak Processing 0.148ms
[1228.449s][debug][gc,phases      ] GC(159) Scrub String Table 0.478ms
[1228.449s][debug][gc,age         ] GC(159) Desired survivor size 24641536 bytes, new threshold 15 (max threshold 15)
[1228.449s][info ][gc,heap        ] GC(159) PSYoungGen: 2056304K->20426K(2069504K)
[1228.449s][info ][gc,heap        ] GC(159) ParOldGen: 314975K->331367K(391168K)
[1228.449s][info ][gc,metaspace   ] GC(159) Metaspace: 74985K->74985K(1118208K)
[1228.449s][info ][gc             ] GC(159) Pause Young (Allocation Failure) 2315M->343M(2403M) 10.256ms
[1228.449s][info ][gc,cpu         ] GC(159) User=0.04s Sys=0.00s Real=0.02s
[1228.449s][info ][safepoint      ] Leaving safepoint region
[1228.449s][info ][safepoint      ] Total time for which application threads were stopped: 0.0104159 seconds, Stopping threads took: 0.0000140 seconds
[1232.450s][info ][safepoint      ] Application time: 4.0002795 seconds
[1232.450s][info ][safepoint      ] Entering safepoint region: Cleanup
[1232.450s][info ][safepoint      ] Leaving safepoint region
[1232.450s][info ][safepoint      ] Total time for which application threads were stopped: 0.0000809 seconds, Stopping threads took: 0.0000122 seconds
[1234.450s][info ][safepoint      ] Application time: 2.0001191 seconds
[1234.450s][info ][safepoint      ] Entering safepoint region: Cleanup
[1234.450s][info ][safepoint      ] Leaving safepoint region
[1234.450s][info ][safepoint      ] Total time for which application threads were stopped: 0.0000801 seconds, Stopping threads took: 0.0000176 seconds
[1235.450s][info ][safepoint      ] Application time: 1.0000738 seconds
[1235.450s][info ][safepoint      ] Entering safepoint region: Cleanup
[1235.450s][info ][safepoint      ] Leaving safepoint region
[1235.450s][info ][safepoint      ] Total time for which application threads were stopped: 0.0000748 seconds, Stopping threads took: 0.0000145 seconds
[1236.450s][info ][safepoint      ] Application time: 1.0000693 seconds
[1236.450s][info ][safepoint      ] Entering safepoint region: Cleanup
[1236.450s][info ][safepoint      ] Leaving safepoint region
[1236.450s][info ][safepoint      ] Total time for which application threads were stopped: 0.0000732 seconds, Stopping threads took: 0.0000129 seconds
[1239.379s][info ][safepoint      ] Application time: 2.9283992 seconds
[1239.379s][info ][safepoint      ] Entering safepoint region: ParallelGCFailedAllocation
[1239.379s][info ][gc,start       ] GC(160) Pause Young (Allocation Failure)
[1239.385s][debug][gc,phases      ] GC(160) Scavenge 6.434ms
[1239.385s][debug][gc,ref         ] GC(160) Skipped phase1 of Reference Processing due to unavailable references
[1239.385s][debug][gc,ref         ] GC(160) Skipped phase3 of Reference Processing due to unavailable references
[1239.386s][debug][gc,phases      ] GC(160) Reference Processing 0.032ms
[1239.386s][debug][gc,phases      ] GC(160) Weak Processing 0.148ms
[1239.386s][debug][gc,phases      ] GC(160) Scrub String Table 0.450ms
[1239.386s][debug][gc,age         ] GC(160) Desired survivor size 28311552 bytes, new threshold 15 (max threshold 15)
[1239.386s][info ][gc,heap        ] GC(160) PSYoungGen: 2069450K->20330K(2069504K)
[1239.386s][info ][gc,heap        ] GC(160) ParOldGen: 331367K->331367K(391168K)
[1239.386s][info ][gc,metaspace   ] GC(160) Metaspace: 74988K->74988K(1118208K)
[1239.386s][info ][gc             ] GC(160) Pause Young (Allocation Failure) 2344M->343M(2403M) 7.219ms
[1239.386s][info ][gc,cpu         ] GC(160) User=0.03s Sys=0.00s Real=0.01s
[1239.386s][info ][safepoint      ] Leaving safepoint region
[1239.386s][info ][safepoint      ] Total time for which application threads were stopped: 0.0074530 seconds, Stopping threads took: 0.0000781 seconds
[1241.386s][info ][safepoint      ] Application time: 2.0001724 seconds
[1241.386s][info ][safepoint      ] Entering safepoint region: Cleanup
[1241.387s][info ][safepoint      ] Leaving safepoint region
[1241.387s][info ][safepoint      ] Total time for which application threads were stopped: 0.0001007 seconds, Stopping threads took: 0.0000371 seconds
[1243.387s][info ][safepoint      ] Application time: 2.0001493 seconds
[1243.387s][info ][safepoint      ] Entering safepoint region: Cleanup
[1243.387s][info ][safepoint      ] Leaving safepoint region
[1243.387s][info ][safepoint      ] Total time for which application threads were stopped: 0.0001149 seconds, Stopping threads took: 0.0000346 seconds
[1248.387s][info ][safepoint      ] Application time: 5.0003529 seconds
[1248.387s][info ][safepoint      ] Entering safepoint region: Cleanup
[1248.387s][info ][safepoint      ] Leaving safepoint region
[1248.387s][info ][safepoint      ] Total time for which application threads were stopped: 0.0001158 seconds, Stopping threads took: 0.0000514 seconds
[1250.480s][info ][safepoint      ] Application time: 2.0926711 seconds
[1250.480s][info ][safepoint      ] Entering safepoint region: ParallelGCFailedAllocation
[1250.480s][info ][gc,start       ] GC(161) Pause Young (Allocation Failure)
[1250.487s][debug][gc,phases      ] GC(161) Scavenge 6.588ms
[1250.487s][debug][gc,ref         ] GC(161) Skipped phase1 of Reference Processing due to unavailable references
[1250.487s][debug][gc,ref         ] GC(161) Skipped phase3 of Reference Processing due to unavailable references
[1250.487s][debug][gc,phases      ] GC(161) Reference Processing 0.043ms
[1250.487s][debug][gc,phases      ] GC(161) Weak Processing 0.184ms
[1250.488s][debug][gc,phases      ] GC(161) Scrub String Table 0.600ms
[1250.488s][debug][gc,age         ] GC(161) Desired survivor size 30932992 bytes, new threshold 15 (max threshold 15)
[1250.488s][info ][gc,heap        ] GC(161) PSYoungGen: 2069354K->20378K(2064384K)
[1250.488s][info ][gc,heap        ] GC(161) ParOldGen: 331367K->331367K(391168K)
[1250.488s][info ][gc,metaspace   ] GC(161) Metaspace: 74988K->74988K(1118208K)
[1250.488s][info ][gc             ] GC(161) Pause Young (Allocation Failure) 2344M->343M(2398M) 7.602ms
[1250.488s][info ][gc,cpu         ] GC(161) User=0.02s Sys=0.00s Real=0.01s
[1250.488s][info ][safepoint      ] Leaving safepoint region
[1250.488s][info ][safepoint      ] Total time for which application threads were stopped: 0.0077780 seconds, Stopping threads took: 0.0000137 seconds
[1254.488s][info ][safepoint      ] Application time: 4.0002572 seconds
[1254.488s][info ][safepoint      ] Entering safepoint region: Cleanup
[1254.488s][info ][safepoint      ] Leaving safepoint region
[1254.488s][info ][safepoint      ] Total time for which application threads were stopped: 0.0001199 seconds, Stopping threads took: 0.0000550 seconds
[1261.489s][info ][safepoint      ] Application time: 7.0004782 seconds
[1261.489s][info ][safepoint      ] Entering safepoint region: Cleanup
[1261.489s][info ][safepoint      ] Leaving safepoint region
[1261.489s][info ][safepoint      ] Total time for which application threads were stopped: 0.0001094 seconds, Stopping threads took: 0.0000387 seconds
[1261.638s][info ][safepoint      ] Application time: 0.1492575 seconds
[1261.638s][info ][safepoint      ] Entering safepoint region: ParallelGCFailedAllocation
[1261.638s][info ][gc,start       ] GC(162) Pause Young (Allocation Failure)
[1261.644s][debug][gc,phases      ] GC(162) Scavenge 5.641ms
[1261.644s][debug][gc,ref         ] GC(162) Skipped phase1 of Reference Processing due to unavailable references
[1261.644s][debug][gc,ref         ] GC(162) Skipped phase3 of Reference Processing due to unavailable references
[1261.644s][debug][gc,phases      ] GC(162) Reference Processing 0.030ms
[1261.644s][debug][gc,phases      ] GC(162) Weak Processing 0.130ms
[1261.645s][debug][gc,phases      ] GC(162) Scrub String Table 0.449ms
[1261.645s][debug][gc,age         ] GC(162) Desired survivor size 33030144 bytes, new threshold 15 (max threshold 15)
[1261.645s][info ][gc,heap        ] GC(162) PSYoungGen: 2057114K->20330K(2057216K)
[1261.645s][info ][gc,heap        ] GC(162) ParOldGen: 331367K->331367K(391168K)
[1261.645s][info ][gc,metaspace   ] GC(162) Metaspace: 74988K->74988K(1118208K)
[1261.645s][info ][gc             ] GC(162) Pause Young (Allocation Failure) 2332M->343M(2391M) 6.375ms
[1261.645s][info ][gc,cpu         ] GC(162) User=0.02s Sys=0.00s Real=0.01s
[1261.645s][info ][safepoint      ] Leaving safepoint region
[1261.645s][info ][safepoint      ] Total time for which application threads were stopped: 0.0065351 seconds, Stopping threads took: 0.0000136 seconds
[1272.925s][info ][safepoint      ] Application time: 11.2806587 seconds
[1272.925s][info ][safepoint      ] Entering safepoint region: ParallelGCFailedAllocation
[1272.926s][info ][gc,start       ] GC(163) Pause Young (Allocation Failure)
[1272.932s][debug][gc,phases      ] GC(163) Scavenge 6.414ms
[1272.932s][debug][gc,ref         ] GC(163) Skipped phase1 of Reference Processing due to unavailable references
[1272.932s][debug][gc,ref         ] GC(163) Skipped phase3 of Reference Processing due to unavailable references
[1272.932s][debug][gc,phases      ] GC(163) Reference Processing 0.031ms
[1272.932s][debug][gc,phases      ] GC(163) Weak Processing 0.155ms
[1272.933s][debug][gc,phases      ] GC(163) Scrub String Table 0.549ms
[1272.933s][debug][gc,age         ] GC(163) Desired survivor size 34078720 bytes, new threshold 15 (max threshold 15)
[1272.933s][info ][gc,heap        ] GC(163) PSYoungGen: 2057066K->20154K(2062848K)
[1272.933s][info ][gc,heap        ] GC(163) ParOldGen: 331367K->331367K(391168K)
[1272.933s][info ][gc,metaspace   ] GC(163) Metaspace: 74988K->74988K(1118208K)
[1272.933s][info ][gc             ] GC(163) Pause Young (Allocation Failure) 2332M->343M(2396M) 7.282ms
[1272.933s][info ][gc,cpu         ] GC(163) User=0.03s Sys=0.00s Real=0.01s
[1272.933s][info ][safepoint      ] Leaving safepoint region
[1272.933s][info ][safepoint      ] Total time for which application threads were stopped: 0.0074443 seconds, Stopping threads took: 0.0000139 seconds
[1273.933s][info ][safepoint      ] Application time: 1.0000794 seconds
[1273.933s][info ][safepoint      ] Entering safepoint region: Cleanup
[1273.933s][info ][safepoint      ] Leaving safepoint region
[1273.933s][info ][safepoint      ] Total time for which application threads were stopped: 0.0001160 seconds, Stopping threads took: 0.0000345 seconds
[1276.350s][info ][safepoint      ] Application time: 2.4167200 seconds
[1276.350s][info ][safepoint      ] Entering safepoint region: RevokeBias
[1276.350s][info ][safepoint      ] Leaving safepoint region
[1276.350s][info ][safepoint      ] Total time for which application threads were stopped: 0.0001053 seconds, Stopping threads took: 0.0000139 seconds
[1286.379s][info ][safepoint      ] Application time: 10.0291571 seconds
[1286.379s][info ][safepoint      ] Entering safepoint region: ParallelGCFailedAllocation
[1286.379s][info ][gc,start       ] GC(164) Pause Young (Allocation Failure)
[1286.382s][debug][gc,phases      ] GC(164) Scavenge 2.673ms
[1286.382s][debug][gc,ref         ] GC(164) Skipped phase1 of Reference Processing due to unavailable references
[1286.382s][debug][gc,ref         ] GC(164) Skipped phase3 of Reference Processing due to unavailable references
[1286.382s][debug][gc,phases      ] GC(164) Reference Processing 0.029ms
[1286.382s][debug][gc,phases      ] GC(164) Weak Processing 0.145ms
[1286.383s][debug][gc,phases      ] GC(164) Scrub String Table 0.494ms
[1286.383s][debug][gc,age         ] GC(164) Desired survivor size 33030144 bytes, new threshold 15 (max threshold 15)
[1286.383s][info ][gc,heap        ] GC(164) PSYoungGen: 2050746K->5712K(2063872K)
[1286.383s][info ][gc,heap        ] GC(164) ParOldGen: 331367K->331367K(391168K)
[1286.383s][info ][gc,metaspace   ] GC(164) Metaspace: 74991K->74991K(1118208K)
[1286.383s][info ][gc             ] GC(164) Pause Young (Allocation Failure) 2326M->329M(2397M) 3.475ms
[1286.383s][info ][gc,cpu         ] GC(164) User=0.01s Sys=0.00s Real=0.01s
[1286.383s][info ][safepoint      ] Leaving safepoint region
[1286.383s][info ][safepoint      ] Total time for which application threads were stopped: 0.0036613 seconds, Stopping threads took: 0.0000216 seconds
[1286.383s][info ][safepoint      ] Application time: 0.0001010 seconds
[1286.383s][info ][safepoint      ] Entering safepoint region: RevokeBias
[1286.383s][info ][safepoint      ] Leaving safepoint region
[1286.383s][info ][safepoint      ] Total time for which application threads were stopped: 0.0001139 seconds, Stopping threads took: 0.0000499 seconds
[1300.380s][info ][safepoint      ] Application time: 13.9970965 seconds
[1300.380s][info ][safepoint      ] Entering safepoint region: ParallelGCFailedAllocation
[1300.380s][info ][gc,start       ] GC(165) Pause Young (Allocation Failure)
[1300.383s][debug][gc,phases      ] GC(165) Scavenge 2.786ms
[1300.383s][debug][gc,ref         ] GC(165) Skipped phase1 of Reference Processing due to unavailable references
[1300.383s][debug][gc,ref         ] GC(165) Skipped phase3 of Reference Processing due to unavailable references
[1300.383s][debug][gc,phases      ] GC(165) Reference Processing 0.029ms
[1300.383s][debug][gc,phases      ] GC(165) Weak Processing 0.139ms
[1300.384s][debug][gc,phases      ] GC(165) Scrub String Table 0.461ms
[1300.384s][debug][gc,age         ] GC(165) Desired survivor size 31981568 bytes, new threshold 15 (max threshold 15)
[1300.384s][info ][gc,heap        ] GC(165) PSYoungGen: 2036304K->5824K(2065920K)
[1300.384s][info ][gc,heap        ] GC(165) ParOldGen: 331367K->331367K(391168K)
[1300.384s][info ][gc,metaspace   ] GC(165) Metaspace: 74991K->74991K(1118208K)
[1300.384s][info ][gc             ] GC(165) Pause Young (Allocation Failure) 2312M->329M(2399M) 3.542ms
[1300.384s][info ][gc,cpu         ] GC(165) User=0.02s Sys=0.00s Real=0.00s
[1300.384s][info ][safepoint      ] Leaving safepoint region
[1300.384s][info ][safepoint      ] Total time for which application threads were stopped: 0.0036954 seconds, Stopping threads took: 0.0000142 seconds
[1314.430s][info ][safepoint      ] Application time: 14.0456457 seconds
[1314.430s][info ][safepoint      ] Entering safepoint region: ParallelGCFailedAllocation
[1314.430s][info ][gc,start       ] GC(166) Pause Young (Allocation Failure)
[1314.432s][debug][gc,phases      ] GC(166) Scavenge 2.558ms
[1314.432s][debug][gc,ref         ] GC(166) Skipped phase1 of Reference Processing due to unavailable references
[1314.432s][debug][gc,ref         ] GC(166) Skipped phase3 of Reference Processing due to unavailable references
[1314.432s][debug][gc,phases      ] GC(166) Reference Processing 0.039ms
[1314.433s][debug][gc,phases      ] GC(166) Weak Processing 0.166ms
[1314.433s][debug][gc,phases      ] GC(166) Scrub String Table 0.665ms
[1314.433s][debug][gc,age         ] GC(166) Desired survivor size 30408704 bytes, new threshold 15 (max threshold 15)
[1314.433s][info ][gc,heap        ] GC(166) PSYoungGen: 2039488K->5760K(2064896K)
[1314.433s][info ][gc,heap        ] GC(166) ParOldGen: 331367K->331367K(391168K)
[1314.433s][info ][gc,metaspace   ] GC(166) Metaspace: 74991K->74991K(1118208K)
[1314.433s][info ][gc             ] GC(166) Pause Young (Allocation Failure) 2315M->329M(2398M) 3.605ms
[1314.433s][info ][gc,cpu         ] GC(166) User=0.01s Sys=0.00s Real=0.00s
[1314.433s][info ][safepoint      ] Leaving safepoint region
[1314.433s][info ][safepoint      ] Total time for which application threads were stopped: 0.0037859 seconds, Stopping threads took: 0.0000304 seconds
[1328.489s][info ][safepoint      ] Application time: 14.0560159 seconds
[1328.489s][info ][safepoint      ] Entering safepoint region: ParallelGCFailedAllocation
[1328.490s][info ][gc,start       ] GC(167) Pause Young (Allocation Failure)
[1328.492s][debug][gc,phases      ] GC(167) Scavenge 2.526ms
[1328.492s][debug][gc,ref         ] GC(167) Skipped phase1 of Reference Processing due to unavailable references
[1328.492s][debug][gc,ref         ] GC(167) Skipped phase3 of Reference Processing due to unavailable references
[1328.492s][debug][gc,phases      ] GC(167) Reference Processing 0.029ms
[1328.492s][debug][gc,phases      ] GC(167) Weak Processing 0.139ms
[1328.493s][debug][gc,phases      ] GC(167) Scrub String Table 0.473ms
[1328.493s][debug][gc,age         ] GC(167) Desired survivor size 29360128 bytes, new threshold 15 (max threshold 15)
[1328.493s][info ][gc,heap        ] GC(167) PSYoungGen: 2039424K->5776K(2068480K)
[1328.493s][info ][gc,heap        ] GC(167) ParOldGen: 331367K->331367K(391168K)
[1328.493s][info ][gc,metaspace   ] GC(167) Metaspace: 74991K->74991K(1118208K)
[1328.493s][info ][gc             ] GC(167) Pause Young (Allocation Failure) 2315M->329M(2402M) 3.297ms
[1328.493s][info ][gc,cpu         ] GC(167) User=0.01s Sys=0.00s Real=0.00s
[1328.493s][info ][safepoint      ] Leaving safepoint region
[1328.493s][info ][safepoint      ] Total time for which application threads were stopped: 0.0034454 seconds, Stopping threads took: 0.0000134 seconds
[1333.763s][info ][safepoint      ] Application time: 5.2699000 seconds
[1333.763s][info ][safepoint      ] Entering safepoint region: RevokeBias
[1333.763s][info ][safepoint      ] Leaving safepoint region
[1333.763s][info ][safepoint      ] Total time for which application threads were stopped: 0.0000748 seconds, Stopping threads took: 0.0000190 seconds
[1333.779s][info ][safepoint      ] Application time: 0.0160963 seconds
[1333.779s][info ][safepoint      ] Entering safepoint region: RevokeBias
[1333.779s][info ][safepoint      ] Leaving safepoint region
[1333.779s][info ][safepoint      ] Total time for which application threads were stopped: 0.0001191 seconds, Stopping threads took: 0.0000307 seconds
[1342.623s][info ][safepoint      ] Application time: 8.8441579 seconds
[1342.623s][info ][safepoint      ] Entering safepoint region: ParallelGCFailedAllocation
[1342.623s][info ][gc,start       ] GC(168) Pause Young (Allocation Failure)
[1342.626s][debug][gc,phases      ] GC(168) Scavenge 2.549ms
[1342.626s][debug][gc,ref         ] GC(168) Skipped phase1 of Reference Processing due to unavailable references
[1342.626s][debug][gc,ref         ] GC(168) Skipped phase3 of Reference Processing due to unavailable references
[1342.626s][debug][gc,phases      ] GC(168) Reference Processing 0.028ms
[1342.626s][debug][gc,phases      ] GC(168) Weak Processing 0.135ms
[1342.627s][debug][gc,phases      ] GC(168) Scrub String Table 0.455ms
[1342.627s][debug][gc,age         ] GC(168) Desired survivor size 27787264 bytes, new threshold 15 (max threshold 15)
[1342.627s][info ][gc,heap        ] GC(168) PSYoungGen: 2044560K->5792K(2067456K)
[1342.627s][info ][gc,heap        ] GC(168) ParOldGen: 331367K->331367K(391168K)
[1342.627s][info ][gc,metaspace   ] GC(168) Metaspace: 74991K->74991K(1118208K)
[1342.627s][info ][gc             ] GC(168) Pause Young (Allocation Failure) 2320M->329M(2401M) 3.281ms
[1342.627s][info ][gc,cpu         ] GC(168) User=0.01s Sys=0.00s Real=0.00s
[1342.627s][info ][safepoint      ] Leaving safepoint region
[1342.627s][info ][safepoint      ] Total time for which application threads were stopped: 0.0034528 seconds, Stopping threads took: 0.0000119 seconds
[1345.627s][info ][safepoint      ] Application time: 3.0002101 seconds
[1345.627s][info ][safepoint      ] Entering safepoint region: Cleanup
[1345.627s][info ][safepoint      ] Leaving safepoint region
[1345.627s][info ][safepoint      ] Total time for which application threads were stopped: 0.0001350 seconds, Stopping threads took: 0.0000657 seconds
[1346.627s][info ][safepoint      ] Application time: 1.0000832 seconds
[1346.627s][info ][safepoint      ] Entering safepoint region: Cleanup
[1346.627s][info ][safepoint      ] Leaving safepoint region
[1346.627s][info ][safepoint      ] Total time for which application threads were stopped: 0.0000969 seconds, Stopping threads took: 0.0000351 seconds
[1356.679s][info ][safepoint      ] Application time: 10.0520163 seconds
[1356.679s][info ][safepoint      ] Entering safepoint region: ParallelGCFailedAllocation
[1356.680s][info ][gc,start       ] GC(169) Pause Young (Allocation Failure)
[1356.682s][debug][gc,phases      ] GC(169) Scavenge 2.832ms
[1356.682s][debug][gc,ref         ] GC(169) Skipped phase1 of Reference Processing due to unavailable references
[1356.682s][debug][gc,ref         ] GC(169) Skipped phase3 of Reference Processing due to unavailable references
[1356.682s][debug][gc,phases      ] GC(169) Reference Processing 0.029ms
[1356.683s][debug][gc,phases      ] GC(169) Weak Processing 0.139ms
[1356.683s][debug][gc,phases      ] GC(169) Scrub String Table 0.441ms
[1356.683s][debug][gc,age         ] GC(169) Desired survivor size 26738688 bytes, new threshold 15 (max threshold 15)
[1356.683s][info ][gc,heap        ] GC(169) PSYoungGen: 2044576K->5760K(2071040K)
[1356.683s][info ][gc,heap        ] GC(169) ParOldGen: 331367K->331367K(391168K)
[1356.683s][info ][gc,metaspace   ] GC(169) Metaspace: 74993K->74993K(1118208K)
[1356.683s][info ][gc             ] GC(169) Pause Young (Allocation Failure) 2320M->329M(2404M) 3.561ms
[1356.683s][info ][gc,cpu         ] GC(169) User=0.01s Sys=0.00s Real=0.01s
[1356.683s][info ][safepoint      ] Leaving safepoint region
[1356.683s][info ][safepoint      ] Total time for which application threads were stopped: 0.0037059 seconds, Stopping threads took: 0.0000118 seconds
[1370.837s][info ][safepoint      ] Application time: 14.1538103 seconds
[1370.837s][info ][safepoint      ] Entering safepoint region: ParallelGCFailedAllocation
[1370.837s][info ][gc,start       ] GC(170) Pause Young (Allocation Failure)
[1370.840s][debug][gc,phases      ] GC(170) Scavenge 2.485ms
[1370.840s][debug][gc,ref         ] GC(170) Skipped phase1 of Reference Processing due to unavailable references
[1370.840s][debug][gc,ref         ] GC(170) Skipped phase3 of Reference Processing due to unavailable references
[1370.840s][debug][gc,phases      ] GC(170) Reference Processing 0.031ms
[1370.840s][debug][gc,phases      ] GC(170) Weak Processing 0.125ms
[1370.840s][debug][gc,phases      ] GC(170) Scrub String Table 0.453ms
[1370.840s][debug][gc,age         ] GC(170) Desired survivor size 25690112 bytes, new threshold 15 (max threshold 15)
[1370.840s][info ][gc,heap        ] GC(170) PSYoungGen: 2049664K->5776K(2070016K)
[1370.840s][info ][gc,heap        ] GC(170) ParOldGen: 331367K->331367K(391168K)
[1370.840s][info ][gc,metaspace   ] GC(170) Metaspace: 74993K->74993K(1118208K)
[1370.840s][info ][gc             ] GC(170) Pause Young (Allocation Failure) 2325M->329M(2403M) 3.325ms
[1370.840s][info ][gc,cpu         ] GC(170) User=0.01s Sys=0.01s Real=0.01s
[1370.840s][info ][safepoint      ] Leaving safepoint region
[1370.840s][info ][safepoint      ] Total time for which application threads were stopped: 0.0034737 seconds, Stopping threads took: 0.0000144 seconds
[1375.841s][info ][safepoint      ] Application time: 5.0002659 seconds
[1375.841s][info ][safepoint      ] Entering safepoint region: Cleanup
[1375.841s][info ][safepoint      ] Leaving safepoint region
[1375.841s][info ][safepoint      ] Total time for which application threads were stopped: 0.0000962 seconds, Stopping threads took: 0.0000420 seconds
[1384.734s][info ][safepoint      ] Application time: 8.8926343 seconds
[1384.734s][info ][safepoint      ] Entering safepoint region: ParallelGCFailedAllocation
[1384.734s][info ][gc,start       ] GC(171) Pause Young (Allocation Failure)
[1384.737s][debug][gc,phases      ] GC(171) Scavenge 2.864ms
[1384.737s][debug][gc,ref         ] GC(171) Skipped phase1 of Reference Processing due to unavailable references
[1384.737s][debug][gc,ref         ] GC(171) Skipped phase3 of Reference Processing due to unavailable references
[1384.737s][debug][gc,phases      ] GC(171) Reference Processing 0.026ms
[1384.737s][debug][gc,phases      ] GC(171) Weak Processing 0.134ms
[1384.737s][debug][gc,phases      ] GC(171) Scrub String Table 0.467ms
[1384.737s][debug][gc,age         ] GC(171) Desired survivor size 24641536 bytes, new threshold 15 (max threshold 15)
[1384.737s][info ][gc,heap        ] GC(171) PSYoungGen: 2049680K->5808K(2073088K)
[1384.737s][info ][gc,heap        ] GC(171) ParOldGen: 331367K->331367K(391168K)
[1384.737s][info ][gc,metaspace   ] GC(171) Metaspace: 74993K->74993K(1118208K)
[1384.737s][info ][gc             ] GC(171) Pause Young (Allocation Failure) 2325M->329M(2406M) 3.602ms
[1384.737s][info ][gc,cpu         ] GC(171) User=0.01s Sys=0.00s Real=0.00s
[1384.737s][info ][safepoint      ] Leaving safepoint region
[1384.737s][info ][safepoint      ] Total time for which application threads were stopped: 0.0037789 seconds, Stopping threads took: 0.0000132 seconds
[1393.763s][info ][safepoint      ] Application time: 9.0254408 seconds
[1393.763s][info ][safepoint      ] Entering safepoint region: RevokeBias
[1393.763s][info ][safepoint      ] Leaving safepoint region
[1393.763s][info ][safepoint      ] Total time for which application threads were stopped: 0.0000995 seconds, Stopping threads took: 0.0000192 seconds
[1395.763s][info ][safepoint      ] Application time: 2.0001688 seconds
[1395.763s][info ][safepoint      ] Entering safepoint region: Cleanup
[1395.763s][info ][safepoint      ] Leaving safepoint region
[1395.763s][info ][safepoint      ] Total time for which application threads were stopped: 0.0000798 seconds, Stopping threads took: 0.0000146 seconds
[1398.982s][info ][safepoint      ] Application time: 3.2185546 seconds
[1398.982s][info ][safepoint      ] Entering safepoint region: ParallelGCFailedAllocation
[1398.982s][info ][gc,start       ] GC(172) Pause Young (Allocation Failure)
[1398.985s][debug][gc,phases      ] GC(172) Scavenge 2.576ms
[1398.985s][debug][gc,ref         ] GC(172) Skipped phase1 of Reference Processing due to unavailable references
[1398.985s][debug][gc,ref         ] GC(172) Skipped phase3 of Reference Processing due to unavailable references
[1398.985s][debug][gc,phases      ] GC(172) Reference Processing 0.029ms
[1398.985s][debug][gc,phases      ] GC(172) Weak Processing 0.121ms
[1398.985s][debug][gc,phases      ] GC(172) Scrub String Table 0.471ms
[1398.985s][debug][gc,age         ] GC(172) Desired survivor size 23068672 bytes, new threshold 15 (max threshold 15)
[1398.985s][info ][gc,heap        ] GC(172) PSYoungGen: 2053808K->5680K(2072064K)
[1398.985s][info ][gc,heap        ] GC(172) ParOldGen: 331367K->331499K(391168K)
[1398.985s][info ][gc,metaspace   ] GC(172) Metaspace: 74994K->74994K(1118208K)
[1398.985s][info ][gc             ] GC(172) Pause Young (Allocation Failure) 2329M->329M(2405M) 3.330ms
[1398.985s][info ][gc,cpu         ] GC(172) User=0.01s Sys=0.00s Real=0.00s
[1398.985s][info ][safepoint      ] Leaving safepoint region
[1398.985s][info ][safepoint      ] Total time for which application threads were stopped: 0.0034869 seconds, Stopping threads took: 0.0000135 seconds
[1413.270s][info ][safepoint      ] Application time: 14.2851015 seconds
[1413.270s][info ][safepoint      ] Entering safepoint region: ParallelGCFailedAllocation
[1413.271s][info ][gc,start       ] GC(173) Pause Young (Allocation Failure)
[1413.273s][debug][gc,phases      ] GC(173) Scavenge 2.376ms
[1413.273s][debug][gc,ref         ] GC(173) Skipped phase1 of Reference Processing due to unavailable references
[1413.273s][debug][gc,ref         ] GC(173) Skipped phase3 of Reference Processing due to unavailable references
[1413.273s][debug][gc,phases      ] GC(173) Reference Processing 0.028ms
[1413.273s][debug][gc,phases      ] GC(173) Weak Processing 0.135ms
[1413.274s][debug][gc,phases      ] GC(173) Scrub String Table 0.442ms
[1413.274s][debug][gc,age         ] GC(173) Desired survivor size 22544384 bytes, new threshold 15 (max threshold 15)
[1413.274s][info ][gc,heap        ] GC(173) PSYoungGen: 2053680K->5456K(2075136K)
[1413.274s][info ][gc,heap        ] GC(173) ParOldGen: 331499K->331715K(391168K)
[1413.274s][info ][gc,metaspace   ] GC(173) Metaspace: 74994K->74994K(1118208K)
[1413.274s][info ][gc             ] GC(173) Pause Young (Allocation Failure) 2329M->329M(2408M) 3.097ms
[1413.274s][info ][gc,cpu         ] GC(173) User=0.01s Sys=0.00s Real=0.00s
[1413.274s][info ][safepoint      ] Leaving safepoint region
[1413.274s][info ][safepoint      ] Total time for which application threads were stopped: 0.0032698 seconds, Stopping threads took: 0.0000389 seconds
[1418.811s][info ][safepoint      ] Application time: 5.5377003 seconds
[1418.811s][info ][safepoint      ] Entering safepoint region: RevokeBias
[1418.812s][info ][safepoint      ] Leaving safepoint region
[1418.812s][info ][safepoint      ] Total time for which application threads were stopped: 0.0000853 seconds, Stopping threads took: 0.0000138 seconds
[1418.812s][info ][safepoint      ] Application time: 0.0002262 seconds
[1418.812s][info ][safepoint      ] Entering safepoint region: RevokeBias
[1418.812s][info ][safepoint      ] Leaving safepoint region
[1418.812s][info ][safepoint      ] Total time for which application threads were stopped: 0.0000363 seconds, Stopping threads took: 0.0000060 seconds
[1418.919s][info ][safepoint      ] Application time: 0.1070909 seconds
[1418.919s][info ][safepoint      ] Entering safepoint region: RevokeBias
[1418.919s][info ][safepoint      ] Leaving safepoint region
[1418.919s][info ][safepoint      ] Total time for which application threads were stopped: 0.0000822 seconds, Stopping threads took: 0.0000125 seconds
[1420.072s][info ][safepoint      ] Application time: 1.1532642 seconds
[1420.072s][info ][safepoint      ] Entering safepoint region: RevokeBias
[1420.072s][info ][safepoint      ] Leaving safepoint region
[1420.072s][info ][safepoint      ] Total time for which application threads were stopped: 0.0000867 seconds, Stopping threads took: 0.0000295 seconds
[1420.085s][info ][safepoint      ] Application time: 0.0126108 seconds
[1420.085s][info ][safepoint      ] Entering safepoint region: RevokeBias
[1420.085s][info ][safepoint      ] Leaving safepoint region
[1420.085s][info ][safepoint      ] Total time for which application threads were stopped: 0.0001145 seconds, Stopping threads took: 0.0000304 seconds
[1420.457s][info ][safepoint      ] Application time: 0.3716699 seconds
[1420.457s][info ][safepoint      ] Entering safepoint region: RevokeBias
[1420.457s][info ][safepoint      ] Leaving safepoint region
[1420.457s][info ][safepoint      ] Total time for which application threads were stopped: 0.0001227 seconds, Stopping threads took: 0.0000373 seconds
[1420.491s][info ][safepoint      ] Application time: 0.0337196 seconds
[1420.491s][info ][safepoint      ] Entering safepoint region: RevokeBias
[1420.491s][info ][safepoint      ] Leaving safepoint region
[1420.491s][info ][safepoint      ] Total time for which application threads were stopped: 0.0000753 seconds, Stopping threads took: 0.0000131 seconds
[1421.067s][info ][safepoint      ] Application time: 0.5762700 seconds
[1421.067s][info ][safepoint      ] Entering safepoint region: ICBufferFull
[1421.067s][info ][safepoint      ] Leaving safepoint region
[1421.067s][info ][safepoint      ] Total time for which application threads were stopped: 0.0002985 seconds, Stopping threads took: 0.0000101 seconds
[1422.068s][info ][safepoint      ] Application time: 1.0000792 seconds
[1422.068s][info ][safepoint      ] Entering safepoint region: Cleanup
[1422.068s][info ][safepoint      ] Leaving safepoint region
[1422.068s][info ][safepoint      ] Total time for which application threads were stopped: 0.0002056 seconds, Stopping threads took: 0.0000161 seconds
[1423.068s][info ][safepoint      ] Application time: 1.0000749 seconds
[1423.068s][info ][safepoint      ] Entering safepoint region: Cleanup
[1423.068s][info ][safepoint      ] Leaving safepoint region
[1423.068s][info ][safepoint      ] Total time for which application threads were stopped: 0.0000938 seconds, Stopping threads took: 0.0000211 seconds
[1424.068s][info ][safepoint      ] Application time: 1.0000668 seconds
[1424.068s][info ][safepoint      ] Entering safepoint region: Cleanup
[1424.068s][info ][safepoint      ] Leaving safepoint region
[1424.068s][info ][safepoint      ] Total time for which application threads were stopped: 0.0000817 seconds, Stopping threads took: 0.0000143 seconds
[1424.080s][info ][safepoint      ] Application time: 0.0118453 seconds
[1424.080s][info ][safepoint      ] Entering safepoint region: ParallelGCFailedAllocation
[1424.080s][info ][gc,start       ] GC(174) Pause Young (Allocation Failure)
[1424.089s][debug][gc,phases      ] GC(174) Scavenge 9.192ms
[1424.089s][debug][gc,ref         ] GC(174) Skipped phase1 of Reference Processing due to unavailable references
[1424.089s][debug][gc,ref         ] GC(174) Skipped phase3 of Reference Processing due to unavailable references
[1424.089s][debug][gc,phases      ] GC(174) Reference Processing 0.031ms
[1424.090s][debug][gc,phases      ] GC(174) Weak Processing 0.154ms
[1424.090s][debug][gc,phases      ] GC(174) Scrub String Table 0.491ms
[1424.090s][debug][gc,age         ] GC(174) Desired survivor size 32505856 bytes, new threshold 14 (max threshold 15)
[1424.090s][info ][gc,heap        ] GC(174) PSYoungGen: 2058064K->21994K(2074624K)
[1424.090s][info ][gc,heap        ] GC(174) ParOldGen: 331715K->348044K(391168K)
[1424.090s][info ][gc,metaspace   ] GC(174) Metaspace: 75048K->75048K(1118208K)
[1424.090s][info ][gc             ] GC(174) Pause Young (Allocation Failure) 2333M->361M(2408M) 10.003ms
[1424.090s][info ][gc,cpu         ] GC(174) User=0.04s Sys=0.00s Real=0.01s
[1424.090s][info ][safepoint      ] Leaving safepoint region
[1424.090s][info ][safepoint      ] Total time for which application threads were stopped: 0.0101548 seconds, Stopping threads took: 0.0000094 seconds
[1425.456s][info ][safepoint      ] Application time: 1.3660896 seconds
[1425.456s][info ][safepoint      ] Entering safepoint region: RevokeBias
[1425.456s][info ][safepoint      ] Leaving safepoint region
[1425.456s][info ][safepoint      ] Total time for which application threads were stopped: 0.0000655 seconds, Stopping threads took: 0.0000129 seconds
[1426.456s][info ][safepoint      ] Application time: 1.0000755 seconds
[1426.457s][info ][safepoint      ] Entering safepoint region: Cleanup
[1426.457s][info ][safepoint      ] Leaving safepoint region
[1426.457s][info ][safepoint      ] Total time for which application threads were stopped: 0.0001006 seconds, Stopping threads took: 0.0000329 seconds
[1430.457s][info ][safepoint      ] Application time: 3.9998972 seconds
[1430.457s][info ][safepoint      ] Entering safepoint region: RevokeBias
[1430.457s][info ][safepoint      ] Leaving safepoint region
[1430.457s][info ][safepoint      ] Total time for which application threads were stopped: 0.0000677 seconds, Stopping threads took: 0.0000132 seconds
[1430.457s][info ][safepoint      ] Application time: 0.0001611 seconds
[1430.457s][info ][safepoint      ] Entering safepoint region: RevokeBias
[1430.457s][info ][safepoint      ] Leaving safepoint region
[1430.457s][info ][safepoint      ] Total time for which application threads were stopped: 0.0000227 seconds, Stopping threads took: 0.0000047 seconds
[1430.457s][info ][safepoint      ] Application time: 0.0001123 seconds
[1430.457s][info ][safepoint      ] Entering safepoint region: RevokeBias
[1430.457s][info ][safepoint      ] Leaving safepoint region
[1430.457s][info ][safepoint      ] Total time for which application threads were stopped: 0.0000247 seconds, Stopping threads took: 0.0000053 seconds
[1430.457s][info ][safepoint      ] Application time: 0.0000293 seconds
[1430.457s][info ][safepoint      ] Entering safepoint region: RevokeBias
[1430.457s][info ][safepoint      ] Leaving safepoint region
[1430.457s][info ][safepoint      ] Total time for which application threads were stopped: 0.0000176 seconds, Stopping threads took: 0.0000038 seconds
[1430.457s][info ][safepoint      ] Application time: 0.0000370 seconds
[1430.457s][info ][safepoint      ] Entering safepoint region: RevokeBias
[1430.457s][info ][safepoint      ] Leaving safepoint region
[1430.457s][info ][safepoint      ] Total time for which application threads were stopped: 0.0000180 seconds, Stopping threads took: 0.0000038 seconds
[1430.457s][info ][safepoint      ] Application time: 0.0000701 seconds
[1430.457s][info ][safepoint      ] Entering safepoint region: RevokeBias
[1430.457s][info ][safepoint      ] Leaving safepoint region
[1430.457s][info ][safepoint      ] Total time for which application threads were stopped: 0.0000162 seconds, Stopping threads took: 0.0000035 seconds
[1434.457s][info ][safepoint      ] Application time: 4.0002842 seconds
[1434.458s][info ][safepoint      ] Entering safepoint region: Cleanup
[1434.458s][info ][safepoint      ] Leaving safepoint region
[1434.458s][info ][safepoint      ] Total time for which application threads were stopped: 0.0000850 seconds, Stopping threads took: 0.0000129 seconds
[1435.189s][info ][safepoint      ] Application time: 0.7314087 seconds
[1435.189s][info ][safepoint      ] Entering safepoint region: ParallelGCFailedAllocation
[1435.189s][info ][gc,start       ] GC(175) Pause Young (Allocation Failure)
[1435.194s][debug][gc,phases      ] GC(175) Scavenge 4.480ms
[1435.194s][debug][gc,ref         ] GC(175) Skipped phase1 of Reference Processing due to unavailable references
[1435.194s][debug][gc,phases      ] GC(175) Reference Processing 0.055ms
[1435.194s][debug][gc,phases      ] GC(175) Weak Processing 0.117ms
[1435.194s][debug][gc,phases      ] GC(175) Scrub String Table 0.457ms
[1435.194s][debug][gc,age         ] GC(175) Desired survivor size 34603008 bytes, new threshold 15 (max threshold 15)
[1435.194s][info ][gc,heap        ] GC(175) PSYoungGen: 2074602K->22202K(2052096K)
[1435.194s][info ][gc,heap        ] GC(175) ParOldGen: 348044K->348068K(391168K)
[1435.194s][info ][gc,metaspace   ] GC(175) Metaspace: 75048K->75048K(1118208K)
[1435.194s][info ][gc             ] GC(175) Pause Young (Allocation Failure) 2365M->361M(2386M) 5.243ms
[1435.194s][info ][gc,cpu         ] GC(175) User=0.02s Sys=0.00s Real=0.00s
[1435.194s][info ][safepoint      ] Leaving safepoint region
[1435.194s][info ][safepoint      ] Total time for which application threads were stopped: 0.0054044 seconds, Stopping threads took: 0.0000132 seconds
[1436.195s][info ][safepoint      ] Application time: 1.0000823 seconds
[1436.195s][info ][safepoint      ] Entering safepoint region: Cleanup
[1436.195s][info ][safepoint      ] Leaving safepoint region
[1436.195s][info ][safepoint      ] Total time for which application threads were stopped: 0.0000961 seconds, Stopping threads took: 0.0000298 seconds
[1438.195s][info ][safepoint      ] Application time: 2.0001391 seconds
[1438.195s][info ][safepoint      ] Entering safepoint region: Cleanup
[1438.195s][info ][safepoint      ] Leaving safepoint region
[1438.195s][info ][safepoint      ] Total time for which application threads were stopped: 0.0000861 seconds, Stopping threads took: 0.0000298 seconds
[1443.195s][info ][safepoint      ] Application time: 5.0002997 seconds
[1443.195s][info ][safepoint      ] Entering safepoint region: Cleanup
[1443.195s][info ][safepoint      ] Leaving safepoint region
[1443.195s][info ][safepoint      ] Total time for which application threads were stopped: 0.0000851 seconds, Stopping threads took: 0.0000112 seconds
[1445.195s][info ][safepoint      ] Application time: 2.0001001 seconds
[1445.196s][info ][safepoint      ] Entering safepoint region: Cleanup
[1445.196s][info ][safepoint      ] Leaving safepoint region
[1445.196s][info ][safepoint      ] Total time for which application threads were stopped: 0.0000683 seconds, Stopping threads took: 0.0000125 seconds
[1446.231s][info ][safepoint      ] Application time: 1.0358531 seconds
[1446.231s][info ][safepoint      ] Entering safepoint region: ParallelGCFailedAllocation
[1446.232s][info ][gc,start       ] GC(176) Pause Young (Allocation Failure)
[1446.236s][debug][gc,phases      ] GC(176) Scavenge 4.834ms
[1446.236s][debug][gc,ref         ] GC(176) Skipped phase1 of Reference Processing due to unavailable references
[1446.236s][debug][gc,ref         ] GC(176) Skipped phase3 of Reference Processing due to unavailable references
[1446.237s][debug][gc,phases      ] GC(176) Reference Processing 0.029ms
[1446.237s][debug][gc,phases      ] GC(176) Weak Processing 0.138ms
[1446.237s][debug][gc,phases      ] GC(176) Scrub String Table 0.460ms
[1446.237s][debug][gc,age         ] GC(176) Desired survivor size 36700160 bytes, new threshold 15 (max threshold 15)
[1446.237s][info ][gc,heap        ] GC(176) PSYoungGen: 2051770K->22634K(2052608K)
[1446.237s][info ][gc,heap        ] GC(176) ParOldGen: 348068K->348068K(391168K)
[1446.237s][info ][gc,metaspace   ] GC(176) Metaspace: 75048K->75048K(1118208K)
[1446.237s][info ][gc             ] GC(176) Pause Young (Allocation Failure) 2343M->362M(2386M) 5.588ms
[1446.237s][info ][gc,cpu         ] GC(176) User=0.02s Sys=0.00s Real=0.00s
[1446.237s][info ][safepoint      ] Leaving safepoint region
[1446.237s][info ][safepoint      ] Total time for which application threads were stopped: 0.0057602 seconds, Stopping threads took: 0.0000131 seconds
[1451.238s][info ][safepoint      ] Application time: 5.0002753 seconds
[1451.238s][info ][safepoint      ] Entering safepoint region: Cleanup
[1451.238s][info ][safepoint      ] Leaving safepoint region
[1451.238s][info ][safepoint      ] Total time for which application threads were stopped: 0.0001106 seconds, Stopping threads took: 0.0000321 seconds
[1456.998s][info ][safepoint      ] Application time: 5.7602667 seconds
[1456.998s][info ][safepoint      ] Entering safepoint region: ParallelGCFailedAllocation
[1456.998s][info ][gc,start       ] GC(177) Pause Young (Allocation Failure)
[1457.003s][debug][gc,phases      ] GC(177) Scavenge 4.711ms
[1457.003s][debug][gc,ref         ] GC(177) Skipped phase1 of Reference Processing due to unavailable references
[1457.003s][debug][gc,ref         ] GC(177) Skipped phase3 of Reference Processing due to unavailable references
[1457.003s][debug][gc,phases      ] GC(177) Reference Processing 0.029ms
[1457.003s][debug][gc,phases      ] GC(177) Weak Processing 0.143ms
[1457.004s][debug][gc,phases      ] GC(177) Scrub String Table 0.502ms
[1457.004s][debug][gc,age         ] GC(177) Desired survivor size 37748736 bytes, new threshold 15 (max threshold 15)
[1457.004s][info ][gc,heap        ] GC(177) PSYoungGen: 2052202K->22874K(2059264K)
[1457.004s][info ][gc,heap        ] GC(177) ParOldGen: 348068K->348076K(391168K)
[1457.004s][info ][gc,metaspace   ] GC(177) Metaspace: 75050K->75050K(1118208K)
[1457.004s][info ][gc             ] GC(177) Pause Young (Allocation Failure) 2344M->362M(2393M) 5.523ms
[1457.004s][info ][gc,cpu         ] GC(177) User=0.02s Sys=0.00s Real=0.01s
[1457.004s][info ][safepoint      ] Leaving safepoint region
[1457.004s][info ][safepoint      ] Total time for which application threads were stopped: 0.0057231 seconds, Stopping threads took: 0.0000672 seconds
[1458.004s][info ][safepoint      ] Application time: 1.0000894 seconds
[1458.004s][info ][safepoint      ] Entering safepoint region: Cleanup
[1458.004s][info ][safepoint      ] Leaving safepoint region
[1458.004s][info ][safepoint      ] Total time for which application threads were stopped: 0.0000894 seconds, Stopping threads took: 0.0000172 seconds
[1463.004s][info ][safepoint      ] Application time: 5.0003357 seconds
[1463.004s][info ][safepoint      ] Entering safepoint region: Cleanup
[1463.004s][info ][safepoint      ] Leaving safepoint region
[1463.004s][info ][safepoint      ] Total time for which application threads were stopped: 0.0000915 seconds, Stopping threads took: 0.0000143 seconds
[1467.005s][info ][safepoint      ] Application time: 4.0002804 seconds
[1467.005s][info ][safepoint      ] Entering safepoint region: Cleanup
[1467.005s][info ][safepoint      ] Leaving safepoint region
[1467.005s][info ][safepoint      ] Total time for which application threads were stopped: 0.0000773 seconds, Stopping threads took: 0.0000182 seconds
[1467.674s][info ][safepoint      ] Application time: 0.6695971 seconds
[1467.674s][info ][safepoint      ] Entering safepoint region: ParallelGCFailedAllocation
[1467.675s][info ][gc,start       ] GC(178) Pause Young (Allocation Failure)
[1467.679s][debug][gc,phases      ] GC(178) Scavenge 4.847ms
[1467.679s][debug][gc,ref         ] GC(178) Skipped phase1 of Reference Processing due to unavailable references
[1467.680s][debug][gc,ref         ] GC(178) Skipped phase3 of Reference Processing due to unavailable references
[1467.680s][debug][gc,phases      ] GC(178) Reference Processing 0.040ms
[1467.680s][debug][gc,phases      ] GC(178) Weak Processing 0.137ms
[1467.680s][debug][gc,phases      ] GC(178) Scrub String Table 0.483ms
[1467.680s][debug][gc,age         ] GC(178) Desired survivor size 39321600 bytes, new threshold 15 (max threshold 15)
[1467.680s][info ][gc,heap        ] GC(178) PSYoungGen: 2046298K->24267K(2048000K)
[1467.680s][info ][gc,heap        ] GC(178) ParOldGen: 348076K->348116K(391168K)
[1467.680s][info ][gc,metaspace   ] GC(178) Metaspace: 75050K->75050K(1118208K)
[1467.680s][info ][gc             ] GC(178) Pause Young (Allocation Failure) 2338M->363M(2382M) 5.632ms
[1467.680s][info ][gc,cpu         ] GC(178) User=0.02s Sys=0.00s Real=0.01s
[1467.680s][info ][safepoint      ] Leaving safepoint region
[1467.680s][info ][safepoint      ] Total time for which application threads were stopped: 0.0058127 seconds, Stopping threads took: 0.0000370 seconds
[1468.680s][info ][safepoint      ] Application time: 1.0000867 seconds
[1468.680s][info ][safepoint      ] Entering safepoint region: Cleanup
[1468.680s][info ][safepoint      ] Leaving safepoint region
[1468.680s][info ][safepoint      ] Total time for which application threads were stopped: 0.0001162 seconds, Stopping threads took: 0.0000369 seconds
[1470.681s][info ][safepoint      ] Application time: 2.0001634 seconds
[1470.681s][info ][safepoint      ] Entering safepoint region: Cleanup
[1470.681s][info ][safepoint      ] Leaving safepoint region
[1470.681s][info ][safepoint      ] Total time for which application threads were stopped: 0.0001119 seconds, Stopping threads took: 0.0000346 seconds
[1478.474s][info ][safepoint      ] Application time: 7.7931930 seconds
[1478.474s][info ][safepoint      ] Entering safepoint region: ParallelGCFailedAllocation
[1478.474s][info ][gc,start       ] GC(179) Pause Young (Allocation Failure)
[1478.479s][debug][gc,phases      ] GC(179) Scavenge 5.001ms
[1478.479s][debug][gc,ref         ] GC(179) Skipped phase1 of Reference Processing due to unavailable references
[1478.479s][debug][gc,ref         ] GC(179) Skipped phase3 of Reference Processing due to unavailable references
[1478.479s][debug][gc,phases      ] GC(179) Reference Processing 0.029ms
[1478.479s][debug][gc,phases      ] GC(179) Weak Processing 0.144ms
[1478.480s][debug][gc,phases      ] GC(179) Scrub String Table 0.463ms
[1478.480s][debug][gc,age         ] GC(179) Desired survivor size 40894464 bytes, new threshold 15 (max threshold 15)
[1478.480s][info ][gc,heap        ] GC(179) PSYoungGen: 2047691K->24459K(2055680K)
[1478.480s][info ][gc,heap        ] GC(179) ParOldGen: 348116K->348152K(391168K)
[1478.480s][info ][gc,metaspace   ] GC(179) Metaspace: 75050K->75050K(1118208K)
[1478.480s][info ][gc             ] GC(179) Pause Young (Allocation Failure) 2339M->363M(2389M) 5.802ms
[1478.480s][info ][gc,cpu         ] GC(179) User=0.02s Sys=0.00s Real=0.01s
[1478.480s][info ][safepoint      ] Leaving safepoint region
[1478.480s][info ][safepoint      ] Total time for which application threads were stopped: 0.0059626 seconds, Stopping threads took: 0.0000136 seconds
[1480.480s][info ][safepoint      ] Application time: 2.0001574 seconds
[1480.480s][info ][safepoint      ] Entering safepoint region: Cleanup
[1480.480s][info ][safepoint      ] Leaving safepoint region
[1480.480s][info ][safepoint      ] Total time for which application threads were stopped: 0.0000994 seconds, Stopping threads took: 0.0000323 seconds
[1483.481s][info ][safepoint      ] Application time: 3.0002373 seconds
[1483.481s][info ][safepoint      ] Entering safepoint region: Cleanup
[1483.481s][info ][safepoint      ] Leaving safepoint region
[1483.481s][info ][safepoint      ] Total time for which application threads were stopped: 0.0000951 seconds, Stopping threads took: 0.0000316 seconds
[1489.288s][info ][safepoint      ] Application time: 5.8077499 seconds
[1489.288s][info ][safepoint      ] Entering safepoint region: ParallelGCFailedAllocation
[1489.289s][info ][gc,start       ] GC(180) Pause Young (Allocation Failure)
[1489.293s][debug][gc,phases      ] GC(180) Scavenge 4.843ms
[1489.294s][debug][gc,ref         ] GC(180) Skipped phase1 of Reference Processing due to unavailable references
[1489.294s][debug][gc,ref         ] GC(180) Skipped phase3 of Reference Processing due to unavailable references
[1489.294s][debug][gc,phases      ] GC(180) Reference Processing 0.047ms
[1489.294s][debug][gc,phases      ] GC(180) Weak Processing 0.136ms
[1489.294s][debug][gc,phases      ] GC(180) Scrub String Table 0.441ms
[1489.294s][debug][gc,age         ] GC(180) Desired survivor size 41418752 bytes, new threshold 15 (max threshold 15)
[1489.294s][info ][gc,heap        ] GC(180) PSYoungGen: 2041739K->24603K(2042368K)
[1489.294s][info ][gc,heap        ] GC(180) ParOldGen: 348152K->348176K(391168K)
[1489.294s][info ][gc,metaspace   ] GC(180) Metaspace: 75051K->75051K(1118208K)
[1489.294s][info ][gc             ] GC(180) Pause Young (Allocation Failure) 2333M->364M(2376M) 5.611ms
[1489.294s][info ][gc,cpu         ] GC(180) User=0.02s Sys=0.00s Real=0.00s
[1489.294s][info ][safepoint      ] Leaving safepoint region
[1489.294s][info ][safepoint      ] Total time for which application threads were stopped: 0.0057734 seconds, Stopping threads took: 0.0000120 seconds
[1492.294s][info ][safepoint      ] Application time: 3.0002375 seconds
[1492.295s][info ][safepoint      ] Entering safepoint region: Cleanup
[1492.295s][info ][safepoint      ] Leaving safepoint region
[1492.295s][info ][safepoint      ] Total time for which application threads were stopped: 0.0000769 seconds, Stopping threads took: 0.0000138 seconds
[1494.295s][info ][safepoint      ] Application time: 2.0001413 seconds
[1494.295s][info ][safepoint      ] Entering safepoint region: Cleanup
[1494.295s][info ][safepoint      ] Leaving safepoint region
[1494.295s][info ][safepoint      ] Total time for which application threads were stopped: 0.0000702 seconds, Stopping threads took: 0.0000133 seconds
[1496.295s][info ][safepoint      ] Application time: 2.0001074 seconds
[1496.295s][info ][safepoint      ] Entering safepoint region: Cleanup
[1496.295s][info ][safepoint      ] Leaving safepoint region
[1496.295s][info ][safepoint      ] Total time for which application threads were stopped: 0.0000970 seconds, Stopping threads took: 0.0000346 seconds
[1500.227s][info ][safepoint      ] Application time: 3.9318063 seconds
[1500.227s][info ][safepoint      ] Entering safepoint region: ParallelGCFailedAllocation
[1500.227s][info ][gc,start       ] GC(181) Pause Young (Allocation Failure)
[1500.232s][debug][gc,phases      ] GC(181) Scavenge 5.204ms
[1500.232s][debug][gc,ref         ] GC(181) Skipped phase1 of Reference Processing due to unavailable references
[1500.232s][debug][gc,ref         ] GC(181) Skipped phase3 of Reference Processing due to unavailable references
[1500.232s][debug][gc,phases      ] GC(181) Reference Processing 0.053ms
[1500.233s][debug][gc,phases      ] GC(181) Weak Processing 0.148ms
[1500.233s][debug][gc,phases      ] GC(181) Scrub String Table 0.481ms
[1500.233s][debug][gc,age         ] GC(181) Desired survivor size 41943040 bytes, new threshold 15 (max threshold 15)
[1500.233s][info ][gc,heap        ] GC(181) PSYoungGen: 2041883K->24746K(2055680K)
[1500.233s][info ][gc,heap        ] GC(181) ParOldGen: 348176K->348200K(391168K)
[1500.233s][info ][gc,metaspace   ] GC(181) Metaspace: 75058K->75058K(1118208K)
[1500.233s][info ][gc             ] GC(181) Pause Young (Allocation Failure) 2334M->364M(2389M) 6.027ms
[1500.233s][info ][gc,cpu         ] GC(181) User=0.02s Sys=0.00s Real=0.01s
[1500.233s][info ][safepoint      ] Leaving safepoint region
[1500.233s][info ][safepoint      ] Total time for which application threads were stopped: 0.0061974 seconds, Stopping threads took: 0.0000281 seconds
[1510.983s][info ][safepoint      ] Application time: 10.7499798 seconds
[1510.983s][info ][safepoint      ] Entering safepoint region: ParallelGCFailedAllocation
[1510.983s][info ][gc,start       ] GC(182) Pause Young (Allocation Failure)
[1510.989s][debug][gc,phases      ] GC(182) Scavenge 5.256ms
[1510.989s][debug][gc,ref         ] GC(182) Skipped phase1 of Reference Processing due to unavailable references
[1510.989s][debug][gc,ref         ] GC(182) Skipped phase3 of Reference Processing due to unavailable references
[1510.989s][debug][gc,phases      ] GC(182) Reference Processing 0.028ms
[1510.989s][debug][gc,phases      ] GC(182) Weak Processing 0.140ms
[1510.989s][debug][gc,phases      ] GC(182) Scrub String Table 0.461ms
[1510.989s][debug][gc,age         ] GC(182) Desired survivor size 42467328 bytes, new threshold 15 (max threshold 15)
[1510.989s][info ][gc,heap        ] GC(182) PSYoungGen: 2039978K->24907K(2040320K)
[1510.989s][info ][gc,heap        ] GC(182) ParOldGen: 348200K->348216K(391168K)
[1510.989s][info ][gc,metaspace   ] GC(182) Metaspace: 75058K->75058K(1118208K)
[1510.989s][info ][gc             ] GC(182) Pause Young (Allocation Failure) 2332M->364M(2374M) 5.999ms
[1510.989s][info ][gc,cpu         ] GC(182) User=0.02s Sys=0.00s Real=0.01s
[1510.989s][info ][safepoint      ] Leaving safepoint region
[1510.989s][info ][safepoint      ] Total time for which application threads were stopped: 0.0061439 seconds, Stopping threads took: 0.0000130 seconds
[1511.989s][info ][safepoint      ] Application time: 1.0000759 seconds
[1511.989s][info ][safepoint      ] Entering safepoint region: Cleanup
[1511.990s][info ][safepoint      ] Leaving safepoint region
[1511.990s][info ][safepoint      ] Total time for which application threads were stopped: 0.0001300 seconds, Stopping threads took: 0.0000376 seconds
[1515.990s][info ][safepoint      ] Application time: 4.0002581 seconds
[1515.990s][info ][safepoint      ] Entering safepoint region: Cleanup
[1515.990s][info ][safepoint      ] Leaving safepoint region
[1515.990s][info ][safepoint      ] Total time for which application threads were stopped: 0.0001099 seconds, Stopping threads took: 0.0000349 seconds
[1516.990s][info ][safepoint      ] Application time: 1.0000515 seconds
[1516.990s][info ][safepoint      ] Entering safepoint region: Cleanup
[1516.990s][info ][safepoint      ] Leaving safepoint region
[1516.990s][info ][safepoint      ] Total time for which application threads were stopped: 0.0001456 seconds, Stopping threads took: 0.0000392 seconds
[1521.037s][info ][safepoint      ] Application time: 4.0468531 seconds
[1521.037s][info ][safepoint      ] Entering safepoint region: ParallelGCFailedAllocation
[1521.037s][info ][gc,start       ] GC(183) Pause Young (Allocation Failure)
[1521.043s][debug][gc,phases      ] GC(183) Scavenge 5.884ms
[1521.043s][debug][gc,ref         ] GC(183) Skipped phase1 of Reference Processing due to unavailable references
[1521.043s][debug][gc,ref         ] GC(183) Skipped phase3 of Reference Processing due to unavailable references
[1521.043s][debug][gc,phases      ] GC(183) Reference Processing 0.045ms
[1521.043s][debug][gc,phases      ] GC(183) Weak Processing 0.126ms
[1521.044s][debug][gc,phases      ] GC(183) Scrub String Table 0.464ms
[1521.044s][debug][gc,age         ] GC(183) Desired survivor size 42991616 bytes, new threshold 15 (max threshold 15)
[1521.044s][info ][gc,heap        ] GC(183) PSYoungGen: 2040139K->26298K(2054656K)
[1521.044s][info ][gc,heap        ] GC(183) ParOldGen: 348216K->348248K(391168K)
[1521.044s][info ][gc,metaspace   ] GC(183) Metaspace: 75072K->75072K(1118208K)
[1521.044s][info ][gc             ] GC(183) Pause Young (Allocation Failure) 2332M->365M(2388M) 6.659ms
[1521.044s][info ][gc,cpu         ] GC(183) User=0.02s Sys=0.00s Real=0.01s
[1521.044s][info ][safepoint      ] Leaving safepoint region
[1521.044s][info ][safepoint      ] Total time for which application threads were stopped: 0.0068120 seconds, Stopping threads took: 0.0000139 seconds
[1522.044s][info ][safepoint      ] Application time: 1.0000810 seconds
[1522.044s][info ][safepoint      ] Entering safepoint region: Cleanup
[1522.044s][info ][safepoint      ] Leaving safepoint region
[1522.044s][info ][safepoint      ] Total time for which application threads were stopped: 0.0000996 seconds, Stopping threads took: 0.0000323 seconds
[1528.045s][info ][safepoint      ] Application time: 6.0003966 seconds
[1528.045s][info ][safepoint      ] Entering safepoint region: Cleanup
[1528.045s][info ][safepoint      ] Leaving safepoint region
[1528.045s][info ][safepoint      ] Total time for which application threads were stopped: 0.0000901 seconds, Stopping threads took: 0.0000157 seconds
[1531.045s][info ][safepoint      ] Application time: 3.0002091 seconds
[1531.045s][info ][safepoint      ] Entering safepoint region: Cleanup
[1531.045s][info ][safepoint      ] Leaving safepoint region
[1531.045s][info ][safepoint      ] Total time for which application threads were stopped: 0.0001133 seconds, Stopping threads took: 0.0000513 seconds
[1531.830s][info ][safepoint      ] Application time: 0.7845708 seconds
[1531.830s][info ][safepoint      ] Entering safepoint region: ParallelGCFailedAllocation
[1531.830s][info ][gc,start       ] GC(184) Pause Young (Allocation Failure)
[1531.835s][debug][gc,phases      ] GC(184) Scavenge 5.446ms
[1531.835s][debug][gc,ref         ] GC(184) Skipped phase1 of Reference Processing due to unavailable references
[1531.835s][debug][gc,ref         ] GC(184) Skipped phase3 of Reference Processing due to unavailable references
[1531.835s][debug][gc,phases      ] GC(184) Reference Processing 0.036ms
[1531.835s][debug][gc,phases      ] GC(184) Weak Processing 0.129ms
[1531.836s][debug][gc,phases      ] GC(184) Scrub String Table 0.459ms
[1531.836s][debug][gc,age         ] GC(184) Desired survivor size 43515904 bytes, new threshold 15 (max threshold 15)
[1531.836s][info ][gc,heap        ] GC(184) PSYoungGen: 2039482K->26283K(2039808K)
[1531.836s][info ][gc,heap        ] GC(184) ParOldGen: 348248K->348272K(391168K)
[1531.836s][info ][gc,metaspace   ] GC(184) Metaspace: 75074K->75074K(1118208K)
[1531.836s][info ][gc             ] GC(184) Pause Young (Allocation Failure) 2331M->365M(2374M) 6.207ms
[1531.836s][info ][gc,cpu         ] GC(184) User=0.02s Sys=0.00s Real=0.00s
[1531.836s][info ][safepoint      ] Leaving safepoint region
[1531.836s][info ][safepoint      ] Total time for which application threads were stopped: 0.0063537 seconds, Stopping threads took: 0.0000124 seconds
[1532.836s][info ][safepoint      ] Application time: 1.0000762 seconds
[1532.836s][info ][safepoint      ] Entering safepoint region: Cleanup
[1532.836s][info ][safepoint      ] Leaving safepoint region
[1532.836s][info ][safepoint      ] Total time for which application threads were stopped: 0.0001036 seconds, Stopping threads took: 0.0000336 seconds
[1534.836s][info ][safepoint      ] Application time: 2.0001443 seconds
[1534.836s][info ][safepoint      ] Entering safepoint region: Cleanup
[1534.837s][info ][safepoint      ] Leaving safepoint region
[1534.837s][info ][safepoint      ] Total time for which application threads were stopped: 0.0001186 seconds, Stopping threads took: 0.0000498 seconds
[1536.837s][info ][safepoint      ] Application time: 2.0001052 seconds
[1536.837s][info ][safepoint      ] Entering safepoint region: Cleanup
[1536.837s][info ][safepoint      ] Leaving safepoint region
[1536.837s][info ][safepoint      ] Total time for which application threads were stopped: 0.0001016 seconds, Stopping threads took: 0.0000320 seconds
[1542.574s][info ][safepoint      ] Application time: 5.7373027 seconds
[1542.574s][info ][safepoint      ] Entering safepoint region: ParallelGCFailedAllocation
[1542.574s][info ][gc,start       ] GC(185) Pause Young (Allocation Failure)
[1542.580s][debug][gc,phases      ] GC(185) Scavenge 5.635ms
[1542.580s][debug][gc,ref         ] GC(185) Skipped phase1 of Reference Processing due to unavailable references
[1542.580s][debug][gc,ref         ] GC(185) Skipped phase3 of Reference Processing due to unavailable references
[1542.580s][debug][gc,phases      ] GC(185) Reference Processing 0.028ms
[1542.580s][debug][gc,phases      ] GC(185) Weak Processing 0.132ms
[1542.581s][debug][gc,phases      ] GC(185) Scrub String Table 0.440ms
[1542.581s][debug][gc,age         ] GC(185) Desired survivor size 43515904 bytes, new threshold 15 (max threshold 15)
[1542.581s][info ][gc,heap        ] GC(185) PSYoungGen: 2039467K->26187K(2054656K)
[1542.581s][info ][gc,heap        ] GC(185) ParOldGen: 348272K->348304K(391168K)
[1542.581s][info ][gc,metaspace   ] GC(185) Metaspace: 75077K->75077K(1118208K)
[1542.581s][info ][gc             ] GC(185) Pause Young (Allocation Failure) 2331M->365M(2388M) 6.357ms
[1542.581s][info ][gc,cpu         ] GC(185) User=0.02s Sys=0.00s Real=0.01s
[1542.581s][info ][safepoint      ] Leaving safepoint region
[1542.581s][info ][safepoint      ] Total time for which application threads were stopped: 0.0065241 seconds, Stopping threads took: 0.0000134 seconds
[1553.129s][info ][safepoint      ] Application time: 10.5478466 seconds
[1553.129s][info ][safepoint      ] Entering safepoint region: ParallelGCFailedAllocation
[1553.129s][info ][gc,start       ] GC(186) Pause Young (Allocation Failure)
[1553.134s][debug][gc,phases      ] GC(186) Scavenge 5.409ms
[1553.134s][debug][gc,ref         ] GC(186) Skipped phase1 of Reference Processing due to unavailable references
[1553.134s][debug][gc,ref         ] GC(186) Skipped phase3 of Reference Processing due to unavailable references
[1553.134s][debug][gc,phases      ] GC(186) Reference Processing 0.031ms
[1553.134s][debug][gc,phases      ] GC(186) Weak Processing 0.137ms
[1553.135s][debug][gc,phases      ] GC(186) Scrub String Table 0.444ms
[1553.135s][debug][gc,age         ] GC(186) Desired survivor size 43515904 bytes, new threshold 15 (max threshold 15)
[1553.135s][info ][gc,heap        ] GC(186) PSYoungGen: 2038347K->26331K(2054656K)
[1553.135s][info ][gc,heap        ] GC(186) ParOldGen: 348304K->348328K(391168K)
[1553.135s][info ][gc,metaspace   ] GC(186) Metaspace: 75078K->75078K(1118208K)
[1553.135s][info ][gc             ] GC(186) Pause Young (Allocation Failure) 2330M->365M(2388M) 6.155ms
[1553.135s][info ][gc,cpu         ] GC(186) User=0.02s Sys=0.00s Real=0.00s
[1553.135s][info ][safepoint      ] Leaving safepoint region
[1553.135s][info ][safepoint      ] Total time for which application threads were stopped: 0.0063269 seconds, Stopping threads took: 0.0000258 seconds
[1561.136s][info ][safepoint      ] Application time: 8.0006667 seconds
[1561.136s][info ][safepoint      ] Entering safepoint region: Cleanup
[1561.136s][info ][safepoint      ] Leaving safepoint region
[1561.136s][info ][safepoint      ] Total time for which application threads were stopped: 0.0001204 seconds, Stopping threads took: 0.0000458 seconds
[1563.927s][info ][safepoint      ] Application time: 2.7917724 seconds
[1563.928s][info ][safepoint      ] Entering safepoint region: ParallelGCFailedAllocation
[1563.928s][info ][gc,start       ] GC(187) Pause Young (Allocation Failure)
[1563.933s][debug][gc,phases      ] GC(187) Scavenge 5.186ms
[1563.933s][debug][gc,ref         ] GC(187) Skipped phase1 of Reference Processing due to unavailable references
[1563.933s][debug][gc,ref         ] GC(187) Skipped phase3 of Reference Processing due to unavailable references
[1563.933s][debug][gc,phases      ] GC(187) Reference Processing 0.029ms
[1563.933s][debug][gc,phases      ] GC(187) Weak Processing 0.134ms
[1563.934s][debug][gc,phases      ] GC(187) Scrub String Table 0.462ms
[1563.934s][debug][gc,age         ] GC(187) Desired survivor size 43515904 bytes, new threshold 15 (max threshold 15)
[1563.934s][info ][gc,heap        ] GC(187) PSYoungGen: 2038491K->26331K(2054656K)
[1563.934s][info ][gc,heap        ] GC(187) ParOldGen: 348328K->348352K(391168K)
[1563.934s][info ][gc,metaspace   ] GC(187) Metaspace: 75079K->75079K(1118208K)
[1563.934s][info ][gc             ] GC(187) Pause Young (Allocation Failure) 2330M->365M(2388M) 5.972ms
[1563.934s][info ][gc,cpu         ] GC(187) User=0.02s Sys=0.01s Real=0.01s
[1563.934s][info ][safepoint      ] Leaving safepoint region
[1563.934s][info ][safepoint      ] Total time for which application threads were stopped: 0.0061284 seconds, Stopping threads took: 0.0000137 seconds
[1564.934s][info ][safepoint      ] Application time: 1.0000924 seconds
[1564.934s][info ][safepoint      ] Entering safepoint region: Cleanup
[1564.934s][info ][safepoint      ] Leaving safepoint region
[1564.934s][info ][safepoint      ] Total time for which application threads were stopped: 0.0001227 seconds, Stopping threads took: 0.0000526 seconds
[1571.934s][info ][safepoint      ] Application time: 7.0004569 seconds
[1571.934s][info ][safepoint      ] Entering safepoint region: Cleanup
[1571.935s][info ][safepoint      ] Leaving safepoint region
[1571.935s][info ][safepoint      ] Total time for which application threads were stopped: 0.0001410 seconds, Stopping threads took: 0.0000678 seconds
[1574.687s][info ][safepoint      ] Application time: 2.7529156 seconds
[1574.687s][info ][safepoint      ] Entering safepoint region: ParallelGCFailedAllocation
[1574.688s][info ][gc,start       ] GC(188) Pause Young (Allocation Failure)
[1574.693s][debug][gc,phases      ] GC(188) Scavenge 5.114ms
[1574.693s][debug][gc,ref         ] GC(188) Skipped phase1 of Reference Processing due to unavailable references
[1574.693s][debug][gc,ref         ] GC(188) Skipped phase3 of Reference Processing due to unavailable references
[1574.693s][debug][gc,phases      ] GC(188) Reference Processing 0.028ms
[1574.693s][debug][gc,phases      ] GC(188) Weak Processing 0.128ms
[1574.693s][debug][gc,phases      ] GC(188) Scrub String Table 0.431ms
[1574.693s][debug][gc,age         ] GC(188) Desired survivor size 42991616 bytes, new threshold 15 (max threshold 15)
[1574.693s][info ][gc,heap        ] GC(188) PSYoungGen: 2038491K->26395K(2054656K)
[1574.693s][info ][gc,heap        ] GC(188) ParOldGen: 348352K->348368K(391168K)
[1574.693s][info ][gc,metaspace   ] GC(188) Metaspace: 75082K->75082K(1118208K)
[1574.693s][info ][gc             ] GC(188) Pause Young (Allocation Failure) 2330M->365M(2388M) 5.821ms
[1574.693s][info ][gc,cpu         ] GC(188) User=0.02s Sys=0.00s Real=0.01s
[1574.693s][info ][safepoint      ] Leaving safepoint region
[1574.693s][info ][safepoint      ] Total time for which application threads were stopped: 0.0059799 seconds, Stopping threads took: 0.0000133 seconds
[1576.184s][info ][safepoint      ] Application time: 1.4904685 seconds
[1576.184s][info ][safepoint      ] Entering safepoint region: RevokeBias
[1576.184s][info ][safepoint      ] Leaving safepoint region
[1576.184s][info ][safepoint      ] Total time for which application threads were stopped: 0.0001184 seconds, Stopping threads took: 0.0000364 seconds
[1576.688s][info ][safepoint      ] Application time: 0.5042485 seconds
[1576.688s][info ][safepoint      ] Entering safepoint region: RevokeBias
[1576.689s][info ][safepoint      ] Leaving safepoint region
[1576.689s][info ][safepoint      ] Total time for which application threads were stopped: 0.0001382 seconds, Stopping threads took: 0.0000330 seconds
[1580.689s][info ][safepoint      ] Application time: 4.0003215 seconds
[1580.689s][info ][safepoint      ] Entering safepoint region: Cleanup
[1580.689s][info ][safepoint      ] Leaving safepoint region
[1580.689s][info ][safepoint      ] Total time for which application threads were stopped: 0.0001005 seconds, Stopping threads took: 0.0000330 seconds
[1582.689s][info ][safepoint      ] Application time: 2.0001612 seconds
[1582.689s][info ][safepoint      ] Entering safepoint region: Cleanup
[1582.689s][info ][safepoint      ] Leaving safepoint region
[1582.689s][info ][safepoint      ] Total time for which application threads were stopped: 0.0001063 seconds, Stopping threads took: 0.0000472 seconds
[1585.471s][info ][safepoint      ] Application time: 2.7816017 seconds
[1585.471s][info ][safepoint      ] Entering safepoint region: ParallelGCFailedAllocation
[1585.471s][info ][gc,start       ] GC(189) Pause Young (Allocation Failure)
[1585.477s][debug][gc,phases      ] GC(189) Scavenge 5.808ms
[1585.477s][debug][gc,ref         ] GC(189) Skipped phase1 of Reference Processing due to unavailable references
[1585.477s][debug][gc,ref         ] GC(189) Skipped phase2 of Reference Processing due to unavailable references
[1585.477s][debug][gc,ref         ] GC(189) Skipped phase3 of Reference Processing due to unavailable references
[1585.477s][debug][gc,ref         ] GC(189) Skipped phase4 of Reference Processing due to unavailable references
[1585.477s][debug][gc,phases      ] GC(189) Reference Processing 0.032ms
[1585.477s][debug][gc,phases      ] GC(189) Weak Processing 0.136ms
[1585.478s][debug][gc,phases      ] GC(189) Scrub String Table 0.456ms
[1585.478s][debug][gc,age         ] GC(189) Desired survivor size 44040192 bytes, new threshold 15 (max threshold 15)
[1585.478s][info ][gc,heap        ] GC(189) PSYoungGen: 2038555K->5040K(2053120K)
[1585.478s][info ][gc,heap        ] GC(189) ParOldGen: 348368K->369760K(391168K)
[1585.478s][info ][gc,metaspace   ] GC(189) Metaspace: 75087K->75087K(1118208K)
[1585.478s][info ][gc             ] GC(189) Pause Young (Allocation Failure) 2330M->366M(2387M) 6.565ms
[1585.478s][info ][gc,cpu         ] GC(189) User=0.01s Sys=0.01s Real=0.00s
[1585.478s][info ][safepoint      ] Leaving safepoint region
[1585.478s][info ][safepoint      ] Total time for which application threads were stopped: 0.0067568 seconds, Stopping threads took: 0.0000411 seconds
[1588.478s][info ][safepoint      ] Application time: 3.0002283 seconds
[1588.478s][info ][safepoint      ] Entering safepoint region: Cleanup
[1588.478s][info ][safepoint      ] Leaving safepoint region
[1588.478s][info ][safepoint      ] Total time for which application threads were stopped: 0.0000971 seconds, Stopping threads took: 0.0000343 seconds
[1589.478s][info ][safepoint      ] Application time: 1.0000741 seconds
[1589.478s][info ][safepoint      ] Entering safepoint region: Cleanup
[1589.478s][info ][safepoint      ] Leaving safepoint region
[1589.478s][info ][safepoint      ] Total time for which application threads were stopped: 0.0001100 seconds, Stopping threads took: 0.0000329 seconds
[1591.478s][info ][safepoint      ] Application time: 2.0001418 seconds
[1591.479s][info ][safepoint      ] Entering safepoint region: Cleanup
[1591.479s][info ][safepoint      ] Leaving safepoint region
[1591.479s][info ][safepoint      ] Total time for which application threads were stopped: 0.0001139 seconds, Stopping threads took: 0.0000494 seconds
[1594.479s][info ][safepoint      ] Application time: 3.0002281 seconds
[1594.479s][info ][safepoint      ] Entering safepoint region: Cleanup
[1594.479s][info ][safepoint      ] Leaving safepoint region
[1594.479s][info ][safepoint      ] Total time for which application threads were stopped: 0.0000981 seconds, Stopping threads took: 0.0000352 seconds
[1596.277s][info ][safepoint      ] Application time: 1.7975075 seconds
[1596.277s][info ][safepoint      ] Entering safepoint region: ParallelGCFailedAllocation
[1596.277s][info ][gc,start       ] GC(190) Pause Young (Allocation Failure)
[1596.280s][debug][gc,phases      ] GC(190) Scavenge 3.070ms
[1596.280s][debug][gc,ref         ] GC(190) Skipped phase1 of Reference Processing due to unavailable references
[1596.280s][debug][gc,ref         ] GC(190) Skipped phase2 of Reference Processing due to unavailable references
[1596.280s][debug][gc,ref         ] GC(190) Skipped phase3 of Reference Processing due to unavailable references
[1596.280s][debug][gc,ref         ] GC(190) Skipped phase4 of Reference Processing due to unavailable references
[1596.280s][debug][gc,phases      ] GC(190) Reference Processing 0.029ms
[1596.280s][debug][gc,phases      ] GC(190) Weak Processing 0.135ms
[1596.280s][debug][gc,phases      ] GC(190) Scrub String Table 0.454ms
[1596.280s][debug][gc,age         ] GC(190) Desired survivor size 44564480 bytes, new threshold 15 (max threshold 15)
[1596.280s][info ][gc,heap        ] GC(190) PSYoungGen: 2016176K->4992K(2016256K)
[1596.280s][info ][gc,heap        ] GC(190) ParOldGen: 369760K->369828K(391168K)
[1596.280s][info ][gc,metaspace   ] GC(190) Metaspace: 75090K->75090K(1118208K)
[1596.280s][info ][gc             ] GC(190) Pause Young (Allocation Failure) 2330M->366M(2351M) 3.806ms
[1596.281s][info ][gc,cpu         ] GC(190) User=0.01s Sys=0.00s Real=0.01s
[1596.281s][info ][safepoint      ] Leaving safepoint region
[1596.281s][info ][safepoint      ] Total time for which application threads were stopped: 0.0039851 seconds, Stopping threads took: 0.0000456 seconds
[1607.036s][info ][safepoint      ] Application time: 10.7553025 seconds
[1607.036s][info ][safepoint      ] Entering safepoint region: ParallelGCFailedAllocation
[1607.036s][info ][gc,start       ] GC(191) Pause Young (Allocation Failure)
[1607.039s][debug][gc,phases      ] GC(191) Scavenge 3.454ms
[1607.040s][debug][gc,ref         ] GC(191) Skipped phase1 of Reference Processing due to unavailable references
[1607.040s][debug][gc,ref         ] GC(191) Skipped phase2 of Reference Processing due to unavailable references
[1607.040s][debug][gc,ref         ] GC(191) Skipped phase3 of Reference Processing due to unavailable references
[1607.040s][debug][gc,ref         ] GC(191) Skipped phase4 of Reference Processing due to unavailable references
[1607.040s][debug][gc,phases      ] GC(191) Reference Processing 0.028ms
[1607.040s][debug][gc,phases      ] GC(191) Weak Processing 0.133ms
[1607.040s][debug][gc,phases      ] GC(191) Scrub String Table 0.450ms
[1607.040s][debug][gc,age         ] GC(191) Desired survivor size 44564480 bytes, new threshold 15 (max threshold 15)
[1607.040s][info ][gc,heap        ] GC(191) PSYoungGen: 2016128K->5024K(2053632K)
[1607.040s][info ][gc,heap        ] GC(191) ParOldGen: 369828K->369860K(391168K)
[1607.040s][info ][gc,metaspace   ] GC(191) Metaspace: 75090K->75090K(1118208K)
[1607.040s][info ][gc             ] GC(191) Pause Young (Allocation Failure) 2330M->366M(2387M) 4.178ms
[1607.040s][info ][gc,cpu         ] GC(191) User=0.02s Sys=0.00s Real=0.01s
[1607.040s][info ][safepoint      ] Leaving safepoint region
[1607.040s][info ][safepoint      ] Total time for which application threads were stopped: 0.0043348 seconds, Stopping threads took: 0.0000123 seconds
[1612.041s][info ][safepoint      ] Application time: 5.0003533 seconds
[1612.041s][info ][safepoint      ] Entering safepoint region: Cleanup
[1612.041s][info ][safepoint      ] Leaving safepoint region
[1612.041s][info ][safepoint      ] Total time for which application threads were stopped: 0.0000841 seconds, Stopping threads took: 0.0000139 seconds
[1614.041s][info ][safepoint      ] Application time: 2.0001476 seconds
[1614.041s][info ][safepoint      ] Entering safepoint region: Cleanup
[1614.041s][info ][safepoint      ] Leaving safepoint region
[1614.041s][info ][safepoint      ] Total time for which application threads were stopped: 0.0001062 seconds, Stopping threads took: 0.0000400 seconds
[1615.041s][info ][safepoint      ] Application time: 1.0000347 seconds
[1615.041s][info ][safepoint      ] Entering safepoint region: Cleanup
[1615.041s][info ][safepoint      ] Leaving safepoint region
[1615.041s][info ][safepoint      ] Total time for which application threads were stopped: 0.0000882 seconds, Stopping threads took: 0.0000312 seconds
[1617.872s][info ][safepoint      ] Application time: 2.8310869 seconds
[1617.872s][info ][safepoint      ] Entering safepoint region: ParallelGCFailedAllocation
[1617.872s][info ][gc,start       ] GC(192) Pause Young (Allocation Failure)
[1617.876s][debug][gc,phases      ] GC(192) Scavenge 3.881ms
[1617.876s][debug][gc,ref         ] GC(192) Skipped phase1 of Reference Processing due to unavailable references
[1617.876s][debug][gc,ref         ] GC(192) Skipped phase2 of Reference Processing due to unavailable references
[1617.876s][debug][gc,ref         ] GC(192) Skipped phase3 of Reference Processing due to unavailable references
[1617.876s][debug][gc,phases      ] GC(192) Reference Processing 0.031ms
[1617.877s][debug][gc,phases      ] GC(192) Weak Processing 0.131ms
[1617.877s][debug][gc,phases      ] GC(192) Scrub String Table 0.461ms
[1617.877s][debug][gc,age         ] GC(192) Desired survivor size 43515904 bytes, new threshold 15 (max threshold 15)
[1617.877s][info ][gc,heap        ] GC(192) PSYoungGen: 2015136K->6928K(2053632K)
[1617.877s][info ][gc,heap        ] GC(192) ParOldGen: 369860K->369892K(391168K)
[1617.877s][info ][gc,metaspace   ] GC(192) Metaspace: 75090K->75090K(1118208K)
[1617.877s][info ][gc             ] GC(192) Pause Young (Allocation Failure) 2329M->367M(2387M) 4.646ms
[1617.877s][info ][gc,cpu         ] GC(192) User=0.02s Sys=0.00s Real=0.00s
[1617.877s][info ][safepoint      ] Leaving safepoint region
[1617.877s][info ][safepoint      ] Total time for which application threads were stopped: 0.0047972 seconds, Stopping threads took: 0.0000133 seconds
[1622.877s][info ][safepoint      ] Application time: 5.0003567 seconds
[1622.878s][info ][safepoint      ] Entering safepoint region: Cleanup
[1622.878s][info ][safepoint      ] Leaving safepoint region
[1622.878s][info ][safepoint      ] Total time for which application threads were stopped: 0.0001046 seconds, Stopping threads took: 0.0000349 seconds
[1628.870s][info ][safepoint      ] Application time: 5.9927870 seconds
[1628.870s][info ][safepoint      ] Entering safepoint region: ParallelGCFailedAllocation
[1628.871s][info ][gc,start       ] GC(193) Pause Young (Allocation Failure)
[1628.875s][debug][gc,phases      ] GC(193) Scavenge 4.292ms
[1628.875s][debug][gc,ref         ] GC(193) Skipped phase1 of Reference Processing due to unavailable references
[1628.875s][debug][gc,ref         ] GC(193) Skipped phase2 of Reference Processing due to unavailable references
[1628.875s][debug][gc,ref         ] GC(193) Skipped phase3 of Reference Processing due to unavailable references
[1628.875s][debug][gc,phases      ] GC(193) Reference Processing 0.030ms
[1628.875s][debug][gc,phases      ] GC(193) Weak Processing 0.146ms
[1628.876s][debug][gc,phases      ] GC(193) Scrub String Table 0.456ms
[1628.876s][debug][gc,age         ] GC(193) Desired survivor size 42467328 bytes, new threshold 15 (max threshold 15)
[1628.876s][info ][gc,heap        ] GC(193) PSYoungGen: 2017040K->6656K(2055680K)
[1628.876s][info ][gc,heap        ] GC(193) ParOldGen: 369892K->370500K(391168K)
[1628.876s][info ][gc,metaspace   ] GC(193) Metaspace: 75090K->75090K(1118208K)
[1628.876s][info ][gc             ] GC(193) Pause Young (Allocation Failure) 2330M->368M(2389M) 5.058ms
[1628.876s][info ][gc,cpu         ] GC(193) User=0.02s Sys=0.00s Real=0.00s
[1628.876s][info ][safepoint      ] Leaving safepoint region
[1628.876s][info ][safepoint      ] Total time for which application threads were stopped: 0.0052134 seconds, Stopping threads took: 0.0000161 seconds
[1638.876s][info ][safepoint      ] Application time: 10.0006947 seconds
[1638.876s][info ][safepoint      ] Entering safepoint region: Cleanup
[1638.876s][info ][safepoint      ] Leaving safepoint region
[1638.876s][info ][safepoint      ] Total time for which application threads were stopped: 0.0001152 seconds, Stopping threads took: 0.0000459 seconds
[1639.922s][info ][safepoint      ] Application time: 1.0452984 seconds
[1639.922s][info ][safepoint      ] Entering safepoint region: ParallelGCFailedAllocation
[1639.922s][info ][gc,start       ] GC(194) Pause Young (Allocation Failure)
[1639.926s][debug][gc,phases      ] GC(194) Scavenge 4.073ms
[1639.926s][debug][gc,ref         ] GC(194) Skipped phase1 of Reference Processing due to unavailable references
[1639.926s][debug][gc,ref         ] GC(194) Skipped phase2 of Reference Processing due to unavailable references
[1639.926s][debug][gc,ref         ] GC(194) Skipped phase3 of Reference Processing due to unavailable references
[1639.926s][debug][gc,phases      ] GC(194) Reference Processing 0.036ms
[1639.926s][debug][gc,phases      ] GC(194) Weak Processing 0.144ms
[1639.927s][debug][gc,phases      ] GC(194) Scrub String Table 0.464ms
[1639.927s][debug][gc,age         ] GC(194) Desired survivor size 41418752 bytes, new threshold 15 (max threshold 15)
[1639.927s][info ][gc,heap        ] GC(194) PSYoungGen: 2019840K->6688K(2054656K)
[1639.927s][info ][gc,heap        ] GC(194) ParOldGen: 370500K->370556K(391168K)
[1639.927s][info ][gc,metaspace   ] GC(194) Metaspace: 75093K->75093K(1118208K)
[1639.927s][info ][gc             ] GC(194) Pause Young (Allocation Failure) 2334M->368M(2388M) 4.843ms
[1639.927s][info ][gc,cpu         ] GC(194) User=0.02s Sys=0.00s Real=0.00s
[1639.927s][info ][safepoint      ] Leaving safepoint region
[1639.927s][info ][safepoint      ] Total time for which application threads were stopped: 0.0049948 seconds, Stopping threads took: 0.0000189 seconds
[1641.927s][info ][safepoint      ] Application time: 2.0001495 seconds
[1641.927s][info ][safepoint      ] Entering safepoint region: Cleanup
[1641.927s][info ][safepoint      ] Leaving safepoint region
[1641.927s][info ][safepoint      ] Total time for which application threads were stopped: 0.0001002 seconds, Stopping threads took: 0.0000322 seconds
[1642.927s][info ][safepoint      ] Application time: 1.0000825 seconds
[1642.927s][info ][safepoint      ] Entering safepoint region: Cleanup
[1642.927s][info ][safepoint      ] Leaving safepoint region
[1642.927s][info ][safepoint      ] Total time for which application threads were stopped: 0.0000926 seconds, Stopping threads took: 0.0000308 seconds
[1647.928s][info ][safepoint      ] Application time: 5.0003805 seconds
[1647.928s][info ][safepoint      ] Entering safepoint region: Cleanup
[1647.928s][info ][safepoint      ] Leaving safepoint region
[1647.928s][info ][safepoint      ] Total time for which application threads were stopped: 0.0000931 seconds, Stopping threads took: 0.0000319 seconds
[1649.928s][info ][safepoint      ] Application time: 2.0001659 seconds
[1649.928s][info ][safepoint      ] Entering safepoint region: Cleanup
[1649.928s][info ][safepoint      ] Leaving safepoint region
[1649.928s][info ][safepoint      ] Total time for which application threads were stopped: 0.0001286 seconds, Stopping threads took: 0.0000392 seconds
[1650.983s][info ][safepoint      ] Application time: 1.0546219 seconds
[1650.983s][info ][safepoint      ] Entering safepoint region: ParallelGCFailedAllocation
[1650.983s][info ][gc,start       ] GC(195) Pause Young (Allocation Failure)
[1650.987s][debug][gc,phases      ] GC(195) Scavenge 3.930ms
[1650.987s][debug][gc,ref         ] GC(195) Skipped phase1 of Reference Processing due to unavailable references
[1650.987s][debug][gc,ref         ] GC(195) Skipped phase2 of Reference Processing due to unavailable references
[1650.987s][debug][gc,ref         ] GC(195) Skipped phase3 of Reference Processing due to unavailable references
[1650.987s][debug][gc,phases      ] GC(195) Reference Processing 0.026ms
[1650.987s][debug][gc,phases      ] GC(195) Weak Processing 0.127ms
[1650.988s][debug][gc,phases      ] GC(195) Scrub String Table 0.436ms
[1650.988s][debug][gc,age         ] GC(195) Desired survivor size 40370176 bytes, new threshold 15 (max threshold 15)
[1650.988s][info ][gc,heap        ] GC(195) PSYoungGen: 2019872K->6672K(2057728K)
[1650.988s][info ][gc,heap        ] GC(195) ParOldGen: 370556K->370588K(391168K)
[1650.988s][info ][gc,metaspace   ] GC(195) Metaspace: 75094K->75094K(1118208K)
[1650.988s][info ][gc             ] GC(195) Pause Young (Allocation Failure) 2334M->368M(2391M) 4.656ms
[1650.988s][info ][gc,cpu         ] GC(195) User=0.01s Sys=0.00s Real=0.00s
[1650.988s][info ][safepoint      ] Leaving safepoint region
[1650.988s][info ][safepoint      ] Total time for which application threads were stopped: 0.0048097 seconds, Stopping threads took: 0.0000134 seconds
[1653.988s][info ][safepoint      ] Application time: 3.0002325 seconds
[1653.988s][info ][safepoint      ] Entering safepoint region: Cleanup
[1653.988s][info ][safepoint      ] Leaving safepoint region
[1653.988s][info ][safepoint      ] Total time for which application threads were stopped: 0.0001246 seconds, Stopping threads took: 0.0000530 seconds
[1656.988s][info ][safepoint      ] Application time: 3.0002313 seconds
[1656.988s][info ][safepoint      ] Entering safepoint region: Cleanup
[1656.988s][info ][safepoint      ] Leaving safepoint region
[1656.988s][info ][safepoint      ] Total time for which application threads were stopped: 0.0001256 seconds, Stopping threads took: 0.0000664 seconds
[1657.989s][info ][safepoint      ] Application time: 1.0000580 seconds
[1657.989s][info ][safepoint      ] Entering safepoint region: Cleanup
[1657.989s][info ][safepoint      ] Leaving safepoint region
[1657.989s][info ][safepoint      ] Total time for which application threads were stopped: 0.0000946 seconds, Stopping threads took: 0.0000322 seconds
[1661.874s][info ][safepoint      ] Application time: 3.8853323 seconds
[1661.874s][info ][safepoint      ] Entering safepoint region: ParallelGCFailedAllocation
[1661.874s][info ][gc,start       ] GC(196) Pause Young (Allocation Failure)
[1661.878s][debug][gc,phases      ] GC(196) Scavenge 4.038ms
[1661.878s][debug][gc,ref         ] GC(196) Skipped phase1 of Reference Processing due to unavailable references
[1661.878s][debug][gc,ref         ] GC(196) Skipped phase2 of Reference Processing due to unavailable references
[1661.878s][debug][gc,ref         ] GC(196) Skipped phase3 of Reference Processing due to unavailable references
[1661.878s][debug][gc,phases      ] GC(196) Reference Processing 0.027ms
[1661.878s][debug][gc,phases      ] GC(196) Weak Processing 0.118ms
[1661.879s][debug][gc,phases      ] GC(196) Scrub String Table 0.435ms
[1661.879s][debug][gc,age         ] GC(196) Desired survivor size 38797312 bytes, new threshold 15 (max threshold 15)
[1661.879s][info ][gc,heap        ] GC(196) PSYoungGen: 2023952K->7696K(2056704K)
[1661.879s][info ][gc,heap        ] GC(196) ParOldGen: 370588K->370636K(391168K)
[1661.879s][info ][gc,metaspace   ] GC(196) Metaspace: 75097K->75097K(1118208K)
[1661.879s][info ][gc             ] GC(196) Pause Young (Allocation Failure) 2338M->369M(2390M) 4.734ms
[1661.879s][info ][gc,cpu         ] GC(196) User=0.02s Sys=0.00s Real=0.00s
[1661.879s][info ][safepoint      ] Leaving safepoint region
[1661.879s][info ][safepoint      ] Total time for which application threads were stopped: 0.0048961 seconds, Stopping threads took: 0.0000122 seconds
[1665.879s][info ][safepoint      ] Application time: 4.0002968 seconds
[1665.879s][info ][safepoint      ] Entering safepoint region: Cleanup
[1665.879s][info ][safepoint      ] Leaving safepoint region
[1665.879s][info ][safepoint      ] Total time for which application threads were stopped: 0.0000984 seconds, Stopping threads took: 0.0000351 seconds
[1668.880s][info ][safepoint      ] Application time: 3.0002260 seconds
[1668.880s][info ][safepoint      ] Entering safepoint region: Cleanup
[1668.880s][info ][safepoint      ] Leaving safepoint region
[1668.880s][info ][safepoint      ] Total time for which application threads were stopped: 0.0001215 seconds, Stopping threads took: 0.0000326 seconds
[1669.880s][info ][safepoint      ] Application time: 1.0000371 seconds
[1669.880s][info ][safepoint      ] Entering safepoint region: Cleanup
[1669.880s][info ][safepoint      ] Leaving safepoint region
[1669.880s][info ][safepoint      ] Total time for which application threads were stopped: 0.0001196 seconds, Stopping threads took: 0.0000548 seconds
[1672.872s][info ][safepoint      ] Application time: 2.9923753 seconds
[1672.872s][info ][safepoint      ] Entering safepoint region: ParallelGCFailedAllocation
[1672.872s][info ][gc,start       ] GC(197) Pause Young (Allocation Failure)
[1672.876s][debug][gc,phases      ] GC(197) Scavenge 3.747ms
[1672.876s][debug][gc,ref         ] GC(197) Skipped phase1 of Reference Processing due to unavailable references
[1672.876s][debug][gc,ref         ] GC(197) Skipped phase2 of Reference Processing due to unavailable references
[1672.876s][debug][gc,ref         ] GC(197) Skipped phase3 of Reference Processing due to unavailable references
[1672.876s][debug][gc,phases      ] GC(197) Reference Processing 0.029ms
[1672.876s][debug][gc,phases      ] GC(197) Weak Processing 0.141ms
[1672.877s][debug][gc,phases      ] GC(197) Scrub String Table 0.475ms
[1672.877s][debug][gc,age         ] GC(197) Desired survivor size 37224448 bytes, new threshold 15 (max threshold 15)
[1672.877s][info ][gc,heap        ] GC(197) PSYoungGen: 2024976K->7824K(2060800K)
[1672.877s][info ][gc,heap        ] GC(197) ParOldGen: 370636K->370688K(391168K)
[1672.877s][info ][gc,metaspace   ] GC(197) Metaspace: 75097K->75097K(1118208K)
[1672.877s][info ][gc             ] GC(197) Pause Young (Allocation Failure) 2339M->369M(2394M) 4.528ms
[1672.877s][info ][gc,cpu         ] GC(197) User=0.01s Sys=0.00s Real=0.00s
[1672.877s][info ][safepoint      ] Leaving safepoint region
[1672.877s][info ][safepoint      ] Total time for which application threads were stopped: 0.0046762 seconds, Stopping threads took: 0.0000155 seconds
[1681.878s][info ][safepoint      ] Application time: 9.0006757 seconds
[1681.878s][info ][safepoint      ] Entering safepoint region: Cleanup
[1681.878s][info ][safepoint      ] Leaving safepoint region
[1681.878s][info ][safepoint      ] Total time for which application threads were stopped: 0.0001097 seconds, Stopping threads took: 0.0000359 seconds
[1683.783s][info ][safepoint      ] Application time: 1.9048716 seconds
[1683.783s][info ][safepoint      ] Entering safepoint region: ParallelGCFailedAllocation
[1683.783s][info ][gc,start       ] GC(198) Pause Young (Allocation Failure)
[1683.787s][debug][gc,phases      ] GC(198) Scavenge 4.114ms
[1683.787s][debug][gc,ref         ] GC(198) Skipped phase1 of Reference Processing due to unavailable references
[1683.787s][debug][gc,ref         ] GC(198) Skipped phase2 of Reference Processing due to unavailable references
[1683.787s][debug][gc,ref         ] GC(198) Skipped phase3 of Reference Processing due to unavailable references
[1683.787s][debug][gc,phases      ] GC(198) Reference Processing 0.028ms
[1683.787s][debug][gc,phases      ] GC(198) Weak Processing 0.144ms
[1683.788s][debug][gc,phases      ] GC(198) Scrub String Table 0.456ms
[1683.788s][debug][gc,age         ] GC(198) Desired survivor size 35651584 bytes, new threshold 15 (max threshold 15)
[1683.788s][info ][gc,heap        ] GC(198) PSYoungGen: 2030736K->6208K(2059264K)
[1683.788s][info ][gc,heap        ] GC(198) ParOldGen: 370688K->372513K(391168K)
[1683.788s][info ][gc,metaspace   ] GC(198) Metaspace: 75106K->75106K(1118208K)
[1683.788s][info ][gc             ] GC(198) Pause Young (Allocation Failure) 2345M->369M(2393M) 4.868ms
[1683.788s][info ][gc,cpu         ] GC(198) User=0.01s Sys=0.00s Real=0.01s
[1683.788s][info ][safepoint      ] Leaving safepoint region
[1683.788s][info ][safepoint      ] Total time for which application threads were stopped: 0.0050479 seconds, Stopping threads took: 0.0000392 seconds
[1692.788s][info ][safepoint      ] Application time: 9.0005939 seconds
[1692.788s][info ][safepoint      ] Entering safepoint region: Cleanup
[1692.789s][info ][safepoint      ] Leaving safepoint region
[1692.789s][info ][safepoint      ] Total time for which application threads were stopped: 0.0000989 seconds, Stopping threads took: 0.0000354 seconds
[1694.722s][info ][safepoint      ] Application time: 1.9329392 seconds
[1694.722s][info ][safepoint      ] Entering safepoint region: ParallelGCFailedAllocation
[1694.722s][info ][gc,start       ] GC(199) Pause Young (Allocation Failure)
[1694.725s][debug][gc,phases      ] GC(199) Scavenge 3.403ms
[1694.725s][debug][gc,ref         ] GC(199) Skipped phase1 of Reference Processing due to unavailable references
[1694.725s][debug][gc,ref         ] GC(199) Skipped phase2 of Reference Processing due to unavailable references
[1694.725s][debug][gc,ref         ] GC(199) Skipped phase3 of Reference Processing due to unavailable references
[1694.725s][debug][gc,phases      ] GC(199) Reference Processing 0.028ms
[1694.725s][debug][gc,phases      ] GC(199) Weak Processing 0.128ms
[1694.726s][debug][gc,phases      ] GC(199) Scrub String Table 0.466ms
[1694.726s][debug][gc,age         ] GC(199) Desired survivor size 34603008 bytes, new threshold 15 (max threshold 15)
[1694.726s][info ][gc,heap        ] GC(199) PSYoungGen: 2029120K->6480K(2063360K)
[1694.726s][info ][gc,heap        ] GC(199) ParOldGen: 372513K->372553K(391168K)
[1694.726s][info ][gc,metaspace   ] GC(199) Metaspace: 75107K->75107K(1118208K)
[1694.726s][info ][gc             ] GC(199) Pause Young (Allocation Failure) 2345M->370M(2397M) 4.141ms
[1694.726s][info ][gc,cpu         ] GC(199) User=0.01s Sys=0.00s Real=0.00s
[1694.726s][info ][safepoint      ] Leaving safepoint region
[1694.726s][info ][safepoint      ] Total time for which application threads were stopped: 0.0043066 seconds, Stopping threads took: 0.0000139 seconds
[1696.726s][info ][safepoint      ] Application time: 2.0001676 seconds
[1696.726s][info ][safepoint      ] Entering safepoint region: Cleanup
[1696.726s][info ][safepoint      ] Leaving safepoint region
[1696.726s][info ][safepoint      ] Total time for which application threads were stopped: 0.0001026 seconds, Stopping threads took: 0.0000381 seconds
[1705.676s][info ][safepoint      ] Application time: 8.9503104 seconds
[1705.677s][info ][safepoint      ] Entering safepoint region: ParallelGCFailedAllocation
[1705.677s][info ][gc,start       ] GC(200) Pause Young (Allocation Failure)
[1705.680s][debug][gc,phases      ] GC(200) Scavenge 3.572ms
[1705.680s][debug][gc,ref         ] GC(200) Skipped phase1 of Reference Processing due to unavailable references
[1705.680s][debug][gc,ref         ] GC(200) Skipped phase2 of Reference Processing due to unavailable references
[1705.680s][debug][gc,ref         ] GC(200) Skipped phase3 of Reference Processing due to unavailable references
[1705.680s][debug][gc,phases      ] GC(200) Reference Processing 0.028ms
[1705.680s][debug][gc,phases      ] GC(200) Weak Processing 0.132ms
[1705.681s][debug][gc,phases      ] GC(200) Scrub String Table 0.452ms
[1705.681s][debug][gc,age         ] GC(200) Desired survivor size 33030144 bytes, new threshold 15 (max threshold 15)
[1705.681s][info ][gc,heap        ] GC(200) PSYoungGen: 2035024K->7552K(2062336K)
[1705.681s][info ][gc,heap        ] GC(200) ParOldGen: 372553K->372601K(391168K)
[1705.681s][info ][gc,metaspace   ] GC(200) Metaspace: 75107K->75107K(1118208K)
[1705.681s][info ][gc             ] GC(200) Pause Young (Allocation Failure) 2351M->371M(2396M) 4.313ms
[1705.681s][info ][gc,cpu         ] GC(200) User=0.01s Sys=0.00s Real=0.01s
[1705.681s][info ][safepoint      ] Leaving safepoint region
[1705.681s][info ][safepoint      ] Total time for which application threads were stopped: 0.0044728 seconds, Stopping threads took: 0.0000124 seconds
[1707.681s][info ][safepoint      ] Application time: 2.0001459 seconds
[1707.681s][info ][safepoint      ] Entering safepoint region: Cleanup
[1707.681s][info ][safepoint      ] Leaving safepoint region
[1707.681s][info ][safepoint      ] Total time for which application threads were stopped: 0.0001294 seconds, Stopping threads took: 0.0000566 seconds
[1713.682s][info ][safepoint      ] Application time: 6.0003840 seconds
[1713.682s][info ][safepoint      ] Entering safepoint region: Cleanup
[1713.682s][info ][safepoint      ] Leaving safepoint region
[1713.682s][info ][safepoint      ] Total time for which application threads were stopped: 0.0001487 seconds, Stopping threads took: 0.0000587 seconds
[1716.584s][info ][safepoint      ] Application time: 2.9016965 seconds
[1716.584s][info ][safepoint      ] Entering safepoint region: ParallelGCFailedAllocation
[1716.584s][info ][gc,start       ] GC(201) Pause Young (Allocation Failure)
[1716.589s][debug][gc,phases      ] GC(201) Scavenge 4.784ms
[1716.589s][debug][gc,ref         ] GC(201) Skipped phase1 of Reference Processing due to unavailable references
[1716.589s][debug][gc,ref         ] GC(201) Skipped phase2 of Reference Processing due to unavailable references
[1716.589s][debug][gc,ref         ] GC(201) Skipped phase3 of Reference Processing due to unavailable references
[1716.589s][debug][gc,phases      ] GC(201) Reference Processing 0.030ms
[1716.589s][debug][gc,phases      ] GC(201) Weak Processing 0.134ms
[1716.589s][debug][gc,phases      ] GC(201) Scrub String Table 0.449ms
[1716.589s][debug][gc,age         ] GC(201) Desired survivor size 30932992 bytes, new threshold 15 (max threshold 15)
[1716.589s][info ][gc,heap        ] GC(201) PSYoungGen: 2036096K->10400K(2066944K)
[1716.589s][info ][gc,heap        ] GC(201) ParOldGen: 372601K->372641K(391168K)
[1716.589s][info ][gc,metaspace   ] GC(201) Metaspace: 75109K->75109K(1118208K)
[1716.589s][info ][gc             ] GC(201) Pause Young (Allocation Failure) 2352M->374M(2400M) 5.537ms
[1716.589s][info ][gc,cpu         ] GC(201) User=0.03s Sys=0.00s Real=0.01s
[1716.589s][info ][safepoint      ] Leaving safepoint region
[1716.589s][info ][safepoint      ] Total time for which application threads were stopped: 0.0057482 seconds, Stopping threads took: 0.0000184 seconds
[1718.590s][info ][safepoint      ] Application time: 2.0001613 seconds
[1718.590s][info ][safepoint      ] Entering safepoint region: Cleanup
[1718.590s][info ][safepoint      ] Leaving safepoint region
[1718.590s][info ][safepoint      ] Total time for which application threads were stopped: 0.0001014 seconds, Stopping threads took: 0.0000378 seconds
[1719.590s][info ][safepoint      ] Application time: 1.0000806 seconds
[1719.590s][info ][safepoint      ] Entering safepoint region: Cleanup
[1719.590s][info ][safepoint      ] Leaving safepoint region
[1719.590s][info ][safepoint      ] Total time for which application threads were stopped: 0.0000991 seconds, Stopping threads took: 0.0000346 seconds
[1727.723s][info ][safepoint      ] Application time: 8.1334635 seconds
[1727.723s][info ][safepoint      ] Entering safepoint region: ParallelGCFailedAllocation
[1727.724s][info ][gc,start       ] GC(202) Pause Young (Allocation Failure)
[1727.728s][debug][gc,phases      ] GC(202) Scavenge 4.467ms
[1727.728s][debug][gc,ref         ] GC(202) Skipped phase1 of Reference Processing due to unavailable references
[1727.728s][debug][gc,ref         ] GC(202) Skipped phase2 of Reference Processing due to unavailable references
[1727.728s][debug][gc,ref         ] GC(202) Skipped phase3 of Reference Processing due to unavailable references
[1727.728s][debug][gc,phases      ] GC(202) Reference Processing 0.030ms
[1727.728s][debug][gc,phases      ] GC(202) Weak Processing 0.136ms
[1727.729s][debug][gc,phases      ] GC(202) Scrub String Table 0.509ms
[1727.729s][debug][gc,age         ] GC(202) Desired survivor size 28835840 bytes, new threshold 15 (max threshold 15)
[1727.729s][info ][gc,heap        ] GC(202) PSYoungGen: 2045088K->10288K(2064896K)
[1727.729s][info ][gc,heap        ] GC(202) ParOldGen: 372641K->372697K(391168K)
[1727.729s][info ][gc,metaspace   ] GC(202) Metaspace: 75109K->75109K(1118208K)
[1727.729s][info ][gc             ] GC(202) Pause Young (Allocation Failure) 2361M->374M(2398M) 5.269ms
[1727.729s][info ][gc,cpu         ] GC(202) User=0.02s Sys=0.00s Real=0.01s
[1727.729s][info ][safepoint      ] Leaving safepoint region
[1727.729s][info ][safepoint      ] Total time for which application threads were stopped: 0.0054169 seconds, Stopping threads took: 0.0000128 seconds
[1736.730s][info ][safepoint      ] Application time: 9.0006852 seconds
[1736.730s][info ][safepoint      ] Entering safepoint region: Cleanup
[1736.730s][info ][safepoint      ] Leaving safepoint region
[1736.730s][info ][safepoint      ] Total time for which application threads were stopped: 0.0001088 seconds, Stopping threads took: 0.0000494 seconds
[1738.884s][info ][safepoint      ] Application time: 2.1544938 seconds
[1738.884s][info ][safepoint      ] Entering safepoint region: ParallelGCFailedAllocation
[1738.884s][info ][gc,start       ] GC(203) Pause Young (Allocation Failure)
[1738.889s][debug][gc,phases      ] GC(203) Scavenge 4.569ms
[1738.889s][debug][gc,ref         ] GC(203) Skipped phase1 of Reference Processing due to unavailable references
[1738.889s][debug][gc,ref         ] GC(203) Skipped phase2 of Reference Processing due to unavailable references
[1738.889s][debug][gc,ref         ] GC(203) Skipped phase3 of Reference Processing due to unavailable references
[1738.889s][debug][gc,phases      ] GC(203) Reference Processing 0.031ms
[1738.889s][debug][gc,phases      ] GC(203) Weak Processing 0.142ms
[1738.890s][debug][gc,phases      ] GC(203) Scrub String Table 0.476ms
[1738.890s][debug][gc,age         ] GC(203) Desired survivor size 27262976 bytes, new threshold 15 (max threshold 15)
[1738.890s][info ][gc,heap        ] GC(203) PSYoungGen: 2044976K->10240K(2070528K)
[1738.890s][info ][gc,heap        ] GC(203) ParOldGen: 372697K->372729K(391168K)
[1738.890s][info ][gc,metaspace   ] GC(203) Metaspace: 75110K->75110K(1118208K)
[1738.890s][info ][gc             ] GC(203) Pause Young (Allocation Failure) 2361M->373M(2404M) 5.346ms
[1738.890s][info ][gc,cpu         ] GC(203) User=0.02s Sys=0.00s Real=0.01s
[1738.890s][info ][safepoint      ] Leaving safepoint region
[1738.890s][info ][safepoint      ] Total time for which application threads were stopped: 0.0055050 seconds, Stopping threads took: 0.0000160 seconds
[1746.890s][info ][safepoint      ] Application time: 8.0005792 seconds
[1746.890s][info ][safepoint      ] Entering safepoint region: Cleanup
[1746.890s][info ][safepoint      ] Leaving safepoint region
[1746.890s][info ][safepoint      ] Total time for which application threads were stopped: 0.0001063 seconds, Stopping threads took: 0.0000426 seconds
[1747.891s][info ][safepoint      ] Application time: 1.0000827 seconds
[1747.891s][info ][safepoint      ] Entering safepoint region: Cleanup
[1747.891s][info ][safepoint      ] Leaving safepoint region
[1747.891s][info ][safepoint      ] Total time for which application threads were stopped: 0.0000927 seconds, Stopping threads took: 0.0000308 seconds
[1748.891s][info ][safepoint      ] Application time: 1.0000786 seconds
[1748.891s][info ][safepoint      ] Entering safepoint region: Cleanup
[1748.891s][info ][safepoint      ] Leaving safepoint region
[1748.891s][info ][safepoint      ] Total time for which application threads were stopped: 0.0001157 seconds, Stopping threads took: 0.0000449 seconds
[1749.821s][info ][safepoint      ] Application time: 0.9304817 seconds
[1749.821s][info ][safepoint      ] Entering safepoint region: ParallelGCFailedAllocation
[1749.822s][info ][gc,start       ] GC(204) Pause Young (Allocation Failure)
[1749.826s][debug][gc,phases      ] GC(204) Scavenge 4.619ms
[1749.826s][debug][gc,ref         ] GC(204) Skipped phase1 of Reference Processing due to unavailable references
[1749.826s][debug][gc,ref         ] GC(204) Skipped phase2 of Reference Processing due to unavailable references
[1749.826s][debug][gc,ref         ] GC(204) Skipped phase3 of Reference Processing due to unavailable references
[1749.826s][debug][gc,phases      ] GC(204) Reference Processing 0.030ms
[1749.826s][debug][gc,phases      ] GC(204) Weak Processing 0.138ms
[1749.827s][debug][gc,phases      ] GC(204) Scrub String Table 0.443ms
[1749.827s][debug][gc,age         ] GC(204) Desired survivor size 25690112 bytes, new threshold 15 (max threshold 15)
[1749.827s][info ][gc,heap        ] GC(204) PSYoungGen: 2052608K->10992K(2068992K)
[1749.827s][info ][gc,heap        ] GC(204) ParOldGen: 372729K->372777K(391168K)
[1749.827s][info ][gc,metaspace   ] GC(204) Metaspace: 75113K->75113K(1118208K)
[1749.827s][info ][gc             ] GC(204) Pause Young (Allocation Failure) 2368M->374M(2402M) 5.401ms
[1749.827s][info ][gc,cpu         ] GC(204) User=0.02s Sys=0.00s Real=0.00s
[1749.827s][info ][safepoint      ] Leaving safepoint region
[1749.827s][info ][safepoint      ] Total time for which application threads were stopped: 0.0055871 seconds, Stopping threads took: 0.0000374 seconds
[1761.071s][info ][safepoint      ] Application time: 11.2439746 seconds
[1761.071s][info ][safepoint      ] Entering safepoint region: ParallelGCFailedAllocation
[1761.071s][info ][gc,start       ] GC(205) Pause Young (Allocation Failure)
[1761.076s][debug][gc,phases      ] GC(205) Scavenge 4.701ms
[1761.076s][debug][gc,ref         ] GC(205) Skipped phase1 of Reference Processing due to unavailable references
[1761.076s][debug][gc,ref         ] GC(205) Skipped phase2 of Reference Processing due to unavailable references
[1761.076s][debug][gc,ref         ] GC(205) Skipped phase3 of Reference Processing due to unavailable references
[1761.076s][debug][gc,phases      ] GC(205) Reference Processing 0.028ms
[1761.076s][debug][gc,phases      ] GC(205) Weak Processing 0.129ms
[1761.077s][debug][gc,phases      ] GC(205) Scrub String Table 0.431ms
[1761.077s][debug][gc,age         ] GC(205) Desired survivor size 24641536 bytes, new threshold 15 (max threshold 15)
[1761.077s][info ][gc,heap        ] GC(205) PSYoungGen: 2053360K->11072K(2073088K)
[1761.077s][info ][gc,heap        ] GC(205) ParOldGen: 372777K->372817K(391168K)
[1761.077s][info ][gc,metaspace   ] GC(205) Metaspace: 75116K->75116K(1118208K)
[1761.077s][info ][gc             ] GC(205) Pause Young (Allocation Failure) 2369M->374M(2406M) 5.409ms
[1761.077s][info ][gc,cpu         ] GC(205) User=0.02s Sys=0.00s Real=0.00s
[1761.077s][info ][safepoint      ] Leaving safepoint region
[1761.077s][info ][safepoint      ] Total time for which application threads were stopped: 0.0055822 seconds, Stopping threads took: 0.0000336 seconds
[1767.077s][info ][safepoint      ] Application time: 6.0004321 seconds
[1767.077s][info ][safepoint      ] Entering safepoint region: Cleanup
[1767.077s][info ][safepoint      ] Leaving safepoint region
[1767.077s][info ][safepoint      ] Total time for which application threads were stopped: 0.0001285 seconds, Stopping threads took: 0.0000343 seconds
[1768.077s][info ][safepoint      ] Application time: 1.0000752 seconds
[1768.077s][info ][safepoint      ] Entering safepoint region: Cleanup
[1768.077s][info ][safepoint      ] Leaving safepoint region
[1768.077s][info ][safepoint      ] Total time for which application threads were stopped: 0.0000959 seconds, Stopping threads took: 0.0000336 seconds
[1772.228s][info ][safepoint      ] Application time: 4.1503934 seconds
[1772.228s][info ][safepoint      ] Entering safepoint region: ParallelGCFailedAllocation
[1772.228s][info ][gc,start       ] GC(206) Pause Young (Allocation Failure)
[1772.232s][debug][gc,phases      ] GC(206) Scavenge 4.266ms
[1772.232s][debug][gc,ref         ] GC(206) Skipped phase1 of Reference Processing due to unavailable references
[1772.232s][debug][gc,ref         ] GC(206) Skipped phase2 of Reference Processing due to unavailable references
[1772.232s][debug][gc,ref         ] GC(206) Skipped phase3 of Reference Processing due to unavailable references
[1772.232s][debug][gc,phases      ] GC(206) Reference Processing 0.030ms
[1772.233s][debug][gc,phases      ] GC(206) Weak Processing 0.139ms
[1772.233s][debug][gc,phases      ] GC(206) Scrub String Table 0.476ms
[1772.233s][debug][gc,age         ] GC(206) Desired survivor size 23068672 bytes, new threshold 15 (max threshold 15)
[1772.233s][info ][gc,heap        ] GC(206) PSYoungGen: 2059072K->11200K(2072064K)
[1772.233s][info ][gc,heap        ] GC(206) ParOldGen: 372817K->372881K(391168K)
[1772.233s][info ][gc,metaspace   ] GC(206) Metaspace: 75118K->75118K(1118208K)
[1772.233s][info ][gc             ] GC(206) Pause Young (Allocation Failure) 2374M->375M(2405M) 5.063ms
[1772.233s][info ][gc,cpu         ] GC(206) User=0.01s Sys=0.00s Real=0.00s
[1772.233s][info ][safepoint      ] Leaving safepoint region
[1772.233s][info ][safepoint      ] Total time for which application threads were stopped: 0.0052242 seconds, Stopping threads took: 0.0000134 seconds
[1781.234s][info ][safepoint      ] Application time: 9.0006812 seconds
[1781.234s][info ][safepoint      ] Entering safepoint region: Cleanup
[1781.234s][info ][safepoint      ] Leaving safepoint region
[1781.234s][info ][safepoint      ] Total time for which application threads were stopped: 0.0001216 seconds, Stopping threads took: 0.0000499 seconds
[1783.631s][info ][safepoint      ] Application time: 2.3966547 seconds
[1783.631s][info ][safepoint      ] Entering safepoint region: ParallelGCFailedAllocation
[1783.631s][info ][gc,start       ] GC(207) Pause Young (Allocation Failure)
[1783.636s][debug][gc,phases      ] GC(207) Scavenge 4.834ms
[1783.636s][debug][gc,ref         ] GC(207) Skipped phase1 of Reference Processing due to unavailable references
[1783.636s][debug][gc,ref         ] GC(207) Skipped phase2 of Reference Processing due to unavailable references
[1783.636s][debug][gc,ref         ] GC(207) Skipped phase3 of Reference Processing due to unavailable references
[1783.636s][debug][gc,phases      ] GC(207) Reference Processing 0.029ms
[1783.636s][debug][gc,phases      ] GC(207) Weak Processing 0.156ms
[1783.636s][debug][gc,phases      ] GC(207) Scrub String Table 0.457ms
[1783.636s][debug][gc,age         ] GC(207) Desired survivor size 22020096 bytes, new threshold 15 (max threshold 15)
[1783.636s][info ][gc,heap        ] GC(207) PSYoungGen: 2059200K->10256K(2075648K)
[1783.636s][info ][gc,heap        ] GC(207) ParOldGen: 372881K->373785K(391168K)
[1783.636s][info ][gc,metaspace   ] GC(207) Metaspace: 75119K->75119K(1118208K)
[1783.636s][info ][gc             ] GC(207) Pause Young (Allocation Failure) 2375M->375M(2409M) 5.618ms
[1783.636s][info ][gc,cpu         ] GC(207) User=0.02s Sys=0.00s Real=0.00s
[1783.636s][info ][safepoint      ] Leaving safepoint region
[1783.636s][info ][safepoint      ] Total time for which application threads were stopped: 0.0057707 seconds, Stopping threads took: 0.0000130 seconds
[1789.637s][info ][safepoint      ] Application time: 6.0004548 seconds
[1789.637s][info ][safepoint      ] Entering safepoint region: Cleanup
[1789.637s][info ][safepoint      ] Leaving safepoint region
[1789.637s][info ][safepoint      ] Total time for which application threads were stopped: 0.0001002 seconds, Stopping threads took: 0.0000353 seconds
[1791.637s][info ][safepoint      ] Application time: 2.0001124 seconds
[1791.637s][info ][safepoint      ] Entering safepoint region: Cleanup
[1791.637s][info ][safepoint      ] Leaving safepoint region
[1791.637s][info ][safepoint      ] Total time for which application threads were stopped: 0.0001114 seconds, Stopping threads took: 0.0000343 seconds
[1794.578s][info ][safepoint      ] Application time: 2.9408146 seconds
[1794.578s][info ][safepoint      ] Entering safepoint region: ParallelGCFailedAllocation
[1794.578s][info ][gc,start       ] GC(208) Pause Young (Allocation Failure)
[1794.583s][debug][gc,phases      ] GC(208) Scavenge 4.734ms
[1794.583s][debug][gc,ref         ] GC(208) Skipped phase1 of Reference Processing due to unavailable references
[1794.583s][debug][gc,ref         ] GC(208) Skipped phase2 of Reference Processing due to unavailable references
[1794.583s][debug][gc,ref         ] GC(208) Skipped phase3 of Reference Processing due to unavailable references
[1794.583s][debug][gc,phases      ] GC(208) Reference Processing 0.028ms
[1794.583s][debug][gc,phases      ] GC(208) Weak Processing 0.136ms
[1794.584s][debug][gc,phases      ] GC(208) Scrub String Table 0.422ms
[1794.584s][debug][gc,age         ] GC(208) Desired survivor size 20971520 bytes, new threshold 15 (max threshold 15)
[1794.584s][info ][gc,heap        ] GC(208) PSYoungGen: 2063376K->10800K(2074624K)
[1794.584s][info ][gc,heap        ] GC(208) ParOldGen: 373785K->373921K(391168K)
[1794.584s][info ][gc,metaspace   ] GC(208) Metaspace: 75122K->75122K(1118208K)
[1794.584s][info ][gc             ] GC(208) Pause Young (Allocation Failure) 2380M->375M(2408M) 5.466ms
[1794.584s][info ][gc,cpu         ] GC(208) User=0.02s Sys=0.01s Real=0.01s
[1794.584s][info ][safepoint      ] Leaving safepoint region
[1794.584s][info ][safepoint      ] Total time for which application threads were stopped: 0.0056368 seconds, Stopping threads took: 0.0000131 seconds
[1799.584s][info ][safepoint      ] Application time: 5.0003662 seconds
[1799.584s][info ][safepoint      ] Entering safepoint region: Cleanup
[1799.584s][info ][safepoint      ] Leaving safepoint region
[1799.584s][info ][safepoint      ] Total time for which application threads were stopped: 0.0001276 seconds, Stopping threads took: 0.0000518 seconds
[1803.585s][info ][safepoint      ] Application time: 4.0003120 seconds
[1803.585s][info ][safepoint      ] Entering safepoint region: Cleanup
[1803.585s][info ][safepoint      ] Leaving safepoint region
[1803.585s][info ][safepoint      ] Total time for which application threads were stopped: 0.0001230 seconds, Stopping threads took: 0.0000365 seconds
[1804.585s][info ][safepoint      ] Application time: 1.0000865 seconds
[1804.585s][info ][safepoint      ] Entering safepoint region: Cleanup
[1804.585s][info ][safepoint      ] Leaving safepoint region
[1804.585s][info ][safepoint      ] Total time for which application threads were stopped: 0.0001173 seconds, Stopping threads took: 0.0000467 seconds
[1805.585s][info ][safepoint      ] Application time: 1.0000743 seconds
[1805.585s][info ][safepoint      ] Entering safepoint region: Cleanup
[1805.585s][info ][safepoint      ] Leaving safepoint region
[1805.585s][info ][safepoint      ] Total time for which application threads were stopped: 0.0001396 seconds, Stopping threads took: 0.0000554 seconds
[1805.624s][info ][safepoint      ] Application time: 0.0385092 seconds
[1805.624s][info ][safepoint      ] Entering safepoint region: ParallelGCFailedAllocation
[1805.624s][info ][gc,start       ] GC(209) Pause Young (Allocation Failure)
[1805.628s][debug][gc,phases      ] GC(209) Scavenge 4.467ms
[1805.629s][debug][gc,ref         ] GC(209) Skipped phase1 of Reference Processing due to unavailable references
[1805.629s][debug][gc,ref         ] GC(209) Skipped phase2 of Reference Processing due to unavailable references
[1805.629s][debug][gc,ref         ] GC(209) Skipped phase3 of Reference Processing due to unavailable references
[1805.629s][debug][gc,phases      ] GC(209) Reference Processing 0.034ms
[1805.629s][debug][gc,phases      ] GC(209) Weak Processing 0.130ms
[1805.629s][debug][gc,phases      ] GC(209) Scrub String Table 0.428ms
[1805.629s][debug][gc,age         ] GC(209) Desired survivor size 20447232 bytes, new threshold 15 (max threshold 15)
[1805.629s][info ][gc,heap        ] GC(209) PSYoungGen: 2063920K->10800K(2077184K)
[1805.629s][info ][gc,heap        ] GC(209) ParOldGen: 373921K->373981K(391168K)
[1805.629s][info ][gc,metaspace   ] GC(209) Metaspace: 75122K->75122K(1118208K)
[1805.629s][info ][gc             ] GC(209) Pause Young (Allocation Failure) 2380M->375M(2410M) 5.192ms
[1805.629s][info ][gc,cpu         ] GC(209) User=0.02s Sys=0.00s Real=0.01s
[1805.629s][info ][safepoint      ] Leaving safepoint region
[1805.629s][info ][safepoint      ] Total time for which application threads were stopped: 0.0053567 seconds, Stopping threads took: 0.0000120 seconds
[1808.629s][info ][safepoint      ] Application time: 3.0002155 seconds
[1808.629s][info ][safepoint      ] Entering safepoint region: Cleanup
[1808.630s][info ][safepoint      ] Leaving safepoint region
[1808.630s][info ][safepoint      ] Total time for which application threads were stopped: 0.0001075 seconds, Stopping threads took: 0.0000339 seconds
[1809.630s][info ][safepoint      ] Application time: 1.0000795 seconds
[1809.630s][info ][safepoint      ] Entering safepoint region: Cleanup
[1809.630s][info ][safepoint      ] Leaving safepoint region
[1809.630s][info ][safepoint      ] Total time for which application threads were stopped: 0.0001137 seconds, Stopping threads took: 0.0000468 seconds
[1816.189s][info ][safepoint      ] Application time: 6.5596007 seconds
[1816.189s][info ][safepoint      ] Entering safepoint region: ParallelGCFailedAllocation
[1816.190s][info ][gc,start       ] GC(210) Pause Young (Allocation Failure)
[1816.201s][debug][gc,phases      ] GC(210) Scavenge 11.580ms
[1816.201s][debug][gc,ref         ] GC(210) Skipped phase1 of Reference Processing due to unavailable references
[1816.201s][debug][gc,ref         ] GC(210) Skipped phase2 of Reference Processing due to unavailable references
[1816.201s][debug][gc,ref         ] GC(210) Skipped phase3 of Reference Processing due to unavailable references
[1816.201s][debug][gc,phases      ] GC(210) Reference Processing 0.052ms
[1816.202s][debug][gc,phases      ] GC(210) Weak Processing 0.181ms
[1816.202s][debug][gc,phases      ] GC(210) Scrub String Table 0.583ms
[1816.202s][debug][gc,age         ] GC(210) Desired survivor size 25165824 bytes, new threshold 14 (max threshold 15)
[1816.202s][info ][gc,heap        ] GC(210) PSYoungGen: 2067504K->19952K(2076672K)
[1816.202s][info ][gc,heap        ] GC(210) ParOldGen: 373981K->379815K(391168K)
[1816.202s][info ][gc,metaspace   ] GC(210) Metaspace: 75124K->75124K(1118208K)
[1816.202s][info ][gc             ] GC(210) Pause Young (Allocation Failure) 2384M->390M(2410M) 12.555ms
[1816.202s][info ][gc,cpu         ] GC(210) User=0.06s Sys=0.00s Real=0.01s
[1816.202s][info ][safepoint      ] Leaving safepoint region
[1816.202s][info ][safepoint      ] Total time for which application threads were stopped: 0.0127894 seconds, Stopping threads took: 0.0000333 seconds
[1817.202s][info ][safepoint      ] Application time: 1.0000900 seconds
[1817.202s][info ][safepoint      ] Entering safepoint region: Cleanup
[1817.202s][info ][safepoint      ] Leaving safepoint region
[1817.202s][info ][safepoint      ] Total time for which application threads were stopped: 0.0000749 seconds, Stopping threads took: 0.0000142 seconds
[1820.203s][info ][safepoint      ] Application time: 3.0001848 seconds
[1820.203s][info ][safepoint      ] Entering safepoint region: Cleanup
[1820.203s][info ][safepoint      ] Leaving safepoint region
[1820.203s][info ][safepoint      ] Total time for which application threads were stopped: 0.0000902 seconds, Stopping threads took: 0.0000119 seconds
[1826.564s][info ][safepoint      ] Application time: 6.3607675 seconds
[1826.564s][info ][safepoint      ] Entering safepoint region: ParallelGCFailedAllocation
[1826.564s][info ][safepoint      ] Leaving safepoint region
[1826.564s][info ][safepoint      ] Total time for which application threads were stopped: 0.0001502 seconds, Stopping threads took: 0.0000571 seconds
[1826.564s][info ][safepoint      ] Application time: 0.0000559 seconds
[1826.564s][info ][safepoint      ] Entering safepoint region: ParallelGCSystemGC
[1826.564s][info ][gc,start       ] GC(211) Pause Young (GCLocker Initiated GC)
[1826.570s][debug][gc,phases      ] GC(211) Scavenge 5.878ms
[1826.570s][debug][gc,ref         ] GC(211) Skipped phase1 of Reference Processing due to unavailable references
[1826.570s][debug][gc,ref         ] GC(211) Skipped phase2 of Reference Processing due to unavailable references
[1826.570s][debug][gc,ref         ] GC(211) Skipped phase3 of Reference Processing due to unavailable references
[1826.570s][debug][gc,phases      ] GC(211) Reference Processing 0.027ms
[1826.570s][debug][gc,phases      ] GC(211) Weak Processing 0.135ms
[1826.570s][debug][gc,phases      ] GC(211) Scrub String Table 0.424ms
[1826.570s][debug][gc,age         ] GC(211) Desired survivor size 23592960 bytes, new threshold 15 (max threshold 15)
[1826.570s][info ][gc,heap        ] GC(211) PSYoungGen: 2076656K->12064K(2071552K)
[1826.570s][info ][gc,heap        ] GC(211) ParOldGen: 379815K->380487K(391168K)
[1826.570s][info ][gc,metaspace   ] GC(211) Metaspace: 75126K->75126K(1118208K)
[1826.570s][info ][gc             ] GC(211) Pause Young (GCLocker Initiated GC) 2398M->383M(2405M) 6.593ms
[1826.570s][info ][gc,cpu         ] GC(211) User=0.03s Sys=0.00s Real=0.01s
[1826.570s][info ][safepoint      ] Leaving safepoint region
[1826.570s][info ][safepoint      ] Total time for which application threads were stopped: 0.0067159 seconds, Stopping threads took: 0.0000289 seconds
[1827.571s][info ][safepoint      ] Application time: 1.0000970 seconds
[1827.571s][info ][safepoint      ] Entering safepoint region: Cleanup
[1827.571s][info ][safepoint      ] Leaving safepoint region
[1827.571s][info ][safepoint      ] Total time for which application threads were stopped: 0.0001040 seconds, Stopping threads took: 0.0000339 seconds
[1828.571s][info ][safepoint      ] Application time: 1.0000794 seconds
[1828.571s][info ][safepoint      ] Entering safepoint region: Cleanup
[1828.571s][info ][safepoint      ] Leaving safepoint region
[1828.571s][info ][safepoint      ] Total time for which application threads were stopped: 0.0000975 seconds, Stopping threads took: 0.0000337 seconds
[1829.571s][info ][safepoint      ] Application time: 1.0000782 seconds
[1829.571s][info ][safepoint      ] Entering safepoint region: Cleanup
[1829.571s][info ][safepoint      ] Leaving safepoint region
[1829.571s][info ][safepoint      ] Total time for which application threads were stopped: 0.0000982 seconds, Stopping threads took: 0.0000327 seconds
[1830.571s][info ][safepoint      ] Application time: 1.0000818 seconds
[1830.571s][info ][safepoint      ] Entering safepoint region: Cleanup
[1830.571s][info ][safepoint      ] Leaving safepoint region
[1830.571s][info ][safepoint      ] Total time for which application threads were stopped: 0.0001068 seconds, Stopping threads took: 0.0000369 seconds
[1831.571s][info ][safepoint      ] Application time: 1.0000788 seconds
[1831.572s][info ][safepoint      ] Entering safepoint region: Cleanup
[1831.572s][info ][safepoint      ] Leaving safepoint region
[1831.572s][info ][safepoint      ] Total time for which application threads were stopped: 0.0001198 seconds, Stopping threads took: 0.0000572 seconds
[1832.572s][info ][safepoint      ] Application time: 1.0000894 seconds
[1832.572s][info ][safepoint      ] Entering safepoint region: Cleanup
[1832.572s][info ][safepoint      ] Leaving safepoint region
[1832.572s][info ][safepoint      ] Total time for which application threads were stopped: 0.0000990 seconds, Stopping threads took: 0.0000310 seconds
[1833.572s][info ][safepoint      ] Application time: 1.0000756 seconds
[1833.572s][info ][safepoint      ] Entering safepoint region: Cleanup
[1833.572s][info ][safepoint      ] Leaving safepoint region
[1833.572s][info ][safepoint      ] Total time for which application threads were stopped: 0.0000989 seconds, Stopping threads took: 0.0000356 seconds
[1834.572s][info ][safepoint      ] Application time: 1.0000692 seconds
[1834.572s][info ][safepoint      ] Entering safepoint region: Cleanup
[1834.572s][info ][safepoint      ] Leaving safepoint region
[1834.572s][info ][safepoint      ] Total time for which application threads were stopped: 0.0001078 seconds, Stopping threads took: 0.0000362 seconds
[1835.572s][info ][safepoint      ] Application time: 1.0000781 seconds
[1835.572s][info ][safepoint      ] Entering safepoint region: Cleanup
[1835.573s][info ][safepoint      ] Leaving safepoint region
[1835.573s][info ][safepoint      ] Total time for which application threads were stopped: 0.0001061 seconds, Stopping threads took: 0.0000457 seconds
[1836.573s][info ][safepoint      ] Application time: 1.0000799 seconds
[1836.573s][info ][safepoint      ] Entering safepoint region: Cleanup
[1836.573s][info ][safepoint      ] Leaving safepoint region
[1836.573s][info ][safepoint      ] Total time for which application threads were stopped: 0.0001282 seconds, Stopping threads took: 0.0000538 seconds
[1837.573s][info ][safepoint      ] Application time: 1.0000863 seconds
[1837.573s][info ][safepoint      ] Entering safepoint region: Cleanup
[1837.573s][info ][safepoint      ] Leaving safepoint region
[1837.573s][info ][safepoint      ] Total time for which application threads were stopped: 0.0001251 seconds, Stopping threads took: 0.0000496 seconds
[1838.573s][info ][safepoint      ] Application time: 1.0000787 seconds
[1838.573s][info ][safepoint      ] Entering safepoint region: Cleanup
[1838.573s][info ][safepoint      ] Leaving safepoint region
[1838.573s][info ][safepoint      ] Total time for which application threads were stopped: 0.0001077 seconds, Stopping threads took: 0.0000450 seconds
[1839.573s][info ][safepoint      ] Application time: 1.0000861 seconds
[1839.573s][info ][safepoint      ] Entering safepoint region: Cleanup
[1839.573s][info ][safepoint      ] Leaving safepoint region
[1839.573s][info ][safepoint      ] Total time for which application threads were stopped: 0.0001003 seconds, Stopping threads took: 0.0000374 seconds
[1840.324s][info ][safepoint      ] Application time: 0.7505898 seconds
[1840.324s][info ][safepoint      ] Entering safepoint region: ParallelGCFailedAllocation
[1840.324s][info ][gc,start       ] GC(212) Pause Young (Allocation Failure)
[1840.329s][debug][gc,phases      ] GC(212) Scavenge 4.491ms
[1840.329s][debug][gc,ref         ] GC(212) Skipped phase1 of Reference Processing due to unavailable references
[1840.329s][debug][gc,ref         ] GC(212) Skipped phase2 of Reference Processing due to unavailable references
[1840.329s][debug][gc,ref         ] GC(212) Skipped phase3 of Reference Processing due to unavailable references
[1840.329s][debug][gc,phases      ] GC(212) Reference Processing 0.031ms
[1840.329s][debug][gc,phases      ] GC(212) Weak Processing 0.142ms
[1840.329s][debug][gc,phases      ] GC(212) Scrub String Table 0.451ms
[1840.329s][debug][gc,age         ] GC(212) Desired survivor size 23068672 bytes, new threshold 15 (max threshold 15)
[1840.329s][info ][gc,heap        ] GC(212) PSYoungGen: 2063136K->9024K(2074112K)
[1840.329s][info ][gc,heap        ] GC(212) ParOldGen: 380489K->380489K(391168K)
[1840.329s][info ][gc,metaspace   ] GC(212) Metaspace: 75127K->75127K(1118208K)
[1840.329s][info ][gc             ] GC(212) Pause Young (Allocation Failure) 2386M->380M(2407M) 5.243ms
[1840.329s][info ][gc,cpu         ] GC(212) User=0.02s Sys=0.00s Real=0.01s
[1840.330s][info ][safepoint      ] Leaving safepoint region
[1840.330s][info ][safepoint      ] Total time for which application threads were stopped: 0.0054078 seconds, Stopping threads took: 0.0000150 seconds
[1841.330s][info ][safepoint      ] Application time: 1.0000805 seconds
[1841.330s][info ][safepoint      ] Entering safepoint region: Cleanup
[1841.330s][info ][safepoint      ] Leaving safepoint region
[1841.330s][info ][safepoint      ] Total time for which application threads were stopped: 0.0000915 seconds, Stopping threads took: 0.0000326 seconds
[1842.330s][info ][safepoint      ] Application time: 1.0000775 seconds
[1842.330s][info ][safepoint      ] Entering safepoint region: Cleanup
[1842.330s][info ][safepoint      ] Leaving safepoint region
[1842.330s][info ][safepoint      ] Total time for which application threads were stopped: 0.0000938 seconds, Stopping threads took: 0.0000316 seconds
[1843.330s][info ][safepoint      ] Application time: 1.0000853 seconds
[1843.330s][info ][safepoint      ] Entering safepoint region: Cleanup
[1843.330s][info ][safepoint      ] Leaving safepoint region
[1843.330s][info ][safepoint      ] Total time for which application threads were stopped: 0.0000966 seconds, Stopping threads took: 0.0000327 seconds
[1844.330s][info ][safepoint      ] Application time: 1.0000797 seconds
[1844.330s][info ][safepoint      ] Entering safepoint region: Cleanup
[1844.330s][info ][safepoint      ] Leaving safepoint region
[1844.330s][info ][safepoint      ] Total time for which application threads were stopped: 0.0000969 seconds, Stopping threads took: 0.0000285 seconds
[1845.330s][info ][safepoint      ] Application time: 1.0000815 seconds
[1845.331s][info ][safepoint      ] Entering safepoint region: Cleanup
[1845.331s][info ][safepoint      ] Leaving safepoint region
[1845.331s][info ][safepoint      ] Total time for which application threads were stopped: 0.0001353 seconds, Stopping threads took: 0.0000666 seconds
[1846.331s][info ][safepoint      ] Application time: 1.0000779 seconds
[1846.331s][info ][safepoint      ] Entering safepoint region: Cleanup
[1846.331s][info ][safepoint      ] Leaving safepoint region
[1846.331s][info ][safepoint      ] Total time for which application threads were stopped: 0.0001119 seconds, Stopping threads took: 0.0000461 seconds
[1847.331s][info ][safepoint      ] Application time: 1.0000796 seconds
[1847.331s][info ][safepoint      ] Entering safepoint region: Cleanup
[1847.331s][info ][safepoint      ] Leaving safepoint region
[1847.331s][info ][safepoint      ] Total time for which application threads were stopped: 0.0001014 seconds, Stopping threads took: 0.0000335 seconds
[1848.331s][info ][safepoint      ] Application time: 1.0000809 seconds
[1848.331s][info ][safepoint      ] Entering safepoint region: Cleanup
[1848.331s][info ][safepoint      ] Leaving safepoint region
[1848.331s][info ][safepoint      ] Total time for which application threads were stopped: 0.0001178 seconds, Stopping threads took: 0.0000355 seconds
[1849.331s][info ][safepoint      ] Application time: 1.0000797 seconds
[1849.331s][info ][safepoint      ] Entering safepoint region: Cleanup
[1849.331s][info ][safepoint      ] Leaving safepoint region
[1849.332s][info ][safepoint      ] Total time for which application threads were stopped: 0.0000986 seconds, Stopping threads took: 0.0000330 seconds
[1850.332s][info ][safepoint      ] Application time: 1.0000818 seconds
[1850.332s][info ][safepoint      ] Entering safepoint region: Cleanup
[1850.332s][info ][safepoint      ] Leaving safepoint region
[1850.332s][info ][safepoint      ] Total time for which application threads were stopped: 0.0001323 seconds, Stopping threads took: 0.0000454 seconds
[1851.332s][info ][safepoint      ] Application time: 1.0000797 seconds
[1851.332s][info ][safepoint      ] Entering safepoint region: Cleanup
[1851.332s][info ][safepoint      ] Leaving safepoint region
[1851.332s][info ][safepoint      ] Total time for which application threads were stopped: 0.0000962 seconds, Stopping threads took: 0.0000339 seconds
[1852.332s][info ][safepoint      ] Application time: 1.0000914 seconds
[1852.332s][info ][safepoint      ] Entering safepoint region: Cleanup
[1852.332s][info ][safepoint      ] Leaving safepoint region
[1852.332s][info ][safepoint      ] Total time for which application threads were stopped: 0.0001171 seconds, Stopping threads took: 0.0000371 seconds
[1853.332s][info ][safepoint      ] Application time: 1.0000815 seconds
[1853.332s][info ][safepoint      ] Entering safepoint region: Cleanup
[1853.332s][info ][safepoint      ] Leaving safepoint region
[1853.332s][info ][safepoint      ] Total time for which application threads were stopped: 0.0001045 seconds, Stopping threads took: 0.0000318 seconds
[1854.333s][info ][safepoint      ] Application time: 1.0000873 seconds
[1854.333s][info ][safepoint      ] Entering safepoint region: Cleanup
[1854.333s][info ][safepoint      ] Leaving safepoint region
[1854.333s][info ][safepoint      ] Total time for which application threads were stopped: 0.0001030 seconds, Stopping threads took: 0.0000338 seconds
[1854.393s][info ][safepoint      ] Application time: 0.0601408 seconds
[1854.393s][info ][safepoint      ] Entering safepoint region: ParallelGCFailedAllocation
[1854.393s][info ][gc,start       ] GC(213) Pause Young (Allocation Failure)
[1854.398s][debug][gc,phases      ] GC(213) Scavenge 4.716ms
[1854.398s][debug][gc,ref         ] GC(213) Skipped phase1 of Reference Processing due to unavailable references
[1854.398s][debug][gc,ref         ] GC(213) Skipped phase2 of Reference Processing due to unavailable references
[1854.398s][debug][gc,ref         ] GC(213) Skipped phase3 of Reference Processing due to unavailable references
[1854.398s][debug][gc,phases      ] GC(213) Reference Processing 0.057ms
[1854.398s][debug][gc,phases      ] GC(213) Weak Processing 0.137ms
[1854.398s][debug][gc,phases      ] GC(213) Scrub String Table 0.434ms
[1854.398s][debug][gc,age         ] GC(213) Desired survivor size 22544384 bytes, new threshold 15 (max threshold 15)
[1854.398s][info ][gc,heap        ] GC(213) PSYoungGen: 2060096K->8944K(2075136K)
[1854.398s][info ][gc,heap        ] GC(213) ParOldGen: 380489K->380537K(391168K)
[1854.398s][info ][gc,metaspace   ] GC(213) Metaspace: 75127K->75127K(1118208K)
[1854.398s][info ][gc             ] GC(213) Pause Young (Allocation Failure) 2383M->380M(2408M) 5.465ms
[1854.398s][info ][gc,cpu         ] GC(213) User=0.02s Sys=0.00s Real=0.00s
[1854.398s][info ][safepoint      ] Leaving safepoint region
[1854.398s][info ][safepoint      ] Total time for which application threads were stopped: 0.0056102 seconds, Stopping threads took: 0.0000140 seconds
[1855.399s][info ][safepoint      ] Application time: 1.0000884 seconds
[1855.399s][info ][safepoint      ] Entering safepoint region: Cleanup
[1855.399s][info ][safepoint      ] Leaving safepoint region
[1855.399s][info ][safepoint      ] Total time for which application threads were stopped: 0.0000701 seconds, Stopping threads took: 0.0000157 seconds
[1856.399s][info ][safepoint      ] Application time: 1.0000274 seconds
[1856.399s][info ][safepoint      ] Entering safepoint region: Cleanup
[1856.399s][info ][safepoint      ] Leaving safepoint region
[1856.399s][info ][safepoint      ] Total time for which application threads were stopped: 0.0000673 seconds, Stopping threads took: 0.0000141 seconds
[1857.399s][info ][safepoint      ] Application time: 1.0000760 seconds
[1857.399s][info ][safepoint      ] Entering safepoint region: Cleanup
[1857.399s][info ][safepoint      ] Leaving safepoint region
[1857.399s][info ][safepoint      ] Total time for which application threads were stopped: 0.0000752 seconds, Stopping threads took: 0.0000144 seconds
[1858.399s][info ][safepoint      ] Application time: 1.0000810 seconds
[1858.399s][info ][safepoint      ] Entering safepoint region: Cleanup
[1858.399s][info ][safepoint      ] Leaving safepoint region
[1858.399s][info ][safepoint      ] Total time for which application threads were stopped: 0.0000686 seconds, Stopping threads took: 0.0000150 seconds
[1859.399s][info ][safepoint      ] Application time: 1.0000792 seconds
[1859.399s][info ][safepoint      ] Entering safepoint region: Cleanup
[1859.399s][info ][safepoint      ] Leaving safepoint region
[1859.399s][info ][safepoint      ] Total time for which application threads were stopped: 0.0000661 seconds, Stopping threads took: 0.0000139 seconds
[1860.399s][info ][safepoint      ] Application time: 1.0000722 seconds
[1860.399s][info ][safepoint      ] Entering safepoint region: Cleanup
[1860.400s][info ][safepoint      ] Leaving safepoint region
[1860.400s][info ][safepoint      ] Total time for which application threads were stopped: 0.0000750 seconds, Stopping threads took: 0.0000221 seconds
[1861.400s][info ][safepoint      ] Application time: 1.0000798 seconds
[1861.400s][info ][safepoint      ] Entering safepoint region: Cleanup
[1861.400s][info ][safepoint      ] Leaving safepoint region
[1861.400s][info ][safepoint      ] Total time for which application threads were stopped: 0.0000756 seconds, Stopping threads took: 0.0000142 seconds
[1862.400s][info ][safepoint      ] Application time: 1.0000721 seconds
[1862.400s][info ][safepoint      ] Entering safepoint region: Cleanup
[1862.400s][info ][safepoint      ] Leaving safepoint region
[1862.400s][info ][safepoint      ] Total time for which application threads were stopped: 0.0000785 seconds, Stopping threads took: 0.0000141 seconds
[1863.400s][info ][safepoint      ] Application time: 1.0000757 seconds
[1863.400s][info ][safepoint      ] Entering safepoint region: Cleanup
[1863.400s][info ][safepoint      ] Leaving safepoint region
[1863.400s][info ][safepoint      ] Total time for which application threads were stopped: 0.0000663 seconds, Stopping threads took: 0.0000139 seconds
[1864.400s][info ][safepoint      ] Application time: 1.0000767 seconds
[1864.400s][info ][safepoint      ] Entering safepoint region: Cleanup
[1864.400s][info ][safepoint      ] Leaving safepoint region
[1864.400s][info ][safepoint      ] Total time for which application threads were stopped: 0.0000670 seconds, Stopping threads took: 0.0000145 seconds
[1865.400s][info ][safepoint      ] Application time: 1.0000777 seconds
[1865.400s][info ][safepoint      ] Entering safepoint region: Cleanup
[1865.401s][info ][safepoint      ] Leaving safepoint region
[1865.401s][info ][safepoint      ] Total time for which application threads were stopped: 0.0000648 seconds, Stopping threads took: 0.0000136 seconds
[1866.401s][info ][safepoint      ] Application time: 1.0000765 seconds
[1866.401s][info ][safepoint      ] Entering safepoint region: Cleanup
[1866.401s][info ][safepoint      ] Leaving safepoint region
[1866.401s][info ][safepoint      ] Total time for which application threads were stopped: 0.0000753 seconds, Stopping threads took: 0.0000224 seconds
[1867.401s][info ][safepoint      ] Application time: 1.0000806 seconds
[1867.401s][info ][safepoint      ] Entering safepoint region: Cleanup
[1867.401s][info ][safepoint      ] Leaving safepoint region
[1867.401s][info ][safepoint      ] Total time for which application threads were stopped: 0.0000792 seconds, Stopping threads took: 0.0000278 seconds
[1868.401s][info ][safepoint      ] Application time: 1.0000575 seconds
[1868.401s][info ][safepoint      ] Entering safepoint region: Cleanup
[1868.401s][info ][safepoint      ] Leaving safepoint region
[1868.401s][info ][safepoint      ] Total time for which application threads were stopped: 0.0000664 seconds, Stopping threads took: 0.0000140 seconds
[1868.627s][info ][safepoint      ] Application time: 0.2262414 seconds
[1868.627s][info ][safepoint      ] Entering safepoint region: ParallelGCFailedAllocation
[1868.627s][info ][gc,start       ] GC(214) Pause Young (Allocation Failure)
[1868.632s][debug][gc,phases      ] GC(214) Scavenge 4.331ms
[1868.632s][debug][gc,ref         ] GC(214) Skipped phase1 of Reference Processing due to unavailable references
[1868.632s][debug][gc,ref         ] GC(214) Skipped phase2 of Reference Processing due to unavailable references
[1868.632s][debug][gc,ref         ] GC(214) Skipped phase3 of Reference Processing due to unavailable references
[1868.632s][debug][gc,phases      ] GC(214) Reference Processing 0.029ms
[1868.632s][debug][gc,phases      ] GC(214) Weak Processing 0.134ms
[1868.633s][debug][gc,phases      ] GC(214) Scrub String Table 0.468ms
[1868.633s][debug][gc,age         ] GC(214) Desired survivor size 22020096 bytes, new threshold 15 (max threshold 15)
[1868.633s][info ][gc,heap        ] GC(214) PSYoungGen: 2061552K->8560K(2074624K)
[1868.633s][info ][gc,heap        ] GC(214) ParOldGen: 380537K->380933K(391168K)
[1868.633s][info ][gc,metaspace   ] GC(214) Metaspace: 75127K->75127K(1118208K)
[1868.633s][info ][gc             ] GC(214) Pause Young (Allocation Failure) 2384M->380M(2408M) 5.094ms
[1868.633s][info ][gc,cpu         ] GC(214) User=0.02s Sys=0.00s Real=0.01s
[1868.633s][info ][safepoint      ] Leaving safepoint region
[1868.633s][info ][safepoint      ] Total time for which application threads were stopped: 0.0052665 seconds, Stopping threads took: 0.0000129 seconds
[1869.633s][info ][safepoint      ] Application time: 1.0000426 seconds
[1869.633s][info ][safepoint      ] Entering safepoint region: Cleanup
[1869.633s][info ][safepoint      ] Leaving safepoint region
[1869.633s][info ][safepoint      ] Total time for which application threads were stopped: 0.0001030 seconds, Stopping threads took: 0.0000338 seconds
[1870.633s][info ][safepoint      ] Application time: 1.0000796 seconds
[1870.633s][info ][safepoint      ] Entering safepoint region: Cleanup
[1870.633s][info ][safepoint      ] Leaving safepoint region
[1870.633s][info ][safepoint      ] Total time for which application threads were stopped: 0.0000971 seconds, Stopping threads took: 0.0000342 seconds
[1871.633s][info ][safepoint      ] Application time: 1.0000906 seconds
[1871.633s][info ][safepoint      ] Entering safepoint region: Cleanup
[1871.633s][info ][safepoint      ] Leaving safepoint region
[1871.633s][info ][safepoint      ] Total time for which application threads were stopped: 0.0001223 seconds, Stopping threads took: 0.0000370 seconds
[1872.633s][info ][safepoint      ] Application time: 1.0000857 seconds
[1872.633s][info ][safepoint      ] Entering safepoint region: Cleanup
[1872.634s][info ][safepoint      ] Leaving safepoint region
[1872.634s][info ][safepoint      ] Total time for which application threads were stopped: 0.0000947 seconds, Stopping threads took: 0.0000355 seconds
[1873.634s][info ][safepoint      ] Application time: 1.0000765 seconds
[1873.634s][info ][safepoint      ] Entering safepoint region: Cleanup
[1873.634s][info ][safepoint      ] Leaving safepoint region
[1873.634s][info ][safepoint      ] Total time for which application threads were stopped: 0.0001142 seconds, Stopping threads took: 0.0000499 seconds
[1874.634s][info ][safepoint      ] Application time: 1.0000772 seconds
[1874.634s][info ][safepoint      ] Entering safepoint region: Cleanup
[1874.634s][info ][safepoint      ] Leaving safepoint region
[1874.634s][info ][safepoint      ] Total time for which application threads were stopped: 0.0000994 seconds, Stopping threads took: 0.0000360 seconds
[1875.634s][info ][safepoint      ] Application time: 1.0000735 seconds
[1875.634s][info ][safepoint      ] Entering safepoint region: Cleanup
[1875.634s][info ][safepoint      ] Leaving safepoint region
[1875.634s][info ][safepoint      ] Total time for which application threads were stopped: 0.0001053 seconds, Stopping threads took: 0.0000393 seconds
[1876.634s][info ][safepoint      ] Application time: 1.0000829 seconds
[1876.634s][info ][safepoint      ] Entering safepoint region: Cleanup
[1876.634s][info ][safepoint      ] Leaving safepoint region
[1876.634s][info ][safepoint      ] Total time for which application threads were stopped: 0.0001044 seconds, Stopping threads took: 0.0000350 seconds
[1877.635s][info ][safepoint      ] Application time: 1.0000727 seconds
[1877.635s][info ][safepoint      ] Entering safepoint region: Cleanup
[1877.635s][info ][safepoint      ] Leaving safepoint region
[1877.635s][info ][safepoint      ] Total time for which application threads were stopped: 0.0000987 seconds, Stopping threads took: 0.0000330 seconds
[1878.635s][info ][safepoint      ] Application time: 1.0000708 seconds
[1878.635s][info ][safepoint      ] Entering safepoint region: Cleanup
[1878.635s][info ][safepoint      ] Leaving safepoint region
[1878.635s][info ][safepoint      ] Total time for which application threads were stopped: 0.0001177 seconds, Stopping threads took: 0.0000575 seconds
[1879.635s][info ][safepoint      ] Application time: 1.0000797 seconds
[1879.635s][info ][safepoint      ] Entering safepoint region: Cleanup
[1879.635s][info ][safepoint      ] Leaving safepoint region
[1879.635s][info ][safepoint      ] Total time for which application threads were stopped: 0.0001270 seconds, Stopping threads took: 0.0000477 seconds
[1880.635s][info ][safepoint      ] Application time: 1.0000720 seconds
[1880.635s][info ][safepoint      ] Entering safepoint region: Cleanup
[1880.635s][info ][safepoint      ] Leaving safepoint region
[1880.635s][info ][safepoint      ] Total time for which application threads were stopped: 0.0000903 seconds, Stopping threads took: 0.0000329 seconds
[1881.635s][info ][safepoint      ] Application time: 1.0000850 seconds
[1881.635s][info ][safepoint      ] Entering safepoint region: Cleanup
[1881.636s][info ][safepoint      ] Leaving safepoint region
[1881.636s][info ][safepoint      ] Total time for which application threads were stopped: 0.0001097 seconds, Stopping threads took: 0.0000415 seconds
[1882.636s][info ][safepoint      ] Application time: 1.0000711 seconds
[1882.636s][info ][safepoint      ] Entering safepoint region: Cleanup
[1882.636s][info ][safepoint      ] Leaving safepoint region
[1882.636s][info ][safepoint      ] Total time for which application threads were stopped: 0.0001001 seconds, Stopping threads took: 0.0000425 seconds
[1882.827s][info ][safepoint      ] Application time: 0.1916839 seconds
[1882.828s][info ][safepoint      ] Entering safepoint region: ParallelGCFailedAllocation
[1882.828s][info ][gc,start       ] GC(215) Pause Young (Allocation Failure)
[1882.832s][debug][gc,phases      ] GC(215) Scavenge 4.470ms
[1882.832s][debug][gc,ref         ] GC(215) Skipped phase1 of Reference Processing due to unavailable references
[1882.832s][debug][gc,ref         ] GC(215) Skipped phase2 of Reference Processing due to unavailable references
[1882.832s][debug][gc,ref         ] GC(215) Skipped phase3 of Reference Processing due to unavailable references
[1882.832s][debug][gc,phases      ] GC(215) Reference Processing 0.028ms
[1882.832s][debug][gc,phases      ] GC(215) Weak Processing 0.136ms
[1882.833s][debug][gc,phases      ] GC(215) Scrub String Table 0.476ms
[1882.833s][debug][gc,age         ] GC(215) Desired survivor size 22020096 bytes, new threshold 15 (max threshold 15)
[1882.833s][info ][gc,heap        ] GC(215) PSYoungGen: 2061168K->7024K(2075648K)
[1882.833s][info ][gc,heap        ] GC(215) ParOldGen: 380933K->382593K(391168K)
[1882.833s][info ][gc,metaspace   ] GC(215) Metaspace: 75127K->75127K(1118208K)
[1882.833s][info ][gc             ] GC(215) Pause Young (Allocation Failure) 2384M->380M(2409M) 5.254ms
[1882.833s][info ][gc,cpu         ] GC(215) User=0.02s Sys=0.00s Real=0.01s
[1882.833s][info ][safepoint      ] Leaving safepoint region
[1882.833s][info ][safepoint      ] Total time for which application threads were stopped: 0.0054115 seconds, Stopping threads took: 0.0000141 seconds
[1883.833s][info ][safepoint      ] Application time: 1.0000812 seconds
[1883.833s][info ][safepoint      ] Entering safepoint region: Cleanup
[1883.833s][info ][safepoint      ] Leaving safepoint region
[1883.833s][info ][safepoint      ] Total time for which application threads were stopped: 0.0001053 seconds, Stopping threads took: 0.0000359 seconds
[1884.833s][info ][safepoint      ] Application time: 1.0000870 seconds
[1884.833s][info ][safepoint      ] Entering safepoint region: Cleanup
[1884.833s][info ][safepoint      ] Leaving safepoint region
[1884.833s][info ][safepoint      ] Total time for which application threads were stopped: 0.0000983 seconds, Stopping threads took: 0.0000355 seconds
[1885.833s][info ][safepoint      ] Application time: 1.0000739 seconds
[1885.834s][info ][safepoint      ] Entering safepoint region: Cleanup
[1885.834s][info ][safepoint      ] Leaving safepoint region
[1885.834s][info ][safepoint      ] Total time for which application threads were stopped: 0.0001055 seconds, Stopping threads took: 0.0000359 seconds
[1886.834s][info ][safepoint      ] Application time: 1.0000718 seconds
[1886.834s][info ][safepoint      ] Entering safepoint region: Cleanup
[1886.834s][info ][safepoint      ] Leaving safepoint region
[1886.834s][info ][safepoint      ] Total time for which application threads were stopped: 0.0001174 seconds, Stopping threads took: 0.0000472 seconds
[1886.865s][info ][safepoint      ] Application time: 0.0309379 seconds
[1886.865s][info ][safepoint      ] Entering safepoint region: RevokeBias
[1886.865s][info ][safepoint      ] Leaving safepoint region
[1886.865s][info ][safepoint      ] Total time for which application threads were stopped: 0.0000803 seconds, Stopping threads took: 0.0000140 seconds
[1886.865s][info ][safepoint      ] Application time: 0.0005839 seconds
[1886.866s][info ][safepoint      ] Entering safepoint region: RevokeBias
[1886.866s][info ][safepoint      ] Leaving safepoint region
[1886.866s][info ][safepoint      ] Total time for which application threads were stopped: 0.0000698 seconds, Stopping threads took: 0.0000310 seconds
[1886.895s][info ][safepoint      ] Application time: 0.0292011 seconds
[1886.895s][info ][safepoint      ] Entering safepoint region: RevokeBias
[1886.895s][info ][safepoint      ] Leaving safepoint region
[1886.895s][info ][safepoint      ] Total time for which application threads were stopped: 0.0000931 seconds, Stopping threads took: 0.0000289 seconds
[1887.488s][info ][safepoint      ] Application time: 0.5934413 seconds
[1887.488s][info ][safepoint      ] Entering safepoint region: RevokeBias
[1887.488s][info ][safepoint      ] Leaving safepoint region
[1887.488s][info ][safepoint      ] Total time for which application threads were stopped: 0.0000831 seconds, Stopping threads took: 0.0000318 seconds
[1887.489s][info ][safepoint      ] Application time: 0.0001837 seconds
[1887.489s][info ][safepoint      ] Entering safepoint region: RevokeBias
[1887.489s][info ][safepoint      ] Leaving safepoint region
[1887.489s][info ][safepoint      ] Total time for which application threads were stopped: 0.0000300 seconds, Stopping threads took: 0.0000038 seconds
[1887.616s][info ][safepoint      ] Application time: 0.1268278 seconds
[1887.616s][info ][safepoint      ] Entering safepoint region: RevokeBias
[1887.616s][info ][safepoint      ] Leaving safepoint region
[1887.616s][info ][safepoint      ] Total time for which application threads were stopped: 0.0000862 seconds, Stopping threads took: 0.0000167 seconds
[1888.688s][info ][safepoint      ] Application time: 1.0721294 seconds
[1888.688s][info ][safepoint      ] Entering safepoint region: RevokeBias
[1888.688s][info ][safepoint      ] Leaving safepoint region
[1888.688s][info ][safepoint      ] Total time for which application threads were stopped: 0.0001048 seconds, Stopping threads took: 0.0000413 seconds
[1888.699s][info ][safepoint      ] Application time: 0.0112791 seconds
[1888.699s][info ][safepoint      ] Entering safepoint region: RevokeBias
[1888.699s][info ][safepoint      ] Leaving safepoint region
[1888.699s][info ][safepoint      ] Total time for which application threads were stopped: 0.0000853 seconds, Stopping threads took: 0.0000191 seconds
[1888.743s][info ][safepoint      ] Application time: 0.0437294 seconds
[1888.743s][info ][safepoint      ] Entering safepoint region: RevokeBias
[1888.743s][info ][safepoint      ] Leaving safepoint region
[1888.743s][info ][safepoint      ] Total time for which application threads were stopped: 0.0000978 seconds, Stopping threads took: 0.0000279 seconds
[1888.787s][info ][safepoint      ] Application time: 0.0443329 seconds
[1888.788s][info ][safepoint      ] Entering safepoint region: RevokeBias
[1888.788s][info ][safepoint      ] Leaving safepoint region
[1888.788s][info ][safepoint      ] Total time for which application threads were stopped: 0.0000754 seconds, Stopping threads took: 0.0000131 seconds
[1888.890s][info ][safepoint      ] Application time: 0.1023828 seconds
[1888.890s][info ][safepoint      ] Entering safepoint region: Deoptimize
[1888.892s][info ][safepoint      ] Leaving safepoint region
[1888.892s][info ][safepoint      ] Total time for which application threads were stopped: 0.0023276 seconds, Stopping threads took: 0.0000257 seconds
[1889.892s][info ][safepoint      ] Application time: 1.0000812 seconds
[1889.892s][info ][safepoint      ] Entering safepoint region: Cleanup
[1889.893s][info ][safepoint      ] Leaving safepoint region
[1889.893s][info ][safepoint      ] Total time for which application threads were stopped: 0.0001827 seconds, Stopping threads took: 0.0000129 seconds
[1890.893s][info ][safepoint      ] Application time: 1.0000727 seconds
[1890.893s][info ][safepoint      ] Entering safepoint region: Cleanup
[1890.893s][info ][safepoint      ] Leaving safepoint region
[1890.893s][info ][safepoint      ] Total time for which application threads were stopped: 0.0000814 seconds, Stopping threads took: 0.0000141 seconds
[1892.893s][info ][safepoint      ] Application time: 2.0001530 seconds
[1892.893s][info ][safepoint      ] Entering safepoint region: Cleanup
[1892.893s][info ][safepoint      ] Leaving safepoint region
[1892.893s][info ][safepoint      ] Total time for which application threads were stopped: 0.0001628 seconds, Stopping threads took: 0.0000386 seconds
[1892.901s][info ][safepoint      ] Application time: 0.0079037 seconds
[1892.901s][info ][safepoint      ] Entering safepoint region: ParallelGCFailedAllocation
[1892.901s][info ][gc,start       ] GC(216) Pause Young (Allocation Failure)
[1892.919s][debug][gc,phases      ] GC(216) Scavenge 18.072ms
[1892.919s][debug][gc,ref         ] GC(216) Skipped phase1 of Reference Processing due to unavailable references
[1892.919s][debug][gc,ref         ] GC(216) Skipped phase3 of Reference Processing due to unavailable references
[1892.919s][debug][gc,phases      ] GC(216) Reference Processing 0.030ms
[1892.920s][debug][gc,phases      ] GC(216) Weak Processing 0.133ms
[1892.920s][debug][gc,phases      ] GC(216) Scrub String Table 0.495ms
[1892.920s][debug][gc,age         ] GC(216) Desired survivor size 33554432 bytes, new threshold 14 (max threshold 15)
[1892.920s][info ][gc,heap        ] GC(216) PSYoungGen: 2061168K->21498K(2075648K)
[1892.920s][info ][gc,heap        ] GC(216) ParOldGen: 382593K->404951K(408064K)
[1892.920s][info ][gc,metaspace   ] GC(216) Metaspace: 75162K->75162K(1118208K)
[1892.920s][info ][gc             ] GC(216) Pause Young (Allocation Failure) 2386M->416M(2425M) 18.856ms
[1892.920s][info ][gc,cpu         ] GC(216) User=0.05s Sys=0.00s Real=0.02s
[1892.920s][debug][gc,phases      ] GC(217) Pre Compact 0.010ms
[1892.920s][info ][gc,start       ] GC(217) Pause Full (Ergonomics)
[1892.920s][info ][gc,phases,start] GC(217) Marking Phase
[1893.058s][debug][gc,phases      ] GC(217) Par Mark 137.499ms
[1893.058s][debug][gc,ref         ] GC(217) Skipped phase1 of Reference Processing due to unavailable references
[1893.059s][debug][gc,phases      ] GC(217) Reference Processing 0.457ms
[1893.059s][debug][gc,phases      ] GC(217) Weak Processing 0.190ms
[1893.060s][debug][gc,phases      ] GC(217) ClassLoaderData 0.675ms
[1893.060s][debug][gc,phases      ] GC(217) ProtectionDomainCacheTable 0.004ms
[1893.060s][debug][gc,phases      ] GC(217) ResolvedMethodTable 0.236ms
[1893.070s][debug][gc,phases      ] GC(217) Class Unloading 11.084ms
[1893.071s][debug][gc,phases      ] GC(217) Scrub String Table 0.612ms
[1893.080s][debug][gc,phases      ] GC(217) Scrub Symbol Table 8.928ms
[1893.080s][info ][gc,phases      ] GC(217) Marking Phase 159.549ms
[1893.080s][info ][gc,phases,start] GC(217) Summary Phase
[1893.080s][info ][gc,phases      ] GC(217) Summary Phase 0.033ms
[1893.080s][info ][gc,phases,start] GC(217) Adjust Roots
[1893.099s][info ][gc,phases      ] GC(217) Adjust Roots 19.625ms
[1893.099s][info ][gc,phases,start] GC(217) Compaction Phase
[1893.189s][info ][gc,phases      ] GC(217) Compaction Phase 90.061ms
[1893.190s][info ][gc,phases,start] GC(217) Post Compact
[1893.191s][info ][gc,phases      ] GC(217) Post Compact 1.283ms
[1893.191s][info ][gc,heap        ] GC(217) PSYoungGen: 21498K->0K(2053120K)
[1893.191s][info ][gc,heap        ] GC(217) ParOldGen: 404951K->368217K(471040K)
[1893.191s][info ][gc,metaspace   ] GC(217) Metaspace: 75162K->75162K(1118208K)
[1893.191s][info ][gc             ] GC(217) Pause Full (Ergonomics) 416M->359M(2465M) 270.861ms
[1893.191s][info ][gc,cpu         ] GC(217) User=0.82s Sys=0.00s Real=0.27s
[1893.191s][info ][safepoint      ] Leaving safepoint region
[1893.191s][info ][safepoint      ] Total time for which application threads were stopped: 0.2899324 seconds, Stopping threads took: 0.0000114 seconds
[1893.191s][info ][safepoint      ] Application time: 0.0000997 seconds
[1893.191s][info ][safepoint      ] Entering safepoint region: RevokeBias
[1893.191s][info ][safepoint      ] Leaving safepoint region
[1893.191s][info ][safepoint      ] Total time for which application threads were stopped: 0.0001505 seconds, Stopping threads took: 0.0000653 seconds
[1893.191s][info ][safepoint      ] Application time: 0.0000351 seconds
[1893.191s][info ][safepoint      ] Entering safepoint region: RevokeBias
[1893.191s][info ][safepoint      ] Leaving safepoint region
[1893.191s][info ][safepoint      ] Total time for which application threads were stopped: 0.0000412 seconds, Stopping threads took: 0.0000064 seconds
[1893.743s][info ][safepoint      ] Application time: 0.5512150 seconds
[1893.743s][info ][safepoint      ] Entering safepoint region: RevokeBias
[1893.743s][info ][safepoint      ] Leaving safepoint region
[1893.743s][info ][safepoint      ] Total time for which application threads were stopped: 0.0001309 seconds, Stopping threads took: 0.0000373 seconds
[1894.743s][info ][safepoint      ] Application time: 1.0000846 seconds
[1894.743s][info ][safepoint      ] Entering safepoint region: Cleanup
[1894.743s][info ][safepoint      ] Leaving safepoint region
[1894.743s][info ][safepoint      ] Total time for which application threads were stopped: 0.0001277 seconds, Stopping threads took: 0.0000368 seconds
[1896.743s][info ][safepoint      ] Application time: 2.0001405 seconds
[1896.743s][info ][safepoint      ] Entering safepoint region: Cleanup
[1896.743s][info ][safepoint      ] Leaving safepoint region
[1896.743s][info ][safepoint      ] Total time for which application threads were stopped: 0.0001774 seconds, Stopping threads took: 0.0000471 seconds
[1898.743s][info ][safepoint      ] Application time: 1.9995553 seconds
[1898.743s][info ][safepoint      ] Entering safepoint region: RevokeBias
[1898.743s][info ][safepoint      ] Leaving safepoint region
[1898.743s][info ][safepoint      ] Total time for which application threads were stopped: 0.0001652 seconds, Stopping threads took: 0.0000477 seconds
[1898.743s][info ][safepoint      ] Application time: 0.0001976 seconds
[1898.743s][info ][safepoint      ] Entering safepoint region: RevokeBias
[1898.743s][info ][safepoint      ] Leaving safepoint region
[1898.743s][info ][safepoint      ] Total time for which application threads were stopped: 0.0000983 seconds, Stopping threads took: 0.0000648 seconds
[1898.744s][info ][safepoint      ] Application time: 0.0001447 seconds
[1898.744s][info ][safepoint      ] Entering safepoint region: RevokeBias
[1898.744s][info ][safepoint      ] Leaving safepoint region
[1898.744s][info ][safepoint      ] Total time for which application threads were stopped: 0.0000612 seconds, Stopping threads took: 0.0000245 seconds
[1898.744s][info ][safepoint      ] Application time: 0.0000429 seconds
[1898.744s][info ][safepoint      ] Entering safepoint region: RevokeBias
[1898.744s][info ][safepoint      ] Leaving safepoint region
[1898.744s][info ][safepoint      ] Total time for which application threads were stopped: 0.0000418 seconds, Stopping threads took: 0.0000063 seconds
[1898.744s][info ][safepoint      ] Application time: 0.0000324 seconds
[1898.744s][info ][safepoint      ] Entering safepoint region: RevokeBias
[1898.744s][info ][safepoint      ] Leaving safepoint region
[1898.744s][info ][safepoint      ] Total time for which application threads were stopped: 0.0000396 seconds, Stopping threads took: 0.0000131 seconds
[1898.744s][info ][safepoint      ] Application time: 0.0000971 seconds
[1898.744s][info ][safepoint      ] Entering safepoint region: RevokeBias
[1898.744s][info ][safepoint      ] Leaving safepoint region
[1898.744s][info ][safepoint      ] Total time for which application threads were stopped: 0.0000441 seconds, Stopping threads took: 0.0000131 seconds
[1900.744s][info ][safepoint      ] Application time: 2.0001488 seconds
[1900.744s][info ][safepoint      ] Entering safepoint region: Cleanup
[1900.744s][info ][safepoint      ] Leaving safepoint region
[1900.744s][info ][safepoint      ] Total time for which application threads were stopped: 0.0001438 seconds, Stopping threads took: 0.0000523 seconds
[1901.744s][info ][safepoint      ] Application time: 1.0000744 seconds
[1901.745s][info ][safepoint      ] Entering safepoint region: Cleanup
[1901.745s][info ][safepoint      ] Leaving safepoint region
[1901.745s][info ][safepoint      ] Total time for which application threads were stopped: 0.0001355 seconds, Stopping threads took: 0.0000491 seconds
[1903.365s][info ][safepoint      ] Application time: 1.6202427 seconds
[1903.365s][info ][safepoint      ] Entering safepoint region: ParallelGCFailedAllocation
[1903.365s][info ][gc,start       ] GC(218) Pause Young (Allocation Failure)
[1903.368s][debug][gc,phases      ] GC(218) Scavenge 2.488ms
[1903.368s][debug][gc,ref         ] GC(218) Skipped phase1 of Reference Processing due to unavailable references
[1903.368s][debug][gc,ref         ] GC(218) Skipped phase2 of Reference Processing due to unavailable references
[1903.368s][debug][gc,ref         ] GC(218) Skipped phase3 of Reference Processing due to unavailable references
[1903.368s][debug][gc,ref         ] GC(218) Skipped phase4 of Reference Processing due to unavailable references
[1903.368s][debug][gc,phases      ] GC(218) Reference Processing 0.034ms
[1903.368s][debug][gc,phases      ] GC(218) Weak Processing 0.207ms
[1903.368s][debug][gc,phases      ] GC(218) Scrub String Table 0.537ms
[1903.368s][debug][gc,age         ] GC(218) Desired survivor size 34078720 bytes, new threshold 15 (max threshold 15)
[1903.368s][info ][gc,heap        ] GC(218) PSYoungGen: 2031616K->896K(2032640K)
[1903.368s][info ][gc,heap        ] GC(218) ParOldGen: 368217K->368217K(471040K)
[1903.368s][info ][gc,metaspace   ] GC(218) Metaspace: 75166K->75166K(1118208K)
[1903.368s][info ][gc             ] GC(218) Pause Young (Allocation Failure) 2343M->360M(2445M) 3.373ms
[1903.368s][info ][gc,cpu         ] GC(218) User=0.01s Sys=0.00s Real=0.01s
[1903.368s][info ][safepoint      ] Leaving safepoint region
[1903.368s][info ][safepoint      ] Total time for which application threads were stopped: 0.0035467 seconds, Stopping threads took: 0.0000176 seconds
[1906.369s][info ][safepoint      ] Application time: 3.0002209 seconds
[1906.369s][info ][safepoint      ] Entering safepoint region: Cleanup
[1906.369s][info ][safepoint      ] Leaving safepoint region
[1906.369s][info ][safepoint      ] Total time for which application threads were stopped: 0.0001063 seconds, Stopping threads took: 0.0000311 seconds
[1914.423s][info ][safepoint      ] Application time: 8.0537651 seconds
[1914.423s][info ][safepoint      ] Entering safepoint region: ParallelGCFailedAllocation
[1914.423s][info ][gc,start       ] GC(219) Pause Young (Allocation Failure)
[1914.425s][debug][gc,phases      ] GC(219) Scavenge 1.992ms
[1914.425s][debug][gc,ref         ] GC(219) Skipped phase1 of Reference Processing due to unavailable references
[1914.425s][debug][gc,ref         ] GC(219) Skipped phase2 of Reference Processing due to unavailable references
[1914.425s][debug][gc,ref         ] GC(219) Skipped phase3 of Reference Processing due to unavailable references
[1914.425s][debug][gc,ref         ] GC(219) Skipped phase4 of Reference Processing due to unavailable references
[1914.425s][debug][gc,phases      ] GC(219) Reference Processing 0.028ms
[1914.425s][debug][gc,phases      ] GC(219) Weak Processing 0.130ms
[1914.425s][debug][gc,phases      ] GC(219) Scrub String Table 0.412ms
[1914.425s][debug][gc,age         ] GC(219) Desired survivor size 34078720 bytes, new threshold 15 (max threshold 15)
[1914.425s][info ][gc,heap        ] GC(219) PSYoungGen: 2032512K->1024K(2063872K)
[1914.425s][info ][gc,heap        ] GC(219) ParOldGen: 368217K->368217K(471040K)
[1914.425s][info ][gc,metaspace   ] GC(219) Metaspace: 75166K->75166K(1118208K)
[1914.425s][info ][gc             ] GC(219) Pause Young (Allocation Failure) 2344M->360M(2475M) 2.662ms
[1914.425s][info ][gc,cpu         ] GC(219) User=0.01s Sys=0.00s Real=0.00s
[1914.425s][info ][safepoint      ] Leaving safepoint region
[1914.425s][info ][safepoint      ] Total time for which application threads were stopped: 0.0028175 seconds, Stopping threads took: 0.0000155 seconds
[1915.425s][info ][safepoint      ] Application time: 1.0000801 seconds
[1915.426s][info ][safepoint      ] Entering safepoint region: Cleanup
[1915.426s][info ][safepoint      ] Leaving safepoint region
[1915.426s][info ][safepoint      ] Total time for which application threads were stopped: 0.0001604 seconds, Stopping threads took: 0.0000626 seconds
[1927.724s][info ][safepoint      ] Application time: 12.2978897 seconds
[1927.724s][info ][safepoint      ] Entering safepoint region: ParallelGCFailedAllocation
[1927.724s][info ][gc,start       ] GC(220) Pause Young (Allocation Failure)
[1927.726s][debug][gc,phases      ] GC(220) Scavenge 2.567ms
[1927.726s][debug][gc,ref         ] GC(220) Skipped phase1 of Reference Processing due to unavailable references
[1927.726s][debug][gc,ref         ] GC(220) Skipped phase2 of Reference Processing due to unavailable references
[1927.726s][debug][gc,ref         ] GC(220) Skipped phase3 of Reference Processing due to unavailable references
[1927.726s][debug][gc,phases      ] GC(220) Reference Processing 0.026ms
[1927.727s][debug][gc,phases      ] GC(220) Weak Processing 0.115ms
[1927.727s][debug][gc,phases      ] GC(220) Scrub String Table 0.413ms
[1927.727s][debug][gc,age         ] GC(220) Desired survivor size 33554432 bytes, new threshold 15 (max threshold 15)
[1927.727s][info ][gc,heap        ] GC(220) PSYoungGen: 2031616K->1840K(2063872K)
[1927.727s][info ][gc,heap        ] GC(220) ParOldGen: 368217K->368217K(471040K)
[1927.727s][info ][gc,metaspace   ] GC(220) Metaspace: 75173K->75173K(1118208K)
[1927.727s][info ][gc             ] GC(220) Pause Young (Allocation Failure) 2343M->361M(2475M) 3.226ms
[1927.727s][info ][gc,cpu         ] GC(220) User=0.01s Sys=0.00s Real=0.00s
[1927.727s][info ][safepoint      ] Leaving safepoint region
[1927.727s][info ][safepoint      ] Total time for which application threads were stopped: 0.0034114 seconds, Stopping threads took: 0.0000137 seconds
[1941.775s][info ][safepoint      ] Application time: 14.0475417 seconds
[1941.775s][info ][safepoint      ] Entering safepoint region: ParallelGCFailedAllocation
[1941.775s][info ][gc,start       ] GC(221) Pause Young (Allocation Failure)
[1941.777s][debug][gc,phases      ] GC(221) Scavenge 2.121ms
[1941.777s][debug][gc,ref         ] GC(221) Skipped phase1 of Reference Processing due to unavailable references
[1941.777s][debug][gc,ref         ] GC(221) Skipped phase2 of Reference Processing due to unavailable references
[1941.777s][debug][gc,ref         ] GC(221) Skipped phase3 of Reference Processing due to unavailable references
[1941.777s][debug][gc,phases      ] GC(221) Reference Processing 0.027ms
[1941.777s][debug][gc,phases      ] GC(221) Weak Processing 0.138ms
[1941.778s][debug][gc,phases      ] GC(221) Scrub String Table 0.455ms
[1941.778s][debug][gc,age         ] GC(221) Desired survivor size 32505856 bytes, new threshold 15 (max threshold 15)
[1941.778s][info ][gc,heap        ] GC(221) PSYoungGen: 2032432K->1888K(2065408K)
[1941.778s][info ][gc,heap        ] GC(221) ParOldGen: 368217K->368217K(471040K)
[1941.778s][info ][gc,metaspace   ] GC(221) Metaspace: 75173K->75173K(1118208K)
[1941.778s][info ][gc             ] GC(221) Pause Young (Allocation Failure) 2344M->361M(2477M) 2.848ms
[1941.778s][info ][gc,cpu         ] GC(221) User=0.01s Sys=0.00s Real=0.00s
[1941.778s][info ][safepoint      ] Leaving safepoint region
[1941.778s][info ][safepoint      ] Total time for which application threads were stopped: 0.0030151 seconds, Stopping threads took: 0.0000306 seconds
[1952.503s][info ][safepoint      ] Application time: 10.7250379 seconds
[1952.503s][info ][safepoint      ] Entering safepoint region: RevokeBias
[1952.503s][info ][safepoint      ] Leaving safepoint region
[1952.503s][info ][safepoint      ] Total time for which application threads were stopped: 0.0000881 seconds, Stopping threads took: 0.0000145 seconds
[1952.503s][info ][safepoint      ] Application time: 0.0003162 seconds
[1952.503s][info ][safepoint      ] Entering safepoint region: RevokeBias
[1952.503s][info ][safepoint      ] Leaving safepoint region
[1952.503s][info ][safepoint      ] Total time for which application threads were stopped: 0.0000468 seconds, Stopping threads took: 0.0000195 seconds
[1955.834s][info ][safepoint      ] Application time: 3.3304342 seconds
[1955.834s][info ][safepoint      ] Entering safepoint region: ParallelGCFailedAllocation
[1955.834s][info ][gc,start       ] GC(222) Pause Young (Allocation Failure)
[1955.836s][debug][gc,phases      ] GC(222) Scavenge 2.338ms
[1955.836s][debug][gc,ref         ] GC(222) Skipped phase1 of Reference Processing due to unavailable references
[1955.836s][debug][gc,ref         ] GC(222) Skipped phase2 of Reference Processing due to unavailable references
[1955.836s][debug][gc,ref         ] GC(222) Skipped phase3 of Reference Processing due to unavailable references
[1955.836s][debug][gc,phases      ] GC(222) Reference Processing 0.026ms
[1955.836s][debug][gc,phases      ] GC(222) Weak Processing 0.127ms
[1955.837s][debug][gc,phases      ] GC(222) Scrub String Table 0.443ms
[1955.837s][debug][gc,age         ] GC(222) Desired survivor size 31981568 bytes, new threshold 15 (max threshold 15)
[1955.837s][info ][gc,heap        ] GC(222) PSYoungGen: 2034528K->1904K(2064384K)
[1955.837s][info ][gc,heap        ] GC(222) ParOldGen: 368217K->368217K(471040K)
[1955.837s][info ][gc,metaspace   ] GC(222) Metaspace: 75173K->75173K(1118208K)
[1955.837s][info ][gc             ] GC(222) Pause Young (Allocation Failure) 2346M->361M(2476M) 3.063ms
[1955.837s][info ][gc,cpu         ] GC(222) User=0.01s Sys=0.00s Real=0.00s
[1955.837s][info ][safepoint      ] Leaving safepoint region
[1955.837s][info ][safepoint      ] Total time for which application threads were stopped: 0.0032310 seconds, Stopping threads took: 0.0000144 seconds
[1969.881s][info ][safepoint      ] Application time: 14.0437079 seconds
[1969.881s][info ][safepoint      ] Entering safepoint region: ParallelGCFailedAllocation
[1969.881s][info ][gc,start       ] GC(223) Pause Young (Allocation Failure)
[1969.883s][debug][gc,phases      ] GC(223) Scavenge 2.172ms
[1969.883s][debug][gc,ref         ] GC(223) Skipped phase1 of Reference Processing due to unavailable references
[1969.883s][debug][gc,ref         ] GC(223) Skipped phase2 of Reference Processing due to unavailable references
[1969.883s][debug][gc,ref         ] GC(223) Skipped phase3 of Reference Processing due to unavailable references
[1969.883s][debug][gc,phases      ] GC(223) Reference Processing 0.027ms
[1969.883s][debug][gc,phases      ] GC(223) Weak Processing 0.132ms
[1969.884s][debug][gc,phases      ] GC(223) Scrub String Table 0.449ms
[1969.884s][debug][gc,age         ] GC(223) Desired survivor size 30932992 bytes, new threshold 15 (max threshold 15)
[1969.884s][info ][gc,heap        ] GC(223) PSYoungGen: 2034544K->1808K(2066944K)
[1969.884s][info ][gc,heap        ] GC(223) ParOldGen: 368217K->368217K(471040K)
[1969.884s][info ][gc,metaspace   ] GC(223) Metaspace: 75173K->75173K(1118208K)
[1969.884s][info ][gc             ] GC(223) Pause Young (Allocation Failure) 2346M->361M(2478M) 2.899ms
[1969.884s][info ][gc,cpu         ] GC(223) User=0.00s Sys=0.00s Real=0.00s
[1969.884s][info ][safepoint      ] Leaving safepoint region
[1969.884s][info ][safepoint      ] Total time for which application threads were stopped: 0.0030989 seconds, Stopping threads took: 0.0000297 seconds
[1975.356s][info ][safepoint      ] Application time: 5.4717755 seconds
[1975.356s][info ][safepoint      ] Entering safepoint region: RevokeBias
[1975.356s][info ][safepoint      ] Leaving safepoint region
[1975.356s][info ][safepoint      ] Total time for which application threads were stopped: 0.0001149 seconds, Stopping threads took: 0.0000187 seconds
[1975.553s][info ][safepoint      ] Application time: 0.1970351 seconds
[1975.553s][info ][safepoint      ] Entering safepoint region: RevokeBias
[1975.553s][info ][safepoint      ] Leaving safepoint region
[1975.553s][info ][safepoint      ] Total time for which application threads were stopped: 0.0000731 seconds, Stopping threads took: 0.0000116 seconds
[1975.564s][info ][safepoint      ] Application time: 0.0109657 seconds
[1975.564s][info ][safepoint      ] Entering safepoint region: RevokeBias
[1975.564s][info ][safepoint      ] Leaving safepoint region
[1975.564s][info ][safepoint      ] Total time for which application threads were stopped: 0.0000698 seconds, Stopping threads took: 0.0000110 seconds
[1983.875s][info ][safepoint      ] Application time: 8.3108960 seconds
[1983.875s][info ][safepoint      ] Entering safepoint region: ParallelGCFailedAllocation
[1983.875s][info ][gc,start       ] GC(224) Pause Young (Allocation Failure)
[1983.877s][debug][gc,phases      ] GC(224) Scavenge 2.263ms
[1983.877s][debug][gc,ref         ] GC(224) Skipped phase1 of Reference Processing due to unavailable references
[1983.877s][debug][gc,ref         ] GC(224) Skipped phase2 of Reference Processing due to unavailable references
[1983.877s][debug][gc,ref         ] GC(224) Skipped phase3 of Reference Processing due to unavailable references
[1983.877s][debug][gc,ref         ] GC(224) Skipped phase4 of Reference Processing due to unavailable references
[1983.877s][debug][gc,phases      ] GC(224) Reference Processing 0.030ms
[1983.877s][debug][gc,phases      ] GC(224) Weak Processing 0.127ms
[1983.878s][debug][gc,phases      ] GC(224) Scrub String Table 0.440ms
[1983.878s][debug][gc,age         ] GC(224) Desired survivor size 29884416 bytes, new threshold 15 (max threshold 15)
[1983.878s][info ][gc,heap        ] GC(224) PSYoungGen: 2037520K->1888K(2065920K)
[1983.878s][info ][gc,heap        ] GC(224) ParOldGen: 368217K->368217K(471040K)
[1983.878s][info ][gc,metaspace   ] GC(224) Metaspace: 75173K->75173K(1118208K)
[1983.878s][info ][gc             ] GC(224) Pause Young (Allocation Failure) 2349M->361M(2477M) 2.964ms
[1983.878s][info ][gc,cpu         ] GC(224) User=0.00s Sys=0.00s Real=0.00s
[1983.878s][info ][safepoint      ] Leaving safepoint region
[1983.878s][info ][safepoint      ] Total time for which application threads were stopped: 0.0031138 seconds, Stopping threads took: 0.0000207 seconds
[1997.879s][info ][safepoint      ] Application time: 14.0011340 seconds
[1997.879s][info ][safepoint      ] Entering safepoint region: ParallelGCFailedAllocation
[1997.879s][info ][gc,start       ] GC(225) Pause Young (Allocation Failure)
[1997.881s][debug][gc,phases      ] GC(225) Scavenge 2.127ms
[1997.881s][debug][gc,ref         ] GC(225) Skipped phase1 of Reference Processing due to unavailable references
[1997.881s][debug][gc,ref         ] GC(225) Skipped phase2 of Reference Processing due to unavailable references
[1997.881s][debug][gc,ref         ] GC(225) Skipped phase3 of Reference Processing due to unavailable references
[1997.881s][debug][gc,ref         ] GC(225) Skipped phase4 of Reference Processing due to unavailable references
[1997.881s][debug][gc,phases      ] GC(225) Reference Processing 0.028ms
[1997.882s][debug][gc,phases      ] GC(225) Weak Processing 0.140ms
[1997.882s][debug][gc,phases      ] GC(225) Scrub String Table 0.504ms
[1997.882s][debug][gc,age         ] GC(225) Desired survivor size 28835840 bytes, new threshold 15 (max threshold 15)
[1997.882s][info ][gc,heap        ] GC(225) PSYoungGen: 2037600K->1840K(2068992K)
[1997.882s][info ][gc,heap        ] GC(225) ParOldGen: 368217K->368217K(471040K)
[1997.882s][info ][gc,metaspace   ] GC(225) Metaspace: 75173K->75173K(1118208K)
[1997.882s][info ][gc             ] GC(225) Pause Young (Allocation Failure) 2349M->361M(2480M) 2.923ms
[1997.882s][info ][gc,cpu         ] GC(225) User=0.00s Sys=0.00s Real=0.01s
[1997.882s][info ][safepoint      ] Leaving safepoint region
[1997.882s][info ][safepoint      ] Total time for which application threads were stopped: 0.0030863 seconds, Stopping threads took: 0.0000263 seconds
[2008.883s][info ][safepoint      ] Application time: 11.0008556 seconds
[2008.883s][info ][safepoint      ] Entering safepoint region: Cleanup
[2008.883s][info ][safepoint      ] Leaving safepoint region
[2008.883s][info ][safepoint      ] Total time for which application threads were stopped: 0.0001295 seconds, Stopping threads took: 0.0000391 seconds
[2011.927s][info ][safepoint      ] Application time: 3.0440070 seconds
[2011.927s][info ][safepoint      ] Entering safepoint region: ParallelGCFailedAllocation
[2011.927s][info ][gc,start       ] GC(226) Pause Young (Allocation Failure)
[2011.930s][debug][gc,phases      ] GC(226) Scavenge 2.183ms
[2011.930s][debug][gc,ref         ] GC(226) Skipped phase1 of Reference Processing due to unavailable references
[2011.930s][debug][gc,ref         ] GC(226) Skipped phase2 of Reference Processing due to unavailable references
[2011.930s][debug][gc,ref         ] GC(226) Skipped phase3 of Reference Processing due to unavailable references
[2011.930s][debug][gc,ref         ] GC(226) Skipped phase4 of Reference Processing due to unavailable references
[2011.930s][debug][gc,phases      ] GC(226) Reference Processing 0.049ms
[2011.930s][debug][gc,phases      ] GC(226) Weak Processing 0.130ms
[2011.930s][debug][gc,phases      ] GC(226) Scrub String Table 0.413ms
[2011.930s][debug][gc,age         ] GC(226) Desired survivor size 27262976 bytes, new threshold 15 (max threshold 15)
[2011.930s][info ][gc,heap        ] GC(226) PSYoungGen: 2041648K->1920K(2067968K)
[2011.930s][info ][gc,heap        ] GC(226) ParOldGen: 368217K->368217K(471040K)
[2011.930s][info ][gc,metaspace   ] GC(226) Metaspace: 75173K->75173K(1118208K)
[2011.930s][info ][gc             ] GC(226) Pause Young (Allocation Failure) 2353M->361M(2479M) 2.885ms
[2011.930s][info ][gc,cpu         ] GC(226) User=0.01s Sys=0.00s Real=0.01s
[2011.930s][info ][safepoint      ] Leaving safepoint region
[2011.930s][info ][safepoint      ] Total time for which application threads were stopped: 0.0030380 seconds, Stopping threads took: 0.0000129 seconds
[2012.930s][info ][safepoint      ] Application time: 1.0000763 seconds
[2012.930s][info ][safepoint      ] Entering safepoint region: Cleanup
[2012.931s][info ][safepoint      ] Leaving safepoint region
[2012.931s][info ][safepoint      ] Total time for which application threads were stopped: 0.0001052 seconds, Stopping threads took: 0.0000331 seconds
[2022.931s][info ][safepoint      ] Application time: 10.0006164 seconds
[2022.931s][info ][safepoint      ] Entering safepoint region: Cleanup
[2022.931s][info ][safepoint      ] Leaving safepoint region
[2022.931s][info ][safepoint      ] Total time for which application threads were stopped: 0.0001188 seconds, Stopping threads took: 0.0000341 seconds
[2025.684s][info ][safepoint      ] Application time: 2.7522698 seconds
[2025.684s][info ][safepoint      ] Entering safepoint region: ParallelGCFailedAllocation
[2025.684s][info ][gc,start       ] GC(227) Pause Young (Allocation Failure)
[2025.686s][debug][gc,phases      ] GC(227) Scavenge 2.438ms
[2025.686s][debug][gc,ref         ] GC(227) Skipped phase1 of Reference Processing due to unavailable references
[2025.686s][debug][gc,ref         ] GC(227) Skipped phase3 of Reference Processing due to unavailable references
[2025.686s][debug][gc,phases      ] GC(227) Reference Processing 0.025ms
[2025.686s][debug][gc,phases      ] GC(227) Weak Processing 0.159ms
[2025.687s][debug][gc,phases      ] GC(227) Scrub String Table 0.437ms
[2025.687s][debug][gc,age         ] GC(227) Desired survivor size 26214400 bytes, new threshold 15 (max threshold 15)
[2025.687s][info ][gc,heap        ] GC(227) PSYoungGen: 2041728K->1888K(2071552K)
[2025.687s][info ][gc,heap        ] GC(227) ParOldGen: 368217K->368217K(471040K)
[2025.687s][info ][gc,metaspace   ] GC(227) Metaspace: 75178K->75178K(1118208K)
[2025.687s][info ][gc             ] GC(227) Pause Young (Allocation Failure) 2353M->361M(2483M) 3.168ms
[2025.687s][info ][gc,cpu         ] GC(227) User=0.01s Sys=0.00s Real=0.00s
[2025.687s][info ][safepoint      ] Leaving safepoint region
[2025.687s][info ][safepoint      ] Total time for which application threads were stopped: 0.0033318 seconds, Stopping threads took: 0.0000137 seconds
[2035.564s][info ][safepoint      ] Application time: 9.8768362 seconds
[2035.564s][info ][safepoint      ] Entering safepoint region: RevokeBias
[2035.564s][info ][safepoint      ] Leaving safepoint region
[2035.564s][info ][safepoint      ] Total time for which application threads were stopped: 0.0000877 seconds, Stopping threads took: 0.0000132 seconds
[2039.779s][info ][safepoint      ] Application time: 4.2147624 seconds
[2039.779s][info ][safepoint      ] Entering safepoint region: ParallelGCFailedAllocation
[2039.779s][info ][gc,start       ] GC(228) Pause Young (Allocation Failure)
[2039.781s][debug][gc,phases      ] GC(228) Scavenge 2.135ms
[2039.781s][debug][gc,ref         ] GC(228) Skipped phase1 of Reference Processing due to unavailable references
[2039.781s][debug][gc,ref         ] GC(228) Skipped phase3 of Reference Processing due to unavailable references
[2039.781s][debug][gc,phases      ] GC(228) Reference Processing 0.026ms
[2039.781s][debug][gc,phases      ] GC(228) Weak Processing 0.144ms
[2039.782s][debug][gc,phases      ] GC(228) Scrub String Table 0.405ms
[2039.782s][debug][gc,age         ] GC(228) Desired survivor size 25165824 bytes, new threshold 15 (max threshold 15)
[2039.782s][info ][gc,heap        ] GC(228) PSYoungGen: 2046816K->1872K(2070528K)
[2039.782s][info ][gc,heap        ] GC(228) ParOldGen: 368217K->368217K(471040K)
[2039.782s][info ][gc,metaspace   ] GC(228) Metaspace: 75178K->75178K(1118208K)
[2039.782s][info ][gc             ] GC(228) Pause Young (Allocation Failure) 2358M->361M(2482M) 2.821ms
[2039.782s][info ][gc,cpu         ] GC(228) User=0.01s Sys=0.00s Real=0.01s
[2039.782s][info ][safepoint      ] Leaving safepoint region
[2039.782s][info ][safepoint      ] Total time for which application threads were stopped: 0.0030070 seconds, Stopping threads took: 0.0000464 seconds
[2053.876s][info ][safepoint      ] Application time: 14.0946091 seconds
[2053.876s][info ][safepoint      ] Entering safepoint region: ParallelGCFailedAllocation
[2053.876s][info ][gc,start       ] GC(229) Pause Young (Allocation Failure)
[2053.879s][debug][gc,phases      ] GC(229) Scavenge 2.136ms
[2053.879s][debug][gc,ref         ] GC(229) Skipped phase1 of Reference Processing due to unavailable references
[2053.879s][debug][gc,ref         ] GC(229) Skipped phase3 of Reference Processing due to unavailable references
[2053.879s][debug][gc,phases      ] GC(229) Reference Processing 0.025ms
[2053.879s][debug][gc,phases      ] GC(229) Weak Processing 0.134ms
[2053.879s][debug][gc,phases      ] GC(229) Scrub String Table 0.457ms
[2053.879s][debug][gc,age         ] GC(229) Desired survivor size 23592960 bytes, new threshold 15 (max threshold 15)
[2053.879s][info ][gc,heap        ] GC(229) PSYoungGen: 2046800K->1920K(2074112K)
[2053.879s][info ][gc,heap        ] GC(229) ParOldGen: 368217K->368217K(471040K)
[2053.879s][info ][gc,metaspace   ] GC(229) Metaspace: 75179K->75179K(1118208K)
[2053.879s][info ][gc             ] GC(229) Pause Young (Allocation Failure) 2358M->361M(2485M) 2.853ms
[2053.879s][info ][gc,cpu         ] GC(229) User=0.01s Sys=0.00s Real=0.00s
[2053.879s][info ][safepoint      ] Leaving safepoint region
[2053.879s][info ][safepoint      ] Total time for which application threads were stopped: 0.0030217 seconds, Stopping threads took: 0.0000298 seconds
[2067.929s][info ][safepoint      ] Application time: 14.0493556 seconds
[2067.929s][info ][safepoint      ] Entering safepoint region: ParallelGCFailedAllocation
[2067.929s][info ][gc,start       ] GC(230) Pause Young (Allocation Failure)
[2067.931s][debug][gc,phases      ] GC(230) Scavenge 2.167ms
[2067.931s][debug][gc,ref         ] GC(230) Skipped phase1 of Reference Processing due to unavailable references
[2067.931s][debug][gc,ref         ] GC(230) Skipped phase3 of Reference Processing due to unavailable references
[2067.931s][debug][gc,phases      ] GC(230) Reference Processing 0.025ms
[2067.931s][debug][gc,phases      ] GC(230) Weak Processing 0.135ms
[2067.932s][debug][gc,phases      ] GC(230) Scrub String Table 0.438ms
[2067.932s][debug][gc,age         ] GC(230) Desired survivor size 22544384 bytes, new threshold 15 (max threshold 15)
[2067.932s][info ][gc,heap        ] GC(230) PSYoungGen: 2051456K->1824K(2072576K)
[2067.932s][info ][gc,heap        ] GC(230) ParOldGen: 368217K->368217K(471040K)
[2067.932s][info ][gc,metaspace   ] GC(230) Metaspace: 75179K->75179K(1118208K)
[2067.932s][info ][gc             ] GC(230) Pause Young (Allocation Failure) 2362M->361M(2484M) 2.885ms
[2067.932s][info ][gc,cpu         ] GC(230) User=0.01s Sys=0.00s Real=0.00s
[2067.932s][info ][safepoint      ] Leaving safepoint region
[2067.932s][info ][safepoint      ] Total time for which application threads were stopped: 0.0030461 seconds, Stopping threads took: 0.0000165 seconds
[2081.932s][info ][safepoint      ] Application time: 13.9997574 seconds
[2081.932s][info ][safepoint      ] Entering safepoint region: ParallelGCFailedAllocation
[2081.932s][info ][gc,start       ] GC(231) Pause Young (Allocation Failure)
[2081.934s][debug][gc,phases      ] GC(231) Scavenge 2.416ms
[2081.934s][debug][gc,ref         ] GC(231) Skipped phase1 of Reference Processing due to unavailable references
[2081.934s][debug][gc,ref         ] GC(231) Skipped phase3 of Reference Processing due to unavailable references
[2081.934s][debug][gc,phases      ] GC(231) Reference Processing 0.026ms
[2081.934s][debug][gc,phases      ] GC(231) Weak Processing 0.143ms
[2081.935s][debug][gc,phases      ] GC(231) Scrub String Table 0.445ms
[2081.935s][debug][gc,age         ] GC(231) Desired survivor size 21495808 bytes, new threshold 15 (max threshold 15)
[2081.935s][info ][gc,heap        ] GC(231) PSYoungGen: 2051360K->2000K(2076160K)
[2081.935s][info ][gc,heap        ] GC(231) ParOldGen: 368217K->368217K(471040K)
[2081.935s][info ][gc,metaspace   ] GC(231) Metaspace: 75179K->75179K(1118208K)
[2081.935s][info ][gc             ] GC(231) Pause Young (Allocation Failure) 2362M->361M(2487M) 3.141ms
[2081.935s][info ][gc,cpu         ] GC(231) User=0.01s Sys=0.00s Real=0.00s
[2081.935s][info ][safepoint      ] Leaving safepoint region
[2081.935s][info ][safepoint      ] Total time for which application threads were stopped: 0.0033246 seconds, Stopping threads took: 0.0000261 seconds
[2082.771s][info ][safepoint      ] Application time: 0.8361969 seconds
[2082.771s][info ][safepoint      ] Entering safepoint region: RevokeBias
[2082.771s][info ][safepoint      ] Leaving safepoint region
[2082.772s][info ][safepoint      ] Total time for which application threads were stopped: 0.0003309 seconds, Stopping threads took: 0.0000396 seconds
[2095.564s][info ][safepoint      ] Application time: 12.7922703 seconds
[2095.564s][info ][safepoint      ] Entering safepoint region: RevokeBias
[2095.564s][info ][safepoint      ] Leaving safepoint region
[2095.564s][info ][safepoint      ] Total time for which application threads were stopped: 0.0000806 seconds, Stopping threads took: 0.0000159 seconds
[2095.630s][info ][safepoint      ] Application time: 0.0657178 seconds
[2095.630s][info ][safepoint      ] Entering safepoint region: ParallelGCFailedAllocation
[2095.630s][info ][gc,start       ] GC(232) Pause Young (Allocation Failure)
[2095.632s][debug][gc,phases      ] GC(232) Scavenge 2.304ms
[2095.632s][debug][gc,ref         ] GC(232) Skipped phase1 of Reference Processing due to unavailable references
[2095.632s][debug][gc,ref         ] GC(232) Skipped phase3 of Reference Processing due to unavailable references
[2095.632s][debug][gc,phases      ] GC(232) Reference Processing 0.030ms
[2095.632s][debug][gc,phases      ] GC(232) Weak Processing 0.130ms
[2095.633s][debug][gc,phases      ] GC(232) Scrub String Table 0.443ms
[2095.633s][debug][gc,age         ] GC(232) Desired survivor size 20447232 bytes, new threshold 15 (max threshold 15)
[2095.633s][info ][gc,heap        ] GC(232) PSYoungGen: 2056144K->1936K(2075136K)
[2095.633s][info ][gc,heap        ] GC(232) ParOldGen: 368217K->368217K(471040K)
[2095.633s][info ][gc,metaspace   ] GC(232) Metaspace: 75192K->75192K(1118208K)
[2095.633s][info ][gc             ] GC(232) Pause Young (Allocation Failure) 2367M->361M(2486M) 3.026ms
[2095.633s][info ][gc,cpu         ] GC(232) User=0.00s Sys=0.00s Real=0.00s
[2095.633s][info ][safepoint      ] Leaving safepoint region
[2095.633s][info ][safepoint      ] Total time for which application threads were stopped: 0.0031796 seconds, Stopping threads took: 0.0000219 seconds
[2109.782s][info ][safepoint      ] Application time: 14.1491811 seconds
[2109.782s][info ][safepoint      ] Entering safepoint region: ParallelGCFailedAllocation
[2109.782s][info ][gc,start       ] GC(233) Pause Young (Allocation Failure)
[2109.785s][debug][gc,phases      ] GC(233) Scavenge 2.392ms
[2109.785s][debug][gc,ref         ] GC(233) Skipped phase1 of Reference Processing due to unavailable references
[2109.785s][debug][gc,ref         ] GC(233) Skipped phase3 of Reference Processing due to unavailable references
[2109.785s][debug][gc,phases      ] GC(233) Reference Processing 0.026ms
[2109.785s][debug][gc,phases      ] GC(233) Weak Processing 0.127ms
[2109.785s][debug][gc,phases      ] GC(233) Scrub String Table 0.412ms
[2109.785s][debug][gc,age         ] GC(233) Desired survivor size 18874368 bytes, new threshold 15 (max threshold 15)
[2109.785s][info ][gc,heap        ] GC(233) PSYoungGen: 2056080K->1824K(2078720K)
[2109.785s][info ][gc,heap        ] GC(233) ParOldGen: 368217K->368377K(471040K)
[2109.785s][info ][gc,metaspace   ] GC(233) Metaspace: 75201K->75201K(1118208K)
[2109.785s][info ][gc             ] GC(233) Pause Young (Allocation Failure) 2367M->361M(2490M) 3.069ms
[2109.785s][info ][gc,cpu         ] GC(233) User=0.01s Sys=0.00s Real=0.00s
[2109.785s][info ][safepoint      ] Leaving safepoint region
[2109.785s][info ][safepoint      ] Total time for which application threads were stopped: 0.0032378 seconds, Stopping threads took: 0.0000324 seconds
[2116.786s][info ][safepoint      ] Application time: 7.0005192 seconds
[2116.786s][info ][safepoint      ] Entering safepoint region: Cleanup
[2116.786s][info ][safepoint      ] Leaving safepoint region
[2116.786s][info ][safepoint      ] Total time for which application threads were stopped: 0.0001240 seconds, Stopping threads took: 0.0000485 seconds
[2123.332s][info ][safepoint      ] Application time: 6.5456206 seconds
[2123.332s][info ][safepoint      ] Entering safepoint region: ParallelGCFailedAllocation
[2123.332s][info ][gc,start       ] GC(234) Pause Young (Allocation Failure)
[2123.335s][debug][gc,phases      ] GC(234) Scavenge 2.732ms
[2123.335s][debug][gc,ref         ] GC(234) Skipped phase1 of Reference Processing due to unavailable references
[2123.335s][debug][gc,ref         ] GC(234) Skipped phase3 of Reference Processing due to unavailable references
[2123.335s][debug][gc,phases      ] GC(234) Reference Processing 0.026ms
[2123.335s][debug][gc,phases      ] GC(234) Weak Processing 0.139ms
[2123.335s][debug][gc,phases      ] GC(234) Scrub String Table 0.458ms
[2123.335s][debug][gc,age         ] GC(234) Desired survivor size 18350080 bytes, new threshold 15 (max threshold 15)
[2123.335s][info ][gc,heap        ] GC(234) PSYoungGen: 2060576K->1184K(2077184K)
[2123.335s][info ][gc,heap        ] GC(234) ParOldGen: 368377K->368953K(471040K)
[2123.335s][info ][gc,metaspace   ] GC(234) Metaspace: 75202K->75202K(1118208K)
[2123.335s][info ][gc             ] GC(234) Pause Young (Allocation Failure) 2372M->361M(2488M) 3.471ms
[2123.335s][info ][gc,cpu         ] GC(234) User=0.01s Sys=0.00s Real=0.00s
[2123.335s][info ][safepoint      ] Leaving safepoint region
[2123.335s][info ][safepoint      ] Total time for which application threads were stopped: 0.0036553 seconds, Stopping threads took: 0.0000150 seconds
[2129.336s][info ][safepoint      ] Application time: 6.0004705 seconds
[2129.336s][info ][safepoint      ] Entering safepoint region: Cleanup
[2129.336s][info ][safepoint      ] Leaving safepoint region
[2129.336s][info ][safepoint      ] Total time for which application threads were stopped: 0.0001241 seconds, Stopping threads took: 0.0000516 seconds
[2137.528s][info ][safepoint      ] Application time: 8.1917989 seconds
[2137.528s][info ][safepoint      ] Entering safepoint region: ParallelGCFailedAllocation
[2137.528s][info ][gc,start       ] GC(235) Pause Young (Allocation Failure)
[2137.530s][debug][gc,phases      ] GC(235) Scavenge 1.976ms
[2137.530s][debug][gc,ref         ] GC(235) Skipped phase1 of Reference Processing due to unavailable references
[2137.530s][debug][gc,ref         ] GC(235) Skipped phase3 of Reference Processing due to unavailable references
[2137.530s][debug][gc,phases      ] GC(235) Reference Processing 0.025ms
[2137.530s][debug][gc,phases      ] GC(235) Weak Processing 0.124ms
[2137.531s][debug][gc,phases      ] GC(235) Scrub String Table 0.443ms
[2137.531s][debug][gc,age         ] GC(235) Desired survivor size 17301504 bytes, new threshold 15 (max threshold 15)
[2137.531s][info ][gc,heap        ] GC(235) PSYoungGen: 2059936K->448K(2080256K)
[2137.531s][info ][gc,heap        ] GC(235) ParOldGen: 368953K->369789K(471040K)
[2137.531s][info ][gc,metaspace   ] GC(235) Metaspace: 75202K->75202K(1118208K)
[2137.531s][info ][gc             ] GC(235) Pause Young (Allocation Failure) 2371M->361M(2491M) 2.688ms
[2137.531s][info ][gc,cpu         ] GC(235) User=0.01s Sys=0.00s Real=0.00s
[2137.531s][info ][safepoint      ] Leaving safepoint region
[2137.531s][info ][safepoint      ] Total time for which application threads were stopped: 0.0028306 seconds, Stopping threads took: 0.0000139 seconds
[2151.622s][info ][safepoint      ] Application time: 14.0909308 seconds
[2151.622s][info ][safepoint      ] Entering safepoint region: ParallelGCFailedAllocation
[2151.622s][info ][gc,start       ] GC(236) Pause Young (Allocation Failure)
[2151.623s][debug][gc,phases      ] GC(236) Scavenge 1.684ms
[2151.623s][debug][gc,ref         ] GC(236) Skipped phase1 of Reference Processing due to unavailable references
[2151.623s][debug][gc,ref         ] GC(236) Skipped phase3 of Reference Processing due to unavailable references
[2151.623s][debug][gc,phases      ] GC(236) Reference Processing 0.025ms
[2151.624s][debug][gc,phases      ] GC(236) Weak Processing 0.131ms
[2151.624s][debug][gc,phases      ] GC(236) Scrub String Table 0.430ms
[2151.624s][debug][gc,age         ] GC(236) Desired survivor size 16777216 bytes, new threshold 15 (max threshold 15)
[2151.624s][info ][gc,heap        ] GC(236) PSYoungGen: 2062784K->416K(2079232K)
[2151.624s][info ][gc,heap        ] GC(236) ParOldGen: 369789K->369821K(471040K)
[2151.624s][info ][gc,metaspace   ] GC(236) Metaspace: 75202K->75202K(1118208K)
[2151.624s][info ][gc             ] GC(236) Pause Young (Allocation Failure) 2375M->361M(2490M) 2.366ms
[2151.624s][info ][gc,cpu         ] GC(236) User=0.01s Sys=0.00s Real=0.00s
[2151.624s][info ][safepoint      ] Leaving safepoint region
[2151.624s][info ][safepoint      ] Total time for which application threads were stopped: 0.0025427 seconds, Stopping threads took: 0.0000267 seconds
[2155.564s][info ][safepoint      ] Application time: 3.9396915 seconds
[2155.564s][info ][safepoint      ] Entering safepoint region: RevokeBias
[2155.564s][info ][safepoint      ] Leaving safepoint region
[2155.564s][info ][safepoint      ] Total time for which application threads were stopped: 0.0000699 seconds, Stopping threads took: 0.0000151 seconds
[2165.781s][info ][safepoint      ] Application time: 10.2173531 seconds
[2165.781s][info ][safepoint      ] Entering safepoint region: ParallelGCFailedAllocation
[2165.781s][info ][gc,start       ] GC(237) Pause Young (Allocation Failure)
[2165.783s][debug][gc,phases      ] GC(237) Scavenge 1.919ms
[2165.783s][debug][gc,ref         ] GC(237) Skipped phase1 of Reference Processing due to unavailable references
[2165.783s][debug][gc,ref         ] GC(237) Skipped phase3 of Reference Processing due to unavailable references
[2165.783s][debug][gc,phases      ] GC(237) Reference Processing 0.025ms
[2165.784s][debug][gc,phases      ] GC(237) Weak Processing 0.134ms
[2165.784s][debug][gc,phases      ] GC(237) Scrub String Table 0.448ms
[2165.784s][debug][gc,age         ] GC(237) Desired survivor size 15728640 bytes, new threshold 15 (max threshold 15)
[2165.784s][info ][gc,heap        ] GC(237) PSYoungGen: 2062752K->320K(2081792K)
[2165.784s][info ][gc,heap        ] GC(237) ParOldGen: 369821K->369845K(471040K)
[2165.784s][info ][gc,metaspace   ] GC(237) Metaspace: 75202K->75202K(1118208K)
[2165.784s][info ][gc             ] GC(237) Pause Young (Allocation Failure) 2375M->361M(2493M) 2.633ms
[2165.784s][info ][gc,cpu         ] GC(237) User=0.00s Sys=0.00s Real=0.00s
[2165.784s][info ][safepoint      ] Leaving safepoint region
[2165.784s][info ][safepoint      ] Total time for which application threads were stopped: 0.0028117 seconds, Stopping threads took: 0.0000136 seconds
[2176.290s][info ][safepoint      ] Application time: 10.5057261 seconds
[2176.290s][info ][safepoint      ] Entering safepoint region: RevokeBias
[2176.290s][info ][safepoint      ] Leaving safepoint region
[2176.290s][info ][safepoint      ] Total time for which application threads were stopped: 0.0000901 seconds, Stopping threads took: 0.0000279 seconds
[2179.980s][info ][safepoint      ] Application time: 3.6898999 seconds
[2179.980s][info ][safepoint      ] Entering safepoint region: ParallelGCFailedAllocation
[2179.980s][info ][gc,start       ] GC(238) Pause Young (Allocation Failure)
[2179.982s][debug][gc,phases      ] GC(238) Scavenge 1.827ms
[2179.982s][debug][gc,ref         ] GC(238) Skipped phase1 of Reference Processing due to unavailable references
[2179.982s][debug][gc,ref         ] GC(238) Skipped phase3 of Reference Processing due to unavailable references
[2179.982s][debug][gc,phases      ] GC(238) Reference Processing 0.023ms
[2179.982s][debug][gc,phases      ] GC(238) Weak Processing 0.155ms
[2179.983s][debug][gc,phases      ] GC(238) Scrub String Table 0.510ms
[2179.983s][debug][gc,age         ] GC(238) Desired survivor size 14680064 bytes, new threshold 15 (max threshold 15)
[2179.983s][info ][gc,heap        ] GC(238) PSYoungGen: 2065728K->352K(2080768K)
[2179.983s][info ][gc,heap        ] GC(238) ParOldGen: 369845K->369877K(471040K)
[2179.983s][info ][gc,metaspace   ] GC(238) Metaspace: 75204K->75204K(1118208K)
[2179.983s][info ][gc             ] GC(238) Pause Young (Allocation Failure) 2378M->361M(2492M) 2.611ms
[2179.983s][info ][gc,cpu         ] GC(238) User=0.01s Sys=0.00s Real=0.00s
[2179.983s][info ][safepoint      ] Leaving safepoint region
[2179.983s][info ][safepoint      ] Total time for which application threads were stopped: 0.0027501 seconds, Stopping threads took: 0.0000135 seconds
[2184.581s][info ][safepoint      ] Application time: 4.5980377 seconds
[2184.581s][info ][safepoint      ] Entering safepoint region: RevokeBias
[2184.581s][info ][safepoint      ] Leaving safepoint region
[2184.581s][info ][safepoint      ] Total time for which application threads were stopped: 0.0000820 seconds, Stopping threads took: 0.0000133 seconds
[2184.581s][info ][safepoint      ] Application time: 0.0000502 seconds
[2184.581s][info ][safepoint      ] Entering safepoint region: RevokeBias
[2184.581s][info ][safepoint      ] Leaving safepoint region
[2184.581s][info ][safepoint      ] Total time for which application threads were stopped: 0.0000513 seconds, Stopping threads took: 0.0000190 seconds
[2184.581s][info ][safepoint      ] Application time: 0.0000398 seconds
[2184.581s][info ][safepoint      ] Entering safepoint region: RevokeBias
[2184.581s][info ][safepoint      ] Leaving safepoint region
[2184.581s][info ][safepoint      ] Total time for which application threads were stopped: 0.0000173 seconds, Stopping threads took: 0.0000037 seconds
[2184.581s][info ][safepoint      ] Application time: 0.0000344 seconds
[2184.581s][info ][safepoint      ] Entering safepoint region: RevokeBias
[2184.581s][info ][safepoint      ] Leaving safepoint region
[2184.581s][info ][safepoint      ] Total time for which application threads were stopped: 0.0000158 seconds, Stopping threads took: 0.0000034 seconds
[2184.581s][info ][safepoint      ] Application time: 0.0000231 seconds
[2184.581s][info ][safepoint      ] Entering safepoint region: RevokeBias
[2184.581s][info ][safepoint      ] Leaving safepoint region
[2184.581s][info ][safepoint      ] Total time for which application threads were stopped: 0.0000153 seconds, Stopping threads took: 0.0000033 seconds
[2184.581s][info ][safepoint      ] Application time: 0.0000381 seconds
[2184.581s][info ][safepoint      ] Entering safepoint region: RevokeBias
[2184.581s][info ][safepoint      ] Leaving safepoint region
[2184.581s][info ][safepoint      ] Total time for which application threads were stopped: 0.0000291 seconds, Stopping threads took: 0.0000171 seconds
[2184.581s][info ][safepoint      ] Application time: 0.0000714 seconds
[2184.581s][info ][safepoint      ] Entering safepoint region: RevokeBias
[2184.581s][info ][safepoint      ] Leaving safepoint region
[2184.581s][info ][safepoint      ] Total time for which application threads were stopped: 0.0000161 seconds, Stopping threads took: 0.0000036 seconds
[2184.581s][info ][safepoint      ] Application time: 0.0000897 seconds
[2184.581s][info ][safepoint      ] Entering safepoint region: RevokeBias
[2184.581s][info ][safepoint      ] Leaving safepoint region
[2184.581s][info ][safepoint      ] Total time for which application threads were stopped: 0.0000173 seconds, Stopping threads took: 0.0000037 seconds
[2184.581s][info ][safepoint      ] Application time: 0.0000365 seconds
[2184.581s][info ][safepoint      ] Entering safepoint region: RevokeBias
[2184.581s][info ][safepoint      ] Leaving safepoint region
[2184.581s][info ][safepoint      ] Total time for which application threads were stopped: 0.0000152 seconds, Stopping threads took: 0.0000033 seconds
[2184.581s][info ][safepoint      ] Application time: 0.0000246 seconds
[2184.581s][info ][safepoint      ] Entering safepoint region: RevokeBias
[2184.581s][info ][safepoint      ] Leaving safepoint region
[2184.581s][info ][safepoint      ] Total time for which application threads were stopped: 0.0000167 seconds, Stopping threads took: 0.0000031 seconds
[2184.582s][info ][safepoint      ] Application time: 0.0000374 seconds
[2184.582s][info ][safepoint      ] Entering safepoint region: RevokeBias
[2184.582s][info ][safepoint      ] Leaving safepoint region
[2184.582s][info ][safepoint      ] Total time for which application threads were stopped: 0.0000158 seconds, Stopping threads took: 0.0000032 seconds
[2184.582s][info ][safepoint      ] Application time: 0.0000236 seconds
[2184.582s][info ][safepoint      ] Entering safepoint region: RevokeBias
[2184.582s][info ][safepoint      ] Leaving safepoint region
[2184.582s][info ][safepoint      ] Total time for which application threads were stopped: 0.0000153 seconds, Stopping threads took: 0.0000032 seconds
[2184.582s][info ][safepoint      ] Application time: 0.0000274 seconds
[2184.582s][info ][safepoint      ] Entering safepoint region: RevokeBias
[2184.582s][info ][safepoint      ] Leaving safepoint region
[2184.582s][info ][safepoint      ] Total time for which application threads were stopped: 0.0000156 seconds, Stopping threads took: 0.0000033 seconds
[2184.582s][info ][safepoint      ] Application time: 0.0000244 seconds
[2184.582s][info ][safepoint      ] Entering safepoint region: RevokeBias
[2184.582s][info ][safepoint      ] Leaving safepoint region
[2184.582s][info ][safepoint      ] Total time for which application threads were stopped: 0.0000152 seconds, Stopping threads took: 0.0000032 seconds
[2184.582s][info ][safepoint      ] Application time: 0.0006082 seconds
[2184.582s][info ][safepoint      ] Entering safepoint region: RevokeBias
[2184.582s][info ][safepoint      ] Leaving safepoint region
[2184.582s][info ][safepoint      ] Total time for which application threads were stopped: 0.0000273 seconds, Stopping threads took: 0.0000054 seconds
[2184.582s][info ][safepoint      ] Application time: 0.0000816 seconds
[2184.582s][info ][safepoint      ] Entering safepoint region: RevokeBias
[2184.582s][info ][safepoint      ] Leaving safepoint region
[2184.582s][info ][safepoint      ] Total time for which application threads were stopped: 0.0000155 seconds, Stopping threads took: 0.0000032 seconds
[2184.582s][info ][safepoint      ] Application time: 0.0000559 seconds
[2184.583s][info ][safepoint      ] Entering safepoint region: BulkRevokeBias
[2184.583s][info ][safepoint      ] Leaving safepoint region
[2184.583s][info ][safepoint      ] Total time for which application threads were stopped: 0.0001192 seconds, Stopping threads took: 0.0000034 seconds
[2184.583s][info ][safepoint      ] Application time: 0.0002392 seconds
[2184.583s][info ][safepoint      ] Entering safepoint region: RevokeBias
[2184.583s][info ][safepoint      ] Leaving safepoint region
[2184.583s][info ][safepoint      ] Total time for which application threads were stopped: 0.0001182 seconds, Stopping threads took: 0.0000192 seconds
[2184.583s][info ][safepoint      ] Application time: 0.0000243 seconds
[2184.583s][info ][safepoint      ] Entering safepoint region: RevokeBias
[2184.583s][info ][safepoint      ] Leaving safepoint region
[2184.583s][info ][safepoint      ] Total time for which application threads were stopped: 0.0000431 seconds, Stopping threads took: 0.0000261 seconds
[2184.583s][info ][safepoint      ] Application time: 0.0000914 seconds
[2184.583s][info ][safepoint      ] Entering safepoint region: RevokeBias
[2184.583s][info ][safepoint      ] Leaving safepoint region
[2184.583s][info ][safepoint      ] Total time for which application threads were stopped: 0.0000457 seconds, Stopping threads took: 0.0000251 seconds
[2184.583s][info ][safepoint      ] Application time: 0.0000551 seconds
[2184.583s][info ][safepoint      ] Entering safepoint region: RevokeBias
[2184.583s][info ][safepoint      ] Leaving safepoint region
[2184.583s][info ][safepoint      ] Total time for which application threads were stopped: 0.0000874 seconds, Stopping threads took: 0.0000646 seconds
[2184.584s][info ][safepoint      ] Application time: 0.0002082 seconds
[2184.584s][info ][safepoint      ] Entering safepoint region: RevokeBias
[2184.584s][info ][safepoint      ] Leaving safepoint region
[2184.584s][info ][safepoint      ] Total time for which application threads were stopped: 0.0000514 seconds, Stopping threads took: 0.0000291 seconds
[2184.584s][info ][safepoint      ] Application time: 0.0006336 seconds
[2184.584s][info ][safepoint      ] Entering safepoint region: RevokeBias
[2184.584s][info ][safepoint      ] Leaving safepoint region
[2184.584s][info ][safepoint      ] Total time for which application threads were stopped: 0.0000440 seconds, Stopping threads took: 0.0000056 seconds
[2184.586s][info ][gc,heap,exit   ] Heap
[2184.586s][info ][gc,heap,exit   ]  PSYoungGen      total 2080768K, used 775094K [0x0000000780000000, 0x0000000800000000, 0x0000000800000000)
[2184.586s][info ][gc,heap,exit   ]   eden space 2065408K, 37% used [0x0000000780000000,0x00000007af495988,0x00000007fe100000)
[2184.586s][info ][gc,heap,exit   ]   from space 15360K, 2% used [0x00000007fe100000,0x00000007fe158000,0x00000007ff000000)
[2184.586s][info ][gc,heap,exit   ]   to   space 14336K, 0% used [0x00000007ff200000,0x00000007ff200000,0x0000000800000000)
[2184.586s][info ][gc,heap,exit   ]  ParOldGen       total 471040K, used 369877K [0x0000000740000000, 0x000000075cc00000, 0x0000000780000000)
[2184.586s][info ][gc,heap,exit   ]   object space 471040K, 78% used [0x0000000740000000,0x0000000756935660,0x000000075cc00000)
[2184.586s][info ][gc,heap,exit   ]  Metaspace       used 75249K, capacity 80370K, committed 80552K, reserved 1118208K
[2184.586s][info ][gc,heap,exit   ]   class space    used 9799K, capacity 12025K, committed 12032K, reserved 1048576K
[2184.586s][info ][safepoint      ] Application time: 0.0013067 seconds
[2184.586s][info ][safepoint      ] Entering safepoint region: Halt
