[0.005s][info][gc] Using Parallel
[0.005s][info][gc,heap,coops] Heap address: 0x0000000740000000, size: 3072 MB, Compressed Oops mode: Zero based, Oop shift amount: 3
[0.056s][info][safepoint    ] Entering safepoint region: EnableBiasedLocking
[0.056s][info][safepoint    ] Leaving safepoint region
[0.056s][info][safepoint    ] Total time for which application threads were stopped: 0.0000883 seconds, Stopping threads took: 0.0000319 seconds
[0.059s][info][safepoint    ] Application time: 0.0026379 seconds
[0.059s][info][safepoint    ] Entering safepoint region: RevokeBias
[0.059s][info][safepoint    ] Leaving safepoint region
[0.059s][info][safepoint    ] Total time for which application threads were stopped: 0.0001111 seconds, Stopping threads took: 0.0000917 seconds
[0.144s][info][safepoint    ] Application time: 0.0846738 seconds
[0.144s][info][safepoint    ] Entering safepoint region: Deoptimize
[0.144s][info][safepoint    ] Leaving safepoint region
[0.144s][info][safepoint    ] Total time for which application threads were stopped: 0.0000504 seconds, Stopping threads took: 0.0000052 seconds
[0.324s][info][safepoint    ] Application time: 0.1798541 seconds
[0.324s][info][safepoint    ] Entering safepoint region: Deoptimize
[0.324s][info][safepoint    ] Leaving safepoint region
[0.324s][info][safepoint    ] Total time for which application threads were stopped: 0.0001481 seconds, Stopping threads took: 0.0000053 seconds
[0.357s][info][safepoint    ] Application time: 0.0327113 seconds
[0.357s][info][safepoint    ] Entering safepoint region: Deoptimize
[0.357s][info][safepoint    ] Leaving safepoint region
[0.357s][info][safepoint    ] Total time for which application threads were stopped: 0.0001292 seconds, Stopping threads took: 0.0000053 seconds
[1.107s][info][safepoint    ] Application time: 0.7504987 seconds
[1.107s][info][safepoint    ] Entering safepoint region: Deoptimize
[1.108s][info][safepoint    ] Leaving safepoint region
[1.108s][info][safepoint    ] Total time for which application threads were stopped: 0.0002038 seconds, Stopping threads took: 0.0000072 seconds
[1.249s][info][safepoint    ] Application time: 0.1414064 seconds
[1.249s][info][safepoint    ] Entering safepoint region: Deoptimize
[1.249s][info][safepoint    ] Leaving safepoint region
[1.249s][info][safepoint    ] Total time for which application threads were stopped: 0.0002413 seconds, Stopping threads took: 0.0000055 seconds
[1.366s][info][safepoint    ] Application time: 0.1163692 seconds
[1.366s][info][safepoint    ] Entering safepoint region: CollectForMetadataAllocation
[1.366s][info][gc,start     ] GC(0) Pause Young (Metadata GC Threshold)
[1.370s][debug][gc,phases    ] GC(0) Scavenge 4.287ms
[1.370s][debug][gc,ref       ] GC(0) Skipped phase1 of Reference Processing due to unavailable references
[1.370s][debug][gc,ref       ] GC(0) Skipped phase3 of Reference Processing due to unavailable references
[1.370s][debug][gc,phases    ] GC(0) Reference Processing 0.111ms
[1.370s][debug][gc,phases    ] GC(0) Weak Processing 0.048ms
[1.370s][debug][gc,phases    ] GC(0) Scrub String Table 0.197ms
[1.370s][debug][gc,age       ] GC(0) Desired survivor size 536870912 bytes, new threshold 7 (max threshold 15)
[1.370s][info ][gc,heap      ] GC(0) PSYoungGen: 83886K->7092K(1572864K)
[1.370s][info ][gc,heap      ] GC(0) ParOldGen: 0K->88K(6144K)
[1.370s][info ][gc,metaspace ] GC(0) Metaspace: 20664K->20664K(1069056K)
[1.370s][info ][gc           ] GC(0) Pause Young (Metadata GC Threshold) 81M->7M(1542M) 4.751ms
[1.370s][info ][gc,cpu       ] GC(0) User=0.00s Sys=0.02s Real=0.01s
[1.370s][debug][gc,phases    ] GC(1) Pre Compact 0.011ms
[1.370s][info ][gc,start     ] GC(1) Pause Full (Metadata GC Threshold)
[1.370s][info ][gc,phases,start] GC(1) Marking Phase
[1.373s][debug][gc,phases      ] GC(1) Par Mark 2.504ms
[1.373s][debug][gc,ref         ] GC(1) Skipped phase1 of Reference Processing due to unavailable references
[1.373s][debug][gc,ref         ] GC(1) Skipped phase3 of Reference Processing due to unavailable references
[1.373s][debug][gc,phases      ] GC(1) Reference Processing 0.036ms
[1.373s][debug][gc,phases      ] GC(1) Weak Processing 0.013ms
[1.373s][debug][gc,phases      ] GC(1) ClassLoaderData 0.196ms
[1.373s][debug][gc,phases      ] GC(1) ProtectionDomainCacheTable 0.003ms
[1.373s][debug][gc,phases      ] GC(1) ResolvedMethodTable 0.020ms
[1.374s][debug][gc,phases      ] GC(1) Class Unloading 0.910ms
[1.374s][debug][gc,phases      ] GC(1) Scrub String Table 0.081ms
[1.376s][debug][gc,phases      ] GC(1) Scrub Symbol Table 1.868ms
[1.376s][info ][gc,phases      ] GC(1) Marking Phase 5.540ms
[1.376s][info ][gc,phases,start] GC(1) Summary Phase
[1.376s][info ][gc,phases      ] GC(1) Summary Phase 0.006ms
[1.376s][info ][gc,phases,start] GC(1) Adjust Roots
[1.380s][info ][gc,phases      ] GC(1) Adjust Roots 3.504ms
[1.380s][info ][gc,phases,start] GC(1) Compaction Phase
[1.387s][info ][gc,phases      ] GC(1) Compaction Phase 7.008ms
[1.387s][info ][gc,phases,start] GC(1) Post Compact
[1.387s][info ][gc,phases      ] GC(1) Post Compact 0.163ms
[1.387s][info ][gc,heap        ] GC(1) PSYoungGen: 7092K->1259K(1572864K)
[1.387s][info ][gc,heap        ] GC(1) ParOldGen: 88K->5852K(6144K)
[1.387s][info ][gc,metaspace   ] GC(1) Metaspace: 20664K->20664K(1069056K)
[1.387s][info ][gc             ] GC(1) Pause Full (Metadata GC Threshold) 7M->6M(1542M) 16.329ms
[1.387s][info ][gc,cpu         ] GC(1) User=0.05s Sys=0.00s Real=0.01s
[1.387s][info ][safepoint      ] Leaving safepoint region
[1.387s][info ][safepoint      ] Total time for which application threads were stopped: 0.0212670 seconds, Stopping threads took: 0.0000054 seconds
[1.387s][info ][safepoint      ] Application time: 0.0002293 seconds
[1.387s][info ][safepoint      ] Entering safepoint region: RevokeBias
[1.387s][info ][safepoint      ] Leaving safepoint region
[1.387s][info ][safepoint      ] Total time for which application threads were stopped: 0.0001353 seconds, Stopping threads took: 0.0001036 seconds
[1.387s][info ][safepoint      ] Application time: 0.0000323 seconds
[1.387s][info ][safepoint      ] Entering safepoint region: RevokeBias
[1.387s][info ][safepoint      ] Leaving safepoint region
[1.387s][info ][safepoint      ] Total time for which application threads were stopped: 0.0000505 seconds, Stopping threads took: 0.0000298 seconds
[1.387s][info ][safepoint      ] Application time: 0.0000422 seconds
[1.387s][info ][safepoint      ] Entering safepoint region: RevokeBias
[1.387s][info ][safepoint      ] Leaving safepoint region
[1.387s][info ][safepoint      ] Total time for which application threads were stopped: 0.0000197 seconds, Stopping threads took: 0.0000048 seconds
[1.604s][info ][safepoint      ] Application time: 0.2166972 seconds
[1.604s][info ][safepoint      ] Entering safepoint region: ICBufferFull
[1.604s][info ][safepoint      ] Leaving safepoint region
[1.604s][info ][safepoint      ] Total time for which application threads were stopped: 0.0001424 seconds, Stopping threads took: 0.0000053 seconds
[1.715s][info ][safepoint      ] Application time: 0.1107515 seconds
[1.715s][info ][safepoint      ] Entering safepoint region: ICBufferFull
[1.715s][info ][safepoint      ] Leaving safepoint region
[1.715s][info ][safepoint      ] Total time for which application threads were stopped: 0.0001389 seconds, Stopping threads took: 0.0000058 seconds
[1.855s][info ][safepoint      ] Application time: 0.1397202 seconds
[1.855s][info ][safepoint      ] Entering safepoint region: ICBufferFull
[1.855s][info ][safepoint      ] Leaving safepoint region
[1.855s][info ][safepoint      ] Total time for which application threads were stopped: 0.0001489 seconds, Stopping threads took: 0.0000056 seconds
[2.302s][info ][safepoint      ] Application time: 0.4466118 seconds
[2.302s][info ][safepoint      ] Entering safepoint region: ICBufferFull
[2.302s][info ][safepoint      ] Leaving safepoint region
[2.302s][info ][safepoint      ] Total time for which application threads were stopped: 0.0001677 seconds, Stopping threads took: 0.0000053 seconds
[2.445s][info ][safepoint      ] Application time: 0.1426211 seconds
[2.445s][info ][safepoint      ] Entering safepoint region: Deoptimize
[2.445s][info ][safepoint      ] Leaving safepoint region
[2.445s][info ][safepoint      ] Total time for which application threads were stopped: 0.0003938 seconds, Stopping threads took: 0.0000073 seconds
[2.719s][info ][safepoint      ] Application time: 0.2743801 seconds
[2.719s][info ][safepoint      ] Entering safepoint region: ICBufferFull
[2.720s][info ][safepoint      ] Leaving safepoint region
[2.720s][info ][safepoint      ] Total time for which application threads were stopped: 0.0001367 seconds, Stopping threads took: 0.0000054 seconds
[2.734s][info ][safepoint      ] Application time: 0.0140522 seconds
[2.734s][info ][safepoint      ] Entering safepoint region: RevokeBias
[2.734s][info ][safepoint      ] Leaving safepoint region
[2.734s][info ][safepoint      ] Total time for which application threads were stopped: 0.0000789 seconds, Stopping threads took: 0.0000281 seconds
[2.734s][info ][safepoint      ] Application time: 0.0001484 seconds
[2.734s][info ][safepoint      ] Entering safepoint region: RevokeBias
[2.734s][info ][safepoint      ] Leaving safepoint region
[2.734s][info ][safepoint      ] Total time for which application threads were stopped: 0.0000670 seconds, Stopping threads took: 0.0000390 seconds
[2.734s][info ][safepoint      ] Application time: 0.0000489 seconds
[2.734s][info ][safepoint      ] Entering safepoint region: RevokeBias
[2.734s][info ][safepoint      ] Leaving safepoint region
[2.734s][info ][safepoint      ] Total time for which application threads were stopped: 0.0000678 seconds, Stopping threads took: 0.0000378 seconds
[2.734s][info ][safepoint      ] Application time: 0.0000288 seconds
[2.734s][info ][safepoint      ] Entering safepoint region: RevokeBias
[2.734s][info ][safepoint      ] Leaving safepoint region
[2.734s][info ][safepoint      ] Total time for which application threads were stopped: 0.0002235 seconds, Stopping threads took: 0.0002009 seconds
[2.734s][info ][safepoint      ] Application time: 0.0000905 seconds
[2.734s][info ][safepoint      ] Entering safepoint region: RevokeBias
[2.734s][info ][safepoint      ] Leaving safepoint region
[2.734s][info ][safepoint      ] Total time for which application threads were stopped: 0.0000473 seconds, Stopping threads took: 0.0000181 seconds
[2.735s][info ][safepoint      ] Application time: 0.0007765 seconds
[2.735s][info ][safepoint      ] Entering safepoint region: RevokeBias
[2.735s][info ][safepoint      ] Leaving safepoint region
[2.735s][info ][safepoint      ] Total time for which application threads were stopped: 0.0000984 seconds, Stopping threads took: 0.0000614 seconds
[2.736s][info ][safepoint      ] Application time: 0.0002305 seconds
[2.736s][info ][safepoint      ] Entering safepoint region: RevokeBias
[2.736s][info ][safepoint      ] Leaving safepoint region
[2.736s][info ][safepoint      ] Total time for which application threads were stopped: 0.0001376 seconds, Stopping threads took: 0.0000999 seconds
[2.736s][info ][safepoint      ] Application time: 0.0007444 seconds
[2.737s][info ][safepoint      ] Entering safepoint region: RevokeBias
[2.737s][info ][safepoint      ] Leaving safepoint region
[2.737s][info ][safepoint      ] Total time for which application threads were stopped: 0.0001039 seconds, Stopping threads took: 0.0000294 seconds
[2.737s][info ][safepoint      ] Application time: 0.0000715 seconds
[2.737s][info ][safepoint      ] Entering safepoint region: RevokeBias
[2.737s][info ][safepoint      ] Leaving safepoint region
[2.737s][info ][safepoint      ] Total time for which application threads were stopped: 0.0002852 seconds, Stopping threads took: 0.0002112 seconds
[2.737s][info ][safepoint      ] Application time: 0.0000893 seconds
[2.737s][info ][safepoint      ] Entering safepoint region: RevokeBias
[2.737s][info ][safepoint      ] Leaving safepoint region
[2.737s][info ][safepoint      ] Total time for which application threads were stopped: 0.0000719 seconds, Stopping threads took: 0.0000108 seconds
[2.741s][info ][safepoint      ] Application time: 0.0038255 seconds
[2.741s][info ][safepoint      ] Entering safepoint region: RevokeBias
[2.741s][info ][safepoint      ] Leaving safepoint region
[2.741s][info ][safepoint      ] Total time for which application threads were stopped: 0.0001229 seconds, Stopping threads took: 0.0000802 seconds
[2.741s][info ][safepoint      ] Application time: 0.0001056 seconds
[2.741s][info ][safepoint      ] Entering safepoint region: RevokeBias
[2.741s][info ][safepoint      ] Leaving safepoint region
[2.741s][info ][safepoint      ] Total time for which application threads were stopped: 0.0002768 seconds, Stopping threads took: 0.0002507 seconds
[2.742s][info ][safepoint      ] Application time: 0.0000430 seconds
[2.742s][info ][safepoint      ] Entering safepoint region: RevokeBias
[2.742s][info ][safepoint      ] Leaving safepoint region
[2.742s][info ][safepoint      ] Total time for which application threads were stopped: 0.0002205 seconds, Stopping threads took: 0.0001918 seconds
[2.742s][info ][safepoint      ] Application time: 0.0000737 seconds
[2.742s][info ][safepoint      ] Entering safepoint region: RevokeBias
[2.742s][info ][safepoint      ] Leaving safepoint region
[2.742s][info ][safepoint      ] Total time for which application threads were stopped: 0.0001308 seconds, Stopping threads took: 0.0000921 seconds
[2.742s][info ][safepoint      ] Application time: 0.0000723 seconds
[2.742s][info ][safepoint      ] Entering safepoint region: RevokeBias
[2.742s][info ][safepoint      ] Leaving safepoint region
[2.742s][info ][safepoint      ] Total time for which application threads were stopped: 0.0000595 seconds, Stopping threads took: 0.0000219 seconds
[2.742s][info ][safepoint      ] Application time: 0.0002802 seconds
[2.742s][info ][safepoint      ] Entering safepoint region: RevokeBias
[2.743s][info ][safepoint      ] Leaving safepoint region
[2.743s][info ][safepoint      ] Total time for which application threads were stopped: 0.0000926 seconds, Stopping threads took: 0.0000512 seconds
[2.743s][info ][safepoint      ] Application time: 0.0000600 seconds
[2.743s][info ][safepoint      ] Entering safepoint region: RevokeBias
[2.743s][info ][safepoint      ] Leaving safepoint region
[2.743s][info ][safepoint      ] Total time for which application threads were stopped: 0.0001726 seconds, Stopping threads took: 0.0001389 seconds
[2.743s][info ][safepoint      ] Application time: 0.0000777 seconds
[2.743s][info ][safepoint      ] Entering safepoint region: RevokeBias
[2.743s][info ][safepoint      ] Leaving safepoint region
[2.743s][info ][safepoint      ] Total time for which application threads were stopped: 0.0000772 seconds, Stopping threads took: 0.0000264 seconds
[2.743s][info ][safepoint      ] Application time: 0.0000981 seconds
[2.743s][info ][safepoint      ] Entering safepoint region: RevokeBias
[2.743s][info ][safepoint      ] Leaving safepoint region
[2.743s][info ][safepoint      ] Total time for which application threads were stopped: 0.0001670 seconds, Stopping threads took: 0.0000204 seconds
[2.743s][info ][safepoint      ] Application time: 0.0000899 seconds
[2.743s][info ][safepoint      ] Entering safepoint region: RevokeBias
[2.743s][info ][safepoint      ] Leaving safepoint region
[2.743s][info ][safepoint      ] Total time for which application threads were stopped: 0.0000757 seconds, Stopping threads took: 0.0000439 seconds
[2.744s][info ][safepoint      ] Application time: 0.0001069 seconds
[2.745s][info ][safepoint      ] Entering safepoint region: RevokeBias
[2.745s][info ][safepoint      ] Leaving safepoint region
[2.745s][info ][safepoint      ] Total time for which application threads were stopped: 0.0019040 seconds, Stopping threads took: 0.0018627 seconds
[2.746s][info ][safepoint      ] Application time: 0.0003867 seconds
[2.746s][info ][safepoint      ] Entering safepoint region: RevokeBias
[2.746s][info ][safepoint      ] Leaving safepoint region
[2.746s][info ][safepoint      ] Total time for which application threads were stopped: 0.0000874 seconds, Stopping threads took: 0.0000499 seconds
[2.746s][info ][safepoint      ] Application time: 0.0001229 seconds
[2.746s][info ][safepoint      ] Entering safepoint region: RevokeBias
[2.746s][info ][safepoint      ] Leaving safepoint region
[2.746s][info ][safepoint      ] Total time for which application threads were stopped: 0.0001178 seconds, Stopping threads took: 0.0000752 seconds
[2.746s][info ][safepoint      ] Application time: 0.0002920 seconds
[2.747s][info ][safepoint      ] Entering safepoint region: RevokeBias
[2.747s][info ][safepoint      ] Leaving safepoint region
[2.747s][info ][safepoint      ] Total time for which application threads were stopped: 0.0000623 seconds, Stopping threads took: 0.0000201 seconds
[2.747s][info ][safepoint      ] Application time: 0.0002108 seconds
[2.747s][info ][safepoint      ] Entering safepoint region: RevokeBias
[2.747s][info ][safepoint      ] Leaving safepoint region
[2.747s][info ][safepoint      ] Total time for which application threads were stopped: 0.0001200 seconds, Stopping threads took: 0.0000473 seconds
[2.748s][info ][safepoint      ] Application time: 0.0009195 seconds
[2.748s][info ][safepoint      ] Entering safepoint region: RevokeBias
[2.748s][info ][safepoint      ] Leaving safepoint region
[2.748s][info ][safepoint      ] Total time for which application threads were stopped: 0.0002763 seconds, Stopping threads took: 0.0002368 seconds
[2.749s][info ][safepoint      ] Application time: 0.0006146 seconds
[2.749s][info ][safepoint      ] Entering safepoint region: RevokeBias
[2.749s][info ][safepoint      ] Leaving safepoint region
[2.749s][info ][safepoint      ] Total time for which application threads were stopped: 0.0001302 seconds, Stopping threads took: 0.0000628 seconds
[2.753s][info ][safepoint      ] Application time: 0.0041449 seconds
[2.753s][info ][safepoint      ] Entering safepoint region: RevokeBias
[2.753s][info ][safepoint      ] Leaving safepoint region
[2.753s][info ][safepoint      ] Total time for which application threads were stopped: 0.0001225 seconds, Stopping threads took: 0.0000504 seconds
[2.755s][info ][safepoint      ] Application time: 0.0015885 seconds
[2.757s][info ][safepoint      ] Entering safepoint region: RevokeBias
[2.757s][info ][safepoint      ] Leaving safepoint region
[2.757s][info ][safepoint      ] Total time for which application threads were stopped: 0.0019212 seconds, Stopping threads took: 0.0018801 seconds
[2.757s][info ][safepoint      ] Application time: 0.0004124 seconds
[2.757s][info ][safepoint      ] Entering safepoint region: RevokeBias
[2.757s][info ][safepoint      ] Leaving safepoint region
[2.757s][info ][safepoint      ] Total time for which application threads were stopped: 0.0000731 seconds, Stopping threads took: 0.0000432 seconds
[2.760s][info ][safepoint      ] Application time: 0.0024387 seconds
[2.760s][info ][safepoint      ] Entering safepoint region: RevokeBias
[2.760s][info ][safepoint      ] Leaving safepoint region
[2.760s][info ][safepoint      ] Total time for which application threads were stopped: 0.0001137 seconds, Stopping threads took: 0.0000485 seconds
[2.760s][info ][safepoint      ] Application time: 0.0005695 seconds
[2.760s][info ][safepoint      ] Entering safepoint region: RevokeBias
[2.760s][info ][safepoint      ] Leaving safepoint region
[2.760s][info ][safepoint      ] Total time for which application threads were stopped: 0.0000596 seconds, Stopping threads took: 0.0000213 seconds
[2.762s][info ][safepoint      ] Application time: 0.0015490 seconds
[2.762s][info ][safepoint      ] Entering safepoint region: RevokeBias
[2.762s][info ][safepoint      ] Leaving safepoint region
[2.762s][info ][safepoint      ] Total time for which application threads were stopped: 0.0005242 seconds, Stopping threads took: 0.0004900 seconds
[2.764s][info ][safepoint      ] Application time: 0.0011891 seconds
[2.764s][info ][safepoint      ] Entering safepoint region: RevokeBias
[2.764s][info ][safepoint      ] Leaving safepoint region
[2.764s][info ][safepoint      ] Total time for which application threads were stopped: 0.0002529 seconds, Stopping threads took: 0.0002029 seconds
[2.766s][info ][safepoint      ] Application time: 0.0021715 seconds
[2.766s][info ][safepoint      ] Entering safepoint region: RevokeBias
[2.766s][info ][safepoint      ] Leaving safepoint region
[2.766s][info ][safepoint      ] Total time for which application threads were stopped: 0.0000689 seconds, Stopping threads took: 0.0000086 seconds
[2.768s][info ][safepoint      ] Application time: 0.0020078 seconds
[2.768s][info ][safepoint      ] Entering safepoint region: RevokeBias
[2.768s][info ][safepoint      ] Leaving safepoint region
[2.768s][info ][safepoint      ] Total time for which application threads were stopped: 0.0001005 seconds, Stopping threads took: 0.0000593 seconds
[2.770s][info ][safepoint      ] Application time: 0.0016799 seconds
[2.770s][info ][safepoint      ] Entering safepoint region: RevokeBias
[2.770s][info ][safepoint      ] Leaving safepoint region
[2.770s][info ][safepoint      ] Total time for which application threads were stopped: 0.0003342 seconds, Stopping threads took: 0.0002832 seconds
[2.771s][info ][safepoint      ] Application time: 0.0002156 seconds
[2.771s][info ][safepoint      ] Entering safepoint region: RevokeBias
[2.771s][info ][safepoint      ] Leaving safepoint region
[2.771s][info ][safepoint      ] Total time for which application threads were stopped: 0.0002807 seconds, Stopping threads took: 0.0002611 seconds
[2.772s][info ][safepoint      ] Application time: 0.0010274 seconds
[2.772s][info ][safepoint      ] Entering safepoint region: RevokeBias
[2.772s][info ][safepoint      ] Leaving safepoint region
[2.772s][info ][safepoint      ] Total time for which application threads were stopped: 0.0001608 seconds, Stopping threads took: 0.0001257 seconds
[2.773s][info ][safepoint      ] Application time: 0.0008979 seconds
[2.773s][info ][safepoint      ] Entering safepoint region: RevokeBias
[2.773s][info ][safepoint      ] Leaving safepoint region
[2.773s][info ][safepoint      ] Total time for which application threads were stopped: 0.0000758 seconds, Stopping threads took: 0.0000466 seconds
[2.777s][info ][safepoint      ] Application time: 0.0035970 seconds
[2.777s][info ][safepoint      ] Entering safepoint region: RevokeBias
[2.777s][info ][safepoint      ] Leaving safepoint region
[2.777s][info ][safepoint      ] Total time for which application threads were stopped: 0.0001464 seconds, Stopping threads took: 0.0000490 seconds
[2.778s][info ][safepoint      ] Application time: 0.0016336 seconds
[2.779s][info ][safepoint      ] Entering safepoint region: RevokeBias
[2.779s][info ][safepoint      ] Leaving safepoint region
[2.779s][info ][safepoint      ] Total time for which application threads were stopped: 0.0000944 seconds, Stopping threads took: 0.0000270 seconds
[2.779s][info ][safepoint      ] Application time: 0.0007786 seconds
[2.779s][info ][safepoint      ] Entering safepoint region: RevokeBias
[2.779s][info ][safepoint      ] Leaving safepoint region
[2.779s][info ][safepoint      ] Total time for which application threads were stopped: 0.0000615 seconds, Stopping threads took: 0.0000077 seconds
[2.781s][info ][safepoint      ] Application time: 0.0020441 seconds
[2.782s][info ][safepoint      ] Entering safepoint region: RevokeBias
[2.782s][info ][safepoint      ] Leaving safepoint region
[2.782s][info ][safepoint      ] Total time for which application threads were stopped: 0.0001143 seconds, Stopping threads took: 0.0000257 seconds
[2.783s][info ][safepoint      ] Application time: 0.0017225 seconds
[2.783s][info ][safepoint      ] Entering safepoint region: RevokeBias
[2.783s][info ][safepoint      ] Leaving safepoint region
[2.783s][info ][safepoint      ] Total time for which application threads were stopped: 0.0001206 seconds, Stopping threads took: 0.0000360 seconds
[2.784s][info ][safepoint      ] Application time: 0.0005746 seconds
[2.784s][info ][safepoint      ] Entering safepoint region: BulkRevokeBias
[2.784s][info ][safepoint      ] Leaving safepoint region
[2.784s][info ][safepoint      ] Total time for which application threads were stopped: 0.0003198 seconds, Stopping threads took: 0.0001313 seconds
[2.810s][info ][safepoint      ] Application time: 0.0252415 seconds
[2.810s][info ][safepoint      ] Entering safepoint region: CollectForMetadataAllocation
[2.810s][info ][gc,start       ] GC(2) Pause Young (Metadata GC Threshold)
[2.846s][debug][gc,phases      ] GC(2) Scavenge 35.827ms
[2.846s][debug][gc,ref         ] GC(2) Skipped phase1 of Reference Processing due to unavailable references
[2.846s][debug][gc,ref         ] GC(2) Skipped phase3 of Reference Processing due to unavailable references
[2.846s][debug][gc,phases      ] GC(2) Reference Processing 0.164ms
[2.846s][debug][gc,phases      ] GC(2) Weak Processing 0.136ms
[2.847s][debug][gc,phases      ] GC(2) Scrub String Table 0.827ms
[2.847s][debug][gc,age         ] GC(2) Desired survivor size 536870912 bytes, new threshold 7 (max threshold 15)
[2.847s][info ][gc,heap        ] GC(2) PSYoungGen: 452372K->46813K(1572864K)
[2.847s][info ][gc,heap        ] GC(2) ParOldGen: 5852K->5860K(6144K)
[2.847s][info ][gc,metaspace   ] GC(2) Metaspace: 33926K->33926K(1079296K)
[2.847s][info ][gc             ] GC(2) Pause Young (Metadata GC Threshold) 447M->51M(1542M) 37.083ms
[2.847s][info ][gc,cpu         ] GC(2) User=0.12s Sys=0.02s Real=0.03s
[2.847s][debug][gc,phases      ] GC(3) Pre Compact 0.009ms
[2.847s][info ][gc,start       ] GC(3) Pause Full (Metadata GC Threshold)
[2.847s][info ][gc,phases,start] GC(3) Marking Phase
[2.872s][debug][gc,phases      ] GC(3) Par Mark 24.538ms
[2.872s][debug][gc,ref         ] GC(3) Skipped phase1 of Reference Processing due to unavailable references
[2.872s][debug][gc,ref         ] GC(3) Skipped phase3 of Reference Processing due to unavailable references
[2.872s][debug][gc,phases      ] GC(3) Reference Processing 0.077ms
[2.872s][debug][gc,phases      ] GC(3) Weak Processing 0.040ms
[2.873s][debug][gc,phases      ] GC(3) ClassLoaderData 0.746ms
[2.873s][debug][gc,phases      ] GC(3) Dictionary 0.014ms
[2.873s][debug][gc,phases      ] GC(3) ProtectionDomainCacheTable 0.002ms
[2.873s][debug][gc,phases      ] GC(3) ResolvedMethodTable 0.046ms
[2.879s][debug][gc,phases      ] GC(3) Class Unloading 7.182ms
[2.879s][debug][gc,phases      ] GC(3) Scrub String Table 0.292ms
[2.883s][debug][gc,phases      ] GC(3) Scrub Symbol Table 3.355ms
[2.883s][info ][gc,phases      ] GC(3) Marking Phase 35.765ms
[2.883s][info ][gc,phases,start] GC(3) Summary Phase
[2.883s][info ][gc,phases      ] GC(3) Summary Phase 0.007ms
[2.883s][info ][gc,phases,start] GC(3) Adjust Roots
[2.894s][info ][gc,phases      ] GC(3) Adjust Roots 11.639ms
[2.894s][info ][gc,phases,start] GC(3) Compaction Phase
[3.207s][info ][gc,phases      ] GC(3) Compaction Phase 312.990ms
[3.207s][info ][gc,phases,start] GC(3) Post Compact
[3.208s][info ][gc,phases      ] GC(3) Post Compact 0.386ms
[3.208s][info ][gc,heap        ] GC(3) PSYoungGen: 46813K->46674K(1572864K)
[3.208s][info ][gc,heap        ] GC(3) ParOldGen: 5860K->5771K(6144K)
[3.208s][info ][gc,metaspace   ] GC(3) Metaspace: 33926K->33906K(1079296K)
[3.208s][info ][gc             ] GC(3) Pause Full (Metadata GC Threshold) 51M->51M(1542M) 360.919ms
[3.208s][info ][gc,cpu         ] GC(3) User=1.36s Sys=0.01s Real=0.36s
[3.208s][info ][safepoint      ] Leaving safepoint region
[3.208s][info ][safepoint      ] Total time for which application threads were stopped: 0.3982102 seconds, Stopping threads took: 0.0000363 seconds
[3.209s][info ][safepoint      ] Application time: 0.0011436 seconds
[3.209s][info ][safepoint      ] Entering safepoint region: RevokeBias
[3.209s][info ][safepoint      ] Leaving safepoint region
[3.209s][info ][safepoint      ] Total time for which application threads were stopped: 0.0001378 seconds, Stopping threads took: 0.0000257 seconds
[3.209s][info ][safepoint      ] Application time: 0.0000653 seconds
[3.209s][info ][safepoint      ] Entering safepoint region: RevokeBias
[3.209s][info ][safepoint      ] Leaving safepoint region
[3.209s][info ][safepoint      ] Total time for which application threads were stopped: 0.0000689 seconds, Stopping threads took: 0.0000350 seconds
[3.209s][info ][safepoint      ] Application time: 0.0000372 seconds
[3.209s][info ][safepoint      ] Entering safepoint region: RevokeBias
[3.209s][info ][safepoint      ] Leaving safepoint region
[3.209s][info ][safepoint      ] Total time for which application threads were stopped: 0.0000923 seconds, Stopping threads took: 0.0000115 seconds
[3.210s][info ][safepoint      ] Application time: 0.0000295 seconds
[3.210s][info ][safepoint      ] Entering safepoint region: RevokeBias
[3.210s][info ][safepoint      ] Leaving safepoint region
[3.210s][info ][safepoint      ] Total time for which application threads were stopped: 0.0000867 seconds, Stopping threads took: 0.0000122 seconds
[3.210s][info ][safepoint      ] Application time: 0.0000314 seconds
[3.210s][info ][safepoint      ] Entering safepoint region: RevokeBias
[3.210s][info ][safepoint      ] Leaving safepoint region
[3.210s][info ][safepoint      ] Total time for which application threads were stopped: 0.0000866 seconds, Stopping threads took: 0.0000207 seconds
[3.210s][info ][safepoint      ] Application time: 0.0000438 seconds
[3.210s][info ][safepoint      ] Entering safepoint region: RevokeBias
[3.210s][info ][safepoint      ] Leaving safepoint region
[3.210s][info ][safepoint      ] Total time for which application threads were stopped: 0.0001181 seconds, Stopping threads took: 0.0000365 seconds
[3.210s][info ][safepoint      ] Application time: 0.0000395 seconds
[3.210s][info ][safepoint      ] Entering safepoint region: RevokeBias
[3.210s][info ][safepoint      ] Leaving safepoint region
[3.210s][info ][safepoint      ] Total time for which application threads were stopped: 0.0000510 seconds, Stopping threads took: 0.0000294 seconds
[3.210s][info ][safepoint      ] Application time: 0.0000336 seconds
[3.210s][info ][safepoint      ] Entering safepoint region: RevokeBias
[3.210s][info ][safepoint      ] Leaving safepoint region
[3.210s][info ][safepoint      ] Total time for which application threads were stopped: 0.0001117 seconds, Stopping threads took: 0.0000502 seconds
[3.210s][info ][safepoint      ] Application time: 0.0000369 seconds
[3.210s][info ][safepoint      ] Entering safepoint region: RevokeBias
[3.210s][info ][safepoint      ] Leaving safepoint region
[3.210s][info ][safepoint      ] Total time for which application threads were stopped: 0.0000861 seconds, Stopping threads took: 0.0000187 seconds
[3.210s][info ][safepoint      ] Application time: 0.0000296 seconds
[3.210s][info ][safepoint      ] Entering safepoint region: RevokeBias
[3.210s][info ][safepoint      ] Leaving safepoint region
[3.210s][info ][safepoint      ] Total time for which application threads were stopped: 0.0000763 seconds, Stopping threads took: 0.0000145 seconds
[3.210s][info ][safepoint      ] Application time: 0.0000385 seconds
[3.210s][info ][safepoint      ] Entering safepoint region: RevokeBias
[3.211s][info ][safepoint      ] Leaving safepoint region
[3.211s][info ][safepoint      ] Total time for which application threads were stopped: 0.0000769 seconds, Stopping threads took: 0.0000219 seconds
[3.211s][info ][safepoint      ] Application time: 0.0000914 seconds
[3.211s][info ][safepoint      ] Entering safepoint region: RevokeBias
[3.211s][info ][safepoint      ] Leaving safepoint region
[3.211s][info ][safepoint      ] Total time for which application threads were stopped: 0.0001155 seconds, Stopping threads took: 0.0000368 seconds
[3.211s][info ][safepoint      ] Application time: 0.0001158 seconds
[3.211s][info ][safepoint      ] Entering safepoint region: RevokeBias
[3.211s][info ][safepoint      ] Leaving safepoint region
[3.211s][info ][safepoint      ] Total time for which application threads were stopped: 0.0000792 seconds, Stopping threads took: 0.0000117 seconds
[3.211s][info ][safepoint      ] Application time: 0.0000457 seconds
[3.211s][info ][safepoint      ] Entering safepoint region: RevokeBias
[3.211s][info ][safepoint      ] Leaving safepoint region
[3.211s][info ][safepoint      ] Total time for which application threads were stopped: 0.0000864 seconds, Stopping threads took: 0.0000233 seconds
[3.211s][info ][safepoint      ] Application time: 0.0000329 seconds
[3.211s][info ][safepoint      ] Entering safepoint region: RevokeBias
[3.211s][info ][safepoint      ] Leaving safepoint region
[3.211s][info ][safepoint      ] Total time for which application threads were stopped: 0.0000755 seconds, Stopping threads took: 0.0000190 seconds
[3.211s][info ][safepoint      ] Application time: 0.0000319 seconds
[3.211s][info ][safepoint      ] Entering safepoint region: BulkRevokeBias
[3.211s][info ][safepoint      ] Leaving safepoint region
[3.211s][info ][safepoint      ] Total time for which application threads were stopped: 0.0001264 seconds, Stopping threads took: 0.0000209 seconds
[3.293s][info ][safepoint      ] Application time: 0.0812303 seconds
[3.293s][info ][safepoint      ] Entering safepoint region: RevokeBias
[3.293s][info ][safepoint      ] Leaving safepoint region
[3.293s][info ][safepoint      ] Total time for which application threads were stopped: 0.0001622 seconds, Stopping threads took: 0.0000273 seconds
[3.293s][info ][safepoint      ] Application time: 0.0002446 seconds
[3.293s][info ][safepoint      ] Entering safepoint region: RevokeBias
[3.293s][info ][safepoint      ] Leaving safepoint region
[3.293s][info ][safepoint      ] Total time for which application threads were stopped: 0.0000351 seconds, Stopping threads took: 0.0000076 seconds
[3.336s][info ][safepoint      ] Application time: 0.0426760 seconds
[3.336s][info ][safepoint      ] Entering safepoint region: RevokeBias
[3.336s][info ][safepoint      ] Leaving safepoint region
[3.336s][info ][safepoint      ] Total time for which application threads were stopped: 0.0001982 seconds, Stopping threads took: 0.0000988 seconds
[3.337s][info ][safepoint      ] Application time: 0.0012785 seconds
[3.337s][info ][safepoint      ] Entering safepoint region: RevokeBias
[3.337s][info ][safepoint      ] Leaving safepoint region
[3.337s][info ][safepoint      ] Total time for which application threads were stopped: 0.0001022 seconds, Stopping threads took: 0.0000631 seconds
[3.348s][info ][safepoint      ] Application time: 0.0110535 seconds
[3.349s][info ][safepoint      ] Entering safepoint region: RevokeBias
[3.349s][info ][safepoint      ] Leaving safepoint region
[3.349s][info ][safepoint      ] Total time for which application threads were stopped: 0.0001974 seconds, Stopping threads took: 0.0001122 seconds
[3.351s][info ][safepoint      ] Application time: 0.0020526 seconds
[3.351s][info ][safepoint      ] Entering safepoint region: RevokeBias
[3.351s][info ][safepoint      ] Leaving safepoint region
[3.351s][info ][safepoint      ] Total time for which application threads were stopped: 0.0002519 seconds, Stopping threads took: 0.0001659 seconds
[3.353s][info ][safepoint      ] Application time: 0.0023516 seconds
[3.357s][info ][safepoint      ] Entering safepoint region: RevokeBias
[3.358s][info ][safepoint      ] Leaving safepoint region
[3.358s][info ][safepoint      ] Total time for which application threads were stopped: 0.0041379 seconds, Stopping threads took: 0.0040679 seconds
[3.376s][info ][safepoint      ] Application time: 0.0180203 seconds
[3.376s][info ][safepoint      ] Entering safepoint region: RevokeBias
[3.376s][info ][safepoint      ] Leaving safepoint region
[3.376s][info ][safepoint      ] Total time for which application threads were stopped: 0.0003283 seconds, Stopping threads took: 0.0002440 seconds
[3.378s][info ][safepoint      ] Application time: 0.0019153 seconds
[3.378s][info ][safepoint      ] Entering safepoint region: RevokeBias
[3.378s][info ][safepoint      ] Leaving safepoint region
[3.378s][info ][safepoint      ] Total time for which application threads were stopped: 0.0002057 seconds, Stopping threads took: 0.0000739 seconds
[3.379s][info ][safepoint      ] Application time: 0.0012975 seconds
[3.381s][info ][safepoint      ] Entering safepoint region: RevokeBias
[3.381s][info ][safepoint      ] Leaving safepoint region
[3.381s][info ][safepoint      ] Total time for which application threads were stopped: 0.0020543 seconds, Stopping threads took: 0.0018980 seconds
[3.383s][info ][safepoint      ] Application time: 0.0016417 seconds
[3.383s][info ][safepoint      ] Entering safepoint region: RevokeBias
[3.383s][info ][safepoint      ] Leaving safepoint region
[3.383s][info ][safepoint      ] Total time for which application threads were stopped: 0.0001642 seconds, Stopping threads took: 0.0000478 seconds
[3.389s][info ][safepoint      ] Application time: 0.0059089 seconds
[3.389s][info ][safepoint      ] Entering safepoint region: RevokeBias
[3.389s][info ][safepoint      ] Leaving safepoint region
[3.389s][info ][safepoint      ] Total time for which application threads were stopped: 0.0001930 seconds, Stopping threads took: 0.0000745 seconds
[3.390s][info ][safepoint      ] Application time: 0.0006781 seconds
[3.390s][info ][safepoint      ] Entering safepoint region: RevokeBias
[3.390s][info ][safepoint      ] Leaving safepoint region
[3.390s][info ][safepoint      ] Total time for which application threads were stopped: 0.0002464 seconds, Stopping threads took: 0.0000620 seconds
[3.391s][info ][safepoint      ] Application time: 0.0005028 seconds
[3.393s][info ][safepoint      ] Entering safepoint region: RevokeBias
[3.393s][info ][safepoint      ] Leaving safepoint region
[3.393s][info ][safepoint      ] Total time for which application threads were stopped: 0.0021020 seconds, Stopping threads took: 0.0020300 seconds
[3.405s][info ][safepoint      ] Application time: 0.0121994 seconds
[3.408s][info ][safepoint      ] Entering safepoint region: RevokeBias
[3.408s][info ][safepoint      ] Leaving safepoint region
[3.408s][info ][safepoint      ] Total time for which application threads were stopped: 0.0024337 seconds, Stopping threads took: 0.0022543 seconds
[3.419s][info ][safepoint      ] Application time: 0.0107781 seconds
[3.421s][info ][safepoint      ] Entering safepoint region: RevokeBias
[3.421s][info ][safepoint      ] Leaving safepoint region
[3.421s][info ][safepoint      ] Total time for which application threads were stopped: 0.0021359 seconds, Stopping threads took: 0.0019098 seconds
[3.421s][info ][safepoint      ] Application time: 0.0002201 seconds
[3.423s][info ][safepoint      ] Entering safepoint region: RevokeBias
[3.423s][info ][safepoint      ] Leaving safepoint region
[3.423s][info ][safepoint      ] Total time for which application threads were stopped: 0.0019342 seconds, Stopping threads took: 0.0018424 seconds
[3.425s][info ][safepoint      ] Application time: 0.0020392 seconds
[3.425s][info ][safepoint      ] Entering safepoint region: RevokeBias
[3.425s][info ][safepoint      ] Leaving safepoint region
[3.425s][info ][safepoint      ] Total time for which application threads were stopped: 0.0003872 seconds, Stopping threads took: 0.0002710 seconds
[3.426s][info ][safepoint      ] Application time: 0.0004688 seconds
[3.428s][info ][safepoint      ] Entering safepoint region: RevokeBias
[3.428s][info ][safepoint      ] Leaving safepoint region
[3.428s][info ][safepoint      ] Total time for which application threads were stopped: 0.0019683 seconds, Stopping threads took: 0.0018650 seconds
[3.437s][info ][safepoint      ] Application time: 0.0091894 seconds
[3.437s][info ][safepoint      ] Entering safepoint region: RevokeBias
[3.438s][info ][safepoint      ] Leaving safepoint region
[3.438s][info ][safepoint      ] Total time for which application threads were stopped: 0.0004339 seconds, Stopping threads took: 0.0002496 seconds
[3.441s][info ][safepoint      ] Application time: 0.0033407 seconds
[3.441s][info ][safepoint      ] Entering safepoint region: RevokeBias
[3.441s][info ][safepoint      ] Leaving safepoint region
[3.441s][info ][safepoint      ] Total time for which application threads were stopped: 0.0002413 seconds, Stopping threads took: 0.0000815 seconds
[3.444s][info ][safepoint      ] Application time: 0.0026743 seconds
[3.444s][info ][safepoint      ] Entering safepoint region: RevokeBias
[3.444s][info ][safepoint      ] Leaving safepoint region
[3.444s][info ][safepoint      ] Total time for which application threads were stopped: 0.0001860 seconds, Stopping threads took: 0.0000546 seconds
[3.445s][info ][safepoint      ] Application time: 0.0005036 seconds
[3.445s][info ][safepoint      ] Entering safepoint region: RevokeBias
[3.445s][info ][safepoint      ] Leaving safepoint region
[3.445s][info ][safepoint      ] Total time for which application threads were stopped: 0.0002016 seconds, Stopping threads took: 0.0000702 seconds
[3.445s][info ][safepoint      ] Application time: 0.0006520 seconds
[3.446s][info ][safepoint      ] Entering safepoint region: BulkRevokeBias
[3.446s][info ][safepoint      ] Leaving safepoint region
[3.446s][info ][safepoint      ] Total time for which application threads were stopped: 0.0005833 seconds, Stopping threads took: 0.0000509 seconds
[3.458s][info ][safepoint      ] Application time: 0.0121758 seconds
[3.458s][info ][safepoint      ] Entering safepoint region: RevokeBias
[3.459s][info ][safepoint      ] Leaving safepoint region
[3.459s][info ][safepoint      ] Total time for which application threads were stopped: 0.0003472 seconds, Stopping threads took: 0.0001593 seconds
[3.463s][info ][safepoint      ] Application time: 0.0045115 seconds
[3.463s][info ][safepoint      ] Entering safepoint region: RevokeBias
[3.464s][info ][safepoint      ] Leaving safepoint region
[3.464s][info ][safepoint      ] Total time for which application threads were stopped: 0.0003956 seconds, Stopping threads took: 0.0001254 seconds
[3.470s][info ][safepoint      ] Application time: 0.0061079 seconds
[3.472s][info ][safepoint      ] Entering safepoint region: RevokeBias
[3.472s][info ][safepoint      ] Leaving safepoint region
[3.472s][info ][safepoint      ] Total time for which application threads were stopped: 0.0024419 seconds, Stopping threads took: 0.0022483 seconds
[3.473s][info ][safepoint      ] Application time: 0.0012207 seconds
[3.473s][info ][safepoint      ] Entering safepoint region: RevokeBias
[3.474s][info ][safepoint      ] Leaving safepoint region
[3.474s][info ][safepoint      ] Total time for which application threads were stopped: 0.0001592 seconds, Stopping threads took: 0.0000648 seconds
[3.517s][info ][safepoint      ] Application time: 0.0432097 seconds
[3.517s][info ][safepoint      ] Entering safepoint region: RevokeBias
[3.517s][info ][safepoint      ] Leaving safepoint region
[3.517s][info ][safepoint      ] Total time for which application threads were stopped: 0.0003753 seconds, Stopping threads took: 0.0001338 seconds
[3.519s][info ][safepoint      ] Application time: 0.0015646 seconds
[3.521s][info ][safepoint      ] Entering safepoint region: RevokeBias
[3.521s][info ][safepoint      ] Leaving safepoint region
[3.521s][info ][safepoint      ] Total time for which application threads were stopped: 0.0020696 seconds, Stopping threads took: 0.0018739 seconds
[3.521s][info ][safepoint      ] Application time: 0.0001597 seconds
[3.521s][info ][safepoint      ] Entering safepoint region: RevokeBias
[3.521s][info ][safepoint      ] Leaving safepoint region
[3.521s][info ][safepoint      ] Total time for which application threads were stopped: 0.0001908 seconds, Stopping threads took: 0.0000674 seconds
[3.525s][info ][safepoint      ] Application time: 0.0034166 seconds
[3.525s][info ][safepoint      ] Entering safepoint region: RevokeBias
[3.525s][info ][safepoint      ] Leaving safepoint region
[3.525s][info ][safepoint      ] Total time for which application threads were stopped: 0.0002684 seconds, Stopping threads took: 0.0000626 seconds
[3.526s][info ][safepoint      ] Application time: 0.0008965 seconds
[3.526s][info ][safepoint      ] Entering safepoint region: RevokeBias
[3.526s][info ][safepoint      ] Leaving safepoint region
[3.526s][info ][safepoint      ] Total time for which application threads were stopped: 0.0002032 seconds, Stopping threads took: 0.0000782 seconds
[3.526s][info ][safepoint      ] Application time: 0.0002900 seconds
[3.528s][info ][safepoint      ] Entering safepoint region: RevokeBias
[3.528s][info ][safepoint      ] Leaving safepoint region
[3.528s][info ][safepoint      ] Total time for which application threads were stopped: 0.0019892 seconds, Stopping threads took: 0.0018531 seconds
[3.530s][info ][safepoint      ] Application time: 0.0011462 seconds
[3.530s][info ][safepoint      ] Entering safepoint region: RevokeBias
[3.530s][info ][safepoint      ] Leaving safepoint region
[3.530s][info ][safepoint      ] Total time for which application threads were stopped: 0.0008146 seconds, Stopping threads took: 0.0000655 seconds
[3.535s][info ][safepoint      ] Application time: 0.0050412 seconds
[3.536s][info ][safepoint      ] Entering safepoint region: Deoptimize
[3.536s][info ][safepoint      ] Leaving safepoint region
[3.536s][info ][safepoint      ] Total time for which application threads were stopped: 0.0006466 seconds, Stopping threads took: 0.0001220 seconds
[3.553s][info ][safepoint      ] Application time: 0.0164292 seconds
[3.553s][info ][safepoint      ] Entering safepoint region: RevokeBias
[3.553s][info ][safepoint      ] Leaving safepoint region
[3.553s][info ][safepoint      ] Total time for which application threads were stopped: 0.0002583 seconds, Stopping threads took: 0.0000973 seconds
[3.577s][info ][safepoint      ] Application time: 0.0239347 seconds
[3.577s][info ][safepoint      ] Entering safepoint region: RevokeBias
[3.577s][info ][safepoint      ] Leaving safepoint region
[3.577s][info ][safepoint      ] Total time for which application threads were stopped: 0.0002556 seconds, Stopping threads took: 0.0001344 seconds
[3.580s][info ][safepoint      ] Application time: 0.0029113 seconds
[3.580s][info ][safepoint      ] Entering safepoint region: RevokeBias
[3.580s][info ][safepoint      ] Leaving safepoint region
[3.580s][info ][safepoint      ] Total time for which application threads were stopped: 0.0003360 seconds, Stopping threads took: 0.0001730 seconds
[3.603s][info ][safepoint      ] Application time: 0.0231131 seconds
[3.604s][info ][safepoint      ] Entering safepoint region: Deoptimize
[3.604s][info ][safepoint      ] Leaving safepoint region
[3.604s][info ][safepoint      ] Total time for which application threads were stopped: 0.0006675 seconds, Stopping threads took: 0.0000710 seconds
[3.606s][info ][safepoint      ] Application time: 0.0022727 seconds
[3.608s][info ][safepoint      ] Entering safepoint region: Deoptimize
[3.609s][info ][safepoint      ] Leaving safepoint region
[3.609s][info ][safepoint      ] Total time for which application threads were stopped: 0.0025101 seconds, Stopping threads took: 0.0019634 seconds
[3.609s][info ][safepoint      ] Application time: 0.0003584 seconds
[3.609s][info ][safepoint      ] Entering safepoint region: RevokeBias
[3.610s][info ][safepoint      ] Leaving safepoint region
[3.610s][info ][safepoint      ] Total time for which application threads were stopped: 0.0002249 seconds, Stopping threads took: 0.0000895 seconds
[3.611s][info ][safepoint      ] Application time: 0.0014825 seconds
[3.611s][info ][safepoint      ] Entering safepoint region: RevokeBias
[3.611s][info ][safepoint      ] Leaving safepoint region
[3.611s][info ][safepoint      ] Total time for which application threads were stopped: 0.0001397 seconds, Stopping threads took: 0.0000543 seconds
[3.620s][info ][safepoint      ] Application time: 0.0093168 seconds
[3.621s][info ][safepoint      ] Entering safepoint region: RevokeBias
[3.621s][info ][safepoint      ] Leaving safepoint region
[3.621s][info ][safepoint      ] Total time for which application threads were stopped: 0.0002241 seconds, Stopping threads took: 0.0000869 seconds
[3.627s][info ][safepoint      ] Application time: 0.0065942 seconds
[3.627s][info ][safepoint      ] Entering safepoint region: RevokeBias
[3.628s][info ][safepoint      ] Leaving safepoint region
[3.628s][info ][safepoint      ] Total time for which application threads were stopped: 0.0002340 seconds, Stopping threads took: 0.0000907 seconds
[3.631s][info ][safepoint      ] Application time: 0.0031339 seconds
[3.631s][info ][safepoint      ] Entering safepoint region: RevokeBias
[3.631s][info ][safepoint      ] Leaving safepoint region
[3.631s][info ][safepoint      ] Total time for which application threads were stopped: 0.0001922 seconds, Stopping threads took: 0.0000733 seconds
[3.631s][info ][safepoint      ] Application time: 0.0004743 seconds
[3.633s][info ][safepoint      ] Entering safepoint region: RevokeBias
[3.633s][info ][safepoint      ] Leaving safepoint region
[3.633s][info ][safepoint      ] Total time for which application threads were stopped: 0.0019383 seconds, Stopping threads took: 0.0018185 seconds
[3.638s][info ][safepoint      ] Application time: 0.0042845 seconds
[3.638s][info ][safepoint      ] Entering safepoint region: RevokeBias
[3.638s][info ][safepoint      ] Leaving safepoint region
[3.638s][info ][safepoint      ] Total time for which application threads were stopped: 0.0003478 seconds, Stopping threads took: 0.0002013 seconds
[3.639s][info ][safepoint      ] Application time: 0.0008203 seconds
[3.639s][info ][safepoint      ] Entering safepoint region: RevokeBias
[3.639s][info ][safepoint      ] Leaving safepoint region
[3.639s][info ][safepoint      ] Total time for which application threads were stopped: 0.0002453 seconds, Stopping threads took: 0.0000907 seconds
[3.640s][info ][safepoint      ] Application time: 0.0009937 seconds
[3.640s][info ][safepoint      ] Entering safepoint region: RevokeBias
[3.640s][info ][safepoint      ] Leaving safepoint region
[3.640s][info ][safepoint      ] Total time for which application threads were stopped: 0.0001884 seconds, Stopping threads took: 0.0000958 seconds
[3.648s][info ][safepoint      ] Application time: 0.0080086 seconds
[3.648s][info ][safepoint      ] Entering safepoint region: RevokeBias
[3.649s][info ][safepoint      ] Leaving safepoint region
[3.649s][info ][safepoint      ] Total time for which application threads were stopped: 0.0002199 seconds, Stopping threads took: 0.0000905 seconds
[3.661s][info ][safepoint      ] Application time: 0.0120852 seconds
[3.661s][info ][safepoint      ] Entering safepoint region: RevokeBias
[3.661s][info ][safepoint      ] Leaving safepoint region
[3.661s][info ][safepoint      ] Total time for which application threads were stopped: 0.0003420 seconds, Stopping threads took: 0.0001904 seconds
[3.664s][info ][safepoint      ] Application time: 0.0031531 seconds
[3.664s][info ][safepoint      ] Entering safepoint region: RevokeBias
[3.664s][info ][safepoint      ] Leaving safepoint region
[3.664s][info ][safepoint      ] Total time for which application threads were stopped: 0.0002173 seconds, Stopping threads took: 0.0000775 seconds
[3.669s][info ][safepoint      ] Application time: 0.0042353 seconds
[3.669s][info ][safepoint      ] Entering safepoint region: RevokeBias
[3.669s][info ][safepoint      ] Leaving safepoint region
[3.669s][info ][safepoint      ] Total time for which application threads were stopped: 0.0002536 seconds, Stopping threads took: 0.0000937 seconds
[3.686s][info ][safepoint      ] Application time: 0.0167359 seconds
[3.689s][info ][safepoint      ] Entering safepoint region: RevokeBias
[3.689s][info ][safepoint      ] Leaving safepoint region
[3.689s][info ][safepoint      ] Total time for which application threads were stopped: 0.0034557 seconds, Stopping threads took: 0.0032901 seconds
[3.690s][info ][safepoint      ] Application time: 0.0008380 seconds
[3.690s][info ][safepoint      ] Entering safepoint region: RevokeBias
[3.690s][info ][safepoint      ] Leaving safepoint region
[3.690s][info ][safepoint      ] Total time for which application threads were stopped: 0.0002363 seconds, Stopping threads took: 0.0001041 seconds
[3.692s][info ][safepoint      ] Application time: 0.0021504 seconds
[3.695s][info ][safepoint      ] Entering safepoint region: BulkRevokeBias
[3.696s][info ][safepoint      ] Leaving safepoint region
[3.696s][info ][safepoint      ] Total time for which application threads were stopped: 0.0032322 seconds, Stopping threads took: 0.0022148 seconds
[3.839s][info ][safepoint      ] Application time: 0.1436135 seconds
[3.841s][info ][safepoint      ] Entering safepoint region: ICBufferFull
[3.841s][info ][safepoint      ] Leaving safepoint region
[3.841s][info ][safepoint      ] Total time for which application threads were stopped: 0.0020716 seconds, Stopping threads took: 0.0018977 seconds
[3.890s][info ][safepoint      ] Application time: 0.0487776 seconds
[3.890s][info ][safepoint      ] Entering safepoint region: Deoptimize
[3.891s][info ][safepoint      ] Leaving safepoint region
[3.891s][info ][safepoint      ] Total time for which application threads were stopped: 0.0007658 seconds, Stopping threads took: 0.0001239 seconds
[3.965s][info ][safepoint      ] Application time: 0.0736068 seconds
[3.967s][info ][safepoint      ] Entering safepoint region: ICBufferFull
[3.967s][info ][safepoint      ] Leaving safepoint region
[3.967s][info ][safepoint      ] Total time for which application threads were stopped: 0.0024645 seconds, Stopping threads took: 0.0022164 seconds
[4.077s][info ][safepoint      ] Application time: 0.1099376 seconds
[4.079s][info ][safepoint      ] Entering safepoint region: ICBufferFull
[4.080s][info ][safepoint      ] Leaving safepoint region
[4.080s][info ][safepoint      ] Total time for which application threads were stopped: 0.0023920 seconds, Stopping threads took: 0.0021982 seconds
[4.084s][info ][safepoint      ] Application time: 0.0044906 seconds
[4.084s][info ][safepoint      ] Entering safepoint region: Deoptimize
[4.085s][info ][safepoint      ] Leaving safepoint region
[4.085s][info ][safepoint      ] Total time for which application threads were stopped: 0.0009426 seconds, Stopping threads took: 0.0000989 seconds
[4.090s][info ][safepoint      ] Application time: 0.0051362 seconds
[4.090s][info ][safepoint      ] Entering safepoint region: Deoptimize
[4.091s][info ][safepoint      ] Leaving safepoint region
[4.091s][info ][safepoint      ] Total time for which application threads were stopped: 0.0006926 seconds, Stopping threads took: 0.0000745 seconds
[4.187s][info ][safepoint      ] Application time: 0.0965789 seconds
[4.188s][info ][safepoint      ] Entering safepoint region: Deoptimize
[4.188s][info ][safepoint      ] Leaving safepoint region
[4.188s][info ][safepoint      ] Total time for which application threads were stopped: 0.0008690 seconds, Stopping threads took: 0.0001203 seconds
[4.390s][info ][safepoint      ] Application time: 0.2012283 seconds
[4.390s][info ][safepoint      ] Entering safepoint region: ICBufferFull
[4.390s][info ][safepoint      ] Leaving safepoint region
[4.390s][info ][safepoint      ] Total time for which application threads were stopped: 0.0005111 seconds, Stopping threads took: 0.0002836 seconds
[4.413s][info ][safepoint      ] Application time: 0.0224874 seconds
[4.415s][info ][safepoint      ] Entering safepoint region: Deoptimize
[4.415s][info ][safepoint      ] Leaving safepoint region
[4.415s][info ][safepoint      ] Total time for which application threads were stopped: 0.0027685 seconds, Stopping threads took: 0.0019810 seconds
[4.461s][info ][safepoint      ] Application time: 0.0455324 seconds
[4.463s][info ][safepoint      ] Entering safepoint region: ParallelGCFailedAllocation
[4.463s][info ][gc,start       ] GC(4) Pause Young (Allocation Failure)
[4.560s][debug][gc,phases      ] GC(4) Scavenge 96.437ms
[4.560s][debug][gc,ref         ] GC(4) Skipped phase1 of Reference Processing due to unavailable references
[4.560s][debug][gc,ref         ] GC(4) Skipped phase3 of Reference Processing due to unavailable references
[4.560s][debug][gc,phases      ] GC(4) Reference Processing 0.351ms
[4.560s][debug][gc,phases      ] GC(4) Weak Processing 0.272ms
[4.561s][debug][gc,phases      ] GC(4) Scrub String Table 1.018ms
[4.561s][debug][gc,age         ] GC(4) Desired survivor size 536870912 bytes, new threshold 7 (max threshold 15)
[4.561s][info ][gc,heap        ] GC(4) PSYoungGen: 1095250K->120234K(1572864K)
[4.561s][info ][gc,heap        ] GC(4) ParOldGen: 5771K->5779K(6144K)
[4.561s][info ][gc,metaspace   ] GC(4) Metaspace: 45579K->45579K(1091584K)
[4.561s][info ][gc             ] GC(4) Pause Young (Allocation Failure) 1075M->123M(1542M) 98.225ms
[4.561s][info ][gc,cpu         ] GC(4) User=0.34s Sys=0.05s Real=0.10s
[4.561s][info ][safepoint      ] Leaving safepoint region
[4.561s][info ][safepoint      ] Total time for which application threads were stopped: 0.1003371 seconds, Stopping threads took: 0.0019096 seconds
[4.562s][info ][safepoint      ] Application time: 0.0005815 seconds
[4.562s][info ][safepoint      ] Entering safepoint region: RevokeBias
[4.562s][info ][safepoint      ] Leaving safepoint region
[4.562s][info ][safepoint      ] Total time for which application threads were stopped: 0.0002327 seconds, Stopping threads took: 0.0001067 seconds
[4.562s][info ][safepoint      ] Application time: 0.0000298 seconds
[4.562s][info ][safepoint      ] Entering safepoint region: RevokeBias
[4.562s][info ][safepoint      ] Leaving safepoint region
[4.562s][info ][safepoint      ] Total time for which application threads were stopped: 0.0001294 seconds, Stopping threads took: 0.0000265 seconds
[4.818s][info ][safepoint      ] Application time: 0.2559015 seconds
[4.820s][info ][safepoint      ] Entering safepoint region: ICBufferFull
[4.821s][info ][safepoint      ] Leaving safepoint region
[4.821s][info ][safepoint      ] Total time for which application threads were stopped: 0.0022656 seconds, Stopping threads took: 0.0020546 seconds
[4.902s][info ][safepoint      ] Application time: 0.0811275 seconds
[4.902s][info ][safepoint      ] Entering safepoint region: ParallelGCFailedAllocation
[4.902s][info ][gc,start       ] GC(5) Pause Young (Allocation Failure)
[4.975s][debug][gc,phases      ] GC(5) Scavenge 73.054ms
[4.975s][debug][gc,ref         ] GC(5) Skipped phase1 of Reference Processing due to unavailable references
[4.975s][debug][gc,ref         ] GC(5) Skipped phase3 of Reference Processing due to unavailable references
[4.975s][debug][gc,phases      ] GC(5) Reference Processing 0.245ms
[4.976s][debug][gc,phases      ] GC(5) Weak Processing 0.265ms
[4.977s][debug][gc,phases      ] GC(5) Scrub String Table 1.100ms
[4.977s][debug][gc,age         ] GC(5) Desired survivor size 536870912 bytes, new threshold 7 (max threshold 15)
[4.977s][info ][gc,heap        ] GC(5) PSYoungGen: 1168810K->128811K(1572864K)
[4.977s][info ][gc,heap        ] GC(5) ParOldGen: 5779K->5787K(6144K)
[4.977s][info ][gc,metaspace   ] GC(5) Metaspace: 47193K->47193K(1091584K)
[4.977s][info ][gc             ] GC(5) Pause Young (Allocation Failure) 1147M->131M(1542M) 74.796ms
[4.977s][info ][gc,cpu         ] GC(5) User=0.28s Sys=0.02s Real=0.07s
[4.977s][info ][safepoint      ] Leaving safepoint region
[4.977s][info ][safepoint      ] Total time for which application threads were stopped: 0.0751419 seconds, Stopping threads took: 0.0001434 seconds
[5.376s][info ][safepoint      ] Application time: 0.3990571 seconds
[5.376s][info ][safepoint      ] Entering safepoint region: Deoptimize
[5.377s][info ][safepoint      ] Leaving safepoint region
[5.377s][info ][safepoint      ] Total time for which application threads were stopped: 0.0010117 seconds, Stopping threads took: 0.0001585 seconds
[5.421s][info ][safepoint      ] Application time: 0.0439916 seconds
[5.423s][info ][safepoint      ] Entering safepoint region: RevokeBias
[5.423s][info ][safepoint      ] Leaving safepoint region
[5.423s][info ][safepoint      ] Total time for which application threads were stopped: 0.0020885 seconds, Stopping threads took: 0.0019554 seconds
[5.439s][info ][safepoint      ] Application time: 0.0161119 seconds
[5.442s][info ][safepoint      ] Entering safepoint region: RevokeBias
[5.442s][info ][safepoint      ] Leaving safepoint region
[5.442s][info ][safepoint      ] Total time for which application threads were stopped: 0.0025175 seconds, Stopping threads took: 0.0023354 seconds
[5.442s][info ][safepoint      ] Application time: 0.0001346 seconds
[5.442s][info ][safepoint      ] Entering safepoint region: RevokeBias
[5.442s][info ][safepoint      ] Leaving safepoint region
[5.442s][info ][safepoint      ] Total time for which application threads were stopped: 0.0002060 seconds, Stopping threads took: 0.0001004 seconds
[5.442s][info ][safepoint      ] Application time: 0.0000317 seconds
[5.442s][info ][safepoint      ] Entering safepoint region: RevokeBias
[5.442s][info ][safepoint      ] Leaving safepoint region
[5.442s][info ][safepoint      ] Total time for which application threads were stopped: 0.0001375 seconds, Stopping threads took: 0.0000317 seconds
[5.442s][info ][safepoint      ] Application time: 0.0000577 seconds
[5.442s][info ][safepoint      ] Entering safepoint region: RevokeBias
[5.442s][info ][safepoint      ] Leaving safepoint region
[5.442s][info ][safepoint      ] Total time for which application threads were stopped: 0.0001441 seconds, Stopping threads took: 0.0000711 seconds
[5.443s][info ][safepoint      ] Application time: 0.0002334 seconds
[5.443s][info ][safepoint      ] Entering safepoint region: RevokeBias
[5.443s][info ][safepoint      ] Leaving safepoint region
[5.443s][info ][safepoint      ] Total time for which application threads were stopped: 0.0001712 seconds, Stopping threads took: 0.0000950 seconds
[5.466s][info ][safepoint      ] Application time: 0.0227583 seconds
[5.468s][info ][safepoint      ] Entering safepoint region: RevokeBias
[5.468s][info ][safepoint      ] Leaving safepoint region
[5.468s][info ][safepoint      ] Total time for which application threads were stopped: 0.0021755 seconds, Stopping threads took: 0.0020331 seconds
[5.474s][info ][safepoint      ] Application time: 0.0058498 seconds
[5.476s][info ][safepoint      ] Entering safepoint region: RevokeBias
[5.476s][info ][safepoint      ] Leaving safepoint region
[5.476s][info ][safepoint      ] Total time for which application threads were stopped: 0.0021240 seconds, Stopping threads took: 0.0019946 seconds
[5.482s][info ][safepoint      ] Application time: 0.0065264 seconds
[5.486s][info ][safepoint      ] Entering safepoint region: RevokeBias
[5.486s][info ][safepoint      ] Leaving safepoint region
[5.486s][info ][safepoint      ] Total time for which application threads were stopped: 0.0035468 seconds, Stopping threads took: 0.0034048 seconds
[5.502s][info ][safepoint      ] Application time: 0.0157820 seconds
[5.502s][info ][safepoint      ] Entering safepoint region: RevokeBias
[5.502s][info ][safepoint      ] Leaving safepoint region
[5.502s][info ][safepoint      ] Total time for which application threads were stopped: 0.0002589 seconds, Stopping threads took: 0.0001463 seconds
[5.540s][info ][safepoint      ] Application time: 0.0382249 seconds
[5.542s][info ][safepoint      ] Entering safepoint region: RevokeBias
[5.542s][info ][safepoint      ] Leaving safepoint region
[5.542s][info ][safepoint      ] Total time for which application threads were stopped: 0.0021274 seconds, Stopping threads took: 0.0020056 seconds
[5.548s][info ][safepoint      ] Application time: 0.0054519 seconds
[5.548s][info ][safepoint      ] Entering safepoint region: RevokeBias
[5.548s][info ][safepoint      ] Leaving safepoint region
[5.548s][info ][safepoint      ] Total time for which application threads were stopped: 0.0002640 seconds, Stopping threads took: 0.0001544 seconds
[5.583s][info ][safepoint      ] Application time: 0.0346511 seconds
[5.586s][info ][safepoint      ] Entering safepoint region: RevokeBias
[5.586s][info ][safepoint      ] Leaving safepoint region
[5.586s][info ][safepoint      ] Total time for which application threads were stopped: 0.0033081 seconds, Stopping threads took: 0.0031824 seconds
[5.657s][info ][safepoint      ] Application time: 0.0709729 seconds
[5.662s][info ][safepoint      ] Entering safepoint region: ParallelGCFailedAllocation
[5.662s][info ][gc,start       ] GC(6) Pause Young (Allocation Failure)
[5.733s][debug][gc,phases      ] GC(6) Scavenge 71.184ms
[5.733s][debug][gc,ref         ] GC(6) Skipped phase1 of Reference Processing due to unavailable references
[5.733s][debug][gc,ref         ] GC(6) Skipped phase3 of Reference Processing due to unavailable references
[5.733s][debug][gc,phases      ] GC(6) Reference Processing 0.304ms
[5.734s][debug][gc,phases      ] GC(6) Weak Processing 0.340ms
[5.735s][debug][gc,phases      ] GC(6) Scrub String Table 1.159ms
[5.735s][debug][gc,age         ] GC(6) Desired survivor size 201850880 bytes, new threshold 6 (max threshold 15)
[5.735s][info ][gc,heap        ] GC(6) PSYoungGen: 1177387K->134415K(1572864K)
[5.735s][info ][gc,heap        ] GC(6) ParOldGen: 5787K->5795K(6144K)
[5.735s][info ][gc,metaspace   ] GC(6) Metaspace: 49368K->49368K(1093632K)
[5.735s][info ][gc             ] GC(6) Pause Young (Allocation Failure) 1155M->136M(1542M) 73.122ms
[5.735s][info ][gc,cpu         ] GC(6) User=0.28s Sys=0.01s Real=0.07s
[5.735s][info ][safepoint      ] Leaving safepoint region
[5.735s][info ][safepoint      ] Total time for which application threads were stopped: 0.0776795 seconds, Stopping threads took: 0.0043790 seconds
[5.752s][info ][safepoint      ] Application time: 0.0174384 seconds
[5.754s][info ][safepoint      ] Entering safepoint region: RevokeBias
[5.755s][info ][safepoint      ] Leaving safepoint region
[5.755s][info ][safepoint      ] Total time for which application threads were stopped: 0.0021491 seconds, Stopping threads took: 0.0020236 seconds
[5.789s][info ][safepoint      ] Application time: 0.0345524 seconds
[5.791s][info ][safepoint      ] Entering safepoint region: RevokeBias
[5.791s][info ][safepoint      ] Leaving safepoint region
[5.791s][info ][safepoint      ] Total time for which application threads were stopped: 0.0021432 seconds, Stopping threads took: 0.0020097 seconds
[5.996s][info ][safepoint      ] Application time: 0.2048013 seconds
[5.996s][info ][safepoint      ] Entering safepoint region: ParallelGCFailedAllocation
[5.996s][info ][gc,start       ] GC(7) Pause Young (Allocation Failure)
[6.081s][debug][gc,phases      ] GC(7) Scavenge 84.319ms
[6.081s][debug][gc,ref         ] GC(7) Skipped phase1 of Reference Processing due to unavailable references
[6.081s][debug][gc,ref         ] GC(7) Skipped phase3 of Reference Processing due to unavailable references
[6.081s][debug][gc,phases      ] GC(7) Reference Processing 0.425ms
[6.082s][debug][gc,phases      ] GC(7) Weak Processing 0.457ms
[6.084s][debug][gc,phases      ] GC(7) Scrub String Table 1.735ms
[6.084s][debug][gc,age         ] GC(7) Desired survivor size 211812352 bytes, new threshold 5 (max threshold 15)
[6.084s][info ][gc,heap        ] GC(7) PSYoungGen: 1182991K->136239K(1880576K)
[6.084s][info ][gc,heap        ] GC(7) ParOldGen: 5795K->5803K(6144K)
[6.084s][info ][gc,metaspace   ] GC(7) Metaspace: 49561K->49561K(1093632K)
[6.084s][info ][gc             ] GC(7) Pause Young (Allocation Failure) 1160M->138M(1842M) 87.099ms
[6.084s][info ][gc,cpu         ] GC(7) User=0.29s Sys=0.07s Real=0.09s
[6.084s][info ][safepoint      ] Leaving safepoint region
[6.084s][info ][safepoint      ] Total time for which application threads were stopped: 0.0875517 seconds, Stopping threads took: 0.0001872 seconds
[6.529s][info ][safepoint      ] Application time: 0.4454657 seconds
[6.533s][info ][safepoint      ] Entering safepoint region: ParallelGCFailedAllocation
[6.534s][info ][gc,start       ] GC(8) Pause Young (Allocation Failure)
[6.622s][debug][gc,phases      ] GC(8) Scavenge 88.820ms
[6.622s][debug][gc,ref         ] GC(8) Skipped phase1 of Reference Processing due to unavailable references
[6.623s][debug][gc,ref         ] GC(8) Skipped phase3 of Reference Processing due to unavailable references
[6.623s][debug][gc,phases      ] GC(8) Reference Processing 0.182ms
[6.623s][debug][gc,phases      ] GC(8) Weak Processing 0.292ms
[6.624s][debug][gc,phases      ] GC(8) Scrub String Table 1.077ms
[6.624s][debug][gc,age         ] GC(8) Desired survivor size 196608000 bytes, new threshold 4 (max threshold 15)
[6.624s][info ][gc,heap        ] GC(8) PSYoungGen: 1819695K->95965K(1890304K)
[6.624s][info ][gc,heap        ] GC(8) ParOldGen: 5803K->52429K(53248K)
[6.624s][info ][gc,metaspace   ] GC(8) Metaspace: 49670K->49670K(1093632K)
[6.624s][info ][gc             ] GC(8) Pause Young (Allocation Failure) 1782M->144M(1898M) 90.514ms
[6.624s][info ][gc,cpu         ] GC(8) User=0.29s Sys=0.06s Real=0.09s
[6.624s][debug][gc,phases      ] GC(9) Pre Compact 0.012ms
[6.624s][info ][gc,start       ] GC(9) Pause Full (Ergonomics)
[6.624s][info ][gc,phases,start] GC(9) Marking Phase
[6.690s][debug][gc,phases      ] GC(9) Par Mark 65.457ms
[6.690s][debug][gc,ref         ] GC(9) Skipped phase1 of Reference Processing due to unavailable references
[6.690s][debug][gc,ref         ] GC(9) Skipped phase3 of Reference Processing due to unavailable references
[6.690s][debug][gc,phases      ] GC(9) Reference Processing 0.152ms
[6.690s][debug][gc,phases      ] GC(9) Weak Processing 0.118ms
[6.691s][debug][gc,phases      ] GC(9) ClassLoaderData 1.086ms
[6.691s][debug][gc,phases      ] GC(9) Dictionary 0.016ms
[6.691s][debug][gc,phases      ] GC(9) ProtectionDomainCacheTable 0.002ms
[6.692s][debug][gc,phases      ] GC(9) ResolvedMethodTable 0.096ms
[6.703s][debug][gc,phases      ] GC(9) Class Unloading 12.756ms
[6.704s][debug][gc,phases      ] GC(9) Scrub String Table 0.485ms
[6.710s][debug][gc,phases      ] GC(9) Scrub Symbol Table 6.759ms
[6.710s][info ][gc,phases      ] GC(9) Marking Phase 86.333ms
[6.710s][info ][gc,phases,start] GC(9) Summary Phase
[6.710s][info ][gc,phases      ] GC(9) Summary Phase 0.010ms
[6.710s][info ][gc,phases,start] GC(9) Adjust Roots
[6.738s][info ][gc,phases      ] GC(9) Adjust Roots 27.788ms
[6.738s][info ][gc,phases,start] GC(9) Compaction Phase
[7.532s][info ][gc,phases      ] GC(9) Compaction Phase 793.475ms
[7.532s][info ][gc,phases,start] GC(9) Post Compact
[7.533s][info ][gc,phases      ] GC(9) Post Compact 0.726ms
[7.533s][info ][gc,heap        ] GC(9) PSYoungGen: 95965K->95167K(1890304K)
[7.533s][info ][gc,heap        ] GC(9) ParOldGen: 52429K->52626K(86528K)
[7.533s][info ][gc,metaspace   ] GC(9) Metaspace: 49670K->49654K(1093632K)
[7.533s][info ][gc             ] GC(9) Pause Full (Ergonomics) 144M->144M(1930M) 908.577ms
[7.533s][info ][gc,cpu         ] GC(9) User=3.41s Sys=0.01s Real=0.91s
[7.533s][info ][safepoint      ] Leaving safepoint region
[7.533s][info ][safepoint      ] Total time for which application threads were stopped: 1.0035853 seconds, Stopping threads took: 0.0041820 seconds
[7.908s][info ][safepoint      ] Application time: 0.3750601 seconds
[7.908s][info ][safepoint      ] Entering safepoint region: RevokeBias
[7.909s][info ][safepoint      ] Leaving safepoint region
[7.909s][info ][safepoint      ] Total time for which application threads were stopped: 0.0009058 seconds, Stopping threads took: 0.0006821 seconds
[7.909s][info ][safepoint      ] Application time: 0.0003502 seconds
[7.910s][info ][safepoint      ] Entering safepoint region: RevokeBias
[7.910s][info ][safepoint      ] Leaving safepoint region
[7.910s][info ][safepoint      ] Total time for which application threads were stopped: 0.0009252 seconds, Stopping threads took: 0.0008418 seconds
[7.915s][info ][safepoint      ] Application time: 0.0051822 seconds
[7.917s][info ][safepoint      ] Entering safepoint region: BulkRevokeBias
[7.918s][info ][safepoint      ] Leaving safepoint region
[7.918s][info ][safepoint      ] Total time for which application threads were stopped: 0.0029239 seconds, Stopping threads took: 0.0019834 seconds
[7.950s][info ][safepoint      ] Application time: 0.0317701 seconds
[7.952s][info ][safepoint      ] Entering safepoint region: RevokeBias
[7.952s][info ][safepoint      ] Leaving safepoint region
[7.952s][info ][safepoint      ] Total time for which application threads were stopped: 0.0020802 seconds, Stopping threads took: 0.0019645 seconds
[8.013s][info ][safepoint      ] Application time: 0.0608027 seconds
[8.015s][info ][safepoint      ] Entering safepoint region: ParallelGCFailedAllocation
[8.015s][info ][gc,start       ] GC(10) Pause Young (Allocation Failure)
[8.090s][debug][gc,phases      ] GC(10) Scavenge 74.974ms
[8.090s][debug][gc,ref         ] GC(10) Skipped phase1 of Reference Processing due to unavailable references
[8.090s][debug][gc,ref         ] GC(10) Skipped phase3 of Reference Processing due to unavailable references
[8.090s][debug][gc,phases      ] GC(10) Reference Processing 0.071ms
[8.091s][debug][gc,phases      ] GC(10) Weak Processing 0.262ms
[8.091s][debug][gc,phases      ] GC(10) Scrub String Table 0.633ms
[8.091s][debug][gc,age         ] GC(10) Desired survivor size 200278016 bytes, new threshold 5 (max threshold 15)
[8.091s][info ][gc,heap        ] GC(10) PSYoungGen: 1778623K->16416K(1897984K)
[8.091s][info ][gc,heap        ] GC(10) ParOldGen: 52626K->134763K(135168K)
[8.091s][info ][gc,metaspace   ] GC(10) Metaspace: 50408K->50408K(1095680K)
[8.091s][info ][gc             ] GC(10) Pause Young (Allocation Failure) 1788M->147M(1985M) 76.074ms
[8.091s][info ][gc,cpu         ] GC(10) User=0.27s Sys=0.03s Real=0.08s
[8.091s][debug][gc,phases      ] GC(11) Pre Compact 0.010ms
[8.091s][info ][gc,start       ] GC(11) Pause Full (Ergonomics)
[8.091s][info ][gc,phases,start] GC(11) Marking Phase
[8.153s][debug][gc,phases      ] GC(11) Par Mark 61.443ms
[8.153s][debug][gc,ref         ] GC(11) Skipped phase1 of Reference Processing due to unavailable references
[8.153s][debug][gc,ref         ] GC(11) Skipped phase3 of Reference Processing due to unavailable references
[8.153s][debug][gc,phases      ] GC(11) Reference Processing 0.188ms
[8.153s][debug][gc,phases      ] GC(11) Weak Processing 0.109ms
[8.154s][debug][gc,phases      ] GC(11) ClassLoaderData 0.470ms
[8.154s][debug][gc,phases      ] GC(11) ProtectionDomainCacheTable 0.003ms
[8.154s][debug][gc,phases      ] GC(11) ResolvedMethodTable 0.092ms
[8.157s][debug][gc,phases      ] GC(11) Class Unloading 3.102ms
[8.157s][debug][gc,phases      ] GC(11) Scrub String Table 0.402ms
[8.161s][debug][gc,phases      ] GC(11) Scrub Symbol Table 4.442ms
[8.161s][info ][gc,phases      ] GC(11) Marking Phase 70.209ms
[8.161s][info ][gc,phases,start] GC(11) Summary Phase
[8.161s][info ][gc,phases      ] GC(11) Summary Phase 0.007ms
[8.161s][info ][gc,phases,start] GC(11) Adjust Roots
[8.178s][info ][gc,phases      ] GC(11) Adjust Roots 16.091ms
[8.178s][info ][gc,phases,start] GC(11) Compaction Phase
[8.736s][info ][gc,phases      ] GC(11) Compaction Phase 558.523ms
[8.736s][info ][gc,phases,start] GC(11) Post Compact
[8.737s][info ][gc,phases      ] GC(11) Post Compact 0.390ms
[8.737s][info ][gc,heap        ] GC(11) PSYoungGen: 16416K->15804K(1897984K)
[8.737s][info ][gc,heap        ] GC(11) ParOldGen: 134763K->134963K(207872K)
[8.737s][info ][gc,metaspace   ] GC(11) Metaspace: 50408K->50408K(1095680K)
[8.737s][info ][gc             ] GC(11) Pause Full (Ergonomics) 147M->147M(2056M) 645.526ms
[8.737s][info ][gc,cpu         ] GC(11) User=2.43s Sys=0.00s Real=0.64s
[8.737s][info ][safepoint      ] Leaving safepoint region
[8.737s][info ][safepoint      ] Total time for which application threads were stopped: 0.7239620 seconds, Stopping threads took: 0.0020484 seconds
[8.794s][info ][safepoint      ] Application time: 0.0574499 seconds
[8.795s][info ][safepoint      ] Entering safepoint region: RevokeBias
[8.795s][info ][safepoint      ] Leaving safepoint region
[8.795s][info ][safepoint      ] Total time for which application threads were stopped: 0.0002769 seconds, Stopping threads took: 0.0001597 seconds
[9.289s][info ][safepoint      ] Application time: 0.4941961 seconds
[9.289s][info ][safepoint      ] Entering safepoint region: Deoptimize
[9.290s][info ][safepoint      ] Leaving safepoint region
[9.290s][info ][safepoint      ] Total time for which application threads were stopped: 0.0013633 seconds, Stopping threads took: 0.0001917 seconds
[9.316s][info ][safepoint      ] Application time: 0.0253025 seconds
[9.316s][info ][safepoint      ] Entering safepoint region: ParallelGCFailedAllocation
[9.316s][info ][gc,start       ] GC(12) Pause Young (Allocation Failure)
[9.346s][debug][gc,phases      ] GC(12) Scavenge 29.147ms
[9.346s][debug][gc,ref         ] GC(12) Skipped phase1 of Reference Processing due to unavailable references
[9.346s][debug][gc,ref         ] GC(12) Skipped phase3 of Reference Processing due to unavailable references
[9.346s][debug][gc,phases      ] GC(12) Reference Processing 0.066ms
[9.346s][debug][gc,phases      ] GC(12) Weak Processing 0.126ms
[9.346s][debug][gc,phases      ] GC(12) Scrub String Table 0.396ms
[9.346s][debug][gc,age         ] GC(12) Desired survivor size 202375168 bytes, new threshold 6 (max threshold 15)
[9.346s][info ][gc,heap        ] GC(12) PSYoungGen: 1721788K->9552K(1715712K)
[9.346s][info ][gc,heap        ] GC(12) ParOldGen: 134963K->134971K(207872K)
[9.346s][info ][gc,metaspace   ] GC(12) Metaspace: 51453K->51453K(1095680K)
[9.346s][info ][gc             ] GC(12) Pause Young (Allocation Failure) 1813M->141M(1878M) 29.866ms
[9.346s][info ][gc,cpu         ] GC(12) User=0.13s Sys=0.00s Real=0.03s
[9.346s][info ][safepoint      ] Leaving safepoint region
[9.346s][info ][safepoint      ] Total time for which application threads were stopped: 0.0307961 seconds, Stopping threads took: 0.0007097 seconds
[9.701s][info ][safepoint      ] Application time: 0.3544518 seconds
[9.701s][info ][safepoint      ] Entering safepoint region: ICBufferFull
[9.701s][info ][safepoint      ] Leaving safepoint region
[9.701s][info ][safepoint      ] Total time for which application threads were stopped: 0.0003512 seconds, Stopping threads took: 0.0001437 seconds
[9.771s][info ][safepoint      ] Application time: 0.0698618 seconds
[9.773s][info ][safepoint      ] Entering safepoint region: ParallelGCFailedAllocation
[9.773s][info ][gc,start       ] GC(13) Pause Young (Allocation Failure)
[9.781s][debug][gc,phases      ] GC(13) Scavenge 7.190ms
[9.781s][debug][gc,ref         ] GC(13) Skipped phase1 of Reference Processing due to unavailable references
[9.781s][debug][gc,ref         ] GC(13) Skipped phase3 of Reference Processing due to unavailable references
[9.781s][debug][gc,phases      ] GC(13) Reference Processing 0.065ms
[9.781s][debug][gc,phases      ] GC(13) Weak Processing 0.114ms
[9.781s][debug][gc,phases      ] GC(13) Scrub String Table 0.404ms
[9.781s][debug][gc,age         ] GC(13) Desired survivor size 201850880 bytes, new threshold 7 (max threshold 15)
[9.781s][info ][gc,heap        ] GC(13) PSYoungGen: 1715536K->10208K(1900032K)
[9.781s][info ][gc,heap        ] GC(13) ParOldGen: 134971K->134979K(207872K)
[9.781s][info ][gc,metaspace   ] GC(13) Metaspace: 51740K->51740K(1095680K)
[9.781s][info ][gc             ] GC(13) Pause Young (Allocation Failure) 1807M->141M(2058M) 7.901ms
[9.781s][info ][gc,cpu         ] GC(13) User=0.03s Sys=0.00s Real=0.01s
[9.781s][info ][safepoint      ] Leaving safepoint region
[9.781s][info ][safepoint      ] Total time for which application threads were stopped: 0.0101607 seconds, Stopping threads took: 0.0019865 seconds
[10.148s][info ][safepoint      ] Application time: 0.3670219 seconds
[10.148s][info ][safepoint      ] Entering safepoint region: ICBufferFull
[10.149s][info ][safepoint      ] Leaving safepoint region
[10.149s][info ][safepoint      ] Total time for which application threads were stopped: 0.0003773 seconds, Stopping threads took: 0.0001402 seconds
[10.280s][info ][safepoint      ] Application time: 0.1309117 seconds
[10.280s][info ][safepoint      ] Entering safepoint region: ParallelGCFailedAllocation
[10.280s][info ][gc,start       ] GC(14) Pause Young (Allocation Failure)
[10.289s][debug][gc,phases      ] GC(14) Scavenge 8.924ms
[10.289s][debug][gc,ref         ] GC(14) Skipped phase1 of Reference Processing due to unavailable references
[10.289s][debug][gc,ref         ] GC(14) Skipped phase3 of Reference Processing due to unavailable references
[10.289s][debug][gc,ref         ] GC(14) Skipped phase4 of Reference Processing due to unavailable references
[10.289s][debug][gc,phases      ] GC(14) Reference Processing 0.120ms
[10.289s][debug][gc,phases      ] GC(14) Weak Processing 0.142ms
[10.290s][debug][gc,phases      ] GC(14) Scrub String Table 0.475ms
[10.290s][debug][gc,age         ] GC(14) Desired survivor size 199229440 bytes, new threshold 8 (max threshold 15)
[10.290s][info ][gc,heap        ] GC(14) PSYoungGen: 1712608K->12352K(1899520K)
[10.290s][info ][gc,heap        ] GC(14) ParOldGen: 134979K->134979K(207872K)
[10.290s][info ][gc,metaspace   ] GC(14) Metaspace: 51789K->51789K(1095680K)
[10.290s][info ][gc             ] GC(14) Pause Young (Allocation Failure) 1804M->143M(2058M) 9.817ms
[10.290s][info ][gc,cpu         ] GC(14) User=0.04s Sys=0.00s Real=0.01s
[10.290s][info ][safepoint      ] Leaving safepoint region
[10.290s][info ][safepoint      ] Total time for which application threads were stopped: 0.0101827 seconds, Stopping threads took: 0.0001631 seconds
[10.704s][info ][safepoint      ] Application time: 0.4141892 seconds
[10.710s][info ][safepoint      ] Entering safepoint region: ParallelGCFailedAllocation
[10.711s][info ][gc,start       ] GC(15) Pause Young (Allocation Failure)
[10.721s][debug][gc,phases      ] GC(15) Scavenge 10.221ms
[10.721s][debug][gc,ref         ] GC(15) Skipped phase1 of Reference Processing due to unavailable references
[10.721s][debug][gc,ref         ] GC(15) Skipped phase3 of Reference Processing due to unavailable references
[10.721s][debug][gc,ref         ] GC(15) Skipped phase4 of Reference Processing due to unavailable references
[10.721s][debug][gc,phases      ] GC(15) Reference Processing 0.083ms
[10.721s][debug][gc,phases      ] GC(15) Weak Processing 0.119ms
[10.722s][debug][gc,phases      ] GC(15) Scrub String Table 0.421ms
[10.722s][debug][gc,age         ] GC(15) Desired survivor size 194510848 bytes, new threshold 9 (max threshold 15)
[10.722s][info ][gc,heap        ] GC(15) PSYoungGen: 1714752K->15648K(1907200K)
[10.722s][info ][gc,heap        ] GC(15) ParOldGen: 134979K->134979K(207872K)
[10.722s][info ][gc,metaspace   ] GC(15) Metaspace: 51796K->51796K(1095680K)
[10.722s][info ][gc             ] GC(15) Pause Young (Allocation Failure) 1806M->147M(2065M) 10.972ms
[10.722s][info ][gc,cpu         ] GC(15) User=0.05s Sys=0.00s Real=0.01s
[10.722s][info ][safepoint      ] Leaving safepoint region
[10.722s][info ][safepoint      ] Total time for which application threads were stopped: 0.0175948 seconds, Stopping threads took: 0.0063360 seconds
[10.964s][info ][safepoint      ] Application time: 0.2422589 seconds
[10.966s][info ][safepoint      ] Entering safepoint region: Deoptimize
[10.967s][info ][safepoint      ] Leaving safepoint region
[10.967s][info ][safepoint      ] Total time for which application threads were stopped: 0.0031074 seconds, Stopping threads took: 0.0020123 seconds
[11.059s][info ][safepoint      ] Application time: 0.0914253 seconds
[11.061s][info ][safepoint      ] Entering safepoint region: RevokeBias
[11.061s][info ][safepoint      ] Leaving safepoint region
[11.061s][info ][safepoint      ] Total time for which application threads were stopped: 0.0022049 seconds, Stopping threads took: 0.0020080 seconds
[11.170s][info ][safepoint      ] Application time: 0.1089112 seconds
[11.172s][info ][safepoint      ] Entering safepoint region: RevokeBias
[11.172s][info ][safepoint      ] Leaving safepoint region
[11.172s][info ][safepoint      ] Total time for which application threads were stopped: 0.0021415 seconds, Stopping threads took: 0.0020139 seconds
[11.172s][info ][safepoint      ] Application time: 0.0000535 seconds
[11.172s][info ][safepoint      ] Entering safepoint region: RevokeBias
[11.172s][info ][safepoint      ] Leaving safepoint region
[11.172s][info ][safepoint      ] Total time for which application threads were stopped: 0.0001509 seconds, Stopping threads took: 0.0000685 seconds
[11.172s][info ][safepoint      ] Application time: 0.0000406 seconds
[11.172s][info ][safepoint      ] Entering safepoint region: RevokeBias
[11.172s][info ][safepoint      ] Leaving safepoint region
[11.172s][info ][safepoint      ] Total time for which application threads were stopped: 0.0001211 seconds, Stopping threads took: 0.0000480 seconds
[11.174s][info ][safepoint      ] Application time: 0.0012739 seconds
[11.174s][info ][safepoint      ] Entering safepoint region: RevokeBias
[11.174s][info ][safepoint      ] Leaving safepoint region
[11.174s][info ][safepoint      ] Total time for which application threads were stopped: 0.0001795 seconds, Stopping threads took: 0.0000909 seconds
[11.176s][info ][safepoint      ] Application time: 0.0024098 seconds
[11.178s][info ][safepoint      ] Entering safepoint region: RevokeBias
[11.178s][info ][safepoint      ] Leaving safepoint region
[11.178s][info ][safepoint      ] Total time for which application threads were stopped: 0.0021695 seconds, Stopping threads took: 0.0020753 seconds
[11.182s][info ][safepoint      ] Application time: 0.0039990 seconds
[11.185s][info ][safepoint      ] Entering safepoint region: ParallelGCFailedAllocation
[11.186s][info ][gc,start       ] GC(16) Pause Young (Allocation Failure)
[11.197s][debug][gc,phases      ] GC(16) Scavenge 10.915ms
[11.197s][debug][gc,ref         ] GC(16) Skipped phase1 of Reference Processing due to unavailable references
[11.197s][debug][gc,ref         ] GC(16) Skipped phase3 of Reference Processing due to unavailable references
[11.197s][debug][gc,phases      ] GC(16) Reference Processing 0.085ms
[11.197s][debug][gc,phases      ] GC(16) Weak Processing 0.109ms
[11.197s][debug][gc,phases      ] GC(16) Scrub String Table 0.403ms
[11.197s][debug][gc,age         ] GC(16) Desired survivor size 188219392 bytes, new threshold 10 (max threshold 15)
[11.197s][info ][gc,heap        ] GC(16) PSYoungGen: 1728288K->18112K(1902592K)
[11.197s][info ][gc,heap        ] GC(16) ParOldGen: 134979K->134987K(207872K)
[11.197s][info ][gc,metaspace   ] GC(16) Metaspace: 52493K->52493K(1097728K)
[11.197s][info ][gc             ] GC(16) Pause Young (Allocation Failure) 1819M->149M(2061M) 11.638ms
[11.197s][info ][gc,cpu         ] GC(16) User=0.05s Sys=0.00s Real=0.02s
[11.197s][info ][safepoint      ] Leaving safepoint region
[11.197s][info ][safepoint      ] Total time for which application threads were stopped: 0.0149058 seconds, Stopping threads took: 0.0030882 seconds
[11.549s][info ][safepoint      ] Application time: 0.3516611 seconds
[11.555s][info ][safepoint      ] Entering safepoint region: Deoptimize
[11.556s][info ][safepoint      ] Leaving safepoint region
[11.556s][info ][safepoint      ] Total time for which application threads were stopped: 0.0075091 seconds, Stopping threads took: 0.0064631 seconds
[11.562s][info ][safepoint      ] Application time: 0.0059334 seconds
[11.564s][info ][safepoint      ] Entering safepoint region: Deoptimize
[11.565s][info ][safepoint      ] Leaving safepoint region
[11.565s][info ][safepoint      ] Total time for which application threads were stopped: 0.0030222 seconds, Stopping threads took: 0.0020097 seconds
[11.568s][info ][safepoint      ] Application time: 0.0027346 seconds
[11.570s][info ][safepoint      ] Entering safepoint region: RevokeBias
[11.570s][info ][safepoint      ] Leaving safepoint region
[11.570s][info ][safepoint      ] Total time for which application threads were stopped: 0.0021148 seconds, Stopping threads took: 0.0020204 seconds
[11.570s][info ][safepoint      ] Application time: 0.0001271 seconds
[11.571s][info ][safepoint      ] Entering safepoint region: RevokeBias
[11.571s][info ][safepoint      ] Leaving safepoint region
[11.571s][info ][safepoint      ] Total time for which application threads were stopped: 0.0001975 seconds, Stopping threads took: 0.0001323 seconds
[11.611s][info ][safepoint      ] Application time: 0.0406603 seconds
[11.613s][info ][safepoint      ] Entering safepoint region: RevokeBias
[11.613s][info ][safepoint      ] Leaving safepoint region
[11.613s][info ][safepoint      ] Total time for which application threads were stopped: 0.0020913 seconds, Stopping threads took: 0.0019975 seconds
[11.630s][info ][safepoint      ] Application time: 0.0166328 seconds
[11.630s][info ][safepoint      ] Entering safepoint region: Deoptimize
[11.631s][info ][safepoint      ] Leaving safepoint region
[11.631s][info ][safepoint      ] Total time for which application threads were stopped: 0.0011420 seconds, Stopping threads took: 0.0000939 seconds
[11.702s][info ][safepoint      ] Application time: 0.0703418 seconds
[11.702s][info ][safepoint      ] Entering safepoint region: ParallelGCFailedAllocation
[11.702s][info ][gc,start       ] GC(17) Pause Young (Allocation Failure)
[11.713s][debug][gc,phases      ] GC(17) Scavenge 10.826ms
[11.713s][debug][gc,ref         ] GC(17) Skipped phase1 of Reference Processing due to unavailable references
[11.713s][debug][gc,ref         ] GC(17) Skipped phase3 of Reference Processing due to unavailable references
[11.713s][debug][gc,phases      ] GC(17) Reference Processing 0.076ms
[11.713s][debug][gc,phases      ] GC(17) Weak Processing 0.112ms
[11.713s][debug][gc,phases      ] GC(17) Scrub String Table 0.409ms
[11.713s][debug][gc,age         ] GC(17) Desired survivor size 181927936 bytes, new threshold 11 (max threshold 15)
[11.713s][info ][gc,heap        ] GC(17) PSYoungGen: 1730752K->18752K(1919488K)
[11.713s][info ][gc,heap        ] GC(17) ParOldGen: 134987K->134995K(207872K)
[11.713s][info ][gc,metaspace   ] GC(17) Metaspace: 53877K->53877K(1097728K)
[11.713s][info ][gc             ] GC(17) Pause Young (Allocation Failure) 1822M->150M(2077M) 11.556ms
[11.713s][info ][gc,cpu         ] GC(17) User=0.04s Sys=0.01s Real=0.01s
[11.714s][info ][safepoint      ] Leaving safepoint region
[11.714s][info ][safepoint      ] Total time for which application threads were stopped: 0.0118741 seconds, Stopping threads took: 0.0001424 seconds
[11.727s][info ][safepoint      ] Application time: 0.0131836 seconds
[11.727s][info ][safepoint      ] Entering safepoint region: RevokeBias
[11.728s][info ][safepoint      ] Leaving safepoint region
[11.728s][info ][safepoint      ] Total time for which application threads were stopped: 0.0012416 seconds, Stopping threads took: 0.0001358 seconds
[11.862s][info ][safepoint      ] Application time: 0.1336927 seconds
[11.864s][info ][safepoint      ] Entering safepoint region: RevokeBias
[11.864s][info ][safepoint      ] Leaving safepoint region
[11.864s][info ][safepoint      ] Total time for which application threads were stopped: 0.0022547 seconds, Stopping threads took: 0.0021497 seconds
[11.865s][info ][safepoint      ] Application time: 0.0006227 seconds
[11.865s][info ][safepoint      ] Entering safepoint region: RevokeBias
[11.865s][info ][safepoint      ] Leaving safepoint region
[11.865s][info ][safepoint      ] Total time for which application threads were stopped: 0.0001273 seconds, Stopping threads took: 0.0000660 seconds
[11.872s][info ][safepoint      ] Application time: 0.0075097 seconds
[11.872s][info ][safepoint      ] Entering safepoint region: RevokeBias
[11.873s][info ][safepoint      ] Leaving safepoint region
[11.873s][info ][safepoint      ] Total time for which application threads were stopped: 0.0002120 seconds, Stopping threads took: 0.0001014 seconds
[11.889s][info ][safepoint      ] Application time: 0.0168162 seconds
[11.891s][info ][safepoint      ] Entering safepoint region: RevokeBias
[11.892s][info ][safepoint      ] Leaving safepoint region
[11.892s][info ][safepoint      ] Total time for which application threads were stopped: 0.0021564 seconds, Stopping threads took: 0.0020645 seconds
[11.897s][info ][safepoint      ] Application time: 0.0051884 seconds
[11.897s][info ][safepoint      ] Entering safepoint region: RevokeBias
[11.897s][info ][safepoint      ] Leaving safepoint region
[11.897s][info ][safepoint      ] Total time for which application threads were stopped: 0.0003163 seconds, Stopping threads took: 0.0002255 seconds
[11.971s][info ][safepoint      ] Application time: 0.0739463 seconds
[11.973s][info ][safepoint      ] Entering safepoint region: RevokeBias
[11.973s][info ][safepoint      ] Leaving safepoint region
[11.973s][info ][safepoint      ] Total time for which application threads were stopped: 0.0021875 seconds, Stopping threads took: 0.0020639 seconds
[11.973s][info ][safepoint      ] Application time: 0.0000387 seconds
[11.973s][info ][safepoint      ] Entering safepoint region: RevokeBias
[11.973s][info ][safepoint      ] Leaving safepoint region
[11.973s][info ][safepoint      ] Total time for which application threads were stopped: 0.0001221 seconds, Stopping threads took: 0.0000549 seconds
[11.974s][info ][safepoint      ] Application time: 0.0008468 seconds
[11.976s][info ][safepoint      ] Entering safepoint region: Deoptimize
[11.977s][info ][safepoint      ] Leaving safepoint region
[11.977s][info ][safepoint      ] Total time for which application threads were stopped: 0.0030540 seconds, Stopping threads took: 0.0020310 seconds
[12.045s][info ][safepoint      ] Application time: 0.0679196 seconds
[12.047s][info ][safepoint      ] Entering safepoint region: RevokeBias
[12.047s][info ][safepoint      ] Leaving safepoint region
[12.047s][info ][safepoint      ] Total time for which application threads were stopped: 0.0021183 seconds, Stopping threads took: 0.0020129 seconds
[12.081s][info ][safepoint      ] Application time: 0.0333509 seconds
[12.081s][info ][safepoint      ] Entering safepoint region: RevokeBias
[12.081s][info ][safepoint      ] Leaving safepoint region
[12.081s][info ][safepoint      ] Total time for which application threads were stopped: 0.0002629 seconds, Stopping threads took: 0.0001601 seconds
[12.114s][info ][safepoint      ] Application time: 0.0325202 seconds
[12.116s][info ][safepoint      ] Entering safepoint region: RevokeBias
[12.116s][info ][safepoint      ] Leaving safepoint region
[12.116s][info ][safepoint      ] Total time for which application threads were stopped: 0.0025814 seconds, Stopping threads took: 0.0024366 seconds
[12.281s][info ][safepoint      ] Application time: 0.1651775 seconds
[12.282s][info ][safepoint      ] Entering safepoint region: Deoptimize
[12.283s][info ][safepoint      ] Leaving safepoint region
[12.283s][info ][safepoint      ] Total time for which application threads were stopped: 0.0013574 seconds, Stopping threads took: 0.0001975 seconds
[12.287s][info ][safepoint      ] Application time: 0.0038846 seconds
[12.287s][info ][safepoint      ] Entering safepoint region: RevokeBias
[12.287s][info ][safepoint      ] Leaving safepoint region
[12.287s][info ][safepoint      ] Total time for which application threads were stopped: 0.0002648 seconds, Stopping threads took: 0.0001634 seconds
[12.301s][info ][safepoint      ] Application time: 0.0139338 seconds
[12.303s][info ][safepoint      ] Entering safepoint region: RevokeBias
[12.303s][info ][safepoint      ] Leaving safepoint region
[12.303s][info ][safepoint      ] Total time for which application threads were stopped: 0.0022120 seconds, Stopping threads took: 0.0020896 seconds
[12.304s][info ][safepoint      ] Application time: 0.0003899 seconds
[12.304s][info ][safepoint      ] Entering safepoint region: RevokeBias
[12.304s][info ][safepoint      ] Leaving safepoint region
[12.304s][info ][safepoint      ] Total time for which application threads were stopped: 0.0001695 seconds, Stopping threads took: 0.0000707 seconds
[12.304s][info ][safepoint      ] Application time: 0.0002136 seconds
[12.304s][info ][safepoint      ] Entering safepoint region: RevokeBias
[12.304s][info ][safepoint      ] Leaving safepoint region
[12.304s][info ][safepoint      ] Total time for which application threads were stopped: 0.0001350 seconds, Stopping threads took: 0.0000665 seconds
[12.306s][info ][safepoint      ] Application time: 0.0019707 seconds
[12.306s][info ][safepoint      ] Entering safepoint region: ParallelGCFailedAllocation
[12.306s][info ][gc,start       ] GC(18) Pause Young (Allocation Failure)
[12.322s][debug][gc,phases      ] GC(18) Scavenge 15.447ms
[12.322s][debug][gc,ref         ] GC(18) Skipped phase1 of Reference Processing due to unavailable references
[12.322s][debug][gc,ref         ] GC(18) Skipped phase3 of Reference Processing due to unavailable references
[12.322s][debug][gc,phases      ] GC(18) Reference Processing 0.114ms
[12.322s][debug][gc,phases      ] GC(18) Weak Processing 0.163ms
[12.323s][debug][gc,phases      ] GC(18) Scrub String Table 0.442ms
[12.323s][debug][gc,age         ] GC(18) Desired survivor size 173539328 bytes, new threshold 12 (max threshold 15)
[12.323s][info ][gc,heap        ] GC(18) PSYoungGen: 1754432K->26720K(1913344K)
[12.323s][info ][gc,heap        ] GC(18) ParOldGen: 134995K->135003K(207872K)
[12.323s][info ][gc,metaspace   ] GC(18) Metaspace: 57171K->57171K(1101824K)
[12.323s][info ][gc             ] GC(18) Pause Young (Allocation Failure) 1845M->157M(2071M) 16.306ms
[12.323s][info ][gc,cpu         ] GC(18) User=0.06s Sys=0.00s Real=0.02s
[12.323s][info ][safepoint      ] Leaving safepoint region
[12.323s][info ][safepoint      ] Total time for which application threads were stopped: 0.0166268 seconds, Stopping threads took: 0.0001749 seconds
[12.395s][info ][safepoint      ] Application time: 0.0723764 seconds
[12.397s][info ][safepoint      ] Entering safepoint region: RevokeBias
[12.397s][info ][safepoint      ] Leaving safepoint region
[12.397s][info ][safepoint      ] Total time for which application threads were stopped: 0.0021769 seconds, Stopping threads took: 0.0020571 seconds
[12.397s][info ][safepoint      ] Application time: 0.0000423 seconds
[12.397s][info ][safepoint      ] Entering safepoint region: RevokeBias
[12.397s][info ][safepoint      ] Leaving safepoint region
[12.397s][info ][safepoint      ] Total time for which application threads were stopped: 0.0001038 seconds, Stopping threads took: 0.0000288 seconds
[12.497s][info ][safepoint      ] Application time: 0.0999934 seconds
[12.499s][info ][safepoint      ] Entering safepoint region: RevokeBias
[12.500s][info ][safepoint      ] Leaving safepoint region
[12.500s][info ][safepoint      ] Total time for which application threads were stopped: 0.0021417 seconds, Stopping threads took: 0.0020178 seconds
[12.503s][info ][safepoint      ] Application time: 0.0028899 seconds
[12.506s][info ][safepoint      ] Entering safepoint region: RevokeBias
[12.506s][info ][safepoint      ] Leaving safepoint region
[12.506s][info ][safepoint      ] Total time for which application threads were stopped: 0.0031872 seconds, Stopping threads took: 0.0030846 seconds
[12.506s][info ][safepoint      ] Application time: 0.0000612 seconds
[12.506s][info ][safepoint      ] Entering safepoint region: RevokeBias
[12.506s][info ][safepoint      ] Leaving safepoint region
[12.506s][info ][safepoint      ] Total time for which application threads were stopped: 0.0001746 seconds, Stopping threads took: 0.0001003 seconds
[12.677s][info ][safepoint      ] Application time: 0.1707225 seconds
[12.679s][info ][safepoint      ] Entering safepoint region: RevokeBias
[12.679s][info ][safepoint      ] Leaving safepoint region
[12.679s][info ][safepoint      ] Total time for which application threads were stopped: 0.0026789 seconds, Stopping threads took: 0.0025113 seconds
[12.774s][info ][safepoint      ] Application time: 0.0941045 seconds
[12.775s][info ][safepoint      ] Entering safepoint region: ParallelGCFailedAllocation
[12.775s][info ][gc,start       ] GC(19) Pause Young (Allocation Failure)
[12.795s][debug][gc,phases      ] GC(19) Scavenge 19.875ms
[12.795s][debug][gc,ref         ] GC(19) Skipped phase1 of Reference Processing due to unavailable references
[12.795s][debug][gc,ref         ] GC(19) Skipped phase3 of Reference Processing due to unavailable references
[12.795s][debug][gc,phases      ] GC(19) Reference Processing 0.107ms
[12.795s][debug][gc,phases      ] GC(19) Weak Processing 0.167ms
[12.795s][debug][gc,phases      ] GC(19) Scrub String Table 0.444ms
[12.795s][debug][gc,age         ] GC(19) Desired survivor size 163577856 bytes, new threshold 13 (max threshold 15)
[12.795s][info ][gc,heap        ] GC(19) PSYoungGen: 1762400K->33984K(1937408K)
[12.795s][info ][gc,heap        ] GC(19) ParOldGen: 135003K->135011K(207872K)
[12.795s][info ][gc,metaspace   ] GC(19) Metaspace: 57898K->57898K(1101824K)
[12.795s][info ][gc             ] GC(19) Pause Young (Allocation Failure) 1852M->165M(2095M) 20.716ms
[12.795s][info ][gc,cpu         ] GC(19) User=0.09s Sys=0.00s Real=0.02s
[12.795s][info ][safepoint      ] Leaving safepoint region
[12.796s][info ][safepoint      ] Total time for which application threads were stopped: 0.0219583 seconds, Stopping threads took: 0.0010273 seconds
[12.802s][info ][safepoint      ] Application time: 0.0062044 seconds
[12.802s][info ][safepoint      ] Entering safepoint region: RevokeBias
[12.802s][info ][safepoint      ] Leaving safepoint region
[12.802s][info ][safepoint      ] Total time for which application threads were stopped: 0.0002063 seconds, Stopping threads took: 0.0001152 seconds
[12.803s][info ][safepoint      ] Application time: 0.0009919 seconds
[12.803s][info ][safepoint      ] Entering safepoint region: RevokeBias
[12.803s][info ][safepoint      ] Leaving safepoint region
[12.803s][info ][safepoint      ] Total time for which application threads were stopped: 0.0001478 seconds, Stopping threads took: 0.0000707 seconds
[12.803s][info ][safepoint      ] Application time: 0.0000392 seconds
[12.803s][info ][safepoint      ] Entering safepoint region: RevokeBias
[12.803s][info ][safepoint      ] Leaving safepoint region
[12.803s][info ][safepoint      ] Total time for which application threads were stopped: 0.0001127 seconds, Stopping threads took: 0.0000380 seconds
[12.940s][info ][safepoint      ] Application time: 0.1367896 seconds
[12.942s][info ][safepoint      ] Entering safepoint region: RevokeBias
[12.942s][info ][safepoint      ] Leaving safepoint region
[12.942s][info ][safepoint      ] Total time for which application threads were stopped: 0.0022376 seconds, Stopping threads took: 0.0020840 seconds
[12.966s][info ][safepoint      ] Application time: 0.0233589 seconds
[12.968s][info ][safepoint      ] Entering safepoint region: RevokeBias
[12.968s][info ][safepoint      ] Leaving safepoint region
[12.968s][info ][safepoint      ] Total time for which application threads were stopped: 0.0021755 seconds, Stopping threads took: 0.0020702 seconds
[12.968s][info ][safepoint      ] Application time: 0.0000558 seconds
[12.968s][info ][safepoint      ] Entering safepoint region: RevokeBias
[12.968s][info ][safepoint      ] Leaving safepoint region
[12.968s][info ][safepoint      ] Total time for which application threads were stopped: 0.0000994 seconds, Stopping threads took: 0.0000382 seconds
[13.078s][info ][safepoint      ] Application time: 0.1102359 seconds
[13.080s][info ][safepoint      ] Entering safepoint region: RevokeBias
[13.081s][info ][safepoint      ] Leaving safepoint region
[13.081s][info ][safepoint      ] Total time for which application threads were stopped: 0.0021915 seconds, Stopping threads took: 0.0020415 seconds
[13.307s][info ][safepoint      ] Application time: 0.2268208 seconds
[13.311s][info ][safepoint      ] Entering safepoint region: ParallelGCFailedAllocation
[13.311s][info ][gc,start       ] GC(20) Pause Young (Allocation Failure)
[13.338s][debug][gc,phases      ] GC(20) Scavenge 26.989ms
[13.338s][debug][gc,ref         ] GC(20) Skipped phase1 of Reference Processing due to unavailable references
[13.338s][debug][gc,ref         ] GC(20) Skipped phase3 of Reference Processing due to unavailable references
[13.338s][debug][gc,phases      ] GC(20) Reference Processing 0.115ms
[13.338s][debug][gc,phases      ] GC(20) Weak Processing 0.171ms
[13.339s][debug][gc,phases      ] GC(20) Scrub String Table 0.490ms
[13.339s][debug][gc,age         ] GC(20) Desired survivor size 154140672 bytes, new threshold 14 (max threshold 15)
[13.339s][info ][gc,heap        ] GC(20) PSYoungGen: 1801920K->53296K(1927680K)
[13.339s][info ][gc,heap        ] GC(20) ParOldGen: 135011K->135019K(207872K)
[13.339s][info ][gc,metaspace   ] GC(20) Metaspace: 58070K->58070K(1101824K)
[13.339s][info ][gc             ] GC(20) Pause Young (Allocation Failure) 1891M->183M(2085M) 27.908ms
[13.339s][info ][gc,cpu         ] GC(20) User=0.07s Sys=0.04s Real=0.03s
[13.339s][info ][safepoint      ] Leaving safepoint region
[13.339s][info ][safepoint      ] Total time for which application threads were stopped: 0.0312804 seconds, Stopping threads took: 0.0031484 seconds
[13.443s][info ][safepoint      ] Application time: 0.1047603 seconds
[13.444s][info ][safepoint      ] Entering safepoint region: RevokeBias
[13.444s][info ][safepoint      ] Leaving safepoint region
[13.444s][info ][safepoint      ] Total time for which application threads were stopped: 0.0002450 seconds, Stopping threads took: 0.0001266 seconds
[13.789s][info ][safepoint      ] Application time: 0.3449930 seconds
[13.792s][info ][safepoint      ] Entering safepoint region: RevokeBias
[13.792s][info ][safepoint      ] Leaving safepoint region
[13.792s][info ][safepoint      ] Total time for which application threads were stopped: 0.0033630 seconds, Stopping threads took: 0.0031750 seconds
[13.792s][info ][safepoint      ] Application time: 0.0000470 seconds
[13.792s][info ][safepoint      ] Entering safepoint region: RevokeBias
[13.792s][info ][safepoint      ] Leaving safepoint region
[13.792s][info ][safepoint      ] Total time for which application threads were stopped: 0.0000983 seconds, Stopping threads took: 0.0000358 seconds
[13.828s][info ][safepoint      ] Application time: 0.0358241 seconds
[13.829s][info ][safepoint      ] Entering safepoint region: ParallelGCFailedAllocation
[13.829s][info ][gc,start       ] GC(21) Pause Young (Allocation Failure)
[13.860s][debug][gc,phases      ] GC(21) Scavenge 30.524ms
[13.860s][debug][gc,ref         ] GC(21) Skipped phase1 of Reference Processing due to unavailable references
[13.860s][debug][gc,ref         ] GC(21) Skipped phase3 of Reference Processing due to unavailable references
[13.860s][debug][gc,phases      ] GC(21) Reference Processing 0.104ms
[13.860s][debug][gc,phases      ] GC(21) Weak Processing 0.165ms
[13.860s][debug][gc,phases      ] GC(21) Scrub String Table 0.438ms
[13.860s][debug][gc,age         ] GC(21) Desired survivor size 155189248 bytes, new threshold 15 (max threshold 15)
[13.860s][info ][gc,heap        ] GC(21) PSYoungGen: 1821232K->78576K(1944576K)
[13.860s][info ][gc,heap        ] GC(21) ParOldGen: 135019K->135027K(207872K)
[13.860s][info ][gc,metaspace   ] GC(21) Metaspace: 58179K->58179K(1101824K)
[13.860s][info ][gc             ] GC(21) Pause Young (Allocation Failure) 1910M->208M(2102M) 31.359ms
[13.860s][info ][gc,cpu         ] GC(21) User=0.12s Sys=0.00s Real=0.03s
[13.860s][info ][safepoint      ] Leaving safepoint region
[13.860s][info ][safepoint      ] Total time for which application threads were stopped: 0.0323346 seconds, Stopping threads took: 0.0007875 seconds
[14.246s][info ][safepoint      ] Application time: 0.3856686 seconds
[14.249s][info ][safepoint      ] Entering safepoint region: BulkRevokeBias
[14.251s][info ][safepoint      ] Leaving safepoint region
[14.251s][info ][safepoint      ] Total time for which application threads were stopped: 0.0046114 seconds, Stopping threads took: 0.0027322 seconds
[14.368s][info ][safepoint      ] Application time: 0.1167975 seconds
[14.368s][info ][safepoint      ] Entering safepoint region: ParallelGCFailedAllocation
[14.368s][info ][gc,start       ] GC(22) Pause Young (Allocation Failure)
[14.407s][debug][gc,phases      ] GC(22) Scavenge 38.699ms
[14.407s][debug][gc,ref         ] GC(22) Skipped phase1 of Reference Processing due to unavailable references
[14.407s][debug][gc,ref         ] GC(22) Skipped phase3 of Reference Processing due to unavailable references
[14.407s][debug][gc,phases      ] GC(22) Reference Processing 0.134ms
[14.407s][debug][gc,phases      ] GC(22) Weak Processing 0.188ms
[14.408s][debug][gc,phases      ] GC(22) Scrub String Table 0.466ms
[14.408s][debug][gc,age         ] GC(22) Desired survivor size 160432128 bytes, new threshold 15 (max threshold 15)
[14.408s][info ][gc,heap        ] GC(22) PSYoungGen: 1872624K->91617K(1885696K)
[14.408s][info ][gc,heap        ] GC(22) ParOldGen: 135027K->135027K(207872K)
[14.408s][info ][gc,metaspace   ] GC(22) Metaspace: 58388K->58388K(1101824K)
[14.408s][info ][gc             ] GC(22) Pause Young (Allocation Failure) 1960M->221M(2044M) 39.615ms
[14.408s][info ][gc,cpu         ] GC(22) User=0.13s Sys=0.03s Real=0.04s
[14.408s][info ][safepoint      ] Leaving safepoint region
[14.408s][info ][safepoint      ] Total time for which application threads were stopped: 0.0400139 seconds, Stopping threads took: 0.0001532 seconds
[14.520s][info ][safepoint      ] Application time: 0.1124823 seconds
[14.521s][info ][safepoint      ] Entering safepoint region: RevokeBias
[14.521s][info ][safepoint      ] Leaving safepoint region
[14.521s][info ][safepoint      ] Total time for which application threads were stopped: 0.0009167 seconds, Stopping threads took: 0.0007736 seconds
[14.925s][info ][safepoint      ] Application time: 0.4035134 seconds
[14.925s][info ][safepoint      ] Entering safepoint region: ParallelGCFailedAllocation
[14.925s][info ][gc,start       ] GC(23) Pause Young (Allocation Failure)
[14.958s][debug][gc,phases      ] GC(23) Scavenge 32.797ms
[14.958s][debug][gc,ref         ] GC(23) Skipped phase1 of Reference Processing due to unavailable references
[14.958s][debug][gc,ref         ] GC(23) Skipped phase3 of Reference Processing due to unavailable references
[14.958s][debug][gc,phases      ] GC(23) Reference Processing 0.132ms
[14.958s][debug][gc,phases      ] GC(23) Weak Processing 0.188ms
[14.959s][debug][gc,phases      ] GC(23) Scrub String Table 0.479ms
[14.959s][debug][gc,age         ] GC(23) Desired survivor size 158334976 bytes, new threshold 15 (max threshold 15)
[14.959s][info ][gc,heap        ] GC(23) PSYoungGen: 1885665K->77809K(1942528K)
[14.959s][info ][gc,heap        ] GC(23) ParOldGen: 135027K->139571K(207872K)
[14.959s][info ][gc,metaspace   ] GC(23) Metaspace: 58994K->58994K(1103872K)
[14.959s][info ][gc             ] GC(23) Pause Young (Allocation Failure) 1973M->212M(2100M) 33.733ms
[14.959s][info ][gc,cpu         ] GC(23) User=0.11s Sys=0.02s Real=0.04s
[14.959s][info ][safepoint      ] Leaving safepoint region
[14.959s][info ][safepoint      ] Total time for which application threads were stopped: 0.0342365 seconds, Stopping threads took: 0.0002101 seconds
[15.169s][info ][safepoint      ] Application time: 0.2103808 seconds
[15.174s][info ][safepoint      ] Entering safepoint region: RevokeBias
[15.174s][info ][safepoint      ] Leaving safepoint region
[15.174s][info ][safepoint      ] Total time for which application threads were stopped: 0.0048063 seconds, Stopping threads took: 0.0045373 seconds
[15.186s][info ][safepoint      ] Application time: 0.0123404 seconds
[15.189s][info ][safepoint      ] Entering safepoint region: RevokeBias
[15.189s][info ][safepoint      ] Leaving safepoint region
[15.189s][info ][safepoint      ] Total time for which application threads were stopped: 0.0022299 seconds, Stopping threads took: 0.0020707 seconds
[15.386s][info ][safepoint      ] Application time: 0.1969473 seconds
[15.389s][info ][safepoint      ] Entering safepoint region: Deoptimize
[15.391s][info ][safepoint      ] Leaving safepoint region
[15.391s][info ][safepoint      ] Total time for which application threads were stopped: 0.0051169 seconds, Stopping threads took: 0.0035724 seconds
[15.421s][info ][safepoint      ] Application time: 0.0297812 seconds
[15.423s][info ][safepoint      ] Entering safepoint region: Deoptimize
[15.424s][info ][safepoint      ] Leaving safepoint region
[15.424s][info ][safepoint      ] Total time for which application threads were stopped: 0.0034412 seconds, Stopping threads took: 0.0020911 seconds
[15.532s][info ][safepoint      ] Application time: 0.1074143 seconds
[15.534s][info ][safepoint      ] Entering safepoint region: ParallelGCFailedAllocation
[15.534s][info ][gc,start       ] GC(24) Pause Young (Allocation Failure)
[15.554s][debug][gc,phases      ] GC(24) Scavenge 20.069ms
[15.554s][debug][gc,ref         ] GC(24) Skipped phase1 of Reference Processing due to unavailable references
[15.555s][debug][gc,ref         ] GC(24) Skipped phase3 of Reference Processing due to unavailable references
[15.555s][debug][gc,phases      ] GC(24) Reference Processing 0.221ms
[15.555s][debug][gc,phases      ] GC(24) Weak Processing 0.213ms
[15.556s][debug][gc,phases      ] GC(24) Scrub String Table 0.623ms
[15.556s][debug][gc,age         ] GC(24) Desired survivor size 149422080 bytes, new threshold 15 (max threshold 15)
[15.556s][info ][gc,heap        ] GC(24) PSYoungGen: 1863665K->59593K(1940480K)
[15.556s][info ][gc,heap        ] GC(24) ParOldGen: 139571K->139899K(207872K)
[15.556s][info ][gc,metaspace   ] GC(24) Metaspace: 60054K->60054K(1103872K)
[15.556s][info ][gc             ] GC(24) Pause Young (Allocation Failure) 1956M->194M(2098M) 21.300ms
[15.556s][info ][gc,cpu         ] GC(24) User=0.10s Sys=0.00s Real=0.02s
[15.556s][info ][safepoint      ] Leaving safepoint region
[15.556s][info ][safepoint      ] Total time for which application threads were stopped: 0.0241242 seconds, Stopping threads took: 0.0025090 seconds
[15.594s][info ][safepoint      ] Application time: 0.0383537 seconds
[15.594s][info ][safepoint      ] Entering safepoint region: RevokeBias
[15.594s][info ][safepoint      ] Leaving safepoint region
[15.594s][info ][safepoint      ] Total time for which application threads were stopped: 0.0002657 seconds, Stopping threads took: 0.0001271 seconds
[15.594s][info ][safepoint      ] Application time: 0.0000992 seconds
[15.596s][info ][safepoint      ] Entering safepoint region: RevokeBias
[15.597s][info ][safepoint      ] Leaving safepoint region
[15.597s][info ][safepoint      ] Total time for which application threads were stopped: 0.0021380 seconds, Stopping threads took: 0.0020336 seconds
[15.723s][info ][safepoint      ] Application time: 0.1268202 seconds
[15.725s][info ][safepoint      ] Entering safepoint region: RevokeBias
[15.726s][info ][safepoint      ] Leaving safepoint region
[15.726s][info ][safepoint      ] Total time for which application threads were stopped: 0.0021977 seconds, Stopping threads took: 0.0020458 seconds
[15.726s][info ][safepoint      ] Application time: 0.0000324 seconds
[15.726s][info ][safepoint      ] Entering safepoint region: RevokeBias
[15.726s][info ][safepoint      ] Leaving safepoint region
[15.726s][info ][safepoint      ] Total time for which application threads were stopped: 0.0000970 seconds, Stopping threads took: 0.0000328 seconds
[16.055s][info ][safepoint      ] Application time: 0.3295866 seconds
[16.056s][info ][safepoint      ] Entering safepoint region: ParallelGCFailedAllocation
[16.056s][info ][gc,start       ] GC(25) Pause Young (Allocation Failure)
[16.076s][debug][gc,phases      ] GC(25) Scavenge 20.191ms
[16.076s][debug][gc,ref         ] GC(25) Skipped phase1 of Reference Processing due to unavailable references
[16.076s][debug][gc,ref         ] GC(25) Skipped phase3 of Reference Processing due to unavailable references
[16.076s][debug][gc,phases      ] GC(25) Reference Processing 0.136ms
[16.076s][debug][gc,phases      ] GC(25) Weak Processing 0.211ms
[16.077s][debug][gc,phases      ] GC(25) Scrub String Table 0.512ms
[16.077s][debug][gc,age         ] GC(25) Desired survivor size 143654912 bytes, new threshold 15 (max threshold 15)
[16.077s][info ][gc,heap        ] GC(25) PSYoungGen: 1845449K->66585K(1956864K)
[16.077s][info ][gc,heap        ] GC(25) ParOldGen: 139899K->140851K(207872K)
[16.077s][info ][gc,metaspace   ] GC(25) Metaspace: 60272K->60272K(1103872K)
[16.077s][info ][gc             ] GC(25) Pause Young (Allocation Failure) 1938M->202M(2114M) 21.192ms
[16.077s][info ][gc,cpu         ] GC(25) User=0.08s Sys=0.00s Real=0.03s
[16.077s][info ][safepoint      ] Leaving safepoint region
[16.077s][info ][safepoint      ] Total time for which application threads were stopped: 0.0216269 seconds, Stopping threads took: 0.0001479 seconds
[16.442s][info ][safepoint      ] Application time: 0.3652487 seconds
[16.442s][info ][safepoint      ] Entering safepoint region: ICBufferFull
[16.443s][info ][safepoint      ] Leaving safepoint region
[16.443s][info ][safepoint      ] Total time for which application threads were stopped: 0.0004008 seconds, Stopping threads took: 0.0001712 seconds
[16.539s][info ][safepoint      ] Application time: 0.0962155 seconds
[16.539s][info ][safepoint      ] Entering safepoint region: ParallelGCFailedAllocation
[16.539s][info ][gc,start       ] GC(26) Pause Young (Allocation Failure)
[16.568s][debug][gc,phases      ] GC(26) Scavenge 29.043ms
[16.568s][debug][gc,ref         ] GC(26) Skipped phase1 of Reference Processing due to unavailable references
[16.569s][debug][gc,ref         ] GC(26) Skipped phase3 of Reference Processing due to unavailable references
[16.569s][debug][gc,phases      ] GC(26) Reference Processing 0.129ms
[16.569s][debug][gc,phases      ] GC(26) Weak Processing 0.161ms
[16.569s][debug][gc,phases      ] GC(26) Scrub String Table 0.504ms
[16.569s][debug][gc,age         ] GC(26) Desired survivor size 143654912 bytes, new threshold 15 (max threshold 15)
[16.569s][info ][gc,heap        ] GC(26) PSYoungGen: 1877529K->81161K(1951232K)
[16.569s][info ][gc,heap        ] GC(26) ParOldGen: 140851K->141967K(207872K)
[16.569s][info ][gc,metaspace   ] GC(26) Metaspace: 60526K->60526K(1103872K)
[16.569s][info ][gc             ] GC(26) Pause Young (Allocation Failure) 1971M->217M(2108M) 29.964ms
[16.569s][info ][gc,cpu         ] GC(26) User=0.12s Sys=0.00s Real=0.03s
[16.569s][info ][safepoint      ] Leaving safepoint region
[16.569s][info ][safepoint      ] Total time for which application threads were stopped: 0.0304144 seconds, Stopping threads took: 0.0002152 seconds
[16.613s][info ][safepoint      ] Application time: 0.0436412 seconds
[16.615s][info ][safepoint      ] Entering safepoint region: Deoptimize
[16.617s][info ][safepoint      ] Leaving safepoint region
[16.617s][info ][safepoint      ] Total time for which application threads were stopped: 0.0037040 seconds, Stopping threads took: 0.0021008 seconds
[16.981s][info ][safepoint      ] Application time: 0.3638987 seconds
[16.983s][info ][safepoint      ] Entering safepoint region: Deoptimize
[16.984s][info ][safepoint      ] Leaving safepoint region
[16.984s][info ][safepoint      ] Total time for which application threads were stopped: 0.0035943 seconds, Stopping threads took: 0.0021355 seconds
[17.063s][info ][safepoint      ] Application time: 0.0784610 seconds
[17.065s][info ][safepoint      ] Entering safepoint region: ParallelGCFailedAllocation
[17.065s][info ][gc,start       ] GC(27) Pause Young (Allocation Failure)
[17.090s][debug][gc,phases      ] GC(27) Scavenge 24.985ms
[17.090s][debug][gc,ref         ] GC(27) Skipped phase1 of Reference Processing due to unavailable references
[17.090s][debug][gc,ref         ] GC(27) Skipped phase3 of Reference Processing due to unavailable references
[17.090s][debug][gc,phases      ] GC(27) Reference Processing 0.143ms
[17.090s][debug][gc,phases      ] GC(27) Weak Processing 0.179ms
[17.091s][debug][gc,phases      ] GC(27) Scrub String Table 0.474ms
[17.091s][debug][gc,age         ] GC(27) Desired survivor size 143130624 bytes, new threshold 15 (max threshold 15)
[17.091s][info ][gc,heap        ] GC(27) PSYoungGen: 1892105K->81241K(1957376K)
[17.091s][info ][gc,heap        ] GC(27) ParOldGen: 141967K->144431K(207872K)
[17.091s][info ][gc,metaspace   ] GC(27) Metaspace: 61221K->61221K(1105920K)
[17.091s][info ][gc             ] GC(27) Pause Young (Allocation Failure) 1986M->220M(2114M) 25.917ms
[17.091s][info ][gc,cpu         ] GC(27) User=0.10s Sys=0.00s Real=0.03s
[17.091s][info ][safepoint      ] Leaving safepoint region
[17.091s][info ][safepoint      ] Total time for which application threads were stopped: 0.0282816 seconds, Stopping threads took: 0.0021179 seconds
[17.242s][info ][safepoint      ] Application time: 0.1509264 seconds
[17.242s][info ][safepoint      ] Entering safepoint region: ICBufferFull
[17.243s][info ][safepoint      ] Leaving safepoint region
[17.243s][info ][safepoint      ] Total time for which application threads were stopped: 0.0005459 seconds, Stopping threads took: 0.0003114 seconds
[17.251s][info ][safepoint      ] Application time: 0.0086044 seconds
[17.253s][info ][safepoint      ] Entering safepoint region: ICBufferFull
[17.254s][info ][safepoint      ] Leaving safepoint region
[17.254s][info ][safepoint      ] Total time for which application threads were stopped: 0.0023329 seconds, Stopping threads took: 0.0020492 seconds
[17.270s][info ][safepoint      ] Application time: 0.0166103 seconds
[17.272s][info ][safepoint      ] Entering safepoint region: ICBufferFull
[17.273s][info ][safepoint      ] Leaving safepoint region
[17.273s][info ][safepoint      ] Total time for which application threads were stopped: 0.0023266 seconds, Stopping threads took: 0.0021040 seconds
[17.550s][info ][safepoint      ] Application time: 0.2777607 seconds
[17.552s][info ][safepoint      ] Entering safepoint region: ICBufferFull
[17.553s][info ][safepoint      ] Leaving safepoint region
[17.553s][info ][safepoint      ] Total time for which application threads were stopped: 0.0023066 seconds, Stopping threads took: 0.0020576 seconds
[17.602s][info ][safepoint      ] Application time: 0.0496812 seconds
[17.604s][info ][safepoint      ] Entering safepoint region: Deoptimize
[17.606s][info ][safepoint      ] Leaving safepoint region
[17.606s][info ][safepoint      ] Total time for which application threads were stopped: 0.0036230 seconds, Stopping threads took: 0.0020849 seconds
[17.710s][info ][safepoint      ] Application time: 0.1039684 seconds
[17.712s][info ][safepoint      ] Entering safepoint region: ParallelGCFailedAllocation
[17.712s][info ][gc,start       ] GC(28) Pause Young (Allocation Failure)
[17.733s][debug][gc,phases      ] GC(28) Scavenge 21.060ms
[17.733s][debug][gc,ref         ] GC(28) Skipped phase1 of Reference Processing due to unavailable references
[17.734s][debug][gc,ref         ] GC(28) Skipped phase3 of Reference Processing due to unavailable references
[17.734s][debug][gc,phases      ] GC(28) Reference Processing 0.173ms
[17.734s][debug][gc,phases      ] GC(28) Weak Processing 0.207ms
[17.734s][debug][gc,phases      ] GC(28) Scrub String Table 0.516ms
[17.734s][debug][gc,age         ] GC(28) Desired survivor size 139984896 bytes, new threshold 15 (max threshold 15)
[17.734s][info ][gc,heap        ] GC(28) PSYoungGen: 1898329K->75065K(1956864K)
[17.734s][info ][gc,heap        ] GC(28) ParOldGen: 144431K->145079K(207872K)
[17.734s][info ][gc,metaspace   ] GC(28) Metaspace: 61772K->61772K(1105920K)
[17.734s][info ][gc             ] GC(28) Pause Young (Allocation Failure) 1994M->214M(2114M) 22.091ms
[17.734s][info ][gc,cpu         ] GC(28) User=0.08s Sys=0.00s Real=0.02s
[17.734s][info ][safepoint      ] Leaving safepoint region
[17.734s][info ][safepoint      ] Total time for which application threads were stopped: 0.0244154 seconds, Stopping threads took: 0.0020707 seconds
[18.099s][info ][safepoint      ] Application time: 0.3643107 seconds
[18.101s][info ][safepoint      ] Entering safepoint region: ICBufferFull
[18.101s][info ][safepoint      ] Leaving safepoint region
[18.101s][info ][safepoint      ] Total time for which application threads were stopped: 0.0024598 seconds, Stopping threads took: 0.0021715 seconds
[18.288s][info ][safepoint      ] Application time: 0.1869605 seconds
[18.289s][info ][safepoint      ] Entering safepoint region: ParallelGCFailedAllocation
[18.289s][info ][gc,start       ] GC(29) Pause Young (Allocation Failure)
[18.312s][debug][gc,phases      ] GC(29) Scavenge 22.331ms
[18.312s][debug][gc,ref         ] GC(29) Skipped phase1 of Reference Processing due to unavailable references
[18.312s][debug][gc,ref         ] GC(29) Skipped phase3 of Reference Processing due to unavailable references
[18.312s][debug][gc,phases      ] GC(29) Reference Processing 0.158ms
[18.312s][debug][gc,phases      ] GC(29) Weak Processing 0.185ms
[18.313s][debug][gc,phases      ] GC(29) Scrub String Table 0.490ms
[18.313s][debug][gc,age         ] GC(29) Desired survivor size 134742016 bytes, new threshold 15 (max threshold 15)
[18.313s][info ][gc,heap        ] GC(29) PSYoungGen: 1892153K->69833K(1965568K)
[18.313s][info ][gc,heap        ] GC(29) ParOldGen: 145079K->147223K(207872K)
[18.313s][info ][gc,metaspace   ] GC(29) Metaspace: 62040K->62040K(1105920K)
[18.313s][info ][gc             ] GC(29) Pause Young (Allocation Failure) 1989M->211M(2122M) 23.308ms
[18.313s][info ][gc,cpu         ] GC(29) User=0.11s Sys=0.00s Real=0.02s
[18.313s][info ][safepoint      ] Leaving safepoint region
[18.313s][info ][safepoint      ] Total time for which application threads were stopped: 0.0244607 seconds, Stopping threads took: 0.0007763 seconds
[18.832s][info ][safepoint      ] Application time: 0.5195954 seconds
[18.835s][info ][safepoint      ] Entering safepoint region: ParallelGCFailedAllocation
[18.835s][info ][gc,start       ] GC(30) Pause Young (Allocation Failure)
[18.856s][debug][gc,phases      ] GC(30) Scavenge 21.022ms
[18.856s][debug][gc,ref         ] GC(30) Skipped phase1 of Reference Processing due to unavailable references
[18.856s][debug][gc,ref         ] GC(30) Skipped phase3 of Reference Processing due to unavailable references
[18.856s][debug][gc,phases      ] GC(30) Reference Processing 0.243ms
[18.856s][debug][gc,phases      ] GC(30) Weak Processing 0.191ms
[18.857s][debug][gc,phases      ] GC(30) Scrub String Table 0.477ms
[18.857s][debug][gc,age         ] GC(30) Desired survivor size 129499136 bytes, new threshold 15 (max threshold 15)
[18.857s][info ][gc,heap        ] GC(30) PSYoungGen: 1898697K->68489K(1960448K)
[18.857s][info ][gc,heap        ] GC(30) ParOldGen: 147223K->150519K(207872K)
[18.857s][info ][gc,metaspace   ] GC(30) Metaspace: 62175K->62175K(1105920K)
[18.857s][info ][gc             ] GC(30) Pause Young (Allocation Failure) 1997M->213M(2117M) 22.066ms
[18.857s][info ][gc,cpu         ] GC(30) User=0.09s Sys=0.00s Real=0.03s
[18.857s][info ][safepoint      ] Leaving safepoint region
[18.857s][info ][safepoint      ] Total time for which application threads were stopped: 0.0246451 seconds, Stopping threads took: 0.0022841 seconds
[19.285s][info ][safepoint      ] Application time: 0.4275683 seconds
[19.287s][info ][safepoint      ] Entering safepoint region: ParallelGCFailedAllocation
[19.287s][info ][gc,start       ] GC(31) Pause Young (Allocation Failure)
[19.308s][debug][gc,phases      ] GC(31) Scavenge 20.674ms
[19.308s][debug][gc,ref         ] GC(31) Skipped phase1 of Reference Processing due to unavailable references
[19.308s][debug][gc,ref         ] GC(31) Skipped phase3 of Reference Processing due to unavailable references
[19.308s][debug][gc,phases      ] GC(31) Reference Processing 0.115ms
[19.308s][debug][gc,phases      ] GC(31) Weak Processing 0.176ms
[19.308s][debug][gc,phases      ] GC(31) Scrub String Table 0.460ms
[19.308s][debug][gc,age         ] GC(31) Desired survivor size 123731968 bytes, new threshold 15 (max threshold 15)
[19.308s][info ][gc,heap        ] GC(31) PSYoungGen: 1897353K->66297K(1976320K)
[19.308s][info ][gc,heap        ] GC(31) ParOldGen: 150519K->153015K(207872K)
[19.308s][info ][gc,metaspace   ] GC(31) Metaspace: 62187K->62187K(1105920K)
[19.308s][info ][gc             ] GC(31) Pause Young (Allocation Failure) 1999M->214M(2133M) 21.553ms
[19.308s][info ][gc,cpu         ] GC(31) User=0.08s Sys=0.00s Real=0.02s
[19.308s][info ][safepoint      ] Leaving safepoint region
[19.308s][info ][safepoint      ] Total time for which application threads were stopped: 0.0238397 seconds, Stopping threads took: 0.0020764 seconds
[19.800s][info ][safepoint      ] Application time: 0.4914213 seconds
[19.802s][info ][safepoint      ] Entering safepoint region: ParallelGCFailedAllocation
[19.802s][info ][gc,start       ] GC(32) Pause Young (Allocation Failure)
[19.819s][debug][gc,phases      ] GC(32) Scavenge 16.303ms
[19.819s][debug][gc,ref         ] GC(32) Skipped phase1 of Reference Processing due to unavailable references
[19.819s][debug][gc,ref         ] GC(32) Skipped phase3 of Reference Processing due to unavailable references
[19.819s][debug][gc,phases      ] GC(32) Reference Processing 0.110ms
[19.819s][debug][gc,phases      ] GC(32) Weak Processing 0.174ms
[19.819s][debug][gc,phases      ] GC(32) Scrub String Table 0.474ms
[19.819s][debug][gc,age         ] GC(32) Desired survivor size 117964800 bytes, new threshold 15 (max threshold 15)
[19.819s][info ][gc,heap        ] GC(32) PSYoungGen: 1916153K->65977K(1970688K)
[19.819s][info ][gc,heap        ] GC(32) ParOldGen: 153015K->153771K(207872K)
[19.819s][info ][gc,metaspace   ] GC(32) Metaspace: 62199K->62199K(1105920K)
[19.820s][info ][gc             ] GC(32) Pause Young (Allocation Failure) 2020M->214M(2127M) 17.204ms
[19.820s][info ][gc,cpu         ] GC(32) User=0.07s Sys=0.00s Real=0.02s
[19.820s][info ][safepoint      ] Leaving safepoint region
[19.820s][info ][safepoint      ] Total time for which application threads were stopped: 0.0196426 seconds, Stopping threads took: 0.0021294 seconds
[20.311s][info ][safepoint      ] Application time: 0.4911093 seconds
[20.311s][info ][safepoint      ] Entering safepoint region: ParallelGCFailedAllocation
[20.311s][info ][gc,start       ] GC(33) Pause Young (Allocation Failure)
[20.330s][debug][gc,phases      ] GC(33) Scavenge 19.078ms
[20.330s][debug][gc,ref         ] GC(33) Skipped phase1 of Reference Processing due to unavailable references
[20.330s][debug][gc,ref         ] GC(33) Skipped phase3 of Reference Processing due to unavailable references
[20.330s][debug][gc,phases      ] GC(33) Reference Processing 0.092ms
[20.331s][debug][gc,phases      ] GC(33) Weak Processing 0.204ms
[20.331s][debug][gc,phases      ] GC(33) Scrub String Table 0.499ms
[20.331s][debug][gc,age         ] GC(33) Desired survivor size 113246208 bytes, new threshold 15 (max threshold 15)
[20.331s][info ][gc,heap        ] GC(33) PSYoungGen: 1915833K->62665K(1986560K)
[20.331s][info ][gc,heap        ] GC(33) ParOldGen: 153771K->157719K(207872K)
[20.331s][info ][gc,metaspace   ] GC(33) Metaspace: 62258K->62258K(1105920K)
[20.331s][info ][gc             ] GC(33) Pause Young (Allocation Failure) 2021M->215M(2143M) 20.024ms
[20.331s][info ][gc,cpu         ] GC(33) User=0.08s Sys=0.00s Real=0.02s
[20.331s][info ][safepoint      ] Leaving safepoint region
[20.331s][info ][safepoint      ] Total time for which application threads were stopped: 0.0204880 seconds, Stopping threads took: 0.0001737 seconds
[20.807s][info ][safepoint      ] Application time: 0.4762827 seconds
[20.808s][info ][safepoint      ] Entering safepoint region: ParallelGCFailedAllocation
[20.808s][info ][gc,start       ] GC(34) Pause Young (Allocation Failure)
[20.828s][debug][gc,phases      ] GC(34) Scavenge 20.398ms
[20.828s][debug][gc,ref         ] GC(34) Skipped phase1 of Reference Processing due to unavailable references
[20.828s][debug][gc,ref         ] GC(34) Skipped phase3 of Reference Processing due to unavailable references
[20.828s][debug][gc,phases      ] GC(34) Reference Processing 0.077ms
[20.829s][debug][gc,phases      ] GC(34) Weak Processing 0.168ms
[20.829s][debug][gc,phases      ] GC(34) Scrub String Table 0.474ms
[20.829s][debug][gc,age         ] GC(34) Desired survivor size 109576192 bytes, new threshold 15 (max threshold 15)
[20.829s][info ][gc,heap        ] GC(34) PSYoungGen: 1934025K->62073K(1981952K)
[20.829s][info ][gc,heap        ] GC(34) ParOldGen: 157719K->160624K(207872K)
[20.829s][info ][gc,metaspace   ] GC(34) Metaspace: 62268K->62268K(1105920K)
[20.829s][info ][gc             ] GC(34) Pause Young (Allocation Failure) 2042M->217M(2138M) 21.262ms
[20.829s][info ][gc,cpu         ] GC(34) User=0.07s Sys=0.01s Real=0.03s
[20.829s][info ][safepoint      ] Leaving safepoint region
[20.829s][info ][safepoint      ] Total time for which application threads were stopped: 0.0216958 seconds, Stopping threads took: 0.0001325 seconds
[21.348s][info ][safepoint      ] Application time: 0.5185376 seconds
[21.350s][info ][safepoint      ] Entering safepoint region: ICBufferFull
[21.350s][info ][safepoint      ] Leaving safepoint region
[21.350s][info ][safepoint      ] Total time for which application threads were stopped: 0.0023504 seconds, Stopping threads took: 0.0020947 seconds
[21.419s][info ][safepoint      ] Application time: 0.0686943 seconds
[21.421s][info ][safepoint      ] Entering safepoint region: ParallelGCFailedAllocation
[21.421s][info ][gc,start       ] GC(35) Pause Young (Allocation Failure)
[21.443s][debug][gc,phases      ] GC(35) Scavenge 21.604ms
[21.443s][debug][gc,ref         ] GC(35) Skipped phase1 of Reference Processing due to unavailable references
[21.443s][debug][gc,ref         ] GC(35) Skipped phase3 of Reference Processing due to unavailable references
[21.443s][debug][gc,phases      ] GC(35) Reference Processing 0.092ms
[21.443s][debug][gc,phases      ] GC(35) Weak Processing 0.160ms
[21.443s][debug][gc,phases      ] GC(35) Scrub String Table 0.421ms
[21.443s][debug][gc,age         ] GC(35) Desired survivor size 106954752 bytes, new threshold 15 (max threshold 15)
[21.444s][info ][gc,heap        ] GC(35) PSYoungGen: 1933433K->55353K(1992704K)
[21.444s][info ][gc,heap        ] GC(35) ParOldGen: 160624K->169170K(207872K)
[21.444s][info ][gc,metaspace   ] GC(35) Metaspace: 62304K->62304K(1105920K)
[21.444s][info ][gc             ] GC(35) Pause Young (Allocation Failure) 2044M->219M(2149M) 22.413ms
[21.444s][info ][gc,cpu         ] GC(35) User=0.10s Sys=0.00s Real=0.02s
[21.444s][info ][safepoint      ] Leaving safepoint region
[21.444s][info ][safepoint      ] Total time for which application threads were stopped: 0.0247173 seconds, Stopping threads took: 0.0020912 seconds
[22.124s][info ][safepoint      ] Application time: 0.6808340 seconds
[22.125s][info ][safepoint      ] Entering safepoint region: ParallelGCFailedAllocation
[22.125s][info ][gc,start       ] GC(36) Pause Young (Allocation Failure)
[22.153s][debug][gc,phases      ] GC(36) Scavenge 27.739ms
[22.153s][debug][gc,ref         ] GC(36) Skipped phase1 of Reference Processing due to unavailable references
[22.153s][debug][gc,ref         ] GC(36) Skipped phase3 of Reference Processing due to unavailable references
[22.153s][debug][gc,phases      ] GC(36) Reference Processing 0.078ms
[22.153s][debug][gc,phases      ] GC(36) Weak Processing 0.157ms
[22.154s][debug][gc,phases      ] GC(36) Scrub String Table 0.423ms
[22.154s][debug][gc,age         ] GC(36) Desired survivor size 104333312 bytes, new threshold 15 (max threshold 15)
[22.154s][info ][gc,heap        ] GC(36) PSYoungGen: 1941049K->53913K(1990144K)
[22.154s][info ][gc,heap        ] GC(36) ParOldGen: 169170K->180364K(207872K)
[22.154s][info ][gc,metaspace   ] GC(36) Metaspace: 62371K->62371K(1105920K)
[22.154s][info ][gc             ] GC(36) Pause Young (Allocation Failure) 2060M->228M(2146M) 28.535ms
[22.154s][info ][gc,cpu         ] GC(36) User=0.10s Sys=0.01s Real=0.03s
[22.154s][info ][safepoint      ] Leaving safepoint region
[22.154s][info ][safepoint      ] Total time for which application threads were stopped: 0.0292826 seconds, Stopping threads took: 0.0004717 seconds
[22.742s][info ][safepoint      ] Application time: 0.5887070 seconds
[22.746s][info ][safepoint      ] Entering safepoint region: ParallelGCFailedAllocation
[22.746s][info ][gc,start       ] GC(37) Pause Young (Allocation Failure)
[22.769s][debug][gc,phases      ] GC(37) Scavenge 22.998ms
[22.769s][debug][gc,ref         ] GC(37) Skipped phase1 of Reference Processing due to unavailable references
[22.769s][debug][gc,ref         ] GC(37) Skipped phase3 of Reference Processing due to unavailable references
[22.769s][debug][gc,phases      ] GC(37) Reference Processing 0.072ms
[22.769s][debug][gc,phases      ] GC(37) Weak Processing 0.146ms
[22.770s][debug][gc,phases      ] GC(37) Scrub String Table 0.420ms
[22.770s][debug][gc,age         ] GC(37) Desired survivor size 103284736 bytes, new threshold 15 (max threshold 15)
[22.770s][info ][gc,heap        ] GC(37) PSYoungGen: 1939609K->46857K(1996288K)
[22.770s][info ][gc,heap        ] GC(37) ParOldGen: 180364K->188402K(207872K)
[22.770s][info ][gc,metaspace   ] GC(37) Metaspace: 62399K->62399K(1105920K)
[22.770s][info ][gc             ] GC(37) Pause Young (Allocation Failure) 2070M->229M(2152M) 23.766ms
[22.770s][info ][gc,cpu         ] GC(37) User=0.10s Sys=0.00s Real=0.03s
[22.770s][info ][safepoint      ] Leaving safepoint region
[22.770s][info ][safepoint      ] Total time for which application threads were stopped: 0.0275059 seconds, Stopping threads took: 0.0033752 seconds
[23.329s][info ][safepoint      ] Application time: 0.5590353 seconds
[23.331s][info ][safepoint      ] Entering safepoint region: RevokeBias
[23.331s][info ][safepoint      ] Leaving safepoint region
[23.331s][info ][safepoint      ] Total time for which application threads were stopped: 0.0023133 seconds, Stopping threads took: 0.0021006 seconds
[23.336s][info ][safepoint      ] Application time: 0.0047954 seconds
[23.336s][info ][safepoint      ] Entering safepoint region: RevokeBias
[23.336s][info ][safepoint      ] Leaving safepoint region
[23.336s][info ][safepoint      ] Total time for which application threads were stopped: 0.0002310 seconds, Stopping threads took: 0.0000605 seconds
[23.341s][info ][safepoint      ] Application time: 0.0042060 seconds
[23.341s][info ][safepoint      ] Entering safepoint region: RevokeBias
[23.341s][info ][safepoint      ] Leaving safepoint region
[23.341s][info ][safepoint      ] Total time for which application threads were stopped: 0.0002541 seconds, Stopping threads took: 0.0001069 seconds
[23.341s][info ][safepoint      ] Application time: 0.0004343 seconds
[23.342s][info ][safepoint      ] Entering safepoint region: RevokeBias
[23.342s][info ][safepoint      ] Leaving safepoint region
[23.342s][info ][safepoint      ] Total time for which application threads were stopped: 0.0001844 seconds, Stopping threads took: 0.0000923 seconds
[23.362s][info ][safepoint      ] Application time: 0.0206619 seconds
[23.363s][info ][safepoint      ] Entering safepoint region: ParallelGCFailedAllocation
[23.363s][info ][gc,start       ] GC(38) Pause Young (Allocation Failure)
[23.384s][debug][gc,phases      ] GC(38) Scavenge 21.397ms
[23.384s][debug][gc,ref         ] GC(38) Skipped phase1 of Reference Processing due to unavailable references
[23.385s][debug][gc,ref         ] GC(38) Skipped phase3 of Reference Processing due to unavailable references
[23.385s][debug][gc,phases      ] GC(38) Reference Processing 0.110ms
[23.385s][debug][gc,phases      ] GC(38) Weak Processing 0.192ms
[23.385s][debug][gc,phases      ] GC(38) Scrub String Table 0.541ms
[23.385s][debug][gc,age         ] GC(38) Desired survivor size 102760448 bytes, new threshold 15 (max threshold 15)
[23.385s][info ][gc,heap        ] GC(38) PSYoungGen: 1941257K->39480K(1995264K)
[23.385s][info ][gc,heap        ] GC(38) ParOldGen: 188402K->196827K(207872K)
[23.385s][info ][gc,metaspace   ] GC(38) Metaspace: 62856K->62856K(1105920K)
[23.385s][info ][gc             ] GC(38) Pause Young (Allocation Failure) 2079M->230M(2151M) 22.400ms
[23.385s][info ][gc,cpu         ] GC(38) User=0.08s Sys=0.00s Real=0.02s
[23.385s][debug][gc,phases      ] GC(39) Pre Compact 0.013ms
[23.385s][info ][gc,start       ] GC(39) Pause Full (Ergonomics)
[23.385s][info ][gc,phases,start] GC(39) Marking Phase
[23.479s][debug][gc,phases      ] GC(39) Par Mark 93.022ms
[23.479s][debug][gc,ref         ] GC(39) Skipped phase1 of Reference Processing due to unavailable references
[23.479s][debug][gc,ref         ] GC(39) Skipped phase3 of Reference Processing due to unavailable references
[23.479s][debug][gc,phases      ] GC(39) Reference Processing 0.283ms
[23.479s][debug][gc,phases      ] GC(39) Weak Processing 0.135ms
[23.480s][debug][gc,phases      ] GC(39) ClassLoaderData 0.738ms
[23.480s][debug][gc,phases      ] GC(39) ProtectionDomainCacheTable 0.002ms
[23.480s][debug][gc,phases      ] GC(39) ResolvedMethodTable 0.120ms
[23.486s][debug][gc,phases      ] GC(39) Class Unloading 6.935ms
[23.487s][debug][gc,phases      ] GC(39) Scrub String Table 0.623ms
[23.494s][debug][gc,phases      ] GC(39) Scrub Symbol Table 7.250ms
[23.494s][info ][gc,phases      ] GC(39) Marking Phase 108.930ms
[23.494s][info ][gc,phases,start] GC(39) Summary Phase
[23.494s][info ][gc,phases      ] GC(39) Summary Phase 0.008ms
[23.494s][info ][gc,phases,start] GC(39) Adjust Roots
[23.523s][info ][gc,phases      ] GC(39) Adjust Roots 28.722ms
[23.523s][info ][gc,phases,start] GC(39) Compaction Phase
[24.007s][info ][gc,phases      ] GC(39) Compaction Phase 484.135ms
[24.007s][info ][gc,phases,start] GC(39) Post Compact
[24.008s][info ][gc,phases      ] GC(39) Post Compact 0.876ms
[24.008s][info ][gc,heap        ] GC(39) PSYoungGen: 39480K->23275K(1995264K)
[24.008s][info ][gc,heap        ] GC(39) ParOldGen: 196827K->207676K(253952K)
[24.008s][info ][gc,metaspace   ] GC(39) Metaspace: 62856K->62856K(1105920K)
[24.008s][info ][gc             ] GC(39) Pause Full (Ergonomics) 230M->225M(2196M) 622.938ms
[24.008s][info ][gc,cpu         ] GC(39) User=2.34s Sys=0.00s Real=0.62s
[24.008s][info ][safepoint      ] Leaving safepoint region
[24.008s][info ][safepoint      ] Total time for which application threads were stopped: 0.6460630 seconds, Stopping threads took: 0.0004184 seconds
[24.127s][info ][safepoint      ] Application time: 0.1188735 seconds
[24.129s][info ][safepoint      ] Entering safepoint region: RevokeBias
[24.130s][info ][safepoint      ] Leaving safepoint region
[24.130s][info ][safepoint      ] Total time for which application threads were stopped: 0.0022577 seconds, Stopping threads took: 0.0021047 seconds
[24.165s][info ][safepoint      ] Application time: 0.0350242 seconds
[24.165s][info ][safepoint      ] Entering safepoint region: RevokeBias
[24.165s][info ][safepoint      ] Leaving safepoint region
[24.165s][info ][safepoint      ] Total time for which application threads were stopped: 0.0005752 seconds, Stopping threads took: 0.0004356 seconds
[24.184s][info ][safepoint      ] Application time: 0.0183156 seconds
[24.186s][info ][safepoint      ] Entering safepoint region: RevokeBias
[24.186s][info ][safepoint      ] Leaving safepoint region
[24.186s][info ][safepoint      ] Total time for which application threads were stopped: 0.0023199 seconds, Stopping threads took: 0.0021905 seconds
[24.630s][info ][safepoint      ] Application time: 0.4444877 seconds
[24.633s][info ][safepoint      ] Entering safepoint region: ParallelGCFailedAllocation
[24.633s][info ][gc,start       ] GC(40) Pause Young (Allocation Failure)
[24.668s][debug][gc,phases      ] GC(40) Scavenge 35.158ms
[24.668s][debug][gc,ref         ] GC(40) Skipped phase1 of Reference Processing due to unavailable references
[24.668s][debug][gc,ref         ] GC(40) Skipped phase3 of Reference Processing due to unavailable references
[24.669s][debug][gc,phases      ] GC(40) Reference Processing 0.048ms
[24.669s][debug][gc,phases      ] GC(40) Weak Processing 0.147ms
[24.669s][debug][gc,phases      ] GC(40) Scrub String Table 0.416ms
[24.669s][debug][gc,age         ] GC(40) Desired survivor size 105381888 bytes, new threshold 15 (max threshold 15)
[24.669s][info ][gc,heap        ] GC(40) PSYoungGen: 1917675K->22080K(1991680K)
[24.669s][info ][gc,heap        ] GC(40) ParOldGen: 207676K->210389K(253952K)
[24.669s][info ][gc,metaspace   ] GC(40) Metaspace: 64118K->64118K(1107968K)
[24.669s][info ][gc             ] GC(40) Pause Young (Allocation Failure) 2075M->227M(2193M) 35.901ms
[24.669s][info ][gc,cpu         ] GC(40) User=0.14s Sys=0.00s Real=0.04s
[24.669s][info ][safepoint      ] Leaving safepoint region
[24.669s][info ][safepoint      ] Total time for which application threads were stopped: 0.0387441 seconds, Stopping threads took: 0.0025072 seconds
[25.045s][info ][safepoint      ] Application time: 0.3754279 seconds
[25.045s][info ][safepoint      ] Entering safepoint region: RevokeBias
[25.045s][info ][safepoint      ] Leaving safepoint region
[25.045s][info ][safepoint      ] Total time for which application threads were stopped: 0.0003296 seconds, Stopping threads took: 0.0002057 seconds
[25.203s][info ][safepoint      ] Application time: 0.1582221 seconds
[25.205s][info ][safepoint      ] Entering safepoint region: RevokeBias
[25.206s][info ][safepoint      ] Leaving safepoint region
[25.206s][info ][safepoint      ] Total time for which application threads were stopped: 0.0023425 seconds, Stopping threads took: 0.0021627 seconds
[25.249s][info ][safepoint      ] Application time: 0.0431248 seconds
[25.249s][info ][safepoint      ] Entering safepoint region: RevokeBias
[25.249s][info ][safepoint      ] Leaving safepoint region
[25.249s][info ][safepoint      ] Total time for which application threads were stopped: 0.0003556 seconds, Stopping threads took: 0.0001705 seconds
[25.249s][info ][safepoint      ] Application time: 0.0000345 seconds
[25.249s][info ][safepoint      ] Entering safepoint region: RevokeBias
[25.249s][info ][safepoint      ] Leaving safepoint region
[25.249s][info ][safepoint      ] Total time for which application threads were stopped: 0.0001486 seconds, Stopping threads took: 0.0000464 seconds
[25.249s][info ][safepoint      ] Application time: 0.0000311 seconds
[25.249s][info ][safepoint      ] Entering safepoint region: RevokeBias
[25.249s][info ][safepoint      ] Leaving safepoint region
[25.249s][info ][safepoint      ] Total time for which application threads were stopped: 0.0001181 seconds, Stopping threads took: 0.0000317 seconds
[25.256s][info ][safepoint      ] Application time: 0.0064472 seconds
[25.256s][info ][safepoint      ] Entering safepoint region: RevokeBias
[25.257s][info ][safepoint      ] Leaving safepoint region
[25.257s][info ][safepoint      ] Total time for which application threads were stopped: 0.0005888 seconds, Stopping threads took: 0.0004511 seconds
[25.257s][info ][safepoint      ] Application time: 0.0000371 seconds
[25.257s][info ][safepoint      ] Entering safepoint region: RevokeBias
[25.257s][info ][safepoint      ] Leaving safepoint region
[25.257s][info ][safepoint      ] Total time for which application threads were stopped: 0.0001137 seconds, Stopping threads took: 0.0000348 seconds
[25.265s][info ][safepoint      ] Application time: 0.0085197 seconds
[25.267s][info ][safepoint      ] Entering safepoint region: RevokeBias
[25.267s][info ][safepoint      ] Leaving safepoint region
[25.267s][info ][safepoint      ] Total time for which application threads were stopped: 0.0022107 seconds, Stopping threads took: 0.0020973 seconds
[25.298s][info ][safepoint      ] Application time: 0.0309208 seconds
[25.300s][info ][safepoint      ] Entering safepoint region: ParallelGCFailedAllocation
[25.301s][info ][gc,start       ] GC(41) Pause Young (Allocation Failure)
[25.311s][debug][gc,phases      ] GC(41) Scavenge 10.472ms
[25.311s][debug][gc,ref         ] GC(41) Skipped phase1 of Reference Processing due to unavailable references
[25.311s][debug][gc,ref         ] GC(41) Skipped phase3 of Reference Processing due to unavailable references
[25.311s][debug][gc,phases      ] GC(41) Reference Processing 0.039ms
[25.311s][debug][gc,phases      ] GC(41) Weak Processing 0.163ms
[25.312s][debug][gc,phases      ] GC(41) Scrub String Table 0.475ms
[25.312s][debug][gc,age         ] GC(41) Desired survivor size 106430464 bytes, new threshold 15 (max threshold 15)
[25.312s][info ][gc,heap        ] GC(41) PSYoungGen: 1913408K->21216K(1912832K)
[25.312s][info ][gc,heap        ] GC(41) ParOldGen: 210389K->212506K(253952K)
[25.312s][info ][gc,metaspace   ] GC(41) Metaspace: 65235K->65235K(1107968K)
[25.312s][info ][gc             ] GC(41) Pause Young (Allocation Failure) 2074M->228M(2116M) 11.275ms
[25.312s][info ][gc,cpu         ] GC(41) User=0.04s Sys=0.00s Real=0.01s
[25.312s][info ][safepoint      ] Leaving safepoint region
[25.312s][info ][safepoint      ] Total time for which application threads were stopped: 0.0135731 seconds, Stopping threads took: 0.0020976 seconds
[25.333s][info ][safepoint      ] Application time: 0.0214286 seconds
[25.336s][info ][safepoint      ] Entering safepoint region: RevokeBias
[25.336s][info ][safepoint      ] Leaving safepoint region
[25.336s][info ][safepoint      ] Total time for which application threads were stopped: 0.0024751 seconds, Stopping threads took: 0.0022806 seconds
[25.344s][info ][safepoint      ] Application time: 0.0082103 seconds
[25.344s][info ][safepoint      ] Entering safepoint region: RevokeBias
[25.344s][info ][safepoint      ] Leaving safepoint region
[25.344s][info ][safepoint      ] Total time for which application threads were stopped: 0.0002003 seconds, Stopping threads took: 0.0000760 seconds
[25.472s][info ][safepoint      ] Application time: 0.1276654 seconds
[25.472s][info ][safepoint      ] Entering safepoint region: Deoptimize
[25.474s][info ][safepoint      ] Leaving safepoint region
[25.474s][info ][safepoint      ] Total time for which application threads were stopped: 0.0018853 seconds, Stopping threads took: 0.0001872 seconds
[25.498s][info ][safepoint      ] Application time: 0.0242032 seconds
[25.498s][info ][safepoint      ] Entering safepoint region: RevokeBias
[25.499s][info ][safepoint      ] Leaving safepoint region
[25.499s][info ][safepoint      ] Total time for which application threads were stopped: 0.0003001 seconds, Stopping threads took: 0.0001619 seconds
[25.507s][info ][safepoint      ] Application time: 0.0081710 seconds
[25.509s][info ][safepoint      ] Entering safepoint region: RevokeBias
[25.510s][info ][safepoint      ] Leaving safepoint region
[25.510s][info ][safepoint      ] Total time for which application threads were stopped: 0.0028029 seconds, Stopping threads took: 0.0026572 seconds
[25.513s][info ][safepoint      ] Application time: 0.0033863 seconds
[25.515s][info ][safepoint      ] Entering safepoint region: RevokeBias
[25.515s][info ][safepoint      ] Leaving safepoint region
[25.515s][info ][safepoint      ] Total time for which application threads were stopped: 0.0022028 seconds, Stopping threads took: 0.0020832 seconds
[25.525s][info ][safepoint      ] Application time: 0.0095011 seconds
[25.525s][info ][safepoint      ] Entering safepoint region: RevokeBias
[25.525s][info ][safepoint      ] Leaving safepoint region
[25.525s][info ][safepoint      ] Total time for which application threads were stopped: 0.0003248 seconds, Stopping threads took: 0.0001721 seconds
[25.525s][info ][safepoint      ] Application time: 0.0000527 seconds
[25.525s][info ][safepoint      ] Entering safepoint region: RevokeBias
[25.525s][info ][safepoint      ] Leaving safepoint region
[25.525s][info ][safepoint      ] Total time for which application threads were stopped: 0.0001739 seconds, Stopping threads took: 0.0000683 seconds
[25.677s][info ][safepoint      ] Application time: 0.1518842 seconds
[25.679s][info ][safepoint      ] Entering safepoint region: RevokeBias
[25.680s][info ][safepoint      ] Leaving safepoint region
[25.680s][info ][safepoint      ] Total time for which application threads were stopped: 0.0023629 seconds, Stopping threads took: 0.0021669 seconds
[25.725s][info ][safepoint      ] Application time: 0.0457897 seconds
[25.728s][info ][safepoint      ] Entering safepoint region: Deoptimize
[25.729s][info ][safepoint      ] Leaving safepoint region
[25.729s][info ][safepoint      ] Total time for which application threads were stopped: 0.0039490 seconds, Stopping threads took: 0.0021255 seconds
[25.730s][info ][safepoint      ] Application time: 0.0008484 seconds
[25.733s][info ][safepoint      ] Entering safepoint region: RevokeBias
[25.733s][info ][safepoint      ] Leaving safepoint region
[25.733s][info ][safepoint      ] Total time for which application threads were stopped: 0.0026583 seconds, Stopping threads took: 0.0025000 seconds
[25.745s][info ][safepoint      ] Application time: 0.0123428 seconds
[25.745s][info ][safepoint      ] Entering safepoint region: Deoptimize
[25.747s][info ][safepoint      ] Leaving safepoint region
[25.747s][info ][safepoint      ] Total time for which application threads were stopped: 0.0017957 seconds, Stopping threads took: 0.0001463 seconds
[25.752s][info ][safepoint      ] Application time: 0.0045284 seconds
[25.752s][info ][safepoint      ] Entering safepoint region: RevokeBias
[25.752s][info ][safepoint      ] Leaving safepoint region
[25.752s][info ][safepoint      ] Total time for which application threads were stopped: 0.0002083 seconds, Stopping threads took: 0.0000900 seconds
[25.778s][info ][safepoint      ] Application time: 0.0260202 seconds
[25.778s][info ][safepoint      ] Entering safepoint region: ICBufferFull
[25.778s][info ][safepoint      ] Leaving safepoint region
[25.778s][info ][safepoint      ] Total time for which application threads were stopped: 0.0004534 seconds, Stopping threads took: 0.0001574 seconds
[25.809s][info ][safepoint      ] Application time: 0.0306259 seconds
[25.811s][info ][safepoint      ] Entering safepoint region: RevokeBias
[25.811s][info ][safepoint      ] Leaving safepoint region
[25.811s][info ][safepoint      ] Total time for which application threads were stopped: 0.0022228 seconds, Stopping threads took: 0.0020727 seconds
[25.850s][info ][safepoint      ] Application time: 0.0385513 seconds
[25.852s][info ][safepoint      ] Entering safepoint region: RevokeBias
[25.852s][info ][safepoint      ] Leaving safepoint region
[25.852s][info ][safepoint      ] Total time for which application threads were stopped: 0.0022008 seconds, Stopping threads took: 0.0020886 seconds
[25.854s][info ][safepoint      ] Application time: 0.0017462 seconds
[25.857s][info ][safepoint      ] Entering safepoint region: RevokeBias
[25.857s][info ][safepoint      ] Leaving safepoint region
[25.857s][info ][safepoint      ] Total time for which application threads were stopped: 0.0032867 seconds, Stopping threads took: 0.0031853 seconds
[26.082s][info ][safepoint      ] Application time: 0.2252423 seconds
[26.084s][info ][safepoint      ] Entering safepoint region: ParallelGCFailedAllocation
[26.085s][info ][gc,start       ] GC(42) Pause Young (Allocation Failure)
[26.096s][debug][gc,phases      ] GC(42) Scavenge 11.171ms
[26.096s][debug][gc,ref         ] GC(42) Skipped phase1 of Reference Processing due to unavailable references
[26.096s][debug][gc,ref         ] GC(42) Skipped phase3 of Reference Processing due to unavailable references
[26.096s][debug][gc,phases      ] GC(42) Reference Processing 0.049ms
[26.096s][debug][gc,phases      ] GC(42) Weak Processing 0.159ms
[26.097s][debug][gc,phases      ] GC(42) Scrub String Table 0.522ms
[26.097s][debug][gc,age         ] GC(42) Desired survivor size 106430464 bytes, new threshold 15 (max threshold 15)
[26.097s][info ][gc,heap        ] GC(42) PSYoungGen: 1912544K->20937K(1993216K)
[26.097s][info ][gc,heap        ] GC(42) ParOldGen: 212506K->216114K(253952K)
[26.097s][info ][gc,metaspace   ] GC(42) Metaspace: 69750K->69750K(1112064K)
[26.097s][info ][gc             ] GC(42) Pause Young (Allocation Failure) 2075M->231M(2194M) 12.041ms
[26.097s][info ][gc,cpu         ] GC(42) User=0.06s Sys=0.00s Real=0.01s
[26.097s][info ][safepoint      ] Leaving safepoint region
[26.097s][info ][safepoint      ] Total time for which application threads were stopped: 0.0144915 seconds, Stopping threads took: 0.0021218 seconds
[26.097s][info ][safepoint      ] Application time: 0.0001294 seconds
[26.097s][info ][safepoint      ] Entering safepoint region: RevokeBias
[26.097s][info ][safepoint      ] Leaving safepoint region
[26.097s][info ][safepoint      ] Total time for which application threads were stopped: 0.0002786 seconds, Stopping threads took: 0.0000815 seconds
[26.352s][info ][safepoint      ] Application time: 0.2544253 seconds
[26.352s][info ][safepoint      ] Entering safepoint region: RevokeBias
[26.352s][info ][safepoint      ] Leaving safepoint region
[26.352s][info ][safepoint      ] Total time for which application threads were stopped: 0.0004125 seconds, Stopping threads took: 0.0001737 seconds
[27.141s][info ][safepoint      ] Application time: 0.7885557 seconds
[27.141s][info ][safepoint      ] Entering safepoint region: ICBufferFull
[27.141s][info ][safepoint      ] Leaving safepoint region
[27.141s][info ][safepoint      ] Total time for which application threads were stopped: 0.0002597 seconds, Stopping threads took: 0.0000484 seconds
[27.900s][info ][safepoint      ] Application time: 0.7586378 seconds
[27.900s][info ][safepoint      ] Entering safepoint region: ParallelGCFailedAllocation
[27.900s][info ][gc,start       ] GC(43) Pause Young (Allocation Failure)
[27.916s][debug][gc,phases      ] GC(43) Scavenge 15.996ms
[27.916s][debug][gc,ref         ] GC(43) Skipped phase1 of Reference Processing due to unavailable references
[27.916s][debug][gc,ref         ] GC(43) Skipped phase3 of Reference Processing due to unavailable references
[27.916s][debug][gc,phases      ] GC(43) Reference Processing 0.073ms
[27.916s][debug][gc,phases      ] GC(43) Weak Processing 0.168ms
[27.917s][debug][gc,phases      ] GC(43) Scrub String Table 0.526ms
[27.917s][debug][gc,age         ] GC(43) Desired survivor size 102236160 bytes, new threshold 15 (max threshold 15)
[27.917s][info ][gc,heap        ] GC(43) PSYoungGen: 1910217K->40578K(1993216K)
[27.917s][info ][gc,heap        ] GC(43) ParOldGen: 216114K->223059K(253952K)
[27.917s][info ][gc,metaspace   ] GC(43) Metaspace: 70515K->70515K(1114112K)
[27.917s][info ][gc             ] GC(43) Pause Young (Allocation Failure) 2076M->257M(2194M) 16.934ms
[27.917s][info ][gc,cpu         ] GC(43) User=0.08s Sys=0.00s Real=0.02s
[27.917s][info ][safepoint      ] Leaving safepoint region
[27.917s][info ][safepoint      ] Total time for which application threads were stopped: 0.0171709 seconds, Stopping threads took: 0.0000141 seconds
[28.375s][info ][safepoint      ] Application time: 0.4580265 seconds
[28.375s][info ][safepoint      ] Entering safepoint region: ICBufferFull
[28.375s][info ][safepoint      ] Leaving safepoint region
[28.375s][info ][safepoint      ] Total time for which application threads were stopped: 0.0002299 seconds, Stopping threads took: 0.0000133 seconds
[28.677s][info ][safepoint      ] Application time: 0.3021051 seconds
[28.677s][info ][safepoint      ] Entering safepoint region: ICBufferFull
[28.678s][info ][safepoint      ] Leaving safepoint region
[28.678s][info ][safepoint      ] Total time for which application threads were stopped: 0.0002232 seconds, Stopping threads took: 0.0000125 seconds
[28.948s][info ][safepoint      ] Application time: 0.2709579 seconds
[28.949s][info ][safepoint      ] Entering safepoint region: RevokeBias
[28.949s][info ][safepoint      ] Leaving safepoint region
[28.949s][info ][safepoint      ] Total time for which application threads were stopped: 0.0001877 seconds, Stopping threads took: 0.0000336 seconds
[29.048s][info ][safepoint      ] Application time: 0.0989575 seconds
[29.048s][info ][safepoint      ] Entering safepoint region: RevokeBias
[29.048s][info ][safepoint      ] Leaving safepoint region
[29.048s][info ][safepoint      ] Total time for which application threads were stopped: 0.0001913 seconds, Stopping threads took: 0.0000708 seconds
[29.328s][info ][safepoint      ] Application time: 0.2799276 seconds
[29.328s][info ][safepoint      ] Entering safepoint region: RevokeBias
[29.328s][info ][safepoint      ] Leaving safepoint region
[29.328s][info ][safepoint      ] Total time for which application threads were stopped: 0.0002095 seconds, Stopping threads took: 0.0000285 seconds
[29.332s][info ][safepoint      ] Application time: 0.0038075 seconds
[29.333s][info ][safepoint      ] Entering safepoint region: RevokeBias
[29.333s][info ][safepoint      ] Leaving safepoint region
[29.333s][info ][safepoint      ] Total time for which application threads were stopped: 0.0007148 seconds, Stopping threads took: 0.0006271 seconds
[29.384s][info ][safepoint      ] Application time: 0.0513379 seconds
[29.384s][info ][safepoint      ] Entering safepoint region: RevokeBias
[29.384s][info ][safepoint      ] Leaving safepoint region
[29.384s][info ][safepoint      ] Total time for which application threads were stopped: 0.0001106 seconds, Stopping threads took: 0.0000111 seconds
[29.384s][info ][safepoint      ] Application time: 0.0000334 seconds
[29.384s][info ][safepoint      ] Entering safepoint region: RevokeBias
[29.384s][info ][safepoint      ] Leaving safepoint region
[29.384s][info ][safepoint      ] Total time for which application threads were stopped: 0.0000324 seconds, Stopping threads took: 0.0000041 seconds
[29.396s][info ][safepoint      ] Application time: 0.0115868 seconds
[29.396s][info ][safepoint      ] Entering safepoint region: RevokeBias
[29.396s][info ][safepoint      ] Leaving safepoint region
[29.396s][info ][safepoint      ] Total time for which application threads were stopped: 0.0000784 seconds, Stopping threads took: 0.0000104 seconds
[29.396s][info ][safepoint      ] Application time: 0.0000355 seconds
[29.396s][info ][safepoint      ] Entering safepoint region: RevokeBias
[29.396s][info ][safepoint      ] Leaving safepoint region
[29.396s][info ][safepoint      ] Total time for which application threads were stopped: 0.0000440 seconds, Stopping threads took: 0.0000160 seconds
[29.496s][info ][safepoint      ] Application time: 0.0998006 seconds
[29.496s][info ][safepoint      ] Entering safepoint region: Deoptimize
[29.498s][info ][safepoint      ] Leaving safepoint region
[29.498s][info ][safepoint      ] Total time for which application threads were stopped: 0.0018590 seconds, Stopping threads took: 0.0000105 seconds
[30.101s][info ][safepoint      ] Application time: 0.6030702 seconds
[30.101s][info ][safepoint      ] Entering safepoint region: ICBufferFull
[30.101s][info ][safepoint      ] Leaving safepoint region
[30.101s][info ][safepoint      ] Total time for which application threads were stopped: 0.0002480 seconds, Stopping threads took: 0.0000127 seconds
[30.648s][info ][safepoint      ] Application time: 0.5469286 seconds
[30.648s][info ][safepoint      ] Entering safepoint region: ICBufferFull
[30.648s][info ][safepoint      ] Leaving safepoint region
[30.648s][info ][safepoint      ] Total time for which application threads were stopped: 0.0002208 seconds, Stopping threads took: 0.0000130 seconds
[30.745s][info ][safepoint      ] Application time: 0.0968543 seconds
[30.745s][info ][safepoint      ] Entering safepoint region: RevokeBias
[30.745s][info ][safepoint      ] Leaving safepoint region
[30.745s][info ][safepoint      ] Total time for which application threads were stopped: 0.0001024 seconds, Stopping threads took: 0.0000152 seconds
[30.745s][info ][safepoint      ] Application time: 0.0000733 seconds
[30.745s][info ][safepoint      ] Entering safepoint region: RevokeBias
[30.745s][info ][safepoint      ] Leaving safepoint region
[30.745s][info ][safepoint      ] Total time for which application threads were stopped: 0.0000227 seconds, Stopping threads took: 0.0000044 seconds
[31.324s][info ][safepoint      ] Application time: 0.5785493 seconds
[31.324s][info ][safepoint      ] Entering safepoint region: ICBufferFull
[31.324s][info ][safepoint      ] Leaving safepoint region
[31.324s][info ][safepoint      ] Total time for which application threads were stopped: 0.0002226 seconds, Stopping threads took: 0.0000136 seconds
[31.659s][info ][safepoint      ] Application time: 0.3348294 seconds
[31.659s][info ][safepoint      ] Entering safepoint region: ICBufferFull
[31.659s][info ][safepoint      ] Leaving safepoint region
[31.659s][info ][safepoint      ] Total time for which application threads were stopped: 0.0004242 seconds, Stopping threads took: 0.0000371 seconds
[31.849s][info ][safepoint      ] Application time: 0.1892263 seconds
[31.849s][info ][safepoint      ] Entering safepoint region: ICBufferFull
[31.849s][info ][safepoint      ] Leaving safepoint region
[31.849s][info ][safepoint      ] Total time for which application threads were stopped: 0.0003524 seconds, Stopping threads took: 0.0000652 seconds
[32.572s][info ][safepoint      ] Application time: 0.7228964 seconds
[32.572s][info ][safepoint      ] Entering safepoint region: ICBufferFull
[32.572s][info ][safepoint      ] Leaving safepoint region
[32.572s][info ][safepoint      ] Total time for which application threads were stopped: 0.0002621 seconds, Stopping threads took: 0.0000213 seconds
[33.456s][info ][safepoint      ] Application time: 0.8834692 seconds
[33.456s][info ][safepoint      ] Entering safepoint region: ICBufferFull
[33.456s][info ][safepoint      ] Leaving safepoint region
[33.456s][info ][safepoint      ] Total time for which application threads were stopped: 0.0002381 seconds, Stopping threads took: 0.0000146 seconds
[34.456s][info ][safepoint      ] Application time: 1.0000843 seconds
[34.456s][info ][safepoint      ] Entering safepoint region: Cleanup
[34.456s][info ][safepoint      ] Leaving safepoint region
[34.456s][info ][safepoint      ] Total time for which application threads were stopped: 0.0002742 seconds, Stopping threads took: 0.0000455 seconds
[35.456s][info ][safepoint      ] Application time: 1.0000842 seconds
[35.457s][info ][safepoint      ] Entering safepoint region: Cleanup
[35.457s][info ][safepoint      ] Leaving safepoint region
[35.457s][info ][safepoint      ] Total time for which application threads were stopped: 0.0001797 seconds, Stopping threads took: 0.0000354 seconds
[35.745s][info ][safepoint      ] Application time: 0.2887792 seconds
[35.746s][info ][safepoint      ] Entering safepoint region: RevokeBias
[35.746s][info ][safepoint      ] Leaving safepoint region
[35.746s][info ][safepoint      ] Total time for which application threads were stopped: 0.0001190 seconds, Stopping threads took: 0.0000421 seconds
[35.746s][info ][safepoint      ] Application time: 0.0007284 seconds
[35.746s][info ][safepoint      ] Entering safepoint region: RevokeBias
[35.746s][info ][safepoint      ] Leaving safepoint region
[35.746s][info ][safepoint      ] Total time for which application threads were stopped: 0.0000319 seconds, Stopping threads took: 0.0000054 seconds
[35.747s][info ][safepoint      ] Application time: 0.0002237 seconds
[35.747s][info ][safepoint      ] Entering safepoint region: RevokeBias
[35.747s][info ][safepoint      ] Leaving safepoint region
[35.747s][info ][safepoint      ] Total time for which application threads were stopped: 0.0001087 seconds, Stopping threads took: 0.0000672 seconds
[35.747s][info ][safepoint      ] Application time: 0.0000446 seconds
[35.747s][info ][safepoint      ] Entering safepoint region: RevokeBias
[35.747s][info ][safepoint      ] Leaving safepoint region
[35.747s][info ][safepoint      ] Total time for which application threads were stopped: 0.0000413 seconds, Stopping threads took: 0.0000177 seconds
[35.747s][info ][safepoint      ] Application time: 0.0000734 seconds
[35.747s][info ][safepoint      ] Entering safepoint region: RevokeBias
[35.747s][info ][safepoint      ] Leaving safepoint region
[35.747s][info ][safepoint      ] Total time for which application threads were stopped: 0.0000386 seconds, Stopping threads took: 0.0000184 seconds
[35.747s][info ][safepoint      ] Application time: 0.0001284 seconds
[35.747s][info ][safepoint      ] Entering safepoint region: RevokeBias
[35.747s][info ][safepoint      ] Leaving safepoint region
[35.747s][info ][safepoint      ] Total time for which application threads were stopped: 0.0000324 seconds, Stopping threads took: 0.0000095 seconds
[36.747s][info ][safepoint      ] Application time: 1.0000765 seconds
[36.747s][info ][safepoint      ] Entering safepoint region: Cleanup
[36.747s][info ][safepoint      ] Leaving safepoint region
[36.747s][info ][safepoint      ] Total time for which application threads were stopped: 0.0001579 seconds, Stopping threads took: 0.0000409 seconds
[37.007s][info ][safepoint      ] Application time: 0.2596542 seconds
[37.007s][info ][safepoint      ] Entering safepoint region: ParallelGCFailedAllocation
[37.007s][info ][gc,start       ] GC(44) Pause Young (Allocation Failure)
[37.029s][debug][gc,phases      ] GC(44) Scavenge 21.898ms
[37.029s][debug][gc,ref         ] GC(44) Skipped phase1 of Reference Processing due to unavailable references
[37.029s][debug][gc,phases      ] GC(44) Reference Processing 0.160ms
[37.030s][debug][gc,phases      ] GC(44) Weak Processing 0.227ms
[37.030s][debug][gc,phases      ] GC(44) Scrub String Table 0.684ms
[37.030s][debug][gc,age         ] GC(44) Desired survivor size 101187584 bytes, new threshold 15 (max threshold 15)
[37.030s][info ][gc,heap        ] GC(44) PSYoungGen: 1929858K->59163K(1998336K)
[37.030s][info ][gc,heap        ] GC(44) ParOldGen: 223059K->225996K(253952K)
[37.030s][info ][gc,metaspace   ] GC(44) Metaspace: 71775K->71775K(1114112K)
[37.030s][info ][gc             ] GC(44) Pause Young (Allocation Failure) 2102M->278M(2199M) 23.142ms
[37.030s][info ][gc,cpu         ] GC(44) User=0.06s Sys=0.03s Real=0.03s
[37.030s][info ][safepoint      ] Leaving safepoint region
[37.030s][info ][safepoint      ] Total time for which application threads were stopped: 0.0233733 seconds, Stopping threads took: 0.0000193 seconds
[38.031s][info ][safepoint      ] Application time: 1.0000832 seconds
[38.031s][info ][safepoint      ] Entering safepoint region: Cleanup
[38.031s][info ][safepoint      ] Leaving safepoint region
[38.031s][info ][safepoint      ] Total time for which application threads were stopped: 0.0001960 seconds, Stopping threads took: 0.0000144 seconds
[39.031s][info ][safepoint      ] Application time: 1.0000764 seconds
[39.031s][info ][safepoint      ] Entering safepoint region: Cleanup
[39.031s][info ][safepoint      ] Leaving safepoint region
[39.031s][info ][safepoint      ] Total time for which application threads were stopped: 0.0001792 seconds, Stopping threads took: 0.0000139 seconds
[39.775s][info ][safepoint      ] Application time: 0.7436176 seconds
[39.775s][info ][safepoint      ] Entering safepoint region: ICBufferFull
[39.775s][info ][safepoint      ] Leaving safepoint region
[39.775s][info ][safepoint      ] Total time for which application threads were stopped: 0.0003005 seconds, Stopping threads took: 0.0000493 seconds
[40.775s][info ][safepoint      ] Application time: 1.0000807 seconds
[40.775s][info ][safepoint      ] Entering safepoint region: Cleanup
[40.775s][info ][safepoint      ] Leaving safepoint region
[40.775s][info ][safepoint      ] Total time for which application threads were stopped: 0.0002067 seconds, Stopping threads took: 0.0000319 seconds
[41.775s][info ][safepoint      ] Application time: 1.0000767 seconds
[41.776s][info ][safepoint      ] Entering safepoint region: Cleanup
[41.776s][info ][safepoint      ] Leaving safepoint region
[41.776s][info ][safepoint      ] Total time for which application threads were stopped: 0.0001047 seconds, Stopping threads took: 0.0000140 seconds
[42.776s][info ][safepoint      ] Application time: 1.0000804 seconds
[42.776s][info ][safepoint      ] Entering safepoint region: Cleanup
[42.776s][info ][safepoint      ] Leaving safepoint region
[42.776s][info ][safepoint      ] Total time for which application threads were stopped: 0.0001100 seconds, Stopping threads took: 0.0000129 seconds
[43.776s][info ][safepoint      ] Application time: 1.0000658 seconds
[43.776s][info ][safepoint      ] Entering safepoint region: Cleanup
[43.776s][info ][safepoint      ] Leaving safepoint region
[43.776s][info ][safepoint      ] Total time for which application threads were stopped: 0.0001156 seconds, Stopping threads took: 0.0000135 seconds
[44.776s][info ][safepoint      ] Application time: 1.0000687 seconds
[44.776s][info ][safepoint      ] Entering safepoint region: Cleanup
[44.776s][info ][safepoint      ] Leaving safepoint region
[44.776s][info ][safepoint      ] Total time for which application threads were stopped: 0.0001052 seconds, Stopping threads took: 0.0000138 seconds
[45.776s][info ][safepoint      ] Application time: 1.0000689 seconds
[45.776s][info ][safepoint      ] Entering safepoint region: Cleanup
[45.776s][info ][safepoint      ] Leaving safepoint region
[45.776s][info ][safepoint      ] Total time for which application threads were stopped: 0.0000838 seconds, Stopping threads took: 0.0000148 seconds
[46.777s][info ][safepoint      ] Application time: 1.0001084 seconds
[46.777s][info ][safepoint      ] Entering safepoint region: Cleanup
[46.777s][info ][safepoint      ] Leaving safepoint region
[46.777s][info ][safepoint      ] Total time for which application threads were stopped: 0.0000978 seconds, Stopping threads took: 0.0000145 seconds
[47.777s][info ][safepoint      ] Application time: 1.0000690 seconds
[47.777s][info ][safepoint      ] Entering safepoint region: Cleanup
[47.777s][info ][safepoint      ] Leaving safepoint region
[47.777s][info ][safepoint      ] Total time for which application threads were stopped: 0.0001149 seconds, Stopping threads took: 0.0000137 seconds
[48.614s][info ][safepoint      ] Application time: 0.8366066 seconds
[48.614s][info ][safepoint      ] Entering safepoint region: ParallelGCFailedAllocation
[48.614s][info ][gc,start       ] GC(45) Pause Young (Allocation Failure)
[48.630s][debug][gc,phases      ] GC(45) Scavenge 16.583ms
[48.630s][debug][gc,ref         ] GC(45) Skipped phase1 of Reference Processing due to unavailable references
[48.630s][debug][gc,ref         ] GC(45) Skipped phase3 of Reference Processing due to unavailable references
[48.630s][debug][gc,phases      ] GC(45) Reference Processing 0.078ms
[48.631s][debug][gc,phases      ] GC(45) Weak Processing 0.162ms
[48.631s][debug][gc,phases      ] GC(45) Scrub String Table 0.543ms
[48.631s][debug][gc,age         ] GC(45) Desired survivor size 99614720 bytes, new threshold 15 (max threshold 15)
[48.631s][info ][gc,heap        ] GC(45) PSYoungGen: 1957659K->59060K(1997312K)
[48.631s][info ][gc,heap        ] GC(45) ParOldGen: 225996K->226348K(253952K)
[48.631s][info ][gc,metaspace   ] GC(45) Metaspace: 72058K->72058K(1114112K)
[48.631s][info ][gc             ] GC(45) Pause Young (Allocation Failure) 2132M->278M(2198M) 17.513ms
[48.631s][info ][gc,cpu         ] GC(45) User=0.06s Sys=0.00s Real=0.02s
[48.631s][info ][safepoint      ] Leaving safepoint region
[48.631s][info ][safepoint      ] Total time for which application threads were stopped: 0.0177064 seconds, Stopping threads took: 0.0000144 seconds
[49.631s][info ][safepoint      ] Application time: 1.0000751 seconds
[49.631s][info ][safepoint      ] Entering safepoint region: Cleanup
[49.631s][info ][safepoint      ] Leaving safepoint region
[49.631s][info ][safepoint      ] Total time for which application threads were stopped: 0.0000913 seconds, Stopping threads took: 0.0000153 seconds
[50.632s][info ][safepoint      ] Application time: 1.0000840 seconds
[50.632s][info ][safepoint      ] Entering safepoint region: Cleanup
[50.632s][info ][safepoint      ] Leaving safepoint region
[50.632s][info ][safepoint      ] Total time for which application threads were stopped: 0.0000902 seconds, Stopping threads took: 0.0000152 seconds
[51.632s][info ][safepoint      ] Application time: 1.0000786 seconds
[51.632s][info ][safepoint      ] Entering safepoint region: Cleanup
[51.632s][info ][safepoint      ] Leaving safepoint region
[51.632s][info ][safepoint      ] Total time for which application threads were stopped: 0.0001035 seconds, Stopping threads took: 0.0000208 seconds
[52.632s][info ][safepoint      ] Application time: 1.0000654 seconds
[52.632s][info ][safepoint      ] Entering safepoint region: Cleanup
[52.632s][info ][safepoint      ] Leaving safepoint region
[52.632s][info ][safepoint      ] Total time for which application threads were stopped: 0.0002273 seconds, Stopping threads took: 0.0000276 seconds
[53.632s][info ][safepoint      ] Application time: 1.0000720 seconds
[53.632s][info ][safepoint      ] Entering safepoint region: Cleanup
[53.633s][info ][safepoint      ] Leaving safepoint region
[53.633s][info ][safepoint      ] Total time for which application threads were stopped: 0.0001722 seconds, Stopping threads took: 0.0000150 seconds
[54.633s][info ][safepoint      ] Application time: 1.0000677 seconds
[54.633s][info ][safepoint      ] Entering safepoint region: Cleanup
[54.633s][info ][safepoint      ] Leaving safepoint region
[54.633s][info ][safepoint      ] Total time for which application threads were stopped: 0.0001112 seconds, Stopping threads took: 0.0000150 seconds
[55.633s][info ][safepoint      ] Application time: 1.0000702 seconds
[55.633s][info ][safepoint      ] Entering safepoint region: Cleanup
[55.633s][info ][safepoint      ] Leaving safepoint region
[55.633s][info ][safepoint      ] Total time for which application threads were stopped: 0.0001767 seconds, Stopping threads took: 0.0000208 seconds
[56.633s][info ][safepoint      ] Application time: 1.0000787 seconds
[56.633s][info ][safepoint      ] Entering safepoint region: Cleanup
[56.633s][info ][safepoint      ] Leaving safepoint region
[56.633s][info ][safepoint      ] Total time for which application threads were stopped: 0.0000962 seconds, Stopping threads took: 0.0000149 seconds
[57.633s][info ][safepoint      ] Application time: 1.0000711 seconds
[57.633s][info ][safepoint      ] Entering safepoint region: Cleanup
[57.633s][info ][safepoint      ] Leaving safepoint region
[57.633s][info ][safepoint      ] Total time for which application threads were stopped: 0.0000832 seconds, Stopping threads took: 0.0000163 seconds
[58.634s][info ][safepoint      ] Application time: 1.0000524 seconds
[58.634s][info ][safepoint      ] Entering safepoint region: Cleanup
[58.634s][info ][safepoint      ] Leaving safepoint region
[58.634s][info ][safepoint      ] Total time for which application threads were stopped: 0.0001054 seconds, Stopping threads took: 0.0000165 seconds
[59.634s][info ][safepoint      ] Application time: 1.0000858 seconds
[59.634s][info ][safepoint      ] Entering safepoint region: Cleanup
[59.634s][info ][safepoint      ] Leaving safepoint region
[59.634s][info ][safepoint      ] Total time for which application threads were stopped: 0.0001482 seconds, Stopping threads took: 0.0000222 seconds
[60.164s][info ][safepoint      ] Application time: 0.5295740 seconds
[60.164s][info ][safepoint      ] Entering safepoint region: ParallelGCFailedAllocation
[60.164s][info ][gc,start       ] GC(46) Pause Young (Allocation Failure)
[60.181s][debug][gc,phases      ] GC(46) Scavenge 16.779ms
[60.181s][debug][gc,ref         ] GC(46) Skipped phase1 of Reference Processing due to unavailable references
[60.181s][debug][gc,ref         ] GC(46) Skipped phase3 of Reference Processing due to unavailable references
[60.181s][debug][gc,phases      ] GC(46) Reference Processing 0.083ms
[60.181s][debug][gc,phases      ] GC(46) Weak Processing 0.223ms
[60.181s][debug][gc,phases      ] GC(46) Scrub String Table 0.553ms
[60.181s][debug][gc,age         ] GC(46) Desired survivor size 98566144 bytes, new threshold 15 (max threshold 15)
[60.181s][info ][gc,heap        ] GC(46) PSYoungGen: 1957556K->59940K(2000896K)
[60.181s][info ][gc,heap        ] GC(46) ParOldGen: 226348K->227156K(253952K)
[60.181s][info ][gc,metaspace   ] GC(46) Metaspace: 72325K->72325K(1116160K)
[60.182s][info ][gc             ] GC(46) Pause Young (Allocation Failure) 2132M->280M(2202M) 17.777ms
[60.182s][info ][gc,cpu         ] GC(46) User=0.07s Sys=0.00s Real=0.02s
[60.182s][info ][safepoint      ] Leaving safepoint region
[60.182s][info ][safepoint      ] Total time for which application threads were stopped: 0.0179535 seconds, Stopping threads took: 0.0000142 seconds
[61.182s][info ][safepoint      ] Application time: 1.0000972 seconds
[61.182s][info ][safepoint      ] Entering safepoint region: Cleanup
[61.182s][info ][safepoint      ] Leaving safepoint region
[61.182s][info ][safepoint      ] Total time for which application threads were stopped: 0.0001091 seconds, Stopping threads took: 0.0000220 seconds
[62.182s][info ][safepoint      ] Application time: 1.0000839 seconds
[62.182s][info ][safepoint      ] Entering safepoint region: Cleanup
[62.182s][info ][safepoint      ] Leaving safepoint region
[62.182s][info ][safepoint      ] Total time for which application threads were stopped: 0.0000991 seconds, Stopping threads took: 0.0000150 seconds
[63.182s][info ][safepoint      ] Application time: 1.0000801 seconds
[63.182s][info ][safepoint      ] Entering safepoint region: Cleanup
[63.182s][info ][safepoint      ] Leaving safepoint region
[63.182s][info ][safepoint      ] Total time for which application threads were stopped: 0.0000844 seconds, Stopping threads took: 0.0000160 seconds
[64.182s][info ][safepoint      ] Application time: 1.0000815 seconds
[64.182s][info ][safepoint      ] Entering safepoint region: Cleanup
[64.182s][info ][safepoint      ] Leaving safepoint region
[64.182s][info ][safepoint      ] Total time for which application threads were stopped: 0.0000818 seconds, Stopping threads took: 0.0000158 seconds
[65.183s][info ][safepoint      ] Application time: 1.0000730 seconds
[65.183s][info ][safepoint      ] Entering safepoint region: Cleanup
[65.183s][info ][safepoint      ] Leaving safepoint region
[65.183s][info ][safepoint      ] Total time for which application threads were stopped: 0.0001225 seconds, Stopping threads took: 0.0000309 seconds
[66.183s][info ][safepoint      ] Application time: 1.0000729 seconds
[66.183s][info ][safepoint      ] Entering safepoint region: Cleanup
[66.183s][info ][safepoint      ] Leaving safepoint region
[66.183s][info ][safepoint      ] Total time for which application threads were stopped: 0.0000795 seconds, Stopping threads took: 0.0000158 seconds
[67.183s][info ][safepoint      ] Application time: 1.0000775 seconds
[67.183s][info ][safepoint      ] Entering safepoint region: Cleanup
[67.183s][info ][safepoint      ] Leaving safepoint region
[67.183s][info ][safepoint      ] Total time for which application threads were stopped: 0.0001145 seconds, Stopping threads took: 0.0000213 seconds
[68.183s][info ][safepoint      ] Application time: 1.0000707 seconds
[68.183s][info ][safepoint      ] Entering safepoint region: Cleanup
[68.183s][info ][safepoint      ] Leaving safepoint region
[68.183s][info ][safepoint      ] Total time for which application threads were stopped: 0.0001163 seconds, Stopping threads took: 0.0000217 seconds
[69.183s][info ][safepoint      ] Application time: 1.0000809 seconds
[69.184s][info ][safepoint      ] Entering safepoint region: Cleanup
[69.184s][info ][safepoint      ] Leaving safepoint region
[69.184s][info ][safepoint      ] Total time for which application threads were stopped: 0.0000944 seconds, Stopping threads took: 0.0000162 seconds
[70.184s][info ][safepoint      ] Application time: 1.0000677 seconds
[70.184s][info ][safepoint      ] Entering safepoint region: Cleanup
[70.184s][info ][safepoint      ] Leaving safepoint region
[70.184s][info ][safepoint      ] Total time for which application threads were stopped: 0.0001053 seconds, Stopping threads took: 0.0000139 seconds
[71.184s][info ][safepoint      ] Application time: 1.0000718 seconds
[71.184s][info ][safepoint      ] Entering safepoint region: Cleanup
[71.184s][info ][safepoint      ] Leaving safepoint region
[71.184s][info ][safepoint      ] Total time for which application threads were stopped: 0.0000968 seconds, Stopping threads took: 0.0000138 seconds
[71.912s][info ][safepoint      ] Application time: 0.7277684 seconds
[71.912s][info ][safepoint      ] Entering safepoint region: ParallelGCFailedAllocation
[71.912s][info ][gc,start       ] GC(47) Pause Young (Allocation Failure)
[71.927s][debug][gc,phases      ] GC(47) Scavenge 15.067ms
[71.927s][debug][gc,ref         ] GC(47) Skipped phase1 of Reference Processing due to unavailable references
[71.927s][debug][gc,ref         ] GC(47) Skipped phase3 of Reference Processing due to unavailable references
[71.927s][debug][gc,phases      ] GC(47) Reference Processing 0.077ms
[71.927s][debug][gc,phases      ] GC(47) Weak Processing 0.177ms
[71.928s][debug][gc,phases      ] GC(47) Scrub String Table 0.566ms
[71.928s][debug][gc,age         ] GC(47) Desired survivor size 97517568 bytes, new threshold 15 (max threshold 15)
[71.928s][info ][gc,heap        ] GC(47) PSYoungGen: 1963556K->59611K(1999872K)
[71.928s][info ][gc,heap        ] GC(47) ParOldGen: 227156K->227320K(253952K)
[71.928s][info ][gc,metaspace   ] GC(47) Metaspace: 72372K->72372K(1116160K)
[71.928s][info ][gc             ] GC(47) Pause Young (Allocation Failure) 2139M->280M(2201M) 16.027ms
[71.928s][info ][gc,cpu         ] GC(47) User=0.06s Sys=0.00s Real=0.01s
[71.928s][info ][safepoint      ] Leaving safepoint region
[71.928s][info ][safepoint      ] Total time for which application threads were stopped: 0.0162562 seconds, Stopping threads took: 0.0000342 seconds
[72.928s][info ][safepoint      ] Application time: 1.0000835 seconds
[72.928s][info ][safepoint      ] Entering safepoint region: Cleanup
[72.928s][info ][safepoint      ] Leaving safepoint region
[72.928s][info ][safepoint      ] Total time for which application threads were stopped: 0.0001565 seconds, Stopping threads took: 0.0000134 seconds
[73.258s][info ][safepoint      ] Application time: 0.3294400 seconds
[73.258s][info ][safepoint      ] Entering safepoint region: RevokeBias
[73.258s][info ][safepoint      ] Leaving safepoint region
[73.258s][info ][safepoint      ] Total time for which application threads were stopped: 0.0001678 seconds, Stopping threads took: 0.0000645 seconds
[74.258s][info ][safepoint      ] Application time: 1.0000797 seconds
[74.258s][info ][safepoint      ] Entering safepoint region: Cleanup
[74.258s][info ][safepoint      ] Leaving safepoint region
[74.258s][info ][safepoint      ] Total time for which application threads were stopped: 0.0002820 seconds, Stopping threads took: 0.0000331 seconds
[75.259s][info ][safepoint      ] Application time: 1.0000775 seconds
[75.259s][info ][safepoint      ] Entering safepoint region: Cleanup
[75.259s][info ][safepoint      ] Leaving safepoint region
[75.259s][info ][safepoint      ] Total time for which application threads were stopped: 0.0001336 seconds, Stopping threads took: 0.0000313 seconds
[75.729s][info ][safepoint      ] Application time: 0.4702916 seconds
[75.729s][info ][safepoint      ] Entering safepoint region: ICBufferFull
[75.729s][info ][safepoint      ] Leaving safepoint region
[75.729s][info ][safepoint      ] Total time for which application threads were stopped: 0.0002651 seconds, Stopping threads took: 0.0000317 seconds
[76.042s][info ][safepoint      ] Application time: 0.3124093 seconds
[76.042s][info ][safepoint      ] Entering safepoint region: ICBufferFull
[76.042s][info ][safepoint      ] Leaving safepoint region
[76.042s][info ][safepoint      ] Total time for which application threads were stopped: 0.0002073 seconds, Stopping threads took: 0.0000141 seconds
[76.896s][info ][safepoint      ] Application time: 0.8545134 seconds
[76.896s][info ][safepoint      ] Entering safepoint region: ICBufferFull
[76.897s][info ][safepoint      ] Leaving safepoint region
[76.897s][info ][safepoint      ] Total time for which application threads were stopped: 0.0002266 seconds, Stopping threads took: 0.0000130 seconds
[77.897s][info ][safepoint      ] Application time: 1.0000774 seconds
[77.897s][info ][safepoint      ] Entering safepoint region: Cleanup
[77.897s][info ][safepoint      ] Leaving safepoint region
[77.897s][info ][safepoint      ] Total time for which application threads were stopped: 0.0001815 seconds, Stopping threads took: 0.0000507 seconds
[78.897s][info ][safepoint      ] Application time: 1.0000742 seconds
[78.897s][info ][safepoint      ] Entering safepoint region: Cleanup
[78.897s][info ][safepoint      ] Leaving safepoint region
[78.897s][info ][safepoint      ] Total time for which application threads were stopped: 0.0001592 seconds, Stopping threads took: 0.0000431 seconds
[79.897s][info ][safepoint      ] Application time: 1.0000730 seconds
[79.898s][info ][safepoint      ] Entering safepoint region: Cleanup
[79.898s][info ][safepoint      ] Leaving safepoint region
[79.898s][info ][safepoint      ] Total time for which application threads were stopped: 0.0002320 seconds, Stopping threads took: 0.0001472 seconds
[80.898s][info ][safepoint      ] Application time: 1.0000764 seconds
[80.898s][info ][safepoint      ] Entering safepoint region: Cleanup
[80.898s][info ][safepoint      ] Leaving safepoint region
[80.898s][info ][safepoint      ] Total time for which application threads were stopped: 0.0001131 seconds, Stopping threads took: 0.0000357 seconds
[81.898s][info ][safepoint      ] Application time: 1.0000968 seconds
[81.898s][info ][safepoint      ] Entering safepoint region: Cleanup
[81.898s][info ][safepoint      ] Leaving safepoint region
[81.898s][info ][safepoint      ] Total time for which application threads were stopped: 0.0001299 seconds, Stopping threads took: 0.0000361 seconds
[82.065s][info ][safepoint      ] Application time: 0.1670001 seconds
[82.065s][info ][safepoint      ] Entering safepoint region: ParallelGCFailedAllocation
[82.065s][info ][gc,start       ] GC(48) Pause Young (Allocation Failure)
[82.108s][debug][gc,phases      ] GC(48) Scavenge 42.400ms
[82.108s][debug][gc,ref         ] GC(48) Skipped phase1 of Reference Processing due to unavailable references
[82.108s][debug][gc,ref         ] GC(48) Skipped phase3 of Reference Processing due to unavailable references
[82.108s][debug][gc,phases      ] GC(48) Reference Processing 0.116ms
[82.108s][debug][gc,phases      ] GC(48) Weak Processing 0.242ms
[82.109s][debug][gc,phases      ] GC(48) Scrub String Table 0.761ms
[82.109s][debug][gc,age         ] GC(48) Desired survivor size 96468992 bytes, new threshold 15 (max threshold 15)
[82.109s][info ][gc,heap        ] GC(48) PSYoungGen: 1963227K->60971K(2002944K)
[82.109s][info ][gc,heap        ] GC(48) ParOldGen: 227320K->227552K(253952K)
[82.109s][info ][gc,metaspace   ] GC(48) Metaspace: 73060K->73060K(1116160K)
[82.109s][info ][gc             ] GC(48) Pause Young (Allocation Failure) 2139M->281M(2204M) 43.653ms
[82.109s][info ][gc,cpu         ] GC(48) User=0.08s Sys=0.00s Real=0.05s
[82.109s][info ][safepoint      ] Leaving safepoint region
[82.109s][info ][safepoint      ] Total time for which application threads were stopped: 0.0438423 seconds, Stopping threads took: 0.0000194 seconds
[83.116s][info ][safepoint      ] Application time: 1.0070990 seconds
[83.116s][info ][safepoint      ] Entering safepoint region: Cleanup
[83.116s][info ][safepoint      ] Leaving safepoint region
[83.116s][info ][safepoint      ] Total time for which application threads were stopped: 0.0001283 seconds, Stopping threads took: 0.0000410 seconds
[85.117s][info ][safepoint      ] Application time: 2.0007400 seconds
[85.121s][info ][safepoint      ] Entering safepoint region: Cleanup
[85.121s][info ][safepoint      ] Leaving safepoint region
[85.121s][info ][safepoint      ] Total time for which application threads were stopped: 0.0035444 seconds, Stopping threads took: 0.0034719 seconds
[86.121s][info ][safepoint      ] Application time: 1.0000771 seconds
[86.121s][info ][safepoint      ] Entering safepoint region: Cleanup
[86.121s][info ][safepoint      ] Leaving safepoint region
[86.121s][info ][safepoint      ] Total time for which application threads were stopped: 0.0001476 seconds, Stopping threads took: 0.0000439 seconds
[86.813s][info ][safepoint      ] Application time: 0.6921991 seconds
[86.813s][info ][safepoint      ] Entering safepoint region: RevokeBias
[86.813s][info ][safepoint      ] Leaving safepoint region
[86.813s][info ][safepoint      ] Total time for which application threads were stopped: 0.0001417 seconds, Stopping threads took: 0.0000408 seconds
[87.816s][info ][safepoint      ] Application time: 1.0030344 seconds
[87.816s][info ][safepoint      ] Entering safepoint region: Cleanup
[87.816s][info ][safepoint      ] Leaving safepoint region
[87.816s][info ][safepoint      ] Total time for which application threads were stopped: 0.0001267 seconds, Stopping threads took: 0.0000421 seconds
[88.817s][info ][safepoint      ] Application time: 1.0000799 seconds
[88.817s][info ][safepoint      ] Entering safepoint region: Cleanup
[88.817s][info ][safepoint      ] Leaving safepoint region
[88.817s][info ][safepoint      ] Total time for which application threads were stopped: 0.0001347 seconds, Stopping threads took: 0.0000416 seconds
[89.817s][info ][safepoint      ] Application time: 1.0000821 seconds
[89.819s][info ][safepoint      ] Entering safepoint region: Cleanup
[89.819s][info ][safepoint      ] Leaving safepoint region
[89.819s][info ][safepoint      ] Total time for which application threads were stopped: 0.0023905 seconds, Stopping threads took: 0.0023055 seconds
[90.819s][info ][safepoint      ] Application time: 1.0000685 seconds
[90.819s][info ][safepoint      ] Entering safepoint region: Cleanup
[90.820s][info ][safepoint      ] Leaving safepoint region
[90.820s][info ][safepoint      ] Total time for which application threads were stopped: 0.0001698 seconds, Stopping threads took: 0.0000356 seconds
[91.820s][info ][safepoint      ] Application time: 1.0000816 seconds
[91.820s][info ][safepoint      ] Entering safepoint region: Cleanup
[91.820s][info ][safepoint      ] Leaving safepoint region
[91.820s][info ][safepoint      ] Total time for which application threads were stopped: 0.0001124 seconds, Stopping threads took: 0.0000376 seconds
[92.820s][info ][safepoint      ] Application time: 1.0000796 seconds
[92.820s][info ][safepoint      ] Entering safepoint region: Cleanup
[92.820s][info ][safepoint      ] Leaving safepoint region
[92.820s][info ][safepoint      ] Total time for which application threads were stopped: 0.0001730 seconds, Stopping threads took: 0.0000678 seconds
[93.774s][info ][safepoint      ] Application time: 0.9542164 seconds
[93.774s][info ][safepoint      ] Entering safepoint region: ParallelGCFailedAllocation
[93.774s][info ][gc,start       ] GC(49) Pause Young (Allocation Failure)
[93.805s][debug][gc,phases      ] GC(49) Scavenge 30.134ms
[93.805s][debug][gc,ref         ] GC(49) Skipped phase1 of Reference Processing due to unavailable references
[93.805s][debug][gc,ref         ] GC(49) Skipped phase3 of Reference Processing due to unavailable references
[93.805s][debug][gc,phases      ] GC(49) Reference Processing 0.089ms
[93.805s][debug][gc,phases      ] GC(49) Weak Processing 0.200ms
[93.806s][debug][gc,phases      ] GC(49) Scrub String Table 0.569ms
[93.806s][debug][gc,age         ] GC(49) Desired survivor size 94896128 bytes, new threshold 15 (max threshold 15)
[93.806s][info ][gc,heap        ] GC(49) PSYoungGen: 1968683K->60660K(2001920K)
[93.806s][info ][gc,heap        ] GC(49) ParOldGen: 227552K->227864K(253952K)
[93.806s][info ][gc,metaspace   ] GC(49) Metaspace: 73099K->73099K(1116160K)
[93.806s][info ][gc             ] GC(49) Pause Young (Allocation Failure) 2144M->281M(2203M) 31.117ms
[93.806s][info ][gc,cpu         ] GC(49) User=0.07s Sys=0.00s Real=0.03s
[93.806s][info ][safepoint      ] Leaving safepoint region
[93.806s][info ][safepoint      ] Total time for which application threads were stopped: 0.0313140 seconds, Stopping threads took: 0.0000203 seconds
[94.806s][info ][safepoint      ] Application time: 1.0000886 seconds
[94.806s][info ][safepoint      ] Entering safepoint region: Cleanup
[94.806s][info ][safepoint      ] Leaving safepoint region
[94.806s][info ][safepoint      ] Total time for which application threads were stopped: 0.0001918 seconds, Stopping threads took: 0.0000379 seconds
[95.815s][info ][safepoint      ] Application time: 1.0087815 seconds
[95.815s][info ][safepoint      ] Entering safepoint region: Cleanup
[95.815s][info ][safepoint      ] Leaving safepoint region
[95.815s][info ][safepoint      ] Total time for which application threads were stopped: 0.0002094 seconds, Stopping threads took: 0.0000850 seconds
[96.819s][info ][safepoint      ] Application time: 1.0037233 seconds
[96.819s][info ][safepoint      ] Entering safepoint region: Cleanup
[96.819s][info ][safepoint      ] Leaving safepoint region
[96.819s][info ][safepoint      ] Total time for which application threads were stopped: 0.0002238 seconds, Stopping threads took: 0.0000731 seconds
[97.786s][info ][safepoint      ] Application time: 0.9665209 seconds
[97.786s][info ][safepoint      ] Entering safepoint region: RevokeBias
[97.786s][info ][safepoint      ] Leaving safepoint region
[97.786s][info ][safepoint      ] Total time for which application threads were stopped: 0.0001014 seconds, Stopping threads took: 0.0000114 seconds
[98.786s][info ][safepoint      ] Application time: 1.0000792 seconds
[98.786s][info ][safepoint      ] Entering safepoint region: Cleanup
[98.786s][info ][safepoint      ] Leaving safepoint region
[98.786s][info ][safepoint      ] Total time for which application threads were stopped: 0.0000955 seconds, Stopping threads took: 0.0000174 seconds
[99.786s][info ][safepoint      ] Application time: 1.0000825 seconds
[99.786s][info ][safepoint      ] Entering safepoint region: Cleanup
[99.786s][info ][safepoint      ] Leaving safepoint region
[99.786s][info ][safepoint      ] Total time for which application threads were stopped: 0.0001195 seconds, Stopping threads took: 0.0000170 seconds
[100.786s][info ][safepoint      ] Application time: 1.0000736 seconds
[100.786s][info ][safepoint      ] Entering safepoint region: Cleanup
[100.786s][info ][safepoint      ] Leaving safepoint region
[100.786s][info ][safepoint      ] Total time for which application threads were stopped: 0.0001226 seconds, Stopping threads took: 0.0000124 seconds
[101.786s][info ][safepoint      ] Application time: 1.0000830 seconds
[101.786s][info ][safepoint      ] Entering safepoint region: Cleanup
[101.787s][info ][safepoint      ] Leaving safepoint region
[101.787s][info ][safepoint      ] Total time for which application threads were stopped: 0.0000974 seconds, Stopping threads took: 0.0000122 seconds
[102.787s][info ][safepoint      ] Application time: 1.0000726 seconds
[102.787s][info ][safepoint      ] Entering safepoint region: Cleanup
[102.787s][info ][safepoint      ] Leaving safepoint region
[102.787s][info ][safepoint      ] Total time for which application threads were stopped: 0.0000835 seconds, Stopping threads took: 0.0000133 seconds
[103.787s][info ][safepoint      ] Application time: 1.0000672 seconds
[103.787s][info ][safepoint      ] Entering safepoint region: Cleanup
[103.787s][info ][safepoint      ] Leaving safepoint region
[103.787s][info ][safepoint      ] Total time for which application threads were stopped: 0.0000779 seconds, Stopping threads took: 0.0000125 seconds
[104.787s][info ][safepoint      ] Application time: 1.0000733 seconds
[104.787s][info ][safepoint      ] Entering safepoint region: Cleanup
[104.787s][info ][safepoint      ] Leaving safepoint region
[104.787s][info ][safepoint      ] Total time for which application threads were stopped: 0.0001152 seconds, Stopping threads took: 0.0000188 seconds
[105.604s][info ][safepoint      ] Application time: 0.8171543 seconds
[105.604s][info ][safepoint      ] Entering safepoint region: ParallelGCFailedAllocation
[105.604s][info ][gc,start       ] GC(50) Pause Young (Allocation Failure)
[105.623s][debug][gc,phases      ] GC(50) Scavenge 18.157ms
[105.623s][debug][gc,ref         ] GC(50) Skipped phase1 of Reference Processing due to unavailable references
[105.623s][debug][gc,ref         ] GC(50) Skipped phase3 of Reference Processing due to unavailable references
[105.623s][debug][gc,phases      ] GC(50) Reference Processing 0.085ms
[105.623s][debug][gc,phases      ] GC(50) Weak Processing 0.177ms
[105.624s][debug][gc,phases      ] GC(50) Scrub String Table 0.522ms
[105.624s][debug][gc,age         ] GC(50) Desired survivor size 93323264 bytes, new threshold 15 (max threshold 15)
[105.624s][info ][gc,heap        ] GC(50) PSYoungGen: 1968372K->59981K(2006016K)
[105.624s][info ][gc,heap        ] GC(50) ParOldGen: 227864K->228696K(253952K)
[105.624s][info ][gc,metaspace   ] GC(50) Metaspace: 73263K->73263K(1116160K)
[105.624s][info ][gc             ] GC(50) Pause Young (Allocation Failure) 2144M->281M(2207M) 19.064ms
[105.624s][info ][gc,cpu         ] GC(50) User=0.07s Sys=0.00s Real=0.02s
[105.624s][info ][safepoint      ] Leaving safepoint region
[105.624s][info ][safepoint      ] Total time for which application threads were stopped: 0.0192348 seconds, Stopping threads took: 0.0000121 seconds
[106.624s][info ][safepoint      ] Application time: 1.0000839 seconds
[106.624s][info ][safepoint      ] Entering safepoint region: Cleanup
[106.624s][info ][safepoint      ] Leaving safepoint region
[106.624s][info ][safepoint      ] Total time for which application threads were stopped: 0.0001287 seconds, Stopping threads took: 0.0000195 seconds
[107.624s][info ][safepoint      ] Application time: 1.0000869 seconds
[107.624s][info ][safepoint      ] Entering safepoint region: Cleanup
[107.624s][info ][safepoint      ] Leaving safepoint region
[107.624s][info ][safepoint      ] Total time for which application threads were stopped: 0.0001134 seconds, Stopping threads took: 0.0000198 seconds
[108.624s][info ][safepoint      ] Application time: 1.0000875 seconds
[108.624s][info ][safepoint      ] Entering safepoint region: Cleanup
[108.624s][info ][safepoint      ] Leaving safepoint region
[108.624s][info ][safepoint      ] Total time for which application threads were stopped: 0.0000955 seconds, Stopping threads took: 0.0000195 seconds
[109.624s][info ][safepoint      ] Application time: 1.0000701 seconds
[109.624s][info ][safepoint      ] Entering safepoint region: Cleanup
[109.625s][info ][safepoint      ] Leaving safepoint region
[109.625s][info ][safepoint      ] Total time for which application threads were stopped: 0.0000928 seconds, Stopping threads took: 0.0000141 seconds
[110.625s][info ][safepoint      ] Application time: 1.0000688 seconds
[110.625s][info ][safepoint      ] Entering safepoint region: Cleanup
[110.625s][info ][safepoint      ] Leaving safepoint region
[110.625s][info ][safepoint      ] Total time for which application threads were stopped: 0.0001316 seconds, Stopping threads took: 0.0000318 seconds
[111.625s][info ][safepoint      ] Application time: 1.0000651 seconds
[111.625s][info ][safepoint      ] Entering safepoint region: Cleanup
[111.625s][info ][safepoint      ] Leaving safepoint region
[111.625s][info ][safepoint      ] Total time for which application threads were stopped: 0.0000769 seconds, Stopping threads took: 0.0000128 seconds
[112.625s][info ][safepoint      ] Application time: 1.0000690 seconds
[112.625s][info ][safepoint      ] Entering safepoint region: Cleanup
[112.625s][info ][safepoint      ] Leaving safepoint region
[112.625s][info ][safepoint      ] Total time for which application threads were stopped: 0.0000872 seconds, Stopping threads took: 0.0000182 seconds
[113.625s][info ][safepoint      ] Application time: 1.0000720 seconds
[113.625s][info ][safepoint      ] Entering safepoint region: Cleanup
[113.625s][info ][safepoint      ] Leaving safepoint region
[113.625s][info ][safepoint      ] Total time for which application threads were stopped: 0.0000781 seconds, Stopping threads took: 0.0000143 seconds
[114.625s][info ][safepoint      ] Application time: 1.0000695 seconds
[114.626s][info ][safepoint      ] Entering safepoint region: Cleanup
[114.626s][info ][safepoint      ] Leaving safepoint region
[114.626s][info ][safepoint      ] Total time for which application threads were stopped: 0.0000769 seconds, Stopping threads took: 0.0000130 seconds
[115.626s][info ][safepoint      ] Application time: 1.0000665 seconds
[115.626s][info ][safepoint      ] Entering safepoint region: Cleanup
[115.626s][info ][safepoint      ] Leaving safepoint region
[115.626s][info ][safepoint      ] Total time for which application threads were stopped: 0.0000787 seconds, Stopping threads took: 0.0000160 seconds
[116.626s][info ][safepoint      ] Application time: 1.0000697 seconds
[116.626s][info ][safepoint      ] Entering safepoint region: Cleanup
[116.626s][info ][safepoint      ] Leaving safepoint region
[116.626s][info ][safepoint      ] Total time for which application threads were stopped: 0.0000972 seconds, Stopping threads took: 0.0000160 seconds
[117.407s][info ][safepoint      ] Application time: 0.7813209 seconds
[117.407s][info ][safepoint      ] Entering safepoint region: ParallelGCFailedAllocation
[117.407s][info ][gc,start       ] GC(51) Pause Young (Allocation Failure)
[117.425s][debug][gc,phases      ] GC(51) Scavenge 17.381ms
[117.425s][debug][gc,ref         ] GC(51) Skipped phase1 of Reference Processing due to unavailable references
[117.425s][debug][gc,ref         ] GC(51) Skipped phase3 of Reference Processing due to unavailable references
[117.425s][debug][gc,phases      ] GC(51) Reference Processing 0.087ms
[117.425s][debug][gc,phases      ] GC(51) Weak Processing 0.189ms
[117.426s][debug][gc,phases      ] GC(51) Scrub String Table 0.537ms
[117.426s][debug][gc,age         ] GC(51) Desired survivor size 91750400 bytes, new threshold 15 (max threshold 15)
[117.426s][info ][gc,heap        ] GC(51) PSYoungGen: 1973325K->59524K(2004480K)
[117.426s][info ][gc,heap        ] GC(51) ParOldGen: 228696K->229188K(253952K)
[117.426s][info ][gc,metaspace   ] GC(51) Metaspace: 73299K->73299K(1116160K)
[117.426s][info ][gc             ] GC(51) Pause Young (Allocation Failure) 2150M->281M(2205M) 18.321ms
[117.426s][info ][gc,cpu         ] GC(51) User=0.06s Sys=0.01s Real=0.02s
[117.426s][info ][safepoint      ] Leaving safepoint region
[117.426s][info ][safepoint      ] Total time for which application threads were stopped: 0.0185021 seconds, Stopping threads took: 0.0000135 seconds
[118.426s][info ][safepoint      ] Application time: 1.0000768 seconds
[118.426s][info ][safepoint      ] Entering safepoint region: Cleanup
[118.426s][info ][safepoint      ] Leaving safepoint region
[118.426s][info ][safepoint      ] Total time for which application threads were stopped: 0.0000758 seconds, Stopping threads took: 0.0000124 seconds
[119.426s][info ][safepoint      ] Application time: 1.0000672 seconds
[119.426s][info ][safepoint      ] Entering safepoint region: Cleanup
[119.426s][info ][safepoint      ] Leaving safepoint region
[119.426s][info ][safepoint      ] Total time for which application threads were stopped: 0.0000750 seconds, Stopping threads took: 0.0000141 seconds
[121.426s][info ][safepoint      ] Application time: 2.0001106 seconds
[121.426s][info ][safepoint      ] Entering safepoint region: Cleanup
[121.426s][info ][safepoint      ] Leaving safepoint region
[121.426s][info ][safepoint      ] Total time for which application threads were stopped: 0.0000700 seconds, Stopping threads took: 0.0000173 seconds
[122.427s][info ][safepoint      ] Application time: 1.0000637 seconds
[122.427s][info ][safepoint      ] Entering safepoint region: Cleanup
[122.427s][info ][safepoint      ] Leaving safepoint region
[122.427s][info ][safepoint      ] Total time for which application threads were stopped: 0.0000857 seconds, Stopping threads took: 0.0000127 seconds
[124.427s][info ][safepoint      ] Application time: 2.0001330 seconds
[124.427s][info ][safepoint      ] Entering safepoint region: Cleanup
[124.427s][info ][safepoint      ] Leaving safepoint region
[124.427s][info ][safepoint      ] Total time for which application threads were stopped: 0.0000818 seconds, Stopping threads took: 0.0000129 seconds
[125.427s][info ][safepoint      ] Application time: 1.0000712 seconds
[125.427s][info ][safepoint      ] Entering safepoint region: Cleanup
[125.427s][info ][safepoint      ] Leaving safepoint region
[125.427s][info ][safepoint      ] Total time for which application threads were stopped: 0.0000861 seconds, Stopping threads took: 0.0000125 seconds
[126.427s][info ][safepoint      ] Application time: 1.0000653 seconds
[126.427s][info ][safepoint      ] Entering safepoint region: Cleanup
[126.427s][info ][safepoint      ] Leaving safepoint region
[126.427s][info ][safepoint      ] Total time for which application threads were stopped: 0.0001129 seconds, Stopping threads took: 0.0000396 seconds
[127.427s][info ][safepoint      ] Application time: 1.0000445 seconds
[127.427s][info ][safepoint      ] Entering safepoint region: Cleanup
[127.428s][info ][safepoint      ] Leaving safepoint region
[127.428s][info ][safepoint      ] Total time for which application threads were stopped: 0.0000856 seconds, Stopping threads took: 0.0000122 seconds
[128.428s][info ][safepoint      ] Application time: 1.0000801 seconds
[128.428s][info ][safepoint      ] Entering safepoint region: Cleanup
[128.428s][info ][safepoint      ] Leaving safepoint region
[128.428s][info ][safepoint      ] Total time for which application threads were stopped: 0.0000841 seconds, Stopping threads took: 0.0000143 seconds
[129.149s][info ][safepoint      ] Application time: 0.7208271 seconds
[129.149s][info ][safepoint      ] Entering safepoint region: ParallelGCFailedAllocation
[129.149s][info ][gc,start       ] GC(52) Pause Young (Allocation Failure)
[129.166s][debug][gc,phases      ] GC(52) Scavenge 16.977ms
[129.166s][debug][gc,ref         ] GC(52) Skipped phase1 of Reference Processing due to unavailable references
[129.166s][debug][gc,ref         ] GC(52) Skipped phase3 of Reference Processing due to unavailable references
[129.166s][debug][gc,phases      ] GC(52) Reference Processing 0.106ms
[129.166s][debug][gc,phases      ] GC(52) Weak Processing 0.206ms
[129.167s][debug][gc,phases      ] GC(52) Scrub String Table 0.633ms
[129.167s][debug][gc,age         ] GC(52) Desired survivor size 89128960 bytes, new threshold 15 (max threshold 15)
[129.167s][info ][gc,heap        ] GC(52) PSYoungGen: 1972868K->57821K(2010112K)
[129.167s][info ][gc,heap        ] GC(52) ParOldGen: 229188K->231028K(253952K)
[129.167s][info ][gc,metaspace   ] GC(52) Metaspace: 73309K->73309K(1116160K)
[129.167s][info ][gc             ] GC(52) Pause Young (Allocation Failure) 2150M->282M(2211M) 18.080ms
[129.167s][info ][gc,cpu         ] GC(52) User=0.06s Sys=0.00s Real=0.02s
[129.167s][info ][safepoint      ] Leaving safepoint region
[129.167s][info ][safepoint      ] Total time for which application threads were stopped: 0.0182671 seconds, Stopping threads took: 0.0000301 seconds
[130.167s][info ][safepoint      ] Application time: 1.0000824 seconds
[130.167s][info ][safepoint      ] Entering safepoint region: Cleanup
[130.167s][info ][safepoint      ] Leaving safepoint region
[130.167s][info ][safepoint      ] Total time for which application threads were stopped: 0.0001104 seconds, Stopping threads took: 0.0000363 seconds
[131.167s][info ][safepoint      ] Application time: 1.0000452 seconds
[131.167s][info ][safepoint      ] Entering safepoint region: Cleanup
[131.167s][info ][safepoint      ] Leaving safepoint region
[131.167s][info ][safepoint      ] Total time for which application threads were stopped: 0.0001153 seconds, Stopping threads took: 0.0000353 seconds
[132.167s][info ][safepoint      ] Application time: 1.0000822 seconds
[132.167s][info ][safepoint      ] Entering safepoint region: Cleanup
[132.168s][info ][safepoint      ] Leaving safepoint region
[132.168s][info ][safepoint      ] Total time for which application threads were stopped: 0.0000782 seconds, Stopping threads took: 0.0000127 seconds
[133.168s][info ][safepoint      ] Application time: 1.0000765 seconds
[133.168s][info ][safepoint      ] Entering safepoint region: Cleanup
[133.168s][info ][safepoint      ] Leaving safepoint region
[133.168s][info ][safepoint      ] Total time for which application threads were stopped: 0.0001121 seconds, Stopping threads took: 0.0000185 seconds
[134.168s][info ][safepoint      ] Application time: 1.0000766 seconds
[134.168s][info ][safepoint      ] Entering safepoint region: Cleanup
[134.168s][info ][safepoint      ] Leaving safepoint region
[134.168s][info ][safepoint      ] Total time for which application threads were stopped: 0.0001148 seconds, Stopping threads took: 0.0000379 seconds
[135.168s][info ][safepoint      ] Application time: 1.0000886 seconds
[135.168s][info ][safepoint      ] Entering safepoint region: Cleanup
[135.168s][info ][safepoint      ] Leaving safepoint region
[135.168s][info ][safepoint      ] Total time for which application threads were stopped: 0.0001180 seconds, Stopping threads took: 0.0000456 seconds
[136.168s][info ][safepoint      ] Application time: 1.0000839 seconds
[136.168s][info ][safepoint      ] Entering safepoint region: Cleanup
[136.168s][info ][safepoint      ] Leaving safepoint region
[136.169s][info ][safepoint      ] Total time for which application threads were stopped: 0.0001255 seconds, Stopping threads took: 0.0000380 seconds
[136.699s][info ][safepoint      ] Application time: 0.5302626 seconds
[136.699s][info ][safepoint      ] Entering safepoint region: ICBufferFull
[136.699s][info ][safepoint      ] Leaving safepoint region
[136.699s][info ][safepoint      ] Total time for which application threads were stopped: 0.0002592 seconds, Stopping threads took: 0.0000282 seconds
[136.764s][info ][safepoint      ] Application time: 0.0652747 seconds
[136.764s][info ][safepoint      ] Entering safepoint region: RevokeBias
[136.765s][info ][safepoint      ] Leaving safepoint region
[136.765s][info ][safepoint      ] Total time for which application threads were stopped: 0.0001451 seconds, Stopping threads took: 0.0000280 seconds
[137.765s][info ][safepoint      ] Application time: 1.0000897 seconds
[137.765s][info ][safepoint      ] Entering safepoint region: Cleanup
[137.765s][info ][safepoint      ] Leaving safepoint region
[137.765s][info ][safepoint      ] Total time for which application threads were stopped: 0.0001156 seconds, Stopping threads took: 0.0000451 seconds
[138.765s][info ][safepoint      ] Application time: 1.0000536 seconds
[138.765s][info ][safepoint      ] Entering safepoint region: Cleanup
[138.765s][info ][safepoint      ] Leaving safepoint region
[138.765s][info ][safepoint      ] Total time for which application threads were stopped: 0.0001310 seconds, Stopping threads took: 0.0000498 seconds
[139.765s][info ][safepoint      ] Application time: 1.0000795 seconds
[139.765s][info ][safepoint      ] Entering safepoint region: Cleanup
[139.765s][info ][safepoint      ] Leaving safepoint region
[139.765s][info ][safepoint      ] Total time for which application threads were stopped: 0.0001194 seconds, Stopping threads took: 0.0000457 seconds
[140.765s][info ][safepoint      ] Application time: 1.0000842 seconds
[140.765s][info ][safepoint      ] Entering safepoint region: Cleanup
[140.765s][info ][safepoint      ] Leaving safepoint region
[140.765s][info ][safepoint      ] Total time for which application threads were stopped: 0.0001158 seconds, Stopping threads took: 0.0000350 seconds
[141.157s][info ][safepoint      ] Application time: 0.3912226 seconds
[141.157s][info ][safepoint      ] Entering safepoint region: ParallelGCFailedAllocation
[141.157s][info ][gc,start       ] GC(53) Pause Young (Allocation Failure)
[141.172s][debug][gc,phases      ] GC(53) Scavenge 14.869ms
[141.172s][debug][gc,ref         ] GC(53) Skipped phase1 of Reference Processing due to unavailable references
[141.172s][debug][gc,ref         ] GC(53) Skipped phase3 of Reference Processing due to unavailable references
[141.172s][debug][gc,phases      ] GC(53) Reference Processing 0.086ms
[141.172s][debug][gc,phases      ] GC(53) Weak Processing 0.189ms
[141.173s][debug][gc,phases      ] GC(53) Scrub String Table 0.546ms
[141.173s][debug][gc,age         ] GC(53) Desired survivor size 87031808 bytes, new threshold 15 (max threshold 15)
[141.173s][info ][gc,heap        ] GC(53) PSYoungGen: 1978333K->57634K(2007552K)
[141.173s][info ][gc,heap        ] GC(53) ParOldGen: 231028K->231252K(253952K)
[141.173s][info ][gc,metaspace   ] GC(53) Metaspace: 73351K->73351K(1116160K)
[141.173s][info ][gc             ] GC(53) Pause Young (Allocation Failure) 2157M->282M(2208M) 15.838ms
[141.173s][info ][gc,cpu         ] GC(53) User=0.06s Sys=0.00s Real=0.01s
[141.173s][info ][safepoint      ] Leaving safepoint region
[141.173s][info ][safepoint      ] Total time for which application threads were stopped: 0.0160703 seconds, Stopping threads took: 0.0000189 seconds
[142.173s][info ][safepoint      ] Application time: 1.0000463 seconds
[142.173s][info ][safepoint      ] Entering safepoint region: Cleanup
[142.173s][info ][safepoint      ] Leaving safepoint region
[142.173s][info ][safepoint      ] Total time for which application threads were stopped: 0.0000841 seconds, Stopping threads took: 0.0000195 seconds
[143.173s][info ][safepoint      ] Application time: 1.0000755 seconds
[143.173s][info ][safepoint      ] Entering safepoint region: Cleanup
[143.173s][info ][safepoint      ] Leaving safepoint region
[143.173s][info ][safepoint      ] Total time for which application threads were stopped: 0.0001304 seconds, Stopping threads took: 0.0000533 seconds
[144.173s][info ][safepoint      ] Application time: 1.0000839 seconds
[144.173s][info ][safepoint      ] Entering safepoint region: Cleanup
[144.173s][info ][safepoint      ] Leaving safepoint region
[144.173s][info ][safepoint      ] Total time for which application threads were stopped: 0.0000899 seconds, Stopping threads took: 0.0000138 seconds
[145.174s][info ][safepoint      ] Application time: 1.0000732 seconds
[145.174s][info ][safepoint      ] Entering safepoint region: Cleanup
[145.174s][info ][safepoint      ] Leaving safepoint region
[145.174s][info ][safepoint      ] Total time for which application threads were stopped: 0.0001216 seconds, Stopping threads took: 0.0000464 seconds
[146.174s][info ][safepoint      ] Application time: 1.0000803 seconds
[146.174s][info ][safepoint      ] Entering safepoint region: Cleanup
[146.174s][info ][safepoint      ] Leaving safepoint region
[146.174s][info ][safepoint      ] Total time for which application threads were stopped: 0.0000921 seconds, Stopping threads took: 0.0000195 seconds
[146.813s][info ][safepoint      ] Application time: 0.6390514 seconds
[146.813s][info ][safepoint      ] Entering safepoint region: RevokeBias
[146.813s][info ][safepoint      ] Leaving safepoint region
[146.813s][info ][safepoint      ] Total time for which application threads were stopped: 0.0001229 seconds, Stopping threads took: 0.0000614 seconds
[147.813s][info ][safepoint      ] Application time: 1.0000756 seconds
[147.813s][info ][safepoint      ] Entering safepoint region: Cleanup
[147.813s][info ][safepoint      ] Leaving safepoint region
[147.813s][info ][safepoint      ] Total time for which application threads were stopped: 0.0001346 seconds, Stopping threads took: 0.0000555 seconds
[148.813s][info ][safepoint      ] Application time: 1.0000859 seconds
[148.814s][info ][safepoint      ] Entering safepoint region: Cleanup
[148.814s][info ][safepoint      ] Leaving safepoint region
[148.814s][info ][safepoint      ] Total time for which application threads were stopped: 0.0001230 seconds, Stopping threads took: 0.0000441 seconds
[150.814s][info ][safepoint      ] Application time: 2.0001472 seconds
[150.814s][info ][safepoint      ] Entering safepoint region: Cleanup
[150.814s][info ][safepoint      ] Leaving safepoint region
[150.814s][info ][safepoint      ] Total time for which application threads were stopped: 0.0001201 seconds, Stopping threads took: 0.0000422 seconds
[151.814s][info ][safepoint      ] Application time: 1.0000763 seconds
[151.814s][info ][safepoint      ] Entering safepoint region: Cleanup
[151.814s][info ][safepoint      ] Leaving safepoint region
[151.814s][info ][safepoint      ] Total time for which application threads were stopped: 0.0001095 seconds, Stopping threads took: 0.0000345 seconds
[152.933s][info ][safepoint      ] Application time: 1.1190323 seconds
[152.933s][info ][safepoint      ] Entering safepoint region: ParallelGCFailedAllocation
[152.933s][info ][gc,start       ] GC(54) Pause Young (Allocation Failure)
[152.948s][debug][gc,phases      ] GC(54) Scavenge 14.453ms
[152.948s][debug][gc,ref         ] GC(54) Skipped phase1 of Reference Processing due to unavailable references
[152.948s][debug][gc,ref         ] GC(54) Skipped phase3 of Reference Processing due to unavailable references
[152.948s][debug][gc,phases      ] GC(54) Reference Processing 0.092ms
[152.948s][debug][gc,phases      ] GC(54) Weak Processing 0.190ms
[152.949s][debug][gc,phases      ] GC(54) Scrub String Table 0.530ms
[152.949s][debug][gc,age         ] GC(54) Desired survivor size 84934656 bytes, new threshold 15 (max threshold 15)
[152.949s][info ][gc,heap        ] GC(54) PSYoungGen: 1978146K->57277K(2014208K)
[152.949s][info ][gc,heap        ] GC(54) ParOldGen: 231252K->231548K(253952K)
[152.949s][info ][gc,metaspace   ] GC(54) Metaspace: 73374K->73374K(1116160K)
[152.949s][info ][gc             ] GC(54) Pause Young (Allocation Failure) 2157M->282M(2215M) 15.421ms
[152.949s][info ][gc,cpu         ] GC(54) User=0.05s Sys=0.01s Real=0.02s
[152.949s][info ][safepoint      ] Leaving safepoint region
[152.949s][info ][safepoint      ] Total time for which application threads were stopped: 0.0156382 seconds, Stopping threads took: 0.0000605 seconds
[153.949s][info ][safepoint      ] Application time: 1.0000783 seconds
[153.949s][info ][safepoint      ] Entering safepoint region: Cleanup
[153.949s][info ][safepoint      ] Leaving safepoint region
[153.949s][info ][safepoint      ] Total time for which application threads were stopped: 0.0000945 seconds, Stopping threads took: 0.0000293 seconds
[154.949s][info ][safepoint      ] Application time: 1.0000809 seconds
[154.949s][info ][safepoint      ] Entering safepoint region: Cleanup
[154.949s][info ][safepoint      ] Leaving safepoint region
[154.949s][info ][safepoint      ] Total time for which application threads were stopped: 0.0001128 seconds, Stopping threads took: 0.0000346 seconds
[155.949s][info ][safepoint      ] Application time: 1.0000813 seconds
[155.950s][info ][safepoint      ] Entering safepoint region: Cleanup
[155.950s][info ][safepoint      ] Leaving safepoint region
[155.950s][info ][safepoint      ] Total time for which application threads were stopped: 0.0001430 seconds, Stopping threads took: 0.0000483 seconds
[156.950s][info ][safepoint      ] Application time: 1.0000818 seconds
[156.950s][info ][safepoint      ] Entering safepoint region: Cleanup
[156.950s][info ][safepoint      ] Leaving safepoint region
[156.950s][info ][safepoint      ] Total time for which application threads were stopped: 0.0001302 seconds, Stopping threads took: 0.0000474 seconds
[159.301s][info ][safepoint      ] Application time: 2.3510829 seconds
[159.301s][info ][safepoint      ] Entering safepoint region: RevokeBias
[159.301s][info ][safepoint      ] Leaving safepoint region
[159.301s][info ][safepoint      ] Total time for which application threads were stopped: 0.0001089 seconds, Stopping threads took: 0.0000393 seconds
[161.301s][info ][safepoint      ] Application time: 2.0001109 seconds
[161.301s][info ][safepoint      ] Entering safepoint region: Cleanup
[161.301s][info ][safepoint      ] Leaving safepoint region
[161.301s][info ][safepoint      ] Total time for which application threads were stopped: 0.0001129 seconds, Stopping threads took: 0.0000458 seconds
[162.302s][info ][safepoint      ] Application time: 1.0000777 seconds
[162.302s][info ][safepoint      ] Entering safepoint region: Cleanup
[162.302s][info ][safepoint      ] Leaving safepoint region
[162.302s][info ][safepoint      ] Total time for which application threads were stopped: 0.0001288 seconds, Stopping threads took: 0.0000487 seconds
[163.302s][info ][safepoint      ] Application time: 1.0000715 seconds
[163.302s][info ][safepoint      ] Entering safepoint region: Cleanup
[163.302s][info ][safepoint      ] Leaving safepoint region
[163.302s][info ][safepoint      ] Total time for which application threads were stopped: 0.0001022 seconds, Stopping threads took: 0.0000284 seconds
[164.302s][info ][safepoint      ] Application time: 1.0000734 seconds
[164.302s][info ][safepoint      ] Entering safepoint region: Cleanup
[164.302s][info ][safepoint      ] Leaving safepoint region
[164.302s][info ][safepoint      ] Total time for which application threads were stopped: 0.0001329 seconds, Stopping threads took: 0.0000463 seconds
[164.768s][info ][safepoint      ] Application time: 0.4663170 seconds
[164.769s][info ][safepoint      ] Entering safepoint region: ParallelGCFailedAllocation
[164.769s][info ][gc,start       ] GC(55) Pause Young (Allocation Failure)
[164.785s][debug][gc,phases      ] GC(55) Scavenge 15.913ms
[164.785s][debug][gc,ref         ] GC(55) Skipped phase1 of Reference Processing due to unavailable references
[164.785s][debug][gc,ref         ] GC(55) Skipped phase3 of Reference Processing due to unavailable references
[164.785s][debug][gc,phases      ] GC(55) Reference Processing 0.075ms
[164.785s][debug][gc,phases      ] GC(55) Weak Processing 0.207ms
[164.785s][debug][gc,phases      ] GC(55) Scrub String Table 0.543ms
[164.785s][debug][gc,age         ] GC(55) Desired survivor size 82313216 bytes, new threshold 15 (max threshold 15)
[164.785s][info ][gc,heap        ] GC(55) PSYoungGen: 1986493K->56290K(2012160K)
[164.785s][info ][gc,heap        ] GC(55) ParOldGen: 231548K->232620K(253952K)
[164.785s][info ][gc,metaspace   ] GC(55) Metaspace: 73411K->73411K(1116160K)
[164.785s][info ][gc             ] GC(55) Pause Young (Allocation Failure) 2166M->282M(2213M) 16.865ms
[164.785s][info ][gc,cpu         ] GC(55) User=0.06s Sys=0.00s Real=0.02s
[164.786s][info ][safepoint      ] Leaving safepoint region
[164.786s][info ][safepoint      ] Total time for which application threads were stopped: 0.0170187 seconds, Stopping threads took: 0.0000113 seconds
[165.786s][info ][safepoint      ] Application time: 1.0000777 seconds
[165.786s][info ][safepoint      ] Entering safepoint region: Cleanup
[165.786s][info ][safepoint      ] Leaving safepoint region
[165.786s][info ][safepoint      ] Total time for which application threads were stopped: 0.0000943 seconds, Stopping threads took: 0.0000137 seconds
[166.786s][info ][safepoint      ] Application time: 1.0000736 seconds
[166.786s][info ][safepoint      ] Entering safepoint region: Cleanup
[166.786s][info ][safepoint      ] Leaving safepoint region
[166.786s][info ][safepoint      ] Total time for which application threads were stopped: 0.0000905 seconds, Stopping threads took: 0.0000133 seconds
[167.786s][info ][safepoint      ] Application time: 1.0000651 seconds
[167.786s][info ][safepoint      ] Entering safepoint region: Cleanup
[167.786s][info ][safepoint      ] Leaving safepoint region
[167.786s][info ][safepoint      ] Total time for which application threads were stopped: 0.0000851 seconds, Stopping threads took: 0.0000133 seconds
[168.786s][info ][safepoint      ] Application time: 1.0000735 seconds
[168.786s][info ][safepoint      ] Entering safepoint region: Cleanup
[168.786s][info ][safepoint      ] Leaving safepoint region
[168.786s][info ][safepoint      ] Total time for which application threads were stopped: 0.0000671 seconds, Stopping threads took: 0.0000144 seconds
[169.786s][info ][safepoint      ] Application time: 1.0000575 seconds
[169.786s][info ][safepoint      ] Entering safepoint region: Cleanup
[169.786s][info ][safepoint      ] Leaving safepoint region
[169.786s][info ][safepoint      ] Total time for which application threads were stopped: 0.0000736 seconds, Stopping threads took: 0.0000125 seconds
[171.787s][info ][safepoint      ] Application time: 2.0001487 seconds
[171.787s][info ][safepoint      ] Entering safepoint region: Cleanup
[171.787s][info ][safepoint      ] Leaving safepoint region
[171.787s][info ][safepoint      ] Total time for which application threads were stopped: 0.0000947 seconds, Stopping threads took: 0.0000191 seconds
[172.787s][info ][safepoint      ] Application time: 1.0000677 seconds
[172.787s][info ][safepoint      ] Entering safepoint region: Cleanup
[172.787s][info ][safepoint      ] Leaving safepoint region
[172.787s][info ][safepoint      ] Total time for which application threads were stopped: 0.0000702 seconds, Stopping threads took: 0.0000130 seconds
[173.787s][info ][safepoint      ] Application time: 1.0000760 seconds
[173.787s][info ][safepoint      ] Entering safepoint region: Cleanup
[173.787s][info ][safepoint      ] Leaving safepoint region
[173.787s][info ][safepoint      ] Total time for which application threads were stopped: 0.0000693 seconds, Stopping threads took: 0.0000128 seconds
[175.787s][info ][safepoint      ] Application time: 2.0000419 seconds
[175.787s][info ][safepoint      ] Entering safepoint region: Cleanup
[175.787s][info ][safepoint      ] Leaving safepoint region
[175.787s][info ][safepoint      ] Total time for which application threads were stopped: 0.0000793 seconds, Stopping threads took: 0.0000123 seconds
[176.787s][info ][safepoint      ] Application time: 1.0000682 seconds
[176.787s][info ][safepoint      ] Entering safepoint region: Cleanup
[176.787s][info ][safepoint      ] Leaving safepoint region
[176.787s][info ][safepoint      ] Total time for which application threads were stopped: 0.0000728 seconds, Stopping threads took: 0.0000138 seconds
[176.804s][info ][safepoint      ] Application time: 0.0168707 seconds
[176.804s][info ][safepoint      ] Entering safepoint region: ParallelGCFailedAllocation
[176.805s][info ][gc,start       ] GC(56) Pause Young (Allocation Failure)
[176.820s][debug][gc,phases      ] GC(56) Scavenge 15.068ms
[176.820s][debug][gc,ref         ] GC(56) Skipped phase1 of Reference Processing due to unavailable references
[176.820s][debug][gc,ref         ] GC(56) Skipped phase3 of Reference Processing due to unavailable references
[176.820s][debug][gc,phases      ] GC(56) Reference Processing 0.070ms
[176.820s][debug][gc,phases      ] GC(56) Weak Processing 0.156ms
[176.820s][debug][gc,phases      ] GC(56) Scrub String Table 0.518ms
[176.820s][debug][gc,age         ] GC(56) Desired survivor size 79691776 bytes, new threshold 15 (max threshold 15)
[176.820s][info ][gc,heap        ] GC(56) PSYoungGen: 1985506K->55123K(2019328K)
[176.820s][info ][gc,heap        ] GC(56) ParOldGen: 232620K->233768K(253952K)
[176.820s][info ][gc,metaspace   ] GC(56) Metaspace: 73426K->73426K(1116160K)
[176.820s][info ][gc             ] GC(56) Pause Young (Allocation Failure) 2166M->282M(2220M) 15.949ms
[176.820s][info ][gc,cpu         ] GC(56) User=0.06s Sys=0.00s Real=0.02s
[176.820s][info ][safepoint      ] Leaving safepoint region
[176.821s][info ][safepoint      ] Total time for which application threads were stopped: 0.0161064 seconds, Stopping threads took: 0.0000179 seconds
[177.821s][info ][safepoint      ] Application time: 1.0000863 seconds
[177.821s][info ][safepoint      ] Entering safepoint region: Cleanup
[177.821s][info ][safepoint      ] Leaving safepoint region
[177.821s][info ][safepoint      ] Total time for which application threads were stopped: 0.0000868 seconds, Stopping threads took: 0.0000190 seconds
[178.821s][info ][safepoint      ] Application time: 1.0000716 seconds
[178.821s][info ][safepoint      ] Entering safepoint region: Cleanup
[178.821s][info ][safepoint      ] Leaving safepoint region
[178.821s][info ][safepoint      ] Total time for which application threads were stopped: 0.0000697 seconds, Stopping threads took: 0.0000154 seconds
[180.821s][info ][safepoint      ] Application time: 2.0001348 seconds
[180.821s][info ][safepoint      ] Entering safepoint region: Cleanup
[180.821s][info ][safepoint      ] Leaving safepoint region
[180.821s][info ][safepoint      ] Total time for which application threads were stopped: 0.0001072 seconds, Stopping threads took: 0.0000193 seconds
[181.821s][info ][safepoint      ] Application time: 1.0000403 seconds
[181.821s][info ][safepoint      ] Entering safepoint region: Cleanup
[181.821s][info ][safepoint      ] Leaving safepoint region
[181.821s][info ][safepoint      ] Total time for which application threads were stopped: 0.0000723 seconds, Stopping threads took: 0.0000114 seconds
[182.821s][info ][safepoint      ] Application time: 1.0000722 seconds
[182.821s][info ][safepoint      ] Entering safepoint region: Cleanup
[182.822s][info ][safepoint      ] Leaving safepoint region
[182.822s][info ][safepoint      ] Total time for which application threads were stopped: 0.0000641 seconds, Stopping threads took: 0.0000127 seconds
[183.822s][info ][safepoint      ] Application time: 1.0000763 seconds
[183.822s][info ][safepoint      ] Entering safepoint region: Cleanup
[183.822s][info ][safepoint      ] Leaving safepoint region
[183.822s][info ][safepoint      ] Total time for which application threads were stopped: 0.0000688 seconds, Stopping threads took: 0.0000161 seconds
[184.822s][info ][safepoint      ] Application time: 1.0000656 seconds
[184.822s][info ][safepoint      ] Entering safepoint region: Cleanup
[184.822s][info ][safepoint      ] Leaving safepoint region
[184.822s][info ][safepoint      ] Total time for which application threads were stopped: 0.0001087 seconds, Stopping threads took: 0.0000540 seconds
[185.822s][info ][safepoint      ] Application time: 1.0000701 seconds
[185.822s][info ][safepoint      ] Entering safepoint region: Cleanup
[185.822s][info ][safepoint      ] Leaving safepoint region
[185.822s][info ][safepoint      ] Total time for which application threads were stopped: 0.0000655 seconds, Stopping threads took: 0.0000119 seconds
[188.822s][info ][safepoint      ] Application time: 3.0001719 seconds
[188.822s][info ][safepoint      ] Entering safepoint region: Cleanup
[188.822s][info ][safepoint      ] Leaving safepoint region
[188.822s][info ][safepoint      ] Total time for which application threads were stopped: 0.0000808 seconds, Stopping threads took: 0.0000287 seconds
[188.848s][info ][safepoint      ] Application time: 0.0257579 seconds
[188.848s][info ][safepoint      ] Entering safepoint region: ParallelGCFailedAllocation
[188.848s][info ][gc,start       ] GC(57) Pause Young (Allocation Failure)
[188.862s][debug][gc,phases      ] GC(57) Scavenge 13.958ms
[188.862s][debug][gc,ref         ] GC(57) Skipped phase1 of Reference Processing due to unavailable references
[188.862s][debug][gc,ref         ] GC(57) Skipped phase3 of Reference Processing due to unavailable references
[188.862s][debug][gc,phases      ] GC(57) Reference Processing 0.065ms
[188.863s][debug][gc,phases      ] GC(57) Weak Processing 0.172ms
[188.863s][debug][gc,phases      ] GC(57) Scrub String Table 0.494ms
[188.863s][debug][gc,age         ] GC(57) Desired survivor size 78118912 bytes, new threshold 15 (max threshold 15)
[188.863s][info ][gc,heap        ] GC(57) PSYoungGen: 1994067K->52219K(2016768K)
[188.863s][info ][gc,heap        ] GC(57) ParOldGen: 233768K->236738K(253952K)
[188.863s][info ][gc,metaspace   ] GC(57) Metaspace: 73458K->73458K(1116160K)
[188.863s][info ][gc             ] GC(57) Pause Young (Allocation Failure) 2175M->282M(2217M) 14.815ms
[188.863s][info ][gc,cpu         ] GC(57) User=0.06s Sys=0.00s Real=0.02s
[188.863s][info ][safepoint      ] Leaving safepoint region
[188.863s][info ][safepoint      ] Total time for which application threads were stopped: 0.0150473 seconds, Stopping threads took: 0.0001006 seconds
[189.863s][info ][safepoint      ] Application time: 1.0000872 seconds
[189.863s][info ][safepoint      ] Entering safepoint region: Cleanup
[189.863s][info ][safepoint      ] Leaving safepoint region
[189.864s][info ][safepoint      ] Total time for which application threads were stopped: 0.0001396 seconds, Stopping threads took: 0.0000606 seconds
[190.864s][info ][safepoint      ] Application time: 1.0000841 seconds
[190.864s][info ][safepoint      ] Entering safepoint region: Cleanup
[190.864s][info ][safepoint      ] Leaving safepoint region
[190.864s][info ][safepoint      ] Total time for which application threads were stopped: 0.0001053 seconds, Stopping threads took: 0.0000367 seconds
[192.864s][info ][safepoint      ] Application time: 2.0001464 seconds
[192.864s][info ][safepoint      ] Entering safepoint region: Cleanup
[192.864s][info ][safepoint      ] Leaving safepoint region
[192.864s][info ][safepoint      ] Total time for which application threads were stopped: 0.0001122 seconds, Stopping threads took: 0.0000478 seconds
[193.864s][info ][safepoint      ] Application time: 1.0000765 seconds
[193.864s][info ][safepoint      ] Entering safepoint region: Cleanup
[193.864s][info ][safepoint      ] Leaving safepoint region
[193.864s][info ][safepoint      ] Total time for which application threads were stopped: 0.0001061 seconds, Stopping threads took: 0.0000339 seconds
[195.864s][info ][safepoint      ] Application time: 2.0001519 seconds
[195.864s][info ][safepoint      ] Entering safepoint region: Cleanup
[195.865s][info ][safepoint      ] Leaving safepoint region
[195.865s][info ][safepoint      ] Total time for which application threads were stopped: 0.0001032 seconds, Stopping threads took: 0.0000365 seconds
[198.865s][info ][safepoint      ] Application time: 3.0002180 seconds
[198.865s][info ][safepoint      ] Entering safepoint region: Cleanup
[198.865s][info ][safepoint      ] Leaving safepoint region
[198.865s][info ][safepoint      ] Total time for which application threads were stopped: 0.0001297 seconds, Stopping threads took: 0.0000300 seconds
[199.865s][info ][safepoint      ] Application time: 1.0000309 seconds
[199.865s][info ][safepoint      ] Entering safepoint region: Cleanup
[199.865s][info ][safepoint      ] Leaving safepoint region
[199.865s][info ][safepoint      ] Total time for which application threads were stopped: 0.0001050 seconds, Stopping threads took: 0.0000442 seconds
[200.865s][info ][safepoint      ] Application time: 1.0000768 seconds
[200.865s][info ][safepoint      ] Entering safepoint region: Cleanup
[200.865s][info ][safepoint      ] Leaving safepoint region
[200.865s][info ][safepoint      ] Total time for which application threads were stopped: 0.0001026 seconds, Stopping threads took: 0.0000368 seconds
[201.052s][info ][safepoint      ] Application time: 0.1864968 seconds
[201.052s][info ][safepoint      ] Entering safepoint region: ParallelGCFailedAllocation
[201.052s][info ][gc,start       ] GC(58) Pause Young (Allocation Failure)
[201.066s][debug][gc,phases      ] GC(58) Scavenge 14.309ms
[201.066s][debug][gc,ref         ] GC(58) Skipped phase1 of Reference Processing due to unavailable references
[201.066s][debug][gc,ref         ] GC(58) Skipped phase3 of Reference Processing due to unavailable references
[201.066s][debug][gc,phases      ] GC(58) Reference Processing 0.056ms
[201.067s][debug][gc,phases      ] GC(58) Weak Processing 0.176ms
[201.067s][debug][gc,phases      ] GC(58) Scrub String Table 0.456ms
[201.067s][debug][gc,age         ] GC(58) Desired survivor size 80740352 bytes, new threshold 15 (max threshold 15)
[201.067s][info ][gc,heap        ] GC(58) PSYoungGen: 1991163K->29696K(2015744K)
[201.067s][info ][gc,heap        ] GC(58) ParOldGen: 236738K->259502K(270848K)
[201.067s][info ][gc,metaspace   ] GC(58) Metaspace: 73461K->73461K(1116160K)
[201.067s][info ][gc             ] GC(58) Pause Young (Allocation Failure) 2175M->282M(2233M) 15.125ms
[201.067s][info ][gc,cpu         ] GC(58) User=0.06s Sys=0.00s Real=0.01s
[201.067s][debug][gc,phases      ] GC(59) Pre Compact 0.010ms
[201.067s][info ][gc,start       ] GC(59) Pause Full (Ergonomics)
[201.067s][info ][gc,phases,start] GC(59) Marking Phase
[201.171s][debug][gc,phases      ] GC(59) Par Mark 102.925ms
[201.171s][debug][gc,ref         ] GC(59) Skipped phase1 of Reference Processing due to unavailable references
[201.171s][debug][gc,ref         ] GC(59) Skipped phase3 of Reference Processing due to unavailable references
[201.171s][debug][gc,phases      ] GC(59) Reference Processing 0.353ms
[201.171s][debug][gc,phases      ] GC(59) Weak Processing 0.149ms
[201.172s][debug][gc,phases      ] GC(59) ClassLoaderData 0.732ms
[201.172s][debug][gc,phases      ] GC(59) ProtectionDomainCacheTable 0.003ms
[201.172s][debug][gc,phases      ] GC(59) ResolvedMethodTable 0.137ms
[201.180s][debug][gc,phases      ] GC(59) Class Unloading 8.210ms
[201.180s][debug][gc,phases      ] GC(59) Scrub String Table 0.508ms
[201.188s][debug][gc,phases      ] GC(59) Scrub Symbol Table 7.489ms
[201.188s][info ][gc,phases      ] GC(59) Marking Phase 120.350ms
[201.188s][info ][gc,phases,start] GC(59) Summary Phase
[201.188s][info ][gc,phases      ] GC(59) Summary Phase 0.022ms
[201.188s][info ][gc,phases,start] GC(59) Adjust Roots
[201.220s][info ][gc,phases      ] GC(59) Adjust Roots 32.517ms
[201.220s][info ][gc,phases,start] GC(59) Compaction Phase
[201.714s][info ][gc,phases      ] GC(59) Compaction Phase 494.213ms
[201.714s][info ][gc,phases,start] GC(59) Post Compact
[201.716s][info ][gc,phases      ] GC(59) Post Compact 1.192ms
[201.716s][info ][gc,heap        ] GC(59) PSYoungGen: 29696K->15010K(2015744K)
[201.716s][info ][gc,heap        ] GC(59) ParOldGen: 259502K->270792K(332288K)
[201.716s][info ][gc,metaspace   ] GC(59) Metaspace: 73461K->73461K(1116160K)
[201.716s][info ][gc             ] GC(59) Pause Full (Ergonomics) 282M->279M(2293M) 648.628ms
[201.716s][info ][gc,cpu         ] GC(59) User=2.41s Sys=0.00s Real=0.65s
[201.716s][info ][safepoint      ] Leaving safepoint region
[201.716s][info ][safepoint      ] Total time for which application threads were stopped: 0.6639950 seconds, Stopping threads took: 0.0000117 seconds
[202.716s][info ][safepoint      ] Application time: 1.0001027 seconds
[202.716s][info ][safepoint      ] Entering safepoint region: Cleanup
[202.716s][info ][safepoint      ] Leaving safepoint region
[202.716s][info ][safepoint      ] Total time for which application threads were stopped: 0.0001274 seconds, Stopping threads took: 0.0000422 seconds
[203.716s][info ][safepoint      ] Application time: 1.0000813 seconds
[203.716s][info ][safepoint      ] Entering safepoint region: Cleanup
[203.716s][info ][safepoint      ] Leaving safepoint region
[203.716s][info ][safepoint      ] Total time for which application threads were stopped: 0.0001059 seconds, Stopping threads took: 0.0000376 seconds
[204.717s][info ][safepoint      ] Application time: 1.0000764 seconds
[204.717s][info ][safepoint      ] Entering safepoint region: Cleanup
[204.717s][info ][safepoint      ] Leaving safepoint region
[204.717s][info ][safepoint      ] Total time for which application threads were stopped: 0.0000932 seconds, Stopping threads took: 0.0000329 seconds
[206.717s][info ][safepoint      ] Application time: 2.0001573 seconds
[206.717s][info ][safepoint      ] Entering safepoint region: Cleanup
[206.717s][info ][safepoint      ] Leaving safepoint region
[206.717s][info ][safepoint      ] Total time for which application threads were stopped: 0.0000880 seconds, Stopping threads took: 0.0000322 seconds
[206.813s][info ][safepoint      ] Application time: 0.0960622 seconds
[206.813s][info ][safepoint      ] Entering safepoint region: RevokeBias
[206.813s][info ][safepoint      ] Leaving safepoint region
[206.813s][info ][safepoint      ] Total time for which application threads were stopped: 0.0000943 seconds, Stopping threads took: 0.0000301 seconds
[207.813s][info ][safepoint      ] Application time: 1.0000812 seconds
[207.813s][info ][safepoint      ] Entering safepoint region: Cleanup
[207.813s][info ][safepoint      ] Leaving safepoint region
[207.813s][info ][safepoint      ] Total time for which application threads were stopped: 0.0001720 seconds, Stopping threads took: 0.0000416 seconds
[208.814s][info ][safepoint      ] Application time: 1.0000743 seconds
[208.814s][info ][safepoint      ] Entering safepoint region: Cleanup
[208.814s][info ][safepoint      ] Leaving safepoint region
[208.814s][info ][safepoint      ] Total time for which application threads were stopped: 0.0001750 seconds, Stopping threads took: 0.0000469 seconds
[209.814s][info ][safepoint      ] Application time: 1.0000795 seconds
[209.814s][info ][safepoint      ] Entering safepoint region: Cleanup
[209.814s][info ][safepoint      ] Leaving safepoint region
[209.814s][info ][safepoint      ] Total time for which application threads were stopped: 0.0001251 seconds, Stopping threads took: 0.0000366 seconds
[210.814s][info ][safepoint      ] Application time: 1.0000786 seconds
[210.814s][info ][safepoint      ] Entering safepoint region: Cleanup
[210.814s][info ][safepoint      ] Leaving safepoint region
[210.814s][info ][safepoint      ] Total time for which application threads were stopped: 0.0001808 seconds, Stopping threads took: 0.0000597 seconds
[211.814s][info ][safepoint      ] Application time: 1.0000746 seconds
[211.814s][info ][safepoint      ] Entering safepoint region: Cleanup
[211.815s][info ][safepoint      ] Leaving safepoint region
[211.815s][info ][safepoint      ] Total time for which application threads were stopped: 0.0001276 seconds, Stopping threads took: 0.0000322 seconds
[212.049s][info ][safepoint      ] Application time: 0.2341273 seconds
[212.049s][info ][safepoint      ] Entering safepoint region: ParallelGCFailedAllocation
[212.049s][info ][gc,start       ] GC(60) Pause Young (Allocation Failure)
[212.080s][debug][gc,phases      ] GC(60) Scavenge 31.395ms
[212.080s][debug][gc,ref         ] GC(60) Skipped phase1 of Reference Processing due to unavailable references
[212.080s][debug][gc,ref         ] GC(60) Skipped phase3 of Reference Processing due to unavailable references
[212.080s][debug][gc,phases      ] GC(60) Reference Processing 0.033ms
[212.081s][debug][gc,phases      ] GC(60) Weak Processing 0.173ms
[212.081s][debug][gc,phases      ] GC(60) Scrub String Table 0.568ms
[212.081s][debug][gc,age         ] GC(60) Desired survivor size 85458944 bytes, new threshold 15 (max threshold 15)
[212.081s][info ][gc,heap        ] GC(60) PSYoungGen: 1954466K->8432K(1948160K)
[212.081s][info ][gc,heap        ] GC(60) ParOldGen: 270792K->282148K(332288K)
[212.081s][info ][gc,metaspace   ] GC(60) Metaspace: 73501K->73501K(1116160K)
[212.081s][info ][gc             ] GC(60) Pause Young (Allocation Failure) 2173M->283M(2227M) 32.316ms
[212.081s][info ][gc,cpu         ] GC(60) User=0.13s Sys=0.01s Real=0.03s
[212.081s][info ][safepoint      ] Leaving safepoint region
[212.081s][info ][safepoint      ] Total time for which application threads were stopped: 0.0325302 seconds, Stopping threads took: 0.0000308 seconds
[213.081s][info ][safepoint      ] Application time: 1.0000832 seconds
[213.081s][info ][safepoint      ] Entering safepoint region: Cleanup
[213.082s][info ][safepoint      ] Leaving safepoint region
[213.082s][info ][safepoint      ] Total time for which application threads were stopped: 0.0001910 seconds, Stopping threads took: 0.0000452 seconds
[214.082s][info ][safepoint      ] Application time: 1.0000735 seconds
[214.082s][info ][safepoint      ] Entering safepoint region: Cleanup
[214.082s][info ][safepoint      ] Leaving safepoint region
[214.082s][info ][safepoint      ] Total time for which application threads were stopped: 0.0000814 seconds, Stopping threads took: 0.0000123 seconds
[215.082s][info ][safepoint      ] Application time: 1.0000682 seconds
[215.082s][info ][safepoint      ] Entering safepoint region: Cleanup
[215.082s][info ][safepoint      ] Leaving safepoint region
[215.082s][info ][safepoint      ] Total time for which application threads were stopped: 0.0000782 seconds, Stopping threads took: 0.0000119 seconds
[216.082s][info ][safepoint      ] Application time: 1.0000720 seconds
[216.082s][info ][safepoint      ] Entering safepoint region: Cleanup
[216.082s][info ][safepoint      ] Leaving safepoint region
[216.082s][info ][safepoint      ] Total time for which application threads were stopped: 0.0000895 seconds, Stopping threads took: 0.0000173 seconds
[217.082s][info ][safepoint      ] Application time: 1.0000672 seconds
[217.082s][info ][safepoint      ] Entering safepoint region: Cleanup
[217.082s][info ][safepoint      ] Leaving safepoint region
[217.082s][info ][safepoint      ] Total time for which application threads were stopped: 0.0000832 seconds, Stopping threads took: 0.0000130 seconds
[218.082s][info ][safepoint      ] Application time: 1.0000774 seconds
[218.082s][info ][safepoint      ] Entering safepoint region: Cleanup
[218.083s][info ][safepoint      ] Leaving safepoint region
[218.083s][info ][safepoint      ] Total time for which application threads were stopped: 0.0000963 seconds, Stopping threads took: 0.0000292 seconds
[219.083s][info ][safepoint      ] Application time: 1.0000823 seconds
[219.083s][info ][safepoint      ] Entering safepoint region: Cleanup
[219.083s][info ][safepoint      ] Leaving safepoint region
[219.083s][info ][safepoint      ] Total time for which application threads were stopped: 0.0000845 seconds, Stopping threads took: 0.0000128 seconds
[220.083s][info ][safepoint      ] Application time: 1.0000648 seconds
[220.083s][info ][safepoint      ] Entering safepoint region: Cleanup
[220.083s][info ][safepoint      ] Leaving safepoint region
[220.083s][info ][safepoint      ] Total time for which application threads were stopped: 0.0001085 seconds, Stopping threads took: 0.0000124 seconds
[221.083s][info ][safepoint      ] Application time: 1.0000623 seconds
[221.083s][info ][safepoint      ] Entering safepoint region: Cleanup
[221.083s][info ][safepoint      ] Leaving safepoint region
[221.083s][info ][safepoint      ] Total time for which application threads were stopped: 0.0000898 seconds, Stopping threads took: 0.0000138 seconds
[221.963s][info ][safepoint      ] Application time: 0.8801691 seconds
[221.963s][info ][safepoint      ] Entering safepoint region: ParallelGCFailedAllocation
[221.963s][info ][gc,start       ] GC(61) Pause Young (Allocation Failure)
[221.971s][debug][gc,phases      ] GC(61) Scavenge 7.273ms
[221.971s][debug][gc,ref         ] GC(61) Skipped phase1 of Reference Processing due to unavailable references
[221.971s][debug][gc,ref         ] GC(61) Skipped phase3 of Reference Processing due to unavailable references
[221.971s][debug][gc,phases      ] GC(61) Reference Processing 0.034ms
[221.971s][debug][gc,phases      ] GC(61) Weak Processing 0.172ms
[221.972s][debug][gc,phases      ] GC(61) Scrub String Table 0.533ms
[221.972s][debug][gc,age         ] GC(61) Desired survivor size 87556096 bytes, new threshold 15 (max threshold 15)
[221.972s][info ][gc,heap        ] GC(61) PSYoungGen: 1947888K->15392K(2009600K)
[221.972s][info ][gc,heap        ] GC(61) ParOldGen: 282148K->282312K(332288K)
[221.972s][info ][gc,metaspace   ] GC(61) Metaspace: 73562K->73562K(1116160K)
[221.972s][info ][gc             ] GC(61) Pause Young (Allocation Failure) 2177M->290M(2287M) 8.185ms
[221.972s][info ][gc,cpu         ] GC(61) User=0.03s Sys=0.00s Real=0.01s
[221.972s][info ][safepoint      ] Leaving safepoint region
[221.972s][info ][safepoint      ] Total time for which application threads were stopped: 0.0083495 seconds, Stopping threads took: 0.0000121 seconds
[222.376s][info ][safepoint      ] Application time: 0.4044852 seconds
[222.376s][info ][safepoint      ] Entering safepoint region: Deoptimize
[222.378s][info ][safepoint      ] Leaving safepoint region
[222.378s][info ][safepoint      ] Total time for which application threads were stopped: 0.0019213 seconds, Stopping threads took: 0.0000102 seconds
[223.378s][info ][safepoint      ] Application time: 1.0000735 seconds
[223.378s][info ][safepoint      ] Entering safepoint region: Cleanup
[223.378s][info ][safepoint      ] Leaving safepoint region
[223.378s][info ][safepoint      ] Total time for which application threads were stopped: 0.0000982 seconds, Stopping threads took: 0.0000119 seconds
[224.378s][info ][safepoint      ] Application time: 1.0000340 seconds
[224.378s][info ][safepoint      ] Entering safepoint region: Cleanup
[224.379s][info ][safepoint      ] Leaving safepoint region
[224.379s][info ][safepoint      ] Total time for which application threads were stopped: 0.0000943 seconds, Stopping threads took: 0.0000116 seconds
[225.379s][info ][safepoint      ] Application time: 1.0000691 seconds
[225.379s][info ][safepoint      ] Entering safepoint region: Cleanup
[225.379s][info ][safepoint      ] Leaving safepoint region
[225.379s][info ][safepoint      ] Total time for which application threads were stopped: 0.0001173 seconds, Stopping threads took: 0.0000153 seconds
[226.379s][info ][safepoint      ] Application time: 1.0000704 seconds
[226.379s][info ][safepoint      ] Entering safepoint region: Cleanup
[226.379s][info ][safepoint      ] Leaving safepoint region
[226.379s][info ][safepoint      ] Total time for which application threads were stopped: 0.0001057 seconds, Stopping threads took: 0.0000163 seconds
[227.379s][info ][safepoint      ] Application time: 1.0000487 seconds
[227.379s][info ][safepoint      ] Entering safepoint region: Cleanup
[227.379s][info ][safepoint      ] Leaving safepoint region
[227.379s][info ][safepoint      ] Total time for which application threads were stopped: 0.0000929 seconds, Stopping threads took: 0.0000126 seconds
[228.379s][info ][safepoint      ] Application time: 1.0000792 seconds
[228.379s][info ][safepoint      ] Entering safepoint region: Cleanup
[228.379s][info ][safepoint      ] Leaving safepoint region
[228.379s][info ][safepoint      ] Total time for which application threads were stopped: 0.0001282 seconds, Stopping threads took: 0.0000348 seconds
[229.380s][info ][safepoint      ] Application time: 1.0000781 seconds
[229.380s][info ][safepoint      ] Entering safepoint region: Cleanup
[229.380s][info ][safepoint      ] Leaving safepoint region
[229.380s][info ][safepoint      ] Total time for which application threads were stopped: 0.0001789 seconds, Stopping threads took: 0.0000165 seconds
[230.380s][info ][safepoint      ] Application time: 1.0000816 seconds
[230.380s][info ][safepoint      ] Entering safepoint region: Cleanup
[230.380s][info ][safepoint      ] Leaving safepoint region
[230.380s][info ][safepoint      ] Total time for which application threads were stopped: 0.0002623 seconds, Stopping threads took: 0.0000177 seconds
[231.380s][info ][safepoint      ] Application time: 1.0000627 seconds
[231.380s][info ][safepoint      ] Entering safepoint region: Cleanup
[231.380s][info ][safepoint      ] Leaving safepoint region
[231.380s][info ][safepoint      ] Total time for which application threads were stopped: 0.0001034 seconds, Stopping threads took: 0.0000302 seconds
[231.757s][info ][safepoint      ] Application time: 0.3767515 seconds
[231.757s][info ][safepoint      ] Entering safepoint region: ParallelGCFailedAllocation
[231.757s][info ][gc,start       ] GC(62) Pause Young (Allocation Failure)
[231.765s][debug][gc,phases      ] GC(62) Scavenge 8.013ms
[231.765s][debug][gc,ref         ] GC(62) Skipped phase1 of Reference Processing due to unavailable references
[231.765s][debug][gc,ref         ] GC(62) Skipped phase3 of Reference Processing due to unavailable references
[231.765s][debug][gc,phases      ] GC(62) Reference Processing 0.034ms
[231.766s][debug][gc,phases      ] GC(62) Weak Processing 0.153ms
[231.766s][debug][gc,phases      ] GC(62) Scrub String Table 0.527ms
[231.766s][debug][gc,age         ] GC(62) Desired survivor size 87556096 bytes, new threshold 15 (max threshold 15)
[231.766s][info ][gc,heap        ] GC(62) PSYoungGen: 1941536K->21104K(2011648K)
[231.766s][info ][gc,heap        ] GC(62) ParOldGen: 282312K->282796K(332288K)
[231.766s][info ][gc,metaspace   ] GC(62) Metaspace: 73639K->73639K(1116160K)
[231.766s][info ][gc             ] GC(62) Pause Young (Allocation Failure) 2171M->296M(2289M) 8.874ms
[231.766s][info ][gc,cpu         ] GC(62) User=0.03s Sys=0.00s Real=0.00s
[231.766s][info ][safepoint      ] Leaving safepoint region
[231.766s][info ][safepoint      ] Total time for which application threads were stopped: 0.0090442 seconds, Stopping threads took: 0.0000126 seconds
[232.766s][info ][safepoint      ] Application time: 1.0000875 seconds
[232.766s][info ][safepoint      ] Entering safepoint region: Cleanup
[232.766s][info ][safepoint      ] Leaving safepoint region
[232.766s][info ][safepoint      ] Total time for which application threads were stopped: 0.0001355 seconds, Stopping threads took: 0.0000411 seconds
[233.767s][info ][safepoint      ] Application time: 1.0000911 seconds
[233.767s][info ][safepoint      ] Entering safepoint region: Cleanup
[233.767s][info ][safepoint      ] Leaving safepoint region
[233.767s][info ][safepoint      ] Total time for which application threads were stopped: 0.0001113 seconds, Stopping threads took: 0.0000378 seconds
[234.767s][info ][safepoint      ] Application time: 1.0000831 seconds
[234.767s][info ][safepoint      ] Entering safepoint region: Cleanup
[234.767s][info ][safepoint      ] Leaving safepoint region
[234.767s][info ][safepoint      ] Total time for which application threads were stopped: 0.0001042 seconds, Stopping threads took: 0.0000338 seconds
[235.767s][info ][safepoint      ] Application time: 1.0000730 seconds
[235.767s][info ][safepoint      ] Entering safepoint region: Cleanup
[235.767s][info ][safepoint      ] Leaving safepoint region
[235.767s][info ][safepoint      ] Total time for which application threads were stopped: 0.0001072 seconds, Stopping threads took: 0.0000340 seconds
[236.767s][info ][safepoint      ] Application time: 1.0000796 seconds
[236.767s][info ][safepoint      ] Entering safepoint region: Cleanup
[236.768s][info ][safepoint      ] Leaving safepoint region
[236.768s][info ][safepoint      ] Total time for which application threads were stopped: 0.0002426 seconds, Stopping threads took: 0.0000341 seconds
[237.768s][info ][safepoint      ] Application time: 1.0000748 seconds
[237.768s][info ][safepoint      ] Entering safepoint region: Cleanup
[237.768s][info ][safepoint      ] Leaving safepoint region
[237.768s][info ][safepoint      ] Total time for which application threads were stopped: 0.0001502 seconds, Stopping threads took: 0.0000362 seconds
[238.768s][info ][safepoint      ] Application time: 1.0000865 seconds
[238.768s][info ][safepoint      ] Entering safepoint region: Cleanup
[238.768s][info ][safepoint      ] Leaving safepoint region
[238.768s][info ][safepoint      ] Total time for which application threads were stopped: 0.0002896 seconds, Stopping threads took: 0.0000523 seconds
[240.768s][info ][safepoint      ] Application time: 2.0001721 seconds
[240.769s][info ][safepoint      ] Entering safepoint region: Cleanup
[240.769s][info ][safepoint      ] Leaving safepoint region
[240.769s][info ][safepoint      ] Total time for which application threads were stopped: 0.0001149 seconds, Stopping threads took: 0.0000347 seconds
[241.501s][info ][safepoint      ] Application time: 0.7323299 seconds
[241.501s][info ][safepoint      ] Entering safepoint region: ParallelGCFailedAllocation
[241.501s][info ][gc,start       ] GC(63) Pause Young (Allocation Failure)
[241.509s][debug][gc,phases      ] GC(63) Scavenge 8.316ms
[241.509s][debug][gc,ref         ] GC(63) Skipped phase1 of Reference Processing due to unavailable references
[241.509s][debug][gc,ref         ] GC(63) Skipped phase3 of Reference Processing due to unavailable references
[241.510s][debug][gc,phases      ] GC(63) Reference Processing 0.028ms
[241.510s][debug][gc,phases      ] GC(63) Weak Processing 0.126ms
[241.510s][debug][gc,phases      ] GC(63) Scrub String Table 0.431ms
[241.510s][debug][gc,age         ] GC(63) Desired survivor size 86507520 bytes, new threshold 15 (max threshold 15)
[241.510s][info ][gc,heap        ] GC(63) PSYoungGen: 1947248K->24592K(2012672K)
[241.510s][info ][gc,heap        ] GC(63) ParOldGen: 282796K->282828K(332288K)
[241.510s][info ][gc,metaspace   ] GC(63) Metaspace: 73747K->73747K(1116160K)
[241.510s][info ][gc             ] GC(63) Pause Young (Allocation Failure) 2177M->300M(2290M) 9.018ms
[241.510s][info ][gc,cpu         ] GC(63) User=0.03s Sys=0.00s Real=0.01s
[241.510s][info ][safepoint      ] Leaving safepoint region
[241.510s][info ][safepoint      ] Total time for which application threads were stopped: 0.0091941 seconds, Stopping threads took: 0.0000116 seconds
[242.510s][info ][safepoint      ] Application time: 1.0000843 seconds
[242.510s][info ][safepoint      ] Entering safepoint region: Cleanup
[242.510s][info ][safepoint      ] Leaving safepoint region
[242.510s][info ][safepoint      ] Total time for which application threads were stopped: 0.0001256 seconds, Stopping threads took: 0.0000360 seconds
[243.511s][info ][safepoint      ] Application time: 1.0000857 seconds
[243.511s][info ][safepoint      ] Entering safepoint region: Cleanup
[243.511s][info ][safepoint      ] Leaving safepoint region
[243.511s][info ][safepoint      ] Total time for which application threads were stopped: 0.0000949 seconds, Stopping threads took: 0.0000333 seconds
[244.511s][info ][safepoint      ] Application time: 1.0000782 seconds
[244.511s][info ][safepoint      ] Entering safepoint region: Cleanup
[244.511s][info ][safepoint      ] Leaving safepoint region
[244.511s][info ][safepoint      ] Total time for which application threads were stopped: 0.0001141 seconds, Stopping threads took: 0.0000437 seconds
[247.511s][info ][safepoint      ] Application time: 3.0002131 seconds
[247.511s][info ][safepoint      ] Entering safepoint region: Cleanup
[247.511s][info ][safepoint      ] Leaving safepoint region
[247.511s][info ][safepoint      ] Total time for which application threads were stopped: 0.0001155 seconds, Stopping threads took: 0.0000484 seconds
[248.511s][info ][safepoint      ] Application time: 1.0000726 seconds
[248.511s][info ][safepoint      ] Entering safepoint region: Cleanup
[248.511s][info ][safepoint      ] Leaving safepoint region
[248.511s][info ][safepoint      ] Total time for which application threads were stopped: 0.0001164 seconds, Stopping threads took: 0.0000495 seconds
[251.512s][info ][safepoint      ] Application time: 3.0002411 seconds
[251.512s][info ][safepoint      ] Entering safepoint region: Cleanup
[251.512s][info ][safepoint      ] Leaving safepoint region
[251.512s][info ][safepoint      ] Total time for which application threads were stopped: 0.0001211 seconds, Stopping threads took: 0.0000494 seconds
[251.753s][info ][safepoint      ] Application time: 0.2414739 seconds
[251.753s][info ][safepoint      ] Entering safepoint region: ParallelGCFailedAllocation
[251.754s][info ][gc,start       ] GC(64) Pause Young (Allocation Failure)
[251.762s][debug][gc,phases      ] GC(64) Scavenge 8.103ms
[251.762s][debug][gc,ref         ] GC(64) Skipped phase1 of Reference Processing due to unavailable references
[251.762s][debug][gc,ref         ] GC(64) Skipped phase3 of Reference Processing due to unavailable references
[251.762s][debug][gc,phases      ] GC(64) Reference Processing 0.026ms
[251.762s][debug][gc,phases      ] GC(64) Weak Processing 0.139ms
[251.762s][debug][gc,phases      ] GC(64) Scrub String Table 0.428ms
[251.762s][debug][gc,age         ] GC(64) Desired survivor size 84934656 bytes, new threshold 15 (max threshold 15)
[251.762s][info ][gc,heap        ] GC(64) PSYoungGen: 1951760K->23168K(2011648K)
[251.762s][info ][gc,heap        ] GC(64) ParOldGen: 282828K->284429K(332288K)
[251.762s][info ][gc,metaspace   ] GC(64) Metaspace: 73767K->73767K(1116160K)
[251.762s][info ][gc             ] GC(64) Pause Young (Allocation Failure) 2182M->300M(2289M) 8.810ms
[251.762s][info ][gc,cpu         ] GC(64) User=0.04s Sys=0.00s Real=0.01s
[251.762s][info ][safepoint      ] Leaving safepoint region
[251.762s][info ][safepoint      ] Total time for which application threads were stopped: 0.0089755 seconds, Stopping threads took: 0.0000273 seconds
[253.763s][info ][safepoint      ] Application time: 2.0001537 seconds
[253.763s][info ][safepoint      ] Entering safepoint region: Cleanup
[253.763s][info ][safepoint      ] Leaving safepoint region
[253.763s][info ][safepoint      ] Total time for which application threads were stopped: 0.0001395 seconds, Stopping threads took: 0.0000642 seconds
[255.763s][info ][safepoint      ] Application time: 2.0001688 seconds
[255.763s][info ][safepoint      ] Entering safepoint region: Cleanup
[255.763s][info ][safepoint      ] Leaving safepoint region
[255.763s][info ][safepoint      ] Total time for which application threads were stopped: 0.0001094 seconds, Stopping threads took: 0.0000369 seconds
[257.763s][info ][safepoint      ] Application time: 2.0001490 seconds
[257.763s][info ][safepoint      ] Entering safepoint region: Cleanup
[257.763s][info ][safepoint      ] Leaving safepoint region
[257.763s][info ][safepoint      ] Total time for which application threads were stopped: 0.0001207 seconds, Stopping threads took: 0.0000369 seconds
[258.764s][info ][safepoint      ] Application time: 1.0001852 seconds
[258.764s][info ][safepoint      ] Entering safepoint region: Cleanup
[258.764s][info ][safepoint      ] Leaving safepoint region
[258.764s][info ][safepoint      ] Total time for which application threads were stopped: 0.0001226 seconds, Stopping threads took: 0.0000518 seconds
[262.017s][info ][safepoint      ] Application time: 3.2532988 seconds
[262.017s][info ][safepoint      ] Entering safepoint region: ParallelGCFailedAllocation
[262.017s][info ][gc,start       ] GC(65) Pause Young (Allocation Failure)
[262.025s][debug][gc,phases      ] GC(65) Scavenge 7.507ms
[262.025s][debug][gc,ref         ] GC(65) Skipped phase1 of Reference Processing due to unavailable references
[262.025s][debug][gc,ref         ] GC(65) Skipped phase3 of Reference Processing due to unavailable references
[262.025s][debug][gc,phases      ] GC(65) Reference Processing 0.028ms
[262.025s][debug][gc,phases      ] GC(65) Weak Processing 0.156ms
[262.025s][debug][gc,phases      ] GC(65) Scrub String Table 0.452ms
[262.025s][debug][gc,age         ] GC(65) Desired survivor size 83361792 bytes, new threshold 15 (max threshold 15)
[262.025s][info ][gc,heap        ] GC(65) PSYoungGen: 1950336K->23296K(2015744K)
[262.025s][info ][gc,heap        ] GC(65) ParOldGen: 284429K->284461K(332288K)
[262.025s][info ][gc,metaspace   ] GC(65) Metaspace: 73780K->73780K(1116160K)
[262.025s][info ][gc             ] GC(65) Pause Young (Allocation Failure) 2182M->300M(2293M) 8.271ms
[262.025s][info ][gc,cpu         ] GC(65) User=0.03s Sys=0.00s Real=0.00s
[262.025s][info ][safepoint      ] Leaving safepoint region
[262.025s][info ][safepoint      ] Total time for which application threads were stopped: 0.0084270 seconds, Stopping threads took: 0.0000121 seconds
[263.026s][info ][safepoint      ] Application time: 1.0000771 seconds
[263.026s][info ][safepoint      ] Entering safepoint region: Cleanup
[263.026s][info ][safepoint      ] Leaving safepoint region
[263.026s][info ][safepoint      ] Total time for which application threads were stopped: 0.0000832 seconds, Stopping threads took: 0.0000119 seconds
[265.026s][info ][safepoint      ] Application time: 2.0001358 seconds
[265.026s][info ][safepoint      ] Entering safepoint region: Cleanup
[265.026s][info ][safepoint      ] Leaving safepoint region
[265.026s][info ][safepoint      ] Total time for which application threads were stopped: 0.0000704 seconds, Stopping threads took: 0.0000138 seconds
[266.813s][info ][safepoint      ] Application time: 1.7870482 seconds
[266.813s][info ][safepoint      ] Entering safepoint region: RevokeBias
[266.813s][info ][safepoint      ] Leaving safepoint region
[266.813s][info ][safepoint      ] Total time for which application threads were stopped: 0.0000993 seconds, Stopping threads took: 0.0000340 seconds
[268.813s][info ][safepoint      ] Application time: 2.0001592 seconds
[268.813s][info ][safepoint      ] Entering safepoint region: Cleanup
[268.813s][info ][safepoint      ] Leaving safepoint region
[268.813s][info ][safepoint      ] Total time for which application threads were stopped: 0.0001160 seconds, Stopping threads took: 0.0000336 seconds
[269.814s][info ][safepoint      ] Application time: 1.0000841 seconds
[269.814s][info ][safepoint      ] Entering safepoint region: Cleanup
[269.814s][info ][safepoint      ] Leaving safepoint region
[269.814s][info ][safepoint      ] Total time for which application threads were stopped: 0.0001051 seconds, Stopping threads took: 0.0000383 seconds
[271.814s][info ][safepoint      ] Application time: 2.0001514 seconds
[271.814s][info ][safepoint      ] Entering safepoint region: Cleanup
[271.814s][info ][safepoint      ] Leaving safepoint region
[271.814s][info ][safepoint      ] Total time for which application threads were stopped: 0.0001130 seconds, Stopping threads took: 0.0000406 seconds
[272.298s][info ][safepoint      ] Application time: 0.4843313 seconds
[272.298s][info ][safepoint      ] Entering safepoint region: ParallelGCFailedAllocation
[272.298s][info ][gc,start       ] GC(66) Pause Young (Allocation Failure)
[272.306s][debug][gc,phases      ] GC(66) Scavenge 6.971ms
[272.306s][debug][gc,ref         ] GC(66) Skipped phase1 of Reference Processing due to unavailable references
[272.306s][debug][gc,ref         ] GC(66) Skipped phase3 of Reference Processing due to unavailable references
[272.306s][debug][gc,phases      ] GC(66) Reference Processing 0.025ms
[272.306s][debug][gc,phases      ] GC(66) Weak Processing 0.132ms
[272.306s][debug][gc,phases      ] GC(66) Scrub String Table 0.443ms
[272.306s][debug][gc,age         ] GC(66) Desired survivor size 81264640 bytes, new threshold 15 (max threshold 15)
[272.306s][info ][gc,heap        ] GC(66) PSYoungGen: 1956096K->23152K(2014208K)
[272.306s][info ][gc,heap        ] GC(66) ParOldGen: 284461K->284517K(332288K)
[272.306s][info ][gc,metaspace   ] GC(66) Metaspace: 73785K->73785K(1116160K)
[272.306s][info ][gc             ] GC(66) Pause Young (Allocation Failure) 2188M->300M(2291M) 7.697ms
[272.306s][info ][gc,cpu         ] GC(66) User=0.02s Sys=0.00s Real=0.00s
[272.306s][info ][safepoint      ] Leaving safepoint region
[272.306s][info ][safepoint      ] Total time for which application threads were stopped: 0.0078757 seconds, Stopping threads took: 0.0000360 seconds
[274.306s][info ][safepoint      ] Application time: 2.0001546 seconds
[274.306s][info ][safepoint      ] Entering safepoint region: Cleanup
[274.307s][info ][safepoint      ] Leaving safepoint region
[274.307s][info ][safepoint      ] Total time for which application threads were stopped: 0.0001264 seconds, Stopping threads took: 0.0000557 seconds
[275.307s][info ][safepoint      ] Application time: 1.0000797 seconds
[275.307s][info ][safepoint      ] Entering safepoint region: Cleanup
[275.307s][info ][safepoint      ] Leaving safepoint region
[275.307s][info ][safepoint      ] Total time for which application threads were stopped: 0.0001183 seconds, Stopping threads took: 0.0000441 seconds
[276.307s][info ][safepoint      ] Application time: 1.0000780 seconds
[276.307s][info ][safepoint      ] Entering safepoint region: Cleanup
[276.307s][info ][safepoint      ] Leaving safepoint region
[276.307s][info ][safepoint      ] Total time for which application threads were stopped: 0.0001070 seconds, Stopping threads took: 0.0000394 seconds
[278.307s][info ][safepoint      ] Application time: 2.0000978 seconds
[278.307s][info ][safepoint      ] Entering safepoint region: Cleanup
[278.307s][info ][safepoint      ] Leaving safepoint region
[278.307s][info ][safepoint      ] Total time for which application threads were stopped: 0.0001160 seconds, Stopping threads took: 0.0000461 seconds
[279.307s][info ][safepoint      ] Application time: 1.0000816 seconds
[279.307s][info ][safepoint      ] Entering safepoint region: Cleanup
[279.308s][info ][safepoint      ] Leaving safepoint region
[279.308s][info ][safepoint      ] Total time for which application threads were stopped: 0.0001048 seconds, Stopping threads took: 0.0000327 seconds
[281.308s][info ][safepoint      ] Application time: 2.0001383 seconds
[281.308s][info ][safepoint      ] Entering safepoint region: Cleanup
[281.308s][info ][safepoint      ] Leaving safepoint region
[281.308s][info ][safepoint      ] Total time for which application threads were stopped: 0.0001335 seconds, Stopping threads took: 0.0000657 seconds
[282.308s][info ][safepoint      ] Application time: 1.0000852 seconds
[282.308s][info ][safepoint      ] Entering safepoint region: Cleanup
[282.308s][info ][safepoint      ] Leaving safepoint region
[282.308s][info ][safepoint      ] Total time for which application threads were stopped: 0.0001240 seconds, Stopping threads took: 0.0000361 seconds
[282.548s][info ][safepoint      ] Application time: 0.2402161 seconds
[282.548s][info ][safepoint      ] Entering safepoint region: ParallelGCFailedAllocation
[282.549s][info ][gc,start       ] GC(67) Pause Young (Allocation Failure)
[282.556s][debug][gc,phases      ] GC(67) Scavenge 7.242ms
[282.556s][debug][gc,ref         ] GC(67) Skipped phase1 of Reference Processing due to unavailable references
[282.556s][debug][gc,ref         ] GC(67) Skipped phase3 of Reference Processing due to unavailable references
[282.556s][debug][gc,phases      ] GC(67) Reference Processing 0.028ms
[282.556s][debug][gc,phases      ] GC(67) Weak Processing 0.136ms
[282.556s][debug][gc,phases      ] GC(67) Scrub String Table 0.475ms
[282.556s][debug][gc,age         ] GC(67) Desired survivor size 79167488 bytes, new threshold 15 (max threshold 15)
[282.557s][info ][gc,heap        ] GC(67) PSYoungGen: 1955952K->23264K(2019840K)
[282.557s][info ][gc,heap        ] GC(67) ParOldGen: 284517K->284549K(332288K)
[282.557s][info ][gc,metaspace   ] GC(67) Metaspace: 73811K->73811K(1116160K)
[282.557s][info ][gc             ] GC(67) Pause Young (Allocation Failure) 2187M->300M(2297M) 8.015ms
[282.557s][info ][gc,cpu         ] GC(67) User=0.03s Sys=0.00s Real=0.01s
[282.557s][info ][safepoint      ] Leaving safepoint region
[282.557s][info ][safepoint      ] Total time for which application threads were stopped: 0.0081897 seconds, Stopping threads took: 0.0000339 seconds
[283.557s][info ][safepoint      ] Application time: 1.0000871 seconds
[283.557s][info ][safepoint      ] Entering safepoint region: Cleanup
[283.557s][info ][safepoint      ] Leaving safepoint region
[283.557s][info ][safepoint      ] Total time for which application threads were stopped: 0.0001170 seconds, Stopping threads took: 0.0000359 seconds
[284.557s][info ][safepoint      ] Application time: 1.0000706 seconds
[284.557s][info ][safepoint      ] Entering safepoint region: Cleanup
[284.557s][info ][safepoint      ] Leaving safepoint region
[284.557s][info ][safepoint      ] Total time for which application threads were stopped: 0.0001073 seconds, Stopping threads took: 0.0000372 seconds
[284.787s][info ][safepoint      ] Application time: 0.2296610 seconds
[284.787s][info ][safepoint      ] Entering safepoint region: RevokeBias
[284.787s][info ][safepoint      ] Leaving safepoint region
[284.787s][info ][safepoint      ] Total time for which application threads were stopped: 0.0001031 seconds, Stopping threads took: 0.0000165 seconds
[285.787s][info ][safepoint      ] Application time: 1.0000805 seconds
[285.787s][info ][safepoint      ] Entering safepoint region: Cleanup
[285.787s][info ][safepoint      ] Leaving safepoint region
[285.787s][info ][safepoint      ] Total time for which application threads were stopped: 0.0000766 seconds, Stopping threads took: 0.0000139 seconds
[286.787s][info ][safepoint      ] Application time: 1.0000763 seconds
[286.787s][info ][safepoint      ] Entering safepoint region: Cleanup
[286.787s][info ][safepoint      ] Leaving safepoint region
[286.787s][info ][safepoint      ] Total time for which application threads were stopped: 0.0000837 seconds, Stopping threads took: 0.0000139 seconds
[292.788s][info ][safepoint      ] Application time: 6.0004018 seconds
[292.788s][info ][safepoint      ] Entering safepoint region: Cleanup
[292.788s][info ][safepoint      ] Leaving safepoint region
[292.788s][info ][safepoint      ] Total time for which application threads were stopped: 0.0000694 seconds, Stopping threads took: 0.0000133 seconds
[292.847s][info ][safepoint      ] Application time: 0.0596897 seconds
[292.848s][info ][safepoint      ] Entering safepoint region: ParallelGCFailedAllocation
[292.848s][info ][gc,start       ] GC(68) Pause Young (Allocation Failure)
[292.854s][debug][gc,phases      ] GC(68) Scavenge 6.549ms
[292.854s][debug][gc,ref         ] GC(68) Skipped phase1 of Reference Processing due to unavailable references
[292.854s][debug][gc,ref         ] GC(68) Skipped phase3 of Reference Processing due to unavailable references
[292.854s][debug][gc,phases      ] GC(68) Reference Processing 0.027ms
[292.854s][debug][gc,phases      ] GC(68) Weak Processing 0.136ms
[292.855s][debug][gc,phases      ] GC(68) Scrub String Table 0.447ms
[292.855s][debug][gc,age         ] GC(68) Desired survivor size 77070336 bytes, new threshold 15 (max threshold 15)
[292.855s][info ][gc,heap        ] GC(68) PSYoungGen: 1963744K->23328K(2017792K)
[292.855s][info ][gc,heap        ] GC(68) ParOldGen: 284549K->284681K(332288K)
[292.855s][info ][gc,metaspace   ] GC(68) Metaspace: 73831K->73831K(1116160K)
[292.855s][info ][gc             ] GC(68) Pause Young (Allocation Failure) 2195M->300M(2295M) 7.288ms
[292.855s][info ][gc,cpu         ] GC(68) User=0.03s Sys=0.00s Real=0.01s
[292.855s][info ][safepoint      ] Leaving safepoint region
[292.855s][info ][safepoint      ] Total time for which application threads were stopped: 0.0074367 seconds, Stopping threads took: 0.0000128 seconds
[295.855s][info ][safepoint      ] Application time: 3.0002160 seconds
[295.855s][info ][safepoint      ] Entering safepoint region: Cleanup
[295.855s][info ][safepoint      ] Leaving safepoint region
[295.855s][info ][safepoint      ] Total time for which application threads were stopped: 0.0001163 seconds, Stopping threads took: 0.0000479 seconds
[296.855s][info ][safepoint      ] Application time: 1.0000930 seconds
[296.855s][info ][safepoint      ] Entering safepoint region: Cleanup
[296.856s][info ][safepoint      ] Leaving safepoint region
[296.856s][info ][safepoint      ] Total time for which application threads were stopped: 0.0001024 seconds, Stopping threads took: 0.0000331 seconds
[297.678s][info ][safepoint      ] Application time: 0.8222523 seconds
[297.678s][info ][safepoint      ] Entering safepoint region: RevokeBias
[297.678s][info ][safepoint      ] Leaving safepoint region
[297.678s][info ][safepoint      ] Total time for which application threads were stopped: 0.0001159 seconds, Stopping threads took: 0.0000157 seconds
[299.678s][info ][safepoint      ] Application time: 2.0001489 seconds
[299.678s][info ][safepoint      ] Entering safepoint region: Cleanup
[299.678s][info ][safepoint      ] Leaving safepoint region
[299.678s][info ][safepoint      ] Total time for which application threads were stopped: 0.0000747 seconds, Stopping threads took: 0.0000123 seconds
[300.678s][info ][safepoint      ] Application time: 1.0000673 seconds
[300.678s][info ][safepoint      ] Entering safepoint region: Cleanup
[300.678s][info ][safepoint      ] Leaving safepoint region
[300.678s][info ][safepoint      ] Total time for which application threads were stopped: 0.0000798 seconds, Stopping threads took: 0.0000111 seconds
[301.679s][info ][safepoint      ] Application time: 1.0000870 seconds
[301.679s][info ][safepoint      ] Entering safepoint region: Cleanup
[301.679s][info ][safepoint      ] Leaving safepoint region
[301.679s][info ][safepoint      ] Total time for which application threads were stopped: 0.0000695 seconds, Stopping threads took: 0.0000130 seconds
[303.273s][info ][safepoint      ] Application time: 1.5944951 seconds
[303.273s][info ][safepoint      ] Entering safepoint region: ParallelGCFailedAllocation
[303.273s][info ][gc,start       ] GC(69) Pause Young (Allocation Failure)
[303.282s][debug][gc,phases      ] GC(69) Scavenge 8.434ms
[303.282s][debug][gc,ref         ] GC(69) Skipped phase1 of Reference Processing due to unavailable references
[303.282s][debug][gc,ref         ] GC(69) Skipped phase3 of Reference Processing due to unavailable references
[303.282s][debug][gc,ref         ] GC(69) Skipped phase4 of Reference Processing due to unavailable references
[303.282s][debug][gc,phases      ] GC(69) Reference Processing 0.034ms
[303.282s][debug][gc,phases      ] GC(69) Weak Processing 0.194ms
[303.283s][debug][gc,phases      ] GC(69) Scrub String Table 0.638ms
[303.283s][debug][gc,age         ] GC(69) Desired survivor size 74448896 bytes, new threshold 15 (max threshold 15)
[303.283s][info ][gc,heap        ] GC(69) PSYoungGen: 1963808K->23248K(2024448K)
[303.283s][info ][gc,heap        ] GC(69) ParOldGen: 284681K->284713K(332288K)
[303.283s][info ][gc,metaspace   ] GC(69) Metaspace: 73840K->73840K(1116160K)
[303.283s][info ][gc             ] GC(69) Pause Young (Allocation Failure) 2195M->300M(2301M) 9.430ms
[303.283s][info ][gc,cpu         ] GC(69) User=0.03s Sys=0.00s Real=0.01s
[303.283s][info ][safepoint      ] Leaving safepoint region
[303.283s][info ][safepoint      ] Total time for which application threads were stopped: 0.0095964 seconds, Stopping threads took: 0.0000161 seconds
[304.283s][info ][safepoint      ] Application time: 1.0000896 seconds
[304.283s][info ][safepoint      ] Entering safepoint region: Cleanup
[304.283s][info ][safepoint      ] Leaving safepoint region
[304.283s][info ][safepoint      ] Total time for which application threads were stopped: 0.0000789 seconds, Stopping threads took: 0.0000148 seconds
[310.283s][info ][safepoint      ] Application time: 6.0004172 seconds
[310.283s][info ][safepoint      ] Entering safepoint region: Cleanup
[310.284s][info ][safepoint      ] Leaving safepoint region
[310.284s][info ][safepoint      ] Total time for which application threads were stopped: 0.0000964 seconds, Stopping threads took: 0.0000289 seconds
[311.284s][info ][safepoint      ] Application time: 1.0000757 seconds
[311.284s][info ][safepoint      ] Entering safepoint region: Cleanup
[311.284s][info ][safepoint      ] Leaving safepoint region
[311.284s][info ][safepoint      ] Total time for which application threads were stopped: 0.0000728 seconds, Stopping threads took: 0.0000153 seconds
[312.284s][info ][safepoint      ] Application time: 1.0000685 seconds
[312.284s][info ][safepoint      ] Entering safepoint region: Cleanup
[312.284s][info ][safepoint      ] Leaving safepoint region
[312.284s][info ][safepoint      ] Total time for which application threads were stopped: 0.0000876 seconds, Stopping threads took: 0.0000136 seconds
[313.284s][info ][safepoint      ] Application time: 1.0000723 seconds
[313.284s][info ][safepoint      ] Entering safepoint region: Cleanup
[313.284s][info ][safepoint      ] Leaving safepoint region
[313.284s][info ][safepoint      ] Total time for which application threads were stopped: 0.0000843 seconds, Stopping threads took: 0.0000292 seconds
[313.921s][info ][safepoint      ] Application time: 0.6371650 seconds
[313.921s][info ][safepoint      ] Entering safepoint region: ParallelGCFailedAllocation
[313.921s][info ][gc,start       ] GC(70) Pause Young (Allocation Failure)
[313.929s][debug][gc,phases      ] GC(70) Scavenge 7.027ms
[313.929s][debug][gc,ref         ] GC(70) Skipped phase1 of Reference Processing due to unavailable references
[313.929s][debug][gc,ref         ] GC(70) Skipped phase3 of Reference Processing due to unavailable references
[313.929s][debug][gc,ref         ] GC(70) Skipped phase4 of Reference Processing due to unavailable references
[313.929s][debug][gc,phases      ] GC(70) Reference Processing 0.032ms
[313.929s][debug][gc,phases      ] GC(70) Weak Processing 0.129ms
[313.929s][debug][gc,phases      ] GC(70) Scrub String Table 0.476ms
[313.929s][debug][gc,age         ] GC(70) Desired survivor size 71827456 bytes, new threshold 15 (max threshold 15)
[313.929s][info ][gc,heap        ] GC(70) PSYoungGen: 1972432K->23184K(2021888K)
[313.929s][info ][gc,heap        ] GC(70) ParOldGen: 284713K->284749K(332288K)
[313.929s][info ][gc,metaspace   ] GC(70) Metaspace: 73851K->73851K(1116160K)
[313.929s][info ][gc             ] GC(70) Pause Young (Allocation Failure) 2204M->300M(2299M) 7.806ms
[313.929s][info ][gc,cpu         ] GC(70) User=0.03s Sys=0.00s Real=0.01s
[313.929s][info ][safepoint      ] Leaving safepoint region
[313.929s][info ][safepoint      ] Total time for which application threads were stopped: 0.0079427 seconds, Stopping threads took: 0.0000117 seconds
[317.930s][info ][safepoint      ] Application time: 4.0002836 seconds
[317.930s][info ][safepoint      ] Entering safepoint region: Cleanup
[317.930s][info ][safepoint      ] Leaving safepoint region
[317.930s][info ][safepoint      ] Total time for which application threads were stopped: 0.0002190 seconds, Stopping threads took: 0.0000464 seconds
[318.930s][info ][safepoint      ] Application time: 1.0000804 seconds
[318.930s][info ][safepoint      ] Entering safepoint region: Cleanup
[318.930s][info ][safepoint      ] Leaving safepoint region
[318.930s][info ][safepoint      ] Total time for which application threads were stopped: 0.0000939 seconds, Stopping threads took: 0.0000220 seconds
[323.710s][info ][safepoint      ] Application time: 4.7802197 seconds
[323.710s][info ][safepoint      ] Entering safepoint region: ParallelGCFailedAllocation
[323.710s][info ][gc,start       ] GC(71) Pause Young (Allocation Failure)
[323.720s][debug][gc,phases      ] GC(71) Scavenge 9.070ms
[323.720s][debug][gc,ref         ] GC(71) Skipped phase1 of Reference Processing due to unavailable references
[323.720s][debug][gc,ref         ] GC(71) Skipped phase3 of Reference Processing due to unavailable references
[323.720s][debug][gc,phases      ] GC(71) Reference Processing 0.027ms
[323.720s][debug][gc,phases      ] GC(71) Weak Processing 0.128ms
[323.720s][debug][gc,phases      ] GC(71) Scrub String Table 0.419ms
[323.720s][debug][gc,age         ] GC(71) Desired survivor size 69730304 bytes, new threshold 15 (max threshold 15)
[323.720s][info ][gc,heap        ] GC(71) PSYoungGen: 1972368K->23344K(2029056K)
[323.720s][info ][gc,heap        ] GC(71) ParOldGen: 284749K->284781K(332288K)
[323.720s][info ][gc,metaspace   ] GC(71) Metaspace: 73907K->73907K(1116160K)
[323.720s][info ][gc             ] GC(71) Pause Young (Allocation Failure) 2204M->300M(2306M) 9.770ms
[323.720s][info ][gc,cpu         ] GC(71) User=0.04s Sys=0.00s Real=0.01s
[323.720s][info ][safepoint      ] Leaving safepoint region
[323.720s][info ][safepoint      ] Total time for which application threads were stopped: 0.0099508 seconds, Stopping threads took: 0.0000324 seconds
[325.720s][info ][safepoint      ] Application time: 2.0001568 seconds
[325.720s][info ][safepoint      ] Entering safepoint region: Cleanup
[325.721s][info ][safepoint      ] Leaving safepoint region
[325.721s][info ][safepoint      ] Total time for which application threads were stopped: 0.0001562 seconds, Stopping threads took: 0.0000738 seconds
[326.813s][info ][safepoint      ] Application time: 1.0923592 seconds
[326.813s][info ][safepoint      ] Entering safepoint region: RevokeBias
[326.813s][info ][safepoint      ] Leaving safepoint region
[326.813s][info ][safepoint      ] Total time for which application threads were stopped: 0.0001067 seconds, Stopping threads took: 0.0000326 seconds
[329.813s][info ][safepoint      ] Application time: 3.0002388 seconds
[329.813s][info ][safepoint      ] Entering safepoint region: Cleanup
[329.814s][info ][safepoint      ] Leaving safepoint region
[329.814s][info ][safepoint      ] Total time for which application threads were stopped: 0.0001366 seconds, Stopping threads took: 0.0000352 seconds
[330.814s][info ][safepoint      ] Application time: 1.0000593 seconds
[330.814s][info ][safepoint      ] Entering safepoint region: Cleanup
[330.814s][info ][safepoint      ] Leaving safepoint region
[330.814s][info ][safepoint      ] Total time for which application threads were stopped: 0.0001239 seconds, Stopping threads took: 0.0000457 seconds
[331.814s][info ][safepoint      ] Application time: 1.0000830 seconds
[331.814s][info ][safepoint      ] Entering safepoint region: Cleanup
[331.814s][info ][safepoint      ] Leaving safepoint region
[331.814s][info ][safepoint      ] Total time for which application threads were stopped: 0.0001441 seconds, Stopping threads took: 0.0000688 seconds
[332.814s][info ][safepoint      ] Application time: 1.0000725 seconds
[332.814s][info ][safepoint      ] Entering safepoint region: Cleanup
[332.814s][info ][safepoint      ] Leaving safepoint region
[332.814s][info ][safepoint      ] Total time for which application threads were stopped: 0.0001078 seconds, Stopping threads took: 0.0000341 seconds
[334.355s][info ][safepoint      ] Application time: 1.5410416 seconds
[334.355s][info ][safepoint      ] Entering safepoint region: ParallelGCFailedAllocation
[334.355s][info ][gc,start       ] GC(72) Pause Young (Allocation Failure)
[334.363s][debug][gc,phases      ] GC(72) Scavenge 7.121ms
[334.363s][debug][gc,ref         ] GC(72) Skipped phase1 of Reference Processing due to unavailable references
[334.363s][debug][gc,ref         ] GC(72) Skipped phase3 of Reference Processing due to unavailable references
[334.363s][debug][gc,phases      ] GC(72) Reference Processing 0.037ms
[334.363s][debug][gc,phases      ] GC(72) Weak Processing 0.161ms
[334.363s][debug][gc,phases      ] GC(72) Scrub String Table 0.570ms
[334.363s][debug][gc,age         ] GC(72) Desired survivor size 67108864 bytes, new threshold 15 (max threshold 15)
[334.363s][info ][gc,heap        ] GC(72) PSYoungGen: 1982256K->23248K(2027008K)
[334.363s][info ][gc,heap        ] GC(72) ParOldGen: 284781K->284813K(332288K)
[334.363s][info ][gc,metaspace   ] GC(72) Metaspace: 73934K->73934K(1116160K)
[334.364s][info ][gc             ] GC(72) Pause Young (Allocation Failure) 2213M->300M(2304M) 8.051ms
[334.364s][info ][gc,cpu         ] GC(72) User=0.02s Sys=0.00s Real=0.01s
[334.364s][info ][safepoint      ] Leaving safepoint region
[334.364s][info ][safepoint      ] Total time for which application threads were stopped: 0.0082171 seconds, Stopping threads took: 0.0000123 seconds
[335.364s][info ][safepoint      ] Application time: 1.0000846 seconds
[335.364s][info ][safepoint      ] Entering safepoint region: Cleanup
[335.364s][info ][safepoint      ] Leaving safepoint region
[335.364s][info ][safepoint      ] Total time for which application threads were stopped: 0.0001186 seconds, Stopping threads took: 0.0000365 seconds
[340.364s][info ][safepoint      ] Application time: 5.0003813 seconds
[340.364s][info ][safepoint      ] Entering safepoint region: Cleanup
[340.364s][info ][safepoint      ] Leaving safepoint region
[340.364s][info ][safepoint      ] Total time for which application threads were stopped: 0.0001240 seconds, Stopping threads took: 0.0000560 seconds
[342.365s][info ][safepoint      ] Application time: 2.0001518 seconds
[342.365s][info ][safepoint      ] Entering safepoint region: Cleanup
[342.365s][info ][safepoint      ] Leaving safepoint region
[342.365s][info ][safepoint      ] Total time for which application threads were stopped: 0.0002436 seconds, Stopping threads took: 0.0000387 seconds
[345.012s][info ][safepoint      ] Application time: 2.6474829 seconds
[345.012s][info ][safepoint      ] Entering safepoint region: ParallelGCFailedAllocation
[345.012s][info ][gc,start       ] GC(73) Pause Young (Allocation Failure)
[345.021s][debug][gc,phases      ] GC(73) Scavenge 8.042ms
[345.021s][debug][gc,ref         ] GC(73) Skipped phase1 of Reference Processing due to unavailable references
[345.021s][debug][gc,ref         ] GC(73) Skipped phase3 of Reference Processing due to unavailable references
[345.021s][debug][gc,phases      ] GC(73) Reference Processing 0.026ms
[345.021s][debug][gc,phases      ] GC(73) Weak Processing 0.135ms
[345.021s][debug][gc,phases      ] GC(73) Scrub String Table 0.487ms
[345.021s][debug][gc,age         ] GC(73) Desired survivor size 64487424 bytes, new threshold 15 (max threshold 15)
[345.021s][info ][gc,heap        ] GC(73) PSYoungGen: 1982160K->23360K(2034176K)
[345.021s][info ][gc,heap        ] GC(73) ParOldGen: 284813K->284845K(332288K)
[345.021s][info ][gc,metaspace   ] GC(73) Metaspace: 73945K->73945K(1116160K)
[345.021s][info ][gc             ] GC(73) Pause Young (Allocation Failure) 2213M->300M(2311M) 8.833ms
[345.021s][info ][gc,cpu         ] GC(73) User=0.03s Sys=0.00s Real=0.01s
[345.021s][info ][safepoint      ] Leaving safepoint region
[345.021s][info ][safepoint      ] Total time for which application threads were stopped: 0.0090031 seconds, Stopping threads took: 0.0000190 seconds
[346.021s][info ][safepoint      ] Application time: 1.0000777 seconds
[346.021s][info ][safepoint      ] Entering safepoint region: Cleanup
[346.022s][info ][safepoint      ] Leaving safepoint region
[346.022s][info ][safepoint      ] Total time for which application threads were stopped: 0.0000733 seconds, Stopping threads took: 0.0000129 seconds
[350.022s][info ][safepoint      ] Application time: 4.0002610 seconds
[350.022s][info ][safepoint      ] Entering safepoint region: Cleanup
[350.022s][info ][safepoint      ] Leaving safepoint region
[350.022s][info ][safepoint      ] Total time for which application threads were stopped: 0.0001076 seconds, Stopping threads took: 0.0000418 seconds
[352.022s][info ][safepoint      ] Application time: 2.0001410 seconds
[352.022s][info ][safepoint      ] Entering safepoint region: Cleanup
[352.022s][info ][safepoint      ] Leaving safepoint region
[352.022s][info ][safepoint      ] Total time for which application threads were stopped: 0.0000758 seconds, Stopping threads took: 0.0000130 seconds
[353.022s][info ][safepoint      ] Application time: 1.0000753 seconds
[353.022s][info ][safepoint      ] Entering safepoint region: Cleanup
[353.022s][info ][safepoint      ] Leaving safepoint region
[353.022s][info ][safepoint      ] Total time for which application threads were stopped: 0.0000755 seconds, Stopping threads took: 0.0000170 seconds
[354.023s][info ][safepoint      ] Application time: 1.0000746 seconds
[354.023s][info ][safepoint      ] Entering safepoint region: Cleanup
[354.023s][info ][safepoint      ] Leaving safepoint region
[354.023s][info ][safepoint      ] Total time for which application threads were stopped: 0.0000766 seconds, Stopping threads took: 0.0000126 seconds
[355.499s][info ][safepoint      ] Application time: 1.4759758 seconds
[355.499s][info ][safepoint      ] Entering safepoint region: ParallelGCFailedAllocation
[355.499s][info ][gc,start       ] GC(74) Pause Young (Allocation Failure)
[355.507s][debug][gc,phases      ] GC(74) Scavenge 7.916ms
[355.507s][debug][gc,ref         ] GC(74) Skipped phase1 of Reference Processing due to unavailable references
[355.507s][debug][gc,ref         ] GC(74) Skipped phase3 of Reference Processing due to unavailable references
[355.507s][debug][gc,phases      ] GC(74) Reference Processing 0.050ms
[355.507s][debug][gc,phases      ] GC(74) Weak Processing 0.127ms
[355.507s][debug][gc,phases      ] GC(74) Scrub String Table 0.436ms
[355.507s][debug][gc,age         ] GC(74) Desired survivor size 61865984 bytes, new threshold 15 (max threshold 15)
[355.507s][info ][gc,heap        ] GC(74) PSYoungGen: 1992000K->24544K(2031616K)
[355.507s][info ][gc,heap        ] GC(74) ParOldGen: 284845K->284877K(332288K)
[355.507s][info ][gc,metaspace   ] GC(74) Metaspace: 73958K->73958K(1116160K)
[355.507s][info ][gc             ] GC(74) Pause Young (Allocation Failure) 2223M->302M(2308M) 8.654ms
[355.507s][info ][gc,cpu         ] GC(74) User=0.03s Sys=0.00s Real=0.00s
[355.507s][info ][safepoint      ] Leaving safepoint region
[355.507s][info ][safepoint      ] Total time for which application threads were stopped: 0.0088404 seconds, Stopping threads took: 0.0000356 seconds
[356.508s][info ][safepoint      ] Application time: 1.0000839 seconds
[356.508s][info ][safepoint      ] Entering safepoint region: Cleanup
[356.508s][info ][safepoint      ] Leaving safepoint region
[356.508s][info ][safepoint      ] Total time for which application threads were stopped: 0.0001067 seconds, Stopping threads took: 0.0000437 seconds
[357.508s][info ][safepoint      ] Application time: 1.0000755 seconds
[357.508s][info ][safepoint      ] Entering safepoint region: Cleanup
[357.508s][info ][safepoint      ] Leaving safepoint region
[357.508s][info ][safepoint      ] Total time for which application threads were stopped: 0.0001172 seconds, Stopping threads took: 0.0000469 seconds
[359.508s][info ][safepoint      ] Application time: 2.0001450 seconds
[359.508s][info ][safepoint      ] Entering safepoint region: Cleanup
[359.508s][info ][safepoint      ] Leaving safepoint region
[359.508s][info ][safepoint      ] Total time for which application threads were stopped: 0.0001082 seconds, Stopping threads took: 0.0000410 seconds
[360.508s][info ][safepoint      ] Application time: 1.0000799 seconds
[360.508s][info ][safepoint      ] Entering safepoint region: Cleanup
[360.508s][info ][safepoint      ] Leaving safepoint region
[360.508s][info ][safepoint      ] Total time for which application threads were stopped: 0.0001116 seconds, Stopping threads took: 0.0000397 seconds
[361.509s][info ][safepoint      ] Application time: 1.0000838 seconds
[361.509s][info ][safepoint      ] Entering safepoint region: Cleanup
[361.509s][info ][safepoint      ] Leaving safepoint region
[361.509s][info ][safepoint      ] Total time for which application threads were stopped: 0.0001512 seconds, Stopping threads took: 0.0000533 seconds
[362.509s][info ][safepoint      ] Application time: 1.0000745 seconds
[362.509s][info ][safepoint      ] Entering safepoint region: Cleanup
[362.509s][info ][safepoint      ] Leaving safepoint region
[362.509s][info ][safepoint      ] Total time for which application threads were stopped: 0.0001262 seconds, Stopping threads took: 0.0000550 seconds
[363.509s][info ][safepoint      ] Application time: 1.0000737 seconds
[363.509s][info ][safepoint      ] Entering safepoint region: Cleanup
[363.509s][info ][safepoint      ] Leaving safepoint region
[363.509s][info ][safepoint      ] Total time for which application threads were stopped: 0.0001118 seconds, Stopping threads took: 0.0000376 seconds
[365.699s][info ][safepoint      ] Application time: 2.1898001 seconds
[365.699s][info ][safepoint      ] Entering safepoint region: ParallelGCFailedAllocation
[365.699s][info ][gc,start       ] GC(75) Pause Young (Allocation Failure)
[365.710s][debug][gc,phases      ] GC(75) Scavenge 10.559ms
[365.710s][debug][gc,ref         ] GC(75) Skipped phase1 of Reference Processing due to unavailable references
[365.710s][debug][gc,ref         ] GC(75) Skipped phase3 of Reference Processing due to unavailable references
[365.710s][debug][gc,phases      ] GC(75) Reference Processing 0.035ms
[365.710s][debug][gc,phases      ] GC(75) Weak Processing 0.158ms
[365.711s][debug][gc,phases      ] GC(75) Scrub String Table 0.475ms
[365.711s][debug][gc,age         ] GC(75) Desired survivor size 59768832 bytes, new threshold 15 (max threshold 15)
[365.711s][info ][gc,heap        ] GC(75) PSYoungGen: 1993184K->22704K(2038784K)
[365.711s][info ][gc,heap        ] GC(75) ParOldGen: 284877K->287470K(332288K)
[365.711s][info ][gc,metaspace   ] GC(75) Metaspace: 73963K->73963K(1116160K)
[365.711s][info ][gc             ] GC(75) Pause Young (Allocation Failure) 2224M->302M(2315M) 11.396ms
[365.711s][info ][gc,cpu         ] GC(75) User=0.04s Sys=0.00s Real=0.01s
[365.711s][info ][safepoint      ] Leaving safepoint region
[365.711s][info ][safepoint      ] Total time for which application threads were stopped: 0.0115969 seconds, Stopping threads took: 0.0000386 seconds
[366.711s][info ][safepoint      ] Application time: 1.0000964 seconds
[366.711s][info ][safepoint      ] Entering safepoint region: Cleanup
[366.711s][info ][safepoint      ] Leaving safepoint region
[366.711s][info ][safepoint      ] Total time for which application threads were stopped: 0.0001137 seconds, Stopping threads took: 0.0000365 seconds
[368.711s][info ][safepoint      ] Application time: 2.0001399 seconds
[368.711s][info ][safepoint      ] Entering safepoint region: Cleanup
[368.711s][info ][safepoint      ] Leaving safepoint region
[368.711s][info ][safepoint      ] Total time for which application threads were stopped: 0.0001309 seconds, Stopping threads took: 0.0000504 seconds
[369.711s][info ][safepoint      ] Application time: 1.0000737 seconds
[369.711s][info ][safepoint      ] Entering safepoint region: Cleanup
[369.712s][info ][safepoint      ] Leaving safepoint region
[369.712s][info ][safepoint      ] Total time for which application threads were stopped: 0.0001468 seconds, Stopping threads took: 0.0000568 seconds
[370.712s][info ][safepoint      ] Application time: 1.0000843 seconds
[370.712s][info ][safepoint      ] Entering safepoint region: Cleanup
[370.712s][info ][safepoint      ] Leaving safepoint region
[370.712s][info ][safepoint      ] Total time for which application threads were stopped: 0.0001365 seconds, Stopping threads took: 0.0000383 seconds
[375.712s][info ][safepoint      ] Application time: 5.0003704 seconds
[375.712s][info ][safepoint      ] Entering safepoint region: Cleanup
[375.712s][info ][safepoint      ] Leaving safepoint region
[375.712s][info ][safepoint      ] Total time for which application threads were stopped: 0.0001144 seconds, Stopping threads took: 0.0000392 seconds
[376.269s][info ][safepoint      ] Application time: 0.5563269 seconds
[376.269s][info ][safepoint      ] Entering safepoint region: ParallelGCFailedAllocation
[376.269s][info ][gc,start       ] GC(76) Pause Young (Allocation Failure)
[376.280s][debug][gc,phases      ] GC(76) Scavenge 11.274ms
[376.280s][debug][gc,ref         ] GC(76) Skipped phase1 of Reference Processing due to unavailable references
[376.280s][debug][gc,ref         ] GC(76) Skipped phase3 of Reference Processing due to unavailable references
[376.280s][debug][gc,phases      ] GC(76) Reference Processing 0.029ms
[376.280s][debug][gc,phases      ] GC(76) Weak Processing 0.151ms
[376.281s][debug][gc,phases      ] GC(76) Scrub String Table 0.503ms
[376.281s][debug][gc,age         ] GC(76) Desired survivor size 58720256 bytes, new threshold 15 (max threshold 15)
[376.281s][info ][gc,heap        ] GC(76) PSYoungGen: 2001072K->16112K(2036736K)
[376.281s][info ][gc,heap        ] GC(76) ParOldGen: 287470K->294712K(332288K)
[376.281s][info ][gc,metaspace   ] GC(76) Metaspace: 73971K->73971K(1116160K)
[376.281s][info ][gc             ] GC(76) Pause Young (Allocation Failure) 2234M->303M(2313M) 12.110ms
[376.281s][info ][gc,cpu         ] GC(76) User=0.04s Sys=0.01s Real=0.01s
[376.281s][info ][safepoint      ] Leaving safepoint region
[376.281s][info ][safepoint      ] Total time for which application threads were stopped: 0.0123175 seconds, Stopping threads took: 0.0000128 seconds
[377.281s][info ][safepoint      ] Application time: 1.0000885 seconds
[377.281s][info ][safepoint      ] Entering safepoint region: Cleanup
[377.281s][info ][safepoint      ] Leaving safepoint region
[377.281s][info ][safepoint      ] Total time for which application threads were stopped: 0.0000810 seconds, Stopping threads took: 0.0000163 seconds
[378.055s][info ][safepoint      ] Application time: 0.7739768 seconds
[378.055s][info ][safepoint      ] Entering safepoint region: RevokeBias
[378.055s][info ][safepoint      ] Leaving safepoint region
[378.055s][info ][safepoint      ] Total time for which application threads were stopped: 0.0001541 seconds, Stopping threads took: 0.0000379 seconds
[379.056s][info ][safepoint      ] Application time: 1.0000979 seconds
[379.056s][info ][safepoint      ] Entering safepoint region: Cleanup
[379.056s][info ][safepoint      ] Leaving safepoint region
[379.056s][info ][safepoint      ] Total time for which application threads were stopped: 0.0001438 seconds, Stopping threads took: 0.0000398 seconds
[381.056s][info ][safepoint      ] Application time: 2.0001634 seconds
[381.056s][info ][safepoint      ] Entering safepoint region: Cleanup
[381.056s][info ][safepoint      ] Leaving safepoint region
[381.056s][info ][safepoint      ] Total time for which application threads were stopped: 0.0001262 seconds, Stopping threads took: 0.0000535 seconds
[382.056s][info ][safepoint      ] Application time: 1.0000780 seconds
[382.056s][info ][safepoint      ] Entering safepoint region: Cleanup
[382.056s][info ][safepoint      ] Leaving safepoint region
[382.056s][info ][safepoint      ] Total time for which application threads were stopped: 0.0001336 seconds, Stopping threads took: 0.0000532 seconds
[383.056s][info ][safepoint      ] Application time: 1.0000801 seconds
[383.057s][info ][safepoint      ] Entering safepoint region: Cleanup
[383.057s][info ][safepoint      ] Leaving safepoint region
[383.057s][info ][safepoint      ] Total time for which application threads were stopped: 0.0001123 seconds, Stopping threads took: 0.0000428 seconds
[384.057s][info ][safepoint      ] Application time: 1.0000828 seconds
[384.057s][info ][safepoint      ] Entering safepoint region: Cleanup
[384.057s][info ][safepoint      ] Leaving safepoint region
[384.057s][info ][safepoint      ] Total time for which application threads were stopped: 0.0001506 seconds, Stopping threads took: 0.0000384 seconds
[385.057s][info ][safepoint      ] Application time: 1.0000773 seconds
[385.057s][info ][safepoint      ] Entering safepoint region: Cleanup
[385.057s][info ][safepoint      ] Leaving safepoint region
[385.057s][info ][safepoint      ] Total time for which application threads were stopped: 0.0001141 seconds, Stopping threads took: 0.0000495 seconds
[386.057s][info ][safepoint      ] Application time: 1.0000771 seconds
[386.057s][info ][safepoint      ] Entering safepoint region: Cleanup
[386.057s][info ][safepoint      ] Leaving safepoint region
[386.057s][info ][safepoint      ] Total time for which application threads were stopped: 0.0001140 seconds, Stopping threads took: 0.0000467 seconds
[386.764s][info ][safepoint      ] Application time: 0.7067597 seconds
[386.764s][info ][safepoint      ] Entering safepoint region: ParallelGCFailedAllocation
[386.764s][info ][gc,start       ] GC(77) Pause Young (Allocation Failure)
[386.772s][debug][gc,phases      ] GC(77) Scavenge 7.602ms
[386.772s][debug][gc,ref         ] GC(77) Skipped phase1 of Reference Processing due to unavailable references
[386.772s][debug][gc,ref         ] GC(77) Skipped phase3 of Reference Processing due to unavailable references
[386.772s][debug][gc,phases      ] GC(77) Reference Processing 0.028ms
[386.772s][debug][gc,phases      ] GC(77) Weak Processing 0.119ms
[386.773s][debug][gc,phases      ] GC(77) Scrub String Table 0.427ms
[386.773s][debug][gc,age         ] GC(77) Desired survivor size 58720256 bytes, new threshold 15 (max threshold 15)
[386.773s][info ][gc,heap        ] GC(77) PSYoungGen: 1994480K->11072K(2039808K)
[386.773s][info ][gc,heap        ] GC(77) ParOldGen: 294712K->300241K(332288K)
[386.773s][info ][gc,metaspace   ] GC(77) Metaspace: 73973K->73973K(1116160K)
[386.773s][info ][gc             ] GC(77) Pause Young (Allocation Failure) 2235M->304M(2316M) 8.321ms
[386.773s][info ][gc,cpu         ] GC(77) User=0.03s Sys=0.00s Real=0.01s
[386.773s][info ][safepoint      ] Leaving safepoint region
[386.773s][info ][safepoint      ] Total time for which application threads were stopped: 0.0084786 seconds, Stopping threads took: 0.0000121 seconds
[386.813s][info ][safepoint      ] Application time: 0.0403510 seconds
[386.813s][info ][safepoint      ] Entering safepoint region: RevokeBias
[386.813s][info ][safepoint      ] Leaving safepoint region
[386.813s][info ][safepoint      ] Total time for which application threads were stopped: 0.0001297 seconds, Stopping threads took: 0.0000598 seconds
[387.813s][info ][safepoint      ] Application time: 1.0000727 seconds
[387.813s][info ][safepoint      ] Entering safepoint region: Cleanup
[387.813s][info ][safepoint      ] Leaving safepoint region
[387.813s][info ][safepoint      ] Total time for which application threads were stopped: 0.0001347 seconds, Stopping threads took: 0.0000654 seconds
[388.813s][info ][safepoint      ] Application time: 1.0000761 seconds
[388.814s][info ][safepoint      ] Entering safepoint region: Cleanup
[388.814s][info ][safepoint      ] Leaving safepoint region
[388.814s][info ][safepoint      ] Total time for which application threads were stopped: 0.0001075 seconds, Stopping threads took: 0.0000405 seconds
[390.814s][info ][safepoint      ] Application time: 2.0000909 seconds
[390.814s][info ][safepoint      ] Entering safepoint region: Cleanup
[390.814s][info ][safepoint      ] Leaving safepoint region
[390.814s][info ][safepoint      ] Total time for which application threads were stopped: 0.0000928 seconds, Stopping threads took: 0.0000326 seconds
[393.814s][info ][safepoint      ] Application time: 3.0002103 seconds
[393.814s][info ][safepoint      ] Entering safepoint region: Cleanup
[393.814s][info ][safepoint      ] Leaving safepoint region
[393.814s][info ][safepoint      ] Total time for which application threads were stopped: 0.0001084 seconds, Stopping threads took: 0.0000447 seconds
[396.814s][info ][safepoint      ] Application time: 3.0002285 seconds
[396.815s][info ][safepoint      ] Entering safepoint region: Cleanup
[396.815s][info ][safepoint      ] Leaving safepoint region
[396.815s][info ][safepoint      ] Total time for which application threads were stopped: 0.0000993 seconds, Stopping threads took: 0.0000343 seconds
[397.420s][info ][safepoint      ] Application time: 0.6052414 seconds
[397.420s][info ][safepoint      ] Entering safepoint region: ParallelGCFailedAllocation
[397.420s][info ][gc,start       ] GC(78) Pause Young (Allocation Failure)
[397.426s][debug][gc,phases      ] GC(78) Scavenge 6.330ms
[397.426s][debug][gc,ref         ] GC(78) Skipped phase1 of Reference Processing due to unavailable references
[397.426s][debug][gc,ref         ] GC(78) Skipped phase3 of Reference Processing due to unavailable references
[397.426s][debug][gc,phases      ] GC(78) Reference Processing 0.026ms
[397.427s][debug][gc,phases      ] GC(78) Weak Processing 0.128ms
[397.427s][debug][gc,phases      ] GC(78) Scrub String Table 0.428ms
[397.427s][debug][gc,age         ] GC(78) Desired survivor size 58195968 bytes, new threshold 15 (max threshold 15)
[397.427s][info ][gc,heap        ] GC(78) PSYoungGen: 1993536K->7888K(2039808K)
[397.427s][info ][gc,heap        ] GC(78) ParOldGen: 300241K->303742K(332288K)
[397.427s][info ][gc,metaspace   ] GC(78) Metaspace: 73974K->73974K(1116160K)
[397.427s][info ][gc             ] GC(78) Pause Young (Allocation Failure) 2240M->304M(2316M) 7.029ms
[397.427s][info ][gc,cpu         ] GC(78) User=0.02s Sys=0.00s Real=0.00s
[397.427s][info ][safepoint      ] Leaving safepoint region
[397.427s][info ][safepoint      ] Total time for which application threads were stopped: 0.0072035 seconds, Stopping threads took: 0.0000122 seconds
[398.427s][info ][safepoint      ] Application time: 1.0000427 seconds
[398.427s][info ][safepoint      ] Entering safepoint region: Cleanup
[398.427s][info ][safepoint      ] Leaving safepoint region
[398.427s][info ][safepoint      ] Total time for which application threads were stopped: 0.0001132 seconds, Stopping threads took: 0.0000359 seconds
[400.428s][info ][safepoint      ] Application time: 2.0002670 seconds
[400.428s][info ][safepoint      ] Entering safepoint region: Cleanup
[400.428s][info ][safepoint      ] Leaving safepoint region
[400.428s][info ][safepoint      ] Total time for which application threads were stopped: 0.0001063 seconds, Stopping threads took: 0.0000357 seconds
[401.428s][info ][safepoint      ] Application time: 1.0000834 seconds
[401.428s][info ][safepoint      ] Entering safepoint region: Cleanup
[401.428s][info ][safepoint      ] Leaving safepoint region
[401.428s][info ][safepoint      ] Total time for which application threads were stopped: 0.0001960 seconds, Stopping threads took: 0.0000574 seconds
[402.428s][info ][safepoint      ] Application time: 1.0000879 seconds
[402.428s][info ][safepoint      ] Entering safepoint region: Cleanup
[402.428s][info ][safepoint      ] Leaving safepoint region
[402.428s][info ][safepoint      ] Total time for which application threads were stopped: 0.0001206 seconds, Stopping threads took: 0.0000370 seconds
[403.428s][info ][safepoint      ] Application time: 1.0000880 seconds
[403.428s][info ][safepoint      ] Entering safepoint region: Cleanup
[403.428s][info ][safepoint      ] Leaving safepoint region
[403.428s][info ][safepoint      ] Total time for which application threads were stopped: 0.0000897 seconds, Stopping threads took: 0.0000159 seconds
[404.429s][info ][safepoint      ] Application time: 1.0000736 seconds
[404.429s][info ][safepoint      ] Entering safepoint region: Cleanup
[404.429s][info ][safepoint      ] Leaving safepoint region
[404.429s][info ][safepoint      ] Total time for which application threads were stopped: 0.0001269 seconds, Stopping threads took: 0.0000377 seconds
[405.429s][info ][safepoint      ] Application time: 1.0000795 seconds
[405.429s][info ][safepoint      ] Entering safepoint region: Cleanup
[405.429s][info ][safepoint      ] Leaving safepoint region
[405.429s][info ][safepoint      ] Total time for which application threads were stopped: 0.0000858 seconds, Stopping threads took: 0.0000166 seconds
[406.429s][info ][safepoint      ] Application time: 1.0000735 seconds
[406.429s][info ][safepoint      ] Entering safepoint region: Cleanup
[406.429s][info ][safepoint      ] Leaving safepoint region
[406.429s][info ][safepoint      ] Total time for which application threads were stopped: 0.0002411 seconds, Stopping threads took: 0.0000358 seconds
[407.429s][info ][safepoint      ] Application time: 1.0000820 seconds
[407.432s][info ][safepoint      ] Entering safepoint region: Cleanup
[407.432s][info ][safepoint      ] Leaving safepoint region
[407.432s][info ][safepoint      ] Total time for which application threads were stopped: 0.0024319 seconds, Stopping threads took: 0.0022429 seconds
[407.923s][info ][safepoint      ] Application time: 0.4907385 seconds
[407.923s][info ][safepoint      ] Entering safepoint region: ParallelGCFailedAllocation
[407.923s][info ][gc,start       ] GC(79) Pause Young (Allocation Failure)
[407.932s][debug][gc,phases      ] GC(79) Scavenge 9.651ms
[407.933s][debug][gc,ref         ] GC(79) Skipped phase1 of Reference Processing due to unavailable references
[407.933s][debug][gc,ref         ] GC(79) Skipped phase3 of Reference Processing due to unavailable references
[407.933s][debug][gc,phases      ] GC(79) Reference Processing 0.044ms
[407.933s][debug][gc,phases      ] GC(79) Weak Processing 0.173ms
[407.933s][debug][gc,phases      ] GC(79) Scrub String Table 0.566ms
[407.933s][debug][gc,age         ] GC(79) Desired survivor size 57671680 bytes, new threshold 15 (max threshold 15)
[407.933s][info ][gc,heap        ] GC(79) PSYoungGen: 1990352K->8304K(2040832K)
[407.933s][info ][gc,heap        ] GC(79) ParOldGen: 303742K->303858K(332288K)
[407.933s][info ][gc,metaspace   ] GC(79) Metaspace: 74137K->74137K(1116160K)
[407.933s][info ][gc             ] GC(79) Pause Young (Allocation Failure) 2240M->304M(2317M) 10.624ms
[407.933s][info ][gc,cpu         ] GC(79) User=0.02s Sys=0.00s Real=0.01s
[407.933s][info ][safepoint      ] Leaving safepoint region
[407.933s][info ][safepoint      ] Total time for which application threads were stopped: 0.0108364 seconds, Stopping threads took: 0.0000362 seconds
[408.934s][info ][safepoint      ] Application time: 1.0000854 seconds
[408.934s][info ][safepoint      ] Entering safepoint region: Cleanup
[408.934s][info ][safepoint      ] Leaving safepoint region
[408.934s][info ][safepoint      ] Total time for which application threads were stopped: 0.0000900 seconds, Stopping threads took: 0.0000190 seconds
[409.934s][info ][safepoint      ] Application time: 1.0000695 seconds
[409.934s][info ][safepoint      ] Entering safepoint region: Cleanup
[409.934s][info ][safepoint      ] Leaving safepoint region
[409.934s][info ][safepoint      ] Total time for which application threads were stopped: 0.0001193 seconds, Stopping threads took: 0.0000155 seconds
[410.934s][info ][safepoint      ] Application time: 1.0000763 seconds
[410.934s][info ][safepoint      ] Entering safepoint region: Cleanup
[410.934s][info ][safepoint      ] Leaving safepoint region
[410.934s][info ][safepoint      ] Total time for which application threads were stopped: 0.0001042 seconds, Stopping threads took: 0.0000198 seconds
[411.934s][info ][safepoint      ] Application time: 1.0000732 seconds
[411.934s][info ][safepoint      ] Entering safepoint region: Cleanup
[411.934s][info ][safepoint      ] Leaving safepoint region
[411.934s][info ][safepoint      ] Total time for which application threads were stopped: 0.0000998 seconds, Stopping threads took: 0.0000274 seconds
[412.934s][info ][safepoint      ] Application time: 1.0000769 seconds
[412.934s][info ][safepoint      ] Entering safepoint region: Cleanup
[412.935s][info ][safepoint      ] Leaving safepoint region
[412.935s][info ][safepoint      ] Total time for which application threads were stopped: 0.0000673 seconds, Stopping threads took: 0.0000117 seconds
[413.935s][info ][safepoint      ] Application time: 1.0001527 seconds
[413.939s][info ][safepoint      ] Entering safepoint region: Cleanup
[413.939s][info ][safepoint      ] Leaving safepoint region
[413.939s][info ][safepoint      ] Total time for which application threads were stopped: 0.0041848 seconds, Stopping threads took: 0.0040831 seconds
[414.939s][info ][safepoint      ] Application time: 1.0000936 seconds
[414.939s][info ][safepoint      ] Entering safepoint region: Cleanup
[414.939s][info ][safepoint      ] Leaving safepoint region
[414.939s][info ][safepoint      ] Total time for which application threads were stopped: 0.0001085 seconds, Stopping threads took: 0.0000198 seconds
[415.939s][info ][safepoint      ] Application time: 1.0000976 seconds
[415.939s][info ][safepoint      ] Entering safepoint region: Cleanup
[415.940s][info ][safepoint      ] Leaving safepoint region
[415.940s][info ][safepoint      ] Total time for which application threads were stopped: 0.0001228 seconds, Stopping threads took: 0.0000151 seconds
[418.119s][info ][safepoint      ] Application time: 2.1793477 seconds
[418.119s][info ][safepoint      ] Entering safepoint region: ParallelGCFailedAllocation
[418.119s][info ][gc,start       ] GC(80) Pause Young (Allocation Failure)
[418.125s][debug][gc,phases      ] GC(80) Scavenge 5.852ms
[418.125s][debug][gc,ref         ] GC(80) Skipped phase1 of Reference Processing due to unavailable references
[418.125s][debug][gc,ref         ] GC(80) Skipped phase3 of Reference Processing due to unavailable references
[418.125s][debug][gc,phases      ] GC(80) Reference Processing 0.037ms
[418.125s][debug][gc,phases      ] GC(80) Weak Processing 0.173ms
[418.126s][debug][gc,phases      ] GC(80) Scrub String Table 0.608ms
[418.126s][debug][gc,age         ] GC(80) Desired survivor size 56623104 bytes, new threshold 15 (max threshold 15)
[418.126s][info ][gc,heap        ] GC(80) PSYoungGen: 1992304K->8560K(2040320K)
[418.126s][info ][gc,heap        ] GC(80) ParOldGen: 303858K->303922K(332288K)
[418.126s][info ][gc,metaspace   ] GC(80) Metaspace: 74175K->74175K(1116160K)
[418.126s][info ][gc             ] GC(80) Pause Young (Allocation Failure) 2242M->305M(2317M) 6.825ms
[418.126s][info ][gc,cpu         ] GC(80) User=0.02s Sys=0.00s Real=0.00s
[418.126s][info ][safepoint      ] Leaving safepoint region
[418.126s][info ][safepoint      ] Total time for which application threads were stopped: 0.0070026 seconds, Stopping threads took: 0.0000171 seconds
[419.126s][info ][safepoint      ] Application time: 1.0000701 seconds
[419.126s][info ][safepoint      ] Entering safepoint region: Cleanup
[419.126s][info ][safepoint      ] Leaving safepoint region
[419.126s][info ][safepoint      ] Total time for which application threads were stopped: 0.0000905 seconds, Stopping threads took: 0.0000104 seconds
[420.126s][info ][safepoint      ] Application time: 1.0000637 seconds
[420.126s][info ][safepoint      ] Entering safepoint region: Cleanup
[420.126s][info ][safepoint      ] Leaving safepoint region
[420.126s][info ][safepoint      ] Total time for which application threads were stopped: 0.0000741 seconds, Stopping threads took: 0.0000119 seconds
[421.126s][info ][safepoint      ] Application time: 1.0000303 seconds
[421.126s][info ][safepoint      ] Entering safepoint region: Cleanup
[421.126s][info ][safepoint      ] Leaving safepoint region
[421.126s][info ][safepoint      ] Total time for which application threads were stopped: 0.0000652 seconds, Stopping threads took: 0.0000114 seconds
[422.127s][info ][safepoint      ] Application time: 1.0000653 seconds
[422.127s][info ][safepoint      ] Entering safepoint region: Cleanup
[422.127s][info ][safepoint      ] Leaving safepoint region
[422.127s][info ][safepoint      ] Total time for which application threads were stopped: 0.0000726 seconds, Stopping threads took: 0.0000108 seconds
[423.127s][info ][safepoint      ] Application time: 1.0000718 seconds
[423.127s][info ][safepoint      ] Entering safepoint region: Cleanup
[423.127s][info ][safepoint      ] Leaving safepoint region
[423.127s][info ][safepoint      ] Total time for which application threads were stopped: 0.0000949 seconds, Stopping threads took: 0.0000303 seconds
[424.127s][info ][safepoint      ] Application time: 1.0000673 seconds
[424.127s][info ][safepoint      ] Entering safepoint region: Cleanup
[424.127s][info ][safepoint      ] Leaving safepoint region
[424.127s][info ][safepoint      ] Total time for which application threads were stopped: 0.0001232 seconds, Stopping threads took: 0.0000494 seconds
[425.127s][info ][safepoint      ] Application time: 1.0000698 seconds
[425.127s][info ][safepoint      ] Entering safepoint region: Cleanup
[425.127s][info ][safepoint      ] Leaving safepoint region
[425.127s][info ][safepoint      ] Total time for which application threads were stopped: 0.0000650 seconds, Stopping threads took: 0.0000117 seconds
[426.127s][info ][safepoint      ] Application time: 1.0000769 seconds
[426.127s][info ][safepoint      ] Entering safepoint region: Cleanup
[426.127s][info ][safepoint      ] Leaving safepoint region
[426.127s][info ][safepoint      ] Total time for which application threads were stopped: 0.0000959 seconds, Stopping threads took: 0.0000356 seconds
[427.128s][info ][safepoint      ] Application time: 1.0000412 seconds
[427.128s][info ][safepoint      ] Entering safepoint region: Cleanup
[427.128s][info ][safepoint      ] Leaving safepoint region
[427.128s][info ][safepoint      ] Total time for which application threads were stopped: 0.0000781 seconds, Stopping threads took: 0.0000176 seconds
[428.419s][info ][safepoint      ] Application time: 1.2908931 seconds
[428.419s][info ][safepoint      ] Entering safepoint region: ParallelGCFailedAllocation
[428.419s][info ][gc,start       ] GC(81) Pause Young (Allocation Failure)
[428.423s][debug][gc,phases      ] GC(81) Scavenge 4.716ms
[428.424s][debug][gc,ref         ] GC(81) Skipped phase1 of Reference Processing due to unavailable references
[428.424s][debug][gc,ref         ] GC(81) Skipped phase3 of Reference Processing due to unavailable references
[428.424s][debug][gc,phases      ] GC(81) Reference Processing 0.031ms
[428.424s][debug][gc,phases      ] GC(81) Weak Processing 0.133ms
[428.424s][debug][gc,phases      ] GC(81) Scrub String Table 0.444ms
[428.424s][debug][gc,age         ] GC(81) Desired survivor size 55050240 bytes, new threshold 15 (max threshold 15)
[428.424s][info ][gc,heap        ] GC(81) PSYoungGen: 1992560K->8624K(2043392K)
[428.424s][info ][gc,heap        ] GC(81) ParOldGen: 303922K->304026K(332288K)
[428.424s][info ][gc,metaspace   ] GC(81) Metaspace: 74282K->74282K(1116160K)
[428.424s][info ][gc             ] GC(81) Pause Young (Allocation Failure) 2242M->305M(2320M) 5.467ms
[428.424s][info ][gc,cpu         ] GC(81) User=0.02s Sys=0.00s Real=0.00s
[428.424s][info ][safepoint      ] Leaving safepoint region
[428.424s][info ][safepoint      ] Total time for which application threads were stopped: 0.0056482 seconds, Stopping threads took: 0.0000120 seconds
[430.424s][info ][safepoint      ] Application time: 2.0001462 seconds
[430.424s][info ][safepoint      ] Entering safepoint region: Cleanup
[430.425s][info ][safepoint      ] Leaving safepoint region
[430.425s][info ][safepoint      ] Total time for which application threads were stopped: 0.0000657 seconds, Stopping threads took: 0.0000117 seconds
[431.425s][info ][safepoint      ] Application time: 1.0000720 seconds
[431.425s][info ][safepoint      ] Entering safepoint region: Cleanup
[431.425s][info ][safepoint      ] Leaving safepoint region
[431.425s][info ][safepoint      ] Total time for which application threads were stopped: 0.0000871 seconds, Stopping threads took: 0.0000115 seconds
[435.425s][info ][safepoint      ] Application time: 4.0002776 seconds
[435.425s][info ][safepoint      ] Entering safepoint region: Cleanup
[435.425s][info ][safepoint      ] Leaving safepoint region
[435.425s][info ][safepoint      ] Total time for which application threads were stopped: 0.0001022 seconds, Stopping threads took: 0.0000465 seconds
[436.425s][info ][safepoint      ] Application time: 1.0000740 seconds
[436.425s][info ][safepoint      ] Entering safepoint region: Cleanup
[436.425s][info ][safepoint      ] Leaving safepoint region
[436.425s][info ][safepoint      ] Total time for which application threads were stopped: 0.0000661 seconds, Stopping threads took: 0.0000119 seconds
[437.425s][info ][safepoint      ] Application time: 1.0000727 seconds
[437.425s][info ][safepoint      ] Entering safepoint region: Cleanup
[437.426s][info ][safepoint      ] Leaving safepoint region
[437.426s][info ][safepoint      ] Total time for which application threads were stopped: 0.0000661 seconds, Stopping threads took: 0.0000113 seconds
[438.899s][info ][safepoint      ] Application time: 1.4731321 seconds
[438.899s][info ][safepoint      ] Entering safepoint region: ParallelGCFailedAllocation
[438.899s][info ][gc,start       ] GC(82) Pause Young (Allocation Failure)
[438.904s][debug][gc,phases      ] GC(82) Scavenge 4.764ms
[438.904s][debug][gc,ref         ] GC(82) Skipped phase1 of Reference Processing due to unavailable references
[438.904s][debug][gc,ref         ] GC(82) Skipped phase3 of Reference Processing due to unavailable references
[438.904s][debug][gc,phases      ] GC(82) Reference Processing 0.029ms
[438.904s][debug][gc,phases      ] GC(82) Weak Processing 0.130ms
[438.904s][debug][gc,phases      ] GC(82) Scrub String Table 0.453ms
[438.904s][debug][gc,age         ] GC(82) Desired survivor size 53477376 bytes, new threshold 15 (max threshold 15)
[438.904s][info ][gc,heap        ] GC(82) PSYoungGen: 1996720K->8688K(2041856K)
[438.904s][info ][gc,heap        ] GC(82) ParOldGen: 304026K->304114K(332288K)
[438.904s][info ][gc,metaspace   ] GC(82) Metaspace: 74292K->74292K(1116160K)
[438.904s][info ][gc             ] GC(82) Pause Young (Allocation Failure) 2246M->305M(2318M) 5.505ms
[438.904s][info ][gc,cpu         ] GC(82) User=0.02s Sys=0.00s Real=0.00s
[438.904s][info ][safepoint      ] Leaving safepoint region
[438.904s][info ][safepoint      ] Total time for which application threads were stopped: 0.0056917 seconds, Stopping threads took: 0.0000120 seconds
[439.904s][info ][safepoint      ] Application time: 1.0000826 seconds
[439.905s][info ][safepoint      ] Entering safepoint region: Cleanup
[439.905s][info ][safepoint      ] Leaving safepoint region
[439.905s][info ][safepoint      ] Total time for which application threads were stopped: 0.0001127 seconds, Stopping threads took: 0.0000465 seconds
[440.905s][info ][safepoint      ] Application time: 1.0000741 seconds
[440.905s][info ][safepoint      ] Entering safepoint region: Cleanup
[440.905s][info ][safepoint      ] Leaving safepoint region
[440.905s][info ][safepoint      ] Total time for which application threads were stopped: 0.0001209 seconds, Stopping threads took: 0.0000357 seconds
[443.905s][info ][safepoint      ] Application time: 3.0002063 seconds
[443.905s][info ][safepoint      ] Entering safepoint region: Cleanup
[443.905s][info ][safepoint      ] Leaving safepoint region
[443.905s][info ][safepoint      ] Total time for which application threads were stopped: 0.0001031 seconds, Stopping threads took: 0.0000375 seconds
[444.905s][info ][safepoint      ] Application time: 1.0000298 seconds
[444.905s][info ][safepoint      ] Entering safepoint region: Cleanup
[444.905s][info ][safepoint      ] Leaving safepoint region
[444.905s][info ][safepoint      ] Total time for which application threads were stopped: 0.0001236 seconds, Stopping threads took: 0.0000465 seconds
[445.905s][info ][safepoint      ] Application time: 1.0000748 seconds
[445.906s][info ][safepoint      ] Entering safepoint region: Cleanup
[445.906s][info ][safepoint      ] Leaving safepoint region
[445.906s][info ][safepoint      ] Total time for which application threads were stopped: 0.0001056 seconds, Stopping threads took: 0.0000512 seconds
[446.906s][info ][safepoint      ] Application time: 1.0000723 seconds
[446.906s][info ][safepoint      ] Entering safepoint region: Cleanup
[446.906s][info ][safepoint      ] Leaving safepoint region
[446.906s][info ][safepoint      ] Total time for which application threads were stopped: 0.0000943 seconds, Stopping threads took: 0.0000330 seconds
[449.380s][info ][safepoint      ] Application time: 2.4737756 seconds
[449.380s][info ][safepoint      ] Entering safepoint region: ParallelGCFailedAllocation
[449.380s][info ][gc,start       ] GC(83) Pause Young (Allocation Failure)
[449.385s][debug][gc,phases      ] GC(83) Scavenge 5.528ms
[449.385s][debug][gc,ref         ] GC(83) Skipped phase1 of Reference Processing due to unavailable references
[449.385s][debug][gc,ref         ] GC(83) Skipped phase3 of Reference Processing due to unavailable references
[449.385s][debug][gc,phases      ] GC(83) Reference Processing 0.028ms
[449.386s][debug][gc,phases      ] GC(83) Weak Processing 0.134ms
[449.386s][debug][gc,phases      ] GC(83) Scrub String Table 0.451ms
[449.386s][debug][gc,age         ] GC(83) Desired survivor size 51904512 bytes, new threshold 15 (max threshold 15)
[449.386s][info ][gc,heap        ] GC(83) PSYoungGen: 1996784K->8736K(2046464K)
[449.386s][info ][gc,heap        ] GC(83) ParOldGen: 304114K->304170K(332288K)
[449.386s][info ][gc,metaspace   ] GC(83) Metaspace: 74293K->74293K(1116160K)
[449.386s][info ][gc             ] GC(83) Pause Young (Allocation Failure) 2246M->305M(2323M) 6.281ms
[449.386s][info ][gc,cpu         ] GC(83) User=0.02s Sys=0.00s Real=0.00s
[449.386s][info ][safepoint      ] Leaving safepoint region
[449.386s][info ][safepoint      ] Total time for which application threads were stopped: 0.0064388 seconds, Stopping threads took: 0.0000149 seconds
[450.386s][info ][safepoint      ] Application time: 1.0000802 seconds
[450.386s][info ][safepoint      ] Entering safepoint region: Cleanup
[450.386s][info ][safepoint      ] Leaving safepoint region
[450.386s][info ][safepoint      ] Total time for which application threads were stopped: 0.0000677 seconds, Stopping threads took: 0.0000108 seconds
[451.386s][info ][safepoint      ] Application time: 1.0000659 seconds
[451.386s][info ][safepoint      ] Entering safepoint region: Cleanup
[451.386s][info ][safepoint      ] Leaving safepoint region
[451.386s][info ][safepoint      ] Total time for which application threads were stopped: 0.0000629 seconds, Stopping threads took: 0.0000107 seconds
[452.387s][info ][safepoint      ] Application time: 1.0000620 seconds
[452.387s][info ][safepoint      ] Entering safepoint region: Cleanup
[452.387s][info ][safepoint      ] Leaving safepoint region
[452.387s][info ][safepoint      ] Total time for which application threads were stopped: 0.0000884 seconds, Stopping threads took: 0.0000108 seconds
[453.387s][info ][safepoint      ] Application time: 1.0000709 seconds
[453.387s][info ][safepoint      ] Entering safepoint region: Cleanup
[453.387s][info ][safepoint      ] Leaving safepoint region
[453.387s][info ][safepoint      ] Total time for which application threads were stopped: 0.0000720 seconds, Stopping threads took: 0.0000106 seconds
[454.387s][info ][safepoint      ] Application time: 1.0000494 seconds
[454.387s][info ][safepoint      ] Entering safepoint region: Cleanup
[454.387s][info ][safepoint      ] Leaving safepoint region
[454.387s][info ][safepoint      ] Total time for which application threads were stopped: 0.0000710 seconds, Stopping threads took: 0.0000134 seconds
[459.915s][info ][safepoint      ] Application time: 5.5283149 seconds
[459.915s][info ][safepoint      ] Entering safepoint region: ParallelGCFailedAllocation
[459.915s][info ][gc,start       ] GC(84) Pause Young (Allocation Failure)
[459.920s][debug][gc,phases      ] GC(84) Scavenge 4.747ms
[459.920s][debug][gc,ref         ] GC(84) Skipped phase1 of Reference Processing due to unavailable references
[459.920s][debug][gc,ref         ] GC(84) Skipped phase3 of Reference Processing due to unavailable references
[459.920s][debug][gc,phases      ] GC(84) Reference Processing 0.028ms
[459.920s][debug][gc,phases      ] GC(84) Weak Processing 0.118ms
[459.921s][debug][gc,phases      ] GC(84) Scrub String Table 0.465ms
[459.921s][debug][gc,age         ] GC(84) Desired survivor size 49807360 bytes, new threshold 15 (max threshold 15)
[459.921s][info ][gc,heap        ] GC(84) PSYoungGen: 2002976K->8848K(2044928K)
[459.921s][info ][gc,heap        ] GC(84) ParOldGen: 304170K->304266K(332288K)
[459.921s][info ][gc,metaspace   ] GC(84) Metaspace: 74296K->74296K(1116160K)
[459.921s][info ][gc             ] GC(84) Pause Young (Allocation Failure) 2253M->305M(2321M) 5.470ms
[459.921s][info ][gc,cpu         ] GC(84) User=0.02s Sys=0.00s Real=0.01s
[459.921s][info ][safepoint      ] Leaving safepoint region
[459.921s][info ][safepoint      ] Total time for which application threads were stopped: 0.0056109 seconds, Stopping threads took: 0.0000122 seconds
[459.950s][info ][safepoint      ] Application time: 0.0286240 seconds
[459.950s][info ][safepoint      ] Entering safepoint region: RevokeBias
[459.950s][info ][safepoint      ] Leaving safepoint region
[459.950s][info ][safepoint      ] Total time for which application threads were stopped: 0.0000929 seconds, Stopping threads took: 0.0000397 seconds
[460.950s][info ][safepoint      ] Application time: 1.0000618 seconds
[460.950s][info ][safepoint      ] Entering safepoint region: Cleanup
[460.950s][info ][safepoint      ] Leaving safepoint region
[460.950s][info ][safepoint      ] Total time for which application threads were stopped: 0.0001215 seconds, Stopping threads took: 0.0000478 seconds
[461.950s][info ][safepoint      ] Application time: 1.0000765 seconds
[461.950s][info ][safepoint      ] Entering safepoint region: Cleanup
[461.950s][info ][safepoint      ] Leaving safepoint region
[461.950s][info ][safepoint      ] Total time for which application threads were stopped: 0.0001310 seconds, Stopping threads took: 0.0000431 seconds
[462.950s][info ][safepoint      ] Application time: 1.0000771 seconds
[462.950s][info ][safepoint      ] Entering safepoint region: Cleanup
[462.950s][info ][safepoint      ] Leaving safepoint region
[462.950s][info ][safepoint      ] Total time for which application threads were stopped: 0.0001132 seconds, Stopping threads took: 0.0000435 seconds
[463.951s][info ][safepoint      ] Application time: 1.0000680 seconds
[463.951s][info ][safepoint      ] Entering safepoint region: Cleanup
[463.951s][info ][safepoint      ] Leaving safepoint region
[463.951s][info ][safepoint      ] Total time for which application threads were stopped: 0.0001074 seconds, Stopping threads took: 0.0000469 seconds
[464.951s][info ][safepoint      ] Application time: 1.0000685 seconds
[464.951s][info ][safepoint      ] Entering safepoint region: Cleanup
[464.951s][info ][safepoint      ] Leaving safepoint region
[464.951s][info ][safepoint      ] Total time for which application threads were stopped: 0.0001112 seconds, Stopping threads took: 0.0000462 seconds
[465.951s][info ][safepoint      ] Application time: 1.0000709 seconds
[465.951s][info ][safepoint      ] Entering safepoint region: Cleanup
[465.951s][info ][safepoint      ] Leaving safepoint region
[465.951s][info ][safepoint      ] Total time for which application threads were stopped: 0.0001311 seconds, Stopping threads took: 0.0000497 seconds
[466.951s][info ][safepoint      ] Application time: 1.0000811 seconds
[466.951s][info ][safepoint      ] Entering safepoint region: Cleanup
[466.951s][info ][safepoint      ] Leaving safepoint region
[466.951s][info ][safepoint      ] Total time for which application threads were stopped: 0.0001045 seconds, Stopping threads took: 0.0000350 seconds
[467.951s][info ][safepoint      ] Application time: 1.0000717 seconds
[467.952s][info ][safepoint      ] Entering safepoint region: Cleanup
[467.952s][info ][safepoint      ] Leaving safepoint region
[467.952s][info ][safepoint      ] Total time for which application threads were stopped: 0.0001352 seconds, Stopping threads took: 0.0000699 seconds
[469.952s][info ][safepoint      ] Application time: 2.0001522 seconds
[469.952s][info ][safepoint      ] Entering safepoint region: Cleanup
[469.952s][info ][safepoint      ] Leaving safepoint region
[469.952s][info ][safepoint      ] Total time for which application threads were stopped: 0.0001030 seconds, Stopping threads took: 0.0000351 seconds
[470.457s][info ][safepoint      ] Application time: 0.5051143 seconds
[470.457s][info ][safepoint      ] Entering safepoint region: ParallelGCFailedAllocation
[470.457s][info ][gc,start       ] GC(85) Pause Young (Allocation Failure)
[470.462s][debug][gc,phases      ] GC(85) Scavenge 4.985ms
[470.462s][debug][gc,ref         ] GC(85) Skipped phase1 of Reference Processing due to unavailable references
[470.462s][debug][gc,ref         ] GC(85) Skipped phase3 of Reference Processing due to unavailable references
[470.462s][debug][gc,phases      ] GC(85) Reference Processing 0.030ms
[470.462s][debug][gc,phases      ] GC(85) Weak Processing 0.132ms
[470.463s][debug][gc,phases      ] GC(85) Scrub String Table 0.431ms
[470.463s][debug][gc,age         ] GC(85) Desired survivor size 48234496 bytes, new threshold 15 (max threshold 15)
[470.463s][info ][gc,heap        ] GC(85) PSYoungGen: 2003088K->8864K(2050048K)
[470.463s][info ][gc,heap        ] GC(85) ParOldGen: 304266K->304306K(332288K)
[470.463s][info ][gc,metaspace   ] GC(85) Metaspace: 74317K->74317K(1116160K)
[470.463s][info ][gc             ] GC(85) Pause Young (Allocation Failure) 2253M->305M(2326M) 5.705ms
[470.463s][info ][gc,cpu         ] GC(85) User=0.02s Sys=0.00s Real=0.00s
[470.463s][info ][safepoint      ] Leaving safepoint region
[470.463s][info ][safepoint      ] Total time for which application threads were stopped: 0.0058548 seconds, Stopping threads took: 0.0000112 seconds
[472.463s][info ][safepoint      ] Application time: 2.0001491 seconds
[472.463s][info ][safepoint      ] Entering safepoint region: Cleanup
[472.463s][info ][safepoint      ] Leaving safepoint region
[472.463s][info ][safepoint      ] Total time for which application threads were stopped: 0.0001168 seconds, Stopping threads took: 0.0000497 seconds
[474.463s][info ][safepoint      ] Application time: 2.0001389 seconds
[474.463s][info ][safepoint      ] Entering safepoint region: Cleanup
[474.464s][info ][safepoint      ] Leaving safepoint region
[474.464s][info ][safepoint      ] Total time for which application threads were stopped: 0.0001522 seconds, Stopping threads took: 0.0000332 seconds
[475.464s][info ][safepoint      ] Application time: 1.0000767 seconds
[475.464s][info ][safepoint      ] Entering safepoint region: Cleanup
[475.464s][info ][safepoint      ] Leaving safepoint region
[475.464s][info ][safepoint      ] Total time for which application threads were stopped: 0.0000913 seconds, Stopping threads took: 0.0000358 seconds
[478.464s][info ][safepoint      ] Application time: 3.0002188 seconds
[478.464s][info ][safepoint      ] Entering safepoint region: Cleanup
[478.464s][info ][safepoint      ] Leaving safepoint region
[478.464s][info ][safepoint      ] Total time for which application threads were stopped: 0.0001089 seconds, Stopping threads took: 0.0000530 seconds
[479.464s][info ][safepoint      ] Application time: 1.0000677 seconds
[479.464s][info ][safepoint      ] Entering safepoint region: Cleanup
[479.464s][info ][safepoint      ] Leaving safepoint region
[479.464s][info ][safepoint      ] Total time for which application threads were stopped: 0.0001087 seconds, Stopping threads took: 0.0000446 seconds
[480.464s][info ][safepoint      ] Application time: 1.0000702 seconds
[480.465s][info ][safepoint      ] Entering safepoint region: Cleanup
[480.465s][info ][safepoint      ] Leaving safepoint region
[480.465s][info ][safepoint      ] Total time for which application threads were stopped: 0.0000907 seconds, Stopping threads took: 0.0000332 seconds
[481.115s][info ][safepoint      ] Application time: 0.6502162 seconds
[481.115s][info ][safepoint      ] Entering safepoint region: ParallelGCFailedAllocation
[481.115s][info ][gc,start       ] GC(86) Pause Young (Allocation Failure)
[481.120s][debug][gc,phases      ] GC(86) Scavenge 5.187ms
[481.120s][debug][gc,ref         ] GC(86) Skipped phase1 of Reference Processing due to unavailable references
[481.120s][debug][gc,ref         ] GC(86) Skipped phase3 of Reference Processing due to unavailable references
[481.120s][debug][gc,ref         ] GC(86) Skipped phase4 of Reference Processing due to unavailable references
[481.120s][debug][gc,phases      ] GC(86) Reference Processing 0.028ms
[481.120s][debug][gc,phases      ] GC(86) Weak Processing 0.120ms
[481.121s][debug][gc,phases      ] GC(86) Scrub String Table 0.421ms
[481.121s][debug][gc,age         ] GC(86) Desired survivor size 46137344 bytes, new threshold 15 (max threshold 15)
[481.121s][info ][gc,heap        ] GC(86) PSYoungGen: 2010272K->8624K(2048512K)
[481.121s][info ][gc,heap        ] GC(86) ParOldGen: 304306K->304426K(332288K)
[481.121s][info ][gc,metaspace   ] GC(86) Metaspace: 74326K->74326K(1116160K)
[481.121s][info ][gc             ] GC(86) Pause Young (Allocation Failure) 2260M->305M(2325M) 5.907ms
[481.121s][info ][gc,cpu         ] GC(86) User=0.02s Sys=0.00s Real=0.01s
[481.121s][info ][safepoint      ] Leaving safepoint region
[481.121s][info ][safepoint      ] Total time for which application threads were stopped: 0.0060474 seconds, Stopping threads took: 0.0000116 seconds
[482.121s][info ][safepoint      ] Application time: 1.0000688 seconds
[482.121s][info ][safepoint      ] Entering safepoint region: Cleanup
[482.121s][info ][safepoint      ] Leaving safepoint region
[482.121s][info ][safepoint      ] Total time for which application threads were stopped: 0.0000587 seconds, Stopping threads took: 0.0000115 seconds
[484.121s][info ][safepoint      ] Application time: 2.0001400 seconds
[484.121s][info ][safepoint      ] Entering safepoint region: Cleanup
[484.121s][info ][safepoint      ] Leaving safepoint region
[484.121s][info ][safepoint      ] Total time for which application threads were stopped: 0.0000577 seconds, Stopping threads took: 0.0000111 seconds
[487.122s][info ][safepoint      ] Application time: 3.0001609 seconds
[487.122s][info ][safepoint      ] Entering safepoint region: Cleanup
[487.122s][info ][safepoint      ] Leaving safepoint region
[487.122s][info ][safepoint      ] Total time for which application threads were stopped: 0.0001068 seconds, Stopping threads took: 0.0000482 seconds
[490.122s][info ][safepoint      ] Application time: 3.0002265 seconds
[490.122s][info ][safepoint      ] Entering safepoint region: Cleanup
[490.122s][info ][safepoint      ] Leaving safepoint region
[490.122s][info ][safepoint      ] Total time for which application threads were stopped: 0.0000608 seconds, Stopping threads took: 0.0000115 seconds
[491.122s][info ][safepoint      ] Application time: 1.0000702 seconds
[491.122s][info ][safepoint      ] Entering safepoint region: Cleanup
[491.122s][info ][safepoint      ] Leaving safepoint region
[491.122s][info ][safepoint      ] Total time for which application threads were stopped: 0.0001252 seconds, Stopping threads took: 0.0000657 seconds
[491.699s][info ][safepoint      ] Application time: 0.5766387 seconds
[491.699s][info ][safepoint      ] Entering safepoint region: ParallelGCFailedAllocation
[491.699s][info ][gc,start       ] GC(87) Pause Young (Allocation Failure)
[491.704s][debug][gc,phases      ] GC(87) Scavenge 4.838ms
[491.704s][debug][gc,ref         ] GC(87) Skipped phase1 of Reference Processing due to unavailable references
[491.704s][debug][gc,ref         ] GC(87) Skipped phase3 of Reference Processing due to unavailable references
[491.704s][debug][gc,ref         ] GC(87) Skipped phase4 of Reference Processing due to unavailable references
[491.704s][debug][gc,phases      ] GC(87) Reference Processing 0.029ms
[491.704s][debug][gc,phases      ] GC(87) Weak Processing 0.133ms
[491.705s][debug][gc,phases      ] GC(87) Scrub String Table 0.439ms
[491.705s][debug][gc,age         ] GC(87) Desired survivor size 44564480 bytes, new threshold 15 (max threshold 15)
[491.705s][info ][gc,heap        ] GC(87) PSYoungGen: 2010032K->8432K(2053632K)
[491.705s][info ][gc,heap        ] GC(87) ParOldGen: 304426K->304474K(332288K)
[491.705s][info ][gc,metaspace   ] GC(87) Metaspace: 74340K->74340K(1116160K)
[491.705s][info ][gc             ] GC(87) Pause Young (Allocation Failure) 2260M->305M(2330M) 5.554ms
[491.705s][info ][gc,cpu         ] GC(87) User=0.02s Sys=0.00s Real=0.00s
[491.705s][info ][safepoint      ] Leaving safepoint region
[491.705s][info ][safepoint      ] Total time for which application threads were stopped: 0.0057075 seconds, Stopping threads took: 0.0000336 seconds
[493.705s][info ][safepoint      ] Application time: 2.0001591 seconds
[493.705s][info ][safepoint      ] Entering safepoint region: Cleanup
[493.705s][info ][safepoint      ] Leaving safepoint region
[493.705s][info ][safepoint      ] Total time for which application threads were stopped: 0.0001165 seconds, Stopping threads took: 0.0000493 seconds
[494.705s][info ][safepoint      ] Application time: 1.0000776 seconds
[494.705s][info ][safepoint      ] Entering safepoint region: Cleanup
[494.705s][info ][safepoint      ] Leaving safepoint region
[494.705s][info ][safepoint      ] Total time for which application threads were stopped: 0.0000970 seconds, Stopping threads took: 0.0000341 seconds
[495.705s][info ][safepoint      ] Application time: 1.0000795 seconds
[495.705s][info ][safepoint      ] Entering safepoint region: Cleanup
[495.705s][info ][safepoint      ] Leaving safepoint region
[495.705s][info ][safepoint      ] Total time for which application threads were stopped: 0.0001047 seconds, Stopping threads took: 0.0000469 seconds
[496.706s][info ][safepoint      ] Application time: 1.0000849 seconds
[496.706s][info ][safepoint      ] Entering safepoint region: Cleanup
[496.706s][info ][safepoint      ] Leaving safepoint region
[496.706s][info ][safepoint      ] Total time for which application threads were stopped: 0.0000973 seconds, Stopping threads took: 0.0000349 seconds
[497.706s][info ][safepoint      ] Application time: 1.0000816 seconds
[497.706s][info ][safepoint      ] Entering safepoint region: Cleanup
[497.706s][info ][safepoint      ] Leaving safepoint region
[497.706s][info ][safepoint      ] Total time for which application threads were stopped: 0.0000928 seconds, Stopping threads took: 0.0000358 seconds
[498.706s][info ][safepoint      ] Application time: 1.0000726 seconds
[498.706s][info ][safepoint      ] Entering safepoint region: Cleanup
[498.706s][info ][safepoint      ] Leaving safepoint region
[498.706s][info ][safepoint      ] Total time for which application threads were stopped: 0.0000934 seconds, Stopping threads took: 0.0000384 seconds
[501.706s][info ][safepoint      ] Application time: 3.0002209 seconds
[501.706s][info ][safepoint      ] Entering safepoint region: Cleanup
[501.706s][info ][safepoint      ] Leaving safepoint region
[501.706s][info ][safepoint      ] Total time for which application threads were stopped: 0.0001220 seconds, Stopping threads took: 0.0000533 seconds
[502.454s][info ][safepoint      ] Application time: 0.7477551 seconds
[502.454s][info ][safepoint      ] Entering safepoint region: ParallelGCFailedAllocation
[502.454s][info ][gc,start       ] GC(88) Pause Young (Allocation Failure)
[502.459s][debug][gc,phases      ] GC(88) Scavenge 4.394ms
[502.459s][debug][gc,ref         ] GC(88) Skipped phase1 of Reference Processing due to unavailable references
[502.459s][debug][gc,ref         ] GC(88) Skipped phase3 of Reference Processing due to unavailable references
[502.459s][debug][gc,ref         ] GC(88) Skipped phase4 of Reference Processing due to unavailable references
[502.459s][debug][gc,phases      ] GC(88) Reference Processing 0.027ms
[502.459s][debug][gc,phases      ] GC(88) Weak Processing 0.133ms
[502.459s][debug][gc,phases      ] GC(88) Scrub String Table 0.446ms
[502.459s][debug][gc,age         ] GC(88) Desired survivor size 42467328 bytes, new threshold 15 (max threshold 15)
[502.459s][info ][gc,heap        ] GC(88) PSYoungGen: 2017008K->8304K(2052096K)
[502.459s][info ][gc,heap        ] GC(88) ParOldGen: 304474K->304578K(332288K)
[502.459s][info ][gc,metaspace   ] GC(88) Metaspace: 74342K->74342K(1118208K)
[502.460s][info ][gc             ] GC(88) Pause Young (Allocation Failure) 2267M->305M(2328M) 5.124ms
[502.460s][info ][gc,cpu         ] GC(88) User=0.02s Sys=0.00s Real=0.01s
[502.460s][info ][safepoint      ] Leaving safepoint region
[502.460s][info ][safepoint      ] Total time for which application threads were stopped: 0.0052688 seconds, Stopping threads took: 0.0000209 seconds
[504.460s][info ][safepoint      ] Application time: 2.0001524 seconds
[504.460s][info ][safepoint      ] Entering safepoint region: Cleanup
[504.460s][info ][safepoint      ] Leaving safepoint region
[504.460s][info ][safepoint      ] Total time for which application threads were stopped: 0.0001150 seconds, Stopping threads took: 0.0000544 seconds
[507.460s][info ][safepoint      ] Application time: 3.0002134 seconds
[507.460s][info ][safepoint      ] Entering safepoint region: Cleanup
[507.460s][info ][safepoint      ] Leaving safepoint region
[507.460s][info ][safepoint      ] Total time for which application threads were stopped: 0.0001102 seconds, Stopping threads took: 0.0000532 seconds
[513.299s][info ][safepoint      ] Application time: 5.8385671 seconds
[513.299s][info ][safepoint      ] Entering safepoint region: ParallelGCFailedAllocation
[513.299s][info ][gc,start       ] GC(89) Pause Young (Allocation Failure)
[513.304s][debug][gc,phases      ] GC(89) Scavenge 5.286ms
[513.304s][debug][gc,ref         ] GC(89) Skipped phase1 of Reference Processing due to unavailable references
[513.304s][debug][gc,ref         ] GC(89) Skipped phase3 of Reference Processing due to unavailable references
[513.304s][debug][gc,phases      ] GC(89) Reference Processing 0.028ms
[513.304s][debug][gc,phases      ] GC(89) Weak Processing 0.142ms
[513.305s][debug][gc,phases      ] GC(89) Scrub String Table 0.441ms
[513.305s][debug][gc,age         ] GC(89) Desired survivor size 40894464 bytes, new threshold 15 (max threshold 15)
[513.305s][info ][gc,heap        ] GC(89) PSYoungGen: 2016880K->6000K(2057216K)
[513.305s][info ][gc,heap        ] GC(89) ParOldGen: 304578K->307119K(332288K)
[513.305s][info ][gc,metaspace   ] GC(89) Metaspace: 74361K->74361K(1118208K)
[513.305s][info ][gc             ] GC(89) Pause Young (Allocation Failure) 2267M->305M(2333M) 6.033ms
[513.305s][info ][gc,cpu         ] GC(89) User=0.02s Sys=0.00s Real=0.00s
[513.305s][info ][safepoint      ] Leaving safepoint region
[513.305s][info ][safepoint      ] Total time for which application threads were stopped: 0.0062057 seconds, Stopping threads took: 0.0000341 seconds
[516.305s][info ][safepoint      ] Application time: 3.0001946 seconds
[516.305s][info ][safepoint      ] Entering safepoint region: Cleanup
[516.305s][info ][safepoint      ] Leaving safepoint region
[516.305s][info ][safepoint      ] Total time for which application threads were stopped: 0.0001213 seconds, Stopping threads took: 0.0000522 seconds
[517.305s][info ][safepoint      ] Application time: 1.0000760 seconds
[517.306s][info ][safepoint      ] Entering safepoint region: Cleanup
[517.306s][info ][safepoint      ] Leaving safepoint region
[517.306s][info ][safepoint      ] Total time for which application threads were stopped: 0.0001114 seconds, Stopping threads took: 0.0000499 seconds
[519.306s][info ][safepoint      ] Application time: 2.0001173 seconds
[519.306s][info ][safepoint      ] Entering safepoint region: Cleanup
[519.306s][info ][safepoint      ] Leaving safepoint region
[519.306s][info ][safepoint      ] Total time for which application threads were stopped: 0.0001024 seconds, Stopping threads took: 0.0000472 seconds
[520.306s][info ][safepoint      ] Application time: 1.0000781 seconds
[520.306s][info ][safepoint      ] Entering safepoint region: Cleanup
[520.306s][info ][safepoint      ] Leaving safepoint region
[520.306s][info ][safepoint      ] Total time for which application threads were stopped: 0.0001219 seconds, Stopping threads took: 0.0000370 seconds
[522.306s][info ][safepoint      ] Application time: 2.0001516 seconds
[522.306s][info ][safepoint      ] Entering safepoint region: Cleanup
[522.306s][info ][safepoint      ] Leaving safepoint region
[522.306s][info ][safepoint      ] Total time for which application threads were stopped: 0.0001092 seconds, Stopping threads took: 0.0000384 seconds
[523.307s][info ][safepoint      ] Application time: 1.0000798 seconds
[523.307s][info ][safepoint      ] Entering safepoint region: Cleanup
[523.307s][info ][safepoint      ] Leaving safepoint region
[523.307s][info ][safepoint      ] Total time for which application threads were stopped: 0.0000956 seconds, Stopping threads took: 0.0000365 seconds
[523.958s][info ][safepoint      ] Application time: 0.6514802 seconds
[523.958s][info ][safepoint      ] Entering safepoint region: ParallelGCFailedAllocation
[523.958s][info ][gc,start       ] GC(90) Pause Young (Allocation Failure)
[523.963s][debug][gc,phases      ] GC(90) Scavenge 4.779ms
[523.963s][debug][gc,ref         ] GC(90) Skipped phase1 of Reference Processing due to unavailable references
[523.963s][debug][gc,ref         ] GC(90) Skipped phase3 of Reference Processing due to unavailable references
[523.963s][debug][gc,phases      ] GC(90) Reference Processing 0.028ms
[523.963s][debug][gc,phases      ] GC(90) Weak Processing 0.114ms
[523.964s][debug][gc,phases      ] GC(90) Scrub String Table 0.402ms
[523.964s][debug][gc,age         ] GC(90) Desired survivor size 39845888 bytes, new threshold 15 (max threshold 15)
[523.964s][info ][gc,heap        ] GC(90) PSYoungGen: 2021744K->4144K(2055680K)
[523.964s][info ][gc,heap        ] GC(90) ParOldGen: 307119K->309183K(332288K)
[523.964s][info ][gc,metaspace   ] GC(90) Metaspace: 74372K->74372K(1118208K)
[523.964s][info ][gc             ] GC(90) Pause Young (Allocation Failure) 2274M->305M(2332M) 5.455ms
[523.964s][info ][gc,cpu         ] GC(90) User=0.02s Sys=0.00s Real=0.00s
[523.964s][info ][safepoint      ] Leaving safepoint region
[523.964s][info ][safepoint      ] Total time for which application threads were stopped: 0.0056026 seconds, Stopping threads took: 0.0000110 seconds
[529.964s][info ][safepoint      ] Application time: 6.0004520 seconds
[529.964s][info ][safepoint      ] Entering safepoint region: Cleanup
[529.964s][info ][safepoint      ] Leaving safepoint region
[529.964s][info ][safepoint      ] Total time for which application threads were stopped: 0.0001129 seconds, Stopping threads took: 0.0000460 seconds
[531.965s][info ][safepoint      ] Application time: 2.0001595 seconds
[531.965s][info ][safepoint      ] Entering safepoint region: Cleanup
[531.965s][info ][safepoint      ] Leaving safepoint region
[531.965s][info ][safepoint      ] Total time for which application threads were stopped: 0.0000971 seconds, Stopping threads took: 0.0000357 seconds
[533.965s][info ][safepoint      ] Application time: 2.0001115 seconds
[533.965s][info ][safepoint      ] Entering safepoint region: Cleanup
[533.965s][info ][safepoint      ] Leaving safepoint region
[533.965s][info ][safepoint      ] Total time for which application threads were stopped: 0.0001043 seconds, Stopping threads took: 0.0000315 seconds
[534.717s][info ][safepoint      ] Application time: 0.7520569 seconds
[534.717s][info ][safepoint      ] Entering safepoint region: ParallelGCFailedAllocation
[534.717s][info ][gc,start       ] GC(91) Pause Young (Allocation Failure)
[534.721s][debug][gc,phases      ] GC(91) Scavenge 3.861ms
[534.721s][debug][gc,ref         ] GC(91) Skipped phase1 of Reference Processing due to unavailable references
[534.721s][debug][gc,ref         ] GC(91) Skipped phase3 of Reference Processing due to unavailable references
[534.721s][debug][gc,ref         ] GC(91) Skipped phase4 of Reference Processing due to unavailable references
[534.721s][debug][gc,phases      ] GC(91) Reference Processing 0.028ms
[534.721s][debug][gc,phases      ] GC(91) Weak Processing 0.129ms
[534.722s][debug][gc,phases      ] GC(91) Scrub String Table 0.434ms
[534.722s][debug][gc,age         ] GC(91) Desired survivor size 38797312 bytes, new threshold 15 (max threshold 15)
[534.722s][info ][gc,heap        ] GC(91) PSYoungGen: 2019888K->4112K(2059264K)
[534.722s][info ][gc,heap        ] GC(91) ParOldGen: 309183K->309315K(332288K)
[534.722s][info ][gc,metaspace   ] GC(91) Metaspace: 74388K->74388K(1118208K)
[534.722s][info ][gc             ] GC(91) Pause Young (Allocation Failure) 2274M->306M(2335M) 4.569ms
[534.722s][info ][gc,cpu         ] GC(91) User=0.01s Sys=0.00s Real=0.00s
[534.722s][info ][safepoint      ] Leaving safepoint region
[534.722s][info ][safepoint      ] Total time for which application threads were stopped: 0.0047085 seconds, Stopping threads took: 0.0000115 seconds
[538.656s][info ][safepoint      ] Application time: 3.9343602 seconds
[538.656s][info ][safepoint      ] Entering safepoint region: RevokeBias
[538.656s][info ][safepoint      ] Leaving safepoint region
[538.656s][info ][safepoint      ] Total time for which application threads were stopped: 0.0001939 seconds, Stopping threads took: 0.0000892 seconds
[538.657s][info ][safepoint      ] Application time: 0.0002789 seconds
[538.657s][info ][safepoint      ] Entering safepoint region: RevokeBias
[538.657s][info ][safepoint      ] Leaving safepoint region
[538.657s][info ][safepoint      ] Total time for which application threads were stopped: 0.0000532 seconds, Stopping threads took: 0.0000159 seconds
[538.673s][info ][safepoint      ] Application time: 0.0160303 seconds
[538.673s][info ][safepoint      ] Entering safepoint region: RevokeBias
[538.673s][info ][safepoint      ] Leaving safepoint region
[538.673s][info ][safepoint      ] Total time for which application threads were stopped: 0.0000898 seconds, Stopping threads took: 0.0000113 seconds
[539.387s][info ][safepoint      ] Application time: 0.7143319 seconds
[539.387s][info ][safepoint      ] Entering safepoint region: RevokeBias
[539.387s][info ][safepoint      ] Leaving safepoint region
[539.387s][info ][safepoint      ] Total time for which application threads were stopped: 0.0001210 seconds, Stopping threads took: 0.0000162 seconds
[539.387s][info ][safepoint      ] Application time: 0.0000358 seconds
[539.387s][info ][safepoint      ] Entering safepoint region: RevokeBias
[539.387s][info ][safepoint      ] Leaving safepoint region
[539.387s][info ][safepoint      ] Total time for which application threads were stopped: 0.0000338 seconds, Stopping threads took: 0.0000058 seconds
[539.397s][info ][safepoint      ] Application time: 0.0100324 seconds
[539.398s][info ][safepoint      ] Entering safepoint region: RevokeBias
[539.398s][info ][safepoint      ] Leaving safepoint region
[539.398s][info ][safepoint      ] Total time for which application threads were stopped: 0.0001163 seconds, Stopping threads took: 0.0000641 seconds
[539.401s][info ][safepoint      ] Application time: 0.0031108 seconds
[539.401s][info ][safepoint      ] Entering safepoint region: RevokeBias
[539.401s][info ][safepoint      ] Leaving safepoint region
[539.401s][info ][safepoint      ] Total time for which application threads were stopped: 0.0000747 seconds, Stopping threads took: 0.0000215 seconds
[539.401s][info ][safepoint      ] Application time: 0.0000421 seconds
[539.401s][info ][safepoint      ] Entering safepoint region: RevokeBias
[539.401s][info ][safepoint      ] Leaving safepoint region
[539.401s][info ][safepoint      ] Total time for which application threads were stopped: 0.0000351 seconds, Stopping threads took: 0.0000129 seconds
[539.403s][info ][safepoint      ] Application time: 0.0018385 seconds
[539.403s][info ][safepoint      ] Entering safepoint region: RevokeBias
[539.403s][info ][safepoint      ] Leaving safepoint region
[539.403s][info ][safepoint      ] Total time for which application threads were stopped: 0.0000713 seconds, Stopping threads took: 0.0000342 seconds
[539.403s][info ][safepoint      ] Application time: 0.0002942 seconds
[539.403s][info ][safepoint      ] Entering safepoint region: RevokeBias
[539.403s][info ][safepoint      ] Leaving safepoint region
[539.403s][info ][safepoint      ] Total time for which application threads were stopped: 0.0000708 seconds, Stopping threads took: 0.0000392 seconds
[539.403s][info ][safepoint      ] Application time: 0.0001265 seconds
[539.403s][info ][safepoint      ] Entering safepoint region: RevokeBias
[539.403s][info ][safepoint      ] Leaving safepoint region
[539.403s][info ][safepoint      ] Total time for which application threads were stopped: 0.0000559 seconds, Stopping threads took: 0.0000165 seconds
[539.404s][info ][safepoint      ] Application time: 0.0000650 seconds
[539.404s][info ][safepoint      ] Entering safepoint region: RevokeBias
[539.404s][info ][safepoint      ] Leaving safepoint region
[539.404s][info ][safepoint      ] Total time for which application threads were stopped: 0.0000431 seconds, Stopping threads took: 0.0000151 seconds
[539.404s][info ][safepoint      ] Application time: 0.0000666 seconds
[539.404s][info ][safepoint      ] Entering safepoint region: RevokeBias
[539.404s][info ][safepoint      ] Leaving safepoint region
[539.404s][info ][safepoint      ] Total time for which application threads were stopped: 0.0000441 seconds, Stopping threads took: 0.0000149 seconds
[539.404s][info ][safepoint      ] Application time: 0.0000440 seconds
[539.404s][info ][safepoint      ] Entering safepoint region: RevokeBias
[539.404s][info ][safepoint      ] Leaving safepoint region
[539.404s][info ][safepoint      ] Total time for which application threads were stopped: 0.0000460 seconds, Stopping threads took: 0.0000281 seconds
[539.404s][info ][safepoint      ] Application time: 0.0000480 seconds
[539.404s][info ][safepoint      ] Entering safepoint region: RevokeBias
[539.404s][info ][safepoint      ] Leaving safepoint region
[539.404s][info ][safepoint      ] Total time for which application threads were stopped: 0.0000375 seconds, Stopping threads took: 0.0000137 seconds
[539.404s][info ][safepoint      ] Application time: 0.0000467 seconds
[539.404s][info ][safepoint      ] Entering safepoint region: RevokeBias
[539.404s][info ][safepoint      ] Leaving safepoint region
[539.404s][info ][safepoint      ] Total time for which application threads were stopped: 0.0000585 seconds, Stopping threads took: 0.0000247 seconds
[539.404s][info ][safepoint      ] Application time: 0.0000477 seconds
[539.404s][info ][safepoint      ] Entering safepoint region: RevokeBias
[539.404s][info ][safepoint      ] Leaving safepoint region
[539.404s][info ][safepoint      ] Total time for which application threads were stopped: 0.0000403 seconds, Stopping threads took: 0.0000123 seconds
[539.404s][info ][safepoint      ] Application time: 0.0000613 seconds
[539.404s][info ][safepoint      ] Entering safepoint region: RevokeBias
[539.404s][info ][safepoint      ] Leaving safepoint region
[539.404s][info ][safepoint      ] Total time for which application threads were stopped: 0.0000379 seconds, Stopping threads took: 0.0000122 seconds
[539.404s][info ][safepoint      ] Application time: 0.0000407 seconds
[539.404s][info ][safepoint      ] Entering safepoint region: RevokeBias
[539.404s][info ][safepoint      ] Leaving safepoint region
[539.404s][info ][safepoint      ] Total time for which application threads were stopped: 0.0000358 seconds, Stopping threads took: 0.0000114 seconds
[539.404s][info ][safepoint      ] Application time: 0.0000383 seconds
[539.404s][info ][safepoint      ] Entering safepoint region: RevokeBias
[539.404s][info ][safepoint      ] Leaving safepoint region
[539.404s][info ][safepoint      ] Total time for which application threads were stopped: 0.0000340 seconds, Stopping threads took: 0.0000096 seconds
[539.404s][info ][safepoint      ] Application time: 0.0000434 seconds
[539.404s][info ][safepoint      ] Entering safepoint region: RevokeBias
[539.404s][info ][safepoint      ] Leaving safepoint region
[539.404s][info ][safepoint      ] Total time for which application threads were stopped: 0.0000527 seconds, Stopping threads took: 0.0000274 seconds
[539.405s][info ][safepoint      ] Application time: 0.0000414 seconds
[539.405s][info ][safepoint      ] Entering safepoint region: RevokeBias
[539.405s][info ][safepoint      ] Leaving safepoint region
[539.405s][info ][safepoint      ] Total time for which application threads were stopped: 0.0000494 seconds, Stopping threads took: 0.0000247 seconds
[539.405s][info ][safepoint      ] Application time: 0.0000349 seconds
[539.405s][info ][safepoint      ] Entering safepoint region: RevokeBias
[539.405s][info ][safepoint      ] Leaving safepoint region
[539.405s][info ][safepoint      ] Total time for which application threads were stopped: 0.0000358 seconds, Stopping threads took: 0.0000118 seconds
[539.405s][info ][safepoint      ] Application time: 0.0000283 seconds
[539.405s][info ][safepoint      ] Entering safepoint region: RevokeBias
[539.405s][info ][safepoint      ] Leaving safepoint region
[539.405s][info ][safepoint      ] Total time for which application threads were stopped: 0.0000337 seconds, Stopping threads took: 0.0000104 seconds
[539.405s][info ][safepoint      ] Application time: 0.0000343 seconds
[539.405s][info ][safepoint      ] Entering safepoint region: RevokeBias
[539.405s][info ][safepoint      ] Leaving safepoint region
[539.405s][info ][safepoint      ] Total time for which application threads were stopped: 0.0000342 seconds, Stopping threads took: 0.0000106 seconds
[539.405s][info ][safepoint      ] Application time: 0.0000543 seconds
[539.405s][info ][safepoint      ] Entering safepoint region: RevokeBias
[539.405s][info ][safepoint      ] Leaving safepoint region
[539.405s][info ][safepoint      ] Total time for which application threads were stopped: 0.0000408 seconds, Stopping threads took: 0.0000153 seconds
[539.405s][info ][safepoint      ] Application time: 0.0000522 seconds
[539.405s][info ][safepoint      ] Entering safepoint region: RevokeBias
[539.405s][info ][safepoint      ] Leaving safepoint region
[539.405s][info ][safepoint      ] Total time for which application threads were stopped: 0.0000524 seconds, Stopping threads took: 0.0000280 seconds
[539.405s][info ][safepoint      ] Application time: 0.0000559 seconds
[539.405s][info ][safepoint      ] Entering safepoint region: BulkRevokeBias
[539.405s][info ][safepoint      ] Leaving safepoint region
[539.405s][info ][safepoint      ] Total time for which application threads were stopped: 0.0001848 seconds, Stopping threads took: 0.0000134 seconds
[539.406s][info ][safepoint      ] Application time: 0.0009980 seconds
[539.406s][info ][safepoint      ] Entering safepoint region: RevokeBias
[539.406s][info ][safepoint      ] Leaving safepoint region
[539.406s][info ][safepoint      ] Total time for which application threads were stopped: 0.0000657 seconds, Stopping threads took: 0.0000245 seconds
[539.407s][info ][safepoint      ] Application time: 0.0002675 seconds
[539.407s][info ][safepoint      ] Entering safepoint region: RevokeBias
[539.407s][info ][safepoint      ] Leaving safepoint region
[539.407s][info ][safepoint      ] Total time for which application threads were stopped: 0.0000422 seconds, Stopping threads took: 0.0000210 seconds
[539.408s][info ][safepoint      ] Application time: 0.0011352 seconds
[539.408s][info ][safepoint      ] Entering safepoint region: RevokeBias
[539.408s][info ][safepoint      ] Leaving safepoint region
[539.408s][info ][safepoint      ] Total time for which application threads were stopped: 0.0000535 seconds, Stopping threads took: 0.0000168 seconds
[539.414s][info ][safepoint      ] Application time: 0.0062006 seconds
[539.414s][info ][safepoint      ] Entering safepoint region: RevokeBias
[539.414s][info ][safepoint      ] Leaving safepoint region
[539.414s][info ][safepoint      ] Total time for which application threads were stopped: 0.0001018 seconds, Stopping threads took: 0.0000271 seconds
[539.457s][info ][safepoint      ] Application time: 0.0430707 seconds
[539.457s][info ][safepoint      ] Entering safepoint region: RevokeBias
[539.457s][info ][safepoint      ] Leaving safepoint region
[539.457s][info ][safepoint      ] Total time for which application threads were stopped: 0.0000953 seconds, Stopping threads took: 0.0000267 seconds
[539.477s][info ][safepoint      ] Application time: 0.0196494 seconds
[539.477s][info ][safepoint      ] Entering safepoint region: RevokeBias
[539.477s][info ][safepoint      ] Leaving safepoint region
[539.477s][info ][safepoint      ] Total time for which application threads were stopped: 0.0000728 seconds, Stopping threads took: 0.0000154 seconds
[539.656s][info ][safepoint      ] Application time: 0.1783215 seconds
[539.656s][info ][safepoint      ] Entering safepoint region: ICBufferFull
[539.656s][info ][safepoint      ] Leaving safepoint region
[539.656s][info ][safepoint      ] Total time for which application threads were stopped: 0.0002866 seconds, Stopping threads took: 0.0000494 seconds
[540.656s][info ][safepoint      ] Application time: 1.0000862 seconds
[540.656s][info ][safepoint      ] Entering safepoint region: Cleanup
[540.656s][info ][safepoint      ] Leaving safepoint region
[540.656s][info ][safepoint      ] Total time for which application threads were stopped: 0.0002513 seconds, Stopping threads took: 0.0000476 seconds
[541.656s][info ][safepoint      ] Application time: 1.0000715 seconds
[541.656s][info ][safepoint      ] Entering safepoint region: Cleanup
[541.656s][info ][safepoint      ] Leaving safepoint region
[541.656s][info ][safepoint      ] Total time for which application threads were stopped: 0.0001419 seconds, Stopping threads took: 0.0000393 seconds
[542.657s][info ][safepoint      ] Application time: 1.0000725 seconds
[542.657s][info ][safepoint      ] Entering safepoint region: Cleanup
[542.657s][info ][safepoint      ] Leaving safepoint region
[542.657s][info ][safepoint      ] Total time for which application threads were stopped: 0.0001169 seconds, Stopping threads took: 0.0000488 seconds
[542.734s][info ][safepoint      ] Application time: 0.0777213 seconds
[542.734s][info ][safepoint      ] Entering safepoint region: ParallelGCFailedAllocation
[542.735s][info ][gc,start       ] GC(92) Pause Young (Allocation Failure)
[542.748s][debug][gc,phases      ] GC(92) Scavenge 13.098ms
[542.748s][debug][gc,ref         ] GC(92) Skipped phase1 of Reference Processing due to unavailable references
[542.748s][debug][gc,ref         ] GC(92) Skipped phase3 of Reference Processing due to unavailable references
[542.748s][debug][gc,phases      ] GC(92) Reference Processing 0.033ms
[542.748s][debug][gc,phases      ] GC(92) Weak Processing 0.163ms
[542.748s][debug][gc,phases      ] GC(92) Scrub String Table 0.468ms
[542.748s][debug][gc,age         ] GC(92) Desired survivor size 47185920 bytes, new threshold 14 (max threshold 15)
[542.748s][info ][gc,heap        ] GC(92) PSYoungGen: 2024464K->37869K(2058240K)
[542.748s][info ][gc,heap        ] GC(92) ParOldGen: 309315K->312657K(332288K)
[542.748s][info ][gc,metaspace   ] GC(92) Metaspace: 74495K->74495K(1118208K)
[542.748s][info ][gc             ] GC(92) Pause Young (Allocation Failure) 2279M->342M(2334M) 13.904ms
[542.749s][info ][gc,cpu         ] GC(92) User=0.06s Sys=0.00s Real=0.01s
[542.749s][info ][safepoint      ] Leaving safepoint region
[542.749s][info ][safepoint      ] Total time for which application threads were stopped: 0.0140669 seconds, Stopping threads took: 0.0000132 seconds
[543.749s][info ][safepoint      ] Application time: 1.0000875 seconds
[543.749s][info ][safepoint      ] Entering safepoint region: Cleanup
[543.749s][info ][safepoint      ] Leaving safepoint region
[543.749s][info ][safepoint      ] Total time for which application threads were stopped: 0.0001504 seconds, Stopping threads took: 0.0000345 seconds
[544.457s][info ][safepoint      ] Application time: 0.7077647 seconds
[544.457s][info ][safepoint      ] Entering safepoint region: RevokeBias
[544.457s][info ][safepoint      ] Leaving safepoint region
[544.457s][info ][safepoint      ] Total time for which application threads were stopped: 0.0001368 seconds, Stopping threads took: 0.0000494 seconds
[545.457s][info ][safepoint      ] Application time: 1.0000801 seconds
[545.457s][info ][safepoint      ] Entering safepoint region: Cleanup
[545.457s][info ][safepoint      ] Leaving safepoint region
[545.457s][info ][safepoint      ] Total time for which application threads were stopped: 0.0001314 seconds, Stopping threads took: 0.0000539 seconds
[546.457s][info ][safepoint      ] Application time: 1.0000729 seconds
[546.457s][info ][safepoint      ] Entering safepoint region: Cleanup
[546.457s][info ][safepoint      ] Leaving safepoint region
[546.457s][info ][safepoint      ] Total time for which application threads were stopped: 0.0001485 seconds, Stopping threads took: 0.0000358 seconds
[547.457s][info ][safepoint      ] Application time: 1.0000848 seconds
[547.457s][info ][safepoint      ] Entering safepoint region: Cleanup
[547.458s][info ][safepoint      ] Leaving safepoint region
[547.458s][info ][safepoint      ] Total time for which application threads were stopped: 0.0001219 seconds, Stopping threads took: 0.0000444 seconds
[548.458s][info ][safepoint      ] Application time: 1.0000773 seconds
[548.458s][info ][safepoint      ] Entering safepoint region: Cleanup
[548.458s][info ][safepoint      ] Leaving safepoint region
[548.458s][info ][safepoint      ] Total time for which application threads were stopped: 0.0001374 seconds, Stopping threads took: 0.0000485 seconds
[549.457s][info ][safepoint      ] Application time: 0.9991152 seconds
[549.457s][info ][safepoint      ] Entering safepoint region: RevokeBias
[549.457s][info ][safepoint      ] Leaving safepoint region
[549.457s][info ][safepoint      ] Total time for which application threads were stopped: 0.0001692 seconds, Stopping threads took: 0.0000348 seconds
[549.457s][info ][safepoint      ] Application time: 0.0002100 seconds
[549.457s][info ][safepoint      ] Entering safepoint region: RevokeBias
[549.457s][info ][safepoint      ] Leaving safepoint region
[549.457s][info ][safepoint      ] Total time for which application threads were stopped: 0.0000602 seconds, Stopping threads took: 0.0000171 seconds
[549.458s][info ][safepoint      ] Application time: 0.0001203 seconds
[549.458s][info ][safepoint      ] Entering safepoint region: RevokeBias
[549.458s][info ][safepoint      ] Leaving safepoint region
[549.458s][info ][safepoint      ] Total time for which application threads were stopped: 0.0000492 seconds, Stopping threads took: 0.0000151 seconds
[549.458s][info ][safepoint      ] Application time: 0.0000361 seconds
[549.458s][info ][safepoint      ] Entering safepoint region: RevokeBias
[549.458s][info ][safepoint      ] Leaving safepoint region
[549.458s][info ][safepoint      ] Total time for which application threads were stopped: 0.0000339 seconds, Stopping threads took: 0.0000118 seconds
[549.458s][info ][safepoint      ] Application time: 0.0000491 seconds
[549.458s][info ][safepoint      ] Entering safepoint region: RevokeBias
[549.458s][info ][safepoint      ] Leaving safepoint region
[549.458s][info ][safepoint      ] Total time for which application threads were stopped: 0.0000401 seconds, Stopping threads took: 0.0000127 seconds
[549.458s][info ][safepoint      ] Application time: 0.0000927 seconds
[549.458s][info ][safepoint      ] Entering safepoint region: RevokeBias
[549.458s][info ][safepoint      ] Leaving safepoint region
[549.458s][info ][safepoint      ] Total time for which application threads were stopped: 0.0000386 seconds, Stopping threads took: 0.0000125 seconds
[550.458s][info ][safepoint      ] Application time: 1.0000904 seconds
[550.458s][info ][safepoint      ] Entering safepoint region: Cleanup
[550.458s][info ][safepoint      ] Leaving safepoint region
[550.458s][info ][safepoint      ] Total time for which application threads were stopped: 0.0001645 seconds, Stopping threads took: 0.0000631 seconds
[551.193s][info ][safepoint      ] Application time: 0.7347734 seconds
[551.193s][info ][safepoint      ] Entering safepoint region: ParallelGCFailedAllocation
[551.193s][info ][gc,start       ] GC(93) Pause Young (Allocation Failure)
[551.205s][debug][gc,phases      ] GC(93) Scavenge 11.311ms
[551.205s][debug][gc,ref         ] GC(93) Skipped phase1 of Reference Processing due to unavailable references
[551.205s][debug][gc,ref         ] GC(93) Skipped phase3 of Reference Processing due to unavailable references
[551.205s][debug][gc,phases      ] GC(93) Reference Processing 0.034ms
[551.205s][debug][gc,phases      ] GC(93) Weak Processing 0.133ms
[551.205s][debug][gc,phases      ] GC(93) Scrub String Table 0.463ms
[551.205s][debug][gc,age         ] GC(93) Desired survivor size 53477376 bytes, new threshold 15 (max threshold 15)
[551.205s][info ][gc,heap        ] GC(93) PSYoungGen: 2058221K->38813K(2031616K)
[551.205s][info ][gc,heap        ] GC(93) ParOldGen: 312657K->312729K(332288K)
[551.205s][info ][gc,metaspace   ] GC(93) Metaspace: 74554K->74554K(1118208K)
[551.205s][info ][gc             ] GC(93) Pause Young (Allocation Failure) 2315M->343M(2308M) 12.071ms
[551.205s][info ][gc,cpu         ] GC(93) User=0.03s Sys=0.01s Real=0.01s
[551.205s][info ][safepoint      ] Leaving safepoint region
[551.205s][info ][safepoint      ] Total time for which application threads were stopped: 0.0122540 seconds, Stopping threads took: 0.0000260 seconds
[552.205s][info ][safepoint      ] Application time: 1.0000915 seconds
[552.205s][info ][safepoint      ] Entering safepoint region: Cleanup
[552.206s][info ][safepoint      ] Leaving safepoint region
[552.206s][info ][safepoint      ] Total time for which application threads were stopped: 0.0001171 seconds, Stopping threads took: 0.0000332 seconds
[553.206s][info ][safepoint      ] Application time: 1.0000827 seconds
[553.206s][info ][safepoint      ] Entering safepoint region: Cleanup
[553.206s][info ][safepoint      ] Leaving safepoint region
[553.206s][info ][safepoint      ] Total time for which application threads were stopped: 0.0001289 seconds, Stopping threads took: 0.0000624 seconds
[555.206s][info ][safepoint      ] Application time: 2.0001596 seconds
[555.206s][info ][safepoint      ] Entering safepoint region: Cleanup
[555.206s][info ][safepoint      ] Leaving safepoint region
[555.206s][info ][safepoint      ] Total time for which application threads were stopped: 0.0001243 seconds, Stopping threads took: 0.0000341 seconds
[556.206s][info ][safepoint      ] Application time: 1.0000844 seconds
[556.206s][info ][safepoint      ] Entering safepoint region: Cleanup
[556.206s][info ][safepoint      ] Leaving safepoint region
[556.206s][info ][safepoint      ] Total time for which application threads were stopped: 0.0001284 seconds, Stopping threads took: 0.0000363 seconds
[557.206s][info ][safepoint      ] Application time: 1.0000796 seconds
[557.207s][info ][safepoint      ] Entering safepoint region: Cleanup
[557.207s][info ][safepoint      ] Leaving safepoint region
[557.207s][info ][safepoint      ] Total time for which application threads were stopped: 0.0001230 seconds, Stopping threads took: 0.0000565 seconds
[559.311s][info ][safepoint      ] Application time: 2.1039953 seconds
[559.311s][info ][safepoint      ] Entering safepoint region: ParallelGCFailedAllocation
[559.311s][info ][gc,start       ] GC(94) Pause Young (Allocation Failure)
[559.320s][debug][gc,phases      ] GC(94) Scavenge 9.511ms
[559.320s][debug][gc,ref         ] GC(94) Skipped phase1 of Reference Processing due to unavailable references
[559.320s][debug][gc,ref         ] GC(94) Skipped phase3 of Reference Processing due to unavailable references
[559.320s][debug][gc,phases      ] GC(94) Reference Processing 0.029ms
[559.321s][debug][gc,phases      ] GC(94) Weak Processing 0.125ms
[559.321s][debug][gc,phases      ] GC(94) Scrub String Table 0.479ms
[559.321s][debug][gc,age         ] GC(94) Desired survivor size 58720256 bytes, new threshold 15 (max threshold 15)
[559.321s][info ][gc,heap        ] GC(94) PSYoungGen: 2031517K->41197K(2034176K)
[559.321s][info ][gc,heap        ] GC(94) ParOldGen: 312729K->312737K(332288K)
[559.321s][info ][gc,metaspace   ] GC(94) Metaspace: 74582K->74582K(1118208K)
[559.321s][info ][gc             ] GC(94) Pause Young (Allocation Failure) 2289M->345M(2311M) 10.278ms
[559.321s][info ][gc,cpu         ] GC(94) User=0.04s Sys=0.00s Real=0.01s
[559.321s][info ][safepoint      ] Leaving safepoint region
[559.321s][info ][safepoint      ] Total time for which application threads were stopped: 0.0104637 seconds, Stopping threads took: 0.0000186 seconds
[560.321s][info ][safepoint      ] Application time: 1.0000763 seconds
[560.321s][info ][safepoint      ] Entering safepoint region: Cleanup
[560.321s][info ][safepoint      ] Leaving safepoint region
[560.321s][info ][safepoint      ] Total time for which application threads were stopped: 0.0001489 seconds, Stopping threads took: 0.0000656 seconds
[561.322s][info ][safepoint      ] Application time: 1.0000770 seconds
[561.322s][info ][safepoint      ] Entering safepoint region: Cleanup
[561.322s][info ][safepoint      ] Leaving safepoint region
[561.322s][info ][safepoint      ] Total time for which application threads were stopped: 0.0000947 seconds, Stopping threads took: 0.0000347 seconds
[565.322s][info ][safepoint      ] Application time: 4.0002853 seconds
[565.322s][info ][safepoint      ] Entering safepoint region: Cleanup
[565.322s][info ][safepoint      ] Leaving safepoint region
[565.322s][info ][safepoint      ] Total time for which application threads were stopped: 0.0001076 seconds, Stopping threads took: 0.0000380 seconds
[566.322s][info ][safepoint      ] Application time: 1.0000813 seconds
[566.322s][info ][safepoint      ] Entering safepoint region: Cleanup
[566.322s][info ][safepoint      ] Leaving safepoint region
[566.322s][info ][safepoint      ] Total time for which application threads were stopped: 0.0001030 seconds, Stopping threads took: 0.0000351 seconds
[567.233s][info ][safepoint      ] Application time: 0.9106378 seconds
[567.233s][info ][safepoint      ] Entering safepoint region: ParallelGCFailedAllocation
[567.233s][info ][gc,start       ] GC(95) Pause Young (Allocation Failure)
[567.245s][debug][gc,phases      ] GC(95) Scavenge 11.858ms
[567.245s][debug][gc,ref         ] GC(95) Skipped phase1 of Reference Processing due to unavailable references
[567.245s][debug][gc,ref         ] GC(95) Skipped phase3 of Reference Processing due to unavailable references
[567.245s][debug][gc,phases      ] GC(95) Reference Processing 0.045ms
[567.245s][debug][gc,phases      ] GC(95) Weak Processing 0.138ms
[567.246s][debug][gc,phases      ] GC(95) Scrub String Table 0.457ms
[567.246s][debug][gc,age         ] GC(95) Desired survivor size 63963136 bytes, new threshold 15 (max threshold 15)
[567.246s][info ][gc,heap        ] GC(95) PSYoungGen: 2033901K->43245K(2029568K)
[567.246s][info ][gc,heap        ] GC(95) ParOldGen: 312737K->312825K(332288K)
[567.246s][info ][gc,metaspace   ] GC(95) Metaspace: 74589K->74589K(1118208K)
[567.246s][info ][gc             ] GC(95) Pause Young (Allocation Failure) 2291M->347M(2306M) 12.626ms
[567.246s][info ][gc,cpu         ] GC(95) User=0.06s Sys=0.00s Real=0.01s
[567.246s][info ][safepoint      ] Leaving safepoint region
[567.246s][info ][safepoint      ] Total time for which application threads were stopped: 0.0127908 seconds, Stopping threads took: 0.0000141 seconds
[568.246s][info ][safepoint      ] Application time: 1.0000766 seconds
[568.246s][info ][safepoint      ] Entering safepoint region: Cleanup
[568.246s][info ][safepoint      ] Leaving safepoint region
[568.246s][info ][safepoint      ] Total time for which application threads were stopped: 0.0002164 seconds, Stopping threads took: 0.0000329 seconds
[569.246s][info ][safepoint      ] Application time: 1.0000240 seconds
[569.246s][info ][safepoint      ] Entering safepoint region: Cleanup
[569.246s][info ][safepoint      ] Leaving safepoint region
[569.246s][info ][safepoint      ] Total time for which application threads were stopped: 0.0000801 seconds, Stopping threads took: 0.0000211 seconds
[570.246s][info ][safepoint      ] Application time: 1.0000636 seconds
[570.246s][info ][safepoint      ] Entering safepoint region: Cleanup
[570.246s][info ][safepoint      ] Leaving safepoint region
[570.246s][info ][safepoint      ] Total time for which application threads were stopped: 0.0000837 seconds, Stopping threads took: 0.0000239 seconds
[571.247s][info ][safepoint      ] Application time: 1.0000692 seconds
[571.247s][info ][safepoint      ] Entering safepoint region: Cleanup
[571.247s][info ][safepoint      ] Leaving safepoint region
[571.247s][info ][safepoint      ] Total time for which application threads were stopped: 0.0001274 seconds, Stopping threads took: 0.0000497 seconds
[572.247s][info ][safepoint      ] Application time: 1.0000783 seconds
[572.247s][info ][safepoint      ] Entering safepoint region: Cleanup
[572.247s][info ][safepoint      ] Leaving safepoint region
[572.247s][info ][safepoint      ] Total time for which application threads were stopped: 0.0001019 seconds, Stopping threads took: 0.0000330 seconds
[573.247s][info ][safepoint      ] Application time: 1.0000839 seconds
[573.247s][info ][safepoint      ] Entering safepoint region: Cleanup
[573.247s][info ][safepoint      ] Leaving safepoint region
[573.247s][info ][safepoint      ] Total time for which application threads were stopped: 0.0000990 seconds, Stopping threads took: 0.0000330 seconds
[574.247s][info ][safepoint      ] Application time: 1.0000788 seconds
[574.247s][info ][safepoint      ] Entering safepoint region: Cleanup
[574.247s][info ][safepoint      ] Leaving safepoint region
[574.247s][info ][safepoint      ] Total time for which application threads were stopped: 0.0001194 seconds, Stopping threads took: 0.0000569 seconds
[574.841s][info ][safepoint      ] Application time: 0.5933643 seconds
[574.841s][info ][safepoint      ] Entering safepoint region: ParallelGCFailedAllocation
[574.841s][info ][gc,start       ] GC(96) Pause Young (Allocation Failure)
[574.854s][debug][gc,phases      ] GC(96) Scavenge 12.640ms
[574.854s][debug][gc,ref         ] GC(96) Skipped phase1 of Reference Processing due to unavailable references
[574.854s][debug][gc,ref         ] GC(96) Skipped phase3 of Reference Processing due to unavailable references
[574.854s][debug][gc,phases      ] GC(96) Reference Processing 0.044ms
[574.854s][debug][gc,phases      ] GC(96) Weak Processing 0.157ms
[574.854s][debug][gc,phases      ] GC(96) Scrub String Table 0.461ms
[574.854s][debug][gc,age         ] GC(96) Desired survivor size 70254592 bytes, new threshold 15 (max threshold 15)
[574.854s][info ][gc,heap        ] GC(96) PSYoungGen: 2015469K->49549K(2021888K)
[574.854s][info ][gc,heap        ] GC(96) ParOldGen: 312825K->312929K(332288K)
[574.854s][info ][gc,metaspace   ] GC(96) Metaspace: 74607K->74607K(1118208K)
[574.854s][info ][gc             ] GC(96) Pause Young (Allocation Failure) 2273M->353M(2299M) 13.444ms
[574.854s][info ][gc,cpu         ] GC(96) User=0.05s Sys=0.00s Real=0.01s
[574.854s][info ][safepoint      ] Leaving safepoint region
[574.854s][info ][safepoint      ] Total time for which application threads were stopped: 0.0136067 seconds, Stopping threads took: 0.0000138 seconds
[575.855s][info ][safepoint      ] Application time: 1.0000803 seconds
[575.855s][info ][safepoint      ] Entering safepoint region: Cleanup
[575.855s][info ][safepoint      ] Leaving safepoint region
[575.855s][info ][safepoint      ] Total time for which application threads were stopped: 0.0001237 seconds, Stopping threads took: 0.0000467 seconds
[576.855s][info ][safepoint      ] Application time: 1.0000729 seconds
[576.855s][info ][safepoint      ] Entering safepoint region: Cleanup
[576.855s][info ][safepoint      ] Leaving safepoint region
[576.855s][info ][safepoint      ] Total time for which application threads were stopped: 0.0001442 seconds, Stopping threads took: 0.0000656 seconds
[577.855s][info ][safepoint      ] Application time: 1.0000728 seconds
[577.855s][info ][safepoint      ] Entering safepoint region: Cleanup
[577.855s][info ][safepoint      ] Leaving safepoint region
[577.855s][info ][safepoint      ] Total time for which application threads were stopped: 0.0001160 seconds, Stopping threads took: 0.0000503 seconds
[579.855s][info ][safepoint      ] Application time: 2.0001576 seconds
[579.855s][info ][safepoint      ] Entering safepoint region: Cleanup
[579.855s][info ][safepoint      ] Leaving safepoint region
[579.855s][info ][safepoint      ] Total time for which application threads were stopped: 0.0001210 seconds, Stopping threads took: 0.0000512 seconds
[581.856s][info ][safepoint      ] Application time: 2.0001603 seconds
[581.856s][info ][safepoint      ] Entering safepoint region: Cleanup
[581.856s][info ][safepoint      ] Leaving safepoint region
[581.856s][info ][safepoint      ] Total time for which application threads were stopped: 0.0001048 seconds, Stopping threads took: 0.0000377 seconds
[582.764s][info ][safepoint      ] Application time: 0.9083869 seconds
[582.764s][info ][safepoint      ] Entering safepoint region: ParallelGCFailedAllocation
[582.764s][info ][gc,start       ] GC(97) Pause Young (Allocation Failure)
[582.777s][debug][gc,phases      ] GC(97) Scavenge 12.717ms
[582.777s][debug][gc,ref         ] GC(97) Skipped phase1 of Reference Processing due to unavailable references
[582.777s][debug][gc,ref         ] GC(97) Skipped phase3 of Reference Processing due to unavailable references
[582.777s][debug][gc,phases      ] GC(97) Reference Processing 0.035ms
[582.777s][debug][gc,phases      ] GC(97) Weak Processing 0.135ms
[582.778s][debug][gc,phases      ] GC(97) Scrub String Table 0.433ms
[582.778s][debug][gc,age         ] GC(97) Desired survivor size 76546048 bytes, new threshold 15 (max threshold 15)
[582.778s][info ][gc,heap        ] GC(97) PSYoungGen: 2021773K->52253K(2016256K)
[582.778s][info ][gc,heap        ] GC(97) ParOldGen: 312929K->313025K(332288K)
[582.778s][info ][gc,metaspace   ] GC(97) Metaspace: 74617K->74617K(1118208K)
[582.778s][info ][gc             ] GC(97) Pause Young (Allocation Failure) 2279M->356M(2293M) 13.463ms
[582.778s][info ][gc,cpu         ] GC(97) User=0.06s Sys=0.00s Real=0.02s
[582.778s][info ][safepoint      ] Leaving safepoint region
[582.778s][info ][safepoint      ] Total time for which application threads were stopped: 0.0136327 seconds, Stopping threads took: 0.0000144 seconds
[584.778s][info ][safepoint      ] Application time: 2.0001404 seconds
[584.778s][info ][safepoint      ] Entering safepoint region: Cleanup
[584.778s][info ][safepoint      ] Leaving safepoint region
[584.778s][info ][safepoint      ] Total time for which application threads were stopped: 0.0000912 seconds, Stopping threads took: 0.0000127 seconds
[586.778s][info ][safepoint      ] Application time: 2.0001474 seconds
[586.778s][info ][safepoint      ] Entering safepoint region: Cleanup
[586.778s][info ][safepoint      ] Leaving safepoint region
[586.778s][info ][safepoint      ] Total time for which application threads were stopped: 0.0001245 seconds, Stopping threads took: 0.0000413 seconds
[587.779s][info ][safepoint      ] Application time: 1.0000757 seconds
[587.779s][info ][safepoint      ] Entering safepoint region: Cleanup
[587.779s][info ][safepoint      ] Leaving safepoint region
[587.779s][info ][safepoint      ] Total time for which application threads were stopped: 0.0000812 seconds, Stopping threads took: 0.0000127 seconds
[588.779s][info ][safepoint      ] Application time: 1.0000638 seconds
[588.779s][info ][safepoint      ] Entering safepoint region: Cleanup
[588.779s][info ][safepoint      ] Leaving safepoint region
[588.779s][info ][safepoint      ] Total time for which application threads were stopped: 0.0002644 seconds, Stopping threads took: 0.0002027 seconds
[589.779s][info ][safepoint      ] Application time: 1.0000715 seconds
[589.779s][info ][safepoint      ] Entering safepoint region: Cleanup
[589.779s][info ][safepoint      ] Leaving safepoint region
[589.779s][info ][safepoint      ] Total time for which application threads were stopped: 0.0000698 seconds, Stopping threads took: 0.0000132 seconds
[591.036s][info ][safepoint      ] Application time: 1.2565179 seconds
[591.036s][info ][safepoint      ] Entering safepoint region: ParallelGCFailedAllocation
[591.036s][info ][gc,start       ] GC(98) Pause Young (Allocation Failure)
[591.049s][debug][gc,phases      ] GC(98) Scavenge 13.153ms
[591.049s][debug][gc,ref         ] GC(98) Skipped phase1 of Reference Processing due to unavailable references
[591.049s][debug][gc,ref         ] GC(98) Skipped phase3 of Reference Processing due to unavailable references
[591.049s][debug][gc,phases      ] GC(98) Reference Processing 0.032ms
[591.049s][debug][gc,phases      ] GC(98) Weak Processing 0.136ms
[591.050s][debug][gc,phases      ] GC(98) Scrub String Table 0.422ms
[591.050s][debug][gc,age         ] GC(98) Desired survivor size 81788928 bytes, new threshold 15 (max threshold 15)
[591.050s][info ][gc,heap        ] GC(98) PSYoungGen: 1999901K->54477K(2002432K)
[591.050s][info ][gc,heap        ] GC(98) ParOldGen: 313025K->313081K(332288K)
[591.050s][info ][gc,metaspace   ] GC(98) Metaspace: 74622K->74622K(1118208K)
[591.050s][info ][gc             ] GC(98) Pause Young (Allocation Failure) 2258M->358M(2280M) 13.892ms
[591.050s][info ][gc,cpu         ] GC(98) User=0.05s Sys=0.00s Real=0.02s
[591.050s][info ][safepoint      ] Leaving safepoint region
[591.050s][info ][safepoint      ] Total time for which application threads were stopped: 0.0140293 seconds, Stopping threads took: 0.0000116 seconds
[593.050s][info ][safepoint      ] Application time: 2.0001448 seconds
[593.050s][info ][safepoint      ] Entering safepoint region: Cleanup
[593.050s][info ][safepoint      ] Leaving safepoint region
[593.050s][info ][safepoint      ] Total time for which application threads were stopped: 0.0001186 seconds, Stopping threads took: 0.0000369 seconds
[594.050s][info ][safepoint      ] Application time: 1.0000818 seconds
[594.050s][info ][safepoint      ] Entering safepoint region: Cleanup
[594.050s][info ][safepoint      ] Leaving safepoint region
[594.050s][info ][safepoint      ] Total time for which application threads were stopped: 0.0000977 seconds, Stopping threads took: 0.0000389 seconds
[595.050s][info ][safepoint      ] Application time: 1.0000697 seconds
[595.050s][info ][safepoint      ] Entering safepoint region: Cleanup
[595.051s][info ][safepoint      ] Leaving safepoint region
[595.051s][info ][safepoint      ] Total time for which application threads were stopped: 0.0001330 seconds, Stopping threads took: 0.0000581 seconds
[597.051s][info ][safepoint      ] Application time: 2.0001415 seconds
[597.051s][info ][safepoint      ] Entering safepoint region: Cleanup
[597.051s][info ][safepoint      ] Leaving safepoint region
[597.051s][info ][safepoint      ] Total time for which application threads were stopped: 0.0001509 seconds, Stopping threads took: 0.0000841 seconds
[598.051s][info ][safepoint      ] Application time: 1.0000871 seconds
[598.051s][info ][safepoint      ] Entering safepoint region: Cleanup
[598.051s][info ][safepoint      ] Leaving safepoint region
[598.051s][info ][safepoint      ] Total time for which application threads were stopped: 0.0000968 seconds, Stopping threads took: 0.0000345 seconds
[599.051s][info ][safepoint      ] Application time: 1.0000783 seconds
[599.051s][info ][safepoint      ] Entering safepoint region: Cleanup
[599.051s][info ][safepoint      ] Leaving safepoint region
[599.051s][info ][safepoint      ] Total time for which application threads were stopped: 0.0001164 seconds, Stopping threads took: 0.0000486 seconds
[599.453s][info ][safepoint      ] Application time: 0.4014767 seconds
[599.453s][info ][safepoint      ] Entering safepoint region: ParallelGCFailedAllocation
[599.453s][info ][gc,start       ] GC(99) Pause Young (Allocation Failure)
[599.467s][debug][gc,phases      ] GC(99) Scavenge 14.236ms
[599.467s][debug][gc,ref         ] GC(99) Skipped phase1 of Reference Processing due to unavailable references
[599.467s][debug][gc,ref         ] GC(99) Skipped phase3 of Reference Processing due to unavailable references
[599.467s][debug][gc,phases      ] GC(99) Reference Processing 0.031ms
[599.467s][debug][gc,phases      ] GC(99) Weak Processing 0.139ms
[599.468s][debug][gc,phases      ] GC(99) Scrub String Table 0.431ms
[599.468s][debug][gc,age         ] GC(99) Desired survivor size 86507520 bytes, new threshold 15 (max threshold 15)
[599.468s][info ][gc,heap        ] GC(99) PSYoungGen: 2002125K->55037K(2008064K)
[599.468s][info ][gc,heap        ] GC(99) ParOldGen: 313081K->313113K(332288K)
[599.468s][info ][gc,metaspace   ] GC(99) Metaspace: 74638K->74638K(1118208K)
[599.468s][info ][gc             ] GC(99) Pause Young (Allocation Failure) 2260M->359M(2285M) 14.962ms
[599.468s][info ][gc,cpu         ] GC(99) User=0.06s Sys=0.00s Real=0.01s
[599.468s][info ][safepoint      ] Leaving safepoint region
[599.468s][info ][safepoint      ] Total time for which application threads were stopped: 0.0151224 seconds, Stopping threads took: 0.0000110 seconds
[600.468s][info ][safepoint      ] Application time: 1.0000909 seconds
[600.468s][info ][safepoint      ] Entering safepoint region: Cleanup
[600.468s][info ][safepoint      ] Leaving safepoint region
[600.468s][info ][safepoint      ] Total time for which application threads were stopped: 0.0001132 seconds, Stopping threads took: 0.0000378 seconds
[600.732s][info ][safepoint      ] Application time: 0.2633479 seconds
[600.732s][info ][safepoint      ] Entering safepoint region: RevokeBias
[600.732s][info ][safepoint      ] Leaving safepoint region
[600.732s][info ][safepoint      ] Total time for which application threads were stopped: 0.0000890 seconds, Stopping threads took: 0.0000165 seconds
[600.897s][info ][safepoint      ] Application time: 0.1651793 seconds
[600.897s][info ][safepoint      ] Entering safepoint region: RevokeBias
[600.897s][info ][safepoint      ] Leaving safepoint region
[600.897s][info ][safepoint      ] Total time for which application threads were stopped: 0.0000863 seconds, Stopping threads took: 0.0000337 seconds
[602.897s][info ][safepoint      ] Application time: 2.0001484 seconds
[602.897s][info ][safepoint      ] Entering safepoint region: Cleanup
[602.897s][info ][safepoint      ] Leaving safepoint region
[602.897s][info ][safepoint      ] Total time for which application threads were stopped: 0.0000864 seconds, Stopping threads took: 0.0000313 seconds
[604.897s][info ][safepoint      ] Application time: 2.0001425 seconds
[604.898s][info ][safepoint      ] Entering safepoint region: Cleanup
[604.898s][info ][safepoint      ] Leaving safepoint region
[604.898s][info ][safepoint      ] Total time for which application threads were stopped: 0.0001007 seconds, Stopping threads took: 0.0000435 seconds
[605.898s][info ][safepoint      ] Application time: 1.0000695 seconds
[605.898s][info ][safepoint      ] Entering safepoint region: Cleanup
[605.898s][info ][safepoint      ] Leaving safepoint region
[605.898s][info ][safepoint      ] Total time for which application threads were stopped: 0.0001026 seconds, Stopping threads took: 0.0000475 seconds
[606.898s][info ][safepoint      ] Application time: 1.0000742 seconds
[606.898s][info ][safepoint      ] Entering safepoint region: Cleanup
[606.898s][info ][safepoint      ] Leaving safepoint region
[606.898s][info ][safepoint      ] Total time for which application threads were stopped: 0.0001125 seconds, Stopping threads took: 0.0000506 seconds
[607.501s][info ][safepoint      ] Application time: 0.6026999 seconds
[607.501s][info ][safepoint      ] Entering safepoint region: ParallelGCFailedAllocation
[607.501s][info ][gc,start       ] GC(100) Pause Young (Allocation Failure)
[607.515s][debug][gc,phases      ] GC(100) Scavenge 13.701ms
[607.515s][debug][gc,ref         ] GC(100) Skipped phase1 of Reference Processing due to unavailable references
[607.515s][debug][gc,ref         ] GC(100) Skipped phase3 of Reference Processing due to unavailable references
[607.515s][debug][gc,phases      ] GC(100) Reference Processing 0.032ms
[607.515s][debug][gc,phases      ] GC(100) Weak Processing 0.145ms
[607.515s][debug][gc,phases      ] GC(100) Scrub String Table 0.461ms
[607.515s][debug][gc,age         ] GC(100) Desired survivor size 89653248 bytes, new threshold 15 (max threshold 15)
[607.515s][info ][gc,heap        ] GC(100) PSYoungGen: 1983229K->54909K(1983488K)
[607.515s][info ][gc,heap        ] GC(100) ParOldGen: 313113K->313153K(332288K)
[607.515s][info ][gc,metaspace   ] GC(100) Metaspace: 74652K->74652K(1118208K)
[607.515s][info ][gc             ] GC(100) Pause Young (Allocation Failure) 2242M->359M(2261M) 14.471ms
[607.515s][info ][gc,cpu         ] GC(100) User=0.06s Sys=0.00s Real=0.01s
[607.515s][info ][safepoint      ] Leaving safepoint region
[607.515s][info ][safepoint      ] Total time for which application threads were stopped: 0.0146821 seconds, Stopping threads took: 0.0000601 seconds
[608.516s][info ][safepoint      ] Application time: 1.0001085 seconds
[608.516s][info ][safepoint      ] Entering safepoint region: Cleanup
[608.516s][info ][safepoint      ] Leaving safepoint region
[608.516s][info ][safepoint      ] Total time for which application threads were stopped: 0.0001285 seconds, Stopping threads took: 0.0000683 seconds
[610.516s][info ][safepoint      ] Application time: 2.0001640 seconds
[610.516s][info ][safepoint      ] Entering safepoint region: Cleanup
[610.516s][info ][safepoint      ] Leaving safepoint region
[610.516s][info ][safepoint      ] Total time for which application threads were stopped: 0.0000959 seconds, Stopping threads took: 0.0000331 seconds
[613.516s][info ][safepoint      ] Application time: 3.0002006 seconds
[613.516s][info ][safepoint      ] Entering safepoint region: Cleanup
[613.516s][info ][safepoint      ] Leaving safepoint region
[613.516s][info ][safepoint      ] Total time for which application threads were stopped: 0.0001356 seconds, Stopping threads took: 0.0000518 seconds
[614.517s][info ][safepoint      ] Application time: 1.0000818 seconds
[614.517s][info ][safepoint      ] Entering safepoint region: Cleanup
[614.517s][info ][safepoint      ] Leaving safepoint region
[614.517s][info ][safepoint      ] Total time for which application threads were stopped: 0.0001009 seconds, Stopping threads took: 0.0000365 seconds
[615.517s][info ][safepoint      ] Application time: 1.0000479 seconds
[615.517s][info ][safepoint      ] Entering safepoint region: Cleanup
[615.517s][info ][safepoint      ] Leaving safepoint region
[615.517s][info ][safepoint      ] Total time for which application threads were stopped: 0.0001059 seconds, Stopping threads took: 0.0000325 seconds
[615.799s][info ][safepoint      ] Application time: 0.2825030 seconds
[615.799s][info ][safepoint      ] Entering safepoint region: ParallelGCFailedAllocation
[615.800s][info ][gc,start       ] GC(101) Pause Young (Allocation Failure)
[615.814s][debug][gc,phases      ] GC(101) Scavenge 14.295ms
[615.814s][debug][gc,ref         ] GC(101) Skipped phase1 of Reference Processing due to unavailable references
[615.814s][debug][gc,ref         ] GC(101) Skipped phase3 of Reference Processing due to unavailable references
[615.814s][debug][gc,phases      ] GC(101) Reference Processing 0.033ms
[615.814s][debug][gc,phases      ] GC(101) Weak Processing 0.129ms
[615.815s][debug][gc,phases      ] GC(101) Scrub String Table 0.448ms
[615.815s][debug][gc,age         ] GC(101) Desired survivor size 91750400 bytes, new threshold 15 (max threshold 15)
[615.815s][info ][gc,heap        ] GC(101) PSYoungGen: 1983101K->54925K(2005504K)
[615.815s][info ][gc,heap        ] GC(101) ParOldGen: 313153K->313241K(332288K)
[615.815s][info ][gc,metaspace   ] GC(101) Metaspace: 74670K->74670K(1118208K)
[615.815s][info ][gc             ] GC(101) Pause Young (Allocation Failure) 2242M->359M(2283M) 15.027ms
[615.815s][info ][gc,cpu         ] GC(101) User=0.06s Sys=0.00s Real=0.01s
[615.815s][info ][safepoint      ] Leaving safepoint region
[615.815s][info ][safepoint      ] Total time for which application threads were stopped: 0.0152094 seconds, Stopping threads took: 0.0000359 seconds
[616.815s][info ][safepoint      ] Application time: 1.0000958 seconds
[616.815s][info ][safepoint      ] Entering safepoint region: Cleanup
[616.815s][info ][safepoint      ] Leaving safepoint region
[616.815s][info ][safepoint      ] Total time for which application threads were stopped: 0.0001309 seconds, Stopping threads took: 0.0000540 seconds
[617.815s][info ][safepoint      ] Application time: 1.0000940 seconds
[617.815s][info ][safepoint      ] Entering safepoint region: Cleanup
[617.815s][info ][safepoint      ] Leaving safepoint region
[617.815s][info ][safepoint      ] Total time for which application threads were stopped: 0.0002491 seconds, Stopping threads took: 0.0000949 seconds
[618.815s][info ][safepoint      ] Application time: 1.0000873 seconds
[618.815s][info ][safepoint      ] Entering safepoint region: Cleanup
[618.816s][info ][safepoint      ] Leaving safepoint region
[618.816s][info ][safepoint      ] Total time for which application threads were stopped: 0.0001206 seconds, Stopping threads took: 0.0000385 seconds
[621.816s][info ][safepoint      ] Application time: 3.0002647 seconds
[621.816s][info ][safepoint      ] Entering safepoint region: Cleanup
[621.816s][info ][safepoint      ] Leaving safepoint region
[621.816s][info ][safepoint      ] Total time for which application threads were stopped: 0.0001144 seconds, Stopping threads took: 0.0000359 seconds
[622.816s][info ][safepoint      ] Application time: 1.0000758 seconds
[622.816s][info ][safepoint      ] Entering safepoint region: Cleanup
[622.816s][info ][safepoint      ] Leaving safepoint region
[622.816s][info ][safepoint      ] Total time for which application threads were stopped: 0.0001158 seconds, Stopping threads took: 0.0000351 seconds
[623.201s][info ][safepoint      ] Application time: 0.3844550 seconds
[623.201s][info ][safepoint      ] Entering safepoint region: ParallelGCFailedAllocation
[623.201s][info ][gc,start       ] GC(102) Pause Young (Allocation Failure)
[623.216s][debug][gc,phases      ] GC(102) Scavenge 14.906ms
[623.216s][debug][gc,ref         ] GC(102) Skipped phase1 of Reference Processing due to unavailable references
[623.216s][debug][gc,ref         ] GC(102) Skipped phase3 of Reference Processing due to unavailable references
[623.216s][debug][gc,phases      ] GC(102) Reference Processing 0.054ms
[623.216s][debug][gc,phases      ] GC(102) Weak Processing 0.163ms
[623.217s][debug][gc,phases      ] GC(102) Scrub String Table 0.528ms
[623.217s][debug][gc,age         ] GC(102) Desired survivor size 94371840 bytes, new threshold 15 (max threshold 15)
[623.217s][info ][gc,heap        ] GC(102) PSYoungGen: 1972877K->57197K(1975296K)
[623.217s][info ][gc,heap        ] GC(102) ParOldGen: 313241K->313281K(332288K)
[623.217s][info ][gc,metaspace   ] GC(102) Metaspace: 74695K->74695K(1118208K)
[623.217s][info ][gc             ] GC(102) Pause Young (Allocation Failure) 2232M->361M(2253M) 15.828ms
[623.217s][info ][gc,cpu         ] GC(102) User=0.06s Sys=0.00s Real=0.01s
[623.217s][info ][safepoint      ] Leaving safepoint region
[623.217s][info ][safepoint      ] Total time for which application threads were stopped: 0.0159899 seconds, Stopping threads took: 0.0000261 seconds
[626.217s][info ][safepoint      ] Application time: 3.0002450 seconds
[626.217s][info ][safepoint      ] Entering safepoint region: Cleanup
[626.217s][info ][safepoint      ] Leaving safepoint region
[626.217s][info ][safepoint      ] Total time for which application threads were stopped: 0.0000995 seconds, Stopping threads took: 0.0000345 seconds
[627.217s][info ][safepoint      ] Application time: 1.0000831 seconds
[627.217s][info ][safepoint      ] Entering safepoint region: Cleanup
[627.217s][info ][safepoint      ] Leaving safepoint region
[627.217s][info ][safepoint      ] Total time for which application threads were stopped: 0.0001185 seconds, Stopping threads took: 0.0000400 seconds
[628.217s][info ][safepoint      ] Application time: 1.0000771 seconds
[628.217s][info ][safepoint      ] Entering safepoint region: Cleanup
[628.218s][info ][safepoint      ] Leaving safepoint region
[628.218s][info ][safepoint      ] Total time for which application threads were stopped: 0.0001149 seconds, Stopping threads took: 0.0000347 seconds
[631.218s][info ][safepoint      ] Application time: 3.0002089 seconds
[631.218s][info ][safepoint      ] Entering safepoint region: Cleanup
[631.218s][info ][safepoint      ] Leaving safepoint region
[631.218s][info ][safepoint      ] Total time for which application threads were stopped: 0.0001210 seconds, Stopping threads took: 0.0000512 seconds
[631.921s][info ][safepoint      ] Application time: 0.7032737 seconds
[631.921s][info ][safepoint      ] Entering safepoint region: ParallelGCFailedAllocation
[631.921s][info ][gc,start       ] GC(103) Pause Young (Allocation Failure)
[631.937s][debug][gc,phases      ] GC(103) Scavenge 15.331ms
[631.937s][debug][gc,ref         ] GC(103) Skipped phase1 of Reference Processing due to unavailable references
[631.937s][debug][gc,ref         ] GC(103) Skipped phase3 of Reference Processing due to unavailable references
[631.937s][debug][gc,phases      ] GC(103) Reference Processing 0.032ms
[631.937s][debug][gc,phases      ] GC(103) Weak Processing 0.171ms
[631.937s][debug][gc,phases      ] GC(103) Scrub String Table 0.436ms
[631.937s][debug][gc,age         ] GC(103) Desired survivor size 95944704 bytes, new threshold 15 (max threshold 15)
[631.937s][info ][gc,heap        ] GC(103) PSYoungGen: 1975149K->57453K(2001920K)
[631.937s][info ][gc,heap        ] GC(103) ParOldGen: 313281K->313329K(332288K)
[631.937s][info ][gc,metaspace   ] GC(103) Metaspace: 74703K->74703K(1118208K)
[631.937s][info ][gc             ] GC(103) Pause Young (Allocation Failure) 2234M->362M(2279M) 16.117ms
[631.937s][info ][gc,cpu         ] GC(103) User=0.06s Sys=0.00s Real=0.02s
[631.937s][info ][safepoint      ] Leaving safepoint region
[631.937s][info ][safepoint      ] Total time for which application threads were stopped: 0.0162756 seconds, Stopping threads took: 0.0000150 seconds
[632.938s][info ][safepoint      ] Application time: 1.0000784 seconds
[632.938s][info ][safepoint      ] Entering safepoint region: Cleanup
[632.938s][info ][safepoint      ] Leaving safepoint region
[632.938s][info ][safepoint      ] Total time for which application threads were stopped: 0.0000847 seconds, Stopping threads took: 0.0000172 seconds
[633.938s][info ][safepoint      ] Application time: 1.0000781 seconds
[633.938s][info ][safepoint      ] Entering safepoint region: Cleanup
[633.938s][info ][safepoint      ] Leaving safepoint region
[633.938s][info ][safepoint      ] Total time for which application threads were stopped: 0.0001212 seconds, Stopping threads took: 0.0000448 seconds
[634.938s][info ][safepoint      ] Application time: 1.0000707 seconds
[634.938s][info ][safepoint      ] Entering safepoint region: Cleanup
[634.938s][info ][safepoint      ] Leaving safepoint region
[634.938s][info ][safepoint      ] Total time for which application threads were stopped: 0.0000924 seconds, Stopping threads took: 0.0000118 seconds
[636.938s][info ][safepoint      ] Application time: 2.0001353 seconds
[636.938s][info ][safepoint      ] Entering safepoint region: Cleanup
[636.938s][info ][safepoint      ] Leaving safepoint region
[636.938s][info ][safepoint      ] Total time for which application threads were stopped: 0.0000737 seconds, Stopping threads took: 0.0000116 seconds
[638.939s][info ][safepoint      ] Application time: 2.0001442 seconds
[638.939s][info ][safepoint      ] Entering safepoint region: Cleanup
[638.939s][info ][safepoint      ] Leaving safepoint region
[638.939s][info ][safepoint      ] Total time for which application threads were stopped: 0.0000689 seconds, Stopping threads took: 0.0000124 seconds
[639.939s][info ][safepoint      ] Application time: 1.0000477 seconds
[639.939s][info ][safepoint      ] Entering safepoint region: Cleanup
[639.939s][info ][safepoint      ] Leaving safepoint region
[639.939s][info ][safepoint      ] Total time for which application threads were stopped: 0.0000921 seconds, Stopping threads took: 0.0000170 seconds
[640.717s][info ][safepoint      ] Application time: 0.7777661 seconds
[640.717s][info ][safepoint      ] Entering safepoint region: ParallelGCFailedAllocation
[640.717s][info ][gc,start       ] GC(104) Pause Young (Allocation Failure)
[640.733s][debug][gc,phases      ] GC(104) Scavenge 15.685ms
[640.733s][debug][gc,ref         ] GC(104) Skipped phase1 of Reference Processing due to unavailable references
[640.733s][debug][gc,ref         ] GC(104) Skipped phase3 of Reference Processing due to unavailable references
[640.733s][debug][gc,phases      ] GC(104) Reference Processing 0.032ms
[640.733s][debug][gc,phases      ] GC(104) Weak Processing 0.150ms
[640.733s][debug][gc,phases      ] GC(104) Scrub String Table 0.474ms
[640.733s][debug][gc,age         ] GC(104) Desired survivor size 97517568 bytes, new threshold 15 (max threshold 15)
[640.733s][info ][gc,heap        ] GC(104) PSYoungGen: 1967213K->58493K(1968640K)
[640.733s][info ][gc,heap        ] GC(104) ParOldGen: 313329K->313393K(332288K)
[640.733s][info ][gc,metaspace   ] GC(104) Metaspace: 74712K->74712K(1118208K)
[640.733s][info ][gc             ] GC(104) Pause Young (Allocation Failure) 2227M->363M(2247M) 16.475ms
[640.733s][info ][gc,cpu         ] GC(104) User=0.06s Sys=0.00s Real=0.02s
[640.733s][info ][safepoint      ] Leaving safepoint region
[640.733s][info ][safepoint      ] Total time for which application threads were stopped: 0.0166289 seconds, Stopping threads took: 0.0000141 seconds
[641.733s][info ][safepoint      ] Application time: 1.0000758 seconds
[641.733s][info ][safepoint      ] Entering safepoint region: Cleanup
[641.734s][info ][safepoint      ] Leaving safepoint region
[641.734s][info ][safepoint      ] Total time for which application threads were stopped: 0.0001077 seconds, Stopping threads took: 0.0000344 seconds
[642.734s][info ][safepoint      ] Application time: 1.0000850 seconds
[642.734s][info ][safepoint      ] Entering safepoint region: Cleanup
[642.734s][info ][safepoint      ] Leaving safepoint region
[642.734s][info ][safepoint      ] Total time for which application threads were stopped: 0.0000932 seconds, Stopping threads took: 0.0000186 seconds
[643.734s][info ][safepoint      ] Application time: 1.0000710 seconds
[643.734s][info ][safepoint      ] Entering safepoint region: Cleanup
[643.734s][info ][safepoint      ] Leaving safepoint region
[643.734s][info ][safepoint      ] Total time for which application threads were stopped: 0.0000945 seconds, Stopping threads took: 0.0000372 seconds
[644.734s][info ][safepoint      ] Application time: 1.0000754 seconds
[644.734s][info ][safepoint      ] Entering safepoint region: Cleanup
[644.734s][info ][safepoint      ] Leaving safepoint region
[644.734s][info ][safepoint      ] Total time for which application threads were stopped: 0.0000864 seconds, Stopping threads took: 0.0000168 seconds
[645.734s][info ][safepoint      ] Application time: 1.0000767 seconds
[645.734s][info ][safepoint      ] Entering safepoint region: Cleanup
[645.734s][info ][safepoint      ] Leaving safepoint region
[645.734s][info ][safepoint      ] Total time for which application threads were stopped: 0.0000798 seconds, Stopping threads took: 0.0000151 seconds
[646.734s][info ][safepoint      ] Application time: 1.0000727 seconds
[646.735s][info ][safepoint      ] Entering safepoint region: Cleanup
[646.735s][info ][safepoint      ] Leaving safepoint region
[646.735s][info ][safepoint      ] Total time for which application threads were stopped: 0.0000763 seconds, Stopping threads took: 0.0000121 seconds
[647.735s][info ][safepoint      ] Application time: 1.0000751 seconds
[647.735s][info ][safepoint      ] Entering safepoint region: Cleanup
[647.735s][info ][safepoint      ] Leaving safepoint region
[647.735s][info ][safepoint      ] Total time for which application threads were stopped: 0.0000815 seconds, Stopping threads took: 0.0000143 seconds
[648.735s][info ][safepoint      ] Application time: 1.0000665 seconds
[648.735s][info ][safepoint      ] Entering safepoint region: Cleanup
[648.735s][info ][safepoint      ] Leaving safepoint region
[648.735s][info ][safepoint      ] Total time for which application threads were stopped: 0.0000670 seconds, Stopping threads took: 0.0000122 seconds
[649.735s][info ][safepoint      ] Application time: 1.0000267 seconds
[649.735s][info ][safepoint      ] Entering safepoint region: Cleanup
[649.735s][info ][safepoint      ] Leaving safepoint region
[649.735s][info ][safepoint      ] Total time for which application threads were stopped: 0.0000736 seconds, Stopping threads took: 0.0000132 seconds
[650.199s][info ][safepoint      ] Application time: 0.4641707 seconds
[650.199s][info ][safepoint      ] Entering safepoint region: ParallelGCFailedAllocation
[650.199s][info ][gc,start       ] GC(105) Pause Young (Allocation Failure)
[650.214s][debug][gc,phases      ] GC(105) Scavenge 14.545ms
[650.214s][debug][gc,ref         ] GC(105) Skipped phase1 of Reference Processing due to unavailable references
[650.214s][debug][gc,ref         ] GC(105) Skipped phase3 of Reference Processing due to unavailable references
[650.214s][debug][gc,phases      ] GC(105) Reference Processing 0.032ms
[650.214s][debug][gc,phases      ] GC(105) Weak Processing 0.158ms
[650.215s][debug][gc,phases      ] GC(105) Scrub String Table 0.478ms
[650.215s][debug][gc,age         ] GC(105) Desired survivor size 98041856 bytes, new threshold 15 (max threshold 15)
[650.215s][info ][gc,heap        ] GC(105) PSYoungGen: 1968253K->58349K(2000896K)
[650.215s][info ][gc,heap        ] GC(105) ParOldGen: 313393K->313497K(332288K)
[650.215s][info ][gc,metaspace   ] GC(105) Metaspace: 74725K->74725K(1118208K)
[650.215s][info ][gc             ] GC(105) Pause Young (Allocation Failure) 2228M->363M(2278M) 15.344ms
[650.215s][info ][gc,cpu         ] GC(105) User=0.05s Sys=0.00s Real=0.01s
[650.215s][info ][safepoint      ] Leaving safepoint region
[650.215s][info ][safepoint      ] Total time for which application threads were stopped: 0.0155505 seconds, Stopping threads took: 0.0000543 seconds
[651.215s][info ][safepoint      ] Application time: 1.0000904 seconds
[651.215s][info ][safepoint      ] Entering safepoint region: Cleanup
[651.215s][info ][safepoint      ] Leaving safepoint region
[651.215s][info ][safepoint      ] Total time for which application threads were stopped: 0.0001120 seconds, Stopping threads took: 0.0000501 seconds
[652.215s][info ][safepoint      ] Application time: 1.0000885 seconds
[652.215s][info ][safepoint      ] Entering safepoint region: Cleanup
[652.215s][info ][safepoint      ] Leaving safepoint region
[652.215s][info ][safepoint      ] Total time for which application threads were stopped: 0.0001313 seconds, Stopping threads took: 0.0000412 seconds
[654.216s][info ][safepoint      ] Application time: 2.0001510 seconds
[654.216s][info ][safepoint      ] Entering safepoint region: Cleanup
[654.216s][info ][safepoint      ] Leaving safepoint region
[654.216s][info ][safepoint      ] Total time for which application threads were stopped: 0.0001249 seconds, Stopping threads took: 0.0000471 seconds
[656.216s][info ][safepoint      ] Application time: 2.0001792 seconds
[656.216s][info ][safepoint      ] Entering safepoint region: Cleanup
[656.216s][info ][safepoint      ] Leaving safepoint region
[656.216s][info ][safepoint      ] Total time for which application threads were stopped: 0.0001116 seconds, Stopping threads took: 0.0000335 seconds
[658.216s][info ][safepoint      ] Application time: 2.0001558 seconds
[658.216s][info ][safepoint      ] Entering safepoint region: Cleanup
[658.216s][info ][safepoint      ] Leaving safepoint region
[658.216s][info ][safepoint      ] Total time for which application threads were stopped: 0.0001342 seconds, Stopping threads took: 0.0000584 seconds
[660.049s][info ][safepoint      ] Application time: 1.8323203 seconds
[660.049s][info ][safepoint      ] Entering safepoint region: ParallelGCFailedAllocation
[660.049s][info ][gc,start       ] GC(106) Pause Young (Allocation Failure)
[660.062s][debug][gc,phases      ] GC(106) Scavenge 12.996ms
[660.062s][debug][gc,ref         ] GC(106) Skipped phase1 of Reference Processing due to unavailable references
[660.062s][debug][gc,ref         ] GC(106) Skipped phase3 of Reference Processing due to unavailable references
[660.062s][debug][gc,phases      ] GC(106) Reference Processing 0.032ms
[660.062s][debug][gc,phases      ] GC(106) Weak Processing 0.141ms
[660.063s][debug][gc,phases      ] GC(106) Scrub String Table 0.420ms
[660.063s][debug][gc,age         ] GC(106) Desired survivor size 98041856 bytes, new threshold 15 (max threshold 15)
[660.063s][info ][gc,heap        ] GC(106) PSYoungGen: 1964013K->58445K(2001408K)
[660.063s][info ][gc,heap        ] GC(106) ParOldGen: 313497K->313537K(332288K)
[660.063s][info ][gc,metaspace   ] GC(106) Metaspace: 74727K->74727K(1118208K)
[660.063s][info ][gc             ] GC(106) Pause Young (Allocation Failure) 2224M->363M(2279M) 13.723ms
[660.063s][info ][gc,cpu         ] GC(106) User=0.05s Sys=0.00s Real=0.01s
[660.063s][info ][safepoint      ] Leaving safepoint region
[660.063s][info ][safepoint      ] Total time for which application threads were stopped: 0.0139427 seconds, Stopping threads took: 0.0000322 seconds
[661.063s][info ][safepoint      ] Application time: 1.0000822 seconds
[661.063s][info ][safepoint      ] Entering safepoint region: Cleanup
[661.063s][info ][safepoint      ] Leaving safepoint region
[661.063s][info ][safepoint      ] Total time for which application threads were stopped: 0.0001070 seconds, Stopping threads took: 0.0000480 seconds
[663.063s][info ][safepoint      ] Application time: 2.0001425 seconds
[663.063s][info ][safepoint      ] Entering safepoint region: Cleanup
[663.063s][info ][safepoint      ] Leaving safepoint region
[663.063s][info ][safepoint      ] Total time for which application threads were stopped: 0.0001144 seconds, Stopping threads took: 0.0000547 seconds
[665.601s][info ][safepoint      ] Application time: 2.5378692 seconds
[665.601s][info ][safepoint      ] Entering safepoint region: RevokeBias
[665.601s][info ][safepoint      ] Leaving safepoint region
[665.601s][info ][safepoint      ] Total time for which application threads were stopped: 0.0002034 seconds, Stopping threads took: 0.0000874 seconds
[666.601s][info ][safepoint      ] Application time: 1.0000737 seconds
[666.601s][info ][safepoint      ] Entering safepoint region: Cleanup
[666.602s][info ][safepoint      ] Leaving safepoint region
[666.602s][info ][safepoint      ] Total time for which application threads were stopped: 0.0001533 seconds, Stopping threads took: 0.0000598 seconds
[667.602s][info ][safepoint      ] Application time: 1.0000775 seconds
[667.602s][info ][safepoint      ] Entering safepoint region: Cleanup
[667.602s][info ][safepoint      ] Leaving safepoint region
[667.602s][info ][safepoint      ] Total time for which application threads were stopped: 0.0001041 seconds, Stopping threads took: 0.0000443 seconds
[668.602s][info ][safepoint      ] Application time: 1.0000732 seconds
[668.602s][info ][safepoint      ] Entering safepoint region: Cleanup
[668.602s][info ][safepoint      ] Leaving safepoint region
[668.602s][info ][safepoint      ] Total time for which application threads were stopped: 0.0001642 seconds, Stopping threads took: 0.0000441 seconds
[670.075s][info ][safepoint      ] Application time: 1.4724325 seconds
[670.075s][info ][safepoint      ] Entering safepoint region: ParallelGCFailedAllocation
[670.075s][info ][gc,start       ] GC(107) Pause Young (Allocation Failure)
[670.093s][debug][gc,phases      ] GC(107) Scavenge 18.021ms
[670.093s][debug][gc,ref         ] GC(107) Skipped phase1 of Reference Processing due to unavailable references
[670.093s][debug][gc,ref         ] GC(107) Skipped phase3 of Reference Processing due to unavailable references
[670.093s][debug][gc,phases      ] GC(107) Reference Processing 0.051ms
[670.093s][debug][gc,phases      ] GC(107) Weak Processing 0.149ms
[670.093s][debug][gc,phases      ] GC(107) Scrub String Table 0.439ms
[670.093s][debug][gc,age         ] GC(107) Desired survivor size 95944704 bytes, new threshold 15 (max threshold 15)
[670.093s][info ][gc,heap        ] GC(107) PSYoungGen: 1964109K->29248K(2003456K)
[670.093s][info ][gc,heap        ] GC(107) ParOldGen: 313537K->345481K(345600K)
[670.093s][info ][gc,metaspace   ] GC(107) Metaspace: 74732K->74732K(1118208K)
[670.093s][info ][gc             ] GC(107) Pause Young (Allocation Failure) 2224M->365M(2294M) 18.792ms
[670.093s][info ][gc,cpu         ] GC(107) User=0.06s Sys=0.01s Real=0.02s
[670.094s][debug][gc,phases      ] GC(108) Pre Compact 0.013ms
[670.094s][info ][gc,start       ] GC(108) Pause Full (Ergonomics)
[670.094s][info ][gc,phases,start] GC(108) Marking Phase
[670.211s][debug][gc,phases      ] GC(108) Par Mark 116.546ms
[670.211s][debug][gc,ref         ] GC(108) Skipped phase1 of Reference Processing due to unavailable references
[670.211s][debug][gc,phases      ] GC(108) Reference Processing 0.410ms
[670.211s][debug][gc,phases      ] GC(108) Weak Processing 0.153ms
[670.212s][debug][gc,phases      ] GC(108) ClassLoaderData 0.638ms
[670.212s][debug][gc,phases      ] GC(108) ProtectionDomainCacheTable 0.003ms
[670.212s][debug][gc,phases      ] GC(108) ResolvedMethodTable 0.141ms
[670.220s][debug][gc,phases      ] GC(108) Class Unloading 9.124ms
[670.221s][debug][gc,phases      ] GC(108) Scrub String Table 0.528ms
[670.227s][debug][gc,phases      ] GC(108) Scrub Symbol Table 5.864ms
[670.227s][info ][gc,phases      ] GC(108) Marking Phase 133.327ms
[670.227s][info ][gc,phases,start] GC(108) Summary Phase
[670.227s][info ][gc,phases      ] GC(108) Summary Phase 0.015ms
[670.227s][info ][gc,phases,start] GC(108) Adjust Roots
[670.250s][info ][gc,phases      ] GC(108) Adjust Roots 23.440ms
[670.250s][info ][gc,phases,start] GC(108) Compaction Phase
[670.339s][info ][gc,phases      ] GC(108) Compaction Phase 88.488ms
[670.339s][info ][gc,phases,start] GC(108) Post Compact
[670.340s][info ][gc,phases      ] GC(108) Post Compact 0.981ms
[670.340s][info ][gc,heap        ] GC(108) PSYoungGen: 29248K->0K(2001408K)
[670.340s][info ][gc,heap        ] GC(108) ParOldGen: 345481K->324840K(403456K)
[670.340s][info ][gc,metaspace   ] GC(108) Metaspace: 74732K->74732K(1118208K)
[670.340s][info ][gc             ] GC(108) Pause Full (Ergonomics) 365M->317M(2348M) 246.550ms
[670.340s][info ][gc,cpu         ] GC(108) User=0.84s Sys=0.01s Real=0.25s
[670.340s][info ][safepoint      ] Leaving safepoint region
[670.340s][info ][safepoint      ] Total time for which application threads were stopped: 0.2655831 seconds, Stopping threads took: 0.0000314 seconds
[671.340s][info ][safepoint      ] Application time: 1.0000799 seconds
[671.340s][info ][safepoint      ] Entering safepoint region: Cleanup
[671.340s][info ][safepoint      ] Leaving safepoint region
[671.340s][info ][safepoint      ] Total time for which application threads were stopped: 0.0000738 seconds, Stopping threads took: 0.0000115 seconds
[673.340s][info ][safepoint      ] Application time: 2.0001363 seconds
[673.341s][info ][safepoint      ] Entering safepoint region: Cleanup
[673.341s][info ][safepoint      ] Leaving safepoint region
[673.341s][info ][safepoint      ] Total time for which application threads were stopped: 0.0000789 seconds, Stopping threads took: 0.0000152 seconds
[674.341s][info ][safepoint      ] Application time: 1.0000816 seconds
[674.341s][info ][safepoint      ] Entering safepoint region: Cleanup
[674.341s][info ][safepoint      ] Leaving safepoint region
[674.341s][info ][safepoint      ] Total time for which application threads were stopped: 0.0000905 seconds, Stopping threads took: 0.0000162 seconds
[676.341s][info ][safepoint      ] Application time: 2.0001481 seconds
[676.341s][info ][safepoint      ] Entering safepoint region: Cleanup
[676.341s][info ][safepoint      ] Leaving safepoint region
[676.341s][info ][safepoint      ] Total time for which application threads were stopped: 0.0000977 seconds, Stopping threads took: 0.0000370 seconds
[680.341s][info ][safepoint      ] Application time: 4.0002739 seconds
[680.341s][info ][safepoint      ] Entering safepoint region: Cleanup
[680.342s][info ][safepoint      ] Leaving safepoint region
[680.342s][info ][safepoint      ] Total time for which application threads were stopped: 0.0001306 seconds, Stopping threads took: 0.0000647 seconds
[680.471s][info ][safepoint      ] Application time: 0.1293759 seconds
[680.471s][info ][safepoint      ] Entering safepoint region: ParallelGCFailedAllocation
[680.471s][info ][gc,start       ] GC(109) Pause Young (Allocation Failure)
[680.474s][debug][gc,phases      ] GC(109) Scavenge 2.526ms
[680.474s][debug][gc,ref         ] GC(109) Skipped phase1 of Reference Processing due to unavailable references
[680.474s][debug][gc,ref         ] GC(109) Skipped phase2 of Reference Processing due to unavailable references
[680.474s][debug][gc,ref         ] GC(109) Skipped phase3 of Reference Processing due to unavailable references
[680.474s][debug][gc,ref         ] GC(109) Skipped phase4 of Reference Processing due to unavailable references
[680.474s][debug][gc,phases      ] GC(109) Reference Processing 0.027ms
[680.474s][debug][gc,phases      ] GC(109) Weak Processing 0.113ms
[680.474s][debug][gc,phases      ] GC(109) Scrub String Table 0.449ms
[680.474s][debug][gc,age         ] GC(109) Desired survivor size 98041856 bytes, new threshold 15 (max threshold 15)
[680.474s][info ][gc,heap        ] GC(109) PSYoungGen: 1907712K->992K(1999360K)
[680.474s][info ][gc,heap        ] GC(109) ParOldGen: 324840K->324840K(403456K)
[680.474s][info ][gc,metaspace   ] GC(109) Metaspace: 74737K->74737K(1118208K)
[680.474s][info ][gc             ] GC(109) Pause Young (Allocation Failure) 2180M->318M(2346M) 3.226ms
[680.474s][info ][gc,cpu         ] GC(109) User=0.01s Sys=0.00s Real=0.00s
[680.474s][info ][safepoint      ] Leaving safepoint region
[680.474s][info ][safepoint      ] Total time for which application threads were stopped: 0.0033591 seconds, Stopping threads took: 0.0000127 seconds
[687.475s][info ][safepoint      ] Application time: 7.0004671 seconds
[687.475s][info ][safepoint      ] Entering safepoint region: Cleanup
[687.475s][info ][safepoint      ] Leaving safepoint region
[687.475s][info ][safepoint      ] Total time for which application threads were stopped: 0.0000964 seconds, Stopping threads took: 0.0000167 seconds
[689.475s][info ][safepoint      ] Application time: 2.0001490 seconds
[689.475s][info ][safepoint      ] Entering safepoint region: Cleanup
[689.475s][info ][safepoint      ] Leaving safepoint region
[689.475s][info ][safepoint      ] Total time for which application threads were stopped: 0.0000660 seconds, Stopping threads took: 0.0000126 seconds
[691.298s][info ][safepoint      ] Application time: 1.8232749 seconds
[691.299s][info ][safepoint      ] Entering safepoint region: ParallelGCFailedAllocation
[691.299s][info ][gc,start       ] GC(110) Pause Young (Allocation Failure)
[691.301s][debug][gc,phases      ] GC(110) Scavenge 2.394ms
[691.301s][debug][gc,ref         ] GC(110) Skipped phase1 of Reference Processing due to unavailable references
[691.301s][debug][gc,ref         ] GC(110) Skipped phase2 of Reference Processing due to unavailable references
[691.301s][debug][gc,ref         ] GC(110) Skipped phase3 of Reference Processing due to unavailable references
[691.301s][debug][gc,ref         ] GC(110) Skipped phase4 of Reference Processing due to unavailable references
[691.301s][debug][gc,phases      ] GC(110) Reference Processing 0.026ms
[691.301s][debug][gc,phases      ] GC(110) Weak Processing 0.220ms
[691.302s][debug][gc,phases      ] GC(110) Scrub String Table 0.417ms
[691.302s][debug][gc,age         ] GC(110) Desired survivor size 99090432 bytes, new threshold 15 (max threshold 15)
[691.302s][info ][gc,heap        ] GC(110) PSYoungGen: 1906656K->1280K(1907200K)
[691.302s][info ][gc,heap        ] GC(110) ParOldGen: 324840K->324840K(403456K)
[691.302s][info ][gc,metaspace   ] GC(110) Metaspace: 74748K->74748K(1118208K)
[691.302s][info ][gc             ] GC(110) Pause Young (Allocation Failure) 2179M->318M(2256M) 3.180ms
[691.302s][info ][gc,cpu         ] GC(110) User=0.01s Sys=0.00s Real=0.00s
[691.302s][info ][safepoint      ] Leaving safepoint region
[691.302s][info ][safepoint      ] Total time for which application threads were stopped: 0.0033422 seconds, Stopping threads took: 0.0000384 seconds
[692.302s][info ][safepoint      ] Application time: 1.0000758 seconds
[692.302s][info ][safepoint      ] Entering safepoint region: Cleanup
[692.302s][info ][safepoint      ] Leaving safepoint region
[692.302s][info ][safepoint      ] Total time for which application threads were stopped: 0.0001870 seconds, Stopping threads took: 0.0000454 seconds
[693.302s][info ][safepoint      ] Application time: 1.0000771 seconds
[693.302s][info ][safepoint      ] Entering safepoint region: Cleanup
[693.302s][info ][safepoint      ] Leaving safepoint region
[693.302s][info ][safepoint      ] Total time for which application threads were stopped: 0.0001218 seconds, Stopping threads took: 0.0000407 seconds
[694.303s][info ][safepoint      ] Application time: 1.0000753 seconds
[694.303s][info ][safepoint      ] Entering safepoint region: Cleanup
[694.303s][info ][safepoint      ] Leaving safepoint region
[694.303s][info ][safepoint      ] Total time for which application threads were stopped: 0.0001052 seconds, Stopping threads took: 0.0000453 seconds
[695.303s][info ][safepoint      ] Application time: 1.0000694 seconds
[695.303s][info ][safepoint      ] Entering safepoint region: Cleanup
[695.303s][info ][safepoint      ] Leaving safepoint region
[695.303s][info ][safepoint      ] Total time for which application threads were stopped: 0.0001066 seconds, Stopping threads took: 0.0000463 seconds
[697.303s][info ][safepoint      ] Application time: 2.0001113 seconds
[697.303s][info ][safepoint      ] Entering safepoint region: Cleanup
[697.303s][info ][safepoint      ] Leaving safepoint region
[697.303s][info ][safepoint      ] Total time for which application threads were stopped: 0.0001047 seconds, Stopping threads took: 0.0000371 seconds
[702.263s][info ][safepoint      ] Application time: 4.9596504 seconds
[702.263s][info ][safepoint      ] Entering safepoint region: ParallelGCFailedAllocation
[702.263s][info ][gc,start       ] GC(111) Pause Young (Allocation Failure)
[702.265s][debug][gc,phases      ] GC(111) Scavenge 2.397ms
[702.266s][debug][gc,ref         ] GC(111) Skipped phase1 of Reference Processing due to unavailable references
[702.266s][debug][gc,ref         ] GC(111) Skipped phase2 of Reference Processing due to unavailable references
[702.266s][debug][gc,ref         ] GC(111) Skipped phase3 of Reference Processing due to unavailable references
[702.266s][debug][gc,ref         ] GC(111) Skipped phase4 of Reference Processing due to unavailable references
[702.266s][debug][gc,phases      ] GC(111) Reference Processing 0.066ms
[702.266s][debug][gc,phases      ] GC(111) Weak Processing 0.147ms
[702.266s][debug][gc,phases      ] GC(111) Scrub String Table 0.539ms
[702.266s][debug][gc,age         ] GC(111) Desired survivor size 99090432 bytes, new threshold 15 (max threshold 15)
[702.266s][info ][gc,heap        ] GC(111) PSYoungGen: 1906944K->1408K(2000384K)
[702.266s][info ][gc,heap        ] GC(111) ParOldGen: 324840K->324840K(403456K)
[702.266s][info ][gc,metaspace   ] GC(111) Metaspace: 74759K->74759K(1118208K)
[702.266s][info ][gc             ] GC(111) Pause Young (Allocation Failure) 2179M->318M(2347M) 3.372ms
[702.266s][info ][gc,cpu         ] GC(111) User=0.01s Sys=0.00s Real=0.00s
[702.266s][info ][safepoint      ] Leaving safepoint region
[702.266s][info ][safepoint      ] Total time for which application threads were stopped: 0.0035453 seconds, Stopping threads took: 0.0000270 seconds
[709.267s][info ][safepoint      ] Application time: 7.0005433 seconds
[709.267s][info ][safepoint      ] Entering safepoint region: Cleanup
[709.267s][info ][safepoint      ] Leaving safepoint region
[709.267s][info ][safepoint      ] Total time for which application threads were stopped: 0.0001052 seconds, Stopping threads took: 0.0000373 seconds
[711.267s][info ][safepoint      ] Application time: 2.0001597 seconds
[711.267s][info ][safepoint      ] Entering safepoint region: Cleanup
[711.267s][info ][safepoint      ] Leaving safepoint region
[711.267s][info ][safepoint      ] Total time for which application threads were stopped: 0.0001022 seconds, Stopping threads took: 0.0000358 seconds
[712.848s][info ][safepoint      ] Application time: 1.5810608 seconds
[712.848s][info ][safepoint      ] Entering safepoint region: ParallelGCFailedAllocation
[712.849s][info ][gc,start       ] GC(112) Pause Young (Allocation Failure)
[712.851s][debug][gc,phases      ] GC(112) Scavenge 2.794ms
[712.851s][debug][gc,ref         ] GC(112) Skipped phase1 of Reference Processing due to unavailable references
[712.851s][debug][gc,ref         ] GC(112) Skipped phase2 of Reference Processing due to unavailable references
[712.851s][debug][gc,ref         ] GC(112) Skipped phase3 of Reference Processing due to unavailable references
[712.851s][debug][gc,ref         ] GC(112) Skipped phase4 of Reference Processing due to unavailable references
[712.851s][debug][gc,phases      ] GC(112) Reference Processing 0.027ms
[712.852s][debug][gc,phases      ] GC(112) Weak Processing 0.144ms
[712.852s][debug][gc,phases      ] GC(112) Scrub String Table 0.448ms
[712.852s][debug][gc,age         ] GC(112) Desired survivor size 97517568 bytes, new threshold 15 (max threshold 15)
[712.852s][info ][gc,heap        ] GC(112) PSYoungGen: 1905024K->2800K(2000384K)
[712.852s][info ][gc,heap        ] GC(112) ParOldGen: 324840K->324840K(403456K)
[712.852s][info ][gc,metaspace   ] GC(112) Metaspace: 74761K->74761K(1118208K)
[712.852s][info ][gc             ] GC(112) Pause Young (Allocation Failure) 2177M->319M(2347M) 3.527ms
[712.852s][info ][gc,cpu         ] GC(112) User=0.01s Sys=0.00s Real=0.01s
[712.852s][info ][safepoint      ] Leaving safepoint region
[712.852s][info ][safepoint      ] Total time for which application threads were stopped: 0.0036963 seconds, Stopping threads took: 0.0000327 seconds
[713.852s][info ][safepoint      ] Application time: 1.0000826 seconds
[713.852s][info ][safepoint      ] Entering safepoint region: Cleanup
[713.852s][info ][safepoint      ] Leaving safepoint region
[713.852s][info ][safepoint      ] Total time for which application threads were stopped: 0.0001206 seconds, Stopping threads took: 0.0000502 seconds
[715.853s][info ][safepoint      ] Application time: 2.0001439 seconds
[715.853s][info ][safepoint      ] Entering safepoint region: Cleanup
[715.853s][info ][safepoint      ] Leaving safepoint region
[715.853s][info ][safepoint      ] Total time for which application threads were stopped: 0.0001272 seconds, Stopping threads took: 0.0000511 seconds
[718.853s][info ][safepoint      ] Application time: 3.0002078 seconds
[718.853s][info ][safepoint      ] Entering safepoint region: Cleanup
[718.853s][info ][safepoint      ] Leaving safepoint region
[718.853s][info ][safepoint      ] Total time for which application threads were stopped: 0.0001136 seconds, Stopping threads took: 0.0000496 seconds
[720.853s][info ][safepoint      ] Application time: 2.0001438 seconds
[720.853s][info ][safepoint      ] Entering safepoint region: Cleanup
[720.853s][info ][safepoint      ] Leaving safepoint region
[720.853s][info ][safepoint      ] Total time for which application threads were stopped: 0.0001135 seconds, Stopping threads took: 0.0000461 seconds
[720.898s][info ][safepoint      ] Application time: 0.0444330 seconds
[720.898s][info ][safepoint      ] Entering safepoint region: RevokeBias
[720.898s][info ][safepoint      ] Leaving safepoint region
[720.898s][info ][safepoint      ] Total time for which application threads were stopped: 0.0000798 seconds, Stopping threads took: 0.0000309 seconds
[721.898s][info ][safepoint      ] Application time: 1.0000838 seconds
[721.898s][info ][safepoint      ] Entering safepoint region: Cleanup
[721.898s][info ][safepoint      ] Leaving safepoint region
[721.898s][info ][safepoint      ] Total time for which application threads were stopped: 0.0001041 seconds, Stopping threads took: 0.0000406 seconds
[723.746s][info ][safepoint      ] Application time: 1.8473752 seconds
[723.746s][info ][safepoint      ] Entering safepoint region: ParallelGCFailedAllocation
[723.746s][info ][gc,start       ] GC(113) Pause Young (Allocation Failure)
[723.749s][debug][gc,phases      ] GC(113) Scavenge 2.806ms
[723.749s][debug][gc,ref         ] GC(113) Skipped phase1 of Reference Processing due to unavailable references
[723.749s][debug][gc,ref         ] GC(113) Skipped phase2 of Reference Processing due to unavailable references
[723.749s][debug][gc,ref         ] GC(113) Skipped phase3 of Reference Processing due to unavailable references
[723.749s][debug][gc,ref         ] GC(113) Skipped phase4 of Reference Processing due to unavailable references
[723.749s][debug][gc,phases      ] GC(113) Reference Processing 0.028ms
[723.749s][debug][gc,phases      ] GC(113) Weak Processing 0.136ms
[723.749s][debug][gc,phases      ] GC(113) Scrub String Table 0.421ms
[723.749s][debug][gc,age         ] GC(113) Desired survivor size 95420416 bytes, new threshold 15 (max threshold 15)
[723.749s][info ][gc,heap        ] GC(113) PSYoungGen: 1906416K->3056K(2003968K)
[723.749s][info ][gc,heap        ] GC(113) ParOldGen: 324840K->324840K(403456K)
[723.749s][info ][gc,metaspace   ] GC(113) Metaspace: 74764K->74764K(1118208K)
[723.749s][info ][gc             ] GC(113) Pause Young (Allocation Failure) 2178M->320M(2351M) 3.518ms
[723.749s][info ][gc,cpu         ] GC(113) User=0.01s Sys=0.00s Real=0.01s
[723.749s][info ][safepoint      ] Leaving safepoint region
[723.749s][info ][safepoint      ] Total time for which application threads were stopped: 0.0037330 seconds, Stopping threads took: 0.0000736 seconds
[734.556s][info ][safepoint      ] Application time: 10.8063424 seconds
[734.556s][info ][safepoint      ] Entering safepoint region: ParallelGCFailedAllocation
[734.556s][info ][gc,start       ] GC(114) Pause Young (Allocation Failure)
[734.559s][debug][gc,phases      ] GC(114) Scavenge 3.268ms
[734.559s][debug][gc,ref         ] GC(114) Skipped phase1 of Reference Processing due to unavailable references
[734.559s][debug][gc,ref         ] GC(114) Skipped phase2 of Reference Processing due to unavailable references
[734.559s][debug][gc,ref         ] GC(114) Skipped phase3 of Reference Processing due to unavailable references
[734.559s][debug][gc,ref         ] GC(114) Skipped phase4 of Reference Processing due to unavailable references
[734.559s][debug][gc,phases      ] GC(114) Reference Processing 0.055ms
[734.559s][debug][gc,phases      ] GC(114) Weak Processing 0.132ms
[734.560s][debug][gc,phases      ] GC(114) Scrub String Table 0.460ms
[734.560s][debug][gc,age         ] GC(114) Desired survivor size 92798976 bytes, new threshold 15 (max threshold 15)
[734.560s][info ][gc,heap        ] GC(114) PSYoungGen: 1911792K->3440K(2001920K)
[734.560s][info ][gc,heap        ] GC(114) ParOldGen: 324840K->324840K(403456K)
[734.560s][info ][gc,metaspace   ] GC(114) Metaspace: 74765K->74765K(1118208K)
[734.560s][info ][gc             ] GC(114) Pause Young (Allocation Failure) 2184M->320M(2349M) 4.033ms
[734.560s][info ][gc,cpu         ] GC(114) User=0.01s Sys=0.00s Real=0.01s
[734.560s][info ][safepoint      ] Leaving safepoint region
[734.560s][info ][safepoint      ] Total time for which application threads were stopped: 0.0041986 seconds, Stopping threads took: 0.0000240 seconds
[736.560s][info ][safepoint      ] Application time: 2.0001664 seconds
[736.560s][info ][safepoint      ] Entering safepoint region: Cleanup
[736.560s][info ][safepoint      ] Leaving safepoint region
[736.560s][info ][safepoint      ] Total time for which application threads were stopped: 0.0001204 seconds, Stopping threads took: 0.0000452 seconds
[739.561s][info ][safepoint      ] Application time: 3.0002280 seconds
[739.561s][info ][safepoint      ] Entering safepoint region: Cleanup
[739.561s][info ][safepoint      ] Leaving safepoint region
[739.561s][info ][safepoint      ] Total time for which application threads were stopped: 0.0000985 seconds, Stopping threads took: 0.0000364 seconds
[745.411s][info ][safepoint      ] Application time: 5.8501510 seconds
[745.411s][info ][safepoint      ] Entering safepoint region: ParallelGCFailedAllocation
[745.411s][info ][gc,start       ] GC(115) Pause Young (Allocation Failure)
[745.414s][debug][gc,phases      ] GC(115) Scavenge 3.362ms
[745.414s][debug][gc,ref         ] GC(115) Skipped phase1 of Reference Processing due to unavailable references
[745.414s][debug][gc,ref         ] GC(115) Skipped phase2 of Reference Processing due to unavailable references
[745.414s][debug][gc,ref         ] GC(115) Skipped phase3 of Reference Processing due to unavailable references
[745.414s][debug][gc,ref         ] GC(115) Skipped phase4 of Reference Processing due to unavailable references
[745.414s][debug][gc,phases      ] GC(115) Reference Processing 0.032ms
[745.415s][debug][gc,phases      ] GC(115) Weak Processing 0.113ms
[745.415s][debug][gc,phases      ] GC(115) Scrub String Table 0.454ms
[745.415s][debug][gc,age         ] GC(115) Desired survivor size 89653248 bytes, new threshold 15 (max threshold 15)
[745.415s][info ][gc,heap        ] GC(115) PSYoungGen: 1912176K->3552K(2009600K)
[745.415s][info ][gc,heap        ] GC(115) ParOldGen: 324840K->324840K(403456K)
[745.415s][info ][gc,metaspace   ] GC(115) Metaspace: 74767K->74767K(1118208K)
[745.415s][info ][gc             ] GC(115) Pause Young (Allocation Failure) 2184M->320M(2356M) 4.058ms
[745.415s][info ][gc,cpu         ] GC(115) User=0.01s Sys=0.00s Real=0.00s
[745.415s][info ][safepoint      ] Leaving safepoint region
[745.415s][info ][safepoint      ] Total time for which application threads were stopped: 0.0042338 seconds, Stopping threads took: 0.0000145 seconds
[748.415s][info ][safepoint      ] Application time: 3.0002160 seconds
[748.415s][info ][safepoint      ] Entering safepoint region: Cleanup
[748.415s][info ][safepoint      ] Leaving safepoint region
[748.415s][info ][safepoint      ] Total time for which application threads were stopped: 0.0001111 seconds, Stopping threads took: 0.0000345 seconds
[749.416s][info ][safepoint      ] Application time: 1.0000772 seconds
[749.416s][info ][safepoint      ] Entering safepoint region: Cleanup
[749.416s][info ][safepoint      ] Leaving safepoint region
[749.416s][info ][safepoint      ] Total time for which application threads were stopped: 0.0001113 seconds, Stopping threads took: 0.0000332 seconds
[750.416s][info ][safepoint      ] Application time: 1.0000815 seconds
[750.416s][info ][safepoint      ] Entering safepoint region: Cleanup
[750.416s][info ][safepoint      ] Leaving safepoint region
[750.416s][info ][safepoint      ] Total time for which application threads were stopped: 0.0000948 seconds, Stopping threads took: 0.0000237 seconds
[752.416s][info ][safepoint      ] Application time: 2.0001509 seconds
[752.416s][info ][safepoint      ] Entering safepoint region: Cleanup
[752.416s][info ][safepoint      ] Leaving safepoint region
[752.416s][info ][safepoint      ] Total time for which application threads were stopped: 0.0001164 seconds, Stopping threads took: 0.0000531 seconds
[756.167s][info ][safepoint      ] Application time: 3.7503770 seconds
[756.167s][info ][safepoint      ] Entering safepoint region: ParallelGCFailedAllocation
[756.167s][info ][gc,start       ] GC(116) Pause Young (Allocation Failure)
[756.170s][debug][gc,phases      ] GC(116) Scavenge 3.252ms
[756.170s][debug][gc,ref         ] GC(116) Skipped phase1 of Reference Processing due to unavailable references
[756.170s][debug][gc,ref         ] GC(116) Skipped phase2 of Reference Processing due to unavailable references
[756.170s][debug][gc,ref         ] GC(116) Skipped phase3 of Reference Processing due to unavailable references
[756.170s][debug][gc,ref         ] GC(116) Skipped phase4 of Reference Processing due to unavailable references
[756.170s][debug][gc,phases      ] GC(116) Reference Processing 0.039ms
[756.170s][debug][gc,phases      ] GC(116) Weak Processing 0.133ms
[756.171s][debug][gc,phases      ] GC(116) Scrub String Table 0.436ms
[756.171s][debug][gc,age         ] GC(116) Desired survivor size 85983232 bytes, new threshold 15 (max threshold 15)
[756.171s][info ][gc,heap        ] GC(116) PSYoungGen: 1922528K->4064K(2006528K)
[756.171s][info ][gc,heap        ] GC(116) ParOldGen: 324840K->324840K(403456K)
[756.171s][info ][gc,metaspace   ] GC(116) Metaspace: 74781K->74781K(1118208K)
[756.171s][info ][gc             ] GC(116) Pause Young (Allocation Failure) 2194M->321M(2353M) 3.983ms
[756.171s][info ][gc,cpu         ] GC(116) User=0.01s Sys=0.00s Real=0.01s
[756.171s][info ][safepoint      ] Leaving safepoint region
[756.171s][info ][safepoint      ] Total time for which application threads were stopped: 0.0041262 seconds, Stopping threads took: 0.0000114 seconds
[757.171s][info ][safepoint      ] Application time: 1.0000774 seconds
[757.171s][info ][safepoint      ] Entering safepoint region: Cleanup
[757.171s][info ][safepoint      ] Leaving safepoint region
[757.171s][info ][safepoint      ] Total time for which application threads were stopped: 0.0001009 seconds, Stopping threads took: 0.0000407 seconds
[759.171s][info ][safepoint      ] Application time: 2.0001483 seconds
[759.171s][info ][safepoint      ] Entering safepoint region: Cleanup
[759.171s][info ][safepoint      ] Leaving safepoint region
[759.171s][info ][safepoint      ] Total time for which application threads were stopped: 0.0000950 seconds, Stopping threads took: 0.0000343 seconds
[761.171s][info ][safepoint      ] Application time: 2.0001380 seconds
[761.171s][info ][safepoint      ] Entering safepoint region: Cleanup
[761.172s][info ][safepoint      ] Leaving safepoint region
[761.172s][info ][safepoint      ] Total time for which application threads were stopped: 0.0000802 seconds, Stopping threads took: 0.0000122 seconds
[762.288s][info ][safepoint      ] Application time: 1.1160343 seconds
[762.288s][info ][safepoint      ] Entering safepoint region: RevokeBias
[762.288s][info ][safepoint      ] Leaving safepoint region
[762.288s][info ][safepoint      ] Total time for which application threads were stopped: 0.0000753 seconds, Stopping threads took: 0.0000105 seconds
[765.288s][info ][safepoint      ] Application time: 3.0002201 seconds
[765.288s][info ][safepoint      ] Entering safepoint region: Cleanup
[765.288s][info ][safepoint      ] Leaving safepoint region
[765.288s][info ][safepoint      ] Total time for which application threads were stopped: 0.0000772 seconds, Stopping threads took: 0.0000137 seconds
[767.069s][info ][safepoint      ] Application time: 1.7808491 seconds
[767.069s][info ][safepoint      ] Entering safepoint region: ParallelGCFailedAllocation
[767.069s][info ][gc,start       ] GC(117) Pause Young (Allocation Failure)
[767.072s][debug][gc,phases      ] GC(117) Scavenge 3.224ms
[767.072s][debug][gc,ref         ] GC(117) Skipped phase1 of Reference Processing due to unavailable references
[767.072s][debug][gc,ref         ] GC(117) Skipped phase2 of Reference Processing due to unavailable references
[767.072s][debug][gc,ref         ] GC(117) Skipped phase3 of Reference Processing due to unavailable references
[767.072s][debug][gc,ref         ] GC(117) Skipped phase4 of Reference Processing due to unavailable references
[767.072s][debug][gc,phases      ] GC(117) Reference Processing 0.035ms
[767.073s][debug][gc,phases      ] GC(117) Weak Processing 0.181ms
[767.073s][debug][gc,phases      ] GC(117) Scrub String Table 0.647ms
[767.073s][debug][gc,age         ] GC(117) Desired survivor size 82313216 bytes, new threshold 15 (max threshold 15)
[767.073s][info ][gc,heap        ] GC(117) PSYoungGen: 1923040K->3904K(2016768K)
[767.073s][info ][gc,heap        ] GC(117) ParOldGen: 324840K->324840K(403456K)
[767.073s][info ][gc,metaspace   ] GC(117) Metaspace: 74783K->74783K(1118208K)
[767.073s][info ][gc             ] GC(117) Pause Young (Allocation Failure) 2195M->321M(2363M) 4.238ms
[767.073s][info ][gc,cpu         ] GC(117) User=0.02s Sys=0.00s Real=0.00s
[767.073s][info ][safepoint      ] Leaving safepoint region
[767.073s][info ][safepoint      ] Total time for which application threads were stopped: 0.0043991 seconds, Stopping threads took: 0.0000173 seconds
[770.073s][info ][safepoint      ] Application time: 3.0001885 seconds
[770.074s][info ][safepoint      ] Entering safepoint region: Cleanup
[770.074s][info ][safepoint      ] Leaving safepoint region
[770.074s][info ][safepoint      ] Total time for which application threads were stopped: 0.0001209 seconds, Stopping threads took: 0.0000621 seconds
[772.074s][info ][safepoint      ] Application time: 2.0001129 seconds
[772.074s][info ][safepoint      ] Entering safepoint region: Cleanup
[772.074s][info ][safepoint      ] Leaving safepoint region
[772.074s][info ][safepoint      ] Total time for which application threads were stopped: 0.0000625 seconds, Stopping threads took: 0.0000123 seconds
[773.074s][info ][safepoint      ] Application time: 1.0000677 seconds
[773.074s][info ][safepoint      ] Entering safepoint region: Cleanup
[773.074s][info ][safepoint      ] Leaving safepoint region
[773.074s][info ][safepoint      ] Total time for which application threads were stopped: 0.0000758 seconds, Stopping threads took: 0.0000125 seconds
[776.074s][info ][safepoint      ] Application time: 3.0002114 seconds
[776.074s][info ][safepoint      ] Entering safepoint region: Cleanup
[776.074s][info ][safepoint      ] Leaving safepoint region
[776.074s][info ][safepoint      ] Total time for which application threads were stopped: 0.0000668 seconds, Stopping threads took: 0.0000145 seconds
[777.074s][info ][safepoint      ] Application time: 1.0000676 seconds
[777.074s][info ][safepoint      ] Entering safepoint region: Cleanup
[777.075s][info ][safepoint      ] Leaving safepoint region
[777.075s][info ][safepoint      ] Total time for which application threads were stopped: 0.0000680 seconds, Stopping threads took: 0.0000118 seconds
[778.000s][info ][safepoint      ] Application time: 0.9254998 seconds
[778.000s][info ][safepoint      ] Entering safepoint region: ParallelGCFailedAllocation
[778.000s][info ][gc,start       ] GC(118) Pause Young (Allocation Failure)
[778.004s][debug][gc,phases      ] GC(118) Scavenge 3.448ms
[778.004s][debug][gc,ref         ] GC(118) Skipped phase1 of Reference Processing due to unavailable references
[778.004s][debug][gc,ref         ] GC(118) Skipped phase2 of Reference Processing due to unavailable references
[778.004s][debug][gc,ref         ] GC(118) Skipped phase3 of Reference Processing due to unavailable references
[778.004s][debug][gc,ref         ] GC(118) Skipped phase4 of Reference Processing due to unavailable references
[778.004s][debug][gc,phases      ] GC(118) Reference Processing 0.050ms
[778.004s][debug][gc,phases      ] GC(118) Weak Processing 0.137ms
[778.004s][debug][gc,phases      ] GC(118) Scrub String Table 0.453ms
[778.004s][debug][gc,age         ] GC(118) Desired survivor size 78643200 bytes, new threshold 15 (max threshold 15)
[778.004s][info ][gc,heap        ] GC(118) PSYoungGen: 1936704K->4128K(2013184K)
[778.004s][info ][gc,heap        ] GC(118) ParOldGen: 324840K->324840K(403456K)
[778.004s][info ][gc,metaspace   ] GC(118) Metaspace: 74797K->74797K(1118208K)
[778.004s][info ][gc             ] GC(118) Pause Young (Allocation Failure) 2208M->321M(2360M) 4.211ms
[778.004s][info ][gc,cpu         ] GC(118) User=0.01s Sys=0.00s Real=0.00s
[778.004s][info ][safepoint      ] Leaving safepoint region
[778.004s][info ][safepoint      ] Total time for which application threads were stopped: 0.0043586 seconds, Stopping threads took: 0.0000100 seconds
[780.005s][info ][safepoint      ] Application time: 2.0001314 seconds
[780.005s][info ][safepoint      ] Entering safepoint region: Cleanup
[780.005s][info ][safepoint      ] Leaving safepoint region
[780.005s][info ][safepoint      ] Total time for which application threads were stopped: 0.0001193 seconds, Stopping threads took: 0.0000371 seconds
[783.005s][info ][safepoint      ] Application time: 3.0002212 seconds
[783.005s][info ][safepoint      ] Entering safepoint region: Cleanup
[783.005s][info ][safepoint      ] Leaving safepoint region
[783.005s][info ][safepoint      ] Total time for which application threads were stopped: 0.0001275 seconds, Stopping threads took: 0.0000435 seconds
[784.005s][info ][safepoint      ] Application time: 1.0000857 seconds
[784.005s][info ][safepoint      ] Entering safepoint region: Cleanup
[784.005s][info ][safepoint      ] Leaving safepoint region
[784.005s][info ][safepoint      ] Total time for which application threads were stopped: 0.0001286 seconds, Stopping threads took: 0.0000479 seconds
[785.006s][info ][safepoint      ] Application time: 1.0000824 seconds
[785.006s][info ][safepoint      ] Entering safepoint region: Cleanup
[785.006s][info ][safepoint      ] Leaving safepoint region
[785.006s][info ][safepoint      ] Total time for which application threads were stopped: 0.0001240 seconds, Stopping threads took: 0.0000355 seconds
[788.006s][info ][safepoint      ] Application time: 3.0002406 seconds
[788.006s][info ][safepoint      ] Entering safepoint region: Cleanup
[788.006s][info ][safepoint      ] Leaving safepoint region
[788.006s][info ][safepoint      ] Total time for which application threads were stopped: 0.0001414 seconds, Stopping threads took: 0.0000483 seconds
[788.955s][info ][safepoint      ] Application time: 0.9491368 seconds
[788.955s][info ][safepoint      ] Entering safepoint region: ParallelGCFailedAllocation
[788.955s][info ][gc,start       ] GC(119) Pause Young (Allocation Failure)
[788.959s][debug][gc,phases      ] GC(119) Scavenge 3.783ms
[788.959s][debug][gc,ref         ] GC(119) Skipped phase1 of Reference Processing due to unavailable references
[788.959s][debug][gc,ref         ] GC(119) Skipped phase3 of Reference Processing due to unavailable references
[788.959s][debug][gc,phases      ] GC(119) Reference Processing 0.027ms
[788.959s][debug][gc,phases      ] GC(119) Weak Processing 0.142ms
[788.960s][debug][gc,phases      ] GC(119) Scrub String Table 0.426ms
[788.960s][debug][gc,age         ] GC(119) Desired survivor size 74973184 bytes, new threshold 15 (max threshold 15)
[788.960s][info ][gc,heap        ] GC(119) PSYoungGen: 1936928K->4112K(2023936K)
[788.960s][info ][gc,heap        ] GC(119) ParOldGen: 324840K->324848K(403456K)
[788.960s][info ][gc,metaspace   ] GC(119) Metaspace: 74846K->74846K(1118208K)
[788.960s][info ][gc             ] GC(119) Pause Young (Allocation Failure) 2208M->321M(2370M) 4.500ms
[788.960s][info ][gc,cpu         ] GC(119) User=0.01s Sys=0.00s Real=0.01s
[788.960s][info ][safepoint      ] Leaving safepoint region
[788.960s][info ][safepoint      ] Total time for which application threads were stopped: 0.0046837 seconds, Stopping threads took: 0.0000121 seconds
[791.960s][info ][safepoint      ] Application time: 3.0002347 seconds
[791.960s][info ][safepoint      ] Entering safepoint region: Cleanup
[791.960s][info ][safepoint      ] Leaving safepoint region
[791.960s][info ][safepoint      ] Total time for which application threads were stopped: 0.0001103 seconds, Stopping threads took: 0.0000495 seconds
[792.960s][info ][safepoint      ] Application time: 1.0000803 seconds
[792.961s][info ][safepoint      ] Entering safepoint region: Cleanup
[792.961s][info ][safepoint      ] Leaving safepoint region
[792.961s][info ][safepoint      ] Total time for which application threads were stopped: 0.0001177 seconds, Stopping threads took: 0.0000513 seconds
[793.961s][info ][safepoint      ] Application time: 1.0000810 seconds
[793.961s][info ][safepoint      ] Entering safepoint region: Cleanup
[793.961s][info ][safepoint      ] Leaving safepoint region
[793.961s][info ][safepoint      ] Total time for which application threads were stopped: 0.0001308 seconds, Stopping threads took: 0.0000429 seconds
[795.961s][info ][safepoint      ] Application time: 2.0001549 seconds
[795.961s][info ][safepoint      ] Entering safepoint region: Cleanup
[795.961s][info ][safepoint      ] Leaving safepoint region
[795.961s][info ][safepoint      ] Total time for which application threads were stopped: 0.0001208 seconds, Stopping threads took: 0.0000490 seconds
[796.961s][info ][safepoint      ] Application time: 1.0000848 seconds
[796.961s][info ][safepoint      ] Entering safepoint region: Cleanup
[796.961s][info ][safepoint      ] Leaving safepoint region
[796.961s][info ][safepoint      ] Total time for which application threads were stopped: 0.0001101 seconds, Stopping threads took: 0.0000366 seconds
[798.777s][info ][safepoint      ] Application time: 1.8158853 seconds
[798.777s][info ][safepoint      ] Entering safepoint region: RevokeBias
[798.777s][info ][safepoint      ] Leaving safepoint region
[798.777s][info ][safepoint      ] Total time for which application threads were stopped: 0.0001252 seconds, Stopping threads took: 0.0000168 seconds
[798.778s][info ][safepoint      ] Application time: 0.0002788 seconds
[798.778s][info ][safepoint      ] Entering safepoint region: RevokeBias
[798.778s][info ][safepoint      ] Leaving safepoint region
[798.778s][info ][safepoint      ] Total time for which application threads were stopped: 0.0000668 seconds, Stopping threads took: 0.0000262 seconds
[798.780s][info ][safepoint      ] Application time: 0.0019164 seconds
[798.780s][info ][safepoint      ] Entering safepoint region: RevokeBias
[798.780s][info ][safepoint      ] Leaving safepoint region
[798.780s][info ][safepoint      ] Total time for which application threads were stopped: 0.0000714 seconds, Stopping threads took: 0.0000164 seconds
[798.780s][info ][safepoint      ] Application time: 0.0000392 seconds
[798.780s][info ][safepoint      ] Entering safepoint region: RevokeBias
[798.780s][info ][safepoint      ] Leaving safepoint region
[798.780s][info ][safepoint      ] Total time for which application threads were stopped: 0.0000593 seconds, Stopping threads took: 0.0000191 seconds
[798.788s][info ][safepoint      ] Application time: 0.0085404 seconds
[798.789s][info ][safepoint      ] Entering safepoint region: RevokeBias
[798.789s][info ][safepoint      ] Leaving safepoint region
[798.789s][info ][safepoint      ] Total time for which application threads were stopped: 0.0001061 seconds, Stopping threads took: 0.0000090 seconds
[798.791s][info ][safepoint      ] Application time: 0.0022226 seconds
[798.791s][info ][safepoint      ] Entering safepoint region: RevokeBias
[798.791s][info ][safepoint      ] Leaving safepoint region
[798.791s][info ][safepoint      ] Total time for which application threads were stopped: 0.0000681 seconds, Stopping threads took: 0.0000075 seconds
[798.791s][info ][safepoint      ] Application time: 0.0000335 seconds
[798.791s][info ][safepoint      ] Entering safepoint region: RevokeBias
[798.791s][info ][safepoint      ] Leaving safepoint region
[798.791s][info ][safepoint      ] Total time for which application threads were stopped: 0.0000449 seconds, Stopping threads took: 0.0000175 seconds
[798.878s][info ][safepoint      ] Application time: 0.0874336 seconds
[798.879s][info ][safepoint      ] Entering safepoint region: RevokeBias
[798.879s][info ][safepoint      ] Leaving safepoint region
[798.879s][info ][safepoint      ] Total time for which application threads were stopped: 0.0001449 seconds, Stopping threads took: 0.0000298 seconds
[799.153s][info ][safepoint      ] Application time: 0.2742318 seconds
[799.153s][info ][safepoint      ] Entering safepoint region: RevokeBias
[799.153s][info ][safepoint      ] Leaving safepoint region
[799.153s][info ][safepoint      ] Total time for which application threads were stopped: 0.0001626 seconds, Stopping threads took: 0.0000149 seconds
[799.153s][info ][safepoint      ] Application time: 0.0000348 seconds
[799.153s][info ][safepoint      ] Entering safepoint region: RevokeBias
[799.153s][info ][safepoint      ] Leaving safepoint region
[799.153s][info ][safepoint      ] Total time for which application threads were stopped: 0.0000287 seconds, Stopping threads took: 0.0000040 seconds
[799.154s][info ][safepoint      ] Application time: 0.0004274 seconds
[799.154s][info ][safepoint      ] Entering safepoint region: BulkRevokeBias
[799.154s][info ][safepoint      ] Leaving safepoint region
[799.154s][info ][safepoint      ] Total time for which application threads were stopped: 0.0003379 seconds, Stopping threads took: 0.0000054 seconds
[799.237s][info ][safepoint      ] Application time: 0.0831717 seconds
[799.237s][info ][safepoint      ] Entering safepoint region: RevokeBias
[799.237s][info ][safepoint      ] Leaving safepoint region
[799.237s][info ][safepoint      ] Total time for which application threads were stopped: 0.0000903 seconds, Stopping threads took: 0.0000094 seconds
[799.239s][info ][safepoint      ] Application time: 0.0017611 seconds
[799.239s][info ][safepoint      ] Entering safepoint region: RevokeBias
[799.239s][info ][safepoint      ] Leaving safepoint region
[799.239s][info ][safepoint      ] Total time for which application threads were stopped: 0.0000685 seconds, Stopping threads took: 0.0000080 seconds
[799.241s][info ][safepoint      ] Application time: 0.0014079 seconds
[799.241s][info ][safepoint      ] Entering safepoint region: RevokeBias
[799.241s][info ][safepoint      ] Leaving safepoint region
[799.241s][info ][safepoint      ] Total time for which application threads were stopped: 0.0000516 seconds, Stopping threads took: 0.0000064 seconds
[799.279s][info ][safepoint      ] Application time: 0.0388473 seconds
[799.279s][info ][safepoint      ] Entering safepoint region: ParallelGCFailedAllocation
[799.280s][info ][gc,start       ] GC(120) Pause Young (Allocation Failure)
[799.287s][debug][gc,phases      ] GC(120) Scavenge 7.819ms
[799.287s][debug][gc,ref         ] GC(120) Skipped phase1 of Reference Processing due to unavailable references
[799.287s][debug][gc,ref         ] GC(120) Skipped phase3 of Reference Processing due to unavailable references
[799.287s][debug][gc,phases      ] GC(120) Reference Processing 0.038ms
[799.288s][debug][gc,phases      ] GC(120) Weak Processing 0.156ms
[799.288s][debug][gc,phases      ] GC(120) Scrub String Table 0.446ms
[799.288s][debug][gc,age         ] GC(120) Desired survivor size 70254592 bytes, new threshold 15 (max threshold 15)
[799.288s][info ][gc,heap        ] GC(120) PSYoungGen: 1951248K->19392K(2020352K)
[799.288s][info ][gc,heap        ] GC(120) ParOldGen: 324848K->324856K(403456K)
[799.288s][info ][gc,metaspace   ] GC(120) Metaspace: 74921K->74921K(1118208K)
[799.288s][info ][gc             ] GC(120) Pause Young (Allocation Failure) 2222M->336M(2367M) 8.592ms
[799.288s][info ][gc,cpu         ] GC(120) User=0.04s Sys=0.00s Real=0.00s
[799.288s][info ][safepoint      ] Leaving safepoint region
[799.288s][info ][safepoint      ] Total time for which application threads were stopped: 0.0087656 seconds, Stopping threads took: 0.0000109 seconds
[799.294s][info ][safepoint      ] Application time: 0.0062614 seconds
[799.295s][info ][safepoint      ] Entering safepoint region: RevokeBias
[799.295s][info ][safepoint      ] Leaving safepoint region
[799.295s][info ][safepoint      ] Total time for which application threads were stopped: 0.0001058 seconds, Stopping threads took: 0.0000160 seconds
[799.356s][info ][safepoint      ] Application time: 0.0615413 seconds
[799.356s][info ][safepoint      ] Entering safepoint region: RevokeBias
[799.356s][info ][safepoint      ] Leaving safepoint region
[799.356s][info ][safepoint      ] Total time for which application threads were stopped: 0.0001103 seconds, Stopping threads took: 0.0000142 seconds
[799.446s][info ][safepoint      ] Application time: 0.0900303 seconds
[799.446s][info ][safepoint      ] Entering safepoint region: RevokeBias
[799.447s][info ][safepoint      ] Leaving safepoint region
[799.447s][info ][safepoint      ] Total time for which application threads were stopped: 0.0001841 seconds, Stopping threads took: 0.0000474 seconds
[800.447s][info ][safepoint      ] Application time: 1.0000791 seconds
[800.447s][info ][safepoint      ] Entering safepoint region: Cleanup
[800.447s][info ][safepoint      ] Leaving safepoint region
[800.447s][info ][safepoint      ] Total time for which application threads were stopped: 0.0002830 seconds, Stopping threads took: 0.0000954 seconds
[801.447s][info ][safepoint      ] Application time: 1.0000722 seconds
[801.447s][info ][safepoint      ] Entering safepoint region: Cleanup
[801.447s][info ][safepoint      ] Leaving safepoint region
[801.447s][info ][safepoint      ] Total time for which application threads were stopped: 0.0002241 seconds, Stopping threads took: 0.0000389 seconds
[802.447s][info ][safepoint      ] Application time: 1.0000751 seconds
[802.447s][info ][safepoint      ] Entering safepoint region: Cleanup
[802.448s][info ][safepoint      ] Leaving safepoint region
[802.448s][info ][safepoint      ] Total time for which application threads were stopped: 0.0001641 seconds, Stopping threads took: 0.0000332 seconds
[803.448s][info ][safepoint      ] Application time: 1.0000691 seconds
[803.448s][info ][safepoint      ] Entering safepoint region: Cleanup
[803.448s][info ][safepoint      ] Leaving safepoint region
[803.448s][info ][safepoint      ] Total time for which application threads were stopped: 0.0001322 seconds, Stopping threads took: 0.0000454 seconds
[804.448s][info ][safepoint      ] Application time: 1.0000785 seconds
[804.448s][info ][safepoint      ] Entering safepoint region: Cleanup
[804.448s][info ][safepoint      ] Leaving safepoint region
[804.448s][info ][safepoint      ] Total time for which application threads were stopped: 0.0001019 seconds, Stopping threads took: 0.0000297 seconds
[805.448s][info ][safepoint      ] Application time: 1.0000761 seconds
[805.448s][info ][safepoint      ] Entering safepoint region: Cleanup
[805.448s][info ][safepoint      ] Leaving safepoint region
[805.448s][info ][safepoint      ] Total time for which application threads were stopped: 0.0001059 seconds, Stopping threads took: 0.0000420 seconds
[806.448s][info ][safepoint      ] Application time: 1.0000687 seconds
[806.448s][info ][safepoint      ] Entering safepoint region: Cleanup
[806.449s][info ][safepoint      ] Leaving safepoint region
[806.449s][info ][safepoint      ] Total time for which application threads were stopped: 0.0001408 seconds, Stopping threads took: 0.0000486 seconds
[807.449s][info ][safepoint      ] Application time: 1.0000304 seconds
[807.449s][info ][safepoint      ] Entering safepoint region: Cleanup
[807.449s][info ][safepoint      ] Leaving safepoint region
[807.449s][info ][safepoint      ] Total time for which application threads were stopped: 0.0001255 seconds, Stopping threads took: 0.0000422 seconds
[807.999s][info ][safepoint      ] Application time: 0.5498446 seconds
[807.999s][info ][safepoint      ] Entering safepoint region: ParallelGCFailedAllocation
[807.999s][info ][gc,start       ] GC(121) Pause Young (Allocation Failure)
[808.012s][debug][gc,phases      ] GC(121) Scavenge 12.774ms
[808.012s][debug][gc,ref         ] GC(121) Skipped phase1 of Reference Processing due to unavailable references
[808.012s][debug][gc,ref         ] GC(121) Skipped phase3 of Reference Processing due to unavailable references
[808.012s][debug][gc,phases      ] GC(121) Reference Processing 0.044ms
[808.012s][debug][gc,phases      ] GC(121) Weak Processing 0.152ms
[808.012s][debug][gc,phases      ] GC(121) Scrub String Table 0.451ms
[808.012s][debug][gc,age         ] GC(121) Desired survivor size 75497472 bytes, new threshold 15 (max threshold 15)
[808.012s][info ][gc,heap        ] GC(121) PSYoungGen: 1966528K->43681K(2018304K)
[808.012s][info ][gc,heap        ] GC(121) ParOldGen: 324856K->324864K(403456K)
[808.012s][info ][gc,metaspace   ] GC(121) Metaspace: 75244K->75244K(1118208K)
[808.012s][info ][gc             ] GC(121) Pause Young (Allocation Failure) 2237M->359M(2365M) 13.556ms
[808.012s][info ][gc,cpu         ] GC(121) User=0.06s Sys=0.00s Real=0.01s
[808.013s][info ][safepoint      ] Leaving safepoint region
[808.013s][info ][safepoint      ] Total time for which application threads were stopped: 0.0138955 seconds, Stopping threads took: 0.0000330 seconds
[809.013s][info ][safepoint      ] Application time: 1.0000788 seconds
[809.013s][info ][safepoint      ] Entering safepoint region: Cleanup
[809.013s][info ][safepoint      ] Leaving safepoint region
[809.013s][info ][safepoint      ] Total time for which application threads were stopped: 0.0001228 seconds, Stopping threads took: 0.0000359 seconds
[810.013s][info ][safepoint      ] Application time: 1.0000861 seconds
[810.013s][info ][safepoint      ] Entering safepoint region: Cleanup
[810.013s][info ][safepoint      ] Leaving safepoint region
[810.013s][info ][safepoint      ] Total time for which application threads were stopped: 0.0001082 seconds, Stopping threads took: 0.0000314 seconds
[811.013s][info ][safepoint      ] Application time: 1.0000801 seconds
[811.013s][info ][safepoint      ] Entering safepoint region: Cleanup
[811.013s][info ][safepoint      ] Leaving safepoint region
[811.013s][info ][safepoint      ] Total time for which application threads were stopped: 0.0001344 seconds, Stopping threads took: 0.0000490 seconds
[812.013s][info ][safepoint      ] Application time: 1.0000797 seconds
[812.013s][info ][safepoint      ] Entering safepoint region: Cleanup
[812.014s][info ][safepoint      ] Leaving safepoint region
[812.014s][info ][safepoint      ] Total time for which application threads were stopped: 0.0002664 seconds, Stopping threads took: 0.0000523 seconds
[813.014s][info ][safepoint      ] Application time: 1.0000813 seconds
[813.014s][info ][safepoint      ] Entering safepoint region: Cleanup
[813.014s][info ][safepoint      ] Leaving safepoint region
[813.014s][info ][safepoint      ] Total time for which application threads were stopped: 0.0001249 seconds, Stopping threads took: 0.0000339 seconds
[814.014s][info ][safepoint      ] Application time: 1.0000821 seconds
[814.014s][info ][safepoint      ] Entering safepoint region: Cleanup
[814.014s][info ][safepoint      ] Leaving safepoint region
[814.014s][info ][safepoint      ] Total time for which application threads were stopped: 0.0001137 seconds, Stopping threads took: 0.0000486 seconds
[815.014s][info ][safepoint      ] Application time: 1.0000780 seconds
[815.014s][info ][safepoint      ] Entering safepoint region: Cleanup
[815.014s][info ][safepoint      ] Leaving safepoint region
[815.014s][info ][safepoint      ] Total time for which application threads were stopped: 0.0001245 seconds, Stopping threads took: 0.0000456 seconds
[816.014s][info ][safepoint      ] Application time: 1.0000690 seconds
[816.015s][info ][safepoint      ] Entering safepoint region: Cleanup
[816.015s][info ][safepoint      ] Leaving safepoint region
[816.015s][info ][safepoint      ] Total time for which application threads were stopped: 0.0001187 seconds, Stopping threads took: 0.0000636 seconds
[817.015s][info ][safepoint      ] Application time: 1.0000716 seconds
[817.015s][info ][safepoint      ] Entering safepoint region: Cleanup
[817.015s][info ][safepoint      ] Leaving safepoint region
[817.015s][info ][safepoint      ] Total time for which application threads were stopped: 0.0001265 seconds, Stopping threads took: 0.0000510 seconds
[817.561s][info ][safepoint      ] Application time: 0.5456645 seconds
[817.561s][info ][safepoint      ] Entering safepoint region: ParallelGCFailedAllocation
[817.561s][info ][gc,start       ] GC(122) Pause Young (Allocation Failure)
[817.571s][debug][gc,phases      ] GC(122) Scavenge 10.033ms
[817.571s][debug][gc,ref         ] GC(122) Skipped phase1 of Reference Processing due to unavailable references
[817.571s][debug][gc,ref         ] GC(122) Skipped phase3 of Reference Processing due to unavailable references
[817.571s][debug][gc,phases      ] GC(122) Reference Processing 0.042ms
[817.571s][debug][gc,phases      ] GC(122) Weak Processing 0.244ms
[817.572s][debug][gc,phases      ] GC(122) Scrub String Table 0.461ms
[817.572s][debug][gc,age         ] GC(122) Desired survivor size 79167488 bytes, new threshold 15 (max threshold 15)
[817.572s][info ][gc,heap        ] GC(122) PSYoungGen: 1993377K->43712K(1993728K)
[817.572s][info ][gc,heap        ] GC(122) ParOldGen: 324864K->324864K(403456K)
[817.572s][info ][gc,metaspace   ] GC(122) Metaspace: 75275K->75275K(1118208K)
[817.572s][info ][gc             ] GC(122) Pause Young (Allocation Failure) 2263M->359M(2341M) 10.935ms
[817.572s][info ][gc,cpu         ] GC(122) User=0.04s Sys=0.00s Real=0.01s
[817.572s][info ][safepoint      ] Leaving safepoint region
[817.572s][info ][safepoint      ] Total time for which application threads were stopped: 0.0110905 seconds, Stopping threads took: 0.0000128 seconds
[818.572s][info ][safepoint      ] Application time: 1.0000730 seconds
[818.572s][info ][safepoint      ] Entering safepoint region: Cleanup
[818.572s][info ][safepoint      ] Leaving safepoint region
[818.572s][info ][safepoint      ] Total time for which application threads were stopped: 0.0001107 seconds, Stopping threads took: 0.0000474 seconds
[819.572s][info ][safepoint      ] Application time: 1.0000818 seconds
[819.572s][info ][safepoint      ] Entering safepoint region: Cleanup
[819.572s][info ][safepoint      ] Leaving safepoint region
[819.572s][info ][safepoint      ] Total time for which application threads were stopped: 0.0001183 seconds, Stopping threads took: 0.0000361 seconds
[820.572s][info ][safepoint      ] Application time: 1.0000829 seconds
[820.572s][info ][safepoint      ] Entering safepoint region: Cleanup
[820.572s][info ][safepoint      ] Leaving safepoint region
[820.572s][info ][safepoint      ] Total time for which application threads were stopped: 0.0001396 seconds, Stopping threads took: 0.0000365 seconds
[822.573s][info ][safepoint      ] Application time: 2.0001570 seconds
[822.573s][info ][safepoint      ] Entering safepoint region: Cleanup
[822.573s][info ][safepoint      ] Leaving safepoint region
[822.573s][info ][safepoint      ] Total time for which application threads were stopped: 0.0001087 seconds, Stopping threads took: 0.0000479 seconds
[823.573s][info ][safepoint      ] Application time: 1.0000897 seconds
[823.573s][info ][safepoint      ] Entering safepoint region: Cleanup
[823.573s][info ][safepoint      ] Leaving safepoint region
[823.573s][info ][safepoint      ] Total time for which application threads were stopped: 0.0001438 seconds, Stopping threads took: 0.0000379 seconds
[825.573s][info ][safepoint      ] Application time: 2.0001544 seconds
[825.573s][info ][safepoint      ] Entering safepoint region: Cleanup
[825.573s][info ][safepoint      ] Leaving safepoint region
[825.573s][info ][safepoint      ] Total time for which application threads were stopped: 0.0001045 seconds, Stopping threads took: 0.0000365 seconds
[826.573s][info ][safepoint      ] Application time: 1.0000704 seconds
[826.573s][info ][safepoint      ] Entering safepoint region: Cleanup
[826.574s][info ][safepoint      ] Leaving safepoint region
[826.574s][info ][safepoint      ] Total time for which application threads were stopped: 0.0001147 seconds, Stopping threads took: 0.0000288 seconds
[827.010s][info ][safepoint      ] Application time: 0.4368347 seconds
[827.010s][info ][safepoint      ] Entering safepoint region: ParallelGCFailedAllocation
[827.011s][info ][gc,start       ] GC(123) Pause Young (Allocation Failure)
[827.023s][debug][gc,phases      ] GC(123) Scavenge 12.674ms
[827.023s][debug][gc,ref         ] GC(123) Skipped phase1 of Reference Processing due to unavailable references
[827.023s][debug][gc,ref         ] GC(123) Skipped phase3 of Reference Processing due to unavailable references
[827.023s][debug][gc,phases      ] GC(123) Reference Processing 0.041ms
[827.024s][debug][gc,phases      ] GC(123) Weak Processing 0.168ms
[827.024s][debug][gc,phases      ] GC(123) Scrub String Table 0.464ms
[827.024s][debug][gc,age         ] GC(123) Desired survivor size 82837504 bytes, new threshold 15 (max threshold 15)
[827.024s][info ][gc,heap        ] GC(123) PSYoungGen: 1993408K->46000K(2012672K)
[827.024s][info ][gc,heap        ] GC(123) ParOldGen: 324864K->324872K(403456K)
[827.024s][info ][gc,metaspace   ] GC(123) Metaspace: 75293K->75293K(1118208K)
[827.024s][info ][gc             ] GC(123) Pause Young (Allocation Failure) 2263M->362M(2359M) 13.508ms
[827.024s][info ][gc,cpu         ] GC(123) User=0.06s Sys=0.00s Real=0.01s
[827.024s][info ][safepoint      ] Leaving safepoint region
[827.024s][info ][safepoint      ] Total time for which application threads were stopped: 0.0136987 seconds, Stopping threads took: 0.0000176 seconds
[828.024s][info ][safepoint      ] Application time: 1.0000418 seconds
[828.024s][info ][safepoint      ] Entering safepoint region: Cleanup
[828.024s][info ][safepoint      ] Leaving safepoint region
[828.024s][info ][safepoint      ] Total time for which application threads were stopped: 0.0000810 seconds, Stopping threads took: 0.0000122 seconds
[829.024s][info ][safepoint      ] Application time: 1.0000551 seconds
[829.024s][info ][safepoint      ] Entering safepoint region: Cleanup
[829.024s][info ][safepoint      ] Leaving safepoint region
[829.024s][info ][safepoint      ] Total time for which application threads were stopped: 0.0000830 seconds, Stopping threads took: 0.0000119 seconds
[830.025s][info ][safepoint      ] Application time: 1.0000717 seconds
[830.025s][info ][safepoint      ] Entering safepoint region: Cleanup
[830.025s][info ][safepoint      ] Leaving safepoint region
[830.025s][info ][safepoint      ] Total time for which application threads were stopped: 0.0000737 seconds, Stopping threads took: 0.0000121 seconds
[831.025s][info ][safepoint      ] Application time: 1.0000784 seconds
[831.025s][info ][safepoint      ] Entering safepoint region: Cleanup
[831.025s][info ][safepoint      ] Leaving safepoint region
[831.025s][info ][safepoint      ] Total time for which application threads were stopped: 0.0001285 seconds, Stopping threads took: 0.0000538 seconds
[832.025s][info ][safepoint      ] Application time: 1.0000813 seconds
[832.025s][info ][safepoint      ] Entering safepoint region: Cleanup
[832.025s][info ][safepoint      ] Leaving safepoint region
[832.025s][info ][safepoint      ] Total time for which application threads were stopped: 0.0000856 seconds, Stopping threads took: 0.0000128 seconds
[834.025s][info ][safepoint      ] Application time: 2.0001372 seconds
[834.025s][info ][safepoint      ] Entering safepoint region: Cleanup
[834.025s][info ][safepoint      ] Leaving safepoint region
[834.025s][info ][safepoint      ] Total time for which application threads were stopped: 0.0000787 seconds, Stopping threads took: 0.0000118 seconds
[836.362s][info ][safepoint      ] Application time: 2.3362805 seconds
[836.362s][info ][safepoint      ] Entering safepoint region: ParallelGCFailedAllocation
[836.362s][info ][gc,start       ] GC(124) Pause Young (Allocation Failure)
[836.372s][debug][gc,phases      ] GC(124) Scavenge 10.505ms
[836.372s][debug][gc,ref         ] GC(124) Skipped phase1 of Reference Processing due to unavailable references
[836.372s][debug][gc,ref         ] GC(124) Skipped phase3 of Reference Processing due to unavailable references
[836.372s][debug][gc,phases      ] GC(124) Reference Processing 0.041ms
[836.373s][debug][gc,phases      ] GC(124) Weak Processing 0.162ms
[836.373s][debug][gc,phases      ] GC(124) Scrub String Table 0.500ms
[836.373s][debug][gc,age         ] GC(124) Desired survivor size 85983232 bytes, new threshold 15 (max threshold 15)
[836.373s][info ][gc,heap        ] GC(124) PSYoungGen: 1981360K->47232K(1982976K)
[836.373s][info ][gc,heap        ] GC(124) ParOldGen: 324872K->324968K(403456K)
[836.373s][info ][gc,metaspace   ] GC(124) Metaspace: 75300K->75300K(1118208K)
[836.373s][info ][gc             ] GC(124) Pause Young (Allocation Failure) 2252M->363M(2330M) 11.358ms
[836.373s][info ][gc,cpu         ] GC(124) User=0.05s Sys=0.00s Real=0.01s
[836.373s][info ][safepoint      ] Leaving safepoint region
[836.373s][info ][safepoint      ] Total time for which application threads were stopped: 0.0115359 seconds, Stopping threads took: 0.0000174 seconds
[837.373s][info ][safepoint      ] Application time: 1.0000809 seconds
[837.373s][info ][safepoint      ] Entering safepoint region: Cleanup
[837.373s][info ][safepoint      ] Leaving safepoint region
[837.373s][info ][safepoint      ] Total time for which application threads were stopped: 0.0001156 seconds, Stopping threads took: 0.0000523 seconds
[838.374s][info ][safepoint      ] Application time: 1.0000718 seconds
[838.374s][info ][safepoint      ] Entering safepoint region: Cleanup
[838.374s][info ][safepoint      ] Leaving safepoint region
[838.374s][info ][safepoint      ] Total time for which application threads were stopped: 0.0000664 seconds, Stopping threads took: 0.0000118 seconds
[840.374s][info ][safepoint      ] Application time: 2.0001769 seconds
[840.374s][info ][safepoint      ] Entering safepoint region: Cleanup
[840.374s][info ][safepoint      ] Leaving safepoint region
[840.374s][info ][safepoint      ] Total time for which application threads were stopped: 0.0001038 seconds, Stopping threads took: 0.0000194 seconds
[841.374s][info ][safepoint      ] Application time: 1.0000825 seconds
[841.374s][info ][safepoint      ] Entering safepoint region: Cleanup
[841.374s][info ][safepoint      ] Leaving safepoint region
[841.374s][info ][safepoint      ] Total time for which application threads were stopped: 0.0000857 seconds, Stopping threads took: 0.0000126 seconds
[842.374s][info ][safepoint      ] Application time: 1.0000771 seconds
[842.374s][info ][safepoint      ] Entering safepoint region: Cleanup
[842.374s][info ][safepoint      ] Leaving safepoint region
[842.374s][info ][safepoint      ] Total time for which application threads were stopped: 0.0001040 seconds, Stopping threads took: 0.0000402 seconds
[844.375s][info ][safepoint      ] Application time: 2.0001148 seconds
[844.375s][info ][safepoint      ] Entering safepoint region: Cleanup
[844.375s][info ][safepoint      ] Leaving safepoint region
[844.375s][info ][safepoint      ] Total time for which application threads were stopped: 0.0000795 seconds, Stopping threads took: 0.0000132 seconds
[845.375s][info ][safepoint      ] Application time: 1.0000757 seconds
[845.375s][info ][safepoint      ] Entering safepoint region: Cleanup
[845.375s][info ][safepoint      ] Leaving safepoint region
[845.375s][info ][safepoint      ] Total time for which application threads were stopped: 0.0001101 seconds, Stopping threads took: 0.0000457 seconds
[845.906s][info ][safepoint      ] Application time: 0.5314233 seconds
[845.906s][info ][safepoint      ] Entering safepoint region: ParallelGCFailedAllocation
[845.907s][info ][gc,start       ] GC(125) Pause Young (Allocation Failure)
[845.918s][debug][gc,phases      ] GC(125) Scavenge 11.879ms
[845.918s][debug][gc,ref         ] GC(125) Skipped phase1 of Reference Processing due to unavailable references
[845.919s][debug][gc,ref         ] GC(125) Skipped phase3 of Reference Processing due to unavailable references
[845.919s][debug][gc,phases      ] GC(125) Reference Processing 0.048ms
[845.919s][debug][gc,phases      ] GC(125) Weak Processing 0.158ms
[845.919s][debug][gc,phases      ] GC(125) Scrub String Table 0.462ms
[845.919s][debug][gc,age         ] GC(125) Desired survivor size 88080384 bytes, new threshold 15 (max threshold 15)
[845.919s][info ][gc,heap        ] GC(125) PSYoungGen: 1982592K->47553K(2009088K)
[845.919s][info ][gc,heap        ] GC(125) ParOldGen: 324968K->325076K(403456K)
[845.919s][info ][gc,metaspace   ] GC(125) Metaspace: 75300K->75300K(1118208K)
[845.919s][info ][gc             ] GC(125) Pause Young (Allocation Failure) 2253M->363M(2356M) 12.708ms
[845.919s][info ][gc,cpu         ] GC(125) User=0.05s Sys=0.00s Real=0.02s
[845.919s][info ][safepoint      ] Leaving safepoint region
[845.919s][info ][safepoint      ] Total time for which application threads were stopped: 0.0128910 seconds, Stopping threads took: 0.0000173 seconds
[848.920s][info ][safepoint      ] Application time: 3.0002346 seconds
[848.920s][info ][safepoint      ] Entering safepoint region: Cleanup
[848.920s][info ][safepoint      ] Leaving safepoint region
[848.920s][info ][safepoint      ] Total time for which application threads were stopped: 0.0001133 seconds, Stopping threads took: 0.0000460 seconds
[849.920s][info ][safepoint      ] Application time: 1.0000746 seconds
[849.920s][info ][safepoint      ] Entering safepoint region: Cleanup
[849.920s][info ][safepoint      ] Leaving safepoint region
[849.920s][info ][safepoint      ] Total time for which application threads were stopped: 0.0000909 seconds, Stopping threads took: 0.0000318 seconds
[850.920s][info ][safepoint      ] Application time: 1.0000495 seconds
[850.920s][info ][safepoint      ] Entering safepoint region: Cleanup
[850.920s][info ][safepoint      ] Leaving safepoint region
[850.920s][info ][safepoint      ] Total time for which application threads were stopped: 0.0001218 seconds, Stopping threads took: 0.0000380 seconds
[851.920s][info ][safepoint      ] Application time: 1.0000751 seconds
[851.920s][info ][safepoint      ] Entering safepoint region: Cleanup
[851.920s][info ][safepoint      ] Leaving safepoint region
[851.920s][info ][safepoint      ] Total time for which application threads were stopped: 0.0001124 seconds, Stopping threads took: 0.0000471 seconds
[852.920s][info ][safepoint      ] Application time: 1.0000816 seconds
[852.920s][info ][safepoint      ] Entering safepoint region: Cleanup
[852.921s][info ][safepoint      ] Leaving safepoint region
[852.921s][info ][safepoint      ] Total time for which application threads were stopped: 0.0001163 seconds, Stopping threads took: 0.0000541 seconds
[853.921s][info ][safepoint      ] Application time: 1.0000730 seconds
[853.921s][info ][safepoint      ] Entering safepoint region: Cleanup
[853.921s][info ][safepoint      ] Leaving safepoint region
[853.921s][info ][safepoint      ] Total time for which application threads were stopped: 0.0001106 seconds, Stopping threads took: 0.0000341 seconds
[854.921s][info ][safepoint      ] Application time: 1.0000773 seconds
[854.921s][info ][safepoint      ] Entering safepoint region: Cleanup
[854.921s][info ][safepoint      ] Leaving safepoint region
[854.921s][info ][safepoint      ] Total time for which application threads were stopped: 0.0001038 seconds, Stopping threads took: 0.0000334 seconds
[855.522s][info ][safepoint      ] Application time: 0.6013526 seconds
[855.522s][info ][safepoint      ] Entering safepoint region: ParallelGCFailedAllocation
[855.523s][info ][gc,start       ] GC(126) Pause Young (Allocation Failure)
[855.534s][debug][gc,phases      ] GC(126) Scavenge 11.848ms
[855.534s][debug][gc,ref         ] GC(126) Skipped phase1 of Reference Processing due to unavailable references
[855.535s][debug][gc,ref         ] GC(126) Skipped phase3 of Reference Processing due to unavailable references
[855.535s][debug][gc,phases      ] GC(126) Reference Processing 0.095ms
[855.535s][debug][gc,phases      ] GC(126) Weak Processing 0.269ms
[855.535s][debug][gc,phases      ] GC(126) Scrub String Table 0.655ms
[855.535s][debug][gc,age         ] GC(126) Desired survivor size 89653248 bytes, new threshold 15 (max threshold 15)
[855.536s][info ][gc,heap        ] GC(126) PSYoungGen: 1972673K->48752K(1974272K)
[855.536s][info ][gc,heap        ] GC(126) ParOldGen: 325076K->325132K(403456K)
[855.536s][info ][gc,metaspace   ] GC(126) Metaspace: 75318K->75318K(1118208K)
[855.536s][info ][gc             ] GC(126) Pause Young (Allocation Failure) 2243M->365M(2322M) 13.040ms
[855.536s][info ][gc,cpu         ] GC(126) User=0.05s Sys=0.00s Real=0.01s
[855.536s][info ][safepoint      ] Leaving safepoint region
[855.536s][info ][safepoint      ] Total time for which application threads were stopped: 0.0132351 seconds, Stopping threads took: 0.0000295 seconds
[856.536s][info ][safepoint      ] Application time: 1.0000852 seconds
[856.536s][info ][safepoint      ] Entering safepoint region: Cleanup
[856.536s][info ][safepoint      ] Leaving safepoint region
[856.536s][info ][safepoint      ] Total time for which application threads were stopped: 0.0000665 seconds, Stopping threads took: 0.0000118 seconds
[857.536s][info ][safepoint      ] Application time: 1.0000743 seconds
[857.536s][info ][safepoint      ] Entering safepoint region: Cleanup
[857.536s][info ][safepoint      ] Leaving safepoint region
[857.536s][info ][safepoint      ] Total time for which application threads were stopped: 0.0000879 seconds, Stopping threads took: 0.0000165 seconds
[858.536s][info ][safepoint      ] Application time: 1.0000882 seconds
[858.536s][info ][safepoint      ] Entering safepoint region: Cleanup
[858.536s][info ][safepoint      ] Leaving safepoint region
[858.536s][info ][safepoint      ] Total time for which application threads were stopped: 0.0000978 seconds, Stopping threads took: 0.0000167 seconds
[859.536s][info ][safepoint      ] Application time: 1.0000725 seconds
[859.536s][info ][safepoint      ] Entering safepoint region: Cleanup
[859.536s][info ][safepoint      ] Leaving safepoint region
[859.536s][info ][safepoint      ] Total time for which application threads were stopped: 0.0000790 seconds, Stopping threads took: 0.0000146 seconds
[860.537s][info ][safepoint      ] Application time: 1.0000768 seconds
[860.537s][info ][safepoint      ] Entering safepoint region: Cleanup
[860.537s][info ][safepoint      ] Leaving safepoint region
[860.537s][info ][safepoint      ] Total time for which application threads were stopped: 0.0001352 seconds, Stopping threads took: 0.0000631 seconds
[861.537s][info ][safepoint      ] Application time: 1.0000755 seconds
[861.537s][info ][safepoint      ] Entering safepoint region: Cleanup
[861.537s][info ][safepoint      ] Leaving safepoint region
[861.537s][info ][safepoint      ] Total time for which application threads were stopped: 0.0000950 seconds, Stopping threads took: 0.0000292 seconds
[862.537s][info ][safepoint      ] Application time: 1.0000717 seconds
[862.537s][info ][safepoint      ] Entering safepoint region: Cleanup
[862.537s][info ][safepoint      ] Leaving safepoint region
[862.537s][info ][safepoint      ] Total time for which application threads were stopped: 0.0000758 seconds, Stopping threads took: 0.0000169 seconds
[863.537s][info ][safepoint      ] Application time: 1.0000821 seconds
[863.537s][info ][safepoint      ] Entering safepoint region: Cleanup
[863.537s][info ][safepoint      ] Leaving safepoint region
[863.537s][info ][safepoint      ] Total time for which application threads were stopped: 0.0000765 seconds, Stopping threads took: 0.0000165 seconds
[865.123s][info ][safepoint      ] Application time: 1.5852865 seconds
[865.123s][info ][safepoint      ] Entering safepoint region: ParallelGCFailedAllocation
[865.123s][info ][gc,start       ] GC(127) Pause Young (Allocation Failure)
[865.137s][debug][gc,phases      ] GC(127) Scavenge 13.811ms
[865.137s][debug][gc,ref         ] GC(127) Skipped phase1 of Reference Processing due to unavailable references
[865.137s][debug][gc,ref         ] GC(127) Skipped phase3 of Reference Processing due to unavailable references
[865.137s][debug][gc,phases      ] GC(127) Reference Processing 0.041ms
[865.137s][debug][gc,phases      ] GC(127) Weak Processing 0.218ms
[865.137s][debug][gc,phases      ] GC(127) Scrub String Table 0.600ms
[865.137s][debug][gc,age         ] GC(127) Desired survivor size 91226112 bytes, new threshold 15 (max threshold 15)
[865.137s][info ][gc,heap        ] GC(127) PSYoungGen: 1973872K->50256K(2006528K)
[865.137s][info ][gc,heap        ] GC(127) ParOldGen: 325132K->325400K(403456K)
[865.137s][info ][gc,metaspace   ] GC(127) Metaspace: 75332K->75332K(1118208K)
[865.138s][info ][gc             ] GC(127) Pause Young (Allocation Failure) 2245M->366M(2353M) 14.818ms
[865.138s][info ][gc,cpu         ] GC(127) User=0.06s Sys=0.00s Real=0.02s
[865.138s][info ][safepoint      ] Leaving safepoint region
[865.138s][info ][safepoint      ] Total time for which application threads were stopped: 0.0149674 seconds, Stopping threads took: 0.0000126 seconds
[866.138s][info ][safepoint      ] Application time: 1.0000853 seconds
[866.138s][info ][safepoint      ] Entering safepoint region: Cleanup
[866.138s][info ][safepoint      ] Leaving safepoint region
[866.138s][info ][safepoint      ] Total time for which application threads were stopped: 0.0000710 seconds, Stopping threads took: 0.0000123 seconds
[868.138s][info ][safepoint      ] Application time: 2.0001400 seconds
[868.138s][info ][safepoint      ] Entering safepoint region: Cleanup
[868.138s][info ][safepoint      ] Leaving safepoint region
[868.138s][info ][safepoint      ] Total time for which application threads were stopped: 0.0000718 seconds, Stopping threads took: 0.0000111 seconds
[870.138s][info ][safepoint      ] Application time: 2.0001451 seconds
[870.138s][info ][safepoint      ] Entering safepoint region: Cleanup
[870.138s][info ][safepoint      ] Leaving safepoint region
[870.138s][info ][safepoint      ] Total time for which application threads were stopped: 0.0000777 seconds, Stopping threads took: 0.0000141 seconds
[871.138s][info ][safepoint      ] Application time: 1.0000670 seconds
[871.138s][info ][safepoint      ] Entering safepoint region: Cleanup
[871.138s][info ][safepoint      ] Leaving safepoint region
[871.138s][info ][safepoint      ] Total time for which application threads were stopped: 0.0000725 seconds, Stopping threads took: 0.0000125 seconds
[873.139s][info ][safepoint      ] Application time: 2.0001320 seconds
[873.139s][info ][safepoint      ] Entering safepoint region: Cleanup
[873.139s][info ][safepoint      ] Leaving safepoint region
[873.139s][info ][safepoint      ] Total time for which application threads were stopped: 0.0000827 seconds, Stopping threads took: 0.0000120 seconds
[874.923s][info ][safepoint      ] Application time: 1.7837503 seconds
[874.923s][info ][safepoint      ] Entering safepoint region: ParallelGCFailedAllocation
[874.923s][info ][gc,start       ] GC(128) Pause Young (Allocation Failure)
[874.935s][debug][gc,phases      ] GC(128) Scavenge 12.636ms
[874.935s][debug][gc,ref         ] GC(128) Skipped phase1 of Reference Processing due to unavailable references
[874.935s][debug][gc,ref         ] GC(128) Skipped phase3 of Reference Processing due to unavailable references
[874.935s][debug][gc,phases      ] GC(128) Reference Processing 0.055ms
[874.936s][debug][gc,phases      ] GC(128) Weak Processing 0.186ms
[874.936s][debug][gc,phases      ] GC(128) Scrub String Table 0.563ms
[874.936s][debug][gc,age         ] GC(128) Desired survivor size 92798976 bytes, new threshold 15 (max threshold 15)
[874.936s][info ][gc,heap        ] GC(128) PSYoungGen: 1969232K->51073K(1970176K)
[874.936s][info ][gc,heap        ] GC(128) ParOldGen: 325400K->325444K(403456K)
[874.936s][info ][gc,metaspace   ] GC(128) Metaspace: 75348K->75348K(1118208K)
[874.936s][info ][gc             ] GC(128) Pause Young (Allocation Failure) 2240M->367M(2318M) 13.637ms
[874.936s][info ][gc,cpu         ] GC(128) User=0.05s Sys=0.00s Real=0.01s
[874.936s][info ][safepoint      ] Leaving safepoint region
[874.936s][info ][safepoint      ] Total time for which application threads were stopped: 0.0138638 seconds, Stopping threads took: 0.0000373 seconds
[875.937s][info ][safepoint      ] Application time: 1.0000826 seconds
[875.937s][info ][safepoint      ] Entering safepoint region: Cleanup
[875.937s][info ][safepoint      ] Leaving safepoint region
[875.937s][info ][safepoint      ] Total time for which application threads were stopped: 0.0000721 seconds, Stopping threads took: 0.0000109 seconds
[876.937s][info ][safepoint      ] Application time: 1.0000826 seconds
[876.937s][info ][safepoint      ] Entering safepoint region: Cleanup
[876.937s][info ][safepoint      ] Leaving safepoint region
[876.937s][info ][safepoint      ] Total time for which application threads were stopped: 0.0001297 seconds, Stopping threads took: 0.0000187 seconds
[877.937s][info ][safepoint      ] Application time: 1.0000747 seconds
[877.937s][info ][safepoint      ] Entering safepoint region: Cleanup
[877.937s][info ][safepoint      ] Leaving safepoint region
[877.937s][info ][safepoint      ] Total time for which application threads were stopped: 0.0000657 seconds, Stopping threads took: 0.0000112 seconds
[878.937s][info ][safepoint      ] Application time: 1.0000722 seconds
[878.937s][info ][safepoint      ] Entering safepoint region: Cleanup
[878.937s][info ][safepoint      ] Leaving safepoint region
[878.937s][info ][safepoint      ] Total time for which application threads were stopped: 0.0000777 seconds, Stopping threads took: 0.0000119 seconds
[879.937s][info ][safepoint      ] Application time: 1.0000721 seconds
[879.937s][info ][safepoint      ] Entering safepoint region: Cleanup
[879.937s][info ][safepoint      ] Leaving safepoint region
[879.937s][info ][safepoint      ] Total time for which application threads were stopped: 0.0000710 seconds, Stopping threads took: 0.0000133 seconds
[880.938s][info ][safepoint      ] Application time: 1.0000882 seconds
[880.938s][info ][safepoint      ] Entering safepoint region: Cleanup
[880.938s][info ][safepoint      ] Leaving safepoint region
[880.938s][info ][safepoint      ] Total time for which application threads were stopped: 0.0000928 seconds, Stopping threads took: 0.0000204 seconds
[881.938s][info ][safepoint      ] Application time: 1.0000678 seconds
[881.938s][info ][safepoint      ] Entering safepoint region: Cleanup
[881.938s][info ][safepoint      ] Leaving safepoint region
[881.938s][info ][safepoint      ] Total time for which application threads were stopped: 0.0000840 seconds, Stopping threads took: 0.0000116 seconds
[882.938s][info ][safepoint      ] Application time: 1.0000776 seconds
[882.938s][info ][safepoint      ] Entering safepoint region: Cleanup
[882.938s][info ][safepoint      ] Leaving safepoint region
[882.938s][info ][safepoint      ] Total time for which application threads were stopped: 0.0001485 seconds, Stopping threads took: 0.0000366 seconds
[883.938s][info ][safepoint      ] Application time: 1.0000755 seconds
[883.938s][info ][safepoint      ] Entering safepoint region: Cleanup
[883.938s][info ][safepoint      ] Leaving safepoint region
[883.938s][info ][safepoint      ] Total time for which application threads were stopped: 0.0000978 seconds, Stopping threads took: 0.0000263 seconds
[885.017s][info ][safepoint      ] Application time: 1.0786769 seconds
[885.017s][info ][safepoint      ] Entering safepoint region: ParallelGCFailedAllocation
[885.017s][info ][gc,start       ] GC(129) Pause Young (Allocation Failure)
[885.030s][debug][gc,phases      ] GC(129) Scavenge 12.730ms
[885.030s][debug][gc,ref         ] GC(129) Skipped phase1 of Reference Processing due to unavailable references
[885.030s][debug][gc,ref         ] GC(129) Skipped phase3 of Reference Processing due to unavailable references
[885.030s][debug][gc,phases      ] GC(129) Reference Processing 0.059ms
[885.030s][debug][gc,phases      ] GC(129) Weak Processing 0.158ms
[885.031s][debug][gc,phases      ] GC(129) Scrub String Table 0.481ms
[885.031s][debug][gc,age         ] GC(129) Desired survivor size 93323264 bytes, new threshold 15 (max threshold 15)
[885.031s][info ][gc,heap        ] GC(129) PSYoungGen: 1970049K->50832K(2005504K)
[885.031s][info ][gc,heap        ] GC(129) ParOldGen: 325444K->325520K(403456K)
[885.031s][info ][gc,metaspace   ] GC(129) Metaspace: 75366K->75366K(1118208K)
[885.031s][info ][gc             ] GC(129) Pause Young (Allocation Failure) 2241M->367M(2352M) 13.566ms
[885.031s][info ][gc,cpu         ] GC(129) User=0.05s Sys=0.01s Real=0.01s
[885.031s][info ][safepoint      ] Leaving safepoint region
[885.031s][info ][safepoint      ] Total time for which application threads were stopped: 0.0137370 seconds, Stopping threads took: 0.0000328 seconds
[886.031s][info ][safepoint      ] Application time: 1.0000945 seconds
[886.031s][info ][safepoint      ] Entering safepoint region: Cleanup
[886.031s][info ][safepoint      ] Leaving safepoint region
[886.031s][info ][safepoint      ] Total time for which application threads were stopped: 0.0000747 seconds, Stopping threads took: 0.0000136 seconds
[888.031s][info ][safepoint      ] Application time: 2.0001352 seconds
[888.031s][info ][safepoint      ] Entering safepoint region: Cleanup
[888.031s][info ][safepoint      ] Leaving safepoint region
[888.031s][info ][safepoint      ] Total time for which application threads were stopped: 0.0000862 seconds, Stopping threads took: 0.0000134 seconds
[889.031s][info ][safepoint      ] Application time: 1.0000730 seconds
[889.031s][info ][safepoint      ] Entering safepoint region: Cleanup
[889.031s][info ][safepoint      ] Leaving safepoint region
[889.031s][info ][safepoint      ] Total time for which application threads were stopped: 0.0000765 seconds, Stopping threads took: 0.0000144 seconds
[890.032s][info ][safepoint      ] Application time: 1.0000814 seconds
[890.032s][info ][safepoint      ] Entering safepoint region: Cleanup
[890.032s][info ][safepoint      ] Leaving safepoint region
[890.032s][info ][safepoint      ] Total time for which application threads were stopped: 0.0000818 seconds, Stopping threads took: 0.0000157 seconds
[891.032s][info ][safepoint      ] Application time: 1.0000750 seconds
[891.032s][info ][safepoint      ] Entering safepoint region: Cleanup
[891.032s][info ][safepoint      ] Leaving safepoint region
[891.032s][info ][safepoint      ] Total time for which application threads were stopped: 0.0000805 seconds, Stopping threads took: 0.0000150 seconds
[892.032s][info ][safepoint      ] Application time: 1.0000229 seconds
[892.032s][info ][safepoint      ] Entering safepoint region: Cleanup
[892.032s][info ][safepoint      ] Leaving safepoint region
[892.032s][info ][safepoint      ] Total time for which application threads were stopped: 0.0000698 seconds, Stopping threads took: 0.0000151 seconds
[894.032s][info ][safepoint      ] Application time: 2.0001463 seconds
[894.032s][info ][safepoint      ] Entering safepoint region: Cleanup
[894.032s][info ][safepoint      ] Leaving safepoint region
[894.032s][info ][safepoint      ] Total time for which application threads were stopped: 0.0000776 seconds, Stopping threads took: 0.0000146 seconds
[895.032s][info ][safepoint      ] Application time: 1.0000400 seconds
[895.032s][info ][safepoint      ] Entering safepoint region: Cleanup
[895.032s][info ][safepoint      ] Leaving safepoint region
[895.032s][info ][safepoint      ] Total time for which application threads were stopped: 0.0001011 seconds, Stopping threads took: 0.0000125 seconds
[895.352s][info ][safepoint      ] Application time: 0.3194716 seconds
[895.352s][info ][safepoint      ] Entering safepoint region: ParallelGCFailedAllocation
[895.352s][info ][gc,start       ] GC(130) Pause Young (Allocation Failure)
[895.364s][debug][gc,phases      ] GC(130) Scavenge 11.846ms
[895.364s][debug][gc,ref         ] GC(130) Skipped phase1 of Reference Processing due to unavailable references
[895.364s][debug][gc,ref         ] GC(130) Skipped phase3 of Reference Processing due to unavailable references
[895.364s][debug][gc,phases      ] GC(130) Reference Processing 0.064ms
[895.364s][debug][gc,phases      ] GC(130) Weak Processing 0.160ms
[895.365s][debug][gc,phases      ] GC(130) Scrub String Table 0.487ms
[895.365s][debug][gc,age         ] GC(130) Desired survivor size 93323264 bytes, new threshold 15 (max threshold 15)
[895.365s][info ][gc,heap        ] GC(130) PSYoungGen: 1965712K->50849K(2006016K)
[895.365s][info ][gc,heap        ] GC(130) ParOldGen: 325520K->325696K(403456K)
[895.365s][info ][gc,metaspace   ] GC(130) Metaspace: 75375K->75375K(1118208K)
[895.365s][info ][gc             ] GC(130) Pause Young (Allocation Failure) 2237M->367M(2353M) 12.694ms
[895.365s][info ][gc,cpu         ] GC(130) User=0.04s Sys=0.00s Real=0.01s
[895.365s][info ][safepoint      ] Leaving safepoint region
[895.365s][info ][safepoint      ] Total time for which application threads were stopped: 0.0128741 seconds, Stopping threads took: 0.0000115 seconds
[896.365s][info ][safepoint      ] Application time: 1.0000829 seconds
[896.365s][info ][safepoint      ] Entering safepoint region: Cleanup
[896.365s][info ][safepoint      ] Leaving safepoint region
[896.365s][info ][safepoint      ] Total time for which application threads were stopped: 0.0000937 seconds, Stopping threads took: 0.0000361 seconds
[897.365s][info ][safepoint      ] Application time: 1.0000724 seconds
[897.365s][info ][safepoint      ] Entering safepoint region: Cleanup
[897.365s][info ][safepoint      ] Leaving safepoint region
[897.365s][info ][safepoint      ] Total time for which application threads were stopped: 0.0001194 seconds, Stopping threads took: 0.0000527 seconds
[898.365s][info ][safepoint      ] Application time: 1.0000713 seconds
[898.365s][info ][safepoint      ] Entering safepoint region: Cleanup
[898.366s][info ][safepoint      ] Leaving safepoint region
[898.366s][info ][safepoint      ] Total time for which application threads were stopped: 0.0001041 seconds, Stopping threads took: 0.0000374 seconds
[899.366s][info ][safepoint      ] Application time: 1.0000877 seconds
[899.366s][info ][safepoint      ] Entering safepoint region: Cleanup
[899.366s][info ][safepoint      ] Leaving safepoint region
[899.366s][info ][safepoint      ] Total time for which application threads were stopped: 0.0001139 seconds, Stopping threads took: 0.0000373 seconds
[901.366s][info ][safepoint      ] Application time: 2.0001536 seconds
[901.366s][info ][safepoint      ] Entering safepoint region: Cleanup
[901.366s][info ][safepoint      ] Leaving safepoint region
[901.366s][info ][safepoint      ] Total time for which application threads were stopped: 0.0000974 seconds, Stopping threads took: 0.0000327 seconds
[902.366s][info ][safepoint      ] Application time: 1.0000817 seconds
[902.366s][info ][safepoint      ] Entering safepoint region: Cleanup
[902.366s][info ][safepoint      ] Leaving safepoint region
[902.366s][info ][safepoint      ] Total time for which application threads were stopped: 0.0001233 seconds, Stopping threads took: 0.0000525 seconds
[905.899s][info ][safepoint      ] Application time: 3.5329974 seconds
[905.899s][info ][safepoint      ] Entering safepoint region: ParallelGCFailedAllocation
[905.899s][info ][gc,start       ] GC(131) Pause Young (Allocation Failure)
[905.912s][debug][gc,phases      ] GC(131) Scavenge 12.509ms
[905.912s][debug][gc,ref         ] GC(131) Skipped phase1 of Reference Processing due to unavailable references
[905.912s][debug][gc,ref         ] GC(131) Skipped phase3 of Reference Processing due to unavailable references
[905.912s][debug][gc,phases      ] GC(131) Reference Processing 0.040ms
[905.912s][debug][gc,phases      ] GC(131) Weak Processing 0.160ms
[905.913s][debug][gc,phases      ] GC(131) Scrub String Table 0.443ms
[905.913s][debug][gc,age         ] GC(131) Desired survivor size 92798976 bytes, new threshold 15 (max threshold 15)
[905.913s][info ][gc,heap        ] GC(131) PSYoungGen: 1965729K->50704K(2006528K)
[905.913s][info ][gc,heap        ] GC(131) ParOldGen: 325696K->325808K(403456K)
[905.913s][info ][gc,metaspace   ] GC(131) Metaspace: 75396K->75396K(1118208K)
[905.913s][info ][gc             ] GC(131) Pause Young (Allocation Failure) 2237M->367M(2353M) 13.301ms
[905.913s][info ][gc,cpu         ] GC(131) User=0.05s Sys=0.00s Real=0.01s
[905.913s][info ][safepoint      ] Leaving safepoint region
[905.913s][info ][safepoint      ] Total time for which application threads were stopped: 0.0134717 seconds, Stopping threads took: 0.0000125 seconds
[906.913s][info ][safepoint      ] Application time: 1.0000723 seconds
[906.913s][info ][safepoint      ] Entering safepoint region: Cleanup
[906.913s][info ][safepoint      ] Leaving safepoint region
[906.913s][info ][safepoint      ] Total time for which application threads were stopped: 0.0001007 seconds, Stopping threads took: 0.0000335 seconds
[907.913s][info ][safepoint      ] Application time: 1.0000511 seconds
[907.913s][info ][safepoint      ] Entering safepoint region: Cleanup
[907.913s][info ][safepoint      ] Leaving safepoint region
[907.913s][info ][safepoint      ] Total time for which application threads were stopped: 0.0001004 seconds, Stopping threads took: 0.0000326 seconds
[911.914s][info ][safepoint      ] Application time: 4.0002672 seconds
[911.914s][info ][safepoint      ] Entering safepoint region: Cleanup
[911.914s][info ][safepoint      ] Leaving safepoint region
[911.914s][info ][safepoint      ] Total time for which application threads were stopped: 0.0001142 seconds, Stopping threads took: 0.0000456 seconds
[915.914s][info ][safepoint      ] Application time: 4.0002936 seconds
[915.914s][info ][safepoint      ] Entering safepoint region: Cleanup
[915.914s][info ][safepoint      ] Leaving safepoint region
[915.914s][info ][safepoint      ] Total time for which application threads were stopped: 0.0001067 seconds, Stopping threads took: 0.0000364 seconds
[916.314s][info ][safepoint      ] Application time: 0.3997365 seconds
[916.314s][info ][safepoint      ] Entering safepoint region: ParallelGCFailedAllocation
[916.314s][info ][gc,start       ] GC(132) Pause Young (Allocation Failure)
[916.325s][debug][gc,phases      ] GC(132) Scavenge 10.964ms
[916.325s][debug][gc,ref         ] GC(132) Skipped phase1 of Reference Processing due to unavailable references
[916.325s][debug][gc,ref         ] GC(132) Skipped phase3 of Reference Processing due to unavailable references
[916.325s][debug][gc,phases      ] GC(132) Reference Processing 0.042ms
[916.325s][debug][gc,phases      ] GC(132) Weak Processing 0.171ms
[916.326s][debug][gc,phases      ] GC(132) Scrub String Table 0.451ms
[916.326s][debug][gc,age         ] GC(132) Desired survivor size 92274688 bytes, new threshold 15 (max threshold 15)
[916.326s][info ][gc,heap        ] GC(132) PSYoungGen: 1966096K->50737K(2006016K)
[916.326s][info ][gc,heap        ] GC(132) ParOldGen: 325808K->325840K(403456K)
[916.326s][info ][gc,metaspace   ] GC(132) Metaspace: 75404K->75404K(1118208K)
[916.326s][info ][gc             ] GC(132) Pause Young (Allocation Failure) 2238M->367M(2353M) 11.765ms
[916.326s][info ][gc,cpu         ] GC(132) User=0.05s Sys=0.00s Real=0.01s
[916.326s][info ][safepoint      ] Leaving safepoint region
[916.326s][info ][safepoint      ] Total time for which application threads were stopped: 0.0119148 seconds, Stopping threads took: 0.0000122 seconds
[917.326s][info ][safepoint      ] Application time: 1.0000841 seconds
[917.326s][info ][safepoint      ] Entering safepoint region: Cleanup
[917.326s][info ][safepoint      ] Leaving safepoint region
[917.326s][info ][safepoint      ] Total time for which application threads were stopped: 0.0001331 seconds, Stopping threads took: 0.0000607 seconds
[918.326s][info ][safepoint      ] Application time: 1.0000727 seconds
[918.326s][info ][safepoint      ] Entering safepoint region: Cleanup
[918.326s][info ][safepoint      ] Leaving safepoint region
[918.326s][info ][safepoint      ] Total time for which application threads were stopped: 0.0001363 seconds, Stopping threads took: 0.0000493 seconds
[919.326s][info ][safepoint      ] Application time: 1.0000735 seconds
[919.326s][info ][safepoint      ] Entering safepoint region: Cleanup
[919.326s][info ][safepoint      ] Leaving safepoint region
[919.326s][info ][safepoint      ] Total time for which application threads were stopped: 0.0000659 seconds, Stopping threads took: 0.0000122 seconds
[922.327s][info ][safepoint      ] Application time: 3.0002145 seconds
[922.327s][info ][safepoint      ] Entering safepoint region: Cleanup
[922.327s][info ][safepoint      ] Leaving safepoint region
[922.327s][info ][safepoint      ] Total time for which application threads were stopped: 0.0000721 seconds, Stopping threads took: 0.0000128 seconds
[924.327s][info ][safepoint      ] Application time: 2.0001400 seconds
[924.327s][info ][safepoint      ] Entering safepoint region: Cleanup
[924.327s][info ][safepoint      ] Leaving safepoint region
[924.327s][info ][safepoint      ] Total time for which application threads were stopped: 0.0000819 seconds, Stopping threads took: 0.0000131 seconds
[924.827s][info ][safepoint      ] Application time: 0.4999174 seconds
[924.827s][info ][safepoint      ] Entering safepoint region: ParallelGCFailedAllocation
[924.827s][info ][gc,start       ] GC(133) Pause Young (Allocation Failure)
[924.842s][debug][gc,phases      ] GC(133) Scavenge 14.525ms
[924.842s][debug][gc,ref         ] GC(133) Skipped phase1 of Reference Processing due to unavailable references
[924.842s][debug][gc,ref         ] GC(133) Skipped phase3 of Reference Processing due to unavailable references
[924.842s][debug][gc,phases      ] GC(133) Reference Processing 0.043ms
[924.842s][debug][gc,phases      ] GC(133) Weak Processing 0.164ms
[924.842s][debug][gc,phases      ] GC(133) Scrub String Table 0.479ms
[924.842s][debug][gc,age         ] GC(133) Desired survivor size 91226112 bytes, new threshold 15 (max threshold 15)
[924.842s][info ][gc,heap        ] GC(133) PSYoungGen: 1966129K->50768K(2008064K)
[924.842s][info ][gc,heap        ] GC(133) ParOldGen: 325840K->325888K(403456K)
[924.842s][info ][gc,metaspace   ] GC(133) Metaspace: 75427K->75427K(1118208K)
[924.843s][info ][gc             ] GC(133) Pause Young (Allocation Failure) 2238M->367M(2355M) 15.351ms
[924.843s][info ][gc,cpu         ] GC(133) User=0.06s Sys=0.00s Real=0.02s
[924.843s][info ][safepoint      ] Leaving safepoint region
[924.843s][info ][safepoint      ] Total time for which application threads were stopped: 0.0155030 seconds, Stopping threads took: 0.0000129 seconds
[926.843s][info ][safepoint      ] Application time: 2.0001463 seconds
[926.843s][info ][safepoint      ] Entering safepoint region: Cleanup
[926.843s][info ][safepoint      ] Leaving safepoint region
[926.843s][info ][safepoint      ] Total time for which application threads were stopped: 0.0000716 seconds, Stopping threads took: 0.0000129 seconds
[927.843s][info ][safepoint      ] Application time: 1.0000715 seconds
[927.843s][info ][safepoint      ] Entering safepoint region: Cleanup
[927.843s][info ][safepoint      ] Leaving safepoint region
[927.843s][info ][safepoint      ] Total time for which application threads were stopped: 0.0000827 seconds, Stopping threads took: 0.0000147 seconds
[928.843s][info ][safepoint      ] Application time: 1.0000652 seconds
[928.843s][info ][safepoint      ] Entering safepoint region: Cleanup
[928.843s][info ][safepoint      ] Leaving safepoint region
[928.843s][info ][safepoint      ] Total time for which application threads were stopped: 0.0000640 seconds, Stopping threads took: 0.0000122 seconds
[929.843s][info ][safepoint      ] Application time: 1.0000638 seconds
[929.843s][info ][safepoint      ] Entering safepoint region: Cleanup
[929.843s][info ][safepoint      ] Leaving safepoint region
[929.843s][info ][safepoint      ] Total time for which application threads were stopped: 0.0000738 seconds, Stopping threads took: 0.0000124 seconds
[930.843s][info ][safepoint      ] Application time: 1.0000672 seconds
[930.843s][info ][safepoint      ] Entering safepoint region: Cleanup
[930.844s][info ][safepoint      ] Leaving safepoint region
[930.844s][info ][safepoint      ] Total time for which application threads were stopped: 0.0000687 seconds, Stopping threads took: 0.0000132 seconds
[931.844s][info ][safepoint      ] Application time: 1.0000740 seconds
[931.844s][info ][safepoint      ] Entering safepoint region: Cleanup
[931.844s][info ][safepoint      ] Leaving safepoint region
[931.844s][info ][safepoint      ] Total time for which application threads were stopped: 0.0000714 seconds, Stopping threads took: 0.0000117 seconds
[932.844s][info ][safepoint      ] Application time: 1.0000667 seconds
[932.844s][info ][safepoint      ] Entering safepoint region: Cleanup
[932.844s][info ][safepoint      ] Leaving safepoint region
[932.844s][info ][safepoint      ] Total time for which application threads were stopped: 0.0000759 seconds, Stopping threads took: 0.0000185 seconds
[934.614s][info ][safepoint      ] Application time: 1.7702973 seconds
[934.614s][info ][safepoint      ] Entering safepoint region: ParallelGCFailedAllocation
[934.614s][info ][gc,start       ] GC(134) Pause Young (Allocation Failure)
[934.627s][debug][gc,phases      ] GC(134) Scavenge 12.354ms
[934.627s][debug][gc,ref         ] GC(134) Skipped phase1 of Reference Processing due to unavailable references
[934.627s][debug][gc,ref         ] GC(134) Skipped phase3 of Reference Processing due to unavailable references
[934.627s][debug][gc,phases      ] GC(134) Reference Processing 0.040ms
[934.627s][debug][gc,phases      ] GC(134) Weak Processing 0.189ms
[934.628s][debug][gc,phases      ] GC(134) Scrub String Table 0.507ms
[934.628s][debug][gc,age         ] GC(134) Desired survivor size 90177536 bytes, new threshold 15 (max threshold 15)
[934.628s][info ][gc,heap        ] GC(134) PSYoungGen: 1968720K->51024K(2007040K)
[934.628s][info ][gc,heap        ] GC(134) ParOldGen: 325888K->325944K(403456K)
[934.628s][info ][gc,metaspace   ] GC(134) Metaspace: 75440K->75440K(1118208K)
[934.628s][info ][gc             ] GC(134) Pause Young (Allocation Failure) 2240M->368M(2354M) 13.237ms
[934.628s][info ][gc,cpu         ] GC(134) User=0.05s Sys=0.00s Real=0.01s
[934.628s][info ][safepoint      ] Leaving safepoint region
[934.628s][info ][safepoint      ] Total time for which application threads were stopped: 0.0133983 seconds, Stopping threads took: 0.0000178 seconds
[936.628s][info ][safepoint      ] Application time: 2.0001452 seconds
[936.628s][info ][safepoint      ] Entering safepoint region: Cleanup
[936.628s][info ][safepoint      ] Leaving safepoint region
[936.628s][info ][safepoint      ] Total time for which application threads were stopped: 0.0000760 seconds, Stopping threads took: 0.0000125 seconds
[937.628s][info ][safepoint      ] Application time: 1.0000747 seconds
[937.628s][info ][safepoint      ] Entering safepoint region: Cleanup
[937.628s][info ][safepoint      ] Leaving safepoint region
[937.628s][info ][safepoint      ] Total time for which application threads were stopped: 0.0000808 seconds, Stopping threads took: 0.0000144 seconds
[939.628s][info ][safepoint      ] Application time: 2.0001047 seconds
[939.628s][info ][safepoint      ] Entering safepoint region: Cleanup
[939.628s][info ][safepoint      ] Leaving safepoint region
[939.628s][info ][safepoint      ] Total time for which application threads were stopped: 0.0000701 seconds, Stopping threads took: 0.0000134 seconds
[942.629s][info ][safepoint      ] Application time: 3.0002133 seconds
[942.629s][info ][safepoint      ] Entering safepoint region: Cleanup
[942.629s][info ][safepoint      ] Leaving safepoint region
[942.629s][info ][safepoint      ] Total time for which application threads were stopped: 0.0000680 seconds, Stopping threads took: 0.0000120 seconds
[943.629s][info ][safepoint      ] Application time: 1.0000647 seconds
[943.629s][info ][safepoint      ] Entering safepoint region: Cleanup
[943.629s][info ][safepoint      ] Leaving safepoint region
[943.629s][info ][safepoint      ] Total time for which application threads were stopped: 0.0000962 seconds, Stopping threads took: 0.0000119 seconds
[944.629s][info ][safepoint      ] Application time: 1.0000388 seconds
[944.629s][info ][safepoint      ] Entering safepoint region: Cleanup
[944.629s][info ][safepoint      ] Leaving safepoint region
[944.629s][info ][safepoint      ] Total time for which application threads were stopped: 0.0000649 seconds, Stopping threads took: 0.0000115 seconds
[944.889s][info ][safepoint      ] Application time: 0.2600943 seconds
[944.889s][info ][safepoint      ] Entering safepoint region: ParallelGCFailedAllocation
[944.889s][info ][gc,start       ] GC(135) Pause Young (Allocation Failure)
[944.903s][debug][gc,phases      ] GC(135) Scavenge 13.603ms
[944.903s][debug][gc,ref         ] GC(135) Skipped phase1 of Reference Processing due to unavailable references
[944.903s][debug][gc,ref         ] GC(135) Skipped phase3 of Reference Processing due to unavailable references
[944.903s][debug][gc,phases      ] GC(135) Reference Processing 0.034ms
[944.903s][debug][gc,phases      ] GC(135) Weak Processing 0.169ms
[944.904s][debug][gc,phases      ] GC(135) Scrub String Table 0.469ms
[944.904s][debug][gc,age         ] GC(135) Desired survivor size 85458944 bytes, new threshold 15 (max threshold 15)
[944.904s][info ][gc,heap        ] GC(135) PSYoungGen: 1968976K->40592K(2013696K)
[944.904s][info ][gc,heap        ] GC(135) ParOldGen: 325944K->337447K(403456K)
[944.904s][info ][gc,metaspace   ] GC(135) Metaspace: 75449K->75449K(1118208K)
[944.904s][info ][gc             ] GC(135) Pause Young (Allocation Failure) 2241M->369M(2360M) 14.417ms
[944.904s][info ][gc,cpu         ] GC(135) User=0.05s Sys=0.01s Real=0.01s
[944.904s][info ][safepoint      ] Leaving safepoint region
[944.904s][info ][safepoint      ] Total time for which application threads were stopped: 0.0145975 seconds, Stopping threads took: 0.0000130 seconds
[945.904s][info ][safepoint      ] Application time: 1.0000724 seconds
[945.904s][info ][safepoint      ] Entering safepoint region: Cleanup
[945.904s][info ][safepoint      ] Leaving safepoint region
[945.904s][info ][safepoint      ] Total time for which application threads were stopped: 0.0001258 seconds, Stopping threads took: 0.0000635 seconds
[946.904s][info ][safepoint      ] Application time: 1.0000738 seconds
[946.904s][info ][safepoint      ] Entering safepoint region: Cleanup
[946.904s][info ][safepoint      ] Leaving safepoint region
[946.904s][info ][safepoint      ] Total time for which application threads were stopped: 0.0001216 seconds, Stopping threads took: 0.0000483 seconds
[947.904s][info ][safepoint      ] Application time: 1.0000835 seconds
[947.904s][info ][safepoint      ] Entering safepoint region: Cleanup
[947.904s][info ][safepoint      ] Leaving safepoint region
[947.904s][info ][safepoint      ] Total time for which application threads were stopped: 0.0001174 seconds, Stopping threads took: 0.0000488 seconds
[949.905s][info ][safepoint      ] Application time: 2.0001546 seconds
[949.905s][info ][safepoint      ] Entering safepoint region: Cleanup
[949.905s][info ][safepoint      ] Leaving safepoint region
[949.905s][info ][safepoint      ] Total time for which application threads were stopped: 0.0001082 seconds, Stopping threads took: 0.0000346 seconds
[951.905s][info ][safepoint      ] Application time: 2.0001425 seconds
[951.905s][info ][safepoint      ] Entering safepoint region: Cleanup
[951.905s][info ][safepoint      ] Leaving safepoint region
[951.905s][info ][safepoint      ] Total time for which application threads were stopped: 0.0001316 seconds, Stopping threads took: 0.0000382 seconds
[952.905s][info ][safepoint      ] Application time: 1.0000833 seconds
[952.905s][info ][safepoint      ] Entering safepoint region: Cleanup
[952.905s][info ][safepoint      ] Leaving safepoint region
[952.905s][info ][safepoint      ] Total time for which application threads were stopped: 0.0001403 seconds, Stopping threads took: 0.0000370 seconds
[953.905s][info ][safepoint      ] Application time: 1.0000754 seconds
[953.906s][info ][safepoint      ] Entering safepoint region: Cleanup
[953.906s][info ][safepoint      ] Leaving safepoint region
[953.906s][info ][safepoint      ] Total time for which application threads were stopped: 0.0001003 seconds, Stopping threads took: 0.0000335 seconds
[954.906s][info ][safepoint      ] Application time: 1.0000721 seconds
[954.906s][info ][safepoint      ] Entering safepoint region: Cleanup
[954.906s][info ][safepoint      ] Leaving safepoint region
[954.906s][info ][safepoint      ] Total time for which application threads were stopped: 0.0001065 seconds, Stopping threads took: 0.0000322 seconds
[954.964s][info ][safepoint      ] Application time: 0.0579059 seconds
[954.964s][info ][safepoint      ] Entering safepoint region: ParallelGCFailedAllocation
[954.964s][info ][gc,start       ] GC(136) Pause Young (Allocation Failure)
[954.977s][debug][gc,phases      ] GC(136) Scavenge 12.987ms
[954.977s][debug][gc,ref         ] GC(136) Skipped phase1 of Reference Processing due to unavailable references
[954.977s][debug][gc,ref         ] GC(136) Skipped phase3 of Reference Processing due to unavailable references
[954.977s][debug][gc,phases      ] GC(136) Reference Processing 0.028ms
[954.977s][debug][gc,phases      ] GC(136) Weak Processing 0.175ms
[954.978s][debug][gc,phases      ] GC(136) Scrub String Table 0.490ms
[954.978s][debug][gc,age         ] GC(136) Desired survivor size 84934656 bytes, new threshold 15 (max threshold 15)
[954.978s][info ][gc,heap        ] GC(136) PSYoungGen: 1966224K->20432K(2009088K)
[954.978s][info ][gc,heap        ] GC(136) ParOldGen: 337447K->361012K(403456K)
[954.978s][info ][gc,metaspace   ] GC(136) Metaspace: 75466K->75466K(1118208K)
[954.978s][info ][gc             ] GC(136) Pause Young (Allocation Failure) 2249M->372M(2356M) 13.826ms
[954.978s][info ][gc,cpu         ] GC(136) User=0.05s Sys=0.00s Real=0.02s
[954.978s][info ][safepoint      ] Leaving safepoint region
[954.978s][info ][safepoint      ] Total time for which application threads were stopped: 0.0139782 seconds, Stopping threads took: 0.0000129 seconds
[955.978s][info ][safepoint      ] Application time: 1.0000764 seconds
[955.978s][info ][safepoint      ] Entering safepoint region: Cleanup
[955.978s][info ][safepoint      ] Leaving safepoint region
[955.978s][info ][safepoint      ] Total time for which application threads were stopped: 0.0000740 seconds, Stopping threads took: 0.0000133 seconds
[956.978s][info ][safepoint      ] Application time: 1.0000743 seconds
[956.978s][info ][safepoint      ] Entering safepoint region: Cleanup
[956.978s][info ][safepoint      ] Leaving safepoint region
[956.978s][info ][safepoint      ] Total time for which application threads were stopped: 0.0000745 seconds, Stopping threads took: 0.0000140 seconds
[958.978s][info ][safepoint      ] Application time: 2.0001454 seconds
[958.978s][info ][safepoint      ] Entering safepoint region: Cleanup
[958.978s][info ][safepoint      ] Leaving safepoint region
[958.978s][info ][safepoint      ] Total time for which application threads were stopped: 0.0000706 seconds, Stopping threads took: 0.0000140 seconds
[959.978s][info ][safepoint      ] Application time: 1.0000742 seconds
[959.979s][info ][safepoint      ] Entering safepoint region: Cleanup
[959.979s][info ][safepoint      ] Leaving safepoint region
[959.979s][info ][safepoint      ] Total time for which application threads were stopped: 0.0000915 seconds, Stopping threads took: 0.0000329 seconds
[961.979s][info ][safepoint      ] Application time: 2.0001371 seconds
[961.979s][info ][safepoint      ] Entering safepoint region: Cleanup
[961.979s][info ][safepoint      ] Leaving safepoint region
[961.979s][info ][safepoint      ] Total time for which application threads were stopped: 0.0000679 seconds, Stopping threads took: 0.0000110 seconds
[962.979s][info ][safepoint      ] Application time: 1.0000640 seconds
[962.979s][info ][safepoint      ] Entering safepoint region: Cleanup
[962.979s][info ][safepoint      ] Leaving safepoint region
[962.979s][info ][safepoint      ] Total time for which application threads were stopped: 0.0001067 seconds, Stopping threads took: 0.0000174 seconds
[963.979s][info ][safepoint      ] Application time: 1.0000733 seconds
[963.979s][info ][safepoint      ] Entering safepoint region: Cleanup
[963.979s][info ][safepoint      ] Leaving safepoint region
[963.979s][info ][safepoint      ] Total time for which application threads were stopped: 0.0000656 seconds, Stopping threads took: 0.0000113 seconds
[964.462s][info ][safepoint      ] Application time: 0.4828402 seconds
[964.462s][info ][safepoint      ] Entering safepoint region: ParallelGCFailedAllocation
[964.462s][info ][gc,start       ] GC(137) Pause Young (Allocation Failure)
[964.470s][debug][gc,phases      ] GC(137) Scavenge 7.577ms
[964.470s][debug][gc,ref         ] GC(137) Skipped phase1 of Reference Processing due to unavailable references
[964.470s][debug][gc,ref         ] GC(137) Skipped phase2 of Reference Processing due to unavailable references
[964.470s][debug][gc,ref         ] GC(137) Skipped phase3 of Reference Processing due to unavailable references
[964.470s][debug][gc,phases      ] GC(137) Reference Processing 0.027ms
[964.470s][debug][gc,phases      ] GC(137) Weak Processing 0.127ms
[964.470s][debug][gc,phases      ] GC(137) Scrub String Table 0.430ms
[964.470s][debug][gc,age         ] GC(137) Desired survivor size 83886080 bytes, new threshold 15 (max threshold 15)
[964.470s][info ][gc,heap        ] GC(137) PSYoungGen: 1946064K->21552K(2015232K)
[964.470s][info ][gc,heap        ] GC(137) ParOldGen: 361012K->361084K(403456K)
[964.470s][info ][gc,metaspace   ] GC(137) Metaspace: 75484K->75484K(1118208K)
[964.471s][info ][gc             ] GC(137) Pause Young (Allocation Failure) 2253M->373M(2362M) 8.289ms
[964.471s][info ][gc,cpu         ] GC(137) User=0.03s Sys=0.00s Real=0.01s
[964.471s][info ][safepoint      ] Leaving safepoint region
[964.471s][info ][safepoint      ] Total time for which application threads were stopped: 0.0084308 seconds, Stopping threads took: 0.0000133 seconds
[967.471s][info ][safepoint      ] Application time: 3.0002144 seconds
[967.471s][info ][safepoint      ] Entering safepoint region: Cleanup
[967.471s][info ][safepoint      ] Leaving safepoint region
[967.471s][info ][safepoint      ] Total time for which application threads were stopped: 0.0000962 seconds, Stopping threads took: 0.0000332 seconds
[971.471s][info ][safepoint      ] Application time: 4.0002912 seconds
[971.471s][info ][safepoint      ] Entering safepoint region: Cleanup
[971.471s][info ][safepoint      ] Leaving safepoint region
[971.471s][info ][safepoint      ] Total time for which application threads were stopped: 0.0000988 seconds, Stopping threads took: 0.0000385 seconds
[973.854s][info ][safepoint      ] Application time: 2.3827304 seconds
[973.854s][info ][safepoint      ] Entering safepoint region: ParallelGCFailedAllocation
[973.854s][info ][gc,start       ] GC(138) Pause Young (Allocation Failure)
[973.863s][debug][gc,phases      ] GC(138) Scavenge 8.581ms
[973.863s][debug][gc,ref         ] GC(138) Skipped phase1 of Reference Processing due to unavailable references
[973.863s][debug][gc,ref         ] GC(138) Skipped phase3 of Reference Processing due to unavailable references
[973.863s][debug][gc,phases      ] GC(138) Reference Processing 0.028ms
[973.863s][debug][gc,phases      ] GC(138) Weak Processing 0.137ms
[973.863s][debug][gc,phases      ] GC(138) Scrub String Table 0.437ms
[973.863s][debug][gc,age         ] GC(138) Desired survivor size 82837504 bytes, new threshold 15 (max threshold 15)
[973.864s][info ][gc,heap        ] GC(138) PSYoungGen: 1953840K->18080K(2014208K)
[973.864s][info ][gc,heap        ] GC(138) ParOldGen: 361084K->365029K(403456K)
[973.864s][info ][gc,metaspace   ] GC(138) Metaspace: 75492K->75492K(1118208K)
[973.864s][info ][gc             ] GC(138) Pause Young (Allocation Failure) 2260M->374M(2361M) 9.314ms
[973.864s][info ][gc,cpu         ] GC(138) User=0.03s Sys=0.00s Real=0.01s
[973.864s][info ][safepoint      ] Leaving safepoint region
[973.864s][info ][safepoint      ] Total time for which application threads were stopped: 0.0094863 seconds, Stopping threads took: 0.0000133 seconds
[976.864s][info ][safepoint      ] Application time: 3.0001887 seconds
[976.864s][info ][safepoint      ] Entering safepoint region: Cleanup
[976.864s][info ][safepoint      ] Leaving safepoint region
[976.864s][info ][safepoint      ] Total time for which application threads were stopped: 0.0000884 seconds, Stopping threads took: 0.0000343 seconds
[977.864s][info ][safepoint      ] Application time: 1.0000749 seconds
[977.864s][info ][safepoint      ] Entering safepoint region: Cleanup
[977.864s][info ][safepoint      ] Leaving safepoint region
[977.864s][info ][safepoint      ] Total time for which application threads were stopped: 0.0000900 seconds, Stopping threads took: 0.0000317 seconds
[978.137s][info ][safepoint      ] Application time: 0.2726491 seconds
[978.137s][info ][safepoint      ] Entering safepoint region: RevokeBias
[978.137s][info ][safepoint      ] Leaving safepoint region
[978.137s][info ][safepoint      ] Total time for which application threads were stopped: 0.0000856 seconds, Stopping threads took: 0.0000268 seconds
[978.180s][info ][safepoint      ] Application time: 0.0435047 seconds
[978.180s][info ][safepoint      ] Entering safepoint region: BulkRevokeBias
[978.181s][info ][safepoint      ] Leaving safepoint region
[978.181s][info ][safepoint      ] Total time for which application threads were stopped: 0.0001676 seconds, Stopping threads took: 0.0000132 seconds
[980.181s][info ][safepoint      ] Application time: 2.0001457 seconds
[980.181s][info ][safepoint      ] Entering safepoint region: Cleanup
[980.181s][info ][safepoint      ] Leaving safepoint region
[980.181s][info ][safepoint      ] Total time for which application threads were stopped: 0.0000935 seconds, Stopping threads took: 0.0000136 seconds
[981.181s][info ][safepoint      ] Application time: 1.0000700 seconds
[981.181s][info ][safepoint      ] Entering safepoint region: Cleanup
[981.181s][info ][safepoint      ] Leaving safepoint region
[981.181s][info ][safepoint      ] Total time for which application threads were stopped: 0.0000947 seconds, Stopping threads took: 0.0000189 seconds
[983.020s][info ][safepoint      ] Application time: 1.8387898 seconds
[983.020s][info ][safepoint      ] Entering safepoint region: ParallelGCFailedAllocation
[983.020s][info ][gc,start       ] GC(139) Pause Young (Allocation Failure)
[983.027s][debug][gc,phases      ] GC(139) Scavenge 7.013ms
[983.027s][debug][gc,ref         ] GC(139) Skipped phase1 of Reference Processing due to unavailable references
[983.027s][debug][gc,ref         ] GC(139) Skipped phase3 of Reference Processing due to unavailable references
[983.027s][debug][gc,phases      ] GC(139) Reference Processing 0.026ms
[983.027s][debug][gc,phases      ] GC(139) Weak Processing 0.135ms
[983.028s][debug][gc,phases      ] GC(139) Scrub String Table 0.454ms
[983.028s][debug][gc,age         ] GC(139) Desired survivor size 81788928 bytes, new threshold 15 (max threshold 15)
[983.028s][info ][gc,heap        ] GC(139) PSYoungGen: 1950368K->16992K(2017280K)
[983.028s][info ][gc,heap        ] GC(139) ParOldGen: 365029K->366269K(403456K)
[983.028s][info ][gc,metaspace   ] GC(139) Metaspace: 75495K->75495K(1118208K)
[983.028s][info ][gc             ] GC(139) Pause Young (Allocation Failure) 2261M->374M(2364M) 7.759ms
[983.028s][info ][gc,cpu         ] GC(139) User=0.03s Sys=0.00s Real=0.00s
[983.028s][info ][safepoint      ] Leaving safepoint region
[983.028s][info ][safepoint      ] Total time for which application threads were stopped: 0.0079238 seconds, Stopping threads took: 0.0000146 seconds
[984.028s][info ][safepoint      ] Application time: 1.0000756 seconds
[984.028s][info ][safepoint      ] Entering safepoint region: Cleanup
[984.028s][info ][safepoint      ] Leaving safepoint region
[984.028s][info ][safepoint      ] Total time for which application threads were stopped: 0.0000730 seconds, Stopping threads took: 0.0000129 seconds
[988.028s][info ][safepoint      ] Application time: 4.0002682 seconds
[988.028s][info ][safepoint      ] Entering safepoint region: Cleanup
[988.028s][info ][safepoint      ] Leaving safepoint region
[988.028s][info ][safepoint      ] Total time for which application threads were stopped: 0.0000947 seconds, Stopping threads took: 0.0000126 seconds
[989.029s][info ][safepoint      ] Application time: 1.0000723 seconds
[989.029s][info ][safepoint      ] Entering safepoint region: Cleanup
[989.029s][info ][safepoint      ] Leaving safepoint region
[989.029s][info ][safepoint      ] Total time for which application threads were stopped: 0.0000690 seconds, Stopping threads took: 0.0000122 seconds
[990.029s][info ][safepoint      ] Application time: 1.0000736 seconds
[990.029s][info ][safepoint      ] Entering safepoint region: Cleanup
[990.029s][info ][safepoint      ] Leaving safepoint region
[990.029s][info ][safepoint      ] Total time for which application threads were stopped: 0.0001272 seconds, Stopping threads took: 0.0000677 seconds
[991.029s][info ][safepoint      ] Application time: 1.0000754 seconds
[991.029s][info ][safepoint      ] Entering safepoint region: Cleanup
[991.029s][info ][safepoint      ] Leaving safepoint region
[991.029s][info ][safepoint      ] Total time for which application threads were stopped: 0.0001244 seconds, Stopping threads took: 0.0000346 seconds
[991.998s][info ][safepoint      ] Application time: 0.9692348 seconds
[991.998s][info ][safepoint      ] Entering safepoint region: ParallelGCFailedAllocation
[991.999s][info ][gc,start       ] GC(140) Pause Young (Allocation Failure)
[992.006s][debug][gc,phases      ] GC(140) Scavenge 7.646ms
[992.006s][debug][gc,ref         ] GC(140) Skipped phase1 of Reference Processing due to unavailable references
[992.006s][debug][gc,ref         ] GC(140) Skipped phase3 of Reference Processing due to unavailable references
[992.006s][debug][gc,phases      ] GC(140) Reference Processing 0.027ms
[992.006s][debug][gc,phases      ] GC(140) Weak Processing 0.155ms
[992.007s][debug][gc,phases      ] GC(140) Scrub String Table 0.440ms
[992.007s][debug][gc,age         ] GC(140) Desired survivor size 79167488 bytes, new threshold 15 (max threshold 15)
[992.007s][info ][gc,heap        ] GC(140) PSYoungGen: 1953376K->20720K(2016256K)
[992.007s][info ][gc,heap        ] GC(140) ParOldGen: 366269K->366497K(403456K)
[992.007s][info ][gc,metaspace   ] GC(140) Metaspace: 75504K->75504K(1118208K)
[992.007s][info ][gc             ] GC(140) Pause Young (Allocation Failure) 2265M->378M(2363M) 8.398ms
[992.007s][info ][gc,cpu         ] GC(140) User=0.03s Sys=0.00s Real=0.00s
[992.007s][info ][safepoint      ] Leaving safepoint region
[992.007s][info ][safepoint      ] Total time for which application threads were stopped: 0.0085658 seconds, Stopping threads took: 0.0000299 seconds
[994.007s][info ][safepoint      ] Application time: 2.0001659 seconds
[994.007s][info ][safepoint      ] Entering safepoint region: Cleanup
[994.007s][info ][safepoint      ] Leaving safepoint region
[994.007s][info ][safepoint      ] Total time for which application threads were stopped: 0.0001048 seconds, Stopping threads took: 0.0000329 seconds
[995.007s][info ][safepoint      ] Application time: 1.0000833 seconds
[995.007s][info ][safepoint      ] Entering safepoint region: Cleanup
[995.008s][info ][safepoint      ] Leaving safepoint region
[995.008s][info ][safepoint      ] Total time for which application threads were stopped: 0.0001949 seconds, Stopping threads took: 0.0000429 seconds
[997.008s][info ][safepoint      ] Application time: 2.0001530 seconds
[997.008s][info ][safepoint      ] Entering safepoint region: Cleanup
[997.008s][info ][safepoint      ] Leaving safepoint region
[997.008s][info ][safepoint      ] Total time for which application threads were stopped: 0.0000992 seconds, Stopping threads took: 0.0000372 seconds
[998.008s][info ][safepoint      ] Application time: 1.0000835 seconds
[998.008s][info ][safepoint      ] Entering safepoint region: Cleanup
[998.008s][info ][safepoint      ] Leaving safepoint region
[998.008s][info ][safepoint      ] Total time for which application threads were stopped: 0.0001025 seconds, Stopping threads took: 0.0000419 seconds
[1000.008s][info ][safepoint      ] Application time: 2.0001562 seconds
[1000.008s][info ][safepoint      ] Entering safepoint region: Cleanup
[1000.008s][info ][safepoint      ] Leaving safepoint region
[1000.008s][info ][safepoint      ] Total time for which application threads were stopped: 0.0000967 seconds, Stopping threads took: 0.0000360 seconds
[1001.357s][info ][safepoint      ] Application time: 1.3486281 seconds
[1001.357s][info ][safepoint      ] Entering safepoint region: ParallelGCFailedAllocation
[1001.357s][info ][gc,start       ] GC(141) Pause Young (Allocation Failure)
[1001.366s][debug][gc,phases      ] GC(141) Scavenge 8.401ms
[1001.366s][debug][gc,ref         ] GC(141) Skipped phase1 of Reference Processing due to unavailable references
[1001.366s][debug][gc,ref         ] GC(141) Skipped phase3 of Reference Processing due to unavailable references
[1001.366s][debug][gc,phases      ] GC(141) Reference Processing 0.029ms
[1001.366s][debug][gc,phases      ] GC(141) Weak Processing 0.136ms
[1001.366s][debug][gc,phases      ] GC(141) Scrub String Table 0.458ms
[1001.366s][debug][gc,age         ] GC(141) Desired survivor size 77070336 bytes, new threshold 15 (max threshold 15)
[1001.366s][info ][gc,heap        ] GC(141) PSYoungGen: 1957104K->19488K(2021888K)
[1001.366s][info ][gc,heap        ] GC(141) ParOldGen: 366497K->369330K(403456K)
[1001.366s][info ][gc,metaspace   ] GC(141) Metaspace: 75540K->75540K(1118208K)
[1001.366s][info ][gc             ] GC(141) Pause Young (Allocation Failure) 2269M->379M(2368M) 9.164ms
[1001.366s][info ][gc,cpu         ] GC(141) User=0.03s Sys=0.00s Real=0.00s
[1001.366s][info ][safepoint      ] Leaving safepoint region
[1001.366s][info ][safepoint      ] Total time for which application threads were stopped: 0.0093161 seconds, Stopping threads took: 0.0000127 seconds
[1002.367s][info ][safepoint      ] Application time: 1.0000844 seconds
[1002.367s][info ][safepoint      ] Entering safepoint region: Cleanup
[1002.367s][info ][safepoint      ] Leaving safepoint region
[1002.367s][info ][safepoint      ] Total time for which application threads were stopped: 0.0001253 seconds, Stopping threads took: 0.0000341 seconds
[1010.648s][info ][safepoint      ] Application time: 8.2809199 seconds
[1010.648s][info ][safepoint      ] Entering safepoint region: ParallelGCFailedAllocation
[1010.648s][info ][gc,start       ] GC(142) Pause Young (Allocation Failure)
[1010.656s][debug][gc,phases      ] GC(142) Scavenge 8.367ms
[1010.656s][debug][gc,ref         ] GC(142) Skipped phase1 of Reference Processing due to unavailable references
[1010.656s][debug][gc,ref         ] GC(142) Skipped phase3 of Reference Processing due to unavailable references
[1010.656s][debug][gc,phases      ] GC(142) Reference Processing 0.034ms
[1010.656s][debug][gc,phases      ] GC(142) Weak Processing 0.165ms
[1010.657s][debug][gc,phases      ] GC(142) Scrub String Table 0.515ms
[1010.657s][debug][gc,age         ] GC(142) Desired survivor size 74973184 bytes, new threshold 15 (max threshold 15)
[1010.657s][info ][gc,heap        ] GC(142) PSYoungGen: 1964064K->17648K(2019840K)
[1010.657s][info ][gc,heap        ] GC(142) ParOldGen: 369330K->372694K(403456K)
[1010.657s][info ][gc,metaspace   ] GC(142) Metaspace: 75541K->75541K(1118208K)
[1010.657s][info ][gc             ] GC(142) Pause Young (Allocation Failure) 2278M->381M(2366M) 9.227ms
[1010.657s][info ][gc,cpu         ] GC(142) User=0.04s Sys=0.00s Real=0.02s
[1010.657s][info ][safepoint      ] Leaving safepoint region
[1010.657s][info ][safepoint      ] Total time for which application threads were stopped: 0.0093881 seconds, Stopping threads took: 0.0000252 seconds
[1012.657s][info ][safepoint      ] Application time: 2.0000578 seconds
[1012.657s][info ][safepoint      ] Entering safepoint region: Cleanup
[1012.657s][info ][safepoint      ] Leaving safepoint region
[1012.657s][info ][safepoint      ] Total time for which application threads were stopped: 0.0001133 seconds, Stopping threads took: 0.0000346 seconds
[1014.657s][info ][safepoint      ] Application time: 2.0001453 seconds
[1014.657s][info ][safepoint      ] Entering safepoint region: Cleanup
[1014.658s][info ][safepoint      ] Leaving safepoint region
[1014.658s][info ][safepoint      ] Total time for which application threads were stopped: 0.0001324 seconds, Stopping threads took: 0.0000455 seconds
[1020.002s][info ][safepoint      ] Application time: 5.3444228 seconds
[1020.002s][info ][safepoint      ] Entering safepoint region: ParallelGCFailedAllocation
[1020.002s][info ][gc,start       ] GC(143) Pause Young (Allocation Failure)
[1020.010s][debug][gc,phases      ] GC(143) Scavenge 8.109ms
[1020.010s][debug][gc,ref         ] GC(143) Skipped phase1 of Reference Processing due to unavailable references
[1020.010s][debug][gc,ref         ] GC(143) Skipped phase3 of Reference Processing due to unavailable references
[1020.010s][debug][gc,phases      ] GC(143) Reference Processing 0.035ms
[1020.010s][debug][gc,phases      ] GC(143) Weak Processing 0.138ms
[1020.011s][debug][gc,phases      ] GC(143) Scrub String Table 0.443ms
[1020.011s][debug][gc,age         ] GC(143) Desired survivor size 72876032 bytes, new threshold 15 (max threshold 15)
[1020.011s][info ][gc,heap        ] GC(143) PSYoungGen: 1962224K->17632K(2025984K)
[1020.011s][info ][gc,heap        ] GC(143) ParOldGen: 372694K->373070K(403456K)
[1020.011s][info ][gc,metaspace   ] GC(143) Metaspace: 75544K->75544K(1118208K)
[1020.011s][info ][gc             ] GC(143) Pause Young (Allocation Failure) 2280M->381M(2372M) 8.857ms
[1020.011s][info ][gc,cpu         ] GC(143) User=0.03s Sys=0.00s Real=0.01s
[1020.011s][info ][safepoint      ] Leaving safepoint region
[1020.011s][info ][safepoint      ] Total time for which application threads were stopped: 0.0090097 seconds, Stopping threads took: 0.0000114 seconds
[1021.011s][info ][safepoint      ] Application time: 1.0000830 seconds
[1021.011s][info ][safepoint      ] Entering safepoint region: Cleanup
[1021.011s][info ][safepoint      ] Leaving safepoint region
[1021.011s][info ][safepoint      ] Total time for which application threads were stopped: 0.0001292 seconds, Stopping threads took: 0.0000583 seconds
[1023.011s][info ][safepoint      ] Application time: 2.0001507 seconds
[1023.012s][info ][safepoint      ] Entering safepoint region: Cleanup
[1023.012s][info ][safepoint      ] Leaving safepoint region
[1023.012s][info ][safepoint      ] Total time for which application threads were stopped: 0.0001096 seconds, Stopping threads took: 0.0000448 seconds
[1024.012s][info ][safepoint      ] Application time: 1.0000829 seconds
[1024.012s][info ][safepoint      ] Entering safepoint region: Cleanup
[1024.012s][info ][safepoint      ] Leaving safepoint region
[1024.012s][info ][safepoint      ] Total time for which application threads were stopped: 0.0001014 seconds, Stopping threads took: 0.0000320 seconds
[1026.012s][info ][safepoint      ] Application time: 2.0001498 seconds
[1026.012s][info ][safepoint      ] Entering safepoint region: Cleanup
[1026.012s][info ][safepoint      ] Leaving safepoint region
[1026.012s][info ][safepoint      ] Total time for which application threads were stopped: 0.0001014 seconds, Stopping threads took: 0.0000332 seconds
[1027.012s][info ][safepoint      ] Application time: 1.0000829 seconds
[1027.012s][info ][safepoint      ] Entering safepoint region: Cleanup
[1027.012s][info ][safepoint      ] Leaving safepoint region
[1027.012s][info ][safepoint      ] Total time for which application threads were stopped: 0.0001030 seconds, Stopping threads took: 0.0000362 seconds
[1028.012s][info ][safepoint      ] Application time: 1.0000713 seconds
[1028.012s][info ][safepoint      ] Entering safepoint region: Cleanup
[1028.013s][info ][safepoint      ] Leaving safepoint region
[1028.013s][info ][safepoint      ] Total time for which application threads were stopped: 0.0001054 seconds, Stopping threads took: 0.0000345 seconds
[1029.013s][info ][safepoint      ] Application time: 1.0000716 seconds
[1029.013s][info ][safepoint      ] Entering safepoint region: Cleanup
[1029.013s][info ][safepoint      ] Leaving safepoint region
[1029.013s][info ][safepoint      ] Total time for which application threads were stopped: 0.0001244 seconds, Stopping threads took: 0.0000429 seconds
[1029.299s][info ][safepoint      ] Application time: 0.2866557 seconds
[1029.300s][info ][safepoint      ] Entering safepoint region: ParallelGCFailedAllocation
[1029.300s][info ][gc,start       ] GC(144) Pause Young (Allocation Failure)
[1029.307s][debug][gc,phases      ] GC(144) Scavenge 7.576ms
[1029.307s][debug][gc,ref         ] GC(144) Skipped phase1 of Reference Processing due to unavailable references
[1029.307s][debug][gc,ref         ] GC(144) Skipped phase3 of Reference Processing due to unavailable references
[1029.307s][debug][gc,phases      ] GC(144) Reference Processing 0.028ms
[1029.307s][debug][gc,phases      ] GC(144) Weak Processing 0.125ms
[1029.308s][debug][gc,phases      ] GC(144) Scrub String Table 0.438ms
[1029.308s][debug][gc,age         ] GC(144) Desired survivor size 70254592 bytes, new threshold 15 (max threshold 15)
[1029.308s][info ][gc,heap        ] GC(144) PSYoungGen: 1970400K->17712K(2023936K)
[1029.308s][info ][gc,heap        ] GC(144) ParOldGen: 373070K->373126K(403456K)
[1029.308s][info ][gc,metaspace   ] GC(144) Metaspace: 75549K->75549K(1118208K)
[1029.308s][info ][gc             ] GC(144) Pause Young (Allocation Failure) 2288M->381M(2370M) 8.292ms
[1029.308s][info ][gc,cpu         ] GC(144) User=0.03s Sys=0.00s Real=0.00s
[1029.308s][info ][safepoint      ] Leaving safepoint region
[1029.308s][info ][safepoint      ] Total time for which application threads were stopped: 0.0084669 seconds, Stopping threads took: 0.0000368 seconds
[1030.308s][info ][safepoint      ] Application time: 1.0000826 seconds
[1030.308s][info ][safepoint      ] Entering safepoint region: Cleanup
[1030.308s][info ][safepoint      ] Leaving safepoint region
[1030.308s][info ][safepoint      ] Total time for which application threads were stopped: 0.0001249 seconds, Stopping threads took: 0.0000581 seconds
[1032.308s][info ][safepoint      ] Application time: 2.0001550 seconds
[1032.308s][info ][safepoint      ] Entering safepoint region: Cleanup
[1032.309s][info ][safepoint      ] Leaving safepoint region
[1032.309s][info ][safepoint      ] Total time for which application threads were stopped: 0.0001039 seconds, Stopping threads took: 0.0000385 seconds
[1033.309s][info ][safepoint      ] Application time: 1.0000743 seconds
[1033.309s][info ][safepoint      ] Entering safepoint region: Cleanup
[1033.309s][info ][safepoint      ] Leaving safepoint region
[1033.309s][info ][safepoint      ] Total time for which application threads were stopped: 0.0001153 seconds, Stopping threads took: 0.0000474 seconds
[1034.309s][info ][safepoint      ] Application time: 1.0000558 seconds
[1034.309s][info ][safepoint      ] Entering safepoint region: Cleanup
[1034.309s][info ][safepoint      ] Leaving safepoint region
[1034.309s][info ][safepoint      ] Total time for which application threads were stopped: 0.0001126 seconds, Stopping threads took: 0.0000482 seconds
[1035.309s][info ][safepoint      ] Application time: 1.0000812 seconds
[1035.309s][info ][safepoint      ] Entering safepoint region: Cleanup
[1035.309s][info ][safepoint      ] Leaving safepoint region
[1035.309s][info ][safepoint      ] Total time for which application threads were stopped: 0.0001307 seconds, Stopping threads took: 0.0000507 seconds
[1036.309s][info ][safepoint      ] Application time: 1.0000786 seconds
[1036.309s][info ][safepoint      ] Entering safepoint region: Cleanup
[1036.309s][info ][safepoint      ] Leaving safepoint region
[1036.309s][info ][safepoint      ] Total time for which application threads were stopped: 0.0000963 seconds, Stopping threads took: 0.0000357 seconds
[1037.310s][info ][safepoint      ] Application time: 1.0000708 seconds
[1037.310s][info ][safepoint      ] Entering safepoint region: Cleanup
[1037.310s][info ][safepoint      ] Leaving safepoint region
[1037.310s][info ][safepoint      ] Total time for which application threads were stopped: 0.0001119 seconds, Stopping threads took: 0.0000457 seconds
[1038.310s][info ][safepoint      ] Application time: 1.0000695 seconds
[1038.310s][info ][safepoint      ] Entering safepoint region: Cleanup
[1038.310s][info ][safepoint      ] Leaving safepoint region
[1038.310s][info ][safepoint      ] Total time for which application threads were stopped: 0.0001028 seconds, Stopping threads took: 0.0000370 seconds
[1038.574s][info ][safepoint      ] Application time: 0.2641352 seconds
[1038.574s][info ][safepoint      ] Entering safepoint region: ParallelGCFailedAllocation
[1038.574s][info ][safepoint      ] Leaving safepoint region
[1038.574s][info ][safepoint      ] Total time for which application threads were stopped: 0.0000797 seconds, Stopping threads took: 0.0000101 seconds
[1038.574s][info ][safepoint      ] Application time: 0.0000481 seconds
[1038.574s][info ][safepoint      ] Entering safepoint region: ParallelGCSystemGC
[1038.574s][info ][gc,start       ] GC(145) Pause Young (GCLocker Initiated GC)
[1038.582s][debug][gc,phases      ] GC(145) Scavenge 7.598ms
[1038.582s][debug][gc,ref         ] GC(145) Skipped phase1 of Reference Processing due to unavailable references
[1038.582s][debug][gc,ref         ] GC(145) Skipped phase3 of Reference Processing due to unavailable references
[1038.582s][debug][gc,phases      ] GC(145) Reference Processing 0.028ms
[1038.582s][debug][gc,phases      ] GC(145) Weak Processing 0.143ms
[1038.583s][debug][gc,phases      ] GC(145) Scrub String Table 0.456ms
[1038.583s][debug][gc,age         ] GC(145) Desired survivor size 67633152 bytes, new threshold 15 (max threshold 15)
[1038.583s][info ][gc,heap        ] GC(145) PSYoungGen: 1970480K->18048K(2031104K)
[1038.583s][info ][gc,heap        ] GC(145) ParOldGen: 373127K->373639K(403456K)
[1038.583s][info ][gc,metaspace   ] GC(145) Metaspace: 75568K->75568K(1118208K)
[1038.583s][info ][gc             ] GC(145) Pause Young (GCLocker Initiated GC) 2288M->382M(2377M) 8.343ms
[1038.583s][info ][gc,cpu         ] GC(145) User=0.03s Sys=0.00s Real=0.01s
[1038.583s][info ][safepoint      ] Leaving safepoint region
[1038.583s][info ][safepoint      ] Total time for which application threads were stopped: 0.0084605 seconds, Stopping threads took: 0.0000143 seconds
[1039.583s][info ][safepoint      ] Application time: 1.0000882 seconds
[1039.583s][info ][safepoint      ] Entering safepoint region: Cleanup
[1039.583s][info ][safepoint      ] Leaving safepoint region
[1039.583s][info ][safepoint      ] Total time for which application threads were stopped: 0.0000717 seconds, Stopping threads took: 0.0000151 seconds
[1042.583s][info ][safepoint      ] Application time: 3.0002133 seconds
[1042.583s][info ][safepoint      ] Entering safepoint region: Cleanup
[1042.583s][info ][safepoint      ] Leaving safepoint region
[1042.583s][info ][safepoint      ] Total time for which application threads were stopped: 0.0000725 seconds, Stopping threads took: 0.0000123 seconds
[1043.583s][info ][safepoint      ] Application time: 1.0000803 seconds
[1043.583s][info ][safepoint      ] Entering safepoint region: Cleanup
[1043.583s][info ][safepoint      ] Leaving safepoint region
[1043.584s][info ][safepoint      ] Total time for which application threads were stopped: 0.0001250 seconds, Stopping threads took: 0.0000138 seconds
[1044.584s][info ][safepoint      ] Application time: 1.0000872 seconds
[1044.584s][info ][safepoint      ] Entering safepoint region: Cleanup
[1044.584s][info ][safepoint      ] Leaving safepoint region
[1044.584s][info ][safepoint      ] Total time for which application threads were stopped: 0.0001256 seconds, Stopping threads took: 0.0000383 seconds
[1046.584s][info ][safepoint      ] Application time: 2.0001669 seconds
[1046.584s][info ][safepoint      ] Entering safepoint region: Cleanup
[1046.584s][info ][safepoint      ] Leaving safepoint region
[1046.584s][info ][safepoint      ] Total time for which application threads were stopped: 0.0001152 seconds, Stopping threads took: 0.0000173 seconds
[1047.584s][info ][safepoint      ] Application time: 1.0000860 seconds
[1047.584s][info ][safepoint      ] Entering safepoint region: Cleanup
[1047.584s][info ][safepoint      ] Leaving safepoint region
[1047.584s][info ][safepoint      ] Total time for which application threads were stopped: 0.0000727 seconds, Stopping threads took: 0.0000112 seconds
[1047.999s][info ][safepoint      ] Application time: 0.4147628 seconds
[1047.999s][info ][safepoint      ] Entering safepoint region: ParallelGCFailedAllocation
[1047.999s][info ][gc,start       ] GC(146) Pause Young (Allocation Failure)
[1048.007s][debug][gc,phases      ] GC(146) Scavenge 7.774ms
[1048.007s][debug][gc,ref         ] GC(146) Skipped phase1 of Reference Processing due to unavailable references
[1048.007s][debug][gc,ref         ] GC(146) Skipped phase3 of Reference Processing due to unavailable references
[1048.007s][debug][gc,phases      ] GC(146) Reference Processing 0.029ms
[1048.007s][debug][gc,phases      ] GC(146) Weak Processing 0.141ms
[1048.008s][debug][gc,phases      ] GC(146) Scrub String Table 0.495ms
[1048.008s][debug][gc,age         ] GC(146) Desired survivor size 65536000 bytes, new threshold 15 (max threshold 15)
[1048.008s][info ][gc,heap        ] GC(146) PSYoungGen: 1980544K->17552K(2028544K)
[1048.008s][info ][gc,heap        ] GC(146) ParOldGen: 373641K->373681K(403456K)
[1048.008s][info ][gc,metaspace   ] GC(146) Metaspace: 75578K->75578K(1118208K)
[1048.008s][info ][gc             ] GC(146) Pause Young (Allocation Failure) 2299M->382M(2375M) 8.556ms
[1048.008s][info ][gc,cpu         ] GC(146) User=0.03s Sys=0.00s Real=0.00s
[1048.008s][info ][safepoint      ] Leaving safepoint region
[1048.008s][info ][safepoint      ] Total time for which application threads were stopped: 0.0087216 seconds, Stopping threads took: 0.0000303 seconds
[1050.008s][info ][safepoint      ] Application time: 2.0001641 seconds
[1050.008s][info ][safepoint      ] Entering safepoint region: Cleanup
[1050.008s][info ][safepoint      ] Leaving safepoint region
[1050.008s][info ][safepoint      ] Total time for which application threads were stopped: 0.0000983 seconds, Stopping threads took: 0.0000327 seconds
[1052.008s][info ][safepoint      ] Application time: 2.0002354 seconds
[1052.008s][info ][safepoint      ] Entering safepoint region: Cleanup
[1052.008s][info ][safepoint      ] Leaving safepoint region
[1052.008s][info ][safepoint      ] Total time for which application threads were stopped: 0.0001017 seconds, Stopping threads took: 0.0000421 seconds
[1053.009s][info ][safepoint      ] Application time: 1.0000779 seconds
[1053.009s][info ][safepoint      ] Entering safepoint region: Cleanup
[1053.009s][info ][safepoint      ] Leaving safepoint region
[1053.009s][info ][safepoint      ] Total time for which application threads were stopped: 0.0001093 seconds, Stopping threads took: 0.0000403 seconds
[1054.009s][info ][safepoint      ] Application time: 1.0000821 seconds
[1054.009s][info ][safepoint      ] Entering safepoint region: Cleanup
[1054.009s][info ][safepoint      ] Leaving safepoint region
[1054.009s][info ][safepoint      ] Total time for which application threads were stopped: 0.0001145 seconds, Stopping threads took: 0.0000335 seconds
[1056.009s][info ][safepoint      ] Application time: 2.0001453 seconds
[1056.009s][info ][safepoint      ] Entering safepoint region: Cleanup
[1056.009s][info ][safepoint      ] Leaving safepoint region
[1056.009s][info ][safepoint      ] Total time for which application threads were stopped: 0.0001079 seconds, Stopping threads took: 0.0000359 seconds
[1057.009s][info ][safepoint      ] Application time: 1.0000805 seconds
[1057.009s][info ][safepoint      ] Entering safepoint region: Cleanup
[1057.009s][info ][safepoint      ] Leaving safepoint region
[1057.009s][info ][safepoint      ] Total time for which application threads were stopped: 0.0001022 seconds, Stopping threads took: 0.0000369 seconds
[1057.405s][info ][safepoint      ] Application time: 0.3957925 seconds
[1057.405s][info ][safepoint      ] Entering safepoint region: ParallelGCFailedAllocation
[1057.405s][info ][gc,start       ] GC(147) Pause Young (Allocation Failure)
[1057.413s][debug][gc,phases      ] GC(147) Scavenge 7.910ms
[1057.413s][debug][gc,ref         ] GC(147) Skipped phase1 of Reference Processing due to unavailable references
[1057.413s][debug][gc,ref         ] GC(147) Skipped phase3 of Reference Processing due to unavailable references
[1057.413s][debug][gc,phases      ] GC(147) Reference Processing 0.028ms
[1057.414s][debug][gc,phases      ] GC(147) Weak Processing 0.151ms
[1057.414s][debug][gc,phases      ] GC(147) Scrub String Table 0.444ms
[1057.414s][debug][gc,age         ] GC(147) Desired survivor size 62914560 bytes, new threshold 15 (max threshold 15)
[1057.414s][info ][gc,heap        ] GC(147) PSYoungGen: 1980048K->18976K(2035712K)
[1057.414s][info ][gc,heap        ] GC(147) ParOldGen: 373681K->373713K(403456K)
[1057.414s][info ][gc,metaspace   ] GC(147) Metaspace: 75586K->75586K(1118208K)
[1057.414s][info ][gc             ] GC(147) Pause Young (Allocation Failure) 2298M->383M(2382M) 8.652ms
[1057.414s][info ][gc,cpu         ] GC(147) User=0.02s Sys=0.00s Real=0.01s
[1057.414s][info ][safepoint      ] Leaving safepoint region
[1057.414s][info ][safepoint      ] Total time for which application threads were stopped: 0.0088031 seconds, Stopping threads took: 0.0000116 seconds
[1060.414s][info ][safepoint      ] Application time: 3.0002082 seconds
[1060.414s][info ][safepoint      ] Entering safepoint region: Cleanup
[1060.415s][info ][safepoint      ] Leaving safepoint region
[1060.415s][info ][safepoint      ] Total time for which application threads were stopped: 0.0001299 seconds, Stopping threads took: 0.0000542 seconds
[1062.415s][info ][safepoint      ] Application time: 2.0001521 seconds
[1062.415s][info ][safepoint      ] Entering safepoint region: Cleanup
[1062.415s][info ][safepoint      ] Leaving safepoint region
[1062.415s][info ][safepoint      ] Total time for which application threads were stopped: 0.0001089 seconds, Stopping threads took: 0.0000354 seconds
[1063.415s][info ][safepoint      ] Application time: 1.0000778 seconds
[1063.415s][info ][safepoint      ] Entering safepoint region: Cleanup
[1063.415s][info ][safepoint      ] Leaving safepoint region
[1063.415s][info ][safepoint      ] Total time for which application threads were stopped: 0.0001006 seconds, Stopping threads took: 0.0000364 seconds
[1064.415s][info ][safepoint      ] Application time: 1.0000771 seconds
[1064.415s][info ][safepoint      ] Entering safepoint region: Cleanup
[1064.415s][info ][safepoint      ] Leaving safepoint region
[1064.415s][info ][safepoint      ] Total time for which application threads were stopped: 0.0001117 seconds, Stopping threads took: 0.0000490 seconds
[1066.415s][info ][safepoint      ] Application time: 2.0001584 seconds
[1066.416s][info ][safepoint      ] Entering safepoint region: Cleanup
[1066.416s][info ][safepoint      ] Leaving safepoint region
[1066.416s][info ][safepoint      ] Total time for which application threads were stopped: 0.0001451 seconds, Stopping threads took: 0.0000700 seconds
[1067.015s][info ][safepoint      ] Application time: 0.5996202 seconds
[1067.015s][info ][safepoint      ] Entering safepoint region: ParallelGCFailedAllocation
[1067.015s][info ][gc,start       ] GC(148) Pause Young (Allocation Failure)
[1067.022s][debug][gc,phases      ] GC(148) Scavenge 6.689ms
[1067.022s][debug][gc,ref         ] GC(148) Skipped phase1 of Reference Processing due to unavailable references
[1067.022s][debug][gc,ref         ] GC(148) Skipped phase3 of Reference Processing due to unavailable references
[1067.022s][debug][gc,ref         ] GC(148) Skipped phase4 of Reference Processing due to unavailable references
[1067.022s][debug][gc,phases      ] GC(148) Reference Processing 0.028ms
[1067.022s][debug][gc,phases      ] GC(148) Weak Processing 0.133ms
[1067.023s][debug][gc,phases      ] GC(148) Scrub String Table 0.413ms
[1067.023s][debug][gc,age         ] GC(148) Desired survivor size 60293120 bytes, new threshold 15 (max threshold 15)
[1067.023s][info ][gc,heap        ] GC(148) PSYoungGen: 1990688K->19104K(2033152K)
[1067.023s][info ][gc,heap        ] GC(148) ParOldGen: 373713K->373897K(403456K)
[1067.023s][info ][gc,metaspace   ] GC(148) Metaspace: 75588K->75588K(1118208K)
[1067.023s][info ][gc             ] GC(148) Pause Young (Allocation Failure) 2308M->383M(2379M) 7.398ms
[1067.023s][info ][gc,cpu         ] GC(148) User=0.03s Sys=0.00s Real=0.01s
[1067.023s][info ][safepoint      ] Leaving safepoint region
[1067.023s][info ][safepoint      ] Total time for which application threads were stopped: 0.0075426 seconds, Stopping threads took: 0.0000128 seconds
[1068.023s][info ][safepoint      ] Application time: 1.0000831 seconds
[1068.023s][info ][safepoint      ] Entering safepoint region: Cleanup
[1068.023s][info ][safepoint      ] Leaving safepoint region
[1068.023s][info ][safepoint      ] Total time for which application threads were stopped: 0.0000915 seconds, Stopping threads took: 0.0000287 seconds
[1069.023s][info ][safepoint      ] Application time: 1.0000391 seconds
[1069.023s][info ][safepoint      ] Entering safepoint region: Cleanup
[1069.023s][info ][safepoint      ] Leaving safepoint region
[1069.023s][info ][safepoint      ] Total time for which application threads were stopped: 0.0000797 seconds, Stopping threads took: 0.0000120 seconds
[1070.023s][info ][safepoint      ] Application time: 1.0000741 seconds
[1070.023s][info ][safepoint      ] Entering safepoint region: Cleanup
[1070.023s][info ][safepoint      ] Leaving safepoint region
[1070.023s][info ][safepoint      ] Total time for which application threads were stopped: 0.0001343 seconds, Stopping threads took: 0.0000734 seconds
[1074.024s][info ][safepoint      ] Application time: 4.0002842 seconds
[1074.024s][info ][safepoint      ] Entering safepoint region: Cleanup
[1074.024s][info ][safepoint      ] Leaving safepoint region
[1074.024s][info ][safepoint      ] Total time for which application threads were stopped: 0.0000736 seconds, Stopping threads took: 0.0000124 seconds
[1076.631s][info ][safepoint      ] Application time: 2.6073506 seconds
[1076.631s][info ][safepoint      ] Entering safepoint region: ParallelGCFailedAllocation
[1076.631s][info ][gc,start       ] GC(149) Pause Young (Allocation Failure)
[1076.639s][debug][gc,phases      ] GC(149) Scavenge 7.946ms
[1076.639s][debug][gc,ref         ] GC(149) Skipped phase1 of Reference Processing due to unavailable references
[1076.639s][debug][gc,ref         ] GC(149) Skipped phase3 of Reference Processing due to unavailable references
[1076.639s][debug][gc,ref         ] GC(149) Skipped phase4 of Reference Processing due to unavailable references
[1076.639s][debug][gc,phases      ] GC(149) Reference Processing 0.030ms
[1076.640s][debug][gc,phases      ] GC(149) Weak Processing 0.140ms
[1076.640s][debug][gc,phases      ] GC(149) Scrub String Table 0.436ms
[1076.640s][debug][gc,age         ] GC(149) Desired survivor size 57147392 bytes, new threshold 15 (max threshold 15)
[1076.640s][info ][gc,heap        ] GC(149) PSYoungGen: 1990816K->20240K(2041344K)
[1076.640s][info ][gc,heap        ] GC(149) ParOldGen: 373897K->374265K(403456K)
[1076.640s][info ][gc,metaspace   ] GC(149) Metaspace: 75592K->75592K(1118208K)
[1076.640s][info ][gc             ] GC(149) Pause Young (Allocation Failure) 2309M->385M(2387M) 8.688ms
[1076.640s][info ][gc,cpu         ] GC(149) User=0.03s Sys=0.00s Real=0.01s
[1076.640s][info ][safepoint      ] Leaving safepoint region
[1076.640s][info ][safepoint      ] Total time for which application threads were stopped: 0.0088629 seconds, Stopping threads took: 0.0000192 seconds
[1078.640s][info ][safepoint      ] Application time: 2.0001498 seconds
[1078.640s][info ][safepoint      ] Entering safepoint region: Cleanup
[1078.640s][info ][safepoint      ] Leaving safepoint region
[1078.640s][info ][safepoint      ] Total time for which application threads were stopped: 0.0000694 seconds, Stopping threads took: 0.0000114 seconds
[1084.641s][info ][safepoint      ] Application time: 6.0004193 seconds
[1084.641s][info ][safepoint      ] Entering safepoint region: Cleanup
[1084.641s][info ][safepoint      ] Leaving safepoint region
[1084.641s][info ][safepoint      ] Total time for which application threads were stopped: 0.0000668 seconds, Stopping threads took: 0.0000115 seconds
[1087.014s][info ][safepoint      ] Application time: 2.3729814 seconds
[1087.014s][info ][safepoint      ] Entering safepoint region: ParallelGCFailedAllocation
[1087.014s][info ][gc,start       ] GC(150) Pause Young (Allocation Failure)
[1087.020s][debug][gc,phases      ] GC(150) Scavenge 6.095ms
[1087.020s][debug][gc,ref         ] GC(150) Skipped phase1 of Reference Processing due to unavailable references
[1087.020s][debug][gc,ref         ] GC(150) Skipped phase3 of Reference Processing due to unavailable references
[1087.020s][debug][gc,ref         ] GC(150) Skipped phase4 of Reference Processing due to unavailable references
[1087.020s][debug][gc,phases      ] GC(150) Reference Processing 0.031ms
[1087.020s][debug][gc,phases      ] GC(150) Weak Processing 0.154ms
[1087.021s][debug][gc,phases      ] GC(150) Scrub String Table 0.446ms
[1087.021s][debug][gc,age         ] GC(150) Desired survivor size 55574528 bytes, new threshold 15 (max threshold 15)
[1087.021s][info ][gc,heap        ] GC(150) PSYoungGen: 2002704K->16576K(2038272K)
[1087.021s][info ][gc,heap        ] GC(150) ParOldGen: 374265K->374305K(403456K)
[1087.021s][info ][gc,metaspace   ] GC(150) Metaspace: 75593K->75593K(1118208K)
[1087.021s][info ][gc             ] GC(150) Pause Young (Allocation Failure) 2321M->381M(2384M) 6.861ms
[1087.021s][info ][gc,cpu         ] GC(150) User=0.02s Sys=0.00s Real=0.01s
[1087.021s][info ][safepoint      ] Leaving safepoint region
[1087.021s][info ][safepoint      ] Total time for which application threads were stopped: 0.0070051 seconds, Stopping threads took: 0.0000129 seconds
[1088.021s][info ][safepoint      ] Application time: 1.0000748 seconds
[1088.021s][info ][safepoint      ] Entering safepoint region: Cleanup
[1088.021s][info ][safepoint      ] Leaving safepoint region
[1088.021s][info ][safepoint      ] Total time for which application threads were stopped: 0.0000645 seconds, Stopping threads took: 0.0000116 seconds
[1089.021s][info ][safepoint      ] Application time: 1.0000447 seconds
[1089.021s][info ][safepoint      ] Entering safepoint region: Cleanup
[1089.021s][info ][safepoint      ] Leaving safepoint region
[1089.021s][info ][safepoint      ] Total time for which application threads were stopped: 0.0000846 seconds, Stopping threads took: 0.0000116 seconds
[1090.021s][info ][safepoint      ] Application time: 1.0000747 seconds
[1090.021s][info ][safepoint      ] Entering safepoint region: Cleanup
[1090.022s][info ][safepoint      ] Leaving safepoint region
[1090.022s][info ][safepoint      ] Total time for which application threads were stopped: 0.0001097 seconds, Stopping threads took: 0.0000502 seconds
[1091.022s][info ][safepoint      ] Application time: 1.0000759 seconds
[1091.022s][info ][safepoint      ] Entering safepoint region: Cleanup
[1091.022s][info ][safepoint      ] Leaving safepoint region
[1091.022s][info ][safepoint      ] Total time for which application threads were stopped: 0.0000937 seconds, Stopping threads took: 0.0000342 seconds
[1097.022s][info ][safepoint      ] Application time: 6.0003921 seconds
[1097.022s][info ][safepoint      ] Entering safepoint region: Cleanup
[1097.022s][info ][safepoint      ] Leaving safepoint region
[1097.022s][info ][safepoint      ] Total time for which application threads were stopped: 0.0000895 seconds, Stopping threads took: 0.0000324 seconds
[1097.748s][info ][safepoint      ] Application time: 0.7253897 seconds
[1097.748s][info ][safepoint      ] Entering safepoint region: ParallelGCFailedAllocation
[1097.748s][info ][gc,start       ] GC(151) Pause Young (Allocation Failure)
[1097.754s][debug][gc,phases      ] GC(151) Scavenge 6.263ms
[1097.754s][debug][gc,ref         ] GC(151) Skipped phase1 of Reference Processing due to unavailable references
[1097.754s][debug][gc,ref         ] GC(151) Skipped phase3 of Reference Processing due to unavailable references
[1097.754s][debug][gc,ref         ] GC(151) Skipped phase4 of Reference Processing due to unavailable references
[1097.754s][debug][gc,phases      ] GC(151) Reference Processing 0.029ms
[1097.754s][debug][gc,phases      ] GC(151) Weak Processing 0.119ms
[1097.755s][debug][gc,phases      ] GC(151) Scrub String Table 0.420ms
[1097.755s][debug][gc,age         ] GC(151) Desired survivor size 54001664 bytes, new threshold 15 (max threshold 15)
[1097.755s][info ][gc,heap        ] GC(151) PSYoungGen: 1999040K->13344K(2044416K)
[1097.755s][info ][gc,heap        ] GC(151) ParOldGen: 374305K->376109K(403456K)
[1097.755s][info ][gc,metaspace   ] GC(151) Metaspace: 75597K->75597K(1118208K)
[1097.755s][info ][gc             ] GC(151) Pause Young (Allocation Failure) 2317M->380M(2390M) 6.970ms
[1097.755s][info ][gc,cpu         ] GC(151) User=0.03s Sys=0.00s Real=0.01s
[1097.755s][info ][safepoint      ] Leaving safepoint region
[1097.755s][info ][safepoint      ] Total time for which application threads were stopped: 0.0071125 seconds, Stopping threads took: 0.0000113 seconds
[1102.755s][info ][safepoint      ] Application time: 5.0003774 seconds
[1102.755s][info ][safepoint      ] Entering safepoint region: Cleanup
[1102.755s][info ][safepoint      ] Leaving safepoint region
[1102.755s][info ][safepoint      ] Total time for which application threads were stopped: 0.0001330 seconds, Stopping threads took: 0.0000470 seconds
[1103.755s][info ][safepoint      ] Application time: 1.0000827 seconds
[1103.756s][info ][safepoint      ] Entering safepoint region: Cleanup
[1103.756s][info ][safepoint      ] Leaving safepoint region
[1103.756s][info ][safepoint      ] Total time for which application threads were stopped: 0.0001451 seconds, Stopping threads took: 0.0000674 seconds
[1107.756s][info ][safepoint      ] Application time: 4.0002863 seconds
[1107.756s][info ][safepoint      ] Entering safepoint region: Cleanup
[1107.756s][info ][safepoint      ] Leaving safepoint region
[1107.756s][info ][safepoint      ] Total time for which application threads were stopped: 0.0000948 seconds, Stopping threads took: 0.0000365 seconds
[1108.218s][info ][safepoint      ] Application time: 0.4616163 seconds
[1108.218s][info ][safepoint      ] Entering safepoint region: ParallelGCFailedAllocation
[1108.218s][info ][gc,start       ] GC(152) Pause Young (Allocation Failure)
[1108.223s][debug][gc,phases      ] GC(152) Scavenge 5.608ms
[1108.224s][debug][gc,ref         ] GC(152) Skipped phase1 of Reference Processing due to unavailable references
[1108.224s][debug][gc,ref         ] GC(152) Skipped phase3 of Reference Processing due to unavailable references
[1108.224s][debug][gc,ref         ] GC(152) Skipped phase4 of Reference Processing due to unavailable references
[1108.224s][debug][gc,phases      ] GC(152) Reference Processing 0.044ms
[1108.224s][debug][gc,phases      ] GC(152) Weak Processing 0.130ms
[1108.224s][debug][gc,phases      ] GC(152) Scrub String Table 0.422ms
[1108.224s][debug][gc,age         ] GC(152) Desired survivor size 52953088 bytes, new threshold 15 (max threshold 15)
[1108.224s][info ][gc,heap        ] GC(152) PSYoungGen: 2003488K->12144K(2042880K)
[1108.224s][info ][gc,heap        ] GC(152) ParOldGen: 376109K->377553K(403456K)
[1108.224s][info ][gc,metaspace   ] GC(152) Metaspace: 75598K->75598K(1118208K)
[1108.224s][info ][gc             ] GC(152) Pause Young (Allocation Failure) 2323M->380M(2389M) 6.338ms
[1108.224s][info ][gc,cpu         ] GC(152) User=0.02s Sys=0.00s Real=0.00s
[1108.224s][info ][safepoint      ] Leaving safepoint region
[1108.224s][info ][safepoint      ] Total time for which application threads were stopped: 0.0064808 seconds, Stopping threads took: 0.0000133 seconds
[1109.224s][info ][safepoint      ] Application time: 1.0000778 seconds
[1109.224s][info ][safepoint      ] Entering safepoint region: Cleanup
[1109.224s][info ][safepoint      ] Leaving safepoint region
[1109.224s][info ][safepoint      ] Total time for which application threads were stopped: 0.0000725 seconds, Stopping threads took: 0.0000115 seconds
[1110.225s][info ][safepoint      ] Application time: 1.0000724 seconds
[1110.225s][info ][safepoint      ] Entering safepoint region: Cleanup
[1110.225s][info ][safepoint      ] Leaving safepoint region
[1110.225s][info ][safepoint      ] Total time for which application threads were stopped: 0.0000793 seconds, Stopping threads took: 0.0000127 seconds
[1113.225s][info ][safepoint      ] Application time: 3.0002056 seconds
[1113.225s][info ][safepoint      ] Entering safepoint region: Cleanup
[1113.225s][info ][safepoint      ] Leaving safepoint region
[1113.225s][info ][safepoint      ] Total time for which application threads were stopped: 0.0000979 seconds, Stopping threads took: 0.0000221 seconds
[1114.225s][info ][safepoint      ] Application time: 1.0000725 seconds
[1114.225s][info ][safepoint      ] Entering safepoint region: Cleanup
[1114.225s][info ][safepoint      ] Leaving safepoint region
[1114.225s][info ][safepoint      ] Total time for which application threads were stopped: 0.0001217 seconds, Stopping threads took: 0.0000494 seconds
[1115.225s][info ][safepoint      ] Application time: 1.0000726 seconds
[1115.225s][info ][safepoint      ] Entering safepoint region: Cleanup
[1115.225s][info ][safepoint      ] Leaving safepoint region
[1115.225s][info ][safepoint      ] Total time for which application threads were stopped: 0.0000722 seconds, Stopping threads took: 0.0000125 seconds
[1116.225s][info ][safepoint      ] Application time: 1.0000373 seconds
[1116.226s][info ][safepoint      ] Entering safepoint region: Cleanup
[1116.226s][info ][safepoint      ] Leaving safepoint region
[1116.226s][info ][safepoint      ] Total time for which application threads were stopped: 0.0000950 seconds, Stopping threads took: 0.0000332 seconds
[1118.615s][info ][safepoint      ] Application time: 2.3891775 seconds
[1118.615s][info ][safepoint      ] Entering safepoint region: ParallelGCFailedAllocation
[1118.615s][info ][gc,start       ] GC(153) Pause Young (Allocation Failure)
[1118.621s][debug][gc,phases      ] GC(153) Scavenge 6.378ms
[1118.621s][debug][gc,ref         ] GC(153) Skipped phase1 of Reference Processing due to unavailable references
[1118.621s][debug][gc,ref         ] GC(153) Skipped phase3 of Reference Processing due to unavailable references
[1118.621s][debug][gc,phases      ] GC(153) Reference Processing 0.027ms
[1118.622s][debug][gc,phases      ] GC(153) Weak Processing 0.138ms
[1118.622s][debug][gc,phases      ] GC(153) Scrub String Table 0.428ms
[1118.622s][debug][gc,age         ] GC(153) Desired survivor size 50855936 bytes, new threshold 15 (max threshold 15)
[1118.622s][info ][gc,heap        ] GC(153) PSYoungGen: 2002288K->13808K(2047488K)
[1118.622s][info ][gc,heap        ] GC(153) ParOldGen: 377553K->377689K(403456K)
[1118.622s][info ][gc,metaspace   ] GC(153) Metaspace: 75611K->75611K(1118208K)
[1118.622s][info ][gc             ] GC(153) Pause Young (Allocation Failure) 2324M->382M(2393M) 7.075ms
[1118.622s][info ][gc,cpu         ] GC(153) User=0.03s Sys=0.00s Real=0.01s
[1118.622s][info ][safepoint      ] Leaving safepoint region
[1118.622s][info ][safepoint      ] Total time for which application threads were stopped: 0.0072358 seconds, Stopping threads took: 0.0000138 seconds
[1119.622s][info ][safepoint      ] Application time: 1.0000741 seconds
[1119.622s][info ][safepoint      ] Entering safepoint region: Cleanup
[1119.622s][info ][safepoint      ] Leaving safepoint region
[1119.622s][info ][safepoint      ] Total time for which application threads were stopped: 0.0000600 seconds, Stopping threads took: 0.0000112 seconds
[1122.622s][info ][safepoint      ] Application time: 3.0001934 seconds
[1122.622s][info ][safepoint      ] Entering safepoint region: Cleanup
[1122.623s][info ][safepoint      ] Leaving safepoint region
[1122.623s][info ][safepoint      ] Total time for which application threads were stopped: 0.0001011 seconds, Stopping threads took: 0.0000129 seconds
[1123.623s][info ][safepoint      ] Application time: 1.0000797 seconds
[1123.623s][info ][safepoint      ] Entering safepoint region: Cleanup
[1123.623s][info ][safepoint      ] Leaving safepoint region
[1123.623s][info ][safepoint      ] Total time for which application threads were stopped: 0.0000995 seconds, Stopping threads took: 0.0000404 seconds
[1124.623s][info ][safepoint      ] Application time: 1.0000944 seconds
[1124.623s][info ][safepoint      ] Entering safepoint region: Cleanup
[1124.623s][info ][safepoint      ] Leaving safepoint region
[1124.623s][info ][safepoint      ] Total time for which application threads were stopped: 0.0001319 seconds, Stopping threads took: 0.0000398 seconds
[1125.623s][info ][safepoint      ] Application time: 1.0000895 seconds
[1125.623s][info ][safepoint      ] Entering safepoint region: Cleanup
[1125.623s][info ][safepoint      ] Leaving safepoint region
[1125.623s][info ][safepoint      ] Total time for which application threads were stopped: 0.0001080 seconds, Stopping threads took: 0.0000393 seconds
[1126.623s][info ][safepoint      ] Application time: 1.0000804 seconds
[1126.623s][info ][safepoint      ] Entering safepoint region: Cleanup
[1126.624s][info ][safepoint      ] Leaving safepoint region
[1126.624s][info ][safepoint      ] Total time for which application threads were stopped: 0.0000772 seconds, Stopping threads took: 0.0000110 seconds
[1128.624s][info ][safepoint      ] Application time: 2.0001413 seconds
[1128.624s][info ][safepoint      ] Entering safepoint region: Cleanup
[1128.624s][info ][safepoint      ] Leaving safepoint region
[1128.624s][info ][safepoint      ] Total time for which application threads were stopped: 0.0000981 seconds, Stopping threads took: 0.0000347 seconds
[1129.021s][info ][safepoint      ] Application time: 0.3967429 seconds
[1129.021s][info ][safepoint      ] Entering safepoint region: ParallelGCFailedAllocation
[1129.021s][info ][gc,start       ] GC(154) Pause Young (Allocation Failure)
[1129.026s][debug][gc,phases      ] GC(154) Scavenge 5.370ms
[1129.026s][debug][gc,ref         ] GC(154) Skipped phase1 of Reference Processing due to unavailable references
[1129.026s][debug][gc,ref         ] GC(154) Skipped phase3 of Reference Processing due to unavailable references
[1129.026s][debug][gc,phases      ] GC(154) Reference Processing 0.027ms
[1129.026s][debug][gc,phases      ] GC(154) Weak Processing 0.132ms
[1129.027s][debug][gc,phases      ] GC(154) Scrub String Table 0.437ms
[1129.027s][debug][gc,age         ] GC(154) Desired survivor size 48758784 bytes, new threshold 15 (max threshold 15)
[1129.027s][info ][gc,heap        ] GC(154) PSYoungGen: 2009584K->14928K(2045440K)
[1129.027s][info ][gc,heap        ] GC(154) ParOldGen: 377689K->378001K(403456K)
[1129.027s][info ][gc,metaspace   ] GC(154) Metaspace: 75637K->75637K(1118208K)
[1129.027s][info ][gc             ] GC(154) Pause Young (Allocation Failure) 2331M->383M(2391M) 6.090ms
[1129.027s][info ][gc,cpu         ] GC(154) User=0.02s Sys=0.00s Real=0.00s
[1129.027s][info ][safepoint      ] Leaving safepoint region
[1129.027s][info ][safepoint      ] Total time for which application threads were stopped: 0.0062581 seconds, Stopping threads took: 0.0000354 seconds
[1130.027s][info ][safepoint      ] Application time: 1.0000794 seconds
[1130.027s][info ][safepoint      ] Entering safepoint region: Cleanup
[1130.027s][info ][safepoint      ] Leaving safepoint region
[1130.027s][info ][safepoint      ] Total time for which application threads were stopped: 0.0000958 seconds, Stopping threads took: 0.0000380 seconds
[1131.027s][info ][safepoint      ] Application time: 1.0000508 seconds
[1131.027s][info ][safepoint      ] Entering safepoint region: Cleanup
[1131.027s][info ][safepoint      ] Leaving safepoint region
[1131.027s][info ][safepoint      ] Total time for which application threads were stopped: 0.0000696 seconds, Stopping threads took: 0.0000110 seconds
[1133.027s][info ][safepoint      ] Application time: 2.0001393 seconds
[1133.027s][info ][safepoint      ] Entering safepoint region: Cleanup
[1133.027s][info ][safepoint      ] Leaving safepoint region
[1133.027s][info ][safepoint      ] Total time for which application threads were stopped: 0.0000607 seconds, Stopping threads took: 0.0000115 seconds
[1135.028s][info ][safepoint      ] Application time: 2.0000871 seconds
[1135.028s][info ][safepoint      ] Entering safepoint region: Cleanup
[1135.028s][info ][safepoint      ] Leaving safepoint region
[1135.028s][info ][safepoint      ] Total time for which application threads were stopped: 0.0001371 seconds, Stopping threads took: 0.0000166 seconds
[1136.028s][info ][safepoint      ] Application time: 1.0000778 seconds
[1136.028s][info ][safepoint      ] Entering safepoint region: Cleanup
[1136.028s][info ][safepoint      ] Leaving safepoint region
[1136.028s][info ][safepoint      ] Total time for which application threads were stopped: 0.0000762 seconds, Stopping threads took: 0.0000167 seconds
[1137.033s][info ][safepoint      ] Application time: 1.0048888 seconds
[1137.033s][info ][safepoint      ] Entering safepoint region: Cleanup
[1137.033s][info ][safepoint      ] Leaving safepoint region
[1137.033s][info ][safepoint      ] Total time for which application threads were stopped: 0.0001274 seconds, Stopping threads took: 0.0000640 seconds
[1138.033s][info ][safepoint      ] Application time: 1.0000826 seconds
[1138.033s][info ][safepoint      ] Entering safepoint region: Cleanup
[1138.033s][info ][safepoint      ] Leaving safepoint region
[1138.033s][info ][safepoint      ] Total time for which application threads were stopped: 0.0001013 seconds, Stopping threads took: 0.0000202 seconds
[1139.033s][info ][safepoint      ] Application time: 1.0000764 seconds
[1139.033s][info ][safepoint      ] Entering safepoint region: Cleanup
[1139.033s][info ][safepoint      ] Leaving safepoint region
[1139.033s][info ][safepoint      ] Total time for which application threads were stopped: 0.0000774 seconds, Stopping threads took: 0.0000143 seconds
[1139.448s][info ][safepoint      ] Application time: 0.4149191 seconds
[1139.448s][info ][safepoint      ] Entering safepoint region: ParallelGCFailedAllocation
[1139.449s][info ][gc,start       ] GC(155) Pause Young (Allocation Failure)
[1139.456s][debug][gc,phases      ] GC(155) Scavenge 7.510ms
[1139.456s][debug][gc,ref         ] GC(155) Skipped phase1 of Reference Processing due to unavailable references
[1139.456s][debug][gc,ref         ] GC(155) Skipped phase3 of Reference Processing due to unavailable references
[1139.456s][debug][gc,ref         ] GC(155) Skipped phase4 of Reference Processing due to unavailable references
[1139.456s][debug][gc,phases      ] GC(155) Reference Processing 0.030ms
[1139.456s][debug][gc,phases      ] GC(155) Weak Processing 0.144ms
[1139.457s][debug][gc,phases      ] GC(155) Scrub String Table 0.474ms
[1139.457s][debug][gc,age         ] GC(155) Desired survivor size 46661632 bytes, new threshold 15 (max threshold 15)
[1139.457s][info ][gc,heap        ] GC(155) PSYoungGen: 2010704K->17888K(2051584K)
[1139.457s][info ][gc,heap        ] GC(155) ParOldGen: 378001K->378489K(403456K)
[1139.457s][info ][gc,metaspace   ] GC(155) Metaspace: 75657K->75657K(1118208K)
[1139.457s][info ][gc             ] GC(155) Pause Young (Allocation Failure) 2332M->387M(2397M) 8.308ms
[1139.457s][info ][gc,cpu         ] GC(155) User=0.03s Sys=0.00s Real=0.02s
[1139.457s][info ][safepoint      ] Leaving safepoint region
[1139.457s][info ][safepoint      ] Total time for which application threads were stopped: 0.0084881 seconds, Stopping threads took: 0.0000351 seconds
[1141.457s][info ][safepoint      ] Application time: 2.0001609 seconds
[1141.457s][info ][safepoint      ] Entering safepoint region: Cleanup
[1141.457s][info ][safepoint      ] Leaving safepoint region
[1141.457s][info ][safepoint      ] Total time for which application threads were stopped: 0.0001113 seconds, Stopping threads took: 0.0000348 seconds
[1142.457s][info ][safepoint      ] Application time: 1.0000740 seconds
[1142.457s][info ][safepoint      ] Entering safepoint region: Cleanup
[1142.457s][info ][safepoint      ] Leaving safepoint region
[1142.457s][info ][safepoint      ] Total time for which application threads were stopped: 0.0000999 seconds, Stopping threads took: 0.0000349 seconds
[1143.458s][info ][safepoint      ] Application time: 1.0000883 seconds
[1143.458s][info ][safepoint      ] Entering safepoint region: Cleanup
[1143.458s][info ][safepoint      ] Leaving safepoint region
[1143.458s][info ][safepoint      ] Total time for which application threads were stopped: 0.0001163 seconds, Stopping threads took: 0.0000496 seconds
[1147.458s][info ][safepoint      ] Application time: 4.0003062 seconds
[1147.458s][info ][safepoint      ] Entering safepoint region: Cleanup
[1147.458s][info ][safepoint      ] Leaving safepoint region
[1147.458s][info ][safepoint      ] Total time for which application threads were stopped: 0.0001074 seconds, Stopping threads took: 0.0000457 seconds
[1150.148s][info ][safepoint      ] Application time: 2.6901548 seconds
[1150.148s][info ][safepoint      ] Entering safepoint region: ParallelGCFailedAllocation
[1150.148s][info ][gc,start       ] GC(156) Pause Young (Allocation Failure)
[1150.155s][debug][gc,phases      ] GC(156) Scavenge 6.137ms
[1150.155s][debug][gc,ref         ] GC(156) Skipped phase1 of Reference Processing due to unavailable references
[1150.155s][debug][gc,ref         ] GC(156) Skipped phase3 of Reference Processing due to unavailable references
[1150.155s][debug][gc,phases      ] GC(156) Reference Processing 0.026ms
[1150.155s][debug][gc,phases      ] GC(156) Weak Processing 0.140ms
[1150.155s][debug][gc,phases      ] GC(156) Scrub String Table 0.454ms
[1150.155s][debug][gc,age         ] GC(156) Desired survivor size 44564480 bytes, new threshold 15 (max threshold 15)
[1150.155s][info ][gc,heap        ] GC(156) PSYoungGen: 2021856K->16800K(2049536K)
[1150.155s][info ][gc,heap        ] GC(156) ParOldGen: 378489K->379994K(403456K)
[1150.155s][info ][gc,metaspace   ] GC(156) Metaspace: 75668K->75668K(1118208K)
[1150.155s][info ][gc             ] GC(156) Pause Young (Allocation Failure) 2344M->387M(2395M) 6.884ms
[1150.155s][info ][gc,cpu         ] GC(156) User=0.03s Sys=0.00s Real=0.01s
[1150.155s][info ][safepoint      ] Leaving safepoint region
[1150.155s][info ][safepoint      ] Total time for which application threads were stopped: 0.0070534 seconds, Stopping threads took: 0.0000332 seconds
[1152.156s][info ][safepoint      ] Application time: 2.0001647 seconds
[1152.156s][info ][safepoint      ] Entering safepoint region: Cleanup
[1152.156s][info ][safepoint      ] Leaving safepoint region
[1152.156s][info ][safepoint      ] Total time for which application threads were stopped: 0.0000890 seconds, Stopping threads took: 0.0000325 seconds
[1153.156s][info ][safepoint      ] Application time: 1.0000631 seconds
[1153.156s][info ][safepoint      ] Entering safepoint region: Cleanup
[1153.156s][info ][safepoint      ] Leaving safepoint region
[1153.156s][info ][safepoint      ] Total time for which application threads were stopped: 0.0001416 seconds, Stopping threads took: 0.0000558 seconds
[1155.156s][info ][safepoint      ] Application time: 2.0001617 seconds
[1155.156s][info ][safepoint      ] Entering safepoint region: Cleanup
[1155.156s][info ][safepoint      ] Leaving safepoint region
[1155.156s][info ][safepoint      ] Total time for which application threads were stopped: 0.0001273 seconds, Stopping threads took: 0.0000480 seconds
[1156.156s][info ][safepoint      ] Application time: 1.0000721 seconds
[1156.156s][info ][safepoint      ] Entering safepoint region: Cleanup
[1156.157s][info ][safepoint      ] Leaving safepoint region
[1156.157s][info ][safepoint      ] Total time for which application threads were stopped: 0.0001294 seconds, Stopping threads took: 0.0000678 seconds
[1157.157s][info ][safepoint      ] Application time: 1.0000790 seconds
[1157.157s][info ][safepoint      ] Entering safepoint region: Cleanup
[1157.157s][info ][safepoint      ] Leaving safepoint region
[1157.157s][info ][safepoint      ] Total time for which application threads were stopped: 0.0001000 seconds, Stopping threads took: 0.0000349 seconds
[1158.157s][info ][safepoint      ] Application time: 1.0000466 seconds
[1158.157s][info ][safepoint      ] Entering safepoint region: Cleanup
[1158.157s][info ][safepoint      ] Leaving safepoint region
[1158.157s][info ][safepoint      ] Total time for which application threads were stopped: 0.0001043 seconds, Stopping threads took: 0.0000424 seconds
[1159.157s][info ][safepoint      ] Application time: 1.0000755 seconds
[1159.157s][info ][safepoint      ] Entering safepoint region: Cleanup
[1159.157s][info ][safepoint      ] Leaving safepoint region
[1159.157s][info ][safepoint      ] Total time for which application threads were stopped: 0.0001105 seconds, Stopping threads took: 0.0000466 seconds
[1160.603s][info ][safepoint      ] Application time: 1.4456912 seconds
[1160.603s][info ][safepoint      ] Entering safepoint region: ParallelGCFailedAllocation
[1160.603s][info ][gc,start       ] GC(157) Pause Young (Allocation Failure)
[1160.609s][debug][gc,phases      ] GC(157) Scavenge 6.054ms
[1160.609s][debug][gc,ref         ] GC(157) Skipped phase1 of Reference Processing due to unavailable references
[1160.609s][debug][gc,ref         ] GC(157) Skipped phase3 of Reference Processing due to unavailable references
[1160.609s][debug][gc,ref         ] GC(157) Skipped phase4 of Reference Processing due to unavailable references
[1160.609s][debug][gc,phases      ] GC(157) Reference Processing 0.030ms
[1160.609s][debug][gc,phases      ] GC(157) Weak Processing 0.137ms
[1160.610s][debug][gc,phases      ] GC(157) Scrub String Table 0.444ms
[1160.610s][debug][gc,age         ] GC(157) Desired survivor size 42467328 bytes, new threshold 15 (max threshold 15)
[1160.610s][info ][gc,heap        ] GC(157) PSYoungGen: 2020768K->17728K(2055680K)
[1160.610s][info ][gc,heap        ] GC(157) ParOldGen: 379994K->380094K(403456K)
[1160.610s][info ][gc,metaspace   ] GC(157) Metaspace: 75671K->75671K(1118208K)
[1160.610s][info ][gc             ] GC(157) Pause Young (Allocation Failure) 2344M->388M(2401M) 6.790ms
[1160.610s][info ][gc,cpu         ] GC(157) User=0.02s Sys=0.00s Real=0.01s
[1160.610s][info ][safepoint      ] Leaving safepoint region
[1160.610s][info ][safepoint      ] Total time for which application threads were stopped: 0.0069788 seconds, Stopping threads took: 0.0000482 seconds
[1171.061s][info ][safepoint      ] Application time: 10.4508552 seconds
[1171.061s][info ][safepoint      ] Entering safepoint region: ParallelGCFailedAllocation
[1171.061s][info ][gc,start       ] GC(158) Pause Young (Allocation Failure)
[1171.068s][debug][gc,phases      ] GC(158) Scavenge 6.922ms
[1171.068s][debug][gc,ref         ] GC(158) Skipped phase1 of Reference Processing due to unavailable references
[1171.068s][debug][gc,ref         ] GC(158) Skipped phase3 of Reference Processing due to unavailable references
[1171.068s][debug][gc,ref         ] GC(158) Skipped phase4 of Reference Processing due to unavailable references
[1171.068s][debug][gc,phases      ] GC(158) Reference Processing 0.029ms
[1171.068s][debug][gc,phases      ] GC(158) Weak Processing 0.135ms
[1171.069s][debug][gc,phases      ] GC(158) Scrub String Table 0.456ms
[1171.069s][debug][gc,age         ] GC(158) Desired survivor size 40370176 bytes, new threshold 15 (max threshold 15)
[1171.069s][info ][gc,heap        ] GC(158) PSYoungGen: 2029888K->17760K(2053632K)
[1171.069s][info ][gc,heap        ] GC(158) ParOldGen: 380094K->380194K(403456K)
[1171.069s][info ][gc,metaspace   ] GC(158) Metaspace: 75680K->75680K(1118208K)
[1171.069s][info ][gc             ] GC(158) Pause Young (Allocation Failure) 2353M->388M(2399M) 7.662ms
[1171.069s][info ][gc,cpu         ] GC(158) User=0.03s Sys=0.00s Real=0.00s
[1171.069s][info ][safepoint      ] Leaving safepoint region
[1171.069s][info ][safepoint      ] Total time for which application threads were stopped: 0.0078108 seconds, Stopping threads took: 0.0000139 seconds
[1176.069s][info ][safepoint      ] Application time: 5.0004052 seconds
[1176.069s][info ][safepoint      ] Entering safepoint region: Cleanup
[1176.069s][info ][safepoint      ] Leaving safepoint region
[1176.069s][info ][safepoint      ] Total time for which application threads were stopped: 0.0000888 seconds, Stopping threads took: 0.0000366 seconds
[1181.503s][info ][safepoint      ] Application time: 5.4336099 seconds
[1181.503s][info ][safepoint      ] Entering safepoint region: ParallelGCFailedAllocation
[1181.503s][info ][gc,start       ] GC(159) Pause Young (Allocation Failure)
[1181.510s][debug][gc,phases      ] GC(159) Scavenge 6.808ms
[1181.510s][debug][gc,ref         ] GC(159) Skipped phase1 of Reference Processing due to unavailable references
[1181.510s][debug][gc,ref         ] GC(159) Skipped phase3 of Reference Processing due to unavailable references
[1181.510s][debug][gc,ref         ] GC(159) Skipped phase4 of Reference Processing due to unavailable references
[1181.510s][debug][gc,phases      ] GC(159) Reference Processing 0.033ms
[1181.510s][debug][gc,phases      ] GC(159) Weak Processing 0.140ms
[1181.510s][debug][gc,phases      ] GC(159) Scrub String Table 0.461ms
[1181.510s][debug][gc,age         ] GC(159) Desired survivor size 38797312 bytes, new threshold 15 (max threshold 15)
[1181.510s][info ][gc,heap        ] GC(159) PSYoungGen: 2029920K->17696K(2059264K)
[1181.510s][info ][gc,heap        ] GC(159) ParOldGen: 380194K->380330K(403456K)
[1181.511s][info ][gc,metaspace   ] GC(159) Metaspace: 75693K->75693K(1118208K)
[1181.511s][info ][gc             ] GC(159) Pause Young (Allocation Failure) 2353M->388M(2405M) 7.573ms
[1181.511s][info ][gc,cpu         ] GC(159) User=0.02s Sys=0.00s Real=0.01s
[1181.511s][info ][safepoint      ] Leaving safepoint region
[1181.511s][info ][safepoint      ] Total time for which application threads were stopped: 0.0077190 seconds, Stopping threads took: 0.0000122 seconds
[1182.511s][info ][safepoint      ] Application time: 1.0000823 seconds
[1182.511s][info ][safepoint      ] Entering safepoint region: Cleanup
[1182.511s][info ][safepoint      ] Leaving safepoint region
[1182.511s][info ][safepoint      ] Total time for which application threads were stopped: 0.0001039 seconds, Stopping threads took: 0.0000437 seconds
[1184.511s][info ][safepoint      ] Application time: 2.0001483 seconds
[1184.511s][info ][safepoint      ] Entering safepoint region: Cleanup
[1184.511s][info ][safepoint      ] Leaving safepoint region
[1184.511s][info ][safepoint      ] Total time for which application threads were stopped: 0.0001093 seconds, Stopping threads took: 0.0000471 seconds
[1185.511s][info ][safepoint      ] Application time: 1.0000715 seconds
[1185.511s][info ][safepoint      ] Entering safepoint region: Cleanup
[1185.511s][info ][safepoint      ] Leaving safepoint region
[1185.511s][info ][safepoint      ] Total time for which application threads were stopped: 0.0001056 seconds, Stopping threads took: 0.0000358 seconds
[1186.511s][info ][safepoint      ] Application time: 1.0000727 seconds
[1186.511s][info ][safepoint      ] Entering safepoint region: Cleanup
[1186.512s][info ][safepoint      ] Leaving safepoint region
[1186.512s][info ][safepoint      ] Total time for which application threads were stopped: 0.0001007 seconds, Stopping threads took: 0.0000335 seconds
[1188.512s][info ][safepoint      ] Application time: 2.0001541 seconds
[1188.512s][info ][safepoint      ] Entering safepoint region: Cleanup
[1188.512s][info ][safepoint      ] Leaving safepoint region
[1188.512s][info ][safepoint      ] Total time for which application threads were stopped: 0.0001026 seconds, Stopping threads took: 0.0000354 seconds
[1189.512s][info ][safepoint      ] Application time: 1.0000878 seconds
[1189.512s][info ][safepoint      ] Entering safepoint region: Cleanup
[1189.512s][info ][safepoint      ] Leaving safepoint region
[1189.512s][info ][safepoint      ] Total time for which application threads were stopped: 0.0001010 seconds, Stopping threads took: 0.0000332 seconds
[1191.512s][info ][safepoint      ] Application time: 2.0001204 seconds
[1191.512s][info ][safepoint      ] Entering safepoint region: Cleanup
[1191.512s][info ][safepoint      ] Leaving safepoint region
[1191.512s][info ][safepoint      ] Total time for which application threads were stopped: 0.0001331 seconds, Stopping threads took: 0.0000635 seconds
[1192.118s][info ][safepoint      ] Application time: 0.6055063 seconds
[1192.118s][info ][safepoint      ] Entering safepoint region: ParallelGCFailedAllocation
[1192.118s][info ][gc,start       ] GC(160) Pause Young (Allocation Failure)
[1192.125s][debug][gc,phases      ] GC(160) Scavenge 7.101ms
[1192.125s][debug][gc,ref         ] GC(160) Skipped phase1 of Reference Processing due to unavailable references
[1192.125s][debug][gc,ref         ] GC(160) Skipped phase3 of Reference Processing due to unavailable references
[1192.125s][debug][gc,ref         ] GC(160) Skipped phase4 of Reference Processing due to unavailable references
[1192.125s][debug][gc,phases      ] GC(160) Reference Processing 0.035ms
[1192.125s][debug][gc,phases      ] GC(160) Weak Processing 0.153ms
[1192.126s][debug][gc,phases      ] GC(160) Scrub String Table 0.561ms
[1192.126s][debug][gc,age         ] GC(160) Desired survivor size 37224448 bytes, new threshold 15 (max threshold 15)
[1192.126s][info ][gc,heap        ] GC(160) PSYoungGen: 2037536K->17328K(2057728K)
[1192.126s][info ][gc,heap        ] GC(160) ParOldGen: 380330K->380978K(403456K)
[1192.126s][info ][gc,metaspace   ] GC(160) Metaspace: 75695K->75695K(1118208K)
[1192.126s][info ][gc             ] GC(160) Pause Young (Allocation Failure) 2361M->388M(2403M) 8.012ms
[1192.126s][info ][gc,cpu         ] GC(160) User=0.03s Sys=0.00s Real=0.00s
[1192.126s][info ][safepoint      ] Leaving safepoint region
[1192.126s][info ][safepoint      ] Total time for which application threads were stopped: 0.0081972 seconds, Stopping threads took: 0.0000175 seconds
[1194.126s][info ][safepoint      ] Application time: 2.0001221 seconds
[1194.126s][info ][safepoint      ] Entering safepoint region: Cleanup
[1194.126s][info ][safepoint      ] Leaving safepoint region
[1194.126s][info ][safepoint      ] Total time for which application threads were stopped: 0.0001153 seconds, Stopping threads took: 0.0000536 seconds
[1202.909s][info ][safepoint      ] Application time: 8.7823631 seconds
[1202.909s][info ][safepoint      ] Entering safepoint region: ParallelGCFailedAllocation
[1202.909s][info ][gc,start       ] GC(161) Pause Young (Allocation Failure)
[1202.916s][debug][gc,phases      ] GC(161) Scavenge 7.376ms
[1202.916s][debug][gc,ref         ] GC(161) Skipped phase1 of Reference Processing due to unavailable references
[1202.916s][debug][gc,ref         ] GC(161) Skipped phase3 of Reference Processing due to unavailable references
[1202.916s][debug][gc,phases      ] GC(161) Reference Processing 0.027ms
[1202.917s][debug][gc,phases      ] GC(161) Weak Processing 0.147ms
[1202.917s][debug][gc,phases      ] GC(161) Scrub String Table 0.476ms
[1202.917s][debug][gc,age         ] GC(161) Desired survivor size 36175872 bytes, new threshold 15 (max threshold 15)
[1202.917s][info ][gc,heap        ] GC(161) PSYoungGen: 2037168K->20944K(2061824K)
[1202.917s][info ][gc,heap        ] GC(161) ParOldGen: 380978K->381098K(403456K)
[1202.917s][info ][gc,metaspace   ] GC(161) Metaspace: 75698K->75698K(1118208K)
[1202.917s][info ][gc             ] GC(161) Pause Young (Allocation Failure) 2361M->392M(2407M) 8.150ms
[1202.917s][info ][gc,cpu         ] GC(161) User=0.03s Sys=0.00s Real=0.01s
[1202.917s][info ][safepoint      ] Leaving safepoint region
[1202.917s][info ][safepoint      ] Total time for which application threads were stopped: 0.0083071 seconds, Stopping threads took: 0.0000156 seconds
[1210.918s][info ][safepoint      ] Application time: 8.0005844 seconds
[1210.918s][info ][safepoint      ] Entering safepoint region: Cleanup
[1210.918s][info ][safepoint      ] Leaving safepoint region
[1210.918s][info ][safepoint      ] Total time for which application threads were stopped: 0.0001313 seconds, Stopping threads took: 0.0000384 seconds
[1213.881s][info ][safepoint      ] Application time: 2.9629821 seconds
[1213.881s][info ][safepoint      ] Entering safepoint region: ParallelGCFailedAllocation
[1213.881s][info ][gc,start       ] GC(162) Pause Young (Allocation Failure)
[1213.888s][debug][gc,phases      ] GC(162) Scavenge 6.765ms
[1213.888s][debug][gc,ref         ] GC(162) Skipped phase1 of Reference Processing due to unavailable references
[1213.888s][debug][gc,ref         ] GC(162) Skipped phase3 of Reference Processing due to unavailable references
[1213.888s][debug][gc,phases      ] GC(162) Reference Processing 0.041ms
[1213.888s][debug][gc,phases      ] GC(162) Weak Processing 0.136ms
[1213.888s][debug][gc,phases      ] GC(162) Scrub String Table 0.447ms
[1213.889s][debug][gc,age         ] GC(162) Desired survivor size 34603008 bytes, new threshold 15 (max threshold 15)
[1213.889s][info ][gc,heap        ] GC(162) PSYoungGen: 2046416K->19840K(2060800K)
[1213.889s][info ][gc,heap        ] GC(162) ParOldGen: 381098K->382518K(403456K)
[1213.889s][info ][gc,metaspace   ] GC(162) Metaspace: 75700K->75700K(1118208K)
[1213.889s][info ][gc             ] GC(162) Pause Young (Allocation Failure) 2370M->392M(2406M) 7.521ms
[1213.889s][info ][gc,cpu         ] GC(162) User=0.03s Sys=0.00s Real=0.00s
[1213.889s][info ][safepoint      ] Leaving safepoint region
[1213.889s][info ][safepoint      ] Total time for which application threads were stopped: 0.0076749 seconds, Stopping threads took: 0.0000113 seconds
[1217.889s][info ][safepoint      ] Application time: 4.0002876 seconds
[1217.889s][info ][safepoint      ] Entering safepoint region: Cleanup
[1217.889s][info ][safepoint      ] Leaving safepoint region
[1217.889s][info ][safepoint      ] Total time for which application threads were stopped: 0.0001648 seconds, Stopping threads took: 0.0000379 seconds
[1218.889s][info ][safepoint      ] Application time: 1.0000747 seconds
[1218.889s][info ][safepoint      ] Entering safepoint region: Cleanup
[1218.889s][info ][safepoint      ] Leaving safepoint region
[1218.889s][info ][safepoint      ] Total time for which application threads were stopped: 0.0000846 seconds, Stopping threads took: 0.0000167 seconds
[1219.889s][info ][safepoint      ] Application time: 1.0000665 seconds
[1219.889s][info ][safepoint      ] Entering safepoint region: Cleanup
[1219.889s][info ][safepoint      ] Leaving safepoint region
[1219.889s][info ][safepoint      ] Total time for which application threads were stopped: 0.0000828 seconds, Stopping threads took: 0.0000157 seconds
[1220.890s][info ][safepoint      ] Application time: 1.0000743 seconds
[1220.890s][info ][safepoint      ] Entering safepoint region: Cleanup
[1220.890s][info ][safepoint      ] Leaving safepoint region
[1220.890s][info ][safepoint      ] Total time for which application threads were stopped: 0.0000701 seconds, Stopping threads took: 0.0000135 seconds
[1222.890s][info ][safepoint      ] Application time: 2.0001418 seconds
[1222.890s][info ][safepoint      ] Entering safepoint region: Cleanup
[1222.890s][info ][safepoint      ] Leaving safepoint region
[1222.890s][info ][safepoint      ] Total time for which application threads were stopped: 0.0000732 seconds, Stopping threads took: 0.0000150 seconds
[1223.120s][info ][safepoint      ] Application time: 0.2302263 seconds
[1223.120s][info ][safepoint      ] Entering safepoint region: ParallelGCFailedAllocation
[1223.120s][info ][gc,start       ] GC(163) Pause Young (Allocation Failure)
[1223.130s][debug][gc,phases      ] GC(163) Scavenge 9.556ms
[1223.130s][debug][gc,ref         ] GC(163) Skipped phase1 of Reference Processing due to unavailable references
[1223.130s][debug][gc,ref         ] GC(163) Skipped phase3 of Reference Processing due to unavailable references
[1223.130s][debug][gc,phases      ] GC(163) Reference Processing 0.027ms
[1223.130s][debug][gc,phases      ] GC(163) Weak Processing 0.139ms
[1223.131s][debug][gc,phases      ] GC(163) Scrub String Table 0.493ms
[1223.131s][debug][gc,age         ] GC(163) Desired survivor size 33554432 bytes, new threshold 15 (max threshold 15)
[1223.131s][info ][gc,heap        ] GC(163) PSYoungGen: 2045312K->20160K(2064384K)
[1223.131s][info ][gc,heap        ] GC(163) ParOldGen: 382518K->382606K(403456K)
[1223.131s][info ][gc,metaspace   ] GC(163) Metaspace: 75715K->75715K(1118208K)
[1223.131s][info ][gc             ] GC(163) Pause Young (Allocation Failure) 2370M->393M(2410M) 10.395ms
[1223.131s][info ][gc,cpu         ] GC(163) User=0.04s Sys=0.00s Real=0.01s
[1223.131s][info ][safepoint      ] Leaving safepoint region
[1223.131s][info ][safepoint      ] Total time for which application threads were stopped: 0.0106329 seconds, Stopping threads took: 0.0000713 seconds
[1224.131s][info ][safepoint      ] Application time: 1.0000902 seconds
[1224.131s][info ][safepoint      ] Entering safepoint region: Cleanup
[1224.131s][info ][safepoint      ] Leaving safepoint region
[1224.131s][info ][safepoint      ] Total time for which application threads were stopped: 0.0000785 seconds, Stopping threads took: 0.0000153 seconds
[1226.131s][info ][safepoint      ] Application time: 2.0001419 seconds
[1226.131s][info ][safepoint      ] Entering safepoint region: Cleanup
[1226.131s][info ][safepoint      ] Leaving safepoint region
[1226.131s][info ][safepoint      ] Total time for which application threads were stopped: 0.0000737 seconds, Stopping threads took: 0.0000136 seconds
[1227.131s][info ][safepoint      ] Application time: 1.0000673 seconds
[1227.131s][info ][safepoint      ] Entering safepoint region: Cleanup
[1227.131s][info ][safepoint      ] Leaving safepoint region
[1227.131s][info ][safepoint      ] Total time for which application threads were stopped: 0.0000682 seconds, Stopping threads took: 0.0000128 seconds
[1228.132s][info ][safepoint      ] Application time: 1.0000754 seconds
[1228.132s][info ][safepoint      ] Entering safepoint region: Cleanup
[1228.132s][info ][safepoint      ] Leaving safepoint region
[1228.132s][info ][safepoint      ] Total time for which application threads were stopped: 0.0000862 seconds, Stopping threads took: 0.0000147 seconds
[1229.132s][info ][safepoint      ] Application time: 1.0000743 seconds
[1229.132s][info ][safepoint      ] Entering safepoint region: Cleanup
[1229.132s][info ][safepoint      ] Leaving safepoint region
[1229.132s][info ][safepoint      ] Total time for which application threads were stopped: 0.0000817 seconds, Stopping threads took: 0.0000143 seconds
[1230.132s][info ][safepoint      ] Application time: 1.0000914 seconds
[1230.132s][info ][safepoint      ] Entering safepoint region: Cleanup
[1230.132s][info ][safepoint      ] Leaving safepoint region
[1230.132s][info ][safepoint      ] Total time for which application threads were stopped: 0.0000719 seconds, Stopping threads took: 0.0000146 seconds
[1233.798s][info ][safepoint      ] Application time: 3.6660798 seconds
[1233.798s][info ][safepoint      ] Entering safepoint region: ParallelGCFailedAllocation
[1233.798s][info ][gc,start       ] GC(164) Pause Young (Allocation Failure)
[1233.806s][debug][gc,phases      ] GC(164) Scavenge 7.961ms
[1233.806s][debug][gc,ref         ] GC(164) Skipped phase1 of Reference Processing due to unavailable references
[1233.806s][debug][gc,ref         ] GC(164) Skipped phase3 of Reference Processing due to unavailable references
[1233.806s][debug][gc,phases      ] GC(164) Reference Processing 0.027ms
[1233.807s][debug][gc,phases      ] GC(164) Weak Processing 0.137ms
[1233.807s][debug][gc,phases      ] GC(164) Scrub String Table 0.460ms
[1233.807s][debug][gc,age         ] GC(164) Desired survivor size 32505856 bytes, new threshold 15 (max threshold 15)
[1233.807s][info ][gc,heap        ] GC(164) PSYoungGen: 2050752K->18704K(2063360K)
[1233.807s][info ][gc,heap        ] GC(164) ParOldGen: 382606K->384002K(403456K)
[1233.807s][info ][gc,metaspace   ] GC(164) Metaspace: 75718K->75718K(1118208K)
[1233.807s][info ][gc             ] GC(164) Pause Young (Allocation Failure) 2376M->393M(2409M) 8.724ms
[1233.807s][info ][gc,cpu         ] GC(164) User=0.03s Sys=0.00s Real=0.00s
[1233.807s][info ][safepoint      ] Leaving safepoint region
[1233.807s][info ][safepoint      ] Total time for which application threads were stopped: 0.0089256 seconds, Stopping threads took: 0.0000334 seconds
[1234.807s][info ][safepoint      ] Application time: 1.0000436 seconds
[1234.807s][info ][safepoint      ] Entering safepoint region: Cleanup
[1234.807s][info ][safepoint      ] Leaving safepoint region
[1234.807s][info ][safepoint      ] Total time for which application threads were stopped: 0.0000942 seconds, Stopping threads took: 0.0000351 seconds
[1235.807s][info ][safepoint      ] Application time: 1.0000891 seconds
[1235.807s][info ][safepoint      ] Entering safepoint region: Cleanup
[1235.808s][info ][safepoint      ] Leaving safepoint region
[1235.808s][info ][safepoint      ] Total time for which application threads were stopped: 0.0001191 seconds, Stopping threads took: 0.0000466 seconds
[1236.808s][info ][safepoint      ] Application time: 1.0000743 seconds
[1236.808s][info ][safepoint      ] Entering safepoint region: Cleanup
[1236.808s][info ][safepoint      ] Leaving safepoint region
[1236.808s][info ][safepoint      ] Total time for which application threads were stopped: 0.0001340 seconds, Stopping threads took: 0.0000631 seconds
[1242.808s][info ][safepoint      ] Application time: 6.0004599 seconds
[1242.808s][info ][safepoint      ] Entering safepoint region: Cleanup
[1242.808s][info ][safepoint      ] Leaving safepoint region
[1242.808s][info ][safepoint      ] Total time for which application threads were stopped: 0.0001067 seconds, Stopping threads took: 0.0000377 seconds
[1244.426s][info ][safepoint      ] Application time: 1.6175062 seconds
[1244.426s][info ][safepoint      ] Entering safepoint region: ParallelGCFailedAllocation
[1244.426s][info ][gc,start       ] GC(165) Pause Young (Allocation Failure)
[1244.433s][debug][gc,phases      ] GC(165) Scavenge 7.137ms
[1244.433s][debug][gc,ref         ] GC(165) Skipped phase1 of Reference Processing due to unavailable references
[1244.433s][debug][gc,ref         ] GC(165) Skipped phase3 of Reference Processing due to unavailable references
[1244.433s][debug][gc,phases      ] GC(165) Reference Processing 0.028ms
[1244.433s][debug][gc,phases      ] GC(165) Weak Processing 0.139ms
[1244.434s][debug][gc,phases      ] GC(165) Scrub String Table 0.468ms
[1244.434s][debug][gc,age         ] GC(165) Desired survivor size 30932992 bytes, new threshold 15 (max threshold 15)
[1244.434s][info ][gc,heap        ] GC(165) PSYoungGen: 2049296K->18944K(2066944K)
[1244.434s][info ][gc,heap        ] GC(165) ParOldGen: 384002K->384174K(403456K)
[1244.434s][info ][gc,metaspace   ] GC(165) Metaspace: 75719K->75719K(1118208K)
[1244.434s][info ][gc             ] GC(165) Pause Young (Allocation Failure) 2376M->393M(2412M) 7.916ms
[1244.434s][info ][gc,cpu         ] GC(165) User=0.03s Sys=0.00s Real=0.01s
[1244.434s][info ][safepoint      ] Leaving safepoint region
[1244.434s][info ][safepoint      ] Total time for which application threads were stopped: 0.0080595 seconds, Stopping threads took: 0.0000118 seconds
[1251.435s][info ][safepoint      ] Application time: 7.0004978 seconds
[1251.435s][info ][safepoint      ] Entering safepoint region: Cleanup
[1251.435s][info ][safepoint      ] Leaving safepoint region
[1251.435s][info ][safepoint      ] Total time for which application threads were stopped: 0.0000671 seconds, Stopping threads took: 0.0000134 seconds
[1252.435s][info ][safepoint      ] Application time: 1.0000661 seconds
[1252.435s][info ][safepoint      ] Entering safepoint region: Cleanup
[1252.435s][info ][safepoint      ] Leaving safepoint region
[1252.435s][info ][safepoint      ] Total time for which application threads were stopped: 0.0000858 seconds, Stopping threads took: 0.0000302 seconds
[1254.435s][info ][safepoint      ] Application time: 2.0001545 seconds
[1254.435s][info ][safepoint      ] Entering safepoint region: Cleanup
[1254.435s][info ][safepoint      ] Leaving safepoint region
[1254.435s][info ][safepoint      ] Total time for which application threads were stopped: 0.0001101 seconds, Stopping threads took: 0.0000401 seconds
[1255.200s][info ][safepoint      ] Application time: 0.7649919 seconds
[1255.200s][info ][safepoint      ] Entering safepoint region: ParallelGCFailedAllocation
[1255.200s][info ][gc,start       ] GC(166) Pause Young (Allocation Failure)
[1255.207s][debug][gc,phases      ] GC(166) Scavenge 6.216ms
[1255.207s][debug][gc,ref         ] GC(166) Skipped phase1 of Reference Processing due to unavailable references
[1255.207s][debug][gc,ref         ] GC(166) Skipped phase3 of Reference Processing due to unavailable references
[1255.207s][debug][gc,phases      ] GC(166) Reference Processing 0.026ms
[1255.207s][debug][gc,phases      ] GC(166) Weak Processing 0.133ms
[1255.207s][debug][gc,phases      ] GC(166) Scrub String Table 0.451ms
[1255.207s][debug][gc,age         ] GC(166) Desired survivor size 29884416 bytes, new threshold 15 (max threshold 15)
[1255.207s][info ][gc,heap        ] GC(166) PSYoungGen: 2054144K->18944K(2065408K)
[1255.207s][info ][gc,heap        ] GC(166) ParOldGen: 384174K->384326K(403456K)
[1255.207s][info ][gc,metaspace   ] GC(166) Metaspace: 75726K->75726K(1118208K)
[1255.207s][info ][gc             ] GC(166) Pause Young (Allocation Failure) 2381M->393M(2411M) 6.953ms
[1255.207s][info ][gc,cpu         ] GC(166) User=0.02s Sys=0.00s Real=0.00s
[1255.207s][info ][safepoint      ] Leaving safepoint region
[1255.207s][info ][safepoint      ] Total time for which application threads were stopped: 0.0071228 seconds, Stopping threads took: 0.0000133 seconds
[1256.207s][info ][safepoint      ] Application time: 1.0000804 seconds
[1256.207s][info ][safepoint      ] Entering safepoint region: Cleanup
[1256.208s][info ][safepoint      ] Leaving safepoint region
[1256.208s][info ][safepoint      ] Total time for which application threads were stopped: 0.0001145 seconds, Stopping threads took: 0.0000363 seconds
[1260.208s][info ][safepoint      ] Application time: 4.0002865 seconds
[1260.208s][info ][safepoint      ] Entering safepoint region: Cleanup
[1260.208s][info ][safepoint      ] Leaving safepoint region
[1260.208s][info ][safepoint      ] Total time for which application threads were stopped: 0.0001014 seconds, Stopping threads took: 0.0000350 seconds
[1262.208s][info ][safepoint      ] Application time: 2.0001406 seconds
[1262.208s][info ][safepoint      ] Entering safepoint region: Cleanup
[1262.208s][info ][safepoint      ] Leaving safepoint region
[1262.208s][info ][safepoint      ] Total time for which application threads were stopped: 0.0001264 seconds, Stopping threads took: 0.0000633 seconds
[1263.208s][info ][safepoint      ] Application time: 1.0000788 seconds
[1263.208s][info ][safepoint      ] Entering safepoint region: Cleanup
[1263.208s][info ][safepoint      ] Leaving safepoint region
[1263.208s][info ][safepoint      ] Total time for which application threads were stopped: 0.0000927 seconds, Stopping threads took: 0.0000281 seconds
[1265.820s][info ][safepoint      ] Application time: 2.6110607 seconds
[1265.820s][info ][safepoint      ] Entering safepoint region: ParallelGCFailedAllocation
[1265.820s][info ][gc,start       ] GC(167) Pause Young (Allocation Failure)
[1265.827s][debug][gc,phases      ] GC(167) Scavenge 6.888ms
[1265.827s][debug][gc,ref         ] GC(167) Skipped phase1 of Reference Processing due to unavailable references
[1265.827s][debug][gc,ref         ] GC(167) Skipped phase3 of Reference Processing due to unavailable references
[1265.827s][debug][gc,phases      ] GC(167) Reference Processing 0.037ms
[1265.827s][debug][gc,phases      ] GC(167) Weak Processing 0.159ms
[1265.827s][debug][gc,phases      ] GC(167) Scrub String Table 0.550ms
[1265.827s][debug][gc,age         ] GC(167) Desired survivor size 28835840 bytes, new threshold 15 (max threshold 15)
[1265.828s][info ][gc,heap        ] GC(167) PSYoungGen: 2054144K->18976K(2068992K)
[1265.828s][info ][gc,heap        ] GC(167) ParOldGen: 384326K->384526K(403456K)
[1265.828s][info ][gc,metaspace   ] GC(167) Metaspace: 75728K->75728K(1118208K)
[1265.828s][info ][gc             ] GC(167) Pause Young (Allocation Failure) 2381M->394M(2414M) 7.825ms
[1265.828s][info ][gc,cpu         ] GC(167) User=0.03s Sys=0.00s Real=0.00s
[1265.828s][info ][safepoint      ] Leaving safepoint region
[1265.828s][info ][safepoint      ] Total time for which application threads were stopped: 0.0080305 seconds, Stopping threads took: 0.0000346 seconds
[1268.828s][info ][safepoint      ] Application time: 3.0002190 seconds
[1268.828s][info ][safepoint      ] Entering safepoint region: Cleanup
[1268.828s][info ][safepoint      ] Leaving safepoint region
[1268.828s][info ][safepoint      ] Total time for which application threads were stopped: 0.0000673 seconds, Stopping threads took: 0.0000117 seconds
[1270.828s][info ][safepoint      ] Application time: 2.0001465 seconds
[1270.828s][info ][safepoint      ] Entering safepoint region: Cleanup
[1270.828s][info ][safepoint      ] Leaving safepoint region
[1270.828s][info ][safepoint      ] Total time for which application threads were stopped: 0.0001386 seconds, Stopping threads took: 0.0000647 seconds
[1271.828s][info ][safepoint      ] Application time: 1.0000755 seconds
[1271.828s][info ][safepoint      ] Entering safepoint region: Cleanup
[1271.828s][info ][safepoint      ] Leaving safepoint region
[1271.828s][info ][safepoint      ] Total time for which application threads were stopped: 0.0000675 seconds, Stopping threads took: 0.0000115 seconds
[1276.125s][info ][safepoint      ] Application time: 4.2963090 seconds
[1276.125s][info ][safepoint      ] Entering safepoint region: ParallelGCFailedAllocation
[1276.125s][info ][gc,start       ] GC(168) Pause Young (Allocation Failure)
[1276.134s][debug][gc,phases      ] GC(168) Scavenge 8.769ms
[1276.134s][debug][gc,ref         ] GC(168) Skipped phase1 of Reference Processing due to unavailable references
[1276.134s][debug][gc,ref         ] GC(168) Skipped phase3 of Reference Processing due to unavailable references
[1276.134s][debug][gc,phases      ] GC(168) Reference Processing 0.028ms
[1276.134s][debug][gc,phases      ] GC(168) Weak Processing 0.158ms
[1276.134s][debug][gc,phases      ] GC(168) Scrub String Table 0.465ms
[1276.134s][debug][gc,age         ] GC(168) Desired survivor size 29360128 bytes, new threshold 15 (max threshold 15)
[1276.134s][info ][gc,heap        ] GC(168) PSYoungGen: 2058784K->21936K(2067968K)
[1276.134s][info ][gc,heap        ] GC(168) ParOldGen: 384526K->386091K(403456K)
[1276.134s][info ][gc,metaspace   ] GC(168) Metaspace: 75732K->75732K(1118208K)
[1276.134s][info ][gc             ] GC(168) Pause Young (Allocation Failure) 2386M->398M(2413M) 9.551ms
[1276.134s][info ][gc,cpu         ] GC(168) User=0.04s Sys=0.00s Real=0.01s
[1276.135s][info ][safepoint      ] Leaving safepoint region
[1276.135s][info ][safepoint      ] Total time for which application threads were stopped: 0.0097028 seconds, Stopping threads took: 0.0000127 seconds
[1278.099s][info ][safepoint      ] Application time: 1.9646563 seconds
[1278.099s][info ][safepoint      ] Entering safepoint region: RevokeBias
[1278.099s][info ][safepoint      ] Leaving safepoint region
[1278.099s][info ][safepoint      ] Total time for which application threads were stopped: 0.0001070 seconds, Stopping threads took: 0.0000296 seconds
[1279.099s][info ][safepoint      ] Application time: 1.0000799 seconds
[1279.099s][info ][safepoint      ] Entering safepoint region: Cleanup
[1279.100s][info ][safepoint      ] Leaving safepoint region
[1279.100s][info ][safepoint      ] Total time for which application threads were stopped: 0.0001209 seconds, Stopping threads took: 0.0000536 seconds
[1282.100s][info ][safepoint      ] Application time: 3.0002063 seconds
[1282.100s][info ][safepoint      ] Entering safepoint region: Cleanup
[1282.100s][info ][safepoint      ] Leaving safepoint region
[1282.100s][info ][safepoint      ] Total time for which application threads were stopped: 0.0001192 seconds, Stopping threads took: 0.0000549 seconds
[1283.100s][info ][safepoint      ] Application time: 1.0000712 seconds
[1283.100s][info ][safepoint      ] Entering safepoint region: Cleanup
[1283.100s][info ][safepoint      ] Leaving safepoint region
[1283.100s][info ][safepoint      ] Total time for which application threads were stopped: 0.0000997 seconds, Stopping threads took: 0.0000385 seconds
[1286.100s][info ][safepoint      ] Application time: 3.0002111 seconds
[1286.100s][info ][safepoint      ] Entering safepoint region: Cleanup
[1286.101s][info ][safepoint      ] Leaving safepoint region
[1286.101s][info ][safepoint      ] Total time for which application threads were stopped: 0.0002726 seconds, Stopping threads took: 0.0000483 seconds
[1286.170s][info ][safepoint      ] Application time: 0.0693143 seconds
[1286.170s][info ][safepoint      ] Entering safepoint region: ParallelGCFailedAllocation
[1286.170s][info ][gc,start       ] GC(169) Pause Young (Allocation Failure)
[1286.180s][debug][gc,phases      ] GC(169) Scavenge 9.925ms
[1286.180s][debug][gc,ref         ] GC(169) Skipped phase1 of Reference Processing due to unavailable references
[1286.180s][debug][gc,ref         ] GC(169) Skipped phase2 of Reference Processing due to unavailable references
[1286.180s][debug][gc,ref         ] GC(169) Skipped phase3 of Reference Processing due to unavailable references
[1286.180s][debug][gc,phases      ] GC(169) Reference Processing 0.027ms
[1286.180s][debug][gc,phases      ] GC(169) Weak Processing 0.143ms
[1286.181s][debug][gc,phases      ] GC(169) Scrub String Table 0.484ms
[1286.181s][debug][gc,age         ] GC(169) Desired survivor size 29360128 bytes, new threshold 15 (max threshold 15)
[1286.181s][info ][gc,heap        ] GC(169) PSYoungGen: 2061744K->22848K(2068480K)
[1286.181s][info ][gc,heap        ] GC(169) ParOldGen: 386091K->387779K(403456K)
[1286.181s][info ][gc,metaspace   ] GC(169) Metaspace: 75736K->75736K(1118208K)
[1286.181s][info ][gc             ] GC(169) Pause Young (Allocation Failure) 2390M->401M(2414M) 10.714ms
[1286.181s][info ][gc,cpu         ] GC(169) User=0.04s Sys=0.00s Real=0.01s
[1286.181s][info ][safepoint      ] Leaving safepoint region
[1286.181s][info ][safepoint      ] Total time for which application threads were stopped: 0.0109000 seconds, Stopping threads took: 0.0000330 seconds
[1291.181s][info ][safepoint      ] Application time: 5.0003859 seconds
[1291.181s][info ][safepoint      ] Entering safepoint region: Cleanup
[1291.181s][info ][safepoint      ] Leaving safepoint region
[1291.181s][info ][safepoint      ] Total time for which application threads were stopped: 0.0000973 seconds, Stopping threads took: 0.0000183 seconds
[1292.182s][info ][safepoint      ] Application time: 1.0000888 seconds
[1292.182s][info ][safepoint      ] Entering safepoint region: Cleanup
[1292.182s][info ][safepoint      ] Leaving safepoint region
[1292.182s][info ][safepoint      ] Total time for which application threads were stopped: 0.0000774 seconds, Stopping threads took: 0.0000119 seconds
[1294.182s][info ][safepoint      ] Application time: 2.0001541 seconds
[1294.182s][info ][safepoint      ] Entering safepoint region: Cleanup
[1294.182s][info ][safepoint      ] Leaving safepoint region
[1294.182s][info ][safepoint      ] Total time for which application threads were stopped: 0.0000787 seconds, Stopping threads took: 0.0000149 seconds
[1295.182s][info ][safepoint      ] Application time: 1.0000651 seconds
[1295.182s][info ][safepoint      ] Entering safepoint region: Cleanup
[1295.182s][info ][safepoint      ] Leaving safepoint region
[1295.182s][info ][safepoint      ] Total time for which application threads were stopped: 0.0000991 seconds, Stopping threads took: 0.0000305 seconds
[1295.914s][info ][safepoint      ] Application time: 0.7317781 seconds
[1295.914s][info ][safepoint      ] Entering safepoint region: ParallelGCFailedAllocation
[1295.914s][info ][gc,start       ] GC(170) Pause Young (Allocation Failure)
[1295.927s][debug][gc,phases      ] GC(170) Scavenge 12.325ms
[1295.927s][debug][gc,ref         ] GC(170) Skipped phase1 of Reference Processing due to unavailable references
[1295.927s][debug][gc,ref         ] GC(170) Skipped phase2 of Reference Processing due to unavailable references
[1295.927s][debug][gc,ref         ] GC(170) Skipped phase3 of Reference Processing due to unavailable references
[1295.927s][debug][gc,phases      ] GC(170) Reference Processing 0.031ms
[1295.927s][debug][gc,phases      ] GC(170) Weak Processing 0.154ms
[1295.927s][debug][gc,phases      ] GC(170) Scrub String Table 0.485ms
[1295.927s][debug][gc,age         ] GC(170) Desired survivor size 29360128 bytes, new threshold 15 (max threshold 15)
[1295.927s][info ][gc,heap        ] GC(170) PSYoungGen: 2062656K->21616K(2068480K)
[1295.927s][info ][gc,heap        ] GC(170) ParOldGen: 387779K->391440K(403456K)
[1295.927s][info ][gc,metaspace   ] GC(170) Metaspace: 75738K->75738K(1118208K)
[1295.927s][info ][gc             ] GC(170) Pause Young (Allocation Failure) 2393M->403M(2414M) 13.155ms
[1295.927s][info ][gc,cpu         ] GC(170) User=0.05s Sys=0.00s Real=0.01s
[1295.927s][info ][safepoint      ] Leaving safepoint region
[1295.927s][info ][safepoint      ] Total time for which application threads were stopped: 0.0133117 seconds, Stopping threads took: 0.0000142 seconds
[1296.927s][info ][safepoint      ] Application time: 1.0000846 seconds
[1296.927s][info ][safepoint      ] Entering safepoint region: Cleanup
[1296.928s][info ][safepoint      ] Leaving safepoint region
[1296.928s][info ][safepoint      ] Total time for which application threads were stopped: 0.0000882 seconds, Stopping threads took: 0.0000147 seconds
[1297.928s][info ][safepoint      ] Application time: 1.0000661 seconds
[1297.928s][info ][safepoint      ] Entering safepoint region: Cleanup
[1297.928s][info ][safepoint      ] Leaving safepoint region
[1297.928s][info ][safepoint      ] Total time for which application threads were stopped: 0.0001258 seconds, Stopping threads took: 0.0000584 seconds
[1303.928s][info ][safepoint      ] Application time: 6.0004127 seconds
[1303.928s][info ][safepoint      ] Entering safepoint region: Cleanup
[1303.928s][info ][safepoint      ] Leaving safepoint region
[1303.928s][info ][safepoint      ] Total time for which application threads were stopped: 0.0000705 seconds, Stopping threads took: 0.0000127 seconds
[1304.928s][info ][safepoint      ] Application time: 1.0000693 seconds
[1304.929s][info ][safepoint      ] Entering safepoint region: Cleanup
[1304.929s][info ][safepoint      ] Leaving safepoint region
[1304.929s][info ][safepoint      ] Total time for which application threads were stopped: 0.0001221 seconds, Stopping threads took: 0.0000420 seconds
[1305.673s][info ][safepoint      ] Application time: 0.7447835 seconds
[1305.673s][info ][safepoint      ] Entering safepoint region: ParallelGCFailedAllocation
[1305.674s][info ][gc,start       ] GC(171) Pause Young (Allocation Failure)
[1305.683s][debug][gc,phases      ] GC(171) Scavenge 9.565ms
[1305.683s][debug][gc,ref         ] GC(171) Skipped phase1 of Reference Processing due to unavailable references
[1305.683s][debug][gc,ref         ] GC(171) Skipped phase2 of Reference Processing due to unavailable references
[1305.683s][debug][gc,ref         ] GC(171) Skipped phase3 of Reference Processing due to unavailable references
[1305.683s][debug][gc,phases      ] GC(171) Reference Processing 0.033ms
[1305.683s][debug][gc,phases      ] GC(171) Weak Processing 0.170ms
[1305.684s][debug][gc,phases      ] GC(171) Scrub String Table 0.515ms
[1305.684s][debug][gc,age         ] GC(171) Desired survivor size 29360128 bytes, new threshold 15 (max threshold 15)
[1305.684s][info ][gc,heap        ] GC(171) PSYoungGen: 2061424K->21472K(2068480K)
[1305.684s][info ][gc,heap        ] GC(171) ParOldGen: 391440K->391704K(403456K)
[1305.684s][info ][gc,metaspace   ] GC(171) Metaspace: 75740K->75740K(1118208K)
[1305.684s][info ][gc             ] GC(171) Pause Young (Allocation Failure) 2395M->403M(2414M) 10.427ms
[1305.684s][info ][gc,cpu         ] GC(171) User=0.04s Sys=0.00s Real=0.01s
[1305.684s][info ][safepoint      ] Leaving safepoint region
[1305.684s][info ][safepoint      ] Total time for which application threads were stopped: 0.0106257 seconds, Stopping threads took: 0.0000342 seconds
[1307.684s][info ][safepoint      ] Application time: 2.0001432 seconds
[1307.684s][info ][safepoint      ] Entering safepoint region: Cleanup
[1307.684s][info ][safepoint      ] Leaving safepoint region
[1307.684s][info ][safepoint      ] Total time for which application threads were stopped: 0.0000755 seconds, Stopping threads took: 0.0000121 seconds
[1312.685s][info ][safepoint      ] Application time: 5.0003613 seconds
[1312.685s][info ][safepoint      ] Entering safepoint region: Cleanup
[1312.685s][info ][safepoint      ] Leaving safepoint region
[1312.685s][info ][safepoint      ] Total time for which application threads were stopped: 0.0000827 seconds, Stopping threads took: 0.0000179 seconds
[1315.607s][info ][safepoint      ] Application time: 2.9217906 seconds
[1315.607s][info ][safepoint      ] Entering safepoint region: ParallelGCFailedAllocation
[1315.607s][info ][gc,start       ] GC(172) Pause Young (Allocation Failure)
[1315.614s][debug][gc,phases      ] GC(172) Scavenge 7.492ms
[1315.614s][debug][gc,ref         ] GC(172) Skipped phase1 of Reference Processing due to unavailable references
[1315.614s][debug][gc,ref         ] GC(172) Skipped phase2 of Reference Processing due to unavailable references
[1315.614s][debug][gc,ref         ] GC(172) Skipped phase3 of Reference Processing due to unavailable references
[1315.614s][debug][gc,phases      ] GC(172) Reference Processing 0.026ms
[1315.614s][debug][gc,phases      ] GC(172) Weak Processing 0.140ms
[1315.615s][debug][gc,phases      ] GC(172) Scrub String Table 0.463ms
[1315.615s][debug][gc,age         ] GC(172) Desired survivor size 28311552 bytes, new threshold 15 (max threshold 15)
[1315.615s][info ][gc,heap        ] GC(172) PSYoungGen: 2061280K->19360K(2068480K)
[1315.615s][info ][gc,heap        ] GC(172) ParOldGen: 391704K->393888K(403456K)
[1315.615s][info ][gc,metaspace   ] GC(172) Metaspace: 75741K->75741K(1118208K)
[1315.615s][info ][gc             ] GC(172) Pause Young (Allocation Failure) 2395M->403M(2414M) 8.246ms
[1315.615s][info ][gc,cpu         ] GC(172) User=0.03s Sys=0.00s Real=0.01s
[1315.615s][info ][safepoint      ] Leaving safepoint region
[1315.615s][info ][safepoint      ] Total time for which application threads were stopped: 0.0084237 seconds, Stopping threads took: 0.0000297 seconds
[1317.615s][info ][safepoint      ] Application time: 2.0001541 seconds
[1317.615s][info ][safepoint      ] Entering safepoint region: Cleanup
[1317.615s][info ][safepoint      ] Leaving safepoint region
[1317.615s][info ][safepoint      ] Total time for which application threads were stopped: 0.0001127 seconds, Stopping threads took: 0.0000488 seconds
[1324.616s][info ][safepoint      ] Application time: 7.0004988 seconds
[1324.616s][info ][safepoint      ] Entering safepoint region: Cleanup
[1324.616s][info ][safepoint      ] Leaving safepoint region
[1324.616s][info ][safepoint      ] Total time for which application threads were stopped: 0.0001424 seconds, Stopping threads took: 0.0000832 seconds
[1325.108s][info ][safepoint      ] Application time: 0.4923567 seconds
[1325.108s][info ][safepoint      ] Entering safepoint region: ParallelGCFailedAllocation
[1325.109s][info ][gc,start       ] GC(173) Pause Young (Allocation Failure)
[1325.116s][debug][gc,phases      ] GC(173) Scavenge 7.668ms
[1325.116s][debug][gc,ref         ] GC(173) Skipped phase1 of Reference Processing due to unavailable references
[1325.116s][debug][gc,ref         ] GC(173) Skipped phase2 of Reference Processing due to unavailable references
[1325.116s][debug][gc,ref         ] GC(173) Skipped phase3 of Reference Processing due to unavailable references
[1325.116s][debug][gc,phases      ] GC(173) Reference Processing 0.028ms
[1325.117s][debug][gc,phases      ] GC(173) Weak Processing 0.144ms
[1325.117s][debug][gc,phases      ] GC(173) Scrub String Table 0.431ms
[1325.117s][debug][gc,age         ] GC(173) Desired survivor size 27787264 bytes, new threshold 15 (max threshold 15)
[1325.117s][info ][gc,heap        ] GC(173) PSYoungGen: 2059168K->20512K(2070016K)
[1325.117s][info ][gc,heap        ] GC(173) ParOldGen: 393888K->394024K(403456K)
[1325.117s][info ][gc,metaspace   ] GC(173) Metaspace: 75744K->75744K(1118208K)
[1325.117s][info ][gc             ] GC(173) Pause Young (Allocation Failure) 2395M->404M(2415M) 8.412ms
[1325.117s][info ][gc,cpu         ] GC(173) User=0.04s Sys=0.00s Real=0.02s
[1325.117s][info ][safepoint      ] Leaving safepoint region
[1325.117s][info ][safepoint      ] Total time for which application threads were stopped: 0.0085705 seconds, Stopping threads took: 0.0000129 seconds
[1333.118s][info ][safepoint      ] Application time: 8.0005552 seconds
[1333.118s][info ][safepoint      ] Entering safepoint region: Cleanup
[1333.118s][info ][safepoint      ] Leaving safepoint region
[1333.118s][info ][safepoint      ] Total time for which application threads were stopped: 0.0001086 seconds, Stopping threads took: 0.0000348 seconds
[1334.272s][info ][safepoint      ] Application time: 1.1546174 seconds
[1334.272s][info ][safepoint      ] Entering safepoint region: ParallelGCFailedAllocation
[1334.273s][info ][gc,start       ] GC(174) Pause Young (Allocation Failure)
[1334.281s][debug][gc,phases      ] GC(174) Scavenge 8.158ms
[1334.281s][debug][gc,ref         ] GC(174) Skipped phase1 of Reference Processing due to unavailable references
[1334.281s][debug][gc,ref         ] GC(174) Skipped phase2 of Reference Processing due to unavailable references
[1334.281s][debug][gc,ref         ] GC(174) Skipped phase3 of Reference Processing due to unavailable references
[1334.281s][debug][gc,phases      ] GC(174) Reference Processing 0.039ms
[1334.281s][debug][gc,phases      ] GC(174) Weak Processing 0.146ms
[1334.281s][debug][gc,phases      ] GC(174) Scrub String Table 0.482ms
[1334.281s][debug][gc,age         ] GC(174) Desired survivor size 27262976 bytes, new threshold 15 (max threshold 15)
[1334.281s][info ][gc,heap        ] GC(174) PSYoungGen: 2062880K->20992K(2069504K)
[1334.281s][info ][gc,heap        ] GC(174) ParOldGen: 394024K->394416K(403456K)
[1334.281s][info ][gc,metaspace   ] GC(174) Metaspace: 75745K->75745K(1118208K)
[1334.282s][info ][gc             ] GC(174) Pause Young (Allocation Failure) 2399M->405M(2415M) 8.968ms
[1334.282s][info ][gc,cpu         ] GC(174) User=0.03s Sys=0.00s Real=0.01s
[1334.282s][info ][safepoint      ] Leaving safepoint region
[1334.282s][info ][safepoint      ] Total time for which application threads were stopped: 0.0091448 seconds, Stopping threads took: 0.0000362 seconds
[1336.282s][info ][safepoint      ] Application time: 2.0001334 seconds
[1336.282s][info ][safepoint      ] Entering safepoint region: Cleanup
[1336.282s][info ][safepoint      ] Leaving safepoint region
[1336.282s][info ][safepoint      ] Total time for which application threads were stopped: 0.0000711 seconds, Stopping threads took: 0.0000134 seconds
[1338.282s][info ][safepoint      ] Application time: 2.0001413 seconds
[1338.282s][info ][safepoint      ] Entering safepoint region: Cleanup
[1338.282s][info ][safepoint      ] Leaving safepoint region
[1338.282s][info ][safepoint      ] Total time for which application threads were stopped: 0.0000819 seconds, Stopping threads took: 0.0000150 seconds
[1343.448s][info ][safepoint      ] Application time: 5.1662664 seconds
[1343.448s][info ][safepoint      ] Entering safepoint region: ParallelGCFailedAllocation
[1343.449s][info ][gc,start       ] GC(175) Pause Young (Allocation Failure)
[1343.457s][debug][gc,phases      ] GC(175) Scavenge 8.255ms
[1343.457s][debug][gc,ref         ] GC(175) Skipped phase1 of Reference Processing due to unavailable references
[1343.457s][debug][gc,ref         ] GC(175) Skipped phase3 of Reference Processing due to unavailable references
[1343.457s][debug][gc,phases      ] GC(175) Reference Processing 0.039ms
[1343.457s][debug][gc,phases      ] GC(175) Weak Processing 0.206ms
[1343.458s][debug][gc,phases      ] GC(175) Scrub String Table 0.593ms
[1343.458s][debug][gc,age         ] GC(175) Desired survivor size 27262976 bytes, new threshold 15 (max threshold 15)
[1343.458s][info ][gc,heap        ] GC(175) PSYoungGen: 2063360K->21376K(2070528K)
[1343.458s][info ][gc,heap        ] GC(175) ParOldGen: 394416K->394568K(403456K)
[1343.458s][info ][gc,metaspace   ] GC(175) Metaspace: 75788K->75788K(1118208K)
[1343.458s][info ][gc             ] GC(175) Pause Young (Allocation Failure) 2400M->406M(2416M) 9.315ms
[1343.458s][info ][gc,cpu         ] GC(175) User=0.03s Sys=0.00s Real=0.02s
[1343.458s][info ][safepoint      ] Leaving safepoint region
[1343.458s][info ][safepoint      ] Total time for which application threads were stopped: 0.0094972 seconds, Stopping threads took: 0.0000331 seconds
[1346.458s][info ][safepoint      ] Application time: 3.0002426 seconds
[1346.458s][info ][safepoint      ] Entering safepoint region: Cleanup
[1346.458s][info ][safepoint      ] Leaving safepoint region
[1346.458s][info ][safepoint      ] Total time for which application threads were stopped: 0.0001317 seconds, Stopping threads took: 0.0000521 seconds
[1350.459s][info ][safepoint      ] Application time: 4.0002880 seconds
[1350.459s][info ][safepoint      ] Entering safepoint region: Cleanup
[1350.459s][info ][safepoint      ] Leaving safepoint region
[1350.459s][info ][safepoint      ] Total time for which application threads were stopped: 0.0001205 seconds, Stopping threads took: 0.0000527 seconds
[1352.924s][info ][safepoint      ] Application time: 2.4654784 seconds
[1352.924s][info ][safepoint      ] Entering safepoint region: ParallelGCFailedAllocation
[1352.924s][info ][gc,start       ] GC(176) Pause Young (Allocation Failure)
[1352.933s][debug][gc,phases      ] GC(176) Scavenge 8.655ms
[1352.933s][debug][gc,ref         ] GC(176) Skipped phase1 of Reference Processing due to unavailable references
[1352.933s][debug][gc,ref         ] GC(176) Skipped phase3 of Reference Processing due to unavailable references
[1352.933s][debug][gc,phases      ] GC(176) Reference Processing 0.034ms
[1352.933s][debug][gc,phases      ] GC(176) Weak Processing 0.156ms
[1352.934s][debug][gc,phases      ] GC(176) Scrub String Table 0.438ms
[1352.934s][debug][gc,age         ] GC(176) Desired survivor size 27262976 bytes, new threshold 15 (max threshold 15)
[1352.934s][info ][gc,heap        ] GC(176) PSYoungGen: 2065280K->17792K(2070528K)
[1352.934s][info ][gc,heap        ] GC(176) ParOldGen: 394568K->398593K(403456K)
[1352.934s][info ][gc,metaspace   ] GC(176) Metaspace: 75789K->75789K(1118208K)
[1352.934s][info ][gc             ] GC(176) Pause Young (Allocation Failure) 2402M->406M(2416M) 9.412ms
[1352.934s][info ][gc,cpu         ] GC(176) User=0.04s Sys=0.00s Real=0.01s
[1352.934s][info ][safepoint      ] Leaving safepoint region
[1352.934s][info ][safepoint      ] Total time for which application threads were stopped: 0.0096032 seconds, Stopping threads took: 0.0000376 seconds
[1357.934s][info ][safepoint      ] Application time: 5.0003327 seconds
[1357.934s][info ][safepoint      ] Entering safepoint region: Cleanup
[1357.934s][info ][safepoint      ] Leaving safepoint region
[1357.934s][info ][safepoint      ] Total time for which application threads were stopped: 0.0001014 seconds, Stopping threads took: 0.0000400 seconds
[1359.935s][info ][safepoint      ] Application time: 2.0001443 seconds
[1359.935s][info ][safepoint      ] Entering safepoint region: Cleanup
[1359.935s][info ][safepoint      ] Leaving safepoint region
[1359.935s][info ][safepoint      ] Total time for which application threads were stopped: 0.0000680 seconds, Stopping threads took: 0.0000136 seconds
[1361.775s][info ][safepoint      ] Application time: 1.8399612 seconds
[1361.775s][info ][safepoint      ] Entering safepoint region: ParallelGCFailedAllocation
[1361.775s][info ][gc,start       ] GC(177) Pause Young (Allocation Failure)
[1361.783s][debug][gc,phases      ] GC(177) Scavenge 8.031ms
[1361.783s][debug][gc,ref         ] GC(177) Skipped phase1 of Reference Processing due to unavailable references
[1361.783s][debug][gc,ref         ] GC(177) Skipped phase3 of Reference Processing due to unavailable references
[1361.783s][debug][gc,phases      ] GC(177) Reference Processing 0.045ms
[1361.783s][debug][gc,phases      ] GC(177) Weak Processing 0.142ms
[1361.784s][debug][gc,phases      ] GC(177) Scrub String Table 0.444ms
[1361.784s][debug][gc,age         ] GC(177) Desired survivor size 26738688 bytes, new threshold 15 (max threshold 15)
[1361.784s][info ][gc,heap        ] GC(177) PSYoungGen: 2061696K->19248K(2071040K)
[1361.784s][info ][gc,heap        ] GC(177) ParOldGen: 398593K->398925K(403456K)
[1361.784s][info ][gc,metaspace   ] GC(177) Metaspace: 75792K->75792K(1118208K)
[1361.784s][info ][gc             ] GC(177) Pause Young (Allocation Failure) 2402M->408M(2416M) 8.808ms
[1361.784s][info ][gc,cpu         ] GC(177) User=0.03s Sys=0.00s Real=0.01s
[1361.784s][info ][safepoint      ] Leaving safepoint region
[1361.784s][info ][safepoint      ] Total time for which application threads were stopped: 0.0089894 seconds, Stopping threads took: 0.0000359 seconds
[1366.784s][info ][safepoint      ] Application time: 5.0003665 seconds
[1366.784s][info ][safepoint      ] Entering safepoint region: Cleanup
[1366.784s][info ][safepoint      ] Leaving safepoint region
[1366.784s][info ][safepoint      ] Total time for which application threads were stopped: 0.0000685 seconds, Stopping threads took: 0.0000124 seconds
[1368.784s][info ][safepoint      ] Application time: 2.0001437 seconds
[1368.784s][info ][safepoint      ] Entering safepoint region: Cleanup
[1368.784s][info ][safepoint      ] Leaving safepoint region
[1368.784s][info ][safepoint      ] Total time for which application threads were stopped: 0.0000645 seconds, Stopping threads took: 0.0000115 seconds
[1370.659s][info ][safepoint      ] Application time: 1.8750277 seconds
[1370.659s][info ][safepoint      ] Entering safepoint region: ParallelGCFailedAllocation
[1370.659s][info ][gc,start       ] GC(178) Pause Young (Allocation Failure)
[1370.668s][debug][gc,phases      ] GC(178) Scavenge 8.431ms
[1370.668s][debug][gc,ref         ] GC(178) Skipped phase1 of Reference Processing due to unavailable references
[1370.668s][debug][gc,ref         ] GC(178) Skipped phase3 of Reference Processing due to unavailable references
[1370.668s][debug][gc,phases      ] GC(178) Reference Processing 0.027ms
[1370.668s][debug][gc,phases      ] GC(178) Weak Processing 0.132ms
[1370.669s][debug][gc,phases      ] GC(178) Scrub String Table 0.420ms
[1370.669s][debug][gc,age         ] GC(178) Desired survivor size 26738688 bytes, new threshold 15 (max threshold 15)
[1370.669s][info ][gc,heap        ] GC(178) PSYoungGen: 2063664K->22400K(2070528K)
[1370.669s][info ][gc,heap        ] GC(178) ParOldGen: 398925K->399013K(403456K)
[1370.669s][info ][gc,metaspace   ] GC(178) Metaspace: 75792K->75792K(1118208K)
[1370.669s][info ][gc             ] GC(178) Pause Young (Allocation Failure) 2404M->411M(2416M) 9.136ms
[1370.669s][info ][gc,cpu         ] GC(178) User=0.04s Sys=0.00s Real=0.00s
[1370.669s][info ][safepoint      ] Leaving safepoint region
[1370.669s][info ][safepoint      ] Total time for which application threads were stopped: 0.0092712 seconds, Stopping threads took: 0.0000106 seconds
[1371.669s][info ][safepoint      ] Application time: 1.0000890 seconds
[1371.669s][info ][safepoint      ] Entering safepoint region: Cleanup
[1371.669s][info ][safepoint      ] Leaving safepoint region
[1371.669s][info ][safepoint      ] Total time for which application threads were stopped: 0.0001235 seconds, Stopping threads took: 0.0000541 seconds
[1378.669s][info ][safepoint      ] Application time: 7.0005604 seconds
[1378.670s][info ][safepoint      ] Entering safepoint region: Cleanup
[1378.670s][info ][safepoint      ] Leaving safepoint region
[1378.670s][info ][safepoint      ] Total time for which application threads were stopped: 0.0001146 seconds, Stopping threads took: 0.0000538 seconds
[1379.670s][info ][safepoint      ] Application time: 1.0000756 seconds
[1379.670s][info ][safepoint      ] Entering safepoint region: Cleanup
[1379.670s][info ][safepoint      ] Leaving safepoint region
[1379.670s][info ][safepoint      ] Total time for which application threads were stopped: 0.0000988 seconds, Stopping threads took: 0.0000367 seconds
[1379.919s][info ][safepoint      ] Application time: 0.2487500 seconds
[1379.919s][info ][safepoint      ] Entering safepoint region: ParallelGCFailedAllocation
[1379.919s][info ][gc,start       ] GC(179) Pause Young (Allocation Failure)
[1379.927s][debug][gc,phases      ] GC(179) Scavenge 8.122ms
[1379.927s][debug][gc,ref         ] GC(179) Skipped phase1 of Reference Processing due to unavailable references
[1379.927s][debug][gc,ref         ] GC(179) Skipped phase3 of Reference Processing due to unavailable references
[1379.927s][debug][gc,phases      ] GC(179) Reference Processing 0.028ms
[1379.927s][debug][gc,phases      ] GC(179) Weak Processing 0.145ms
[1379.928s][debug][gc,phases      ] GC(179) Scrub String Table 0.445ms
[1379.928s][debug][gc,age         ] GC(179) Desired survivor size 27262976 bytes, new threshold 15 (max threshold 15)
[1379.928s][info ][gc,heap        ] GC(179) PSYoungGen: 2066816K->22608K(2070016K)
[1379.928s][info ][gc,heap        ] GC(179) ParOldGen: 399013K->399077K(403456K)
[1379.928s][info ][gc,metaspace   ] GC(179) Metaspace: 75796K->75796K(1118208K)
[1379.928s][info ][gc             ] GC(179) Pause Young (Allocation Failure) 2408M->411M(2415M) 8.873ms
[1379.928s][info ][gc,cpu         ] GC(179) User=0.03s Sys=0.00s Real=0.00s
[1379.928s][info ][safepoint      ] Leaving safepoint region
[1379.928s][info ][safepoint      ] Total time for which application threads were stopped: 0.0090188 seconds, Stopping threads took: 0.0000126 seconds
[1380.928s][info ][safepoint      ] Application time: 1.0000849 seconds
[1380.928s][info ][safepoint      ] Entering safepoint region: Cleanup
[1380.928s][info ][safepoint      ] Leaving safepoint region
[1380.928s][info ][safepoint      ] Total time for which application threads were stopped: 0.0001059 seconds, Stopping threads took: 0.0000475 seconds
[1384.928s][info ][safepoint      ] Application time: 4.0002893 seconds
[1384.928s][info ][safepoint      ] Entering safepoint region: Cleanup
[1384.928s][info ][safepoint      ] Leaving safepoint region
[1384.928s][info ][safepoint      ] Total time for which application threads were stopped: 0.0000927 seconds, Stopping threads took: 0.0000357 seconds
[1388.898s][info ][safepoint      ] Application time: 3.9701128 seconds
[1388.899s][info ][safepoint      ] Entering safepoint region: ParallelGCFailedAllocation
[1388.899s][info ][gc,start       ] GC(180) Pause Young (Allocation Failure)
[1388.907s][debug][gc,phases      ] GC(180) Scavenge 8.297ms
[1388.907s][debug][gc,ref         ] GC(180) Skipped phase1 of Reference Processing due to unavailable references
[1388.907s][debug][gc,ref         ] GC(180) Skipped phase3 of Reference Processing due to unavailable references
[1388.907s][debug][gc,phases      ] GC(180) Reference Processing 0.032ms
[1388.907s][debug][gc,phases      ] GC(180) Weak Processing 0.160ms
[1388.908s][debug][gc,phases      ] GC(180) Scrub String Table 0.494ms
[1388.908s][debug][gc,age         ] GC(180) Desired survivor size 28311552 bytes, new threshold 15 (max threshold 15)
[1388.908s][info ][gc,heap        ] GC(180) PSYoungGen: 2066512K->24368K(2068480K)
[1388.908s][info ][gc,heap        ] GC(180) ParOldGen: 399077K->399249K(403456K)
[1388.908s][info ][gc,metaspace   ] GC(180) Metaspace: 75801K->75801K(1118208K)
[1388.908s][info ][gc             ] GC(180) Pause Young (Allocation Failure) 2407M->413M(2414M) 9.116ms
[1388.908s][info ][gc,cpu         ] GC(180) User=0.03s Sys=0.00s Real=0.00s
[1388.908s][info ][safepoint      ] Leaving safepoint region
[1388.908s][info ][safepoint      ] Total time for which application threads were stopped: 0.0092974 seconds, Stopping threads took: 0.0000371 seconds
[1391.908s][info ][safepoint      ] Application time: 3.0002162 seconds
[1391.908s][info ][safepoint      ] Entering safepoint region: Cleanup
[1391.908s][info ][safepoint      ] Leaving safepoint region
[1391.908s][info ][safepoint      ] Total time for which application threads were stopped: 0.0001552 seconds, Stopping threads took: 0.0000802 seconds
[1392.908s][info ][safepoint      ] Application time: 1.0000602 seconds
[1392.908s][info ][safepoint      ] Entering safepoint region: Cleanup
[1392.909s][info ][safepoint      ] Leaving safepoint region
[1392.909s][info ][safepoint      ] Total time for which application threads were stopped: 0.0001549 seconds, Stopping threads took: 0.0000735 seconds
[1396.909s][info ][safepoint      ] Application time: 4.0003093 seconds
[1396.909s][info ][safepoint      ] Entering safepoint region: Cleanup
[1396.909s][info ][safepoint      ] Leaving safepoint region
[1396.909s][info ][safepoint      ] Total time for which application threads were stopped: 0.0001101 seconds, Stopping threads took: 0.0000491 seconds
[1398.077s][info ][safepoint      ] Application time: 1.1682798 seconds
[1398.077s][info ][safepoint      ] Entering safepoint region: ParallelGCFailedAllocation
[1398.077s][info ][gc,start       ] GC(181) Pause Young (Allocation Failure)
[1398.087s][debug][gc,phases      ] GC(181) Scavenge 9.617ms
[1398.087s][debug][gc,ref         ] GC(181) Skipped phase1 of Reference Processing due to unavailable references
[1398.087s][debug][gc,ref         ] GC(181) Skipped phase3 of Reference Processing due to unavailable references
[1398.087s][debug][gc,phases      ] GC(181) Reference Processing 0.026ms
[1398.087s][debug][gc,phases      ] GC(181) Weak Processing 0.119ms
[1398.088s][debug][gc,phases      ] GC(181) Scrub String Table 0.438ms
[1398.088s][debug][gc,age         ] GC(181) Desired survivor size 29360128 bytes, new threshold 15 (max threshold 15)
[1398.088s][info ][gc,heap        ] GC(181) PSYoungGen: 2068272K->25248K(2067456K)
[1398.088s][info ][gc,heap        ] GC(181) ParOldGen: 399249K->399289K(403456K)
[1398.088s][info ][gc,metaspace   ] GC(181) Metaspace: 75801K->75801K(1118208K)
[1398.088s][info ][gc             ] GC(181) Pause Young (Allocation Failure) 2409M->414M(2413M) 10.330ms
[1398.088s][info ][gc,cpu         ] GC(181) User=0.03s Sys=0.01s Real=0.00s
[1398.088s][info ][safepoint      ] Leaving safepoint region
[1398.088s][info ][safepoint      ] Total time for which application threads were stopped: 0.0105265 seconds, Stopping threads took: 0.0000560 seconds
[1402.088s][info ][safepoint      ] Application time: 4.0002552 seconds
[1402.088s][info ][safepoint      ] Entering safepoint region: Cleanup
[1402.088s][info ][safepoint      ] Leaving safepoint region
[1402.088s][info ][safepoint      ] Total time for which application threads were stopped: 0.0000889 seconds, Stopping threads took: 0.0000190 seconds
[1406.089s][info ][safepoint      ] Application time: 4.0002853 seconds
[1406.089s][info ][safepoint      ] Entering safepoint region: Cleanup
[1406.089s][info ][safepoint      ] Leaving safepoint region
[1406.089s][info ][safepoint      ] Total time for which application threads were stopped: 0.0000899 seconds, Stopping threads took: 0.0000356 seconds
[1407.318s][info ][safepoint      ] Application time: 1.2291550 seconds
[1407.318s][info ][safepoint      ] Entering safepoint region: ParallelGCFailedAllocation
[1407.318s][info ][gc,start       ] GC(182) Pause Young (Allocation Failure)
[1407.326s][debug][gc,phases      ] GC(182) Scavenge 8.334ms
[1407.326s][debug][gc,ref         ] GC(182) Skipped phase1 of Reference Processing due to unavailable references
[1407.326s][debug][gc,ref         ] GC(182) Skipped phase3 of Reference Processing due to unavailable references
[1407.326s][debug][gc,phases      ] GC(182) Reference Processing 0.027ms
[1407.327s][debug][gc,phases      ] GC(182) Weak Processing 0.136ms
[1407.327s][debug][gc,phases      ] GC(182) Scrub String Table 0.432ms
[1407.327s][debug][gc,age         ] GC(182) Desired survivor size 29884416 bytes, new threshold 15 (max threshold 15)
[1407.327s][info ][gc,heap        ] GC(182) PSYoungGen: 2065056K->25136K(2065408K)
[1407.327s][info ][gc,heap        ] GC(182) ParOldGen: 399289K->399377K(403456K)
[1407.327s][info ][gc,metaspace   ] GC(182) Metaspace: 75801K->75801K(1118208K)
[1407.327s][info ][gc             ] GC(182) Pause Young (Allocation Failure) 2406M->414M(2411M) 9.068ms
[1407.327s][info ][gc,cpu         ] GC(182) User=0.03s Sys=0.00s Real=0.00s
[1407.327s][info ][safepoint      ] Leaving safepoint region
[1407.327s][info ][safepoint      ] Total time for which application threads were stopped: 0.0092130 seconds, Stopping threads took: 0.0000133 seconds
[1408.327s][info ][safepoint      ] Application time: 1.0000805 seconds
[1408.327s][info ][safepoint      ] Entering safepoint region: Cleanup
[1408.327s][info ][safepoint      ] Leaving safepoint region
[1408.327s][info ][safepoint      ] Total time for which application threads were stopped: 0.0001006 seconds, Stopping threads took: 0.0000334 seconds
[1412.328s][info ][safepoint      ] Application time: 4.0002514 seconds
[1412.328s][info ][safepoint      ] Entering safepoint region: Cleanup
[1412.328s][info ][safepoint      ] Leaving safepoint region
[1412.328s][info ][safepoint      ] Total time for which application threads were stopped: 0.0000990 seconds, Stopping threads took: 0.0000404 seconds
[1416.328s][info ][safepoint      ] Application time: 4.0002248 seconds
[1416.328s][info ][safepoint      ] Entering safepoint region: Cleanup
[1416.328s][info ][safepoint      ] Leaving safepoint region
[1416.328s][info ][safepoint      ] Total time for which application threads were stopped: 0.0001111 seconds, Stopping threads took: 0.0000426 seconds
[1416.503s][info ][safepoint      ] Application time: 0.1752527 seconds
[1416.503s][info ][safepoint      ] Entering safepoint region: ParallelGCFailedAllocation
[1416.503s][info ][gc,start       ] GC(183) Pause Young (Allocation Failure)
[1416.512s][debug][gc,phases      ] GC(183) Scavenge 8.451ms
[1416.512s][debug][gc,ref         ] GC(183) Skipped phase1 of Reference Processing due to unavailable references
[1416.512s][debug][gc,ref         ] GC(183) Skipped phase3 of Reference Processing due to unavailable references
[1416.512s][debug][gc,ref         ] GC(183) Skipped phase4 of Reference Processing due to unavailable references
[1416.512s][debug][gc,phases      ] GC(183) Reference Processing 0.029ms
[1416.512s][debug][gc,phases      ] GC(183) Weak Processing 0.296ms
[1416.513s][debug][gc,phases      ] GC(183) Scrub String Table 0.443ms
[1416.513s][debug][gc,age         ] GC(183) Desired survivor size 29884416 bytes, new threshold 15 (max threshold 15)
[1416.513s][info ][gc,heap        ] GC(183) PSYoungGen: 2064944K->22928K(2067968K)
[1416.513s][info ][gc,heap        ] GC(183) ParOldGen: 399377K->402094K(403456K)
[1416.513s][info ][gc,metaspace   ] GC(183) Metaspace: 75818K->75818K(1118208K)
[1416.513s][info ][gc             ] GC(183) Pause Young (Allocation Failure) 2406M->415M(2413M) 9.376ms
[1416.513s][info ][gc,cpu         ] GC(183) User=0.03s Sys=0.00s Real=0.01s
[1416.513s][debug][gc,phases      ] GC(184) Pre Compact 0.010ms
[1416.513s][info ][gc,start       ] GC(184) Pause Full (Ergonomics)
[1416.513s][info ][gc,phases,start] GC(184) Marking Phase
[1416.626s][debug][gc,phases      ] GC(184) Par Mark 112.730ms
[1416.626s][debug][gc,ref         ] GC(184) Skipped phase1 of Reference Processing due to unavailable references
[1416.626s][debug][gc,ref         ] GC(184) Skipped phase3 of Reference Processing due to unavailable references
[1416.626s][debug][gc,phases      ] GC(184) Reference Processing 0.399ms
[1416.627s][debug][gc,phases      ] GC(184) Weak Processing 0.160ms
[1416.627s][debug][gc,phases      ] GC(184) ClassLoaderData 0.652ms
[1416.627s][debug][gc,phases      ] GC(184) ProtectionDomainCacheTable 0.003ms
[1416.627s][debug][gc,phases      ] GC(184) ResolvedMethodTable 0.139ms
[1416.636s][debug][gc,phases      ] GC(184) Class Unloading 9.737ms
[1416.637s][debug][gc,phases      ] GC(184) Scrub String Table 0.533ms
[1416.643s][debug][gc,phases      ] GC(184) Scrub Symbol Table 5.686ms
[1416.643s][info ][gc,phases      ] GC(184) Marking Phase 129.704ms
[1416.643s][info ][gc,phases,start] GC(184) Summary Phase
[1416.643s][info ][gc,phases      ] GC(184) Summary Phase 0.015ms
[1416.643s][info ][gc,phases,start] GC(184) Adjust Roots
[1416.662s][info ][gc,phases      ] GC(184) Adjust Roots 19.202ms
[1416.662s][info ][gc,phases,start] GC(184) Compaction Phase
[1416.755s][info ][gc,phases      ] GC(184) Compaction Phase 93.296ms
[1416.755s][info ][gc,phases,start] GC(184) Post Compact
[1416.756s][info ][gc,phases      ] GC(184) Post Compact 1.083ms
[1416.757s][info ][gc,heap        ] GC(184) PSYoungGen: 22928K->0K(2067968K)
[1416.757s][info ][gc,heap        ] GC(184) ParOldGen: 402094K->391697K(486400K)
[1416.757s][info ][gc,metaspace   ] GC(184) Metaspace: 75818K->75818K(1118208K)
[1416.757s][info ][gc             ] GC(184) Pause Full (Ergonomics) 415M->382M(2494M) 243.633ms
[1416.757s][info ][gc,cpu         ] GC(184) User=0.84s Sys=0.02s Real=0.24s
[1416.757s][info ][safepoint      ] Leaving safepoint region
[1416.757s][info ][safepoint      ] Total time for which application threads were stopped: 0.2532427 seconds, Stopping threads took: 0.0000155 seconds
[1417.757s][info ][safepoint      ] Application time: 1.0000980 seconds
[1417.757s][info ][safepoint      ] Entering safepoint region: Cleanup
[1417.757s][info ][safepoint      ] Leaving safepoint region
[1417.757s][info ][safepoint      ] Total time for which application threads were stopped: 0.0001685 seconds, Stopping threads took: 0.0000433 seconds
[1418.757s][info ][safepoint      ] Application time: 1.0000814 seconds
[1418.757s][info ][safepoint      ] Entering safepoint region: Cleanup
[1418.757s][info ][safepoint      ] Leaving safepoint region
[1418.757s][info ][safepoint      ] Total time for which application threads were stopped: 0.0001393 seconds, Stopping threads took: 0.0000374 seconds
[1419.757s][info ][safepoint      ] Application time: 1.0000912 seconds
[1419.757s][info ][safepoint      ] Entering safepoint region: Cleanup
[1419.757s][info ][safepoint      ] Leaving safepoint region
[1419.757s][info ][safepoint      ] Total time for which application threads were stopped: 0.0001152 seconds, Stopping threads took: 0.0000338 seconds
[1423.758s][info ][safepoint      ] Application time: 4.0003032 seconds
[1423.758s][info ][safepoint      ] Entering safepoint region: Cleanup
[1423.758s][info ][safepoint      ] Leaving safepoint region
[1423.758s][info ][safepoint      ] Total time for which application threads were stopped: 0.0001195 seconds, Stopping threads took: 0.0000402 seconds
[1424.758s][info ][safepoint      ] Application time: 1.0000841 seconds
[1424.758s][info ][safepoint      ] Entering safepoint region: Cleanup
[1424.758s][info ][safepoint      ] Leaving safepoint region
[1424.758s][info ][safepoint      ] Total time for which application threads were stopped: 0.0001154 seconds, Stopping threads took: 0.0000558 seconds
[1425.440s][info ][safepoint      ] Application time: 0.6822814 seconds
[1425.440s][info ][safepoint      ] Entering safepoint region: ParallelGCFailedAllocation
[1425.441s][info ][gc,start       ] GC(185) Pause Young (Allocation Failure)
[1425.444s][debug][gc,phases      ] GC(185) Scavenge 3.393ms
[1425.444s][debug][gc,ref         ] GC(185) Skipped phase1 of Reference Processing due to unavailable references
[1425.444s][debug][gc,ref         ] GC(185) Skipped phase2 of Reference Processing due to unavailable references
[1425.444s][debug][gc,ref         ] GC(185) Skipped phase3 of Reference Processing due to unavailable references
[1425.444s][debug][gc,ref         ] GC(185) Skipped phase4 of Reference Processing due to unavailable references
[1425.444s][debug][gc,phases      ] GC(185) Reference Processing 0.028ms
[1425.444s][debug][gc,phases      ] GC(185) Weak Processing 0.138ms
[1425.445s][debug][gc,phases      ] GC(185) Scrub String Table 0.458ms
[1425.445s][debug][gc,age         ] GC(185) Desired survivor size 31457280 bytes, new threshold 15 (max threshold 15)
[1425.445s][info ][gc,heap        ] GC(185) PSYoungGen: 2038784K->6384K(2064896K)
[1425.445s][info ][gc,heap        ] GC(185) ParOldGen: 391697K->391697K(486400K)
[1425.445s][info ][gc,metaspace   ] GC(185) Metaspace: 75820K->75820K(1118208K)
[1425.445s][info ][gc             ] GC(185) Pause Young (Allocation Failure) 2373M->388M(2491M) 4.160ms
[1425.445s][info ][gc,cpu         ] GC(185) User=0.01s Sys=0.00s Real=0.00s
[1425.445s][info ][safepoint      ] Leaving safepoint region
[1425.445s][info ][safepoint      ] Total time for which application threads were stopped: 0.0043184 seconds, Stopping threads took: 0.0000112 seconds
[1426.445s][info ][safepoint      ] Application time: 1.0000310 seconds
[1426.445s][info ][safepoint      ] Entering safepoint region: Cleanup
[1426.445s][info ][safepoint      ] Leaving safepoint region
[1426.445s][info ][safepoint      ] Total time for which application threads were stopped: 0.0001393 seconds, Stopping threads took: 0.0000230 seconds
[1427.445s][info ][safepoint      ] Application time: 1.0000774 seconds
[1427.445s][info ][safepoint      ] Entering safepoint region: Cleanup
[1427.445s][info ][safepoint      ] Leaving safepoint region
[1427.445s][info ][safepoint      ] Total time for which application threads were stopped: 0.0000711 seconds, Stopping threads took: 0.0000129 seconds
[1430.445s][info ][safepoint      ] Application time: 3.0001863 seconds
[1430.445s][info ][safepoint      ] Entering safepoint region: Cleanup
[1430.445s][info ][safepoint      ] Leaving safepoint region
[1430.446s][info ][safepoint      ] Total time for which application threads were stopped: 0.0000674 seconds, Stopping threads took: 0.0000142 seconds
[1431.446s][info ][safepoint      ] Application time: 1.0000655 seconds
[1431.446s][info ][safepoint      ] Entering safepoint region: Cleanup
[1431.446s][info ][safepoint      ] Leaving safepoint region
[1431.446s][info ][safepoint      ] Total time for which application threads were stopped: 0.0000670 seconds, Stopping threads took: 0.0000129 seconds
[1434.454s][info ][safepoint      ] Application time: 3.0082723 seconds
[1434.454s][info ][safepoint      ] Entering safepoint region: ParallelGCFailedAllocation
[1434.454s][info ][gc,start       ] GC(186) Pause Young (Allocation Failure)
[1434.459s][debug][gc,phases      ] GC(186) Scavenge 5.303ms
[1434.459s][debug][gc,ref         ] GC(186) Skipped phase1 of Reference Processing due to unavailable references
[1434.459s][debug][gc,ref         ] GC(186) Skipped phase2 of Reference Processing due to unavailable references
[1434.459s][debug][gc,ref         ] GC(186) Skipped phase3 of Reference Processing due to unavailable references
[1434.459s][debug][gc,ref         ] GC(186) Skipped phase4 of Reference Processing due to unavailable references
[1434.459s][debug][gc,phases      ] GC(186) Reference Processing 0.030ms
[1434.460s][debug][gc,phases      ] GC(186) Weak Processing 0.137ms
[1434.460s][debug][gc,phases      ] GC(186) Scrub String Table 0.452ms
[1434.460s][debug][gc,age         ] GC(186) Desired survivor size 33030144 bytes, new threshold 15 (max threshold 15)
[1434.460s][info ][gc,heap        ] GC(186) PSYoungGen: 2042096K->7168K(2043392K)
[1434.460s][info ][gc,heap        ] GC(186) ParOldGen: 391697K->391697K(486400K)
[1434.460s][info ][gc,metaspace   ] GC(186) Metaspace: 75822K->75822K(1118208K)
[1434.460s][info ][gc             ] GC(186) Pause Young (Allocation Failure) 2376M->389M(2470M) 6.049ms
[1434.460s][info ][gc,cpu         ] GC(186) User=0.02s Sys=0.00s Real=0.01s
[1434.460s][info ][safepoint      ] Leaving safepoint region
[1434.460s][info ][safepoint      ] Total time for which application threads were stopped: 0.0062019 seconds, Stopping threads took: 0.0000133 seconds
[1436.460s][info ][safepoint      ] Application time: 2.0001506 seconds
[1436.460s][info ][safepoint      ] Entering safepoint region: Cleanup
[1436.460s][info ][safepoint      ] Leaving safepoint region
[1436.460s][info ][safepoint      ] Total time for which application threads were stopped: 0.0000964 seconds, Stopping threads took: 0.0000342 seconds
[1437.461s][info ][safepoint      ] Application time: 1.0000742 seconds
[1437.461s][info ][safepoint      ] Entering safepoint region: Cleanup
[1437.461s][info ][safepoint      ] Leaving safepoint region
[1437.461s][info ][safepoint      ] Total time for which application threads were stopped: 0.0001183 seconds, Stopping threads took: 0.0000463 seconds
[1439.461s][info ][safepoint      ] Application time: 2.0001543 seconds
[1439.461s][info ][safepoint      ] Entering safepoint region: Cleanup
[1439.461s][info ][safepoint      ] Leaving safepoint region
[1439.461s][info ][safepoint      ] Total time for which application threads were stopped: 0.0000958 seconds, Stopping threads took: 0.0000338 seconds
[1440.461s][info ][safepoint      ] Application time: 1.0000842 seconds
[1440.461s][info ][safepoint      ] Entering safepoint region: Cleanup
[1440.461s][info ][safepoint      ] Leaving safepoint region
[1440.461s][info ][safepoint      ] Total time for which application threads were stopped: 0.0001069 seconds, Stopping threads took: 0.0000340 seconds
[1443.462s][info ][safepoint      ] Application time: 3.0002250 seconds
[1443.462s][info ][safepoint      ] Entering safepoint region: Cleanup
[1443.462s][info ][safepoint      ] Leaving safepoint region
[1443.462s][info ][safepoint      ] Total time for which application threads were stopped: 0.0001047 seconds, Stopping threads took: 0.0000394 seconds
[1443.622s][info ][safepoint      ] Application time: 0.1605609 seconds
[1443.622s][info ][safepoint      ] Entering safepoint region: ParallelGCFailedAllocation
[1443.622s][info ][gc,start       ] GC(187) Pause Young (Allocation Failure)
[1443.627s][debug][gc,phases      ] GC(187) Scavenge 4.199ms
[1443.627s][debug][gc,ref         ] GC(187) Skipped phase1 of Reference Processing due to unavailable references
[1443.627s][debug][gc,ref         ] GC(187) Skipped phase2 of Reference Processing due to unavailable references
[1443.627s][debug][gc,ref         ] GC(187) Skipped phase3 of Reference Processing due to unavailable references
[1443.627s][debug][gc,ref         ] GC(187) Skipped phase4 of Reference Processing due to unavailable references
[1443.627s][debug][gc,phases      ] GC(187) Reference Processing 0.040ms
[1443.627s][debug][gc,phases      ] GC(187) Weak Processing 0.132ms
[1443.627s][debug][gc,phases      ] GC(187) Scrub String Table 0.425ms
[1443.627s][debug][gc,age         ] GC(187) Desired survivor size 33554432 bytes, new threshold 15 (max threshold 15)
[1443.627s][info ][gc,heap        ] GC(187) PSYoungGen: 2042880K->7536K(2063872K)
[1443.627s][info ][gc,heap        ] GC(187) ParOldGen: 391697K->391697K(486400K)
[1443.627s][info ][gc,metaspace   ] GC(187) Metaspace: 75829K->75829K(1118208K)
[1443.627s][info ][gc             ] GC(187) Pause Young (Allocation Failure) 2377M->389M(2490M) 4.921ms
[1443.627s][info ][gc,cpu         ] GC(187) User=0.02s Sys=0.00s Real=0.00s
[1443.627s][info ][safepoint      ] Leaving safepoint region
[1443.627s][info ][safepoint      ] Total time for which application threads were stopped: 0.0050999 seconds, Stopping threads took: 0.0000364 seconds
[1445.627s][info ][safepoint      ] Application time: 2.0001095 seconds
[1445.628s][info ][safepoint      ] Entering safepoint region: Cleanup
[1445.628s][info ][safepoint      ] Leaving safepoint region
[1445.628s][info ][safepoint      ] Total time for which application threads were stopped: 0.0000745 seconds, Stopping threads took: 0.0000114 seconds
[1452.964s][info ][safepoint      ] Application time: 7.3360383 seconds
[1452.964s][info ][safepoint      ] Entering safepoint region: ParallelGCFailedAllocation
[1452.964s][info ][gc,start       ] GC(188) Pause Young (Allocation Failure)
[1452.968s][debug][gc,phases      ] GC(188) Scavenge 4.243ms
[1452.968s][debug][gc,ref         ] GC(188) Skipped phase1 of Reference Processing due to unavailable references
[1452.968s][debug][gc,ref         ] GC(188) Skipped phase2 of Reference Processing due to unavailable references
[1452.968s][debug][gc,ref         ] GC(188) Skipped phase3 of Reference Processing due to unavailable references
[1452.968s][debug][gc,ref         ] GC(188) Skipped phase4 of Reference Processing due to unavailable references
[1452.968s][debug][gc,phases      ] GC(188) Reference Processing 0.053ms
[1452.968s][debug][gc,phases      ] GC(188) Weak Processing 0.179ms
[1452.969s][debug][gc,phases      ] GC(188) Scrub String Table 0.643ms
[1452.969s][debug][gc,age         ] GC(188) Desired survivor size 33554432 bytes, new threshold 15 (max threshold 15)
[1452.969s][info ][gc,heap        ] GC(188) PSYoungGen: 2039152K->7904K(2064384K)
[1452.969s][info ][gc,heap        ] GC(188) ParOldGen: 391697K->391697K(486400K)
[1452.969s][info ][gc,metaspace   ] GC(188) Metaspace: 75830K->75830K(1118208K)
[1452.969s][info ][gc             ] GC(188) Pause Young (Allocation Failure) 2373M->390M(2491M) 5.251ms
[1452.969s][info ][gc,cpu         ] GC(188) User=0.01s Sys=0.00s Real=0.01s
[1452.969s][info ][safepoint      ] Leaving safepoint region
[1452.969s][info ][safepoint      ] Total time for which application threads were stopped: 0.0054175 seconds, Stopping threads took: 0.0000162 seconds
[1454.969s][info ][safepoint      ] Application time: 2.0001480 seconds
[1454.969s][info ][safepoint      ] Entering safepoint region: Cleanup
[1454.969s][info ][safepoint      ] Leaving safepoint region
[1454.969s][info ][safepoint      ] Total time for which application threads were stopped: 0.0002027 seconds, Stopping threads took: 0.0000442 seconds
[1462.252s][info ][safepoint      ] Application time: 7.2826923 seconds
[1462.252s][info ][safepoint      ] Entering safepoint region: ParallelGCFailedAllocation
[1462.252s][info ][gc,start       ] GC(189) Pause Young (Allocation Failure)
[1462.256s][debug][gc,phases      ] GC(189) Scavenge 4.107ms
[1462.256s][debug][gc,ref         ] GC(189) Skipped phase1 of Reference Processing due to unavailable references
[1462.256s][debug][gc,ref         ] GC(189) Skipped phase2 of Reference Processing due to unavailable references
[1462.256s][debug][gc,ref         ] GC(189) Skipped phase3 of Reference Processing due to unavailable references
[1462.256s][debug][gc,ref         ] GC(189) Skipped phase4 of Reference Processing due to unavailable references
[1462.257s][debug][gc,phases      ] GC(189) Reference Processing 0.040ms
[1462.257s][debug][gc,phases      ] GC(189) Weak Processing 0.142ms
[1462.257s][debug][gc,phases      ] GC(189) Scrub String Table 0.459ms
[1462.257s][debug][gc,age         ] GC(189) Desired survivor size 33554432 bytes, new threshold 15 (max threshold 15)
[1462.257s][info ][gc,heap        ] GC(189) PSYoungGen: 2039520K->8208K(2064384K)
[1462.257s][info ][gc,heap        ] GC(189) ParOldGen: 391697K->391697K(486400K)
[1462.257s][info ][gc,metaspace   ] GC(189) Metaspace: 75831K->75831K(1118208K)
[1462.257s][info ][gc             ] GC(189) Pause Young (Allocation Failure) 2374M->390M(2491M) 4.870ms
[1462.257s][info ][gc,cpu         ] GC(189) User=0.02s Sys=0.00s Real=0.01s
[1462.257s][info ][safepoint      ] Leaving safepoint region
[1462.257s][info ][safepoint      ] Total time for which application threads were stopped: 0.0050142 seconds, Stopping threads took: 0.0000137 seconds
[1463.257s][info ][safepoint      ] Application time: 1.0000717 seconds
[1463.257s][info ][safepoint      ] Entering safepoint region: Cleanup
[1463.257s][info ][safepoint      ] Leaving safepoint region
[1463.257s][info ][safepoint      ] Total time for which application threads were stopped: 0.0001151 seconds, Stopping threads took: 0.0000522 seconds
[1464.258s][info ][safepoint      ] Application time: 1.0000777 seconds
[1464.258s][info ][safepoint      ] Entering safepoint region: Cleanup
[1464.258s][info ][safepoint      ] Leaving safepoint region
[1464.258s][info ][safepoint      ] Total time for which application threads were stopped: 0.0001046 seconds, Stopping threads took: 0.0000391 seconds
[1466.258s][info ][safepoint      ] Application time: 2.0001464 seconds
[1466.258s][info ][safepoint      ] Entering safepoint region: Cleanup
[1466.258s][info ][safepoint      ] Leaving safepoint region
[1466.258s][info ][safepoint      ] Total time for which application threads were stopped: 0.0001219 seconds, Stopping threads took: 0.0000374 seconds
[1471.361s][info ][safepoint      ] Application time: 5.1032380 seconds
[1471.361s][info ][safepoint      ] Entering safepoint region: ParallelGCFailedAllocation
[1471.361s][info ][gc,start       ] GC(190) Pause Young (Allocation Failure)
[1471.366s][debug][gc,phases      ] GC(190) Scavenge 4.602ms
[1471.366s][debug][gc,ref         ] GC(190) Skipped phase1 of Reference Processing due to unavailable references
[1471.366s][debug][gc,ref         ] GC(190) Skipped phase2 of Reference Processing due to unavailable references
[1471.366s][debug][gc,ref         ] GC(190) Skipped phase3 of Reference Processing due to unavailable references
[1471.366s][debug][gc,ref         ] GC(190) Skipped phase4 of Reference Processing due to unavailable references
[1471.366s][debug][gc,phases      ] GC(190) Reference Processing 0.028ms
[1471.366s][debug][gc,phases      ] GC(190) Weak Processing 0.128ms
[1471.367s][debug][gc,phases      ] GC(190) Scrub String Table 0.417ms
[1471.367s][debug][gc,age         ] GC(190) Desired survivor size 33030144 bytes, new threshold 15 (max threshold 15)
[1471.367s][info ][gc,heap        ] GC(190) PSYoungGen: 2039824K->8960K(2064384K)
[1471.367s][info ][gc,heap        ] GC(190) ParOldGen: 391697K->391697K(486400K)
[1471.367s][info ][gc,metaspace   ] GC(190) Metaspace: 75833K->75833K(1118208K)
[1471.367s][info ][gc             ] GC(190) Pause Young (Allocation Failure) 2374M->391M(2491M) 5.296ms
[1471.367s][info ][gc,cpu         ] GC(190) User=0.02s Sys=0.00s Real=0.00s
[1471.367s][info ][safepoint      ] Leaving safepoint region
[1471.367s][info ][safepoint      ] Total time for which application threads were stopped: 0.0054517 seconds, Stopping threads took: 0.0000279 seconds
[1472.367s][info ][safepoint      ] Application time: 1.0000879 seconds
[1472.367s][info ][safepoint      ] Entering safepoint region: Cleanup
[1472.367s][info ][safepoint      ] Leaving safepoint region
[1472.367s][info ][safepoint      ] Total time for which application threads were stopped: 0.0000870 seconds, Stopping threads took: 0.0000364 seconds
[1473.367s][info ][safepoint      ] Application time: 1.0000869 seconds
[1473.367s][info ][safepoint      ] Entering safepoint region: Cleanup
[1473.367s][info ][safepoint      ] Leaving safepoint region
[1473.367s][info ][safepoint      ] Total time for which application threads were stopped: 0.0001238 seconds, Stopping threads took: 0.0000534 seconds
[1474.367s][info ][safepoint      ] Application time: 1.0000837 seconds
[1474.367s][info ][safepoint      ] Entering safepoint region: Cleanup
[1474.367s][info ][safepoint      ] Leaving safepoint region
[1474.367s][info ][safepoint      ] Total time for which application threads were stopped: 0.0000952 seconds, Stopping threads took: 0.0000336 seconds
[1476.368s][info ][safepoint      ] Application time: 2.0001411 seconds
[1476.368s][info ][safepoint      ] Entering safepoint region: Cleanup
[1476.368s][info ][safepoint      ] Leaving safepoint region
[1476.368s][info ][safepoint      ] Total time for which application threads were stopped: 0.0000892 seconds, Stopping threads took: 0.0000313 seconds
[1477.368s][info ][safepoint      ] Application time: 1.0000841 seconds
[1477.368s][info ][safepoint      ] Entering safepoint region: Cleanup
[1477.368s][info ][safepoint      ] Leaving safepoint region
[1477.368s][info ][safepoint      ] Total time for which application threads were stopped: 0.0000990 seconds, Stopping threads took: 0.0000349 seconds
[1480.349s][info ][safepoint      ] Application time: 2.9807695 seconds
[1480.349s][info ][safepoint      ] Entering safepoint region: ParallelGCFailedAllocation
[1480.349s][info ][gc,start       ] GC(191) Pause Young (Allocation Failure)
[1480.354s][debug][gc,phases      ] GC(191) Scavenge 5.209ms
[1480.354s][debug][gc,ref         ] GC(191) Skipped phase1 of Reference Processing due to unavailable references
[1480.354s][debug][gc,ref         ] GC(191) Skipped phase2 of Reference Processing due to unavailable references
[1480.354s][debug][gc,ref         ] GC(191) Skipped phase3 of Reference Processing due to unavailable references
[1480.354s][debug][gc,ref         ] GC(191) Skipped phase4 of Reference Processing due to unavailable references
[1480.354s][debug][gc,phases      ] GC(191) Reference Processing 0.045ms
[1480.354s][debug][gc,phases      ] GC(191) Weak Processing 0.126ms
[1480.355s][debug][gc,phases      ] GC(191) Scrub String Table 0.434ms
[1480.355s][debug][gc,age         ] GC(191) Desired survivor size 31981568 bytes, new threshold 15 (max threshold 15)
[1480.355s][info ][gc,heap        ] GC(191) PSYoungGen: 2040576K->10912K(2065920K)
[1480.355s][info ][gc,heap        ] GC(191) ParOldGen: 391697K->391705K(486400K)
[1480.355s][info ][gc,metaspace   ] GC(191) Metaspace: 75841K->75841K(1118208K)
[1480.355s][info ][gc             ] GC(191) Pause Young (Allocation Failure) 2375M->393M(2492M) 5.960ms
[1480.355s][info ][gc,cpu         ] GC(191) User=0.02s Sys=0.00s Real=0.00s
[1480.355s][info ][safepoint      ] Leaving safepoint region
[1480.355s][info ][safepoint      ] Total time for which application threads were stopped: 0.0061512 seconds, Stopping threads took: 0.0000324 seconds
[1481.355s][info ][safepoint      ] Application time: 1.0000765 seconds
[1481.355s][info ][safepoint      ] Entering safepoint region: Cleanup
[1481.355s][info ][safepoint      ] Leaving safepoint region
[1481.355s][info ][safepoint      ] Total time for which application threads were stopped: 0.0001007 seconds, Stopping threads took: 0.0000311 seconds
[1484.355s][info ][safepoint      ] Application time: 3.0001911 seconds
[1484.355s][info ][safepoint      ] Entering safepoint region: Cleanup
[1484.355s][info ][safepoint      ] Leaving safepoint region
[1484.355s][info ][safepoint      ] Total time for which application threads were stopped: 0.0000959 seconds, Stopping threads took: 0.0000393 seconds
[1485.355s][info ][safepoint      ] Application time: 1.0000736 seconds
[1485.356s][info ][safepoint      ] Entering safepoint region: Cleanup
[1485.356s][info ][safepoint      ] Leaving safepoint region
[1485.356s][info ][safepoint      ] Total time for which application threads were stopped: 0.0000937 seconds, Stopping threads took: 0.0000331 seconds
[1486.356s][info ][safepoint      ] Application time: 1.0000763 seconds
[1486.356s][info ][safepoint      ] Entering safepoint region: Cleanup
[1486.356s][info ][safepoint      ] Leaving safepoint region
[1486.356s][info ][safepoint      ] Total time for which application threads were stopped: 0.0001171 seconds, Stopping threads took: 0.0000528 seconds
[1489.575s][info ][safepoint      ] Application time: 3.2190304 seconds
[1489.575s][info ][safepoint      ] Entering safepoint region: ParallelGCFailedAllocation
[1489.575s][info ][gc,start       ] GC(192) Pause Young (Allocation Failure)
[1489.580s][debug][gc,phases      ] GC(192) Scavenge 5.153ms
[1489.580s][debug][gc,ref         ] GC(192) Skipped phase1 of Reference Processing due to unavailable references
[1489.580s][debug][gc,ref         ] GC(192) Skipped phase2 of Reference Processing due to unavailable references
[1489.580s][debug][gc,ref         ] GC(192) Skipped phase3 of Reference Processing due to unavailable references
[1489.580s][debug][gc,ref         ] GC(192) Skipped phase4 of Reference Processing due to unavailable references
[1489.580s][debug][gc,phases      ] GC(192) Reference Processing 0.030ms
[1489.580s][debug][gc,phases      ] GC(192) Weak Processing 0.155ms
[1489.581s][debug][gc,phases      ] GC(192) Scrub String Table 0.493ms
[1489.581s][debug][gc,age         ] GC(192) Desired survivor size 30932992 bytes, new threshold 15 (max threshold 15)
[1489.581s][info ][gc,heap        ] GC(192) PSYoungGen: 2044576K->11120K(2064896K)
[1489.581s][info ][gc,heap        ] GC(192) ParOldGen: 391705K->391705K(486400K)
[1489.581s][info ][gc,metaspace   ] GC(192) Metaspace: 75841K->75841K(1118208K)
[1489.581s][info ][gc             ] GC(192) Pause Young (Allocation Failure) 2379M->393M(2491M) 5.970ms
[1489.581s][info ][gc,cpu         ] GC(192) User=0.02s Sys=0.00s Real=0.01s
[1489.581s][info ][safepoint      ] Leaving safepoint region
[1489.581s][info ][safepoint      ] Total time for which application threads were stopped: 0.0061383 seconds, Stopping threads took: 0.0000131 seconds
[1490.581s][info ][safepoint      ] Application time: 1.0000827 seconds
[1490.581s][info ][safepoint      ] Entering safepoint region: Cleanup
[1490.581s][info ][safepoint      ] Leaving safepoint region
[1490.581s][info ][safepoint      ] Total time for which application threads were stopped: 0.0000883 seconds, Stopping threads took: 0.0000277 seconds
[1493.581s][info ][safepoint      ] Application time: 3.0002327 seconds
[1493.582s][info ][safepoint      ] Entering safepoint region: Cleanup
[1493.582s][info ][safepoint      ] Leaving safepoint region
[1493.582s][info ][safepoint      ] Total time for which application threads were stopped: 0.0000901 seconds, Stopping threads took: 0.0000179 seconds
[1494.582s][info ][safepoint      ] Application time: 1.0000713 seconds
[1494.582s][info ][safepoint      ] Entering safepoint region: Cleanup
[1494.582s][info ][safepoint      ] Leaving safepoint region
[1494.582s][info ][safepoint      ] Total time for which application threads were stopped: 0.0000710 seconds, Stopping threads took: 0.0000150 seconds
[1496.582s][info ][safepoint      ] Application time: 2.0001474 seconds
[1496.582s][info ][safepoint      ] Entering safepoint region: Cleanup
[1496.582s][info ][safepoint      ] Leaving safepoint region
[1496.582s][info ][safepoint      ] Total time for which application threads were stopped: 0.0000924 seconds, Stopping threads took: 0.0000201 seconds
[1498.618s][info ][safepoint      ] Application time: 2.0356204 seconds
[1498.618s][info ][safepoint      ] Entering safepoint region: ParallelGCFailedAllocation
[1498.618s][info ][gc,start       ] GC(193) Pause Young (Allocation Failure)
[1498.623s][debug][gc,phases      ] GC(193) Scavenge 5.074ms
[1498.623s][debug][gc,ref         ] GC(193) Skipped phase1 of Reference Processing due to unavailable references
[1498.623s][debug][gc,ref         ] GC(193) Skipped phase2 of Reference Processing due to unavailable references
[1498.623s][debug][gc,ref         ] GC(193) Skipped phase3 of Reference Processing due to unavailable references
[1498.623s][debug][gc,ref         ] GC(193) Skipped phase4 of Reference Processing due to unavailable references
[1498.623s][debug][gc,phases      ] GC(193) Reference Processing 0.031ms
[1498.623s][debug][gc,phases      ] GC(193) Weak Processing 0.147ms
[1498.624s][debug][gc,phases      ] GC(193) Scrub String Table 0.442ms
[1498.624s][debug][gc,age         ] GC(193) Desired survivor size 29884416 bytes, new threshold 15 (max threshold 15)
[1498.624s][info ][gc,heap        ] GC(193) PSYoungGen: 2044784K->11152K(2067968K)
[1498.624s][info ][gc,heap        ] GC(193) ParOldGen: 391705K->391705K(486400K)
[1498.624s][info ][gc,metaspace   ] GC(193) Metaspace: 75846K->75846K(1118208K)
[1498.624s][info ][gc             ] GC(193) Pause Young (Allocation Failure) 2379M->393M(2494M) 5.824ms
[1498.624s][info ][gc,cpu         ] GC(193) User=0.02s Sys=0.00s Real=0.00s
[1498.624s][info ][safepoint      ] Leaving safepoint region
[1498.624s][info ][safepoint      ] Total time for which application threads were stopped: 0.0059840 seconds, Stopping threads took: 0.0000138 seconds
[1507.764s][info ][safepoint      ] Application time: 9.1407167 seconds
[1507.765s][info ][safepoint      ] Entering safepoint region: ParallelGCFailedAllocation
[1507.765s][info ][gc,start       ] GC(194) Pause Young (Allocation Failure)
[1507.770s][debug][gc,phases      ] GC(194) Scavenge 5.292ms
[1507.770s][debug][gc,ref         ] GC(194) Skipped phase1 of Reference Processing due to unavailable references
[1507.770s][debug][gc,ref         ] GC(194) Skipped phase2 of Reference Processing due to unavailable references
[1507.770s][debug][gc,ref         ] GC(194) Skipped phase3 of Reference Processing due to unavailable references
[1507.770s][debug][gc,ref         ] GC(194) Skipped phase4 of Reference Processing due to unavailable references
[1507.770s][debug][gc,phases      ] GC(194) Reference Processing 0.048ms
[1507.770s][debug][gc,phases      ] GC(194) Weak Processing 0.130ms
[1507.771s][debug][gc,phases      ] GC(194) Scrub String Table 0.456ms
[1507.771s][debug][gc,age         ] GC(194) Desired survivor size 28835840 bytes, new threshold 15 (max threshold 15)
[1507.771s][info ][gc,heap        ] GC(194) PSYoungGen: 2048912K->11488K(2066944K)
[1507.771s][info ][gc,heap        ] GC(194) ParOldGen: 391705K->391705K(486400K)
[1507.771s][info ][gc,metaspace   ] GC(194) Metaspace: 75848K->75848K(1118208K)
[1507.771s][info ][gc             ] GC(194) Pause Young (Allocation Failure) 2383M->393M(2493M) 6.063ms
[1507.771s][info ][gc,cpu         ] GC(194) User=0.02s Sys=0.00s Real=0.01s
[1507.771s][info ][safepoint      ] Leaving safepoint region
[1507.771s][info ][safepoint      ] Total time for which application threads were stopped: 0.0062132 seconds, Stopping threads took: 0.0000136 seconds
[1510.771s][info ][safepoint      ] Application time: 3.0002215 seconds
[1510.771s][info ][safepoint      ] Entering safepoint region: Cleanup
[1510.771s][info ][safepoint      ] Leaving safepoint region
[1510.771s][info ][safepoint      ] Total time for which application threads were stopped: 0.0001194 seconds, Stopping threads took: 0.0000532 seconds
[1513.771s][info ][safepoint      ] Application time: 3.0002278 seconds
[1513.771s][info ][safepoint      ] Entering safepoint region: Cleanup
[1513.771s][info ][safepoint      ] Leaving safepoint region
[1513.771s][info ][safepoint      ] Total time for which application threads were stopped: 0.0001278 seconds, Stopping threads took: 0.0000577 seconds
[1514.772s][info ][safepoint      ] Application time: 1.0000845 seconds
[1514.772s][info ][safepoint      ] Entering safepoint region: Cleanup
[1514.772s][info ][safepoint      ] Leaving safepoint region
[1514.772s][info ][safepoint      ] Total time for which application threads were stopped: 0.0000761 seconds, Stopping threads took: 0.0000182 seconds
[1516.649s][info ][safepoint      ] Application time: 1.8772440 seconds
[1516.649s][info ][safepoint      ] Entering safepoint region: ParallelGCFailedAllocation
[1516.649s][info ][gc,start       ] GC(195) Pause Young (Allocation Failure)
[1516.654s][debug][gc,phases      ] GC(195) Scavenge 5.297ms
[1516.654s][debug][gc,ref         ] GC(195) Skipped phase1 of Reference Processing due to unavailable references
[1516.654s][debug][gc,ref         ] GC(195) Skipped phase2 of Reference Processing due to unavailable references
[1516.654s][debug][gc,ref         ] GC(195) Skipped phase3 of Reference Processing due to unavailable references
[1516.655s][debug][gc,phases      ] GC(195) Reference Processing 0.028ms
[1516.655s][debug][gc,phases      ] GC(195) Weak Processing 0.140ms
[1516.655s][debug][gc,phases      ] GC(195) Scrub String Table 0.425ms
[1516.655s][debug][gc,age         ] GC(195) Desired survivor size 27787264 bytes, new threshold 15 (max threshold 15)
[1516.655s][info ][gc,heap        ] GC(195) PSYoungGen: 2049248K->12352K(2070016K)
[1516.655s][info ][gc,heap        ] GC(195) ParOldGen: 391705K->391705K(486400K)
[1516.655s][info ][gc,metaspace   ] GC(195) Metaspace: 75850K->75850K(1118208K)
[1516.655s][info ][gc             ] GC(195) Pause Young (Allocation Failure) 2383M->394M(2496M) 6.018ms
[1516.655s][info ][gc,cpu         ] GC(195) User=0.02s Sys=0.00s Real=0.00s
[1516.655s][info ][safepoint      ] Leaving safepoint region
[1516.655s][info ][safepoint      ] Total time for which application threads were stopped: 0.0061781 seconds, Stopping threads took: 0.0000290 seconds
[1517.655s][info ][safepoint      ] Application time: 1.0000767 seconds
[1517.655s][info ][safepoint      ] Entering safepoint region: Cleanup
[1517.655s][info ][safepoint      ] Leaving safepoint region
[1517.655s][info ][safepoint      ] Total time for which application threads were stopped: 0.0001370 seconds, Stopping threads took: 0.0000341 seconds
[1518.656s][info ][safepoint      ] Application time: 1.0000749 seconds
[1518.656s][info ][safepoint      ] Entering safepoint region: Cleanup
[1518.656s][info ][safepoint      ] Leaving safepoint region
[1518.656s][info ][safepoint      ] Total time for which application threads were stopped: 0.0001095 seconds, Stopping threads took: 0.0000461 seconds
[1524.239s][info ][safepoint      ] Application time: 5.5831077 seconds
[1524.239s][info ][safepoint      ] Entering safepoint region: ParallelGCFailedAllocation
[1524.239s][info ][gc,start       ] GC(196) Pause Young (Allocation Failure)
[1524.261s][debug][gc,phases      ] GC(196) Scavenge 22.103ms
[1524.261s][debug][gc,ref         ] GC(196) Skipped phase1 of Reference Processing due to unavailable references
[1524.261s][debug][gc,ref         ] GC(196) Skipped phase2 of Reference Processing due to unavailable references
[1524.261s][debug][gc,ref         ] GC(196) Skipped phase3 of Reference Processing due to unavailable references
[1524.261s][debug][gc,phases      ] GC(196) Reference Processing 0.039ms
[1524.261s][debug][gc,phases      ] GC(196) Weak Processing 0.189ms
[1524.262s][debug][gc,phases      ] GC(196) Scrub String Table 0.586ms
[1524.262s][debug][gc,age         ] GC(196) Desired survivor size 27262976 bytes, new threshold 15 (max threshold 15)
[1524.262s][info ][gc,heap        ] GC(196) PSYoungGen: 2054208K->16032K(2068992K)
[1524.262s][info ][gc,heap        ] GC(196) ParOldGen: 391705K->391705K(486400K)
[1524.262s][info ][gc,metaspace   ] GC(196) Metaspace: 75856K->75856K(1118208K)
[1524.262s][info ][gc             ] GC(196) Pause Young (Allocation Failure) 2388M->398M(2495M) 23.069ms
[1524.262s][info ][gc,cpu         ] GC(196) User=0.05s Sys=0.00s Real=0.02s
[1524.262s][info ][safepoint      ] Leaving safepoint region
[1524.262s][info ][safepoint      ] Total time for which application threads were stopped: 0.0232592 seconds, Stopping threads took: 0.0000186 seconds
[1525.262s][info ][safepoint      ] Application time: 1.0000844 seconds
[1525.262s][info ][safepoint      ] Entering safepoint region: Cleanup
[1525.262s][info ][safepoint      ] Leaving safepoint region
[1525.262s][info ][safepoint      ] Total time for which application threads were stopped: 0.0001232 seconds, Stopping threads took: 0.0000452 seconds
[1526.262s][info ][safepoint      ] Application time: 1.0000725 seconds
[1526.262s][info ][safepoint      ] Entering safepoint region: Cleanup
[1526.263s][info ][safepoint      ] Leaving safepoint region
[1526.263s][info ][safepoint      ] Total time for which application threads were stopped: 0.0001344 seconds, Stopping threads took: 0.0000616 seconds
[1530.263s][info ][safepoint      ] Application time: 4.0002476 seconds
[1530.263s][info ][safepoint      ] Entering safepoint region: Cleanup
[1530.263s][info ][safepoint      ] Leaving safepoint region
[1530.263s][info ][safepoint      ] Total time for which application threads were stopped: 0.0001082 seconds, Stopping threads took: 0.0000436 seconds
[1533.360s][info ][safepoint      ] Application time: 3.0970517 seconds
[1533.360s][info ][safepoint      ] Entering safepoint region: ParallelGCFailedAllocation
[1533.360s][info ][gc,start       ] GC(197) Pause Young (Allocation Failure)
[1533.368s][debug][gc,phases      ] GC(197) Scavenge 7.463ms
[1533.368s][debug][gc,ref         ] GC(197) Skipped phase1 of Reference Processing due to unavailable references
[1533.368s][debug][gc,ref         ] GC(197) Skipped phase2 of Reference Processing due to unavailable references
[1533.368s][debug][gc,ref         ] GC(197) Skipped phase3 of Reference Processing due to unavailable references
[1533.368s][debug][gc,phases      ] GC(197) Reference Processing 0.039ms
[1533.368s][debug][gc,phases      ] GC(197) Weak Processing 0.160ms
[1533.368s][debug][gc,phases      ] GC(197) Scrub String Table 0.496ms
[1533.368s][debug][gc,age         ] GC(197) Desired survivor size 27262976 bytes, new threshold 15 (max threshold 15)
[1533.368s][info ][gc,heap        ] GC(197) PSYoungGen: 2057888K->16912K(2070528K)
[1533.368s][info ][gc,heap        ] GC(197) ParOldGen: 391705K->391705K(486400K)
[1533.368s][info ][gc,metaspace   ] GC(197) Metaspace: 75858K->75858K(1118208K)
[1533.368s][info ][gc             ] GC(197) Pause Young (Allocation Failure) 2392M->399M(2497M) 8.321ms
[1533.368s][info ][gc,cpu         ] GC(197) User=0.03s Sys=0.00s Real=0.00s
[1533.369s][info ][safepoint      ] Leaving safepoint region
[1533.369s][info ][safepoint      ] Total time for which application threads were stopped: 0.0085083 seconds, Stopping threads took: 0.0000207 seconds
[1534.369s][info ][safepoint      ] Application time: 1.0000904 seconds
[1534.369s][info ][safepoint      ] Entering safepoint region: Cleanup
[1534.369s][info ][safepoint      ] Leaving safepoint region
[1534.369s][info ][safepoint      ] Total time for which application threads were stopped: 0.0001158 seconds, Stopping threads took: 0.0000368 seconds
[1535.369s][info ][safepoint      ] Application time: 1.0000654 seconds
[1535.369s][info ][safepoint      ] Entering safepoint region: Cleanup
[1535.369s][info ][safepoint      ] Leaving safepoint region
[1535.369s][info ][safepoint      ] Total time for which application threads were stopped: 0.0001250 seconds, Stopping threads took: 0.0000337 seconds
[1542.399s][info ][safepoint      ] Application time: 7.0296366 seconds
[1542.399s][info ][safepoint      ] Entering safepoint region: ParallelGCFailedAllocation
[1542.399s][info ][gc,start       ] GC(198) Pause Young (Allocation Failure)
[1542.405s][debug][gc,phases      ] GC(198) Scavenge 6.343ms
[1542.405s][debug][gc,ref         ] GC(198) Skipped phase1 of Reference Processing due to unavailable references
[1542.405s][debug][gc,ref         ] GC(198) Skipped phase2 of Reference Processing due to unavailable references
[1542.405s][debug][gc,ref         ] GC(198) Skipped phase3 of Reference Processing due to unavailable references
[1542.405s][debug][gc,phases      ] GC(198) Reference Processing 0.035ms
[1542.405s][debug][gc,phases      ] GC(198) Weak Processing 0.175ms
[1542.406s][debug][gc,phases      ] GC(198) Scrub String Table 0.572ms
[1542.406s][debug][gc,age         ] GC(198) Desired survivor size 27262976 bytes, new threshold 15 (max threshold 15)
[1542.406s][info ][gc,heap        ] GC(198) PSYoungGen: 2060816K->17264K(2070528K)
[1542.406s][info ][gc,heap        ] GC(198) ParOldGen: 391705K->391705K(486400K)
[1542.406s][info ][gc,metaspace   ] GC(198) Metaspace: 75859K->75859K(1118208K)
[1542.406s][info ][gc             ] GC(198) Pause Young (Allocation Failure) 2395M->399M(2497M) 7.279ms
[1542.406s][info ][gc,cpu         ] GC(198) User=0.02s Sys=0.00s Real=0.00s
[1542.406s][info ][safepoint      ] Leaving safepoint region
[1542.406s][info ][safepoint      ] Total time for which application threads were stopped: 0.0074760 seconds, Stopping threads took: 0.0000335 seconds
[1544.406s][info ][safepoint      ] Application time: 2.0001068 seconds
[1544.406s][info ][safepoint      ] Entering safepoint region: Cleanup
[1544.406s][info ][safepoint      ] Leaving safepoint region
[1544.406s][info ][safepoint      ] Total time for which application threads were stopped: 0.0001075 seconds, Stopping threads took: 0.0000420 seconds
[1549.407s][info ][safepoint      ] Application time: 5.0003533 seconds
[1549.407s][info ][safepoint      ] Entering safepoint region: Cleanup
[1549.407s][info ][safepoint      ] Leaving safepoint region
[1549.407s][info ][safepoint      ] Total time for which application threads were stopped: 0.0001045 seconds, Stopping threads took: 0.0000346 seconds
[1551.407s][info ][safepoint      ] Application time: 2.0001428 seconds
[1551.407s][info ][safepoint      ] Entering safepoint region: Cleanup
[1551.407s][info ][safepoint      ] Leaving safepoint region
[1551.407s][info ][safepoint      ] Total time for which application threads were stopped: 0.0001244 seconds, Stopping threads took: 0.0000451 seconds
[1551.519s][info ][safepoint      ] Application time: 0.1114810 seconds
[1551.519s][info ][safepoint      ] Entering safepoint region: ParallelGCFailedAllocation
[1551.519s][info ][gc,start       ] GC(199) Pause Young (Allocation Failure)
[1551.526s][debug][gc,phases      ] GC(199) Scavenge 7.182ms
[1551.526s][debug][gc,ref         ] GC(199) Skipped phase1 of Reference Processing due to unavailable references
[1551.526s][debug][gc,ref         ] GC(199) Skipped phase2 of Reference Processing due to unavailable references
[1551.526s][debug][gc,ref         ] GC(199) Skipped phase3 of Reference Processing due to unavailable references
[1551.526s][debug][gc,phases      ] GC(199) Reference Processing 0.028ms
[1551.526s][debug][gc,phases      ] GC(199) Weak Processing 0.128ms
[1551.527s][debug][gc,phases      ] GC(199) Scrub String Table 0.444ms
[1551.527s][debug][gc,age         ] GC(199) Desired survivor size 27262976 bytes, new threshold 15 (max threshold 15)
[1551.527s][info ][gc,heap        ] GC(199) PSYoungGen: 2061168K->17552K(2070528K)
[1551.527s][info ][gc,heap        ] GC(199) ParOldGen: 391705K->391705K(486400K)
[1551.527s][info ][gc,metaspace   ] GC(199) Metaspace: 75870K->75870K(1118208K)
[1551.527s][info ][gc             ] GC(199) Pause Young (Allocation Failure) 2395M->399M(2497M) 7.929ms
[1551.527s][info ][gc,cpu         ] GC(199) User=0.03s Sys=0.00s Real=0.00s
[1551.527s][info ][safepoint      ] Leaving safepoint region
[1551.527s][info ][safepoint      ] Total time for which application threads were stopped: 0.0080921 seconds, Stopping threads took: 0.0000128 seconds
[1553.527s][info ][safepoint      ] Application time: 2.0001501 seconds
[1553.527s][info ][safepoint      ] Entering safepoint region: Cleanup
[1553.527s][info ][safepoint      ] Leaving safepoint region
[1553.527s][info ][safepoint      ] Total time for which application threads were stopped: 0.0001092 seconds, Stopping threads took: 0.0000435 seconds
[1554.527s][info ][safepoint      ] Application time: 1.0000770 seconds
[1554.527s][info ][safepoint      ] Entering safepoint region: Cleanup
[1554.527s][info ][safepoint      ] Leaving safepoint region
[1554.527s][info ][safepoint      ] Total time for which application threads were stopped: 0.0000975 seconds, Stopping threads took: 0.0000341 seconds
[1556.528s][info ][safepoint      ] Application time: 2.0001395 seconds
[1556.528s][info ][safepoint      ] Entering safepoint region: Cleanup
[1556.528s][info ][safepoint      ] Leaving safepoint region
[1556.528s][info ][safepoint      ] Total time for which application threads were stopped: 0.0000829 seconds, Stopping threads took: 0.0000136 seconds
[1557.528s][info ][safepoint      ] Application time: 1.0000688 seconds
[1557.528s][info ][safepoint      ] Entering safepoint region: Cleanup
[1557.528s][info ][safepoint      ] Leaving safepoint region
[1557.528s][info ][safepoint      ] Total time for which application threads were stopped: 0.0001189 seconds, Stopping threads took: 0.0000347 seconds
[1560.149s][info ][safepoint      ] Application time: 2.6213497 seconds
[1560.149s][info ][safepoint      ] Entering safepoint region: ParallelGCFailedAllocation
[1560.149s][info ][gc,start       ] GC(200) Pause Young (Allocation Failure)
[1560.156s][debug][gc,phases      ] GC(200) Scavenge 6.951ms
[1560.156s][debug][gc,ref         ] GC(200) Skipped phase1 of Reference Processing due to unavailable references
[1560.156s][debug][gc,ref         ] GC(200) Skipped phase2 of Reference Processing due to unavailable references
[1560.156s][debug][gc,ref         ] GC(200) Skipped phase3 of Reference Processing due to unavailable references
[1560.156s][debug][gc,phases      ] GC(200) Reference Processing 0.031ms
[1560.157s][debug][gc,phases      ] GC(200) Weak Processing 0.134ms
[1560.157s][debug][gc,phases      ] GC(200) Scrub String Table 0.458ms
[1560.157s][debug][gc,age         ] GC(200) Desired survivor size 26214400 bytes, new threshold 15 (max threshold 15)
[1560.157s][info ][gc,heap        ] GC(200) PSYoungGen: 2061456K->15728K(2070528K)
[1560.157s][info ][gc,heap        ] GC(200) ParOldGen: 391705K->394001K(486400K)
[1560.157s][info ][gc,metaspace   ] GC(200) Metaspace: 75881K->75881K(1118208K)
[1560.157s][info ][gc             ] GC(200) Pause Young (Allocation Failure) 2395M->400M(2497M) 7.699ms
[1560.157s][info ][gc,cpu         ] GC(200) User=0.03s Sys=0.00s Real=0.01s
[1560.157s][info ][safepoint      ] Leaving safepoint region
[1560.157s][info ][safepoint      ] Total time for which application threads were stopped: 0.0079139 seconds, Stopping threads took: 0.0000440 seconds
[1561.157s][info ][safepoint      ] Application time: 1.0001018 seconds
[1561.157s][info ][safepoint      ] Entering safepoint region: Cleanup
[1561.157s][info ][safepoint      ] Leaving safepoint region
[1561.157s][info ][safepoint      ] Total time for which application threads were stopped: 0.0001180 seconds, Stopping threads took: 0.0000406 seconds
[1568.698s][info ][safepoint      ] Application time: 7.5407970 seconds
[1568.698s][info ][safepoint      ] Entering safepoint region: ParallelGCFailedAllocation
[1568.698s][info ][gc,start       ] GC(201) Pause Young (Allocation Failure)
[1568.706s][debug][gc,phases      ] GC(201) Scavenge 7.115ms
[1568.706s][debug][gc,ref         ] GC(201) Skipped phase1 of Reference Processing due to unavailable references
[1568.706s][debug][gc,ref         ] GC(201) Skipped phase2 of Reference Processing due to unavailable references
[1568.706s][debug][gc,ref         ] GC(201) Skipped phase3 of Reference Processing due to unavailable references
[1568.706s][debug][gc,phases      ] GC(201) Reference Processing 0.035ms
[1568.706s][debug][gc,phases      ] GC(201) Weak Processing 0.162ms
[1568.706s][debug][gc,phases      ] GC(201) Scrub String Table 0.520ms
[1568.706s][debug][gc,age         ] GC(201) Desired survivor size 25165824 bytes, new threshold 15 (max threshold 15)
[1568.706s][info ][gc,heap        ] GC(201) PSYoungGen: 2059632K->15040K(2072576K)
[1568.706s][info ][gc,heap        ] GC(201) ParOldGen: 394001K->395146K(486400K)
[1568.706s][info ][gc,metaspace   ] GC(201) Metaspace: 75889K->75889K(1118208K)
[1568.706s][info ][gc             ] GC(201) Pause Young (Allocation Failure) 2396M->400M(2499M) 7.984ms
[1568.706s][info ][gc,cpu         ] GC(201) User=0.02s Sys=0.00s Real=0.00s
[1568.706s][info ][safepoint      ] Leaving safepoint region
[1568.706s][info ][safepoint      ] Total time for which application threads were stopped: 0.0081606 seconds, Stopping threads took: 0.0000335 seconds
[1574.707s][info ][safepoint      ] Application time: 6.0004812 seconds
[1574.707s][info ][safepoint      ] Entering safepoint region: Cleanup
[1574.707s][info ][safepoint      ] Leaving safepoint region
[1574.707s][info ][safepoint      ] Total time for which application threads were stopped: 0.0001091 seconds, Stopping threads took: 0.0000354 seconds
[1577.210s][info ][safepoint      ] Application time: 2.5025844 seconds
[1577.210s][info ][safepoint      ] Entering safepoint region: ParallelGCFailedAllocation
[1577.210s][info ][gc,start       ] GC(202) Pause Young (Allocation Failure)
[1577.217s][debug][gc,phases      ] GC(202) Scavenge 7.072ms
[1577.217s][debug][gc,ref         ] GC(202) Skipped phase1 of Reference Processing due to unavailable references
[1577.217s][debug][gc,ref         ] GC(202) Skipped phase2 of Reference Processing due to unavailable references
[1577.217s][debug][gc,ref         ] GC(202) Skipped phase3 of Reference Processing due to unavailable references
[1577.217s][debug][gc,phases      ] GC(202) Reference Processing 0.040ms
[1577.217s][debug][gc,phases      ] GC(202) Weak Processing 0.159ms
[1577.218s][debug][gc,phases      ] GC(202) Scrub String Table 0.456ms
[1577.218s][debug][gc,age         ] GC(202) Desired survivor size 24641536 bytes, new threshold 15 (max threshold 15)
[1577.218s][info ][gc,heap        ] GC(202) PSYoungGen: 2062016K->15552K(2071552K)
[1577.218s][info ][gc,heap        ] GC(202) ParOldGen: 395146K->395290K(486400K)
[1577.218s][info ][gc,metaspace   ] GC(202) Metaspace: 75897K->75897K(1118208K)
[1577.218s][info ][gc             ] GC(202) Pause Young (Allocation Failure) 2399M->401M(2498M) 7.882ms
[1577.218s][info ][gc,cpu         ] GC(202) User=0.03s Sys=0.00s Real=0.01s
[1577.218s][info ][safepoint      ] Leaving safepoint region
[1577.218s][info ][safepoint      ] Total time for which application threads were stopped: 0.0080803 seconds, Stopping threads took: 0.0000199 seconds
[1578.098s][info ][safepoint      ] Application time: 0.8801741 seconds
[1578.098s][info ][safepoint      ] Entering safepoint region: RevokeBias
[1578.098s][info ][safepoint      ] Leaving safepoint region
[1578.098s][info ][safepoint      ] Total time for which application threads were stopped: 0.0001148 seconds, Stopping threads took: 0.0000359 seconds
[1578.173s][info ][safepoint      ] Application time: 0.0745220 seconds
[1578.173s][info ][safepoint      ] Entering safepoint region: RevokeBias
[1578.173s][info ][safepoint      ] Leaving safepoint region
[1578.173s][info ][safepoint      ] Total time for which application threads were stopped: 0.0000868 seconds, Stopping threads took: 0.0000355 seconds
[1579.173s][info ][safepoint      ] Application time: 1.0000784 seconds
[1579.173s][info ][safepoint      ] Entering safepoint region: Cleanup
[1579.173s][info ][safepoint      ] Leaving safepoint region
[1579.173s][info ][safepoint      ] Total time for which application threads were stopped: 0.0000903 seconds, Stopping threads took: 0.0000339 seconds
[1580.173s][info ][safepoint      ] Application time: 1.0000749 seconds
[1580.173s][info ][safepoint      ] Entering safepoint region: Cleanup
[1580.173s][info ][safepoint      ] Leaving safepoint region
[1580.173s][info ][safepoint      ] Total time for which application threads were stopped: 0.0001313 seconds, Stopping threads took: 0.0000515 seconds
[1581.173s][info ][safepoint      ] Application time: 1.0000819 seconds
[1581.173s][info ][safepoint      ] Entering safepoint region: Cleanup
[1581.174s][info ][safepoint      ] Leaving safepoint region
[1581.174s][info ][safepoint      ] Total time for which application threads were stopped: 0.0000955 seconds, Stopping threads took: 0.0000334 seconds
[1585.174s][info ][safepoint      ] Application time: 4.0003431 seconds
[1585.174s][info ][safepoint      ] Entering safepoint region: Cleanup
[1585.174s][info ][safepoint      ] Leaving safepoint region
[1585.174s][info ][safepoint      ] Total time for which application threads were stopped: 0.0000862 seconds, Stopping threads took: 0.0000328 seconds
[1586.032s][info ][safepoint      ] Application time: 0.8584468 seconds
[1586.032s][info ][safepoint      ] Entering safepoint region: ParallelGCFailedAllocation
[1586.033s][info ][gc,start       ] GC(203) Pause Young (Allocation Failure)
[1586.040s][debug][gc,phases      ] GC(203) Scavenge 7.742ms
[1586.040s][debug][gc,ref         ] GC(203) Skipped phase1 of Reference Processing due to unavailable references
[1586.040s][debug][gc,ref         ] GC(203) Skipped phase2 of Reference Processing due to unavailable references
[1586.040s][debug][gc,ref         ] GC(203) Skipped phase3 of Reference Processing due to unavailable references
[1586.040s][debug][gc,phases      ] GC(203) Reference Processing 0.028ms
[1586.041s][debug][gc,phases      ] GC(203) Weak Processing 0.132ms
[1586.041s][debug][gc,phases      ] GC(203) Scrub String Table 0.451ms
[1586.041s][debug][gc,age         ] GC(203) Desired survivor size 24641536 bytes, new threshold 15 (max threshold 15)
[1586.041s][info ][gc,heap        ] GC(203) PSYoungGen: 2062528K->18192K(2073088K)
[1586.041s][info ][gc,heap        ] GC(203) ParOldGen: 395290K->395338K(486400K)
[1586.041s][info ][gc,metaspace   ] GC(203) Metaspace: 75902K->75902K(1118208K)
[1586.041s][info ][gc             ] GC(203) Pause Young (Allocation Failure) 2400M->403M(2499M) 8.483ms
[1586.041s][info ][gc,cpu         ] GC(203) User=0.03s Sys=0.00s Real=0.01s
[1586.041s][info ][safepoint      ] Leaving safepoint region
[1586.041s][info ][safepoint      ] Total time for which application threads were stopped: 0.0086376 seconds, Stopping threads took: 0.0000123 seconds
[1593.042s][info ][safepoint      ] Application time: 7.0004578 seconds
[1593.042s][info ][safepoint      ] Entering safepoint region: Cleanup
[1593.042s][info ][safepoint      ] Leaving safepoint region
[1593.042s][info ][safepoint      ] Total time for which application threads were stopped: 0.0001052 seconds, Stopping threads took: 0.0000132 seconds
[1594.909s][info ][safepoint      ] Application time: 1.8674659 seconds
[1594.909s][info ][safepoint      ] Entering safepoint region: ParallelGCFailedAllocation
[1594.909s][info ][gc,start       ] GC(204) Pause Young (Allocation Failure)
[1594.917s][debug][gc,phases      ] GC(204) Scavenge 7.699ms
[1594.917s][debug][gc,ref         ] GC(204) Skipped phase1 of Reference Processing due to unavailable references
[1594.917s][debug][gc,ref         ] GC(204) Skipped phase2 of Reference Processing due to unavailable references
[1594.917s][debug][gc,ref         ] GC(204) Skipped phase3 of Reference Processing due to unavailable references
[1594.917s][debug][gc,phases      ] GC(204) Reference Processing 0.039ms
[1594.917s][debug][gc,phases      ] GC(204) Weak Processing 0.147ms
[1594.918s][debug][gc,phases      ] GC(204) Scrub String Table 0.425ms
[1594.918s][debug][gc,age         ] GC(204) Desired survivor size 25165824 bytes, new threshold 15 (max threshold 15)
[1594.918s][info ][gc,heap        ] GC(204) PSYoungGen: 2067216K->18032K(2067456K)
[1594.918s][info ][gc,heap        ] GC(204) ParOldGen: 395338K->395534K(486400K)
[1594.918s][info ][gc,metaspace   ] GC(204) Metaspace: 75906K->75906K(1118208K)
[1594.918s][info ][gc             ] GC(204) Pause Young (Allocation Failure) 2404M->403M(2494M) 8.451ms
[1594.918s][info ][gc,cpu         ] GC(204) User=0.03s Sys=0.00s Real=0.01s
[1594.918s][info ][safepoint      ] Leaving safepoint region
[1594.918s][info ][safepoint      ] Total time for which application threads were stopped: 0.0086007 seconds, Stopping threads took: 0.0000151 seconds
[1596.918s][info ][safepoint      ] Application time: 2.0001513 seconds
[1596.918s][info ][safepoint      ] Entering safepoint region: Cleanup
[1596.918s][info ][safepoint      ] Leaving safepoint region
[1596.918s][info ][safepoint      ] Total time for which application threads were stopped: 0.0000941 seconds, Stopping threads took: 0.0000340 seconds
[1600.918s][info ][safepoint      ] Application time: 4.0003127 seconds
[1600.919s][info ][safepoint      ] Entering safepoint region: Cleanup
[1600.919s][info ][safepoint      ] Leaving safepoint region
[1600.919s][info ][safepoint      ] Total time for which application threads were stopped: 0.0001057 seconds, Stopping threads took: 0.0000338 seconds
[1603.707s][info ][safepoint      ] Application time: 2.7880682 seconds
[1603.707s][info ][safepoint      ] Entering safepoint region: ParallelGCFailedAllocation
[1603.707s][info ][gc,start       ] GC(205) Pause Young (Allocation Failure)
[1603.715s][debug][gc,phases      ] GC(205) Scavenge 7.848ms
[1603.715s][debug][gc,ref         ] GC(205) Skipped phase1 of Reference Processing due to unavailable references
[1603.715s][debug][gc,ref         ] GC(205) Skipped phase2 of Reference Processing due to unavailable references
[1603.715s][debug][gc,ref         ] GC(205) Skipped phase3 of Reference Processing due to unavailable references
[1603.715s][debug][gc,phases      ] GC(205) Reference Processing 0.029ms
[1603.715s][debug][gc,phases      ] GC(205) Weak Processing 0.144ms
[1603.715s][debug][gc,phases      ] GC(205) Scrub String Table 0.460ms
[1603.715s][debug][gc,age         ] GC(205) Desired survivor size 25165824 bytes, new threshold 15 (max threshold 15)
[1603.715s][info ][gc,heap        ] GC(205) PSYoungGen: 2067056K->18624K(2072576K)
[1603.715s][info ][gc,heap        ] GC(205) ParOldGen: 395534K->395650K(486400K)
[1603.715s][info ][gc,metaspace   ] GC(205) Metaspace: 75906K->75906K(1118208K)
[1603.715s][info ][gc             ] GC(205) Pause Young (Allocation Failure) 2404M->404M(2499M) 8.614ms
[1603.715s][info ][gc,cpu         ] GC(205) User=0.03s Sys=0.00s Real=0.01s
[1603.715s][info ][safepoint      ] Leaving safepoint region
[1603.715s][info ][safepoint      ] Total time for which application threads were stopped: 0.0088062 seconds, Stopping threads took: 0.0000126 seconds
[1605.716s][info ][safepoint      ] Application time: 2.0001589 seconds
[1605.716s][info ][safepoint      ] Entering safepoint region: Cleanup
[1605.716s][info ][safepoint      ] Leaving safepoint region
[1605.716s][info ][safepoint      ] Total time for which application threads were stopped: 0.0000922 seconds, Stopping threads took: 0.0000350 seconds
[1609.716s][info ][safepoint      ] Application time: 4.0003116 seconds
[1609.716s][info ][safepoint      ] Entering safepoint region: Cleanup
[1609.717s][info ][safepoint      ] Leaving safepoint region
[1609.717s][info ][safepoint      ] Total time for which application threads were stopped: 0.0004864 seconds, Stopping threads took: 0.0004092 seconds
[1610.717s][info ][safepoint      ] Application time: 1.0000953 seconds
[1610.717s][info ][safepoint      ] Entering safepoint region: Cleanup
[1610.717s][info ][safepoint      ] Leaving safepoint region
[1610.717s][info ][safepoint      ] Total time for which application threads were stopped: 0.0001134 seconds, Stopping threads took: 0.0000363 seconds
[1611.717s][info ][safepoint      ] Application time: 1.0000892 seconds
[1611.717s][info ][safepoint      ] Entering safepoint region: Cleanup
[1611.717s][info ][safepoint      ] Leaving safepoint region
[1611.717s][info ][safepoint      ] Total time for which application threads were stopped: 0.0000976 seconds, Stopping threads took: 0.0000339 seconds
[1612.517s][info ][safepoint      ] Application time: 0.7998947 seconds
[1612.517s][info ][safepoint      ] Entering safepoint region: ParallelGCFailedAllocation
[1612.517s][info ][gc,start       ] GC(206) Pause Young (Allocation Failure)
[1612.525s][debug][gc,phases      ] GC(206) Scavenge 7.883ms
[1612.525s][debug][gc,ref         ] GC(206) Skipped phase1 of Reference Processing due to unavailable references
[1612.525s][debug][gc,ref         ] GC(206) Skipped phase2 of Reference Processing due to unavailable references
[1612.525s][debug][gc,ref         ] GC(206) Skipped phase3 of Reference Processing due to unavailable references
[1612.525s][debug][gc,phases      ] GC(206) Reference Processing 0.028ms
[1612.525s][debug][gc,phases      ] GC(206) Weak Processing 0.136ms
[1612.526s][debug][gc,phases      ] GC(206) Scrub String Table 0.421ms
[1612.526s][debug][gc,age         ] GC(206) Desired survivor size 24641536 bytes, new threshold 15 (max threshold 15)
[1612.526s][info ][gc,heap        ] GC(206) PSYoungGen: 2066624K->15680K(2072576K)
[1612.526s][info ][gc,heap        ] GC(206) ParOldGen: 395650K->398542K(486400K)
[1612.526s][info ][gc,metaspace   ] GC(206) Metaspace: 75910K->75910K(1118208K)
[1612.526s][info ][gc             ] GC(206) Pause Young (Allocation Failure) 2404M->404M(2499M) 8.597ms
[1612.526s][info ][gc,cpu         ] GC(206) User=0.03s Sys=0.00s Real=0.00s
[1612.526s][info ][safepoint      ] Leaving safepoint region
[1612.526s][info ][safepoint      ] Total time for which application threads were stopped: 0.0087505 seconds, Stopping threads took: 0.0000121 seconds
[1614.526s][info ][safepoint      ] Application time: 2.0001506 seconds
[1614.526s][info ][safepoint      ] Entering safepoint region: Cleanup
[1614.526s][info ][safepoint      ] Leaving safepoint region
[1614.526s][info ][safepoint      ] Total time for which application threads were stopped: 0.0000763 seconds, Stopping threads took: 0.0000121 seconds
[1619.527s][info ][safepoint      ] Application time: 5.0003657 seconds
[1619.527s][info ][safepoint      ] Entering safepoint region: Cleanup
[1619.527s][info ][safepoint      ] Leaving safepoint region
[1619.527s][info ][safepoint      ] Total time for which application threads were stopped: 0.0001057 seconds, Stopping threads took: 0.0000371 seconds
[1620.527s][info ][safepoint      ] Application time: 1.0000411 seconds
[1620.527s][info ][safepoint      ] Entering safepoint region: Cleanup
[1620.527s][info ][safepoint      ] Leaving safepoint region
[1620.527s][info ][safepoint      ] Total time for which application threads were stopped: 0.0001070 seconds, Stopping threads took: 0.0000504 seconds
[1621.424s][info ][safepoint      ] Application time: 0.8966201 seconds
[1621.424s][info ][safepoint      ] Entering safepoint region: ParallelGCFailedAllocation
[1621.424s][info ][gc,start       ] GC(207) Pause Young (Allocation Failure)
[1621.432s][debug][gc,phases      ] GC(207) Scavenge 8.772ms
[1621.433s][debug][gc,ref         ] GC(207) Skipped phase1 of Reference Processing due to unavailable references
[1621.433s][debug][gc,ref         ] GC(207) Skipped phase2 of Reference Processing due to unavailable references
[1621.433s][debug][gc,ref         ] GC(207) Skipped phase3 of Reference Processing due to unavailable references
[1621.433s][debug][gc,phases      ] GC(207) Reference Processing 0.028ms
[1621.433s][debug][gc,phases      ] GC(207) Weak Processing 0.150ms
[1621.433s][debug][gc,phases      ] GC(207) Scrub String Table 0.460ms
[1621.433s][debug][gc,age         ] GC(207) Desired survivor size 23592960 bytes, new threshold 15 (max threshold 15)
[1621.433s][info ][gc,heap        ] GC(207) PSYoungGen: 2063680K->16224K(2074112K)
[1621.433s][info ][gc,heap        ] GC(207) ParOldGen: 398542K->398606K(486400K)
[1621.433s][info ][gc,metaspace   ] GC(207) Metaspace: 75910K->75910K(1118208K)
[1621.433s][info ][gc             ] GC(207) Pause Young (Allocation Failure) 2404M->405M(2500M) 9.532ms
[1621.433s][info ][gc,cpu         ] GC(207) User=0.03s Sys=0.00s Real=0.01s
[1621.433s][info ][safepoint      ] Leaving safepoint region
[1621.433s][info ][safepoint      ] Total time for which application threads were stopped: 0.0097167 seconds, Stopping threads took: 0.0000480 seconds
[1629.434s][info ][safepoint      ] Application time: 8.0005028 seconds
[1629.434s][info ][safepoint      ] Entering safepoint region: Cleanup
[1629.434s][info ][safepoint      ] Leaving safepoint region
[1629.434s][info ][safepoint      ] Total time for which application threads were stopped: 0.0000806 seconds, Stopping threads took: 0.0000137 seconds
[1630.398s][info ][safepoint      ] Application time: 0.9645990 seconds
[1630.399s][info ][safepoint      ] Entering safepoint region: ParallelGCFailedAllocation
[1630.399s][info ][gc,start       ] GC(208) Pause Young (Allocation Failure)
[1630.406s][debug][gc,phases      ] GC(208) Scavenge 6.888ms
[1630.406s][debug][gc,ref         ] GC(208) Skipped phase1 of Reference Processing due to unavailable references
[1630.406s][debug][gc,ref         ] GC(208) Skipped phase2 of Reference Processing due to unavailable references
[1630.406s][debug][gc,ref         ] GC(208) Skipped phase3 of Reference Processing due to unavailable references
[1630.406s][debug][gc,phases      ] GC(208) Reference Processing 0.026ms
[1630.406s][debug][gc,phases      ] GC(208) Weak Processing 0.120ms
[1630.406s][debug][gc,phases      ] GC(208) Scrub String Table 0.421ms
[1630.406s][debug][gc,age         ] GC(208) Desired survivor size 23068672 bytes, new threshold 15 (max threshold 15)
[1630.406s][info ][gc,heap        ] GC(208) PSYoungGen: 2066272K->16304K(2073088K)
[1630.406s][info ][gc,heap        ] GC(208) ParOldGen: 398606K->398838K(486400K)
[1630.406s][info ][gc,metaspace   ] GC(208) Metaspace: 75920K->75920K(1118208K)
[1630.406s][info ][gc             ] GC(208) Pause Young (Allocation Failure) 2407M->405M(2499M) 7.577ms
[1630.406s][info ][gc,cpu         ] GC(208) User=0.03s Sys=0.00s Real=0.00s
[1630.406s][info ][safepoint      ] Leaving safepoint region
[1630.406s][info ][safepoint      ] Total time for which application threads were stopped: 0.0077454 seconds, Stopping threads took: 0.0000415 seconds
[1631.406s][info ][safepoint      ] Application time: 1.0000947 seconds
[1631.406s][info ][safepoint      ] Entering safepoint region: Cleanup
[1631.407s][info ][safepoint      ] Leaving safepoint region
[1631.407s][info ][safepoint      ] Total time for which application threads were stopped: 0.0001215 seconds, Stopping threads took: 0.0000541 seconds
[1636.407s][info ][safepoint      ] Application time: 5.0003785 seconds
[1636.407s][info ][safepoint      ] Entering safepoint region: Cleanup
[1636.407s][info ][safepoint      ] Leaving safepoint region
[1636.407s][info ][safepoint      ] Total time for which application threads were stopped: 0.0001255 seconds, Stopping threads took: 0.0000480 seconds
[1639.673s][info ][safepoint      ] Application time: 3.2662644 seconds
[1639.673s][info ][safepoint      ] Entering safepoint region: ParallelGCFailedAllocation
[1639.674s][info ][gc,start       ] GC(209) Pause Young (Allocation Failure)
[1639.680s][debug][gc,phases      ] GC(209) Scavenge 6.503ms
[1639.680s][debug][gc,ref         ] GC(209) Skipped phase1 of Reference Processing due to unavailable references
[1639.680s][debug][gc,ref         ] GC(209) Skipped phase2 of Reference Processing due to unavailable references
[1639.680s][debug][gc,ref         ] GC(209) Skipped phase3 of Reference Processing due to unavailable references
[1639.680s][debug][gc,phases      ] GC(209) Reference Processing 0.039ms
[1639.680s][debug][gc,phases      ] GC(209) Weak Processing 0.191ms
[1639.681s][debug][gc,phases      ] GC(209) Scrub String Table 0.621ms
[1639.681s][debug][gc,age         ] GC(209) Desired survivor size 22544384 bytes, new threshold 15 (max threshold 15)
[1639.681s][info ][gc,heap        ] GC(209) PSYoungGen: 2066352K->16480K(2075136K)
[1639.681s][info ][gc,heap        ] GC(209) ParOldGen: 398838K->398979K(486400K)
[1639.681s][info ][gc,metaspace   ] GC(209) Metaspace: 75921K->75921K(1118208K)
[1639.681s][info ][gc             ] GC(209) Pause Young (Allocation Failure) 2407M->405M(2501M) 7.528ms
[1639.681s][info ][gc,cpu         ] GC(209) User=0.02s Sys=0.00s Real=0.01s
[1639.681s][info ][safepoint      ] Leaving safepoint region
[1639.681s][info ][safepoint      ] Total time for which application threads were stopped: 0.0077262 seconds, Stopping threads took: 0.0000345 seconds
[1641.681s][info ][safepoint      ] Application time: 2.0001619 seconds
[1641.681s][info ][safepoint      ] Entering safepoint region: Cleanup
[1641.681s][info ][safepoint      ] Leaving safepoint region
[1641.681s][info ][safepoint      ] Total time for which application threads were stopped: 0.0000699 seconds, Stopping threads took: 0.0000141 seconds
[1649.004s][info ][safepoint      ] Application time: 7.3222447 seconds
[1649.004s][info ][safepoint      ] Entering safepoint region: ParallelGCFailedAllocation
[1649.004s][info ][gc,start       ] GC(210) Pause Young (Allocation Failure)
[1649.010s][debug][gc,phases      ] GC(210) Scavenge 6.653ms
[1649.011s][debug][gc,ref         ] GC(210) Skipped phase1 of Reference Processing due to unavailable references
[1649.011s][debug][gc,ref         ] GC(210) Skipped phase2 of Reference Processing due to unavailable references
[1649.011s][debug][gc,ref         ] GC(210) Skipped phase3 of Reference Processing due to unavailable references
[1649.011s][debug][gc,phases      ] GC(210) Reference Processing 0.026ms
[1649.011s][debug][gc,phases      ] GC(210) Weak Processing 0.137ms
[1649.011s][debug][gc,phases      ] GC(210) Scrub String Table 0.436ms
[1649.011s][debug][gc,age         ] GC(210) Desired survivor size 22020096 bytes, new threshold 15 (max threshold 15)
[1649.011s][info ][gc,heap        ] GC(210) PSYoungGen: 2069088K->16032K(2074624K)
[1649.011s][info ][gc,heap        ] GC(210) ParOldGen: 398979K->399307K(486400K)
[1649.011s][info ][gc,metaspace   ] GC(210) Metaspace: 75926K->75926K(1118208K)
[1649.011s][info ][gc             ] GC(210) Pause Young (Allocation Failure) 2410M->405M(2501M) 7.382ms
[1649.011s][info ][gc,cpu         ] GC(210) User=0.02s Sys=0.00s Real=0.01s
[1649.011s][info ][safepoint      ] Leaving safepoint region
[1649.011s][info ][safepoint      ] Total time for which application threads were stopped: 0.0075425 seconds, Stopping threads took: 0.0000121 seconds
[1654.012s][info ][safepoint      ] Application time: 5.0003736 seconds
[1654.012s][info ][safepoint      ] Entering safepoint region: Cleanup
[1654.012s][info ][safepoint      ] Leaving safepoint region
[1654.012s][info ][safepoint      ] Total time for which application threads were stopped: 0.0001226 seconds, Stopping threads took: 0.0000474 seconds
[1655.012s][info ][safepoint      ] Application time: 1.0000704 seconds
[1655.012s][info ][safepoint      ] Entering safepoint region: Cleanup
[1655.012s][info ][safepoint      ] Leaving safepoint region
[1655.012s][info ][safepoint      ] Total time for which application threads were stopped: 0.0000960 seconds, Stopping threads took: 0.0000338 seconds
[1658.221s][info ][safepoint      ] Application time: 3.2095223 seconds
[1658.222s][info ][safepoint      ] Entering safepoint region: ParallelGCFailedAllocation
[1658.222s][info ][gc,start       ] GC(211) Pause Young (Allocation Failure)
[1658.228s][debug][gc,phases      ] GC(211) Scavenge 6.566ms
[1658.228s][debug][gc,ref         ] GC(211) Skipped phase1 of Reference Processing due to unavailable references
[1658.228s][debug][gc,ref         ] GC(211) Skipped phase2 of Reference Processing due to unavailable references
[1658.228s][debug][gc,ref         ] GC(211) Skipped phase3 of Reference Processing due to unavailable references
[1658.228s][debug][gc,ref         ] GC(211) Skipped phase4 of Reference Processing due to unavailable references
[1658.228s][debug][gc,phases      ] GC(211) Reference Processing 0.030ms
[1658.228s][debug][gc,phases      ] GC(211) Weak Processing 0.150ms
[1658.229s][debug][gc,phases      ] GC(211) Scrub String Table 0.474ms
[1658.229s][debug][gc,age         ] GC(211) Desired survivor size 22020096 bytes, new threshold 15 (max threshold 15)
[1658.229s][info ][gc,heap        ] GC(211) PSYoungGen: 2068640K->14624K(2075648K)
[1658.229s][info ][gc,heap        ] GC(211) ParOldGen: 399307K->402039K(486400K)
[1658.229s][info ][gc,metaspace   ] GC(211) Metaspace: 75926K->75926K(1118208K)
[1658.229s][info ][gc             ] GC(211) Pause Young (Allocation Failure) 2410M->406M(2502M) 7.370ms
[1658.229s][info ][gc,cpu         ] GC(211) User=0.02s Sys=0.00s Real=0.01s
[1658.229s][info ][safepoint      ] Leaving safepoint region
[1658.229s][info ][safepoint      ] Total time for which application threads were stopped: 0.0075472 seconds, Stopping threads took: 0.0000333 seconds
[1665.230s][info ][safepoint      ] Application time: 7.0005103 seconds
[1665.230s][info ][safepoint      ] Entering safepoint region: Cleanup
[1665.230s][info ][safepoint      ] Leaving safepoint region
[1665.230s][info ][safepoint      ] Total time for which application threads were stopped: 0.0000659 seconds, Stopping threads took: 0.0000121 seconds
[1667.761s][info ][safepoint      ] Application time: 2.5310418 seconds
[1667.761s][info ][safepoint      ] Entering safepoint region: ParallelGCFailedAllocation
[1667.761s][info ][gc,start       ] GC(212) Pause Young (Allocation Failure)
[1667.768s][debug][gc,phases      ] GC(212) Scavenge 6.581ms
[1667.768s][debug][gc,ref         ] GC(212) Skipped phase1 of Reference Processing due to unavailable references
[1667.768s][debug][gc,ref         ] GC(212) Skipped phase2 of Reference Processing due to unavailable references
[1667.768s][debug][gc,ref         ] GC(212) Skipped phase3 of Reference Processing due to unavailable references
[1667.768s][debug][gc,ref         ] GC(212) Skipped phase4 of Reference Processing due to unavailable references
[1667.768s][debug][gc,phases      ] GC(212) Reference Processing 0.028ms
[1667.768s][debug][gc,phases      ] GC(212) Weak Processing 0.136ms
[1667.768s][debug][gc,phases      ] GC(212) Scrub String Table 0.432ms
[1667.768s][debug][gc,age         ] GC(212) Desired survivor size 21495808 bytes, new threshold 15 (max threshold 15)
[1667.768s][info ][gc,heap        ] GC(212) PSYoungGen: 2068768K->13504K(2075648K)
[1667.768s][info ][gc,heap        ] GC(212) ParOldGen: 402039K->403731K(486400K)
[1667.768s][info ][gc,metaspace   ] GC(212) Metaspace: 75926K->75926K(1118208K)
[1667.768s][info ][gc             ] GC(212) Pause Young (Allocation Failure) 2412M->407M(2502M) 7.313ms
[1667.768s][info ][gc,cpu         ] GC(212) User=0.03s Sys=0.00s Real=0.00s
[1667.768s][info ][safepoint      ] Leaving safepoint region
[1667.768s][info ][safepoint      ] Total time for which application threads were stopped: 0.0074738 seconds, Stopping threads took: 0.0000119 seconds
[1675.769s][info ][safepoint      ] Application time: 8.0006351 seconds
[1675.769s][info ][safepoint      ] Entering safepoint region: Cleanup
[1675.769s][info ][safepoint      ] Leaving safepoint region
[1675.769s][info ][safepoint      ] Total time for which application threads were stopped: 0.0000967 seconds, Stopping threads took: 0.0000385 seconds
[1677.219s][info ][safepoint      ] Application time: 1.4496618 seconds
[1677.219s][info ][safepoint      ] Entering safepoint region: ParallelGCFailedAllocation
[1677.219s][info ][gc,start       ] GC(213) Pause Young (Allocation Failure)
[1677.224s][debug][gc,phases      ] GC(213) Scavenge 5.489ms
[1677.224s][debug][gc,ref         ] GC(213) Skipped phase1 of Reference Processing due to unavailable references
[1677.224s][debug][gc,ref         ] GC(213) Skipped phase2 of Reference Processing due to unavailable references
[1677.224s][debug][gc,ref         ] GC(213) Skipped phase3 of Reference Processing due to unavailable references
[1677.224s][debug][gc,ref         ] GC(213) Skipped phase4 of Reference Processing due to unavailable references
[1677.224s][debug][gc,phases      ] GC(213) Reference Processing 0.040ms
[1677.225s][debug][gc,phases      ] GC(213) Weak Processing 0.177ms
[1677.225s][debug][gc,phases      ] GC(213) Scrub String Table 0.569ms
[1677.225s][debug][gc,age         ] GC(213) Desired survivor size 21495808 bytes, new threshold 15 (max threshold 15)
[1677.225s][info ][gc,heap        ] GC(213) PSYoungGen: 2067648K->13216K(2076160K)
[1677.225s][info ][gc,heap        ] GC(213) ParOldGen: 403731K->404096K(486400K)
[1677.225s][info ][gc,metaspace   ] GC(213) Metaspace: 75929K->75929K(1118208K)
[1677.225s][info ][gc             ] GC(213) Pause Young (Allocation Failure) 2413M->407M(2502M) 6.445ms
[1677.225s][info ][gc,cpu         ] GC(213) User=0.02s Sys=0.00s Real=0.00s
[1677.225s][info ][safepoint      ] Leaving safepoint region
[1677.225s][info ][safepoint      ] Total time for which application threads were stopped: 0.0066138 seconds, Stopping threads took: 0.0000157 seconds
[1678.225s][info ][safepoint      ] Application time: 1.0000624 seconds
[1678.225s][info ][safepoint      ] Entering safepoint region: Cleanup
[1678.226s][info ][safepoint      ] Leaving safepoint region
[1678.226s][info ][safepoint      ] Total time for which application threads were stopped: 0.0000639 seconds, Stopping threads took: 0.0000112 seconds
[1679.226s][info ][safepoint      ] Application time: 1.0000689 seconds
[1679.226s][info ][safepoint      ] Entering safepoint region: Cleanup
[1679.226s][info ][safepoint      ] Leaving safepoint region
[1679.226s][info ][safepoint      ] Total time for which application threads were stopped: 0.0000671 seconds, Stopping threads took: 0.0000132 seconds
[1681.226s][info ][safepoint      ] Application time: 2.0001329 seconds
[1681.226s][info ][safepoint      ] Entering safepoint region: Cleanup
[1681.226s][info ][safepoint      ] Leaving safepoint region
[1681.226s][info ][safepoint      ] Total time for which application threads were stopped: 0.0001053 seconds, Stopping threads took: 0.0000403 seconds
[1685.226s][info ][safepoint      ] Application time: 4.0002151 seconds
[1685.226s][info ][safepoint      ] Entering safepoint region: Cleanup
[1685.226s][info ][safepoint      ] Leaving safepoint region
[1685.226s][info ][safepoint      ] Total time for which application threads were stopped: 0.0000679 seconds, Stopping threads took: 0.0000123 seconds
[1686.226s][info ][safepoint      ] Application time: 1.0000735 seconds
[1686.226s][info ][safepoint      ] Entering safepoint region: Cleanup
[1686.227s][info ][safepoint      ] Leaving safepoint region
[1686.227s][info ][safepoint      ] Total time for which application threads were stopped: 0.0000915 seconds, Stopping threads took: 0.0000366 seconds
[1686.713s][info ][safepoint      ] Application time: 0.4866158 seconds
[1686.713s][info ][safepoint      ] Entering safepoint region: ParallelGCFailedAllocation
[1686.713s][info ][gc,start       ] GC(214) Pause Young (Allocation Failure)
[1686.719s][debug][gc,phases      ] GC(214) Scavenge 5.488ms
[1686.719s][debug][gc,ref         ] GC(214) Skipped phase1 of Reference Processing due to unavailable references
[1686.719s][debug][gc,ref         ] GC(214) Skipped phase3 of Reference Processing due to unavailable references
[1686.719s][debug][gc,phases      ] GC(214) Reference Processing 0.026ms
[1686.719s][debug][gc,phases      ] GC(214) Weak Processing 0.132ms
[1686.720s][debug][gc,phases      ] GC(214) Scrub String Table 0.450ms
[1686.720s][debug][gc,age         ] GC(214) Desired survivor size 21495808 bytes, new threshold 15 (max threshold 15)
[1686.720s][info ][gc,heap        ] GC(214) PSYoungGen: 2068384K->12912K(2076160K)
[1686.720s][info ][gc,heap        ] GC(214) ParOldGen: 404096K->404280K(486400K)
[1686.720s][info ][gc,metaspace   ] GC(214) Metaspace: 75941K->75941K(1118208K)
[1686.720s][info ][gc             ] GC(214) Pause Young (Allocation Failure) 2414M->407M(2502M) 6.294ms
[1686.720s][info ][gc,cpu         ] GC(214) User=0.03s Sys=0.00s Real=0.01s
[1686.720s][info ][safepoint      ] Leaving safepoint region
[1686.720s][info ][safepoint      ] Total time for which application threads were stopped: 0.0064423 seconds, Stopping threads took: 0.0000129 seconds
[1687.720s][info ][safepoint      ] Application time: 1.0000737 seconds
[1687.720s][info ][safepoint      ] Entering safepoint region: Cleanup
[1687.720s][info ][safepoint      ] Leaving safepoint region
[1687.720s][info ][safepoint      ] Total time for which application threads were stopped: 0.0001100 seconds, Stopping threads took: 0.0000557 seconds
[1689.720s][info ][safepoint      ] Application time: 2.0001377 seconds
[1689.720s][info ][safepoint      ] Entering safepoint region: Cleanup
[1689.720s][info ][safepoint      ] Leaving safepoint region
[1689.720s][info ][safepoint      ] Total time for which application threads were stopped: 0.0001091 seconds, Stopping threads took: 0.0000476 seconds
[1690.720s][info ][safepoint      ] Application time: 1.0000819 seconds
[1690.720s][info ][safepoint      ] Entering safepoint region: Cleanup
[1690.720s][info ][safepoint      ] Leaving safepoint region
[1690.720s][info ][safepoint      ] Total time for which application threads were stopped: 0.0001026 seconds, Stopping threads took: 0.0000454 seconds
[1693.721s][info ][safepoint      ] Application time: 3.0002236 seconds
[1693.721s][info ][safepoint      ] Entering safepoint region: Cleanup
[1693.721s][info ][safepoint      ] Leaving safepoint region
[1693.721s][info ][safepoint      ] Total time for which application threads were stopped: 0.0001087 seconds, Stopping threads took: 0.0000354 seconds
[1696.133s][info ][safepoint      ] Application time: 2.4118834 seconds
[1696.133s][info ][safepoint      ] Entering safepoint region: ParallelGCFailedAllocation
[1696.133s][info ][gc,start       ] GC(215) Pause Young (Allocation Failure)
[1696.138s][debug][gc,phases      ] GC(215) Scavenge 5.697ms
[1696.139s][debug][gc,ref         ] GC(215) Skipped phase1 of Reference Processing due to unavailable references
[1696.139s][debug][gc,ref         ] GC(215) Skipped phase3 of Reference Processing due to unavailable references
[1696.139s][debug][gc,ref         ] GC(215) Skipped phase4 of Reference Processing due to unavailable references
[1696.139s][debug][gc,phases      ] GC(215) Reference Processing 0.027ms
[1696.139s][debug][gc,phases      ] GC(215) Weak Processing 0.119ms
[1696.139s][debug][gc,phases      ] GC(215) Scrub String Table 0.411ms
[1696.139s][debug][gc,age         ] GC(215) Desired survivor size 21495808 bytes, new threshold 15 (max threshold 15)
[1696.139s][info ][gc,heap        ] GC(215) PSYoungGen: 2068080K->12800K(2076160K)
[1696.139s][info ][gc,heap        ] GC(215) ParOldGen: 404280K->404508K(486400K)
[1696.139s][info ][gc,metaspace   ] GC(215) Metaspace: 75943K->75943K(1118208K)
[1696.139s][info ][gc             ] GC(215) Pause Young (Allocation Failure) 2414M->407M(2502M) 6.372ms
[1696.139s][info ][gc,cpu         ] GC(215) User=0.02s Sys=0.00s Real=0.01s
[1696.139s][info ][safepoint      ] Leaving safepoint region
[1696.139s][info ][safepoint      ] Total time for which application threads were stopped: 0.0065273 seconds, Stopping threads took: 0.0000107 seconds
[1700.139s][info ][safepoint      ] Application time: 4.0002787 seconds
[1700.140s][info ][safepoint      ] Entering safepoint region: Cleanup
[1700.140s][info ][safepoint      ] Leaving safepoint region
[1700.140s][info ][safepoint      ] Total time for which application threads were stopped: 0.0000709 seconds, Stopping threads took: 0.0000153 seconds
[1701.140s][info ][safepoint      ] Application time: 1.0000690 seconds
[1701.140s][info ][safepoint      ] Entering safepoint region: Cleanup
[1701.140s][info ][safepoint      ] Leaving safepoint region
[1701.140s][info ][safepoint      ] Total time for which application threads were stopped: 0.0000630 seconds, Stopping threads took: 0.0000111 seconds
[1705.399s][info ][safepoint      ] Application time: 4.2588410 seconds
[1705.399s][info ][safepoint      ] Entering safepoint region: ParallelGCFailedAllocation
[1705.399s][info ][gc,start       ] GC(216) Pause Young (Allocation Failure)
[1705.405s][debug][gc,phases      ] GC(216) Scavenge 5.867ms
[1705.405s][debug][gc,ref         ] GC(216) Skipped phase1 of Reference Processing due to unavailable references
[1705.405s][debug][gc,ref         ] GC(216) Skipped phase3 of Reference Processing due to unavailable references
[1705.405s][debug][gc,ref         ] GC(216) Skipped phase4 of Reference Processing due to unavailable references
[1705.405s][debug][gc,phases      ] GC(216) Reference Processing 0.027ms
[1705.405s][debug][gc,phases      ] GC(216) Weak Processing 0.154ms
[1705.405s][debug][gc,phases      ] GC(216) Scrub String Table 0.450ms
[1705.405s][debug][gc,age         ] GC(216) Desired survivor size 20971520 bytes, new threshold 15 (max threshold 15)
[1705.405s][info ][gc,heap        ] GC(216) PSYoungGen: 2067968K->14480K(2076160K)
[1705.405s][info ][gc,heap        ] GC(216) ParOldGen: 404508K->404628K(486400K)
[1705.405s][info ][gc,metaspace   ] GC(216) Metaspace: 75947K->75947K(1118208K)
[1705.405s][info ][gc             ] GC(216) Pause Young (Allocation Failure) 2414M->409M(2502M) 6.624ms
[1705.405s][info ][gc,cpu         ] GC(216) User=0.03s Sys=0.00s Real=0.00s
[1705.405s][info ][safepoint      ] Leaving safepoint region
[1705.405s][info ][safepoint      ] Total time for which application threads were stopped: 0.0067864 seconds, Stopping threads took: 0.0000312 seconds
[1706.406s][info ][safepoint      ] Application time: 1.0000922 seconds
[1706.406s][info ][safepoint      ] Entering safepoint region: Cleanup
[1706.406s][info ][safepoint      ] Leaving safepoint region
[1706.406s][info ][safepoint      ] Total time for which application threads were stopped: 0.0001265 seconds, Stopping threads took: 0.0000382 seconds
[1707.406s][info ][safepoint      ] Application time: 1.0000894 seconds
[1707.406s][info ][safepoint      ] Entering safepoint region: Cleanup
[1707.406s][info ][safepoint      ] Leaving safepoint region
[1707.406s][info ][safepoint      ] Total time for which application threads were stopped: 0.0001162 seconds, Stopping threads took: 0.0000525 seconds
[1708.406s][info ][safepoint      ] Application time: 1.0000798 seconds
[1708.406s][info ][safepoint      ] Entering safepoint region: Cleanup
[1708.406s][info ][safepoint      ] Leaving safepoint region
[1708.406s][info ][safepoint      ] Total time for which application threads were stopped: 0.0001112 seconds, Stopping threads took: 0.0000374 seconds
[1710.406s][info ][safepoint      ] Application time: 2.0001439 seconds
[1710.406s][info ][safepoint      ] Entering safepoint region: Cleanup
[1710.406s][info ][safepoint      ] Leaving safepoint region
[1710.406s][info ][safepoint      ] Total time for which application threads were stopped: 0.0000976 seconds, Stopping threads took: 0.0000342 seconds
[1712.407s][info ][safepoint      ] Application time: 2.0001523 seconds
[1712.407s][info ][safepoint      ] Entering safepoint region: Cleanup
[1712.407s][info ][safepoint      ] Leaving safepoint region
[1712.407s][info ][safepoint      ] Total time for which application threads were stopped: 0.0001222 seconds, Stopping threads took: 0.0000676 seconds
[1714.655s][info ][safepoint      ] Application time: 2.2478376 seconds
[1714.655s][info ][safepoint      ] Entering safepoint region: ParallelGCFailedAllocation
[1714.655s][info ][gc,start       ] GC(217) Pause Young (Allocation Failure)
[1714.661s][debug][gc,phases      ] GC(217) Scavenge 6.308ms
[1714.661s][debug][gc,ref         ] GC(217) Skipped phase1 of Reference Processing due to unavailable references
[1714.661s][debug][gc,ref         ] GC(217) Skipped phase3 of Reference Processing due to unavailable references
[1714.661s][debug][gc,ref         ] GC(217) Skipped phase4 of Reference Processing due to unavailable references
[1714.661s][debug][gc,phases      ] GC(217) Reference Processing 0.037ms
[1714.661s][debug][gc,phases      ] GC(217) Weak Processing 0.137ms
[1714.662s][debug][gc,phases      ] GC(217) Scrub String Table 0.460ms
[1714.662s][debug][gc,age         ] GC(217) Desired survivor size 20447232 bytes, new threshold 15 (max threshold 15)
[1714.662s][info ][gc,heap        ] GC(217) PSYoungGen: 2069648K->15136K(2077184K)
[1714.662s][info ][gc,heap        ] GC(217) ParOldGen: 404628K->405328K(486400K)
[1714.662s][info ][gc,metaspace   ] GC(217) Metaspace: 75947K->75947K(1118208K)
[1714.662s][info ][gc             ] GC(217) Pause Young (Allocation Failure) 2416M->410M(2503M) 7.076ms
[1714.662s][info ][gc,cpu         ] GC(217) User=0.02s Sys=0.01s Real=0.01s
[1714.662s][info ][safepoint      ] Leaving safepoint region
[1714.662s][info ][safepoint      ] Total time for which application threads were stopped: 0.0072878 seconds, Stopping threads took: 0.0000372 seconds
[1719.662s][info ][safepoint      ] Application time: 5.0003804 seconds
[1719.662s][info ][safepoint      ] Entering safepoint region: Cleanup
[1719.663s][info ][safepoint      ] Leaving safepoint region
[1719.663s][info ][safepoint      ] Total time for which application threads were stopped: 0.0001274 seconds, Stopping threads took: 0.0000372 seconds
[1723.663s][info ][safepoint      ] Application time: 4.0003003 seconds
[1723.663s][info ][safepoint      ] Entering safepoint region: Cleanup
[1723.663s][info ][safepoint      ] Leaving safepoint region
[1723.663s][info ][safepoint      ] Total time for which application threads were stopped: 0.0001047 seconds, Stopping threads took: 0.0000379 seconds
[1723.949s][info ][safepoint      ] Application time: 0.2857182 seconds
[1723.949s][info ][safepoint      ] Entering safepoint region: ParallelGCFailedAllocation
[1723.949s][info ][gc,start       ] GC(218) Pause Young (Allocation Failure)
[1723.955s][debug][gc,phases      ] GC(218) Scavenge 6.452ms
[1723.955s][debug][gc,ref         ] GC(218) Skipped phase1 of Reference Processing due to unavailable references
[1723.955s][debug][gc,ref         ] GC(218) Skipped phase3 of Reference Processing due to unavailable references
[1723.955s][debug][gc,ref         ] GC(218) Skipped phase4 of Reference Processing due to unavailable references
[1723.955s][debug][gc,phases      ] GC(218) Reference Processing 0.035ms
[1723.956s][debug][gc,phases      ] GC(218) Weak Processing 0.171ms
[1723.956s][debug][gc,phases      ] GC(218) Scrub String Table 0.529ms
[1723.956s][debug][gc,age         ] GC(218) Desired survivor size 20447232 bytes, new threshold 15 (max threshold 15)
[1723.956s][info ][gc,heap        ] GC(218) PSYoungGen: 2071840K->12400K(2076672K)
[1723.956s][info ][gc,heap        ] GC(218) ParOldGen: 405328K->407932K(486400K)
[1723.956s][info ][gc,metaspace   ] GC(218) Metaspace: 75947K->75947K(1118208K)
[1723.956s][info ][gc             ] GC(218) Pause Young (Allocation Failure) 2419M->410M(2503M) 7.331ms
[1723.956s][info ][gc,cpu         ] GC(218) User=0.03s Sys=0.01s Real=0.00s
[1723.956s][info ][safepoint      ] Leaving safepoint region
[1723.956s][info ][safepoint      ] Total time for which application threads were stopped: 0.0075177 seconds, Stopping threads took: 0.0000425 seconds
[1728.957s][info ][safepoint      ] Application time: 5.0003824 seconds
[1728.957s][info ][safepoint      ] Entering safepoint region: Cleanup
[1728.957s][info ][safepoint      ] Leaving safepoint region
[1728.957s][info ][safepoint      ] Total time for which application threads were stopped: 0.0001193 seconds, Stopping threads took: 0.0000521 seconds
[1733.365s][info ][safepoint      ] Application time: 4.4076865 seconds
[1733.365s][info ][safepoint      ] Entering safepoint region: ParallelGCFailedAllocation
[1733.365s][info ][gc,start       ] GC(219) Pause Young (Allocation Failure)
[1733.370s][debug][gc,phases      ] GC(219) Scavenge 4.995ms
[1733.370s][debug][gc,ref         ] GC(219) Skipped phase1 of Reference Processing due to unavailable references
[1733.370s][debug][gc,ref         ] GC(219) Skipped phase3 of Reference Processing due to unavailable references
[1733.370s][debug][gc,ref         ] GC(219) Skipped phase4 of Reference Processing due to unavailable references
[1733.370s][debug][gc,phases      ] GC(219) Reference Processing 0.028ms
[1733.370s][debug][gc,phases      ] GC(219) Weak Processing 0.129ms
[1733.370s][debug][gc,phases      ] GC(219) Scrub String Table 0.434ms
[1733.370s][debug][gc,age         ] GC(219) Desired survivor size 20447232 bytes, new threshold 15 (max threshold 15)
[1733.370s][info ][gc,heap        ] GC(219) PSYoungGen: 2069104K->12176K(2077184K)
[1733.370s][info ][gc,heap        ] GC(219) ParOldGen: 407932K->408252K(486400K)
[1733.370s][info ][gc,metaspace   ] GC(219) Metaspace: 75947K->75947K(1118208K)
[1733.370s][info ][gc             ] GC(219) Pause Young (Allocation Failure) 2418M->410M(2503M) 5.713ms
[1733.370s][info ][gc,cpu         ] GC(219) User=0.02s Sys=0.00s Real=0.01s
[1733.370s][info ][safepoint      ] Leaving safepoint region
[1733.370s][info ][safepoint      ] Total time for which application threads were stopped: 0.0058634 seconds, Stopping threads took: 0.0000130 seconds
[1740.371s][info ][safepoint      ] Application time: 7.0004962 seconds
[1740.371s][info ][safepoint      ] Entering safepoint region: Cleanup
[1740.371s][info ][safepoint      ] Leaving safepoint region
[1740.371s][info ][safepoint      ] Total time for which application threads were stopped: 0.0001085 seconds, Stopping threads took: 0.0000373 seconds
[1742.874s][info ][safepoint      ] Application time: 2.5024726 seconds
[1742.874s][info ][safepoint      ] Entering safepoint region: ParallelGCFailedAllocation
[1742.874s][info ][gc,start       ] GC(220) Pause Young (Allocation Failure)
[1742.879s][debug][gc,phases      ] GC(220) Scavenge 5.495ms
[1742.879s][debug][gc,ref         ] GC(220) Skipped phase1 of Reference Processing due to unavailable references
[1742.879s][debug][gc,ref         ] GC(220) Skipped phase3 of Reference Processing due to unavailable references
[1742.879s][debug][gc,ref         ] GC(220) Skipped phase4 of Reference Processing due to unavailable references
[1742.879s][debug][gc,phases      ] GC(220) Reference Processing 0.028ms
[1742.879s][debug][gc,phases      ] GC(220) Weak Processing 0.135ms
[1742.880s][debug][gc,phases      ] GC(220) Scrub String Table 0.459ms
[1742.880s][debug][gc,age         ] GC(220) Desired survivor size 19922944 bytes, new threshold 15 (max threshold 15)
[1742.880s][info ][gc,heap        ] GC(220) PSYoungGen: 2069392K->11728K(2077184K)
[1742.880s][info ][gc,heap        ] GC(220) ParOldGen: 408252K->408780K(486400K)
[1742.880s][info ][gc,metaspace   ] GC(220) Metaspace: 75952K->75952K(1118208K)
[1742.880s][info ][gc             ] GC(220) Pause Young (Allocation Failure) 2419M->410M(2503M) 6.240ms
[1742.880s][info ][gc,cpu         ] GC(220) User=0.02s Sys=0.01s Real=0.01s
[1742.880s][info ][safepoint      ] Leaving safepoint region
[1742.880s][info ][safepoint      ] Total time for which application threads were stopped: 0.0064180 seconds, Stopping threads took: 0.0000323 seconds
[1745.880s][info ][safepoint      ] Application time: 3.0002444 seconds
[1745.880s][info ][safepoint      ] Entering safepoint region: Cleanup
[1745.880s][info ][safepoint      ] Leaving safepoint region
[1745.880s][info ][safepoint      ] Total time for which application threads were stopped: 0.0001314 seconds, Stopping threads took: 0.0000493 seconds
[1746.881s][info ][safepoint      ] Application time: 1.0000732 seconds
[1746.881s][info ][safepoint      ] Entering safepoint region: Cleanup
[1746.881s][info ][safepoint      ] Leaving safepoint region
[1746.881s][info ][safepoint      ] Total time for which application threads were stopped: 0.0001240 seconds, Stopping threads took: 0.0000541 seconds
[1750.881s][info ][safepoint      ] Application time: 4.0002802 seconds
[1750.881s][info ][safepoint      ] Entering safepoint region: Cleanup
[1750.881s][info ][safepoint      ] Leaving safepoint region
[1750.881s][info ][safepoint      ] Total time for which application threads were stopped: 0.0000777 seconds, Stopping threads took: 0.0000133 seconds
[1752.249s][info ][safepoint      ] Application time: 1.3681091 seconds
[1752.249s][info ][safepoint      ] Entering safepoint region: ParallelGCFailedAllocation
[1752.249s][info ][gc,start       ] GC(221) Pause Young (Allocation Failure)
[1752.255s][debug][gc,phases      ] GC(221) Scavenge 5.715ms
[1752.255s][debug][gc,ref         ] GC(221) Skipped phase1 of Reference Processing due to unavailable references
[1752.255s][debug][gc,ref         ] GC(221) Skipped phase3 of Reference Processing due to unavailable references
[1752.255s][debug][gc,phases      ] GC(221) Reference Processing 0.030ms
[1752.255s][debug][gc,phases      ] GC(221) Weak Processing 0.147ms
[1752.256s][debug][gc,phases      ] GC(221) Scrub String Table 0.502ms
[1752.256s][debug][gc,age         ] GC(221) Desired survivor size 19922944 bytes, new threshold 15 (max threshold 15)
[1752.256s][info ][gc,heap        ] GC(221) PSYoungGen: 2068944K->11664K(2077696K)
[1752.256s][info ][gc,heap        ] GC(221) ParOldGen: 408780K->408828K(486400K)
[1752.256s][info ][gc,metaspace   ] GC(221) Metaspace: 75961K->75961K(1118208K)
[1752.256s][info ][gc             ] GC(221) Pause Young (Allocation Failure) 2419M->410M(2504M) 6.525ms
[1752.256s][info ][gc,cpu         ] GC(221) User=0.03s Sys=0.00s Real=0.00s
[1752.256s][info ][safepoint      ] Leaving safepoint region
[1752.256s][info ][safepoint      ] Total time for which application threads were stopped: 0.0067341 seconds, Stopping threads took: 0.0000434 seconds
[1754.256s][info ][safepoint      ] Application time: 2.0001612 seconds
[1754.256s][info ][safepoint      ] Entering safepoint region: Cleanup
[1754.256s][info ][safepoint      ] Leaving safepoint region
[1754.256s][info ][safepoint      ] Total time for which application threads were stopped: 0.0001189 seconds, Stopping threads took: 0.0000517 seconds
[1755.256s][info ][safepoint      ] Application time: 1.0000823 seconds
[1755.256s][info ][safepoint      ] Entering safepoint region: Cleanup
[1755.257s][info ][safepoint      ] Leaving safepoint region
[1755.257s][info ][safepoint      ] Total time for which application threads were stopped: 0.0001656 seconds, Stopping threads took: 0.0000575 seconds
[1756.257s][info ][safepoint      ] Application time: 1.0000777 seconds
[1756.257s][info ][safepoint      ] Entering safepoint region: Cleanup
[1756.257s][info ][safepoint      ] Leaving safepoint region
[1756.257s][info ][safepoint      ] Total time for which application threads were stopped: 0.0001306 seconds, Stopping threads took: 0.0000439 seconds
[1758.257s][info ][safepoint      ] Application time: 2.0001455 seconds
[1758.257s][info ][safepoint      ] Entering safepoint region: Cleanup
[1758.257s][info ][safepoint      ] Leaving safepoint region
[1758.257s][info ][safepoint      ] Total time for which application threads were stopped: 0.0001314 seconds, Stopping threads took: 0.0000407 seconds
[1761.427s][info ][safepoint      ] Application time: 3.1699297 seconds
[1761.427s][info ][safepoint      ] Entering safepoint region: ParallelGCFailedAllocation
[1761.427s][info ][gc,start       ] GC(222) Pause Young (Allocation Failure)
[1761.433s][debug][gc,phases      ] GC(222) Scavenge 6.016ms
[1761.433s][debug][gc,ref         ] GC(222) Skipped phase1 of Reference Processing due to unavailable references
[1761.433s][debug][gc,ref         ] GC(222) Skipped phase3 of Reference Processing due to unavailable references
[1761.433s][debug][gc,ref         ] GC(222) Skipped phase4 of Reference Processing due to unavailable references
[1761.433s][debug][gc,phases      ] GC(222) Reference Processing 0.037ms
[1761.434s][debug][gc,phases      ] GC(222) Weak Processing 0.175ms
[1761.434s][debug][gc,phases      ] GC(222) Scrub String Table 0.638ms
[1761.434s][debug][gc,age         ] GC(222) Desired survivor size 19922944 bytes, new threshold 15 (max threshold 15)
[1761.434s][info ][gc,heap        ] GC(222) PSYoungGen: 2069904K->11072K(2077696K)
[1761.434s][info ][gc,heap        ] GC(222) ParOldGen: 408828K->409452K(486400K)
[1761.434s][info ][gc,metaspace   ] GC(222) Metaspace: 75961K->75961K(1118208K)
[1761.434s][info ][gc             ] GC(222) Pause Young (Allocation Failure) 2420M->410M(2504M) 7.063ms
[1761.434s][info ][gc,cpu         ] GC(222) User=0.02s Sys=0.00s Real=0.01s
[1761.434s][info ][safepoint      ] Leaving safepoint region
[1761.434s][info ][safepoint      ] Total time for which application threads were stopped: 0.0072625 seconds, Stopping threads took: 0.0000175 seconds
[1765.435s][info ][safepoint      ] Application time: 4.0002914 seconds
[1765.435s][info ][safepoint      ] Entering safepoint region: Cleanup
[1765.435s][info ][safepoint      ] Leaving safepoint region
[1765.435s][info ][safepoint      ] Total time for which application threads were stopped: 0.0000771 seconds, Stopping threads took: 0.0000143 seconds
[1767.435s][info ][safepoint      ] Application time: 2.0001519 seconds
[1767.435s][info ][safepoint      ] Entering safepoint region: Cleanup
[1767.435s][info ][safepoint      ] Leaving safepoint region
[1767.435s][info ][safepoint      ] Total time for which application threads were stopped: 0.0000735 seconds, Stopping threads took: 0.0000142 seconds
[1770.807s][info ][safepoint      ] Application time: 3.3716520 seconds
[1770.807s][info ][safepoint      ] Entering safepoint region: ParallelGCFailedAllocation
[1770.807s][info ][gc,start       ] GC(223) Pause Young (Allocation Failure)
[1770.812s][debug][gc,phases      ] GC(223) Scavenge 5.531ms
[1770.813s][debug][gc,ref         ] GC(223) Skipped phase1 of Reference Processing due to unavailable references
[1770.813s][debug][gc,ref         ] GC(223) Skipped phase3 of Reference Processing due to unavailable references
[1770.813s][debug][gc,phases      ] GC(223) Reference Processing 0.028ms
[1770.813s][debug][gc,phases      ] GC(223) Weak Processing 0.162ms
[1770.813s][debug][gc,phases      ] GC(223) Scrub String Table 0.489ms
[1770.813s][debug][gc,age         ] GC(223) Desired survivor size 19922944 bytes, new threshold 15 (max threshold 15)
[1770.813s][info ][gc,heap        ] GC(223) PSYoungGen: 2069312K->10480K(2077696K)
[1770.813s][info ][gc,heap        ] GC(223) ParOldGen: 409452K->409893K(486400K)
[1770.813s][info ][gc,metaspace   ] GC(223) Metaspace: 75986K->75986K(1118208K)
[1770.813s][info ][gc             ] GC(223) Pause Young (Allocation Failure) 2420M->410M(2504M) 6.355ms
[1770.813s][info ][gc,cpu         ] GC(223) User=0.02s Sys=0.00s Real=0.01s
[1770.813s][info ][safepoint      ] Leaving safepoint region
[1770.813s][info ][safepoint      ] Total time for which application threads were stopped: 0.0065317 seconds, Stopping threads took: 0.0000154 seconds
[1772.813s][info ][safepoint      ] Application time: 2.0001556 seconds
[1772.814s][info ][safepoint      ] Entering safepoint region: Cleanup
[1772.814s][info ][safepoint      ] Leaving safepoint region
[1772.814s][info ][safepoint      ] Total time for which application threads were stopped: 0.0000951 seconds, Stopping threads took: 0.0000330 seconds
[1780.349s][info ][safepoint      ] Application time: 7.5353938 seconds
[1780.349s][info ][safepoint      ] Entering safepoint region: ParallelGCFailedAllocation
[1780.349s][info ][gc,start       ] GC(224) Pause Young (Allocation Failure)
[1780.354s][debug][gc,phases      ] GC(224) Scavenge 5.197ms
[1780.355s][debug][gc,ref         ] GC(224) Skipped phase1 of Reference Processing due to unavailable references
[1780.355s][debug][gc,ref         ] GC(224) Skipped phase3 of Reference Processing due to unavailable references
[1780.355s][debug][gc,ref         ] GC(224) Skipped phase4 of Reference Processing due to unavailable references
[1780.355s][debug][gc,phases      ] GC(224) Reference Processing 0.029ms
[1780.355s][debug][gc,phases      ] GC(224) Weak Processing 0.143ms
[1780.355s][debug][gc,phases      ] GC(224) Scrub String Table 0.476ms
[1780.355s][debug][gc,age         ] GC(224) Desired survivor size 19922944 bytes, new threshold 15 (max threshold 15)
[1780.355s][info ][gc,heap        ] GC(224) PSYoungGen: 2068720K->10432K(2077696K)
[1780.355s][info ][gc,heap        ] GC(224) ParOldGen: 409893K->410025K(486400K)
[1780.355s][info ][gc,metaspace   ] GC(224) Metaspace: 75986K->75986K(1118208K)
[1780.355s][info ][gc             ] GC(224) Pause Young (Allocation Failure) 2420M->410M(2504M) 5.988ms
[1780.355s][info ][gc,cpu         ] GC(224) User=0.02s Sys=0.00s Real=0.00s
[1780.355s][info ][safepoint      ] Leaving safepoint region
[1780.355s][info ][safepoint      ] Total time for which application threads were stopped: 0.0062029 seconds, Stopping threads took: 0.0000582 seconds
[1784.356s][info ][safepoint      ] Application time: 4.0003049 seconds
[1784.356s][info ][safepoint      ] Entering safepoint region: Cleanup
[1784.356s][info ][safepoint      ] Leaving safepoint region
[1784.356s][info ][safepoint      ] Total time for which application threads were stopped: 0.0001298 seconds, Stopping threads took: 0.0000503 seconds
[1785.356s][info ][safepoint      ] Application time: 1.0000898 seconds
[1785.356s][info ][safepoint      ] Entering safepoint region: Cleanup
[1785.356s][info ][safepoint      ] Leaving safepoint region
[1785.356s][info ][safepoint      ] Total time for which application threads were stopped: 0.0001200 seconds, Stopping threads took: 0.0000369 seconds
[1787.356s][info ][safepoint      ] Application time: 2.0001423 seconds
[1787.356s][info ][safepoint      ] Entering safepoint region: Cleanup
[1787.356s][info ][safepoint      ] Leaving safepoint region
[1787.356s][info ][safepoint      ] Total time for which application threads were stopped: 0.0001349 seconds, Stopping threads took: 0.0000578 seconds
[1789.880s][info ][safepoint      ] Application time: 2.5241595 seconds
[1789.881s][info ][safepoint      ] Entering safepoint region: ParallelGCFailedAllocation
[1789.881s][info ][gc,start       ] GC(225) Pause Young (Allocation Failure)
[1789.887s][debug][gc,phases      ] GC(225) Scavenge 5.970ms
[1789.887s][debug][gc,ref         ] GC(225) Skipped phase1 of Reference Processing due to unavailable references
[1789.887s][debug][gc,ref         ] GC(225) Skipped phase3 of Reference Processing due to unavailable references
[1789.887s][debug][gc,ref         ] GC(225) Skipped phase4 of Reference Processing due to unavailable references
[1789.887s][debug][gc,phases      ] GC(225) Reference Processing 0.031ms
[1789.887s][debug][gc,phases      ] GC(225) Weak Processing 0.164ms
[1789.887s][debug][gc,phases      ] GC(225) Scrub String Table 0.496ms
[1789.887s][debug][gc,age         ] GC(225) Desired survivor size 19922944 bytes, new threshold 15 (max threshold 15)
[1789.887s][info ][gc,heap        ] GC(225) PSYoungGen: 2068672K->10320K(2077696K)
[1789.887s][info ][gc,heap        ] GC(225) ParOldGen: 410025K->410057K(486400K)
[1789.887s][info ][gc,metaspace   ] GC(225) Metaspace: 75987K->75987K(1118208K)
[1789.888s][info ][gc             ] GC(225) Pause Young (Allocation Failure) 2420M->410M(2504M) 6.804ms
[1789.888s][info ][gc,cpu         ] GC(225) User=0.03s Sys=0.00s Real=0.00s
[1789.888s][info ][safepoint      ] Leaving safepoint region
[1789.888s][info ][safepoint      ] Total time for which application threads were stopped: 0.0070085 seconds, Stopping threads took: 0.0000431 seconds
[1799.399s][info ][safepoint      ] Application time: 9.5113782 seconds
[1799.399s][info ][safepoint      ] Entering safepoint region: ParallelGCFailedAllocation
[1799.399s][info ][gc,start       ] GC(226) Pause Young (Allocation Failure)
[1799.403s][debug][gc,phases      ] GC(226) Scavenge 4.310ms
[1799.404s][debug][gc,ref         ] GC(226) Skipped phase1 of Reference Processing due to unavailable references
[1799.404s][debug][gc,ref         ] GC(226) Skipped phase3 of Reference Processing due to unavailable references
[1799.404s][debug][gc,ref         ] GC(226) Skipped phase4 of Reference Processing due to unavailable references
[1799.404s][debug][gc,phases      ] GC(226) Reference Processing 0.028ms
[1799.404s][debug][gc,phases      ] GC(226) Weak Processing 0.130ms
[1799.404s][debug][gc,phases      ] GC(226) Scrub String Table 0.449ms
[1799.404s][debug][gc,age         ] GC(226) Desired survivor size 19922944 bytes, new threshold 15 (max threshold 15)
[1799.404s][info ][gc,heap        ] GC(226) PSYoungGen: 2068560K->9008K(2077696K)
[1799.404s][info ][gc,heap        ] GC(226) ParOldGen: 410057K->411481K(486400K)
[1799.404s][info ][gc,metaspace   ] GC(226) Metaspace: 75988K->75988K(1118208K)
[1799.404s][info ][gc             ] GC(226) Pause Young (Allocation Failure) 2420M->410M(2504M) 5.040ms
[1799.404s][info ][gc,cpu         ] GC(226) User=0.02s Sys=0.00s Real=0.00s
[1799.404s][info ][safepoint      ] Leaving safepoint region
[1799.404s][info ][safepoint      ] Total time for which application threads were stopped: 0.0052239 seconds, Stopping threads took: 0.0000349 seconds
[1808.960s][info ][safepoint      ] Application time: 9.5553690 seconds
[1808.960s][info ][safepoint      ] Entering safepoint region: ParallelGCFailedAllocation
[1808.960s][info ][gc,start       ] GC(227) Pause Young (Allocation Failure)
[1808.965s][debug][gc,phases      ] GC(227) Scavenge 4.741ms
[1808.965s][debug][gc,ref         ] GC(227) Skipped phase1 of Reference Processing due to unavailable references
[1808.965s][debug][gc,ref         ] GC(227) Skipped phase3 of Reference Processing due to unavailable references
[1808.965s][debug][gc,ref         ] GC(227) Skipped phase4 of Reference Processing due to unavailable references
[1808.965s][debug][gc,phases      ] GC(227) Reference Processing 0.029ms
[1808.965s][debug][gc,phases      ] GC(227) Weak Processing 0.138ms
[1808.965s][debug][gc,phases      ] GC(227) Scrub String Table 0.498ms
[1808.965s][debug][gc,age         ] GC(227) Desired survivor size 19398656 bytes, new threshold 15 (max threshold 15)
[1808.965s][info ][gc,heap        ] GC(227) PSYoungGen: 2067248K->9136K(2078208K)
[1808.965s][info ][gc,heap        ] GC(227) ParOldGen: 411481K->411597K(486400K)
[1808.965s][info ][gc,metaspace   ] GC(227) Metaspace: 75989K->75989K(1118208K)
[1808.965s][info ][gc             ] GC(227) Pause Young (Allocation Failure) 2420M->410M(2504M) 5.536ms
[1808.965s][info ][gc,cpu         ] GC(227) User=0.02s Sys=0.00s Real=0.00s
[1808.965s][info ][safepoint      ] Leaving safepoint region
[1808.965s][info ][safepoint      ] Total time for which application threads were stopped: 0.0057003 seconds, Stopping threads took: 0.0000223 seconds
[1817.811s][info ][safepoint      ] Application time: 8.8456410 seconds
[1817.811s][info ][safepoint      ] Entering safepoint region: ParallelGCFailedAllocation
[1817.811s][info ][gc,start       ] GC(228) Pause Young (Allocation Failure)
[1817.825s][debug][gc,phases      ] GC(228) Scavenge 13.365ms
[1817.825s][debug][gc,ref         ] GC(228) Skipped phase1 of Reference Processing due to unavailable references
[1817.825s][debug][gc,ref         ] GC(228) Skipped phase3 of Reference Processing due to unavailable references
[1817.825s][debug][gc,phases      ] GC(228) Reference Processing 0.030ms
[1817.825s][debug][gc,phases      ] GC(228) Weak Processing 0.178ms
[1817.825s][debug][gc,phases      ] GC(228) Scrub String Table 0.467ms
[1817.825s][debug][gc,age         ] GC(228) Desired survivor size 24641536 bytes, new threshold 14 (max threshold 15)
[1817.825s][info ][gc,heap        ] GC(228) PSYoungGen: 2067888K->18912K(2077696K)
[1817.825s][info ][gc,heap        ] GC(228) ParOldGen: 411597K->419310K(486400K)
[1817.825s][info ][gc,metaspace   ] GC(228) Metaspace: 75997K->75997K(1118208K)
[1817.825s][info ][gc             ] GC(228) Pause Young (Allocation Failure) 2421M->427M(2504M) 14.190ms
[1817.825s][info ][gc,cpu         ] GC(228) User=0.06s Sys=0.00s Real=0.01s
[1817.825s][info ][safepoint      ] Leaving safepoint region
[1817.825s][info ][safepoint      ] Total time for which application threads were stopped: 0.0144391 seconds, Stopping threads took: 0.0000745 seconds
[1822.826s][info ][safepoint      ] Application time: 5.0003679 seconds
[1822.826s][info ][safepoint      ] Entering safepoint region: Cleanup
[1822.826s][info ][safepoint      ] Leaving safepoint region
[1822.826s][info ][safepoint      ] Total time for which application threads were stopped: 0.0000993 seconds, Stopping threads took: 0.0000330 seconds
[1824.826s][info ][safepoint      ] Application time: 2.0001227 seconds
[1824.826s][info ][safepoint      ] Entering safepoint region: Cleanup
[1824.826s][info ][safepoint      ] Leaving safepoint region
[1824.826s][info ][safepoint      ] Total time for which application threads were stopped: 0.0000934 seconds, Stopping threads took: 0.0000369 seconds
[1825.826s][info ][safepoint      ] Application time: 1.0000801 seconds
[1825.826s][info ][safepoint      ] Entering safepoint region: Cleanup
[1825.826s][info ][safepoint      ] Leaving safepoint region
[1825.826s][info ][safepoint      ] Total time for which application threads were stopped: 0.0001051 seconds, Stopping threads took: 0.0000332 seconds
[1826.827s][info ][safepoint      ] Application time: 1.0000723 seconds
[1826.827s][info ][safepoint      ] Entering safepoint region: Cleanup
[1826.827s][info ][safepoint      ] Leaving safepoint region
[1826.827s][info ][safepoint      ] Total time for which application threads were stopped: 0.0000775 seconds, Stopping threads took: 0.0000178 seconds
[1826.848s][info ][safepoint      ] Application time: 0.0209022 seconds
[1826.848s][info ][safepoint      ] Entering safepoint region: ParallelGCFailedAllocation
[1826.848s][info ][gc,start       ] GC(229) Pause Young (Allocation Failure)
[1826.854s][debug][gc,phases      ] GC(229) Scavenge 6.302ms
[1826.854s][debug][gc,ref         ] GC(229) Skipped phase1 of Reference Processing due to unavailable references
[1826.854s][debug][gc,ref         ] GC(229) Skipped phase3 of Reference Processing due to unavailable references
[1826.854s][debug][gc,phases      ] GC(229) Reference Processing 0.030ms
[1826.854s][debug][gc,phases      ] GC(229) Weak Processing 0.145ms
[1826.855s][debug][gc,phases      ] GC(229) Scrub String Table 0.420ms
[1826.855s][debug][gc,age         ] GC(229) Desired survivor size 24117248 bytes, new threshold 15 (max threshold 15)
[1826.855s][info ][gc,heap        ] GC(229) PSYoungGen: 2077664K->9664K(2069504K)
[1826.855s][info ][gc,heap        ] GC(229) ParOldGen: 419310K->419422K(486400K)
[1826.855s][info ][gc,metaspace   ] GC(229) Metaspace: 75998K->75998K(1118208K)
[1826.855s][info ][gc             ] GC(229) Pause Young (Allocation Failure) 2438M->419M(2496M) 7.019ms
[1826.855s][info ][gc,cpu         ] GC(229) User=0.03s Sys=0.00s Real=0.01s
[1826.855s][info ][safepoint      ] Leaving safepoint region
[1826.855s][info ][safepoint      ] Total time for which application threads were stopped: 0.0071724 seconds, Stopping threads took: 0.0000123 seconds
[1831.855s][info ][safepoint      ] Application time: 5.0003273 seconds
[1831.855s][info ][safepoint      ] Entering safepoint region: Cleanup
[1831.855s][info ][safepoint      ] Leaving safepoint region
[1831.855s][info ][safepoint      ] Total time for which application threads were stopped: 0.0001235 seconds, Stopping threads took: 0.0000561 seconds
[1836.348s][info ][safepoint      ] Application time: 4.4930086 seconds
[1836.348s][info ][safepoint      ] Entering safepoint region: ParallelGCFailedAllocation
[1836.348s][info ][gc,start       ] GC(230) Pause Young (Allocation Failure)
[1836.355s][debug][gc,phases      ] GC(230) Scavenge 6.098ms
[1836.355s][debug][gc,ref         ] GC(230) Skipped phase1 of Reference Processing due to unavailable references
[1836.355s][debug][gc,ref         ] GC(230) Skipped phase3 of Reference Processing due to unavailable references
[1836.355s][debug][gc,phases      ] GC(230) Reference Processing 0.028ms
[1836.355s][debug][gc,phases      ] GC(230) Weak Processing 0.152ms
[1836.355s][debug][gc,phases      ] GC(230) Scrub String Table 0.453ms
[1836.355s][debug][gc,age         ] GC(230) Desired survivor size 23592960 bytes, new threshold 15 (max threshold 15)
[1836.355s][info ][gc,heap        ] GC(230) PSYoungGen: 2059712K->10112K(2073600K)
[1836.355s][info ][gc,heap        ] GC(230) ParOldGen: 419422K->419422K(486400K)
[1836.355s][info ][gc,metaspace   ] GC(230) Metaspace: 75998K->75998K(1118208K)
[1836.355s][info ][gc             ] GC(230) Pause Young (Allocation Failure) 2421M->419M(2500M) 6.876ms
[1836.355s][info ][gc,cpu         ] GC(230) User=0.02s Sys=0.00s Real=0.01s
[1836.355s][info ][safepoint      ] Leaving safepoint region
[1836.355s][info ][safepoint      ] Total time for which application threads were stopped: 0.0070829 seconds, Stopping threads took: 0.0000709 seconds
[1845.870s][info ][safepoint      ] Application time: 9.5151286 seconds
[1845.871s][info ][safepoint      ] Entering safepoint region: ParallelGCFailedAllocation
[1845.871s][info ][gc,start       ] GC(231) Pause Young (Allocation Failure)
[1845.877s][debug][gc,phases      ] GC(231) Scavenge 6.045ms
[1845.877s][debug][gc,ref         ] GC(231) Skipped phase1 of Reference Processing due to unavailable references
[1845.877s][debug][gc,ref         ] GC(231) Skipped phase3 of Reference Processing due to unavailable references
[1845.877s][debug][gc,phases      ] GC(231) Reference Processing 0.026ms
[1845.877s][debug][gc,phases      ] GC(231) Weak Processing 0.135ms
[1845.877s][debug][gc,phases      ] GC(231) Scrub String Table 0.419ms
[1845.877s][debug][gc,age         ] GC(231) Desired survivor size 23068672 bytes, new threshold 15 (max threshold 15)
[1845.877s][info ][gc,heap        ] GC(231) PSYoungGen: 2060160K->9696K(2074624K)
[1845.877s][info ][gc,heap        ] GC(231) ParOldGen: 419422K->420186K(486400K)
[1845.877s][info ][gc,metaspace   ] GC(231) Metaspace: 76009K->76009K(1118208K)
[1845.877s][info ][gc             ] GC(231) Pause Young (Allocation Failure) 2421M->419M(2501M) 6.743ms
[1845.877s][info ][gc,cpu         ] GC(231) User=0.02s Sys=0.01s Real=0.01s
[1845.877s][info ][safepoint      ] Leaving safepoint region
[1845.877s][info ][safepoint      ] Total time for which application threads were stopped: 0.0068977 seconds, Stopping threads took: 0.0000129 seconds
[1846.878s][info ][safepoint      ] Application time: 1.0000750 seconds
[1846.878s][info ][safepoint      ] Entering safepoint region: Cleanup
[1846.878s][info ][safepoint      ] Leaving safepoint region
[1846.878s][info ][safepoint      ] Total time for which application threads were stopped: 0.0000926 seconds, Stopping threads took: 0.0000344 seconds
[1850.878s][info ][safepoint      ] Application time: 4.0002693 seconds
[1850.878s][info ][safepoint      ] Entering safepoint region: Cleanup
[1850.878s][info ][safepoint      ] Leaving safepoint region
[1850.878s][info ][safepoint      ] Total time for which application threads were stopped: 0.0000999 seconds, Stopping threads took: 0.0000392 seconds
[1852.878s][info ][safepoint      ] Application time: 2.0001488 seconds
[1852.878s][info ][safepoint      ] Entering safepoint region: Cleanup
[1852.878s][info ][safepoint      ] Leaving safepoint region
[1852.878s][info ][safepoint      ] Total time for which application threads were stopped: 0.0001061 seconds, Stopping threads took: 0.0000356 seconds
[1855.273s][info ][safepoint      ] Application time: 2.3941801 seconds
[1855.273s][info ][safepoint      ] Entering safepoint region: ParallelGCFailedAllocation
[1855.273s][info ][gc,start       ] GC(232) Pause Young (Allocation Failure)
[1855.279s][debug][gc,phases      ] GC(232) Scavenge 6.171ms
[1855.279s][debug][gc,ref         ] GC(232) Skipped phase1 of Reference Processing due to unavailable references
[1855.279s][debug][gc,ref         ] GC(232) Skipped phase3 of Reference Processing due to unavailable references
[1855.279s][debug][gc,phases      ] GC(232) Reference Processing 0.028ms
[1855.279s][debug][gc,phases      ] GC(232) Weak Processing 0.133ms
[1855.280s][debug][gc,phases      ] GC(232) Scrub String Table 0.419ms
[1855.280s][debug][gc,age         ] GC(232) Desired survivor size 23068672 bytes, new threshold 15 (max threshold 15)
[1855.280s][info ][gc,heap        ] GC(232) PSYoungGen: 2061280K->7440K(2074112K)
[1855.280s][info ][gc,heap        ] GC(232) ParOldGen: 420186K->422783K(486400K)
[1855.280s][info ][gc,metaspace   ] GC(232) Metaspace: 76015K->76015K(1118208K)
[1855.280s][info ][gc             ] GC(232) Pause Young (Allocation Failure) 2423M->420M(2500M) 6.884ms
[1855.280s][info ][gc,cpu         ] GC(232) User=0.03s Sys=0.00s Real=0.01s
[1855.280s][info ][safepoint      ] Leaving safepoint region
[1855.280s][info ][safepoint      ] Total time for which application threads were stopped: 0.0070478 seconds, Stopping threads took: 0.0000329 seconds
[1864.599s][info ][safepoint      ] Application time: 9.3189304 seconds
[1864.599s][info ][safepoint      ] Entering safepoint region: ParallelGCFailedAllocation
[1864.599s][info ][gc,start       ] GC(233) Pause Young (Allocation Failure)
[1864.605s][debug][gc,phases      ] GC(233) Scavenge 5.724ms
[1864.605s][debug][gc,ref         ] GC(233) Skipped phase1 of Reference Processing due to unavailable references
[1864.605s][debug][gc,ref         ] GC(233) Skipped phase3 of Reference Processing due to unavailable references
[1864.605s][debug][gc,phases      ] GC(233) Reference Processing 0.031ms
[1864.605s][debug][gc,phases      ] GC(233) Weak Processing 0.168ms
[1864.605s][debug][gc,phases      ] GC(233) Scrub String Table 0.606ms
[1864.605s][debug][gc,age         ] GC(233) Desired survivor size 22544384 bytes, new threshold 15 (max threshold 15)
[1864.605s][info ][gc,heap        ] GC(233) PSYoungGen: 2059024K->7904K(2075136K)
[1864.605s][info ][gc,heap        ] GC(233) ParOldGen: 422783K->422815K(486400K)
[1864.605s][info ][gc,metaspace   ] GC(233) Metaspace: 76021K->76021K(1118208K)
[1864.605s][info ][gc             ] GC(233) Pause Young (Allocation Failure) 2423M->420M(2501M) 6.675ms
[1864.605s][info ][gc,cpu         ] GC(233) User=0.02s Sys=0.01s Real=0.00s
[1864.605s][info ][safepoint      ] Leaving safepoint region
[1864.605s][info ][safepoint      ] Total time for which application threads were stopped: 0.0068649 seconds, Stopping threads took: 0.0000368 seconds
[1874.115s][info ][safepoint      ] Application time: 9.5099698 seconds
[1874.116s][info ][safepoint      ] Entering safepoint region: ParallelGCFailedAllocation
[1874.116s][info ][gc,start       ] GC(234) Pause Young (Allocation Failure)
[1874.121s][debug][gc,phases      ] GC(234) Scavenge 5.542ms
[1874.121s][debug][gc,ref         ] GC(234) Skipped phase1 of Reference Processing due to unavailable references
[1874.121s][debug][gc,ref         ] GC(234) Skipped phase3 of Reference Processing due to unavailable references
[1874.121s][debug][gc,phases      ] GC(234) Reference Processing 0.026ms
[1874.121s][debug][gc,phases      ] GC(234) Weak Processing 0.136ms
[1874.122s][debug][gc,phases      ] GC(234) Scrub String Table 0.417ms
[1874.122s][debug][gc,age         ] GC(234) Desired survivor size 22020096 bytes, new threshold 15 (max threshold 15)
[1874.122s][info ][gc,heap        ] GC(234) PSYoungGen: 2060512K->8176K(2074624K)
[1874.122s][info ][gc,heap        ] GC(234) ParOldGen: 422815K->422863K(486400K)
[1874.122s][info ][gc,metaspace   ] GC(234) Metaspace: 76024K->76024K(1118208K)
[1874.122s][info ][gc             ] GC(234) Pause Young (Allocation Failure) 2425M->420M(2501M) 6.243ms
[1874.122s][info ][gc,cpu         ] GC(234) User=0.02s Sys=0.00s Real=0.01s
[1874.122s][info ][safepoint      ] Leaving safepoint region
[1874.122s][info ][safepoint      ] Total time for which application threads were stopped: 0.0064404 seconds, Stopping threads took: 0.0000308 seconds
[1876.122s][info ][safepoint      ] Application time: 2.0001170 seconds
[1876.122s][info ][safepoint      ] Entering safepoint region: Cleanup
[1876.122s][info ][safepoint      ] Leaving safepoint region
[1876.122s][info ][safepoint      ] Total time for which application threads were stopped: 0.0001005 seconds, Stopping threads took: 0.0000376 seconds
[1878.025s][info ][safepoint      ] Application time: 1.9028621 seconds
[1878.025s][info ][safepoint      ] Entering safepoint region: RevokeBias
[1878.025s][info ][safepoint      ] Leaving safepoint region
[1878.025s][info ][safepoint      ] Total time for which application threads were stopped: 0.0001093 seconds, Stopping threads took: 0.0000311 seconds
[1882.025s][info ][safepoint      ] Application time: 4.0002529 seconds
[1882.026s][info ][safepoint      ] Entering safepoint region: Cleanup
[1882.026s][info ][safepoint      ] Leaving safepoint region
[1882.026s][info ][safepoint      ] Total time for which application threads were stopped: 0.0001029 seconds, Stopping threads took: 0.0000334 seconds
[1883.399s][info ][safepoint      ] Application time: 1.3734754 seconds
[1883.399s][info ][safepoint      ] Entering safepoint region: ParallelGCFailedAllocation
[1883.399s][info ][gc,start       ] GC(235) Pause Young (Allocation Failure)
[1883.405s][debug][gc,phases      ] GC(235) Scavenge 5.336ms
[1883.405s][debug][gc,ref         ] GC(235) Skipped phase1 of Reference Processing due to unavailable references
[1883.405s][debug][gc,ref         ] GC(235) Skipped phase3 of Reference Processing due to unavailable references
[1883.405s][debug][gc,phases      ] GC(235) Reference Processing 0.026ms
[1883.405s][debug][gc,phases      ] GC(235) Weak Processing 0.154ms
[1883.405s][debug][gc,phases      ] GC(235) Scrub String Table 0.436ms
[1883.405s][debug][gc,age         ] GC(235) Desired survivor size 21495808 bytes, new threshold 15 (max threshold 15)
[1883.405s][info ][gc,heap        ] GC(235) PSYoungGen: 2060784K->8704K(2076160K)
[1883.405s][info ][gc,heap        ] GC(235) ParOldGen: 422863K->422903K(486400K)
[1883.405s][info ][gc,metaspace   ] GC(235) Metaspace: 76024K->76024K(1118208K)
[1883.405s][info ][gc             ] GC(235) Pause Young (Allocation Failure) 2425M->421M(2502M) 6.076ms
[1883.405s][info ][gc,cpu         ] GC(235) User=0.03s Sys=0.00s Real=0.00s
[1883.405s][info ][safepoint      ] Leaving safepoint region
[1883.405s][info ][safepoint      ] Total time for which application threads were stopped: 0.0062711 seconds, Stopping threads took: 0.0000594 seconds
[1884.406s][info ][safepoint      ] Application time: 1.0000905 seconds
[1884.406s][info ][safepoint      ] Entering safepoint region: Cleanup
[1884.406s][info ][safepoint      ] Leaving safepoint region
[1884.406s][info ][safepoint      ] Total time for which application threads were stopped: 0.0001243 seconds, Stopping threads took: 0.0000378 seconds
[1886.406s][info ][safepoint      ] Application time: 2.0001566 seconds
[1886.406s][info ][safepoint      ] Entering safepoint region: Cleanup
[1886.406s][info ][safepoint      ] Leaving safepoint region
[1886.406s][info ][safepoint      ] Total time for which application threads were stopped: 0.0001131 seconds, Stopping threads took: 0.0000495 seconds
[1887.406s][info ][safepoint      ] Application time: 1.0000718 seconds
[1887.406s][info ][safepoint      ] Entering safepoint region: Cleanup
[1887.406s][info ][safepoint      ] Leaving safepoint region
[1887.406s][info ][safepoint      ] Total time for which application threads were stopped: 0.0001220 seconds, Stopping threads took: 0.0000462 seconds
[1891.407s][info ][safepoint      ] Application time: 4.0002862 seconds
[1891.407s][info ][safepoint      ] Entering safepoint region: Cleanup
[1891.407s][info ][safepoint      ] Leaving safepoint region
[1891.407s][info ][safepoint      ] Total time for which application threads were stopped: 0.0001284 seconds, Stopping threads took: 0.0000597 seconds
[1892.720s][info ][safepoint      ] Application time: 1.3136311 seconds
[1892.720s][info ][safepoint      ] Entering safepoint region: ParallelGCFailedAllocation
[1892.720s][info ][gc,start       ] GC(236) Pause Young (Allocation Failure)
[1892.727s][debug][gc,phases      ] GC(236) Scavenge 6.477ms
[1892.727s][debug][gc,ref         ] GC(236) Skipped phase1 of Reference Processing due to unavailable references
[1892.727s][debug][gc,ref         ] GC(236) Skipped phase3 of Reference Processing due to unavailable references
[1892.727s][debug][gc,phases      ] GC(236) Reference Processing 0.026ms
[1892.727s][debug][gc,phases      ] GC(236) Weak Processing 0.125ms
[1892.728s][debug][gc,phases      ] GC(236) Scrub String Table 0.416ms
[1892.728s][debug][gc,age         ] GC(236) Desired survivor size 20971520 bytes, new threshold 15 (max threshold 15)
[1892.728s][info ][gc,heap        ] GC(236) PSYoungGen: 2063360K->11792K(2075648K)
[1892.728s][info ][gc,heap        ] GC(236) ParOldGen: 422903K->422975K(486400K)
[1892.728s][info ][gc,metaspace   ] GC(236) Metaspace: 76025K->76025K(1118208K)
[1892.728s][info ][gc             ] GC(236) Pause Young (Allocation Failure) 2427M->424M(2502M) 7.165ms
[1892.728s][info ][gc,cpu         ] GC(236) User=0.02s Sys=0.00s Real=0.00s
[1892.728s][info ][safepoint      ] Leaving safepoint region
[1892.728s][info ][safepoint      ] Total time for which application threads were stopped: 0.0073087 seconds, Stopping threads took: 0.0000140 seconds
[1893.728s][info ][safepoint      ] Application time: 1.0000754 seconds
[1893.728s][info ][safepoint      ] Entering safepoint region: Cleanup
[1893.728s][info ][safepoint      ] Leaving safepoint region
[1893.728s][info ][safepoint      ] Total time for which application threads were stopped: 0.0000632 seconds, Stopping threads took: 0.0000116 seconds
[1894.728s][info ][safepoint      ] Application time: 1.0000638 seconds
[1894.728s][info ][safepoint      ] Entering safepoint region: Cleanup
[1894.728s][info ][safepoint      ] Leaving safepoint region
[1894.728s][info ][safepoint      ] Total time for which application threads were stopped: 0.0001389 seconds, Stopping threads took: 0.0000465 seconds
[1895.728s][info ][safepoint      ] Application time: 1.0002476 seconds
[1895.728s][info ][safepoint      ] Entering safepoint region: Cleanup
[1895.729s][info ][safepoint      ] Leaving safepoint region
[1895.729s][info ][safepoint      ] Total time for which application threads were stopped: 0.0001640 seconds, Stopping threads took: 0.0000409 seconds
[1896.729s][info ][safepoint      ] Application time: 1.0000862 seconds
[1896.729s][info ][safepoint      ] Entering safepoint region: Cleanup
[1896.729s][info ][safepoint      ] Leaving safepoint region
[1896.729s][info ][safepoint      ] Total time for which application threads were stopped: 0.0001564 seconds, Stopping threads took: 0.0000499 seconds
[1898.729s][info ][safepoint      ] Application time: 2.0001376 seconds
[1898.729s][info ][safepoint      ] Entering safepoint region: Cleanup
[1898.729s][info ][safepoint      ] Leaving safepoint region
[1898.729s][info ][safepoint      ] Total time for which application threads were stopped: 0.0001153 seconds, Stopping threads took: 0.0000390 seconds
[1900.729s][info ][safepoint      ] Application time: 2.0001436 seconds
[1900.729s][info ][safepoint      ] Entering safepoint region: Cleanup
[1900.729s][info ][safepoint      ] Leaving safepoint region
[1900.729s][info ][safepoint      ] Total time for which application threads were stopped: 0.0001297 seconds, Stopping threads took: 0.0000581 seconds
[1901.389s][info ][safepoint      ] Application time: 0.6597227 seconds
[1901.389s][info ][safepoint      ] Entering safepoint region: ParallelGCFailedAllocation
[1901.389s][info ][gc,start       ] GC(237) Pause Young (Allocation Failure)
[1901.405s][debug][gc,phases      ] GC(237) Scavenge 15.130ms
[1901.405s][debug][gc,ref         ] GC(237) Skipped phase1 of Reference Processing due to unavailable references
[1901.405s][debug][gc,ref         ] GC(237) Skipped phase3 of Reference Processing due to unavailable references
[1901.405s][debug][gc,phases      ] GC(237) Reference Processing 0.044ms
[1901.405s][debug][gc,phases      ] GC(237) Weak Processing 0.136ms
[1901.405s][debug][gc,phases      ] GC(237) Scrub String Table 0.461ms
[1901.405s][debug][gc,age         ] GC(237) Desired survivor size 19922944 bytes, new threshold 15 (max threshold 15)
[1901.405s][info ][gc,heap        ] GC(237) PSYoungGen: 2066448K->11712K(2077696K)
[1901.405s][info ][gc,heap        ] GC(237) ParOldGen: 422975K->423071K(486400K)
[1901.405s][info ][gc,metaspace   ] GC(237) Metaspace: 76045K->76045K(1118208K)
[1901.405s][info ][gc             ] GC(237) Pause Young (Allocation Failure) 2431M->424M(2504M) 15.915ms
[1901.405s][info ][gc,cpu         ] GC(237) User=0.03s Sys=0.01s Real=0.01s
[1901.405s][info ][safepoint      ] Leaving safepoint region
[1901.405s][info ][safepoint      ] Total time for which application threads were stopped: 0.0160984 seconds, Stopping threads took: 0.0000154 seconds
[1903.406s][info ][safepoint      ] Application time: 2.0008867 seconds
[1903.406s][info ][safepoint      ] Entering safepoint region: Cleanup
[1903.406s][info ][safepoint      ] Leaving safepoint region
[1903.406s][info ][safepoint      ] Total time for which application threads were stopped: 0.0001216 seconds, Stopping threads took: 0.0000374 seconds
[1905.407s][info ][safepoint      ] Application time: 2.0001593 seconds
[1905.407s][info ][safepoint      ] Entering safepoint region: Cleanup
[1905.407s][info ][safepoint      ] Leaving safepoint region
[1905.407s][info ][safepoint      ] Total time for which application threads were stopped: 0.0001137 seconds, Stopping threads took: 0.0000345 seconds
[1906.407s][info ][safepoint      ] Application time: 1.0000787 seconds
[1906.409s][info ][safepoint      ] Entering safepoint region: Cleanup
[1906.409s][info ][safepoint      ] Leaving safepoint region
[1906.409s][info ][safepoint      ] Total time for which application threads were stopped: 0.0023478 seconds, Stopping threads took: 0.0022493 seconds
[1910.710s][info ][safepoint      ] Application time: 4.3005332 seconds
[1910.710s][info ][safepoint      ] Entering safepoint region: ParallelGCFailedAllocation
[1910.710s][info ][gc,start       ] GC(238) Pause Young (Allocation Failure)
[1910.729s][debug][gc,phases      ] GC(238) Scavenge 19.472ms
[1910.729s][debug][gc,ref         ] GC(238) Skipped phase1 of Reference Processing due to unavailable references
[1910.729s][debug][gc,ref         ] GC(238) Skipped phase3 of Reference Processing due to unavailable references
[1910.729s][debug][gc,phases      ] GC(238) Reference Processing 0.034ms
[1910.730s][debug][gc,phases      ] GC(238) Weak Processing 0.215ms
[1910.730s][debug][gc,phases      ] GC(238) Scrub String Table 0.603ms
[1910.730s][debug][gc,age         ] GC(238) Desired survivor size 19398656 bytes, new threshold 15 (max threshold 15)
[1910.730s][info ][gc,heap        ] GC(238) PSYoungGen: 2068928K->11600K(2076672K)
[1910.730s][info ][gc,heap        ] GC(238) ParOldGen: 423071K->423259K(486400K)
[1910.730s][info ][gc,metaspace   ] GC(238) Metaspace: 76048K->76048K(1118208K)
[1910.730s][info ][gc             ] GC(238) Pause Young (Allocation Failure) 2433M->424M(2503M) 20.473ms
[1910.730s][info ][gc,cpu         ] GC(238) User=0.03s Sys=0.00s Real=0.02s
[1910.730s][info ][safepoint      ] Leaving safepoint region
[1910.730s][info ][safepoint      ] Total time for which application threads were stopped: 0.0206813 seconds, Stopping threads took: 0.0000344 seconds
[1913.741s][info ][safepoint      ] Application time: 3.0106355 seconds
[1913.741s][info ][safepoint      ] Entering safepoint region: Cleanup
[1913.741s][info ][safepoint      ] Leaving safepoint region
[1913.741s][info ][safepoint      ] Total time for which application threads were stopped: 0.0001548 seconds, Stopping threads took: 0.0000670 seconds
[1914.743s][info ][safepoint      ] Application time: 1.0019818 seconds
[1914.743s][info ][safepoint      ] Entering safepoint region: Cleanup
[1914.743s][info ][safepoint      ] Leaving safepoint region
[1914.743s][info ][safepoint      ] Total time for which application threads were stopped: 0.0001491 seconds, Stopping threads took: 0.0000401 seconds
[1919.744s][info ][safepoint      ] Application time: 5.0003618 seconds
[1919.744s][info ][safepoint      ] Entering safepoint region: Cleanup
[1919.744s][info ][safepoint      ] Leaving safepoint region
[1919.744s][info ][safepoint      ] Total time for which application threads were stopped: 0.0000670 seconds, Stopping threads took: 0.0000121 seconds
[1920.009s][info ][safepoint      ] Application time: 0.2650286 seconds
[1920.009s][info ][safepoint      ] Entering safepoint region: ParallelGCFailedAllocation
[1920.009s][info ][gc,start       ] GC(239) Pause Young (Allocation Failure)
[1920.015s][debug][gc,phases      ] GC(239) Scavenge 5.743ms
[1920.015s][debug][gc,ref         ] GC(239) Skipped phase1 of Reference Processing due to unavailable references
[1920.015s][debug][gc,ref         ] GC(239) Skipped phase3 of Reference Processing due to unavailable references
[1920.015s][debug][gc,phases      ] GC(239) Reference Processing 0.026ms
[1920.015s][debug][gc,phases      ] GC(239) Weak Processing 0.275ms
[1920.016s][debug][gc,phases      ] GC(239) Scrub String Table 0.524ms
[1920.016s][debug][gc,age         ] GC(239) Desired survivor size 18874368 bytes, new threshold 15 (max threshold 15)
[1920.016s][info ][gc,heap        ] GC(239) PSYoungGen: 2068816K->11728K(2078720K)
[1920.016s][info ][gc,heap        ] GC(239) ParOldGen: 423259K->423371K(486400K)
[1920.016s][info ][gc,metaspace   ] GC(239) Metaspace: 76051K->76051K(1118208K)
[1920.016s][info ][gc             ] GC(239) Pause Young (Allocation Failure) 2433M->424M(2505M) 6.727ms
[1920.016s][info ][gc,cpu         ] GC(239) User=0.03s Sys=0.00s Real=0.00s
[1920.016s][info ][safepoint      ] Leaving safepoint region
[1920.016s][info ][safepoint      ] Total time for which application threads were stopped: 0.0068906 seconds, Stopping threads took: 0.0000139 seconds
[1921.016s][info ][safepoint      ] Application time: 1.0001040 seconds
[1921.016s][info ][safepoint      ] Entering safepoint region: Cleanup
[1921.016s][info ][safepoint      ] Leaving safepoint region
[1921.016s][info ][safepoint      ] Total time for which application threads were stopped: 0.0001205 seconds, Stopping threads took: 0.0000386 seconds
[1922.016s][info ][safepoint      ] Application time: 1.0000776 seconds
[1922.016s][info ][safepoint      ] Entering safepoint region: Cleanup
[1922.016s][info ][safepoint      ] Leaving safepoint region
[1922.016s][info ][safepoint      ] Total time for which application threads were stopped: 0.0001099 seconds, Stopping threads took: 0.0000534 seconds
[1923.016s][info ][safepoint      ] Application time: 1.0000699 seconds
[1923.017s][info ][safepoint      ] Entering safepoint region: Cleanup
[1923.017s][info ][safepoint      ] Leaving safepoint region
[1923.017s][info ][safepoint      ] Total time for which application threads were stopped: 0.0001139 seconds, Stopping threads took: 0.0000477 seconds
[1928.017s][info ][safepoint      ] Application time: 5.0003853 seconds
[1928.017s][info ][safepoint      ] Entering safepoint region: Cleanup
[1928.017s][info ][safepoint      ] Leaving safepoint region
[1928.017s][info ][safepoint      ] Total time for which application threads were stopped: 0.0001604 seconds, Stopping threads took: 0.0000919 seconds
[1929.017s][info ][safepoint      ] Application time: 1.0000780 seconds
[1929.017s][info ][safepoint      ] Entering safepoint region: Cleanup
[1929.017s][info ][safepoint      ] Leaving safepoint region
[1929.017s][info ][safepoint      ] Total time for which application threads were stopped: 0.0001253 seconds, Stopping threads took: 0.0000522 seconds
[1929.511s][info ][safepoint      ] Application time: 0.4938483 seconds
[1929.511s][info ][safepoint      ] Entering safepoint region: ParallelGCFailedAllocation
[1929.511s][info ][gc,start       ] GC(240) Pause Young (Allocation Failure)
[1929.517s][debug][gc,phases      ] GC(240) Scavenge 5.656ms
[1929.517s][debug][gc,ref         ] GC(240) Skipped phase1 of Reference Processing due to unavailable references
[1929.517s][debug][gc,ref         ] GC(240) Skipped phase3 of Reference Processing due to unavailable references
[1929.517s][debug][gc,phases      ] GC(240) Reference Processing 0.035ms
[1929.517s][debug][gc,phases      ] GC(240) Weak Processing 0.169ms
[1929.518s][debug][gc,phases      ] GC(240) Scrub String Table 0.554ms
[1929.518s][debug][gc,age         ] GC(240) Desired survivor size 18350080 bytes, new threshold 15 (max threshold 15)
[1929.518s][info ][gc,heap        ] GC(240) PSYoungGen: 2071504K->12256K(2078208K)
[1929.518s][info ][gc,heap        ] GC(240) ParOldGen: 423371K->423491K(486400K)
[1929.518s][info ][gc,metaspace   ] GC(240) Metaspace: 76056K->76056K(1118208K)
[1929.518s][info ][gc             ] GC(240) Pause Young (Allocation Failure) 2436M->425M(2504M) 6.582ms
[1929.518s][info ][gc,cpu         ] GC(240) User=0.02s Sys=0.00s Real=0.01s
[1929.518s][info ][safepoint      ] Leaving safepoint region
[1929.518s][info ][safepoint      ] Total time for which application threads were stopped: 0.0067385 seconds, Stopping threads took: 0.0000135 seconds
[1930.518s][info ][safepoint      ] Application time: 1.0000957 seconds
[1930.518s][info ][safepoint      ] Entering safepoint region: Cleanup
[1930.518s][info ][safepoint      ] Leaving safepoint region
[1930.518s][info ][safepoint      ] Total time for which application threads were stopped: 0.0001389 seconds, Stopping threads took: 0.0000370 seconds
[1931.518s][info ][safepoint      ] Application time: 1.0000790 seconds
[1931.519s][info ][safepoint      ] Entering safepoint region: Cleanup
[1931.519s][info ][safepoint      ] Leaving safepoint region
[1931.519s][info ][safepoint      ] Total time for which application threads were stopped: 0.0001500 seconds, Stopping threads took: 0.0000557 seconds
[1932.519s][info ][safepoint      ] Application time: 1.0000718 seconds
[1932.519s][info ][safepoint      ] Entering safepoint region: Cleanup
[1932.519s][info ][safepoint      ] Leaving safepoint region
[1932.519s][info ][safepoint      ] Total time for which application threads were stopped: 0.0001447 seconds, Stopping threads took: 0.0000685 seconds
[1933.519s][info ][safepoint      ] Application time: 1.0000744 seconds
[1933.519s][info ][safepoint      ] Entering safepoint region: Cleanup
[1933.519s][info ][safepoint      ] Leaving safepoint region
[1933.519s][info ][safepoint      ] Total time for which application threads were stopped: 0.0001172 seconds, Stopping threads took: 0.0000333 seconds
[1934.519s][info ][safepoint      ] Application time: 1.0000805 seconds
[1934.519s][info ][safepoint      ] Entering safepoint region: Cleanup
[1934.519s][info ][safepoint      ] Leaving safepoint region
[1934.519s][info ][safepoint      ] Total time for which application threads were stopped: 0.0000915 seconds, Stopping threads took: 0.0000295 seconds
[1935.519s][info ][safepoint      ] Application time: 1.0000865 seconds
[1935.519s][info ][safepoint      ] Entering safepoint region: Cleanup
[1935.520s][info ][safepoint      ] Leaving safepoint region
[1935.520s][info ][safepoint      ] Total time for which application threads were stopped: 0.0000961 seconds, Stopping threads took: 0.0000332 seconds
[1936.520s][info ][safepoint      ] Application time: 1.0000763 seconds
[1936.520s][info ][safepoint      ] Entering safepoint region: Cleanup
[1936.520s][info ][safepoint      ] Leaving safepoint region
[1936.520s][info ][safepoint      ] Total time for which application threads were stopped: 0.0001259 seconds, Stopping threads took: 0.0000528 seconds
[1937.520s][info ][safepoint      ] Application time: 1.0000792 seconds
[1937.520s][info ][safepoint      ] Entering safepoint region: Cleanup
[1937.520s][info ][safepoint      ] Leaving safepoint region
[1937.520s][info ][safepoint      ] Total time for which application threads were stopped: 0.0001214 seconds, Stopping threads took: 0.0000519 seconds
[1938.520s][info ][safepoint      ] Application time: 1.0000816 seconds
[1938.520s][info ][safepoint      ] Entering safepoint region: Cleanup
[1938.520s][info ][safepoint      ] Leaving safepoint region
[1938.520s][info ][safepoint      ] Total time for which application threads were stopped: 0.0001362 seconds, Stopping threads took: 0.0000418 seconds
[1939.074s][info ][safepoint      ] Application time: 0.5538422 seconds
[1939.074s][info ][safepoint      ] Entering safepoint region: ParallelGCFailedAllocation
[1939.074s][info ][gc,start       ] GC(241) Pause Young (Allocation Failure)
[1939.080s][debug][gc,phases      ] GC(241) Scavenge 5.898ms
[1939.080s][debug][gc,ref         ] GC(241) Skipped phase1 of Reference Processing due to unavailable references
[1939.080s][debug][gc,ref         ] GC(241) Skipped phase3 of Reference Processing due to unavailable references
[1939.080s][debug][gc,phases      ] GC(241) Reference Processing 0.029ms
[1939.080s][debug][gc,phases      ] GC(241) Weak Processing 0.134ms
[1939.081s][debug][gc,phases      ] GC(241) Scrub String Table 0.494ms
[1939.081s][debug][gc,age         ] GC(241) Desired survivor size 18350080 bytes, new threshold 15 (max threshold 15)
[1939.081s][info ][gc,heap        ] GC(241) PSYoungGen: 2072032K->11936K(2079232K)
[1939.081s][info ][gc,heap        ] GC(241) ParOldGen: 423491K->423555K(486400K)
[1939.081s][info ][gc,metaspace   ] GC(241) Metaspace: 76124K->76124K(1118208K)
[1939.081s][info ][gc             ] GC(241) Pause Young (Allocation Failure) 2437M->425M(2505M) 6.698ms
[1939.081s][info ][gc,cpu         ] GC(241) User=0.02s Sys=0.00s Real=0.01s
[1939.081s][info ][safepoint      ] Leaving safepoint region
[1939.081s][info ][safepoint      ] Total time for which application threads were stopped: 0.0068597 seconds, Stopping threads took: 0.0000128 seconds
[1940.081s][info ][safepoint      ] Application time: 1.0000881 seconds
[1940.081s][info ][safepoint      ] Entering safepoint region: Cleanup
[1940.081s][info ][safepoint      ] Leaving safepoint region
[1940.081s][info ][safepoint      ] Total time for which application threads were stopped: 0.0001011 seconds, Stopping threads took: 0.0000216 seconds
[1941.081s][info ][safepoint      ] Application time: 1.0000737 seconds
[1941.081s][info ][safepoint      ] Entering safepoint region: Cleanup
[1941.081s][info ][safepoint      ] Leaving safepoint region
[1941.081s][info ][safepoint      ] Total time for which application threads were stopped: 0.0000777 seconds, Stopping threads took: 0.0000135 seconds
[1942.082s][info ][safepoint      ] Application time: 1.0000737 seconds
[1942.082s][info ][safepoint      ] Entering safepoint region: Cleanup
[1942.082s][info ][safepoint      ] Leaving safepoint region
[1942.082s][info ][safepoint      ] Total time for which application threads were stopped: 0.0000721 seconds, Stopping threads took: 0.0000145 seconds
[1944.082s][info ][safepoint      ] Application time: 2.0001495 seconds
[1944.082s][info ][safepoint      ] Entering safepoint region: Cleanup
[1944.082s][info ][safepoint      ] Leaving safepoint region
[1944.082s][info ][safepoint      ] Total time for which application threads were stopped: 0.0000719 seconds, Stopping threads took: 0.0000141 seconds
[1946.082s][info ][safepoint      ] Application time: 2.0001367 seconds
[1946.082s][info ][safepoint      ] Entering safepoint region: Cleanup
[1946.082s][info ][safepoint      ] Leaving safepoint region
[1946.082s][info ][safepoint      ] Total time for which application threads were stopped: 0.0000748 seconds, Stopping threads took: 0.0000136 seconds
[1947.082s][info ][safepoint      ] Application time: 1.0000676 seconds
[1947.082s][info ][safepoint      ] Entering safepoint region: Cleanup
[1947.082s][info ][safepoint      ] Leaving safepoint region
[1947.082s][info ][safepoint      ] Total time for which application threads were stopped: 0.0000950 seconds, Stopping threads took: 0.0000150 seconds
[1948.082s][info ][safepoint      ] Application time: 1.0000760 seconds
[1948.083s][info ][safepoint      ] Entering safepoint region: Cleanup
[1948.083s][info ][safepoint      ] Leaving safepoint region
[1948.083s][info ][safepoint      ] Total time for which application threads were stopped: 0.0000958 seconds, Stopping threads took: 0.0000157 seconds
[1948.650s][info ][safepoint      ] Application time: 0.5675238 seconds
[1948.650s][info ][safepoint      ] Entering safepoint region: ParallelGCFailedAllocation
[1948.650s][info ][gc,start       ] GC(242) Pause Young (Allocation Failure)
[1948.656s][debug][gc,phases      ] GC(242) Scavenge 5.537ms
[1948.656s][debug][gc,ref         ] GC(242) Skipped phase1 of Reference Processing due to unavailable references
[1948.656s][debug][gc,ref         ] GC(242) Skipped phase3 of Reference Processing due to unavailable references
[1948.656s][debug][gc,phases      ] GC(242) Reference Processing 0.028ms
[1948.656s][debug][gc,phases      ] GC(242) Weak Processing 0.133ms
[1948.657s][debug][gc,phases      ] GC(242) Scrub String Table 0.463ms
[1948.657s][debug][gc,age         ] GC(242) Desired survivor size 17825792 bytes, new threshold 15 (max threshold 15)
[1948.657s][info ][gc,heap        ] GC(242) PSYoungGen: 2073248K->11680K(2079232K)
[1948.657s][info ][gc,heap        ] GC(242) ParOldGen: 423555K->423779K(486400K)
[1948.657s][info ][gc,metaspace   ] GC(242) Metaspace: 76138K->76138K(1118208K)
[1948.657s][info ][gc             ] GC(242) Pause Young (Allocation Failure) 2438M->425M(2505M) 6.294ms
[1948.657s][info ][gc,cpu         ] GC(242) User=0.02s Sys=0.00s Real=0.00s
[1948.657s][info ][safepoint      ] Leaving safepoint region
[1948.657s][info ][safepoint      ] Total time for which application threads were stopped: 0.0064338 seconds, Stopping threads took: 0.0000114 seconds
[1949.657s][info ][safepoint      ] Application time: 1.0000846 seconds
[1949.657s][info ][safepoint      ] Entering safepoint region: Cleanup
[1949.657s][info ][safepoint      ] Leaving safepoint region
[1949.657s][info ][safepoint      ] Total time for which application threads were stopped: 0.0001078 seconds, Stopping threads took: 0.0000333 seconds
[1950.657s][info ][safepoint      ] Application time: 1.0000706 seconds
[1950.657s][info ][safepoint      ] Entering safepoint region: Cleanup
[1950.657s][info ][safepoint      ] Leaving safepoint region
[1950.657s][info ][safepoint      ] Total time for which application threads were stopped: 0.0001267 seconds, Stopping threads took: 0.0000365 seconds
[1953.657s][info ][safepoint      ] Application time: 3.0002294 seconds
[1953.657s][info ][safepoint      ] Entering safepoint region: Cleanup
[1953.657s][info ][safepoint      ] Leaving safepoint region
[1953.657s][info ][safepoint      ] Total time for which application threads were stopped: 0.0001159 seconds, Stopping threads took: 0.0000474 seconds
[1955.016s][info ][safepoint      ] Application time: 1.3580448 seconds
[1955.016s][info ][safepoint      ] Entering safepoint region: RevokeBias
[1955.016s][info ][safepoint      ] Leaving safepoint region
[1955.016s][info ][safepoint      ] Total time for which application threads were stopped: 0.0000925 seconds, Stopping threads took: 0.0000358 seconds
[1955.016s][info ][safepoint      ] Application time: 0.0003611 seconds
[1955.016s][info ][safepoint      ] Entering safepoint region: RevokeBias
[1955.016s][info ][safepoint      ] Leaving safepoint region
[1955.016s][info ][safepoint      ] Total time for which application threads were stopped: 0.0000680 seconds, Stopping threads took: 0.0000269 seconds
[1958.277s][info ][safepoint      ] Application time: 3.2606898 seconds
[1958.277s][info ][safepoint      ] Entering safepoint region: ParallelGCFailedAllocation
[1958.277s][info ][gc,start       ] GC(243) Pause Young (Allocation Failure)
[1958.283s][debug][gc,phases      ] GC(243) Scavenge 6.003ms
[1958.283s][debug][gc,ref         ] GC(243) Skipped phase1 of Reference Processing due to unavailable references
[1958.283s][debug][gc,ref         ] GC(243) Skipped phase3 of Reference Processing due to unavailable references
[1958.283s][debug][gc,phases      ] GC(243) Reference Processing 0.036ms
[1958.283s][debug][gc,phases      ] GC(243) Weak Processing 0.158ms
[1958.284s][debug][gc,phases      ] GC(243) Scrub String Table 0.458ms
[1958.284s][debug][gc,age         ] GC(243) Desired survivor size 17301504 bytes, new threshold 15 (max threshold 15)
[1958.284s][info ][gc,heap        ] GC(243) PSYoungGen: 2072992K->11504K(2080256K)
[1958.284s][info ][gc,heap        ] GC(243) ParOldGen: 423779K->423851K(486400K)
[1958.284s][info ][gc,metaspace   ] GC(243) Metaspace: 76139K->76139K(1118208K)
[1958.284s][info ][gc             ] GC(243) Pause Young (Allocation Failure) 2438M->425M(2506M) 6.824ms
[1958.284s][info ][gc,cpu         ] GC(243) User=0.03s Sys=0.01s Real=0.00s
[1958.284s][info ][safepoint      ] Leaving safepoint region
[1958.284s][info ][safepoint      ] Total time for which application threads were stopped: 0.0069715 seconds, Stopping threads took: 0.0000130 seconds
[1967.920s][info ][safepoint      ] Application time: 9.6358935 seconds
[1967.920s][info ][safepoint      ] Entering safepoint region: ParallelGCFailedAllocation
[1967.920s][info ][gc,start       ] GC(244) Pause Young (Allocation Failure)
[1967.925s][debug][gc,phases      ] GC(244) Scavenge 5.389ms
[1967.925s][debug][gc,ref         ] GC(244) Skipped phase1 of Reference Processing due to unavailable references
[1967.925s][debug][gc,ref         ] GC(244) Skipped phase3 of Reference Processing due to unavailable references
[1967.925s][debug][gc,phases      ] GC(244) Reference Processing 0.027ms
[1967.925s][debug][gc,phases      ] GC(244) Weak Processing 0.136ms
[1967.926s][debug][gc,phases      ] GC(244) Scrub String Table 0.513ms
[1967.926s][debug][gc,age         ] GC(244) Desired survivor size 16777216 bytes, new threshold 15 (max threshold 15)
[1967.926s][info ][gc,heap        ] GC(244) PSYoungGen: 2074352K->11008K(2079744K)
[1967.926s][info ][gc,heap        ] GC(244) ParOldGen: 423851K->424355K(486400K)
[1967.926s][info ][gc,metaspace   ] GC(244) Metaspace: 76139K->76139K(1118208K)
[1967.926s][info ][gc             ] GC(244) Pause Young (Allocation Failure) 2439M->425M(2506M) 6.190ms
[1967.926s][info ][gc,cpu         ] GC(244) User=0.03s Sys=0.00s Real=0.00s
[1967.926s][info ][safepoint      ] Leaving safepoint region
[1967.926s][info ][safepoint      ] Total time for which application threads were stopped: 0.0063571 seconds, Stopping threads took: 0.0000346 seconds
[1972.926s][info ][safepoint      ] Application time: 5.0003692 seconds
[1972.927s][info ][safepoint      ] Entering safepoint region: Cleanup
[1972.927s][info ][safepoint      ] Leaving safepoint region
[1972.927s][info ][safepoint      ] Total time for which application threads were stopped: 0.0000855 seconds, Stopping threads took: 0.0000167 seconds
[1977.571s][info ][safepoint      ] Application time: 4.6446834 seconds
[1977.571s][info ][safepoint      ] Entering safepoint region: ParallelGCFailedAllocation
[1977.571s][info ][gc,start       ] GC(245) Pause Young (Allocation Failure)
[1977.576s][debug][gc,phases      ] GC(245) Scavenge 4.915ms
[1977.576s][debug][gc,ref         ] GC(245) Skipped phase1 of Reference Processing due to unavailable references
[1977.576s][debug][gc,ref         ] GC(245) Skipped phase3 of Reference Processing due to unavailable references
[1977.576s][debug][gc,phases      ] GC(245) Reference Processing 0.030ms
[1977.577s][debug][gc,phases      ] GC(245) Weak Processing 0.132ms
[1977.577s][debug][gc,phases      ] GC(245) Scrub String Table 0.445ms
[1977.577s][debug][gc,age         ] GC(245) Desired survivor size 16252928 bytes, new threshold 15 (max threshold 15)
[1977.577s][info ][gc,heap        ] GC(245) PSYoungGen: 2073856K->10464K(2081280K)
[1977.577s][info ][gc,heap        ] GC(245) ParOldGen: 424355K->424591K(486400K)
[1977.577s][info ][gc,metaspace   ] GC(245) Metaspace: 76140K->76140K(1118208K)
[1977.577s][info ][gc             ] GC(245) Pause Young (Allocation Failure) 2439M->424M(2507M) 5.641ms
[1977.577s][info ][gc,cpu         ] GC(245) User=0.02s Sys=0.00s Real=0.01s
[1977.577s][info ][safepoint      ] Leaving safepoint region
[1977.577s][info ][safepoint      ] Total time for which application threads were stopped: 0.0057823 seconds, Stopping threads took: 0.0000124 seconds
[1986.578s][info ][safepoint      ] Application time: 9.0006534 seconds
[1986.578s][info ][safepoint      ] Entering safepoint region: Cleanup
[1986.578s][info ][safepoint      ] Leaving safepoint region
[1986.578s][info ][safepoint      ] Total time for which application threads were stopped: 0.0001154 seconds, Stopping threads took: 0.0000570 seconds
[1986.698s][info ][safepoint      ] Application time: 0.1203211 seconds
[1986.698s][info ][safepoint      ] Entering safepoint region: ParallelGCFailedAllocation
[1986.698s][info ][gc,start       ] GC(246) Pause Young (Allocation Failure)
[1986.704s][debug][gc,phases      ] GC(246) Scavenge 5.247ms
[1986.704s][debug][gc,ref         ] GC(246) Skipped phase1 of Reference Processing due to unavailable references
[1986.704s][debug][gc,ref         ] GC(246) Skipped phase3 of Reference Processing due to unavailable references
[1986.704s][debug][gc,phases      ] GC(246) Reference Processing 0.026ms
[1986.704s][debug][gc,phases      ] GC(246) Weak Processing 0.116ms
[1986.704s][debug][gc,phases      ] GC(246) Scrub String Table 0.583ms
[1986.704s][debug][gc,age         ] GC(246) Desired survivor size 16252928 bytes, new threshold 15 (max threshold 15)
[1986.705s][info ][gc,heap        ] GC(246) PSYoungGen: 2075360K->12416K(2080768K)
[1986.705s][info ][gc,heap        ] GC(246) ParOldGen: 424591K->424931K(486400K)
[1986.705s][info ][gc,metaspace   ] GC(246) Metaspace: 76141K->76141K(1118208K)
[1986.705s][info ][gc             ] GC(246) Pause Young (Allocation Failure) 2441M->427M(2507M) 6.099ms
[1986.705s][info ][gc,cpu         ] GC(246) User=0.03s Sys=0.00s Real=0.00s
[1986.705s][info ][safepoint      ] Leaving safepoint region
[1986.705s][info ][safepoint      ] Total time for which application threads were stopped: 0.0062676 seconds, Stopping threads took: 0.0000319 seconds
[1988.705s][info ][safepoint      ] Application time: 2.0001571 seconds
[1988.705s][info ][safepoint      ] Entering safepoint region: Cleanup
[1988.705s][info ][safepoint      ] Leaving safepoint region
[1988.705s][info ][safepoint      ] Total time for which application threads were stopped: 0.0001389 seconds, Stopping threads took: 0.0000557 seconds
[1990.705s][info ][safepoint      ] Application time: 2.0001555 seconds
[1990.705s][info ][safepoint      ] Entering safepoint region: Cleanup
[1990.705s][info ][safepoint      ] Leaving safepoint region
[1990.705s][info ][safepoint      ] Total time for which application threads were stopped: 0.0001481 seconds, Stopping threads took: 0.0000670 seconds
[1995.519s][info ][safepoint      ] Application time: 4.8139393 seconds
[1995.519s][info ][safepoint      ] Entering safepoint region: ParallelGCFailedAllocation
[1995.519s][info ][gc,start       ] GC(247) Pause Young (Allocation Failure)
[1995.526s][debug][gc,phases      ] GC(247) Scavenge 6.387ms
[1995.526s][debug][gc,ref         ] GC(247) Skipped phase1 of Reference Processing due to unavailable references
[1995.526s][debug][gc,ref         ] GC(247) Skipped phase3 of Reference Processing due to unavailable references
[1995.526s][debug][gc,phases      ] GC(247) Reference Processing 0.028ms
[1995.526s][debug][gc,phases      ] GC(247) Weak Processing 0.128ms
[1995.526s][debug][gc,phases      ] GC(247) Scrub String Table 0.427ms
[1995.526s][debug][gc,age         ] GC(247) Desired survivor size 17825792 bytes, new threshold 14 (max threshold 15)
[1995.526s][info ][gc,heap        ] GC(247) PSYoungGen: 2077312K->15840K(2078208K)
[1995.526s][info ][gc,heap        ] GC(247) ParOldGen: 424931K->425299K(486400K)
[1995.526s][info ][gc,metaspace   ] GC(247) Metaspace: 76142K->76142K(1118208K)
[1995.526s][info ][gc             ] GC(247) Pause Young (Allocation Failure) 2443M->430M(2504M) 7.094ms
[1995.526s][info ][gc,cpu         ] GC(247) User=0.02s Sys=0.00s Real=0.00s
[1995.527s][info ][safepoint      ] Leaving safepoint region
[1995.527s][info ][safepoint      ] Total time for which application threads were stopped: 0.0072460 seconds, Stopping threads took: 0.0000130 seconds
[1998.527s][info ][safepoint      ] Application time: 3.0002099 seconds
[1998.527s][info ][safepoint      ] Entering safepoint region: Cleanup
[1998.527s][info ][safepoint      ] Leaving safepoint region
[1998.527s][info ][safepoint      ] Total time for which application threads were stopped: 0.0000982 seconds, Stopping threads took: 0.0000427 seconds
[2004.773s][info ][safepoint      ] Application time: 6.2459480 seconds
[2004.773s][info ][safepoint      ] Entering safepoint region: ParallelGCFailedAllocation
[2004.773s][info ][gc,start       ] GC(248) Pause Young (Allocation Failure)
[2004.779s][debug][gc,phases      ] GC(248) Scavenge 6.489ms
[2004.780s][debug][gc,ref         ] GC(248) Skipped phase1 of Reference Processing due to unavailable references
[2004.780s][debug][gc,ref         ] GC(248) Skipped phase3 of Reference Processing due to unavailable references
[2004.780s][debug][gc,phases      ] GC(248) Reference Processing 0.029ms
[2004.780s][debug][gc,phases      ] GC(248) Weak Processing 0.136ms
[2004.780s][debug][gc,phases      ] GC(248) Scrub String Table 0.446ms
[2004.780s][debug][gc,age         ] GC(248) Desired survivor size 18874368 bytes, new threshold 15 (max threshold 15)
[2004.780s][info ][gc,heap        ] GC(248) PSYoungGen: 2078176K->17040K(2079744K)
[2004.780s][info ][gc,heap        ] GC(248) ParOldGen: 425299K->425675K(486400K)
[2004.780s][info ][gc,metaspace   ] GC(248) Metaspace: 76166K->76166K(1118208K)
[2004.780s][info ][gc             ] GC(248) Pause Young (Allocation Failure) 2444M->432M(2506M) 7.239ms
[2004.780s][info ][gc,cpu         ] GC(248) User=0.02s Sys=0.00s Real=0.01s
[2004.780s][info ][safepoint      ] Leaving safepoint region
[2004.780s][info ][safepoint      ] Total time for which application threads were stopped: 0.0073795 seconds, Stopping threads took: 0.0000129 seconds
[2014.271s][info ][safepoint      ] Application time: 9.4909245 seconds
[2014.271s][info ][safepoint      ] Entering safepoint region: ParallelGCFailedAllocation
[2014.271s][info ][gc,start       ] GC(249) Pause Young (Allocation Failure)
[2014.278s][debug][gc,phases      ] GC(249) Scavenge 6.390ms
[2014.278s][debug][gc,ref         ] GC(249) Skipped phase1 of Reference Processing due to unavailable references
[2014.278s][debug][gc,ref         ] GC(249) Skipped phase3 of Reference Processing due to unavailable references
[2014.278s][debug][gc,phases      ] GC(249) Reference Processing 0.029ms
[2014.278s][debug][gc,phases      ] GC(249) Weak Processing 0.164ms
[2014.278s][debug][gc,phases      ] GC(249) Scrub String Table 0.451ms
[2014.278s][debug][gc,age         ] GC(249) Desired survivor size 20447232 bytes, new threshold 14 (max threshold 15)
[2014.278s][info ][gc,heap        ] GC(249) PSYoungGen: 2079376K->17392K(2074624K)
[2014.278s][info ][gc,heap        ] GC(249) ParOldGen: 425675K->425691K(486400K)
[2014.278s][info ][gc,metaspace   ] GC(249) Metaspace: 76169K->76169K(1118208K)
[2014.278s][info ][gc             ] GC(249) Pause Young (Allocation Failure) 2446M->432M(2501M) 7.162ms
[2014.278s][info ][gc,cpu         ] GC(249) User=0.03s Sys=0.00s Real=0.01s
[2014.279s][info ][safepoint      ] Leaving safepoint region
[2014.279s][info ][safepoint      ] Total time for which application threads were stopped: 0.0073327 seconds, Stopping threads took: 0.0000340 seconds
[2017.279s][info ][safepoint      ] Application time: 3.0001726 seconds
[2017.279s][info ][safepoint      ] Entering safepoint region: Cleanup
[2017.279s][info ][safepoint      ] Leaving safepoint region
[2017.279s][info ][safepoint      ] Total time for which application threads were stopped: 0.0000938 seconds, Stopping threads took: 0.0000178 seconds
[2019.279s][info ][safepoint      ] Application time: 2.0001367 seconds
[2019.279s][info ][safepoint      ] Entering safepoint region: Cleanup
[2019.279s][info ][safepoint      ] Leaving safepoint region
[2019.279s][info ][safepoint      ] Total time for which application threads were stopped: 0.0000838 seconds, Stopping threads took: 0.0000130 seconds
[2021.279s][info ][safepoint      ] Application time: 2.0001442 seconds
[2021.279s][info ][safepoint      ] Entering safepoint region: Cleanup
[2021.279s][info ][safepoint      ] Leaving safepoint region
[2021.279s][info ][safepoint      ] Total time for which application threads were stopped: 0.0001203 seconds, Stopping threads took: 0.0000436 seconds
[2023.669s][info ][safepoint      ] Application time: 2.3897092 seconds
[2023.669s][info ][safepoint      ] Entering safepoint region: ParallelGCFailedAllocation
[2023.669s][info ][gc,start       ] GC(250) Pause Young (Allocation Failure)
[2023.676s][debug][gc,phases      ] GC(250) Scavenge 7.056ms
[2023.676s][debug][gc,ref         ] GC(250) Skipped phase1 of Reference Processing due to unavailable references
[2023.676s][debug][gc,ref         ] GC(250) Skipped phase3 of Reference Processing due to unavailable references
[2023.676s][debug][gc,phases      ] GC(250) Reference Processing 0.030ms
[2023.677s][debug][gc,phases      ] GC(250) Weak Processing 0.140ms
[2023.677s][debug][gc,phases      ] GC(250) Scrub String Table 0.482ms
[2023.677s][debug][gc,age         ] GC(250) Desired survivor size 20447232 bytes, new threshold 15 (max threshold 15)
[2023.677s][info ][gc,heap        ] GC(250) PSYoungGen: 2074608K->14608K(2077184K)
[2023.677s][info ][gc,heap        ] GC(250) ParOldGen: 425691K->429832K(486400K)
[2023.677s][info ][gc,metaspace   ] GC(250) Metaspace: 76173K->76173K(1118208K)
[2023.677s][info ][gc             ] GC(250) Pause Young (Allocation Failure) 2441M->434M(2503M) 7.839ms
[2023.677s][info ][gc,cpu         ] GC(250) User=0.03s Sys=0.00s Real=0.01s
[2023.677s][info ][safepoint      ] Leaving safepoint region
[2023.677s][info ][safepoint      ] Total time for which application threads were stopped: 0.0079958 seconds, Stopping threads took: 0.0000152 seconds
[2027.677s][info ][safepoint      ] Application time: 4.0002782 seconds
[2027.678s][info ][safepoint      ] Entering safepoint region: Cleanup
[2027.678s][info ][safepoint      ] Leaving safepoint region
[2027.678s][info ][safepoint      ] Total time for which application threads were stopped: 0.0001152 seconds, Stopping threads took: 0.0000507 seconds
[2028.678s][info ][safepoint      ] Application time: 1.0000821 seconds
[2028.678s][info ][safepoint      ] Entering safepoint region: Cleanup
[2028.678s][info ][safepoint      ] Leaving safepoint region
[2028.678s][info ][safepoint      ] Total time for which application threads were stopped: 0.0001146 seconds, Stopping threads took: 0.0000439 seconds
[2029.678s][info ][safepoint      ] Application time: 1.0000849 seconds
[2029.678s][info ][safepoint      ] Entering safepoint region: Cleanup
[2029.678s][info ][safepoint      ] Leaving safepoint region
[2029.678s][info ][safepoint      ] Total time for which application threads were stopped: 0.0000870 seconds, Stopping threads took: 0.0000190 seconds
[2033.066s][info ][safepoint      ] Application time: 3.3874360 seconds
[2033.066s][info ][safepoint      ] Entering safepoint region: ParallelGCFailedAllocation
[2033.066s][info ][gc,start       ] GC(251) Pause Young (Allocation Failure)
[2033.072s][debug][gc,phases      ] GC(251) Scavenge 5.991ms
[2033.072s][debug][gc,ref         ] GC(251) Skipped phase1 of Reference Processing due to unavailable references
[2033.072s][debug][gc,ref         ] GC(251) Skipped phase3 of Reference Processing due to unavailable references
[2033.072s][debug][gc,phases      ] GC(251) Reference Processing 0.028ms
[2033.072s][debug][gc,phases      ] GC(251) Weak Processing 0.135ms
[2033.072s][debug][gc,phases      ] GC(251) Scrub String Table 0.432ms
[2033.072s][debug][gc,age         ] GC(251) Desired survivor size 20447232 bytes, new threshold 15 (max threshold 15)
[2033.072s][info ][gc,heap        ] GC(251) PSYoungGen: 2071824K->14624K(2077184K)
[2033.072s][info ][gc,heap        ] GC(251) ParOldGen: 429832K->429832K(486400K)
[2033.072s][info ][gc,metaspace   ] GC(251) Metaspace: 76173K->76173K(1118208K)
[2033.072s][info ][gc             ] GC(251) Pause Young (Allocation Failure) 2443M->434M(2503M) 6.716ms
[2033.072s][info ][gc,cpu         ] GC(251) User=0.03s Sys=0.00s Real=0.01s
[2033.072s][info ][safepoint      ] Leaving safepoint region
[2033.072s][info ][safepoint      ] Total time for which application threads were stopped: 0.0068937 seconds, Stopping threads took: 0.0000126 seconds
[2037.073s][info ][safepoint      ] Application time: 4.0002364 seconds
[2037.073s][info ][safepoint      ] Entering safepoint region: Cleanup
[2037.073s][info ][safepoint      ] Leaving safepoint region
[2037.073s][info ][safepoint      ] Total time for which application threads were stopped: 0.0001262 seconds, Stopping threads took: 0.0000407 seconds
[2042.073s][info ][safepoint      ] Application time: 5.0003361 seconds
[2042.073s][info ][safepoint      ] Entering safepoint region: Cleanup
[2042.073s][info ][safepoint      ] Leaving safepoint region
[2042.073s][info ][safepoint      ] Total time for which application threads were stopped: 0.0001003 seconds, Stopping threads took: 0.0000445 seconds
[2042.461s][info ][safepoint      ] Application time: 0.3872051 seconds
[2042.461s][info ][safepoint      ] Entering safepoint region: ParallelGCFailedAllocation
[2042.461s][info ][gc,start       ] GC(252) Pause Young (Allocation Failure)
[2042.467s][debug][gc,phases      ] GC(252) Scavenge 6.146ms
[2042.467s][debug][gc,ref         ] GC(252) Skipped phase1 of Reference Processing due to unavailable references
[2042.467s][debug][gc,ref         ] GC(252) Skipped phase3 of Reference Processing due to unavailable references
[2042.467s][debug][gc,phases      ] GC(252) Reference Processing 0.026ms
[2042.467s][debug][gc,phases      ] GC(252) Weak Processing 0.209ms
[2042.468s][debug][gc,phases      ] GC(252) Scrub String Table 0.499ms
[2042.468s][debug][gc,age         ] GC(252) Desired survivor size 19922944 bytes, new threshold 15 (max threshold 15)
[2042.468s][info ][gc,heap        ] GC(252) PSYoungGen: 2071840K->14464K(2077184K)
[2042.468s][info ][gc,heap        ] GC(252) ParOldGen: 429832K->430000K(486400K)
[2042.468s][info ][gc,metaspace   ] GC(252) Metaspace: 76175K->76175K(1118208K)
[2042.468s][info ][gc             ] GC(252) Pause Young (Allocation Failure) 2443M->434M(2503M) 6.991ms
[2042.468s][info ][gc,cpu         ] GC(252) User=0.03s Sys=0.00s Real=0.00s
[2042.468s][info ][safepoint      ] Leaving safepoint region
[2042.468s][info ][safepoint      ] Total time for which application threads were stopped: 0.0071456 seconds, Stopping threads took: 0.0000125 seconds
[2045.468s][info ][safepoint      ] Application time: 3.0002240 seconds
[2045.468s][info ][safepoint      ] Entering safepoint region: Cleanup
[2045.468s][info ][safepoint      ] Leaving safepoint region
[2045.468s][info ][safepoint      ] Total time for which application threads were stopped: 0.0000969 seconds, Stopping threads took: 0.0000358 seconds
[2051.360s][info ][safepoint      ] Application time: 5.8919229 seconds
[2051.360s][info ][safepoint      ] Entering safepoint region: ParallelGCFailedAllocation
[2051.360s][info ][gc,start       ] GC(253) Pause Young (Allocation Failure)
[2051.372s][debug][gc,phases      ] GC(253) Scavenge 11.505ms
[2051.372s][debug][gc,ref         ] GC(253) Skipped phase1 of Reference Processing due to unavailable references
[2051.372s][debug][gc,ref         ] GC(253) Skipped phase3 of Reference Processing due to unavailable references
[2051.372s][debug][gc,phases      ] GC(253) Reference Processing 0.036ms
[2051.372s][debug][gc,phases      ] GC(253) Weak Processing 0.137ms
[2051.373s][debug][gc,phases      ] GC(253) Scrub String Table 0.573ms
[2051.373s][debug][gc,age         ] GC(253) Desired survivor size 19922944 bytes, new threshold 15 (max threshold 15)
[2051.373s][info ][gc,heap        ] GC(253) PSYoungGen: 2071680K->14080K(2077696K)
[2051.373s][info ][gc,heap        ] GC(253) ParOldGen: 430000K->430080K(486400K)
[2051.373s][info ][gc,metaspace   ] GC(253) Metaspace: 76175K->76175K(1118208K)
[2051.373s][info ][gc             ] GC(253) Pause Young (Allocation Failure) 2443M->433M(2504M) 12.397ms
[2051.373s][info ][gc,cpu         ] GC(253) User=0.03s Sys=0.00s Real=0.01s
[2051.373s][info ][safepoint      ] Leaving safepoint region
[2051.373s][info ][safepoint      ] Total time for which application threads were stopped: 0.0126023 seconds, Stopping threads took: 0.0000329 seconds
[2054.882s][info ][safepoint      ] Application time: 3.5088746 seconds
[2054.882s][info ][safepoint      ] Entering safepoint region: RevokeBias
[2054.882s][info ][safepoint      ] Leaving safepoint region
[2054.882s][info ][safepoint      ] Total time for which application threads were stopped: 0.0001047 seconds, Stopping threads took: 0.0000162 seconds
[2055.882s][info ][safepoint      ] Application time: 1.0000782 seconds
[2055.882s][info ][safepoint      ] Entering safepoint region: Cleanup
[2055.882s][info ][safepoint      ] Leaving safepoint region
[2055.882s][info ][safepoint      ] Total time for which application threads were stopped: 0.0000737 seconds, Stopping threads took: 0.0000128 seconds
[2056.882s][info ][safepoint      ] Application time: 1.0000752 seconds
[2056.882s][info ][safepoint      ] Entering safepoint region: Cleanup
[2056.882s][info ][safepoint      ] Leaving safepoint region
[2056.882s][info ][safepoint      ] Total time for which application threads were stopped: 0.0000695 seconds, Stopping threads took: 0.0000109 seconds
[2060.461s][info ][safepoint      ] Application time: 3.5791732 seconds
[2060.461s][info ][safepoint      ] Entering safepoint region: ParallelGCFailedAllocation
[2060.461s][info ][gc,start       ] GC(254) Pause Young (Allocation Failure)
[2060.468s][debug][gc,phases      ] GC(254) Scavenge 6.042ms
[2060.468s][debug][gc,ref         ] GC(254) Skipped phase1 of Reference Processing due to unavailable references
[2060.468s][debug][gc,ref         ] GC(254) Skipped phase3 of Reference Processing due to unavailable references
[2060.468s][debug][gc,phases      ] GC(254) Reference Processing 0.032ms
[2060.468s][debug][gc,phases      ] GC(254) Weak Processing 0.169ms
[2060.468s][debug][gc,phases      ] GC(254) Scrub String Table 0.454ms
[2060.468s][debug][gc,age         ] GC(254) Desired survivor size 19398656 bytes, new threshold 15 (max threshold 15)
[2060.468s][info ][gc,heap        ] GC(254) PSYoungGen: 2072320K->14256K(2077696K)
[2060.468s][info ][gc,heap        ] GC(254) ParOldGen: 430080K->430136K(486400K)
[2060.468s][info ][gc,metaspace   ] GC(254) Metaspace: 76180K->76180K(1118208K)
[2060.468s][info ][gc             ] GC(254) Pause Young (Allocation Failure) 2443M->433M(2504M) 6.839ms
[2060.468s][info ][gc,cpu         ] GC(254) User=0.03s Sys=0.00s Real=0.00s
[2060.468s][info ][safepoint      ] Leaving safepoint region
[2060.468s][info ][safepoint      ] Total time for which application threads were stopped: 0.0070172 seconds, Stopping threads took: 0.0000184 seconds
[2067.469s][info ][safepoint      ] Application time: 7.0006044 seconds
[2067.469s][info ][safepoint      ] Entering safepoint region: Cleanup
[2067.469s][info ][safepoint      ] Leaving safepoint region
[2067.469s][info ][safepoint      ] Total time for which application threads were stopped: 0.0001355 seconds, Stopping threads took: 0.0000730 seconds
[2069.820s][info ][safepoint      ] Application time: 2.3512103 seconds
[2069.820s][info ][safepoint      ] Entering safepoint region: ParallelGCFailedAllocation
[2069.820s][info ][gc,start       ] GC(255) Pause Young (Allocation Failure)
[2069.827s][debug][gc,phases      ] GC(255) Scavenge 6.051ms
[2069.827s][debug][gc,ref         ] GC(255) Skipped phase1 of Reference Processing due to unavailable references
[2069.827s][debug][gc,ref         ] GC(255) Skipped phase3 of Reference Processing due to unavailable references
[2069.827s][debug][gc,phases      ] GC(255) Reference Processing 0.028ms
[2069.827s][debug][gc,phases      ] GC(255) Weak Processing 0.140ms
[2069.827s][debug][gc,phases      ] GC(255) Scrub String Table 0.458ms
[2069.827s][debug][gc,age         ] GC(255) Desired survivor size 18874368 bytes, new threshold 15 (max threshold 15)
[2069.827s][info ][gc,heap        ] GC(255) PSYoungGen: 2072496K->13920K(2078720K)
[2069.827s][info ][gc,heap        ] GC(255) ParOldGen: 430136K->430324K(486400K)
[2069.827s][info ][gc,metaspace   ] GC(255) Metaspace: 76180K->76180K(1118208K)
[2069.827s][info ][gc             ] GC(255) Pause Young (Allocation Failure) 2443M->433M(2505M) 6.835ms
[2069.827s][info ][gc,cpu         ] GC(255) User=0.02s Sys=0.00s Real=0.00s
[2069.827s][info ][safepoint      ] Leaving safepoint region
[2069.827s][info ][safepoint      ] Total time for which application threads were stopped: 0.0069954 seconds, Stopping threads took: 0.0000181 seconds
[2077.828s][info ][safepoint      ] Application time: 8.0005607 seconds
[2077.828s][info ][safepoint      ] Entering safepoint region: Cleanup
[2077.828s][info ][safepoint      ] Leaving safepoint region
[2077.828s][info ][safepoint      ] Total time for which application threads were stopped: 0.0000709 seconds, Stopping threads took: 0.0000131 seconds
[2079.374s][info ][safepoint      ] Application time: 1.5455392 seconds
[2079.374s][info ][safepoint      ] Entering safepoint region: ParallelGCFailedAllocation
[2079.374s][info ][gc,start       ] GC(256) Pause Young (Allocation Failure)
[2079.380s][debug][gc,phases      ] GC(256) Scavenge 6.289ms
[2079.380s][debug][gc,ref         ] GC(256) Skipped phase1 of Reference Processing due to unavailable references
[2079.380s][debug][gc,ref         ] GC(256) Skipped phase2 of Reference Processing due to unavailable references
[2079.380s][debug][gc,ref         ] GC(256) Skipped phase3 of Reference Processing due to unavailable references
[2079.380s][debug][gc,phases      ] GC(256) Reference Processing 0.029ms
[2079.380s][debug][gc,phases      ] GC(256) Weak Processing 0.160ms
[2079.381s][debug][gc,phases      ] GC(256) Scrub String Table 0.495ms
[2079.381s][debug][gc,age         ] GC(256) Desired survivor size 18874368 bytes, new threshold 15 (max threshold 15)
[2079.381s][info ][gc,heap        ] GC(256) PSYoungGen: 2073696K->14112K(2078208K)
[2079.381s][info ][gc,heap        ] GC(256) ParOldGen: 430324K->430428K(486400K)
[2079.381s][info ][gc,metaspace   ] GC(256) Metaspace: 76180K->76180K(1118208K)
[2079.381s][info ][gc             ] GC(256) Pause Young (Allocation Failure) 2445M->434M(2504M) 7.128ms
[2079.381s][info ][gc,cpu         ] GC(256) User=0.03s Sys=0.00s Real=0.01s
[2079.381s][info ][safepoint      ] Leaving safepoint region
[2079.381s][info ][safepoint      ] Total time for which application threads were stopped: 0.0072960 seconds, Stopping threads took: 0.0000175 seconds
[2081.381s][info ][safepoint      ] Application time: 2.0001397 seconds
[2081.381s][info ][safepoint      ] Entering safepoint region: Cleanup
[2081.381s][info ][safepoint      ] Leaving safepoint region
[2081.381s][info ][safepoint      ] Total time for which application threads were stopped: 0.0000696 seconds, Stopping threads took: 0.0000119 seconds
[2087.097s][info ][safepoint      ] Application time: 5.7158446 seconds
[2087.097s][info ][safepoint      ] Entering safepoint region: RevokeBias
[2087.097s][info ][safepoint      ] Leaving safepoint region
[2087.097s][info ][safepoint      ] Total time for which application threads were stopped: 0.0001003 seconds, Stopping threads took: 0.0000514 seconds
[2088.904s][info ][safepoint      ] Application time: 1.8068584 seconds
[2088.904s][info ][safepoint      ] Entering safepoint region: ParallelGCFailedAllocation
[2088.904s][info ][gc,start       ] GC(257) Pause Young (Allocation Failure)
[2088.910s][debug][gc,phases      ] GC(257) Scavenge 6.282ms
[2088.911s][debug][gc,ref         ] GC(257) Skipped phase1 of Reference Processing due to unavailable references
[2088.911s][debug][gc,ref         ] GC(257) Skipped phase2 of Reference Processing due to unavailable references
[2088.911s][debug][gc,ref         ] GC(257) Skipped phase3 of Reference Processing due to unavailable references
[2088.911s][debug][gc,ref         ] GC(257) Skipped phase4 of Reference Processing due to unavailable references
[2088.911s][debug][gc,phases      ] GC(257) Reference Processing 0.030ms
[2088.911s][debug][gc,phases      ] GC(257) Weak Processing 0.142ms
[2088.911s][debug][gc,phases      ] GC(257) Scrub String Table 0.443ms
[2088.911s][debug][gc,age         ] GC(257) Desired survivor size 18350080 bytes, new threshold 15 (max threshold 15)
[2088.911s][info ][gc,heap        ] GC(257) PSYoungGen: 2073888K->14176K(2079232K)
[2088.911s][info ][gc,heap        ] GC(257) ParOldGen: 430428K->430548K(486400K)
[2088.911s][info ][gc,metaspace   ] GC(257) Metaspace: 76180K->76180K(1118208K)
[2088.911s][info ][gc             ] GC(257) Pause Young (Allocation Failure) 2445M->434M(2505M) 7.049ms
[2088.911s][info ][gc,cpu         ] GC(257) User=0.02s Sys=0.00s Real=0.01s
[2088.911s][info ][safepoint      ] Leaving safepoint region
[2088.911s][info ][safepoint      ] Total time for which application threads were stopped: 0.0071880 seconds, Stopping threads took: 0.0000125 seconds
[2097.912s][info ][safepoint      ] Application time: 9.0006104 seconds
[2097.912s][info ][safepoint      ] Entering safepoint region: Cleanup
[2097.912s][info ][safepoint      ] Leaving safepoint region
[2097.912s][info ][safepoint      ] Total time for which application threads were stopped: 0.0000944 seconds, Stopping threads took: 0.0000335 seconds
[2098.251s][info ][safepoint      ] Application time: 0.3391854 seconds
[2098.251s][info ][safepoint      ] Entering safepoint region: ParallelGCFailedAllocation
[2098.251s][info ][gc,start       ] GC(258) Pause Young (Allocation Failure)
[2098.258s][debug][gc,phases      ] GC(258) Scavenge 6.178ms
[2098.258s][debug][gc,ref         ] GC(258) Skipped phase1 of Reference Processing due to unavailable references
[2098.258s][debug][gc,ref         ] GC(258) Skipped phase2 of Reference Processing due to unavailable references
[2098.258s][debug][gc,ref         ] GC(258) Skipped phase3 of Reference Processing due to unavailable references
[2098.258s][debug][gc,ref         ] GC(258) Skipped phase4 of Reference Processing due to unavailable references
[2098.258s][debug][gc,phases      ] GC(258) Reference Processing 0.030ms
[2098.258s][debug][gc,phases      ] GC(258) Weak Processing 0.139ms
[2098.258s][debug][gc,phases      ] GC(258) Scrub String Table 0.516ms
[2098.258s][debug][gc,age         ] GC(258) Desired survivor size 18350080 bytes, new threshold 15 (max threshold 15)
[2098.258s][info ][gc,heap        ] GC(258) PSYoungGen: 2074976K->14400K(2078720K)
[2098.258s][info ][gc,heap        ] GC(258) ParOldGen: 430548K->430580K(486400K)
[2098.258s][info ][gc,metaspace   ] GC(258) Metaspace: 76180K->76180K(1118208K)
[2098.258s][info ][gc             ] GC(258) Pause Young (Allocation Failure) 2446M->434M(2505M) 6.995ms
[2098.258s][info ][gc,cpu         ] GC(258) User=0.02s Sys=0.00s Real=0.01s
[2098.258s][info ][safepoint      ] Leaving safepoint region
[2098.258s][info ][safepoint      ] Total time for which application threads were stopped: 0.0071551 seconds, Stopping threads took: 0.0000105 seconds
[2103.259s][info ][safepoint      ] Application time: 5.0003580 seconds
[2103.259s][info ][safepoint      ] Entering safepoint region: Cleanup
[2103.259s][info ][safepoint      ] Leaving safepoint region
[2103.259s][info ][safepoint      ] Total time for which application threads were stopped: 0.0000987 seconds, Stopping threads took: 0.0000375 seconds
[2107.649s][info ][safepoint      ] Application time: 4.3901033 seconds
[2107.649s][info ][safepoint      ] Entering safepoint region: ParallelGCFailedAllocation
[2107.649s][info ][gc,start       ] GC(259) Pause Young (Allocation Failure)
[2107.655s][debug][gc,phases      ] GC(259) Scavenge 5.982ms
[2107.655s][debug][gc,ref         ] GC(259) Skipped phase1 of Reference Processing due to unavailable references
[2107.655s][debug][gc,ref         ] GC(259) Skipped phase2 of Reference Processing due to unavailable references
[2107.655s][debug][gc,ref         ] GC(259) Skipped phase3 of Reference Processing due to unavailable references
[2107.655s][debug][gc,ref         ] GC(259) Skipped phase4 of Reference Processing due to unavailable references
[2107.655s][debug][gc,phases      ] GC(259) Reference Processing 0.030ms
[2107.655s][debug][gc,phases      ] GC(259) Weak Processing 0.136ms
[2107.656s][debug][gc,phases      ] GC(259) Scrub String Table 0.487ms
[2107.656s][debug][gc,age         ] GC(259) Desired survivor size 18350080 bytes, new threshold 15 (max threshold 15)
[2107.656s][info ][gc,heap        ] GC(259) PSYoungGen: 2075200K->14896K(2079232K)
[2107.656s][info ][gc,heap        ] GC(259) ParOldGen: 430580K->430612K(486400K)
[2107.656s][info ][gc,metaspace   ] GC(259) Metaspace: 76180K->76180K(1118208K)
[2107.656s][info ][gc             ] GC(259) Pause Young (Allocation Failure) 2447M->435M(2505M) 6.797ms
[2107.656s][info ][gc,cpu         ] GC(259) User=0.03s Sys=0.00s Real=0.00s
[2107.656s][info ][safepoint      ] Leaving safepoint region
[2107.656s][info ][safepoint      ] Total time for which application threads were stopped: 0.0069282 seconds, Stopping threads took: 0.0000106 seconds
[2108.656s][info ][safepoint      ] Application time: 1.0000768 seconds
[2108.656s][info ][safepoint      ] Entering safepoint region: Cleanup
[2108.656s][info ][safepoint      ] Leaving safepoint region
[2108.656s][info ][safepoint      ] Total time for which application threads were stopped: 0.0001276 seconds, Stopping threads took: 0.0000545 seconds
[2113.657s][info ][safepoint      ] Application time: 5.0003667 seconds
[2113.657s][info ][safepoint      ] Entering safepoint region: Cleanup
[2113.657s][info ][safepoint      ] Leaving safepoint region
[2113.657s][info ][safepoint      ] Total time for which application threads were stopped: 0.0001257 seconds, Stopping threads took: 0.0000587 seconds
[2116.898s][info ][safepoint      ] Application time: 3.2416374 seconds
[2116.898s][info ][safepoint      ] Entering safepoint region: ParallelGCFailedAllocation
[2116.899s][info ][gc,start       ] GC(260) Pause Young (Allocation Failure)
[2116.905s][debug][gc,phases      ] GC(260) Scavenge 6.902ms
[2116.906s][debug][gc,ref         ] GC(260) Skipped phase1 of Reference Processing due to unavailable references
[2116.906s][debug][gc,ref         ] GC(260) Skipped phase2 of Reference Processing due to unavailable references
[2116.906s][debug][gc,ref         ] GC(260) Skipped phase3 of Reference Processing due to unavailable references
[2116.906s][debug][gc,ref         ] GC(260) Skipped phase4 of Reference Processing due to unavailable references
[2116.906s][debug][gc,phases      ] GC(260) Reference Processing 0.028ms
[2116.906s][debug][gc,phases      ] GC(260) Weak Processing 0.136ms
[2116.906s][debug][gc,phases      ] GC(260) Scrub String Table 0.474ms
[2116.906s][debug][gc,age         ] GC(260) Desired survivor size 18350080 bytes, new threshold 15 (max threshold 15)
[2116.906s][info ][gc,heap        ] GC(260) PSYoungGen: 2076208K->15312K(2079232K)
[2116.906s][info ][gc,heap        ] GC(260) ParOldGen: 430612K->430652K(486400K)
[2116.906s][info ][gc,metaspace   ] GC(260) Metaspace: 76180K->76180K(1118208K)
[2116.906s][info ][gc             ] GC(260) Pause Young (Allocation Failure) 2448M->435M(2505M) 7.680ms
[2116.906s][info ][gc,cpu         ] GC(260) User=0.03s Sys=0.00s Real=0.00s
[2116.906s][info ][safepoint      ] Leaving safepoint region
[2116.906s][info ][safepoint      ] Total time for which application threads were stopped: 0.0079243 seconds, Stopping threads took: 0.0000660 seconds
[2117.906s][info ][safepoint      ] Application time: 1.0000830 seconds
[2117.906s][info ][safepoint      ] Entering safepoint region: Cleanup
[2117.907s][info ][safepoint      ] Leaving safepoint region
[2117.907s][info ][safepoint      ] Total time for which application threads were stopped: 0.0001541 seconds, Stopping threads took: 0.0000481 seconds
[2122.907s][info ][safepoint      ] Application time: 5.0003782 seconds
[2122.907s][info ][safepoint      ] Entering safepoint region: Cleanup
[2122.907s][info ][safepoint      ] Leaving safepoint region
[2122.907s][info ][safepoint      ] Total time for which application threads were stopped: 0.0001086 seconds, Stopping threads took: 0.0000357 seconds
[2124.907s][info ][safepoint      ] Application time: 2.0001549 seconds
[2124.907s][info ][safepoint      ] Entering safepoint region: Cleanup
[2124.907s][info ][safepoint      ] Leaving safepoint region
[2124.907s][info ][safepoint      ] Total time for which application threads were stopped: 0.0001189 seconds, Stopping threads took: 0.0000346 seconds
[2125.107s][info ][safepoint      ] Application time: 0.1998630 seconds
[2125.107s][info ][safepoint      ] Entering safepoint region: ParallelGCFailedAllocation
[2125.107s][info ][gc,start       ] GC(261) Pause Young (Allocation Failure)
[2125.115s][debug][gc,phases      ] GC(261) Scavenge 7.347ms
[2125.115s][debug][gc,ref         ] GC(261) Skipped phase1 of Reference Processing due to unavailable references
[2125.115s][debug][gc,ref         ] GC(261) Skipped phase2 of Reference Processing due to unavailable references
[2125.115s][debug][gc,ref         ] GC(261) Skipped phase3 of Reference Processing due to unavailable references
[2125.115s][debug][gc,phases      ] GC(261) Reference Processing 0.027ms
[2125.115s][debug][gc,phases      ] GC(261) Weak Processing 0.130ms
[2125.115s][debug][gc,phases      ] GC(261) Scrub String Table 0.429ms
[2125.115s][debug][gc,age         ] GC(261) Desired survivor size 18350080 bytes, new threshold 15 (max threshold 15)
[2125.115s][info ][gc,heap        ] GC(261) PSYoungGen: 2076624K->14384K(2079232K)
[2125.116s][info ][gc,heap        ] GC(261) ParOldGen: 430652K->432061K(486400K)
[2125.116s][info ][gc,metaspace   ] GC(261) Metaspace: 76184K->76184K(1118208K)
[2125.116s][info ][gc             ] GC(261) Pause Young (Allocation Failure) 2448M->435M(2505M) 8.055ms
[2125.116s][info ][gc,cpu         ] GC(261) User=0.03s Sys=0.00s Real=0.01s
[2125.116s][info ][safepoint      ] Leaving safepoint region
[2125.116s][info ][safepoint      ] Total time for which application threads were stopped: 0.0082121 seconds, Stopping threads took: 0.0000134 seconds
[2129.116s][info ][safepoint      ] Application time: 4.0003144 seconds
[2129.116s][info ][safepoint      ] Entering safepoint region: Cleanup
[2129.116s][info ][safepoint      ] Leaving safepoint region
[2129.116s][info ][safepoint      ] Total time for which application threads were stopped: 0.0001107 seconds, Stopping threads took: 0.0000321 seconds
[2130.116s][info ][safepoint      ] Application time: 1.0000753 seconds
[2130.116s][info ][safepoint      ] Entering safepoint region: Cleanup
[2130.116s][info ][safepoint      ] Leaving safepoint region
[2130.116s][info ][safepoint      ] Total time for which application threads were stopped: 0.0001228 seconds, Stopping threads took: 0.0000346 seconds
[2131.116s][info ][safepoint      ] Application time: 1.0000809 seconds
[2131.116s][info ][safepoint      ] Entering safepoint region: Cleanup
[2131.117s][info ][safepoint      ] Leaving safepoint region
[2131.117s][info ][safepoint      ] Total time for which application threads were stopped: 0.0001427 seconds, Stopping threads took: 0.0000606 seconds
[2132.117s][info ][safepoint      ] Application time: 1.0000762 seconds
[2132.117s][info ][safepoint      ] Entering safepoint region: Cleanup
[2132.117s][info ][safepoint      ] Leaving safepoint region
[2132.117s][info ][safepoint      ] Total time for which application threads were stopped: 0.0001876 seconds, Stopping threads took: 0.0000816 seconds
[2133.117s][info ][safepoint      ] Application time: 1.0000907 seconds
[2133.117s][info ][safepoint      ] Entering safepoint region: Cleanup
[2133.117s][info ][safepoint      ] Leaving safepoint region
[2133.117s][info ][safepoint      ] Total time for which application threads were stopped: 0.0001404 seconds, Stopping threads took: 0.0000503 seconds
[2134.162s][info ][safepoint      ] Application time: 1.0443829 seconds
[2134.162s][info ][safepoint      ] Entering safepoint region: ParallelGCFailedAllocation
[2134.162s][info ][gc,start       ] GC(262) Pause Young (Allocation Failure)
[2134.168s][debug][gc,phases      ] GC(262) Scavenge 6.375ms
[2134.168s][debug][gc,ref         ] GC(262) Skipped phase1 of Reference Processing due to unavailable references
[2134.168s][debug][gc,ref         ] GC(262) Skipped phase3 of Reference Processing due to unavailable references
[2134.168s][debug][gc,phases      ] GC(262) Reference Processing 0.050ms
[2134.168s][debug][gc,phases      ] GC(262) Weak Processing 0.134ms
[2134.169s][debug][gc,phases      ] GC(262) Scrub String Table 0.464ms
[2134.169s][debug][gc,age         ] GC(262) Desired survivor size 18350080 bytes, new threshold 15 (max threshold 15)
[2134.169s][info ][gc,heap        ] GC(262) PSYoungGen: 2075696K->11328K(2079232K)
[2134.169s][info ][gc,heap        ] GC(262) ParOldGen: 432061K->435682K(486400K)
[2134.169s][info ][gc,metaspace   ] GC(262) Metaspace: 76212K->76212K(1118208K)
[2134.169s][info ][gc             ] GC(262) Pause Young (Allocation Failure) 2448M->436M(2505M) 7.177ms
[2134.169s][info ][gc,cpu         ] GC(262) User=0.03s Sys=0.00s Real=0.01s
[2134.169s][info ][safepoint      ] Leaving safepoint region
[2134.169s][info ][safepoint      ] Total time for which application threads were stopped: 0.0073431 seconds, Stopping threads took: 0.0000183 seconds
[2135.169s][info ][safepoint      ] Application time: 1.0000738 seconds
[2135.169s][info ][safepoint      ] Entering safepoint region: Cleanup
[2135.169s][info ][safepoint      ] Leaving safepoint region
[2135.169s][info ][safepoint      ] Total time for which application threads were stopped: 0.0001189 seconds, Stopping threads took: 0.0000491 seconds
[2136.169s][info ][safepoint      ] Application time: 1.0000849 seconds
[2136.169s][info ][safepoint      ] Entering safepoint region: Cleanup
[2136.170s][info ][safepoint      ] Leaving safepoint region
[2136.170s][info ][safepoint      ] Total time for which application threads were stopped: 0.0005742 seconds, Stopping threads took: 0.0005028 seconds
[2137.170s][info ][safepoint      ] Application time: 1.0000772 seconds
[2137.170s][info ][safepoint      ] Entering safepoint region: Cleanup
[2137.170s][info ][safepoint      ] Leaving safepoint region
[2137.170s][info ][safepoint      ] Total time for which application threads were stopped: 0.0001312 seconds, Stopping threads took: 0.0000560 seconds
[2141.170s][info ][safepoint      ] Application time: 4.0002735 seconds
[2141.170s][info ][safepoint      ] Entering safepoint region: Cleanup
[2141.171s][info ][safepoint      ] Leaving safepoint region
[2141.171s][info ][safepoint      ] Total time for which application threads were stopped: 0.0001354 seconds, Stopping threads took: 0.0000617 seconds
[2143.157s][info ][safepoint      ] Application time: 1.9862343 seconds
[2143.157s][info ][safepoint      ] Entering safepoint region: ParallelGCFailedAllocation
[2143.157s][info ][gc,start       ] GC(263) Pause Young (Allocation Failure)
[2143.164s][debug][gc,phases      ] GC(263) Scavenge 6.663ms
[2143.164s][debug][gc,ref         ] GC(263) Skipped phase1 of Reference Processing due to unavailable references
[2143.164s][debug][gc,ref         ] GC(263) Skipped phase3 of Reference Processing due to unavailable references
[2143.164s][debug][gc,phases      ] GC(263) Reference Processing 0.033ms
[2143.164s][debug][gc,phases      ] GC(263) Weak Processing 0.161ms
[2143.164s][debug][gc,phases      ] GC(263) Scrub String Table 0.537ms
[2143.164s][debug][gc,age         ] GC(263) Desired survivor size 18874368 bytes, new threshold 15 (max threshold 15)
[2143.164s][info ][gc,heap        ] GC(263) PSYoungGen: 2072640K->9440K(2078208K)
[2143.164s][info ][gc,heap        ] GC(263) ParOldGen: 435682K->438330K(486400K)
[2143.164s][info ][gc,metaspace   ] GC(263) Metaspace: 76215K->76215K(1118208K)
[2143.165s][info ][gc             ] GC(263) Pause Young (Allocation Failure) 2449M->437M(2504M) 7.542ms
[2143.165s][info ][gc,cpu         ] GC(263) User=0.02s Sys=0.00s Real=0.00s
[2143.165s][info ][safepoint      ] Leaving safepoint region
[2143.165s][info ][safepoint      ] Total time for which application threads were stopped: 0.0077120 seconds, Stopping threads took: 0.0000195 seconds
[2147.165s][info ][safepoint      ] Application time: 4.0003263 seconds
[2147.165s][info ][safepoint      ] Entering safepoint region: Cleanup
[2147.165s][info ][safepoint      ] Leaving safepoint region
[2147.165s][info ][safepoint      ] Total time for which application threads were stopped: 0.0001250 seconds, Stopping threads took: 0.0000580 seconds
[2149.165s][info ][safepoint      ] Application time: 2.0001495 seconds
[2149.165s][info ][safepoint      ] Entering safepoint region: Cleanup
[2149.165s][info ][safepoint      ] Leaving safepoint region
[2149.165s][info ][safepoint      ] Total time for which application threads were stopped: 0.0001141 seconds, Stopping threads took: 0.0000365 seconds
[2152.130s][info ][safepoint      ] Application time: 2.9643108 seconds
[2152.130s][info ][safepoint      ] Entering safepoint region: ParallelGCFailedAllocation
[2152.130s][info ][gc,start       ] GC(264) Pause Young (Allocation Failure)
[2152.135s][debug][gc,phases      ] GC(264) Scavenge 5.314ms
[2152.135s][debug][gc,ref         ] GC(264) Skipped phase1 of Reference Processing due to unavailable references
[2152.135s][debug][gc,ref         ] GC(264) Skipped phase2 of Reference Processing due to unavailable references
[2152.135s][debug][gc,ref         ] GC(264) Skipped phase3 of Reference Processing due to unavailable references
[2152.135s][debug][gc,phases      ] GC(264) Reference Processing 0.027ms
[2152.135s][debug][gc,phases      ] GC(264) Weak Processing 0.149ms
[2152.136s][debug][gc,phases      ] GC(264) Scrub String Table 0.470ms
[2152.136s][debug][gc,age         ] GC(264) Desired survivor size 18874368 bytes, new threshold 15 (max threshold 15)
[2152.136s][info ][gc,heap        ] GC(264) PSYoungGen: 2069728K->8912K(2078720K)
[2152.136s][info ][gc,heap        ] GC(264) ParOldGen: 438330K->438718K(486400K)
[2152.136s][info ][gc,metaspace   ] GC(264) Metaspace: 76215K->76215K(1118208K)
[2152.136s][info ][gc             ] GC(264) Pause Young (Allocation Failure) 2449M->437M(2505M) 6.084ms
[2152.136s][info ][gc,cpu         ] GC(264) User=0.02s Sys=0.00s Real=0.00s
[2152.136s][info ][safepoint      ] Leaving safepoint region
[2152.136s][info ][safepoint      ] Total time for which application threads were stopped: 0.0062608 seconds, Stopping threads took: 0.0000321 seconds
[2154.136s][info ][safepoint      ] Application time: 2.0001469 seconds
[2154.136s][info ][safepoint      ] Entering safepoint region: Cleanup
[2154.136s][info ][safepoint      ] Leaving safepoint region
[2154.136s][info ][safepoint      ] Total time for which application threads were stopped: 0.0000860 seconds, Stopping threads took: 0.0000127 seconds
[2155.136s][info ][safepoint      ] Application time: 1.0000775 seconds
[2155.136s][info ][safepoint      ] Entering safepoint region: Cleanup
[2155.136s][info ][safepoint      ] Leaving safepoint region
[2155.136s][info ][safepoint      ] Total time for which application threads were stopped: 0.0000711 seconds, Stopping threads took: 0.0000133 seconds
[2156.137s][info ][safepoint      ] Application time: 1.0000800 seconds
[2156.137s][info ][safepoint      ] Entering safepoint region: Cleanup
[2156.137s][info ][safepoint      ] Leaving safepoint region
[2156.137s][info ][safepoint      ] Total time for which application threads were stopped: 0.0000978 seconds, Stopping threads took: 0.0000206 seconds
[2161.267s][info ][safepoint      ] Application time: 5.1304996 seconds
[2161.267s][info ][safepoint      ] Entering safepoint region: ParallelGCFailedAllocation
[2161.267s][info ][gc,start       ] GC(265) Pause Young (Allocation Failure)
[2161.272s][debug][gc,phases      ] GC(265) Scavenge 4.897ms
[2161.272s][debug][gc,ref         ] GC(265) Skipped phase1 of Reference Processing due to unavailable references
[2161.272s][debug][gc,ref         ] GC(265) Skipped phase2 of Reference Processing due to unavailable references
[2161.272s][debug][gc,ref         ] GC(265) Skipped phase3 of Reference Processing due to unavailable references
[2161.272s][debug][gc,phases      ] GC(265) Reference Processing 0.033ms
[2161.272s][debug][gc,phases      ] GC(265) Weak Processing 0.124ms
[2161.273s][debug][gc,phases      ] GC(265) Scrub String Table 0.449ms
[2161.273s][debug][gc,age         ] GC(265) Desired survivor size 19398656 bytes, new threshold 15 (max threshold 15)
[2161.273s][info ][gc,heap        ] GC(265) PSYoungGen: 2069200K->7792K(2077696K)
[2161.273s][info ][gc,heap        ] GC(265) ParOldGen: 438718K->439671K(486400K)
[2161.273s][info ][gc,metaspace   ] GC(265) Metaspace: 76221K->76221K(1118208K)
[2161.273s][info ][gc             ] GC(265) Pause Young (Allocation Failure) 2449M->436M(2504M) 5.658ms
[2161.273s][info ][gc,cpu         ] GC(265) User=0.02s Sys=0.00s Real=0.01s
[2161.273s][info ][safepoint      ] Leaving safepoint region
[2161.273s][info ][safepoint      ] Total time for which application threads were stopped: 0.0058118 seconds, Stopping threads took: 0.0000138 seconds
[2170.374s][info ][safepoint      ] Application time: 9.1006035 seconds
[2170.374s][info ][safepoint      ] Entering safepoint region: ParallelGCFailedAllocation
[2170.374s][info ][gc,start       ] GC(266) Pause Young (Allocation Failure)
[2170.378s][debug][gc,phases      ] GC(266) Scavenge 4.581ms
[2170.378s][debug][gc,ref         ] GC(266) Skipped phase1 of Reference Processing due to unavailable references
[2170.378s][debug][gc,ref         ] GC(266) Skipped phase2 of Reference Processing due to unavailable references
[2170.378s][debug][gc,ref         ] GC(266) Skipped phase3 of Reference Processing due to unavailable references
[2170.378s][debug][gc,phases      ] GC(266) Reference Processing 0.040ms
[2170.379s][debug][gc,phases      ] GC(266) Weak Processing 0.136ms
[2170.379s][debug][gc,phases      ] GC(266) Scrub String Table 0.455ms
[2170.379s][debug][gc,age         ] GC(266) Desired survivor size 19398656 bytes, new threshold 15 (max threshold 15)
[2170.379s][info ][gc,heap        ] GC(266) PSYoungGen: 2067056K->7872K(2078208K)
[2170.379s][info ][gc,heap        ] GC(266) ParOldGen: 439671K->439899K(486400K)
[2170.379s][info ][gc,metaspace   ] GC(266) Metaspace: 76222K->76222K(1118208K)
[2170.379s][info ][gc             ] GC(266) Pause Young (Allocation Failure) 2447M->437M(2504M) 5.346ms
[2170.379s][info ][gc,cpu         ] GC(266) User=0.02s Sys=0.00s Real=0.01s
[2170.379s][info ][safepoint      ] Leaving safepoint region
[2170.379s][info ][safepoint      ] Total time for which application threads were stopped: 0.0055261 seconds, Stopping threads took: 0.0000387 seconds
[2172.379s][info ][safepoint      ] Application time: 2.0001466 seconds
[2172.379s][info ][safepoint      ] Entering safepoint region: Cleanup
[2172.380s][info ][safepoint      ] Leaving safepoint region
[2172.380s][info ][safepoint      ] Total time for which application threads were stopped: 0.0001283 seconds, Stopping threads took: 0.0000575 seconds
[2173.380s][info ][safepoint      ] Application time: 1.0000770 seconds
[2173.380s][info ][safepoint      ] Entering safepoint region: Cleanup
[2173.380s][info ][safepoint      ] Leaving safepoint region
[2173.380s][info ][safepoint      ] Total time for which application threads were stopped: 0.0000730 seconds, Stopping threads took: 0.0000124 seconds
[2174.380s][info ][safepoint      ] Application time: 1.0000812 seconds
[2174.380s][info ][safepoint      ] Entering safepoint region: Cleanup
[2174.380s][info ][safepoint      ] Leaving safepoint region
[2174.380s][info ][safepoint      ] Total time for which application threads were stopped: 0.0001063 seconds, Stopping threads took: 0.0000372 seconds
[2177.948s][info ][safepoint      ] Application time: 3.5679513 seconds
[2177.948s][info ][safepoint      ] Entering safepoint region: RevokeBias
[2177.948s][info ][safepoint      ] Leaving safepoint region
[2177.948s][info ][safepoint      ] Total time for which application threads were stopped: 0.0001025 seconds, Stopping threads took: 0.0000323 seconds
[2178.058s][info ][safepoint      ] Application time: 0.1095522 seconds
[2178.058s][info ][safepoint      ] Entering safepoint region: RevokeBias
[2178.058s][info ][safepoint      ] Leaving safepoint region
[2178.058s][info ][safepoint      ] Total time for which application threads were stopped: 0.0000929 seconds, Stopping threads took: 0.0000335 seconds
[2178.058s][info ][safepoint      ] Application time: 0.0006296 seconds
[2178.058s][info ][safepoint      ] Entering safepoint region: RevokeBias
[2178.058s][info ][safepoint      ] Leaving safepoint region
[2178.058s][info ][safepoint      ] Total time for which application threads were stopped: 0.0000579 seconds, Stopping threads took: 0.0000329 seconds
[2179.059s][info ][safepoint      ] Application time: 1.0000825 seconds
[2179.059s][info ][safepoint      ] Entering safepoint region: Cleanup
[2179.059s][info ][safepoint      ] Leaving safepoint region
[2179.059s][info ][safepoint      ] Total time for which application threads were stopped: 0.0001112 seconds, Stopping threads took: 0.0000369 seconds
[2179.298s][info ][safepoint      ] Application time: 0.2393982 seconds
[2179.298s][info ][safepoint      ] Entering safepoint region: ParallelGCFailedAllocation
[2179.298s][info ][gc,start       ] GC(267) Pause Young (Allocation Failure)
[2179.303s][debug][gc,phases      ] GC(267) Scavenge 4.878ms
[2179.303s][debug][gc,ref         ] GC(267) Skipped phase1 of Reference Processing due to unavailable references
[2179.303s][debug][gc,ref         ] GC(267) Skipped phase2 of Reference Processing due to unavailable references
[2179.303s][debug][gc,ref         ] GC(267) Skipped phase3 of Reference Processing due to unavailable references
[2179.303s][debug][gc,ref         ] GC(267) Skipped phase4 of Reference Processing due to unavailable references
[2179.303s][debug][gc,phases      ] GC(267) Reference Processing 0.032ms
[2179.303s][debug][gc,phases      ] GC(267) Weak Processing 0.136ms
[2179.304s][debug][gc,phases      ] GC(267) Scrub String Table 0.477ms
[2179.304s][debug][gc,age         ] GC(267) Desired survivor size 19398656 bytes, new threshold 15 (max threshold 15)
[2179.304s][info ][gc,heap        ] GC(267) PSYoungGen: 2067136K->7648K(2078208K)
[2179.304s][info ][gc,heap        ] GC(267) ParOldGen: 439899K->440243K(486400K)
[2179.304s][info ][gc,metaspace   ] GC(267) Metaspace: 76223K->76223K(1118208K)
[2179.304s][info ][gc             ] GC(267) Pause Young (Allocation Failure) 2448M->437M(2504M) 5.654ms
[2179.304s][info ][gc,cpu         ] GC(267) User=0.02s Sys=0.00s Real=0.00s
[2179.304s][info ][safepoint      ] Leaving safepoint region
[2179.304s][info ][safepoint      ] Total time for which application threads were stopped: 0.0058138 seconds, Stopping threads took: 0.0000343 seconds
[2180.304s][info ][safepoint      ] Application time: 1.0000778 seconds
[2180.304s][info ][safepoint      ] Entering safepoint region: Cleanup
[2180.304s][info ][safepoint      ] Leaving safepoint region
[2180.304s][info ][safepoint      ] Total time for which application threads were stopped: 0.0000977 seconds, Stopping threads took: 0.0000387 seconds
[2188.599s][info ][safepoint      ] Application time: 8.2944540 seconds
[2188.599s][info ][safepoint      ] Entering safepoint region: ParallelGCFailedAllocation
[2188.599s][info ][gc,start       ] GC(268) Pause Young (Allocation Failure)
[2188.604s][debug][gc,phases      ] GC(268) Scavenge 5.024ms
[2188.604s][debug][gc,ref         ] GC(268) Skipped phase1 of Reference Processing due to unavailable references
[2188.604s][debug][gc,ref         ] GC(268) Skipped phase2 of Reference Processing due to unavailable references
[2188.604s][debug][gc,ref         ] GC(268) Skipped phase3 of Reference Processing due to unavailable references
[2188.604s][debug][gc,ref         ] GC(268) Skipped phase4 of Reference Processing due to unavailable references
[2188.604s][debug][gc,phases      ] GC(268) Reference Processing 0.028ms
[2188.604s][debug][gc,phases      ] GC(268) Weak Processing 0.138ms
[2188.605s][debug][gc,phases      ] GC(268) Scrub String Table 0.502ms
[2188.605s][debug][gc,age         ] GC(268) Desired survivor size 19398656 bytes, new threshold 15 (max threshold 15)
[2188.605s][info ][gc,heap        ] GC(268) PSYoungGen: 2066912K->7344K(2078208K)
[2188.605s][info ][gc,heap        ] GC(268) ParOldGen: 440243K->440587K(486400K)
[2188.605s][info ][gc,metaspace   ] GC(268) Metaspace: 76224K->76224K(1118208K)
[2188.605s][info ][gc             ] GC(268) Pause Young (Allocation Failure) 2448M->437M(2504M) 5.845ms
[2188.605s][info ][gc,cpu         ] GC(268) User=0.02s Sys=0.01s Real=0.00s
[2188.605s][info ][safepoint      ] Leaving safepoint region
[2188.605s][info ][safepoint      ] Total time for which application threads were stopped: 0.0060065 seconds, Stopping threads took: 0.0000302 seconds
[2198.030s][info ][safepoint      ] Application time: 9.4252894 seconds
[2198.030s][info ][safepoint      ] Entering safepoint region: ParallelGCFailedAllocation
[2198.030s][info ][gc,start       ] GC(269) Pause Young (Allocation Failure)
[2198.035s][debug][gc,phases      ] GC(269) Scavenge 4.667ms
[2198.035s][debug][gc,ref         ] GC(269) Skipped phase1 of Reference Processing due to unavailable references
[2198.035s][debug][gc,ref         ] GC(269) Skipped phase2 of Reference Processing due to unavailable references
[2198.035s][debug][gc,ref         ] GC(269) Skipped phase3 of Reference Processing due to unavailable references
[2198.035s][debug][gc,ref         ] GC(269) Skipped phase4 of Reference Processing due to unavailable references
[2198.035s][debug][gc,phases      ] GC(269) Reference Processing 0.029ms
[2198.035s][debug][gc,phases      ] GC(269) Weak Processing 0.135ms
[2198.035s][debug][gc,phases      ] GC(269) Scrub String Table 0.439ms
[2198.035s][debug][gc,age         ] GC(269) Desired survivor size 19398656 bytes, new threshold 15 (max threshold 15)
[2198.035s][info ][gc,heap        ] GC(269) PSYoungGen: 2066608K->6784K(2078208K)
[2198.035s][info ][gc,heap        ] GC(269) ParOldGen: 440587K->440923K(486400K)
[2198.035s][info ][gc,metaspace   ] GC(269) Metaspace: 76225K->76225K(1118208K)
[2198.035s][info ][gc             ] GC(269) Pause Young (Allocation Failure) 2448M->437M(2504M) 5.396ms
[2198.035s][info ][gc,cpu         ] GC(269) User=0.02s Sys=0.00s Real=0.00s
[2198.036s][info ][safepoint      ] Leaving safepoint region
[2198.036s][info ][safepoint      ] Total time for which application threads were stopped: 0.0055383 seconds, Stopping threads took: 0.0000115 seconds
[2207.322s][info ][safepoint      ] Application time: 9.2867163 seconds
[2207.322s][info ][safepoint      ] Entering safepoint region: ParallelGCFailedAllocation
[2207.322s][info ][gc,start       ] GC(270) Pause Young (Allocation Failure)
[2207.327s][debug][gc,phases      ] GC(270) Scavenge 4.303ms
[2207.327s][debug][gc,ref         ] GC(270) Skipped phase1 of Reference Processing due to unavailable references
[2207.327s][debug][gc,ref         ] GC(270) Skipped phase2 of Reference Processing due to unavailable references
[2207.327s][debug][gc,ref         ] GC(270) Skipped phase3 of Reference Processing due to unavailable references
[2207.327s][debug][gc,ref         ] GC(270) Skipped phase4 of Reference Processing due to unavailable references
[2207.327s][debug][gc,phases      ] GC(270) Reference Processing 0.030ms
[2207.327s][debug][gc,phases      ] GC(270) Weak Processing 0.148ms
[2207.327s][debug][gc,phases      ] GC(270) Scrub String Table 0.453ms
[2207.327s][debug][gc,age         ] GC(270) Desired survivor size 19398656 bytes, new threshold 15 (max threshold 15)
[2207.327s][info ][gc,heap        ] GC(270) PSYoungGen: 2066048K->6816K(2078208K)
[2207.327s][info ][gc,heap        ] GC(270) ParOldGen: 440923K->441163K(486400K)
[2207.327s][info ][gc,metaspace   ] GC(270) Metaspace: 76226K->76226K(1118208K)
[2207.327s][info ][gc             ] GC(270) Pause Young (Allocation Failure) 2448M->437M(2504M) 5.061ms
[2207.327s][info ][gc,cpu         ] GC(270) User=0.02s Sys=0.00s Real=0.00s
[2207.327s][info ][safepoint      ] Leaving safepoint region
[2207.327s][info ][safepoint      ] Total time for which application threads were stopped: 0.0052182 seconds, Stopping threads took: 0.0000262 seconds
[2209.328s][info ][safepoint      ] Application time: 2.0001570 seconds
[2209.328s][info ][safepoint      ] Entering safepoint region: Cleanup
[2209.328s][info ][safepoint      ] Leaving safepoint region
[2209.328s][info ][safepoint      ] Total time for which application threads were stopped: 0.0001641 seconds, Stopping threads took: 0.0000822 seconds
[2216.272s][info ][safepoint      ] Application time: 6.9438656 seconds
[2216.272s][info ][safepoint      ] Entering safepoint region: ParallelGCFailedAllocation
[2216.272s][info ][gc,start       ] GC(271) Pause Young (Allocation Failure)
[2216.280s][debug][gc,phases      ] GC(271) Scavenge 8.014ms
[2216.280s][debug][gc,ref         ] GC(271) Skipped phase1 of Reference Processing due to unavailable references
[2216.280s][debug][gc,ref         ] GC(271) Skipped phase2 of Reference Processing due to unavailable references
[2216.280s][debug][gc,ref         ] GC(271) Skipped phase3 of Reference Processing due to unavailable references
[2216.280s][debug][gc,ref         ] GC(271) Skipped phase4 of Reference Processing due to unavailable references
[2216.280s][debug][gc,phases      ] GC(271) Reference Processing 0.034ms
[2216.280s][debug][gc,phases      ] GC(271) Weak Processing 0.169ms
[2216.281s][debug][gc,phases      ] GC(271) Scrub String Table 0.545ms
[2216.281s][debug][gc,age         ] GC(271) Desired survivor size 19398656 bytes, new threshold 15 (max threshold 15)
[2216.281s][info ][gc,heap        ] GC(271) PSYoungGen: 2066080K->6272K(2078208K)
[2216.281s][info ][gc,heap        ] GC(271) ParOldGen: 441163K->441619K(486400K)
[2216.281s][info ][gc,metaspace   ] GC(271) Metaspace: 76231K->76231K(1118208K)
[2216.281s][info ][gc             ] GC(271) Pause Young (Allocation Failure) 2448M->437M(2504M) 8.888ms
[2216.281s][info ][gc,cpu         ] GC(271) User=0.02s Sys=0.00s Real=0.01s
[2216.281s][info ][safepoint      ] Leaving safepoint region
[2216.281s][info ][safepoint      ] Total time for which application threads were stopped: 0.0090872 seconds, Stopping threads took: 0.0000249 seconds
[2225.518s][info ][safepoint      ] Application time: 9.2374893 seconds
[2225.518s][info ][safepoint      ] Entering safepoint region: ParallelGCFailedAllocation
[2225.518s][info ][gc,start       ] GC(272) Pause Young (Allocation Failure)
[2225.523s][debug][gc,phases      ] GC(272) Scavenge 4.911ms
[2225.523s][debug][gc,ref         ] GC(272) Skipped phase1 of Reference Processing due to unavailable references
[2225.523s][debug][gc,ref         ] GC(272) Skipped phase2 of Reference Processing due to unavailable references
[2225.523s][debug][gc,ref         ] GC(272) Skipped phase3 of Reference Processing due to unavailable references
[2225.523s][debug][gc,ref         ] GC(272) Skipped phase4 of Reference Processing due to unavailable references
[2225.523s][debug][gc,phases      ] GC(272) Reference Processing 0.033ms
[2225.524s][debug][gc,phases      ] GC(272) Weak Processing 0.160ms
[2225.524s][debug][gc,phases      ] GC(272) Scrub String Table 0.439ms
[2225.524s][debug][gc,age         ] GC(272) Desired survivor size 18874368 bytes, new threshold 15 (max threshold 15)
[2225.524s][info ][gc,heap        ] GC(272) PSYoungGen: 2065536K->5952K(2078208K)
[2225.524s][info ][gc,heap        ] GC(272) ParOldGen: 441619K->442148K(486400K)
[2225.524s][info ][gc,metaspace   ] GC(272) Metaspace: 76231K->76231K(1118208K)
[2225.524s][info ][gc             ] GC(272) Pause Young (Allocation Failure) 2448M->437M(2504M) 5.671ms
[2225.524s][info ][gc,cpu         ] GC(272) User=0.02s Sys=0.00s Real=0.00s
[2225.524s][info ][safepoint      ] Leaving safepoint region
[2225.524s][info ][safepoint      ] Total time for which application threads were stopped: 0.0058184 seconds, Stopping threads took: 0.0000131 seconds
[2229.524s][info ][safepoint      ] Application time: 4.0002880 seconds
[2229.525s][info ][safepoint      ] Entering safepoint region: Cleanup
[2229.525s][info ][safepoint      ] Leaving safepoint region
[2229.525s][info ][safepoint      ] Total time for which application threads were stopped: 0.0001060 seconds, Stopping threads took: 0.0000355 seconds
[2230.525s][info ][safepoint      ] Application time: 1.0000977 seconds
[2230.525s][info ][safepoint      ] Entering safepoint region: Cleanup
[2230.525s][info ][safepoint      ] Leaving safepoint region
[2230.525s][info ][safepoint      ] Total time for which application threads were stopped: 0.0001901 seconds, Stopping threads took: 0.0001117 seconds
[2234.525s][info ][safepoint      ] Application time: 4.0003030 seconds
[2234.525s][info ][safepoint      ] Entering safepoint region: Cleanup
[2234.525s][info ][safepoint      ] Leaving safepoint region
[2234.525s][info ][safepoint      ] Total time for which application threads were stopped: 0.0000713 seconds, Stopping threads took: 0.0000117 seconds
[2234.920s][info ][safepoint      ] Application time: 0.3944682 seconds
[2234.920s][info ][safepoint      ] Entering safepoint region: ParallelGCFailedAllocation
[2234.920s][info ][gc,start       ] GC(273) Pause Young (Allocation Failure)
[2234.924s][debug][gc,phases      ] GC(273) Scavenge 4.286ms
[2234.924s][debug][gc,ref         ] GC(273) Skipped phase1 of Reference Processing due to unavailable references
[2234.924s][debug][gc,ref         ] GC(273) Skipped phase2 of Reference Processing due to unavailable references
[2234.924s][debug][gc,ref         ] GC(273) Skipped phase3 of Reference Processing due to unavailable references
[2234.924s][debug][gc,ref         ] GC(273) Skipped phase4 of Reference Processing due to unavailable references
[2234.924s][debug][gc,phases      ] GC(273) Reference Processing 0.028ms
[2234.925s][debug][gc,phases      ] GC(273) Weak Processing 0.132ms
[2234.925s][debug][gc,phases      ] GC(273) Scrub String Table 0.438ms
[2234.925s][debug][gc,age         ] GC(273) Desired survivor size 18874368 bytes, new threshold 15 (max threshold 15)
[2234.925s][info ][gc,heap        ] GC(273) PSYoungGen: 2065216K->5984K(2078720K)
[2234.925s][info ][gc,heap        ] GC(273) ParOldGen: 442148K->442352K(486400K)
[2234.925s][info ][gc,metaspace   ] GC(273) Metaspace: 76232K->76232K(1118208K)
[2234.925s][info ][gc             ] GC(273) Pause Young (Allocation Failure) 2448M->437M(2505M) 5.003ms
[2234.925s][info ][gc,cpu         ] GC(273) User=0.01s Sys=0.00s Real=0.00s
[2234.925s][info ][safepoint      ] Leaving safepoint region
[2234.925s][info ][safepoint      ] Total time for which application threads were stopped: 0.0051673 seconds, Stopping threads took: 0.0000118 seconds
[2241.926s][info ][safepoint      ] Application time: 7.0004713 seconds
[2241.926s][info ][safepoint      ] Entering safepoint region: Cleanup
[2241.926s][info ][safepoint      ] Leaving safepoint region
[2241.926s][info ][safepoint      ] Total time for which application threads were stopped: 0.0001110 seconds, Stopping threads took: 0.0000585 seconds
[2243.926s][info ][safepoint      ] Application time: 2.0000885 seconds
[2243.926s][info ][safepoint      ] Entering safepoint region: Cleanup
[2243.926s][info ][safepoint      ] Leaving safepoint region
[2243.926s][info ][safepoint      ] Total time for which application threads were stopped: 0.0000954 seconds, Stopping threads took: 0.0000371 seconds
[2244.470s][info ][safepoint      ] Application time: 0.5445074 seconds
[2244.470s][info ][safepoint      ] Entering safepoint region: ParallelGCFailedAllocation
[2244.471s][info ][gc,start       ] GC(274) Pause Young (Allocation Failure)
[2244.475s][debug][gc,phases      ] GC(274) Scavenge 4.288ms
[2244.475s][debug][gc,ref         ] GC(274) Skipped phase1 of Reference Processing due to unavailable references
[2244.475s][debug][gc,ref         ] GC(274) Skipped phase2 of Reference Processing due to unavailable references
[2244.475s][debug][gc,ref         ] GC(274) Skipped phase3 of Reference Processing due to unavailable references
[2244.475s][debug][gc,ref         ] GC(274) Skipped phase4 of Reference Processing due to unavailable references
[2244.475s][debug][gc,phases      ] GC(274) Reference Processing 0.029ms
[2244.475s][debug][gc,phases      ] GC(274) Weak Processing 0.121ms
[2244.476s][debug][gc,phases      ] GC(274) Scrub String Table 0.444ms
[2244.476s][debug][gc,age         ] GC(274) Desired survivor size 18350080 bytes, new threshold 15 (max threshold 15)
[2244.476s][info ][gc,heap        ] GC(274) PSYoungGen: 2066272K->5968K(2078720K)
[2244.476s][info ][gc,heap        ] GC(274) ParOldGen: 442352K->442464K(486400K)
[2244.476s][info ][gc,metaspace   ] GC(274) Metaspace: 76232K->76232K(1118208K)
[2244.476s][info ][gc             ] GC(274) Pause Young (Allocation Failure) 2449M->437M(2505M) 5.015ms
[2244.476s][info ][gc,cpu         ] GC(274) User=0.02s Sys=0.00s Real=0.00s
[2244.476s][info ][safepoint      ] Leaving safepoint region
[2244.476s][info ][safepoint      ] Total time for which application threads were stopped: 0.0051748 seconds, Stopping threads took: 0.0000117 seconds
[2253.932s][info ][safepoint      ] Application time: 9.4559533 seconds
[2253.932s][info ][safepoint      ] Entering safepoint region: ParallelGCFailedAllocation
[2253.932s][info ][gc,start       ] GC(275) Pause Young (Allocation Failure)
[2253.936s][debug][gc,phases      ] GC(275) Scavenge 4.014ms
[2253.936s][debug][gc,ref         ] GC(275) Skipped phase1 of Reference Processing due to unavailable references
[2253.936s][debug][gc,ref         ] GC(275) Skipped phase2 of Reference Processing due to unavailable references
[2253.936s][debug][gc,ref         ] GC(275) Skipped phase3 of Reference Processing due to unavailable references
[2253.936s][debug][gc,ref         ] GC(275) Skipped phase4 of Reference Processing due to unavailable references
[2253.936s][debug][gc,phases      ] GC(275) Reference Processing 0.032ms
[2253.936s][debug][gc,phases      ] GC(275) Weak Processing 0.138ms
[2253.936s][debug][gc,phases      ] GC(275) Scrub String Table 0.446ms
[2253.936s][debug][gc,age         ] GC(275) Desired survivor size 17825792 bytes, new threshold 15 (max threshold 15)
[2253.936s][info ][gc,heap        ] GC(275) PSYoungGen: 2066256K->5760K(2079744K)
[2253.936s][info ][gc,heap        ] GC(275) ParOldGen: 442464K->442604K(486400K)
[2253.936s][info ][gc,metaspace   ] GC(275) Metaspace: 76232K->76232K(1118208K)
[2253.936s][info ][gc             ] GC(275) Pause Young (Allocation Failure) 2449M->437M(2506M) 4.757ms
[2253.937s][info ][gc,cpu         ] GC(275) User=0.02s Sys=0.00s Real=0.00s
[2253.937s][info ][safepoint      ] Leaving safepoint region
[2253.937s][info ][safepoint      ] Total time for which application threads were stopped: 0.0049020 seconds, Stopping threads took: 0.0000104 seconds
[2254.937s][info ][safepoint      ] Application time: 1.0000767 seconds
[2254.937s][info ][safepoint      ] Entering safepoint region: Cleanup
[2254.937s][info ][safepoint      ] Leaving safepoint region
[2254.937s][info ][safepoint      ] Total time for which application threads were stopped: 0.0000579 seconds, Stopping threads took: 0.0000113 seconds
[2257.937s][info ][safepoint      ] Application time: 3.0002134 seconds
[2257.937s][info ][safepoint      ] Entering safepoint region: Cleanup
[2257.937s][info ][safepoint      ] Leaving safepoint region
[2257.937s][info ][safepoint      ] Total time for which application threads were stopped: 0.0000620 seconds, Stopping threads took: 0.0000128 seconds
[2258.937s][info ][safepoint      ] Application time: 1.0000711 seconds
[2258.937s][info ][safepoint      ] Entering safepoint region: Cleanup
[2258.937s][info ][safepoint      ] Leaving safepoint region
[2258.937s][info ][safepoint      ] Total time for which application threads were stopped: 0.0000811 seconds, Stopping threads took: 0.0000187 seconds
[2262.991s][info ][safepoint      ] Application time: 4.0542449 seconds
[2262.992s][info ][safepoint      ] Entering safepoint region: ParallelGCFailedAllocation
[2262.992s][info ][gc,start       ] GC(276) Pause Young (Allocation Failure)
[2262.996s][debug][gc,phases      ] GC(276) Scavenge 4.069ms
[2262.996s][debug][gc,ref         ] GC(276) Skipped phase1 of Reference Processing due to unavailable references
[2262.996s][debug][gc,ref         ] GC(276) Skipped phase2 of Reference Processing due to unavailable references
[2262.996s][debug][gc,ref         ] GC(276) Skipped phase3 of Reference Processing due to unavailable references
[2262.996s][debug][gc,ref         ] GC(276) Skipped phase4 of Reference Processing due to unavailable references
[2262.996s][debug][gc,phases      ] GC(276) Reference Processing 0.051ms
[2262.996s][debug][gc,phases      ] GC(276) Weak Processing 0.132ms
[2262.996s][debug][gc,phases      ] GC(276) Scrub String Table 0.447ms
[2262.996s][debug][gc,age         ] GC(276) Desired survivor size 17301504 bytes, new threshold 15 (max threshold 15)
[2262.996s][info ][gc,heap        ] GC(276) PSYoungGen: 2067584K->5632K(2079232K)
[2262.996s][info ][gc,heap        ] GC(276) ParOldGen: 442604K->442692K(486400K)
[2262.996s][info ][gc,metaspace   ] GC(276) Metaspace: 76234K->76234K(1118208K)
[2262.996s][info ][gc             ] GC(276) Pause Young (Allocation Failure) 2451M->437M(2505M) 4.827ms
[2262.996s][info ][gc,cpu         ] GC(276) User=0.01s Sys=0.00s Real=0.00s
[2262.996s][info ][safepoint      ] Leaving safepoint region
[2262.996s][info ][safepoint      ] Total time for which application threads were stopped: 0.0049748 seconds, Stopping threads took: 0.0000109 seconds
[2271.997s][info ][safepoint      ] Application time: 9.0005900 seconds
[2271.997s][info ][safepoint      ] Entering safepoint region: Cleanup
[2271.997s][info ][safepoint      ] Leaving safepoint region
[2271.997s][info ][safepoint      ] Total time for which application threads were stopped: 0.0001064 seconds, Stopping threads took: 0.0000436 seconds
[2272.367s][info ][safepoint      ] Application time: 0.3700230 seconds
[2272.367s][info ][safepoint      ] Entering safepoint region: ParallelGCFailedAllocation
[2272.367s][info ][gc,start       ] GC(277) Pause Young (Allocation Failure)
[2272.371s][debug][gc,phases      ] GC(277) Scavenge 3.932ms
[2272.371s][debug][gc,ref         ] GC(277) Skipped phase1 of Reference Processing due to unavailable references
[2272.371s][debug][gc,ref         ] GC(277) Skipped phase2 of Reference Processing due to unavailable references
[2272.371s][debug][gc,ref         ] GC(277) Skipped phase3 of Reference Processing due to unavailable references
[2272.371s][debug][gc,ref         ] GC(277) Skipped phase4 of Reference Processing due to unavailable references
[2272.371s][debug][gc,phases      ] GC(277) Reference Processing 0.028ms
[2272.372s][debug][gc,phases      ] GC(277) Weak Processing 0.135ms
[2272.372s][debug][gc,phases      ] GC(277) Scrub String Table 0.415ms
[2272.372s][debug][gc,age         ] GC(277) Desired survivor size 17301504 bytes, new threshold 15 (max threshold 15)
[2272.372s][info ][gc,heap        ] GC(277) PSYoungGen: 2067456K->5392K(2080256K)
[2272.372s][info ][gc,heap        ] GC(277) ParOldGen: 442692K->442784K(486400K)
[2272.372s][info ][gc,metaspace   ] GC(277) Metaspace: 76237K->76237K(1118208K)
[2272.372s][info ][gc             ] GC(277) Pause Young (Allocation Failure) 2451M->437M(2506M) 4.629ms
[2272.372s][info ][gc,cpu         ] GC(277) User=0.02s Sys=0.00s Real=0.01s
[2272.372s][info ][safepoint      ] Leaving safepoint region
[2272.372s][info ][safepoint      ] Total time for which application threads were stopped: 0.0047780 seconds, Stopping threads took: 0.0000134 seconds
[2273.372s][info ][safepoint      ] Application time: 1.0000727 seconds
[2273.372s][info ][safepoint      ] Entering safepoint region: Cleanup
[2273.372s][info ][safepoint      ] Leaving safepoint region
[2273.372s][info ][safepoint      ] Total time for which application threads were stopped: 0.0001138 seconds, Stopping threads took: 0.0000613 seconds
[2281.772s][info ][safepoint      ] Application time: 8.3998291 seconds
[2281.772s][info ][safepoint      ] Entering safepoint region: ParallelGCFailedAllocation
[2281.772s][info ][gc,start       ] GC(278) Pause Young (Allocation Failure)
[2281.777s][debug][gc,phases      ] GC(278) Scavenge 4.340ms
[2281.777s][debug][gc,ref         ] GC(278) Skipped phase1 of Reference Processing due to unavailable references
[2281.777s][debug][gc,ref         ] GC(278) Skipped phase2 of Reference Processing due to unavailable references
[2281.777s][debug][gc,ref         ] GC(278) Skipped phase3 of Reference Processing due to unavailable references
[2281.777s][debug][gc,ref         ] GC(278) Skipped phase4 of Reference Processing due to unavailable references
[2281.777s][debug][gc,phases      ] GC(278) Reference Processing 0.045ms
[2281.777s][debug][gc,phases      ] GC(278) Weak Processing 0.151ms
[2281.777s][debug][gc,phases      ] GC(278) Scrub String Table 0.459ms
[2281.777s][debug][gc,age         ] GC(278) Desired survivor size 16777216 bytes, new threshold 15 (max threshold 15)
[2281.777s][info ][gc,heap        ] GC(278) PSYoungGen: 2068752K->5104K(2080256K)
[2281.777s][info ][gc,heap        ] GC(278) ParOldGen: 442784K->443320K(486400K)
[2281.777s][info ][gc,metaspace   ] GC(278) Metaspace: 76239K->76239K(1118208K)
[2281.777s][info ][gc             ] GC(278) Pause Young (Allocation Failure) 2452M->437M(2506M) 5.127ms
[2281.777s][info ][gc,cpu         ] GC(278) User=0.01s Sys=0.00s Real=0.01s
[2281.777s][info ][safepoint      ] Leaving safepoint region
[2281.777s][info ][safepoint      ] Total time for which application threads were stopped: 0.0052523 seconds, Stopping threads took: 0.0000115 seconds
[2286.778s][info ][safepoint      ] Application time: 5.0003208 seconds
[2286.778s][info ][safepoint      ] Entering safepoint region: Cleanup
[2286.778s][info ][safepoint      ] Leaving safepoint region
[2286.778s][info ][safepoint      ] Total time for which application threads were stopped: 0.0000763 seconds, Stopping threads took: 0.0000163 seconds
[2289.778s][info ][safepoint      ] Application time: 3.0002054 seconds
[2289.778s][info ][safepoint      ] Entering safepoint region: Cleanup
[2289.778s][info ][safepoint      ] Leaving safepoint region
[2289.778s][info ][safepoint      ] Total time for which application threads were stopped: 0.0000780 seconds, Stopping threads took: 0.0000174 seconds
[2291.178s][info ][safepoint      ] Application time: 1.3993706 seconds
[2291.178s][info ][safepoint      ] Entering safepoint region: ParallelGCFailedAllocation
[2291.178s][info ][gc,start       ] GC(279) Pause Young (Allocation Failure)
[2291.182s][debug][gc,phases      ] GC(279) Scavenge 4.096ms
[2291.182s][debug][gc,ref         ] GC(279) Skipped phase1 of Reference Processing due to unavailable references
[2291.182s][debug][gc,ref         ] GC(279) Skipped phase2 of Reference Processing due to unavailable references
[2291.182s][debug][gc,ref         ] GC(279) Skipped phase3 of Reference Processing due to unavailable references
[2291.182s][debug][gc,ref         ] GC(279) Skipped phase4 of Reference Processing due to unavailable references
[2291.182s][debug][gc,phases      ] GC(279) Reference Processing 0.038ms
[2291.182s][debug][gc,phases      ] GC(279) Weak Processing 0.193ms
[2291.183s][debug][gc,phases      ] GC(279) Scrub String Table 0.589ms
[2291.183s][debug][gc,age         ] GC(279) Desired survivor size 16252928 bytes, new threshold 15 (max threshold 15)
[2291.183s][info ][gc,heap        ] GC(279) PSYoungGen: 2068464K->5168K(2081280K)
[2291.183s][info ][gc,heap        ] GC(279) ParOldGen: 443320K->443416K(486400K)
[2291.183s][info ][gc,metaspace   ] GC(279) Metaspace: 76252K->76252K(1118208K)
[2291.183s][info ][gc             ] GC(279) Pause Young (Allocation Failure) 2452M->438M(2507M) 5.071ms
[2291.183s][info ][gc,cpu         ] GC(279) User=0.02s Sys=0.00s Real=0.00s
[2291.183s][info ][safepoint      ] Leaving safepoint region
[2291.183s][info ][safepoint      ] Total time for which application threads were stopped: 0.0052634 seconds, Stopping threads took: 0.0000396 seconds
[2295.183s][info ][safepoint      ] Application time: 4.0002612 seconds
[2295.183s][info ][safepoint      ] Entering safepoint region: Cleanup
[2295.183s][info ][safepoint      ] Leaving safepoint region
[2295.183s][info ][safepoint      ] Total time for which application threads were stopped: 0.0000749 seconds, Stopping threads took: 0.0000131 seconds
[2299.184s][info ][safepoint      ] Application time: 4.0002325 seconds
[2299.184s][info ][safepoint      ] Entering safepoint region: Cleanup
[2299.184s][info ][safepoint      ] Leaving safepoint region
[2299.184s][info ][safepoint      ] Total time for which application threads were stopped: 0.0000758 seconds, Stopping threads took: 0.0000159 seconds
[2300.518s][info ][safepoint      ] Application time: 1.3343576 seconds
[2300.518s][info ][safepoint      ] Entering safepoint region: ParallelGCFailedAllocation
[2300.518s][info ][gc,start       ] GC(280) Pause Young (Allocation Failure)
[2300.522s][debug][gc,phases      ] GC(280) Scavenge 3.884ms
[2300.522s][debug][gc,ref         ] GC(280) Skipped phase1 of Reference Processing due to unavailable references
[2300.522s][debug][gc,ref         ] GC(280) Skipped phase2 of Reference Processing due to unavailable references
[2300.522s][debug][gc,ref         ] GC(280) Skipped phase3 of Reference Processing due to unavailable references
[2300.522s][debug][gc,ref         ] GC(280) Skipped phase4 of Reference Processing due to unavailable references
[2300.522s][debug][gc,phases      ] GC(280) Reference Processing 0.034ms
[2300.522s][debug][gc,phases      ] GC(280) Weak Processing 0.140ms
[2300.523s][debug][gc,phases      ] GC(280) Scrub String Table 0.438ms
[2300.523s][debug][gc,age         ] GC(280) Desired survivor size 15728640 bytes, new threshold 15 (max threshold 15)
[2300.523s][info ][gc,heap        ] GC(280) PSYoungGen: 2070064K->5264K(2080768K)
[2300.523s][info ][gc,heap        ] GC(280) ParOldGen: 443416K->443528K(486400K)
[2300.523s][info ][gc,metaspace   ] GC(280) Metaspace: 76254K->76254K(1118208K)
[2300.523s][info ][gc             ] GC(280) Pause Young (Allocation Failure) 2454M->438M(2507M) 4.632ms
[2300.523s][info ][gc,cpu         ] GC(280) User=0.02s Sys=0.00s Real=0.00s
[2300.523s][info ][safepoint      ] Leaving safepoint region
[2300.523s][info ][safepoint      ] Total time for which application threads were stopped: 0.0047956 seconds, Stopping threads took: 0.0000132 seconds
[2309.870s][info ][safepoint      ] Application time: 9.3472174 seconds
[2309.870s][info ][safepoint      ] Entering safepoint region: ParallelGCFailedAllocation
[2309.870s][info ][gc,start       ] GC(281) Pause Young (Allocation Failure)
[2309.874s][debug][gc,phases      ] GC(281) Scavenge 4.024ms
[2309.874s][debug][gc,ref         ] GC(281) Skipped phase1 of Reference Processing due to unavailable references
[2309.874s][debug][gc,ref         ] GC(281) Skipped phase2 of Reference Processing due to unavailable references
[2309.874s][debug][gc,ref         ] GC(281) Skipped phase3 of Reference Processing due to unavailable references
[2309.874s][debug][gc,ref         ] GC(281) Skipped phase4 of Reference Processing due to unavailable references
[2309.874s][debug][gc,phases      ] GC(281) Reference Processing 0.028ms
[2309.874s][debug][gc,phases      ] GC(281) Weak Processing 0.134ms
[2309.875s][debug][gc,phases      ] GC(281) Scrub String Table 0.453ms
[2309.875s][debug][gc,age         ] GC(281) Desired survivor size 15204352 bytes, new threshold 15 (max threshold 15)
[2309.875s][info ][gc,heap        ] GC(281) PSYoungGen: 2070160K->5456K(2082304K)
[2309.875s][info ][gc,heap        ] GC(281) ParOldGen: 443528K->443616K(486400K)
[2309.875s][info ][gc,metaspace   ] GC(281) Metaspace: 76254K->76254K(1118208K)
[2309.875s][info ][gc             ] GC(281) Pause Young (Allocation Failure) 2454M->438M(2508M) 4.759ms
[2309.875s][info ][gc,cpu         ] GC(281) User=0.01s Sys=0.00s Real=0.00s
[2309.875s][info ][safepoint      ] Leaving safepoint region
[2309.875s][info ][safepoint      ] Total time for which application threads were stopped: 0.0049050 seconds, Stopping threads took: 0.0000133 seconds
[2310.875s][info ][safepoint      ] Application time: 1.0000863 seconds
[2310.875s][info ][safepoint      ] Entering safepoint region: Cleanup
[2310.875s][info ][safepoint      ] Leaving safepoint region
[2310.875s][info ][safepoint      ] Total time for which application threads were stopped: 0.0000669 seconds, Stopping threads took: 0.0000130 seconds
[2312.875s][info ][safepoint      ] Application time: 2.0001082 seconds
[2312.875s][info ][safepoint      ] Entering safepoint region: Cleanup
[2312.875s][info ][safepoint      ] Leaving safepoint region
[2312.875s][info ][safepoint      ] Total time for which application threads were stopped: 0.0000773 seconds, Stopping threads took: 0.0000115 seconds
[2319.148s][info ][safepoint      ] Application time: 6.2727374 seconds
[2319.148s][info ][safepoint      ] Entering safepoint region: ParallelGCFailedAllocation
[2319.148s][info ][gc,start       ] GC(282) Pause Young (Allocation Failure)
[2319.153s][debug][gc,phases      ] GC(282) Scavenge 4.249ms
[2319.153s][debug][gc,ref         ] GC(282) Skipped phase1 of Reference Processing due to unavailable references
[2319.153s][debug][gc,ref         ] GC(282) Skipped phase2 of Reference Processing due to unavailable references
[2319.153s][debug][gc,ref         ] GC(282) Skipped phase3 of Reference Processing due to unavailable references
[2319.153s][debug][gc,ref         ] GC(282) Skipped phase4 of Reference Processing due to unavailable references
[2319.153s][debug][gc,phases      ] GC(282) Reference Processing 0.029ms
[2319.153s][debug][gc,phases      ] GC(282) Weak Processing 0.151ms
[2319.153s][debug][gc,phases      ] GC(282) Scrub String Table 0.431ms
[2319.153s][debug][gc,age         ] GC(282) Desired survivor size 14680064 bytes, new threshold 15 (max threshold 15)
[2319.153s][info ][gc,heap        ] GC(282) PSYoungGen: 2072400K->5568K(2081792K)
[2319.153s][info ][gc,heap        ] GC(282) ParOldGen: 443616K->443696K(486400K)
[2319.153s][info ][gc,metaspace   ] GC(282) Metaspace: 76254K->76254K(1118208K)
[2319.153s][info ][gc             ] GC(282) Pause Young (Allocation Failure) 2457M->438M(2508M) 4.990ms
[2319.153s][info ][gc,cpu         ] GC(282) User=0.02s Sys=0.00s Real=0.01s
[2319.153s][info ][safepoint      ] Leaving safepoint region
[2319.153s][info ][safepoint      ] Total time for which application threads were stopped: 0.0051594 seconds, Stopping threads took: 0.0000411 seconds
[2327.531s][info ][safepoint      ] Application time: 8.3774809 seconds
[2327.531s][info ][safepoint      ] Entering safepoint region: RevokeBias
[2327.531s][info ][safepoint      ] Leaving safepoint region
[2327.531s][info ][safepoint      ] Total time for which application threads were stopped: 0.0001020 seconds, Stopping threads took: 0.0000094 seconds
[2327.566s][info ][safepoint      ] Application time: 0.0353095 seconds
[2327.566s][info ][safepoint      ] Entering safepoint region: RevokeBias
[2327.566s][info ][safepoint      ] Leaving safepoint region
[2327.566s][info ][safepoint      ] Total time for which application threads were stopped: 0.0001429 seconds, Stopping threads took: 0.0000597 seconds
[2327.567s][info ][safepoint      ] Application time: 0.0001194 seconds
[2327.567s][info ][safepoint      ] Entering safepoint region: RevokeBias
[2327.567s][info ][safepoint      ] Leaving safepoint region
[2327.567s][info ][safepoint      ] Total time for which application threads were stopped: 0.0000362 seconds, Stopping threads took: 0.0000044 seconds
[2327.567s][info ][safepoint      ] Application time: 0.0000244 seconds
[2327.567s][info ][safepoint      ] Entering safepoint region: BulkRevokeBias
[2327.567s][info ][safepoint      ] Leaving safepoint region
[2327.567s][info ][safepoint      ] Total time for which application threads were stopped: 0.0001419 seconds, Stopping threads took: 0.0000037 seconds
[2327.570s][info ][safepoint      ] Application time: 0.0037021 seconds
[2327.571s][info ][safepoint      ] Entering safepoint region: RevokeBias
[2327.571s][info ][safepoint      ] Leaving safepoint region
[2327.571s][info ][safepoint      ] Total time for which application threads were stopped: 0.0001307 seconds, Stopping threads took: 0.0000691 seconds
[2327.874s][info ][safepoint      ] Application time: 0.3032968 seconds
[2327.874s][info ][safepoint      ] Entering safepoint region: ParallelGCFailedAllocation
[2327.874s][info ][safepoint      ] Leaving safepoint region
[2327.874s][info ][safepoint      ] Total time for which application threads were stopped: 0.0001808 seconds, Stopping threads took: 0.0000319 seconds
[2327.874s][info ][safepoint      ] Application time: 0.0000295 seconds
[2327.874s][info ][safepoint      ] Entering safepoint region: ParallelGCSystemGC
[2327.874s][info ][gc,start       ] GC(283) Pause Young (GCLocker Initiated GC)
[2327.888s][debug][gc,phases      ] GC(283) Scavenge 13.319ms
[2327.888s][debug][gc,ref         ] GC(283) Skipped phase1 of Reference Processing due to unavailable references
[2327.888s][debug][gc,ref         ] GC(283) Skipped phase2 of Reference Processing due to unavailable references
[2327.888s][debug][gc,ref         ] GC(283) Skipped phase3 of Reference Processing due to unavailable references
[2327.888s][debug][gc,phases      ] GC(283) Reference Processing 0.035ms
[2327.888s][debug][gc,phases      ] GC(283) Weak Processing 0.165ms
[2327.888s][debug][gc,phases      ] GC(283) Scrub String Table 0.464ms
[2327.888s][debug][gc,age         ] GC(283) Desired survivor size 21495808 bytes, new threshold 14 (max threshold 15)
[2327.888s][info ][gc,heap        ] GC(283) PSYoungGen: 2072330K->14320K(2069504K)
[2327.888s][info ][gc,heap        ] GC(283) ParOldGen: 443952K->456272K(486400K)
[2327.888s][info ][gc,metaspace   ] GC(283) Metaspace: 76271K->76271K(1118208K)
[2327.888s][info ][gc             ] GC(283) Pause Young (GCLocker Initiated GC) 2457M->459M(2496M) 14.116ms
[2327.888s][info ][gc,cpu         ] GC(283) User=0.05s Sys=0.00s Real=0.01s
[2327.888s][info ][safepoint      ] Leaving safepoint region
[2327.888s][info ][safepoint      ] Total time for which application threads were stopped: 0.0142338 seconds, Stopping threads took: 0.0000289 seconds
[2328.889s][info ][safepoint      ] Application time: 1.0000693 seconds
[2328.889s][info ][safepoint      ] Entering safepoint region: Cleanup
[2328.889s][info ][safepoint      ] Leaving safepoint region
[2328.889s][info ][safepoint      ] Total time for which application threads were stopped: 0.0001360 seconds, Stopping threads took: 0.0000353 seconds
[2329.889s][info ][safepoint      ] Application time: 1.0000710 seconds
[2329.889s][info ][safepoint      ] Entering safepoint region: Cleanup
[2329.889s][info ][safepoint      ] Leaving safepoint region
[2329.889s][info ][safepoint      ] Total time for which application threads were stopped: 0.0001153 seconds, Stopping threads took: 0.0000436 seconds
[2330.889s][info ][safepoint      ] Application time: 1.0000750 seconds
[2330.889s][info ][safepoint      ] Entering safepoint region: Cleanup
[2330.889s][info ][safepoint      ] Leaving safepoint region
[2330.889s][info ][safepoint      ] Total time for which application threads were stopped: 0.0000646 seconds, Stopping threads took: 0.0000112 seconds
[2335.455s][info ][safepoint      ] Application time: 4.5661904 seconds
[2335.455s][info ][safepoint      ] Entering safepoint region: ParallelGCFailedAllocation
[2335.455s][info ][gc,start       ] GC(284) Pause Young (Allocation Failure)
[2335.466s][debug][gc,phases      ] GC(284) Scavenge 10.374ms
[2335.466s][debug][gc,ref         ] GC(284) Skipped phase1 of Reference Processing due to unavailable references
[2335.466s][debug][gc,ref         ] GC(284) Skipped phase2 of Reference Processing due to unavailable references
[2335.466s][debug][gc,ref         ] GC(284) Skipped phase3 of Reference Processing due to unavailable references
[2335.466s][debug][gc,phases      ] GC(284) Reference Processing 0.028ms
[2335.466s][debug][gc,phases      ] GC(284) Weak Processing 0.130ms
[2335.466s][debug][gc,phases      ] GC(284) Scrub String Table 0.443ms
[2335.466s][debug][gc,age         ] GC(284) Desired survivor size 23592960 bytes, new threshold 15 (max threshold 15)
[2335.466s][info ][gc,heap        ] GC(284) PSYoungGen: 2069488K->17728K(2073088K)
[2335.466s][info ][gc,heap        ] GC(284) ParOldGen: 456274K->456322K(486400K)
[2335.466s][info ][gc,metaspace   ] GC(284) Metaspace: 76285K->76285K(1118208K)
[2335.467s][info ][gc             ] GC(284) Pause Young (Allocation Failure) 2466M->462M(2499M) 11.084ms
[2335.467s][info ][gc,cpu         ] GC(284) User=0.04s Sys=0.00s Real=0.01s
[2335.467s][info ][safepoint      ] Leaving safepoint region
[2335.467s][info ][safepoint      ] Total time for which application threads were stopped: 0.0112587 seconds, Stopping threads took: 0.0000130 seconds
[2336.467s][info ][safepoint      ] Application time: 1.0000855 seconds
[2336.467s][info ][safepoint      ] Entering safepoint region: Cleanup
[2336.467s][info ][safepoint      ] Leaving safepoint region
[2336.467s][info ][safepoint      ] Total time for which application threads were stopped: 0.0001147 seconds, Stopping threads took: 0.0000416 seconds
[2344.149s][info ][safepoint      ] Application time: 7.6820157 seconds
[2344.149s][info ][safepoint      ] Entering safepoint region: ParallelGCFailedAllocation
[2344.149s][info ][gc,start       ] GC(285) Pause Young (Allocation Failure)
[2344.157s][debug][gc,phases      ] GC(285) Scavenge 7.639ms
[2344.157s][debug][gc,ref         ] GC(285) Skipped phase1 of Reference Processing due to unavailable references
[2344.157s][debug][gc,ref         ] GC(285) Skipped phase2 of Reference Processing due to unavailable references
[2344.157s][debug][gc,ref         ] GC(285) Skipped phase3 of Reference Processing due to unavailable references
[2344.157s][debug][gc,phases      ] GC(285) Reference Processing 0.072ms
[2344.157s][debug][gc,phases      ] GC(285) Weak Processing 0.171ms
[2344.158s][debug][gc,phases      ] GC(285) Scrub String Table 0.560ms
[2344.158s][debug][gc,age         ] GC(285) Desired survivor size 25690112 bytes, new threshold 15 (max threshold 15)
[2344.158s][info ][gc,heap        ] GC(285) PSYoungGen: 2072896K->18528K(2070016K)
[2344.158s][info ][gc,heap        ] GC(285) ParOldGen: 456322K->456322K(486400K)
[2344.158s][info ][gc,metaspace   ] GC(285) Metaspace: 76285K->76285K(1118208K)
[2344.158s][info ][gc             ] GC(285) Pause Young (Allocation Failure) 2469M->463M(2496M) 8.596ms
[2344.158s][info ][gc,cpu         ] GC(285) User=0.03s Sys=0.00s Real=0.01s
[2344.158s][info ][safepoint      ] Leaving safepoint region
[2344.158s][info ][safepoint      ] Total time for which application threads were stopped: 0.0088056 seconds, Stopping threads took: 0.0000540 seconds
[2352.866s][info ][safepoint      ] Application time: 8.7079747 seconds
[2352.866s][info ][safepoint      ] Entering safepoint region: ParallelGCFailedAllocation
[2352.866s][info ][gc,start       ] GC(286) Pause Young (Allocation Failure)
[2352.874s][debug][gc,phases      ] GC(286) Scavenge 7.678ms
[2352.874s][debug][gc,ref         ] GC(286) Skipped phase1 of Reference Processing due to unavailable references
[2352.874s][debug][gc,ref         ] GC(286) Skipped phase2 of Reference Processing due to unavailable references
[2352.874s][debug][gc,ref         ] GC(286) Skipped phase3 of Reference Processing due to unavailable references
[2352.874s][debug][gc,phases      ] GC(286) Reference Processing 0.030ms
[2352.874s][debug][gc,phases      ] GC(286) Weak Processing 0.139ms
[2352.874s][debug][gc,phases      ] GC(286) Scrub String Table 0.453ms
[2352.874s][debug][gc,age         ] GC(286) Desired survivor size 27262976 bytes, new threshold 15 (max threshold 15)
[2352.874s][info ][gc,heap        ] GC(286) PSYoungGen: 2065504K->18768K(2065920K)
[2352.874s][info ][gc,heap        ] GC(286) ParOldGen: 456322K->456370K(486400K)
[2352.874s][info ][gc,metaspace   ] GC(286) Metaspace: 76285K->76285K(1118208K)
[2352.874s][info ][gc             ] GC(286) Pause Young (Allocation Failure) 2462M->464M(2492M) 8.434ms
[2352.874s][info ][gc,cpu         ] GC(286) User=0.03s Sys=0.00s Real=0.01s
[2352.874s][info ][safepoint      ] Leaving safepoint region
[2352.874s][info ][safepoint      ] Total time for which application threads were stopped: 0.0085898 seconds, Stopping threads took: 0.0000131 seconds
[2361.599s][info ][safepoint      ] Application time: 8.7245234 seconds
[2361.599s][info ][safepoint      ] Entering safepoint region: ParallelGCFailedAllocation
[2361.599s][info ][gc,start       ] GC(287) Pause Young (Allocation Failure)
[2361.607s][debug][gc,phases      ] GC(287) Scavenge 8.249ms
[2361.607s][debug][gc,ref         ] GC(287) Skipped phase1 of Reference Processing due to unavailable references
[2361.607s][debug][gc,ref         ] GC(287) Skipped phase2 of Reference Processing due to unavailable references
[2361.607s][debug][gc,ref         ] GC(287) Skipped phase3 of Reference Processing due to unavailable references
[2361.607s][debug][gc,phases      ] GC(287) Reference Processing 0.063ms
[2361.608s][debug][gc,phases      ] GC(287) Weak Processing 0.138ms
[2361.608s][debug][gc,phases      ] GC(287) Scrub String Table 0.439ms
[2361.608s][debug][gc,age         ] GC(287) Desired survivor size 28835840 bytes, new threshold 15 (max threshold 15)
[2361.608s][info ][gc,heap        ] GC(287) PSYoungGen: 2065744K->19488K(2067456K)
[2361.608s][info ][gc,heap        ] GC(287) ParOldGen: 456370K->456386K(486400K)
[2361.608s][info ][gc,metaspace   ] GC(287) Metaspace: 76285K->76285K(1118208K)
[2361.608s][info ][gc             ] GC(287) Pause Young (Allocation Failure) 2463M->464M(2494M) 9.023ms
[2361.608s][info ][gc,cpu         ] GC(287) User=0.03s Sys=0.00s Real=0.00s
[2361.608s][info ][safepoint      ] Leaving safepoint region
[2361.608s][info ][safepoint      ] Total time for which application threads were stopped: 0.0092301 seconds, Stopping threads took: 0.0000525 seconds
[2370.149s][info ][safepoint      ] Application time: 8.5407119 seconds
[2370.149s][info ][safepoint      ] Entering safepoint region: ParallelGCFailedAllocation
[2370.149s][info ][gc,start       ] GC(288) Pause Young (Allocation Failure)
[2370.157s][debug][gc,phases      ] GC(288) Scavenge 7.711ms
[2370.157s][debug][gc,ref         ] GC(288) Skipped phase1 of Reference Processing due to unavailable references
[2370.157s][debug][gc,ref         ] GC(288) Skipped phase2 of Reference Processing due to unavailable references
[2370.157s][debug][gc,ref         ] GC(288) Skipped phase3 of Reference Processing due to unavailable references
[2370.157s][debug][gc,phases      ] GC(288) Reference Processing 0.055ms
[2370.157s][debug][gc,phases      ] GC(288) Weak Processing 0.136ms
[2370.157s][debug][gc,phases      ] GC(288) Scrub String Table 0.462ms
[2370.157s][debug][gc,age         ] GC(288) Desired survivor size 30408704 bytes, new threshold 15 (max threshold 15)
[2370.157s][info ][gc,heap        ] GC(288) PSYoungGen: 2060320K->20048K(2061312K)
[2370.157s][info ][gc,heap        ] GC(288) ParOldGen: 456386K->456418K(486400K)
[2370.157s][info ][gc,metaspace   ] GC(288) Metaspace: 76285K->76285K(1118208K)
[2370.157s][info ][gc             ] GC(288) Pause Young (Allocation Failure) 2457M->465M(2488M) 8.504ms
[2370.158s][info ][gc,cpu         ] GC(288) User=0.04s Sys=0.00s Real=0.01s
[2370.158s][info ][safepoint      ] Leaving safepoint region
[2370.158s][info ][safepoint      ] Total time for which application threads were stopped: 0.0086822 seconds, Stopping threads took: 0.0000344 seconds
[2378.158s][info ][safepoint      ] Application time: 8.0006004 seconds
[2378.158s][info ][safepoint      ] Entering safepoint region: Cleanup
[2378.158s][info ][safepoint      ] Leaving safepoint region
[2378.158s][info ][safepoint      ] Total time for which application threads were stopped: 0.0001198 seconds, Stopping threads took: 0.0000366 seconds
[2378.900s][info ][safepoint      ] Application time: 0.7412620 seconds
[2378.900s][info ][safepoint      ] Entering safepoint region: ParallelGCFailedAllocation
[2378.900s][info ][gc,start       ] GC(289) Pause Young (Allocation Failure)
[2378.908s][debug][gc,phases      ] GC(289) Scavenge 8.168ms
[2378.908s][debug][gc,ref         ] GC(289) Skipped phase1 of Reference Processing due to unavailable references
[2378.908s][debug][gc,ref         ] GC(289) Skipped phase2 of Reference Processing due to unavailable references
[2378.908s][debug][gc,ref         ] GC(289) Skipped phase3 of Reference Processing due to unavailable references
[2378.908s][debug][gc,phases      ] GC(289) Reference Processing 0.032ms
[2378.908s][debug][gc,phases      ] GC(289) Weak Processing 0.139ms
[2378.909s][debug][gc,phases      ] GC(289) Scrub String Table 0.453ms
[2378.909s][debug][gc,age         ] GC(289) Desired survivor size 30932992 bytes, new threshold 15 (max threshold 15)
[2378.909s][info ][gc,heap        ] GC(289) PSYoungGen: 2060880K->19648K(2066432K)
[2378.909s][info ][gc,heap        ] GC(289) ParOldGen: 456418K->456434K(486400K)
[2378.909s][info ][gc,metaspace   ] GC(289) Metaspace: 76286K->76286K(1118208K)
[2378.909s][info ][gc             ] GC(289) Pause Young (Allocation Failure) 2458M->464M(2493M) 8.933ms
[2378.909s][info ][gc,cpu         ] GC(289) User=0.03s Sys=0.00s Real=0.00s
[2378.909s][info ][safepoint      ] Leaving safepoint region
[2378.909s][info ][safepoint      ] Total time for which application threads were stopped: 0.0091022 seconds, Stopping threads took: 0.0000386 seconds
[2381.909s][info ][safepoint      ] Application time: 3.0002518 seconds
[2381.909s][info ][safepoint      ] Entering safepoint region: Cleanup
[2381.909s][info ][safepoint      ] Leaving safepoint region
[2381.909s][info ][safepoint      ] Total time for which application threads were stopped: 0.0001181 seconds, Stopping threads took: 0.0000514 seconds
[2387.673s][info ][safepoint      ] Application time: 5.7633966 seconds
[2387.673s][info ][safepoint      ] Entering safepoint region: ParallelGCFailedAllocation
[2387.673s][info ][gc,start       ] GC(290) Pause Young (Allocation Failure)
[2387.681s][debug][gc,phases      ] GC(290) Scavenge 7.967ms
[2387.681s][debug][gc,ref         ] GC(290) Skipped phase1 of Reference Processing due to unavailable references
[2387.681s][debug][gc,ref         ] GC(290) Skipped phase2 of Reference Processing due to unavailable references
[2387.681s][debug][gc,ref         ] GC(290) Skipped phase3 of Reference Processing due to unavailable references
[2387.681s][debug][gc,phases      ] GC(290) Reference Processing 0.033ms
[2387.681s][debug][gc,phases      ] GC(290) Weak Processing 0.165ms
[2387.681s][debug][gc,phases      ] GC(290) Scrub String Table 0.470ms
[2387.681s][debug][gc,age         ] GC(290) Desired survivor size 31981568 bytes, new threshold 15 (max threshold 15)
[2387.681s][info ][gc,heap        ] GC(290) PSYoungGen: 2056384K->19920K(2056704K)
[2387.681s][info ][gc,heap        ] GC(290) ParOldGen: 456434K->456450K(486400K)
[2387.681s][info ][gc,metaspace   ] GC(290) Metaspace: 76286K->76286K(1118208K)
[2387.681s][info ][gc             ] GC(290) Pause Young (Allocation Failure) 2453M->465M(2483M) 8.783ms
[2387.681s][info ][gc,cpu         ] GC(290) User=0.03s Sys=0.00s Real=0.01s
[2387.682s][info ][safepoint      ] Leaving safepoint region
[2387.682s][info ][safepoint      ] Total time for which application threads were stopped: 0.0089486 seconds, Stopping threads took: 0.0000189 seconds
[2389.560s][info ][safepoint      ] Application time: 1.8788257 seconds
[2389.560s][info ][safepoint      ] Entering safepoint region: RevokeBias
[2389.560s][info ][safepoint      ] Leaving safepoint region
[2389.560s][info ][safepoint      ] Total time for which application threads were stopped: 0.0001212 seconds, Stopping threads took: 0.0000470 seconds
[2391.561s][info ][safepoint      ] Application time: 2.0001463 seconds
[2391.561s][info ][safepoint      ] Entering safepoint region: Cleanup
[2391.561s][info ][safepoint      ] Leaving safepoint region
[2391.561s][info ][safepoint      ] Total time for which application threads were stopped: 0.0001079 seconds, Stopping threads took: 0.0000351 seconds
[2396.399s][info ][safepoint      ] Application time: 4.8384567 seconds
[2396.399s][info ][safepoint      ] Entering safepoint region: ParallelGCFailedAllocation
[2396.399s][info ][gc,start       ] GC(291) Pause Young (Allocation Failure)
[2396.408s][debug][gc,phases      ] GC(291) Scavenge 8.299ms
[2396.408s][debug][gc,ref         ] GC(291) Skipped phase1 of Reference Processing due to unavailable references
[2396.408s][debug][gc,ref         ] GC(291) Skipped phase2 of Reference Processing due to unavailable references
[2396.408s][debug][gc,ref         ] GC(291) Skipped phase3 of Reference Processing due to unavailable references
[2396.408s][debug][gc,phases      ] GC(291) Reference Processing 0.030ms
[2396.408s][debug][gc,phases      ] GC(291) Weak Processing 0.143ms
[2396.408s][debug][gc,phases      ] GC(291) Scrub String Table 0.450ms
[2396.408s][debug][gc,age         ] GC(291) Desired survivor size 31981568 bytes, new threshold 15 (max threshold 15)
[2396.408s][info ][gc,heap        ] GC(291) PSYoungGen: 2056656K->19952K(2065920K)
[2396.408s][info ][gc,heap        ] GC(291) ParOldGen: 456450K->456490K(486400K)
[2396.408s][info ][gc,metaspace   ] GC(291) Metaspace: 76286K->76286K(1118208K)
[2396.409s][info ][gc             ] GC(291) Pause Young (Allocation Failure) 2454M->465M(2492M) 9.059ms
[2396.409s][info ][gc,cpu         ] GC(291) User=0.03s Sys=0.00s Real=0.00s
[2396.409s][info ][safepoint      ] Leaving safepoint region
[2396.409s][info ][safepoint      ] Total time for which application threads were stopped: 0.0092501 seconds, Stopping threads took: 0.0000278 seconds
[2399.347s][info ][safepoint      ] Application time: 2.9384688 seconds
[2399.347s][info ][safepoint      ] Entering safepoint region: RevokeBias
[2399.347s][info ][safepoint      ] Leaving safepoint region
[2399.347s][info ][safepoint      ] Total time for which application threads were stopped: 0.0001120 seconds, Stopping threads took: 0.0000324 seconds
[2400.347s][info ][safepoint      ] Application time: 1.0000802 seconds
[2400.347s][info ][safepoint      ] Entering safepoint region: Cleanup
[2400.347s][info ][safepoint      ] Leaving safepoint region
[2400.347s][info ][safepoint      ] Total time for which application threads were stopped: 0.0001422 seconds, Stopping threads took: 0.0000751 seconds
[2405.018s][info ][safepoint      ] Application time: 4.6708908 seconds
[2405.018s][info ][safepoint      ] Entering safepoint region: ParallelGCFailedAllocation
[2405.019s][info ][gc,start       ] GC(292) Pause Young (Allocation Failure)
[2405.027s][debug][gc,phases      ] GC(292) Scavenge 8.114ms
[2405.027s][debug][gc,ref         ] GC(292) Skipped phase1 of Reference Processing due to unavailable references
[2405.027s][debug][gc,ref         ] GC(292) Skipped phase2 of Reference Processing due to unavailable references
[2405.027s][debug][gc,ref         ] GC(292) Skipped phase3 of Reference Processing due to unavailable references
[2405.027s][debug][gc,phases      ] GC(292) Reference Processing 0.029ms
[2405.027s][debug][gc,phases      ] GC(292) Weak Processing 0.144ms
[2405.027s][debug][gc,phases      ] GC(292) Scrub String Table 0.434ms
[2405.027s][debug][gc,age         ] GC(292) Desired survivor size 32505856 bytes, new threshold 15 (max threshold 15)
[2405.027s][info ][gc,heap        ] GC(292) PSYoungGen: 2054640K->20240K(2055168K)
[2405.027s][info ][gc,heap        ] GC(292) ParOldGen: 456490K->456530K(486400K)
[2405.027s][info ][gc,metaspace   ] GC(292) Metaspace: 76287K->76287K(1118208K)
[2405.027s][info ][gc             ] GC(292) Pause Young (Allocation Failure) 2452M->465M(2482M) 8.854ms
[2405.027s][info ][gc,cpu         ] GC(292) User=0.03s Sys=0.00s Real=0.00s
[2405.027s][info ][safepoint      ] Leaving safepoint region
[2405.027s][info ][safepoint      ] Total time for which application threads were stopped: 0.0090419 seconds, Stopping threads took: 0.0000336 seconds
[2413.750s][info ][safepoint      ] Application time: 8.7223180 seconds
[2413.750s][info ][safepoint      ] Entering safepoint region: ParallelGCFailedAllocation
[2413.750s][info ][gc,start       ] GC(293) Pause Young (Allocation Failure)
[2413.763s][debug][gc,phases      ] GC(293) Scavenge 13.001ms
[2413.763s][debug][gc,ref         ] GC(293) Skipped phase1 of Reference Processing due to unavailable references
[2413.763s][debug][gc,ref         ] GC(293) Skipped phase2 of Reference Processing due to unavailable references
[2413.763s][debug][gc,ref         ] GC(293) Skipped phase3 of Reference Processing due to unavailable references
[2413.763s][debug][gc,phases      ] GC(293) Reference Processing 0.039ms
[2413.763s][debug][gc,phases      ] GC(293) Weak Processing 0.196ms
[2413.764s][debug][gc,phases      ] GC(293) Scrub String Table 0.541ms
[2413.764s][debug][gc,age         ] GC(293) Desired survivor size 32505856 bytes, new threshold 15 (max threshold 15)
[2413.764s][info ][gc,heap        ] GC(293) PSYoungGen: 2054928K->20128K(2065408K)
[2413.764s][info ][gc,heap        ] GC(293) ParOldGen: 456530K->456610K(486400K)
[2413.764s][info ][gc,metaspace   ] GC(293) Metaspace: 76287K->76287K(1118208K)
[2413.764s][info ][gc             ] GC(293) Pause Young (Allocation Failure) 2452M->465M(2492M) 13.920ms
[2413.764s][info ][gc,cpu         ] GC(293) User=0.04s Sys=0.00s Real=0.01s
[2413.764s][info ][safepoint      ] Leaving safepoint region
[2413.764s][info ][safepoint      ] Total time for which application threads were stopped: 0.0141240 seconds, Stopping threads took: 0.0000495 seconds
[2417.765s][info ][safepoint      ] Application time: 4.0011435 seconds
[2417.765s][info ][safepoint      ] Entering safepoint region: Cleanup
[2417.765s][info ][safepoint      ] Leaving safepoint region
[2417.765s][info ][safepoint      ] Total time for which application threads were stopped: 0.0001591 seconds, Stopping threads took: 0.0000691 seconds
[2421.750s][info ][safepoint      ] Application time: 3.9848189 seconds
[2421.750s][info ][safepoint      ] Entering safepoint region: ParallelGCFailedAllocation
[2421.750s][info ][gc,start       ] GC(294) Pause Young (Allocation Failure)
[2421.765s][debug][gc,phases      ] GC(294) Scavenge 14.660ms
[2421.765s][debug][gc,ref         ] GC(294) Skipped phase1 of Reference Processing due to unavailable references
[2421.765s][debug][gc,ref         ] GC(294) Skipped phase2 of Reference Processing due to unavailable references
[2421.765s][debug][gc,ref         ] GC(294) Skipped phase3 of Reference Processing due to unavailable references
[2421.765s][debug][gc,phases      ] GC(294) Reference Processing 0.039ms
[2421.765s][debug][gc,phases      ] GC(294) Weak Processing 0.183ms
[2421.766s][debug][gc,phases      ] GC(294) Scrub String Table 1.217ms
[2421.766s][debug][gc,age         ] GC(294) Desired survivor size 32505856 bytes, new threshold 15 (max threshold 15)
[2421.766s][info ][gc,heap        ] GC(294) PSYoungGen: 2053792K->20128K(2065408K)
[2421.766s][info ][gc,heap        ] GC(294) ParOldGen: 456610K->456682K(486400K)
[2421.766s][info ][gc,metaspace   ] GC(294) Metaspace: 76295K->76295K(1118208K)
[2421.766s][info ][gc             ] GC(294) Pause Young (Allocation Failure) 2451M->465M(2492M) 16.239ms
[2421.766s][info ][gc,cpu         ] GC(294) User=0.03s Sys=0.00s Real=0.01s
[2421.767s][info ][safepoint      ] Leaving safepoint region
[2421.767s][info ][safepoint      ] Total time for which application threads were stopped: 0.0164442 seconds, Stopping threads took: 0.0000453 seconds
[2430.449s][info ][safepoint      ] Application time: 8.6824939 seconds
[2430.449s][info ][safepoint      ] Entering safepoint region: ParallelGCFailedAllocation
[2430.449s][info ][gc,start       ] GC(295) Pause Young (Allocation Failure)
[2430.457s][debug][gc,phases      ] GC(295) Scavenge 8.198ms
[2430.458s][debug][gc,ref         ] GC(295) Skipped phase1 of Reference Processing due to unavailable references
[2430.458s][debug][gc,ref         ] GC(295) Skipped phase2 of Reference Processing due to unavailable references
[2430.458s][debug][gc,ref         ] GC(295) Skipped phase3 of Reference Processing due to unavailable references
[2430.458s][debug][gc,phases      ] GC(295) Reference Processing 0.034ms
[2430.458s][debug][gc,phases      ] GC(295) Weak Processing 0.166ms
[2430.458s][debug][gc,phases      ] GC(295) Scrub String Table 0.457ms
[2430.458s][debug][gc,age         ] GC(295) Desired survivor size 32505856 bytes, new threshold 15 (max threshold 15)
[2430.458s][info ][gc,heap        ] GC(295) PSYoungGen: 2053792K->20192K(2065408K)
[2430.458s][info ][gc,heap        ] GC(295) ParOldGen: 456682K->456754K(486400K)
[2430.458s][info ][gc,metaspace   ] GC(295) Metaspace: 76295K->76295K(1118208K)
[2430.458s][info ][gc             ] GC(295) Pause Young (Allocation Failure) 2451M->465M(2492M) 9.012ms
[2430.458s][info ][gc,cpu         ] GC(295) User=0.03s Sys=0.01s Real=0.01s
[2430.458s][info ][safepoint      ] Leaving safepoint region
[2430.458s][info ][safepoint      ] Total time for which application threads were stopped: 0.0092709 seconds, Stopping threads took: 0.0000874 seconds
[2436.459s][info ][safepoint      ] Application time: 6.0004753 seconds
[2436.459s][info ][safepoint      ] Entering safepoint region: Cleanup
[2436.459s][info ][safepoint      ] Leaving safepoint region
[2436.459s][info ][safepoint      ] Total time for which application threads were stopped: 0.0001290 seconds, Stopping threads took: 0.0000598 seconds
[2439.149s][info ][safepoint      ] Application time: 2.6904165 seconds
[2439.149s][info ][safepoint      ] Entering safepoint region: ParallelGCFailedAllocation
[2439.150s][info ][gc,start       ] GC(296) Pause Young (Allocation Failure)
[2439.158s][debug][gc,phases      ] GC(296) Scavenge 7.933ms
[2439.158s][debug][gc,ref         ] GC(296) Skipped phase1 of Reference Processing due to unavailable references
[2439.158s][debug][gc,ref         ] GC(296) Skipped phase2 of Reference Processing due to unavailable references
[2439.158s][debug][gc,ref         ] GC(296) Skipped phase3 of Reference Processing due to unavailable references
[2439.158s][debug][gc,phases      ] GC(296) Reference Processing 0.028ms
[2439.158s][debug][gc,phases      ] GC(296) Weak Processing 0.134ms
[2439.158s][debug][gc,phases      ] GC(296) Scrub String Table 0.426ms
[2439.158s][debug][gc,age         ] GC(296) Desired survivor size 32505856 bytes, new threshold 15 (max threshold 15)
[2439.158s][info ][gc,heap        ] GC(296) PSYoungGen: 2053856K->20192K(2065408K)
[2439.158s][info ][gc,heap        ] GC(296) ParOldGen: 456754K->456810K(486400K)
[2439.158s][info ][gc,metaspace   ] GC(296) Metaspace: 76295K->76295K(1118208K)
[2439.158s][info ][gc             ] GC(296) Pause Young (Allocation Failure) 2451M->465M(2492M) 8.649ms
[2439.158s][info ][gc,cpu         ] GC(296) User=0.04s Sys=0.00s Real=0.01s
[2439.158s][info ][safepoint      ] Leaving safepoint region
[2439.158s][info ][safepoint      ] Total time for which application threads were stopped: 0.0088229 seconds, Stopping threads took: 0.0000324 seconds
[2443.159s][info ][safepoint      ] Application time: 4.0002794 seconds
[2443.159s][info ][safepoint      ] Entering safepoint region: Cleanup
[2443.159s][info ][safepoint      ] Leaving safepoint region
[2443.159s][info ][safepoint      ] Total time for which application threads were stopped: 0.0001047 seconds, Stopping threads took: 0.0000365 seconds
[2447.765s][info ][safepoint      ] Application time: 4.6065540 seconds
[2447.765s][info ][safepoint      ] Entering safepoint region: ParallelGCFailedAllocation
[2447.765s][info ][gc,start       ] GC(297) Pause Young (Allocation Failure)
[2447.774s][debug][gc,phases      ] GC(297) Scavenge 8.989ms
[2447.774s][debug][gc,ref         ] GC(297) Skipped phase1 of Reference Processing due to unavailable references
[2447.774s][debug][gc,ref         ] GC(297) Skipped phase2 of Reference Processing due to unavailable references
[2447.774s][debug][gc,ref         ] GC(297) Skipped phase3 of Reference Processing due to unavailable references
[2447.774s][debug][gc,phases      ] GC(297) Reference Processing 0.029ms
[2447.775s][debug][gc,phases      ] GC(297) Weak Processing 0.135ms
[2447.775s][debug][gc,phases      ] GC(297) Scrub String Table 0.465ms
[2447.775s][debug][gc,age         ] GC(297) Desired survivor size 31981568 bytes, new threshold 15 (max threshold 15)
[2447.775s][info ][gc,heap        ] GC(297) PSYoungGen: 2053856K->20128K(2065920K)
[2447.775s][info ][gc,heap        ] GC(297) ParOldGen: 456810K->456946K(486400K)
[2447.775s][info ][gc,metaspace   ] GC(297) Metaspace: 76298K->76298K(1118208K)
[2447.775s][info ][gc             ] GC(297) Pause Young (Allocation Failure) 2451M->465M(2492M) 9.746ms
[2447.775s][info ][gc,cpu         ] GC(297) User=0.04s Sys=0.00s Real=0.01s
[2447.775s][info ][safepoint      ] Leaving safepoint region
[2447.775s][info ][safepoint      ] Total time for which application threads were stopped: 0.0099058 seconds, Stopping threads took: 0.0000189 seconds
[2456.700s][info ][safepoint      ] Application time: 8.9246637 seconds
[2456.700s][info ][safepoint      ] Entering safepoint region: ParallelGCFailedAllocation
[2456.700s][info ][gc,start       ] GC(298) Pause Young (Allocation Failure)
[2456.722s][debug][gc,phases      ] GC(298) Scavenge 21.320ms
[2456.722s][debug][gc,ref         ] GC(298) Skipped phase1 of Reference Processing due to unavailable references
[2456.722s][debug][gc,ref         ] GC(298) Skipped phase2 of Reference Processing due to unavailable references
[2456.722s][debug][gc,ref         ] GC(298) Skipped phase3 of Reference Processing due to unavailable references
[2456.722s][debug][gc,phases      ] GC(298) Reference Processing 0.037ms
[2456.722s][debug][gc,phases      ] GC(298) Weak Processing 0.239ms
[2456.722s][debug][gc,phases      ] GC(298) Scrub String Table 0.573ms
[2456.722s][debug][gc,age         ] GC(298) Desired survivor size 31981568 bytes, new threshold 15 (max threshold 15)
[2456.722s][info ][gc,heap        ] GC(298) PSYoungGen: 2054304K->8448K(2065408K)
[2456.723s][info ][gc,heap        ] GC(298) ParOldGen: 456946K->469405K(486400K)
[2456.723s][info ][gc,metaspace   ] GC(298) Metaspace: 76310K->76310K(1118208K)
[2456.723s][info ][gc             ] GC(298) Pause Young (Allocation Failure) 2452M->466M(2492M) 22.393ms
[2456.723s][info ][gc,cpu         ] GC(298) User=0.03s Sys=0.03s Real=0.02s
[2456.723s][info ][safepoint      ] Leaving safepoint region
[2456.723s][info ][safepoint      ] Total time for which application threads were stopped: 0.0226983 seconds, Stopping threads took: 0.0001132 seconds
[2462.723s][info ][safepoint      ] Application time: 6.0004855 seconds
[2462.723s][info ][safepoint      ] Entering safepoint region: Cleanup
[2462.723s][info ][safepoint      ] Leaving safepoint region
[2462.723s][info ][safepoint      ] Total time for which application threads were stopped: 0.0001031 seconds, Stopping threads took: 0.0000344 seconds
[2463.723s][info ][safepoint      ] Application time: 1.0000787 seconds
[2463.723s][info ][safepoint      ] Entering safepoint region: Cleanup
[2463.723s][info ][safepoint      ] Leaving safepoint region
[2463.723s][info ][safepoint      ] Total time for which application threads were stopped: 0.0001309 seconds, Stopping threads took: 0.0000430 seconds
[2465.524s][info ][safepoint      ] Application time: 1.8001331 seconds
[2465.524s][info ][safepoint      ] Entering safepoint region: ParallelGCFailedAllocation
[2465.524s][info ][gc,start       ] GC(299) Pause Young (Allocation Failure)
[2465.530s][debug][gc,phases      ] GC(299) Scavenge 5.737ms
[2465.530s][debug][gc,ref         ] GC(299) Skipped phase1 of Reference Processing due to unavailable references
[2465.530s][debug][gc,ref         ] GC(299) Skipped phase3 of Reference Processing due to unavailable references
[2465.530s][debug][gc,phases      ] GC(299) Reference Processing 0.027ms
[2465.530s][debug][gc,phases      ] GC(299) Weak Processing 0.136ms
[2465.530s][debug][gc,phases      ] GC(299) Scrub String Table 0.426ms
[2465.530s][debug][gc,age         ] GC(299) Desired survivor size 32505856 bytes, new threshold 15 (max threshold 15)
[2465.530s][info ][gc,heap        ] GC(299) PSYoungGen: 2042624K->6640K(2064896K)
[2465.530s][info ][gc,heap        ] GC(299) ParOldGen: 469405K->471422K(486400K)
[2465.530s][info ][gc,metaspace   ] GC(299) Metaspace: 76314K->76314K(1118208K)
[2465.530s][info ][gc             ] GC(299) Pause Young (Allocation Failure) 2453M->466M(2491M) 6.444ms
[2465.530s][info ][gc,cpu         ] GC(299) User=0.02s Sys=0.01s Real=0.01s
[2465.530s][info ][safepoint      ] Leaving safepoint region
[2465.530s][info ][safepoint      ] Total time for which application threads were stopped: 0.0066077 seconds, Stopping threads took: 0.0000263 seconds
[2468.530s][info ][safepoint      ] Application time: 3.0001760 seconds
[2468.530s][info ][safepoint      ] Entering safepoint region: Cleanup
[2468.531s][info ][safepoint      ] Leaving safepoint region
[2468.531s][info ][safepoint      ] Total time for which application threads were stopped: 0.0001468 seconds, Stopping threads took: 0.0000332 seconds
[2469.531s][info ][safepoint      ] Application time: 1.0000741 seconds
[2469.531s][info ][safepoint      ] Entering safepoint region: Cleanup
[2469.531s][info ][safepoint      ] Leaving safepoint region
[2469.531s][info ][safepoint      ] Total time for which application threads were stopped: 0.0001235 seconds, Stopping threads took: 0.0000355 seconds
[2470.531s][info ][safepoint      ] Application time: 1.0000793 seconds
[2470.531s][info ][safepoint      ] Entering safepoint region: Cleanup
[2470.531s][info ][safepoint      ] Leaving safepoint region
[2470.531s][info ][safepoint      ] Total time for which application threads were stopped: 0.0000786 seconds, Stopping threads took: 0.0000126 seconds
[2471.531s][info ][safepoint      ] Application time: 1.0000792 seconds
[2471.531s][info ][safepoint      ] Entering safepoint region: Cleanup
[2471.531s][info ][safepoint      ] Leaving safepoint region
[2471.531s][info ][safepoint      ] Total time for which application threads were stopped: 0.0000851 seconds, Stopping threads took: 0.0000136 seconds
[2474.400s][info ][safepoint      ] Application time: 2.8683869 seconds
[2474.400s][info ][safepoint      ] Entering safepoint region: ParallelGCFailedAllocation
[2474.400s][info ][gc,start       ] GC(300) Pause Young (Allocation Failure)
[2474.405s][debug][gc,phases      ] GC(300) Scavenge 4.720ms
[2474.405s][debug][gc,ref         ] GC(300) Skipped phase1 of Reference Processing due to unavailable references
[2474.405s][debug][gc,ref         ] GC(300) Skipped phase3 of Reference Processing due to unavailable references
[2474.405s][debug][gc,phases      ] GC(300) Reference Processing 0.033ms
[2474.405s][debug][gc,phases      ] GC(300) Weak Processing 0.142ms
[2474.405s][debug][gc,phases      ] GC(300) Scrub String Table 0.503ms
[2474.405s][debug][gc,age         ] GC(300) Desired survivor size 32505856 bytes, new threshold 15 (max threshold 15)
[2474.405s][info ][gc,heap        ] GC(300) PSYoungGen: 2040304K->4768K(2065408K)
[2474.405s][info ][gc,heap        ] GC(300) ParOldGen: 471422K->473202K(486400K)
[2474.405s][info ][gc,metaspace   ] GC(300) Metaspace: 76319K->76319K(1118208K)
[2474.405s][info ][gc             ] GC(300) Pause Young (Allocation Failure) 2452M->466M(2492M) 5.523ms
[2474.405s][info ][gc,cpu         ] GC(300) User=0.02s Sys=0.00s Real=0.00s
[2474.405s][info ][safepoint      ] Leaving safepoint region
[2474.405s][info ][safepoint      ] Total time for which application threads were stopped: 0.0057161 seconds, Stopping threads took: 0.0000374 seconds
[2475.405s][info ][safepoint      ] Application time: 1.0000943 seconds
[2475.406s][info ][safepoint      ] Entering safepoint region: Cleanup
[2475.406s][info ][safepoint      ] Leaving safepoint region
[2475.406s][info ][safepoint      ] Total time for which application threads were stopped: 0.0001563 seconds, Stopping threads took: 0.0000524 seconds
[2477.281s][info ][safepoint      ] Application time: 1.8756221 seconds
[2477.281s][info ][safepoint      ] Entering safepoint region: RevokeBias
[2477.281s][info ][safepoint      ] Leaving safepoint region
[2477.281s][info ][safepoint      ] Total time for which application threads were stopped: 0.0000828 seconds, Stopping threads took: 0.0000134 seconds
[2477.445s][info ][safepoint      ] Application time: 0.1636388 seconds
[2477.445s][info ][safepoint      ] Entering safepoint region: RevokeBias
[2477.445s][info ][safepoint      ] Leaving safepoint region
[2477.445s][info ][safepoint      ] Total time for which application threads were stopped: 0.0002455 seconds, Stopping threads took: 0.0001661 seconds
[2477.512s][info ][safepoint      ] Application time: 0.0667201 seconds
[2477.512s][info ][safepoint      ] Entering safepoint region: RevokeBias
[2477.512s][info ][safepoint      ] Leaving safepoint region
[2477.512s][info ][safepoint      ] Total time for which application threads were stopped: 0.0001227 seconds, Stopping threads took: 0.0000364 seconds
[2479.269s][info ][safepoint      ] Application time: 1.7566572 seconds
[2479.269s][info ][safepoint      ] Entering safepoint region: RevokeBias
[2479.269s][info ][safepoint      ] Leaving safepoint region
[2479.269s][info ][safepoint      ] Total time for which application threads were stopped: 0.0002308 seconds, Stopping threads took: 0.0000368 seconds
[2483.149s][info ][safepoint      ] Application time: 3.8797358 seconds
[2483.149s][info ][safepoint      ] Entering safepoint region: ParallelGCFailedAllocation
[2483.149s][info ][gc,start       ] GC(301) Pause Young (Allocation Failure)
[2483.157s][debug][gc,phases      ] GC(301) Scavenge 7.564ms
[2483.157s][debug][gc,ref         ] GC(301) Skipped phase1 of Reference Processing due to unavailable references
[2483.157s][debug][gc,ref         ] GC(301) Skipped phase3 of Reference Processing due to unavailable references
[2483.157s][debug][gc,ref         ] GC(301) Skipped phase4 of Reference Processing due to unavailable references
[2483.157s][debug][gc,phases      ] GC(301) Reference Processing 0.032ms
[2483.157s][debug][gc,phases      ] GC(301) Weak Processing 0.179ms
[2483.157s][debug][gc,phases      ] GC(301) Scrub String Table 0.464ms
[2483.157s][debug][gc,age         ] GC(301) Desired survivor size 32505856 bytes, new threshold 15 (max threshold 15)
[2483.157s][info ][gc,heap        ] GC(301) PSYoungGen: 2038432K->4768K(2065408K)
[2483.157s][info ][gc,heap        ] GC(301) ParOldGen: 473202K->473322K(486400K)
[2483.157s][info ][gc,metaspace   ] GC(301) Metaspace: 76321K->76321K(1118208K)
[2483.157s][info ][gc             ] GC(301) Pause Young (Allocation Failure) 2452M->466M(2492M) 8.400ms
[2483.157s][info ][gc,cpu         ] GC(301) User=0.02s Sys=0.00s Real=0.01s
[2483.158s][info ][safepoint      ] Leaving safepoint region
[2483.158s][info ][safepoint      ] Total time for which application threads were stopped: 0.0086224 seconds, Stopping threads took: 0.0000714 seconds
[2489.158s][info ][safepoint      ] Application time: 6.0004662 seconds
[2489.158s][info ][safepoint      ] Entering safepoint region: Cleanup
[2489.158s][info ][safepoint      ] Leaving safepoint region
[2489.158s][info ][safepoint      ] Total time for which application threads were stopped: 0.0001461 seconds, Stopping threads took: 0.0000420 seconds
[2491.801s][info ][safepoint      ] Application time: 2.6432902 seconds
[2491.802s][info ][safepoint      ] Entering safepoint region: ParallelGCFailedAllocation
[2491.802s][info ][gc,start       ] GC(302) Pause Young (Allocation Failure)
[2491.817s][debug][gc,phases      ] GC(302) Scavenge 15.600ms
[2491.817s][debug][gc,ref         ] GC(302) Skipped phase1 of Reference Processing due to unavailable references
[2491.817s][debug][gc,ref         ] GC(302) Skipped phase3 of Reference Processing due to unavailable references
[2491.817s][debug][gc,phases      ] GC(302) Reference Processing 0.035ms
[2491.818s][debug][gc,phases      ] GC(302) Weak Processing 0.195ms
[2491.818s][debug][gc,phases      ] GC(302) Scrub String Table 0.616ms
[2491.818s][debug][gc,age         ] GC(302) Desired survivor size 31981568 bytes, new threshold 15 (max threshold 15)
[2491.818s][info ][gc,heap        ] GC(302) PSYoungGen: 2038432K->6592K(2065408K)
[2491.818s][info ][gc,heap        ] GC(302) ParOldGen: 473322K->473466K(486400K)
[2491.818s][info ][gc,metaspace   ] GC(302) Metaspace: 76322K->76322K(1118208K)
[2491.818s][info ][gc             ] GC(302) Pause Young (Allocation Failure) 2452M->468M(2492M) 16.622ms
[2491.818s][info ][gc,cpu         ] GC(302) User=0.02s Sys=0.00s Real=0.02s
[2491.818s][info ][safepoint      ] Leaving safepoint region
[2491.818s][info ][safepoint      ] Total time for which application threads were stopped: 0.0168492 seconds, Stopping threads took: 0.0000498 seconds
[2493.819s][info ][safepoint      ] Application time: 2.0001788 seconds
[2493.819s][info ][safepoint      ] Entering safepoint region: Cleanup
[2493.819s][info ][safepoint      ] Leaving safepoint region
[2493.819s][info ][safepoint      ] Total time for which application threads were stopped: 0.0001280 seconds, Stopping threads took: 0.0000417 seconds
[2494.819s][info ][safepoint      ] Application time: 1.0001014 seconds
[2494.819s][info ][safepoint      ] Entering safepoint region: Cleanup
[2494.819s][info ][safepoint      ] Leaving safepoint region
[2494.819s][info ][safepoint      ] Total time for which application threads were stopped: 0.0001889 seconds, Stopping threads took: 0.0000793 seconds
[2495.819s][info ][safepoint      ] Application time: 1.0000986 seconds
[2495.819s][info ][safepoint      ] Entering safepoint region: Cleanup
[2495.819s][info ][safepoint      ] Leaving safepoint region
[2495.819s][info ][safepoint      ] Total time for which application threads were stopped: 0.0001540 seconds, Stopping threads took: 0.0000520 seconds
[2500.689s][info ][safepoint      ] Application time: 4.8693536 seconds
[2500.689s][info ][safepoint      ] Entering safepoint region: ParallelGCFailedAllocation
[2500.689s][info ][gc,start       ] GC(303) Pause Young (Allocation Failure)
[2500.725s][debug][gc,phases      ] GC(303) Scavenge 36.027ms
[2500.725s][debug][gc,ref         ] GC(303) Skipped phase1 of Reference Processing due to unavailable references
[2500.725s][debug][gc,ref         ] GC(303) Skipped phase3 of Reference Processing due to unavailable references
[2500.725s][debug][gc,phases      ] GC(303) Reference Processing 0.043ms
[2500.725s][debug][gc,phases      ] GC(303) Weak Processing 0.219ms
[2500.726s][debug][gc,phases      ] GC(303) Scrub String Table 0.696ms
[2500.726s][debug][gc,age         ] GC(303) Desired survivor size 30932992 bytes, new threshold 15 (max threshold 15)
[2500.726s][info ][gc,heap        ] GC(303) PSYoungGen: 2040256K->6496K(2066944K)
[2500.726s][info ][gc,heap        ] GC(303) ParOldGen: 473466K->473614K(486400K)
[2500.726s][info ][gc,metaspace   ] GC(303) Metaspace: 76322K->76322K(1118208K)
[2500.726s][info ][gc             ] GC(303) Pause Young (Allocation Failure) 2454M->468M(2493M) 37.161ms
[2500.726s][info ][gc,cpu         ] GC(303) User=0.03s Sys=0.00s Real=0.03s
[2500.726s][info ][safepoint      ] Leaving safepoint region
[2500.726s][info ][safepoint      ] Total time for which application threads were stopped: 0.0374094 seconds, Stopping threads took: 0.0000216 seconds
[2503.727s][info ][safepoint      ] Application time: 3.0002645 seconds
[2503.727s][info ][safepoint      ] Entering safepoint region: Cleanup
[2503.727s][info ][safepoint      ] Leaving safepoint region
[2503.727s][info ][safepoint      ] Total time for which application threads were stopped: 0.0001421 seconds, Stopping threads took: 0.0000443 seconds
[2509.664s][info ][safepoint      ] Application time: 5.9373333 seconds
[2509.664s][info ][safepoint      ] Entering safepoint region: ParallelGCFailedAllocation
[2509.664s][info ][gc,start       ] GC(304) Pause Young (Allocation Failure)
[2509.679s][debug][gc,phases      ] GC(304) Scavenge 14.342ms
[2509.679s][debug][gc,ref         ] GC(304) Skipped phase1 of Reference Processing due to unavailable references
[2509.679s][debug][gc,ref         ] GC(304) Skipped phase3 of Reference Processing due to unavailable references
[2509.679s][debug][gc,phases      ] GC(304) Reference Processing 0.036ms
[2509.679s][debug][gc,phases      ] GC(304) Weak Processing 0.181ms
[2509.679s][debug][gc,phases      ] GC(304) Scrub String Table 0.570ms
[2509.679s][debug][gc,age         ] GC(304) Desired survivor size 30408704 bytes, new threshold 15 (max threshold 15)
[2509.680s][info ][gc,heap        ] GC(304) PSYoungGen: 2042208K->6304K(2065920K)
[2509.680s][info ][gc,heap        ] GC(304) ParOldGen: 473614K->473726K(486400K)
[2509.680s][info ][gc,metaspace   ] GC(304) Metaspace: 76322K->76322K(1118208K)
[2509.680s][info ][gc             ] GC(304) Pause Young (Allocation Failure) 2456M->468M(2492M) 15.298ms
[2509.680s][info ][gc,cpu         ] GC(304) User=0.03s Sys=0.00s Real=0.02s
[2509.680s][info ][safepoint      ] Leaving safepoint region
[2509.680s][info ][safepoint      ] Total time for which application threads were stopped: 0.0155206 seconds, Stopping threads took: 0.0000579 seconds
[2510.680s][info ][safepoint      ] Application time: 1.0001089 seconds
[2510.680s][info ][safepoint      ] Entering safepoint region: Cleanup
[2510.680s][info ][safepoint      ] Leaving safepoint region
[2510.680s][info ][safepoint      ] Total time for which application threads were stopped: 0.0001287 seconds, Stopping threads took: 0.0000397 seconds
[2518.650s][info ][safepoint      ] Application time: 7.9700912 seconds
[2518.650s][info ][safepoint      ] Entering safepoint region: ParallelGCFailedAllocation
[2518.650s][info ][gc,start       ] GC(305) Pause Young (Allocation Failure)
[2518.662s][debug][gc,phases      ] GC(305) Scavenge 11.704ms
[2518.662s][debug][gc,ref         ] GC(305) Skipped phase1 of Reference Processing due to unavailable references
[2518.662s][debug][gc,ref         ] GC(305) Skipped phase3 of Reference Processing due to unavailable references
[2518.662s][debug][gc,phases      ] GC(305) Reference Processing 0.036ms
[2518.662s][debug][gc,phases      ] GC(305) Weak Processing 0.209ms
[2518.663s][debug][gc,phases      ] GC(305) Scrub String Table 0.670ms
[2518.663s][debug][gc,age         ] GC(305) Desired survivor size 29360128 bytes, new threshold 15 (max threshold 15)
[2518.663s][info ][gc,heap        ] GC(305) PSYoungGen: 2042016K->6128K(2068480K)
[2518.663s][info ][gc,heap        ] GC(305) ParOldGen: 473726K->473846K(486400K)
[2518.663s][info ][gc,metaspace   ] GC(305) Metaspace: 76322K->76322K(1118208K)
[2518.663s][info ][gc             ] GC(305) Pause Young (Allocation Failure) 2456M->468M(2495M) 12.767ms
[2518.663s][info ][gc,cpu         ] GC(305) User=0.03s Sys=0.00s Real=0.01s
[2518.663s][info ][safepoint      ] Leaving safepoint region
[2518.663s][info ][safepoint      ] Total time for which application threads were stopped: 0.0129966 seconds, Stopping threads took: 0.0000667 seconds
[2527.649s][info ][safepoint      ] Application time: 8.9858590 seconds
[2527.649s][info ][safepoint      ] Entering safepoint region: ParallelGCFailedAllocation
[2527.649s][info ][gc,start       ] GC(306) Pause Young (Allocation Failure)
[2527.653s][debug][gc,phases      ] GC(306) Scavenge 3.902ms
[2527.653s][debug][gc,ref         ] GC(306) Skipped phase1 of Reference Processing due to unavailable references
[2527.653s][debug][gc,ref         ] GC(306) Skipped phase3 of Reference Processing due to unavailable references
[2527.653s][debug][gc,phases      ] GC(306) Reference Processing 0.027ms
[2527.653s][debug][gc,phases      ] GC(306) Weak Processing 0.141ms
[2527.654s][debug][gc,phases      ] GC(306) Scrub String Table 0.472ms
[2527.654s][debug][gc,age         ] GC(306) Desired survivor size 28311552 bytes, new threshold 15 (max threshold 15)
[2527.654s][info ][gc,heap        ] GC(306) PSYoungGen: 2044912K->6384K(2067456K)
[2527.654s][info ][gc,heap        ] GC(306) ParOldGen: 473846K->473894K(486400K)
[2527.654s][info ][gc,metaspace   ] GC(306) Metaspace: 76322K->76322K(1118208K)
[2527.654s][info ][gc             ] GC(306) Pause Young (Allocation Failure) 2459M->469M(2494M) 4.677ms
[2527.654s][info ][gc,cpu         ] GC(306) User=0.01s Sys=0.00s Real=0.00s
[2527.654s][info ][safepoint      ] Leaving safepoint region
[2527.654s][info ][safepoint      ] Total time for which application threads were stopped: 0.0048567 seconds, Stopping threads took: 0.0000493 seconds
[2534.654s][info ][safepoint      ] Application time: 7.0004967 seconds
[2534.654s][info ][safepoint      ] Entering safepoint region: Cleanup
[2534.654s][info ][safepoint      ] Leaving safepoint region
[2534.654s][info ][safepoint      ] Total time for which application threads were stopped: 0.0001298 seconds, Stopping threads took: 0.0000515 seconds
[2536.677s][info ][safepoint      ] Application time: 2.0226941 seconds
[2536.677s][info ][safepoint      ] Entering safepoint region: ParallelGCFailedAllocation
[2536.677s][info ][gc,start       ] GC(307) Pause Young (Allocation Failure)
[2536.682s][debug][gc,phases      ] GC(307) Scavenge 4.821ms
[2536.682s][debug][gc,ref         ] GC(307) Skipped phase1 of Reference Processing due to unavailable references
[2536.682s][debug][gc,ref         ] GC(307) Skipped phase3 of Reference Processing due to unavailable references
[2536.682s][debug][gc,phases      ] GC(307) Reference Processing 0.045ms
[2536.682s][debug][gc,phases      ] GC(307) Weak Processing 0.144ms
[2536.683s][debug][gc,phases      ] GC(307) Scrub String Table 0.439ms
[2536.683s][debug][gc,age         ] GC(307) Desired survivor size 27262976 bytes, new threshold 15 (max threshold 15)
[2536.683s][info ][gc,heap        ] GC(307) PSYoungGen: 2045168K->6240K(2070528K)
[2536.683s][info ][gc,heap        ] GC(307) ParOldGen: 473894K->473990K(486400K)
[2536.683s][info ][gc,metaspace   ] GC(307) Metaspace: 76322K->76322K(1118208K)
[2536.683s][info ][gc             ] GC(307) Pause Young (Allocation Failure) 2460M->468M(2497M) 5.586ms
[2536.683s][info ][gc,cpu         ] GC(307) User=0.02s Sys=0.00s Real=0.00s
[2536.683s][info ][safepoint      ] Leaving safepoint region
[2536.683s][info ][safepoint      ] Total time for which application threads were stopped: 0.0057568 seconds, Stopping threads took: 0.0000179 seconds
[2545.805s][info ][safepoint      ] Application time: 9.1222464 seconds
[2545.805s][info ][safepoint      ] Entering safepoint region: ParallelGCFailedAllocation
[2545.805s][info ][gc,start       ] GC(308) Pause Young (Allocation Failure)
[2545.810s][debug][gc,phases      ] GC(308) Scavenge 4.653ms
[2545.810s][debug][gc,ref         ] GC(308) Skipped phase1 of Reference Processing due to unavailable references
[2545.810s][debug][gc,ref         ] GC(308) Skipped phase3 of Reference Processing due to unavailable references
[2545.810s][debug][gc,phases      ] GC(308) Reference Processing 0.025ms
[2545.810s][debug][gc,phases      ] GC(308) Weak Processing 0.125ms
[2545.811s][debug][gc,phases      ] GC(308) Scrub String Table 0.419ms
[2545.811s][debug][gc,age         ] GC(308) Desired survivor size 26214400 bytes, new threshold 15 (max threshold 15)
[2545.811s][info ][gc,heap        ] GC(308) PSYoungGen: 2049120K->6176K(2069504K)
[2545.811s][info ][gc,heap        ] GC(308) ParOldGen: 473990K->474030K(486400K)
[2545.811s][info ][gc,metaspace   ] GC(308) Metaspace: 76322K->76322K(1118208K)
[2545.811s][info ][gc             ] GC(308) Pause Young (Allocation Failure) 2463M->468M(2496M) 5.339ms
[2545.811s][info ][gc,cpu         ] GC(308) User=0.02s Sys=0.00s Real=0.01s
[2545.811s][info ][safepoint      ] Leaving safepoint region
[2545.811s][info ][safepoint      ] Total time for which application threads were stopped: 0.0054836 seconds, Stopping threads took: 0.0000127 seconds
[2550.296s][info ][safepoint      ] Application time: 4.4855333 seconds
[2550.296s][info ][safepoint      ] Entering safepoint region: RevokeBias
[2550.296s][info ][safepoint      ] Leaving safepoint region
[2550.296s][info ][safepoint      ] Total time for which application threads were stopped: 0.0000759 seconds, Stopping threads took: 0.0000119 seconds
[2554.297s][info ][safepoint      ] Application time: 4.0002868 seconds
[2554.297s][info ][safepoint      ] Entering safepoint region: Cleanup
[2554.297s][info ][safepoint      ] Leaving safepoint region
[2554.297s][info ][safepoint      ] Total time for which application threads were stopped: 0.0001065 seconds, Stopping threads took: 0.0000338 seconds
[2554.969s][info ][safepoint      ] Application time: 0.6717427 seconds
[2554.969s][info ][safepoint      ] Entering safepoint region: ParallelGCFailedAllocation
[2554.969s][info ][gc,start       ] GC(309) Pause Young (Allocation Failure)
[2554.973s][debug][gc,phases      ] GC(309) Scavenge 4.517ms
[2554.973s][debug][gc,ref         ] GC(309) Skipped phase1 of Reference Processing due to unavailable references
[2554.973s][debug][gc,ref         ] GC(309) Skipped phase3 of Reference Processing due to unavailable references
[2554.973s][debug][gc,ref         ] GC(309) Skipped phase4 of Reference Processing due to unavailable references
[2554.973s][debug][gc,phases      ] GC(309) Reference Processing 0.036ms
[2554.973s][debug][gc,phases      ] GC(309) Weak Processing 0.130ms
[2554.974s][debug][gc,phases      ] GC(309) Scrub String Table 0.445ms
[2554.974s][debug][gc,age         ] GC(309) Desired survivor size 25690112 bytes, new threshold 15 (max threshold 15)
[2554.974s][info ][gc,heap        ] GC(309) PSYoungGen: 2049056K->6288K(2072064K)
[2554.974s][info ][gc,heap        ] GC(309) ParOldGen: 474030K->474086K(486400K)
[2554.974s][info ][gc,metaspace   ] GC(309) Metaspace: 76322K->76322K(1118208K)
[2554.974s][info ][gc             ] GC(309) Pause Young (Allocation Failure) 2463M->469M(2498M) 5.286ms
[2554.974s][info ][gc,cpu         ] GC(309) User=0.02s Sys=0.00s Real=0.01s
[2554.974s][info ][safepoint      ] Leaving safepoint region
[2554.974s][info ][safepoint      ] Total time for which application threads were stopped: 0.0054283 seconds, Stopping threads took: 0.0000134 seconds
[2556.974s][info ][safepoint      ] Application time: 2.0001592 seconds
[2556.974s][info ][safepoint      ] Entering safepoint region: Cleanup
[2556.974s][info ][safepoint      ] Leaving safepoint region
[2556.974s][info ][safepoint      ] Total time for which application threads were stopped: 0.0001017 seconds, Stopping threads took: 0.0000373 seconds
[2557.974s][info ][safepoint      ] Application time: 1.0000699 seconds
[2557.975s][info ][safepoint      ] Entering safepoint region: Cleanup
[2557.975s][info ][safepoint      ] Leaving safepoint region
[2557.975s][info ][safepoint      ] Total time for which application threads were stopped: 0.0001144 seconds, Stopping threads took: 0.0000530 seconds
[2558.975s][info ][safepoint      ] Application time: 1.0000877 seconds
[2558.975s][info ][safepoint      ] Entering safepoint region: Cleanup
[2558.975s][info ][safepoint      ] Leaving safepoint region
[2558.975s][info ][safepoint      ] Total time for which application threads were stopped: 0.0001061 seconds, Stopping threads took: 0.0000406 seconds
[2559.975s][info ][safepoint      ] Application time: 1.0000850 seconds
[2559.975s][info ][safepoint      ] Entering safepoint region: Cleanup
[2559.975s][info ][safepoint      ] Leaving safepoint region
[2559.975s][info ][safepoint      ] Total time for which application threads were stopped: 0.0001239 seconds, Stopping threads took: 0.0000340 seconds
[2561.975s][info ][safepoint      ] Application time: 2.0001630 seconds
[2561.975s][info ][safepoint      ] Entering safepoint region: Cleanup
[2561.975s][info ][safepoint      ] Leaving safepoint region
[2561.975s][info ][safepoint      ] Total time for which application threads were stopped: 0.0001085 seconds, Stopping threads took: 0.0000425 seconds
[2562.975s][info ][safepoint      ] Application time: 1.0000825 seconds
[2562.976s][info ][safepoint      ] Entering safepoint region: Cleanup
[2562.976s][info ][safepoint      ] Leaving safepoint region
[2562.976s][info ][safepoint      ] Total time for which application threads were stopped: 0.0001150 seconds, Stopping threads took: 0.0000494 seconds
[2563.800s][info ][safepoint      ] Application time: 0.8239133 seconds
[2563.800s][info ][safepoint      ] Entering safepoint region: ParallelGCFailedAllocation
[2563.800s][info ][gc,start       ] GC(310) Pause Young (Allocation Failure)
[2563.804s][debug][gc,phases      ] GC(310) Scavenge 4.465ms
[2563.804s][debug][gc,ref         ] GC(310) Skipped phase1 of Reference Processing due to unavailable references
[2563.804s][debug][gc,ref         ] GC(310) Skipped phase3 of Reference Processing due to unavailable references
[2563.804s][debug][gc,phases      ] GC(310) Reference Processing 0.033ms
[2563.804s][debug][gc,phases      ] GC(310) Weak Processing 0.171ms
[2563.805s][debug][gc,phases      ] GC(310) Scrub String Table 0.603ms
[2563.805s][debug][gc,age         ] GC(310) Desired survivor size 24641536 bytes, new threshold 15 (max threshold 15)
[2563.805s][info ][gc,heap        ] GC(310) PSYoungGen: 2052752K->6480K(2071552K)
[2563.805s][info ][gc,heap        ] GC(310) ParOldGen: 474086K->474118K(486400K)
[2563.805s][info ][gc,metaspace   ] GC(310) Metaspace: 76330K->76330K(1118208K)
[2563.805s][info ][gc             ] GC(310) Pause Young (Allocation Failure) 2467M->469M(2498M) 5.412ms
[2563.805s][info ][gc,cpu         ] GC(310) User=0.02s Sys=0.00s Real=0.00s
[2563.805s][info ][safepoint      ] Leaving safepoint region
[2563.805s][info ][safepoint      ] Total time for which application threads were stopped: 0.0055961 seconds, Stopping threads took: 0.0000356 seconds
[2564.805s][info ][safepoint      ] Application time: 1.0000881 seconds
[2564.805s][info ][safepoint      ] Entering safepoint region: Cleanup
[2564.805s][info ][safepoint      ] Leaving safepoint region
[2564.805s][info ][safepoint      ] Total time for which application threads were stopped: 0.0001161 seconds, Stopping threads took: 0.0000390 seconds
[2570.806s][info ][safepoint      ] Application time: 6.0004456 seconds
[2570.806s][info ][safepoint      ] Entering safepoint region: Cleanup
[2570.806s][info ][safepoint      ] Leaving safepoint region
[2570.806s][info ][safepoint      ] Total time for which application threads were stopped: 0.0001618 seconds, Stopping threads took: 0.0000788 seconds
[2571.806s][info ][safepoint      ] Application time: 1.0000803 seconds
[2571.806s][info ][safepoint      ] Entering safepoint region: Cleanup
[2571.806s][info ][safepoint      ] Leaving safepoint region
[2571.806s][info ][safepoint      ] Total time for which application threads were stopped: 0.0001295 seconds, Stopping threads took: 0.0000361 seconds
[2572.583s][info ][safepoint      ] Application time: 0.7770228 seconds
[2572.583s][info ][safepoint      ] Entering safepoint region: ParallelGCFailedAllocation
[2572.584s][info ][gc,start       ] GC(311) Pause Young (Allocation Failure)
[2572.589s][debug][gc,phases      ] GC(311) Scavenge 5.611ms
[2572.589s][debug][gc,ref         ] GC(311) Skipped phase1 of Reference Processing due to unavailable references
[2572.589s][debug][gc,ref         ] GC(311) Skipped phase3 of Reference Processing due to unavailable references
[2572.589s][debug][gc,ref         ] GC(311) Skipped phase4 of Reference Processing due to unavailable references
[2572.589s][debug][gc,phases      ] GC(311) Reference Processing 0.035ms
[2572.589s][debug][gc,phases      ] GC(311) Weak Processing 0.170ms
[2572.590s][debug][gc,phases      ] GC(311) Scrub String Table 0.569ms
[2572.590s][debug][gc,age         ] GC(311) Desired survivor size 23068672 bytes, new threshold 15 (max threshold 15)
[2572.590s][info ][gc,heap        ] GC(311) PSYoungGen: 2052944K->6704K(2074624K)
[2572.590s][info ][gc,heap        ] GC(311) ParOldGen: 474118K->474166K(486400K)
[2572.590s][info ][gc,metaspace   ] GC(311) Metaspace: 76335K->76335K(1118208K)
[2572.590s][info ][gc             ] GC(311) Pause Young (Allocation Failure) 2467M->469M(2501M) 6.525ms
[2572.590s][info ][gc,cpu         ] GC(311) User=0.02s Sys=0.00s Real=0.01s
[2572.590s][info ][safepoint      ] Leaving safepoint region
[2572.590s][info ][safepoint      ] Total time for which application threads were stopped: 0.0067128 seconds, Stopping threads took: 0.0000282 seconds
[2575.593s][info ][safepoint      ] Application time: 3.0028539 seconds
[2575.593s][info ][safepoint      ] Entering safepoint region: Cleanup
[2575.593s][info ][safepoint      ] Leaving safepoint region
[2575.593s][info ][safepoint      ] Total time for which application threads were stopped: 0.0001216 seconds, Stopping threads took: 0.0000388 seconds
[2576.593s][info ][safepoint      ] Application time: 1.0000734 seconds
[2576.593s][info ][safepoint      ] Entering safepoint region: Cleanup
[2576.593s][info ][safepoint      ] Leaving safepoint region
[2576.593s][info ][safepoint      ] Total time for which application threads were stopped: 0.0000885 seconds, Stopping threads took: 0.0000153 seconds
[2577.593s][info ][safepoint      ] Application time: 1.0000647 seconds
[2577.593s][info ][safepoint      ] Entering safepoint region: Cleanup
[2577.593s][info ][safepoint      ] Leaving safepoint region
[2577.593s][info ][safepoint      ] Total time for which application threads were stopped: 0.0000874 seconds, Stopping threads took: 0.0000289 seconds
[2579.594s][info ][safepoint      ] Application time: 2.0001434 seconds
[2579.594s][info ][safepoint      ] Entering safepoint region: Cleanup
[2579.594s][info ][safepoint      ] Leaving safepoint region
[2579.594s][info ][safepoint      ] Total time for which application threads were stopped: 0.0000828 seconds, Stopping threads took: 0.0000171 seconds
[2581.200s][info ][safepoint      ] Application time: 1.6065273 seconds
[2581.200s][info ][safepoint      ] Entering safepoint region: ParallelGCFailedAllocation
[2581.200s][info ][gc,start       ] GC(312) Pause Young (Allocation Failure)
[2581.212s][debug][gc,phases      ] GC(312) Scavenge 11.579ms
[2581.212s][debug][gc,ref         ] GC(312) Skipped phase1 of Reference Processing due to unavailable references
[2581.212s][debug][gc,ref         ] GC(312) Skipped phase3 of Reference Processing due to unavailable references
[2581.212s][debug][gc,phases      ] GC(312) Reference Processing 0.034ms
[2581.212s][debug][gc,phases      ] GC(312) Weak Processing 0.173ms
[2581.213s][debug][gc,phases      ] GC(312) Scrub String Table 0.571ms
[2581.213s][debug][gc,age         ] GC(312) Desired survivor size 23592960 bytes, new threshold 15 (max threshold 15)
[2581.213s][info ][gc,heap        ] GC(312) PSYoungGen: 2057264K->13632K(2073088K)
[2581.213s][info ][gc,heap        ] GC(312) ParOldGen: 474166K->474222K(486400K)
[2581.213s][info ][gc,metaspace   ] GC(312) Metaspace: 76346K->76346K(1118208K)
[2581.213s][info ][gc             ] GC(312) Pause Young (Allocation Failure) 2472M->476M(2499M) 12.491ms
[2581.213s][info ][gc,cpu         ] GC(312) User=0.03s Sys=0.00s Real=0.01s
[2581.213s][info ][safepoint      ] Leaving safepoint region
[2581.213s][info ][safepoint      ] Total time for which application threads were stopped: 0.0127001 seconds, Stopping threads took: 0.0000453 seconds
[2583.213s][info ][safepoint      ] Application time: 2.0001534 seconds
[2583.213s][info ][safepoint      ] Entering safepoint region: Cleanup
[2583.213s][info ][safepoint      ] Leaving safepoint region
[2583.213s][info ][safepoint      ] Total time for which application threads were stopped: 0.0001053 seconds, Stopping threads took: 0.0000289 seconds
[2587.214s][info ][safepoint      ] Application time: 4.0002896 seconds
[2587.214s][info ][safepoint      ] Entering safepoint region: Cleanup
[2587.214s][info ][safepoint      ] Leaving safepoint region
[2587.214s][info ][safepoint      ] Total time for which application threads were stopped: 0.0001118 seconds, Stopping threads took: 0.0000371 seconds
[2590.100s][info ][safepoint      ] Application time: 2.8863314 seconds
[2590.100s][info ][safepoint      ] Entering safepoint region: ParallelGCFailedAllocation
[2590.100s][info ][gc,start       ] GC(313) Pause Young (Allocation Failure)
[2590.106s][debug][gc,phases      ] GC(313) Scavenge 6.170ms
[2590.107s][debug][gc,ref         ] GC(313) Skipped phase1 of Reference Processing due to unavailable references
[2590.107s][debug][gc,ref         ] GC(313) Skipped phase3 of Reference Processing due to unavailable references
[2590.107s][debug][gc,phases      ] GC(313) Reference Processing 0.036ms
[2590.107s][debug][gc,phases      ] GC(313) Weak Processing 0.155ms
[2590.107s][debug][gc,phases      ] GC(313) Scrub String Table 0.541ms
[2590.107s][debug][gc,age         ] GC(313) Desired survivor size 24117248 bytes, new threshold 15 (max threshold 15)
[2590.107s][info ][gc,heap        ] GC(313) PSYoungGen: 2064192K->14048K(2073088K)
[2590.107s][info ][gc,heap        ] GC(313) ParOldGen: 474222K->474254K(486400K)
[2590.107s][info ][gc,metaspace   ] GC(313) Metaspace: 76351K->76351K(1118208K)
[2590.107s][info ][gc             ] GC(313) Pause Young (Allocation Failure) 2478M->476M(2499M) 7.050ms
[2590.107s][info ][gc,cpu         ] GC(313) User=0.02s Sys=0.00s Real=0.00s
[2590.107s][info ][safepoint      ] Leaving safepoint region
[2590.107s][info ][safepoint      ] Total time for which application threads were stopped: 0.0072262 seconds, Stopping threads took: 0.0000190 seconds
[2591.107s][info ][safepoint      ] Application time: 1.0001036 seconds
[2591.110s][info ][safepoint      ] Entering safepoint region: Cleanup
[2591.110s][info ][safepoint      ] Leaving safepoint region
[2591.110s][info ][safepoint      ] Total time for which application threads were stopped: 0.0024253 seconds, Stopping threads took: 0.0023364 seconds
[2598.400s][info ][safepoint      ] Application time: 7.2897796 seconds
[2598.400s][info ][safepoint      ] Entering safepoint region: ParallelGCFailedAllocation
[2598.400s][info ][gc,start       ] GC(314) Pause Young (Allocation Failure)
[2598.413s][debug][gc,phases      ] GC(314) Scavenge 13.333ms
[2598.413s][debug][gc,ref         ] GC(314) Skipped phase1 of Reference Processing due to unavailable references
[2598.413s][debug][gc,ref         ] GC(314) Skipped phase3 of Reference Processing due to unavailable references
[2598.413s][debug][gc,phases      ] GC(314) Reference Processing 0.033ms
[2598.413s][debug][gc,phases      ] GC(314) Weak Processing 0.170ms
[2598.414s][debug][gc,phases      ] GC(314) Scrub String Table 0.566ms
[2598.414s][debug][gc,age         ] GC(314) Desired survivor size 22544384 bytes, new threshold 15 (max threshold 15)
[2598.414s][info ][gc,heap        ] GC(314) PSYoungGen: 2064096K->9568K(2073600K)
[2598.414s][info ][gc,heap        ] GC(314) ParOldGen: 474254K->474278K(486400K)
[2598.414s][info ][gc,metaspace   ] GC(314) Metaspace: 76353K->76353K(1118208K)
[2598.414s][info ][gc             ] GC(314) Pause Young (Allocation Failure) 2478M->472M(2500M) 14.249ms
[2598.414s][info ][gc,cpu         ] GC(314) User=0.03s Sys=0.00s Real=0.01s
[2598.414s][info ][safepoint      ] Leaving safepoint region
[2598.414s][info ][safepoint      ] Total time for which application threads were stopped: 0.0144223 seconds, Stopping threads took: 0.0000167 seconds
[2605.415s][info ][safepoint      ] Application time: 7.0005269 seconds
[2605.415s][info ][safepoint      ] Entering safepoint region: Cleanup
[2605.415s][info ][safepoint      ] Leaving safepoint region
[2605.415s][info ][safepoint      ] Total time for which application threads were stopped: 0.0001134 seconds, Stopping threads took: 0.0000353 seconds
[2606.840s][info ][safepoint      ] Application time: 1.4249903 seconds
[2606.840s][info ][safepoint      ] Entering safepoint region: ParallelGCFailedAllocation
[2606.840s][info ][gc,start       ] GC(315) Pause Young (Allocation Failure)
[2606.849s][debug][gc,phases      ] GC(315) Scavenge 8.805ms
[2606.849s][debug][gc,ref         ] GC(315) Skipped phase1 of Reference Processing due to unavailable references
[2606.849s][debug][gc,ref         ] GC(315) Skipped phase3 of Reference Processing due to unavailable references
[2606.849s][debug][gc,phases      ] GC(315) Reference Processing 0.032ms
[2606.849s][debug][gc,phases      ] GC(315) Weak Processing 0.180ms
[2606.850s][debug][gc,phases      ] GC(315) Scrub String Table 0.522ms
[2606.850s][debug][gc,age         ] GC(315) Desired survivor size 21495808 bytes, new threshold 15 (max threshold 15)
[2606.850s][info ][gc,heap        ] GC(315) PSYoungGen: 2059616K->9936K(2076160K)
[2606.850s][info ][gc,heap        ] GC(315) ParOldGen: 474278K->474422K(486400K)
[2606.850s][info ][gc,metaspace   ] GC(315) Metaspace: 76356K->76356K(1118208K)
[2606.850s][info ][gc             ] GC(315) Pause Young (Allocation Failure) 2474M->473M(2502M) 9.678ms
[2606.850s][info ][gc,cpu         ] GC(315) User=0.02s Sys=0.00s Real=0.01s
[2606.850s][info ][safepoint      ] Leaving safepoint region
[2606.850s][info ][safepoint      ] Total time for which application threads were stopped: 0.0098785 seconds, Stopping threads took: 0.0000366 seconds
[2613.850s][info ][safepoint      ] Application time: 7.0005286 seconds
[2613.850s][info ][safepoint      ] Entering safepoint region: Cleanup
[2613.851s][info ][safepoint      ] Leaving safepoint region
[2613.851s][info ][safepoint      ] Total time for which application threads were stopped: 0.0001736 seconds, Stopping threads took: 0.0000603 seconds
[2615.851s][info ][safepoint      ] Application time: 2.0001829 seconds
[2615.851s][info ][safepoint      ] Entering safepoint region: Cleanup
[2615.851s][info ][safepoint      ] Leaving safepoint region
[2615.851s][info ][safepoint      ] Total time for which application threads were stopped: 0.0001356 seconds, Stopping threads took: 0.0000508 seconds
[2616.089s][info ][safepoint      ] Application time: 0.2378931 seconds
[2616.089s][info ][safepoint      ] Entering safepoint region: ParallelGCFailedAllocation
[2616.089s][info ][gc,start       ] GC(316) Pause Young (Allocation Failure)
[2616.095s][debug][gc,phases      ] GC(316) Scavenge 5.606ms
[2616.095s][debug][gc,ref         ] GC(316) Skipped phase1 of Reference Processing due to unavailable references
[2616.095s][debug][gc,ref         ] GC(316) Skipped phase3 of Reference Processing due to unavailable references
[2616.095s][debug][gc,phases      ] GC(316) Reference Processing 0.025ms
[2616.095s][debug][gc,phases      ] GC(316) Weak Processing 0.134ms
[2616.095s][debug][gc,phases      ] GC(316) Scrub String Table 0.444ms
[2616.095s][debug][gc,age         ] GC(316) Desired survivor size 20447232 bytes, new threshold 15 (max threshold 15)
[2616.095s][info ][gc,heap        ] GC(316) PSYoungGen: 2064080K->9968K(2075136K)
[2616.095s][info ][gc,heap        ] GC(316) ParOldGen: 474422K->474478K(486400K)
[2616.095s][info ][gc,metaspace   ] GC(316) Metaspace: 76356K->76356K(1118208K)
[2616.095s][info ][gc             ] GC(316) Pause Young (Allocation Failure) 2479M->473M(2501M) 6.332ms
[2616.095s][info ][gc,cpu         ] GC(316) User=0.02s Sys=0.00s Real=0.00s
[2616.095s][info ][safepoint      ] Leaving safepoint region
[2616.095s][info ][safepoint      ] Total time for which application threads were stopped: 0.0065178 seconds, Stopping threads took: 0.0000330 seconds
[2617.095s][info ][safepoint      ] Application time: 1.0000797 seconds
[2617.096s][info ][safepoint      ] Entering safepoint region: Cleanup
[2617.096s][info ][safepoint      ] Leaving safepoint region
[2617.096s][info ][safepoint      ] Total time for which application threads were stopped: 0.0001066 seconds, Stopping threads took: 0.0000347 seconds
[2618.096s][info ][safepoint      ] Application time: 1.0000789 seconds
[2618.096s][info ][safepoint      ] Entering safepoint region: Cleanup
[2618.096s][info ][safepoint      ] Leaving safepoint region
[2618.096s][info ][safepoint      ] Total time for which application threads were stopped: 0.0000670 seconds, Stopping threads took: 0.0000124 seconds
[2622.096s][info ][safepoint      ] Application time: 4.0002358 seconds
[2622.096s][info ][safepoint      ] Entering safepoint region: Cleanup
[2622.096s][info ][safepoint      ] Leaving safepoint region
[2622.096s][info ][safepoint      ] Total time for which application threads were stopped: 0.0000806 seconds, Stopping threads took: 0.0000177 seconds
[2624.250s][info ][safepoint      ] Application time: 2.1534390 seconds
[2624.250s][info ][safepoint      ] Entering safepoint region: ParallelGCFailedAllocation
[2624.250s][info ][gc,start       ] GC(317) Pause Young (Allocation Failure)
[2624.255s][debug][gc,phases      ] GC(317) Scavenge 5.235ms
[2624.255s][debug][gc,ref         ] GC(317) Skipped phase1 of Reference Processing due to unavailable references
[2624.255s][debug][gc,ref         ] GC(317) Skipped phase3 of Reference Processing due to unavailable references
[2624.255s][debug][gc,phases      ] GC(317) Reference Processing 0.026ms
[2624.255s][debug][gc,phases      ] GC(317) Weak Processing 0.133ms
[2624.256s][debug][gc,phases      ] GC(317) Scrub String Table 0.434ms
[2624.256s][debug][gc,age         ] GC(317) Desired survivor size 19922944 bytes, new threshold 15 (max threshold 15)
[2624.256s][info ][gc,heap        ] GC(317) PSYoungGen: 2064112K->8032K(2077696K)
[2624.256s][info ][gc,heap        ] GC(317) ParOldGen: 474478K->476559K(486400K)
[2624.256s][info ][gc,metaspace   ] GC(317) Metaspace: 76356K->76356K(1118208K)
[2624.256s][info ][gc             ] GC(317) Pause Young (Allocation Failure) 2479M->473M(2504M) 5.955ms
[2624.256s][info ][gc,cpu         ] GC(317) User=0.02s Sys=0.01s Real=0.00s
[2624.256s][info ][safepoint      ] Leaving safepoint region
[2624.256s][info ][safepoint      ] Total time for which application threads were stopped: 0.0061433 seconds, Stopping threads took: 0.0000460 seconds
[2632.999s][info ][safepoint      ] Application time: 8.7431949 seconds
[2632.999s][info ][safepoint      ] Entering safepoint region: ParallelGCFailedAllocation
[2632.999s][info ][gc,start       ] GC(318) Pause Young (Allocation Failure)
[2633.003s][debug][gc,phases      ] GC(318) Scavenge 4.217ms
[2633.003s][debug][gc,ref         ] GC(318) Skipped phase1 of Reference Processing due to unavailable references
[2633.003s][debug][gc,ref         ] GC(318) Skipped phase3 of Reference Processing due to unavailable references
[2633.003s][debug][gc,phases      ] GC(318) Reference Processing 0.034ms
[2633.004s][debug][gc,phases      ] GC(318) Weak Processing 0.171ms
[2633.004s][debug][gc,phases      ] GC(318) Scrub String Table 0.548ms
[2633.004s][debug][gc,age         ] GC(318) Desired survivor size 19398656 bytes, new threshold 15 (max threshold 15)
[2633.004s][info ][gc,heap        ] GC(318) PSYoungGen: 2065760K->7840K(2077184K)
[2633.004s][info ][gc,heap        ] GC(318) ParOldGen: 476559K->477055K(486400K)
[2633.004s][info ][gc,metaspace   ] GC(318) Metaspace: 76357K->76357K(1118208K)
[2633.004s][info ][gc             ] GC(318) Pause Young (Allocation Failure) 2482M->473M(2503M) 5.118ms
[2633.004s][info ][gc,cpu         ] GC(318) User=0.02s Sys=0.00s Real=0.00s
[2633.004s][info ][safepoint      ] Leaving safepoint region
[2633.004s][info ][safepoint      ] Total time for which application threads were stopped: 0.0052984 seconds, Stopping threads took: 0.0000375 seconds
[2636.005s][info ][safepoint      ] Application time: 3.0002321 seconds
[2636.005s][info ][safepoint      ] Entering safepoint region: Cleanup
[2636.005s][info ][safepoint      ] Leaving safepoint region
[2636.005s][info ][safepoint      ] Total time for which application threads were stopped: 0.0001152 seconds, Stopping threads took: 0.0000495 seconds
[2641.700s][info ][safepoint      ] Application time: 5.6950195 seconds
[2641.700s][info ][safepoint      ] Entering safepoint region: ParallelGCFailedAllocation
[2641.700s][info ][gc,start       ] GC(319) Pause Young (Allocation Failure)
[2641.704s][debug][gc,phases      ] GC(319) Scavenge 4.079ms
[2641.704s][debug][gc,ref         ] GC(319) Skipped phase1 of Reference Processing due to unavailable references
[2641.704s][debug][gc,ref         ] GC(319) Skipped phase3 of Reference Processing due to unavailable references
[2641.704s][debug][gc,phases      ] GC(319) Reference Processing 0.034ms
[2641.704s][debug][gc,phases      ] GC(319) Weak Processing 0.175ms
[2641.705s][debug][gc,phases      ] GC(319) Scrub String Table 0.569ms
[2641.705s][debug][gc,age         ] GC(319) Desired survivor size 18350080 bytes, new threshold 15 (max threshold 15)
[2641.705s][info ][gc,heap        ] GC(319) PSYoungGen: 2065568K->7856K(2079232K)
[2641.705s][info ][gc,heap        ] GC(319) ParOldGen: 477055K->477095K(486400K)
[2641.705s][info ][gc,metaspace   ] GC(319) Metaspace: 76357K->76357K(1118208K)
[2641.705s][info ][gc             ] GC(319) Pause Young (Allocation Failure) 2483M->473M(2505M) 5.014ms
[2641.705s][info ][gc,cpu         ] GC(319) User=0.02s Sys=0.00s Real=0.00s
[2641.705s][info ][safepoint      ] Leaving safepoint region
[2641.705s][info ][safepoint      ] Total time for which application threads were stopped: 0.0052009 seconds, Stopping threads took: 0.0000456 seconds
[2650.470s][info ][safepoint      ] Application time: 8.7653053 seconds
[2650.470s][info ][safepoint      ] Entering safepoint region: ParallelGCFailedAllocation
[2650.470s][info ][gc,start       ] GC(320) Pause Young (Allocation Failure)
[2650.475s][debug][gc,phases      ] GC(320) Scavenge 4.221ms
[2650.475s][debug][gc,ref         ] GC(320) Skipped phase1 of Reference Processing due to unavailable references
[2650.475s][debug][gc,ref         ] GC(320) Skipped phase3 of Reference Processing due to unavailable references
[2650.475s][debug][gc,phases      ] GC(320) Reference Processing 0.026ms
[2650.475s][debug][gc,phases      ] GC(320) Weak Processing 0.136ms
[2650.475s][debug][gc,phases      ] GC(320) Scrub String Table 0.410ms
[2650.475s][debug][gc,age         ] GC(320) Desired survivor size 17825792 bytes, new threshold 15 (max threshold 15)
[2650.475s][info ][gc,heap        ] GC(320) PSYoungGen: 2068144K->7984K(2078208K)
[2650.475s][info ][gc,heap        ] GC(320) ParOldGen: 477095K->477127K(486400K)
[2650.475s][info ][gc,metaspace   ] GC(320) Metaspace: 76357K->76357K(1118208K)
[2650.475s][info ][gc             ] GC(320) Pause Young (Allocation Failure) 2485M->473M(2504M) 4.933ms
[2650.475s][info ][gc,cpu         ] GC(320) User=0.01s Sys=0.01s Real=0.00s
[2650.475s][info ][safepoint      ] Leaving safepoint region
[2650.475s][info ][safepoint      ] Total time for which application threads were stopped: 0.0051038 seconds, Stopping threads took: 0.0000285 seconds
[2650.682s][info ][safepoint      ] Application time: 0.2063533 seconds
[2650.682s][info ][safepoint      ] Entering safepoint region: RevokeBias
[2650.682s][info ][safepoint      ] Leaving safepoint region
[2650.682s][info ][safepoint      ] Total time for which application threads were stopped: 0.0000970 seconds, Stopping threads took: 0.0000178 seconds
[2650.689s][info ][safepoint      ] Application time: 0.0071672 seconds
[2650.689s][info ][safepoint      ] Entering safepoint region: RevokeBias
[2650.689s][info ][safepoint      ] Leaving safepoint region
[2650.689s][info ][safepoint      ] Total time for which application threads were stopped: 0.0000341 seconds, Stopping threads took: 0.0000059 seconds
[2650.749s][info ][safepoint      ] Application time: 0.0594857 seconds
[2650.749s][info ][safepoint      ] Entering safepoint region: RevokeBias
[2650.749s][info ][safepoint      ] Leaving safepoint region
[2650.749s][info ][safepoint      ] Total time for which application threads were stopped: 0.0000971 seconds, Stopping threads took: 0.0000313 seconds
[2656.749s][info ][safepoint      ] Application time: 6.0004381 seconds
[2656.749s][info ][safepoint      ] Entering safepoint region: Cleanup
[2656.749s][info ][safepoint      ] Leaving safepoint region
[2656.749s][info ][safepoint      ] Total time for which application threads were stopped: 0.0000907 seconds, Stopping threads took: 0.0000375 seconds
[2658.749s][info ][safepoint      ] Application time: 2.0001552 seconds
[2658.750s][info ][safepoint      ] Entering safepoint region: Cleanup
[2658.750s][info ][safepoint      ] Leaving safepoint region
[2658.750s][info ][safepoint      ] Total time for which application threads were stopped: 0.0001083 seconds, Stopping threads took: 0.0000379 seconds
[2659.049s][info ][safepoint      ] Application time: 0.2998832 seconds
[2659.050s][info ][safepoint      ] Entering safepoint region: ParallelGCFailedAllocation
[2659.050s][info ][gc,start       ] GC(321) Pause Young (Allocation Failure)
[2659.054s][debug][gc,phases      ] GC(321) Scavenge 4.316ms
[2659.054s][debug][gc,ref         ] GC(321) Skipped phase1 of Reference Processing due to unavailable references
[2659.054s][debug][gc,ref         ] GC(321) Skipped phase3 of Reference Processing due to unavailable references
[2659.054s][debug][gc,ref         ] GC(321) Skipped phase4 of Reference Processing due to unavailable references
[2659.054s][debug][gc,phases      ] GC(321) Reference Processing 0.032ms
[2659.054s][debug][gc,phases      ] GC(321) Weak Processing 0.158ms
[2659.055s][debug][gc,phases      ] GC(321) Scrub String Table 0.542ms
[2659.055s][debug][gc,age         ] GC(321) Desired survivor size 17301504 bytes, new threshold 15 (max threshold 15)
[2659.055s][info ][gc,heap        ] GC(321) PSYoungGen: 2068272K->8064K(2080256K)
[2659.055s][info ][gc,heap        ] GC(321) ParOldGen: 477127K->477175K(486400K)
[2659.055s][info ][gc,metaspace   ] GC(321) Metaspace: 76357K->76357K(1118208K)
[2659.055s][info ][gc             ] GC(321) Pause Young (Allocation Failure) 2485M->473M(2506M) 5.187ms
[2659.055s][info ][gc,cpu         ] GC(321) User=0.02s Sys=0.00s Real=0.00s
[2659.055s][info ][safepoint      ] Leaving safepoint region
[2659.055s][info ][safepoint      ] Total time for which application threads were stopped: 0.0054351 seconds, Stopping threads took: 0.0000800 seconds
[2663.055s][info ][safepoint      ] Application time: 4.0003309 seconds
[2663.055s][info ][safepoint      ] Entering safepoint region: Cleanup
[2663.055s][info ][safepoint      ] Leaving safepoint region
[2663.055s][info ][safepoint      ] Total time for which application threads were stopped: 0.0001070 seconds, Stopping threads took: 0.0000375 seconds
[2667.600s][info ][safepoint      ] Application time: 4.5443817 seconds
[2667.600s][info ][safepoint      ] Entering safepoint region: ParallelGCFailedAllocation
[2667.600s][info ][gc,start       ] GC(322) Pause Young (Allocation Failure)
[2667.605s][debug][gc,phases      ] GC(322) Scavenge 4.831ms
[2667.605s][debug][gc,ref         ] GC(322) Skipped phase1 of Reference Processing due to unavailable references
[2667.605s][debug][gc,ref         ] GC(322) Skipped phase3 of Reference Processing due to unavailable references
[2667.605s][debug][gc,ref         ] GC(322) Skipped phase4 of Reference Processing due to unavailable references
[2667.605s][debug][gc,phases      ] GC(322) Reference Processing 0.032ms
[2667.605s][debug][gc,phases      ] GC(322) Weak Processing 0.141ms
[2667.606s][debug][gc,phases      ] GC(322) Scrub String Table 0.440ms
[2667.606s][debug][gc,age         ] GC(322) Desired survivor size 16777216 bytes, new threshold 15 (max threshold 15)
[2667.606s][info ][gc,heap        ] GC(322) PSYoungGen: 2070912K->8272K(2079744K)
[2667.606s][info ][gc,heap        ] GC(322) ParOldGen: 477175K->477247K(486400K)
[2667.606s][info ][gc,metaspace   ] GC(322) Metaspace: 76359K->76359K(1118208K)
[2667.606s][info ][gc             ] GC(322) Pause Young (Allocation Failure) 2488M->474M(2506M) 5.591ms
[2667.606s][info ][gc,cpu         ] GC(322) User=0.00s Sys=0.01s Real=0.00s
[2667.606s][info ][safepoint      ] Leaving safepoint region
[2667.606s][info ][safepoint      ] Total time for which application threads were stopped: 0.0057595 seconds, Stopping threads took: 0.0000294 seconds
[2668.606s][info ][safepoint      ] Application time: 1.0000841 seconds
[2668.606s][info ][safepoint      ] Entering safepoint region: Cleanup
[2668.606s][info ][safepoint      ] Leaving safepoint region
[2668.606s][info ][safepoint      ] Total time for which application threads were stopped: 0.0000899 seconds, Stopping threads took: 0.0000347 seconds
[2676.199s][info ][safepoint      ] Application time: 7.5933115 seconds
[2676.199s][info ][safepoint      ] Entering safepoint region: ParallelGCFailedAllocation
[2676.199s][info ][gc,start       ] GC(323) Pause Young (Allocation Failure)
[2676.204s][debug][gc,phases      ] GC(323) Scavenge 4.337ms
[2676.204s][debug][gc,ref         ] GC(323) Skipped phase1 of Reference Processing due to unavailable references
[2676.204s][debug][gc,ref         ] GC(323) Skipped phase3 of Reference Processing due to unavailable references
[2676.204s][debug][gc,ref         ] GC(323) Skipped phase4 of Reference Processing due to unavailable references
[2676.204s][debug][gc,phases      ] GC(323) Reference Processing 0.028ms
[2676.204s][debug][gc,phases      ] GC(323) Weak Processing 0.134ms
[2676.204s][debug][gc,phases      ] GC(323) Scrub String Table 0.460ms
[2676.204s][debug][gc,age         ] GC(323) Desired survivor size 15728640 bytes, new threshold 15 (max threshold 15)
[2676.204s][info ][gc,heap        ] GC(323) PSYoungGen: 2071120K->8496K(2081792K)
[2676.204s][info ][gc,heap        ] GC(323) ParOldGen: 477247K->477303K(486400K)
[2676.204s][info ][gc,metaspace   ] GC(323) Metaspace: 76359K->76359K(1118208K)
[2676.204s][info ][gc             ] GC(323) Pause Young (Allocation Failure) 2488M->474M(2508M) 5.094ms
[2676.204s][info ][gc,cpu         ] GC(323) User=0.02s Sys=0.00s Real=0.00s
[2676.204s][info ][safepoint      ] Leaving safepoint region
[2676.204s][info ][safepoint      ] Total time for which application threads were stopped: 0.0052688 seconds, Stopping threads took: 0.0000317 seconds
[2677.205s][info ][safepoint      ] Application time: 1.0000760 seconds
[2677.205s][info ][safepoint      ] Entering safepoint region: Cleanup
[2677.205s][info ][safepoint      ] Leaving safepoint region
[2677.205s][info ][safepoint      ] Total time for which application threads were stopped: 0.0001300 seconds, Stopping threads took: 0.0000654 seconds
[2683.205s][info ][safepoint      ] Application time: 6.0004551 seconds
[2683.205s][info ][safepoint      ] Entering safepoint region: Cleanup
[2683.205s][info ][safepoint      ] Leaving safepoint region
[2683.205s][info ][safepoint      ] Total time for which application threads were stopped: 0.0001175 seconds, Stopping threads took: 0.0000386 seconds
[2684.854s][info ][safepoint      ] Application time: 1.6482426 seconds
[2684.854s][info ][safepoint      ] Entering safepoint region: ParallelGCFailedAllocation
[2684.854s][info ][gc,start       ] GC(324) Pause Young (Allocation Failure)
[2684.859s][debug][gc,phases      ] GC(324) Scavenge 4.905ms
[2684.859s][debug][gc,ref         ] GC(324) Skipped phase1 of Reference Processing due to unavailable references
[2684.859s][debug][gc,ref         ] GC(324) Skipped phase3 of Reference Processing due to unavailable references
[2684.859s][debug][gc,ref         ] GC(324) Skipped phase4 of Reference Processing due to unavailable references
[2684.859s][debug][gc,phases      ] GC(324) Reference Processing 0.028ms
[2684.859s][debug][gc,phases      ] GC(324) Weak Processing 0.143ms
[2684.859s][debug][gc,phases      ] GC(324) Scrub String Table 0.439ms
[2684.859s][debug][gc,age         ] GC(324) Desired survivor size 15204352 bytes, new threshold 15 (max threshold 15)
[2684.859s][info ][gc,heap        ] GC(324) PSYoungGen: 2073904K->8480K(2080768K)
[2684.859s][info ][gc,heap        ] GC(324) ParOldGen: 477303K->477395K(486400K)
[2684.859s][info ][gc,metaspace   ] GC(324) Metaspace: 76359K->76359K(1118208K)
[2684.859s][info ][gc             ] GC(324) Pause Young (Allocation Failure) 2491M->474M(2507M) 5.646ms
[2684.859s][info ][gc,cpu         ] GC(324) User=0.02s Sys=0.00s Real=0.01s
[2684.859s][info ][safepoint      ] Leaving safepoint region
[2684.859s][info ][safepoint      ] Total time for which application threads were stopped: 0.0058414 seconds, Stopping threads took: 0.0000538 seconds
[2693.526s][info ][safepoint      ] Application time: 8.6660248 seconds
[2693.526s][info ][safepoint      ] Entering safepoint region: ParallelGCFailedAllocation
[2693.526s][info ][gc,start       ] GC(325) Pause Young (Allocation Failure)
[2693.531s][debug][gc,phases      ] GC(325) Scavenge 4.930ms
[2693.531s][debug][gc,ref         ] GC(325) Skipped phase1 of Reference Processing due to unavailable references
[2693.531s][debug][gc,ref         ] GC(325) Skipped phase2 of Reference Processing due to unavailable references
[2693.531s][debug][gc,ref         ] GC(325) Skipped phase3 of Reference Processing due to unavailable references
[2693.531s][debug][gc,ref         ] GC(325) Skipped phase4 of Reference Processing due to unavailable references
[2693.531s][debug][gc,phases      ] GC(325) Reference Processing 0.038ms
[2693.531s][debug][gc,phases      ] GC(325) Weak Processing 0.170ms
[2693.531s][debug][gc,phases      ] GC(325) Scrub String Table 0.554ms
[2693.531s][debug][gc,age         ] GC(325) Desired survivor size 14680064 bytes, new threshold 15 (max threshold 15)
[2693.531s][info ][gc,heap        ] GC(325) PSYoungGen: 2073888K->8320K(2082816K)
[2693.531s][info ][gc,heap        ] GC(325) ParOldGen: 477395K->477531K(486400K)
[2693.531s][info ][gc,metaspace   ] GC(325) Metaspace: 76359K->76359K(1118208K)
[2693.532s][info ][gc             ] GC(325) Pause Young (Allocation Failure) 2491M->474M(2509M) 5.848ms
[2693.532s][info ][gc,cpu         ] GC(325) User=0.02s Sys=0.00s Real=0.01s
[2693.532s][info ][safepoint      ] Leaving safepoint region
[2693.532s][info ][safepoint      ] Total time for which application threads were stopped: 0.0060189 seconds, Stopping threads took: 0.0000175 seconds
[2702.213s][info ][safepoint      ] Application time: 8.6815966 seconds
[2702.213s][info ][safepoint      ] Entering safepoint region: ParallelGCFailedAllocation
[2702.213s][info ][gc,start       ] GC(326) Pause Young (Allocation Failure)
[2702.218s][debug][gc,phases      ] GC(326) Scavenge 4.568ms
[2702.218s][debug][gc,ref         ] GC(326) Skipped phase1 of Reference Processing due to unavailable references
[2702.218s][debug][gc,ref         ] GC(326) Skipped phase2 of Reference Processing due to unavailable references
[2702.218s][debug][gc,ref         ] GC(326) Skipped phase3 of Reference Processing due to unavailable references
[2702.218s][debug][gc,ref         ] GC(326) Skipped phase4 of Reference Processing due to unavailable references
[2702.218s][debug][gc,phases      ] GC(326) Reference Processing 0.027ms
[2702.218s][debug][gc,phases      ] GC(326) Weak Processing 0.137ms
[2702.219s][debug][gc,phases      ] GC(326) Scrub String Table 0.430ms
[2702.219s][debug][gc,age         ] GC(326) Desired survivor size 14680064 bytes, new threshold 15 (max threshold 15)
[2702.219s][info ][gc,heap        ] GC(326) PSYoungGen: 2076288K->8176K(2082304K)
[2702.219s][info ][gc,heap        ] GC(326) ParOldGen: 477531K->477655K(486400K)
[2702.219s][info ][gc,metaspace   ] GC(326) Metaspace: 76361K->76361K(1118208K)
[2702.219s][info ][gc             ] GC(326) Pause Young (Allocation Failure) 2493M->474M(2508M) 5.294ms
[2702.219s][info ][gc,cpu         ] GC(326) User=0.02s Sys=0.00s Real=0.01s
[2702.219s][info ][safepoint      ] Leaving safepoint region
[2702.219s][info ][safepoint      ] Total time for which application threads were stopped: 0.0054488 seconds, Stopping threads took: 0.0000215 seconds
[2703.219s][info ][safepoint      ] Application time: 1.0000739 seconds
[2703.219s][info ][safepoint      ] Entering safepoint region: Cleanup
[2703.219s][info ][safepoint      ] Leaving safepoint region
[2703.219s][info ][safepoint      ] Total time for which application threads were stopped: 0.0001198 seconds, Stopping threads took: 0.0000552 seconds
[2710.776s][info ][safepoint      ] Application time: 7.5575750 seconds
[2710.777s][info ][safepoint      ] Entering safepoint region: ParallelGCFailedAllocation
[2710.777s][info ][gc,start       ] GC(327) Pause Young (Allocation Failure)
[2710.782s][debug][gc,phases      ] GC(327) Scavenge 5.072ms
[2710.782s][debug][gc,ref         ] GC(327) Skipped phase1 of Reference Processing due to unavailable references
[2710.782s][debug][gc,ref         ] GC(327) Skipped phase2 of Reference Processing due to unavailable references
[2710.782s][debug][gc,ref         ] GC(327) Skipped phase3 of Reference Processing due to unavailable references
[2710.782s][debug][gc,ref         ] GC(327) Skipped phase4 of Reference Processing due to unavailable references
[2710.782s][debug][gc,phases      ] GC(327) Reference Processing 0.052ms
[2710.782s][debug][gc,phases      ] GC(327) Weak Processing 0.199ms
[2710.783s][debug][gc,phases      ] GC(327) Scrub String Table 0.630ms
[2710.783s][debug][gc,age         ] GC(327) Desired survivor size 14680064 bytes, new threshold 15 (max threshold 15)
[2710.783s][info ][gc,heap        ] GC(327) PSYoungGen: 2076144K->5648K(2082816K)
[2710.783s][info ][gc,heap        ] GC(327) ParOldGen: 477655K->480531K(486400K)
[2710.783s][info ][gc,metaspace   ] GC(327) Metaspace: 76361K->76361K(1118208K)
[2710.783s][info ][gc             ] GC(327) Pause Young (Allocation Failure) 2493M->474M(2509M) 6.117ms
[2710.783s][info ][gc,cpu         ] GC(327) User=0.02s Sys=0.00s Real=0.01s
[2710.783s][info ][safepoint      ] Leaving safepoint region
[2710.783s][info ][safepoint      ] Total time for which application threads were stopped: 0.0063327 seconds, Stopping threads took: 0.0000536 seconds
[2713.783s][info ][safepoint      ] Application time: 3.0002376 seconds
[2713.783s][info ][safepoint      ] Entering safepoint region: Cleanup
[2713.783s][info ][safepoint      ] Leaving safepoint region
[2713.783s][info ][safepoint      ] Total time for which application threads were stopped: 0.0001092 seconds, Stopping threads took: 0.0000555 seconds
[2716.783s][info ][safepoint      ] Application time: 3.0001713 seconds
[2716.783s][info ][safepoint      ] Entering safepoint region: Cleanup
[2716.784s][info ][safepoint      ] Leaving safepoint region
[2716.784s][info ][safepoint      ] Total time for which application threads were stopped: 0.0000751 seconds, Stopping threads took: 0.0000125 seconds
[2717.784s][info ][safepoint      ] Application time: 1.0000779 seconds
[2717.784s][info ][safepoint      ] Entering safepoint region: Cleanup
[2717.784s][info ][safepoint      ] Leaving safepoint region
[2717.784s][info ][safepoint      ] Total time for which application threads were stopped: 0.0001241 seconds, Stopping threads took: 0.0000508 seconds
[2718.630s][info ][safepoint      ] Application time: 0.8458232 seconds
[2718.630s][info ][safepoint      ] Entering safepoint region: ParallelGCFailedAllocation
[2718.630s][info ][gc,start       ] GC(328) Pause Young (Allocation Failure)
[2718.635s][debug][gc,phases      ] GC(328) Scavenge 5.200ms
[2718.635s][debug][gc,ref         ] GC(328) Skipped phase1 of Reference Processing due to unavailable references
[2718.635s][debug][gc,ref         ] GC(328) Skipped phase2 of Reference Processing due to unavailable references
[2718.635s][debug][gc,ref         ] GC(328) Skipped phase3 of Reference Processing due to unavailable references
[2718.635s][debug][gc,phases      ] GC(328) Reference Processing 0.027ms
[2718.635s][debug][gc,phases      ] GC(328) Weak Processing 0.138ms
[2718.636s][debug][gc,phases      ] GC(328) Scrub String Table 0.429ms
[2718.636s][debug][gc,age         ] GC(328) Desired survivor size 14155776 bytes, new threshold 15 (max threshold 15)
[2718.636s][info ][gc,heap        ] GC(328) PSYoungGen: 2074128K->5568K(2082816K)
[2718.636s][info ][gc,heap        ] GC(328) ParOldGen: 480531K->480891K(486400K)
[2718.636s][info ][gc,metaspace   ] GC(328) Metaspace: 76366K->76366K(1118208K)
[2718.636s][info ][gc             ] GC(328) Pause Young (Allocation Failure) 2494M->475M(2509M) 5.910ms
[2718.636s][info ][gc,cpu         ] GC(328) User=0.02s Sys=0.00s Real=0.00s
[2718.636s][info ][safepoint      ] Leaving safepoint region
[2718.636s][info ][safepoint      ] Total time for which application threads were stopped: 0.0060595 seconds, Stopping threads took: 0.0000137 seconds
[2727.404s][info ][safepoint      ] Application time: 8.7678115 seconds
[2727.404s][info ][safepoint      ] Entering safepoint region: ParallelGCFailedAllocation
[2727.404s][info ][gc,start       ] GC(329) Pause Young (Allocation Failure)
[2727.408s][debug][gc,phases      ] GC(329) Scavenge 4.380ms
[2727.408s][debug][gc,ref         ] GC(329) Skipped phase1 of Reference Processing due to unavailable references
[2727.408s][debug][gc,ref         ] GC(329) Skipped phase2 of Reference Processing due to unavailable references
[2727.408s][debug][gc,ref         ] GC(329) Skipped phase3 of Reference Processing due to unavailable references
[2727.408s][debug][gc,phases      ] GC(329) Reference Processing 0.027ms
[2727.408s][debug][gc,phases      ] GC(329) Weak Processing 0.137ms
[2727.409s][debug][gc,phases      ] GC(329) Scrub String Table 0.451ms
[2727.409s][debug][gc,age         ] GC(329) Desired survivor size 14155776 bytes, new threshold 15 (max threshold 15)
[2727.409s][info ][gc,heap        ] GC(329) PSYoungGen: 2074048K->5456K(2083328K)
[2727.409s][info ][gc,heap        ] GC(329) ParOldGen: 480891K->480971K(486400K)
[2727.409s][info ][gc,metaspace   ] GC(329) Metaspace: 76366K->76366K(1118208K)
[2727.409s][info ][gc             ] GC(329) Pause Young (Allocation Failure) 2495M->475M(2509M) 5.115ms
[2727.409s][info ][gc,cpu         ] GC(329) User=0.02s Sys=0.00s Real=0.00s
[2727.409s][info ][safepoint      ] Leaving safepoint region
[2727.409s][info ][safepoint      ] Total time for which application threads were stopped: 0.0052751 seconds, Stopping threads took: 0.0000111 seconds
[2728.409s][info ][safepoint      ] Application time: 1.0000776 seconds
[2728.409s][info ][safepoint      ] Entering safepoint region: Cleanup
[2728.409s][info ][safepoint      ] Leaving safepoint region
[2728.409s][info ][safepoint      ] Total time for which application threads were stopped: 0.0000904 seconds, Stopping threads took: 0.0000310 seconds
[2736.125s][info ][safepoint      ] Application time: 7.7155034 seconds
[2736.125s][info ][safepoint      ] Entering safepoint region: ParallelGCFailedAllocation
[2736.125s][info ][gc,start       ] GC(330) Pause Young (Allocation Failure)
[2736.129s][debug][gc,phases      ] GC(330) Scavenge 4.399ms
[2736.129s][debug][gc,ref         ] GC(330) Skipped phase1 of Reference Processing due to unavailable references
[2736.129s][debug][gc,ref         ] GC(330) Skipped phase2 of Reference Processing due to unavailable references
[2736.129s][debug][gc,ref         ] GC(330) Skipped phase3 of Reference Processing due to unavailable references
[2736.129s][debug][gc,phases      ] GC(330) Reference Processing 0.029ms
[2736.129s][debug][gc,phases      ] GC(330) Weak Processing 0.125ms
[2736.130s][debug][gc,phases      ] GC(330) Scrub String Table 0.452ms
[2736.130s][debug][gc,age         ] GC(330) Desired survivor size 14155776 bytes, new threshold 15 (max threshold 15)
[2736.130s][info ][gc,heap        ] GC(330) PSYoungGen: 2074960K->5248K(2083328K)
[2736.130s][info ][gc,heap        ] GC(330) ParOldGen: 480971K->481348K(486400K)
[2736.130s][info ][gc,metaspace   ] GC(330) Metaspace: 76368K->76368K(1118208K)
[2736.130s][info ][gc             ] GC(330) Pause Young (Allocation Failure) 2496M->475M(2509M) 5.133ms
[2736.130s][info ][gc,cpu         ] GC(330) User=0.01s Sys=0.00s Real=0.01s
[2736.130s][info ][safepoint      ] Leaving safepoint region
[2736.130s][info ][safepoint      ] Total time for which application threads were stopped: 0.0052820 seconds, Stopping threads took: 0.0000134 seconds
[2744.130s][info ][safepoint      ] Application time: 8.0005754 seconds
[2744.131s][info ][safepoint      ] Entering safepoint region: Cleanup
[2744.131s][info ][safepoint      ] Leaving safepoint region
[2744.131s][info ][safepoint      ] Total time for which application threads were stopped: 0.0001209 seconds, Stopping threads took: 0.0000523 seconds
[2744.862s][info ][safepoint      ] Application time: 0.7313735 seconds
[2744.862s][info ][safepoint      ] Entering safepoint region: ParallelGCFailedAllocation
[2744.862s][info ][gc,start       ] GC(331) Pause Young (Allocation Failure)
[2744.866s][debug][gc,phases      ] GC(331) Scavenge 4.194ms
[2744.866s][debug][gc,ref         ] GC(331) Skipped phase1 of Reference Processing due to unavailable references
[2744.866s][debug][gc,ref         ] GC(331) Skipped phase2 of Reference Processing due to unavailable references
[2744.866s][debug][gc,ref         ] GC(331) Skipped phase3 of Reference Processing due to unavailable references
[2744.866s][debug][gc,phases      ] GC(331) Reference Processing 0.033ms
[2744.867s][debug][gc,phases      ] GC(331) Weak Processing 0.145ms
[2744.867s][debug][gc,phases      ] GC(331) Scrub String Table 0.464ms
[2744.867s][debug][gc,age         ] GC(331) Desired survivor size 14155776 bytes, new threshold 15 (max threshold 15)
[2744.867s][info ][gc,heap        ] GC(331) PSYoungGen: 2074752K->5344K(2083328K)
[2744.867s][info ][gc,heap        ] GC(331) ParOldGen: 481348K->481484K(486400K)
[2744.867s][info ][gc,metaspace   ] GC(331) Metaspace: 76385K->76385K(1118208K)
[2744.867s][info ][gc             ] GC(331) Pause Young (Allocation Failure) 2496M->475M(2509M) 4.971ms
[2744.867s][info ][gc,cpu         ] GC(331) User=0.02s Sys=0.00s Real=0.00s
[2744.867s][info ][safepoint      ] Leaving safepoint region
[2744.867s][info ][safepoint      ] Total time for which application threads were stopped: 0.0051301 seconds, Stopping threads took: 0.0000122 seconds
[2745.867s][info ][safepoint      ] Application time: 1.0000754 seconds
[2745.867s][info ][safepoint      ] Entering safepoint region: Cleanup
[2745.867s][info ][safepoint      ] Leaving safepoint region
[2745.867s][info ][safepoint      ] Total time for which application threads were stopped: 0.0001005 seconds, Stopping threads took: 0.0000330 seconds
[2751.868s][info ][safepoint      ] Application time: 6.0004692 seconds
[2751.868s][info ][safepoint      ] Entering safepoint region: Cleanup
[2751.868s][info ][safepoint      ] Leaving safepoint region
[2751.868s][info ][safepoint      ] Total time for which application threads were stopped: 0.0001139 seconds, Stopping threads took: 0.0000377 seconds
[2753.659s][info ][safepoint      ] Application time: 1.7911803 seconds
[2753.659s][info ][safepoint      ] Entering safepoint region: ParallelGCFailedAllocation
[2753.659s][info ][gc,start       ] GC(332) Pause Young (Allocation Failure)
[2753.663s][debug][gc,phases      ] GC(332) Scavenge 3.953ms
[2753.663s][debug][gc,ref         ] GC(332) Skipped phase1 of Reference Processing due to unavailable references
[2753.663s][debug][gc,ref         ] GC(332) Skipped phase2 of Reference Processing due to unavailable references
[2753.663s][debug][gc,ref         ] GC(332) Skipped phase3 of Reference Processing due to unavailable references
[2753.663s][debug][gc,phases      ] GC(332) Reference Processing 0.028ms
[2753.664s][debug][gc,phases      ] GC(332) Weak Processing 0.139ms
[2753.664s][debug][gc,phases      ] GC(332) Scrub String Table 0.454ms
[2753.664s][debug][gc,age         ] GC(332) Desired survivor size 13631488 bytes, new threshold 15 (max threshold 15)
[2753.664s][info ][gc,heap        ] GC(332) PSYoungGen: 2074848K->5168K(2083328K)
[2753.664s][info ][gc,heap        ] GC(332) ParOldGen: 481484K->481596K(486400K)
[2753.664s][info ][gc,metaspace   ] GC(332) Metaspace: 76389K->76389K(1118208K)
[2753.664s][info ][gc             ] GC(332) Pause Young (Allocation Failure) 2496M->475M(2509M) 4.702ms
[2753.664s][info ][gc,cpu         ] GC(332) User=0.02s Sys=0.00s Real=0.00s
[2753.664s][info ][safepoint      ] Leaving safepoint region
[2753.664s][info ][safepoint      ] Total time for which application threads were stopped: 0.0048466 seconds, Stopping threads took: 0.0000124 seconds
[2762.472s][info ][safepoint      ] Application time: 8.8077803 seconds
[2762.472s][info ][safepoint      ] Entering safepoint region: ParallelGCFailedAllocation
[2762.472s][info ][gc,start       ] GC(333) Pause Young (Allocation Failure)
[2762.477s][debug][gc,phases      ] GC(333) Scavenge 4.488ms
[2762.477s][debug][gc,ref         ] GC(333) Skipped phase1 of Reference Processing due to unavailable references
[2762.477s][debug][gc,ref         ] GC(333) Skipped phase2 of Reference Processing due to unavailable references
[2762.477s][debug][gc,ref         ] GC(333) Skipped phase3 of Reference Processing due to unavailable references
[2762.477s][debug][gc,phases      ] GC(333) Reference Processing 0.027ms
[2762.477s][debug][gc,phases      ] GC(333) Weak Processing 0.135ms
[2762.477s][debug][gc,phases      ] GC(333) Scrub String Table 0.451ms
[2762.477s][debug][gc,age         ] GC(333) Desired survivor size 13631488 bytes, new threshold 15 (max threshold 15)
[2762.477s][info ][gc,heap        ] GC(333) PSYoungGen: 2074672K->4960K(2083840K)
[2762.477s][info ][gc,heap        ] GC(333) ParOldGen: 481596K->481772K(486400K)
[2762.477s][info ][gc,metaspace   ] GC(333) Metaspace: 76389K->76389K(1118208K)
[2762.477s][info ][gc             ] GC(333) Pause Young (Allocation Failure) 2496M->475M(2510M) 5.228ms
[2762.477s][info ][gc,cpu         ] GC(333) User=0.02s Sys=0.00s Real=0.01s
[2762.477s][info ][safepoint      ] Leaving safepoint region
[2762.477s][info ][safepoint      ] Total time for which application threads were stopped: 0.0053770 seconds, Stopping threads took: 0.0000126 seconds
[2771.283s][info ][safepoint      ] Application time: 8.8056394 seconds
[2771.283s][info ][safepoint      ] Entering safepoint region: ParallelGCFailedAllocation
[2771.283s][info ][gc,start       ] GC(334) Pause Young (Allocation Failure)
[2771.287s][debug][gc,phases      ] GC(334) Scavenge 4.196ms
[2771.287s][debug][gc,ref         ] GC(334) Skipped phase1 of Reference Processing due to unavailable references
[2771.287s][debug][gc,ref         ] GC(334) Skipped phase2 of Reference Processing due to unavailable references
[2771.287s][debug][gc,ref         ] GC(334) Skipped phase3 of Reference Processing due to unavailable references
[2771.287s][debug][gc,phases      ] GC(334) Reference Processing 0.045ms
[2771.288s][debug][gc,phases      ] GC(334) Weak Processing 0.135ms
[2771.288s][debug][gc,phases      ] GC(334) Scrub String Table 0.405ms
[2771.288s][debug][gc,age         ] GC(334) Desired survivor size 13107200 bytes, new threshold 15 (max threshold 15)
[2771.288s][info ][gc,heap        ] GC(334) PSYoungGen: 2075488K->4944K(2083840K)
[2771.288s][info ][gc,heap        ] GC(334) ParOldGen: 481772K->481932K(486400K)
[2771.288s][info ][gc,metaspace   ] GC(334) Metaspace: 76389K->76389K(1118208K)
[2771.288s][info ][gc             ] GC(334) Pause Young (Allocation Failure) 2497M->475M(2510M) 4.896ms
[2771.288s][info ][gc,cpu         ] GC(334) User=0.02s Sys=0.00s Real=0.00s
[2771.288s][info ][safepoint      ] Leaving safepoint region
[2771.288s][info ][safepoint      ] Total time for which application threads were stopped: 0.0050429 seconds, Stopping threads took: 0.0000131 seconds
[2778.117s][info ][safepoint      ] Application time: 6.8289955 seconds
[2778.117s][info ][safepoint      ] Entering safepoint region: RevokeBias
[2778.117s][info ][safepoint      ] Leaving safepoint region
[2778.117s][info ][safepoint      ] Total time for which application threads were stopped: 0.0001369 seconds, Stopping threads took: 0.0000332 seconds
[2778.118s][info ][safepoint      ] Application time: 0.0002956 seconds
[2778.118s][info ][safepoint      ] Entering safepoint region: RevokeBias
[2778.118s][info ][safepoint      ] Leaving safepoint region
[2778.118s][info ][safepoint      ] Total time for which application threads were stopped: 0.0000796 seconds, Stopping threads took: 0.0000519 seconds
[2778.118s][info ][safepoint      ] Application time: 0.0000435 seconds
[2778.118s][info ][safepoint      ] Entering safepoint region: RevokeBias
[2778.118s][info ][safepoint      ] Leaving safepoint region
[2778.118s][info ][safepoint      ] Total time for which application threads were stopped: 0.0000327 seconds, Stopping threads took: 0.0000117 seconds
[2779.849s][info ][safepoint      ] Application time: 1.7313046 seconds
[2779.849s][info ][safepoint      ] Entering safepoint region: ParallelGCFailedAllocation
[2779.849s][info ][gc,start       ] GC(335) Pause Young (Allocation Failure)
[2779.853s][debug][gc,phases      ] GC(335) Scavenge 4.040ms
[2779.853s][debug][gc,ref         ] GC(335) Skipped phase1 of Reference Processing due to unavailable references
[2779.853s][debug][gc,ref         ] GC(335) Skipped phase2 of Reference Processing due to unavailable references
[2779.853s][debug][gc,ref         ] GC(335) Skipped phase3 of Reference Processing due to unavailable references
[2779.853s][debug][gc,ref         ] GC(335) Skipped phase4 of Reference Processing due to unavailable references
[2779.853s][debug][gc,phases      ] GC(335) Reference Processing 0.029ms
[2779.853s][debug][gc,phases      ] GC(335) Weak Processing 0.135ms
[2779.854s][debug][gc,phases      ] GC(335) Scrub String Table 0.426ms
[2779.854s][debug][gc,age         ] GC(335) Desired survivor size 13107200 bytes, new threshold 15 (max threshold 15)
[2779.854s][info ][gc,heap        ] GC(335) PSYoungGen: 2075472K->4816K(2084352K)
[2779.854s][info ][gc,heap        ] GC(335) ParOldGen: 481932K->481988K(486400K)
[2779.854s][info ][gc,metaspace   ] GC(335) Metaspace: 76389K->76389K(1118208K)
[2779.854s][info ][gc             ] GC(335) Pause Young (Allocation Failure) 2497M->475M(2510M) 4.757ms
[2779.854s][info ][gc,cpu         ] GC(335) User=0.01s Sys=0.00s Real=0.00s
[2779.854s][info ][safepoint      ] Leaving safepoint region
[2779.854s][info ][safepoint      ] Total time for which application threads were stopped: 0.0049355 seconds, Stopping threads took: 0.0000464 seconds
[2780.854s][info ][safepoint      ] Application time: 1.0000839 seconds
[2780.854s][info ][safepoint      ] Entering safepoint region: Cleanup
[2780.854s][info ][safepoint      ] Leaving safepoint region
[2780.854s][info ][safepoint      ] Total time for which application threads were stopped: 0.0001096 seconds, Stopping threads took: 0.0000471 seconds
[2785.855s][info ][safepoint      ] Application time: 5.0003467 seconds
[2785.855s][info ][safepoint      ] Entering safepoint region: Cleanup
[2785.855s][info ][safepoint      ] Leaving safepoint region
[2785.855s][info ][safepoint      ] Total time for which application threads were stopped: 0.0001226 seconds, Stopping threads took: 0.0000470 seconds
[2788.549s][info ][safepoint      ] Application time: 2.6945828 seconds
[2788.549s][info ][safepoint      ] Entering safepoint region: ParallelGCFailedAllocation
[2788.549s][info ][gc,start       ] GC(336) Pause Young (Allocation Failure)
[2788.554s][debug][gc,phases      ] GC(336) Scavenge 4.352ms
[2788.554s][debug][gc,ref         ] GC(336) Skipped phase1 of Reference Processing due to unavailable references
[2788.554s][debug][gc,ref         ] GC(336) Skipped phase2 of Reference Processing due to unavailable references
[2788.554s][debug][gc,ref         ] GC(336) Skipped phase3 of Reference Processing due to unavailable references
[2788.554s][debug][gc,ref         ] GC(336) Skipped phase4 of Reference Processing due to unavailable references
[2788.554s][debug][gc,phases      ] GC(336) Reference Processing 0.028ms
[2788.554s][debug][gc,phases      ] GC(336) Weak Processing 0.150ms
[2788.555s][debug][gc,phases      ] GC(336) Scrub String Table 0.429ms
[2788.555s][debug][gc,age         ] GC(336) Desired survivor size 12582912 bytes, new threshold 15 (max threshold 15)
[2788.555s][info ][gc,heap        ] GC(336) PSYoungGen: 2076368K->4688K(2084352K)
[2788.555s][info ][gc,heap        ] GC(336) ParOldGen: 481988K->482204K(486400K)
[2788.555s][info ][gc,metaspace   ] GC(336) Metaspace: 76389K->76389K(1118208K)
[2788.555s][info ][gc             ] GC(336) Pause Young (Allocation Failure) 2498M->475M(2510M) 5.085ms
[2788.555s][info ][gc,cpu         ] GC(336) User=0.02s Sys=0.00s Real=0.00s
[2788.555s][info ][safepoint      ] Leaving safepoint region
[2788.555s][info ][safepoint      ] Total time for which application threads were stopped: 0.0052564 seconds, Stopping threads took: 0.0000509 seconds
[2789.555s][info ][safepoint      ] Application time: 1.0000796 seconds
[2789.555s][info ][safepoint      ] Entering safepoint region: Cleanup
[2789.555s][info ][safepoint      ] Leaving safepoint region
[2789.555s][info ][safepoint      ] Total time for which application threads were stopped: 0.0001096 seconds, Stopping threads took: 0.0000366 seconds
[2797.299s][info ][safepoint      ] Application time: 7.7444974 seconds
[2797.299s][info ][safepoint      ] Entering safepoint region: ParallelGCFailedAllocation
[2797.300s][info ][gc,start       ] GC(337) Pause Young (Allocation Failure)
[2797.304s][debug][gc,phases      ] GC(337) Scavenge 4.079ms
[2797.304s][debug][gc,ref         ] GC(337) Skipped phase1 of Reference Processing due to unavailable references
[2797.304s][debug][gc,ref         ] GC(337) Skipped phase2 of Reference Processing due to unavailable references
[2797.304s][debug][gc,ref         ] GC(337) Skipped phase3 of Reference Processing due to unavailable references
[2797.304s][debug][gc,ref         ] GC(337) Skipped phase4 of Reference Processing due to unavailable references
[2797.304s][debug][gc,phases      ] GC(337) Reference Processing 0.035ms
[2797.304s][debug][gc,phases      ] GC(337) Weak Processing 0.176ms
[2797.304s][debug][gc,phases      ] GC(337) Scrub String Table 0.551ms
[2797.304s][debug][gc,age         ] GC(337) Desired survivor size 12582912 bytes, new threshold 15 (max threshold 15)
[2797.304s][info ][gc,heap        ] GC(337) PSYoungGen: 2076240K->4768K(2084864K)
[2797.304s][info ][gc,heap        ] GC(337) ParOldGen: 482204K->482316K(486400K)
[2797.304s][info ][gc,metaspace   ] GC(337) Metaspace: 76389K->76389K(1118208K)
[2797.305s][info ][gc             ] GC(337) Pause Young (Allocation Failure) 2498M->475M(2511M) 4.975ms
[2797.305s][info ][gc,cpu         ] GC(337) User=0.02s Sys=0.00s Real=0.00s
[2797.305s][info ][safepoint      ] Leaving safepoint region
[2797.305s][info ][safepoint      ] Total time for which application threads were stopped: 0.0051482 seconds, Stopping threads took: 0.0000406 seconds
[2806.077s][info ][safepoint      ] Application time: 8.7726945 seconds
[2806.077s][info ][safepoint      ] Entering safepoint region: ParallelGCFailedAllocation
[2806.077s][info ][gc,start       ] GC(338) Pause Young (Allocation Failure)
[2806.082s][debug][gc,phases      ] GC(338) Scavenge 4.277ms
[2806.082s][debug][gc,ref         ] GC(338) Skipped phase1 of Reference Processing due to unavailable references
[2806.082s][debug][gc,ref         ] GC(338) Skipped phase2 of Reference Processing due to unavailable references
[2806.082s][debug][gc,ref         ] GC(338) Skipped phase3 of Reference Processing due to unavailable references
[2806.082s][debug][gc,ref         ] GC(338) Skipped phase4 of Reference Processing due to unavailable references
[2806.082s][debug][gc,phases      ] GC(338) Reference Processing 0.036ms
[2806.082s][debug][gc,phases      ] GC(338) Weak Processing 0.169ms
[2806.083s][debug][gc,phases      ] GC(338) Scrub String Table 0.575ms
[2806.083s][debug][gc,age         ] GC(338) Desired survivor size 12058624 bytes, new threshold 15 (max threshold 15)
[2806.083s][info ][gc,heap        ] GC(338) PSYoungGen: 2077344K->4448K(2084864K)
[2806.083s][info ][gc,heap        ] GC(338) ParOldGen: 482316K->482704K(486400K)
[2806.083s][info ][gc,metaspace   ] GC(338) Metaspace: 76389K->76389K(1118208K)
[2806.083s][info ][gc             ] GC(338) Pause Young (Allocation Failure) 2499M->475M(2511M) 5.203ms
[2806.083s][info ][gc,cpu         ] GC(338) User=0.02s Sys=0.00s Real=0.00s
[2806.083s][info ][safepoint      ] Leaving safepoint region
[2806.083s][info ][safepoint      ] Total time for which application threads were stopped: 0.0053920 seconds, Stopping threads took: 0.0000322 seconds
[2813.083s][info ][safepoint      ] Application time: 7.0005011 seconds
[2813.083s][info ][safepoint      ] Entering safepoint region: Cleanup
[2813.083s][info ][safepoint      ] Leaving safepoint region
[2813.083s][info ][safepoint      ] Total time for which application threads were stopped: 0.0000655 seconds, Stopping threads took: 0.0000142 seconds
[2814.775s][info ][safepoint      ] Application time: 1.6915747 seconds
[2814.775s][info ][safepoint      ] Entering safepoint region: ParallelGCFailedAllocation
[2814.775s][info ][gc,start       ] GC(339) Pause Young (Allocation Failure)
[2814.779s][debug][gc,phases      ] GC(339) Scavenge 4.132ms
[2814.779s][debug][gc,ref         ] GC(339) Skipped phase1 of Reference Processing due to unavailable references
[2814.779s][debug][gc,ref         ] GC(339) Skipped phase2 of Reference Processing due to unavailable references
[2814.779s][debug][gc,ref         ] GC(339) Skipped phase3 of Reference Processing due to unavailable references
[2814.779s][debug][gc,ref         ] GC(339) Skipped phase4 of Reference Processing due to unavailable references
[2814.779s][debug][gc,phases      ] GC(339) Reference Processing 0.030ms
[2814.779s][debug][gc,phases      ] GC(339) Weak Processing 0.116ms
[2814.780s][debug][gc,phases      ] GC(339) Scrub String Table 0.416ms
[2814.780s][debug][gc,age         ] GC(339) Desired survivor size 12058624 bytes, new threshold 15 (max threshold 15)
[2814.780s][info ][gc,heap        ] GC(339) PSYoungGen: 2077024K->4448K(2085376K)
[2814.780s][info ][gc,heap        ] GC(339) ParOldGen: 482704K->482836K(486400K)
[2814.780s][info ][gc,metaspace   ] GC(339) Metaspace: 76389K->76389K(1118208K)
[2814.780s][info ][gc             ] GC(339) Pause Young (Allocation Failure) 2499M->475M(2511M) 4.812ms
[2814.780s][info ][gc,cpu         ] GC(339) User=0.02s Sys=0.00s Real=0.01s
[2814.780s][info ][safepoint      ] Leaving safepoint region
[2814.780s][info ][safepoint      ] Total time for which application threads were stopped: 0.0049501 seconds, Stopping threads took: 0.0000124 seconds
[2823.293s][info ][safepoint      ] Application time: 8.5135970 seconds
[2823.294s][info ][safepoint      ] Entering safepoint region: ParallelGCFailedAllocation
[2823.294s][info ][gc,start       ] GC(340) Pause Young (Allocation Failure)
[2823.298s][debug][gc,phases      ] GC(340) Scavenge 3.919ms
[2823.298s][debug][gc,ref         ] GC(340) Skipped phase1 of Reference Processing due to unavailable references
[2823.298s][debug][gc,ref         ] GC(340) Skipped phase2 of Reference Processing due to unavailable references
[2823.298s][debug][gc,ref         ] GC(340) Skipped phase3 of Reference Processing due to unavailable references
[2823.298s][debug][gc,ref         ] GC(340) Skipped phase4 of Reference Processing due to unavailable references
[2823.298s][debug][gc,phases      ] GC(340) Reference Processing 0.028ms
[2823.298s][debug][gc,phases      ] GC(340) Weak Processing 0.134ms
[2823.298s][debug][gc,phases      ] GC(340) Scrub String Table 0.422ms
[2823.298s][debug][gc,age         ] GC(340) Desired survivor size 11534336 bytes, new threshold 15 (max threshold 15)
[2823.298s][info ][gc,heap        ] GC(340) PSYoungGen: 2078043K->4736K(2085376K)
[2823.298s][info ][gc,heap        ] GC(340) ParOldGen: 482836K->482920K(486400K)
[2823.298s][info ][gc,metaspace   ] GC(340) Metaspace: 76392K->76392K(1118208K)
[2823.298s][info ][gc             ] GC(340) Pause Young (Allocation Failure) 2500M->476M(2511M) 4.642ms
[2823.298s][info ][gc,cpu         ] GC(340) User=0.01s Sys=0.00s Real=0.01s
[2823.298s][info ][safepoint      ] Leaving safepoint region
[2823.298s][info ][safepoint      ] Total time for which application threads were stopped: 0.0047718 seconds, Stopping threads took: 0.0000108 seconds
[2829.299s][info ][safepoint      ] Application time: 6.0004070 seconds
[2829.299s][info ][safepoint      ] Entering safepoint region: Cleanup
[2829.299s][info ][safepoint      ] Leaving safepoint region
[2829.299s][info ][safepoint      ] Total time for which application threads were stopped: 0.0001027 seconds, Stopping threads took: 0.0000343 seconds
[2831.866s][info ][safepoint      ] Application time: 2.5667868 seconds
[2831.866s][info ][safepoint      ] Entering safepoint region: ParallelGCFailedAllocation
[2831.866s][info ][gc,start       ] GC(341) Pause Young (Allocation Failure)
[2831.870s][debug][gc,phases      ] GC(341) Scavenge 4.267ms
[2831.870s][debug][gc,ref         ] GC(341) Skipped phase1 of Reference Processing due to unavailable references
[2831.870s][debug][gc,ref         ] GC(341) Skipped phase2 of Reference Processing due to unavailable references
[2831.870s][debug][gc,ref         ] GC(341) Skipped phase3 of Reference Processing due to unavailable references
[2831.870s][debug][gc,phases      ] GC(341) Reference Processing 0.040ms
[2831.870s][debug][gc,phases      ] GC(341) Weak Processing 0.127ms
[2831.871s][debug][gc,phases      ] GC(341) Scrub String Table 0.461ms
[2831.871s][debug][gc,age         ] GC(341) Desired survivor size 11010048 bytes, new threshold 15 (max threshold 15)
[2831.871s][info ][gc,heap        ] GC(341) PSYoungGen: 2078336K->5584K(2086400K)
[2831.871s][info ][gc,heap        ] GC(341) ParOldGen: 482920K->483000K(486400K)
[2831.871s][info ][gc,metaspace   ] GC(341) Metaspace: 76400K->76400K(1118208K)
[2831.871s][info ][gc             ] GC(341) Pause Young (Allocation Failure) 2501M->477M(2512M) 5.024ms
[2831.871s][info ][gc,cpu         ] GC(341) User=0.02s Sys=0.00s Real=0.01s
[2831.871s][info ][safepoint      ] Leaving safepoint region
[2831.871s][info ][safepoint      ] Total time for which application threads were stopped: 0.0051904 seconds, Stopping threads took: 0.0000129 seconds
[2840.510s][info ][safepoint      ] Application time: 8.6389715 seconds
[2840.510s][info ][safepoint      ] Entering safepoint region: ParallelGCFailedAllocation
[2840.510s][info ][gc,start       ] GC(342) Pause Young (Allocation Failure)
[2840.515s][debug][gc,phases      ] GC(342) Scavenge 4.528ms
[2840.515s][debug][gc,ref         ] GC(342) Skipped phase1 of Reference Processing due to unavailable references
[2840.515s][debug][gc,ref         ] GC(342) Skipped phase2 of Reference Processing due to unavailable references
[2840.515s][debug][gc,ref         ] GC(342) Skipped phase3 of Reference Processing due to unavailable references
[2840.515s][debug][gc,phases      ] GC(342) Reference Processing 0.072ms
[2840.515s][debug][gc,phases      ] GC(342) Weak Processing 0.136ms
[2840.515s][debug][gc,phases      ] GC(342) Scrub String Table 0.423ms
[2840.515s][debug][gc,age         ] GC(342) Desired survivor size 10485760 bytes, new threshold 15 (max threshold 15)
[2840.515s][info ][gc,heap        ] GC(342) PSYoungGen: 2080720K->6016K(2085888K)
[2840.515s][info ][gc,heap        ] GC(342) ParOldGen: 483000K->483128K(486400K)
[2840.515s][info ][gc,metaspace   ] GC(342) Metaspace: 76406K->76406K(1118208K)
[2840.515s][info ][gc             ] GC(342) Pause Young (Allocation Failure) 2503M->477M(2512M) 5.287ms
[2840.515s][info ][gc,cpu         ] GC(342) User=0.02s Sys=0.00s Real=0.00s
[2840.515s][info ][safepoint      ] Leaving safepoint region
[2840.515s][info ][safepoint      ] Total time for which application threads were stopped: 0.0054536 seconds, Stopping threads took: 0.0000264 seconds
[2849.249s][info ][safepoint      ] Application time: 8.7337525 seconds
[2849.249s][info ][safepoint      ] Entering safepoint region: ParallelGCFailedAllocation
[2849.249s][info ][gc,start       ] GC(343) Pause Young (Allocation Failure)
[2849.253s][debug][gc,phases      ] GC(343) Scavenge 4.046ms
[2849.253s][debug][gc,ref         ] GC(343) Skipped phase1 of Reference Processing due to unavailable references
[2849.253s][debug][gc,ref         ] GC(343) Skipped phase2 of Reference Processing due to unavailable references
[2849.253s][debug][gc,ref         ] GC(343) Skipped phase3 of Reference Processing due to unavailable references
[2849.253s][debug][gc,phases      ] GC(343) Reference Processing 0.029ms
[2849.254s][debug][gc,phases      ] GC(343) Weak Processing 0.137ms
[2849.254s][debug][gc,phases      ] GC(343) Scrub String Table 0.456ms
[2849.254s][debug][gc,age         ] GC(343) Desired survivor size 9961472 bytes, new threshold 15 (max threshold 15)
[2849.254s][info ][gc,heap        ] GC(343) PSYoungGen: 2081152K->5944K(2087424K)
[2849.254s][info ][gc,heap        ] GC(343) ParOldGen: 483128K->483192K(486400K)
[2849.254s][info ][gc,metaspace   ] GC(343) Metaspace: 76406K->76406K(1118208K)
[2849.254s][info ][gc             ] GC(343) Pause Young (Allocation Failure) 2504M->477M(2513M) 4.795ms
[2849.254s][info ][gc,cpu         ] GC(343) User=0.02s Sys=0.00s Real=0.00s
[2849.254s][info ][safepoint      ] Leaving safepoint region
[2849.254s][info ][safepoint      ] Total time for which application threads were stopped: 0.0049529 seconds, Stopping threads took: 0.0000153 seconds
[2855.255s][info ][safepoint      ] Application time: 6.0004397 seconds
[2855.255s][info ][safepoint      ] Entering safepoint region: Cleanup
[2855.255s][info ][safepoint      ] Leaving safepoint region
[2855.255s][info ][safepoint      ] Total time for which application threads were stopped: 0.0001229 seconds, Stopping threads took: 0.0000505 seconds
[2858.043s][info ][safepoint      ] Application time: 2.7885077 seconds
[2858.043s][info ][safepoint      ] Entering safepoint region: ParallelGCFailedAllocation
[2858.043s][info ][gc,start       ] GC(344) Pause Young (Allocation Failure)
[2858.047s][debug][gc,phases      ] GC(344) Scavenge 3.828ms
[2858.047s][debug][gc,ref         ] GC(344) Skipped phase1 of Reference Processing due to unavailable references
[2858.047s][debug][gc,ref         ] GC(344) Skipped phase2 of Reference Processing due to unavailable references
[2858.047s][debug][gc,ref         ] GC(344) Skipped phase3 of Reference Processing due to unavailable references
[2858.047s][debug][gc,phases      ] GC(344) Reference Processing 0.027ms
[2858.047s][debug][gc,phases      ] GC(344) Weak Processing 0.147ms
[2858.048s][debug][gc,phases      ] GC(344) Scrub String Table 0.423ms
[2858.048s][debug][gc,age         ] GC(344) Desired survivor size 9961472 bytes, new threshold 15 (max threshold 15)
[2858.048s][info ][gc,heap        ] GC(344) PSYoungGen: 2083128K->5872K(2086912K)
[2858.048s][info ][gc,heap        ] GC(344) ParOldGen: 483192K->483268K(486400K)
[2858.048s][info ][gc,metaspace   ] GC(344) Metaspace: 76406K->76406K(1118208K)
[2858.048s][info ][gc             ] GC(344) Pause Young (Allocation Failure) 2506M->477M(2513M) 4.567ms
[2858.048s][info ][gc,cpu         ] GC(344) User=0.01s Sys=0.00s Real=0.00s
[2858.048s][info ][safepoint      ] Leaving safepoint region
[2858.048s][info ][safepoint      ] Total time for which application threads were stopped: 0.0047170 seconds, Stopping threads took: 0.0000112 seconds
[2866.049s][info ][safepoint      ] Application time: 8.0005723 seconds
[2866.049s][info ][safepoint      ] Entering safepoint region: Cleanup
[2866.049s][info ][safepoint      ] Leaving safepoint region
[2866.049s][info ][safepoint      ] Total time for which application threads were stopped: 0.0001030 seconds, Stopping threads took: 0.0000481 seconds
[2866.649s][info ][safepoint      ] Application time: 0.6006169 seconds
[2866.649s][info ][safepoint      ] Entering safepoint region: ParallelGCFailedAllocation
[2866.649s][info ][gc,start       ] GC(345) Pause Young (Allocation Failure)
[2866.654s][debug][gc,phases      ] GC(345) Scavenge 4.077ms
[2866.654s][debug][gc,ref         ] GC(345) Skipped phase1 of Reference Processing due to unavailable references
[2866.654s][debug][gc,ref         ] GC(345) Skipped phase3 of Reference Processing due to unavailable references
[2866.654s][debug][gc,phases      ] GC(345) Reference Processing 0.028ms
[2866.654s][debug][gc,phases      ] GC(345) Weak Processing 0.124ms
[2866.654s][debug][gc,phases      ] GC(345) Scrub String Table 0.464ms
[2866.654s][debug][gc,age         ] GC(345) Desired survivor size 9437184 bytes, new threshold 15 (max threshold 15)
[2866.654s][info ][gc,heap        ] GC(345) PSYoungGen: 2083056K->5552K(2087936K)
[2866.654s][info ][gc,heap        ] GC(345) ParOldGen: 483268K->483364K(486400K)
[2866.654s][info ][gc,metaspace   ] GC(345) Metaspace: 76408K->76408K(1118208K)
[2866.654s][info ][gc             ] GC(345) Pause Young (Allocation Failure) 2506M->477M(2514M) 4.824ms
[2866.654s][info ][gc,cpu         ] GC(345) User=0.01s Sys=0.00s Real=0.00s
[2866.654s][info ][safepoint      ] Leaving safepoint region
[2866.654s][info ][safepoint      ] Total time for which application threads were stopped: 0.0050161 seconds, Stopping threads took: 0.0000440 seconds
[2868.655s][info ][safepoint      ] Application time: 2.0003275 seconds
[2868.655s][info ][safepoint      ] Entering safepoint region: Cleanup
[2868.655s][info ][safepoint      ] Leaving safepoint region
[2868.655s][info ][safepoint      ] Total time for which application threads were stopped: 0.0001078 seconds, Stopping threads took: 0.0000422 seconds
[2875.185s][info ][safepoint      ] Application time: 6.5297367 seconds
[2875.185s][info ][safepoint      ] Entering safepoint region: ParallelGCFailedAllocation
[2875.185s][info ][gc,start       ] GC(346) Pause Young (Allocation Failure)
[2875.189s][debug][gc,phases      ] GC(346) Scavenge 4.034ms
[2875.189s][debug][gc,ref         ] GC(346) Skipped phase1 of Reference Processing due to unavailable references
[2875.189s][debug][gc,ref         ] GC(346) Skipped phase2 of Reference Processing due to unavailable references
[2875.189s][debug][gc,ref         ] GC(346) Skipped phase3 of Reference Processing due to unavailable references
[2875.189s][debug][gc,phases      ] GC(346) Reference Processing 0.047ms
[2875.189s][debug][gc,phases      ] GC(346) Weak Processing 0.130ms
[2875.189s][debug][gc,phases      ] GC(346) Scrub String Table 0.429ms
[2875.189s][debug][gc,age         ] GC(346) Desired survivor size 9437184 bytes, new threshold 15 (max threshold 15)
[2875.189s][info ][gc,heap        ] GC(346) PSYoungGen: 2083760K->5600K(2087424K)
[2875.189s][info ][gc,heap        ] GC(346) ParOldGen: 483364K->483484K(486400K)
[2875.189s][info ][gc,metaspace   ] GC(346) Metaspace: 76409K->76409K(1118208K)
[2875.189s][info ][gc             ] GC(346) Pause Young (Allocation Failure) 2506M->477M(2513M) 4.766ms
[2875.189s][info ][gc,cpu         ] GC(346) User=0.02s Sys=0.00s Real=0.01s
[2875.189s][info ][safepoint      ] Leaving safepoint region
[2875.190s][info ][safepoint      ] Total time for which application threads were stopped: 0.0049317 seconds, Stopping threads took: 0.0000118 seconds
[2881.190s][info ][safepoint      ] Application time: 6.0003876 seconds
[2881.190s][info ][safepoint      ] Entering safepoint region: Cleanup
[2881.190s][info ][safepoint      ] Leaving safepoint region
[2881.190s][info ][safepoint      ] Total time for which application threads were stopped: 0.0000738 seconds, Stopping threads took: 0.0000140 seconds
[2883.850s][info ][safepoint      ] Application time: 2.6596792 seconds
[2883.850s][info ][safepoint      ] Entering safepoint region: ParallelGCFailedAllocation
[2883.850s][info ][gc,start       ] GC(347) Pause Young (Allocation Failure)
[2883.854s][debug][gc,phases      ] GC(347) Scavenge 4.368ms
[2883.854s][debug][gc,ref         ] GC(347) Skipped phase1 of Reference Processing due to unavailable references
[2883.854s][debug][gc,ref         ] GC(347) Skipped phase2 of Reference Processing due to unavailable references
[2883.854s][debug][gc,ref         ] GC(347) Skipped phase3 of Reference Processing due to unavailable references
[2883.854s][debug][gc,phases      ] GC(347) Reference Processing 0.033ms
[2883.855s][debug][gc,phases      ] GC(347) Weak Processing 0.167ms
[2883.855s][debug][gc,phases      ] GC(347) Scrub String Table 0.553ms
[2883.855s][debug][gc,age         ] GC(347) Desired survivor size 8912896 bytes, new threshold 15 (max threshold 15)
[2883.855s][info ][gc,heap        ] GC(347) PSYoungGen: 2083808K->5424K(2088448K)
[2883.855s][info ][gc,heap        ] GC(347) ParOldGen: 483484K->483608K(486400K)
[2883.855s][info ][gc,metaspace   ] GC(347) Metaspace: 76409K->76409K(1118208K)
[2883.855s][info ][gc             ] GC(347) Pause Young (Allocation Failure) 2507M->477M(2514M) 5.268ms
[2883.855s][info ][gc,cpu         ] GC(347) User=0.02s Sys=0.00s Real=0.00s
[2883.855s][info ][safepoint      ] Leaving safepoint region
[2883.855s][info ][safepoint      ] Total time for which application threads were stopped: 0.0054959 seconds, Stopping threads took: 0.0000685 seconds
[2892.456s][info ][safepoint      ] Application time: 8.6008299 seconds
[2892.456s][info ][safepoint      ] Entering safepoint region: ParallelGCFailedAllocation
[2892.456s][info ][gc,start       ] GC(348) Pause Young (Allocation Failure)
[2892.460s][debug][gc,phases      ] GC(348) Scavenge 4.011ms
[2892.460s][debug][gc,ref         ] GC(348) Skipped phase1 of Reference Processing due to unavailable references
[2892.460s][debug][gc,ref         ] GC(348) Skipped phase2 of Reference Processing due to unavailable references
[2892.460s][debug][gc,ref         ] GC(348) Skipped phase3 of Reference Processing due to unavailable references
[2892.460s][debug][gc,phases      ] GC(348) Reference Processing 0.040ms
[2892.461s][debug][gc,phases      ] GC(348) Weak Processing 0.130ms
[2892.461s][debug][gc,phases      ] GC(348) Scrub String Table 0.460ms
[2892.461s][debug][gc,age         ] GC(348) Desired survivor size 8912896 bytes, new threshold 15 (max threshold 15)
[2892.461s][info ][gc,heap        ] GC(348) PSYoungGen: 2084656K->5296K(2087936K)
[2892.461s][info ][gc,heap        ] GC(348) ParOldGen: 483608K->483640K(486400K)
[2892.461s][info ][gc,metaspace   ] GC(348) Metaspace: 76410K->76410K(1118208K)
[2892.461s][info ][gc             ] GC(348) Pause Young (Allocation Failure) 2508M->477M(2514M) 4.769ms
[2892.461s][info ][gc,cpu         ] GC(348) User=0.01s Sys=0.00s Real=0.01s
[2892.461s][info ][safepoint      ] Leaving safepoint region
[2892.461s][info ][safepoint      ] Total time for which application threads were stopped: 0.0049489 seconds, Stopping threads took: 0.0000171 seconds
[2899.433s][info ][safepoint      ] Application time: 6.9717976 seconds
[2899.433s][info ][safepoint      ] Entering safepoint region: RevokeBias
[2899.433s][info ][safepoint      ] Leaving safepoint region
[2899.433s][info ][safepoint      ] Total time for which application threads were stopped: 0.0000825 seconds, Stopping threads took: 0.0000100 seconds
[2900.800s][info ][safepoint      ] Application time: 1.3666011 seconds
[2900.800s][info ][safepoint      ] Entering safepoint region: ParallelGCFailedAllocation
[2900.800s][info ][gc,start       ] GC(349) Pause Young (Allocation Failure)
[2900.804s][debug][gc,phases      ] GC(349) Scavenge 4.099ms
[2900.804s][debug][gc,ref         ] GC(349) Skipped phase1 of Reference Processing due to unavailable references
[2900.804s][debug][gc,ref         ] GC(349) Skipped phase2 of Reference Processing due to unavailable references
[2900.804s][debug][gc,ref         ] GC(349) Skipped phase3 of Reference Processing due to unavailable references
[2900.804s][debug][gc,ref         ] GC(349) Skipped phase4 of Reference Processing due to unavailable references
[2900.804s][debug][gc,phases      ] GC(349) Reference Processing 0.027ms
[2900.804s][debug][gc,phases      ] GC(349) Weak Processing 0.133ms
[2900.805s][debug][gc,phases      ] GC(349) Scrub String Table 0.444ms
[2900.805s][debug][gc,age         ] GC(349) Desired survivor size 8912896 bytes, new threshold 15 (max threshold 15)
[2900.805s][info ][gc,heap        ] GC(349) PSYoungGen: 2084528K->6144K(2088448K)
[2900.805s][info ][gc,heap        ] GC(349) ParOldGen: 483640K->483688K(486400K)
[2900.805s][info ][gc,metaspace   ] GC(349) Metaspace: 76410K->76410K(1118208K)
[2900.805s][info ][gc             ] GC(349) Pause Young (Allocation Failure) 2507M->478M(2514M) 4.836ms
[2900.805s][info ][gc,cpu         ] GC(349) User=0.02s Sys=0.00s Real=0.00s
[2900.805s][info ][safepoint      ] Leaving safepoint region
[2900.805s][info ][safepoint      ] Total time for which application threads were stopped: 0.0050300 seconds, Stopping threads took: 0.0000526 seconds
[2907.805s][info ][safepoint      ] Application time: 7.0005492 seconds
[2907.805s][info ][safepoint      ] Entering safepoint region: Cleanup
[2907.805s][info ][safepoint      ] Leaving safepoint region
[2907.805s][info ][safepoint      ] Total time for which application threads were stopped: 0.0001212 seconds, Stopping threads took: 0.0000467 seconds
[2908.805s][info ][safepoint      ] Application time: 1.0000804 seconds
[2908.806s][info ][safepoint      ] Entering safepoint region: Cleanup
[2908.806s][info ][safepoint      ] Leaving safepoint region
[2908.806s][info ][safepoint      ] Total time for which application threads were stopped: 0.0001084 seconds, Stopping threads took: 0.0000511 seconds
[2909.209s][info ][safepoint      ] Application time: 0.4035326 seconds
[2909.209s][info ][safepoint      ] Entering safepoint region: ParallelGCFailedAllocation
[2909.209s][info ][gc,start       ] GC(350) Pause Young (Allocation Failure)
[2909.214s][debug][gc,phases      ] GC(350) Scavenge 4.262ms
[2909.214s][debug][gc,ref         ] GC(350) Skipped phase1 of Reference Processing due to unavailable references
[2909.214s][debug][gc,ref         ] GC(350) Skipped phase2 of Reference Processing due to unavailable references
[2909.214s][debug][gc,ref         ] GC(350) Skipped phase3 of Reference Processing due to unavailable references
[2909.214s][debug][gc,ref         ] GC(350) Skipped phase4 of Reference Processing due to unavailable references
[2909.214s][debug][gc,phases      ] GC(350) Reference Processing 0.028ms
[2909.214s][debug][gc,phases      ] GC(350) Weak Processing 0.180ms
[2909.214s][debug][gc,phases      ] GC(350) Scrub String Table 0.478ms
[2909.214s][debug][gc,age         ] GC(350) Desired survivor size 8388608 bytes, new threshold 15 (max threshold 15)
[2909.214s][info ][gc,heap        ] GC(350) PSYoungGen: 2085888K->6000K(2088448K)
[2909.214s][info ][gc,heap        ] GC(350) ParOldGen: 483688K->483752K(486400K)
[2909.214s][info ][gc,metaspace   ] GC(350) Metaspace: 76410K->76410K(1118208K)
[2909.214s][info ][gc             ] GC(350) Pause Young (Allocation Failure) 2509M->478M(2514M) 5.053ms
[2909.214s][info ][gc,cpu         ] GC(350) User=0.02s Sys=0.00s Real=0.00s
[2909.214s][info ][safepoint      ] Leaving safepoint region
[2909.214s][info ][safepoint      ] Total time for which application threads were stopped: 0.0052267 seconds, Stopping threads took: 0.0000127 seconds
[2913.215s][info ][safepoint      ] Application time: 4.0003445 seconds
[2913.215s][info ][safepoint      ] Entering safepoint region: Cleanup
[2913.215s][info ][safepoint      ] Leaving safepoint region
[2913.215s][info ][safepoint      ] Total time for which application threads were stopped: 0.0001774 seconds, Stopping threads took: 0.0000283 seconds
[2915.215s][info ][safepoint      ] Application time: 2.0001478 seconds
[2915.215s][info ][safepoint      ] Entering safepoint region: Cleanup
[2915.215s][info ][safepoint      ] Leaving safepoint region
[2915.215s][info ][safepoint      ] Total time for which application threads were stopped: 0.0001044 seconds, Stopping threads took: 0.0000459 seconds
[2917.713s][info ][safepoint      ] Application time: 2.4980425 seconds
[2917.713s][info ][safepoint      ] Entering safepoint region: ParallelGCFailedAllocation
[2917.713s][info ][gc,start       ] GC(351) Pause Young (Allocation Failure)
[2917.718s][debug][gc,phases      ] GC(351) Scavenge 4.764ms
[2917.718s][debug][gc,ref         ] GC(351) Skipped phase1 of Reference Processing due to unavailable references
[2917.718s][debug][gc,ref         ] GC(351) Skipped phase2 of Reference Processing due to unavailable references
[2917.718s][debug][gc,ref         ] GC(351) Skipped phase3 of Reference Processing due to unavailable references
[2917.718s][debug][gc,ref         ] GC(351) Skipped phase4 of Reference Processing due to unavailable references
[2917.718s][debug][gc,phases      ] GC(351) Reference Processing 0.032ms
[2917.718s][debug][gc,phases      ] GC(351) Weak Processing 0.141ms
[2917.719s][debug][gc,phases      ] GC(351) Scrub String Table 0.453ms
[2917.719s][debug][gc,age         ] GC(351) Desired survivor size 8388608 bytes, new threshold 15 (max threshold 15)
[2917.719s][info ][gc,heap        ] GC(351) PSYoungGen: 2085744K->5552K(2088960K)
[2917.719s][info ][gc,heap        ] GC(351) ParOldGen: 483752K->483924K(486400K)
[2917.719s][info ][gc,metaspace   ] GC(351) Metaspace: 76410K->76410K(1118208K)
[2917.719s][info ][gc             ] GC(351) Pause Young (Allocation Failure) 2509M->478M(2515M) 5.519ms
[2917.719s][info ][gc,cpu         ] GC(351) User=0.02s Sys=0.00s Real=0.01s
[2917.719s][info ][safepoint      ] Leaving safepoint region
[2917.719s][info ][safepoint      ] Total time for which application threads were stopped: 0.0058135 seconds, Stopping threads took: 0.0000122 seconds
[2918.719s][info ][safepoint      ] Application time: 1.0000807 seconds
[2918.719s][info ][safepoint      ] Entering safepoint region: Cleanup
[2918.719s][info ][safepoint      ] Leaving safepoint region
[2918.719s][info ][safepoint      ] Total time for which application threads were stopped: 0.0001240 seconds, Stopping threads took: 0.0000531 seconds
[2919.719s][info ][safepoint      ] Application time: 1.0000572 seconds
[2919.720s][info ][safepoint      ] Entering safepoint region: Cleanup
[2919.720s][info ][safepoint      ] Leaving safepoint region
[2919.720s][info ][safepoint      ] Total time for which application threads were stopped: 0.0001012 seconds, Stopping threads took: 0.0000346 seconds
[2926.283s][info ][safepoint      ] Application time: 6.5630505 seconds
[2926.283s][info ][safepoint      ] Entering safepoint region: ParallelGCFailedAllocation
[2926.283s][info ][gc,start       ] GC(352) Pause Young (Allocation Failure)
[2926.288s][debug][gc,phases      ] GC(352) Scavenge 4.905ms
[2926.288s][debug][gc,ref         ] GC(352) Skipped phase1 of Reference Processing due to unavailable references
[2926.288s][debug][gc,ref         ] GC(352) Skipped phase2 of Reference Processing due to unavailable references
[2926.288s][debug][gc,ref         ] GC(352) Skipped phase3 of Reference Processing due to unavailable references
[2926.288s][debug][gc,ref         ] GC(352) Skipped phase4 of Reference Processing due to unavailable references
[2926.288s][debug][gc,phases      ] GC(352) Reference Processing 0.030ms
[2926.288s][debug][gc,phases      ] GC(352) Weak Processing 0.190ms
[2926.289s][debug][gc,phases      ] GC(352) Scrub String Table 0.518ms
[2926.289s][debug][gc,age         ] GC(352) Desired survivor size 7864320 bytes, new threshold 15 (max threshold 15)
[2926.289s][info ][gc,heap        ] GC(352) PSYoungGen: 2086320K->5776K(2088960K)
[2926.289s][info ][gc,heap        ] GC(352) ParOldGen: 483924K->483996K(486400K)
[2926.289s][info ][gc,metaspace   ] GC(352) Metaspace: 76412K->76412K(1118208K)
[2926.289s][info ][gc             ] GC(352) Pause Young (Allocation Failure) 2510M->478M(2515M) 5.804ms
[2926.289s][info ][gc,cpu         ] GC(352) User=0.02s Sys=0.00s Real=0.00s
[2926.289s][info ][safepoint      ] Leaving safepoint region
[2926.289s][info ][safepoint      ] Total time for which application threads were stopped: 0.0059720 seconds, Stopping threads took: 0.0000265 seconds
[2932.289s][info ][safepoint      ] Application time: 6.0004043 seconds
[2932.289s][info ][safepoint      ] Entering safepoint region: Cleanup
[2932.289s][info ][safepoint      ] Leaving safepoint region
[2932.289s][info ][safepoint      ] Total time for which application threads were stopped: 0.0000924 seconds, Stopping threads took: 0.0000176 seconds
[2933.289s][info ][safepoint      ] Application time: 1.0000692 seconds
[2933.289s][info ][safepoint      ] Entering safepoint region: Cleanup
[2933.289s][info ][safepoint      ] Leaving safepoint region
[2933.289s][info ][safepoint      ] Total time for which application threads were stopped: 0.0000629 seconds, Stopping threads took: 0.0000122 seconds
[2935.661s][info ][safepoint      ] Application time: 2.3713238 seconds
[2935.661s][info ][safepoint      ] Entering safepoint region: ParallelGCFailedAllocation
[2935.661s][info ][gc,start       ] GC(353) Pause Young (Allocation Failure)
[2935.667s][debug][gc,phases      ] GC(353) Scavenge 5.778ms
[2935.667s][debug][gc,ref         ] GC(353) Skipped phase1 of Reference Processing due to unavailable references
[2935.667s][debug][gc,ref         ] GC(353) Skipped phase2 of Reference Processing due to unavailable references
[2935.667s][debug][gc,ref         ] GC(353) Skipped phase3 of Reference Processing due to unavailable references
[2935.667s][debug][gc,phases      ] GC(353) Reference Processing 0.038ms
[2935.667s][debug][gc,phases      ] GC(353) Weak Processing 0.182ms
[2935.668s][debug][gc,phases      ] GC(353) Scrub String Table 0.583ms
[2935.668s][debug][gc,age         ] GC(353) Desired survivor size 7864320 bytes, new threshold 15 (max threshold 15)
[2935.668s][info ][gc,heap        ] GC(353) PSYoungGen: 2086544K->5360K(2089472K)
[2935.668s][info ][gc,heap        ] GC(353) ParOldGen: 483996K->484036K(486400K)
[2935.668s][info ][gc,metaspace   ] GC(353) Metaspace: 76424K->76424K(1118208K)
[2935.668s][info ][gc             ] GC(353) Pause Young (Allocation Failure) 2510M->477M(2515M) 6.738ms
[2935.668s][info ][gc,cpu         ] GC(353) User=0.02s Sys=0.00s Real=0.00s
[2935.668s][info ][safepoint      ] Leaving safepoint region
[2935.668s][info ][safepoint      ] Total time for which application threads were stopped: 0.0069322 seconds, Stopping threads took: 0.0000150 seconds
[2938.668s][info ][safepoint      ] Application time: 3.0002177 seconds
[2938.668s][info ][safepoint      ] Entering safepoint region: Cleanup
[2938.668s][info ][safepoint      ] Leaving safepoint region
[2938.668s][info ][safepoint      ] Total time for which application threads were stopped: 0.0001243 seconds, Stopping threads took: 0.0000478 seconds
[2941.668s][info ][safepoint      ] Application time: 3.0002301 seconds
[2941.668s][info ][safepoint      ] Entering safepoint region: Cleanup
[2941.668s][info ][safepoint      ] Leaving safepoint region
[2941.668s][info ][safepoint      ] Total time for which application threads were stopped: 0.0001183 seconds, Stopping threads took: 0.0000507 seconds
[2947.066s][info ][safepoint      ] Application time: 5.3977300 seconds
[2947.066s][info ][safepoint      ] Entering safepoint region: ParallelGCFailedAllocation
[2947.066s][info ][gc,start       ] GC(354) Pause Young (Allocation Failure)
[2947.071s][debug][gc,phases      ] GC(354) Scavenge 4.421ms
[2947.071s][debug][gc,ref         ] GC(354) Skipped phase1 of Reference Processing due to unavailable references
[2947.071s][debug][gc,ref         ] GC(354) Skipped phase2 of Reference Processing due to unavailable references
[2947.071s][debug][gc,ref         ] GC(354) Skipped phase3 of Reference Processing due to unavailable references
[2947.071s][debug][gc,phases      ] GC(354) Reference Processing 0.038ms
[2947.071s][debug][gc,phases      ] GC(354) Weak Processing 0.138ms
[2947.072s][debug][gc,phases      ] GC(354) Scrub String Table 0.452ms
[2947.072s][debug][gc,age         ] GC(354) Desired survivor size 7864320 bytes, new threshold 15 (max threshold 15)
[2947.072s][info ][gc,heap        ] GC(354) PSYoungGen: 2087152K->6000K(2089472K)
[2947.072s][info ][gc,heap        ] GC(354) ParOldGen: 484036K->484100K(486400K)
[2947.072s][info ][gc,metaspace   ] GC(354) Metaspace: 76424K->76424K(1118208K)
[2947.072s][info ][gc             ] GC(354) Pause Young (Allocation Failure) 2510M->478M(2515M) 5.199ms
[2947.072s][info ][gc,cpu         ] GC(354) User=0.02s Sys=0.00s Real=0.01s
[2947.072s][info ][safepoint      ] Leaving safepoint region
[2947.072s][info ][safepoint      ] Total time for which application threads were stopped: 0.0053719 seconds, Stopping threads took: 0.0000128 seconds
[2956.072s][info ][safepoint      ] Application time: 9.0006029 seconds
[2956.072s][info ][safepoint      ] Entering safepoint region: Cleanup
[2956.072s][info ][safepoint      ] Leaving safepoint region
[2956.072s][info ][safepoint      ] Total time for which application threads were stopped: 0.0000909 seconds, Stopping threads took: 0.0000289 seconds
[2958.749s][info ][safepoint      ] Application time: 2.6768691 seconds
[2958.749s][info ][safepoint      ] Entering safepoint region: ParallelGCFailedAllocation
[2958.749s][info ][gc,start       ] GC(355) Pause Young (Allocation Failure)
[2958.754s][debug][gc,phases      ] GC(355) Scavenge 4.344ms
[2958.754s][debug][gc,ref         ] GC(355) Skipped phase1 of Reference Processing due to unavailable references
[2958.754s][debug][gc,ref         ] GC(355) Skipped phase2 of Reference Processing due to unavailable references
[2958.754s][debug][gc,ref         ] GC(355) Skipped phase3 of Reference Processing due to unavailable references
[2958.754s][debug][gc,phases      ] GC(355) Reference Processing 0.047ms
[2958.754s][debug][gc,phases      ] GC(355) Weak Processing 0.171ms
[2958.755s][debug][gc,phases      ] GC(355) Scrub String Table 0.553ms
[2958.755s][debug][gc,age         ] GC(355) Desired survivor size 7864320 bytes, new threshold 15 (max threshold 15)
[2958.755s][info ][gc,heap        ] GC(355) PSYoungGen: 2087792K->6128K(2089472K)
[2958.755s][info ][gc,heap        ] GC(355) ParOldGen: 484100K->484144K(486400K)
[2958.755s][info ][gc,metaspace   ] GC(355) Metaspace: 76424K->76424K(1118208K)
[2958.755s][info ][gc             ] GC(355) Pause Young (Allocation Failure) 2511M->478M(2515M) 5.257ms
[2958.755s][info ][gc,cpu         ] GC(355) User=0.02s Sys=0.00s Real=0.00s
[2958.755s][info ][safepoint      ] Leaving safepoint region
[2958.755s][info ][safepoint      ] Total time for which application threads were stopped: 0.0054209 seconds, Stopping threads took: 0.0000103 seconds
[2964.764s][info ][safepoint      ] Application time: 6.0089755 seconds
[2964.764s][info ][safepoint      ] Entering safepoint region: Cleanup
[2964.764s][info ][safepoint      ] Leaving safepoint region
[2964.764s][info ][safepoint      ] Total time for which application threads were stopped: 0.0001616 seconds, Stopping threads took: 0.0000727 seconds
[2965.764s][info ][safepoint      ] Application time: 1.0000797 seconds
[2965.764s][info ][safepoint      ] Entering safepoint region: Cleanup
[2965.764s][info ][safepoint      ] Leaving safepoint region
[2965.764s][info ][safepoint      ] Total time for which application threads were stopped: 0.0002176 seconds, Stopping threads took: 0.0001443 seconds
[2970.765s][info ][safepoint      ] Application time: 5.0003881 seconds
[2970.765s][info ][safepoint      ] Entering safepoint region: Cleanup
[2970.765s][info ][safepoint      ] Leaving safepoint region
[2970.765s][info ][safepoint      ] Total time for which application threads were stopped: 0.0001182 seconds, Stopping threads took: 0.0000488 seconds
[2972.203s][info ][safepoint      ] Application time: 1.4380737 seconds
[2972.203s][info ][safepoint      ] Entering safepoint region: ParallelGCFailedAllocation
[2972.203s][info ][gc,start       ] GC(356) Pause Young (Allocation Failure)
[2972.208s][debug][gc,phases      ] GC(356) Scavenge 4.797ms
[2972.208s][debug][gc,ref         ] GC(356) Skipped phase1 of Reference Processing due to unavailable references
[2972.208s][debug][gc,ref         ] GC(356) Skipped phase2 of Reference Processing due to unavailable references
[2972.208s][debug][gc,ref         ] GC(356) Skipped phase3 of Reference Processing due to unavailable references
[2972.208s][debug][gc,phases      ] GC(356) Reference Processing 0.027ms
[2972.208s][debug][gc,phases      ] GC(356) Weak Processing 0.152ms
[2972.209s][debug][gc,phases      ] GC(356) Scrub String Table 0.516ms
[2972.209s][debug][gc,age         ] GC(356) Desired survivor size 7864320 bytes, new threshold 15 (max threshold 15)
[2972.209s][info ][gc,heap        ] GC(356) PSYoungGen: 2087920K->5520K(2089472K)
[2972.209s][info ][gc,heap        ] GC(356) ParOldGen: 484144K->484640K(486400K)
[2972.209s][info ][gc,metaspace   ] GC(356) Metaspace: 76425K->76425K(1118208K)
[2972.209s][info ][gc             ] GC(356) Pause Young (Allocation Failure) 2511M->478M(2515M) 5.616ms
[2972.209s][info ][gc,cpu         ] GC(356) User=0.02s Sys=0.00s Real=0.00s
[2972.209s][info ][safepoint      ] Leaving safepoint region
[2972.209s][info ][safepoint      ] Total time for which application threads were stopped: 0.0057611 seconds, Stopping threads took: 0.0000120 seconds
[2978.715s][info ][safepoint      ] Application time: 6.5067650 seconds
[2978.715s][info ][safepoint      ] Entering safepoint region: Deoptimize
[2978.718s][info ][safepoint      ] Leaving safepoint region
[2978.718s][info ][safepoint      ] Total time for which application threads were stopped: 0.0022688 seconds, Stopping threads took: 0.0000102 seconds
[2978.718s][info ][safepoint      ] Application time: 0.0003167 seconds
[2978.718s][info ][safepoint      ] Entering safepoint region: Deoptimize
[2978.719s][info ][safepoint      ] Leaving safepoint region
[2978.719s][info ][safepoint      ] Total time for which application threads were stopped: 0.0004929 seconds, Stopping threads took: 0.0000055 seconds
[2978.719s][info ][safepoint      ] Application time: 0.0008118 seconds
[2978.719s][info ][safepoint      ] Entering safepoint region: Deoptimize
[2978.720s][info ][safepoint      ] Leaving safepoint region
[2978.720s][info ][safepoint      ] Total time for which application threads were stopped: 0.0005489 seconds, Stopping threads took: 0.0000270 seconds
[2978.753s][info ][safepoint      ] Application time: 0.0334373 seconds
[2978.753s][info ][safepoint      ] Entering safepoint region: RevokeBias
[2978.753s][info ][safepoint      ] Leaving safepoint region
[2978.753s][info ][safepoint      ] Total time for which application threads were stopped: 0.0001157 seconds, Stopping threads took: 0.0000506 seconds
[2978.754s][info ][safepoint      ] Application time: 0.0000502 seconds
[2978.754s][info ][safepoint      ] Entering safepoint region: RevokeBias
[2978.754s][info ][safepoint      ] Leaving safepoint region
[2978.754s][info ][safepoint      ] Total time for which application threads were stopped: 0.0000243 seconds, Stopping threads took: 0.0000047 seconds
[2978.754s][info ][safepoint      ] Application time: 0.0000320 seconds
[2978.754s][info ][safepoint      ] Entering safepoint region: RevokeBias
[2978.754s][info ][safepoint      ] Leaving safepoint region
[2978.754s][info ][safepoint      ] Total time for which application threads were stopped: 0.0000213 seconds, Stopping threads took: 0.0000058 seconds
[2978.754s][info ][safepoint      ] Application time: 0.0000272 seconds
[2978.754s][info ][safepoint      ] Entering safepoint region: RevokeBias
[2978.754s][info ][safepoint      ] Leaving safepoint region
[2978.754s][info ][safepoint      ] Total time for which application threads were stopped: 0.0000394 seconds, Stopping threads took: 0.0000212 seconds
[2978.754s][info ][safepoint      ] Application time: 0.0000393 seconds
[2978.754s][info ][safepoint      ] Entering safepoint region: RevokeBias
[2978.754s][info ][safepoint      ] Leaving safepoint region
[2978.754s][info ][safepoint      ] Total time for which application threads were stopped: 0.0000216 seconds, Stopping threads took: 0.0000044 seconds
[2978.754s][info ][safepoint      ] Application time: 0.0000280 seconds
[2978.754s][info ][safepoint      ] Entering safepoint region: RevokeBias
[2978.754s][info ][safepoint      ] Leaving safepoint region
[2978.754s][info ][safepoint      ] Total time for which application threads were stopped: 0.0000327 seconds, Stopping threads took: 0.0000066 seconds
[2978.754s][info ][safepoint      ] Application time: 0.0000295 seconds
[2978.754s][info ][safepoint      ] Entering safepoint region: RevokeBias
[2978.754s][info ][safepoint      ] Leaving safepoint region
[2978.754s][info ][safepoint      ] Total time for which application threads were stopped: 0.0000262 seconds, Stopping threads took: 0.0000055 seconds
[2978.754s][info ][safepoint      ] Application time: 0.0000269 seconds
[2978.754s][info ][safepoint      ] Entering safepoint region: RevokeBias
[2978.754s][info ][safepoint      ] Leaving safepoint region
[2978.754s][info ][safepoint      ] Total time for which application threads were stopped: 0.0000247 seconds, Stopping threads took: 0.0000050 seconds
[2978.754s][info ][safepoint      ] Application time: 0.0000319 seconds
[2978.754s][info ][safepoint      ] Entering safepoint region: RevokeBias
[2978.754s][info ][safepoint      ] Leaving safepoint region
[2978.754s][info ][safepoint      ] Total time for which application threads were stopped: 0.0000242 seconds, Stopping threads took: 0.0000052 seconds
[2978.754s][info ][safepoint      ] Application time: 0.0000314 seconds
[2978.754s][info ][safepoint      ] Entering safepoint region: RevokeBias
[2978.754s][info ][safepoint      ] Leaving safepoint region
[2978.754s][info ][safepoint      ] Total time for which application threads were stopped: 0.0000263 seconds, Stopping threads took: 0.0000050 seconds
[2978.754s][info ][safepoint      ] Application time: 0.0000502 seconds
[2978.754s][info ][safepoint      ] Entering safepoint region: RevokeBias
[2978.754s][info ][safepoint      ] Leaving safepoint region
[2978.754s][info ][safepoint      ] Total time for which application threads were stopped: 0.0000272 seconds, Stopping threads took: 0.0000061 seconds
[2978.754s][info ][safepoint      ] Application time: 0.0000385 seconds
[2978.754s][info ][safepoint      ] Entering safepoint region: RevokeBias
[2978.754s][info ][safepoint      ] Leaving safepoint region
[2978.754s][info ][safepoint      ] Total time for which application threads were stopped: 0.0000284 seconds, Stopping threads took: 0.0000047 seconds
[2978.754s][info ][safepoint      ] Application time: 0.0000281 seconds
[2978.754s][info ][safepoint      ] Entering safepoint region: RevokeBias
[2978.754s][info ][safepoint      ] Leaving safepoint region
[2978.754s][info ][safepoint      ] Total time for which application threads were stopped: 0.0000252 seconds, Stopping threads took: 0.0000057 seconds
[2978.754s][info ][safepoint      ] Application time: 0.0000341 seconds
[2978.754s][info ][safepoint      ] Entering safepoint region: RevokeBias
[2978.754s][info ][safepoint      ] Leaving safepoint region
[2978.754s][info ][safepoint      ] Total time for which application threads were stopped: 0.0000219 seconds, Stopping threads took: 0.0000046 seconds
[2978.754s][info ][safepoint      ] Application time: 0.0000466 seconds
[2978.754s][info ][safepoint      ] Entering safepoint region: RevokeBias
[2978.754s][info ][safepoint      ] Leaving safepoint region
[2978.754s][info ][safepoint      ] Total time for which application threads were stopped: 0.0000317 seconds, Stopping threads took: 0.0000067 seconds
[2978.755s][info ][safepoint      ] Application time: 0.0000344 seconds
[2978.755s][info ][safepoint      ] Entering safepoint region: RevokeBias
[2978.755s][info ][safepoint      ] Leaving safepoint region
[2978.755s][info ][safepoint      ] Total time for which application threads were stopped: 0.0000370 seconds, Stopping threads took: 0.0000077 seconds
[2978.755s][info ][safepoint      ] Application time: 0.0000291 seconds
[2978.755s][info ][safepoint      ] Entering safepoint region: RevokeBias
[2978.755s][info ][safepoint      ] Leaving safepoint region
[2978.755s][info ][safepoint      ] Total time for which application threads were stopped: 0.0000252 seconds, Stopping threads took: 0.0000058 seconds
[2978.755s][info ][safepoint      ] Application time: 0.0000362 seconds
[2978.755s][info ][safepoint      ] Entering safepoint region: RevokeBias
[2978.755s][info ][safepoint      ] Leaving safepoint region
[2978.755s][info ][safepoint      ] Total time for which application threads were stopped: 0.0000303 seconds, Stopping threads took: 0.0000071 seconds
[2978.755s][info ][safepoint      ] Application time: 0.0000362 seconds
[2978.755s][info ][safepoint      ] Entering safepoint region: RevokeBias
[2978.755s][info ][safepoint      ] Leaving safepoint region
[2978.755s][info ][safepoint      ] Total time for which application threads were stopped: 0.0000293 seconds, Stopping threads took: 0.0000074 seconds
[2978.755s][info ][safepoint      ] Application time: 0.0000314 seconds
[2978.755s][info ][safepoint      ] Entering safepoint region: BulkRevokeBias
[2978.755s][info ][safepoint      ] Leaving safepoint region
[2978.755s][info ][safepoint      ] Total time for which application threads were stopped: 0.0001459 seconds, Stopping threads took: 0.0000035 seconds
[2978.763s][info ][safepoint      ] Application time: 0.0082638 seconds
[2978.763s][info ][safepoint      ] Entering safepoint region: RevokeBias
[2978.763s][info ][safepoint      ] Leaving safepoint region
[2978.763s][info ][safepoint      ] Total time for which application threads were stopped: 0.0001241 seconds, Stopping threads took: 0.0000529 seconds
[2979.763s][info ][safepoint      ] Application time: 1.0000777 seconds
[2979.764s][info ][safepoint      ] Entering safepoint region: Cleanup
[2979.764s][info ][safepoint      ] Leaving safepoint region
[2979.764s][info ][safepoint      ] Total time for which application threads were stopped: 0.0000812 seconds, Stopping threads took: 0.0000176 seconds
[2983.800s][info ][safepoint      ] Application time: 4.0360048 seconds
[2983.800s][info ][safepoint      ] Entering safepoint region: RevokeBias
[2983.800s][info ][safepoint      ] Leaving safepoint region
[2983.800s][info ][safepoint      ] Total time for which application threads were stopped: 0.0001665 seconds, Stopping threads took: 0.0000337 seconds
[2988.800s][info ][safepoint      ] Application time: 5.0001823 seconds
[2988.800s][info ][safepoint      ] Entering safepoint region: RevokeBias
[2988.800s][info ][safepoint      ] Leaving safepoint region
[2988.800s][info ][safepoint      ] Total time for which application threads were stopped: 0.0002058 seconds, Stopping threads took: 0.0000470 seconds
[2988.800s][info ][safepoint      ] Application time: 0.0002095 seconds
[2988.800s][info ][safepoint      ] Entering safepoint region: RevokeBias
[2988.801s][info ][safepoint      ] Leaving safepoint region
[2988.801s][info ][safepoint      ] Total time for which application threads were stopped: 0.0000774 seconds, Stopping threads took: 0.0000117 seconds
[2988.801s][info ][safepoint      ] Application time: 0.0001260 seconds
[2988.801s][info ][safepoint      ] Entering safepoint region: RevokeBias
[2988.801s][info ][safepoint      ] Leaving safepoint region
[2988.801s][info ][safepoint      ] Total time for which application threads were stopped: 0.0000663 seconds, Stopping threads took: 0.0000207 seconds
[2988.801s][info ][safepoint      ] Application time: 0.0000250 seconds
[2988.801s][info ][safepoint      ] Entering safepoint region: RevokeBias
[2988.801s][info ][safepoint      ] Leaving safepoint region
[2988.801s][info ][safepoint      ] Total time for which application threads were stopped: 0.0000809 seconds, Stopping threads took: 0.0000082 seconds
[2988.801s][info ][safepoint      ] Application time: 0.0000461 seconds
[2988.801s][info ][safepoint      ] Entering safepoint region: RevokeBias
[2988.801s][info ][safepoint      ] Leaving safepoint region
[2988.801s][info ][safepoint      ] Total time for which application threads were stopped: 0.0000646 seconds, Stopping threads took: 0.0000082 seconds
[2988.801s][info ][safepoint      ] Application time: 0.0000724 seconds
[2988.801s][info ][safepoint      ] Entering safepoint region: RevokeBias
[2988.801s][info ][safepoint      ] Leaving safepoint region
[2988.801s][info ][safepoint      ] Total time for which application threads were stopped: 0.0000529 seconds, Stopping threads took: 0.0000082 seconds
[2989.305s][info ][safepoint      ] Application time: 0.5040967 seconds
[2989.305s][info ][safepoint      ] Entering safepoint region: ParallelGCFailedAllocation
[2989.305s][info ][gc,start       ] GC(357) Pause Young (Allocation Failure)
[2989.310s][debug][gc,phases      ] GC(357) Scavenge 4.276ms
[2989.310s][debug][gc,ref         ] GC(357) Skipped phase1 of Reference Processing due to unavailable references
[2989.310s][debug][gc,phases      ] GC(357) Reference Processing 0.058ms
[2989.310s][debug][gc,phases      ] GC(357) Weak Processing 0.135ms
[2989.310s][debug][gc,phases      ] GC(357) Scrub String Table 0.454ms
[2989.310s][debug][gc,age         ] GC(357) Desired survivor size 7864320 bytes, new threshold 15 (max threshold 15)
[2989.310s][info ][gc,heap        ] GC(357) PSYoungGen: 2087312K->5408K(2089472K)
[2989.310s][info ][gc,heap        ] GC(357) ParOldGen: 484640K->484896K(486400K)
[2989.310s][info ][gc,metaspace   ] GC(357) Metaspace: 76591K->76591K(1120256K)
[2989.310s][info ][gc             ] GC(357) Pause Young (Allocation Failure) 2511M->478M(2515M) 5.058ms
[2989.310s][info ][gc,cpu         ] GC(357) User=0.02s Sys=0.00s Real=0.01s
[2989.310s][info ][safepoint      ] Leaving safepoint region
[2989.310s][info ][safepoint      ] Total time for which application threads were stopped: 0.0052561 seconds, Stopping threads took: 0.0000337 seconds
[2993.311s][info ][safepoint      ] Application time: 4.0003224 seconds
[2993.311s][info ][safepoint      ] Entering safepoint region: Cleanup
[2993.311s][info ][safepoint      ] Leaving safepoint region
[2993.311s][info ][safepoint      ] Total time for which application threads were stopped: 0.0001121 seconds, Stopping threads took: 0.0000405 seconds
[3006.514s][info ][safepoint      ] Application time: 13.2033365 seconds
[3006.514s][info ][safepoint      ] Entering safepoint region: ParallelGCFailedAllocation
[3006.514s][info ][gc,start       ] GC(358) Pause Young (Allocation Failure)
[3006.518s][debug][gc,phases      ] GC(358) Scavenge 3.942ms
[3006.518s][debug][gc,ref         ] GC(358) Skipped phase1 of Reference Processing due to unavailable references
[3006.519s][debug][gc,ref         ] GC(358) Skipped phase3 of Reference Processing due to unavailable references
[3006.519s][debug][gc,phases      ] GC(358) Reference Processing 0.031ms
[3006.519s][debug][gc,phases      ] GC(358) Weak Processing 0.137ms
[3006.519s][debug][gc,phases      ] GC(358) Scrub String Table 0.444ms
[3006.519s][debug][gc,age         ] GC(358) Desired survivor size 7340032 bytes, new threshold 15 (max threshold 15)
[3006.519s][info ][gc,heap        ] GC(358) PSYoungGen: 2087200K->5328K(2089472K)
[3006.519s][info ][gc,heap        ] GC(358) ParOldGen: 484896K->484928K(486400K)
[3006.519s][info ][gc,metaspace   ] GC(358) Metaspace: 76596K->76596K(1120256K)
[3006.519s][info ][gc             ] GC(358) Pause Young (Allocation Failure) 2511M->478M(2515M) 4.689ms
[3006.519s][info ][gc,cpu         ] GC(358) User=0.01s Sys=0.00s Real=0.01s
[3006.519s][info ][safepoint      ] Leaving safepoint region
[3006.519s][info ][safepoint      ] Total time for which application threads were stopped: 0.0048660 seconds, Stopping threads took: 0.0000135 seconds
[3009.828s][info ][safepoint      ] Application time: 3.3085126 seconds
[3009.828s][info ][safepoint      ] Entering safepoint region: RevokeBias
[3009.828s][info ][safepoint      ] Leaving safepoint region
[3009.828s][info ][safepoint      ] Total time for which application threads were stopped: 0.0000913 seconds, Stopping threads took: 0.0000149 seconds
[3009.828s][info ][safepoint      ] Application time: 0.0002448 seconds
[3009.828s][info ][safepoint      ] Entering safepoint region: RevokeBias
[3009.828s][info ][safepoint      ] Leaving safepoint region
[3009.828s][info ][safepoint      ] Total time for which application threads were stopped: 0.0000363 seconds, Stopping threads took: 0.0000067 seconds
[3009.997s][info ][safepoint      ] Application time: 0.1688477 seconds
[3009.997s][info ][safepoint      ] Entering safepoint region: RevokeBias
[3009.997s][info ][safepoint      ] Leaving safepoint region
[3009.997s][info ][safepoint      ] Total time for which application threads were stopped: 0.0001250 seconds, Stopping threads took: 0.0000403 seconds
[3010.768s][info ][safepoint      ] Application time: 0.7707338 seconds
[3010.768s][info ][safepoint      ] Entering safepoint region: RevokeBias
[3010.768s][info ][safepoint      ] Leaving safepoint region
[3010.768s][info ][safepoint      ] Total time for which application threads were stopped: 0.0000678 seconds, Stopping threads took: 0.0000162 seconds
[3010.771s][info ][safepoint      ] Application time: 0.0026170 seconds
[3010.771s][info ][safepoint      ] Entering safepoint region: RevokeBias
[3010.771s][info ][safepoint      ] Leaving safepoint region
[3010.771s][info ][safepoint      ] Total time for which application threads were stopped: 0.0000451 seconds, Stopping threads took: 0.0000057 seconds
[3010.771s][info ][safepoint      ] Application time: 0.0000369 seconds
[3010.771s][info ][safepoint      ] Entering safepoint region: RevokeBias
[3010.771s][info ][safepoint      ] Leaving safepoint region
[3010.771s][info ][safepoint      ] Total time for which application threads were stopped: 0.0000376 seconds, Stopping threads took: 0.0000167 seconds
[3010.771s][info ][safepoint      ] Application time: 0.0000326 seconds
[3010.771s][info ][safepoint      ] Entering safepoint region: RevokeBias
[3010.771s][info ][safepoint      ] Leaving safepoint region
[3010.771s][info ][safepoint      ] Total time for which application threads were stopped: 0.0000220 seconds, Stopping threads took: 0.0000035 seconds
[3010.771s][info ][safepoint      ] Application time: 0.0000345 seconds
[3010.771s][info ][safepoint      ] Entering safepoint region: RevokeBias
[3010.771s][info ][safepoint      ] Leaving safepoint region
[3010.771s][info ][safepoint      ] Total time for which application threads were stopped: 0.0000249 seconds, Stopping threads took: 0.0000037 seconds
[3010.771s][info ][safepoint      ] Application time: 0.0000405 seconds
[3010.771s][info ][safepoint      ] Entering safepoint region: RevokeBias
[3010.771s][info ][safepoint      ] Leaving safepoint region
[3010.771s][info ][safepoint      ] Total time for which application threads were stopped: 0.0000435 seconds, Stopping threads took: 0.0000239 seconds
[3010.771s][info ][safepoint      ] Application time: 0.0000297 seconds
[3010.771s][info ][safepoint      ] Entering safepoint region: RevokeBias
[3010.771s][info ][safepoint      ] Leaving safepoint region
[3010.771s][info ][safepoint      ] Total time for which application threads were stopped: 0.0000237 seconds, Stopping threads took: 0.0000048 seconds
[3010.771s][info ][safepoint      ] Application time: 0.0000287 seconds
[3010.771s][info ][safepoint      ] Entering safepoint region: RevokeBias
[3010.771s][info ][safepoint      ] Leaving safepoint region
[3010.771s][info ][safepoint      ] Total time for which application threads were stopped: 0.0000220 seconds, Stopping threads took: 0.0000034 seconds
[3010.771s][info ][safepoint      ] Application time: 0.0000751 seconds
[3010.771s][info ][safepoint      ] Entering safepoint region: RevokeBias
[3010.771s][info ][safepoint      ] Leaving safepoint region
[3010.771s][info ][safepoint      ] Total time for which application threads were stopped: 0.0000237 seconds, Stopping threads took: 0.0000038 seconds
[3010.771s][info ][safepoint      ] Application time: 0.0000293 seconds
[3010.771s][info ][safepoint      ] Entering safepoint region: RevokeBias
[3010.771s][info ][safepoint      ] Leaving safepoint region
[3010.771s][info ][safepoint      ] Total time for which application threads were stopped: 0.0001689 seconds, Stopping threads took: 0.0001442 seconds
[3010.771s][info ][safepoint      ] Application time: 0.0000447 seconds
[3010.772s][info ][safepoint      ] Entering safepoint region: RevokeBias
[3010.772s][info ][safepoint      ] Leaving safepoint region
[3010.772s][info ][safepoint      ] Total time for which application threads were stopped: 0.0000621 seconds, Stopping threads took: 0.0000317 seconds
[3010.772s][info ][safepoint      ] Application time: 0.0000367 seconds
[3010.772s][info ][safepoint      ] Entering safepoint region: RevokeBias
[3010.772s][info ][safepoint      ] Leaving safepoint region
[3010.772s][info ][safepoint      ] Total time for which application threads were stopped: 0.0000402 seconds, Stopping threads took: 0.0000113 seconds
[3010.772s][info ][safepoint      ] Application time: 0.0000449 seconds
[3010.772s][info ][safepoint      ] Entering safepoint region: RevokeBias
[3010.772s][info ][safepoint      ] Leaving safepoint region
[3010.772s][info ][safepoint      ] Total time for which application threads were stopped: 0.0000447 seconds, Stopping threads took: 0.0000207 seconds
[3010.772s][info ][safepoint      ] Application time: 0.0000425 seconds
[3010.772s][info ][safepoint      ] Entering safepoint region: RevokeBias
[3010.772s][info ][safepoint      ] Leaving safepoint region
[3010.772s][info ][safepoint      ] Total time for which application threads were stopped: 0.0000246 seconds, Stopping threads took: 0.0000041 seconds
[3010.772s][info ][safepoint      ] Application time: 0.0000227 seconds
[3010.772s][info ][safepoint      ] Entering safepoint region: RevokeBias
[3010.772s][info ][safepoint      ] Leaving safepoint region
[3010.772s][info ][safepoint      ] Total time for which application threads were stopped: 0.0000223 seconds, Stopping threads took: 0.0000036 seconds
[3010.772s][info ][safepoint      ] Application time: 0.0000274 seconds
[3010.772s][info ][safepoint      ] Entering safepoint region: RevokeBias
[3010.772s][info ][safepoint      ] Leaving safepoint region
[3010.772s][info ][safepoint      ] Total time for which application threads were stopped: 0.0000223 seconds, Stopping threads took: 0.0000034 seconds
[3010.772s][info ][safepoint      ] Application time: 0.0000305 seconds
[3010.772s][info ][safepoint      ] Entering safepoint region: RevokeBias
[3010.772s][info ][safepoint      ] Leaving safepoint region
[3010.772s][info ][safepoint      ] Total time for which application threads were stopped: 0.0000272 seconds, Stopping threads took: 0.0000038 seconds
[3010.772s][info ][safepoint      ] Application time: 0.0000570 seconds
[3010.772s][info ][safepoint      ] Entering safepoint region: RevokeBias
[3010.772s][info ][safepoint      ] Leaving safepoint region
[3010.772s][info ][safepoint      ] Total time for which application threads were stopped: 0.0000238 seconds, Stopping threads took: 0.0000035 seconds
[3010.772s][info ][safepoint      ] Application time: 0.0000290 seconds
[3010.772s][info ][safepoint      ] Entering safepoint region: RevokeBias
[3010.772s][info ][safepoint      ] Leaving safepoint region
[3010.772s][info ][safepoint      ] Total time for which application threads were stopped: 0.0000230 seconds, Stopping threads took: 0.0000039 seconds
[3010.772s][info ][safepoint      ] Application time: 0.0000237 seconds
[3010.772s][info ][safepoint      ] Entering safepoint region: RevokeBias
[3010.772s][info ][safepoint      ] Leaving safepoint region
[3010.772s][info ][safepoint      ] Total time for which application threads were stopped: 0.0000381 seconds, Stopping threads took: 0.0000046 seconds
[3010.772s][info ][safepoint      ] Application time: 0.0000285 seconds
[3010.772s][info ][safepoint      ] Entering safepoint region: BulkRevokeBias
[3010.772s][info ][safepoint      ] Leaving safepoint region
[3010.772s][info ][safepoint      ] Total time for which application threads were stopped: 0.0001541 seconds, Stopping threads took: 0.0000053 seconds
[3010.779s][info ][safepoint      ] Application time: 0.0062310 seconds
[3010.779s][info ][safepoint      ] Entering safepoint region: RevokeBias
[3010.779s][info ][safepoint      ] Leaving safepoint region
[3010.779s][info ][safepoint      ] Total time for which application threads were stopped: 0.0001258 seconds, Stopping threads took: 0.0000229 seconds
[3010.810s][info ][safepoint      ] Application time: 0.0308769 seconds
[3010.810s][info ][safepoint      ] Entering safepoint region: RevokeBias
[3010.810s][info ][safepoint      ] Leaving safepoint region
[3010.810s][info ][safepoint      ] Total time for which application threads were stopped: 0.0001422 seconds, Stopping threads took: 0.0000540 seconds
[3010.814s][info ][safepoint      ] Application time: 0.0043257 seconds
[3010.814s][info ][safepoint      ] Entering safepoint region: RevokeBias
[3010.814s][info ][safepoint      ] Leaving safepoint region
[3010.814s][info ][safepoint      ] Total time for which application threads were stopped: 0.0000829 seconds, Stopping threads took: 0.0000146 seconds
[3011.814s][info ][safepoint      ] Application time: 1.0000820 seconds
[3011.814s][info ][safepoint      ] Entering safepoint region: Cleanup
[3011.815s][info ][safepoint      ] Leaving safepoint region
[3011.815s][info ][safepoint      ] Total time for which application threads were stopped: 0.0001611 seconds, Stopping threads took: 0.0000371 seconds
[3012.815s][info ][safepoint      ] Application time: 1.0000816 seconds
[3012.815s][info ][safepoint      ] Entering safepoint region: Cleanup
[3012.815s][info ][safepoint      ] Leaving safepoint region
[3012.815s][info ][safepoint      ] Total time for which application threads were stopped: 0.0001793 seconds, Stopping threads took: 0.0000369 seconds
[3015.809s][info ][safepoint      ] Application time: 2.9942098 seconds
[3015.809s][info ][safepoint      ] Entering safepoint region: RevokeBias
[3015.809s][info ][safepoint      ] Leaving safepoint region
[3015.809s][info ][safepoint      ] Total time for which application threads were stopped: 0.0000993 seconds, Stopping threads took: 0.0000327 seconds
[3016.809s][info ][safepoint      ] Application time: 1.0000788 seconds
[3016.809s][info ][safepoint      ] Entering safepoint region: Cleanup
[3016.810s][info ][safepoint      ] Leaving safepoint region
[3016.810s][info ][safepoint      ] Total time for which application threads were stopped: 0.0001183 seconds, Stopping threads took: 0.0000335 seconds
[3017.810s][info ][safepoint      ] Application time: 1.0000803 seconds
[3017.810s][info ][safepoint      ] Entering safepoint region: Cleanup
[3017.810s][info ][safepoint      ] Leaving safepoint region
[3017.810s][info ][safepoint      ] Total time for which application threads were stopped: 0.0001333 seconds, Stopping threads took: 0.0000487 seconds
[3019.660s][info ][safepoint      ] Application time: 1.8503801 seconds
[3019.660s][info ][safepoint      ] Entering safepoint region: ParallelGCFailedAllocation
[3019.660s][info ][gc,start       ] GC(359) Pause Young (Allocation Failure)
[3019.669s][debug][gc,phases      ] GC(359) Scavenge 8.388ms
[3019.669s][debug][gc,ref         ] GC(359) Skipped phase1 of Reference Processing due to unavailable references
[3019.669s][debug][gc,ref         ] GC(359) Skipped phase3 of Reference Processing due to unavailable references
[3019.669s][debug][gc,phases      ] GC(359) Reference Processing 0.037ms
[3019.669s][debug][gc,phases      ] GC(359) Weak Processing 0.171ms
[3019.670s][debug][gc,phases      ] GC(359) Scrub String Table 0.551ms
[3019.670s][debug][gc,age         ] GC(359) Desired survivor size 14680064 bytes, new threshold 14 (max threshold 15)
[3019.670s][info ][gc,heap        ] GC(359) PSYoungGen: 2087120K->7136K(2075648K)
[3019.670s][info ][gc,heap        ] GC(359) ParOldGen: 484928K->502189K(503296K)
[3019.670s][info ][gc,metaspace   ] GC(359) Metaspace: 76637K->76637K(1120256K)
[3019.670s][info ][gc             ] GC(359) Pause Young (Allocation Failure) 2511M->497M(2518M) 9.347ms
[3019.670s][info ][gc,cpu         ] GC(359) User=0.02s Sys=0.00s Real=0.01s
[3019.670s][debug][gc,phases      ] GC(360) Pre Compact 0.011ms
[3019.670s][info ][gc,start       ] GC(360) Pause Full (Ergonomics)
[3019.670s][info ][gc,phases,start] GC(360) Marking Phase
[3019.781s][debug][gc,phases      ] GC(360) Par Mark 110.983ms
[3019.782s][debug][gc,ref         ] GC(360) Skipped phase3 of Reference Processing due to unavailable references
[3019.782s][debug][gc,phases      ] GC(360) Reference Processing 1.032ms
[3019.783s][debug][gc,phases      ] GC(360) Weak Processing 0.189ms
[3019.784s][debug][gc,phases      ] GC(360) ClassLoaderData 1.358ms
[3019.784s][debug][gc,phases      ] GC(360) Dictionary 0.034ms
[3019.784s][debug][gc,phases      ] GC(360) ProtectionDomainCacheTable 0.003ms
[3019.784s][debug][gc,phases      ] GC(360) ResolvedMethodTable 0.181ms
[3019.831s][debug][gc,phases      ] GC(360) Class Unloading 48.733ms
[3019.832s][debug][gc,phases      ] GC(360) Scrub String Table 0.685ms
[3019.840s][debug][gc,phases      ] GC(360) Scrub Symbol Table 7.889ms
[3019.840s][info ][gc,phases      ] GC(360) Marking Phase 170.220ms
[3019.840s][info ][gc,phases,start] GC(360) Summary Phase
[3019.840s][info ][gc,phases      ] GC(360) Summary Phase 0.018ms
[3019.840s][info ][gc,phases,start] GC(360) Adjust Roots
[3019.859s][info ][gc,phases      ] GC(360) Adjust Roots 18.629ms
[3019.859s][info ][gc,phases,start] GC(360) Compaction Phase
[3019.926s][info ][gc,phases      ] GC(360) Compaction Phase 67.612ms
[3019.926s][info ][gc,phases,start] GC(360) Post Compact
[3019.928s][info ][gc,phases      ] GC(360) Post Compact 1.683ms
[3019.928s][info ][gc,heap        ] GC(360) PSYoungGen: 7136K->0K(2082816K)
[3019.928s][info ][gc,heap        ] GC(360) ParOldGen: 502189K->354884K(480256K)
[3019.928s][info ][gc,metaspace   ] GC(360) Metaspace: 76637K->76415K(1120256K)
[3019.928s][info ][gc             ] GC(360) Pause Full (Ergonomics) 497M->346M(2503M) 258.563ms
[3019.928s][info ][gc,cpu         ] GC(360) User=0.79s Sys=0.01s Real=0.25s
[3019.928s][info ][safepoint      ] Leaving safepoint region
[3019.928s][info ][safepoint      ] Total time for which application threads were stopped: 0.2681388 seconds, Stopping threads took: 0.0000130 seconds
[3019.928s][info ][safepoint      ] Application time: 0.0001050 seconds
[3019.928s][info ][safepoint      ] Entering safepoint region: RevokeBias
[3019.929s][info ][safepoint      ] Leaving safepoint region
[3019.929s][info ][safepoint      ] Total time for which application threads were stopped: 0.0001456 seconds, Stopping threads took: 0.0000559 seconds
[3019.929s][info ][safepoint      ] Application time: 0.0000419 seconds
[3019.929s][info ][safepoint      ] Entering safepoint region: RevokeBias
[3019.929s][info ][safepoint      ] Leaving safepoint region
[3019.929s][info ][safepoint      ] Total time for which application threads were stopped: 0.0000768 seconds, Stopping threads took: 0.0000405 seconds
[3019.936s][info ][safepoint      ] Application time: 0.0069228 seconds
[3019.936s][info ][safepoint      ] Entering safepoint region: ICBufferFull
[3019.936s][info ][safepoint      ] Leaving safepoint region
[3019.936s][info ][safepoint      ] Total time for which application threads were stopped: 0.0002308 seconds, Stopping threads took: 0.0000092 seconds
[3020.254s][info ][safepoint      ] Application time: 0.3179013 seconds
[3020.254s][info ][safepoint      ] Entering safepoint region: ICBufferFull
[3020.254s][info ][safepoint      ] Leaving safepoint region
[3020.254s][info ][safepoint      ] Total time for which application threads were stopped: 0.0002644 seconds, Stopping threads took: 0.0000116 seconds
[3020.809s][info ][safepoint      ] Application time: 0.5553302 seconds
[3020.810s][info ][safepoint      ] Entering safepoint region: RevokeBias
[3020.810s][info ][safepoint      ] Leaving safepoint region
[3020.810s][info ][safepoint      ] Total time for which application threads were stopped: 0.0001463 seconds, Stopping threads took: 0.0000328 seconds
[3020.810s][info ][safepoint      ] Application time: 0.0002060 seconds
[3020.810s][info ][safepoint      ] Entering safepoint region: RevokeBias
[3020.810s][info ][safepoint      ] Leaving safepoint region
[3020.810s][info ][safepoint      ] Total time for which application threads were stopped: 0.0000472 seconds, Stopping threads took: 0.0000242 seconds
[3020.810s][info ][safepoint      ] Application time: 0.0001094 seconds
[3020.810s][info ][safepoint      ] Entering safepoint region: RevokeBias
[3020.810s][info ][safepoint      ] Leaving safepoint region
[3020.810s][info ][safepoint      ] Total time for which application threads were stopped: 0.0000433 seconds, Stopping threads took: 0.0000224 seconds
[3020.810s][info ][safepoint      ] Application time: 0.0000240 seconds
[3020.810s][info ][safepoint      ] Entering safepoint region: RevokeBias
[3020.810s][info ][safepoint      ] Leaving safepoint region
[3020.810s][info ][safepoint      ] Total time for which application threads were stopped: 0.0000268 seconds, Stopping threads took: 0.0000075 seconds
[3020.810s][info ][safepoint      ] Application time: 0.0000492 seconds
[3020.810s][info ][safepoint      ] Entering safepoint region: RevokeBias
[3020.810s][info ][safepoint      ] Leaving safepoint region
[3020.810s][info ][safepoint      ] Total time for which application threads were stopped: 0.0000283 seconds, Stopping threads took: 0.0000091 seconds
[3020.810s][info ][safepoint      ] Application time: 0.0000917 seconds
[3020.810s][info ][safepoint      ] Entering safepoint region: RevokeBias
[3020.810s][info ][safepoint      ] Leaving safepoint region
[3020.810s][info ][safepoint      ] Total time for which application threads were stopped: 0.0000300 seconds, Stopping threads took: 0.0000096 seconds
[3021.810s][info ][safepoint      ] Application time: 1.0000742 seconds
[3021.810s][info ][safepoint      ] Entering safepoint region: Cleanup
[3021.811s][info ][safepoint      ] Leaving safepoint region
[3021.811s][info ][safepoint      ] Total time for which application threads were stopped: 0.0001153 seconds, Stopping threads took: 0.0000353 seconds
[3022.811s][info ][safepoint      ] Application time: 1.0000833 seconds
[3022.811s][info ][safepoint      ] Entering safepoint region: Cleanup
[3022.811s][info ][safepoint      ] Leaving safepoint region
[3022.811s][info ][safepoint      ] Total time for which application threads were stopped: 0.0001401 seconds, Stopping threads took: 0.0000494 seconds
[3023.811s][info ][safepoint      ] Application time: 1.0000855 seconds
[3023.811s][info ][safepoint      ] Entering safepoint region: Cleanup
[3023.811s][info ][safepoint      ] Leaving safepoint region
[3023.811s][info ][safepoint      ] Total time for which application threads were stopped: 0.0001098 seconds, Stopping threads took: 0.0000356 seconds
[3024.811s][info ][safepoint      ] Application time: 1.0000830 seconds
[3024.811s][info ][safepoint      ] Entering safepoint region: Cleanup
[3024.811s][info ][safepoint      ] Leaving safepoint region
[3024.811s][info ][safepoint      ] Total time for which application threads were stopped: 0.0001469 seconds, Stopping threads took: 0.0000541 seconds
[3025.811s][info ][safepoint      ] Application time: 1.0000380 seconds
[3025.811s][info ][safepoint      ] Entering safepoint region: Cleanup
[3025.812s][info ][safepoint      ] Leaving safepoint region
[3025.812s][info ][safepoint      ] Total time for which application threads were stopped: 0.0001528 seconds, Stopping threads took: 0.0000558 seconds
[3026.812s][info ][safepoint      ] Application time: 1.0000857 seconds
[3026.812s][info ][safepoint      ] Entering safepoint region: Cleanup
[3026.812s][info ][safepoint      ] Leaving safepoint region
[3026.812s][info ][safepoint      ] Total time for which application threads were stopped: 0.0001290 seconds, Stopping threads took: 0.0000362 seconds
[3030.812s][info ][safepoint      ] Application time: 4.0003331 seconds
[3030.812s][info ][safepoint      ] Entering safepoint region: Cleanup
[3030.812s][info ][safepoint      ] Leaving safepoint region
[3030.812s][info ][safepoint      ] Total time for which application threads were stopped: 0.0001049 seconds, Stopping threads took: 0.0000424 seconds
[3031.812s][info ][safepoint      ] Application time: 1.0000709 seconds
[3031.813s][info ][safepoint      ] Entering safepoint region: Cleanup
[3031.813s][info ][safepoint      ] Leaving safepoint region
[3031.813s][info ][safepoint      ] Total time for which application threads were stopped: 0.0001079 seconds, Stopping threads took: 0.0000316 seconds
[3032.813s][info ][safepoint      ] Application time: 1.0000775 seconds
[3032.813s][info ][safepoint      ] Entering safepoint region: Cleanup
[3032.813s][info ][safepoint      ] Leaving safepoint region
[3032.813s][info ][safepoint      ] Total time for which application threads were stopped: 0.0001457 seconds, Stopping threads took: 0.0000370 seconds
[3033.611s][info ][safepoint      ] Application time: 0.7984872 seconds
[3033.611s][info ][safepoint      ] Entering safepoint region: ParallelGCFailedAllocation
[3033.612s][info ][gc,start       ] GC(361) Pause Young (Allocation Failure)
[3033.614s][debug][gc,phases      ] GC(361) Scavenge 2.473ms
[3033.614s][debug][gc,ref         ] GC(361) Skipped phase1 of Reference Processing due to unavailable references
[3033.614s][debug][gc,ref         ] GC(361) Skipped phase2 of Reference Processing due to unavailable references
[3033.614s][debug][gc,ref         ] GC(361) Skipped phase3 of Reference Processing due to unavailable references
[3033.614s][debug][gc,ref         ] GC(361) Skipped phase4 of Reference Processing due to unavailable references
[3033.614s][debug][gc,phases      ] GC(361) Reference Processing 0.027ms
[3033.614s][debug][gc,phases      ] GC(361) Weak Processing 0.140ms
[3033.615s][debug][gc,phases      ] GC(361) Scrub String Table 0.461ms
[3033.615s][debug][gc,age         ] GC(361) Desired survivor size 15204352 bytes, new threshold 15 (max threshold 15)
[3033.615s][info ][gc,heap        ] GC(361) PSYoungGen: 2068480K->384K(2081792K)
[3033.615s][info ][gc,heap        ] GC(361) ParOldGen: 354884K->354884K(480256K)
[3033.615s][info ][gc,metaspace   ] GC(361) Metaspace: 76415K->76415K(1120256K)
[3033.615s][info ][gc             ] GC(361) Pause Young (Allocation Failure) 2366M->346M(2502M) 3.224ms
[3033.615s][info ][gc,cpu         ] GC(361) User=0.01s Sys=0.00s Real=0.00s
[3033.615s][info ][safepoint      ] Leaving safepoint region
[3033.615s][info ][safepoint      ] Total time for which application threads were stopped: 0.0034279 seconds, Stopping threads took: 0.0000202 seconds
[3034.615s][info ][safepoint      ] Application time: 1.0000558 seconds
[3034.615s][info ][safepoint      ] Entering safepoint region: Cleanup
[3034.615s][info ][safepoint      ] Leaving safepoint region
[3034.615s][info ][safepoint      ] Total time for which application threads were stopped: 0.0001118 seconds, Stopping threads took: 0.0000448 seconds
[3038.615s][info ][safepoint      ] Application time: 4.0002900 seconds
[3038.615s][info ][safepoint      ] Entering safepoint region: Cleanup
[3038.615s][info ][safepoint      ] Leaving safepoint region
[3038.615s][info ][safepoint      ] Total time for which application threads were stopped: 0.0001167 seconds, Stopping threads took: 0.0000476 seconds
[3040.616s][info ][safepoint      ] Application time: 2.0001494 seconds
[3040.616s][info ][safepoint      ] Entering safepoint region: Cleanup
[3040.616s][info ][safepoint      ] Leaving safepoint region
[3040.616s][info ][safepoint      ] Total time for which application threads were stopped: 0.0001318 seconds, Stopping threads took: 0.0000412 seconds
[3041.616s][info ][safepoint      ] Application time: 1.0000823 seconds
[3041.616s][info ][safepoint      ] Entering safepoint region: Cleanup
[3041.616s][info ][safepoint      ] Leaving safepoint region
[3041.616s][info ][safepoint      ] Total time for which application threads were stopped: 0.0001277 seconds, Stopping threads took: 0.0000342 seconds
[3042.616s][info ][safepoint      ] Application time: 1.0000889 seconds
[3042.616s][info ][safepoint      ] Entering safepoint region: Cleanup
[3042.616s][info ][safepoint      ] Leaving safepoint region
[3042.616s][info ][safepoint      ] Total time for which application threads were stopped: 0.0001921 seconds, Stopping threads took: 0.0000577 seconds
[3043.616s][info ][safepoint      ] Application time: 1.0000928 seconds
[3043.617s][info ][safepoint      ] Entering safepoint region: Cleanup
[3043.617s][info ][safepoint      ] Leaving safepoint region
[3043.617s][info ][safepoint      ] Total time for which application threads were stopped: 0.0001462 seconds, Stopping threads took: 0.0000510 seconds
[3045.617s][info ][safepoint      ] Application time: 2.0001170 seconds
[3045.617s][info ][safepoint      ] Entering safepoint region: Cleanup
[3045.617s][info ][safepoint      ] Leaving safepoint region
[3045.617s][info ][safepoint      ] Total time for which application threads were stopped: 0.0001075 seconds, Stopping threads took: 0.0000377 seconds
[3046.617s][info ][safepoint      ] Application time: 1.0000811 seconds
[3046.617s][info ][safepoint      ] Entering safepoint region: Cleanup
[3046.617s][info ][safepoint      ] Leaving safepoint region
[3046.617s][info ][safepoint      ] Total time for which application threads were stopped: 0.0000945 seconds, Stopping threads took: 0.0000196 seconds
[3047.617s][info ][safepoint      ] Application time: 1.0000840 seconds
[3047.617s][info ][safepoint      ] Entering safepoint region: Cleanup
[3047.617s][info ][safepoint      ] Leaving safepoint region
[3047.617s][info ][safepoint      ] Total time for which application threads were stopped: 0.0001161 seconds, Stopping threads took: 0.0000456 seconds
[3047.659s][info ][safepoint      ] Application time: 0.0419898 seconds
[3047.659s][info ][safepoint      ] Entering safepoint region: ParallelGCFailedAllocation
[3047.660s][info ][gc,start       ] GC(362) Pause Young (Allocation Failure)
[3047.662s][debug][gc,phases      ] GC(362) Scavenge 2.051ms
[3047.662s][debug][gc,ref         ] GC(362) Skipped phase1 of Reference Processing due to unavailable references
[3047.662s][debug][gc,ref         ] GC(362) Skipped phase2 of Reference Processing due to unavailable references
[3047.662s][debug][gc,ref         ] GC(362) Skipped phase3 of Reference Processing due to unavailable references
[3047.662s][debug][gc,ref         ] GC(362) Skipped phase4 of Reference Processing due to unavailable references
[3047.662s][debug][gc,phases      ] GC(362) Reference Processing 0.026ms
[3047.662s][debug][gc,phases      ] GC(362) Weak Processing 0.135ms
[3047.662s][debug][gc,phases      ] GC(362) Scrub String Table 0.543ms
[3047.662s][debug][gc,age         ] GC(362) Desired survivor size 15204352 bytes, new threshold 15 (max threshold 15)
[3047.662s][info ][gc,heap        ] GC(362) PSYoungGen: 2067840K->608K(2082304K)
[3047.662s][info ][gc,heap        ] GC(362) ParOldGen: 354884K->354884K(480256K)
[3047.662s][info ][gc,metaspace   ] GC(362) Metaspace: 76425K->76425K(1120256K)
[3047.662s][info ][gc             ] GC(362) Pause Young (Allocation Failure) 2365M->347M(2502M) 2.867ms
[3047.662s][info ][gc,cpu         ] GC(362) User=0.01s Sys=0.00s Real=0.00s
[3047.662s][info ][safepoint      ] Leaving safepoint region
[3047.662s][info ][safepoint      ] Total time for which application threads were stopped: 0.0030159 seconds, Stopping threads took: 0.0000129 seconds
[3051.663s][info ][safepoint      ] Application time: 4.0003764 seconds
[3051.663s][info ][safepoint      ] Entering safepoint region: Cleanup
[3051.663s][info ][safepoint      ] Leaving safepoint region
[3051.663s][info ][safepoint      ] Total time for which application threads were stopped: 0.0001427 seconds, Stopping threads took: 0.0000453 seconds
[3053.663s][info ][safepoint      ] Application time: 2.0001469 seconds
[3053.663s][info ][safepoint      ] Entering safepoint region: Cleanup
[3053.663s][info ][safepoint      ] Leaving safepoint region
[3053.663s][info ][safepoint      ] Total time for which application threads were stopped: 0.0001260 seconds, Stopping threads took: 0.0000403 seconds
[3054.663s][info ][safepoint      ] Application time: 1.0000819 seconds
[3054.663s][info ][safepoint      ] Entering safepoint region: Cleanup
[3054.664s][info ][safepoint      ] Leaving safepoint region
[3054.664s][info ][safepoint      ] Total time for which application threads were stopped: 0.0001430 seconds, Stopping threads took: 0.0000458 seconds
[3056.664s][info ][safepoint      ] Application time: 2.0001166 seconds
[3056.664s][info ][safepoint      ] Entering safepoint region: Cleanup
[3056.664s][info ][safepoint      ] Leaving safepoint region
[3056.664s][info ][safepoint      ] Total time for which application threads were stopped: 0.0001046 seconds, Stopping threads took: 0.0000352 seconds
[3061.661s][info ][safepoint      ] Application time: 4.9968028 seconds
[3061.661s][info ][safepoint      ] Entering safepoint region: ParallelGCFailedAllocation
[3061.661s][info ][gc,start       ] GC(363) Pause Young (Allocation Failure)
[3061.663s][debug][gc,phases      ] GC(363) Scavenge 2.182ms
[3061.663s][debug][gc,ref         ] GC(363) Skipped phase1 of Reference Processing due to unavailable references
[3061.663s][debug][gc,ref         ] GC(363) Skipped phase2 of Reference Processing due to unavailable references
[3061.663s][debug][gc,ref         ] GC(363) Skipped phase3 of Reference Processing due to unavailable references
[3061.663s][debug][gc,ref         ] GC(363) Skipped phase4 of Reference Processing due to unavailable references
[3061.663s][debug][gc,phases      ] GC(363) Reference Processing 0.028ms
[3061.663s][debug][gc,phases      ] GC(363) Weak Processing 0.146ms
[3061.664s][debug][gc,phases      ] GC(363) Scrub String Table 0.495ms
[3061.664s][debug][gc,age         ] GC(363) Desired survivor size 15204352 bytes, new threshold 15 (max threshold 15)
[3061.664s][info ][gc,heap        ] GC(363) PSYoungGen: 2068064K->1104K(2082304K)
[3061.664s][info ][gc,heap        ] GC(363) ParOldGen: 354884K->354884K(480256K)
[3061.664s][info ][gc,metaspace   ] GC(363) Metaspace: 76426K->76426K(1120256K)
[3061.664s][info ][gc             ] GC(363) Pause Young (Allocation Failure) 2366M->347M(2502M) 2.969ms
[3061.664s][info ][gc,cpu         ] GC(363) User=0.01s Sys=0.00s Real=0.00s
[3061.664s][info ][safepoint      ] Leaving safepoint region
[3061.664s][info ][safepoint      ] Total time for which application threads were stopped: 0.0031703 seconds, Stopping threads took: 0.0000126 seconds
[3062.664s][info ][safepoint      ] Application time: 1.0000825 seconds
[3062.664s][info ][safepoint      ] Entering safepoint region: Cleanup
[3062.664s][info ][safepoint      ] Leaving safepoint region
[3062.664s][info ][safepoint      ] Total time for which application threads were stopped: 0.0001022 seconds, Stopping threads took: 0.0000327 seconds
[3063.664s][info ][safepoint      ] Application time: 1.0000853 seconds
[3063.664s][info ][safepoint      ] Entering safepoint region: Cleanup
[3063.664s][info ][safepoint      ] Leaving safepoint region
[3063.664s][info ][safepoint      ] Total time for which application threads were stopped: 0.0001986 seconds, Stopping threads took: 0.0000357 seconds
[3066.665s][info ][safepoint      ] Application time: 3.0002339 seconds
[3066.665s][info ][safepoint      ] Entering safepoint region: Cleanup
[3066.665s][info ][safepoint      ] Leaving safepoint region
[3066.665s][info ][safepoint      ] Total time for which application threads were stopped: 0.0001226 seconds, Stopping threads took: 0.0000336 seconds
[3067.665s][info ][safepoint      ] Application time: 1.0000767 seconds
[3067.665s][info ][safepoint      ] Entering safepoint region: Cleanup
[3067.665s][info ][safepoint      ] Leaving safepoint region
[3067.665s][info ][safepoint      ] Total time for which application threads were stopped: 0.0001362 seconds, Stopping threads took: 0.0000547 seconds
[3070.881s][info ][safepoint      ] Application time: 3.2159107 seconds
[3070.881s][info ][safepoint      ] Entering safepoint region: RevokeBias
[3070.881s][info ][safepoint      ] Leaving safepoint region
[3070.881s][info ][safepoint      ] Total time for which application threads were stopped: 0.0000654 seconds, Stopping threads took: 0.0000115 seconds
[3073.881s][info ][safepoint      ] Application time: 3.0002299 seconds
[3073.881s][info ][safepoint      ] Entering safepoint region: Cleanup
[3073.881s][info ][safepoint      ] Leaving safepoint region
[3073.881s][info ][safepoint      ] Total time for which application threads were stopped: 0.0000927 seconds, Stopping threads took: 0.0000190 seconds
[3074.882s][info ][safepoint      ] Application time: 1.0000788 seconds
[3074.882s][info ][safepoint      ] Entering safepoint region: Cleanup
[3074.882s][info ][safepoint      ] Leaving safepoint region
[3074.882s][info ][safepoint      ] Total time for which application threads were stopped: 0.0000731 seconds, Stopping threads took: 0.0000151 seconds
[3075.711s][info ][safepoint      ] Application time: 0.8297745 seconds
[3075.711s][info ][safepoint      ] Entering safepoint region: ParallelGCFailedAllocation
[3075.712s][info ][gc,start       ] GC(364) Pause Young (Allocation Failure)
[3075.714s][debug][gc,phases      ] GC(364) Scavenge 2.382ms
[3075.714s][debug][gc,ref         ] GC(364) Skipped phase1 of Reference Processing due to unavailable references
[3075.714s][debug][gc,ref         ] GC(364) Skipped phase2 of Reference Processing due to unavailable references
[3075.714s][debug][gc,ref         ] GC(364) Skipped phase3 of Reference Processing due to unavailable references
[3075.714s][debug][gc,ref         ] GC(364) Skipped phase4 of Reference Processing due to unavailable references
[3075.714s][debug][gc,phases      ] GC(364) Reference Processing 0.028ms
[3075.714s][debug][gc,phases      ] GC(364) Weak Processing 0.127ms
[3075.715s][debug][gc,phases      ] GC(364) Scrub String Table 0.451ms
[3075.715s][debug][gc,age         ] GC(364) Desired survivor size 15204352 bytes, new threshold 15 (max threshold 15)
[3075.715s][info ][gc,heap        ] GC(364) PSYoungGen: 2068560K->1360K(2082304K)
[3075.715s][info ][gc,heap        ] GC(364) ParOldGen: 354884K->354884K(480256K)
[3075.715s][info ][gc,metaspace   ] GC(364) Metaspace: 76429K->76429K(1120256K)
[3075.715s][info ][gc             ] GC(364) Pause Young (Allocation Failure) 2366M->347M(2502M) 3.102ms
[3075.715s][info ][gc,cpu         ] GC(364) User=0.01s Sys=0.00s Real=0.00s
[3075.715s][info ][safepoint      ] Leaving safepoint region
[3075.715s][info ][safepoint      ] Total time for which application threads were stopped: 0.0032685 seconds, Stopping threads took: 0.0000131 seconds
[3076.715s][info ][safepoint      ] Application time: 1.0000773 seconds
[3076.715s][info ][safepoint      ] Entering safepoint region: Cleanup
[3076.715s][info ][safepoint      ] Leaving safepoint region
[3076.715s][info ][safepoint      ] Total time for which application threads were stopped: 0.0001309 seconds, Stopping threads took: 0.0000499 seconds
[3077.715s][info ][safepoint      ] Application time: 1.0000768 seconds
[3077.715s][info ][safepoint      ] Entering safepoint region: Cleanup
[3077.715s][info ][safepoint      ] Leaving safepoint region
[3077.715s][info ][safepoint      ] Total time for which application threads were stopped: 0.0001308 seconds, Stopping threads took: 0.0000359 seconds
[3078.051s][info ][safepoint      ] Application time: 0.3360224 seconds
[3078.051s][info ][safepoint      ] Entering safepoint region: RevokeBias
[3078.051s][info ][safepoint      ] Leaving safepoint region
[3078.051s][info ][safepoint      ] Total time for which application threads were stopped: 0.0001165 seconds, Stopping threads took: 0.0000327 seconds
[3079.052s][info ][safepoint      ] Application time: 1.0000744 seconds
[3079.052s][info ][safepoint      ] Entering safepoint region: Cleanup
[3079.052s][info ][safepoint      ] Leaving safepoint region
[3079.052s][info ][safepoint      ] Total time for which application threads were stopped: 0.0001262 seconds, Stopping threads took: 0.0000476 seconds
[3086.052s][info ][safepoint      ] Application time: 7.0004933 seconds
[3086.052s][info ][safepoint      ] Entering safepoint region: Cleanup
[3086.052s][info ][safepoint      ] Leaving safepoint region
[3086.052s][info ][safepoint      ] Total time for which application threads were stopped: 0.0001151 seconds, Stopping threads took: 0.0000413 seconds
[3089.716s][info ][safepoint      ] Application time: 3.6634375 seconds
[3089.716s][info ][safepoint      ] Entering safepoint region: ParallelGCFailedAllocation
[3089.716s][info ][gc,start       ] GC(365) Pause Young (Allocation Failure)
[3089.718s][debug][gc,phases      ] GC(365) Scavenge 2.180ms
[3089.718s][debug][gc,ref         ] GC(365) Skipped phase1 of Reference Processing due to unavailable references
[3089.718s][debug][gc,ref         ] GC(365) Skipped phase2 of Reference Processing due to unavailable references
[3089.718s][debug][gc,ref         ] GC(365) Skipped phase3 of Reference Processing due to unavailable references
[3089.718s][debug][gc,ref         ] GC(365) Skipped phase4 of Reference Processing due to unavailable references
[3089.718s][debug][gc,phases      ] GC(365) Reference Processing 0.037ms
[3089.718s][debug][gc,phases      ] GC(365) Weak Processing 0.173ms
[3089.719s][debug][gc,phases      ] GC(365) Scrub String Table 0.537ms
[3089.719s][debug][gc,age         ] GC(365) Desired survivor size 14680064 bytes, new threshold 15 (max threshold 15)
[3089.719s][info ][gc,heap        ] GC(365) PSYoungGen: 2068816K->1456K(2082816K)
[3089.719s][info ][gc,heap        ] GC(365) ParOldGen: 354884K->354884K(480256K)
[3089.719s][info ][gc,metaspace   ] GC(365) Metaspace: 76429K->76429K(1120256K)
[3089.719s][info ][gc             ] GC(365) Pause Young (Allocation Failure) 2366M->347M(2503M) 3.068ms
[3089.719s][info ][gc,cpu         ] GC(365) User=0.01s Sys=0.00s Real=0.01s
[3089.719s][info ][safepoint      ] Leaving safepoint region
[3089.719s][info ][safepoint      ] Total time for which application threads were stopped: 0.0032680 seconds, Stopping threads took: 0.0000191 seconds
[3096.720s][info ][safepoint      ] Application time: 7.0006375 seconds
[3096.720s][info ][safepoint      ] Entering safepoint region: Cleanup
[3096.720s][info ][safepoint      ] Leaving safepoint region
[3096.720s][info ][safepoint      ] Total time for which application threads were stopped: 0.0000698 seconds, Stopping threads took: 0.0000122 seconds
[3098.720s][info ][safepoint      ] Application time: 2.0001444 seconds
[3098.720s][info ][safepoint      ] Entering safepoint region: Cleanup
[3098.720s][info ][safepoint      ] Leaving safepoint region
[3098.720s][info ][safepoint      ] Total time for which application threads were stopped: 0.0000732 seconds, Stopping threads took: 0.0000120 seconds
[3099.720s][info ][safepoint      ] Application time: 1.0000756 seconds
[3099.720s][info ][safepoint      ] Entering safepoint region: Cleanup
[3099.721s][info ][safepoint      ] Leaving safepoint region
[3099.721s][info ][safepoint      ] Total time for which application threads were stopped: 0.0004689 seconds, Stopping threads took: 0.0003853 seconds
[3100.721s][info ][safepoint      ] Application time: 1.0000836 seconds
[3100.721s][info ][safepoint      ] Entering safepoint region: Cleanup
[3100.721s][info ][safepoint      ] Leaving safepoint region
[3100.721s][info ][safepoint      ] Total time for which application threads were stopped: 0.0001253 seconds, Stopping threads took: 0.0000359 seconds
[3102.721s][info ][safepoint      ] Application time: 2.0001433 seconds
[3102.721s][info ][safepoint      ] Entering safepoint region: Cleanup
[3102.721s][info ][safepoint      ] Leaving safepoint region
[3102.721s][info ][safepoint      ] Total time for which application threads were stopped: 0.0000756 seconds, Stopping threads took: 0.0000102 seconds
[3103.615s][info ][safepoint      ] Application time: 0.8934187 seconds
[3103.615s][info ][safepoint      ] Entering safepoint region: ParallelGCFailedAllocation
[3103.615s][info ][gc,start       ] GC(366) Pause Young (Allocation Failure)
[3103.617s][debug][gc,phases      ] GC(366) Scavenge 2.536ms
[3103.617s][debug][gc,ref         ] GC(366) Skipped phase1 of Reference Processing due to unavailable references
[3103.617s][debug][gc,ref         ] GC(366) Skipped phase2 of Reference Processing due to unavailable references
[3103.617s][debug][gc,ref         ] GC(366) Skipped phase3 of Reference Processing due to unavailable references
[3103.617s][debug][gc,ref         ] GC(366) Skipped phase4 of Reference Processing due to unavailable references
[3103.617s][debug][gc,phases      ] GC(366) Reference Processing 0.029ms
[3103.618s][debug][gc,phases      ] GC(366) Weak Processing 0.138ms
[3103.618s][debug][gc,phases      ] GC(366) Scrub String Table 0.451ms
[3103.618s][debug][gc,age         ] GC(366) Desired survivor size 14680064 bytes, new threshold 15 (max threshold 15)
[3103.618s][info ][gc,heap        ] GC(366) PSYoungGen: 2069424K->1760K(2082304K)
[3103.618s][info ][gc,heap        ] GC(366) ParOldGen: 354884K->354884K(480256K)
[3103.618s][info ][gc,metaspace   ] GC(366) Metaspace: 76429K->76429K(1120256K)
[3103.618s][info ][gc             ] GC(366) Pause Young (Allocation Failure) 2367M->348M(2502M) 3.275ms
[3103.618s][info ][gc,cpu         ] GC(366) User=0.01s Sys=0.00s Real=0.01s
[3103.618s][info ][safepoint      ] Leaving safepoint region
[3103.618s][info ][safepoint      ] Total time for which application threads were stopped: 0.0034217 seconds, Stopping threads took: 0.0000126 seconds
[3104.618s][info ][safepoint      ] Application time: 1.0000968 seconds
[3104.618s][info ][safepoint      ] Entering safepoint region: Cleanup
[3104.618s][info ][safepoint      ] Leaving safepoint region
[3104.618s][info ][safepoint      ] Total time for which application threads were stopped: 0.0000696 seconds, Stopping threads took: 0.0000119 seconds
[3107.619s][info ][safepoint      ] Application time: 3.0002253 seconds
[3107.619s][info ][safepoint      ] Entering safepoint region: Cleanup
[3107.619s][info ][safepoint      ] Leaving safepoint region
[3107.619s][info ][safepoint      ] Total time for which application threads were stopped: 0.0000804 seconds, Stopping threads took: 0.0000124 seconds
[3116.619s][info ][safepoint      ] Application time: 9.0006445 seconds
[3116.619s][info ][safepoint      ] Entering safepoint region: Cleanup
[3116.619s][info ][safepoint      ] Leaving safepoint region
[3116.619s][info ][safepoint      ] Total time for which application threads were stopped: 0.0000904 seconds, Stopping threads took: 0.0000173 seconds
[3117.499s][info ][safepoint      ] Application time: 0.8798716 seconds
[3117.499s][info ][safepoint      ] Entering safepoint region: ParallelGCFailedAllocation
[3117.499s][info ][gc,start       ] GC(367) Pause Young (Allocation Failure)
[3117.502s][debug][gc,phases      ] GC(367) Scavenge 2.686ms
[3117.502s][debug][gc,ref         ] GC(367) Skipped phase1 of Reference Processing due to unavailable references
[3117.502s][debug][gc,ref         ] GC(367) Skipped phase2 of Reference Processing due to unavailable references
[3117.502s][debug][gc,ref         ] GC(367) Skipped phase3 of Reference Processing due to unavailable references
[3117.502s][debug][gc,ref         ] GC(367) Skipped phase4 of Reference Processing due to unavailable references
[3117.502s][debug][gc,phases      ] GC(367) Reference Processing 0.026ms
[3117.502s][debug][gc,phases      ] GC(367) Weak Processing 0.141ms
[3117.503s][debug][gc,phases      ] GC(367) Scrub String Table 0.415ms
[3117.503s][debug][gc,age         ] GC(367) Desired survivor size 14155776 bytes, new threshold 15 (max threshold 15)
[3117.503s][info ][gc,heap        ] GC(367) PSYoungGen: 2069728K->1808K(2083328K)
[3117.503s][info ][gc,heap        ] GC(367) ParOldGen: 354884K->354884K(480256K)
[3117.503s][info ][gc,metaspace   ] GC(367) Metaspace: 76430K->76430K(1120256K)
[3117.503s][info ][gc             ] GC(367) Pause Young (Allocation Failure) 2367M->348M(2503M) 3.373ms
[3117.503s][info ][gc,cpu         ] GC(367) User=0.01s Sys=0.00s Real=0.00s
[3117.503s][info ][safepoint      ] Leaving safepoint region
[3117.503s][info ][safepoint      ] Total time for which application threads were stopped: 0.0035307 seconds, Stopping threads took: 0.0000123 seconds
[3118.503s][info ][safepoint      ] Application time: 1.0000701 seconds
[3118.503s][info ][safepoint      ] Entering safepoint region: Cleanup
[3118.503s][info ][safepoint      ] Leaving safepoint region
[3118.503s][info ][safepoint      ] Total time for which application threads were stopped: 0.0001159 seconds, Stopping threads took: 0.0000452 seconds
[3122.503s][info ][safepoint      ] Application time: 4.0002785 seconds
[3122.503s][info ][safepoint      ] Entering safepoint region: Cleanup
[3122.504s][info ][safepoint      ] Leaving safepoint region
[3122.504s][info ][safepoint      ] Total time for which application threads were stopped: 0.0001107 seconds, Stopping threads took: 0.0000357 seconds
[3124.504s][info ][safepoint      ] Application time: 2.0001363 seconds
[3124.504s][info ][safepoint      ] Entering safepoint region: Cleanup
[3124.504s][info ][safepoint      ] Leaving safepoint region
[3124.504s][info ][safepoint      ] Total time for which application threads were stopped: 0.0000987 seconds, Stopping threads took: 0.0000326 seconds
[3129.504s][info ][safepoint      ] Application time: 5.0003627 seconds
[3129.504s][info ][safepoint      ] Entering safepoint region: Cleanup
[3129.504s][info ][safepoint      ] Leaving safepoint region
[3129.504s][info ][safepoint      ] Total time for which application threads were stopped: 0.0001527 seconds, Stopping threads took: 0.0000640 seconds
[3130.504s][info ][safepoint      ] Application time: 1.0000792 seconds
[3130.505s][info ][safepoint      ] Entering safepoint region: Cleanup
[3130.505s][info ][safepoint      ] Leaving safepoint region
[3130.505s][info ][safepoint      ] Total time for which application threads were stopped: 0.0001388 seconds, Stopping threads took: 0.0000543 seconds
[3131.353s][info ][safepoint      ] Application time: 0.8481969 seconds
[3131.353s][info ][safepoint      ] Entering safepoint region: ParallelGCFailedAllocation
[3131.353s][info ][gc,start       ] GC(368) Pause Young (Allocation Failure)
[3131.356s][debug][gc,phases      ] GC(368) Scavenge 2.672ms
[3131.356s][debug][gc,ref         ] GC(368) Skipped phase1 of Reference Processing due to unavailable references
[3131.356s][debug][gc,ref         ] GC(368) Skipped phase2 of Reference Processing due to unavailable references
[3131.356s][debug][gc,ref         ] GC(368) Skipped phase3 of Reference Processing due to unavailable references
[3131.356s][debug][gc,ref         ] GC(368) Skipped phase4 of Reference Processing due to unavailable references
[3131.356s][debug][gc,phases      ] GC(368) Reference Processing 0.037ms
[3131.356s][debug][gc,phases      ] GC(368) Weak Processing 0.168ms
[3131.357s][debug][gc,phases      ] GC(368) Scrub String Table 0.552ms
[3131.357s][debug][gc,age         ] GC(368) Desired survivor size 13631488 bytes, new threshold 15 (max threshold 15)
[3131.357s][info ][gc,heap        ] GC(368) PSYoungGen: 2070800K->2080K(2082816K)
[3131.357s][info ][gc,heap        ] GC(368) ParOldGen: 354884K->354884K(480256K)
[3131.357s][info ][gc,metaspace   ] GC(368) Metaspace: 76430K->76430K(1120256K)
[3131.357s][info ][gc             ] GC(368) Pause Young (Allocation Failure) 2368M->348M(2503M) 3.576ms
[3131.357s][info ][gc,cpu         ] GC(368) User=0.02s Sys=0.00s Real=0.00s
[3131.357s][info ][safepoint      ] Leaving safepoint region
[3131.357s][info ][safepoint      ] Total time for which application threads were stopped: 0.0037430 seconds, Stopping threads took: 0.0000129 seconds
[3132.357s][info ][safepoint      ] Application time: 1.0000810 seconds
[3132.357s][info ][safepoint      ] Entering safepoint region: Cleanup
[3132.357s][info ][safepoint      ] Leaving safepoint region
[3132.357s][info ][safepoint      ] Total time for which application threads were stopped: 0.0001241 seconds, Stopping threads took: 0.0000490 seconds
[3134.265s][info ][safepoint      ] Application time: 1.9085523 seconds
[3134.266s][info ][safepoint      ] Entering safepoint region: RevokeBias
[3134.266s][info ][safepoint      ] Leaving safepoint region
[3134.266s][info ][safepoint      ] Total time for which application threads were stopped: 0.0001267 seconds, Stopping threads took: 0.0000298 seconds
[3134.266s][info ][safepoint      ] Application time: 0.0002699 seconds
[3134.266s][info ][safepoint      ] Entering safepoint region: RevokeBias
[3134.266s][info ][safepoint      ] Leaving safepoint region
[3134.266s][info ][safepoint      ] Total time for which application threads were stopped: 0.0000530 seconds, Stopping threads took: 0.0000150 seconds
[3134.284s][info ][safepoint      ] Application time: 0.0177359 seconds
[3134.284s][info ][safepoint      ] Entering safepoint region: RevokeBias
[3134.284s][info ][safepoint      ] Leaving safepoint region
[3134.284s][info ][safepoint      ] Total time for which application threads were stopped: 0.0001202 seconds, Stopping threads took: 0.0000127 seconds
[3134.444s][info ][safepoint      ] Application time: 0.1601728 seconds
[3134.444s][info ][safepoint      ] Entering safepoint region: RevokeBias
[3134.444s][info ][safepoint      ] Leaving safepoint region
[3134.444s][info ][safepoint      ] Total time for which application threads were stopped: 0.0000844 seconds, Stopping threads took: 0.0000125 seconds
[3134.446s][info ][safepoint      ] Application time: 0.0022088 seconds
[3134.446s][info ][safepoint      ] Entering safepoint region: RevokeBias
[3134.446s][info ][safepoint      ] Leaving safepoint region
[3134.446s][info ][safepoint      ] Total time for which application threads were stopped: 0.0000467 seconds, Stopping threads took: 0.0000084 seconds
[3134.446s][info ][safepoint      ] Application time: 0.0000332 seconds
[3134.447s][info ][safepoint      ] Entering safepoint region: RevokeBias
[3134.447s][info ][safepoint      ] Leaving safepoint region
[3134.447s][info ][safepoint      ] Total time for which application threads were stopped: 0.0000560 seconds, Stopping threads took: 0.0000276 seconds
[3134.447s][info ][safepoint      ] Application time: 0.0000336 seconds
[3134.447s][info ][safepoint      ] Entering safepoint region: RevokeBias
[3134.447s][info ][safepoint      ] Leaving safepoint region
[3134.447s][info ][safepoint      ] Total time for which application threads were stopped: 0.0000306 seconds, Stopping threads took: 0.0000111 seconds
[3134.447s][info ][safepoint      ] Application time: 0.0000275 seconds
[3134.447s][info ][safepoint      ] Entering safepoint region: RevokeBias
[3134.447s][info ][safepoint      ] Leaving safepoint region
[3134.447s][info ][safepoint      ] Total time for which application threads were stopped: 0.0000378 seconds, Stopping threads took: 0.0000109 seconds
[3134.447s][info ][safepoint      ] Application time: 0.0000316 seconds
[3134.447s][info ][safepoint      ] Entering safepoint region: RevokeBias
[3134.447s][info ][safepoint      ] Leaving safepoint region
[3134.447s][info ][safepoint      ] Total time for which application threads were stopped: 0.0000339 seconds, Stopping threads took: 0.0000097 seconds
[3134.447s][info ][safepoint      ] Application time: 0.0000299 seconds
[3134.447s][info ][safepoint      ] Entering safepoint region: RevokeBias
[3134.447s][info ][safepoint      ] Leaving safepoint region
[3134.447s][info ][safepoint      ] Total time for which application threads were stopped: 0.0000366 seconds, Stopping threads took: 0.0000175 seconds
[3134.447s][info ][safepoint      ] Application time: 0.0000405 seconds
[3134.447s][info ][safepoint      ] Entering safepoint region: RevokeBias
[3134.447s][info ][safepoint      ] Leaving safepoint region
[3134.447s][info ][safepoint      ] Total time for which application threads were stopped: 0.0000677 seconds, Stopping threads took: 0.0000424 seconds
[3134.447s][info ][safepoint      ] Application time: 0.0000488 seconds
[3134.447s][info ][safepoint      ] Entering safepoint region: RevokeBias
[3134.447s][info ][safepoint      ] Leaving safepoint region
[3134.447s][info ][safepoint      ] Total time for which application threads were stopped: 0.0000514 seconds, Stopping threads took: 0.0000306 seconds
[3134.447s][info ][safepoint      ] Application time: 0.0000386 seconds
[3134.447s][info ][safepoint      ] Entering safepoint region: RevokeBias
[3134.447s][info ][safepoint      ] Leaving safepoint region
[3134.447s][info ][safepoint      ] Total time for which application threads were stopped: 0.0000303 seconds, Stopping threads took: 0.0000113 seconds
[3134.447s][info ][safepoint      ] Application time: 0.0000334 seconds
[3134.447s][info ][safepoint      ] Entering safepoint region: RevokeBias
[3134.447s][info ][safepoint      ] Leaving safepoint region
[3134.447s][info ][safepoint      ] Total time for which application threads were stopped: 0.0000608 seconds, Stopping threads took: 0.0000361 seconds
[3134.447s][info ][safepoint      ] Application time: 0.0000349 seconds
[3134.447s][info ][safepoint      ] Entering safepoint region: RevokeBias
[3134.447s][info ][safepoint      ] Leaving safepoint region
[3134.447s][info ][safepoint      ] Total time for which application threads were stopped: 0.0000505 seconds, Stopping threads took: 0.0000310 seconds
[3134.447s][info ][safepoint      ] Application time: 0.0000314 seconds
[3134.447s][info ][safepoint      ] Entering safepoint region: RevokeBias
[3134.447s][info ][safepoint      ] Leaving safepoint region
[3134.447s][info ][safepoint      ] Total time for which application threads were stopped: 0.0000286 seconds, Stopping threads took: 0.0000107 seconds
[3134.447s][info ][safepoint      ] Application time: 0.0000536 seconds
[3134.447s][info ][safepoint      ] Entering safepoint region: RevokeBias
[3134.448s][info ][safepoint      ] Leaving safepoint region
[3134.448s][info ][safepoint      ] Total time for which application threads were stopped: 0.0000420 seconds, Stopping threads took: 0.0000123 seconds
[3134.448s][info ][safepoint      ] Application time: 0.0000521 seconds
[3134.448s][info ][safepoint      ] Entering safepoint region: RevokeBias
[3134.448s][info ][safepoint      ] Leaving safepoint region
[3134.448s][info ][safepoint      ] Total time for which application threads were stopped: 0.0000485 seconds, Stopping threads took: 0.0000112 seconds
[3134.448s][info ][safepoint      ] Application time: 0.0003859 seconds
[3134.448s][info ][safepoint      ] Entering safepoint region: RevokeBias
[3134.448s][info ][safepoint      ] Leaving safepoint region
[3134.448s][info ][safepoint      ] Total time for which application threads were stopped: 0.0000480 seconds, Stopping threads took: 0.0000279 seconds
[3134.457s][info ][safepoint      ] Application time: 0.0087236 seconds
[3134.457s][info ][safepoint      ] Entering safepoint region: RevokeBias
[3134.457s][info ][safepoint      ] Leaving safepoint region
[3134.457s][info ][safepoint      ] Total time for which application threads were stopped: 0.0001342 seconds, Stopping threads took: 0.0000394 seconds
[3134.490s][info ][safepoint      ] Application time: 0.0332783 seconds
[3134.490s][info ][safepoint      ] Entering safepoint region: RevokeBias
[3134.490s][info ][safepoint      ] Leaving safepoint region
[3134.490s][info ][safepoint      ] Total time for which application threads were stopped: 0.0001104 seconds, Stopping threads took: 0.0000155 seconds
[3134.517s][info ][safepoint      ] Application time: 0.0264755 seconds
[3134.517s][info ][safepoint      ] Entering safepoint region: RevokeBias
[3134.517s][info ][safepoint      ] Leaving safepoint region
[3134.517s][info ][safepoint      ] Total time for which application threads were stopped: 0.0000957 seconds, Stopping threads took: 0.0000120 seconds
[3135.517s][info ][safepoint      ] Application time: 1.0001077 seconds
[3135.517s][info ][safepoint      ] Entering safepoint region: Cleanup
[3135.517s][info ][safepoint      ] Leaving safepoint region
[3135.517s][info ][safepoint      ] Total time for which application threads were stopped: 0.0002921 seconds, Stopping threads took: 0.0000381 seconds
[3137.518s][info ][safepoint      ] Application time: 2.0001521 seconds
[3137.518s][info ][safepoint      ] Entering safepoint region: Cleanup
[3137.518s][info ][safepoint      ] Leaving safepoint region
[3137.518s][info ][safepoint      ] Total time for which application threads were stopped: 0.0001441 seconds, Stopping threads took: 0.0000519 seconds
[3138.518s][info ][safepoint      ] Application time: 1.0000708 seconds
[3138.518s][info ][safepoint      ] Entering safepoint region: Cleanup
[3138.518s][info ][safepoint      ] Leaving safepoint region
[3138.518s][info ][safepoint      ] Total time for which application threads were stopped: 0.0001061 seconds, Stopping threads took: 0.0000430 seconds
[3139.490s][info ][safepoint      ] Application time: 0.9718346 seconds
[3139.490s][info ][safepoint      ] Entering safepoint region: RevokeBias
[3139.490s][info ][safepoint      ] Leaving safepoint region
[3139.490s][info ][safepoint      ] Total time for which application threads were stopped: 0.0000973 seconds, Stopping threads took: 0.0000339 seconds
[3140.490s][info ][safepoint      ] Application time: 1.0000387 seconds
[3140.490s][info ][safepoint      ] Entering safepoint region: Cleanup
[3140.490s][info ][safepoint      ] Leaving safepoint region
[3140.490s][info ][safepoint      ] Total time for which application threads were stopped: 0.0000985 seconds, Stopping threads took: 0.0000291 seconds
[3141.853s][info ][safepoint      ] Application time: 1.3624434 seconds
[3141.853s][info ][safepoint      ] Entering safepoint region: ParallelGCFailedAllocation
[3141.853s][info ][gc,start       ] GC(369) Pause Young (Allocation Failure)
[3141.860s][debug][gc,phases      ] GC(369) Scavenge 6.761ms
[3141.860s][debug][gc,ref         ] GC(369) Skipped phase1 of Reference Processing due to unavailable references
[3141.860s][debug][gc,ref         ] GC(369) Skipped phase3 of Reference Processing due to unavailable references
[3141.860s][debug][gc,phases      ] GC(369) Reference Processing 0.030ms
[3141.860s][debug][gc,phases      ] GC(369) Weak Processing 0.151ms
[3141.860s][debug][gc,phases      ] GC(369) Scrub String Table 0.459ms
[3141.860s][debug][gc,age         ] GC(369) Desired survivor size 14680064 bytes, new threshold 15 (max threshold 15)
[3141.860s][info ][gc,heap        ] GC(369) PSYoungGen: 2071072K->9612K(2081792K)
[3141.860s][info ][gc,heap        ] GC(369) ParOldGen: 354884K->371268K(480256K)
[3141.860s][info ][gc,metaspace   ] GC(369) Metaspace: 76444K->76444K(1120256K)
[3141.860s][info ][gc             ] GC(369) Pause Young (Allocation Failure) 2369M->371M(2502M) 7.541ms
[3141.860s][info ][gc,cpu         ] GC(369) User=0.03s Sys=0.00s Real=0.01s
[3141.860s][info ][safepoint      ] Leaving safepoint region
[3141.860s][info ][safepoint      ] Total time for which application threads were stopped: 0.0077126 seconds, Stopping threads took: 0.0000120 seconds
[3144.490s][info ][safepoint      ] Application time: 2.6297808 seconds
[3144.490s][info ][safepoint      ] Entering safepoint region: RevokeBias
[3144.490s][info ][safepoint      ] Leaving safepoint region
[3144.490s][info ][safepoint      ] Total time for which application threads were stopped: 0.0000763 seconds, Stopping threads took: 0.0000132 seconds
[3144.490s][info ][safepoint      ] Application time: 0.0001652 seconds
[3144.490s][info ][safepoint      ] Entering safepoint region: RevokeBias
[3144.490s][info ][safepoint      ] Leaving safepoint region
[3144.490s][info ][safepoint      ] Total time for which application threads were stopped: 0.0000179 seconds, Stopping threads took: 0.0000036 seconds
[3144.491s][info ][safepoint      ] Application time: 0.0000920 seconds
[3144.491s][info ][safepoint      ] Entering safepoint region: RevokeBias
[3144.491s][info ][safepoint      ] Leaving safepoint region
[3144.491s][info ][safepoint      ] Total time for which application threads were stopped: 0.0000292 seconds, Stopping threads took: 0.0000160 seconds
[3144.491s][info ][safepoint      ] Application time: 0.0000189 seconds
[3144.491s][info ][safepoint      ] Entering safepoint region: RevokeBias
[3144.491s][info ][safepoint      ] Leaving safepoint region
[3144.491s][info ][safepoint      ] Total time for which application threads were stopped: 0.0000158 seconds, Stopping threads took: 0.0000032 seconds
[3144.491s][info ][safepoint      ] Application time: 0.0000338 seconds
[3144.491s][info ][safepoint      ] Entering safepoint region: RevokeBias
[3144.491s][info ][safepoint      ] Leaving safepoint region
[3144.491s][info ][safepoint      ] Total time for which application threads were stopped: 0.0000176 seconds, Stopping threads took: 0.0000033 seconds
[3144.491s][info ][safepoint      ] Application time: 0.0000732 seconds
[3144.491s][info ][safepoint      ] Entering safepoint region: RevokeBias
[3144.491s][info ][safepoint      ] Leaving safepoint region
[3144.491s][info ][safepoint      ] Total time for which application threads were stopped: 0.0000157 seconds, Stopping threads took: 0.0000032 seconds
[3145.491s][info ][safepoint      ] Application time: 1.0000621 seconds
[3145.491s][info ][safepoint      ] Entering safepoint region: Cleanup
[3145.491s][info ][safepoint      ] Leaving safepoint region
[3145.491s][info ][safepoint      ] Total time for which application threads were stopped: 0.0000762 seconds, Stopping threads took: 0.0000141 seconds
[3146.491s][info ][safepoint      ] Application time: 1.0000679 seconds
[3146.491s][info ][safepoint      ] Entering safepoint region: Cleanup
[3146.491s][info ][safepoint      ] Leaving safepoint region
[3146.491s][info ][safepoint      ] Total time for which application threads were stopped: 0.0000932 seconds, Stopping threads took: 0.0000138 seconds
[3147.491s][info ][safepoint      ] Application time: 1.0000748 seconds
[3147.491s][info ][safepoint      ] Entering safepoint region: Cleanup
[3147.491s][info ][safepoint      ] Leaving safepoint region
[3147.491s][info ][safepoint      ] Total time for which application threads were stopped: 0.0000762 seconds, Stopping threads took: 0.0000146 seconds
[3149.491s][info ][safepoint      ] Application time: 2.0001365 seconds
[3149.492s][info ][safepoint      ] Entering safepoint region: Cleanup
[3149.492s][info ][safepoint      ] Leaving safepoint region
[3149.492s][info ][safepoint      ] Total time for which application threads were stopped: 0.0000720 seconds, Stopping threads took: 0.0000144 seconds
[3152.602s][info ][safepoint      ] Application time: 3.1104731 seconds
[3152.602s][info ][safepoint      ] Entering safepoint region: ParallelGCFailedAllocation
[3152.602s][info ][gc,start       ] GC(370) Pause Young (Allocation Failure)
[3152.607s][debug][gc,phases      ] GC(370) Scavenge 4.278ms
[3152.607s][debug][gc,ref         ] GC(370) Skipped phase1 of Reference Processing due to unavailable references
[3152.607s][debug][gc,phases      ] GC(370) Reference Processing 0.069ms
[3152.607s][debug][gc,phases      ] GC(370) Weak Processing 0.155ms
[3152.607s][debug][gc,phases      ] GC(370) Scrub String Table 0.529ms
[3152.607s][debug][gc,age         ] GC(370) Desired survivor size 15728640 bytes, new threshold 15 (max threshold 15)
[3152.607s][info ][gc,heap        ] GC(370) PSYoungGen: 2078092K->9820K(2078720K)
[3152.607s][info ][gc,heap        ] GC(370) ParOldGen: 371268K->371268K(480256K)
[3152.607s][info ][gc,metaspace   ] GC(370) Metaspace: 76444K->76444K(1120256K)
[3152.607s][info ][gc             ] GC(370) Pause Young (Allocation Failure) 2391M->372M(2499M) 5.208ms
[3152.607s][info ][gc,cpu         ] GC(370) User=0.02s Sys=0.00s Real=0.00s
[3152.607s][info ][safepoint      ] Leaving safepoint region
[3152.607s][info ][safepoint      ] Total time for which application threads were stopped: 0.0053948 seconds, Stopping threads took: 0.0000143 seconds
[3153.608s][info ][safepoint      ] Application time: 1.0000891 seconds
[3153.608s][info ][safepoint      ] Entering safepoint region: Cleanup
[3153.608s][info ][safepoint      ] Leaving safepoint region
[3153.608s][info ][safepoint      ] Total time for which application threads were stopped: 0.0001278 seconds, Stopping threads took: 0.0000395 seconds
[3154.608s][info ][safepoint      ] Application time: 1.0000774 seconds
[3154.608s][info ][safepoint      ] Entering safepoint region: Cleanup
[3154.608s][info ][safepoint      ] Leaving safepoint region
[3154.608s][info ][safepoint      ] Total time for which application threads were stopped: 0.0001134 seconds, Stopping threads took: 0.0000341 seconds
[3157.608s][info ][safepoint      ] Application time: 3.0002252 seconds
[3157.608s][info ][safepoint      ] Entering safepoint region: Cleanup
[3157.608s][info ][safepoint      ] Leaving safepoint region
[3157.608s][info ][safepoint      ] Total time for which application threads were stopped: 0.0001234 seconds, Stopping threads took: 0.0000443 seconds
[3159.609s][info ][safepoint      ] Application time: 2.0001566 seconds
[3159.609s][info ][safepoint      ] Entering safepoint region: Cleanup
[3159.609s][info ][safepoint      ] Leaving safepoint region
[3159.609s][info ][safepoint      ] Total time for which application threads were stopped: 0.0001167 seconds, Stopping threads took: 0.0000408 seconds
[3160.609s][info ][safepoint      ] Application time: 1.0000917 seconds
[3160.609s][info ][safepoint      ] Entering safepoint region: Cleanup
[3160.609s][info ][safepoint      ] Leaving safepoint region
[3160.609s][info ][safepoint      ] Total time for which application threads were stopped: 0.0001193 seconds, Stopping threads took: 0.0000336 seconds
[3162.609s][info ][safepoint      ] Application time: 2.0001472 seconds
[3162.609s][info ][safepoint      ] Entering safepoint region: Cleanup
[3162.609s][info ][safepoint      ] Leaving safepoint region
[3162.609s][info ][safepoint      ] Total time for which application threads were stopped: 0.0001142 seconds, Stopping threads took: 0.0000416 seconds
[3163.303s][info ][safepoint      ] Application time: 0.6940142 seconds
[3163.303s][info ][safepoint      ] Entering safepoint region: ParallelGCFailedAllocation
[3163.303s][info ][gc,start       ] GC(371) Pause Young (Allocation Failure)
[3163.308s][debug][gc,phases      ] GC(371) Scavenge 4.425ms
[3163.308s][debug][gc,ref         ] GC(371) Skipped phase1 of Reference Processing due to unavailable references
[3163.308s][debug][gc,ref         ] GC(371) Skipped phase3 of Reference Processing due to unavailable references
[3163.308s][debug][gc,phases      ] GC(371) Reference Processing 0.026ms
[3163.308s][debug][gc,phases      ] GC(371) Weak Processing 0.142ms
[3163.309s][debug][gc,phases      ] GC(371) Scrub String Table 0.455ms
[3163.309s][debug][gc,age         ] GC(371) Desired survivor size 16252928 bytes, new threshold 15 (max threshold 15)
[3163.309s][info ][gc,heap        ] GC(371) PSYoungGen: 2078300K->9932K(2080768K)
[3163.309s][info ][gc,heap        ] GC(371) ParOldGen: 371268K->371268K(480256K)
[3163.309s][info ][gc,metaspace   ] GC(371) Metaspace: 76473K->76473K(1120256K)
[3163.309s][info ][gc             ] GC(371) Pause Young (Allocation Failure) 2392M->372M(2501M) 5.170ms
[3163.309s][info ][gc,cpu         ] GC(371) User=0.02s Sys=0.00s Real=0.00s
[3163.309s][info ][safepoint      ] Leaving safepoint region
[3163.309s][info ][safepoint      ] Total time for which application threads were stopped: 0.0053424 seconds, Stopping threads took: 0.0000126 seconds
[3164.309s][info ][safepoint      ] Application time: 1.0000836 seconds
[3164.309s][info ][safepoint      ] Entering safepoint region: Cleanup
[3164.309s][info ][safepoint      ] Leaving safepoint region
[3164.309s][info ][safepoint      ] Total time for which application threads were stopped: 0.0001246 seconds, Stopping threads took: 0.0000481 seconds
[3173.867s][info ][safepoint      ] Application time: 9.5583367 seconds
[3173.867s][info ][safepoint      ] Entering safepoint region: ParallelGCFailedAllocation
[3173.867s][info ][gc,start       ] GC(372) Pause Young (Allocation Failure)
[3173.872s][debug][gc,phases      ] GC(372) Scavenge 4.006ms
[3173.872s][debug][gc,ref         ] GC(372) Skipped phase1 of Reference Processing due to unavailable references
[3173.872s][debug][gc,ref         ] GC(372) Skipped phase3 of Reference Processing due to unavailable references
[3173.872s][debug][gc,phases      ] GC(372) Reference Processing 0.025ms
[3173.872s][debug][gc,phases      ] GC(372) Weak Processing 0.117ms
[3173.872s][debug][gc,phases      ] GC(372) Scrub String Table 0.417ms
[3173.872s][debug][gc,age         ] GC(372) Desired survivor size 16777216 bytes, new threshold 15 (max threshold 15)
[3173.872s][info ][gc,heap        ] GC(372) PSYoungGen: 2075340K->9836K(2075648K)
[3173.872s][info ][gc,heap        ] GC(372) ParOldGen: 371268K->371268K(480256K)
[3173.872s][info ][gc,metaspace   ] GC(372) Metaspace: 76473K->76473K(1120256K)
[3173.872s][info ][gc             ] GC(372) Pause Young (Allocation Failure) 2389M->372M(2496M) 4.689ms
[3173.872s][info ][gc,cpu         ] GC(372) User=0.02s Sys=0.00s Real=0.01s
[3173.872s][info ][safepoint      ] Leaving safepoint region
[3173.872s][info ][safepoint      ] Total time for which application threads were stopped: 0.0048868 seconds, Stopping threads took: 0.0000452 seconds
[3174.872s][info ][safepoint      ] Application time: 1.0000808 seconds
[3174.872s][info ][safepoint      ] Entering safepoint region: Cleanup
[3174.872s][info ][safepoint      ] Leaving safepoint region
[3174.872s][info ][safepoint      ] Total time for which application threads were stopped: 0.0001344 seconds, Stopping threads took: 0.0000484 seconds
[3179.873s][info ][safepoint      ] Application time: 5.0003886 seconds
[3179.873s][info ][safepoint      ] Entering safepoint region: Cleanup
[3179.873s][info ][safepoint      ] Leaving safepoint region
[3179.873s][info ][safepoint      ] Total time for which application threads were stopped: 0.0001159 seconds, Stopping threads took: 0.0000457 seconds
[3184.354s][info ][safepoint      ] Application time: 4.4814296 seconds
[3184.354s][info ][safepoint      ] Entering safepoint region: ParallelGCFailedAllocation
[3184.355s][info ][gc,start       ] GC(373) Pause Young (Allocation Failure)
[3184.359s][debug][gc,phases      ] GC(373) Scavenge 4.496ms
[3184.359s][debug][gc,ref         ] GC(373) Skipped phase1 of Reference Processing due to unavailable references
[3184.359s][debug][gc,ref         ] GC(373) Skipped phase3 of Reference Processing due to unavailable references
[3184.359s][debug][gc,phases      ] GC(373) Reference Processing 0.027ms
[3184.359s][debug][gc,phases      ] GC(373) Weak Processing 0.121ms
[3184.360s][debug][gc,phases      ] GC(373) Scrub String Table 0.416ms
[3184.360s][debug][gc,age         ] GC(373) Desired survivor size 17301504 bytes, new threshold 15 (max threshold 15)
[3184.360s][info ][gc,heap        ] GC(373) PSYoungGen: 2075244K->9884K(2079744K)
[3184.360s][info ][gc,heap        ] GC(373) ParOldGen: 371268K->371268K(480256K)
[3184.360s][info ][gc,metaspace   ] GC(373) Metaspace: 76473K->76473K(1120256K)
[3184.360s][info ][gc             ] GC(373) Pause Young (Allocation Failure) 2389M->372M(2500M) 5.191ms
[3184.360s][info ][gc,cpu         ] GC(373) User=0.01s Sys=0.00s Real=0.01s
[3184.360s][info ][safepoint      ] Leaving safepoint region
[3184.360s][info ][safepoint      ] Total time for which application threads were stopped: 0.0053504 seconds, Stopping threads took: 0.0000118 seconds
[3186.360s][info ][safepoint      ] Application time: 2.0001278 seconds
[3186.360s][info ][safepoint      ] Entering safepoint region: Cleanup
[3186.360s][info ][safepoint      ] Leaving safepoint region
[3186.360s][info ][safepoint      ] Total time for which application threads were stopped: 0.0001348 seconds, Stopping threads took: 0.0000515 seconds
[3188.360s][info ][safepoint      ] Application time: 2.0001485 seconds
[3188.360s][info ][safepoint      ] Entering safepoint region: Cleanup
[3188.360s][info ][safepoint      ] Leaving safepoint region
[3188.361s][info ][safepoint      ] Total time for which application threads were stopped: 0.0002690 seconds, Stopping threads took: 0.0000374 seconds
[3194.361s][info ][safepoint      ] Application time: 6.0004504 seconds
[3194.361s][info ][safepoint      ] Entering safepoint region: Cleanup
[3194.361s][info ][safepoint      ] Leaving safepoint region
[3194.361s][info ][safepoint      ] Total time for which application threads were stopped: 0.0001250 seconds, Stopping threads took: 0.0000367 seconds
[3194.899s][info ][safepoint      ] Application time: 0.5381027 seconds
[3194.899s][info ][safepoint      ] Entering safepoint region: ParallelGCFailedAllocation
[3194.900s][info ][gc,start       ] GC(374) Pause Young (Allocation Failure)
[3194.904s][debug][gc,phases      ] GC(374) Scavenge 4.067ms
[3194.904s][debug][gc,ref         ] GC(374) Skipped phase1 of Reference Processing due to unavailable references
[3194.904s][debug][gc,ref         ] GC(374) Skipped phase3 of Reference Processing due to unavailable references
[3194.904s][debug][gc,phases      ] GC(374) Reference Processing 0.027ms
[3194.904s][debug][gc,phases      ] GC(374) Weak Processing 0.137ms
[3194.904s][debug][gc,phases      ] GC(374) Scrub String Table 0.433ms
[3194.904s][debug][gc,age         ] GC(374) Desired survivor size 17825792 bytes, new threshold 15 (max threshold 15)
[3194.904s][info ][gc,heap        ] GC(374) PSYoungGen: 2073244K->9948K(2073600K)
[3194.904s][info ][gc,heap        ] GC(374) ParOldGen: 371268K->371268K(480256K)
[3194.904s][info ][gc,metaspace   ] GC(374) Metaspace: 76475K->76475K(1120256K)
[3194.904s][info ][gc             ] GC(374) Pause Young (Allocation Failure) 2387M->372M(2494M) 4.781ms
[3194.904s][info ][gc,cpu         ] GC(374) User=0.02s Sys=0.00s Real=0.00s
[3194.904s][info ][safepoint      ] Leaving safepoint region
[3194.904s][info ][safepoint      ] Total time for which application threads were stopped: 0.0049785 seconds, Stopping threads took: 0.0000361 seconds
[3195.904s][info ][safepoint      ] Application time: 1.0000861 seconds
[3195.905s][info ][safepoint      ] Entering safepoint region: Cleanup
[3195.905s][info ][safepoint      ] Leaving safepoint region
[3195.905s][info ][safepoint      ] Total time for which application threads were stopped: 0.0001161 seconds, Stopping threads took: 0.0000332 seconds
[3200.905s][info ][safepoint      ] Application time: 5.0003665 seconds
[3200.905s][info ][safepoint      ] Entering safepoint region: Cleanup
[3200.905s][info ][safepoint      ] Leaving safepoint region
[3200.905s][info ][safepoint      ] Total time for which application threads were stopped: 0.0001413 seconds, Stopping threads took: 0.0000411 seconds
[3202.905s][info ][safepoint      ] Application time: 2.0001501 seconds
[3202.905s][info ][safepoint      ] Entering safepoint region: Cleanup
[3202.906s][info ][safepoint      ] Leaving safepoint region
[3202.906s][info ][safepoint      ] Total time for which application threads were stopped: 0.0001454 seconds, Stopping threads took: 0.0000658 seconds
[3205.399s][info ][safepoint      ] Application time: 2.4936613 seconds
[3205.399s][info ][safepoint      ] Entering safepoint region: ParallelGCFailedAllocation
[3205.399s][info ][gc,start       ] GC(375) Pause Young (Allocation Failure)
[3205.404s][debug][gc,phases      ] GC(375) Scavenge 4.233ms
[3205.404s][debug][gc,ref         ] GC(375) Skipped phase1 of Reference Processing due to unavailable references
[3205.404s][debug][gc,ref         ] GC(375) Skipped phase3 of Reference Processing due to unavailable references
[3205.404s][debug][gc,phases      ] GC(375) Reference Processing 0.026ms
[3205.404s][debug][gc,phases      ] GC(375) Weak Processing 0.139ms
[3205.404s][debug][gc,phases      ] GC(375) Scrub String Table 0.437ms
[3205.404s][debug][gc,age         ] GC(375) Desired survivor size 17825792 bytes, new threshold 15 (max threshold 15)
[3205.404s][info ][gc,heap        ] GC(375) PSYoungGen: 2073308K->9948K(2079744K)
[3205.404s][info ][gc,heap        ] GC(375) ParOldGen: 371268K->371268K(480256K)
[3205.404s][info ][gc,metaspace   ] GC(375) Metaspace: 76476K->76476K(1120256K)
[3205.404s][info ][gc             ] GC(375) Pause Young (Allocation Failure) 2387M->372M(2500M) 4.993ms
[3205.404s][info ][gc,cpu         ] GC(375) User=0.02s Sys=0.00s Real=0.00s
[3205.404s][info ][safepoint      ] Leaving safepoint region
[3205.404s][info ][safepoint      ] Total time for which application threads were stopped: 0.0052072 seconds, Stopping threads took: 0.0000468 seconds
[3215.822s][info ][safepoint      ] Application time: 10.4179024 seconds
[3215.822s][info ][safepoint      ] Entering safepoint region: ParallelGCFailedAllocation
[3215.822s][info ][gc,start       ] GC(376) Pause Young (Allocation Failure)
[3215.827s][debug][gc,phases      ] GC(376) Scavenge 4.655ms
[3215.827s][debug][gc,ref         ] GC(376) Skipped phase1 of Reference Processing due to unavailable references
[3215.827s][debug][gc,ref         ] GC(376) Skipped phase3 of Reference Processing due to unavailable references
[3215.827s][debug][gc,phases      ] GC(376) Reference Processing 0.028ms
[3215.827s][debug][gc,phases      ] GC(376) Weak Processing 0.115ms
[3215.828s][debug][gc,phases      ] GC(376) Scrub String Table 0.439ms
[3215.828s][debug][gc,age         ] GC(376) Desired survivor size 17825792 bytes, new threshold 15 (max threshold 15)
[3215.828s][info ][gc,heap        ] GC(376) PSYoungGen: 2072284K->10236K(2079744K)
[3215.828s][info ][gc,heap        ] GC(376) ParOldGen: 371268K->371300K(480256K)
[3215.828s][info ][gc,metaspace   ] GC(376) Metaspace: 76476K->76476K(1120256K)
[3215.828s][info ][gc             ] GC(376) Pause Young (Allocation Failure) 2386M->372M(2500M) 5.367ms
[3215.828s][info ][gc,cpu         ] GC(376) User=0.02s Sys=0.00s Real=0.00s
[3215.828s][info ][safepoint      ] Leaving safepoint region
[3215.828s][info ][safepoint      ] Total time for which application threads were stopped: 0.0055322 seconds, Stopping threads took: 0.0000148 seconds
[3217.828s][info ][safepoint      ] Application time: 2.0001539 seconds
[3217.828s][info ][safepoint      ] Entering safepoint region: Cleanup
[3217.828s][info ][safepoint      ] Leaving safepoint region
[3217.828s][info ][safepoint      ] Total time for which application threads were stopped: 0.0000798 seconds, Stopping threads took: 0.0000148 seconds
[3226.359s][info ][safepoint      ] Application time: 8.5307416 seconds
[3226.359s][info ][safepoint      ] Entering safepoint region: ParallelGCFailedAllocation
[3226.359s][info ][gc,start       ] GC(377) Pause Young (Allocation Failure)
[3226.364s][debug][gc,phases      ] GC(377) Scavenge 4.854ms
[3226.364s][debug][gc,ref         ] GC(377) Skipped phase1 of Reference Processing due to unavailable references
[3226.364s][debug][gc,ref         ] GC(377) Skipped phase3 of Reference Processing due to unavailable references
[3226.364s][debug][gc,phases      ] GC(377) Reference Processing 0.027ms
[3226.364s][debug][gc,phases      ] GC(377) Weak Processing 0.142ms
[3226.365s][debug][gc,phases      ] GC(377) Scrub String Table 0.462ms
[3226.365s][debug][gc,age         ] GC(377) Desired survivor size 17825792 bytes, new threshold 15 (max threshold 15)
[3226.365s][info ][gc,heap        ] GC(377) PSYoungGen: 2072572K->10076K(2079744K)
[3226.365s][info ][gc,heap        ] GC(377) ParOldGen: 371300K->371340K(480256K)
[3226.365s][info ][gc,metaspace   ] GC(377) Metaspace: 76476K->76476K(1120256K)
[3226.365s][info ][gc             ] GC(377) Pause Young (Allocation Failure) 2386M->372M(2500M) 5.613ms
[3226.365s][info ][gc,cpu         ] GC(377) User=0.02s Sys=0.00s Real=0.00s
[3226.365s][info ][safepoint      ] Leaving safepoint region
[3226.365s][info ][safepoint      ] Total time for which application threads were stopped: 0.0057852 seconds, Stopping threads took: 0.0000131 seconds
[3236.699s][info ][safepoint      ] Application time: 10.3342691 seconds
[3236.699s][info ][safepoint      ] Entering safepoint region: ParallelGCFailedAllocation
[3236.699s][info ][gc,start       ] GC(378) Pause Young (Allocation Failure)
[3236.704s][debug][gc,phases      ] GC(378) Scavenge 4.373ms
[3236.704s][debug][gc,ref         ] GC(378) Skipped phase1 of Reference Processing due to unavailable references
[3236.704s][debug][gc,ref         ] GC(378) Skipped phase3 of Reference Processing due to unavailable references
[3236.704s][debug][gc,phases      ] GC(378) Reference Processing 0.028ms
[3236.704s][debug][gc,phases      ] GC(378) Weak Processing 0.152ms
[3236.704s][debug][gc,phases      ] GC(378) Scrub String Table 0.495ms
[3236.704s][debug][gc,age         ] GC(378) Desired survivor size 17825792 bytes, new threshold 15 (max threshold 15)
[3236.704s][info ][gc,heap        ] GC(378) PSYoungGen: 2072412K->10060K(2079744K)
[3236.704s][info ][gc,heap        ] GC(378) ParOldGen: 371340K->371444K(480256K)
[3236.704s][info ][gc,metaspace   ] GC(378) Metaspace: 76476K->76476K(1120256K)
[3236.704s][info ][gc             ] GC(378) Pause Young (Allocation Failure) 2386M->372M(2500M) 5.210ms
[3236.704s][info ][gc,cpu         ] GC(378) User=0.01s Sys=0.00s Real=0.00s
[3236.704s][info ][safepoint      ] Leaving safepoint region
[3236.704s][info ][safepoint      ] Total time for which application threads were stopped: 0.0054091 seconds, Stopping threads took: 0.0000353 seconds
[3239.235s][info ][safepoint      ] Application time: 2.5309861 seconds
[3239.235s][info ][safepoint      ] Entering safepoint region: RevokeBias
[3239.236s][info ][safepoint      ] Leaving safepoint region
[3239.236s][info ][safepoint      ] Total time for which application threads were stopped: 0.0000926 seconds, Stopping threads took: 0.0000120 seconds
[3242.236s][info ][safepoint      ] Application time: 3.0002069 seconds
[3242.236s][info ][safepoint      ] Entering safepoint region: Cleanup
[3242.236s][info ][safepoint      ] Leaving safepoint region
[3242.236s][info ][safepoint      ] Total time for which application threads were stopped: 0.0000716 seconds, Stopping threads took: 0.0000126 seconds
[3245.236s][info ][safepoint      ] Application time: 3.0002677 seconds
[3245.236s][info ][safepoint      ] Entering safepoint region: Cleanup
[3245.236s][info ][safepoint      ] Leaving safepoint region
[3245.236s][info ][safepoint      ] Total time for which application threads were stopped: 0.0000740 seconds, Stopping threads took: 0.0000195 seconds
[3246.236s][info ][safepoint      ] Application time: 1.0000694 seconds
[3246.236s][info ][safepoint      ] Entering safepoint region: Cleanup
[3246.236s][info ][safepoint      ] Leaving safepoint region
[3246.236s][info ][safepoint      ] Total time for which application threads were stopped: 0.0000689 seconds, Stopping threads took: 0.0000119 seconds
[3247.149s][info ][safepoint      ] Application time: 0.9127091 seconds
[3247.149s][info ][safepoint      ] Entering safepoint region: ParallelGCFailedAllocation
[3247.149s][info ][gc,start       ] GC(379) Pause Young (Allocation Failure)
[3247.154s][debug][gc,phases      ] GC(379) Scavenge 4.665ms
[3247.154s][debug][gc,ref         ] GC(379) Skipped phase1 of Reference Processing due to unavailable references
[3247.154s][debug][gc,ref         ] GC(379) Skipped phase3 of Reference Processing due to unavailable references
[3247.154s][debug][gc,phases      ] GC(379) Reference Processing 0.032ms
[3247.154s][debug][gc,phases      ] GC(379) Weak Processing 0.152ms
[3247.155s][debug][gc,phases      ] GC(379) Scrub String Table 0.436ms
[3247.155s][debug][gc,age         ] GC(379) Desired survivor size 17825792 bytes, new threshold 15 (max threshold 15)
[3247.155s][info ][gc,heap        ] GC(379) PSYoungGen: 2072396K->10188K(2079744K)
[3247.155s][info ][gc,heap        ] GC(379) ParOldGen: 371444K->371516K(480256K)
[3247.155s][info ][gc,metaspace   ] GC(379) Metaspace: 76476K->76476K(1120256K)
[3247.155s][info ][gc             ] GC(379) Pause Young (Allocation Failure) 2386M->372M(2500M) 5.421ms
[3247.155s][info ][gc,cpu         ] GC(379) User=0.02s Sys=0.00s Real=0.00s
[3247.155s][info ][safepoint      ] Leaving safepoint region
[3247.155s][info ][safepoint      ] Total time for which application threads were stopped: 0.0056254 seconds, Stopping threads took: 0.0000324 seconds
[3257.561s][info ][safepoint      ] Application time: 10.4057451 seconds
[3257.561s][info ][safepoint      ] Entering safepoint region: ParallelGCFailedAllocation
[3257.561s][info ][gc,start       ] GC(380) Pause Young (Allocation Failure)
[3257.565s][debug][gc,phases      ] GC(380) Scavenge 4.387ms
[3257.565s][debug][gc,ref         ] GC(380) Skipped phase1 of Reference Processing due to unavailable references
[3257.565s][debug][gc,ref         ] GC(380) Skipped phase3 of Reference Processing due to unavailable references
[3257.565s][debug][gc,phases      ] GC(380) Reference Processing 0.026ms
[3257.565s][debug][gc,phases      ] GC(380) Weak Processing 0.134ms
[3257.566s][debug][gc,phases      ] GC(380) Scrub String Table 0.442ms
[3257.566s][debug][gc,age         ] GC(380) Desired survivor size 17825792 bytes, new threshold 15 (max threshold 15)
[3257.566s][info ][gc,heap        ] GC(380) PSYoungGen: 2072524K->10172K(2079744K)
[3257.566s][info ][gc,heap        ] GC(380) ParOldGen: 371516K->371576K(480256K)
[3257.566s][info ][gc,metaspace   ] GC(380) Metaspace: 76476K->76476K(1120256K)
[3257.566s][info ][gc             ] GC(380) Pause Young (Allocation Failure) 2386M->372M(2500M) 5.121ms
[3257.566s][info ][gc,cpu         ] GC(380) User=0.02s Sys=0.00s Real=0.00s
[3257.566s][info ][safepoint      ] Leaving safepoint region
[3257.566s][info ][safepoint      ] Total time for which application threads were stopped: 0.0052752 seconds, Stopping threads took: 0.0000131 seconds
[3259.711s][info ][safepoint      ] Application time: 2.1454011 seconds
[3259.711s][info ][safepoint      ] Entering safepoint region: RevokeBias
[3259.711s][info ][safepoint      ] Leaving safepoint region
[3259.711s][info ][safepoint      ] Total time for which application threads were stopped: 0.0001024 seconds, Stopping threads took: 0.0000334 seconds
[3259.712s][info ][safepoint      ] Application time: 0.0002233 seconds
[3259.712s][info ][safepoint      ] Entering safepoint region: RevokeBias
[3259.712s][info ][safepoint      ] Leaving safepoint region
[3259.712s][info ][safepoint      ] Total time for which application threads were stopped: 0.0000530 seconds, Stopping threads took: 0.0000221 seconds
[3259.947s][info ][safepoint      ] Application time: 0.2347845 seconds
[3259.947s][info ][safepoint      ] Entering safepoint region: RevokeBias
[3259.947s][info ][safepoint      ] Leaving safepoint region
[3259.947s][info ][safepoint      ] Total time for which application threads were stopped: 0.0001304 seconds, Stopping threads took: 0.0000430 seconds
[3262.620s][info ][safepoint      ] Application time: 2.6736990 seconds
[3262.620s][info ][safepoint      ] Entering safepoint region: RevokeBias
[3262.621s][info ][safepoint      ] Leaving safepoint region
[3262.621s][info ][safepoint      ] Total time for which application threads were stopped: 0.0001044 seconds, Stopping threads took: 0.0000431 seconds
[3262.629s][info ][safepoint      ] Application time: 0.0088422 seconds
[3262.629s][info ][safepoint      ] Entering safepoint region: RevokeBias
[3262.630s][info ][safepoint      ] Leaving safepoint region
[3262.630s][info ][safepoint      ] Total time for which application threads were stopped: 0.0001101 seconds, Stopping threads took: 0.0000455 seconds
[3262.666s][info ][safepoint      ] Application time: 0.0364981 seconds
[3262.666s][info ][safepoint      ] Entering safepoint region: RevokeBias
[3262.666s][info ][safepoint      ] Leaving safepoint region
[3262.666s][info ][safepoint      ] Total time for which application threads were stopped: 0.0000796 seconds, Stopping threads took: 0.0000249 seconds
[3262.673s][info ][safepoint      ] Application time: 0.0069882 seconds
[3262.673s][info ][safepoint      ] Entering safepoint region: RevokeBias
[3262.673s][info ][safepoint      ] Leaving safepoint region
[3262.673s][info ][safepoint      ] Total time for which application threads were stopped: 0.0000661 seconds, Stopping threads took: 0.0000105 seconds
[3263.388s][info ][safepoint      ] Application time: 0.7151915 seconds
[3263.388s][info ][safepoint      ] Entering safepoint region: RevokeBias
[3263.389s][info ][safepoint      ] Leaving safepoint region
[3263.389s][info ][safepoint      ] Total time for which application threads were stopped: 0.0002177 seconds, Stopping threads took: 0.0000232 seconds
[3263.389s][info ][safepoint      ] Application time: 0.0000445 seconds
[3263.389s][info ][safepoint      ] Entering safepoint region: RevokeBias
[3263.389s][info ][safepoint      ] Leaving safepoint region
[3263.389s][info ][safepoint      ] Total time for which application threads were stopped: 0.0001328 seconds, Stopping threads took: 0.0000991 seconds
[3263.389s][info ][safepoint      ] Application time: 0.0003851 seconds
[3263.389s][info ][safepoint      ] Entering safepoint region: RevokeBias
[3263.389s][info ][safepoint      ] Leaving safepoint region
[3263.389s][info ][safepoint      ] Total time for which application threads were stopped: 0.0000478 seconds, Stopping threads took: 0.0000061 seconds
[3264.389s][info ][safepoint      ] Application time: 1.0000722 seconds
[3264.389s][info ][safepoint      ] Entering safepoint region: Cleanup
[3264.390s][info ][safepoint      ] Leaving safepoint region
[3264.390s][info ][safepoint      ] Total time for which application threads were stopped: 0.0000942 seconds, Stopping threads took: 0.0000210 seconds
[3265.390s][info ][safepoint      ] Application time: 1.0000670 seconds
[3265.390s][info ][safepoint      ] Entering safepoint region: Cleanup
[3265.390s][info ][safepoint      ] Leaving safepoint region
[3265.390s][info ][safepoint      ] Total time for which application threads were stopped: 0.0001103 seconds, Stopping threads took: 0.0000134 seconds
[3265.500s][info ][safepoint      ] Application time: 0.1105333 seconds
[3265.500s][info ][safepoint      ] Entering safepoint region: ParallelGCFailedAllocation
[3265.500s][info ][gc,start       ] GC(381) Pause Young (Allocation Failure)
[3265.515s][debug][gc,phases      ] GC(381) Scavenge 14.676ms
[3265.515s][debug][gc,ref         ] GC(381) Skipped phase1 of Reference Processing due to unavailable references
[3265.515s][debug][gc,ref         ] GC(381) Skipped phase3 of Reference Processing due to unavailable references
[3265.515s][debug][gc,phases      ] GC(381) Reference Processing 0.029ms
[3265.515s][debug][gc,phases      ] GC(381) Weak Processing 0.167ms
[3265.516s][debug][gc,phases      ] GC(381) Scrub String Table 0.569ms
[3265.516s][debug][gc,age         ] GC(381) Desired survivor size 33554432 bytes, new threshold 14 (max threshold 15)
[3265.516s][info ][gc,heap        ] GC(381) PSYoungGen: 2072508K->17390K(2049024K)
[3265.516s][info ][gc,heap        ] GC(381) ParOldGen: 371576K->407065K(480256K)
[3265.516s][info ][gc,metaspace   ] GC(381) Metaspace: 76495K->76495K(1120256K)
[3265.516s][info ][gc             ] GC(381) Pause Young (Allocation Failure) 2386M->414M(2470M) 15.576ms
[3265.516s][info ][gc,cpu         ] GC(381) User=0.06s Sys=0.00s Real=0.01s
[3265.516s][info ][safepoint      ] Leaving safepoint region
[3265.516s][info ][safepoint      ] Total time for which application threads were stopped: 0.0157748 seconds, Stopping threads took: 0.0000340 seconds
[3266.516s][info ][safepoint      ] Application time: 1.0000831 seconds
[3266.516s][info ][safepoint      ] Entering safepoint region: Cleanup
[3266.516s][info ][safepoint      ] Leaving safepoint region
[3266.516s][info ][safepoint      ] Total time for which application threads were stopped: 0.0001141 seconds, Stopping threads took: 0.0000338 seconds
[3267.666s][info ][safepoint      ] Application time: 1.1493164 seconds
[3267.666s][info ][safepoint      ] Entering safepoint region: RevokeBias
[3267.666s][info ][safepoint      ] Leaving safepoint region
[3267.666s][info ][safepoint      ] Total time for which application threads were stopped: 0.0001003 seconds, Stopping threads took: 0.0000346 seconds
[3269.666s][info ][safepoint      ] Application time: 2.0001557 seconds
[3269.666s][info ][safepoint      ] Entering safepoint region: Cleanup
[3269.666s][info ][safepoint      ] Leaving safepoint region
[3269.666s][info ][safepoint      ] Total time for which application threads were stopped: 0.0001441 seconds, Stopping threads took: 0.0000348 seconds
[3270.666s][info ][safepoint      ] Application time: 1.0000519 seconds
[3270.666s][info ][safepoint      ] Entering safepoint region: Cleanup
[3270.666s][info ][safepoint      ] Leaving safepoint region
[3270.666s][info ][safepoint      ] Total time for which application threads were stopped: 0.0001083 seconds, Stopping threads took: 0.0000332 seconds
[3272.666s][info ][safepoint      ] Application time: 1.9996091 seconds
[3272.666s][info ][safepoint      ] Entering safepoint region: RevokeBias
[3272.666s][info ][safepoint      ] Leaving safepoint region
[3272.666s][info ][safepoint      ] Total time for which application threads were stopped: 0.0001166 seconds, Stopping threads took: 0.0000319 seconds
[3272.666s][info ][safepoint      ] Application time: 0.0001594 seconds
[3272.666s][info ][safepoint      ] Entering safepoint region: RevokeBias
[3272.666s][info ][safepoint      ] Leaving safepoint region
[3272.666s][info ][safepoint      ] Total time for which application threads were stopped: 0.0000450 seconds, Stopping threads took: 0.0000214 seconds
[3272.666s][info ][safepoint      ] Application time: 0.0000972 seconds
[3272.666s][info ][safepoint      ] Entering safepoint region: RevokeBias
[3272.666s][info ][safepoint      ] Leaving safepoint region
[3272.666s][info ][safepoint      ] Total time for which application threads were stopped: 0.0000383 seconds, Stopping threads took: 0.0000192 seconds
[3272.667s][info ][safepoint      ] Application time: 0.0000362 seconds
[3272.667s][info ][safepoint      ] Entering safepoint region: RevokeBias
[3272.667s][info ][safepoint      ] Leaving safepoint region
[3272.667s][info ][safepoint      ] Total time for which application threads were stopped: 0.0000509 seconds, Stopping threads took: 0.0000115 seconds
[3272.667s][info ][safepoint      ] Application time: 0.0000435 seconds
[3272.667s][info ][safepoint      ] Entering safepoint region: RevokeBias
[3272.667s][info ][safepoint      ] Leaving safepoint region
[3272.667s][info ][safepoint      ] Total time for which application threads were stopped: 0.0000398 seconds, Stopping threads took: 0.0000196 seconds
[3272.667s][info ][safepoint      ] Application time: 0.0000677 seconds
[3272.667s][info ][safepoint      ] Entering safepoint region: RevokeBias
[3272.667s][info ][safepoint      ] Leaving safepoint region
[3272.667s][info ][safepoint      ] Total time for which application threads were stopped: 0.0000429 seconds, Stopping threads took: 0.0000256 seconds
[3274.200s][info ][safepoint      ] Application time: 1.5333404 seconds
[3274.200s][info ][safepoint      ] Entering safepoint region: ParallelGCFailedAllocation
[3274.200s][info ][gc,start       ] GC(382) Pause Young (Allocation Failure)
[3274.207s][debug][gc,phases      ] GC(382) Scavenge 6.688ms
[3274.207s][debug][gc,ref         ] GC(382) Skipped phase1 of Reference Processing due to unavailable references
[3274.207s][debug][gc,ref         ] GC(382) Skipped phase2 of Reference Processing due to unavailable references
[3274.207s][debug][gc,ref         ] GC(382) Skipped phase3 of Reference Processing due to unavailable references
[3274.207s][debug][gc,phases      ] GC(382) Reference Processing 0.055ms
[3274.207s][debug][gc,phases      ] GC(382) Weak Processing 0.173ms
[3274.208s][debug][gc,phases      ] GC(382) Scrub String Table 0.534ms
[3274.208s][debug][gc,age         ] GC(382) Desired survivor size 33554432 bytes, new threshold 15 (max threshold 15)
[3274.208s][info ][gc,heap        ] GC(382) PSYoungGen: 2049006K->17868K(2064384K)
[3274.208s][info ][gc,heap        ] GC(382) ParOldGen: 407065K->407105K(480256K)
[3274.208s][info ][gc,metaspace   ] GC(382) Metaspace: 76498K->76498K(1120256K)
[3274.208s][info ][gc             ] GC(382) Pause Young (Allocation Failure) 2398M->415M(2485M) 7.597ms
[3274.208s][info ][gc,cpu         ] GC(382) User=0.03s Sys=0.00s Real=0.00s
[3274.208s][info ][safepoint      ] Leaving safepoint region
[3274.208s][info ][safepoint      ] Total time for which application threads were stopped: 0.0078415 seconds, Stopping threads took: 0.0000496 seconds
[3275.208s][info ][safepoint      ] Application time: 1.0000888 seconds
[3275.208s][info ][safepoint      ] Entering safepoint region: Cleanup
[3275.208s][info ][safepoint      ] Leaving safepoint region
[3275.208s][info ][safepoint      ] Total time for which application threads were stopped: 0.0001027 seconds, Stopping threads took: 0.0000343 seconds
[3277.208s][info ][safepoint      ] Application time: 2.0001452 seconds
[3277.208s][info ][safepoint      ] Entering safepoint region: Cleanup
[3277.209s][info ][safepoint      ] Leaving safepoint region
[3277.209s][info ][safepoint      ] Total time for which application threads were stopped: 0.0001140 seconds, Stopping threads took: 0.0000314 seconds
[3278.209s][info ][safepoint      ] Application time: 1.0000828 seconds
[3278.209s][info ][safepoint      ] Entering safepoint region: Cleanup
[3278.209s][info ][safepoint      ] Leaving safepoint region
[3278.209s][info ][safepoint      ] Total time for which application threads were stopped: 0.0001199 seconds, Stopping threads took: 0.0000480 seconds
[3279.209s][info ][safepoint      ] Application time: 1.0000508 seconds
[3279.209s][info ][safepoint      ] Entering safepoint region: Cleanup
[3279.209s][info ][safepoint      ] Leaving safepoint region
[3279.209s][info ][safepoint      ] Total time for which application threads were stopped: 0.0001300 seconds, Stopping threads took: 0.0000402 seconds
[3281.209s][info ][safepoint      ] Application time: 2.0001474 seconds
[3281.209s][info ][safepoint      ] Entering safepoint region: Cleanup
[3281.209s][info ][safepoint      ] Leaving safepoint region
[3281.209s][info ][safepoint      ] Total time for which application threads were stopped: 0.0001311 seconds, Stopping threads took: 0.0000554 seconds
[3282.799s][info ][safepoint      ] Application time: 1.5901028 seconds
[3282.800s][info ][safepoint      ] Entering safepoint region: ParallelGCFailedAllocation
[3282.800s][info ][gc,start       ] GC(383) Pause Young (Allocation Failure)
[3282.807s][debug][gc,phases      ] GC(383) Scavenge 7.037ms
[3282.807s][debug][gc,ref         ] GC(383) Skipped phase1 of Reference Processing due to unavailable references
[3282.807s][debug][gc,ref         ] GC(383) Skipped phase2 of Reference Processing due to unavailable references
[3282.807s][debug][gc,ref         ] GC(383) Skipped phase3 of Reference Processing due to unavailable references
[3282.807s][debug][gc,phases      ] GC(383) Reference Processing 0.030ms
[3282.807s][debug][gc,phases      ] GC(383) Weak Processing 0.154ms
[3282.807s][debug][gc,phases      ] GC(383) Scrub String Table 0.461ms
[3282.807s][debug][gc,age         ] GC(383) Desired survivor size 33554432 bytes, new threshold 15 (max threshold 15)
[3282.807s][info ][gc,heap        ] GC(383) PSYoungGen: 2049484K->18220K(2064384K)
[3282.807s][info ][gc,heap        ] GC(383) ParOldGen: 407105K->407105K(480256K)
[3282.807s][info ][gc,metaspace   ] GC(383) Metaspace: 76499K->76499K(1120256K)
[3282.807s][info ][gc             ] GC(383) Pause Young (Allocation Failure) 2399M->415M(2485M) 7.832ms
[3282.807s][info ][gc,cpu         ] GC(383) User=0.02s Sys=0.01s Real=0.00s
[3282.808s][info ][safepoint      ] Leaving safepoint region
[3282.808s][info ][safepoint      ] Total time for which application threads were stopped: 0.0080379 seconds, Stopping threads took: 0.0000448 seconds
[3283.808s][info ][safepoint      ] Application time: 1.0000918 seconds
[3283.808s][info ][safepoint      ] Entering safepoint region: Cleanup
[3283.808s][info ][safepoint      ] Leaving safepoint region
[3283.808s][info ][safepoint      ] Total time for which application threads were stopped: 0.0001057 seconds, Stopping threads took: 0.0000331 seconds
[3285.808s][info ][safepoint      ] Application time: 2.0000726 seconds
[3285.808s][info ][safepoint      ] Entering safepoint region: Cleanup
[3285.808s][info ][safepoint      ] Leaving safepoint region
[3285.808s][info ][safepoint      ] Total time for which application threads were stopped: 0.0001401 seconds, Stopping threads took: 0.0000486 seconds
[3288.808s][info ][safepoint      ] Application time: 3.0002235 seconds
[3288.808s][info ][safepoint      ] Entering safepoint region: Cleanup
[3288.808s][info ][safepoint      ] Leaving safepoint region
[3288.808s][info ][safepoint      ] Total time for which application threads were stopped: 0.0001759 seconds, Stopping threads took: 0.0000486 seconds
[3289.809s][info ][safepoint      ] Application time: 1.0000821 seconds
[3289.809s][info ][safepoint      ] Entering safepoint region: Cleanup
[3289.809s][info ][safepoint      ] Leaving safepoint region
[3289.809s][info ][safepoint      ] Total time for which application threads were stopped: 0.0002487 seconds, Stopping threads took: 0.0000523 seconds
[3290.676s][info ][safepoint      ] Application time: 0.8668553 seconds
[3290.676s][info ][safepoint      ] Entering safepoint region: ParallelGCFailedAllocation
[3290.676s][info ][gc,start       ] GC(384) Pause Young (Allocation Failure)
[3290.692s][debug][gc,phases      ] GC(384) Scavenge 15.760ms
[3290.692s][debug][gc,ref         ] GC(384) Skipped phase1 of Reference Processing due to unavailable references
[3290.692s][debug][gc,ref         ] GC(384) Skipped phase2 of Reference Processing due to unavailable references
[3290.692s][debug][gc,ref         ] GC(384) Skipped phase3 of Reference Processing due to unavailable references
[3290.692s][debug][gc,phases      ] GC(384) Reference Processing 0.030ms
[3290.692s][debug][gc,phases      ] GC(384) Weak Processing 0.138ms
[3290.692s][debug][gc,phases      ] GC(384) Scrub String Table 0.449ms
[3290.692s][debug][gc,age         ] GC(384) Desired survivor size 46661632 bytes, new threshold 14 (max threshold 15)
[3290.692s][info ][gc,heap        ] GC(384) PSYoungGen: 2049836K->32752K(2064384K)
[3290.692s][info ][gc,heap        ] GC(384) ParOldGen: 407105K->428737K(480256K)
[3290.692s][info ][gc,metaspace   ] GC(384) Metaspace: 76515K->76515K(1120256K)
[3290.692s][info ][gc             ] GC(384) Pause Young (Allocation Failure) 2399M->450M(2485M) 16.508ms
[3290.692s][info ][gc,cpu         ] GC(384) User=0.06s Sys=0.00s Real=0.02s
[3290.692s][info ][safepoint      ] Leaving safepoint region
[3290.692s][info ][safepoint      ] Total time for which application threads were stopped: 0.0166728 seconds, Stopping threads took: 0.0000134 seconds
[3291.692s][info ][safepoint      ] Application time: 1.0000767 seconds
[3291.693s][info ][safepoint      ] Entering safepoint region: Cleanup
[3291.693s][info ][safepoint      ] Leaving safepoint region
[3291.693s][info ][safepoint      ] Total time for which application threads were stopped: 0.0000978 seconds, Stopping threads took: 0.0000136 seconds
[3292.693s][info ][safepoint      ] Application time: 1.0000777 seconds
[3292.693s][info ][safepoint      ] Entering safepoint region: Cleanup
[3292.693s][info ][safepoint      ] Leaving safepoint region
[3292.693s][info ][safepoint      ] Total time for which application threads were stopped: 0.0000971 seconds, Stopping threads took: 0.0000183 seconds
[3293.693s][info ][safepoint      ] Application time: 1.0000720 seconds
[3293.693s][info ][safepoint      ] Entering safepoint region: Cleanup
[3293.693s][info ][safepoint      ] Leaving safepoint region
[3293.693s][info ][safepoint      ] Total time for which application threads were stopped: 0.0000813 seconds, Stopping threads took: 0.0000145 seconds
[3294.693s][info ][safepoint      ] Application time: 1.0000692 seconds
[3294.693s][info ][safepoint      ] Entering safepoint region: Cleanup
[3294.693s][info ][safepoint      ] Leaving safepoint region
[3294.693s][info ][safepoint      ] Total time for which application threads were stopped: 0.0000938 seconds, Stopping threads took: 0.0000279 seconds
[3295.693s][info ][safepoint      ] Application time: 1.0000635 seconds
[3295.693s][info ][safepoint      ] Entering safepoint region: Cleanup
[3295.693s][info ][safepoint      ] Leaving safepoint region
[3295.693s][info ][safepoint      ] Total time for which application threads were stopped: 0.0000960 seconds, Stopping threads took: 0.0000134 seconds
[3296.694s][info ][safepoint      ] Application time: 1.0000650 seconds
[3296.694s][info ][safepoint      ] Entering safepoint region: Cleanup
[3296.694s][info ][safepoint      ] Leaving safepoint region
[3296.694s][info ][safepoint      ] Total time for which application threads were stopped: 0.0000719 seconds, Stopping threads took: 0.0000137 seconds
[3299.600s][info ][safepoint      ] Application time: 2.9059891 seconds
[3299.600s][info ][safepoint      ] Entering safepoint region: ParallelGCFailedAllocation
[3299.600s][info ][gc,start       ] GC(385) Pause Young (Allocation Failure)
[3299.611s][debug][gc,phases      ] GC(385) Scavenge 10.799ms
[3299.611s][debug][gc,ref         ] GC(385) Skipped phase1 of Reference Processing due to unavailable references
[3299.611s][debug][gc,ref         ] GC(385) Skipped phase2 of Reference Processing due to unavailable references
[3299.611s][debug][gc,ref         ] GC(385) Skipped phase3 of Reference Processing due to unavailable references
[3299.611s][debug][gc,phases      ] GC(385) Reference Processing 0.030ms
[3299.611s][debug][gc,phases      ] GC(385) Weak Processing 0.145ms
[3299.611s][debug][gc,phases      ] GC(385) Scrub String Table 0.455ms
[3299.611s][debug][gc,age         ] GC(385) Desired survivor size 51380224 bytes, new threshold 13 (max threshold 15)
[3299.611s][info ][gc,heap        ] GC(385) PSYoungGen: 2064368K->32752K(2029568K)
[3299.611s][info ][gc,heap        ] GC(385) ParOldGen: 428737K->433138K(480256K)
[3299.611s][info ][gc,metaspace   ] GC(385) Metaspace: 76516K->76516K(1120256K)
[3299.611s][info ][gc             ] GC(385) Pause Young (Allocation Failure) 2434M->454M(2451M) 11.559ms
[3299.611s][info ][gc,cpu         ] GC(385) User=0.04s Sys=0.00s Real=0.01s
[3299.611s][info ][safepoint      ] Leaving safepoint region
[3299.611s][info ][safepoint      ] Total time for which application threads were stopped: 0.0117730 seconds, Stopping threads took: 0.0000695 seconds
[3301.612s][info ][safepoint      ] Application time: 2.0001372 seconds
[3301.612s][info ][safepoint      ] Entering safepoint region: Cleanup
[3301.612s][info ][safepoint      ] Leaving safepoint region
[3301.612s][info ][safepoint      ] Total time for which application threads were stopped: 0.0001151 seconds, Stopping threads took: 0.0000469 seconds
[3303.612s][info ][safepoint      ] Application time: 2.0001433 seconds
[3303.612s][info ][safepoint      ] Entering safepoint region: Cleanup
[3303.612s][info ][safepoint      ] Leaving safepoint region
[3303.612s][info ][safepoint      ] Total time for which application threads were stopped: 0.0001322 seconds, Stopping threads took: 0.0000495 seconds
[3304.612s][info ][safepoint      ] Application time: 1.0000833 seconds
[3304.612s][info ][safepoint      ] Entering safepoint region: Cleanup
[3304.612s][info ][safepoint      ] Leaving safepoint region
[3304.612s][info ][safepoint      ] Total time for which application threads were stopped: 0.0001095 seconds, Stopping threads took: 0.0000322 seconds
[3305.612s][info ][safepoint      ] Application time: 1.0000773 seconds
[3305.612s][info ][safepoint      ] Entering safepoint region: Cleanup
[3305.613s][info ][safepoint      ] Leaving safepoint region
[3305.613s][info ][safepoint      ] Total time for which application threads were stopped: 0.0001345 seconds, Stopping threads took: 0.0000505 seconds
[3306.613s][info ][safepoint      ] Application time: 1.0000714 seconds
[3306.613s][info ][safepoint      ] Entering safepoint region: Cleanup
[3306.613s][info ][safepoint      ] Leaving safepoint region
[3306.613s][info ][safepoint      ] Total time for which application threads were stopped: 0.0001176 seconds, Stopping threads took: 0.0000468 seconds
[3308.517s][info ][safepoint      ] Application time: 1.9042254 seconds
[3308.517s][info ][safepoint      ] Entering safepoint region: ParallelGCFailedAllocation
[3308.517s][info ][gc,start       ] GC(386) Pause Young (Allocation Failure)
[3308.527s][debug][gc,phases      ] GC(386) Scavenge 9.628ms
[3308.527s][debug][gc,ref         ] GC(386) Skipped phase1 of Reference Processing due to unavailable references
[3308.527s][debug][gc,ref         ] GC(386) Skipped phase2 of Reference Processing due to unavailable references
[3308.527s][debug][gc,ref         ] GC(386) Skipped phase3 of Reference Processing due to unavailable references
[3308.527s][debug][gc,phases      ] GC(386) Reference Processing 0.030ms
[3308.527s][debug][gc,phases      ] GC(386) Weak Processing 0.152ms
[3308.528s][debug][gc,phases      ] GC(386) Scrub String Table 0.464ms
[3308.528s][debug][gc,age         ] GC(386) Desired survivor size 54525952 bytes, new threshold 14 (max threshold 15)
[3308.528s][info ][gc,heap        ] GC(386) PSYoungGen: 2029552K->36656K(2033664K)
[3308.528s][info ][gc,heap        ] GC(386) ParOldGen: 433138K->433202K(480256K)
[3308.528s][info ][gc,metaspace   ] GC(386) Metaspace: 76517K->76517K(1120256K)
[3308.528s][info ][gc             ] GC(386) Pause Young (Allocation Failure) 2404M->458M(2455M) 10.403ms
[3308.528s][info ][gc,cpu         ] GC(386) User=0.04s Sys=0.00s Real=0.00s
[3308.528s][info ][safepoint      ] Leaving safepoint region
[3308.528s][info ][safepoint      ] Total time for which application threads were stopped: 0.0105848 seconds, Stopping threads took: 0.0000279 seconds
[3314.528s][info ][safepoint      ] Application time: 6.0004363 seconds
[3314.528s][info ][safepoint      ] Entering safepoint region: Cleanup
[3314.528s][info ][safepoint      ] Leaving safepoint region
[3314.528s][info ][safepoint      ] Total time for which application threads were stopped: 0.0000798 seconds, Stopping threads took: 0.0000144 seconds
[3315.528s][info ][safepoint      ] Application time: 1.0000748 seconds
[3315.528s][info ][safepoint      ] Entering safepoint region: Cleanup
[3315.528s][info ][safepoint      ] Leaving safepoint region
[3315.528s][info ][safepoint      ] Total time for which application threads were stopped: 0.0000755 seconds, Stopping threads took: 0.0000175 seconds
[3316.528s][info ][safepoint      ] Application time: 1.0000744 seconds
[3316.529s][info ][safepoint      ] Entering safepoint region: Cleanup
[3316.529s][info ][safepoint      ] Leaving safepoint region
[3316.529s][info ][safepoint      ] Total time for which application threads were stopped: 0.0001023 seconds, Stopping threads took: 0.0000338 seconds
[3317.149s][info ][safepoint      ] Application time: 0.6201692 seconds
[3317.149s][info ][safepoint      ] Entering safepoint region: ParallelGCFailedAllocation
[3317.149s][info ][gc,start       ] GC(387) Pause Young (Allocation Failure)
[3317.160s][debug][gc,phases      ] GC(387) Scavenge 11.334ms
[3317.160s][debug][gc,ref         ] GC(387) Skipped phase1 of Reference Processing due to unavailable references
[3317.160s][debug][gc,ref         ] GC(387) Skipped phase2 of Reference Processing due to unavailable references
[3317.160s][debug][gc,ref         ] GC(387) Skipped phase3 of Reference Processing due to unavailable references
[3317.160s][debug][gc,phases      ] GC(387) Reference Processing 0.041ms
[3317.161s][debug][gc,phases      ] GC(387) Weak Processing 0.202ms
[3317.161s][debug][gc,phases      ] GC(387) Scrub String Table 0.609ms
[3317.161s][debug][gc,age         ] GC(387) Desired survivor size 58720256 bytes, new threshold 15 (max threshold 15)
[3317.161s][info ][gc,heap        ] GC(387) PSYoungGen: 2033456K->40880K(2035712K)
[3317.161s][info ][gc,heap        ] GC(387) ParOldGen: 433202K->433202K(480256K)
[3317.161s][info ][gc,metaspace   ] GC(387) Metaspace: 76518K->76518K(1120256K)
[3317.161s][info ][gc             ] GC(387) Pause Young (Allocation Failure) 2408M->462M(2457M) 12.355ms
[3317.161s][info ][gc,cpu         ] GC(387) User=0.05s Sys=0.00s Real=0.01s
[3317.161s][info ][safepoint      ] Leaving safepoint region
[3317.161s][info ][safepoint      ] Total time for which application threads were stopped: 0.0125836 seconds, Stopping threads took: 0.0000417 seconds
[3318.166s][info ][safepoint      ] Application time: 1.0043290 seconds
[3318.166s][info ][safepoint      ] Entering safepoint region: Cleanup
[3318.166s][info ][safepoint      ] Leaving safepoint region
[3318.166s][info ][safepoint      ] Total time for which application threads were stopped: 0.0001748 seconds, Stopping threads took: 0.0000405 seconds
[3319.166s][info ][safepoint      ] Application time: 1.0000267 seconds
[3319.166s][info ][safepoint      ] Entering safepoint region: Cleanup
[3319.166s][info ][safepoint      ] Leaving safepoint region
[3319.166s][info ][safepoint      ] Total time for which application threads were stopped: 0.0001035 seconds, Stopping threads took: 0.0000313 seconds
[3324.728s][info ][safepoint      ] Application time: 5.5621694 seconds
[3324.728s][info ][safepoint      ] Entering safepoint region: ParallelGCFailedAllocation
[3324.728s][info ][gc,start       ] GC(388) Pause Young (Allocation Failure)
[3324.740s][debug][gc,phases      ] GC(388) Scavenge 11.743ms
[3324.740s][debug][gc,ref         ] GC(388) Skipped phase1 of Reference Processing due to unavailable references
[3324.740s][debug][gc,ref         ] GC(388) Skipped phase2 of Reference Processing due to unavailable references
[3324.740s][debug][gc,ref         ] GC(388) Skipped phase3 of Reference Processing due to unavailable references
[3324.740s][debug][gc,phases      ] GC(388) Reference Processing 0.032ms
[3324.740s][debug][gc,phases      ] GC(388) Weak Processing 0.161ms
[3324.741s][debug][gc,phases      ] GC(388) Scrub String Table 0.473ms
[3324.741s][debug][gc,age         ] GC(388) Desired survivor size 61865984 bytes, new threshold 15 (max threshold 15)
[3324.741s][info ][gc,heap        ] GC(388) PSYoungGen: 2023344K->41008K(2023936K)
[3324.741s][info ][gc,heap        ] GC(388) ParOldGen: 433202K->433202K(480256K)
[3324.741s][info ][gc,metaspace   ] GC(388) Metaspace: 76524K->76524K(1120256K)
[3324.741s][info ][gc             ] GC(388) Pause Young (Allocation Failure) 2398M->463M(2445M) 12.552ms
[3324.741s][info ][gc,cpu         ] GC(388) User=0.04s Sys=0.00s Real=0.02s
[3324.741s][info ][safepoint      ] Leaving safepoint region
[3324.741s][info ][safepoint      ] Total time for which application threads were stopped: 0.0127599 seconds, Stopping threads took: 0.0000185 seconds
[3325.741s][info ][safepoint      ] Application time: 1.0000896 seconds
[3325.741s][info ][safepoint      ] Entering safepoint region: Cleanup
[3325.741s][info ][safepoint      ] Leaving safepoint region
[3325.741s][info ][safepoint      ] Total time for which application threads were stopped: 0.0000964 seconds, Stopping threads took: 0.0000172 seconds
[3326.741s][info ][safepoint      ] Application time: 1.0000750 seconds
[3326.741s][info ][safepoint      ] Entering safepoint region: Cleanup
[3326.741s][info ][safepoint      ] Leaving safepoint region
[3326.741s][info ][safepoint      ] Total time for which application threads were stopped: 0.0000924 seconds, Stopping threads took: 0.0000153 seconds
[3329.742s][info ][safepoint      ] Application time: 3.0002082 seconds
[3329.742s][info ][safepoint      ] Entering safepoint region: Cleanup
[3329.742s][info ][safepoint      ] Leaving safepoint region
[3329.742s][info ][safepoint      ] Total time for which application threads were stopped: 0.0000756 seconds, Stopping threads took: 0.0000149 seconds
[3333.324s][info ][safepoint      ] Application time: 3.5819095 seconds
[3333.324s][info ][safepoint      ] Entering safepoint region: ParallelGCFailedAllocation
[3333.324s][info ][gc,start       ] GC(389) Pause Young (Allocation Failure)
[3333.335s][debug][gc,phases      ] GC(389) Scavenge 11.228ms
[3333.335s][debug][gc,ref         ] GC(389) Skipped phase1 of Reference Processing due to unavailable references
[3333.335s][debug][gc,ref         ] GC(389) Skipped phase2 of Reference Processing due to unavailable references
[3333.335s][debug][gc,ref         ] GC(389) Skipped phase3 of Reference Processing due to unavailable references
[3333.335s][debug][gc,phases      ] GC(389) Reference Processing 0.030ms
[3333.335s][debug][gc,phases      ] GC(389) Weak Processing 0.165ms
[3333.336s][debug][gc,phases      ] GC(389) Scrub String Table 0.478ms
[3333.336s][debug][gc,age         ] GC(389) Desired survivor size 65011712 bytes, new threshold 15 (max threshold 15)
[3333.336s][info ][gc,heap        ] GC(389) PSYoungGen: 2023472K->42256K(2030592K)
[3333.336s][info ][gc,heap        ] GC(389) ParOldGen: 433202K->433234K(480256K)
[3333.336s][info ][gc,metaspace   ] GC(389) Metaspace: 76524K->76524K(1120256K)
[3333.336s][info ][gc             ] GC(389) Pause Young (Allocation Failure) 2399M->464M(2452M) 12.061ms
[3333.336s][info ][gc,cpu         ] GC(389) User=0.05s Sys=0.00s Real=0.01s
[3333.336s][info ][safepoint      ] Leaving safepoint region
[3333.336s][info ][safepoint      ] Total time for which application threads were stopped: 0.0122449 seconds, Stopping threads took: 0.0000329 seconds
[3335.336s][info ][safepoint      ] Application time: 2.0001578 seconds
[3335.336s][info ][safepoint      ] Entering safepoint region: Cleanup
[3335.336s][info ][safepoint      ] Leaving safepoint region
[3335.336s][info ][safepoint      ] Total time for which application threads were stopped: 0.0001371 seconds, Stopping threads took: 0.0000530 seconds
[3338.337s][info ][safepoint      ] Application time: 3.0002239 seconds
[3338.337s][info ][safepoint      ] Entering safepoint region: Cleanup
[3338.337s][info ][safepoint      ] Leaving safepoint region
[3338.337s][info ][safepoint      ] Total time for which application threads were stopped: 0.0001320 seconds, Stopping threads took: 0.0000389 seconds
[3341.843s][info ][safepoint      ] Application time: 3.5063054 seconds
[3341.843s][info ][safepoint      ] Entering safepoint region: ParallelGCFailedAllocation
[3341.843s][info ][gc,start       ] GC(390) Pause Young (Allocation Failure)
[3341.873s][debug][gc,phases      ] GC(390) Scavenge 29.627ms
[3341.873s][debug][gc,ref         ] GC(390) Skipped phase1 of Reference Processing due to unavailable references
[3341.873s][debug][gc,ref         ] GC(390) Skipped phase2 of Reference Processing due to unavailable references
[3341.873s][debug][gc,ref         ] GC(390) Skipped phase3 of Reference Processing due to unavailable references
[3341.873s][debug][gc,phases      ] GC(390) Reference Processing 0.036ms
[3341.873s][debug][gc,phases      ] GC(390) Weak Processing 0.184ms
[3341.874s][debug][gc,phases      ] GC(390) Scrub String Table 0.614ms
[3341.874s][debug][gc,age         ] GC(390) Desired survivor size 67108864 bytes, new threshold 15 (max threshold 15)
[3341.874s][info ][gc,heap        ] GC(390) PSYoungGen: 2012432K->43216K(2013696K)
[3341.874s][info ][gc,heap        ] GC(390) ParOldGen: 433234K->433286K(480256K)
[3341.874s][info ][gc,metaspace   ] GC(390) Metaspace: 76526K->76526K(1120256K)
[3341.874s][info ][gc             ] GC(390) Pause Young (Allocation Failure) 2388M->465M(2435M) 30.599ms
[3341.874s][info ][gc,cpu         ] GC(390) User=0.08s Sys=0.00s Real=0.03s
[3341.874s][info ][safepoint      ] Leaving safepoint region
[3341.874s][info ][safepoint      ] Total time for which application threads were stopped: 0.0308099 seconds, Stopping threads took: 0.0000266 seconds
[3342.874s][info ][safepoint      ] Application time: 1.0000947 seconds
[3342.874s][info ][safepoint      ] Entering safepoint region: Cleanup
[3342.874s][info ][safepoint      ] Leaving safepoint region
[3342.874s][info ][safepoint      ] Total time for which application threads were stopped: 0.0001260 seconds, Stopping threads took: 0.0000355 seconds
[3343.874s][info ][safepoint      ] Application time: 1.0000741 seconds
[3343.874s][info ][safepoint      ] Entering safepoint region: Cleanup
[3343.874s][info ][safepoint      ] Leaving safepoint region
[3343.874s][info ][safepoint      ] Total time for which application threads were stopped: 0.0001151 seconds, Stopping threads took: 0.0000372 seconds
[3346.875s][info ][safepoint      ] Application time: 3.0002242 seconds
[3346.875s][info ][safepoint      ] Entering safepoint region: Cleanup
[3346.875s][info ][safepoint      ] Leaving safepoint region
[3346.875s][info ][safepoint      ] Total time for which application threads were stopped: 0.0001371 seconds, Stopping threads took: 0.0000400 seconds
[3350.472s][info ][safepoint      ] Application time: 3.5969769 seconds
[3350.472s][info ][safepoint      ] Entering safepoint region: ParallelGCFailedAllocation
[3350.472s][info ][gc,start       ] GC(391) Pause Young (Allocation Failure)
[3350.485s][debug][gc,phases      ] GC(391) Scavenge 13.065ms
[3350.485s][debug][gc,ref         ] GC(391) Skipped phase1 of Reference Processing due to unavailable references
[3350.485s][debug][gc,ref         ] GC(391) Skipped phase2 of Reference Processing due to unavailable references
[3350.485s][debug][gc,ref         ] GC(391) Skipped phase3 of Reference Processing due to unavailable references
[3350.485s][debug][gc,phases      ] GC(391) Reference Processing 0.035ms
[3350.485s][debug][gc,phases      ] GC(391) Weak Processing 0.139ms
[3350.486s][debug][gc,phases      ] GC(391) Scrub String Table 0.458ms
[3350.486s][debug][gc,age         ] GC(391) Desired survivor size 69730304 bytes, new threshold 15 (max threshold 15)
[3350.486s][info ][gc,heap        ] GC(391) PSYoungGen: 2013392K->44896K(2026496K)
[3350.486s][info ][gc,heap        ] GC(391) ParOldGen: 433286K->433326K(480256K)
[3350.486s][info ][gc,metaspace   ] GC(391) Metaspace: 76528K->76528K(1120256K)
[3350.486s][info ][gc             ] GC(391) Pause Young (Allocation Failure) 2389M->467M(2448M) 13.833ms
[3350.486s][info ][gc,cpu         ] GC(391) User=0.05s Sys=0.00s Real=0.01s
[3350.486s][info ][safepoint      ] Leaving safepoint region
[3350.486s][info ][safepoint      ] Total time for which application threads were stopped: 0.0140653 seconds, Stopping threads took: 0.0000636 seconds
[3352.486s][info ][safepoint      ] Application time: 2.0001417 seconds
[3352.486s][info ][safepoint      ] Entering safepoint region: Cleanup
[3352.486s][info ][safepoint      ] Leaving safepoint region
[3352.486s][info ][safepoint      ] Total time for which application threads were stopped: 0.0000932 seconds, Stopping threads took: 0.0000146 seconds
[3354.486s][info ][safepoint      ] Application time: 2.0001185 seconds
[3354.486s][info ][safepoint      ] Entering safepoint region: Cleanup
[3354.486s][info ][safepoint      ] Leaving safepoint region
[3354.486s][info ][safepoint      ] Total time for which application threads were stopped: 0.0000824 seconds, Stopping threads took: 0.0000136 seconds
[3355.486s][info ][safepoint      ] Application time: 1.0000658 seconds
[3355.487s][info ][safepoint      ] Entering safepoint region: Cleanup
[3355.487s][info ][safepoint      ] Leaving safepoint region
[3355.487s][info ][safepoint      ] Total time for which application threads were stopped: 0.0001066 seconds, Stopping threads took: 0.0000378 seconds
[3356.487s][info ][safepoint      ] Application time: 1.0000720 seconds
[3356.487s][info ][safepoint      ] Entering safepoint region: Cleanup
[3356.487s][info ][safepoint      ] Leaving safepoint region
[3356.487s][info ][safepoint      ] Total time for which application threads were stopped: 0.0000749 seconds, Stopping threads took: 0.0000141 seconds
[3357.487s][info ][safepoint      ] Application time: 1.0000737 seconds
[3357.487s][info ][safepoint      ] Entering safepoint region: Cleanup
[3357.487s][info ][safepoint      ] Leaving safepoint region
[3357.487s][info ][safepoint      ] Total time for which application threads were stopped: 0.0000876 seconds, Stopping threads took: 0.0000244 seconds
[3358.499s][info ][safepoint      ] Application time: 1.0121002 seconds
[3358.499s][info ][safepoint      ] Entering safepoint region: ParallelGCFailedAllocation
[3358.499s][info ][gc,start       ] GC(392) Pause Young (Allocation Failure)
[3358.511s][debug][gc,phases      ] GC(392) Scavenge 12.141ms
[3358.511s][debug][gc,ref         ] GC(392) Skipped phase1 of Reference Processing due to unavailable references
[3358.511s][debug][gc,ref         ] GC(392) Skipped phase2 of Reference Processing due to unavailable references
[3358.512s][debug][gc,ref         ] GC(392) Skipped phase3 of Reference Processing due to unavailable references
[3358.512s][debug][gc,phases      ] GC(392) Reference Processing 0.046ms
[3358.512s][debug][gc,phases      ] GC(392) Weak Processing 0.135ms
[3358.512s][debug][gc,phases      ] GC(392) Scrub String Table 0.423ms
[3358.512s][debug][gc,age         ] GC(392) Desired survivor size 71827456 bytes, new threshold 15 (max threshold 15)
[3358.512s][info ][gc,heap        ] GC(392) PSYoungGen: 2005856K->45872K(2007040K)
[3358.512s][info ][gc,heap        ] GC(392) ParOldGen: 433326K->433374K(480256K)
[3358.512s][info ][gc,metaspace   ] GC(392) Metaspace: 76528K->76528K(1120256K)
[3358.512s][info ][gc             ] GC(392) Pause Young (Allocation Failure) 2382M->468M(2429M) 12.876ms
[3358.512s][info ][gc,cpu         ] GC(392) User=0.05s Sys=0.00s Real=0.01s
[3358.512s][info ][safepoint      ] Leaving safepoint region
[3358.512s][info ][safepoint      ] Total time for which application threads were stopped: 0.0132114 seconds, Stopping threads took: 0.0000318 seconds
[3366.853s][info ][safepoint      ] Application time: 8.3410955 seconds
[3366.854s][info ][safepoint      ] Entering safepoint region: ParallelGCFailedAllocation
[3366.854s][info ][gc,start       ] GC(393) Pause Young (Allocation Failure)
[3366.867s][debug][gc,phases      ] GC(393) Scavenge 13.757ms
[3366.867s][debug][gc,ref         ] GC(393) Skipped phase1 of Reference Processing due to unavailable references
[3366.867s][debug][gc,ref         ] GC(393) Skipped phase2 of Reference Processing due to unavailable references
[3366.867s][debug][gc,ref         ] GC(393) Skipped phase3 of Reference Processing due to unavailable references
[3366.867s][debug][gc,phases      ] GC(393) Reference Processing 0.028ms
[3366.868s][debug][gc,phases      ] GC(393) Weak Processing 0.138ms
[3366.868s][debug][gc,phases      ] GC(393) Scrub String Table 0.451ms
[3366.868s][debug][gc,age         ] GC(393) Desired survivor size 73924608 bytes, new threshold 15 (max threshold 15)
[3366.868s][info ][gc,heap        ] GC(393) PSYoungGen: 2006818K->47825K(2022912K)
[3366.868s][info ][gc,heap        ] GC(393) ParOldGen: 433374K->433430K(480256K)
[3366.868s][info ][gc,metaspace   ] GC(393) Metaspace: 76529K->76529K(1120256K)
[3366.868s][info ][gc             ] GC(393) Pause Young (Allocation Failure) 2383M->469M(2444M) 14.514ms
[3366.868s][info ][gc,cpu         ] GC(393) User=0.06s Sys=0.00s Real=0.01s
[3366.868s][info ][safepoint      ] Leaving safepoint region
[3366.868s][info ][safepoint      ] Total time for which application threads were stopped: 0.0147081 seconds, Stopping threads took: 0.0000524 seconds
[3367.868s][info ][safepoint      ] Application time: 1.0000495 seconds
[3367.868s][info ][safepoint      ] Entering safepoint region: Cleanup
[3367.868s][info ][safepoint      ] Leaving safepoint region
[3367.868s][info ][safepoint      ] Total time for which application threads were stopped: 0.0001223 seconds, Stopping threads took: 0.0000473 seconds
[3368.868s][info ][safepoint      ] Application time: 1.0000821 seconds
[3368.869s][info ][safepoint      ] Entering safepoint region: Cleanup
[3368.869s][info ][safepoint      ] Leaving safepoint region
[3368.869s][info ][safepoint      ] Total time for which application threads were stopped: 0.0001184 seconds, Stopping threads took: 0.0000435 seconds
[3370.869s][info ][safepoint      ] Application time: 2.0001482 seconds
[3370.869s][info ][safepoint      ] Entering safepoint region: Cleanup
[3370.869s][info ][safepoint      ] Leaving safepoint region
[3370.869s][info ][safepoint      ] Total time for which application threads were stopped: 0.0001186 seconds, Stopping threads took: 0.0000442 seconds
[3375.223s][info ][safepoint      ] Application time: 4.3536490 seconds
[3375.223s][info ][safepoint      ] Entering safepoint region: ParallelGCFailedAllocation
[3375.223s][info ][gc,start       ] GC(394) Pause Young (Allocation Failure)
[3375.235s][debug][gc,phases      ] GC(394) Scavenge 11.747ms
[3375.235s][debug][gc,ref         ] GC(394) Skipped phase1 of Reference Processing due to unavailable references
[3375.235s][debug][gc,ref         ] GC(394) Skipped phase2 of Reference Processing due to unavailable references
[3375.235s][debug][gc,ref         ] GC(394) Skipped phase3 of Reference Processing due to unavailable references
[3375.235s][debug][gc,phases      ] GC(394) Reference Processing 0.051ms
[3375.235s][debug][gc,phases      ] GC(394) Weak Processing 0.136ms
[3375.235s][debug][gc,phases      ] GC(394) Scrub String Table 0.435ms
[3375.235s][debug][gc,age         ] GC(394) Desired survivor size 74973184 bytes, new threshold 15 (max threshold 15)
[3375.235s][info ][gc,heap        ] GC(394) PSYoungGen: 2000593K->46608K(1999872K)
[3375.235s][info ][gc,heap        ] GC(394) ParOldGen: 433430K->433470K(480256K)
[3375.235s][info ][gc,metaspace   ] GC(394) Metaspace: 76529K->76529K(1120256K)
[3375.235s][info ][gc             ] GC(394) Pause Young (Allocation Failure) 2376M->468M(2422M) 12.510ms
[3375.235s][info ][gc,cpu         ] GC(394) User=0.05s Sys=0.00s Real=0.01s
[3375.235s][info ][safepoint      ] Leaving safepoint region
[3375.235s][info ][safepoint      ] Total time for which application threads were stopped: 0.0126961 seconds, Stopping threads took: 0.0000300 seconds
[3376.235s][info ][safepoint      ] Application time: 1.0000353 seconds
[3376.235s][info ][safepoint      ] Entering safepoint region: Cleanup
[3376.236s][info ][safepoint      ] Leaving safepoint region
[3376.236s][info ][safepoint      ] Total time for which application threads were stopped: 0.0000803 seconds, Stopping threads took: 0.0000146 seconds
[3377.699s][info ][safepoint      ] Application time: 1.4631583 seconds
[3377.699s][info ][safepoint      ] Entering safepoint region: RevokeBias
[3377.699s][info ][safepoint      ] Leaving safepoint region
[3377.699s][info ][safepoint      ] Total time for which application threads were stopped: 0.0001354 seconds, Stopping threads took: 0.0000486 seconds
[3378.158s][info ][safepoint      ] Application time: 0.4591152 seconds
[3378.158s][info ][safepoint      ] Entering safepoint region: BulkRevokeBias
[3378.158s][info ][safepoint      ] Leaving safepoint region
[3378.158s][info ][safepoint      ] Total time for which application threads were stopped: 0.0002595 seconds, Stopping threads took: 0.0000330 seconds
[3383.849s][info ][safepoint      ] Application time: 5.6906736 seconds
[3383.849s][info ][safepoint      ] Entering safepoint region: ParallelGCFailedAllocation
[3383.849s][info ][gc,start       ] GC(395) Pause Young (Allocation Failure)
[3383.863s][debug][gc,phases      ] GC(395) Scavenge 13.710ms
[3383.863s][debug][gc,ref         ] GC(395) Skipped phase1 of Reference Processing due to unavailable references
[3383.863s][debug][gc,ref         ] GC(395) Skipped phase2 of Reference Processing due to unavailable references
[3383.863s][debug][gc,ref         ] GC(395) Skipped phase3 of Reference Processing due to unavailable references
[3383.863s][debug][gc,phases      ] GC(395) Reference Processing 0.029ms
[3383.863s][debug][gc,phases      ] GC(395) Weak Processing 0.143ms
[3383.864s][debug][gc,phases      ] GC(395) Scrub String Table 0.437ms
[3383.864s][debug][gc,age         ] GC(395) Desired survivor size 76021760 bytes, new threshold 15 (max threshold 15)
[3383.864s][info ][gc,heap        ] GC(395) PSYoungGen: 1999376K->48096K(2021888K)
[3383.864s][info ][gc,heap        ] GC(395) ParOldGen: 433470K->433530K(480256K)
[3383.864s][info ][gc,metaspace   ] GC(395) Metaspace: 76529K->76529K(1120256K)
[3383.864s][info ][gc             ] GC(395) Pause Young (Allocation Failure) 2375M->470M(2443M) 14.448ms
[3383.864s][info ][gc,cpu         ] GC(395) User=0.06s Sys=0.00s Real=0.01s
[3383.864s][info ][safepoint      ] Leaving safepoint region
[3383.864s][info ][safepoint      ] Total time for which application threads were stopped: 0.0146464 seconds, Stopping threads took: 0.0000490 seconds
[3392.449s][info ][safepoint      ] Application time: 8.5852163 seconds
[3392.449s][info ][safepoint      ] Entering safepoint region: ParallelGCFailedAllocation
[3392.449s][info ][gc,start       ] GC(396) Pause Young (Allocation Failure)
[3392.461s][debug][gc,phases      ] GC(396) Scavenge 11.770ms
[3392.461s][debug][gc,ref         ] GC(396) Skipped phase1 of Reference Processing due to unavailable references
[3392.461s][debug][gc,ref         ] GC(396) Skipped phase2 of Reference Processing due to unavailable references
[3392.461s][debug][gc,ref         ] GC(396) Skipped phase3 of Reference Processing due to unavailable references
[3392.461s][debug][gc,phases      ] GC(396) Reference Processing 0.028ms
[3392.461s][debug][gc,phases      ] GC(396) Weak Processing 0.118ms
[3392.461s][debug][gc,phases      ] GC(396) Scrub String Table 0.426ms
[3392.461s][debug][gc,age         ] GC(396) Desired survivor size 73400320 bytes, new threshold 15 (max threshold 15)
[3392.461s][info ][gc,heap        ] GC(396) PSYoungGen: 1996768K->38144K(2022912K)
[3392.461s][info ][gc,heap        ] GC(396) ParOldGen: 433530K->444484K(480256K)
[3392.461s][info ][gc,metaspace   ] GC(396) Metaspace: 76530K->76530K(1120256K)
[3392.462s][info ][gc             ] GC(396) Pause Young (Allocation Failure) 2373M->471M(2444M) 12.471ms
[3392.462s][info ][gc,cpu         ] GC(396) User=0.04s Sys=0.00s Real=0.01s
[3392.462s][info ][safepoint      ] Leaving safepoint region
[3392.462s][info ][safepoint      ] Total time for which application threads were stopped: 0.0126856 seconds, Stopping threads took: 0.0000610 seconds
[3397.462s][info ][safepoint      ] Application time: 5.0003727 seconds
[3397.462s][info ][safepoint      ] Entering safepoint region: Cleanup
[3397.462s][info ][safepoint      ] Leaving safepoint region
[3397.462s][info ][safepoint      ] Total time for which application threads were stopped: 0.0001222 seconds, Stopping threads took: 0.0000429 seconds
[3398.462s][info ][safepoint      ] Application time: 1.0000734 seconds
[3398.462s][info ][safepoint      ] Entering safepoint region: Cleanup
[3398.462s][info ][safepoint      ] Leaving safepoint region
[3398.462s][info ][safepoint      ] Total time for which application threads were stopped: 0.0001085 seconds, Stopping threads took: 0.0000336 seconds
[3401.050s][info ][safepoint      ] Application time: 2.5876824 seconds
[3401.050s][info ][safepoint      ] Entering safepoint region: ParallelGCFailedAllocation
[3401.050s][info ][gc,start       ] GC(397) Pause Young (Allocation Failure)
[3401.061s][debug][gc,phases      ] GC(397) Scavenge 10.745ms
[3401.061s][debug][gc,ref         ] GC(397) Skipped phase1 of Reference Processing due to unavailable references
[3401.061s][debug][gc,ref         ] GC(397) Skipped phase3 of Reference Processing due to unavailable references
[3401.061s][debug][gc,phases      ] GC(397) Reference Processing 0.029ms
[3401.061s][debug][gc,phases      ] GC(397) Weak Processing 0.137ms
[3401.062s][debug][gc,phases      ] GC(397) Scrub String Table 0.451ms
[3401.062s][debug][gc,age         ] GC(397) Desired survivor size 70254592 bytes, new threshold 15 (max threshold 15)
[3401.062s][info ][gc,heap        ] GC(397) PSYoungGen: 1986816K->37696K(2028544K)
[3401.062s][info ][gc,heap        ] GC(397) ParOldGen: 444484K->445212K(480256K)
[3401.062s][info ][gc,metaspace   ] GC(397) Metaspace: 76542K->76542K(1120256K)
[3401.062s][info ][gc             ] GC(397) Pause Young (Allocation Failure) 2374M->471M(2450M) 11.493ms
[3401.062s][info ][gc,cpu         ] GC(397) User=0.05s Sys=0.00s Real=0.01s
[3401.062s][info ][safepoint      ] Leaving safepoint region
[3401.062s][info ][safepoint      ] Total time for which application threads were stopped: 0.0117102 seconds, Stopping threads took: 0.0000555 seconds
[3403.062s][info ][safepoint      ] Application time: 2.0001468 seconds
[3403.062s][info ][safepoint      ] Entering safepoint region: Cleanup
[3403.062s][info ][safepoint      ] Leaving safepoint region
[3403.062s][info ][safepoint      ] Total time for which application threads were stopped: 0.0000978 seconds, Stopping threads took: 0.0000287 seconds
[3409.062s][info ][safepoint      ] Application time: 6.0004169 seconds
[3409.063s][info ][safepoint      ] Entering safepoint region: Cleanup
[3409.063s][info ][safepoint      ] Leaving safepoint region
[3409.063s][info ][safepoint      ] Total time for which application threads were stopped: 0.0001068 seconds, Stopping threads took: 0.0000350 seconds
[3409.765s][info ][safepoint      ] Application time: 0.7027741 seconds
[3409.765s][info ][safepoint      ] Entering safepoint region: ParallelGCFailedAllocation
[3409.766s][info ][gc,start       ] GC(398) Pause Young (Allocation Failure)
[3409.777s][debug][gc,phases      ] GC(398) Scavenge 10.921ms
[3409.777s][debug][gc,ref         ] GC(398) Skipped phase1 of Reference Processing due to unavailable references
[3409.777s][debug][gc,ref         ] GC(398) Skipped phase3 of Reference Processing due to unavailable references
[3409.777s][debug][gc,phases      ] GC(398) Reference Processing 0.033ms
[3409.777s][debug][gc,phases      ] GC(398) Weak Processing 0.162ms
[3409.777s][debug][gc,phases      ] GC(398) Scrub String Table 0.488ms
[3409.777s][debug][gc,age         ] GC(398) Desired survivor size 68157440 bytes, new threshold 15 (max threshold 15)
[3409.777s][info ][gc,heap        ] GC(398) PSYoungGen: 1994560K->40224K(2025472K)
[3409.777s][info ][gc,heap        ] GC(398) ParOldGen: 445212K->445388K(480256K)
[3409.777s][info ][gc,metaspace   ] GC(398) Metaspace: 76546K->76546K(1120256K)
[3409.777s][info ][gc             ] GC(398) Pause Young (Allocation Failure) 2382M->474M(2447M) 11.744ms
[3409.777s][info ][gc,cpu         ] GC(398) User=0.04s Sys=0.00s Real=0.02s
[3409.777s][info ][safepoint      ] Leaving safepoint region
[3409.777s][info ][safepoint      ] Total time for which application threads were stopped: 0.0119099 seconds, Stopping threads took: 0.0000148 seconds
[3412.778s][info ][safepoint      ] Application time: 3.0002108 seconds
[3412.778s][info ][safepoint      ] Entering safepoint region: Cleanup
[3412.778s][info ][safepoint      ] Leaving safepoint region
[3412.778s][info ][safepoint      ] Total time for which application threads were stopped: 0.0000878 seconds, Stopping threads took: 0.0000137 seconds
[3413.778s][info ][safepoint      ] Application time: 1.0000623 seconds
[3413.778s][info ][safepoint      ] Entering safepoint region: Cleanup
[3413.778s][info ][safepoint      ] Leaving safepoint region
[3413.778s][info ][safepoint      ] Total time for which application threads were stopped: 0.0000970 seconds, Stopping threads took: 0.0000339 seconds
[3415.778s][info ][safepoint      ] Application time: 2.0001388 seconds
[3415.778s][info ][safepoint      ] Entering safepoint region: Cleanup
[3415.778s][info ][safepoint      ] Leaving safepoint region
[3415.778s][info ][safepoint      ] Total time for which application threads were stopped: 0.0000769 seconds, Stopping threads took: 0.0000141 seconds
[3417.778s][info ][safepoint      ] Application time: 2.0001512 seconds
[3417.778s][info ][safepoint      ] Entering safepoint region: Cleanup
[3417.778s][info ][safepoint      ] Leaving safepoint region
[3417.778s][info ][safepoint      ] Total time for which application threads were stopped: 0.0001399 seconds, Stopping threads took: 0.0000616 seconds
[3418.255s][info ][safepoint      ] Application time: 0.4763623 seconds
[3418.255s][info ][safepoint      ] Entering safepoint region: ParallelGCFailedAllocation
[3418.255s][info ][gc,start       ] GC(399) Pause Young (Allocation Failure)
[3418.267s][debug][gc,phases      ] GC(399) Scavenge 11.649ms
[3418.267s][debug][gc,ref         ] GC(399) Skipped phase1 of Reference Processing due to unavailable references
[3418.267s][debug][gc,ref         ] GC(399) Skipped phase3 of Reference Processing due to unavailable references
[3418.267s][debug][gc,phases      ] GC(399) Reference Processing 0.036ms
[3418.267s][debug][gc,phases      ] GC(399) Weak Processing 0.145ms
[3418.267s][debug][gc,phases      ] GC(399) Scrub String Table 0.464ms
[3418.267s][debug][gc,age         ] GC(399) Desired survivor size 67108864 bytes, new threshold 15 (max threshold 15)
[3418.267s][info ][gc,heap        ] GC(399) PSYoungGen: 1997088K->25504K(2031616K)
[3418.268s][info ][gc,heap        ] GC(399) ParOldGen: 445388K->458261K(480256K)
[3418.268s][info ][gc,metaspace   ] GC(399) Metaspace: 76547K->76547K(1120256K)
[3418.268s][info ][gc             ] GC(399) Pause Young (Allocation Failure) 2385M->472M(2453M) 12.469ms
[3418.268s][info ][gc,cpu         ] GC(399) User=0.05s Sys=0.00s Real=0.01s
[3418.268s][info ][safepoint      ] Leaving safepoint region
[3418.268s][info ][safepoint      ] Total time for which application threads were stopped: 0.0126824 seconds, Stopping threads took: 0.0000208 seconds
[3424.268s][info ][safepoint      ] Application time: 6.0004187 seconds
[3424.268s][info ][safepoint      ] Entering safepoint region: Cleanup
[3424.268s][info ][safepoint      ] Leaving safepoint region
[3424.268s][info ][safepoint      ] Total time for which application threads were stopped: 0.0001138 seconds, Stopping threads took: 0.0000369 seconds
[3428.268s][info ][safepoint      ] Application time: 4.0002806 seconds
[3428.269s][info ][safepoint      ] Entering safepoint region: Cleanup
[3428.269s][info ][safepoint      ] Leaving safepoint region
[3428.269s][info ][safepoint      ] Total time for which application threads were stopped: 0.0000960 seconds, Stopping threads took: 0.0000342 seconds
[3428.849s][info ][safepoint      ] Application time: 0.5803016 seconds
[3428.849s][info ][safepoint      ] Entering safepoint region: ParallelGCFailedAllocation
[3428.849s][info ][gc,start       ] GC(400) Pause Young (Allocation Failure)
[3428.858s][debug][gc,phases      ] GC(400) Scavenge 9.097ms
[3428.858s][debug][gc,ref         ] GC(400) Skipped phase1 of Reference Processing due to unavailable references
[3428.858s][debug][gc,ref         ] GC(400) Skipped phase3 of Reference Processing due to unavailable references
[3428.858s][debug][gc,phases      ] GC(400) Reference Processing 0.033ms
[3428.858s][debug][gc,phases      ] GC(400) Weak Processing 0.148ms
[3428.859s][debug][gc,phases      ] GC(400) Scrub String Table 0.572ms
[3428.859s][debug][gc,age         ] GC(400) Desired survivor size 66060288 bytes, new threshold 15 (max threshold 15)
[3428.859s][info ][gc,heap        ] GC(400) PSYoungGen: 1990560K->23504K(2030592K)
[3428.859s][info ][gc,heap        ] GC(400) ParOldGen: 458261K->460309K(480256K)
[3428.859s][info ][gc,metaspace   ] GC(400) Metaspace: 76547K->76547K(1120256K)
[3428.859s][info ][gc             ] GC(400) Pause Young (Allocation Failure) 2391M->472M(2452M) 10.001ms
[3428.859s][info ][gc,cpu         ] GC(400) User=0.04s Sys=0.00s Real=0.01s
[3428.859s][info ][safepoint      ] Leaving safepoint region
[3428.859s][info ][safepoint      ] Total time for which application threads were stopped: 0.0102033 seconds, Stopping threads took: 0.0000505 seconds
[3435.860s][info ][safepoint      ] Application time: 7.0005349 seconds
[3435.860s][info ][safepoint      ] Entering safepoint region: Cleanup
[3435.860s][info ][safepoint      ] Leaving safepoint region
[3435.860s][info ][safepoint      ] Total time for which application threads were stopped: 0.0001066 seconds, Stopping threads took: 0.0000377 seconds
[3439.549s][info ][safepoint      ] Application time: 3.6893549 seconds
[3439.549s][info ][safepoint      ] Entering safepoint region: ParallelGCFailedAllocation
[3439.549s][info ][gc,start       ] GC(401) Pause Young (Allocation Failure)
[3439.558s][debug][gc,phases      ] GC(401) Scavenge 8.433ms
[3439.558s][debug][gc,ref         ] GC(401) Skipped phase1 of Reference Processing due to unavailable references
[3439.558s][debug][gc,ref         ] GC(401) Skipped phase3 of Reference Processing due to unavailable references
[3439.558s][debug][gc,phases      ] GC(401) Reference Processing 0.026ms
[3439.558s][debug][gc,phases      ] GC(401) Weak Processing 0.138ms
[3439.558s][debug][gc,phases      ] GC(401) Scrub String Table 0.428ms
[3439.558s][debug][gc,age         ] GC(401) Desired survivor size 65536000 bytes, new threshold 15 (max threshold 15)
[3439.559s][info ][gc,heap        ] GC(401) PSYoungGen: 1988560K->21216K(2033152K)
[3439.559s][info ][gc,heap        ] GC(401) ParOldGen: 460309K->462918K(480256K)
[3439.559s][info ][gc,metaspace   ] GC(401) Metaspace: 76549K->76549K(1120256K)
[3439.559s][info ][gc             ] GC(401) Pause Young (Allocation Failure) 2391M->472M(2454M) 9.163ms
[3439.559s][info ][gc,cpu         ] GC(401) User=0.03s Sys=0.00s Real=0.01s
[3439.559s][info ][safepoint      ] Leaving safepoint region
[3439.559s][info ][safepoint      ] Total time for which application threads were stopped: 0.0093825 seconds, Stopping threads took: 0.0000707 seconds
[3441.523s][info ][safepoint      ] Application time: 1.9640754 seconds
[3441.523s][info ][safepoint      ] Entering safepoint region: RevokeBias
[3441.523s][info ][safepoint      ] Leaving safepoint region
[3441.523s][info ][safepoint      ] Total time for which application threads were stopped: 0.0000712 seconds, Stopping threads took: 0.0000097 seconds
[3441.523s][info ][safepoint      ] Application time: 0.0001908 seconds
[3441.523s][info ][safepoint      ] Entering safepoint region: RevokeBias
[3441.523s][info ][safepoint      ] Leaving safepoint region
[3441.523s][info ][safepoint      ] Total time for which application threads were stopped: 0.0000246 seconds, Stopping threads took: 0.0000038 seconds
[3441.599s][info ][safepoint      ] Application time: 0.0760827 seconds
[3441.599s][info ][safepoint      ] Entering safepoint region: RevokeBias
[3441.599s][info ][safepoint      ] Leaving safepoint region
[3441.599s][info ][safepoint      ] Total time for which application threads were stopped: 0.0001517 seconds, Stopping threads took: 0.0000376 seconds
[3442.460s][info ][safepoint      ] Application time: 0.8610748 seconds
[3442.460s][info ][safepoint      ] Entering safepoint region: RevokeBias
[3442.461s][info ][safepoint      ] Leaving safepoint region
[3442.461s][info ][safepoint      ] Total time for which application threads were stopped: 0.0001050 seconds, Stopping threads took: 0.0000327 seconds
[3442.468s][info ][safepoint      ] Application time: 0.0075560 seconds
[3442.468s][info ][safepoint      ] Entering safepoint region: RevokeBias
[3442.468s][info ][safepoint      ] Leaving safepoint region
[3442.468s][info ][safepoint      ] Total time for which application threads were stopped: 0.0001272 seconds, Stopping threads took: 0.0000298 seconds
[3442.508s][info ][safepoint      ] Application time: 0.0401408 seconds
[3442.508s][info ][safepoint      ] Entering safepoint region: RevokeBias
[3442.509s][info ][safepoint      ] Leaving safepoint region
[3442.509s][info ][safepoint      ] Total time for which application threads were stopped: 0.0001416 seconds, Stopping threads took: 0.0000446 seconds
[3442.527s][info ][safepoint      ] Application time: 0.0187550 seconds
[3442.527s][info ][safepoint      ] Entering safepoint region: RevokeBias
[3442.527s][info ][safepoint      ] Leaving safepoint region
[3442.527s][info ][safepoint      ] Total time for which application threads were stopped: 0.0000835 seconds, Stopping threads took: 0.0000137 seconds
[3443.528s][info ][safepoint      ] Application time: 1.0000798 seconds
[3443.528s][info ][safepoint      ] Entering safepoint region: Cleanup
[3443.528s][info ][safepoint      ] Leaving safepoint region
[3443.528s][info ][safepoint      ] Total time for which application threads were stopped: 0.0002136 seconds, Stopping threads took: 0.0000693 seconds
[3444.528s][info ][safepoint      ] Application time: 1.0000732 seconds
[3444.528s][info ][safepoint      ] Entering safepoint region: Cleanup
[3444.528s][info ][safepoint      ] Leaving safepoint region
[3444.528s][info ][safepoint      ] Total time for which application threads were stopped: 0.0001067 seconds, Stopping threads took: 0.0000372 seconds
[3445.528s][info ][safepoint      ] Application time: 1.0000721 seconds
[3445.528s][info ][safepoint      ] Entering safepoint region: Cleanup
[3445.528s][info ][safepoint      ] Leaving safepoint region
[3445.528s][info ][safepoint      ] Total time for which application threads were stopped: 0.0001114 seconds, Stopping threads took: 0.0000414 seconds
[3447.073s][info ][safepoint      ] Application time: 1.5451603 seconds
[3447.073s][info ][safepoint      ] Entering safepoint region: ParallelGCFailedAllocation
[3447.074s][info ][gc,start       ] GC(402) Pause Young (Allocation Failure)
[3447.090s][debug][gc,phases      ] GC(402) Scavenge 16.916ms
[3447.091s][debug][gc,ref         ] GC(402) Skipped phase1 of Reference Processing due to unavailable references
[3447.091s][debug][gc,ref         ] GC(402) Skipped phase3 of Reference Processing due to unavailable references
[3447.091s][debug][gc,phases      ] GC(402) Reference Processing 0.028ms
[3447.091s][debug][gc,phases      ] GC(402) Weak Processing 0.149ms
[3447.091s][debug][gc,phases      ] GC(402) Scrub String Table 0.477ms
[3447.091s][debug][gc,age         ] GC(402) Desired survivor size 70254592 bytes, new threshold 15 (max threshold 15)
[3447.091s][info ][gc,heap        ] GC(402) PSYoungGen: 1989856K->53451K(2022400K)
[3447.091s][info ][gc,heap        ] GC(402) ParOldGen: 462918K->465158K(480256K)
[3447.091s][info ][gc,metaspace   ] GC(402) Metaspace: 76580K->76580K(1120256K)
[3447.091s][info ][gc             ] GC(402) Pause Young (Allocation Failure) 2395M->506M(2444M) 17.698ms
[3447.091s][info ][gc,cpu         ] GC(402) User=0.07s Sys=0.00s Real=0.02s
[3447.091s][info ][safepoint      ] Leaving safepoint region
[3447.091s][info ][safepoint      ] Total time for which application threads were stopped: 0.0178536 seconds, Stopping threads took: 0.0000147 seconds
[3447.508s][info ][safepoint      ] Application time: 0.4167398 seconds
[3447.508s][info ][safepoint      ] Entering safepoint region: RevokeBias
[3447.508s][info ][safepoint      ] Leaving safepoint region
[3447.508s][info ][safepoint      ] Total time for which application threads were stopped: 0.0001274 seconds, Stopping threads took: 0.0000451 seconds
[3449.508s][info ][safepoint      ] Application time: 2.0001578 seconds
[3449.508s][info ][safepoint      ] Entering safepoint region: Cleanup
[3449.509s][info ][safepoint      ] Leaving safepoint region
[3449.509s][info ][safepoint      ] Total time for which application threads were stopped: 0.0001203 seconds, Stopping threads took: 0.0000434 seconds
[3452.508s][info ][safepoint      ] Application time: 2.9998051 seconds
[3452.508s][info ][safepoint      ] Entering safepoint region: RevokeBias
[3452.508s][info ][safepoint      ] Leaving safepoint region
[3452.508s][info ][safepoint      ] Total time for which application threads were stopped: 0.0001042 seconds, Stopping threads took: 0.0000349 seconds
[3452.509s][info ][safepoint      ] Application time: 0.0001713 seconds
[3452.509s][info ][safepoint      ] Entering safepoint region: RevokeBias
[3452.509s][info ][safepoint      ] Leaving safepoint region
[3452.509s][info ][safepoint      ] Total time for which application threads were stopped: 0.0000732 seconds, Stopping threads took: 0.0000429 seconds
[3452.509s][info ][safepoint      ] Application time: 0.0001104 seconds
[3452.509s][info ][safepoint      ] Entering safepoint region: RevokeBias
[3452.509s][info ][safepoint      ] Leaving safepoint region
[3452.509s][info ][safepoint      ] Total time for which application threads were stopped: 0.0000417 seconds, Stopping threads took: 0.0000185 seconds
[3452.509s][info ][safepoint      ] Application time: 0.0000355 seconds
[3452.509s][info ][safepoint      ] Entering safepoint region: RevokeBias
[3452.509s][info ][safepoint      ] Leaving safepoint region
[3452.509s][info ][safepoint      ] Total time for which application threads were stopped: 0.0000358 seconds, Stopping threads took: 0.0000122 seconds
[3452.509s][info ][safepoint      ] Application time: 0.0000392 seconds
[3452.509s][info ][safepoint      ] Entering safepoint region: RevokeBias
[3452.509s][info ][safepoint      ] Leaving safepoint region
[3452.509s][info ][safepoint      ] Total time for which application threads were stopped: 0.0000213 seconds, Stopping threads took: 0.0000039 seconds
[3452.509s][info ][safepoint      ] Application time: 0.0000646 seconds
[3452.509s][info ][safepoint      ] Entering safepoint region: RevokeBias
[3452.509s][info ][safepoint      ] Leaving safepoint region
[3452.509s][info ][safepoint      ] Total time for which application threads were stopped: 0.0000308 seconds, Stopping threads took: 0.0000114 seconds
[3454.509s][info ][safepoint      ] Application time: 2.0001534 seconds
[3454.509s][info ][safepoint      ] Entering safepoint region: Cleanup
[3454.509s][info ][safepoint      ] Leaving safepoint region
[3454.509s][info ][safepoint      ] Total time for which application threads were stopped: 0.0001356 seconds, Stopping threads took: 0.0000479 seconds
[3454.766s][info ][safepoint      ] Application time: 0.2569219 seconds
[3454.766s][info ][safepoint      ] Entering safepoint region: ParallelGCFailedAllocation
[3454.767s][info ][gc,start       ] GC(403) Pause Young (Allocation Failure)
[3454.782s][debug][gc,phases      ] GC(403) Scavenge 15.675ms
[3454.782s][debug][gc,ref         ] GC(403) Skipped phase1 of Reference Processing due to unavailable references
[3454.782s][debug][gc,phases      ] GC(403) Reference Processing 0.060ms
[3454.783s][debug][gc,phases      ] GC(403) Weak Processing 0.147ms
[3454.783s][debug][gc,phases      ] GC(403) Scrub String Table 0.463ms
[3454.783s][debug][gc,age         ] GC(403) Desired survivor size 73400320 bytes, new threshold 15 (max threshold 15)
[3454.783s][info ][gc,heap        ] GC(403) PSYoungGen: 2022091K->53242K(2022400K)
[3454.783s][info ][gc,heap        ] GC(403) ParOldGen: 465158K->466487K(480256K)
[3454.783s][info ][gc,metaspace   ] GC(403) Metaspace: 76580K->76580K(1120256K)
[3454.783s][info ][gc             ] GC(403) Pause Young (Allocation Failure) 2428M->507M(2444M) 16.487ms
[3454.783s][info ][gc,cpu         ] GC(403) User=0.07s Sys=0.00s Real=0.02s
[3454.783s][info ][safepoint      ] Leaving safepoint region
[3454.783s][info ][safepoint      ] Total time for which application threads were stopped: 0.0166482 seconds, Stopping threads took: 0.0000134 seconds
[3456.783s][info ][safepoint      ] Application time: 2.0001073 seconds
[3456.783s][info ][safepoint      ] Entering safepoint region: Cleanup
[3456.783s][info ][safepoint      ] Leaving safepoint region
[3456.783s][info ][safepoint      ] Total time for which application threads were stopped: 0.0000993 seconds, Stopping threads took: 0.0000200 seconds
[3459.784s][info ][safepoint      ] Application time: 3.0002102 seconds
[3459.784s][info ][safepoint      ] Entering safepoint region: Cleanup
[3459.784s][info ][safepoint      ] Leaving safepoint region
[3459.784s][info ][safepoint      ] Total time for which application threads were stopped: 0.0001094 seconds, Stopping threads took: 0.0000517 seconds
[3462.510s][info ][safepoint      ] Application time: 2.7261978 seconds
[3462.510s][info ][safepoint      ] Entering safepoint region: ParallelGCFailedAllocation
[3462.510s][info ][gc,start       ] GC(404) Pause Young (Allocation Failure)
[3462.524s][debug][gc,phases      ] GC(404) Scavenge 13.430ms
[3462.524s][debug][gc,ref         ] GC(404) Skipped phase1 of Reference Processing due to unavailable references
[3462.524s][debug][gc,ref         ] GC(404) Skipped phase3 of Reference Processing due to unavailable references
[3462.524s][debug][gc,phases      ] GC(404) Reference Processing 0.030ms
[3462.524s][debug][gc,phases      ] GC(404) Weak Processing 0.148ms
[3462.524s][debug][gc,phases      ] GC(404) Scrub String Table 0.480ms
[3462.524s][debug][gc,age         ] GC(404) Desired survivor size 76021760 bytes, new threshold 15 (max threshold 15)
[3462.524s][info ][gc,heap        ] GC(404) PSYoungGen: 2007034K->52970K(2007040K)
[3462.524s][info ][gc,heap        ] GC(404) ParOldGen: 466487K->467275K(480256K)
[3462.524s][info ][gc,metaspace   ] GC(404) Metaspace: 76580K->76580K(1120256K)
[3462.524s][info ][gc             ] GC(404) Pause Young (Allocation Failure) 2415M->508M(2429M) 14.221ms
[3462.524s][info ][gc,cpu         ] GC(404) User=0.06s Sys=0.00s Real=0.01s
[3462.524s][info ][safepoint      ] Leaving safepoint region
[3462.524s][info ][safepoint      ] Total time for which application threads were stopped: 0.0143846 seconds, Stopping threads took: 0.0000130 seconds
[3465.525s][info ][safepoint      ] Application time: 3.0002651 seconds
[3465.525s][info ][safepoint      ] Entering safepoint region: Cleanup
[3465.525s][info ][safepoint      ] Leaving safepoint region
[3465.525s][info ][safepoint      ] Total time for which application threads were stopped: 0.0001630 seconds, Stopping threads took: 0.0000404 seconds
[3468.525s][info ][safepoint      ] Application time: 3.0002091 seconds
[3468.525s][info ][safepoint      ] Entering safepoint region: Cleanup
[3468.525s][info ][safepoint      ] Leaving safepoint region
[3468.525s][info ][safepoint      ] Total time for which application threads were stopped: 0.0001178 seconds, Stopping threads took: 0.0000472 seconds
[3470.280s][info ][safepoint      ] Application time: 1.7551714 seconds
[3470.280s][info ][safepoint      ] Entering safepoint region: ParallelGCFailedAllocation
[3470.281s][info ][gc,start       ] GC(405) Pause Young (Allocation Failure)
[3470.293s][debug][gc,phases      ] GC(405) Scavenge 12.726ms
[3470.293s][debug][gc,ref         ] GC(405) Skipped phase1 of Reference Processing due to unavailable references
[3470.293s][debug][gc,ref         ] GC(405) Skipped phase3 of Reference Processing due to unavailable references
[3470.293s][debug][gc,phases      ] GC(405) Reference Processing 0.028ms
[3470.294s][debug][gc,phases      ] GC(405) Weak Processing 0.161ms
[3470.294s][debug][gc,phases      ] GC(405) Scrub String Table 0.470ms
[3470.294s][debug][gc,age         ] GC(405) Desired survivor size 77594624 bytes, new threshold 15 (max threshold 15)
[3470.294s][info ][gc,heap        ] GC(405) PSYoungGen: 2006762K->52603K(2019840K)
[3470.294s][info ][gc,heap        ] GC(405) ParOldGen: 467275K->468123K(480256K)
[3470.294s][info ][gc,metaspace   ] GC(405) Metaspace: 76583K->76583K(1120256K)
[3470.294s][info ][gc             ] GC(405) Pause Young (Allocation Failure) 2416M->508M(2441M) 13.518ms
[3470.294s][info ][gc,cpu         ] GC(405) User=0.05s Sys=0.00s Real=0.01s
[3470.294s][info ][safepoint      ] Leaving safepoint region
[3470.294s][info ][safepoint      ] Total time for which application threads were stopped: 0.0136857 seconds, Stopping threads took: 0.0000139 seconds
[3476.295s][info ][safepoint      ] Application time: 6.0004065 seconds
[3476.295s][info ][safepoint      ] Entering safepoint region: Cleanup
[3476.295s][info ][safepoint      ] Leaving safepoint region
[3476.295s][info ][safepoint      ] Total time for which application threads were stopped: 0.0000704 seconds, Stopping threads took: 0.0000148 seconds
[3477.950s][info ][safepoint      ] Application time: 1.6557970 seconds
[3477.950s][info ][safepoint      ] Entering safepoint region: ParallelGCFailedAllocation
[3477.951s][info ][gc,start       ] GC(406) Pause Young (Allocation Failure)
[3477.965s][debug][gc,phases      ] GC(406) Scavenge 14.777ms
[3477.965s][debug][gc,ref         ] GC(406) Skipped phase1 of Reference Processing due to unavailable references
[3477.965s][debug][gc,ref         ] GC(406) Skipped phase3 of Reference Processing due to unavailable references
[3477.966s][debug][gc,phases      ] GC(406) Reference Processing 0.031ms
[3477.966s][debug][gc,phases      ] GC(406) Weak Processing 0.142ms
[3477.966s][debug][gc,phases      ] GC(406) Scrub String Table 0.453ms
[3477.966s][debug][gc,age         ] GC(406) Desired survivor size 78118912 bytes, new threshold 15 (max threshold 15)
[3477.966s][info ][gc,heap        ] GC(406) PSYoungGen: 1998203K->50986K(1996800K)
[3477.966s][info ][gc,heap        ] GC(406) ParOldGen: 468123K->470168K(480256K)
[3477.966s][info ][gc,metaspace   ] GC(406) Metaspace: 76584K->76584K(1120256K)
[3477.966s][info ][gc             ] GC(406) Pause Young (Allocation Failure) 2408M->508M(2419M) 15.537ms
[3477.966s][info ][gc,cpu         ] GC(406) User=0.06s Sys=0.00s Real=0.01s
[3477.966s][debug][gc,phases      ] GC(407) Pre Compact 0.015ms
[3477.966s][info ][gc,start       ] GC(407) Pause Full (Ergonomics)
[3477.966s][info ][gc,phases,start] GC(407) Marking Phase
[3478.083s][debug][gc,phases      ] GC(407) Par Mark 116.224ms
[3478.084s][debug][gc,phases      ] GC(407) Reference Processing 0.478ms
[3478.084s][debug][gc,phases      ] GC(407) Weak Processing 0.151ms
[3478.084s][debug][gc,phases      ] GC(407) ClassLoaderData 0.652ms
[3478.084s][debug][gc,phases      ] GC(407) ProtectionDomainCacheTable 0.003ms
[3478.085s][debug][gc,phases      ] GC(407) ResolvedMethodTable 0.145ms
[3478.095s][debug][gc,phases      ] GC(407) Class Unloading 11.105ms
[3478.095s][debug][gc,phases      ] GC(407) Scrub String Table 0.534ms
[3478.102s][debug][gc,phases      ] GC(407) Scrub Symbol Table 6.789ms
[3478.102s][info ][gc,phases      ] GC(407) Marking Phase 136.050ms
[3478.102s][info ][gc,phases,start] GC(407) Summary Phase
[3478.102s][info ][gc,phases      ] GC(407) Summary Phase 0.018ms
[3478.102s][info ][gc,phases,start] GC(407) Adjust Roots
[3478.133s][info ][gc,phases      ] GC(407) Adjust Roots 30.320ms
[3478.133s][info ][gc,phases,start] GC(407) Compaction Phase
[3478.260s][info ][gc,phases      ] GC(407) Compaction Phase 127.235ms
[3478.260s][info ][gc,phases,start] GC(407) Post Compact
[3478.262s][info ][gc,phases      ] GC(407) Post Compact 1.590ms
[3478.262s][info ][gc,heap        ] GC(407) PSYoungGen: 50986K->0K(2020864K)
[3478.262s][info ][gc,heap        ] GC(407) ParOldGen: 470168K->449210K(613888K)
[3478.262s][info ][gc,metaspace   ] GC(407) Metaspace: 76584K->76584K(1120256K)
[3478.262s][info ][gc             ] GC(407) Pause Full (Ergonomics) 508M->438M(2573M) 295.651ms
[3478.262s][info ][gc,cpu         ] GC(407) User=1.02s Sys=0.00s Real=0.30s
[3478.262s][info ][safepoint      ] Leaving safepoint region
[3478.262s][info ][safepoint      ] Total time for which application threads were stopped: 0.3114890 seconds, Stopping threads took: 0.0000594 seconds
[3478.262s][info ][safepoint      ] Application time: 0.0001212 seconds
[3478.262s][info ][safepoint      ] Entering safepoint region: RevokeBias
[3478.262s][info ][safepoint      ] Leaving safepoint region
[3478.262s][info ][safepoint      ] Total time for which application threads were stopped: 0.0001660 seconds, Stopping threads took: 0.0000644 seconds
[3483.263s][info ][safepoint      ] Application time: 5.0003763 seconds
[3483.263s][info ][safepoint      ] Entering safepoint region: Cleanup
[3483.263s][info ][safepoint      ] Leaving safepoint region
[3483.263s][info ][safepoint      ] Total time for which application threads were stopped: 0.0001195 seconds, Stopping threads took: 0.0000460 seconds
[3484.263s][info ][safepoint      ] Application time: 1.0000718 seconds
[3484.263s][info ][safepoint      ] Entering safepoint region: Cleanup
[3484.263s][info ][safepoint      ] Leaving safepoint region
[3484.263s][info ][safepoint      ] Total time for which application threads were stopped: 0.0001263 seconds, Stopping threads took: 0.0000370 seconds
[3485.749s][info ][safepoint      ] Application time: 1.4864382 seconds
[3485.750s][info ][safepoint      ] Entering safepoint region: ParallelGCFailedAllocation
[3485.750s][info ][gc,start       ] GC(408) Pause Young (Allocation Failure)
[3485.753s][debug][gc,phases      ] GC(408) Scavenge 3.334ms
[3485.753s][debug][gc,ref         ] GC(408) Skipped phase1 of Reference Processing due to unavailable references
[3485.753s][debug][gc,ref         ] GC(408) Skipped phase2 of Reference Processing due to unavailable references
[3485.753s][debug][gc,ref         ] GC(408) Skipped phase3 of Reference Processing due to unavailable references
[3485.753s][debug][gc,ref         ] GC(408) Skipped phase4 of Reference Processing due to unavailable references
[3485.753s][debug][gc,phases      ] GC(408) Reference Processing 0.030ms
[3485.753s][debug][gc,phases      ] GC(408) Weak Processing 0.153ms
[3485.754s][debug][gc,phases      ] GC(408) Scrub String Table 0.437ms
[3485.754s][debug][gc,age         ] GC(408) Desired survivor size 81264640 bytes, new threshold 15 (max threshold 15)
[3485.754s][info ][gc,heap        ] GC(408) PSYoungGen: 1944576K->2544K(1947136K)
[3485.754s][info ][gc,heap        ] GC(408) ParOldGen: 449210K->449210K(613888K)
[3485.754s][info ][gc,metaspace   ] GC(408) Metaspace: 76584K->76584K(1120256K)
[3485.754s][info ][gc             ] GC(408) Pause Young (Allocation Failure) 2337M->441M(2501M) 4.102ms
[3485.754s][info ][gc,cpu         ] GC(408) User=0.01s Sys=0.00s Real=0.00s
[3485.754s][info ][safepoint      ] Leaving safepoint region
[3485.754s][info ][safepoint      ] Total time for which application threads were stopped: 0.0043028 seconds, Stopping threads took: 0.0000586 seconds
[3487.754s][info ][safepoint      ] Application time: 2.0001210 seconds
[3487.754s][info ][safepoint      ] Entering safepoint region: Cleanup
[3487.754s][info ][safepoint      ] Leaving safepoint region
[3487.754s][info ][safepoint      ] Total time for which application threads were stopped: 0.0001224 seconds, Stopping threads took: 0.0000365 seconds
[3493.449s][info ][safepoint      ] Application time: 5.6952959 seconds
[3493.449s][info ][safepoint      ] Entering safepoint region: ParallelGCFailedAllocation
[3493.450s][info ][gc,start       ] GC(409) Pause Young (Allocation Failure)
[3493.453s][debug][gc,phases      ] GC(409) Scavenge 3.735ms
[3493.453s][debug][gc,ref         ] GC(409) Skipped phase1 of Reference Processing due to unavailable references
[3493.453s][debug][gc,ref         ] GC(409) Skipped phase3 of Reference Processing due to unavailable references
[3493.453s][debug][gc,ref         ] GC(409) Skipped phase4 of Reference Processing due to unavailable references
[3493.453s][debug][gc,phases      ] GC(409) Reference Processing 0.028ms
[3493.454s][debug][gc,phases      ] GC(409) Weak Processing 0.121ms
[3493.454s][debug][gc,phases      ] GC(409) Scrub String Table 0.416ms
[3493.454s][debug][gc,age         ] GC(409) Desired survivor size 82837504 bytes, new threshold 15 (max threshold 15)
[3493.454s][info ][gc,heap        ] GC(409) PSYoungGen: 1947120K->3648K(2014720K)
[3493.454s][info ][gc,heap        ] GC(409) ParOldGen: 449210K->449210K(613888K)
[3493.454s][info ][gc,metaspace   ] GC(409) Metaspace: 76595K->76595K(1120256K)
[3493.454s][info ][gc             ] GC(409) Pause Young (Allocation Failure) 2340M->442M(2567M) 4.426ms
[3493.454s][info ][gc,cpu         ] GC(409) User=0.02s Sys=0.00s Real=0.00s
[3493.454s][info ][safepoint      ] Leaving safepoint region
[3493.454s][info ][safepoint      ] Total time for which application threads were stopped: 0.0046208 seconds, Stopping threads took: 0.0000447 seconds
[3494.454s][info ][safepoint      ] Application time: 1.0000840 seconds
[3494.454s][info ][safepoint      ] Entering safepoint region: Cleanup
[3494.454s][info ][safepoint      ] Leaving safepoint region
[3494.454s][info ][safepoint      ] Total time for which application threads were stopped: 0.0001248 seconds, Stopping threads took: 0.0000537 seconds
[3495.454s][info ][safepoint      ] Application time: 1.0000854 seconds
[3495.454s][info ][safepoint      ] Entering safepoint region: Cleanup
[3495.455s][info ][safepoint      ] Leaving safepoint region
[3495.455s][info ][safepoint      ] Total time for which application threads were stopped: 0.0001169 seconds, Stopping threads took: 0.0000351 seconds
[3496.455s][info ][safepoint      ] Application time: 1.0000797 seconds
[3496.455s][info ][safepoint      ] Entering safepoint region: Cleanup
[3496.455s][info ][safepoint      ] Leaving safepoint region
[3496.455s][info ][safepoint      ] Total time for which application threads were stopped: 0.0001174 seconds, Stopping threads took: 0.0000476 seconds
[3501.455s][info ][safepoint      ] Application time: 5.0003192 seconds
[3501.455s][info ][safepoint      ] Entering safepoint region: Cleanup
[3501.455s][info ][safepoint      ] Leaving safepoint region
[3501.455s][info ][safepoint      ] Total time for which application threads were stopped: 0.0001421 seconds, Stopping threads took: 0.0000570 seconds
[3501.499s][info ][safepoint      ] Application time: 0.0441256 seconds
[3501.499s][info ][safepoint      ] Entering safepoint region: ParallelGCFailedAllocation
[3501.500s][info ][gc,start       ] GC(410) Pause Young (Allocation Failure)
[3501.503s][debug][gc,phases      ] GC(410) Scavenge 3.677ms
[3501.503s][debug][gc,ref         ] GC(410) Skipped phase1 of Reference Processing due to unavailable references
[3501.503s][debug][gc,ref         ] GC(410) Skipped phase2 of Reference Processing due to unavailable references
[3501.503s][debug][gc,ref         ] GC(410) Skipped phase3 of Reference Processing due to unavailable references
[3501.503s][debug][gc,phases      ] GC(410) Reference Processing 0.027ms
[3501.504s][debug][gc,phases      ] GC(410) Weak Processing 0.140ms
[3501.504s][debug][gc,phases      ] GC(410) Scrub String Table 0.456ms
[3501.504s][debug][gc,age         ] GC(410) Desired survivor size 83361792 bytes, new threshold 15 (max threshold 15)
[3501.504s][info ][gc,heap        ] GC(410) PSYoungGen: 1939008K->4624K(1940480K)
[3501.504s][info ][gc,heap        ] GC(410) ParOldGen: 449210K->449210K(613888K)
[3501.504s][info ][gc,metaspace   ] GC(410) Metaspace: 76595K->76595K(1120256K)
[3501.504s][info ][gc             ] GC(410) Pause Young (Allocation Failure) 2332M->443M(2494M) 4.423ms
[3501.504s][info ][gc,cpu         ] GC(410) User=0.01s Sys=0.00s Real=0.00s
[3501.504s][info ][safepoint      ] Leaving safepoint region
[3501.504s][info ][safepoint      ] Total time for which application threads were stopped: 0.0046098 seconds, Stopping threads took: 0.0000359 seconds
[3503.504s][info ][safepoint      ] Application time: 2.0001512 seconds
[3503.504s][info ][safepoint      ] Entering safepoint region: Cleanup
[3503.504s][info ][safepoint      ] Leaving safepoint region
[3503.504s][info ][safepoint      ] Total time for which application threads were stopped: 0.0001112 seconds, Stopping threads took: 0.0000321 seconds
[3504.504s][info ][safepoint      ] Application time: 1.0000772 seconds
[3504.505s][info ][safepoint      ] Entering safepoint region: Cleanup
[3504.505s][info ][safepoint      ] Leaving safepoint region
[3504.505s][info ][safepoint      ] Total time for which application threads were stopped: 0.0001479 seconds, Stopping threads took: 0.0000579 seconds
[3505.505s][info ][safepoint      ] Application time: 1.0000778 seconds
[3505.505s][info ][safepoint      ] Entering safepoint region: Cleanup
[3505.505s][info ][safepoint      ] Leaving safepoint region
[3505.505s][info ][safepoint      ] Total time for which application threads were stopped: 0.0001623 seconds, Stopping threads took: 0.0000611 seconds
[3506.505s][info ][safepoint      ] Application time: 1.0000792 seconds
[3506.505s][info ][safepoint      ] Entering safepoint region: Cleanup
[3506.505s][info ][safepoint      ] Leaving safepoint region
[3506.505s][info ][safepoint      ] Total time for which application threads were stopped: 0.0001647 seconds, Stopping threads took: 0.0000440 seconds
[3507.505s][info ][safepoint      ] Application time: 1.0000745 seconds
[3507.505s][info ][safepoint      ] Entering safepoint region: Cleanup
[3507.505s][info ][safepoint      ] Leaving safepoint region
[3507.505s][info ][safepoint      ] Total time for which application threads were stopped: 0.0001372 seconds, Stopping threads took: 0.0000427 seconds
[3509.506s][info ][safepoint      ] Application time: 2.0001497 seconds
[3509.506s][info ][safepoint      ] Entering safepoint region: Cleanup
[3509.506s][info ][safepoint      ] Leaving safepoint region
[3509.506s][info ][safepoint      ] Total time for which application threads were stopped: 0.0002098 seconds, Stopping threads took: 0.0000719 seconds
[3509.820s][info ][safepoint      ] Application time: 0.3138531 seconds
[3509.820s][info ][safepoint      ] Entering safepoint region: ParallelGCFailedAllocation
[3509.820s][info ][gc,start       ] GC(411) Pause Young (Allocation Failure)
[3509.825s][debug][gc,phases      ] GC(411) Scavenge 4.958ms
[3509.825s][debug][gc,ref         ] GC(411) Skipped phase1 of Reference Processing due to unavailable references
[3509.825s][debug][gc,ref         ] GC(411) Skipped phase2 of Reference Processing due to unavailable references
[3509.825s][debug][gc,ref         ] GC(411) Skipped phase3 of Reference Processing due to unavailable references
[3509.825s][debug][gc,phases      ] GC(411) Reference Processing 0.059ms
[3509.825s][debug][gc,phases      ] GC(411) Weak Processing 0.153ms
[3509.826s][debug][gc,phases      ] GC(411) Scrub String Table 0.514ms
[3509.826s][debug][gc,age         ] GC(411) Desired survivor size 82313216 bytes, new threshold 15 (max threshold 15)
[3509.826s][info ][gc,heap        ] GC(411) PSYoungGen: 1939984K->5840K(2016768K)
[3509.826s][info ][gc,heap        ] GC(411) ParOldGen: 449210K->449210K(613888K)
[3509.826s][info ][gc,metaspace   ] GC(411) Metaspace: 76622K->76622K(1120256K)
[3509.826s][info ][gc             ] GC(411) Pause Young (Allocation Failure) 2333M->444M(2569M) 5.823ms
[3509.826s][info ][gc,cpu         ] GC(411) User=0.02s Sys=0.00s Real=0.00s
[3509.826s][info ][safepoint      ] Leaving safepoint region
[3509.826s][info ][safepoint      ] Total time for which application threads were stopped: 0.0060014 seconds, Stopping threads took: 0.0000138 seconds
[3513.826s][info ][safepoint      ] Application time: 4.0002704 seconds
[3513.826s][info ][safepoint      ] Entering safepoint region: Cleanup
[3513.826s][info ][safepoint      ] Leaving safepoint region
[3513.826s][info ][safepoint      ] Total time for which application threads were stopped: 0.0001484 seconds, Stopping threads took: 0.0000392 seconds
[3514.826s][info ][safepoint      ] Application time: 1.0001338 seconds
[3514.826s][info ][safepoint      ] Entering safepoint region: Cleanup
[3514.827s][info ][safepoint      ] Leaving safepoint region
[3514.827s][info ][safepoint      ] Total time for which application threads were stopped: 0.0001093 seconds, Stopping threads took: 0.0000327 seconds
[3515.827s][info ][safepoint      ] Application time: 1.0001112 seconds
[3515.827s][info ][safepoint      ] Entering safepoint region: Cleanup
[3515.827s][info ][safepoint      ] Leaving safepoint region
[3515.827s][info ][safepoint      ] Total time for which application threads were stopped: 0.0001361 seconds, Stopping threads took: 0.0000402 seconds
[3516.827s][info ][safepoint      ] Application time: 1.0000783 seconds
[3516.827s][info ][safepoint      ] Entering safepoint region: Cleanup
[3516.827s][info ][safepoint      ] Leaving safepoint region
[3516.827s][info ][safepoint      ] Total time for which application threads were stopped: 0.0001208 seconds, Stopping threads took: 0.0000379 seconds
[3517.827s][info ][safepoint      ] Application time: 1.0000732 seconds
[3517.827s][info ][safepoint      ] Entering safepoint region: Cleanup
[3517.827s][info ][safepoint      ] Leaving safepoint region
[3517.827s][info ][safepoint      ] Total time for which application threads were stopped: 0.0001083 seconds, Stopping threads took: 0.0000357 seconds
[3518.050s][info ][safepoint      ] Application time: 0.2224774 seconds
[3518.050s][info ][safepoint      ] Entering safepoint region: ParallelGCFailedAllocation
[3518.050s][info ][gc,start       ] GC(412) Pause Young (Allocation Failure)
[3518.055s][debug][gc,phases      ] GC(412) Scavenge 5.282ms
[3518.055s][debug][gc,ref         ] GC(412) Skipped phase1 of Reference Processing due to unavailable references
[3518.055s][debug][gc,ref         ] GC(412) Skipped phase2 of Reference Processing due to unavailable references
[3518.055s][debug][gc,ref         ] GC(412) Skipped phase3 of Reference Processing due to unavailable references
[3518.055s][debug][gc,phases      ] GC(412) Reference Processing 0.029ms
[3518.056s][debug][gc,phases      ] GC(412) Weak Processing 0.139ms
[3518.056s][debug][gc,phases      ] GC(412) Scrub String Table 0.450ms
[3518.056s][debug][gc,age         ] GC(412) Desired survivor size 80740352 bytes, new threshold 15 (max threshold 15)
[3518.056s][info ][gc,heap        ] GC(412) PSYoungGen: 1941200K->7152K(2015744K)
[3518.056s][info ][gc,heap        ] GC(412) ParOldGen: 449210K->449210K(613888K)
[3518.056s][info ][gc,metaspace   ] GC(412) Metaspace: 76635K->76635K(1120256K)
[3518.056s][info ][gc             ] GC(412) Pause Young (Allocation Failure) 2334M->445M(2568M) 6.053ms
[3518.056s][info ][gc,cpu         ] GC(412) User=0.02s Sys=0.00s Real=0.00s
[3518.056s][info ][safepoint      ] Leaving safepoint region
[3518.056s][info ][safepoint      ] Total time for which application threads were stopped: 0.0062703 seconds, Stopping threads took: 0.0000334 seconds
[3519.056s][info ][safepoint      ] Application time: 1.0000845 seconds
[3519.056s][info ][safepoint      ] Entering safepoint region: Cleanup
[3519.056s][info ][safepoint      ] Leaving safepoint region
[3519.056s][info ][safepoint      ] Total time for which application threads were stopped: 0.0001468 seconds, Stopping threads took: 0.0000342 seconds
[3520.057s][info ][safepoint      ] Application time: 1.0000866 seconds
[3520.057s][info ][safepoint      ] Entering safepoint region: Cleanup
[3520.057s][info ][safepoint      ] Leaving safepoint region
[3520.057s][info ][safepoint      ] Total time for which application threads were stopped: 0.0001423 seconds, Stopping threads took: 0.0000401 seconds
[3521.057s][info ][safepoint      ] Application time: 1.0000807 seconds
[3521.057s][info ][safepoint      ] Entering safepoint region: Cleanup
[3521.057s][info ][safepoint      ] Leaving safepoint region
[3521.057s][info ][safepoint      ] Total time for which application threads were stopped: 0.0001438 seconds, Stopping threads took: 0.0000505 seconds
[3524.057s][info ][safepoint      ] Application time: 3.0002663 seconds
[3524.057s][info ][safepoint      ] Entering safepoint region: Cleanup
[3524.057s][info ][safepoint      ] Leaving safepoint region
[3524.057s][info ][safepoint      ] Total time for which application threads were stopped: 0.0001238 seconds, Stopping threads took: 0.0000469 seconds
[3525.058s][info ][safepoint      ] Application time: 1.0000742 seconds
[3525.058s][info ][safepoint      ] Entering safepoint region: Cleanup
[3525.058s][info ][safepoint      ] Leaving safepoint region
[3525.058s][info ][safepoint      ] Total time for which application threads were stopped: 0.0001154 seconds, Stopping threads took: 0.0000348 seconds
[3526.324s][info ][safepoint      ] Application time: 1.2659423 seconds
[3526.324s][info ][safepoint      ] Entering safepoint region: ParallelGCFailedAllocation
[3526.324s][info ][gc,start       ] GC(413) Pause Young (Allocation Failure)
[3526.329s][debug][gc,phases      ] GC(413) Scavenge 5.233ms
[3526.329s][debug][gc,ref         ] GC(413) Skipped phase1 of Reference Processing due to unavailable references
[3526.329s][debug][gc,ref         ] GC(413) Skipped phase2 of Reference Processing due to unavailable references
[3526.329s][debug][gc,ref         ] GC(413) Skipped phase3 of Reference Processing due to unavailable references
[3526.329s][debug][gc,phases      ] GC(413) Reference Processing 0.027ms
[3526.329s][debug][gc,phases      ] GC(413) Weak Processing 0.136ms
[3526.330s][debug][gc,phases      ] GC(413) Scrub String Table 0.438ms
[3526.330s][debug][gc,age         ] GC(413) Desired survivor size 78643200 bytes, new threshold 15 (max threshold 15)
[3526.330s][info ][gc,heap        ] GC(413) PSYoungGen: 1942512K->9376K(2020352K)
[3526.330s][info ][gc,heap        ] GC(413) ParOldGen: 449210K->449210K(613888K)
[3526.330s][info ][gc,metaspace   ] GC(413) Metaspace: 76645K->76645K(1120256K)
[3526.330s][info ][gc             ] GC(413) Pause Young (Allocation Failure) 2335M->447M(2572M) 5.960ms
[3526.330s][info ][gc,cpu         ] GC(413) User=0.02s Sys=0.00s Real=0.01s
[3526.330s][info ][safepoint      ] Leaving safepoint region
[3526.330s][info ][safepoint      ] Total time for which application threads were stopped: 0.0061280 seconds, Stopping threads took: 0.0000126 seconds
[3526.637s][info ][safepoint      ] Application time: 0.3072332 seconds
[3526.637s][info ][safepoint      ] Entering safepoint region: RevokeBias
[3526.637s][info ][safepoint      ] Leaving safepoint region
[3526.637s][info ][safepoint      ] Total time for which application threads were stopped: 0.0000948 seconds, Stopping threads took: 0.0000126 seconds
[3527.637s][info ][safepoint      ] Application time: 1.0000406 seconds
[3527.637s][info ][safepoint      ] Entering safepoint region: Cleanup
[3527.637s][info ][safepoint      ] Leaving safepoint region
[3527.637s][info ][safepoint      ] Total time for which application threads were stopped: 0.0000847 seconds, Stopping threads took: 0.0000145 seconds
[3529.638s][info ][safepoint      ] Application time: 2.0002890 seconds
[3529.638s][info ][safepoint      ] Entering safepoint region: Cleanup
[3529.638s][info ][safepoint      ] Leaving safepoint region
[3529.638s][info ][safepoint      ] Total time for which application threads were stopped: 0.0001037 seconds, Stopping threads took: 0.0000228 seconds
[3530.638s][info ][safepoint      ] Application time: 1.0000702 seconds
[3530.638s][info ][safepoint      ] Entering safepoint region: Cleanup
[3530.638s][info ][safepoint      ] Leaving safepoint region
[3530.638s][info ][safepoint      ] Total time for which application threads were stopped: 0.0000950 seconds, Stopping threads took: 0.0000143 seconds
[3531.638s][info ][safepoint      ] Application time: 1.0000725 seconds
[3531.638s][info ][safepoint      ] Entering safepoint region: Cleanup
[3531.638s][info ][safepoint      ] Leaving safepoint region
[3531.638s][info ][safepoint      ] Total time for which application threads were stopped: 0.0000877 seconds, Stopping threads took: 0.0000124 seconds
[3532.638s][info ][safepoint      ] Application time: 1.0000732 seconds
[3532.638s][info ][safepoint      ] Entering safepoint region: Cleanup
[3532.638s][info ][safepoint      ] Leaving safepoint region
[3532.638s][info ][safepoint      ] Total time for which application threads were stopped: 0.0000862 seconds, Stopping threads took: 0.0000144 seconds
[3533.638s][info ][safepoint      ] Application time: 1.0000705 seconds
[3533.639s][info ][safepoint      ] Entering safepoint region: Cleanup
[3533.639s][info ][safepoint      ] Leaving safepoint region
[3533.639s][info ][safepoint      ] Total time for which application threads were stopped: 0.0000767 seconds, Stopping threads took: 0.0000156 seconds
[3534.499s][info ][safepoint      ] Application time: 0.8608197 seconds
[3534.499s][info ][safepoint      ] Entering safepoint region: ParallelGCFailedAllocation
[3534.500s][info ][gc,start       ] GC(414) Pause Young (Allocation Failure)
[3534.505s][debug][gc,phases      ] GC(414) Scavenge 5.457ms
[3534.505s][debug][gc,ref         ] GC(414) Skipped phase1 of Reference Processing due to unavailable references
[3534.505s][debug][gc,ref         ] GC(414) Skipped phase2 of Reference Processing due to unavailable references
[3534.505s][debug][gc,ref         ] GC(414) Skipped phase3 of Reference Processing due to unavailable references
[3534.505s][debug][gc,phases      ] GC(414) Reference Processing 0.027ms
[3534.505s][debug][gc,phases      ] GC(414) Weak Processing 0.124ms
[3534.506s][debug][gc,phases      ] GC(414) Scrub String Table 0.441ms
[3534.506s][debug][gc,age         ] GC(414) Desired survivor size 75497472 bytes, new threshold 15 (max threshold 15)
[3534.506s][info ][gc,heap        ] GC(414) PSYoungGen: 1950880K->11664K(2018304K)
[3534.506s][info ][gc,heap        ] GC(414) ParOldGen: 449210K->449210K(613888K)
[3534.506s][info ][gc,metaspace   ] GC(414) Metaspace: 76656K->76656K(1120256K)
[3534.506s][info ][gc             ] GC(414) Pause Young (Allocation Failure) 2343M->450M(2570M) 6.181ms
[3534.506s][info ][gc,cpu         ] GC(414) User=0.02s Sys=0.00s Real=0.00s
[3534.506s][info ][safepoint      ] Leaving safepoint region
[3534.506s][info ][safepoint      ] Total time for which application threads were stopped: 0.0063765 seconds, Stopping threads took: 0.0000390 seconds
[3536.506s][info ][safepoint      ] Application time: 2.0001550 seconds
[3536.506s][info ][safepoint      ] Entering safepoint region: Cleanup
[3536.506s][info ][safepoint      ] Leaving safepoint region
[3536.506s][info ][safepoint      ] Total time for which application threads were stopped: 0.0001261 seconds, Stopping threads took: 0.0000402 seconds
[3538.506s][info ][safepoint      ] Application time: 2.0001510 seconds
[3538.506s][info ][safepoint      ] Entering safepoint region: Cleanup
[3538.506s][info ][safepoint      ] Leaving safepoint region
[3538.506s][info ][safepoint      ] Total time for which application threads were stopped: 0.0001479 seconds, Stopping threads took: 0.0000529 seconds
[3540.517s][info ][safepoint      ] Application time: 2.0104145 seconds
[3540.517s][info ][safepoint      ] Entering safepoint region: Cleanup
[3540.517s][info ][safepoint      ] Leaving safepoint region
[3540.517s][info ][safepoint      ] Total time for which application threads were stopped: 0.0001557 seconds, Stopping threads took: 0.0000688 seconds
[3542.517s][info ][safepoint      ] Application time: 2.0001464 seconds
[3542.517s][info ][safepoint      ] Entering safepoint region: Cleanup
[3542.517s][info ][safepoint      ] Leaving safepoint region
[3542.517s][info ][safepoint      ] Total time for which application threads were stopped: 0.0001497 seconds, Stopping threads took: 0.0000571 seconds
[3542.802s][info ][safepoint      ] Application time: 0.2844270 seconds
[3542.802s][info ][safepoint      ] Entering safepoint region: ParallelGCFailedAllocation
[3542.802s][info ][gc,start       ] GC(415) Pause Young (Allocation Failure)
[3542.817s][debug][gc,phases      ] GC(415) Scavenge 14.792ms
[3542.817s][debug][gc,ref         ] GC(415) Skipped phase1 of Reference Processing due to unavailable references
[3542.817s][debug][gc,ref         ] GC(415) Skipped phase2 of Reference Processing due to unavailable references
[3542.817s][debug][gc,ref         ] GC(415) Skipped phase3 of Reference Processing due to unavailable references
[3542.817s][debug][gc,phases      ] GC(415) Reference Processing 0.035ms
[3542.817s][debug][gc,phases      ] GC(415) Weak Processing 0.186ms
[3542.818s][debug][gc,phases      ] GC(415) Scrub String Table 0.529ms
[3542.818s][debug][gc,age         ] GC(415) Desired survivor size 71827456 bytes, new threshold 15 (max threshold 15)
[3542.818s][info ][gc,heap        ] GC(415) PSYoungGen: 1953168K->13088K(2027008K)
[3542.818s][info ][gc,heap        ] GC(415) ParOldGen: 449210K->449210K(613888K)
[3542.818s][info ][gc,metaspace   ] GC(415) Metaspace: 76656K->76656K(1120256K)
[3542.818s][info ][gc             ] GC(415) Pause Young (Allocation Failure) 2346M->451M(2579M) 15.667ms
[3542.818s][info ][gc,cpu         ] GC(415) User=0.04s Sys=0.00s Real=0.02s
[3542.818s][info ][safepoint      ] Leaving safepoint region
[3542.818s][info ][safepoint      ] Total time for which application threads were stopped: 0.0158932 seconds, Stopping threads took: 0.0000341 seconds
[3543.818s][info ][safepoint      ] Application time: 1.0000836 seconds
[3543.818s][info ][safepoint      ] Entering safepoint region: Cleanup
[3543.818s][info ][safepoint      ] Leaving safepoint region
[3543.818s][info ][safepoint      ] Total time for which application threads were stopped: 0.0001112 seconds, Stopping threads took: 0.0000353 seconds
[3549.818s][info ][safepoint      ] Application time: 6.0004412 seconds
[3549.819s][info ][safepoint      ] Entering safepoint region: Cleanup
[3549.819s][info ][safepoint      ] Leaving safepoint region
[3549.819s][info ][safepoint      ] Total time for which application threads were stopped: 0.0001103 seconds, Stopping threads took: 0.0000440 seconds
[3550.819s][info ][safepoint      ] Application time: 1.0000788 seconds
[3550.819s][info ][safepoint      ] Entering safepoint region: Cleanup
[3550.819s][info ][safepoint      ] Leaving safepoint region
[3550.819s][info ][safepoint      ] Total time for which application threads were stopped: 0.0001274 seconds, Stopping threads took: 0.0000434 seconds
[3551.476s][info ][safepoint      ] Application time: 0.6569017 seconds
[3551.476s][info ][safepoint      ] Entering safepoint region: ParallelGCFailedAllocation
[3551.476s][info ][gc,start       ] GC(416) Pause Young (Allocation Failure)
[3551.483s][debug][gc,phases      ] GC(416) Scavenge 6.974ms
[3551.483s][debug][gc,ref         ] GC(416) Skipped phase1 of Reference Processing due to unavailable references
[3551.483s][debug][gc,ref         ] GC(416) Skipped phase2 of Reference Processing due to unavailable references
[3551.483s][debug][gc,ref         ] GC(416) Skipped phase3 of Reference Processing due to unavailable references
[3551.483s][debug][gc,phases      ] GC(416) Reference Processing 0.061ms
[3551.483s][debug][gc,phases      ] GC(416) Weak Processing 0.118ms
[3551.484s][debug][gc,phases      ] GC(416) Scrub String Table 0.428ms
[3551.484s][debug][gc,age         ] GC(416) Desired survivor size 68681728 bytes, new threshold 15 (max threshold 15)
[3551.484s][info ][gc,heap        ] GC(416) PSYoungGen: 1966368K->13920K(2023424K)
[3551.484s][info ][gc,heap        ] GC(416) ParOldGen: 449210K->449210K(613888K)
[3551.484s][info ][gc,metaspace   ] GC(416) Metaspace: 76666K->76666K(1120256K)
[3551.484s][info ][gc             ] GC(416) Pause Young (Allocation Failure) 2358M->452M(2575M) 7.720ms
[3551.484s][info ][gc,cpu         ] GC(416) User=0.03s Sys=0.00s Real=0.01s
[3551.484s][info ][safepoint      ] Leaving safepoint region
[3551.484s][info ][safepoint      ] Total time for which application threads were stopped: 0.0079074 seconds, Stopping threads took: 0.0000195 seconds
[3552.484s][info ][safepoint      ] Application time: 1.0000758 seconds
[3552.484s][info ][safepoint      ] Entering safepoint region: Cleanup
[3552.484s][info ][safepoint      ] Leaving safepoint region
[3552.484s][info ][safepoint      ] Total time for which application threads were stopped: 0.0000792 seconds, Stopping threads took: 0.0000143 seconds
[3553.484s][info ][safepoint      ] Application time: 1.0000712 seconds
[3553.484s][info ][safepoint      ] Entering safepoint region: Cleanup
[3553.484s][info ][safepoint      ] Leaving safepoint region
[3553.484s][info ][safepoint      ] Total time for which application threads were stopped: 0.0001092 seconds, Stopping threads took: 0.0000417 seconds
[3556.484s][info ][safepoint      ] Application time: 3.0002294 seconds
[3556.484s][info ][safepoint      ] Entering safepoint region: Cleanup
[3556.484s][info ][safepoint      ] Leaving safepoint region
[3556.484s][info ][safepoint      ] Total time for which application threads were stopped: 0.0000746 seconds, Stopping threads took: 0.0000140 seconds
[3557.485s][info ][safepoint      ] Application time: 1.0000654 seconds
[3557.485s][info ][safepoint      ] Entering safepoint region: Cleanup
[3557.485s][info ][safepoint      ] Leaving safepoint region
[3557.485s][info ][safepoint      ] Total time for which application threads were stopped: 0.0001151 seconds, Stopping threads took: 0.0000449 seconds
[3559.485s][info ][safepoint      ] Application time: 2.0001270 seconds
[3559.485s][info ][safepoint      ] Entering safepoint region: Cleanup
[3559.485s][info ][safepoint      ] Leaving safepoint region
[3559.485s][info ][safepoint      ] Total time for which application threads were stopped: 0.0000861 seconds, Stopping threads took: 0.0000139 seconds
[3560.323s][info ][safepoint      ] Application time: 0.8384562 seconds
[3560.323s][info ][safepoint      ] Entering safepoint region: ParallelGCFailedAllocation
[3560.324s][info ][gc,start       ] GC(417) Pause Young (Allocation Failure)
[3560.330s][debug][gc,phases      ] GC(417) Scavenge 6.171ms
[3560.330s][debug][gc,ref         ] GC(417) Skipped phase1 of Reference Processing due to unavailable references
[3560.330s][debug][gc,ref         ] GC(417) Skipped phase2 of Reference Processing due to unavailable references
[3560.330s][debug][gc,ref         ] GC(417) Skipped phase3 of Reference Processing due to unavailable references
[3560.330s][debug][gc,phases      ] GC(417) Reference Processing 0.027ms
[3560.330s][debug][gc,phases      ] GC(417) Weak Processing 0.136ms
[3560.330s][debug][gc,phases      ] GC(417) Scrub String Table 0.434ms
[3560.330s][debug][gc,age         ] GC(417) Desired survivor size 65011712 bytes, new threshold 15 (max threshold 15)
[3560.330s][info ][gc,heap        ] GC(417) PSYoungGen: 1967200K->14240K(2033664K)
[3560.330s][info ][gc,heap        ] GC(417) ParOldGen: 449210K->449210K(613888K)
[3560.330s][info ][gc,metaspace   ] GC(417) Metaspace: 76666K->76666K(1120256K)
[3560.330s][info ][gc             ] GC(417) Pause Young (Allocation Failure) 2359M->452M(2585M) 6.909ms
[3560.330s][info ][gc,cpu         ] GC(417) User=0.03s Sys=0.00s Real=0.01s
[3560.331s][info ][safepoint      ] Leaving safepoint region
[3560.331s][info ][safepoint      ] Total time for which application threads were stopped: 0.0070821 seconds, Stopping threads took: 0.0000197 seconds
[3561.331s][info ][safepoint      ] Application time: 1.0000749 seconds
[3561.331s][info ][safepoint      ] Entering safepoint region: Cleanup
[3561.331s][info ][safepoint      ] Leaving safepoint region
[3561.331s][info ][safepoint      ] Total time for which application threads were stopped: 0.0000973 seconds, Stopping threads took: 0.0000311 seconds
[3565.331s][info ][safepoint      ] Application time: 4.0002635 seconds
[3565.331s][info ][safepoint      ] Entering safepoint region: Cleanup
[3565.331s][info ][safepoint      ] Leaving safepoint region
[3565.331s][info ][safepoint      ] Total time for which application threads were stopped: 0.0000758 seconds, Stopping threads took: 0.0000141 seconds
[3566.331s][info ][safepoint      ] Application time: 1.0000745 seconds
[3566.331s][info ][safepoint      ] Entering safepoint region: Cleanup
[3566.331s][info ][safepoint      ] Leaving safepoint region
[3566.331s][info ][safepoint      ] Total time for which application threads were stopped: 0.0000839 seconds, Stopping threads took: 0.0000185 seconds
[3569.000s][info ][safepoint      ] Application time: 2.6681723 seconds
[3569.000s][info ][safepoint      ] Entering safepoint region: ParallelGCFailedAllocation
[3569.000s][info ][gc,start       ] GC(418) Pause Young (Allocation Failure)
[3569.008s][debug][gc,phases      ] GC(418) Scavenge 8.002ms
[3569.008s][debug][gc,ref         ] GC(418) Skipped phase1 of Reference Processing due to unavailable references
[3569.008s][debug][gc,ref         ] GC(418) Skipped phase2 of Reference Processing due to unavailable references
[3569.008s][debug][gc,ref         ] GC(418) Skipped phase3 of Reference Processing due to unavailable references
[3569.008s][debug][gc,phases      ] GC(418) Reference Processing 0.027ms
[3569.008s][debug][gc,phases      ] GC(418) Weak Processing 0.138ms
[3569.008s][debug][gc,phases      ] GC(418) Scrub String Table 0.425ms
[3569.008s][debug][gc,age         ] GC(418) Desired survivor size 61865984 bytes, new threshold 15 (max threshold 15)
[3569.008s][info ][gc,heap        ] GC(418) PSYoungGen: 1980832K->16320K(2030080K)
[3569.008s][info ][gc,heap        ] GC(418) ParOldGen: 449210K->449210K(613888K)
[3569.008s][info ][gc,metaspace   ] GC(418) Metaspace: 76670K->76670K(1120256K)
[3569.008s][info ][gc             ] GC(418) Pause Young (Allocation Failure) 2373M->454M(2582M) 8.712ms
[3569.008s][info ][gc,cpu         ] GC(418) User=0.04s Sys=0.00s Real=0.00s
[3569.008s][info ][safepoint      ] Leaving safepoint region
[3569.008s][info ][safepoint      ] Total time for which application threads were stopped: 0.0089402 seconds, Stopping threads took: 0.0000689 seconds
[3578.200s][info ][safepoint      ] Application time: 9.1918296 seconds
[3578.200s][info ][safepoint      ] Entering safepoint region: ParallelGCFailedAllocation
[3578.200s][info ][gc,start       ] GC(419) Pause Young (Allocation Failure)
[3578.208s][debug][gc,phases      ] GC(419) Scavenge 7.323ms
[3578.208s][debug][gc,ref         ] GC(419) Skipped phase1 of Reference Processing due to unavailable references
[3578.208s][debug][gc,ref         ] GC(419) Skipped phase2 of Reference Processing due to unavailable references
[3578.208s][debug][gc,ref         ] GC(419) Skipped phase3 of Reference Processing due to unavailable references
[3578.208s][debug][gc,phases      ] GC(419) Reference Processing 0.035ms
[3578.208s][debug][gc,phases      ] GC(419) Weak Processing 0.160ms
[3578.209s][debug][gc,phases      ] GC(419) Scrub String Table 0.562ms
[3578.209s][debug][gc,age         ] GC(419) Desired survivor size 58195968 bytes, new threshold 15 (max threshold 15)
[3578.209s][info ][gc,heap        ] GC(419) PSYoungGen: 1982912K->16752K(2040320K)
[3578.209s][info ][gc,heap        ] GC(419) ParOldGen: 449210K->449210K(613888K)
[3578.209s][info ][gc,metaspace   ] GC(419) Metaspace: 76670K->76670K(1120256K)
[3578.209s][info ][gc             ] GC(419) Pause Young (Allocation Failure) 2375M->455M(2592M) 8.246ms
[3578.209s][info ][gc,cpu         ] GC(419) User=0.03s Sys=0.00s Real=0.00s
[3578.209s][info ][safepoint      ] Leaving safepoint region
[3578.209s][info ][safepoint      ] Total time for which application threads were stopped: 0.0084350 seconds, Stopping threads took: 0.0000326 seconds
[3580.209s][info ][safepoint      ] Application time: 2.0001495 seconds
[3580.209s][info ][safepoint      ] Entering safepoint region: Cleanup
[3580.209s][info ][safepoint      ] Leaving safepoint region
[3580.209s][info ][safepoint      ] Total time for which application threads were stopped: 0.0001176 seconds, Stopping threads took: 0.0000459 seconds
[3585.209s][info ][safepoint      ] Application time: 5.0003492 seconds
[3585.210s][info ][safepoint      ] Entering safepoint region: Cleanup
[3585.210s][info ][safepoint      ] Leaving safepoint region
[3585.210s][info ][safepoint      ] Total time for which application threads were stopped: 0.0001195 seconds, Stopping threads took: 0.0000458 seconds
[3587.751s][info ][safepoint      ] Application time: 2.5411589 seconds
[3587.751s][info ][safepoint      ] Entering safepoint region: ParallelGCFailedAllocation
[3587.751s][info ][gc,start       ] GC(420) Pause Young (Allocation Failure)
[3587.762s][debug][gc,phases      ] GC(420) Scavenge 10.930ms
[3587.762s][debug][gc,ref         ] GC(420) Skipped phase1 of Reference Processing due to unavailable references
[3587.762s][debug][gc,ref         ] GC(420) Skipped phase2 of Reference Processing due to unavailable references
[3587.762s][debug][gc,ref         ] GC(420) Skipped phase3 of Reference Processing due to unavailable references
[3587.762s][debug][gc,phases      ] GC(420) Reference Processing 0.027ms
[3587.762s][debug][gc,phases      ] GC(420) Weak Processing 0.147ms
[3587.763s][debug][gc,phases      ] GC(420) Scrub String Table 0.489ms
[3587.763s][debug][gc,age         ] GC(420) Desired survivor size 55050240 bytes, new threshold 15 (max threshold 15)
[3587.763s][info ][gc,heap        ] GC(420) PSYoungGen: 1996656K->16640K(2036736K)
[3587.763s][info ][gc,heap        ] GC(420) ParOldGen: 449210K->449210K(613888K)
[3587.763s][info ][gc,metaspace   ] GC(420) Metaspace: 76675K->76675K(1120256K)
[3587.763s][info ][gc             ] GC(420) Pause Young (Allocation Failure) 2388M->454M(2588M) 11.741ms
[3587.763s][info ][gc,cpu         ] GC(420) User=0.04s Sys=0.00s Real=0.01s
[3587.763s][info ][safepoint      ] Leaving safepoint region
[3587.763s][info ][safepoint      ] Total time for which application threads were stopped: 0.0119775 seconds, Stopping threads took: 0.0000642 seconds
[3588.763s][info ][safepoint      ] Application time: 1.0001033 seconds
[3588.763s][info ][safepoint      ] Entering safepoint region: Cleanup
[3588.763s][info ][safepoint      ] Leaving safepoint region
[3588.763s][info ][safepoint      ] Total time for which application threads were stopped: 0.0001382 seconds, Stopping threads took: 0.0000459 seconds
[3592.763s][info ][safepoint      ] Application time: 4.0003118 seconds
[3592.763s][info ][safepoint      ] Entering safepoint region: Cleanup
[3592.764s][info ][safepoint      ] Leaving safepoint region
[3592.764s][info ][safepoint      ] Total time for which application threads were stopped: 0.0001309 seconds, Stopping threads took: 0.0000405 seconds
[3593.764s][info ][safepoint      ] Application time: 1.0000771 seconds
[3593.764s][info ][safepoint      ] Entering safepoint region: Cleanup
[3593.764s][info ][safepoint      ] Leaving safepoint region
[3593.764s][info ][safepoint      ] Total time for which application threads were stopped: 0.0001085 seconds, Stopping threads took: 0.0000326 seconds
[3595.764s][info ][safepoint      ] Application time: 2.0001561 seconds
[3595.764s][info ][safepoint      ] Entering safepoint region: Cleanup
[3595.764s][info ][safepoint      ] Leaving safepoint region
[3595.764s][info ][safepoint      ] Total time for which application threads were stopped: 0.0001067 seconds, Stopping threads took: 0.0000344 seconds
[3597.351s][info ][safepoint      ] Application time: 1.5865802 seconds
[3597.351s][info ][safepoint      ] Entering safepoint region: ParallelGCFailedAllocation
[3597.351s][info ][gc,start       ] GC(421) Pause Young (Allocation Failure)
[3597.364s][debug][gc,phases      ] GC(421) Scavenge 12.662ms
[3597.364s][debug][gc,ref         ] GC(421) Skipped phase1 of Reference Processing due to unavailable references
[3597.364s][debug][gc,ref         ] GC(421) Skipped phase2 of Reference Processing due to unavailable references
[3597.364s][debug][gc,ref         ] GC(421) Skipped phase3 of Reference Processing due to unavailable references
[3597.364s][debug][gc,phases      ] GC(421) Reference Processing 0.034ms
[3597.364s][debug][gc,phases      ] GC(421) Weak Processing 0.159ms
[3597.364s][debug][gc,phases      ] GC(421) Scrub String Table 0.504ms
[3597.364s][debug][gc,age         ] GC(421) Desired survivor size 51904512 bytes, new threshold 15 (max threshold 15)
[3597.364s][info ][gc,heap        ] GC(421) PSYoungGen: 1996544K->16816K(2046464K)
[3597.364s][info ][gc,heap        ] GC(421) ParOldGen: 449210K->449210K(613888K)
[3597.364s][info ][gc,metaspace   ] GC(421) Metaspace: 76679K->76679K(1120256K)
[3597.364s][info ][gc             ] GC(421) Pause Young (Allocation Failure) 2388M->455M(2598M) 13.518ms
[3597.364s][info ][gc,cpu         ] GC(421) User=0.04s Sys=0.00s Real=0.01s
[3597.364s][info ][safepoint      ] Leaving safepoint region
[3597.364s][info ][safepoint      ] Total time for which application threads were stopped: 0.0137750 seconds, Stopping threads took: 0.0000629 seconds
[3600.365s][info ][safepoint      ] Application time: 3.0002872 seconds
[3600.365s][info ][safepoint      ] Entering safepoint region: Cleanup
[3600.365s][info ][safepoint      ] Leaving safepoint region
[3600.365s][info ][safepoint      ] Total time for which application threads were stopped: 0.0001224 seconds, Stopping threads took: 0.0000346 seconds
[3601.365s][info ][safepoint      ] Application time: 1.0000875 seconds
[3601.365s][info ][safepoint      ] Entering safepoint region: Cleanup
[3601.365s][info ][safepoint      ] Leaving safepoint region
[3601.365s][info ][safepoint      ] Total time for which application threads were stopped: 0.0001928 seconds, Stopping threads took: 0.0000902 seconds
[3605.373s][info ][safepoint      ] Application time: 4.0078388 seconds
[3605.373s][info ][safepoint      ] Entering safepoint region: Cleanup
[3605.373s][info ][safepoint      ] Leaving safepoint region
[3605.373s][info ][safepoint      ] Total time for which application threads were stopped: 0.0001471 seconds, Stopping threads took: 0.0000497 seconds
[3606.373s][info ][safepoint      ] Application time: 1.0000866 seconds
[3606.374s][info ][safepoint      ] Entering safepoint region: Cleanup
[3606.374s][info ][safepoint      ] Leaving safepoint region
[3606.374s][info ][safepoint      ] Total time for which application threads were stopped: 0.0001097 seconds, Stopping threads took: 0.0000350 seconds
[3606.900s][info ][safepoint      ] Application time: 0.5269003 seconds
[3606.901s][info ][safepoint      ] Entering safepoint region: ParallelGCFailedAllocation
[3606.901s][info ][gc,start       ] GC(422) Pause Young (Allocation Failure)
[3606.921s][debug][gc,phases      ] GC(422) Scavenge 20.153ms
[3606.921s][debug][gc,ref         ] GC(422) Skipped phase1 of Reference Processing due to unavailable references
[3606.921s][debug][gc,ref         ] GC(422) Skipped phase2 of Reference Processing due to unavailable references
[3606.921s][debug][gc,ref         ] GC(422) Skipped phase3 of Reference Processing due to unavailable references
[3606.921s][debug][gc,phases      ] GC(422) Reference Processing 0.036ms
[3606.921s][debug][gc,phases      ] GC(422) Weak Processing 0.199ms
[3606.922s][debug][gc,phases      ] GC(422) Scrub String Table 0.784ms
[3606.922s][debug][gc,age         ] GC(422) Desired survivor size 49283072 bytes, new threshold 15 (max threshold 15)
[3606.922s][info ][gc,heap        ] GC(422) PSYoungGen: 2009520K->17264K(2043392K)
[3606.922s][info ][gc,heap        ] GC(422) ParOldGen: 449210K->449218K(613888K)
[3606.922s][info ][gc,metaspace   ] GC(422) Metaspace: 76682K->76682K(1120256K)
[3606.922s][info ][gc             ] GC(422) Pause Young (Allocation Failure) 2401M->455M(2595M) 21.345ms
[3606.922s][info ][gc,cpu         ] GC(422) User=0.05s Sys=0.00s Real=0.02s
[3606.922s][info ][safepoint      ] Leaving safepoint region
[3606.922s][info ][safepoint      ] Total time for which application threads were stopped: 0.0215605 seconds, Stopping threads took: 0.0000355 seconds
[3616.501s][info ][safepoint      ] Application time: 9.5784265 seconds
[3616.501s][info ][safepoint      ] Entering safepoint region: ParallelGCFailedAllocation
[3616.501s][info ][gc,start       ] GC(423) Pause Young (Allocation Failure)
[3616.534s][debug][gc,phases      ] GC(423) Scavenge 33.017ms
[3616.534s][debug][gc,ref         ] GC(423) Skipped phase1 of Reference Processing due to unavailable references
[3616.534s][debug][gc,ref         ] GC(423) Skipped phase2 of Reference Processing due to unavailable references
[3616.534s][debug][gc,ref         ] GC(423) Skipped phase3 of Reference Processing due to unavailable references
[3616.534s][debug][gc,phases      ] GC(423) Reference Processing 0.035ms
[3616.534s][debug][gc,phases      ] GC(423) Weak Processing 0.199ms
[3616.535s][debug][gc,phases      ] GC(423) Scrub String Table 0.608ms
[3616.535s][debug][gc,age         ] GC(423) Desired survivor size 46661632 bytes, new threshold 15 (max threshold 15)
[3616.535s][info ][gc,heap        ] GC(423) PSYoungGen: 2009968K->16560K(2051584K)
[3616.535s][info ][gc,heap        ] GC(423) ParOldGen: 449218K->449798K(613888K)
[3616.535s][info ][gc,metaspace   ] GC(423) Metaspace: 76682K->76682K(1120256K)
[3616.535s][info ][gc             ] GC(423) Pause Young (Allocation Failure) 2401M->455M(2603M) 34.030ms
[3616.535s][info ][gc,cpu         ] GC(423) User=0.03s Sys=0.01s Real=0.03s
[3616.535s][info ][safepoint      ] Leaving safepoint region
[3616.535s][info ][safepoint      ] Total time for which application threads were stopped: 0.0342973 seconds, Stopping threads took: 0.0000746 seconds
[3617.535s][info ][safepoint      ] Application time: 1.0000836 seconds
[3617.535s][info ][safepoint      ] Entering safepoint region: Cleanup
[3617.535s][info ][safepoint      ] Leaving safepoint region
[3617.535s][info ][safepoint      ] Total time for which application threads were stopped: 0.0001218 seconds, Stopping threads took: 0.0000330 seconds
[3618.539s][info ][safepoint      ] Application time: 1.0039324 seconds
[3618.539s][info ][safepoint      ] Entering safepoint region: Cleanup
[3618.539s][info ][safepoint      ] Leaving safepoint region
[3618.539s][info ][safepoint      ] Total time for which application threads were stopped: 0.0001387 seconds, Stopping threads took: 0.0000411 seconds
[3625.116s][info ][safepoint      ] Application time: 6.5763298 seconds
[3625.116s][info ][safepoint      ] Entering safepoint region: ParallelGCFailedAllocation
[3625.116s][info ][gc,start       ] GC(424) Pause Young (Allocation Failure)
[3625.147s][debug][gc,phases      ] GC(424) Scavenge 31.050ms
[3625.147s][debug][gc,ref         ] GC(424) Skipped phase1 of Reference Processing due to unavailable references
[3625.147s][debug][gc,ref         ] GC(424) Skipped phase2 of Reference Processing due to unavailable references
[3625.147s][debug][gc,ref         ] GC(424) Skipped phase3 of Reference Processing due to unavailable references
[3625.147s][debug][gc,phases      ] GC(424) Reference Processing 0.049ms
[3625.147s][debug][gc,phases      ] GC(424) Weak Processing 0.199ms
[3625.148s][debug][gc,phases      ] GC(424) Scrub String Table 0.589ms
[3625.148s][debug][gc,age         ] GC(424) Desired survivor size 44564480 bytes, new threshold 15 (max threshold 15)
[3625.148s][info ][gc,heap        ] GC(424) PSYoungGen: 2020016K->16208K(2049024K)
[3625.148s][info ][gc,heap        ] GC(424) ParOldGen: 449798K->450266K(613888K)
[3625.148s][info ][gc,metaspace   ] GC(424) Metaspace: 76683K->76683K(1120256K)
[3625.148s][info ][gc             ] GC(424) Pause Young (Allocation Failure) 2411M->455M(2600M) 32.049ms
[3625.148s][info ][gc,cpu         ] GC(424) User=0.06s Sys=0.00s Real=0.03s
[3625.148s][info ][safepoint      ] Leaving safepoint region
[3625.148s][info ][safepoint      ] Total time for which application threads were stopped: 0.0323936 seconds, Stopping threads took: 0.0000382 seconds
[3626.148s][info ][safepoint      ] Application time: 1.0000895 seconds
[3626.148s][info ][safepoint      ] Entering safepoint region: Cleanup
[3626.148s][info ][safepoint      ] Leaving safepoint region
[3626.148s][info ][safepoint      ] Total time for which application threads were stopped: 0.0001560 seconds, Stopping threads took: 0.0000386 seconds
[3628.148s][info ][safepoint      ] Application time: 2.0001473 seconds
[3628.148s][info ][safepoint      ] Entering safepoint region: Cleanup
[3628.149s][info ][safepoint      ] Leaving safepoint region
[3628.149s][info ][safepoint      ] Total time for which application threads were stopped: 0.0001113 seconds, Stopping threads took: 0.0000343 seconds
[3634.999s][info ][safepoint      ] Application time: 6.8506745 seconds
[3634.999s][info ][safepoint      ] Entering safepoint region: ParallelGCFailedAllocation
[3634.999s][info ][gc,start       ] GC(425) Pause Young (Allocation Failure)
[3635.007s][debug][gc,phases      ] GC(425) Scavenge 7.713ms
[3635.007s][debug][gc,ref         ] GC(425) Skipped phase1 of Reference Processing due to unavailable references
[3635.007s][debug][gc,ref         ] GC(425) Skipped phase2 of Reference Processing due to unavailable references
[3635.007s][debug][gc,ref         ] GC(425) Skipped phase3 of Reference Processing due to unavailable references
[3635.007s][debug][gc,phases      ] GC(425) Reference Processing 0.027ms
[3635.007s][debug][gc,phases      ] GC(425) Weak Processing 0.128ms
[3635.008s][debug][gc,phases      ] GC(425) Scrub String Table 0.441ms
[3635.008s][debug][gc,age         ] GC(425) Desired survivor size 42467328 bytes, new threshold 15 (max threshold 15)
[3635.008s][info ][gc,heap        ] GC(425) PSYoungGen: 2019664K->15344K(2055680K)
[3635.008s][info ][gc,heap        ] GC(425) ParOldGen: 450266K->451090K(613888K)
[3635.008s][info ][gc,metaspace   ] GC(425) Metaspace: 76704K->76704K(1120256K)
[3635.008s][info ][gc             ] GC(425) Pause Young (Allocation Failure) 2412M->455M(2607M) 8.426ms
[3635.008s][info ][gc,cpu         ] GC(425) User=0.03s Sys=0.00s Real=0.00s
[3635.008s][info ][safepoint      ] Leaving safepoint region
[3635.008s][info ][safepoint      ] Total time for which application threads were stopped: 0.0086479 seconds, Stopping threads took: 0.0000715 seconds
[3639.008s][info ][safepoint      ] Application time: 4.0003530 seconds
[3639.008s][info ][safepoint      ] Entering safepoint region: Cleanup
[3639.008s][info ][safepoint      ] Leaving safepoint region
[3639.008s][info ][safepoint      ] Total time for which application threads were stopped: 0.0001374 seconds, Stopping threads took: 0.0000376 seconds
[3644.850s][info ][safepoint      ] Application time: 5.8412572 seconds
[3644.850s][info ][safepoint      ] Entering safepoint region: ParallelGCFailedAllocation
[3644.850s][info ][gc,start       ] GC(426) Pause Young (Allocation Failure)
[3644.856s][debug][gc,phases      ] GC(426) Scavenge 6.360ms
[3644.856s][debug][gc,ref         ] GC(426) Skipped phase1 of Reference Processing due to unavailable references
[3644.856s][debug][gc,ref         ] GC(426) Skipped phase2 of Reference Processing due to unavailable references
[3644.856s][debug][gc,ref         ] GC(426) Skipped phase3 of Reference Processing due to unavailable references
[3644.856s][debug][gc,phases      ] GC(426) Reference Processing 0.026ms
[3644.857s][debug][gc,phases      ] GC(426) Weak Processing 0.125ms
[3644.857s][debug][gc,phases      ] GC(426) Scrub String Table 0.454ms
[3644.857s][debug][gc,age         ] GC(426) Desired survivor size 40894464 bytes, new threshold 15 (max threshold 15)
[3644.857s][info ][gc,heap        ] GC(426) PSYoungGen: 2027504K->14752K(2053632K)
[3644.857s][info ][gc,heap        ] GC(426) ParOldGen: 451090K->451822K(613888K)
[3644.857s][info ][gc,metaspace   ] GC(426) Metaspace: 76705K->76705K(1120256K)
[3644.857s][info ][gc             ] GC(426) Pause Young (Allocation Failure) 2420M->455M(2605M) 7.102ms
[3644.857s][info ][gc,cpu         ] GC(426) User=0.02s Sys=0.00s Real=0.01s
[3644.857s][info ][safepoint      ] Leaving safepoint region
[3644.857s][info ][safepoint      ] Total time for which application threads were stopped: 0.0073228 seconds, Stopping threads took: 0.0000756 seconds
[3646.857s][info ][safepoint      ] Application time: 2.0001529 seconds
[3646.857s][info ][safepoint      ] Entering safepoint region: Cleanup
[3646.857s][info ][safepoint      ] Leaving safepoint region
[3646.857s][info ][safepoint      ] Total time for which application threads were stopped: 0.0001334 seconds, Stopping threads took: 0.0000571 seconds
[3654.707s][info ][safepoint      ] Application time: 7.8493137 seconds
[3654.707s][info ][safepoint      ] Entering safepoint region: ParallelGCFailedAllocation
[3654.707s][info ][gc,start       ] GC(427) Pause Young (Allocation Failure)
[3654.713s][debug][gc,phases      ] GC(427) Scavenge 6.060ms
[3654.713s][debug][gc,ref         ] GC(427) Skipped phase1 of Reference Processing due to unavailable references
[3654.713s][debug][gc,ref         ] GC(427) Skipped phase2 of Reference Processing due to unavailable references
[3654.713s][debug][gc,ref         ] GC(427) Skipped phase3 of Reference Processing due to unavailable references
[3654.713s][debug][gc,phases      ] GC(427) Reference Processing 0.028ms
[3654.713s][debug][gc,phases      ] GC(427) Weak Processing 0.116ms
[3654.714s][debug][gc,phases      ] GC(427) Scrub String Table 0.432ms
[3654.714s][debug][gc,age         ] GC(427) Desired survivor size 39321600 bytes, new threshold 15 (max threshold 15)
[3654.714s][info ][gc,heap        ] GC(427) PSYoungGen: 2026912K->14000K(2058752K)
[3654.714s][info ][gc,heap        ] GC(427) ParOldGen: 451822K->452706K(613888K)
[3654.714s][info ][gc,metaspace   ] GC(427) Metaspace: 76705K->76705K(1120256K)
[3654.714s][info ][gc             ] GC(427) Pause Young (Allocation Failure) 2420M->455M(2610M) 6.761ms
[3654.714s][info ][gc,cpu         ] GC(427) User=0.03s Sys=0.00s Real=0.01s
[3654.714s][info ][safepoint      ] Leaving safepoint region
[3654.714s][info ][safepoint      ] Total time for which application threads were stopped: 0.0069195 seconds, Stopping threads took: 0.0000141 seconds
[3656.714s][info ][safepoint      ] Application time: 2.0001430 seconds
[3656.714s][info ][safepoint      ] Entering safepoint region: Cleanup
[3656.714s][info ][safepoint      ] Leaving safepoint region
[3656.714s][info ][safepoint      ] Total time for which application threads were stopped: 0.0001354 seconds, Stopping threads took: 0.0000659 seconds
[3657.714s][info ][safepoint      ] Application time: 1.0000794 seconds
[3657.714s][info ][safepoint      ] Entering safepoint region: Cleanup
[3657.714s][info ][safepoint      ] Leaving safepoint region
[3657.714s][info ][safepoint      ] Total time for which application threads were stopped: 0.0001072 seconds, Stopping threads took: 0.0000295 seconds
[3660.714s][info ][safepoint      ] Application time: 3.0002203 seconds
[3660.715s][info ][safepoint      ] Entering safepoint region: Cleanup
[3660.715s][info ][safepoint      ] Leaving safepoint region
[3660.715s][info ][safepoint      ] Total time for which application threads were stopped: 0.0001877 seconds, Stopping threads took: 0.0000689 seconds
[3664.770s][info ][safepoint      ] Application time: 4.0554576 seconds
[3664.770s][info ][safepoint      ] Entering safepoint region: ParallelGCFailedAllocation
[3664.770s][info ][gc,start       ] GC(428) Pause Young (Allocation Failure)
[3664.776s][debug][gc,phases      ] GC(428) Scavenge 6.053ms
[3664.776s][debug][gc,ref         ] GC(428) Skipped phase1 of Reference Processing due to unavailable references
[3664.776s][debug][gc,ref         ] GC(428) Skipped phase2 of Reference Processing due to unavailable references
[3664.776s][debug][gc,ref         ] GC(428) Skipped phase3 of Reference Processing due to unavailable references
[3664.776s][debug][gc,phases      ] GC(428) Reference Processing 0.027ms
[3664.777s][debug][gc,phases      ] GC(428) Weak Processing 0.136ms
[3664.777s][debug][gc,phases      ] GC(428) Scrub String Table 0.462ms
[3664.777s][debug][gc,age         ] GC(428) Desired survivor size 37748736 bytes, new threshold 15 (max threshold 15)
[3664.777s][info ][gc,heap        ] GC(428) PSYoungGen: 2032816K->12752K(2057216K)
[3664.777s][info ][gc,heap        ] GC(428) ParOldGen: 452706K->454103K(613888K)
[3664.777s][info ][gc,metaspace   ] GC(428) Metaspace: 76705K->76705K(1120256K)
[3664.777s][info ][gc             ] GC(428) Pause Young (Allocation Failure) 2427M->455M(2608M) 6.795ms
[3664.777s][info ][gc,cpu         ] GC(428) User=0.03s Sys=0.00s Real=0.01s
[3664.777s][info ][safepoint      ] Leaving safepoint region
[3664.777s][info ][safepoint      ] Total time for which application threads were stopped: 0.0069579 seconds, Stopping threads took: 0.0000310 seconds
[3666.777s][info ][safepoint      ] Application time: 2.0001394 seconds
[3666.777s][info ][safepoint      ] Entering safepoint region: Cleanup
[3666.777s][info ][safepoint      ] Leaving safepoint region
[3666.777s][info ][safepoint      ] Total time for which application threads were stopped: 0.0000776 seconds, Stopping threads took: 0.0000148 seconds
[3674.811s][info ][safepoint      ] Application time: 8.0336252 seconds
[3674.811s][info ][safepoint      ] Entering safepoint region: ParallelGCFailedAllocation
[3674.811s][info ][gc,start       ] GC(429) Pause Young (Allocation Failure)
[3674.817s][debug][gc,phases      ] GC(429) Scavenge 5.811ms
[3674.817s][debug][gc,ref         ] GC(429) Skipped phase1 of Reference Processing due to unavailable references
[3674.817s][debug][gc,ref         ] GC(429) Skipped phase2 of Reference Processing due to unavailable references
[3674.817s][debug][gc,ref         ] GC(429) Skipped phase3 of Reference Processing due to unavailable references
[3674.817s][debug][gc,phases      ] GC(429) Reference Processing 0.026ms
[3674.817s][debug][gc,phases      ] GC(429) Weak Processing 0.134ms
[3674.818s][debug][gc,phases      ] GC(429) Scrub String Table 0.453ms
[3674.818s][debug][gc,age         ] GC(429) Desired survivor size 37224448 bytes, new threshold 15 (max threshold 15)
[3674.818s][info ][gc,heap        ] GC(429) PSYoungGen: 2031568K->10976K(2060800K)
[3674.818s][info ][gc,heap        ] GC(429) ParOldGen: 454103K->456247K(613888K)
[3674.818s][info ][gc,metaspace   ] GC(429) Metaspace: 76710K->76710K(1120256K)
[3674.818s][info ][gc             ] GC(429) Pause Young (Allocation Failure) 2427M->456M(2612M) 6.547ms
[3674.818s][info ][gc,cpu         ] GC(429) User=0.02s Sys=0.00s Real=0.01s
[3674.818s][info ][safepoint      ] Leaving safepoint region
[3674.818s][info ][safepoint      ] Total time for which application threads were stopped: 0.0066944 seconds, Stopping threads took: 0.0000131 seconds
[3676.818s][info ][safepoint      ] Application time: 2.0001486 seconds
[3676.818s][info ][safepoint      ] Entering safepoint region: Cleanup
[3676.818s][info ][safepoint      ] Leaving safepoint region
[3676.818s][info ][safepoint      ] Total time for which application threads were stopped: 0.0001150 seconds, Stopping threads took: 0.0000414 seconds
[3677.665s][info ][safepoint      ] Application time: 0.8472112 seconds
[3677.665s][info ][safepoint      ] Entering safepoint region: RevokeBias
[3677.665s][info ][safepoint      ] Leaving safepoint region
[3677.665s][info ][safepoint      ] Total time for which application threads were stopped: 0.0001022 seconds, Stopping threads took: 0.0000321 seconds
[3681.666s][info ][safepoint      ] Application time: 4.0002994 seconds
[3681.666s][info ][safepoint      ] Entering safepoint region: Cleanup
[3681.666s][info ][safepoint      ] Leaving safepoint region
[3681.666s][info ][safepoint      ] Total time for which application threads were stopped: 0.0001352 seconds, Stopping threads took: 0.0000524 seconds
[3684.550s][info ][safepoint      ] Application time: 2.8836444 seconds
[3684.550s][info ][safepoint      ] Entering safepoint region: ParallelGCFailedAllocation
[3684.550s][info ][gc,start       ] GC(430) Pause Young (Allocation Failure)
[3684.556s][debug][gc,phases      ] GC(430) Scavenge 6.005ms
[3684.556s][debug][gc,ref         ] GC(430) Skipped phase1 of Reference Processing due to unavailable references
[3684.556s][debug][gc,ref         ] GC(430) Skipped phase2 of Reference Processing due to unavailable references
[3684.556s][debug][gc,ref         ] GC(430) Skipped phase3 of Reference Processing due to unavailable references
[3684.556s][debug][gc,phases      ] GC(430) Reference Processing 0.034ms
[3684.556s][debug][gc,phases      ] GC(430) Weak Processing 0.160ms
[3684.557s][debug][gc,phases      ] GC(430) Scrub String Table 0.546ms
[3684.557s][debug][gc,age         ] GC(430) Desired survivor size 36175872 bytes, new threshold 15 (max threshold 15)
[3684.557s][info ][gc,heap        ] GC(430) PSYoungGen: 2034912K->9584K(2060288K)
[3684.557s][info ][gc,heap        ] GC(430) ParOldGen: 456247K->457747K(613888K)
[3684.557s][info ][gc,metaspace   ] GC(430) Metaspace: 76710K->76710K(1120256K)
[3684.557s][info ][gc             ] GC(430) Pause Young (Allocation Failure) 2432M->456M(2611M) 6.914ms
[3684.557s][info ][gc,cpu         ] GC(430) User=0.03s Sys=0.00s Real=0.00s
[3684.557s][info ][safepoint      ] Leaving safepoint region
[3684.557s][info ][safepoint      ] Total time for which application threads were stopped: 0.0072030 seconds, Stopping threads took: 0.0000583 seconds
[3689.557s][info ][safepoint      ] Application time: 5.0003377 seconds
[3689.557s][info ][safepoint      ] Entering safepoint region: Cleanup
[3689.557s][info ][safepoint      ] Leaving safepoint region
[3689.557s][info ][safepoint      ] Total time for which application threads were stopped: 0.0001495 seconds, Stopping threads took: 0.0000627 seconds
[3690.557s][info ][safepoint      ] Application time: 1.0000795 seconds
[3690.558s][info ][safepoint      ] Entering safepoint region: Cleanup
[3690.558s][info ][safepoint      ] Leaving safepoint region
[3690.558s][info ][safepoint      ] Total time for which application threads were stopped: 0.0001252 seconds, Stopping threads took: 0.0000396 seconds
[3694.551s][info ][safepoint      ] Application time: 3.9932781 seconds
[3694.551s][info ][safepoint      ] Entering safepoint region: ParallelGCFailedAllocation
[3694.551s][info ][gc,start       ] GC(431) Pause Young (Allocation Failure)
[3694.589s][debug][gc,phases      ] GC(431) Scavenge 37.666ms
[3694.589s][debug][gc,ref         ] GC(431) Skipped phase1 of Reference Processing due to unavailable references
[3694.589s][debug][gc,ref         ] GC(431) Skipped phase2 of Reference Processing due to unavailable references
[3694.589s][debug][gc,ref         ] GC(431) Skipped phase3 of Reference Processing due to unavailable references
[3694.589s][debug][gc,phases      ] GC(431) Reference Processing 0.050ms
[3694.589s][debug][gc,phases      ] GC(431) Weak Processing 0.187ms
[3694.590s][debug][gc,phases      ] GC(431) Scrub String Table 0.586ms
[3694.590s][debug][gc,age         ] GC(431) Desired survivor size 35127296 bytes, new threshold 15 (max threshold 15)
[3694.590s][info ][gc,heap        ] GC(431) PSYoungGen: 2033520K->9104K(2062848K)
[3694.590s][info ][gc,heap        ] GC(431) ParOldGen: 457747K->458436K(613888K)
[3694.590s][info ][gc,metaspace   ] GC(431) Metaspace: 76710K->76710K(1120256K)
[3694.590s][info ][gc             ] GC(431) Pause Young (Allocation Failure) 2432M->456M(2614M) 38.662ms
[3694.590s][info ][gc,cpu         ] GC(431) User=0.06s Sys=0.00s Real=0.04s
[3694.590s][info ][safepoint      ] Leaving safepoint region
[3694.590s][info ][safepoint      ] Total time for which application threads were stopped: 0.0389504 seconds, Stopping threads took: 0.0000626 seconds
[3696.590s][info ][safepoint      ] Application time: 2.0001701 seconds
[3696.590s][info ][safepoint      ] Entering safepoint region: Cleanup
[3696.590s][info ][safepoint      ] Leaving safepoint region
[3696.590s][info ][safepoint      ] Total time for which application threads were stopped: 0.0002598 seconds, Stopping threads took: 0.0000401 seconds
[3702.597s][info ][safepoint      ] Application time: 6.0068240 seconds
[3702.597s][info ][safepoint      ] Entering safepoint region: Cleanup
[3702.597s][info ][safepoint      ] Leaving safepoint region
[3702.597s][info ][safepoint      ] Total time for which application threads were stopped: 0.0001131 seconds, Stopping threads took: 0.0000382 seconds
[3704.634s][info ][safepoint      ] Application time: 2.0367161 seconds
[3704.634s][info ][safepoint      ] Entering safepoint region: ParallelGCFailedAllocation
[3704.634s][info ][gc,start       ] GC(432) Pause Young (Allocation Failure)
[3704.673s][debug][gc,phases      ] GC(432) Scavenge 38.552ms
[3704.673s][debug][gc,ref         ] GC(432) Skipped phase1 of Reference Processing due to unavailable references
[3704.673s][debug][gc,ref         ] GC(432) Skipped phase2 of Reference Processing due to unavailable references
[3704.673s][debug][gc,ref         ] GC(432) Skipped phase3 of Reference Processing due to unavailable references
[3704.673s][debug][gc,phases      ] GC(432) Reference Processing 0.035ms
[3704.673s][debug][gc,phases      ] GC(432) Weak Processing 0.172ms
[3704.674s][debug][gc,phases      ] GC(432) Scrub String Table 0.606ms
[3704.674s][debug][gc,age         ] GC(432) Desired survivor size 34603008 bytes, new threshold 15 (max threshold 15)
[3704.674s][info ][gc,heap        ] GC(432) PSYoungGen: 2036624K->8992K(2061824K)
[3704.674s][info ][gc,heap        ] GC(432) ParOldGen: 458436K->458644K(613888K)
[3704.674s][info ][gc,metaspace   ] GC(432) Metaspace: 76712K->76712K(1120256K)
[3704.674s][info ][gc             ] GC(432) Pause Young (Allocation Failure) 2436M->456M(2613M) 39.501ms
[3704.674s][info ][gc,cpu         ] GC(432) User=0.05s Sys=0.00s Real=0.04s
[3704.674s][info ][safepoint      ] Leaving safepoint region
[3704.674s][info ][safepoint      ] Total time for which application threads were stopped: 0.0396835 seconds, Stopping threads took: 0.0000186 seconds
[3714.672s][info ][safepoint      ] Application time: 9.9984278 seconds
[3714.672s][info ][safepoint      ] Entering safepoint region: ParallelGCFailedAllocation
[3714.672s][info ][gc,start       ] GC(433) Pause Young (Allocation Failure)
[3714.697s][debug][gc,phases      ] GC(433) Scavenge 24.421ms
[3714.697s][debug][gc,ref         ] GC(433) Skipped phase1 of Reference Processing due to unavailable references
[3714.697s][debug][gc,ref         ] GC(433) Skipped phase2 of Reference Processing due to unavailable references
[3714.697s][debug][gc,ref         ] GC(433) Skipped phase3 of Reference Processing due to unavailable references
[3714.697s][debug][gc,phases      ] GC(433) Reference Processing 0.039ms
[3714.697s][debug][gc,phases      ] GC(433) Weak Processing 0.177ms
[3714.698s][debug][gc,phases      ] GC(433) Scrub String Table 0.563ms
[3714.698s][debug][gc,age         ] GC(433) Desired survivor size 34078720 bytes, new threshold 15 (max threshold 15)
[3714.698s][info ][gc,heap        ] GC(433) PSYoungGen: 2036512K->6256K(2063872K)
[3714.698s][info ][gc,heap        ] GC(433) ParOldGen: 458644K->461873K(613888K)
[3714.698s][info ][gc,metaspace   ] GC(433) Metaspace: 76719K->76719K(1120256K)
[3714.698s][info ][gc             ] GC(433) Pause Young (Allocation Failure) 2436M->457M(2615M) 25.335ms
[3714.698s][info ][gc,cpu         ] GC(433) User=0.05s Sys=0.00s Real=0.03s
[3714.698s][info ][safepoint      ] Leaving safepoint region
[3714.698s][info ][safepoint      ] Total time for which application threads were stopped: 0.0255514 seconds, Stopping threads took: 0.0000410 seconds
[3715.698s][info ][safepoint      ] Application time: 1.0000954 seconds
[3715.700s][info ][safepoint      ] Entering safepoint region: Cleanup
[3715.700s][info ][safepoint      ] Leaving safepoint region
[3715.700s][info ][safepoint      ] Total time for which application threads were stopped: 0.0022833 seconds, Stopping threads took: 0.0021799 seconds
[3722.701s][info ][safepoint      ] Application time: 7.0005424 seconds
[3722.704s][info ][safepoint      ] Entering safepoint region: Cleanup
[3722.704s][info ][safepoint      ] Leaving safepoint region
[3722.704s][info ][safepoint      ] Total time for which application threads were stopped: 0.0032712 seconds, Stopping threads took: 0.0031687 seconds
[3723.753s][info ][safepoint      ] Application time: 1.0487291 seconds
[3723.753s][info ][safepoint      ] Entering safepoint region: ParallelGCFailedAllocation
[3723.753s][info ][gc,start       ] GC(434) Pause Young (Allocation Failure)
[3723.760s][debug][gc,phases      ] GC(434) Scavenge 6.456ms
[3723.760s][debug][gc,ref         ] GC(434) Skipped phase1 of Reference Processing due to unavailable references
[3723.760s][debug][gc,ref         ] GC(434) Skipped phase2 of Reference Processing due to unavailable references
[3723.760s][debug][gc,ref         ] GC(434) Skipped phase3 of Reference Processing due to unavailable references
[3723.760s][debug][gc,phases      ] GC(434) Reference Processing 0.035ms
[3723.760s][debug][gc,phases      ] GC(434) Weak Processing 0.174ms
[3723.760s][debug][gc,phases      ] GC(434) Scrub String Table 0.533ms
[3723.760s][debug][gc,age         ] GC(434) Desired survivor size 33030144 bytes, new threshold 15 (max threshold 15)
[3723.760s][info ][gc,heap        ] GC(434) PSYoungGen: 2036336K->8448K(2063360K)
[3723.760s][info ][gc,heap        ] GC(434) ParOldGen: 461873K->462445K(613888K)
[3723.760s][info ][gc,metaspace   ] GC(434) Metaspace: 76719K->76719K(1120256K)
[3723.760s][info ][gc             ] GC(434) Pause Young (Allocation Failure) 2439M->459M(2614M) 7.355ms
[3723.760s][info ][gc,cpu         ] GC(434) User=0.03s Sys=0.00s Real=0.01s
[3723.760s][info ][safepoint      ] Leaving safepoint region
[3723.760s][info ][safepoint      ] Total time for which application threads were stopped: 0.0075737 seconds, Stopping threads took: 0.0000367 seconds
[3725.761s][info ][safepoint      ] Application time: 2.0001244 seconds
[3725.761s][info ][safepoint      ] Entering safepoint region: Cleanup
[3725.761s][info ][safepoint      ] Leaving safepoint region
[3725.761s][info ][safepoint      ] Total time for which application threads were stopped: 0.0001343 seconds, Stopping threads took: 0.0000238 seconds
[3733.778s][info ][safepoint      ] Application time: 8.0172035 seconds
[3733.778s][info ][safepoint      ] Entering safepoint region: ParallelGCFailedAllocation
[3733.778s][info ][gc,start       ] GC(435) Pause Young (Allocation Failure)
[3733.784s][debug][gc,phases      ] GC(435) Scavenge 5.657ms
[3733.784s][debug][gc,ref         ] GC(435) Skipped phase1 of Reference Processing due to unavailable references
[3733.784s][debug][gc,ref         ] GC(435) Skipped phase2 of Reference Processing due to unavailable references
[3733.784s][debug][gc,ref         ] GC(435) Skipped phase3 of Reference Processing due to unavailable references
[3733.784s][debug][gc,phases      ] GC(435) Reference Processing 0.033ms
[3733.784s][debug][gc,phases      ] GC(435) Weak Processing 0.175ms
[3733.785s][debug][gc,phases      ] GC(435) Scrub String Table 0.575ms
[3733.785s][debug][gc,age         ] GC(435) Desired survivor size 31981568 bytes, new threshold 15 (max threshold 15)
[3733.785s][info ][gc,heap        ] GC(435) PSYoungGen: 2038528K->6192K(2065920K)
[3733.785s][info ][gc,heap        ] GC(435) ParOldGen: 462445K->462737K(613888K)
[3733.785s][info ][gc,metaspace   ] GC(435) Metaspace: 76722K->76722K(1120256K)
[3733.785s][info ][gc             ] GC(435) Pause Young (Allocation Failure) 2442M->457M(2617M) 6.572ms
[3733.785s][info ][gc,cpu         ] GC(435) User=0.02s Sys=0.00s Real=0.00s
[3733.785s][info ][safepoint      ] Leaving safepoint region
[3733.785s][info ][safepoint      ] Total time for which application threads were stopped: 0.0067371 seconds, Stopping threads took: 0.0000145 seconds
[3735.797s][info ][safepoint      ] Application time: 2.0121311 seconds
[3735.797s][info ][safepoint      ] Entering safepoint region: Cleanup
[3735.797s][info ][safepoint      ] Leaving safepoint region
[3735.797s][info ][safepoint      ] Total time for which application threads were stopped: 0.0001847 seconds, Stopping threads took: 0.0000801 seconds
[3740.797s][info ][safepoint      ] Application time: 5.0003958 seconds
[3740.798s][info ][safepoint      ] Entering safepoint region: Cleanup
[3740.798s][info ][safepoint      ] Leaving safepoint region
[3740.798s][info ][safepoint      ] Total time for which application threads were stopped: 0.0001144 seconds, Stopping threads took: 0.0000408 seconds
[3743.900s][info ][safepoint      ] Application time: 3.1026179 seconds
[3743.900s][info ][safepoint      ] Entering safepoint region: ParallelGCFailedAllocation
[3743.900s][info ][gc,start       ] GC(436) Pause Young (Allocation Failure)
[3743.905s][debug][gc,phases      ] GC(436) Scavenge 4.428ms
[3743.905s][debug][gc,ref         ] GC(436) Skipped phase1 of Reference Processing due to unavailable references
[3743.905s][debug][gc,ref         ] GC(436) Skipped phase2 of Reference Processing due to unavailable references
[3743.905s][debug][gc,ref         ] GC(436) Skipped phase3 of Reference Processing due to unavailable references
[3743.905s][debug][gc,phases      ] GC(436) Reference Processing 0.027ms
[3743.905s][debug][gc,phases      ] GC(436) Weak Processing 0.113ms
[3743.906s][debug][gc,phases      ] GC(436) Scrub String Table 0.434ms
[3743.906s][debug][gc,age         ] GC(436) Desired survivor size 31457280 bytes, new threshold 15 (max threshold 15)
[3743.906s][info ][gc,heap        ] GC(436) PSYoungGen: 2039856K->6080K(2064896K)
[3743.906s][info ][gc,heap        ] GC(436) ParOldGen: 462737K->462837K(613888K)
[3743.906s][info ][gc,metaspace   ] GC(436) Metaspace: 76724K->76724K(1120256K)
[3743.906s][info ][gc             ] GC(436) Pause Young (Allocation Failure) 2443M->457M(2616M) 5.127ms
[3743.906s][info ][gc,cpu         ] GC(436) User=0.01s Sys=0.00s Real=0.00s
[3743.906s][info ][safepoint      ] Leaving safepoint region
[3743.906s][info ][safepoint      ] Total time for which application threads were stopped: 0.0053615 seconds, Stopping threads took: 0.0000697 seconds
[3748.906s][info ][safepoint      ] Application time: 5.0003101 seconds
[3748.906s][info ][safepoint      ] Entering safepoint region: Cleanup
[3748.906s][info ][safepoint      ] Leaving safepoint region
[3748.906s][info ][safepoint      ] Total time for which application threads were stopped: 0.0000978 seconds, Stopping threads took: 0.0000294 seconds
[3753.924s][info ][safepoint      ] Application time: 5.0179770 seconds
[3753.924s][info ][safepoint      ] Entering safepoint region: ParallelGCFailedAllocation
[3753.924s][info ][gc,start       ] GC(437) Pause Young (Allocation Failure)
[3753.928s][debug][gc,phases      ] GC(437) Scavenge 4.046ms
[3753.928s][debug][gc,ref         ] GC(437) Skipped phase1 of Reference Processing due to unavailable references
[3753.928s][debug][gc,ref         ] GC(437) Skipped phase2 of Reference Processing due to unavailable references
[3753.928s][debug][gc,ref         ] GC(437) Skipped phase3 of Reference Processing due to unavailable references
[3753.928s][debug][gc,phases      ] GC(437) Reference Processing 0.028ms
[3753.929s][debug][gc,phases      ] GC(437) Weak Processing 0.140ms
[3753.929s][debug][gc,phases      ] GC(437) Scrub String Table 0.465ms
[3753.929s][debug][gc,age         ] GC(437) Desired survivor size 30408704 bytes, new threshold 15 (max threshold 15)
[3753.929s][info ][gc,heap        ] GC(437) PSYoungGen: 2039744K->5856K(2067456K)
[3753.929s][info ][gc,heap        ] GC(437) ParOldGen: 462837K->463209K(613888K)
[3753.929s][info ][gc,metaspace   ] GC(437) Metaspace: 76724K->76724K(1120256K)
[3753.929s][info ][gc             ] GC(437) Pause Young (Allocation Failure) 2443M->458M(2618M) 4.826ms
[3753.929s][info ][gc,cpu         ] GC(437) User=0.01s Sys=0.00s Real=0.01s
[3753.929s][info ][safepoint      ] Leaving safepoint region
[3753.929s][info ][safepoint      ] Total time for which application threads were stopped: 0.0049697 seconds, Stopping threads took: 0.0000126 seconds
[3763.763s][info ][safepoint      ] Application time: 9.8338515 seconds
[3763.763s][info ][safepoint      ] Entering safepoint region: ParallelGCFailedAllocation
[3763.763s][info ][gc,start       ] GC(438) Pause Young (Allocation Failure)
[3763.773s][debug][gc,phases      ] GC(438) Scavenge 9.552ms
[3763.773s][debug][gc,ref         ] GC(438) Skipped phase1 of Reference Processing due to unavailable references
[3763.773s][debug][gc,ref         ] GC(438) Skipped phase2 of Reference Processing due to unavailable references
[3763.773s][debug][gc,ref         ] GC(438) Skipped phase3 of Reference Processing due to unavailable references
[3763.773s][debug][gc,phases      ] GC(438) Reference Processing 0.031ms
[3763.773s][debug][gc,phases      ] GC(438) Weak Processing 0.146ms
[3763.773s][debug][gc,phases      ] GC(438) Scrub String Table 0.468ms
[3763.773s][debug][gc,age         ] GC(438) Desired survivor size 29360128 bytes, new threshold 15 (max threshold 15)
[3763.773s][info ][gc,heap        ] GC(438) PSYoungGen: 2042592K->6112K(2066432K)
[3763.773s][info ][gc,heap        ] GC(438) ParOldGen: 463209K->463357K(613888K)
[3763.773s][info ][gc,metaspace   ] GC(438) Metaspace: 76725K->76725K(1120256K)
[3763.773s][info ][gc             ] GC(438) Pause Young (Allocation Failure) 2447M->458M(2617M) 10.353ms
[3763.773s][info ][gc,cpu         ] GC(438) User=0.03s Sys=0.00s Real=0.01s
[3763.774s][info ][safepoint      ] Leaving safepoint region
[3763.774s][info ][safepoint      ] Total time for which application threads were stopped: 0.0105452 seconds, Stopping threads took: 0.0000171 seconds
[3767.774s][info ][safepoint      ] Application time: 4.0002977 seconds
[3767.774s][info ][safepoint      ] Entering safepoint region: Cleanup
[3767.774s][info ][safepoint      ] Leaving safepoint region
[3767.774s][info ][safepoint      ] Total time for which application threads were stopped: 0.0000831 seconds, Stopping threads took: 0.0000132 seconds
[3769.774s][info ][safepoint      ] Application time: 2.0001567 seconds
[3769.774s][info ][safepoint      ] Entering safepoint region: Cleanup
[3769.774s][info ][safepoint      ] Leaving safepoint region
[3769.774s][info ][safepoint      ] Total time for which application threads were stopped: 0.0000785 seconds, Stopping threads took: 0.0000128 seconds
[3771.774s][info ][safepoint      ] Application time: 2.0001450 seconds
[3771.774s][info ][safepoint      ] Entering safepoint region: Cleanup
[3771.775s][info ][safepoint      ] Leaving safepoint region
[3771.775s][info ][safepoint      ] Total time for which application threads were stopped: 0.0001284 seconds, Stopping threads took: 0.0000452 seconds
[3772.775s][info ][safepoint      ] Application time: 1.0000710 seconds
[3772.775s][info ][safepoint      ] Entering safepoint region: Cleanup
[3772.775s][info ][safepoint      ] Leaving safepoint region
[3772.775s][info ][safepoint      ] Total time for which application threads were stopped: 0.0003056 seconds, Stopping threads took: 0.0002301 seconds
[3773.799s][info ][safepoint      ] Application time: 1.0241786 seconds
[3773.799s][info ][safepoint      ] Entering safepoint region: ParallelGCFailedAllocation
[3773.799s][info ][gc,start       ] GC(439) Pause Young (Allocation Failure)
[3773.804s][debug][gc,phases      ] GC(439) Scavenge 4.152ms
[3773.804s][debug][gc,ref         ] GC(439) Skipped phase1 of Reference Processing due to unavailable references
[3773.804s][debug][gc,ref         ] GC(439) Skipped phase2 of Reference Processing due to unavailable references
[3773.804s][debug][gc,ref         ] GC(439) Skipped phase3 of Reference Processing due to unavailable references
[3773.804s][debug][gc,phases      ] GC(439) Reference Processing 0.047ms
[3773.804s][debug][gc,phases      ] GC(439) Weak Processing 0.143ms
[3773.804s][debug][gc,phases      ] GC(439) Scrub String Table 0.435ms
[3773.804s][debug][gc,age         ] GC(439) Desired survivor size 28311552 bytes, new threshold 15 (max threshold 15)
[3773.804s][info ][gc,heap        ] GC(439) PSYoungGen: 2042848K->6160K(2069504K)
[3773.804s][info ][gc,heap        ] GC(439) ParOldGen: 463357K->463453K(613888K)
[3773.804s][info ][gc,metaspace   ] GC(439) Metaspace: 76725K->76725K(1120256K)
[3773.804s][info ][gc             ] GC(439) Pause Young (Allocation Failure) 2447M->458M(2620M) 4.933ms
[3773.804s][info ][gc,cpu         ] GC(439) User=0.02s Sys=0.00s Real=0.00s
[3773.804s][info ][safepoint      ] Leaving safepoint region
[3773.804s][info ][safepoint      ] Total time for which application threads were stopped: 0.0051419 seconds, Stopping threads took: 0.0000482 seconds
[3774.435s][info ][safepoint      ] Application time: 0.6302162 seconds
[3774.435s][info ][safepoint      ] Entering safepoint region: RevokeBias
[3774.435s][info ][safepoint      ] Leaving safepoint region
[3774.435s][info ][safepoint      ] Total time for which application threads were stopped: 0.0001095 seconds, Stopping threads took: 0.0000172 seconds
[3774.435s][info ][safepoint      ] Application time: 0.0001228 seconds
[3774.435s][info ][safepoint      ] Entering safepoint region: RevokeBias
[3774.435s][info ][safepoint      ] Leaving safepoint region
[3774.435s][info ][safepoint      ] Total time for which application threads were stopped: 0.0000369 seconds, Stopping threads took: 0.0000064 seconds
[3782.435s][info ][safepoint      ] Application time: 8.0005589 seconds
[3782.435s][info ][safepoint      ] Entering safepoint region: Cleanup
[3782.436s][info ][safepoint      ] Leaving safepoint region
[3782.436s][info ][safepoint      ] Total time for which application threads were stopped: 0.0000852 seconds, Stopping threads took: 0.0000146 seconds
[3783.436s][info ][safepoint      ] Application time: 1.0000750 seconds
[3783.436s][info ][safepoint      ] Entering safepoint region: Cleanup
[3783.436s][info ][safepoint      ] Leaving safepoint region
[3783.436s][info ][safepoint      ] Total time for which application threads were stopped: 0.0001021 seconds, Stopping threads took: 0.0000156 seconds
[3783.499s][info ][safepoint      ] Application time: 0.0636157 seconds
[3783.499s][info ][safepoint      ] Entering safepoint region: ParallelGCFailedAllocation
[3783.500s][info ][gc,start       ] GC(440) Pause Young (Allocation Failure)
[3783.504s][debug][gc,phases      ] GC(440) Scavenge 4.301ms
[3783.504s][debug][gc,ref         ] GC(440) Skipped phase1 of Reference Processing due to unavailable references
[3783.504s][debug][gc,ref         ] GC(440) Skipped phase2 of Reference Processing due to unavailable references
[3783.504s][debug][gc,ref         ] GC(440) Skipped phase3 of Reference Processing due to unavailable references
[3783.504s][debug][gc,phases      ] GC(440) Reference Processing 0.027ms
[3783.504s][debug][gc,phases      ] GC(440) Weak Processing 0.126ms
[3783.505s][debug][gc,phases      ] GC(440) Scrub String Table 0.422ms
[3783.505s][debug][gc,age         ] GC(440) Desired survivor size 27262976 bytes, new threshold 15 (max threshold 15)
[3783.505s][info ][gc,heap        ] GC(440) PSYoungGen: 2046992K->6688K(2068480K)
[3783.505s][info ][gc,heap        ] GC(440) ParOldGen: 463453K->463517K(613888K)
[3783.505s][info ][gc,metaspace   ] GC(440) Metaspace: 76731K->76731K(1120256K)
[3783.505s][info ][gc             ] GC(440) Pause Young (Allocation Failure) 2451M->459M(2619M) 5.002ms
[3783.505s][info ][gc,cpu         ] GC(440) User=0.02s Sys=0.00s Real=0.00s
[3783.505s][info ][safepoint      ] Leaving safepoint region
[3783.505s][info ][safepoint      ] Total time for which application threads were stopped: 0.0051856 seconds, Stopping threads took: 0.0000369 seconds
[3784.505s][info ][safepoint      ] Application time: 1.0000873 seconds
[3784.505s][info ][safepoint      ] Entering safepoint region: Cleanup
[3784.505s][info ][safepoint      ] Leaving safepoint region
[3784.505s][info ][safepoint      ] Total time for which application threads were stopped: 0.0001866 seconds, Stopping threads took: 0.0000746 seconds
[3785.505s][info ][safepoint      ] Application time: 1.0000738 seconds
[3785.505s][info ][safepoint      ] Entering safepoint region: Cleanup
[3785.505s][info ][safepoint      ] Leaving safepoint region
[3785.505s][info ][safepoint      ] Total time for which application threads were stopped: 0.0001472 seconds, Stopping threads took: 0.0000660 seconds
[3786.505s][info ][safepoint      ] Application time: 1.0002519 seconds
[3786.506s][info ][safepoint      ] Entering safepoint region: Cleanup
[3786.506s][info ][safepoint      ] Leaving safepoint region
[3786.506s][info ][safepoint      ] Total time for which application threads were stopped: 0.0001753 seconds, Stopping threads took: 0.0000317 seconds
[3787.506s][info ][safepoint      ] Application time: 1.0000788 seconds
[3787.506s][info ][safepoint      ] Entering safepoint region: Cleanup
[3787.506s][info ][safepoint      ] Leaving safepoint region
[3787.506s][info ][safepoint      ] Total time for which application threads were stopped: 0.0001433 seconds, Stopping threads took: 0.0000429 seconds
[3788.506s][info ][safepoint      ] Application time: 1.0000830 seconds
[3788.506s][info ][safepoint      ] Entering safepoint region: Cleanup
[3788.506s][info ][safepoint      ] Leaving safepoint region
[3788.506s][info ][safepoint      ] Total time for which application threads were stopped: 0.0001237 seconds, Stopping threads took: 0.0000330 seconds
[3789.780s][info ][safepoint      ] Application time: 1.2737712 seconds
[3789.780s][info ][safepoint      ] Entering safepoint region: RevokeBias
[3789.780s][info ][safepoint      ] Leaving safepoint region
[3789.780s][info ][safepoint      ] Total time for which application threads were stopped: 0.0001079 seconds, Stopping threads took: 0.0000133 seconds
[3789.780s][info ][safepoint      ] Application time: 0.0000243 seconds
[3789.780s][info ][safepoint      ] Entering safepoint region: RevokeBias
[3789.780s][info ][safepoint      ] Leaving safepoint region
[3789.780s][info ][safepoint      ] Total time for which application threads were stopped: 0.0000274 seconds, Stopping threads took: 0.0000040 seconds
[3789.780s][info ][safepoint      ] Application time: 0.0002925 seconds
[3789.780s][info ][safepoint      ] Entering safepoint region: RevokeBias
[3789.781s][info ][safepoint      ] Leaving safepoint region
[3789.781s][info ][safepoint      ] Total time for which application threads were stopped: 0.0000340 seconds, Stopping threads took: 0.0000056 seconds
[3790.781s][info ][safepoint      ] Application time: 1.0000779 seconds
[3790.781s][info ][safepoint      ] Entering safepoint region: Cleanup
[3790.781s][info ][safepoint      ] Leaving safepoint region
[3790.781s][info ][safepoint      ] Total time for which application threads were stopped: 0.0001545 seconds, Stopping threads took: 0.0000360 seconds
[3791.781s][info ][safepoint      ] Application time: 1.0000338 seconds
[3791.781s][info ][safepoint      ] Entering safepoint region: Cleanup
[3791.781s][info ][safepoint      ] Leaving safepoint region
[3791.781s][info ][safepoint      ] Total time for which application threads were stopped: 0.0000841 seconds, Stopping threads took: 0.0000133 seconds
[3791.850s][info ][safepoint      ] Application time: 0.0689693 seconds
[3791.850s][info ][safepoint      ] Entering safepoint region: ParallelGCFailedAllocation
[3791.850s][info ][gc,start       ] GC(441) Pause Young (Allocation Failure)
[3791.862s][debug][gc,phases      ] GC(441) Scavenge 11.820ms
[3791.862s][debug][gc,ref         ] GC(441) Skipped phase1 of Reference Processing due to unavailable references
[3791.862s][debug][gc,ref         ] GC(441) Skipped phase3 of Reference Processing due to unavailable references
[3791.862s][debug][gc,phases      ] GC(441) Reference Processing 0.043ms
[3791.862s][debug][gc,phases      ] GC(441) Weak Processing 0.187ms
[3791.863s][debug][gc,phases      ] GC(441) Scrub String Table 0.493ms
[3791.863s][debug][gc,age         ] GC(441) Desired survivor size 36700160 bytes, new threshold 14 (max threshold 15)
[3791.863s][info ][gc,heap        ] GC(441) PSYoungGen: 2047520K->26608K(2052096K)
[3791.863s][info ][gc,heap        ] GC(441) ParOldGen: 463517K->475977K(613888K)
[3791.863s][info ][gc,metaspace   ] GC(441) Metaspace: 76830K->76830K(1120256K)
[3791.863s][info ][gc             ] GC(441) Pause Young (Allocation Failure) 2452M->490M(2603M) 12.719ms
[3791.863s][info ][gc,cpu         ] GC(441) User=0.05s Sys=0.00s Real=0.01s
[3791.863s][info ][safepoint      ] Leaving safepoint region
[3791.863s][info ][safepoint      ] Total time for which application threads were stopped: 0.0129109 seconds, Stopping threads took: 0.0000196 seconds
[3792.863s][info ][safepoint      ] Application time: 1.0000924 seconds
[3792.863s][info ][safepoint      ] Entering safepoint region: Cleanup
[3792.863s][info ][safepoint      ] Leaving safepoint region
[3792.863s][info ][safepoint      ] Total time for which application threads were stopped: 0.0001346 seconds, Stopping threads took: 0.0000498 seconds
[3793.863s][info ][safepoint      ] Application time: 1.0000700 seconds
[3793.863s][info ][safepoint      ] Entering safepoint region: Cleanup
[3793.863s][info ][safepoint      ] Leaving safepoint region
[3793.863s][info ][safepoint      ] Total time for which application threads were stopped: 0.0001104 seconds, Stopping threads took: 0.0000388 seconds
[3795.864s][info ][safepoint      ] Application time: 2.0001427 seconds
[3795.864s][info ][safepoint      ] Entering safepoint region: Cleanup
[3795.864s][info ][safepoint      ] Leaving safepoint region
[3795.864s][info ][safepoint      ] Total time for which application threads were stopped: 0.0001084 seconds, Stopping threads took: 0.0000315 seconds
[3796.864s][info ][safepoint      ] Application time: 1.0000696 seconds
[3796.864s][info ][safepoint      ] Entering safepoint region: Cleanup
[3796.864s][info ][safepoint      ] Leaving safepoint region
[3796.864s][info ][safepoint      ] Total time for which application threads were stopped: 0.0001134 seconds, Stopping threads took: 0.0000437 seconds
[3799.864s][info ][safepoint      ] Application time: 3.0002112 seconds
[3799.864s][info ][safepoint      ] Entering safepoint region: Cleanup
[3799.864s][info ][safepoint      ] Leaving safepoint region
[3799.864s][info ][safepoint      ] Total time for which application threads were stopped: 0.0001171 seconds, Stopping threads took: 0.0000477 seconds
[3799.949s][info ][safepoint      ] Application time: 0.0849671 seconds
[3799.949s][info ][safepoint      ] Entering safepoint region: ParallelGCFailedAllocation
[3799.949s][info ][gc,start       ] GC(442) Pause Young (Allocation Failure)
[3799.961s][debug][gc,phases      ] GC(442) Scavenge 11.436ms
[3799.961s][debug][gc,ref         ] GC(442) Skipped phase1 of Reference Processing due to unavailable references
[3799.961s][debug][gc,ref         ] GC(442) Skipped phase3 of Reference Processing due to unavailable references
[3799.961s][debug][gc,phases      ] GC(442) Reference Processing 0.037ms
[3799.961s][debug][gc,phases      ] GC(442) Weak Processing 0.150ms
[3799.962s][debug][gc,phases      ] GC(442) Scrub String Table 0.466ms
[3799.962s][debug][gc,age         ] GC(442) Desired survivor size 43515904 bytes, new threshold 13 (max threshold 15)
[3799.962s][info ][gc,heap        ] GC(442) PSYoungGen: 2052080K->35824K(2061312K)
[3799.962s][info ][gc,heap        ] GC(442) ParOldGen: 475977K->476569K(613888K)
[3799.962s][info ][gc,metaspace   ] GC(442) Metaspace: 76834K->76834K(1120256K)
[3799.962s][info ][gc             ] GC(442) Pause Young (Allocation Failure) 2468M->500M(2612M) 12.231ms
[3799.962s][info ][gc,cpu         ] GC(442) User=0.05s Sys=0.00s Real=0.01s
[3799.962s][info ][safepoint      ] Leaving safepoint region
[3799.962s][info ][safepoint      ] Total time for which application threads were stopped: 0.0124162 seconds, Stopping threads took: 0.0000351 seconds
[3800.962s][info ][safepoint      ] Application time: 1.0000794 seconds
[3800.962s][info ][safepoint      ] Entering safepoint region: Cleanup
[3800.962s][info ][safepoint      ] Leaving safepoint region
[3800.962s][info ][safepoint      ] Total time for which application threads were stopped: 0.0001226 seconds, Stopping threads took: 0.0000380 seconds
[3801.962s][info ][safepoint      ] Application time: 1.0000729 seconds
[3801.962s][info ][safepoint      ] Entering safepoint region: Cleanup
[3801.962s][info ][safepoint      ] Leaving safepoint region
[3801.962s][info ][safepoint      ] Total time for which application threads were stopped: 0.0001197 seconds, Stopping threads took: 0.0000460 seconds
[3803.962s][info ][safepoint      ] Application time: 2.0001440 seconds
[3803.962s][info ][safepoint      ] Entering safepoint region: Cleanup
[3803.962s][info ][safepoint      ] Leaving safepoint region
[3803.962s][info ][safepoint      ] Total time for which application threads were stopped: 0.0000939 seconds, Stopping threads took: 0.0000334 seconds
[3804.963s][info ][safepoint      ] Application time: 1.0000719 seconds
[3804.963s][info ][safepoint      ] Entering safepoint region: Cleanup
[3804.963s][info ][safepoint      ] Leaving safepoint region
[3804.963s][info ][safepoint      ] Total time for which application threads were stopped: 0.0001023 seconds, Stopping threads took: 0.0000375 seconds
[3805.963s][info ][safepoint      ] Application time: 1.0000768 seconds
[3805.963s][info ][safepoint      ] Entering safepoint region: Cleanup
[3805.963s][info ][safepoint      ] Leaving safepoint region
[3805.963s][info ][safepoint      ] Total time for which application threads were stopped: 0.0001190 seconds, Stopping threads took: 0.0000411 seconds
[3806.963s][info ][safepoint      ] Application time: 1.0000750 seconds
[3806.963s][info ][safepoint      ] Entering safepoint region: Cleanup
[3806.963s][info ][safepoint      ] Leaving safepoint region
[3806.963s][info ][safepoint      ] Total time for which application threads were stopped: 0.0001338 seconds, Stopping threads took: 0.0000430 seconds
[3807.963s][info ][safepoint      ] Application time: 1.0000819 seconds
[3807.963s][info ][safepoint      ] Entering safepoint region: Cleanup
[3807.963s][info ][safepoint      ] Leaving safepoint region
[3807.963s][info ][safepoint      ] Total time for which application threads were stopped: 0.0001303 seconds, Stopping threads took: 0.0000351 seconds
[3808.077s][info ][safepoint      ] Application time: 0.1135583 seconds
[3808.077s][info ][safepoint      ] Entering safepoint region: ParallelGCFailedAllocation
[3808.077s][info ][gc,start       ] GC(443) Pause Young (Allocation Failure)
[3808.089s][debug][gc,phases      ] GC(443) Scavenge 12.207ms
[3808.089s][debug][gc,ref         ] GC(443) Skipped phase1 of Reference Processing due to unavailable references
[3808.089s][debug][gc,ref         ] GC(443) Skipped phase3 of Reference Processing due to unavailable references
[3808.089s][debug][gc,phases      ] GC(443) Reference Processing 0.035ms
[3808.090s][debug][gc,phases      ] GC(443) Weak Processing 0.153ms
[3808.090s][debug][gc,phases      ] GC(443) Scrub String Table 0.460ms
[3808.090s][debug][gc,age         ] GC(443) Desired survivor size 50331648 bytes, new threshold 12 (max threshold 15)
[3808.090s][info ][gc,heap        ] GC(443) PSYoungGen: 2061296K->35808K(2034688K)
[3808.090s][info ][gc,heap        ] GC(443) ParOldGen: 476569K->482010K(613888K)
[3808.090s][info ][gc,metaspace   ] GC(443) Metaspace: 76844K->76844K(1120256K)
[3808.090s][info ][gc             ] GC(443) Pause Young (Allocation Failure) 2478M->505M(2586M) 12.989ms
[3808.090s][info ][gc,cpu         ] GC(443) User=0.03s Sys=0.02s Real=0.01s
[3808.090s][info ][safepoint      ] Leaving safepoint region
[3808.090s][info ][safepoint      ] Total time for which application threads were stopped: 0.0131746 seconds, Stopping threads took: 0.0000329 seconds
[3809.090s][info ][safepoint      ] Application time: 1.0000512 seconds
[3809.090s][info ][safepoint      ] Entering safepoint region: Cleanup
[3809.090s][info ][safepoint      ] Leaving safepoint region
[3809.090s][info ][safepoint      ] Total time for which application threads were stopped: 0.0001327 seconds, Stopping threads took: 0.0000685 seconds
[3810.091s][info ][safepoint      ] Application time: 1.0000815 seconds
[3810.091s][info ][safepoint      ] Entering safepoint region: Cleanup
[3810.091s][info ][safepoint      ] Leaving safepoint region
[3810.091s][info ][safepoint      ] Total time for which application threads were stopped: 0.0000942 seconds, Stopping threads took: 0.0000165 seconds
[3811.091s][info ][safepoint      ] Application time: 1.0000685 seconds
[3811.091s][info ][safepoint      ] Entering safepoint region: Cleanup
[3811.091s][info ][safepoint      ] Leaving safepoint region
[3811.091s][info ][safepoint      ] Total time for which application threads were stopped: 0.0000892 seconds, Stopping threads took: 0.0000172 seconds
[3812.091s][info ][safepoint      ] Application time: 1.0000730 seconds
[3812.091s][info ][safepoint      ] Entering safepoint region: Cleanup
[3812.091s][info ][safepoint      ] Leaving safepoint region
[3812.091s][info ][safepoint      ] Total time for which application threads were stopped: 0.0000723 seconds, Stopping threads took: 0.0000162 seconds
[3813.091s][info ][safepoint      ] Application time: 1.0000760 seconds
[3813.091s][info ][safepoint      ] Entering safepoint region: Cleanup
[3813.091s][info ][safepoint      ] Leaving safepoint region
[3813.091s][info ][safepoint      ] Total time for which application threads were stopped: 0.0000808 seconds, Stopping threads took: 0.0000191 seconds
[3814.091s][info ][safepoint      ] Application time: 1.0000724 seconds
[3814.091s][info ][safepoint      ] Entering safepoint region: Cleanup
[3814.091s][info ][safepoint      ] Leaving safepoint region
[3814.091s][info ][safepoint      ] Total time for which application threads were stopped: 0.0001394 seconds, Stopping threads took: 0.0000483 seconds
[3815.092s][info ][safepoint      ] Application time: 1.0000726 seconds
[3815.092s][info ][safepoint      ] Entering safepoint region: Cleanup
[3815.092s][info ][safepoint      ] Leaving safepoint region
[3815.092s][info ][safepoint      ] Total time for which application threads were stopped: 0.0000867 seconds, Stopping threads took: 0.0000256 seconds
[3815.763s][info ][safepoint      ] Application time: 0.6711270 seconds
[3815.763s][info ][safepoint      ] Entering safepoint region: ParallelGCFailedAllocation
[3815.763s][info ][gc,start       ] GC(444) Pause Young (Allocation Failure)
[3815.774s][debug][gc,phases      ] GC(444) Scavenge 11.302ms
[3815.774s][debug][gc,ref         ] GC(444) Skipped phase1 of Reference Processing due to unavailable references
[3815.774s][debug][gc,ref         ] GC(444) Skipped phase3 of Reference Processing due to unavailable references
[3815.774s][debug][gc,phases      ] GC(444) Reference Processing 0.034ms
[3815.775s][debug][gc,phases      ] GC(444) Weak Processing 0.150ms
[3815.775s][debug][gc,phases      ] GC(444) Scrub String Table 0.437ms
[3815.775s][debug][gc,age         ] GC(444) Desired survivor size 56623104 bytes, new threshold 13 (max threshold 15)
[3815.775s][info ][gc,heap        ] GC(444) PSYoungGen: 2034656K->42992K(2041856K)
[3815.775s][info ][gc,heap        ] GC(444) ParOldGen: 482010K->482146K(613888K)
[3815.775s][info ][gc,metaspace   ] GC(444) Metaspace: 76846K->76846K(1120256K)
[3815.775s][info ][gc             ] GC(444) Pause Young (Allocation Failure) 2457M->512M(2593M) 12.051ms
[3815.775s][info ][gc,cpu         ] GC(444) User=0.05s Sys=0.00s Real=0.01s
[3815.775s][info ][safepoint      ] Leaving safepoint region
[3815.775s][info ][safepoint      ] Total time for which application threads were stopped: 0.0122147 seconds, Stopping threads took: 0.0000119 seconds
[3816.775s][info ][safepoint      ] Application time: 1.0000833 seconds
[3816.775s][info ][safepoint      ] Entering safepoint region: Cleanup
[3816.775s][info ][safepoint      ] Leaving safepoint region
[3816.775s][info ][safepoint      ] Total time for which application threads were stopped: 0.0001099 seconds, Stopping threads took: 0.0000417 seconds
[3817.775s][info ][safepoint      ] Application time: 1.0000834 seconds
[3817.775s][info ][safepoint      ] Entering safepoint region: Cleanup
[3817.776s][info ][safepoint      ] Leaving safepoint region
[3817.776s][info ][safepoint      ] Total time for which application threads were stopped: 0.0000932 seconds, Stopping threads took: 0.0000338 seconds
[3818.776s][info ][safepoint      ] Application time: 1.0000783 seconds
[3818.776s][info ][safepoint      ] Entering safepoint region: Cleanup
[3818.776s][info ][safepoint      ] Leaving safepoint region
[3818.776s][info ][safepoint      ] Total time for which application threads were stopped: 0.0000745 seconds, Stopping threads took: 0.0000140 seconds
[3819.776s][info ][safepoint      ] Application time: 1.0000723 seconds
[3819.776s][info ][safepoint      ] Entering safepoint region: Cleanup
[3819.776s][info ][safepoint      ] Leaving safepoint region
[3819.776s][info ][safepoint      ] Total time for which application threads were stopped: 0.0001004 seconds, Stopping threads took: 0.0000435 seconds
[3820.776s][info ][safepoint      ] Application time: 1.0000760 seconds
[3820.776s][info ][safepoint      ] Entering safepoint region: Cleanup
[3820.776s][info ][safepoint      ] Leaving safepoint region
[3820.776s][info ][safepoint      ] Total time for which application threads were stopped: 0.0000679 seconds, Stopping threads took: 0.0000138 seconds
[3821.776s][info ][safepoint      ] Application time: 1.0000834 seconds
[3821.776s][info ][safepoint      ] Entering safepoint region: Cleanup
[3821.776s][info ][safepoint      ] Leaving safepoint region
[3821.776s][info ][safepoint      ] Total time for which application threads were stopped: 0.0001416 seconds, Stopping threads took: 0.0000381 seconds
[3822.777s][info ][safepoint      ] Application time: 1.0000974 seconds
[3822.777s][info ][safepoint      ] Entering safepoint region: Cleanup
[3822.777s][info ][safepoint      ] Leaving safepoint region
[3822.777s][info ][safepoint      ] Total time for which application threads were stopped: 0.0001205 seconds, Stopping threads took: 0.0000398 seconds
[3823.777s][info ][safepoint      ] Application time: 1.0000790 seconds
[3823.777s][info ][safepoint      ] Entering safepoint region: Cleanup
[3823.777s][info ][safepoint      ] Leaving safepoint region
[3823.777s][info ][safepoint      ] Total time for which application threads were stopped: 0.0000705 seconds, Stopping threads took: 0.0000147 seconds
[3824.750s][info ][safepoint      ] Application time: 0.9734221 seconds
[3824.750s][info ][safepoint      ] Entering safepoint region: ParallelGCFailedAllocation
[3824.751s][info ][gc,start       ] GC(445) Pause Young (Allocation Failure)
[3824.763s][debug][gc,phases      ] GC(445) Scavenge 12.352ms
[3824.763s][debug][gc,ref         ] GC(445) Skipped phase1 of Reference Processing due to unavailable references
[3824.763s][debug][gc,ref         ] GC(445) Skipped phase3 of Reference Processing due to unavailable references
[3824.763s][debug][gc,phases      ] GC(445) Reference Processing 0.037ms
[3824.763s][debug][gc,phases      ] GC(445) Weak Processing 0.170ms
[3824.764s][debug][gc,phases      ] GC(445) Scrub String Table 0.451ms
[3824.764s][debug][gc,age         ] GC(445) Desired survivor size 62390272 bytes, new threshold 14 (max threshold 15)
[3824.764s][info ][gc,heap        ] GC(445) PSYoungGen: 2041840K->44576K(2030592K)
[3824.764s][info ][gc,heap        ] GC(445) ParOldGen: 482146K->482146K(613888K)
[3824.764s][info ][gc,metaspace   ] GC(445) Metaspace: 76847K->76847K(1120256K)
[3824.764s][info ][gc             ] GC(445) Pause Young (Allocation Failure) 2464M->514M(2582M) 13.141ms
[3824.764s][info ][gc,cpu         ] GC(445) User=0.05s Sys=0.00s Real=0.01s
[3824.764s][info ][safepoint      ] Leaving safepoint region
[3824.764s][info ][safepoint      ] Total time for which application threads were stopped: 0.0133615 seconds, Stopping threads took: 0.0000432 seconds
[3825.764s][info ][safepoint      ] Application time: 1.0000871 seconds
[3825.764s][info ][safepoint      ] Entering safepoint region: Cleanup
[3825.764s][info ][safepoint      ] Leaving safepoint region
[3825.764s][info ][safepoint      ] Total time for which application threads were stopped: 0.0000902 seconds, Stopping threads took: 0.0000343 seconds
[3826.764s][info ][safepoint      ] Application time: 1.0000797 seconds
[3826.764s][info ][safepoint      ] Entering safepoint region: Cleanup
[3826.764s][info ][safepoint      ] Leaving safepoint region
[3826.764s][info ][safepoint      ] Total time for which application threads were stopped: 0.0001132 seconds, Stopping threads took: 0.0000546 seconds
[3827.764s][info ][safepoint      ] Application time: 1.0000485 seconds
[3827.764s][info ][safepoint      ] Entering safepoint region: Cleanup
[3827.764s][info ][safepoint      ] Leaving safepoint region
[3827.764s][info ][safepoint      ] Total time for which application threads were stopped: 0.0001483 seconds, Stopping threads took: 0.0000892 seconds
[3828.765s][info ][safepoint      ] Application time: 1.0000746 seconds
[3828.765s][info ][safepoint      ] Entering safepoint region: Cleanup
[3828.765s][info ][safepoint      ] Leaving safepoint region
[3828.765s][info ][safepoint      ] Total time for which application threads were stopped: 0.0001009 seconds, Stopping threads took: 0.0000367 seconds
[3829.765s][info ][safepoint      ] Application time: 1.0000720 seconds
[3829.765s][info ][safepoint      ] Entering safepoint region: Cleanup
[3829.765s][info ][safepoint      ] Leaving safepoint region
[3829.765s][info ][safepoint      ] Total time for which application threads were stopped: 0.0001386 seconds, Stopping threads took: 0.0000665 seconds
[3830.765s][info ][safepoint      ] Application time: 1.0000757 seconds
[3830.765s][info ][safepoint      ] Entering safepoint region: Cleanup
[3830.765s][info ][safepoint      ] Leaving safepoint region
[3830.765s][info ][safepoint      ] Total time for which application threads were stopped: 0.0001039 seconds, Stopping threads took: 0.0000423 seconds
[3831.765s][info ][safepoint      ] Application time: 1.0000730 seconds
[3831.765s][info ][safepoint      ] Entering safepoint region: Cleanup
[3831.765s][info ][safepoint      ] Leaving safepoint region
[3831.765s][info ][safepoint      ] Total time for which application threads were stopped: 0.0001131 seconds, Stopping threads took: 0.0000510 seconds
[3832.765s][info ][safepoint      ] Application time: 1.0000735 seconds
[3832.766s][info ][safepoint      ] Entering safepoint region: Cleanup
[3832.766s][info ][safepoint      ] Leaving safepoint region
[3832.766s][info ][safepoint      ] Total time for which application threads were stopped: 0.0001023 seconds, Stopping threads took: 0.0000321 seconds
[3833.766s][info ][safepoint      ] Application time: 1.0000733 seconds
[3833.766s][info ][safepoint      ] Entering safepoint region: Cleanup
[3833.766s][info ][safepoint      ] Leaving safepoint region
[3833.766s][info ][safepoint      ] Total time for which application threads were stopped: 0.0000993 seconds, Stopping threads took: 0.0000317 seconds
[3834.459s][info ][safepoint      ] Application time: 0.6927452 seconds
[3834.459s][info ][safepoint      ] Entering safepoint region: ParallelGCFailedAllocation
[3834.459s][info ][gc,start       ] GC(446) Pause Young (Allocation Failure)
[3834.471s][debug][gc,phases      ] GC(446) Scavenge 12.250ms
[3834.471s][debug][gc,ref         ] GC(446) Skipped phase1 of Reference Processing due to unavailable references
[3834.471s][debug][gc,ref         ] GC(446) Skipped phase3 of Reference Processing due to unavailable references
[3834.471s][debug][gc,phases      ] GC(446) Reference Processing 0.038ms
[3834.471s][debug][gc,phases      ] GC(446) Weak Processing 0.171ms
[3834.472s][debug][gc,phases      ] GC(446) Scrub String Table 0.476ms
[3834.472s][debug][gc,age         ] GC(446) Desired survivor size 67108864 bytes, new threshold 15 (max threshold 15)
[3834.472s][info ][gc,heap        ] GC(446) PSYoungGen: 2019872K->45056K(2020864K)
[3834.472s][info ][gc,heap        ] GC(446) ParOldGen: 482146K->482146K(613888K)
[3834.472s][info ][gc,metaspace   ] GC(446) Metaspace: 76848K->76848K(1120256K)
[3834.472s][info ][gc             ] GC(446) Pause Young (Allocation Failure) 2443M->514M(2573M) 13.101ms
[3834.472s][info ][gc,cpu         ] GC(446) User=0.05s Sys=0.00s Real=0.01s
[3834.472s][info ][safepoint      ] Leaving safepoint region
[3834.472s][info ][safepoint      ] Total time for which application threads were stopped: 0.0132515 seconds, Stopping threads took: 0.0000122 seconds
[3835.472s][info ][safepoint      ] Application time: 1.0001052 seconds
[3835.472s][info ][safepoint      ] Entering safepoint region: Cleanup
[3835.472s][info ][safepoint      ] Leaving safepoint region
[3835.472s][info ][safepoint      ] Total time for which application threads were stopped: 0.0001456 seconds, Stopping threads took: 0.0000509 seconds
[3836.472s][info ][safepoint      ] Application time: 1.0000771 seconds
[3836.472s][info ][safepoint      ] Entering safepoint region: Cleanup
[3836.472s][info ][safepoint      ] Leaving safepoint region
[3836.472s][info ][safepoint      ] Total time for which application threads were stopped: 0.0001037 seconds, Stopping threads took: 0.0000408 seconds
[3837.472s][info ][safepoint      ] Application time: 1.0000739 seconds
[3837.473s][info ][safepoint      ] Entering safepoint region: Cleanup
[3837.473s][info ][safepoint      ] Leaving safepoint region
[3837.473s][info ][safepoint      ] Total time for which application threads were stopped: 0.0001027 seconds, Stopping threads took: 0.0000350 seconds
[3838.473s][info ][safepoint      ] Application time: 1.0000712 seconds
[3838.473s][info ][safepoint      ] Entering safepoint region: Cleanup
[3838.473s][info ][safepoint      ] Leaving safepoint region
[3838.473s][info ][safepoint      ] Total time for which application threads were stopped: 0.0001023 seconds, Stopping threads took: 0.0000125 seconds
[3839.473s][info ][safepoint      ] Application time: 1.0000693 seconds
[3839.473s][info ][safepoint      ] Entering safepoint region: Cleanup
[3839.473s][info ][safepoint      ] Leaving safepoint region
[3839.473s][info ][safepoint      ] Total time for which application threads were stopped: 0.0000685 seconds, Stopping threads took: 0.0000134 seconds
[3840.473s][info ][safepoint      ] Application time: 1.0000641 seconds
[3840.473s][info ][safepoint      ] Entering safepoint region: Cleanup
[3840.473s][info ][safepoint      ] Leaving safepoint region
[3840.473s][info ][safepoint      ] Total time for which application threads were stopped: 0.0001136 seconds, Stopping threads took: 0.0000461 seconds
[3841.473s][info ][safepoint      ] Application time: 1.0000774 seconds
[3841.473s][info ][safepoint      ] Entering safepoint region: Cleanup
[3841.473s][info ][safepoint      ] Leaving safepoint region
[3841.473s][info ][safepoint      ] Total time for which application threads were stopped: 0.0000732 seconds, Stopping threads took: 0.0000150 seconds
[3842.474s][info ][safepoint      ] Application time: 1.0000760 seconds
[3842.474s][info ][safepoint      ] Entering safepoint region: Cleanup
[3842.474s][info ][safepoint      ] Leaving safepoint region
[3842.474s][info ][safepoint      ] Total time for which application threads were stopped: 0.0001199 seconds, Stopping threads took: 0.0000492 seconds
[3843.474s][info ][safepoint      ] Application time: 1.0000709 seconds
[3843.474s][info ][safepoint      ] Entering safepoint region: Cleanup
[3843.474s][info ][safepoint      ] Leaving safepoint region
[3843.474s][info ][safepoint      ] Total time for which application threads were stopped: 0.0000875 seconds, Stopping threads took: 0.0000137 seconds
[3844.300s][info ][safepoint      ] Application time: 0.8258828 seconds
[3844.300s][info ][safepoint      ] Entering safepoint region: ParallelGCFailedAllocation
[3844.300s][info ][gc,start       ] GC(447) Pause Young (Allocation Failure)
[3844.312s][debug][gc,phases      ] GC(447) Scavenge 12.460ms
[3844.312s][debug][gc,ref         ] GC(447) Skipped phase1 of Reference Processing due to unavailable references
[3844.312s][debug][gc,ref         ] GC(447) Skipped phase3 of Reference Processing due to unavailable references
[3844.313s][debug][gc,phases      ] GC(447) Reference Processing 0.054ms
[3844.313s][debug][gc,phases      ] GC(447) Weak Processing 0.159ms
[3844.313s][debug][gc,phases      ] GC(447) Scrub String Table 0.465ms
[3844.313s][debug][gc,age         ] GC(447) Desired survivor size 70778880 bytes, new threshold 15 (max threshold 15)
[3844.313s][info ][gc,heap        ] GC(447) PSYoungGen: 2020352K->45552K(2024448K)
[3844.313s][info ][gc,heap        ] GC(447) ParOldGen: 482146K->482146K(613888K)
[3844.313s][info ][gc,metaspace   ] GC(447) Metaspace: 76859K->76859K(1120256K)
[3844.313s][info ][gc             ] GC(447) Pause Young (Allocation Failure) 2443M->515M(2576M) 13.268ms
[3844.313s][info ][gc,cpu         ] GC(447) User=0.05s Sys=0.00s Real=0.01s
[3844.313s][info ][safepoint      ] Leaving safepoint region
[3844.313s][info ][safepoint      ] Total time for which application threads were stopped: 0.0134649 seconds, Stopping threads took: 0.0000505 seconds
[3845.313s][info ][safepoint      ] Application time: 1.0000749 seconds
[3845.313s][info ][safepoint      ] Entering safepoint region: Cleanup
[3845.313s][info ][safepoint      ] Leaving safepoint region
[3845.313s][info ][safepoint      ] Total time for which application threads were stopped: 0.0001086 seconds, Stopping threads took: 0.0000437 seconds
[3846.314s][info ][safepoint      ] Application time: 1.0000517 seconds
[3846.314s][info ][safepoint      ] Entering safepoint region: Cleanup
[3846.314s][info ][safepoint      ] Leaving safepoint region
[3846.314s][info ][safepoint      ] Total time for which application threads were stopped: 0.0001148 seconds, Stopping threads took: 0.0000431 seconds
[3847.314s][info ][safepoint      ] Application time: 1.0000746 seconds
[3847.314s][info ][safepoint      ] Entering safepoint region: Cleanup
[3847.314s][info ][safepoint      ] Leaving safepoint region
[3847.314s][info ][safepoint      ] Total time for which application threads were stopped: 0.0001086 seconds, Stopping threads took: 0.0000486 seconds
[3848.314s][info ][safepoint      ] Application time: 1.0000753 seconds
[3848.314s][info ][safepoint      ] Entering safepoint region: Cleanup
[3848.314s][info ][safepoint      ] Leaving safepoint region
[3848.314s][info ][safepoint      ] Total time for which application threads were stopped: 0.0001058 seconds, Stopping threads took: 0.0000451 seconds
[3849.314s][info ][safepoint      ] Application time: 1.0000704 seconds
[3849.314s][info ][safepoint      ] Entering safepoint region: Cleanup
[3849.314s][info ][safepoint      ] Leaving safepoint region
[3849.314s][info ][safepoint      ] Total time for which application threads were stopped: 0.0001114 seconds, Stopping threads took: 0.0000468 seconds
[3850.314s][info ][safepoint      ] Application time: 1.0000734 seconds
[3850.314s][info ][safepoint      ] Entering safepoint region: Cleanup
[3850.315s][info ][safepoint      ] Leaving safepoint region
[3850.315s][info ][safepoint      ] Total time for which application threads were stopped: 0.0001088 seconds, Stopping threads took: 0.0000306 seconds
[3851.315s][info ][safepoint      ] Application time: 1.0000727 seconds
[3851.315s][info ][safepoint      ] Entering safepoint region: Cleanup
[3851.315s][info ][safepoint      ] Leaving safepoint region
[3851.315s][info ][safepoint      ] Total time for which application threads were stopped: 0.0001034 seconds, Stopping threads took: 0.0000449 seconds
[3852.315s][info ][safepoint      ] Application time: 1.0000733 seconds
[3852.315s][info ][safepoint      ] Entering safepoint region: Cleanup
[3852.315s][info ][safepoint      ] Leaving safepoint region
[3852.315s][info ][safepoint      ] Total time for which application threads were stopped: 0.0001109 seconds, Stopping threads took: 0.0000447 seconds
[3853.315s][info ][safepoint      ] Application time: 1.0000720 seconds
[3853.315s][info ][safepoint      ] Entering safepoint region: Cleanup
[3853.315s][info ][safepoint      ] Leaving safepoint region
[3853.315s][info ][safepoint      ] Total time for which application threads were stopped: 0.0001081 seconds, Stopping threads took: 0.0000394 seconds
[3853.965s][info ][safepoint      ] Application time: 0.6496982 seconds
[3853.965s][info ][safepoint      ] Entering safepoint region: ParallelGCFailedAllocation
[3853.965s][info ][gc,start       ] GC(448) Pause Young (Allocation Failure)
[3853.977s][debug][gc,phases      ] GC(448) Scavenge 11.428ms
[3853.977s][debug][gc,ref         ] GC(448) Skipped phase1 of Reference Processing due to unavailable references
[3853.977s][debug][gc,ref         ] GC(448) Skipped phase3 of Reference Processing due to unavailable references
[3853.977s][debug][gc,phases      ] GC(448) Reference Processing 0.033ms
[3853.977s][debug][gc,phases      ] GC(448) Weak Processing 0.189ms
[3853.977s][debug][gc,phases      ] GC(448) Scrub String Table 0.437ms
[3853.977s][debug][gc,age         ] GC(448) Desired survivor size 73400320 bytes, new threshold 15 (max threshold 15)
[3853.977s][info ][gc,heap        ] GC(448) PSYoungGen: 2004464K->45312K(2004480K)
[3853.977s][info ][gc,heap        ] GC(448) ParOldGen: 482146K->482558K(613888K)
[3853.977s][info ][gc,metaspace   ] GC(448) Metaspace: 76859K->76859K(1120256K)
[3853.977s][info ][gc             ] GC(448) Pause Young (Allocation Failure) 2428M->515M(2557M) 12.224ms
[3853.977s][info ][gc,cpu         ] GC(448) User=0.05s Sys=0.00s Real=0.02s
[3853.977s][info ][safepoint      ] Leaving safepoint region
[3853.977s][info ][safepoint      ] Total time for which application threads were stopped: 0.0123938 seconds, Stopping threads took: 0.0000254 seconds
[3854.977s][info ][safepoint      ] Application time: 1.0000730 seconds
[3854.978s][info ][safepoint      ] Entering safepoint region: Cleanup
[3854.978s][info ][safepoint      ] Leaving safepoint region
[3854.978s][info ][safepoint      ] Total time for which application threads were stopped: 0.0000820 seconds, Stopping threads took: 0.0000138 seconds
[3855.978s][info ][safepoint      ] Application time: 1.0000712 seconds
[3855.978s][info ][safepoint      ] Entering safepoint region: Cleanup
[3855.978s][info ][safepoint      ] Leaving safepoint region
[3855.978s][info ][safepoint      ] Total time for which application threads were stopped: 0.0000802 seconds, Stopping threads took: 0.0000130 seconds
[3856.978s][info ][safepoint      ] Application time: 1.0000814 seconds
[3856.978s][info ][safepoint      ] Entering safepoint region: Cleanup
[3856.978s][info ][safepoint      ] Leaving safepoint region
[3856.978s][info ][safepoint      ] Total time for which application threads were stopped: 0.0000786 seconds, Stopping threads took: 0.0000132 seconds
[3857.978s][info ][safepoint      ] Application time: 1.0000692 seconds
[3857.978s][info ][safepoint      ] Entering safepoint region: Cleanup
[3857.978s][info ][safepoint      ] Leaving safepoint region
[3857.978s][info ][safepoint      ] Total time for which application threads were stopped: 0.0000775 seconds, Stopping threads took: 0.0000148 seconds
[3858.978s][info ][safepoint      ] Application time: 1.0000719 seconds
[3858.978s][info ][safepoint      ] Entering safepoint region: Cleanup
[3858.978s][info ][safepoint      ] Leaving safepoint region
[3858.978s][info ][safepoint      ] Total time for which application threads were stopped: 0.0000920 seconds, Stopping threads took: 0.0000145 seconds
[3859.978s][info ][safepoint      ] Application time: 1.0000749 seconds
[3859.979s][info ][safepoint      ] Entering safepoint region: Cleanup
[3859.979s][info ][safepoint      ] Leaving safepoint region
[3859.979s][info ][safepoint      ] Total time for which application threads were stopped: 0.0000726 seconds, Stopping threads took: 0.0000137 seconds
[3860.979s][info ][safepoint      ] Application time: 1.0000770 seconds
[3860.979s][info ][safepoint      ] Entering safepoint region: Cleanup
[3860.979s][info ][safepoint      ] Leaving safepoint region
[3860.979s][info ][safepoint      ] Total time for which application threads were stopped: 0.0001042 seconds, Stopping threads took: 0.0000187 seconds
[3861.979s][info ][safepoint      ] Application time: 1.0000797 seconds
[3861.979s][info ][safepoint      ] Entering safepoint region: Cleanup
[3861.979s][info ][safepoint      ] Leaving safepoint region
[3861.979s][info ][safepoint      ] Total time for which application threads were stopped: 0.0000823 seconds, Stopping threads took: 0.0000194 seconds
[3862.979s][info ][safepoint      ] Application time: 1.0000684 seconds
[3862.979s][info ][safepoint      ] Entering safepoint region: Cleanup
[3862.979s][info ][safepoint      ] Leaving safepoint region
[3862.979s][info ][safepoint      ] Total time for which application threads were stopped: 0.0000839 seconds, Stopping threads took: 0.0000246 seconds
[3863.301s][info ][safepoint      ] Application time: 0.3218618 seconds
[3863.301s][info ][safepoint      ] Entering safepoint region: ParallelGCFailedAllocation
[3863.301s][info ][gc,start       ] GC(449) Pause Young (Allocation Failure)
[3863.315s][debug][gc,phases      ] GC(449) Scavenge 13.531ms
[3863.315s][debug][gc,ref         ] GC(449) Skipped phase1 of Reference Processing due to unavailable references
[3863.315s][debug][gc,ref         ] GC(449) Skipped phase3 of Reference Processing due to unavailable references
[3863.315s][debug][gc,phases      ] GC(449) Reference Processing 0.034ms
[3863.315s][debug][gc,phases      ] GC(449) Weak Processing 0.157ms
[3863.315s][debug][gc,phases      ] GC(449) Scrub String Table 0.450ms
[3863.315s][debug][gc,age         ] GC(449) Desired survivor size 76021760 bytes, new threshold 15 (max threshold 15)
[3863.316s][info ][gc,heap        ] GC(449) PSYoungGen: 2004224K->47040K(2020352K)
[3863.316s][info ][gc,heap        ] GC(449) ParOldGen: 482558K->482734K(613888K)
[3863.316s][info ][gc,metaspace   ] GC(449) Metaspace: 76877K->76877K(1120256K)
[3863.316s][info ][gc             ] GC(449) Pause Young (Allocation Failure) 2428M->517M(2572M) 14.311ms
[3863.316s][info ][gc,cpu         ] GC(449) User=0.05s Sys=0.00s Real=0.01s
[3863.316s][info ][safepoint      ] Leaving safepoint region
[3863.316s][info ][safepoint      ] Total time for which application threads were stopped: 0.0144816 seconds, Stopping threads took: 0.0000150 seconds
[3864.316s][info ][safepoint      ] Application time: 1.0000756 seconds
[3864.316s][info ][safepoint      ] Entering safepoint region: Cleanup
[3864.316s][info ][safepoint      ] Leaving safepoint region
[3864.316s][info ][safepoint      ] Total time for which application threads were stopped: 0.0001045 seconds, Stopping threads took: 0.0000361 seconds
[3865.316s][info ][safepoint      ] Application time: 1.0000674 seconds
[3865.316s][info ][safepoint      ] Entering safepoint region: Cleanup
[3865.316s][info ][safepoint      ] Leaving safepoint region
[3865.316s][info ][safepoint      ] Total time for which application threads were stopped: 0.0001110 seconds, Stopping threads took: 0.0000422 seconds
[3866.316s][info ][safepoint      ] Application time: 1.0000802 seconds
[3866.316s][info ][safepoint      ] Entering safepoint region: Cleanup
[3866.316s][info ][safepoint      ] Leaving safepoint region
[3866.316s][info ][safepoint      ] Total time for which application threads were stopped: 0.0001003 seconds, Stopping threads took: 0.0000328 seconds
[3867.316s][info ][safepoint      ] Application time: 1.0000779 seconds
[3867.316s][info ][safepoint      ] Entering safepoint region: Cleanup
[3867.316s][info ][safepoint      ] Leaving safepoint region
[3867.316s][info ][safepoint      ] Total time for which application threads were stopped: 0.0001000 seconds, Stopping threads took: 0.0000375 seconds
[3868.317s][info ][safepoint      ] Application time: 1.0000710 seconds
[3868.317s][info ][safepoint      ] Entering safepoint region: Cleanup
[3868.317s][info ][safepoint      ] Leaving safepoint region
[3868.317s][info ][safepoint      ] Total time for which application threads were stopped: 0.0001104 seconds, Stopping threads took: 0.0000573 seconds
[3869.317s][info ][safepoint      ] Application time: 1.0000613 seconds
[3869.317s][info ][safepoint      ] Entering safepoint region: Cleanup
[3869.317s][info ][safepoint      ] Leaving safepoint region
[3869.317s][info ][safepoint      ] Total time for which application threads were stopped: 0.0001029 seconds, Stopping threads took: 0.0000320 seconds
[3870.317s][info ][safepoint      ] Application time: 1.0000747 seconds
[3870.317s][info ][safepoint      ] Entering safepoint region: Cleanup
[3870.317s][info ][safepoint      ] Leaving safepoint region
[3870.317s][info ][safepoint      ] Total time for which application threads were stopped: 0.0000978 seconds, Stopping threads took: 0.0000353 seconds
[3871.317s][info ][safepoint      ] Application time: 1.0000739 seconds
[3871.317s][info ][safepoint      ] Entering safepoint region: Cleanup
[3871.317s][info ][safepoint      ] Leaving safepoint region
[3871.317s][info ][safepoint      ] Total time for which application threads were stopped: 0.0001147 seconds, Stopping threads took: 0.0000538 seconds
[3872.317s][info ][safepoint      ] Application time: 1.0000707 seconds
[3872.318s][info ][safepoint      ] Entering safepoint region: Cleanup
[3872.318s][info ][safepoint      ] Leaving safepoint region
[3872.318s][info ][safepoint      ] Total time for which application threads were stopped: 0.0001189 seconds, Stopping threads took: 0.0000546 seconds
[3873.166s][info ][safepoint      ] Application time: 0.8480737 seconds
[3873.166s][info ][safepoint      ] Entering safepoint region: ParallelGCFailedAllocation
[3873.166s][info ][gc,start       ] GC(450) Pause Young (Allocation Failure)
[3873.177s][debug][gc,phases      ] GC(450) Scavenge 11.430ms
[3873.177s][debug][gc,ref         ] GC(450) Skipped phase1 of Reference Processing due to unavailable references
[3873.177s][debug][gc,ref         ] GC(450) Skipped phase3 of Reference Processing due to unavailable references
[3873.177s][debug][gc,phases      ] GC(450) Reference Processing 0.045ms
[3873.178s][debug][gc,phases      ] GC(450) Weak Processing 0.186ms
[3873.178s][debug][gc,phases      ] GC(450) Scrub String Table 0.544ms
[3873.178s][debug][gc,age         ] GC(450) Desired survivor size 77594624 bytes, new threshold 15 (max threshold 15)
[3873.178s][info ][gc,heap        ] GC(450) PSYoungGen: 1995712K->47344K(1996288K)
[3873.178s][info ][gc,heap        ] GC(450) ParOldGen: 482734K->483098K(613888K)
[3873.178s][info ][gc,metaspace   ] GC(450) Metaspace: 76881K->76881K(1120256K)
[3873.178s][info ][gc             ] GC(450) Pause Young (Allocation Failure) 2420M->518M(2549M) 12.366ms
[3873.178s][info ][gc,cpu         ] GC(450) User=0.05s Sys=0.00s Real=0.02s
[3873.178s][info ][safepoint      ] Leaving safepoint region
[3873.178s][info ][safepoint      ] Total time for which application threads were stopped: 0.0125338 seconds, Stopping threads took: 0.0000139 seconds
[3874.178s][info ][safepoint      ] Application time: 1.0000855 seconds
[3874.178s][info ][safepoint      ] Entering safepoint region: Cleanup
[3874.178s][info ][safepoint      ] Leaving safepoint region
[3874.178s][info ][safepoint      ] Total time for which application threads were stopped: 0.0001038 seconds, Stopping threads took: 0.0000366 seconds
[3874.336s][info ][safepoint      ] Application time: 0.1577103 seconds
[3874.336s][info ][safepoint      ] Entering safepoint region: RevokeBias
[3874.336s][info ][safepoint      ] Leaving safepoint region
[3874.336s][info ][safepoint      ] Total time for which application threads were stopped: 0.0001008 seconds, Stopping threads took: 0.0000192 seconds
[3875.336s][info ][safepoint      ] Application time: 1.0000925 seconds
[3875.336s][info ][safepoint      ] Entering safepoint region: Cleanup
[3875.337s][info ][safepoint      ] Leaving safepoint region
[3875.337s][info ][safepoint      ] Total time for which application threads were stopped: 0.0000866 seconds, Stopping threads took: 0.0000195 seconds
[3876.337s][info ][safepoint      ] Application time: 1.0000709 seconds
[3876.337s][info ][safepoint      ] Entering safepoint region: Cleanup
[3876.337s][info ][safepoint      ] Leaving safepoint region
[3876.337s][info ][safepoint      ] Total time for which application threads were stopped: 0.0000832 seconds, Stopping threads took: 0.0000186 seconds
[3877.337s][info ][safepoint      ] Application time: 1.0000751 seconds
[3877.337s][info ][safepoint      ] Entering safepoint region: Cleanup
[3877.337s][info ][safepoint      ] Leaving safepoint region
[3877.337s][info ][safepoint      ] Total time for which application threads were stopped: 0.0000704 seconds, Stopping threads took: 0.0000153 seconds
[3878.337s][info ][safepoint      ] Application time: 1.0000759 seconds
[3878.337s][info ][safepoint      ] Entering safepoint region: Cleanup
[3878.337s][info ][safepoint      ] Leaving safepoint region
[3878.337s][info ][safepoint      ] Total time for which application threads were stopped: 0.0000737 seconds, Stopping threads took: 0.0000173 seconds
[3879.337s][info ][safepoint      ] Application time: 1.0000591 seconds
[3879.337s][info ][safepoint      ] Entering safepoint region: Cleanup
[3879.337s][info ][safepoint      ] Leaving safepoint region
[3879.337s][info ][safepoint      ] Total time for which application threads were stopped: 0.0000699 seconds, Stopping threads took: 0.0000152 seconds
[3880.337s][info ][safepoint      ] Application time: 1.0000779 seconds
[3880.337s][info ][safepoint      ] Entering safepoint region: Cleanup
[3880.338s][info ][safepoint      ] Leaving safepoint region
[3880.338s][info ][safepoint      ] Total time for which application threads were stopped: 0.0000725 seconds, Stopping threads took: 0.0000173 seconds
[3881.338s][info ][safepoint      ] Application time: 1.0000810 seconds
[3881.338s][info ][safepoint      ] Entering safepoint region: Cleanup
[3881.338s][info ][safepoint      ] Leaving safepoint region
[3881.338s][info ][safepoint      ] Total time for which application threads were stopped: 0.0000855 seconds, Stopping threads took: 0.0000161 seconds
[3882.338s][info ][safepoint      ] Application time: 1.0000736 seconds
[3882.338s][info ][safepoint      ] Entering safepoint region: Cleanup
[3882.338s][info ][safepoint      ] Leaving safepoint region
[3882.338s][info ][safepoint      ] Total time for which application threads were stopped: 0.0001085 seconds, Stopping threads took: 0.0000164 seconds
[3883.338s][info ][safepoint      ] Application time: 1.0000728 seconds
[3883.338s][info ][safepoint      ] Entering safepoint region: Cleanup
[3883.338s][info ][safepoint      ] Leaving safepoint region
[3883.338s][info ][safepoint      ] Total time for which application threads were stopped: 0.0000738 seconds, Stopping threads took: 0.0000152 seconds
[3883.500s][info ][safepoint      ] Application time: 0.1613597 seconds
[3883.500s][info ][safepoint      ] Entering safepoint region: ParallelGCFailedAllocation
[3883.500s][info ][gc,start       ] GC(451) Pause Young (Allocation Failure)
[3883.512s][debug][gc,phases      ] GC(451) Scavenge 12.710ms
[3883.513s][debug][gc,ref         ] GC(451) Skipped phase1 of Reference Processing due to unavailable references
[3883.513s][debug][gc,ref         ] GC(451) Skipped phase3 of Reference Processing due to unavailable references
[3883.513s][debug][gc,phases      ] GC(451) Reference Processing 0.039ms
[3883.513s][debug][gc,phases      ] GC(451) Weak Processing 0.170ms
[3883.513s][debug][gc,phases      ] GC(451) Scrub String Table 0.490ms
[3883.513s][debug][gc,age         ] GC(451) Desired survivor size 78643200 bytes, new threshold 15 (max threshold 15)
[3883.513s][info ][gc,heap        ] GC(451) PSYoungGen: 1996016K->46400K(2019328K)
[3883.513s][info ][gc,heap        ] GC(451) ParOldGen: 483098K->483146K(613888K)
[3883.513s][info ][gc,metaspace   ] GC(451) Metaspace: 76883K->76883K(1120256K)
[3883.513s][info ][gc             ] GC(451) Pause Young (Allocation Failure) 2421M->517M(2571M) 13.544ms
[3883.513s][info ][gc,cpu         ] GC(451) User=0.05s Sys=0.00s Real=0.01s
[3883.513s][info ][safepoint      ] Leaving safepoint region
[3883.513s][info ][safepoint      ] Total time for which application threads were stopped: 0.0137617 seconds, Stopping threads took: 0.0000482 seconds
[3884.217s][info ][safepoint      ] Application time: 0.7037741 seconds
[3884.217s][info ][safepoint      ] Entering safepoint region: RevokeBias
[3884.217s][info ][safepoint      ] Leaving safepoint region
[3884.217s][info ][safepoint      ] Total time for which application threads were stopped: 0.0001223 seconds, Stopping threads took: 0.0000308 seconds
[3884.218s][info ][safepoint      ] Application time: 0.0003130 seconds
[3884.218s][info ][safepoint      ] Entering safepoint region: RevokeBias
[3884.218s][info ][safepoint      ] Leaving safepoint region
[3884.218s][info ][safepoint      ] Total time for which application threads were stopped: 0.0000858 seconds, Stopping threads took: 0.0000341 seconds
[3884.384s][info ][safepoint      ] Application time: 0.1665053 seconds
[3884.384s][info ][safepoint      ] Entering safepoint region: RevokeBias
[3884.384s][info ][safepoint      ] Leaving safepoint region
[3884.384s][info ][safepoint      ] Total time for which application threads were stopped: 0.0001865 seconds, Stopping threads took: 0.0000316 seconds
[3885.385s][info ][safepoint      ] Application time: 1.0000779 seconds
[3885.385s][info ][safepoint      ] Entering safepoint region: Cleanup
[3885.385s][info ][safepoint      ] Leaving safepoint region
[3885.385s][info ][safepoint      ] Total time for which application threads were stopped: 0.0000767 seconds, Stopping threads took: 0.0000154 seconds
[3885.927s][info ][safepoint      ] Application time: 0.5425669 seconds
[3885.927s][info ][safepoint      ] Entering safepoint region: RevokeBias
[3885.927s][info ][safepoint      ] Leaving safepoint region
[3885.927s][info ][safepoint      ] Total time for which application threads were stopped: 0.0000693 seconds, Stopping threads took: 0.0000124 seconds
[3885.934s][info ][safepoint      ] Application time: 0.0066181 seconds
[3885.934s][info ][safepoint      ] Entering safepoint region: RevokeBias
[3885.934s][info ][safepoint      ] Leaving safepoint region
[3885.934s][info ][safepoint      ] Total time for which application threads were stopped: 0.0001139 seconds, Stopping threads took: 0.0000407 seconds
[3885.966s][info ][safepoint      ] Application time: 0.0323552 seconds
[3885.966s][info ][safepoint      ] Entering safepoint region: RevokeBias
[3885.967s][info ][safepoint      ] Leaving safepoint region
[3885.967s][info ][safepoint      ] Total time for which application threads were stopped: 0.0001281 seconds, Stopping threads took: 0.0000275 seconds
[3885.970s][info ][safepoint      ] Application time: 0.0035467 seconds
[3885.970s][info ][safepoint      ] Entering safepoint region: RevokeBias
[3885.970s][info ][safepoint      ] Leaving safepoint region
[3885.970s][info ][safepoint      ] Total time for which application threads were stopped: 0.0000638 seconds, Stopping threads took: 0.0000076 seconds
[3886.970s][info ][safepoint      ] Application time: 1.0000753 seconds
[3886.970s][info ][safepoint      ] Entering safepoint region: Cleanup
[3886.970s][info ][safepoint      ] Leaving safepoint region
[3886.970s][info ][safepoint      ] Total time for which application threads were stopped: 0.0001466 seconds, Stopping threads took: 0.0000522 seconds
[3887.971s][info ][safepoint      ] Application time: 1.0000839 seconds
[3887.971s][info ][safepoint      ] Entering safepoint region: Cleanup
[3887.971s][info ][safepoint      ] Leaving safepoint region
[3887.971s][info ][safepoint      ] Total time for which application threads were stopped: 0.0001138 seconds, Stopping threads took: 0.0000401 seconds
[3888.971s][info ][safepoint      ] Application time: 1.0000739 seconds
[3888.971s][info ][safepoint      ] Entering safepoint region: Cleanup
[3888.971s][info ][safepoint      ] Leaving safepoint region
[3888.971s][info ][safepoint      ] Total time for which application threads were stopped: 0.0001049 seconds, Stopping threads took: 0.0000361 seconds
[3889.971s][info ][safepoint      ] Application time: 1.0000761 seconds
[3889.971s][info ][safepoint      ] Entering safepoint region: Cleanup
[3889.971s][info ][safepoint      ] Leaving safepoint region
[3889.971s][info ][safepoint      ] Total time for which application threads were stopped: 0.0001042 seconds, Stopping threads took: 0.0000478 seconds
[3890.966s][info ][safepoint      ] Application time: 0.9947403 seconds
[3890.966s][info ][safepoint      ] Entering safepoint region: RevokeBias
[3890.966s][info ][safepoint      ] Leaving safepoint region
[3890.966s][info ][safepoint      ] Total time for which application threads were stopped: 0.0000987 seconds, Stopping threads took: 0.0000308 seconds
[3890.966s][info ][safepoint      ] Application time: 0.0000443 seconds
[3890.966s][info ][safepoint      ] Entering safepoint region: RevokeBias
[3890.966s][info ][safepoint      ] Leaving safepoint region
[3890.966s][info ][safepoint      ] Total time for which application threads were stopped: 0.0000366 seconds, Stopping threads took: 0.0000174 seconds
[3890.966s][info ][safepoint      ] Application time: 0.0001621 seconds
[3890.966s][info ][safepoint      ] Entering safepoint region: RevokeBias
[3890.966s][info ][safepoint      ] Leaving safepoint region
[3890.966s][info ][safepoint      ] Total time for which application threads were stopped: 0.0000387 seconds, Stopping threads took: 0.0000196 seconds
[3890.966s][info ][safepoint      ] Application time: 0.0001150 seconds
[3890.966s][info ][safepoint      ] Entering safepoint region: RevokeBias
[3890.966s][info ][safepoint      ] Leaving safepoint region
[3890.966s][info ][safepoint      ] Total time for which application threads were stopped: 0.0000396 seconds, Stopping threads took: 0.0000192 seconds
[3890.967s][info ][safepoint      ] Application time: 0.0000267 seconds
[3890.967s][info ][safepoint      ] Entering safepoint region: RevokeBias
[3890.967s][info ][safepoint      ] Leaving safepoint region
[3890.967s][info ][safepoint      ] Total time for which application threads were stopped: 0.0000265 seconds, Stopping threads took: 0.0000081 seconds
[3890.967s][info ][safepoint      ] Application time: 0.0000423 seconds
[3890.967s][info ][safepoint      ] Entering safepoint region: RevokeBias
[3890.967s][info ][safepoint      ] Leaving safepoint region
[3890.967s][info ][safepoint      ] Total time for which application threads were stopped: 0.0000276 seconds, Stopping threads took: 0.0000087 seconds
[3890.967s][info ][safepoint      ] Application time: 0.0000809 seconds
[3890.967s][info ][safepoint      ] Entering safepoint region: RevokeBias
[3890.967s][info ][safepoint      ] Leaving safepoint region
[3890.967s][info ][safepoint      ] Total time for which application threads were stopped: 0.0000354 seconds, Stopping threads took: 0.0000175 seconds
[3891.967s][info ][safepoint      ] Application time: 1.0000731 seconds
[3891.967s][info ][safepoint      ] Entering safepoint region: Cleanup
[3891.967s][info ][safepoint      ] Leaving safepoint region
[3891.967s][info ][safepoint      ] Total time for which application threads were stopped: 0.0000949 seconds, Stopping threads took: 0.0000409 seconds
[3891.999s][info ][safepoint      ] Application time: 0.0316408 seconds
[3891.999s][info ][safepoint      ] Entering safepoint region: ParallelGCFailedAllocation
[3891.999s][info ][gc,start       ] GC(452) Pause Young (Allocation Failure)
[3892.022s][debug][gc,phases      ] GC(452) Scavenge 23.667ms
[3892.023s][debug][gc,ref         ] GC(452) Skipped phase1 of Reference Processing due to unavailable references
[3892.023s][debug][gc,phases      ] GC(452) Reference Processing 0.069ms
[3892.023s][debug][gc,phases      ] GC(452) Weak Processing 0.173ms
[3892.023s][debug][gc,phases      ] GC(452) Scrub String Table 0.523ms
[3892.023s][debug][gc,age         ] GC(452) Desired survivor size 98566144 bytes, new threshold 14 (max threshold 15)
[3892.023s][info ][gc,heap        ] GC(452) PSYoungGen: 1989952K->76782K(2020352K)
[3892.023s][info ][gc,heap        ] GC(452) ParOldGen: 483146K->504237K(613888K)
[3892.023s][info ][gc,metaspace   ] GC(452) Metaspace: 76913K->76913K(1120256K)
[3892.023s][info ][gc             ] GC(452) Pause Young (Allocation Failure) 2415M->567M(2572M) 24.614ms
[3892.023s][info ][gc,cpu         ] GC(452) User=0.09s Sys=0.00s Real=0.02s
[3892.023s][info ][safepoint      ] Leaving safepoint region
[3892.023s][info ][safepoint      ] Total time for which application threads were stopped: 0.0248001 seconds, Stopping threads took: 0.0000293 seconds
[3893.024s][info ][safepoint      ] Application time: 1.0000961 seconds
[3893.024s][info ][safepoint      ] Entering safepoint region: Cleanup
[3893.024s][info ][safepoint      ] Leaving safepoint region
[3893.024s][info ][safepoint      ] Total time for which application threads were stopped: 0.0000661 seconds, Stopping threads took: 0.0000127 seconds
[3894.024s][info ][safepoint      ] Application time: 1.0000824 seconds
[3894.024s][info ][safepoint      ] Entering safepoint region: Cleanup
[3894.024s][info ][safepoint      ] Leaving safepoint region
[3894.024s][info ][safepoint      ] Total time for which application threads were stopped: 0.0001112 seconds, Stopping threads took: 0.0000352 seconds
[3895.024s][info ][safepoint      ] Application time: 1.0000786 seconds
[3895.024s][info ][safepoint      ] Entering safepoint region: Cleanup
[3895.024s][info ][safepoint      ] Leaving safepoint region
[3895.024s][info ][safepoint      ] Total time for which application threads were stopped: 0.0000637 seconds, Stopping threads took: 0.0000118 seconds
[3896.024s][info ][safepoint      ] Application time: 1.0000689 seconds
[3896.024s][info ][safepoint      ] Entering safepoint region: Cleanup
[3896.024s][info ][safepoint      ] Leaving safepoint region
[3896.024s][info ][safepoint      ] Total time for which application threads were stopped: 0.0000771 seconds, Stopping threads took: 0.0000132 seconds
[3897.024s][info ][safepoint      ] Application time: 1.0000669 seconds
[3897.024s][info ][safepoint      ] Entering safepoint region: Cleanup
[3897.024s][info ][safepoint      ] Leaving safepoint region
[3897.024s][info ][safepoint      ] Total time for which application threads were stopped: 0.0000627 seconds, Stopping threads took: 0.0000118 seconds
[3898.025s][info ][safepoint      ] Application time: 1.0000758 seconds
[3898.025s][info ][safepoint      ] Entering safepoint region: Cleanup
[3898.025s][info ][safepoint      ] Leaving safepoint region
[3898.025s][info ][safepoint      ] Total time for which application threads were stopped: 0.0000656 seconds, Stopping threads took: 0.0000136 seconds
[3899.025s][info ][safepoint      ] Application time: 1.0000722 seconds
[3899.025s][info ][safepoint      ] Entering safepoint region: Cleanup
[3899.025s][info ][safepoint      ] Leaving safepoint region
[3899.025s][info ][safepoint      ] Total time for which application threads were stopped: 0.0001294 seconds, Stopping threads took: 0.0000411 seconds
[3900.025s][info ][safepoint      ] Application time: 1.0000697 seconds
[3900.025s][info ][safepoint      ] Entering safepoint region: Cleanup
[3900.025s][info ][safepoint      ] Leaving safepoint region
[3900.025s][info ][safepoint      ] Total time for which application threads were stopped: 0.0000644 seconds, Stopping threads took: 0.0000123 seconds
[3901.025s][info ][safepoint      ] Application time: 1.0000792 seconds
[3901.025s][info ][safepoint      ] Entering safepoint region: Cleanup
[3901.025s][info ][safepoint      ] Leaving safepoint region
[3901.025s][info ][safepoint      ] Total time for which application threads were stopped: 0.0000654 seconds, Stopping threads took: 0.0000122 seconds
[3901.099s][info ][safepoint      ] Application time: 0.0732678 seconds
[3901.099s][info ][safepoint      ] Entering safepoint region: ParallelGCFailedAllocation
[3901.099s][info ][gc,start       ] GC(453) Pause Young (Allocation Failure)
[3901.115s][debug][gc,phases      ] GC(453) Scavenge 16.489ms
[3901.115s][debug][gc,ref         ] GC(453) Skipped phase1 of Reference Processing due to unavailable references
[3901.115s][debug][gc,ref         ] GC(453) Skipped phase3 of Reference Processing due to unavailable references
[3901.115s][debug][gc,phases      ] GC(453) Reference Processing 0.049ms
[3901.115s][debug][gc,phases      ] GC(453) Weak Processing 0.147ms
[3901.116s][debug][gc,phases      ] GC(453) Scrub String Table 0.467ms
[3901.116s][debug][gc,age         ] GC(453) Desired survivor size 106954752 bytes, new threshold 13 (max threshold 15)
[3901.116s][info ][gc,heap        ] GC(453) PSYoungGen: 2020334K->76783K(1965056K)
[3901.116s][info ][gc,heap        ] GC(453) ParOldGen: 504237K->504617K(613888K)
[3901.116s][info ][gc,metaspace   ] GC(453) Metaspace: 76913K->76913K(1120256K)
[3901.116s][info ][gc             ] GC(453) Pause Young (Allocation Failure) 2465M->567M(2518M) 17.287ms
[3901.116s][info ][gc,cpu         ] GC(453) User=0.07s Sys=0.00s Real=0.01s
[3901.116s][info ][safepoint      ] Leaving safepoint region
[3901.116s][info ][safepoint      ] Total time for which application threads were stopped: 0.0174963 seconds, Stopping threads took: 0.0000645 seconds
[3902.116s][info ][safepoint      ] Application time: 1.0000779 seconds
[3902.116s][info ][safepoint      ] Entering safepoint region: Cleanup
[3902.116s][info ][safepoint      ] Leaving safepoint region
[3902.116s][info ][safepoint      ] Total time for which application threads were stopped: 0.0001064 seconds, Stopping threads took: 0.0000406 seconds
[3903.116s][info ][safepoint      ] Application time: 1.0000739 seconds
[3903.116s][info ][safepoint      ] Entering safepoint region: Cleanup
[3903.116s][info ][safepoint      ] Leaving safepoint region
[3903.116s][info ][safepoint      ] Total time for which application threads were stopped: 0.0000902 seconds, Stopping threads took: 0.0000305 seconds
[3904.117s][info ][safepoint      ] Application time: 1.0000714 seconds
[3904.117s][info ][safepoint      ] Entering safepoint region: Cleanup
[3904.117s][info ][safepoint      ] Leaving safepoint region
[3904.117s][info ][safepoint      ] Total time for which application threads were stopped: 0.0000966 seconds, Stopping threads took: 0.0000350 seconds
[3905.117s][info ][safepoint      ] Application time: 1.0000746 seconds
[3905.117s][info ][safepoint      ] Entering safepoint region: Cleanup
[3905.117s][info ][safepoint      ] Leaving safepoint region
[3905.117s][info ][safepoint      ] Total time for which application threads were stopped: 0.0001280 seconds, Stopping threads took: 0.0000646 seconds
[3906.117s][info ][safepoint      ] Application time: 1.0000707 seconds
[3906.117s][info ][safepoint      ] Entering safepoint region: Cleanup
[3906.117s][info ][safepoint      ] Leaving safepoint region
[3906.117s][info ][safepoint      ] Total time for which application threads were stopped: 0.0001010 seconds, Stopping threads took: 0.0000411 seconds
[3907.117s][info ][safepoint      ] Application time: 1.0000730 seconds
[3907.117s][info ][safepoint      ] Entering safepoint region: Cleanup
[3907.117s][info ][safepoint      ] Leaving safepoint region
[3907.117s][info ][safepoint      ] Total time for which application threads were stopped: 0.0000963 seconds, Stopping threads took: 0.0000434 seconds
[3908.117s][info ][safepoint      ] Application time: 1.0000717 seconds
[3908.117s][info ][safepoint      ] Entering safepoint region: Cleanup
[3908.118s][info ][safepoint      ] Leaving safepoint region
[3908.118s][info ][safepoint      ] Total time for which application threads were stopped: 0.0001020 seconds, Stopping threads took: 0.0000468 seconds
[3909.118s][info ][safepoint      ] Application time: 1.0000740 seconds
[3909.118s][info ][safepoint      ] Entering safepoint region: Cleanup
[3909.118s][info ][safepoint      ] Leaving safepoint region
[3909.118s][info ][safepoint      ] Total time for which application threads were stopped: 0.0000947 seconds, Stopping threads took: 0.0000392 seconds
[3910.118s][info ][safepoint      ] Application time: 1.0000774 seconds
[3910.118s][info ][safepoint      ] Entering safepoint region: Cleanup
[3910.118s][info ][safepoint      ] Leaving safepoint region
[3910.118s][info ][safepoint      ] Total time for which application threads were stopped: 0.0001130 seconds, Stopping threads took: 0.0000391 seconds
[3910.374s][info ][safepoint      ] Application time: 0.2560738 seconds
[3910.374s][info ][safepoint      ] Entering safepoint region: ParallelGCFailedAllocation
[3910.374s][info ][gc,start       ] GC(454) Pause Young (Allocation Failure)
[3910.391s][debug][gc,phases      ] GC(454) Scavenge 16.493ms
[3910.391s][debug][gc,ref         ] GC(454) Skipped phase1 of Reference Processing due to unavailable references
[3910.391s][debug][gc,ref         ] GC(454) Skipped phase3 of Reference Processing due to unavailable references
[3910.391s][debug][gc,phases      ] GC(454) Reference Processing 0.029ms
[3910.391s][debug][gc,phases      ] GC(454) Weak Processing 0.158ms
[3910.391s][debug][gc,phases      ] GC(454) Scrub String Table 0.483ms
[3910.391s][debug][gc,age         ] GC(454) Desired survivor size 109051904 bytes, new threshold 14 (max threshold 15)
[3910.392s][info ][gc,heap        ] GC(454) PSYoungGen: 1965039K->65247K(1953792K)
[3910.392s][info ][gc,heap        ] GC(454) ParOldGen: 504617K->518447K(613888K)
[3910.392s][info ][gc,metaspace   ] GC(454) Metaspace: 76916K->76916K(1120256K)
[3910.392s][info ][gc             ] GC(454) Pause Young (Allocation Failure) 2411M->570M(2507M) 17.303ms
[3910.392s][info ][gc,cpu         ] GC(454) User=0.05s Sys=0.02s Real=0.02s
[3910.392s][info ][safepoint      ] Leaving safepoint region
[3910.392s][info ][safepoint      ] Total time for which application threads were stopped: 0.0174890 seconds, Stopping threads took: 0.0000448 seconds
[3911.392s][info ][safepoint      ] Application time: 1.0000787 seconds
[3911.392s][info ][safepoint      ] Entering safepoint region: Cleanup
[3911.392s][info ][safepoint      ] Leaving safepoint region
[3911.392s][info ][safepoint      ] Total time for which application threads were stopped: 0.0000709 seconds, Stopping threads took: 0.0000161 seconds
[3912.392s][info ][safepoint      ] Application time: 1.0000259 seconds
[3912.392s][info ][safepoint      ] Entering safepoint region: Cleanup
[3912.392s][info ][safepoint      ] Leaving safepoint region
[3912.392s][info ][safepoint      ] Total time for which application threads were stopped: 0.0000706 seconds, Stopping threads took: 0.0000161 seconds
[3913.392s][info ][safepoint      ] Application time: 1.0000796 seconds
[3913.392s][info ][safepoint      ] Entering safepoint region: Cleanup
[3913.392s][info ][safepoint      ] Leaving safepoint region
[3913.392s][info ][safepoint      ] Total time for which application threads were stopped: 0.0000766 seconds, Stopping threads took: 0.0000158 seconds
[3914.392s][info ][safepoint      ] Application time: 1.0000660 seconds
[3914.392s][info ][safepoint      ] Entering safepoint region: Cleanup
[3914.392s][info ][safepoint      ] Leaving safepoint region
[3914.392s][info ][safepoint      ] Total time for which application threads were stopped: 0.0000720 seconds, Stopping threads took: 0.0000173 seconds
[3915.392s][info ][safepoint      ] Application time: 1.0000665 seconds
[3915.392s][info ][safepoint      ] Entering safepoint region: Cleanup
[3915.393s][info ][safepoint      ] Leaving safepoint region
[3915.393s][info ][safepoint      ] Total time for which application threads were stopped: 0.0000780 seconds, Stopping threads took: 0.0000174 seconds
[3917.393s][info ][safepoint      ] Application time: 2.0001508 seconds
[3917.393s][info ][safepoint      ] Entering safepoint region: Cleanup
[3917.393s][info ][safepoint      ] Leaving safepoint region
[3917.393s][info ][safepoint      ] Total time for which application threads were stopped: 0.0001340 seconds, Stopping threads took: 0.0000336 seconds
[3918.393s][info ][safepoint      ] Application time: 1.0000751 seconds
[3918.393s][info ][safepoint      ] Entering safepoint region: Cleanup
[3918.393s][info ][safepoint      ] Leaving safepoint region
[3918.393s][info ][safepoint      ] Total time for which application threads were stopped: 0.0001151 seconds, Stopping threads took: 0.0000343 seconds
[3918.422s][info ][safepoint      ] Application time: 0.0289595 seconds
[3918.422s][info ][safepoint      ] Entering safepoint region: ParallelGCFailedAllocation
[3918.422s][info ][gc,start       ] GC(455) Pause Young (Allocation Failure)
[3918.441s][debug][gc,phases      ] GC(455) Scavenge 18.986ms
[3918.441s][debug][gc,ref         ] GC(455) Skipped phase1 of Reference Processing due to unavailable references
[3918.441s][debug][gc,ref         ] GC(455) Skipped phase3 of Reference Processing due to unavailable references
[3918.441s][debug][gc,phases      ] GC(455) Reference Processing 0.032ms
[3918.441s][debug][gc,phases      ] GC(455) Weak Processing 0.149ms
[3918.442s][debug][gc,phases      ] GC(455) Scrub String Table 0.483ms
[3918.442s][debug][gc,age         ] GC(455) Desired survivor size 113770496 bytes, new threshold 15 (max threshold 15)
[3918.442s][info ][gc,heap        ] GC(455) PSYoungGen: 1953503K->75181K(1981440K)
[3918.442s][info ][gc,heap        ] GC(455) ParOldGen: 518447K->518447K(613888K)
[3918.442s][info ][gc,metaspace   ] GC(455) Metaspace: 76918K->76918K(1120256K)
[3918.442s][info ][gc             ] GC(455) Pause Young (Allocation Failure) 2414M->579M(2534M) 19.790ms
[3918.442s][info ][gc,cpu         ] GC(455) User=0.08s Sys=0.00s Real=0.02s
[3918.442s][info ][safepoint      ] Leaving safepoint region
[3918.442s][info ][safepoint      ] Total time for which application threads were stopped: 0.0199630 seconds, Stopping threads took: 0.0000292 seconds
[3919.442s][info ][safepoint      ] Application time: 1.0000820 seconds
[3919.442s][info ][safepoint      ] Entering safepoint region: Cleanup
[3919.442s][info ][safepoint      ] Leaving safepoint region
[3919.442s][info ][safepoint      ] Total time for which application threads were stopped: 0.0000800 seconds, Stopping threads took: 0.0000164 seconds
[3922.442s][info ][safepoint      ] Application time: 3.0002196 seconds
[3922.443s][info ][safepoint      ] Entering safepoint region: Cleanup
[3922.443s][info ][safepoint      ] Leaving safepoint region
[3922.443s][info ][safepoint      ] Total time for which application threads were stopped: 0.0000788 seconds, Stopping threads took: 0.0000164 seconds
[3923.443s][info ][safepoint      ] Application time: 1.0000810 seconds
[3923.443s][info ][safepoint      ] Entering safepoint region: Cleanup
[3923.443s][info ][safepoint      ] Leaving safepoint region
[3923.443s][info ][safepoint      ] Total time for which application threads were stopped: 0.0000848 seconds, Stopping threads took: 0.0000173 seconds
[3927.448s][info ][safepoint      ] Application time: 4.0053140 seconds
[3927.448s][info ][safepoint      ] Entering safepoint region: ParallelGCFailedAllocation
[3927.448s][info ][gc,start       ] GC(456) Pause Young (Allocation Failure)
[3927.461s][debug][gc,phases      ] GC(456) Scavenge 12.535ms
[3927.461s][debug][gc,ref         ] GC(456) Skipped phase1 of Reference Processing due to unavailable references
[3927.461s][debug][gc,ref         ] GC(456) Skipped phase3 of Reference Processing due to unavailable references
[3927.461s][debug][gc,phases      ] GC(456) Reference Processing 0.034ms
[3927.461s][debug][gc,phases      ] GC(456) Weak Processing 0.176ms
[3927.462s][debug][gc,phases      ] GC(456) Scrub String Table 0.479ms
[3927.462s][debug][gc,age         ] GC(456) Desired survivor size 113770496 bytes, new threshold 15 (max threshold 15)
[3927.462s][info ][gc,heap        ] GC(456) PSYoungGen: 1950125K->65133K(1986048K)
[3927.462s][info ][gc,heap        ] GC(456) ParOldGen: 518447K->518447K(613888K)
[3927.462s][info ][gc,metaspace   ] GC(456) Metaspace: 76918K->76918K(1120256K)
[3927.462s][info ][gc             ] GC(456) Pause Young (Allocation Failure) 2410M->569M(2539M) 13.367ms
[3927.462s][info ][gc,cpu         ] GC(456) User=0.05s Sys=0.01s Real=0.02s
[3927.462s][info ][safepoint      ] Leaving safepoint region
[3927.462s][info ][safepoint      ] Total time for which application threads were stopped: 0.0135554 seconds, Stopping threads took: 0.0000388 seconds
[3929.462s][info ][safepoint      ] Application time: 2.0001546 seconds
[3929.462s][info ][safepoint      ] Entering safepoint region: Cleanup
[3929.462s][info ][safepoint      ] Leaving safepoint region
[3929.462s][info ][safepoint      ] Total time for which application threads were stopped: 0.0001293 seconds, Stopping threads took: 0.0000441 seconds
[3931.462s][info ][safepoint      ] Application time: 2.0001256 seconds
[3931.462s][info ][safepoint      ] Entering safepoint region: Cleanup
[3931.462s][info ][safepoint      ] Leaving safepoint region
[3931.462s][info ][safepoint      ] Total time for which application threads were stopped: 0.0001224 seconds, Stopping threads took: 0.0000443 seconds
[3937.152s][info ][safepoint      ] Application time: 5.6893758 seconds
[3937.152s][info ][safepoint      ] Entering safepoint region: ParallelGCFailedAllocation
[3937.152s][info ][gc,start       ] GC(457) Pause Young (Allocation Failure)
[3937.166s][debug][gc,phases      ] GC(457) Scavenge 13.621ms
[3937.166s][debug][gc,ref         ] GC(457) Skipped phase1 of Reference Processing due to unavailable references
[3937.166s][debug][gc,ref         ] GC(457) Skipped phase3 of Reference Processing due to unavailable references
[3937.166s][debug][gc,phases      ] GC(457) Reference Processing 0.031ms
[3937.166s][debug][gc,phases      ] GC(457) Weak Processing 0.159ms
[3937.166s][debug][gc,phases      ] GC(457) Scrub String Table 0.472ms
[3937.166s][debug][gc,age         ] GC(457) Desired survivor size 111149056 bytes, new threshold 15 (max threshold 15)
[3937.166s][info ][gc,heap        ] GC(457) PSYoungGen: 1940077K->60205K(1988608K)
[3937.166s][info ][gc,heap        ] GC(457) ParOldGen: 518447K->523544K(613888K)
[3937.166s][info ][gc,metaspace   ] GC(457) Metaspace: 76924K->76924K(1120256K)
[3937.166s][info ][gc             ] GC(457) Pause Young (Allocation Failure) 2400M->570M(2541M) 14.426ms
[3937.166s][info ][gc,cpu         ] GC(457) User=0.05s Sys=0.00s Real=0.01s
[3937.166s][info ][safepoint      ] Leaving safepoint region
[3937.166s][info ][safepoint      ] Total time for which application threads were stopped: 0.0145938 seconds, Stopping threads took: 0.0000309 seconds
[3944.167s][info ][safepoint      ] Application time: 7.0004590 seconds
[3944.167s][info ][safepoint      ] Entering safepoint region: Cleanup
[3944.167s][info ][safepoint      ] Leaving safepoint region
[3944.167s][info ][safepoint      ] Total time for which application threads were stopped: 0.0000986 seconds, Stopping threads took: 0.0000329 seconds
[3946.748s][info ][safepoint      ] Application time: 2.5812778 seconds
[3946.748s][info ][safepoint      ] Entering safepoint region: ParallelGCFailedAllocation
[3946.748s][info ][gc,start       ] GC(458) Pause Young (Allocation Failure)
[3946.761s][debug][gc,phases      ] GC(458) Scavenge 12.576ms
[3946.761s][debug][gc,ref         ] GC(458) Skipped phase1 of Reference Processing due to unavailable references
[3946.761s][debug][gc,ref         ] GC(458) Skipped phase3 of Reference Processing due to unavailable references
[3946.761s][debug][gc,phases      ] GC(458) Reference Processing 0.036ms
[3946.761s][debug][gc,phases      ] GC(458) Weak Processing 0.181ms
[3946.762s][debug][gc,phases      ] GC(458) Scrub String Table 0.497ms
[3946.762s][debug][gc,age         ] GC(458) Desired survivor size 107479040 bytes, new threshold 15 (max threshold 15)
[3946.762s][info ][gc,heap        ] GC(458) PSYoungGen: 1937709K->57341K(1986048K)
[3946.762s][info ][gc,heap        ] GC(458) ParOldGen: 523544K->526594K(613888K)
[3946.762s][info ][gc,metaspace   ] GC(458) Metaspace: 76924K->76924K(1120256K)
[3946.762s][info ][gc             ] GC(458) Pause Young (Allocation Failure) 2403M->570M(2539M) 13.442ms
[3946.762s][info ][gc,cpu         ] GC(458) User=0.05s Sys=0.00s Real=0.02s
[3946.762s][info ][safepoint      ] Leaving safepoint region
[3946.762s][info ][safepoint      ] Total time for which application threads were stopped: 0.0136593 seconds, Stopping threads took: 0.0000684 seconds
[3955.763s][info ][safepoint      ] Application time: 9.0006220 seconds
[3955.763s][info ][safepoint      ] Entering safepoint region: Cleanup
[3955.763s][info ][safepoint      ] Leaving safepoint region
[3955.763s][info ][safepoint      ] Total time for which application threads were stopped: 0.0001251 seconds, Stopping threads took: 0.0000356 seconds
[3955.999s][info ][safepoint      ] Application time: 0.2361775 seconds
[3955.999s][info ][safepoint      ] Entering safepoint region: ParallelGCFailedAllocation
[3955.999s][info ][gc,start       ] GC(459) Pause Young (Allocation Failure)
[3956.012s][debug][gc,phases      ] GC(459) Scavenge 12.604ms
[3956.012s][debug][gc,ref         ] GC(459) Skipped phase1 of Reference Processing due to unavailable references
[3956.012s][debug][gc,ref         ] GC(459) Skipped phase3 of Reference Processing due to unavailable references
[3956.012s][debug][gc,phases      ] GC(459) Reference Processing 0.029ms
[3956.012s][debug][gc,phases      ] GC(459) Weak Processing 0.150ms
[3956.012s][debug][gc,phases      ] GC(459) Scrub String Table 0.449ms
[3956.012s][debug][gc,age         ] GC(459) Desired survivor size 102760448 bytes, new threshold 15 (max threshold 15)
[3956.012s][info ][gc,heap        ] GC(459) PSYoungGen: 1934845K->54221K(1996800K)
[3956.012s][info ][gc,heap        ] GC(459) ParOldGen: 526594K->530147K(613888K)
[3956.012s][info ][gc,metaspace   ] GC(459) Metaspace: 76927K->76927K(1120256K)
[3956.013s][info ][gc             ] GC(459) Pause Young (Allocation Failure) 2403M->570M(2549M) 13.356ms
[3956.013s][info ][gc,cpu         ] GC(459) User=0.05s Sys=0.00s Real=0.01s
[3956.013s][info ][safepoint      ] Leaving safepoint region
[3956.013s][info ][safepoint      ] Total time for which application threads were stopped: 0.0136603 seconds, Stopping threads took: 0.0000677 seconds
[3959.013s][info ][safepoint      ] Application time: 3.0002005 seconds
[3959.013s][info ][safepoint      ] Entering safepoint region: Cleanup
[3959.013s][info ][safepoint      ] Leaving safepoint region
[3959.013s][info ][safepoint      ] Total time for which application threads were stopped: 0.0001192 seconds, Stopping threads took: 0.0000449 seconds
[3962.013s][info ][safepoint      ] Application time: 3.0002055 seconds
[3962.013s][info ][safepoint      ] Entering safepoint region: Cleanup
[3962.013s][info ][safepoint      ] Leaving safepoint region
[3962.013s][info ][safepoint      ] Total time for which application threads were stopped: 0.0001093 seconds, Stopping threads took: 0.0000454 seconds
[3965.599s][info ][safepoint      ] Application time: 3.5859144 seconds
[3965.599s][info ][safepoint      ] Entering safepoint region: ParallelGCFailedAllocation
[3965.600s][info ][gc,start       ] GC(460) Pause Young (Allocation Failure)
[3965.612s][debug][gc,phases      ] GC(460) Scavenge 11.950ms
[3965.612s][debug][gc,ref         ] GC(460) Skipped phase1 of Reference Processing due to unavailable references
[3965.612s][debug][gc,ref         ] GC(460) Skipped phase3 of Reference Processing due to unavailable references
[3965.612s][debug][gc,phases      ] GC(460) Reference Processing 0.038ms
[3965.612s][debug][gc,phases      ] GC(460) Weak Processing 0.156ms
[3965.612s][debug][gc,phases      ] GC(460) Scrub String Table 0.472ms
[3965.612s][debug][gc,age         ] GC(460) Desired survivor size 98041856 bytes, new threshold 15 (max threshold 15)
[3965.612s][info ][gc,heap        ] GC(460) PSYoungGen: 1946061K->52160K(1992192K)
[3965.612s][info ][gc,heap        ] GC(460) ParOldGen: 530147K->531548K(613888K)
[3965.612s][info ][gc,metaspace   ] GC(460) Metaspace: 76929K->76929K(1120256K)
[3965.612s][info ][gc             ] GC(460) Pause Young (Allocation Failure) 2418M->570M(2545M) 12.765ms
[3965.612s][info ][gc,cpu         ] GC(460) User=0.05s Sys=0.00s Real=0.01s
[3965.612s][info ][safepoint      ] Leaving safepoint region
[3965.612s][info ][safepoint      ] Total time for which application threads were stopped: 0.0130166 seconds, Stopping threads took: 0.0000760 seconds
[3965.612s][info ][safepoint      ] Application time: 0.0001092 seconds
[3965.613s][info ][safepoint      ] Entering safepoint region: RevokeBias
[3965.613s][info ][safepoint      ] Leaving safepoint region
[3965.613s][info ][safepoint      ] Total time for which application threads were stopped: 0.0001135 seconds, Stopping threads took: 0.0000304 seconds
[3975.613s][info ][safepoint      ] Application time: 10.0007058 seconds
[3975.613s][info ][safepoint      ] Entering safepoint region: Cleanup
[3975.613s][info ][safepoint      ] Leaving safepoint region
[3975.613s][info ][safepoint      ] Total time for which application threads were stopped: 0.0001059 seconds, Stopping threads took: 0.0000374 seconds
[3976.699s][info ][safepoint      ] Application time: 1.0851145 seconds
[3976.699s][info ][safepoint      ] Entering safepoint region: ParallelGCFailedAllocation
[3976.699s][info ][gc,start       ] GC(461) Pause Young (Allocation Failure)
[3976.710s][debug][gc,phases      ] GC(461) Scavenge 11.258ms
[3976.710s][debug][gc,ref         ] GC(461) Skipped phase1 of Reference Processing due to unavailable references
[3976.710s][debug][gc,ref         ] GC(461) Skipped phase3 of Reference Processing due to unavailable references
[3976.710s][debug][gc,phases      ] GC(461) Reference Processing 0.029ms
[3976.710s][debug][gc,phases      ] GC(461) Weak Processing 0.153ms
[3976.711s][debug][gc,phases      ] GC(461) Scrub String Table 0.612ms
[3976.711s][debug][gc,age         ] GC(461) Desired survivor size 93847552 bytes, new threshold 15 (max threshold 15)
[3976.711s][info ][gc,heap        ] GC(461) PSYoungGen: 1944000K->51232K(2005504K)
[3976.711s][info ][gc,heap        ] GC(461) ParOldGen: 531548K->532584K(613888K)
[3976.711s][info ][gc,metaspace   ] GC(461) Metaspace: 76929K->76929K(1120256K)
[3976.711s][info ][gc             ] GC(461) Pause Young (Allocation Failure) 2417M->570M(2558M) 12.191ms
[3976.711s][info ][gc,cpu         ] GC(461) User=0.05s Sys=0.00s Real=0.01s
[3976.711s][info ][safepoint      ] Leaving safepoint region
[3976.711s][info ][safepoint      ] Total time for which application threads were stopped: 0.0124145 seconds, Stopping threads took: 0.0000734 seconds
[3978.047s][info ][safepoint      ] Application time: 1.3357938 seconds
[3978.047s][info ][safepoint      ] Entering safepoint region: RevokeBias
[3978.047s][info ][safepoint      ] Leaving safepoint region
[3978.047s][info ][safepoint      ] Total time for which application threads were stopped: 0.0001135 seconds, Stopping threads took: 0.0000333 seconds
[3983.047s][info ][safepoint      ] Application time: 5.0003492 seconds
[3983.047s][info ][safepoint      ] Entering safepoint region: Cleanup
[3983.047s][info ][safepoint      ] Leaving safepoint region
[3983.047s][info ][safepoint      ] Total time for which application threads were stopped: 0.0001159 seconds, Stopping threads took: 0.0000367 seconds
[3988.099s][info ][safepoint      ] Application time: 5.0512566 seconds
[3988.099s][info ][safepoint      ] Entering safepoint region: ParallelGCFailedAllocation
[3988.099s][info ][gc,start       ] GC(462) Pause Young (Allocation Failure)
[3988.111s][debug][gc,phases      ] GC(462) Scavenge 11.724ms
[3988.111s][debug][gc,ref         ] GC(462) Skipped phase1 of Reference Processing due to unavailable references
[3988.111s][debug][gc,ref         ] GC(462) Skipped phase3 of Reference Processing due to unavailable references
[3988.111s][debug][gc,phases      ] GC(462) Reference Processing 0.046ms
[3988.111s][debug][gc,phases      ] GC(462) Weak Processing 0.184ms
[3988.112s][debug][gc,phases      ] GC(462) Scrub String Table 0.515ms
[3988.112s][debug][gc,age         ] GC(462) Desired survivor size 90177536 bytes, new threshold 15 (max threshold 15)
[3988.112s][info ][gc,heap        ] GC(462) PSYoungGen: 1960992K->50864K(2001408K)
[3988.112s][info ][gc,heap        ] GC(462) ParOldGen: 532584K->533016K(613888K)
[3988.112s][info ][gc,metaspace   ] GC(462) Metaspace: 76932K->76932K(1120256K)
[3988.112s][info ][gc             ] GC(462) Pause Young (Allocation Failure) 2435M->570M(2554M) 12.626ms
[3988.112s][info ][gc,cpu         ] GC(462) User=0.04s Sys=0.00s Real=0.01s
[3988.112s][info ][safepoint      ] Leaving safepoint region
[3988.112s][info ][safepoint      ] Total time for which application threads were stopped: 0.0129174 seconds, Stopping threads took: 0.0000910 seconds
[3990.112s][info ][safepoint      ] Application time: 2.0001552 seconds
[3990.112s][info ][safepoint      ] Entering safepoint region: Cleanup
[3990.112s][info ][safepoint      ] Leaving safepoint region
[3990.112s][info ][safepoint      ] Total time for which application threads were stopped: 0.0001459 seconds, Stopping threads took: 0.0000502 seconds
[3996.113s][info ][safepoint      ] Application time: 6.0005093 seconds
[3996.113s][info ][safepoint      ] Entering safepoint region: Cleanup
[3996.113s][info ][safepoint      ] Leaving safepoint region
[3996.113s][info ][safepoint      ] Total time for which application threads were stopped: 0.0001364 seconds, Stopping threads took: 0.0000501 seconds
[3997.113s][info ][safepoint      ] Application time: 1.0000745 seconds
[3997.113s][info ][safepoint      ] Entering safepoint region: Cleanup
[3997.113s][info ][safepoint      ] Leaving safepoint region
[3997.113s][info ][safepoint      ] Total time for which application threads were stopped: 0.0001138 seconds, Stopping threads took: 0.0000361 seconds
[3998.113s][info ][safepoint      ] Application time: 1.0000756 seconds
[3998.113s][info ][safepoint      ] Entering safepoint region: Cleanup
[3998.113s][info ][safepoint      ] Leaving safepoint region
[3998.113s][info ][safepoint      ] Total time for which application threads were stopped: 0.0001327 seconds, Stopping threads took: 0.0000480 seconds
[3999.250s][info ][safepoint      ] Application time: 1.1367813 seconds
[3999.250s][info ][safepoint      ] Entering safepoint region: ParallelGCFailedAllocation
[3999.250s][info ][gc,start       ] GC(463) Pause Young (Allocation Failure)
[3999.264s][debug][gc,phases      ] GC(463) Scavenge 13.276ms
[3999.264s][debug][gc,ref         ] GC(463) Skipped phase1 of Reference Processing due to unavailable references
[3999.264s][debug][gc,ref         ] GC(463) Skipped phase3 of Reference Processing due to unavailable references
[3999.264s][debug][gc,phases      ] GC(463) Reference Processing 0.038ms
[3999.264s][debug][gc,phases      ] GC(463) Weak Processing 0.174ms
[3999.264s][debug][gc,phases      ] GC(463) Scrub String Table 0.525ms
[3999.264s][debug][gc,age         ] GC(463) Desired survivor size 86507520 bytes, new threshold 15 (max threshold 15)
[3999.264s][info ][gc,heap        ] GC(463) PSYoungGen: 1960624K->50688K(2012672K)
[3999.264s][info ][gc,heap        ] GC(463) ParOldGen: 533016K->533280K(613888K)
[3999.264s][info ][gc,metaspace   ] GC(463) Metaspace: 76932K->76932K(1120256K)
[3999.264s][info ][gc             ] GC(463) Pause Young (Allocation Failure) 2435M->570M(2565M) 14.169ms
[3999.264s][info ][gc,cpu         ] GC(463) User=0.05s Sys=0.00s Real=0.01s
[3999.264s][info ][safepoint      ] Leaving safepoint region
[3999.264s][info ][safepoint      ] Total time for which application threads were stopped: 0.0143742 seconds, Stopping threads took: 0.0000364 seconds
[4010.350s][info ][safepoint      ] Application time: 11.0851553 seconds
[4010.350s][info ][safepoint      ] Entering safepoint region: ParallelGCFailedAllocation
[4010.350s][info ][gc,start       ] GC(464) Pause Young (Allocation Failure)
[4010.360s][debug][gc,phases      ] GC(464) Scavenge 10.717ms
[4010.361s][debug][gc,ref         ] GC(464) Skipped phase1 of Reference Processing due to unavailable references
[4010.361s][debug][gc,ref         ] GC(464) Skipped phase3 of Reference Processing due to unavailable references
[4010.361s][debug][gc,phases      ] GC(464) Reference Processing 0.029ms
[4010.361s][debug][gc,phases      ] GC(464) Weak Processing 0.166ms
[4010.361s][debug][gc,phases      ] GC(464) Scrub String Table 0.497ms
[4010.361s][debug][gc,age         ] GC(464) Desired survivor size 83886080 bytes, new threshold 15 (max threshold 15)
[4010.361s][info ][gc,heap        ] GC(464) PSYoungGen: 1975296K->48176K(2009088K)
[4010.361s][info ][gc,heap        ] GC(464) ParOldGen: 533280K->535592K(613888K)
[4010.361s][info ][gc,metaspace   ] GC(464) Metaspace: 76935K->76935K(1120256K)
[4010.361s][info ][gc             ] GC(464) Pause Young (Allocation Failure) 2449M->570M(2561M) 11.575ms
[4010.361s][info ][gc,cpu         ] GC(464) User=0.04s Sys=0.00s Real=0.01s
[4010.361s][info ][safepoint      ] Leaving safepoint region
[4010.361s][info ][safepoint      ] Total time for which application threads were stopped: 0.0117408 seconds, Stopping threads took: 0.0000145 seconds
[4012.362s][info ][safepoint      ] Application time: 2.0001475 seconds
[4012.362s][info ][safepoint      ] Entering safepoint region: Cleanup
[4012.362s][info ][safepoint      ] Leaving safepoint region
[4012.362s][info ][safepoint      ] Total time for which application threads were stopped: 0.0001191 seconds, Stopping threads took: 0.0000406 seconds
[4019.987s][info ][safepoint      ] Application time: 7.6256559 seconds
[4019.987s][info ][safepoint      ] Entering safepoint region: RevokeBias
[4019.987s][info ][safepoint      ] Leaving safepoint region
[4019.987s][info ][safepoint      ] Total time for which application threads were stopped: 0.0001143 seconds, Stopping threads took: 0.0000224 seconds
[4020.138s][info ][safepoint      ] Application time: 0.1500818 seconds
[4020.138s][info ][safepoint      ] Entering safepoint region: RevokeBias
[4020.138s][info ][safepoint      ] Leaving safepoint region
[4020.138s][info ][safepoint      ] Total time for which application threads were stopped: 0.0000711 seconds, Stopping threads took: 0.0000144 seconds
[4021.138s][info ][safepoint      ] Application time: 1.0000722 seconds
[4021.138s][info ][safepoint      ] Entering safepoint region: Cleanup
[4021.138s][info ][safepoint      ] Leaving safepoint region
[4021.138s][info ][safepoint      ] Total time for which application threads were stopped: 0.0001010 seconds, Stopping threads took: 0.0000421 seconds
[4021.711s][info ][safepoint      ] Application time: 0.5726657 seconds
[4021.711s][info ][safepoint      ] Entering safepoint region: ParallelGCFailedAllocation
[4021.711s][info ][gc,start       ] GC(465) Pause Young (Allocation Failure)
[4021.721s][debug][gc,phases      ] GC(465) Scavenge 10.180ms
[4021.721s][debug][gc,ref         ] GC(465) Skipped phase1 of Reference Processing due to unavailable references
[4021.721s][debug][gc,ref         ] GC(465) Skipped phase3 of Reference Processing due to unavailable references
[4021.721s][debug][gc,phases      ] GC(465) Reference Processing 0.041ms
[4021.721s][debug][gc,phases      ] GC(465) Weak Processing 0.176ms
[4021.722s][debug][gc,phases      ] GC(465) Scrub String Table 0.461ms
[4021.722s][debug][gc,age         ] GC(465) Desired survivor size 81788928 bytes, new threshold 15 (max threshold 15)
[4021.722s][info ][gc,heap        ] GC(465) PSYoungGen: 1972784K->46624K(2017280K)
[4021.722s][info ][gc,heap        ] GC(465) ParOldGen: 535592K->537273K(613888K)
[4021.722s][info ][gc,metaspace   ] GC(465) Metaspace: 76939K->76939K(1120256K)
[4021.722s][info ][gc             ] GC(465) Pause Young (Allocation Failure) 2449M->570M(2569M) 11.006ms
[4021.722s][info ][gc,cpu         ] GC(465) User=0.05s Sys=0.00s Real=0.01s
[4021.722s][info ][safepoint      ] Leaving safepoint region
[4021.722s][info ][safepoint      ] Total time for which application threads were stopped: 0.0111626 seconds, Stopping threads took: 0.0000117 seconds
[4027.722s][info ][safepoint      ] Application time: 6.0002985 seconds
[4027.722s][info ][safepoint      ] Entering safepoint region: Cleanup
[4027.722s][info ][safepoint      ] Leaving safepoint region
[4027.722s][info ][safepoint      ] Total time for which application threads were stopped: 0.0000893 seconds, Stopping threads took: 0.0000285 seconds
[4032.998s][info ][safepoint      ] Application time: 5.2762463 seconds
[4032.998s][info ][safepoint      ] Entering safepoint region: ParallelGCFailedAllocation
[4032.999s][info ][gc,start       ] GC(466) Pause Young (Allocation Failure)
[4033.008s][debug][gc,phases      ] GC(466) Scavenge 9.676ms
[4033.008s][debug][gc,ref         ] GC(466) Skipped phase1 of Reference Processing due to unavailable references
[4033.008s][debug][gc,ref         ] GC(466) Skipped phase3 of Reference Processing due to unavailable references
[4033.008s][debug][gc,phases      ] GC(466) Reference Processing 0.036ms
[4033.009s][debug][gc,phases      ] GC(466) Weak Processing 0.167ms
[4033.009s][debug][gc,phases      ] GC(466) Scrub String Table 0.488ms
[4033.009s][debug][gc,age         ] GC(466) Desired survivor size 79691776 bytes, new threshold 15 (max threshold 15)
[4033.009s][info ][gc,heap        ] GC(466) PSYoungGen: 1981984K->46816K(2015232K)
[4033.009s][info ][gc,heap        ] GC(466) ParOldGen: 537273K->537405K(613888K)
[4033.009s][info ][gc,metaspace   ] GC(466) Metaspace: 76939K->76939K(1120256K)
[4033.009s][info ][gc             ] GC(466) Pause Young (Allocation Failure) 2460M->570M(2567M) 10.532ms
[4033.009s][info ][gc,cpu         ] GC(466) User=0.04s Sys=0.00s Real=0.01s
[4033.009s][info ][safepoint      ] Leaving safepoint region
[4033.009s][info ][safepoint      ] Total time for which application threads were stopped: 0.0107424 seconds, Stopping threads took: 0.0000530 seconds
[4044.516s][info ][safepoint      ] Application time: 11.5070307 seconds
[4044.516s][info ][safepoint      ] Entering safepoint region: ParallelGCFailedAllocation
[4044.516s][info ][gc,start       ] GC(467) Pause Young (Allocation Failure)
[4044.528s][debug][gc,phases      ] GC(467) Scavenge 11.537ms
[4044.528s][debug][gc,ref         ] GC(467) Skipped phase1 of Reference Processing due to unavailable references
[4044.528s][debug][gc,ref         ] GC(467) Skipped phase3 of Reference Processing due to unavailable references
[4044.528s][debug][gc,ref         ] GC(467) Skipped phase4 of Reference Processing due to unavailable references
[4044.528s][debug][gc,phases      ] GC(467) Reference Processing 0.036ms
[4044.528s][debug][gc,phases      ] GC(467) Weak Processing 0.159ms
[4044.529s][debug][gc,phases      ] GC(467) Scrub String Table 0.459ms
[4044.529s][debug][gc,age         ] GC(467) Desired survivor size 84410368 bytes, new threshold 15 (max threshold 15)
[4044.529s][info ][gc,heap        ] GC(467) PSYoungGen: 1982176K->5600K(2010112K)
[4044.529s][info ][gc,heap        ] GC(467) ParOldGen: 537405K->581191K(613888K)
[4044.529s][info ][gc,metaspace   ] GC(467) Metaspace: 76939K->76939K(1120256K)
[4044.529s][info ][gc             ] GC(467) Pause Young (Allocation Failure) 2460M->573M(2562M) 12.327ms
[4044.529s][info ][gc,cpu         ] GC(467) User=0.04s Sys=0.00s Real=0.01s
[4044.529s][info ][safepoint      ] Leaving safepoint region
[4044.529s][info ][safepoint      ] Total time for which application threads were stopped: 0.0124759 seconds, Stopping threads took: 0.0000138 seconds
[4051.529s][info ][safepoint      ] Application time: 7.0004898 seconds
[4051.529s][info ][safepoint      ] Entering safepoint region: Cleanup
[4051.529s][info ][safepoint      ] Leaving safepoint region
[4051.529s][info ][safepoint      ] Total time for which application threads were stopped: 0.0000978 seconds, Stopping threads took: 0.0000194 seconds
[4055.863s][info ][safepoint      ] Application time: 4.3338059 seconds
[4055.863s][info ][safepoint      ] Entering safepoint region: ParallelGCFailedAllocation
[4055.863s][info ][gc,start       ] GC(468) Pause Young (Allocation Failure)
[4055.868s][debug][gc,phases      ] GC(468) Scavenge 4.360ms
[4055.868s][debug][gc,ref         ] GC(468) Skipped phase1 of Reference Processing due to unavailable references
[4055.868s][debug][gc,ref         ] GC(468) Skipped phase3 of Reference Processing due to unavailable references
[4055.868s][debug][gc,ref         ] GC(468) Skipped phase4 of Reference Processing due to unavailable references
[4055.868s][debug][gc,phases      ] GC(468) Reference Processing 0.028ms
[4055.868s][debug][gc,phases      ] GC(468) Weak Processing 0.148ms
[4055.868s][debug][gc,phases      ] GC(468) Scrub String Table 0.439ms
[4055.868s][debug][gc,age         ] GC(468) Desired survivor size 88080384 bytes, new threshold 15 (max threshold 15)
[4055.868s][info ][gc,heap        ] GC(468) PSYoungGen: 1937888K->5648K(1938432K)
[4055.868s][info ][gc,heap        ] GC(468) ParOldGen: 581191K->581283K(613888K)
[4055.868s][info ][gc,metaspace   ] GC(468) Metaspace: 76939K->76939K(1120256K)
[4055.868s][info ][gc             ] GC(468) Pause Young (Allocation Failure) 2460M->573M(2492M) 5.120ms
[4055.868s][info ][gc,cpu         ] GC(468) User=0.02s Sys=0.00s Real=0.00s
[4055.869s][info ][safepoint      ] Leaving safepoint region
[4055.869s][info ][safepoint      ] Total time for which application threads were stopped: 0.0052774 seconds, Stopping threads took: 0.0000273 seconds
[4061.869s][info ][safepoint      ] Application time: 6.0003842 seconds
[4061.869s][info ][safepoint      ] Entering safepoint region: Cleanup
[4061.869s][info ][safepoint      ] Leaving safepoint region
[4061.869s][info ][safepoint      ] Total time for which application threads were stopped: 0.0000664 seconds, Stopping threads took: 0.0000126 seconds
[4062.869s][info ][safepoint      ] Application time: 1.0000674 seconds
[4062.869s][info ][safepoint      ] Entering safepoint region: Cleanup
[4062.869s][info ][safepoint      ] Leaving safepoint region
[4062.869s][info ][safepoint      ] Total time for which application threads were stopped: 0.0000739 seconds, Stopping threads took: 0.0000126 seconds
[4065.869s][info ][safepoint      ] Application time: 3.0002236 seconds
[4065.869s][info ][safepoint      ] Entering safepoint region: Cleanup
[4065.870s][info ][safepoint      ] Leaving safepoint region
[4065.870s][info ][safepoint      ] Total time for which application threads were stopped: 0.0000713 seconds, Stopping threads took: 0.0000117 seconds
[4066.870s][info ][safepoint      ] Application time: 1.0000657 seconds
[4066.870s][info ][safepoint      ] Entering safepoint region: Cleanup
[4066.870s][info ][safepoint      ] Leaving safepoint region
[4066.870s][info ][safepoint      ] Total time for which application threads were stopped: 0.0000692 seconds, Stopping threads took: 0.0000122 seconds
[4067.216s][info ][safepoint      ] Application time: 0.3464151 seconds
[4067.216s][info ][safepoint      ] Entering safepoint region: ParallelGCFailedAllocation
[4067.216s][info ][gc,start       ] GC(469) Pause Young (Allocation Failure)
[4067.221s][debug][gc,phases      ] GC(469) Scavenge 4.351ms
[4067.221s][debug][gc,ref         ] GC(469) Skipped phase1 of Reference Processing due to unavailable references
[4067.221s][debug][gc,ref         ] GC(469) Skipped phase3 of Reference Processing due to unavailable references
[4067.221s][debug][gc,ref         ] GC(469) Skipped phase4 of Reference Processing due to unavailable references
[4067.221s][debug][gc,phases      ] GC(469) Reference Processing 0.027ms
[4067.221s][debug][gc,phases      ] GC(469) Weak Processing 0.165ms
[4067.221s][debug][gc,phases      ] GC(469) Scrub String Table 0.415ms
[4067.221s][debug][gc,age         ] GC(469) Desired survivor size 90177536 bytes, new threshold 15 (max threshold 15)
[4067.221s][info ][gc,heap        ] GC(469) PSYoungGen: 1937936K->4976K(2007040K)
[4067.221s][info ][gc,heap        ] GC(469) ParOldGen: 581283K->581531K(613888K)
[4067.221s][info ][gc,metaspace   ] GC(469) Metaspace: 76939K->76939K(1120256K)
[4067.221s][info ][gc             ] GC(469) Pause Young (Allocation Failure) 2460M->572M(2559M) 5.081ms
[4067.221s][info ][gc,cpu         ] GC(469) User=0.02s Sys=0.00s Real=0.01s
[4067.221s][info ][safepoint      ] Leaving safepoint region
[4067.221s][info ][safepoint      ] Total time for which application threads were stopped: 0.0052182 seconds, Stopping threads took: 0.0000114 seconds
[4078.420s][info ][safepoint      ] Application time: 11.1982598 seconds
[4078.420s][info ][safepoint      ] Entering safepoint region: ParallelGCFailedAllocation
[4078.420s][info ][gc,start       ] GC(470) Pause Young (Allocation Failure)
[4078.424s][debug][gc,phases      ] GC(470) Scavenge 4.495ms
[4078.424s][debug][gc,ref         ] GC(470) Skipped phase1 of Reference Processing due to unavailable references
[4078.424s][debug][gc,ref         ] GC(470) Skipped phase3 of Reference Processing due to unavailable references
[4078.424s][debug][gc,ref         ] GC(470) Skipped phase4 of Reference Processing due to unavailable references
[4078.424s][debug][gc,phases      ] GC(470) Reference Processing 0.045ms
[4078.425s][debug][gc,phases      ] GC(470) Weak Processing 0.141ms
[4078.425s][debug][gc,phases      ] GC(470) Scrub String Table 0.481ms
[4078.425s][debug][gc,age         ] GC(470) Desired survivor size 90701824 bytes, new threshold 15 (max threshold 15)
[4078.425s][info ][gc,heap        ] GC(470) PSYoungGen: 1926000K->4784K(1926144K)
[4078.425s][info ][gc,heap        ] GC(470) ParOldGen: 581531K->582103K(613888K)
[4078.425s][info ][gc,metaspace   ] GC(470) Metaspace: 76939K->76939K(1120256K)
[4078.425s][info ][gc             ] GC(470) Pause Young (Allocation Failure) 2448M->573M(2480M) 5.291ms
[4078.425s][info ][gc,cpu         ] GC(470) User=0.02s Sys=0.00s Real=0.00s
[4078.425s][info ][safepoint      ] Leaving safepoint region
[4078.425s][info ][safepoint      ] Total time for which application threads were stopped: 0.0054588 seconds, Stopping threads took: 0.0000312 seconds
[4089.456s][info ][safepoint      ] Application time: 11.0306687 seconds
[4089.456s][info ][safepoint      ] Entering safepoint region: ParallelGCFailedAllocation
[4089.456s][info ][gc,start       ] GC(471) Pause Young (Allocation Failure)
[4089.460s][debug][gc,phases      ] GC(471) Scavenge 4.432ms
[4089.460s][debug][gc,ref         ] GC(471) Skipped phase1 of Reference Processing due to unavailable references
[4089.460s][debug][gc,ref         ] GC(471) Skipped phase3 of Reference Processing due to unavailable references
[4089.461s][debug][gc,ref         ] GC(471) Skipped phase4 of Reference Processing due to unavailable references
[4089.461s][debug][gc,phases      ] GC(471) Reference Processing 0.027ms
[4089.461s][debug][gc,phases      ] GC(471) Weak Processing 0.135ms
[4089.461s][debug][gc,phases      ] GC(471) Scrub String Table 0.475ms
[4089.461s][debug][gc,age         ] GC(471) Desired survivor size 90701824 bytes, new threshold 15 (max threshold 15)
[4089.461s][info ][gc,heap        ] GC(471) PSYoungGen: 1925808K->4720K(2008576K)
[4089.461s][info ][gc,heap        ] GC(471) ParOldGen: 582103K->582479K(613888K)
[4089.461s][info ][gc,metaspace   ] GC(471) Metaspace: 76939K->76939K(1120256K)
[4089.461s][info ][gc             ] GC(471) Pause Young (Allocation Failure) 2449M->573M(2561M) 5.200ms
[4089.461s][info ][gc,cpu         ] GC(471) User=0.02s Sys=0.00s Real=0.01s
[4089.461s][info ][safepoint      ] Leaving safepoint region
[4089.461s][info ][safepoint      ] Total time for which application threads were stopped: 0.0053836 seconds, Stopping threads took: 0.0000289 seconds
[4094.462s][info ][safepoint      ] Application time: 5.0003556 seconds
[4094.462s][info ][safepoint      ] Entering safepoint region: Cleanup
[4094.462s][info ][safepoint      ] Leaving safepoint region
[4094.462s][info ][safepoint      ] Total time for which application threads were stopped: 0.0001166 seconds, Stopping threads took: 0.0000379 seconds
[4095.462s][info ][safepoint      ] Application time: 1.0000771 seconds
[4095.462s][info ][safepoint      ] Entering safepoint region: Cleanup
[4095.462s][info ][safepoint      ] Leaving safepoint region
[4095.462s][info ][safepoint      ] Total time for which application threads were stopped: 0.0001003 seconds, Stopping threads took: 0.0000247 seconds
[4096.462s][info ][safepoint      ] Application time: 1.0000735 seconds
[4096.462s][info ][safepoint      ] Entering safepoint region: Cleanup
[4096.462s][info ][safepoint      ] Leaving safepoint region
[4096.462s][info ][safepoint      ] Total time for which application threads were stopped: 0.0001088 seconds, Stopping threads took: 0.0000487 seconds
[4100.814s][info ][safepoint      ] Application time: 4.3515780 seconds
[4100.814s][info ][safepoint      ] Entering safepoint region: ParallelGCFailedAllocation
[4100.814s][info ][gc,start       ] GC(472) Pause Young (Allocation Failure)
[4100.818s][debug][gc,phases      ] GC(472) Scavenge 3.979ms
[4100.818s][debug][gc,ref         ] GC(472) Skipped phase1 of Reference Processing due to unavailable references
[4100.818s][debug][gc,ref         ] GC(472) Skipped phase3 of Reference Processing due to unavailable references
[4100.818s][debug][gc,ref         ] GC(472) Skipped phase4 of Reference Processing due to unavailable references
[4100.818s][debug][gc,phases      ] GC(472) Reference Processing 0.028ms
[4100.818s][debug][gc,phases      ] GC(472) Weak Processing 0.152ms
[4100.819s][debug][gc,phases      ] GC(472) Scrub String Table 0.444ms
[4100.819s][debug][gc,age         ] GC(472) Desired survivor size 89653248 bytes, new threshold 15 (max threshold 15)
[4100.819s][info ][gc,heap        ] GC(472) PSYoungGen: 1924720K->4512K(2008576K)
[4100.819s][info ][gc,heap        ] GC(472) ParOldGen: 582479K->582703K(613888K)
[4100.819s][info ][gc,metaspace   ] GC(472) Metaspace: 76939K->76939K(1120256K)
[4100.819s][info ][gc             ] GC(472) Pause Young (Allocation Failure) 2448M->573M(2561M) 4.724ms
[4100.819s][info ][gc,cpu         ] GC(472) User=0.02s Sys=0.00s Real=0.01s
[4100.819s][info ][safepoint      ] Leaving safepoint region
[4100.819s][info ][safepoint      ] Total time for which application threads were stopped: 0.0049032 seconds, Stopping threads took: 0.0000279 seconds
[4101.819s][info ][safepoint      ] Application time: 1.0000518 seconds
[4101.819s][info ][safepoint      ] Entering safepoint region: Cleanup
[4101.819s][info ][safepoint      ] Leaving safepoint region
[4101.819s][info ][safepoint      ] Total time for which application threads were stopped: 0.0000999 seconds, Stopping threads took: 0.0000432 seconds
[4110.872s][info ][safepoint      ] Application time: 9.0533250 seconds
[4110.872s][info ][safepoint      ] Entering safepoint region: ParallelGCFailedAllocation
[4110.872s][info ][gc,start       ] GC(473) Pause Young (Allocation Failure)
[4110.878s][debug][gc,phases      ] GC(473) Scavenge 5.210ms
[4110.878s][debug][gc,ref         ] GC(473) Skipped phase1 of Reference Processing due to unavailable references
[4110.878s][debug][gc,ref         ] GC(473) Skipped phase3 of Reference Processing due to unavailable references
[4110.878s][debug][gc,ref         ] GC(473) Skipped phase4 of Reference Processing due to unavailable references
[4110.878s][debug][gc,phases      ] GC(473) Reference Processing 0.032ms
[4110.878s][debug][gc,phases      ] GC(473) Weak Processing 0.138ms
[4110.878s][debug][gc,phases      ] GC(473) Scrub String Table 0.446ms
[4110.878s][debug][gc,age         ] GC(473) Desired survivor size 88080384 bytes, new threshold 15 (max threshold 15)
[4110.878s][info ][gc,heap        ] GC(473) PSYoungGen: 1924512K->4832K(2011136K)
[4110.878s][info ][gc,heap        ] GC(473) ParOldGen: 582703K->582979K(613888K)
[4110.878s][info ][gc,metaspace   ] GC(473) Metaspace: 76940K->76940K(1120256K)
[4110.878s][info ][gc             ] GC(473) Pause Young (Allocation Failure) 2448M->574M(2563M) 5.957ms
[4110.878s][info ][gc,cpu         ] GC(473) User=0.02s Sys=0.00s Real=0.01s
[4110.878s][info ][safepoint      ] Leaving safepoint region
[4110.878s][info ][safepoint      ] Total time for which application threads were stopped: 0.0061444 seconds, Stopping threads took: 0.0000422 seconds
[4118.879s][info ][safepoint      ] Application time: 8.0005742 seconds
[4118.879s][info ][safepoint      ] Entering safepoint region: Cleanup
[4118.879s][info ][safepoint      ] Leaving safepoint region
[4118.879s][info ][safepoint      ] Total time for which application threads were stopped: 0.0000923 seconds, Stopping threads took: 0.0000292 seconds
[4121.321s][info ][safepoint      ] Application time: 2.4414776 seconds
[4121.321s][info ][safepoint      ] Entering safepoint region: ParallelGCFailedAllocation
[4121.321s][info ][gc,start       ] GC(474) Pause Young (Allocation Failure)
[4121.325s][debug][gc,phases      ] GC(474) Scavenge 4.218ms
[4121.325s][debug][gc,ref         ] GC(474) Skipped phase1 of Reference Processing due to unavailable references
[4121.325s][debug][gc,ref         ] GC(474) Skipped phase3 of Reference Processing due to unavailable references
[4121.325s][debug][gc,ref         ] GC(474) Skipped phase4 of Reference Processing due to unavailable references
[4121.325s][debug][gc,phases      ] GC(474) Reference Processing 0.051ms
[4121.325s][debug][gc,phases      ] GC(474) Weak Processing 0.137ms
[4121.326s][debug][gc,phases      ] GC(474) Scrub String Table 0.436ms
[4121.326s][debug][gc,age         ] GC(474) Desired survivor size 85983232 bytes, new threshold 15 (max threshold 15)
[4121.326s][info ][gc,heap        ] GC(474) PSYoungGen: 1928416K->3936K(2009600K)
[4121.326s][info ][gc,heap        ] GC(474) ParOldGen: 582979K->583315K(613888K)
[4121.326s][info ][gc,metaspace   ] GC(474) Metaspace: 76940K->76940K(1120256K)
[4121.326s][info ][gc             ] GC(474) Pause Young (Allocation Failure) 2452M->573M(2562M) 4.974ms
[4121.326s][info ][gc,cpu         ] GC(474) User=0.02s Sys=0.00s Real=0.00s
[4121.326s][info ][safepoint      ] Leaving safepoint region
[4121.326s][info ][safepoint      ] Total time for which application threads were stopped: 0.0051497 seconds, Stopping threads took: 0.0000128 seconds
[4123.326s][info ][safepoint      ] Application time: 2.0001480 seconds
[4123.326s][info ][safepoint      ] Entering safepoint region: Cleanup
[4123.326s][info ][safepoint      ] Leaving safepoint region
[4123.326s][info ][safepoint      ] Total time for which application threads were stopped: 0.0001382 seconds, Stopping threads took: 0.0000175 seconds
[4124.326s][info ][safepoint      ] Application time: 1.0000687 seconds
[4124.326s][info ][safepoint      ] Entering safepoint region: Cleanup
[4124.326s][info ][safepoint      ] Leaving safepoint region
[4124.326s][info ][safepoint      ] Total time for which application threads were stopped: 0.0000864 seconds, Stopping threads took: 0.0000136 seconds
[4126.327s][info ][safepoint      ] Application time: 2.0001433 seconds
[4126.327s][info ][safepoint      ] Entering safepoint region: Cleanup
[4126.327s][info ][safepoint      ] Leaving safepoint region
[4126.327s][info ][safepoint      ] Total time for which application threads were stopped: 0.0000744 seconds, Stopping threads took: 0.0000143 seconds
[4131.327s][info ][safepoint      ] Application time: 5.0003356 seconds
[4131.327s][info ][safepoint      ] Entering safepoint region: Cleanup
[4131.327s][info ][safepoint      ] Leaving safepoint region
[4131.327s][info ][safepoint      ] Total time for which application threads were stopped: 0.0000731 seconds, Stopping threads took: 0.0000162 seconds
[4132.706s][info ][safepoint      ] Application time: 1.3785142 seconds
[4132.706s][info ][safepoint      ] Entering safepoint region: ParallelGCFailedAllocation
[4132.706s][info ][gc,start       ] GC(475) Pause Young (Allocation Failure)
[4132.709s][debug][gc,phases      ] GC(475) Scavenge 3.745ms
[4132.710s][debug][gc,ref         ] GC(475) Skipped phase1 of Reference Processing due to unavailable references
[4132.710s][debug][gc,ref         ] GC(475) Skipped phase3 of Reference Processing due to unavailable references
[4132.710s][debug][gc,ref         ] GC(475) Skipped phase4 of Reference Processing due to unavailable references
[4132.710s][debug][gc,phases      ] GC(475) Reference Processing 0.028ms
[4132.710s][debug][gc,phases      ] GC(475) Weak Processing 0.135ms
[4132.710s][debug][gc,phases      ] GC(475) Scrub String Table 0.440ms
[4132.710s][debug][gc,age         ] GC(475) Desired survivor size 83361792 bytes, new threshold 15 (max threshold 15)
[4132.710s][info ][gc,heap        ] GC(475) PSYoungGen: 1927520K->3264K(2015744K)
[4132.710s][info ][gc,heap        ] GC(475) ParOldGen: 583315K->583799K(613888K)
[4132.710s][info ][gc,metaspace   ] GC(475) Metaspace: 76940K->76940K(1120256K)
[4132.710s][info ][gc             ] GC(475) Pause Young (Allocation Failure) 2451M->573M(2568M) 4.462ms
[4132.710s][info ][gc,cpu         ] GC(475) User=0.01s Sys=0.02s Real=0.01s
[4132.710s][info ][safepoint      ] Leaving safepoint region
[4132.710s][info ][safepoint      ] Total time for which application threads were stopped: 0.0046195 seconds, Stopping threads took: 0.0000137 seconds
[4144.467s][info ][safepoint      ] Application time: 11.7565206 seconds
[4144.467s][info ][safepoint      ] Entering safepoint region: ParallelGCFailedAllocation
[4144.467s][info ][gc,start       ] GC(476) Pause Young (Allocation Failure)
[4144.470s][debug][gc,phases      ] GC(476) Scavenge 2.996ms
[4144.470s][debug][gc,ref         ] GC(476) Skipped phase1 of Reference Processing due to unavailable references
[4144.470s][debug][gc,ref         ] GC(476) Skipped phase3 of Reference Processing due to unavailable references
[4144.470s][debug][gc,ref         ] GC(476) Skipped phase4 of Reference Processing due to unavailable references
[4144.470s][debug][gc,phases      ] GC(476) Reference Processing 0.026ms
[4144.470s][debug][gc,phases      ] GC(476) Weak Processing 0.130ms
[4144.471s][debug][gc,phases      ] GC(476) Scrub String Table 0.416ms
[4144.471s][debug][gc,age         ] GC(476) Desired survivor size 80740352 bytes, new threshold 15 (max threshold 15)
[4144.471s][info ][gc,heap        ] GC(476) PSYoungGen: 1935040K->3136K(2013184K)
[4144.471s][info ][gc,heap        ] GC(476) ParOldGen: 583799K->583831K(613888K)
[4144.471s][info ][gc,metaspace   ] GC(476) Metaspace: 76942K->76942K(1120256K)
[4144.471s][info ][gc             ] GC(476) Pause Young (Allocation Failure) 2459M->573M(2565M) 3.677ms
[4144.471s][info ][gc,cpu         ] GC(476) User=0.02s Sys=0.00s Real=0.01s
[4144.471s][info ][safepoint      ] Leaving safepoint region
[4144.471s][info ][safepoint      ] Total time for which application threads were stopped: 0.0038265 seconds, Stopping threads took: 0.0000166 seconds
[4156.450s][info ][safepoint      ] Application time: 11.9793285 seconds
[4156.450s][info ][safepoint      ] Entering safepoint region: ParallelGCFailedAllocation
[4156.450s][info ][gc,start       ] GC(477) Pause Young (Allocation Failure)
[4156.454s][debug][gc,phases      ] GC(477) Scavenge 3.453ms
[4156.454s][debug][gc,ref         ] GC(477) Skipped phase1 of Reference Processing due to unavailable references
[4156.454s][debug][gc,ref         ] GC(477) Skipped phase3 of Reference Processing due to unavailable references
[4156.454s][debug][gc,ref         ] GC(477) Skipped phase4 of Reference Processing due to unavailable references
[4156.454s][debug][gc,phases      ] GC(477) Reference Processing 0.029ms
[4156.454s][debug][gc,phases      ] GC(477) Weak Processing 0.131ms
[4156.454s][debug][gc,phases      ] GC(477) Scrub String Table 0.420ms
[4156.454s][debug][gc,age         ] GC(477) Desired survivor size 78118912 bytes, new threshold 15 (max threshold 15)
[4156.454s][info ][gc,heap        ] GC(477) PSYoungGen: 1934912K->3200K(2020864K)
[4156.454s][info ][gc,heap        ] GC(477) ParOldGen: 583831K->583879K(613888K)
[4156.454s][info ][gc,metaspace   ] GC(477) Metaspace: 76943K->76943K(1120256K)
[4156.454s][info ][gc             ] GC(477) Pause Young (Allocation Failure) 2459M->573M(2573M) 4.154ms
[4156.454s][info ][gc,cpu         ] GC(477) User=0.02s Sys=0.00s Real=0.00s
[4156.454s][info ][safepoint      ] Leaving safepoint region
[4156.454s][info ][safepoint      ] Total time for which application threads were stopped: 0.0043238 seconds, Stopping threads took: 0.0000259 seconds
[4162.455s][info ][safepoint      ] Application time: 6.0003640 seconds
[4162.455s][info ][safepoint      ] Entering safepoint region: Cleanup
[4162.455s][info ][safepoint      ] Leaving safepoint region
[4162.455s][info ][safepoint      ] Total time for which application threads were stopped: 0.0001140 seconds, Stopping threads took: 0.0000360 seconds
[4166.455s][info ][safepoint      ] Application time: 4.0002911 seconds
[4166.455s][info ][safepoint      ] Entering safepoint region: Cleanup
[4166.455s][info ][safepoint      ] Leaving safepoint region
[4166.455s][info ][safepoint      ] Total time for which application threads were stopped: 0.0001248 seconds, Stopping threads took: 0.0000495 seconds
[4168.255s][info ][safepoint      ] Application time: 1.7992396 seconds
[4168.255s][info ][safepoint      ] Entering safepoint region: ParallelGCFailedAllocation
[4168.255s][info ][gc,start       ] GC(478) Pause Young (Allocation Failure)
[4168.259s][debug][gc,phases      ] GC(478) Scavenge 3.840ms
[4168.259s][debug][gc,ref         ] GC(478) Skipped phase1 of Reference Processing due to unavailable references
[4168.259s][debug][gc,ref         ] GC(478) Skipped phase3 of Reference Processing due to unavailable references
[4168.259s][debug][gc,ref         ] GC(478) Skipped phase4 of Reference Processing due to unavailable references
[4168.259s][debug][gc,phases      ] GC(478) Reference Processing 0.027ms
[4168.259s][debug][gc,phases      ] GC(478) Weak Processing 0.136ms
[4168.259s][debug][gc,phases      ] GC(478) Scrub String Table 0.458ms
[4168.259s][debug][gc,age         ] GC(478) Desired survivor size 74973184 bytes, new threshold 15 (max threshold 15)
[4168.259s][info ][gc,heap        ] GC(478) PSYoungGen: 1945216K->2800K(2018304K)
[4168.259s][info ][gc,heap        ] GC(478) ParOldGen: 583879K->584308K(613888K)
[4168.259s][info ][gc,metaspace   ] GC(478) Metaspace: 76944K->76944K(1120256K)
[4168.259s][info ][gc             ] GC(478) Pause Young (Allocation Failure) 2469M->573M(2570M) 4.578ms
[4168.259s][info ][gc,cpu         ] GC(478) User=0.02s Sys=0.00s Real=0.01s
[4168.259s][info ][safepoint      ] Leaving safepoint region
[4168.259s][info ][safepoint      ] Total time for which application threads were stopped: 0.0047288 seconds, Stopping threads took: 0.0000129 seconds
[4180.350s][info ][safepoint      ] Application time: 12.0905248 seconds
[4180.350s][info ][safepoint      ] Entering safepoint region: ParallelGCFailedAllocation
[4180.350s][info ][gc,start       ] GC(479) Pause Young (Allocation Failure)
[4180.353s][debug][gc,phases      ] GC(479) Scavenge 3.370ms
[4180.353s][debug][gc,ref         ] GC(479) Skipped phase1 of Reference Processing due to unavailable references
[4180.353s][debug][gc,ref         ] GC(479) Skipped phase3 of Reference Processing due to unavailable references
[4180.353s][debug][gc,ref         ] GC(479) Skipped phase4 of Reference Processing due to unavailable references
[4180.353s][debug][gc,phases      ] GC(479) Reference Processing 0.027ms
[4180.354s][debug][gc,phases      ] GC(479) Weak Processing 0.141ms
[4180.354s][debug][gc,phases      ] GC(479) Scrub String Table 0.455ms
[4180.354s][debug][gc,age         ] GC(479) Desired survivor size 71827456 bytes, new threshold 15 (max threshold 15)
[4180.354s][info ][gc,heap        ] GC(479) PSYoungGen: 1944816K->2768K(2027008K)
[4180.354s][info ][gc,heap        ] GC(479) ParOldGen: 584308K->584372K(613888K)
[4180.354s][info ][gc,metaspace   ] GC(479) Metaspace: 76944K->76944K(1120256K)
[4180.354s][info ][gc             ] GC(479) Pause Young (Allocation Failure) 2469M->573M(2579M) 4.106ms
[4180.354s][info ][gc,cpu         ] GC(479) User=0.02s Sys=0.00s Real=0.00s
[4180.354s][info ][safepoint      ] Leaving safepoint region
[4180.354s][info ][safepoint      ] Total time for which application threads were stopped: 0.0042874 seconds, Stopping threads took: 0.0000287 seconds
[4186.355s][info ][safepoint      ] Application time: 6.0004477 seconds
[4186.355s][info ][safepoint      ] Entering safepoint region: Cleanup
[4186.355s][info ][safepoint      ] Leaving safepoint region
[4186.355s][info ][safepoint      ] Total time for which application threads were stopped: 0.0001331 seconds, Stopping threads took: 0.0000362 seconds
[4186.600s][info ][safepoint      ] Application time: 0.2452148 seconds
[4186.600s][info ][safepoint      ] Entering safepoint region: ICBufferFull
[4186.600s][info ][safepoint      ] Leaving safepoint region
[4186.600s][info ][safepoint      ] Total time for which application threads were stopped: 0.0003180 seconds, Stopping threads took: 0.0000175 seconds
[4187.600s][info ][safepoint      ] Application time: 1.0000849 seconds
[4187.601s][info ][safepoint      ] Entering safepoint region: Cleanup
[4187.601s][info ][safepoint      ] Leaving safepoint region
[4187.601s][info ][safepoint      ] Total time for which application threads were stopped: 0.0002931 seconds, Stopping threads took: 0.0000367 seconds
[4188.601s][info ][safepoint      ] Application time: 1.0000715 seconds
[4188.601s][info ][safepoint      ] Entering safepoint region: Cleanup
[4188.601s][info ][safepoint      ] Leaving safepoint region
[4188.601s][info ][safepoint      ] Total time for which application threads were stopped: 0.0001286 seconds, Stopping threads took: 0.0000345 seconds
[4189.601s][info ][safepoint      ] Application time: 1.0000808 seconds
[4189.601s][info ][safepoint      ] Entering safepoint region: Cleanup
[4189.601s][info ][safepoint      ] Leaving safepoint region
[4189.601s][info ][safepoint      ] Total time for which application threads were stopped: 0.0001496 seconds, Stopping threads took: 0.0000500 seconds
[4190.601s][info ][safepoint      ] Application time: 1.0000795 seconds
[4190.601s][info ][safepoint      ] Entering safepoint region: Cleanup
[4190.602s][info ][safepoint      ] Leaving safepoint region
[4190.602s][info ][safepoint      ] Total time for which application threads were stopped: 0.0001323 seconds, Stopping threads took: 0.0000338 seconds
[4192.364s][info ][safepoint      ] Application time: 1.7623329 seconds
[4192.364s][info ][safepoint      ] Entering safepoint region: ParallelGCFailedAllocation
[4192.364s][info ][gc,start       ] GC(480) Pause Young (Allocation Failure)
[4192.369s][debug][gc,phases      ] GC(480) Scavenge 4.446ms
[4192.369s][debug][gc,ref         ] GC(480) Skipped phase1 of Reference Processing due to unavailable references
[4192.369s][debug][gc,ref         ] GC(480) Skipped phase2 of Reference Processing due to unavailable references
[4192.369s][debug][gc,ref         ] GC(480) Skipped phase3 of Reference Processing due to unavailable references
[4192.369s][debug][gc,ref         ] GC(480) Skipped phase4 of Reference Processing due to unavailable references
[4192.369s][debug][gc,phases      ] GC(480) Reference Processing 0.033ms
[4192.369s][debug][gc,phases      ] GC(480) Weak Processing 0.160ms
[4192.369s][debug][gc,phases      ] GC(480) Scrub String Table 0.540ms
[4192.369s][debug][gc,age         ] GC(480) Desired survivor size 68157440 bytes, new threshold 15 (max threshold 15)
[4192.369s][info ][gc,heap        ] GC(480) PSYoungGen: 1956560K->3120K(2023936K)
[4192.369s][info ][gc,heap        ] GC(480) ParOldGen: 584372K->584404K(613888K)
[4192.369s][info ][gc,metaspace   ] GC(480) Metaspace: 76950K->76950K(1120256K)
[4192.369s][info ][gc             ] GC(480) Pause Young (Allocation Failure) 2481M->573M(2576M) 5.308ms
[4192.369s][info ][gc,cpu         ] GC(480) User=0.01s Sys=0.00s Real=0.01s
[4192.369s][info ][safepoint      ] Leaving safepoint region
[4192.369s][info ][safepoint      ] Total time for which application threads were stopped: 0.0054822 seconds, Stopping threads took: 0.0000138 seconds
[4193.370s][info ][safepoint      ] Application time: 1.0000727 seconds
[4193.370s][info ][safepoint      ] Entering safepoint region: Cleanup
[4193.370s][info ][safepoint      ] Leaving safepoint region
[4193.370s][info ][safepoint      ] Total time for which application threads were stopped: 0.0001005 seconds, Stopping threads took: 0.0000342 seconds
[4195.370s][info ][safepoint      ] Application time: 2.0001377 seconds
[4195.370s][info ][safepoint      ] Entering safepoint region: Cleanup
[4195.370s][info ][safepoint      ] Leaving safepoint region
[4195.370s][info ][safepoint      ] Total time for which application threads were stopped: 0.0001409 seconds, Stopping threads took: 0.0000707 seconds
[4196.370s][info ][safepoint      ] Application time: 1.0000764 seconds
[4196.370s][info ][safepoint      ] Entering safepoint region: Cleanup
[4196.370s][info ][safepoint      ] Leaving safepoint region
[4196.370s][info ][safepoint      ] Total time for which application threads were stopped: 0.0001200 seconds, Stopping threads took: 0.0000433 seconds
[4197.370s][info ][safepoint      ] Application time: 1.0000760 seconds
[4197.370s][info ][safepoint      ] Entering safepoint region: Cleanup
[4197.370s][info ][safepoint      ] Leaving safepoint region
[4197.370s][info ][safepoint      ] Total time for which application threads were stopped: 0.0001259 seconds, Stopping threads took: 0.0000476 seconds
[4198.371s][info ][safepoint      ] Application time: 1.0000706 seconds
[4198.371s][info ][safepoint      ] Entering safepoint region: Cleanup
[4198.371s][info ][safepoint      ] Leaving safepoint region
[4198.371s][info ][safepoint      ] Total time for which application threads were stopped: 0.0001062 seconds, Stopping threads took: 0.0000404 seconds
[4199.371s][info ][safepoint      ] Application time: 1.0000700 seconds
[4199.371s][info ][safepoint      ] Entering safepoint region: Cleanup
[4199.371s][info ][safepoint      ] Leaving safepoint region
[4199.371s][info ][safepoint      ] Total time for which application threads were stopped: 0.0001191 seconds, Stopping threads took: 0.0000424 seconds
[4201.371s][info ][safepoint      ] Application time: 2.0001414 seconds
[4201.371s][info ][safepoint      ] Entering safepoint region: Cleanup
[4201.371s][info ][safepoint      ] Leaving safepoint region
[4201.371s][info ][safepoint      ] Total time for which application threads were stopped: 0.0001138 seconds, Stopping threads took: 0.0000434 seconds
[4203.550s][info ][safepoint      ] Application time: 2.1791226 seconds
[4203.550s][info ][safepoint      ] Entering safepoint region: ParallelGCFailedAllocation
[4203.551s][info ][gc,start       ] GC(481) Pause Young (Allocation Failure)
[4203.556s][debug][gc,phases      ] GC(481) Scavenge 5.283ms
[4203.556s][debug][gc,ref         ] GC(481) Skipped phase1 of Reference Processing due to unavailable references
[4203.556s][debug][gc,ref         ] GC(481) Skipped phase2 of Reference Processing due to unavailable references
[4203.556s][debug][gc,ref         ] GC(481) Skipped phase3 of Reference Processing due to unavailable references
[4203.556s][debug][gc,phases      ] GC(481) Reference Processing 0.030ms
[4203.556s][debug][gc,phases      ] GC(481) Weak Processing 0.150ms
[4203.557s][debug][gc,phases      ] GC(481) Scrub String Table 0.511ms
[4203.557s][debug][gc,age         ] GC(481) Desired survivor size 64487424 bytes, new threshold 15 (max threshold 15)
[4203.557s][info ][gc,heap        ] GC(481) PSYoungGen: 1956912K->5072K(2034176K)
[4203.557s][info ][gc,heap        ] GC(481) ParOldGen: 584404K->584444K(613888K)
[4203.557s][info ][gc,metaspace   ] GC(481) Metaspace: 76956K->76956K(1120256K)
[4203.557s][info ][gc             ] GC(481) Pause Young (Allocation Failure) 2481M->575M(2586M) 6.127ms
[4203.557s][info ][gc,cpu         ] GC(481) User=0.02s Sys=0.00s Real=0.00s
[4203.557s][info ][safepoint      ] Leaving safepoint region
[4203.557s][info ][safepoint      ] Total time for which application threads were stopped: 0.0063619 seconds, Stopping threads took: 0.0000498 seconds
[4208.557s][info ][safepoint      ] Application time: 5.0003624 seconds
[4208.557s][info ][safepoint      ] Entering safepoint region: Cleanup
[4208.557s][info ][safepoint      ] Leaving safepoint region
[4208.557s][info ][safepoint      ] Total time for which application threads were stopped: 0.0001358 seconds, Stopping threads took: 0.0000584 seconds
[4209.557s][info ][safepoint      ] Application time: 1.0000780 seconds
[4209.558s][info ][safepoint      ] Entering safepoint region: Cleanup
[4209.558s][info ][safepoint      ] Leaving safepoint region
[4209.558s][info ][safepoint      ] Total time for which application threads were stopped: 0.0001010 seconds, Stopping threads took: 0.0000316 seconds
[4213.558s][info ][safepoint      ] Application time: 4.0002414 seconds
[4213.558s][info ][safepoint      ] Entering safepoint region: Cleanup
[4213.558s][info ][safepoint      ] Leaving safepoint region
[4213.558s][info ][safepoint      ] Total time for which application threads were stopped: 0.0001269 seconds, Stopping threads took: 0.0000463 seconds
[4213.971s][info ][safepoint      ] Application time: 0.4128257 seconds
[4213.971s][info ][safepoint      ] Entering safepoint region: ParallelGCFailedAllocation
[4213.971s][info ][gc,start       ] GC(482) Pause Young (Allocation Failure)
[4213.978s][debug][gc,phases      ] GC(482) Scavenge 6.491ms
[4213.978s][debug][gc,ref         ] GC(482) Skipped phase1 of Reference Processing due to unavailable references
[4213.978s][debug][gc,ref         ] GC(482) Skipped phase2 of Reference Processing due to unavailable references
[4213.978s][debug][gc,ref         ] GC(482) Skipped phase3 of Reference Processing due to unavailable references
[4213.978s][debug][gc,phases      ] GC(482) Reference Processing 0.027ms
[4213.978s][debug][gc,phases      ] GC(482) Weak Processing 0.145ms
[4213.978s][debug][gc,phases      ] GC(482) Scrub String Table 0.448ms
[4213.978s][debug][gc,age         ] GC(482) Desired survivor size 59768832 bytes, new threshold 15 (max threshold 15)
[4213.978s][info ][gc,heap        ] GC(482) PSYoungGen: 1972688K->11760K(2030592K)
[4213.978s][info ][gc,heap        ] GC(482) ParOldGen: 584444K->584484K(613888K)
[4213.978s][info ][gc,metaspace   ] GC(482) Metaspace: 76958K->76958K(1120256K)
[4213.978s][info ][gc             ] GC(482) Pause Young (Allocation Failure) 2497M->582M(2582M) 7.234ms
[4213.978s][info ][gc,cpu         ] GC(482) User=0.03s Sys=0.00s Real=0.01s
[4213.978s][info ][safepoint      ] Leaving safepoint region
[4213.978s][info ][safepoint      ] Total time for which application threads were stopped: 0.0073927 seconds, Stopping threads took: 0.0000143 seconds
[4215.978s][info ][safepoint      ] Application time: 2.0001073 seconds
[4215.978s][info ][safepoint      ] Entering safepoint region: Cleanup
[4215.978s][info ][safepoint      ] Leaving safepoint region
[4215.979s][info ][safepoint      ] Total time for which application threads were stopped: 0.0000857 seconds, Stopping threads took: 0.0000124 seconds
[4217.655s][info ][safepoint      ] Application time: 1.6769851 seconds
[4217.656s][info ][safepoint      ] Entering safepoint region: RevokeBias
[4217.656s][info ][safepoint      ] Leaving safepoint region
[4217.656s][info ][safepoint      ] Total time for which application threads were stopped: 0.0001080 seconds, Stopping threads took: 0.0000114 seconds
[4217.656s][info ][safepoint      ] Application time: 0.0000278 seconds
[4217.656s][info ][safepoint      ] Entering safepoint region: RevokeBias
[4217.656s][info ][safepoint      ] Leaving safepoint region
[4217.656s][info ][safepoint      ] Total time for which application threads were stopped: 0.0000210 seconds, Stopping threads took: 0.0000040 seconds
[4218.656s][info ][safepoint      ] Application time: 1.0000734 seconds
[4218.656s][info ][safepoint      ] Entering safepoint region: Cleanup
[4218.656s][info ][safepoint      ] Leaving safepoint region
[4218.656s][info ][safepoint      ] Total time for which application threads were stopped: 0.0001114 seconds, Stopping threads took: 0.0000353 seconds
[4220.656s][info ][safepoint      ] Application time: 2.0001437 seconds
[4220.656s][info ][safepoint      ] Entering safepoint region: Cleanup
[4220.656s][info ][safepoint      ] Leaving safepoint region
[4220.656s][info ][safepoint      ] Total time for which application threads were stopped: 0.0001293 seconds, Stopping threads took: 0.0000415 seconds
[4221.656s][info ][safepoint      ] Application time: 1.0000718 seconds
[4221.656s][info ][safepoint      ] Entering safepoint region: Cleanup
[4221.656s][info ][safepoint      ] Leaving safepoint region
[4221.656s][info ][safepoint      ] Total time for which application threads were stopped: 0.0001132 seconds, Stopping threads took: 0.0000336 seconds
[4223.298s][info ][safepoint      ] Application time: 1.6416228 seconds
[4223.298s][info ][safepoint      ] Entering safepoint region: ParallelGCFailedAllocation
[4223.298s][info ][gc,start       ] GC(483) Pause Young (Allocation Failure)
[4223.306s][debug][gc,phases      ] GC(483) Scavenge 7.889ms
[4223.306s][debug][gc,ref         ] GC(483) Skipped phase1 of Reference Processing due to unavailable references
[4223.306s][debug][gc,ref         ] GC(483) Skipped phase2 of Reference Processing due to unavailable references
[4223.306s][debug][gc,ref         ] GC(483) Skipped phase3 of Reference Processing due to unavailable references
[4223.306s][debug][gc,phases      ] GC(483) Reference Processing 0.048ms
[4223.306s][debug][gc,phases      ] GC(483) Weak Processing 0.135ms
[4223.307s][debug][gc,phases      ] GC(483) Scrub String Table 0.421ms
[4223.307s][debug][gc,age         ] GC(483) Desired survivor size 55574528 bytes, new threshold 15 (max threshold 15)
[4223.307s][info ][gc,heap        ] GC(483) PSYoungGen: 1979376K->14736K(2042880K)
[4223.307s][info ][gc,heap        ] GC(483) ParOldGen: 584484K->584548K(613888K)
[4223.307s][info ][gc,metaspace   ] GC(483) Metaspace: 76961K->76961K(1120256K)
[4223.307s][info ][gc             ] GC(483) Pause Young (Allocation Failure) 2503M->585M(2594M) 8.626ms
[4223.307s][info ][gc,cpu         ] GC(483) User=0.03s Sys=0.00s Real=0.00s
[4223.307s][info ][safepoint      ] Leaving safepoint region
[4223.307s][info ][safepoint      ] Total time for which application threads were stopped: 0.0088147 seconds, Stopping threads took: 0.0000211 seconds
[4224.307s][info ][safepoint      ] Application time: 1.0000820 seconds
[4224.307s][info ][safepoint      ] Entering safepoint region: Cleanup
[4224.307s][info ][safepoint      ] Leaving safepoint region
[4224.307s][info ][safepoint      ] Total time for which application threads were stopped: 0.0001297 seconds, Stopping threads took: 0.0000464 seconds
[4229.308s][info ][safepoint      ] Application time: 5.0003510 seconds
[4229.308s][info ][safepoint      ] Entering safepoint region: Cleanup
[4229.308s][info ][safepoint      ] Leaving safepoint region
[4229.308s][info ][safepoint      ] Total time for which application threads were stopped: 0.0001174 seconds, Stopping threads took: 0.0000430 seconds
[4230.308s][info ][safepoint      ] Application time: 1.0000606 seconds
[4230.308s][info ][safepoint      ] Entering safepoint region: Cleanup
[4230.308s][info ][safepoint      ] Leaving safepoint region
[4230.308s][info ][safepoint      ] Total time for which application threads were stopped: 0.0001160 seconds, Stopping threads took: 0.0000473 seconds
[4232.799s][info ][safepoint      ] Application time: 2.4914535 seconds
[4232.799s][info ][safepoint      ] Entering safepoint region: ParallelGCFailedAllocation
[4232.800s][info ][gc,start       ] GC(484) Pause Young (Allocation Failure)
[4232.806s][debug][gc,phases      ] GC(484) Scavenge 6.252ms
[4232.806s][debug][gc,ref         ] GC(484) Skipped phase1 of Reference Processing due to unavailable references
[4232.806s][debug][gc,ref         ] GC(484) Skipped phase2 of Reference Processing due to unavailable references
[4232.806s][debug][gc,ref         ] GC(484) Skipped phase3 of Reference Processing due to unavailable references
[4232.806s][debug][gc,phases      ] GC(484) Reference Processing 0.027ms
[4232.806s][debug][gc,phases      ] GC(484) Weak Processing 0.150ms
[4232.807s][debug][gc,phases      ] GC(484) Scrub String Table 0.445ms
[4232.807s][debug][gc,age         ] GC(484) Desired survivor size 52428800 bytes, new threshold 15 (max threshold 15)
[4232.807s][info ][gc,heap        ] GC(484) PSYoungGen: 1999248K->15696K(2038784K)
[4232.807s][info ][gc,heap        ] GC(484) ParOldGen: 584548K->584580K(613888K)
[4232.807s][info ][gc,metaspace   ] GC(484) Metaspace: 76963K->76963K(1120256K)
[4232.807s][info ][gc             ] GC(484) Pause Young (Allocation Failure) 2523M->586M(2590M) 7.008ms
[4232.807s][info ][gc,cpu         ] GC(484) User=0.02s Sys=0.00s Real=0.00s
[4232.807s][info ][safepoint      ] Leaving safepoint region
[4232.807s][info ][safepoint      ] Total time for which application threads were stopped: 0.0072274 seconds, Stopping threads took: 0.0000536 seconds
[4234.807s][info ][safepoint      ] Application time: 2.0001261 seconds
[4234.807s][info ][safepoint      ] Entering safepoint region: Cleanup
[4234.807s][info ][safepoint      ] Leaving safepoint region
[4234.807s][info ][safepoint      ] Total time for which application threads were stopped: 0.0001097 seconds, Stopping threads took: 0.0000353 seconds
[4234.881s][info ][safepoint      ] Application time: 0.0738674 seconds
[4234.881s][info ][safepoint      ] Entering safepoint region: RevokeBias
[4234.881s][info ][safepoint      ] Leaving safepoint region
[4234.881s][info ][safepoint      ] Total time for which application threads were stopped: 0.0000770 seconds, Stopping threads took: 0.0000112 seconds
[4234.881s][info ][safepoint      ] Application time: 0.0002258 seconds
[4234.881s][info ][safepoint      ] Entering safepoint region: RevokeBias
[4234.881s][info ][safepoint      ] Leaving safepoint region
[4234.881s][info ][safepoint      ] Total time for which application threads were stopped: 0.0000321 seconds, Stopping threads took: 0.0000053 seconds
[4235.108s][info ][safepoint      ] Application time: 0.2272615 seconds
[4235.109s][info ][safepoint      ] Entering safepoint region: RevokeBias
[4235.109s][info ][safepoint      ] Leaving safepoint region
[4235.109s][info ][safepoint      ] Total time for which application threads were stopped: 0.0002098 seconds, Stopping threads took: 0.0000407 seconds
[4237.109s][info ][safepoint      ] Application time: 2.0001597 seconds
[4237.109s][info ][safepoint      ] Entering safepoint region: Cleanup
[4237.109s][info ][safepoint      ] Leaving safepoint region
[4237.109s][info ][safepoint      ] Total time for which application threads were stopped: 0.0001023 seconds, Stopping threads took: 0.0000319 seconds
[4237.236s][info ][safepoint      ] Application time: 0.1269238 seconds
[4237.236s][info ][safepoint      ] Entering safepoint region: RevokeBias
[4237.236s][info ][safepoint      ] Leaving safepoint region
[4237.236s][info ][safepoint      ] Total time for which application threads were stopped: 0.0000660 seconds, Stopping threads took: 0.0000141 seconds
[4237.244s][info ][safepoint      ] Application time: 0.0080097 seconds
[4237.244s][info ][safepoint      ] Entering safepoint region: RevokeBias
[4237.244s][info ][safepoint      ] Leaving safepoint region
[4237.244s][info ][safepoint      ] Total time for which application threads were stopped: 0.0001073 seconds, Stopping threads took: 0.0000347 seconds
[4237.279s][info ][safepoint      ] Application time: 0.0345349 seconds
[4237.279s][info ][safepoint      ] Entering safepoint region: RevokeBias
[4237.279s][info ][safepoint      ] Leaving safepoint region
[4237.279s][info ][safepoint      ] Total time for which application threads were stopped: 0.0002501 seconds, Stopping threads took: 0.0000147 seconds
[4237.322s][info ][safepoint      ] Application time: 0.0427524 seconds
[4237.322s][info ][safepoint      ] Entering safepoint region: RevokeBias
[4237.322s][info ][safepoint      ] Leaving safepoint region
[4237.322s][info ][safepoint      ] Total time for which application threads were stopped: 0.0000811 seconds, Stopping threads took: 0.0000144 seconds
[4238.322s][info ][safepoint      ] Application time: 1.0000777 seconds
[4238.322s][info ][safepoint      ] Entering safepoint region: Cleanup
[4238.322s][info ][safepoint      ] Leaving safepoint region
[4238.322s][info ][safepoint      ] Total time for which application threads were stopped: 0.0002747 seconds, Stopping threads took: 0.0000318 seconds
[4242.050s][info ][safepoint      ] Application time: 3.7273196 seconds
[4242.050s][info ][safepoint      ] Entering safepoint region: ParallelGCFailedAllocation
[4242.050s][info ][gc,start       ] GC(485) Pause Young (Allocation Failure)
[4242.058s][debug][gc,phases      ] GC(485) Scavenge 8.241ms
[4242.058s][debug][gc,ref         ] GC(485) Skipped phase1 of Reference Processing due to unavailable references
[4242.058s][debug][gc,ref         ] GC(485) Skipped phase3 of Reference Processing due to unavailable references
[4242.058s][debug][gc,phases      ] GC(485) Reference Processing 0.028ms
[4242.058s][debug][gc,phases      ] GC(485) Weak Processing 0.143ms
[4242.059s][debug][gc,phases      ] GC(485) Scrub String Table 0.446ms
[4242.059s][debug][gc,age         ] GC(485) Desired survivor size 56098816 bytes, new threshold 15 (max threshold 15)
[4242.059s][info ][gc,heap        ] GC(485) PSYoungGen: 2000208K->33207K(2038784K)
[4242.059s][info ][gc,heap        ] GC(485) ParOldGen: 584580K->584628K(613888K)
[4242.059s][info ][gc,metaspace   ] GC(485) Metaspace: 76981K->76981K(1120256K)
[4242.059s][info ][gc             ] GC(485) Pause Young (Allocation Failure) 2524M->603M(2590M) 9.012ms
[4242.059s][info ][gc,cpu         ] GC(485) User=0.03s Sys=0.00s Real=0.01s
[4242.059s][info ][safepoint      ] Leaving safepoint region
[4242.059s][info ][safepoint      ] Total time for which application threads were stopped: 0.0092357 seconds, Stopping threads took: 0.0000604 seconds
[4242.278s][info ][safepoint      ] Application time: 0.2194886 seconds
[4242.278s][info ][safepoint      ] Entering safepoint region: RevokeBias
[4242.278s][info ][safepoint      ] Leaving safepoint region
[4242.279s][info ][safepoint      ] Total time for which application threads were stopped: 0.0000933 seconds, Stopping threads took: 0.0000152 seconds
[4243.279s][info ][safepoint      ] Application time: 1.0000794 seconds
[4243.279s][info ][safepoint      ] Entering safepoint region: Cleanup
[4243.279s][info ][safepoint      ] Leaving safepoint region
[4243.279s][info ][safepoint      ] Total time for which application threads were stopped: 0.0000809 seconds, Stopping threads took: 0.0000160 seconds
[4245.279s][info ][safepoint      ] Application time: 2.0001315 seconds
[4245.279s][info ][safepoint      ] Entering safepoint region: Cleanup
[4245.279s][info ][safepoint      ] Leaving safepoint region
[4245.279s][info ][safepoint      ] Total time for which application threads were stopped: 0.0000911 seconds, Stopping threads took: 0.0000145 seconds
[4247.279s][info ][safepoint      ] Application time: 1.9996781 seconds
[4247.279s][info ][safepoint      ] Entering safepoint region: RevokeBias
[4247.279s][info ][safepoint      ] Leaving safepoint region
[4247.279s][info ][safepoint      ] Total time for which application threads were stopped: 0.0001146 seconds, Stopping threads took: 0.0000187 seconds
[4247.279s][info ][safepoint      ] Application time: 0.0001502 seconds
[4247.279s][info ][safepoint      ] Entering safepoint region: RevokeBias
[4247.279s][info ][safepoint      ] Leaving safepoint region
[4247.279s][info ][safepoint      ] Total time for which application threads were stopped: 0.0000297 seconds, Stopping threads took: 0.0000058 seconds
[4247.279s][info ][safepoint      ] Application time: 0.0001340 seconds
[4247.279s][info ][safepoint      ] Entering safepoint region: RevokeBias
[4247.279s][info ][safepoint      ] Leaving safepoint region
[4247.279s][info ][safepoint      ] Total time for which application threads were stopped: 0.0000306 seconds, Stopping threads took: 0.0000057 seconds
[4247.279s][info ][safepoint      ] Application time: 0.0000214 seconds
[4247.279s][info ][safepoint      ] Entering safepoint region: RevokeBias
[4247.279s][info ][safepoint      ] Leaving safepoint region
[4247.279s][info ][safepoint      ] Total time for which application threads were stopped: 0.0000273 seconds, Stopping threads took: 0.0000054 seconds
[4247.279s][info ][safepoint      ] Application time: 0.0000389 seconds
[4247.279s][info ][safepoint      ] Entering safepoint region: RevokeBias
[4247.279s][info ][safepoint      ] Leaving safepoint region
[4247.279s][info ][safepoint      ] Total time for which application threads were stopped: 0.0000280 seconds, Stopping threads took: 0.0000053 seconds
[4247.279s][info ][safepoint      ] Application time: 0.0000692 seconds
[4247.279s][info ][safepoint      ] Entering safepoint region: RevokeBias
[4247.279s][info ][safepoint      ] Leaving safepoint region
[4247.279s][info ][safepoint      ] Total time for which application threads were stopped: 0.0000259 seconds, Stopping threads took: 0.0000053 seconds
[4249.280s][info ][safepoint      ] Application time: 2.0001069 seconds
[4249.280s][info ][safepoint      ] Entering safepoint region: Cleanup
[4249.280s][info ][safepoint      ] Leaving safepoint region
[4249.280s][info ][safepoint      ] Total time for which application threads were stopped: 0.0000976 seconds, Stopping threads took: 0.0000148 seconds
[4251.280s][info ][safepoint      ] Application time: 2.0001466 seconds
[4251.280s][info ][safepoint      ] Entering safepoint region: Cleanup
[4251.280s][info ][safepoint      ] Leaving safepoint region
[4251.280s][info ][safepoint      ] Total time for which application threads were stopped: 0.0000866 seconds, Stopping threads took: 0.0000217 seconds
[4251.400s][info ][safepoint      ] Application time: 0.1196524 seconds
[4251.400s][info ][safepoint      ] Entering safepoint region: ParallelGCFailedAllocation
[4251.400s][info ][gc,start       ] GC(486) Pause Young (Allocation Failure)
[4251.409s][debug][gc,phases      ] GC(486) Scavenge 9.070ms
[4251.409s][debug][gc,ref         ] GC(486) Skipped phase1 of Reference Processing due to unavailable references
[4251.409s][debug][gc,phases      ] GC(486) Reference Processing 0.053ms
[4251.409s][debug][gc,phases      ] GC(486) Weak Processing 0.139ms
[4251.410s][debug][gc,phases      ] GC(486) Scrub String Table 0.443ms
[4251.410s][debug][gc,age         ] GC(486) Desired survivor size 58720256 bytes, new threshold 15 (max threshold 15)
[4251.410s][info ][gc,heap        ] GC(486) PSYoungGen: 2020791K->33415K(2021376K)
[4251.410s][info ][gc,heap        ] GC(486) ParOldGen: 584628K->584744K(613888K)
[4251.410s][info ][gc,metaspace   ] GC(486) Metaspace: 76981K->76981K(1120256K)
[4251.410s][info ][gc             ] GC(486) Pause Young (Allocation Failure) 2544M->603M(2573M) 9.858ms
[4251.410s][info ][gc,cpu         ] GC(486) User=0.04s Sys=0.01s Real=0.01s
[4251.410s][info ][safepoint      ] Leaving safepoint region
[4251.410s][info ][safepoint      ] Total time for which application threads were stopped: 0.0101146 seconds, Stopping threads took: 0.0000752 seconds
[4255.410s][info ][safepoint      ] Application time: 4.0003108 seconds
[4255.410s][info ][safepoint      ] Entering safepoint region: Cleanup
[4255.410s][info ][safepoint      ] Leaving safepoint region
[4255.410s][info ][safepoint      ] Total time for which application threads were stopped: 0.0001197 seconds, Stopping threads took: 0.0000409 seconds
[4257.410s][info ][safepoint      ] Application time: 2.0001455 seconds
[4257.410s][info ][safepoint      ] Entering safepoint region: Cleanup
[4257.411s][info ][safepoint      ] Leaving safepoint region
[4257.411s][info ][safepoint      ] Total time for which application threads were stopped: 0.0001072 seconds, Stopping threads took: 0.0000342 seconds
[4258.411s][info ][safepoint      ] Application time: 1.0000748 seconds
[4258.411s][info ][safepoint      ] Entering safepoint region: Cleanup
[4258.411s][info ][safepoint      ] Leaving safepoint region
[4258.411s][info ][safepoint      ] Total time for which application threads were stopped: 0.0001354 seconds, Stopping threads took: 0.0000600 seconds
[4259.411s][info ][safepoint      ] Application time: 1.0000745 seconds
[4259.411s][info ][safepoint      ] Entering safepoint region: Cleanup
[4259.411s][info ][safepoint      ] Leaving safepoint region
[4259.411s][info ][safepoint      ] Total time for which application threads were stopped: 0.0001115 seconds, Stopping threads took: 0.0000436 seconds
[4261.071s][info ][safepoint      ] Application time: 1.6600270 seconds
[4261.071s][info ][safepoint      ] Entering safepoint region: ParallelGCFailedAllocation
[4261.071s][info ][gc,start       ] GC(487) Pause Young (Allocation Failure)
[4261.080s][debug][gc,phases      ] GC(487) Scavenge 8.720ms
[4261.080s][debug][gc,ref         ] GC(487) Skipped phase1 of Reference Processing due to unavailable references
[4261.080s][debug][gc,ref         ] GC(487) Skipped phase3 of Reference Processing due to unavailable references
[4261.080s][debug][gc,phases      ] GC(487) Reference Processing 0.028ms
[4261.080s][debug][gc,phases      ] GC(487) Weak Processing 0.119ms
[4261.081s][debug][gc,phases      ] GC(487) Scrub String Table 0.454ms
[4261.081s][debug][gc,age         ] GC(487) Desired survivor size 60817408 bytes, new threshold 15 (max threshold 15)
[4261.081s][info ][gc,heap        ] GC(487) PSYoungGen: 2020999K->33319K(2035712K)
[4261.081s][info ][gc,heap        ] GC(487) ParOldGen: 584744K->584864K(613888K)
[4261.081s][info ][gc,metaspace   ] GC(487) Metaspace: 76983K->76983K(1120256K)
[4261.081s][info ][gc             ] GC(487) Pause Young (Allocation Failure) 2544M->603M(2587M) 9.454ms
[4261.081s][info ][gc,cpu         ] GC(487) User=0.04s Sys=0.00s Real=0.01s
[4261.081s][info ][safepoint      ] Leaving safepoint region
[4261.081s][info ][safepoint      ] Total time for which application threads were stopped: 0.0096107 seconds, Stopping threads took: 0.0000138 seconds
[4263.081s][info ][safepoint      ] Application time: 2.0001396 seconds
[4263.081s][info ][safepoint      ] Entering safepoint region: Cleanup
[4263.081s][info ][safepoint      ] Leaving safepoint region
[4263.081s][info ][safepoint      ] Total time for which application threads were stopped: 0.0000763 seconds, Stopping threads took: 0.0000157 seconds
[4264.081s][info ][safepoint      ] Application time: 1.0000713 seconds
[4264.081s][info ][safepoint      ] Entering safepoint region: Cleanup
[4264.081s][info ][safepoint      ] Leaving safepoint region
[4264.081s][info ][safepoint      ] Total time for which application threads were stopped: 0.0000845 seconds, Stopping threads took: 0.0000148 seconds
[4265.081s][info ][safepoint      ] Application time: 1.0000638 seconds
[4265.081s][info ][safepoint      ] Entering safepoint region: Cleanup
[4265.081s][info ][safepoint      ] Leaving safepoint region
[4265.081s][info ][safepoint      ] Total time for which application threads were stopped: 0.0000909 seconds, Stopping threads took: 0.0000148 seconds
[4266.081s][info ][safepoint      ] Application time: 1.0000754 seconds
[4266.084s][info ][safepoint      ] Entering safepoint region: Cleanup
[4266.084s][info ][safepoint      ] Leaving safepoint region
[4266.084s][info ][safepoint      ] Total time for which application threads were stopped: 0.0024068 seconds, Stopping threads took: 0.0022992 seconds
[4268.084s][info ][safepoint      ] Application time: 2.0001481 seconds
[4268.084s][info ][safepoint      ] Entering safepoint region: Cleanup
[4268.084s][info ][safepoint      ] Leaving safepoint region
[4268.084s][info ][safepoint      ] Total time for which application threads were stopped: 0.0000832 seconds, Stopping threads took: 0.0000203 seconds
[4270.762s][info ][safepoint      ] Application time: 2.6773483 seconds
[4270.762s][info ][safepoint      ] Entering safepoint region: ParallelGCFailedAllocation
[4270.762s][info ][gc,start       ] GC(488) Pause Young (Allocation Failure)
[4270.770s][debug][gc,phases      ] GC(488) Scavenge 8.120ms
[4270.770s][debug][gc,ref         ] GC(488) Skipped phase1 of Reference Processing due to unavailable references
[4270.770s][debug][gc,ref         ] GC(488) Skipped phase3 of Reference Processing due to unavailable references
[4270.770s][debug][gc,phases      ] GC(488) Reference Processing 0.030ms
[4270.770s][debug][gc,phases      ] GC(488) Weak Processing 0.159ms
[4270.771s][debug][gc,phases      ] GC(488) Scrub String Table 0.455ms
[4270.771s][debug][gc,age         ] GC(488) Desired survivor size 61865984 bytes, new threshold 15 (max threshold 15)
[4270.771s][info ][gc,heap        ] GC(488) PSYoungGen: 2011687K->33175K(2011648K)
[4270.771s][info ][gc,heap        ] GC(488) ParOldGen: 584864K->585020K(613888K)
[4270.771s][info ][gc,metaspace   ] GC(488) Metaspace: 76984K->76984K(1120256K)
[4270.771s][info ][gc             ] GC(488) Pause Young (Allocation Failure) 2535M->603M(2564M) 8.902ms
[4270.771s][info ][gc,cpu         ] GC(488) User=0.03s Sys=0.00s Real=0.01s
[4270.771s][info ][safepoint      ] Leaving safepoint region
[4270.771s][info ][safepoint      ] Total time for which application threads were stopped: 0.0091030 seconds, Stopping threads took: 0.0000309 seconds
[4271.771s][info ][safepoint      ] Application time: 1.0000762 seconds
[4271.771s][info ][safepoint      ] Entering safepoint region: Cleanup
[4271.771s][info ][safepoint      ] Leaving safepoint region
[4271.771s][info ][safepoint      ] Total time for which application threads were stopped: 0.0001230 seconds, Stopping threads took: 0.0000499 seconds
[4277.681s][info ][safepoint      ] Application time: 5.9104582 seconds
[4277.681s][info ][safepoint      ] Entering safepoint region: RevokeBias
[4277.682s][info ][safepoint      ] Leaving safepoint region
[4277.682s][info ][safepoint      ] Total time for which application threads were stopped: 0.0000901 seconds, Stopping threads took: 0.0000150 seconds
[4280.450s][info ][safepoint      ] Application time: 2.7681798 seconds
[4280.450s][info ][safepoint      ] Entering safepoint region: ParallelGCFailedAllocation
[4280.450s][info ][gc,start       ] GC(489) Pause Young (Allocation Failure)
[4280.458s][debug][gc,phases      ] GC(489) Scavenge 8.311ms
[4280.458s][debug][gc,ref         ] GC(489) Skipped phase1 of Reference Processing due to unavailable references
[4280.458s][debug][gc,ref         ] GC(489) Skipped phase3 of Reference Processing due to unavailable references
[4280.458s][debug][gc,phases      ] GC(489) Reference Processing 0.029ms
[4280.458s][debug][gc,phases      ] GC(489) Weak Processing 0.129ms
[4280.459s][debug][gc,phases      ] GC(489) Scrub String Table 0.462ms
[4280.459s][debug][gc,age         ] GC(489) Desired survivor size 62914560 bytes, new threshold 15 (max threshold 15)
[4280.459s][info ][gc,heap        ] GC(489) PSYoungGen: 2011543K->33207K(2034688K)
[4280.459s][info ][gc,heap        ] GC(489) ParOldGen: 585020K->585108K(613888K)
[4280.459s][info ][gc,metaspace   ] GC(489) Metaspace: 76984K->76984K(1120256K)
[4280.459s][info ][gc             ] GC(489) Pause Young (Allocation Failure) 2535M->603M(2586M) 9.053ms
[4280.459s][info ][gc,cpu         ] GC(489) User=0.03s Sys=0.00s Real=0.01s
[4280.459s][info ][safepoint      ] Leaving safepoint region
[4280.459s][info ][safepoint      ] Total time for which application threads were stopped: 0.0092689 seconds, Stopping threads took: 0.0000622 seconds
[4290.150s][info ][safepoint      ] Application time: 9.6908633 seconds
[4290.150s][info ][safepoint      ] Entering safepoint region: ParallelGCFailedAllocation
[4290.150s][info ][gc,start       ] GC(490) Pause Young (Allocation Failure)
[4290.158s][debug][gc,phases      ] GC(490) Scavenge 8.269ms
[4290.158s][debug][gc,ref         ] GC(490) Skipped phase1 of Reference Processing due to unavailable references
[4290.158s][debug][gc,ref         ] GC(490) Skipped phase3 of Reference Processing due to unavailable references
[4290.158s][debug][gc,phases      ] GC(490) Reference Processing 0.027ms
[4290.159s][debug][gc,phases      ] GC(490) Weak Processing 0.140ms
[4290.159s][debug][gc,phases      ] GC(490) Scrub String Table 0.439ms
[4290.159s][debug][gc,age         ] GC(490) Desired survivor size 62914560 bytes, new threshold 15 (max threshold 15)
[4290.159s][info ][gc,heap        ] GC(490) PSYoungGen: 2007479K->33159K(2035712K)
[4290.159s][info ][gc,heap        ] GC(490) ParOldGen: 585108K->585172K(613888K)
[4290.159s][info ][gc,metaspace   ] GC(490) Metaspace: 76984K->76984K(1120256K)
[4290.159s][info ][gc             ] GC(490) Pause Young (Allocation Failure) 2531M->603M(2587M) 8.998ms
[4290.159s][info ][gc,cpu         ] GC(490) User=0.04s Sys=0.00s Real=0.01s
[4290.159s][info ][safepoint      ] Leaving safepoint region
[4290.159s][info ][safepoint      ] Total time for which application threads were stopped: 0.0092032 seconds, Stopping threads took: 0.0000422 seconds
[4290.832s][info ][safepoint      ] Application time: 0.6727843 seconds
[4290.832s][info ][safepoint      ] Entering safepoint region: RevokeBias
[4290.832s][info ][safepoint      ] Leaving safepoint region
[4290.832s][info ][safepoint      ] Total time for which application threads were stopped: 0.0000806 seconds, Stopping threads took: 0.0000133 seconds
[4294.832s][info ][safepoint      ] Application time: 4.0002833 seconds
[4294.832s][info ][safepoint      ] Entering safepoint region: Cleanup
[4294.833s][info ][safepoint      ] Leaving safepoint region
[4294.833s][info ][safepoint      ] Total time for which application threads were stopped: 0.0001444 seconds, Stopping threads took: 0.0000752 seconds
[4296.833s][info ][safepoint      ] Application time: 2.0001460 seconds
[4296.833s][info ][safepoint      ] Entering safepoint region: Cleanup
[4296.833s][info ][safepoint      ] Leaving safepoint region
[4296.833s][info ][safepoint      ] Total time for which application threads were stopped: 0.0001179 seconds, Stopping threads took: 0.0000199 seconds
[4297.833s][info ][safepoint      ] Application time: 1.0000746 seconds
[4297.833s][info ][safepoint      ] Entering safepoint region: Cleanup
[4297.833s][info ][safepoint      ] Leaving safepoint region
[4297.833s][info ][safepoint      ] Total time for which application threads were stopped: 0.0000808 seconds, Stopping threads took: 0.0000144 seconds
[4300.057s][info ][safepoint      ] Application time: 2.2240376 seconds
[4300.057s][info ][safepoint      ] Entering safepoint region: ParallelGCFailedAllocation
[4300.057s][info ][gc,start       ] GC(491) Pause Young (Allocation Failure)
[4300.064s][debug][gc,phases      ] GC(491) Scavenge 6.928ms
[4300.064s][debug][gc,ref         ] GC(491) Skipped phase1 of Reference Processing due to unavailable references
[4300.064s][debug][gc,ref         ] GC(491) Skipped phase3 of Reference Processing due to unavailable references
[4300.064s][debug][gc,phases      ] GC(491) Reference Processing 0.028ms
[4300.064s][debug][gc,phases      ] GC(491) Weak Processing 0.132ms
[4300.065s][debug][gc,phases      ] GC(491) Scrub String Table 0.467ms
[4300.065s][debug][gc,age         ] GC(491) Desired survivor size 62914560 bytes, new threshold 15 (max threshold 15)
[4300.065s][info ][gc,heap        ] GC(491) PSYoungGen: 2007431K->33111K(2035712K)
[4300.065s][info ][gc,heap        ] GC(491) ParOldGen: 585172K->585204K(613888K)
[4300.065s][info ][gc,metaspace   ] GC(491) Metaspace: 76984K->76984K(1120256K)
[4300.065s][info ][gc             ] GC(491) Pause Young (Allocation Failure) 2531M->603M(2587M) 7.687ms
[4300.065s][info ][gc,cpu         ] GC(491) User=0.03s Sys=0.00s Real=0.00s
[4300.065s][info ][safepoint      ] Leaving safepoint region
[4300.065s][info ][safepoint      ] Total time for which application threads were stopped: 0.0078395 seconds, Stopping threads took: 0.0000120 seconds
[4309.827s][info ][safepoint      ] Application time: 9.7619086 seconds
[4309.827s][info ][safepoint      ] Entering safepoint region: ParallelGCFailedAllocation
[4309.827s][info ][gc,start       ] GC(492) Pause Young (Allocation Failure)
[4309.835s][debug][gc,phases      ] GC(492) Scavenge 7.519ms
[4309.835s][debug][gc,ref         ] GC(492) Skipped phase1 of Reference Processing due to unavailable references
[4309.835s][debug][gc,ref         ] GC(492) Skipped phase3 of Reference Processing due to unavailable references
[4309.835s][debug][gc,phases      ] GC(492) Reference Processing 0.027ms
[4309.835s][debug][gc,phases      ] GC(492) Weak Processing 0.140ms
[4309.835s][debug][gc,phases      ] GC(492) Scrub String Table 0.434ms
[4309.835s][debug][gc,age         ] GC(492) Desired survivor size 62914560 bytes, new threshold 15 (max threshold 15)
[4309.835s][info ][gc,heap        ] GC(492) PSYoungGen: 2007383K->33271K(2035712K)
[4309.835s][info ][gc,heap        ] GC(492) ParOldGen: 585204K->585236K(613888K)
[4309.835s][info ][gc,metaspace   ] GC(492) Metaspace: 76985K->76985K(1120256K)
[4309.835s][info ][gc             ] GC(492) Pause Young (Allocation Failure) 2531M->604M(2587M) 8.257ms
[4309.835s][info ][gc,cpu         ] GC(492) User=0.03s Sys=0.00s Real=0.01s
[4309.835s][info ][safepoint      ] Leaving safepoint region
[4309.835s][info ][safepoint      ] Total time for which application threads were stopped: 0.0083996 seconds, Stopping threads took: 0.0000125 seconds
[4319.750s][info ][safepoint      ] Application time: 9.9142422 seconds
[4319.750s][info ][safepoint      ] Entering safepoint region: ParallelGCFailedAllocation
[4319.750s][info ][gc,start       ] GC(493) Pause Young (Allocation Failure)
[4319.758s][debug][gc,phases      ] GC(493) Scavenge 7.852ms
[4319.758s][debug][gc,ref         ] GC(493) Skipped phase1 of Reference Processing due to unavailable references
[4319.758s][debug][gc,ref         ] GC(493) Skipped phase3 of Reference Processing due to unavailable references
[4319.758s][debug][gc,phases      ] GC(493) Reference Processing 0.027ms
[4319.758s][debug][gc,phases      ] GC(493) Weak Processing 0.146ms
[4319.758s][debug][gc,phases      ] GC(493) Scrub String Table 0.500ms
[4319.758s][debug][gc,age         ] GC(493) Desired survivor size 62390272 bytes, new threshold 15 (max threshold 15)
[4319.758s][info ][gc,heap        ] GC(493) PSYoungGen: 2007543K->33188K(2036224K)
[4319.758s][info ][gc,heap        ] GC(493) ParOldGen: 585236K->585356K(613888K)
[4319.758s][info ][gc,metaspace   ] GC(493) Metaspace: 76985K->76985K(1120256K)
[4319.758s][info ][gc             ] GC(493) Pause Young (Allocation Failure) 2532M->604M(2588M) 8.669ms
[4319.758s][info ][gc,cpu         ] GC(493) User=0.03s Sys=0.00s Real=0.01s
[4319.758s][info ][safepoint      ] Leaving safepoint region
[4319.758s][info ][safepoint      ] Total time for which application threads were stopped: 0.0088880 seconds, Stopping threads took: 0.0000691 seconds
[4329.521s][info ][safepoint      ] Application time: 9.7622665 seconds
[4329.521s][info ][safepoint      ] Entering safepoint region: ParallelGCFailedAllocation
[4329.521s][info ][gc,start       ] GC(494) Pause Young (Allocation Failure)
[4329.528s][debug][gc,phases      ] GC(494) Scavenge 7.217ms
[4329.528s][debug][gc,ref         ] GC(494) Skipped phase1 of Reference Processing due to unavailable references
[4329.528s][debug][gc,ref         ] GC(494) Skipped phase3 of Reference Processing due to unavailable references
[4329.528s][debug][gc,phases      ] GC(494) Reference Processing 0.028ms
[4329.528s][debug][gc,phases      ] GC(494) Weak Processing 0.141ms
[4329.529s][debug][gc,phases      ] GC(494) Scrub String Table 0.433ms
[4329.529s][debug][gc,age         ] GC(494) Desired survivor size 61341696 bytes, new threshold 15 (max threshold 15)
[4329.529s][info ][gc,heap        ] GC(494) PSYoungGen: 2007972K->33239K(2035712K)
[4329.529s][info ][gc,heap        ] GC(494) ParOldGen: 585356K->585448K(613888K)
[4329.529s][info ][gc,metaspace   ] GC(494) Metaspace: 76985K->76985K(1120256K)
[4329.529s][info ][gc             ] GC(494) Pause Young (Allocation Failure) 2532M->604M(2587M) 7.964ms
[4329.529s][info ][gc,cpu         ] GC(494) User=0.03s Sys=0.00s Real=0.01s
[4329.529s][info ][safepoint      ] Leaving safepoint region
[4329.529s][info ][safepoint      ] Total time for which application threads were stopped: 0.0081441 seconds, Stopping threads took: 0.0000119 seconds
[4330.529s][info ][safepoint      ] Application time: 1.0000811 seconds
[4330.529s][info ][safepoint      ] Entering safepoint region: Cleanup
[4330.529s][info ][safepoint      ] Leaving safepoint region
[4330.529s][info ][safepoint      ] Total time for which application threads were stopped: 0.0000744 seconds, Stopping threads took: 0.0000149 seconds
[4331.529s][info ][safepoint      ] Application time: 1.0000540 seconds
[4331.529s][info ][safepoint      ] Entering safepoint region: Cleanup
[4331.529s][info ][safepoint      ] Leaving safepoint region
[4331.529s][info ][safepoint      ] Total time for which application threads were stopped: 0.0001032 seconds, Stopping threads took: 0.0000420 seconds
[4336.530s][info ][safepoint      ] Application time: 5.0003497 seconds
[4336.530s][info ][safepoint      ] Entering safepoint region: Cleanup
[4336.530s][info ][safepoint      ] Leaving safepoint region
[4336.530s][info ][safepoint      ] Total time for which application threads were stopped: 0.0000744 seconds, Stopping threads took: 0.0000147 seconds
[4339.351s][info ][safepoint      ] Application time: 2.8216037 seconds
[4339.351s][info ][safepoint      ] Entering safepoint region: ParallelGCFailedAllocation
[4339.352s][info ][gc,start       ] GC(495) Pause Young (Allocation Failure)
[4339.359s][debug][gc,phases      ] GC(495) Scavenge 7.851ms
[4339.359s][debug][gc,ref         ] GC(495) Skipped phase1 of Reference Processing due to unavailable references
[4339.359s][debug][gc,ref         ] GC(495) Skipped phase3 of Reference Processing due to unavailable references
[4339.360s][debug][gc,phases      ] GC(495) Reference Processing 0.028ms
[4339.360s][debug][gc,phases      ] GC(495) Weak Processing 0.154ms
[4339.360s][debug][gc,phases      ] GC(495) Scrub String Table 0.445ms
[4339.360s][debug][gc,age         ] GC(495) Desired survivor size 60817408 bytes, new threshold 15 (max threshold 15)
[4339.360s][info ][gc,heap        ] GC(495) PSYoungGen: 2008023K->33111K(2037760K)
[4339.360s][info ][gc,heap        ] GC(495) ParOldGen: 585448K->585540K(613888K)
[4339.360s][info ][gc,metaspace   ] GC(495) Metaspace: 76986K->76986K(1120256K)
[4339.360s][info ][gc             ] GC(495) Pause Young (Allocation Failure) 2532M->604M(2589M) 8.622ms
[4339.360s][info ][gc,cpu         ] GC(495) User=0.03s Sys=0.00s Real=0.01s
[4339.360s][info ][safepoint      ] Leaving safepoint region
[4339.360s][info ][safepoint      ] Total time for which application threads were stopped: 0.0087772 seconds, Stopping threads took: 0.0000137 seconds
[4346.361s][info ][safepoint      ] Application time: 7.0004861 seconds
[4346.361s][info ][safepoint      ] Entering safepoint region: Cleanup
[4346.361s][info ][safepoint      ] Leaving safepoint region
[4346.361s][info ][safepoint      ] Total time for which application threads were stopped: 0.0001284 seconds, Stopping threads took: 0.0000519 seconds
[4347.361s][info ][safepoint      ] Application time: 1.0000702 seconds
[4347.361s][info ][safepoint      ] Entering safepoint region: Cleanup
[4347.361s][info ][safepoint      ] Leaving safepoint region
[4347.361s][info ][safepoint      ] Total time for which application threads were stopped: 0.0000992 seconds, Stopping threads took: 0.0000315 seconds
[4348.361s][info ][safepoint      ] Application time: 1.0000689 seconds
[4348.361s][info ][safepoint      ] Entering safepoint region: Cleanup
[4348.361s][info ][safepoint      ] Leaving safepoint region
[4348.361s][info ][safepoint      ] Total time for which application threads were stopped: 0.0001205 seconds, Stopping threads took: 0.0000438 seconds
[4349.070s][info ][safepoint      ] Application time: 0.7091483 seconds
[4349.071s][info ][safepoint      ] Entering safepoint region: ParallelGCFailedAllocation
[4349.071s][info ][gc,start       ] GC(496) Pause Young (Allocation Failure)
[4349.078s][debug][gc,phases      ] GC(496) Scavenge 7.797ms
[4349.078s][debug][gc,ref         ] GC(496) Skipped phase1 of Reference Processing due to unavailable references
[4349.078s][debug][gc,ref         ] GC(496) Skipped phase3 of Reference Processing due to unavailable references
[4349.079s][debug][gc,phases      ] GC(496) Reference Processing 0.034ms
[4349.079s][debug][gc,phases      ] GC(496) Weak Processing 0.168ms
[4349.079s][debug][gc,phases      ] GC(496) Scrub String Table 0.549ms
[4349.079s][debug][gc,age         ] GC(496) Desired survivor size 59244544 bytes, new threshold 15 (max threshold 15)
[4349.079s][info ][gc,heap        ] GC(496) PSYoungGen: 2010967K->32311K(2037248K)
[4349.079s][info ][gc,heap        ] GC(496) ParOldGen: 585540K->586448K(613888K)
[4349.079s][info ][gc,metaspace   ] GC(496) Metaspace: 76991K->76991K(1120256K)
[4349.079s][info ][gc             ] GC(496) Pause Young (Allocation Failure) 2535M->604M(2589M) 8.692ms
[4349.079s][info ][gc,cpu         ] GC(496) User=0.03s Sys=0.00s Real=0.01s
[4349.079s][info ][safepoint      ] Leaving safepoint region
[4349.079s][info ][safepoint      ] Total time for which application threads were stopped: 0.0088537 seconds, Stopping threads took: 0.0000116 seconds
[4354.080s][info ][safepoint      ] Application time: 5.0003461 seconds
[4354.080s][info ][safepoint      ] Entering safepoint region: Cleanup
[4354.080s][info ][safepoint      ] Leaving safepoint region
[4354.080s][info ][safepoint      ] Total time for which application threads were stopped: 0.0000753 seconds, Stopping threads took: 0.0000158 seconds
[4356.080s][info ][safepoint      ] Application time: 2.0001427 seconds
[4356.080s][info ][safepoint      ] Entering safepoint region: Cleanup
[4356.080s][info ][safepoint      ] Leaving safepoint region
[4356.080s][info ][safepoint      ] Total time for which application threads were stopped: 0.0001006 seconds, Stopping threads took: 0.0000144 seconds
[4357.080s][info ][safepoint      ] Application time: 1.0000768 seconds
[4357.080s][info ][safepoint      ] Entering safepoint region: Cleanup
[4357.080s][info ][safepoint      ] Leaving safepoint region
[4357.080s][info ][safepoint      ] Total time for which application threads were stopped: 0.0000732 seconds, Stopping threads took: 0.0000141 seconds
[4358.340s][info ][safepoint      ] Application time: 1.2594251 seconds
[4358.340s][info ][safepoint      ] Entering safepoint region: RevokeBias
[4358.340s][info ][safepoint      ] Leaving safepoint region
[4358.340s][info ][safepoint      ] Total time for which application threads were stopped: 0.0000828 seconds, Stopping threads took: 0.0000157 seconds
[4358.340s][info ][safepoint      ] Application time: 0.0002523 seconds
[4358.340s][info ][safepoint      ] Entering safepoint region: RevokeBias
[4358.340s][info ][safepoint      ] Leaving safepoint region
[4358.340s][info ][safepoint      ] Total time for which application threads were stopped: 0.0001079 seconds, Stopping threads took: 0.0000670 seconds
[4358.374s][info ][safepoint      ] Application time: 0.0341084 seconds
[4358.374s][info ][safepoint      ] Entering safepoint region: RevokeBias
[4358.374s][info ][safepoint      ] Leaving safepoint region
[4358.374s][info ][safepoint      ] Total time for which application threads were stopped: 0.0000756 seconds, Stopping threads took: 0.0000126 seconds
[4358.507s][info ][safepoint      ] Application time: 0.1321206 seconds
[4358.507s][info ][safepoint      ] Entering safepoint region: RevokeBias
[4358.507s][info ][safepoint      ] Leaving safepoint region
[4358.507s][info ][safepoint      ] Total time for which application threads were stopped: 0.0000942 seconds, Stopping threads took: 0.0000284 seconds
[4358.513s][info ][safepoint      ] Application time: 0.0059627 seconds
[4358.513s][info ][safepoint      ] Entering safepoint region: RevokeBias
[4358.513s][info ][safepoint      ] Leaving safepoint region
[4358.513s][info ][safepoint      ] Total time for which application threads were stopped: 0.0001378 seconds, Stopping threads took: 0.0000495 seconds
[4358.545s][info ][safepoint      ] Application time: 0.0323624 seconds
[4358.545s][info ][safepoint      ] Entering safepoint region: RevokeBias
[4358.545s][info ][safepoint      ] Leaving safepoint region
[4358.545s][info ][safepoint      ] Total time for which application threads were stopped: 0.0000702 seconds, Stopping threads took: 0.0000104 seconds
[4358.550s][info ][safepoint      ] Application time: 0.0047061 seconds
[4358.550s][info ][safepoint      ] Entering safepoint region: ParallelGCFailedAllocation
[4358.550s][info ][gc,start       ] GC(497) Pause Young (Allocation Failure)
[4358.559s][debug][gc,phases      ] GC(497) Scavenge 8.374ms
[4358.559s][debug][gc,ref         ] GC(497) Skipped phase1 of Reference Processing due to unavailable references
[4358.559s][debug][gc,ref         ] GC(497) Skipped phase3 of Reference Processing due to unavailable references
[4358.559s][debug][gc,phases      ] GC(497) Reference Processing 0.031ms
[4358.559s][debug][gc,phases      ] GC(497) Weak Processing 0.182ms
[4358.559s][debug][gc,phases      ] GC(497) Scrub String Table 0.494ms
[4358.559s][debug][gc,age         ] GC(497) Desired survivor size 56623104 bytes, new threshold 15 (max threshold 15)
[4358.559s][info ][gc,heap        ] GC(497) PSYoungGen: 2010167K->28023K(2041856K)
[4358.559s][info ][gc,heap        ] GC(497) ParOldGen: 586448K->591401K(613888K)
[4358.559s][info ][gc,metaspace   ] GC(497) Metaspace: 76997K->76997K(1120256K)
[4358.559s][info ][gc             ] GC(497) Pause Young (Allocation Failure) 2535M->604M(2593M) 9.222ms
[4358.559s][info ][gc,cpu         ] GC(497) User=0.04s Sys=0.00s Real=0.01s
[4358.559s][info ][safepoint      ] Leaving safepoint region
[4358.559s][info ][safepoint      ] Total time for which application threads were stopped: 0.0094128 seconds, Stopping threads took: 0.0000329 seconds
[4358.584s][info ][safepoint      ] Application time: 0.0246709 seconds
[4358.584s][info ][safepoint      ] Entering safepoint region: RevokeBias
[4358.584s][info ][safepoint      ] Leaving safepoint region
[4358.584s][info ][safepoint      ] Total time for which application threads were stopped: 0.0000940 seconds, Stopping threads took: 0.0000144 seconds
[4359.584s][info ][safepoint      ] Application time: 1.0000787 seconds
[4359.584s][info ][safepoint      ] Entering safepoint region: Cleanup
[4359.585s][info ][safepoint      ] Leaving safepoint region
[4359.585s][info ][safepoint      ] Total time for which application threads were stopped: 0.0001412 seconds, Stopping threads took: 0.0000493 seconds
[4360.585s][info ][safepoint      ] Application time: 1.0000769 seconds
[4360.585s][info ][safepoint      ] Entering safepoint region: Cleanup
[4360.585s][info ][safepoint      ] Leaving safepoint region
[4360.585s][info ][safepoint      ] Total time for which application threads were stopped: 0.0000974 seconds, Stopping threads took: 0.0000144 seconds
[4363.545s][info ][safepoint      ] Application time: 2.9601440 seconds
[4363.545s][info ][safepoint      ] Entering safepoint region: RevokeBias
[4363.545s][info ][safepoint      ] Leaving safepoint region
[4363.545s][info ][safepoint      ] Total time for which application threads were stopped: 0.0000855 seconds, Stopping threads took: 0.0000154 seconds
[4363.545s][info ][safepoint      ] Application time: 0.0000459 seconds
[4363.545s][info ][safepoint      ] Entering safepoint region: RevokeBias
[4363.545s][info ][safepoint      ] Leaving safepoint region
[4363.545s][info ][safepoint      ] Total time for which application threads were stopped: 0.0000370 seconds, Stopping threads took: 0.0000170 seconds
[4363.545s][info ][safepoint      ] Application time: 0.0001423 seconds
[4363.545s][info ][safepoint      ] Entering safepoint region: RevokeBias
[4363.545s][info ][safepoint      ] Leaving safepoint region
[4363.545s][info ][safepoint      ] Total time for which application threads were stopped: 0.0000244 seconds, Stopping threads took: 0.0000054 seconds
[4363.545s][info ][safepoint      ] Application time: 0.0000978 seconds
[4363.545s][info ][safepoint      ] Entering safepoint region: RevokeBias
[4363.545s][info ][safepoint      ] Leaving safepoint region
[4363.545s][info ][safepoint      ] Total time for which application threads were stopped: 0.0000601 seconds, Stopping threads took: 0.0000335 seconds
[4363.545s][info ][safepoint      ] Application time: 0.0000316 seconds
[4363.545s][info ][safepoint      ] Entering safepoint region: RevokeBias
[4363.546s][info ][safepoint      ] Leaving safepoint region
[4363.546s][info ][safepoint      ] Total time for which application threads were stopped: 0.0000454 seconds, Stopping threads took: 0.0000047 seconds
[4363.546s][info ][safepoint      ] Application time: 0.0000434 seconds
[4363.546s][info ][safepoint      ] Entering safepoint region: RevokeBias
[4363.546s][info ][safepoint      ] Leaving safepoint region
[4363.546s][info ][safepoint      ] Total time for which application threads were stopped: 0.0000220 seconds, Stopping threads took: 0.0000045 seconds
[4363.546s][info ][safepoint      ] Application time: 0.0000859 seconds
[4363.546s][info ][safepoint      ] Entering safepoint region: RevokeBias
[4363.546s][info ][safepoint      ] Leaving safepoint region
[4363.546s][info ][safepoint      ] Total time for which application threads were stopped: 0.0000223 seconds, Stopping threads took: 0.0000051 seconds
[4365.546s][info ][safepoint      ] Application time: 2.0001462 seconds
[4365.546s][info ][safepoint      ] Entering safepoint region: Cleanup
[4365.546s][info ][safepoint      ] Leaving safepoint region
[4365.546s][info ][safepoint      ] Total time for which application threads were stopped: 0.0001160 seconds, Stopping threads took: 0.0000183 seconds
[4365.723s][info ][safepoint      ] Application time: 0.1765049 seconds
[4365.723s][info ][safepoint      ] Entering safepoint region: ParallelGCFailedAllocation
[4365.723s][info ][gc,start       ] GC(498) Pause Young (Allocation Failure)
[4365.742s][debug][gc,phases      ] GC(498) Scavenge 19.746ms
[4365.743s][debug][gc,ref         ] GC(498) Skipped phase1 of Reference Processing due to unavailable references
[4365.743s][debug][gc,phases      ] GC(498) Reference Processing 0.096ms
[4365.743s][debug][gc,phases      ] GC(498) Weak Processing 0.196ms
[4365.743s][debug][gc,phases      ] GC(498) Scrub String Table 0.580ms
[4365.743s][debug][gc,age         ] GC(498) Desired survivor size 73400320 bytes, new threshold 14 (max threshold 15)
[4365.743s][info ][gc,heap        ] GC(498) PSYoungGen: 2012023K->55284K(2039296K)
[4365.743s][info ][gc,heap        ] GC(498) ParOldGen: 591401K->615905K(615936K)
[4365.743s][info ][gc,metaspace   ] GC(498) Metaspace: 77007K->77007K(1120256K)
[4365.743s][info ][gc             ] GC(498) Pause Young (Allocation Failure) 2542M->655M(2593M) 20.774ms
[4365.743s][info ][gc,cpu         ] GC(498) User=0.08s Sys=0.00s Real=0.02s
[4365.744s][debug][gc,phases      ] GC(499) Pre Compact 0.015ms
[4365.744s][info ][gc,start       ] GC(499) Pause Full (Ergonomics)
[4365.744s][info ][gc,phases,start] GC(499) Marking Phase
[4365.878s][debug][gc,phases      ] GC(499) Par Mark 134.065ms
[4365.879s][debug][gc,ref         ] GC(499) Skipped phase3 of Reference Processing due to unavailable references
[4365.879s][debug][gc,phases      ] GC(499) Reference Processing 0.482ms
[4365.879s][debug][gc,phases      ] GC(499) Weak Processing 0.167ms
[4365.880s][debug][gc,phases      ] GC(499) ClassLoaderData 0.662ms
[4365.880s][debug][gc,phases      ] GC(499) ProtectionDomainCacheTable 0.003ms
[4365.880s][debug][gc,phases      ] GC(499) ResolvedMethodTable 0.151ms
[4365.890s][debug][gc,phases      ] GC(499) Class Unloading 10.730ms
[4365.890s][debug][gc,phases      ] GC(499) Scrub String Table 0.501ms
[4365.896s][debug][gc,phases      ] GC(499) Scrub Symbol Table 5.317ms
[4365.896s][info ][gc,phases      ] GC(499) Marking Phase 152.007ms
[4365.896s][info ][gc,phases,start] GC(499) Summary Phase
[4365.896s][info ][gc,phases      ] GC(499) Summary Phase 0.020ms
[4365.896s][info ][gc,phases,start] GC(499) Adjust Roots
[4365.915s][info ][gc,phases      ] GC(499) Adjust Roots 19.034ms
[4365.915s][info ][gc,phases,start] GC(499) Compaction Phase
[4366.010s][info ][gc,phases      ] GC(499) Compaction Phase 94.984ms
[4366.010s][info ][gc,phases,start] GC(499) Post Compact
[4366.012s][info ][gc,phases      ] GC(499) Post Compact 1.939ms
[4366.012s][info ][gc,heap        ] GC(499) PSYoungGen: 55284K->0K(2011648K)
[4366.012s][info ][gc,heap        ] GC(499) ParOldGen: 615905K->531189K(735744K)
[4366.012s][info ][gc,metaspace   ] GC(499) Metaspace: 77007K->77007K(1120256K)
[4366.012s][info ][gc             ] GC(499) Pause Full (Ergonomics) 655M->518M(2683M) 268.398ms
[4366.012s][info ][gc,cpu         ] GC(499) User=0.94s Sys=0.01s Real=0.27s
[4366.012s][info ][safepoint      ] Leaving safepoint region
[4366.012s][info ][safepoint      ] Total time for which application threads were stopped: 0.2894370 seconds, Stopping threads took: 0.0000134 seconds
[4367.012s][info ][safepoint      ] Application time: 1.0000949 seconds
[4367.012s][info ][safepoint      ] Entering safepoint region: Cleanup
[4367.012s][info ][safepoint      ] Leaving safepoint region
[4367.012s][info ][safepoint      ] Total time for which application threads were stopped: 0.0001121 seconds, Stopping threads took: 0.0000346 seconds
[4368.012s][info ][safepoint      ] Application time: 1.0000782 seconds
[4368.012s][info ][safepoint      ] Entering safepoint region: Cleanup
[4368.012s][info ][safepoint      ] Leaving safepoint region
[4368.012s][info ][safepoint      ] Total time for which application threads were stopped: 0.0001082 seconds, Stopping threads took: 0.0000392 seconds
[4369.013s][info ][safepoint      ] Application time: 1.0000700 seconds
[4369.013s][info ][safepoint      ] Entering safepoint region: Cleanup
[4369.013s][info ][safepoint      ] Leaving safepoint region
[4369.013s][info ][safepoint      ] Total time for which application threads were stopped: 0.0001181 seconds, Stopping threads took: 0.0000438 seconds
[4370.013s][info ][safepoint      ] Application time: 1.0000753 seconds
[4370.013s][info ][safepoint      ] Entering safepoint region: Cleanup
[4370.013s][info ][safepoint      ] Leaving safepoint region
[4370.013s][info ][safepoint      ] Total time for which application threads were stopped: 0.0001160 seconds, Stopping threads took: 0.0000521 seconds
[4371.013s][info ][safepoint      ] Application time: 1.0000789 seconds
[4371.013s][info ][safepoint      ] Entering safepoint region: Cleanup
[4371.013s][info ][safepoint      ] Leaving safepoint region
[4371.013s][info ][safepoint      ] Total time for which application threads were stopped: 0.0001172 seconds, Stopping threads took: 0.0000337 seconds
[4372.013s][info ][safepoint      ] Application time: 1.0000754 seconds
[4372.013s][info ][safepoint      ] Entering safepoint region: Cleanup
[4372.013s][info ][safepoint      ] Leaving safepoint region
[4372.013s][info ][safepoint      ] Total time for which application threads were stopped: 0.0001192 seconds, Stopping threads took: 0.0000399 seconds
[4373.014s][info ][safepoint      ] Application time: 1.0000553 seconds
[4373.014s][info ][safepoint      ] Entering safepoint region: Cleanup
[4373.014s][info ][safepoint      ] Leaving safepoint region
[4373.014s][info ][safepoint      ] Total time for which application threads were stopped: 0.0000954 seconds, Stopping threads took: 0.0000305 seconds
[4373.532s][info ][safepoint      ] Application time: 0.5187482 seconds
[4373.532s][info ][safepoint      ] Entering safepoint region: ParallelGCFailedAllocation
[4373.533s][info ][gc,start       ] GC(500) Pause Young (Allocation Failure)
[4373.536s][debug][gc,phases      ] GC(500) Scavenge 3.900ms
[4373.536s][debug][gc,ref         ] GC(500) Skipped phase1 of Reference Processing due to unavailable references
[4373.536s][debug][gc,ref         ] GC(500) Skipped phase2 of Reference Processing due to unavailable references
[4373.537s][debug][gc,ref         ] GC(500) Skipped phase3 of Reference Processing due to unavailable references
[4373.537s][debug][gc,ref         ] GC(500) Skipped phase4 of Reference Processing due to unavailable references
[4373.537s][debug][gc,phases      ] GC(500) Reference Processing 0.028ms
[4373.537s][debug][gc,phases      ] GC(500) Weak Processing 0.137ms
[4373.537s][debug][gc,phases      ] GC(500) Scrub String Table 0.464ms
[4373.537s][debug][gc,age         ] GC(500) Desired survivor size 74973184 bytes, new threshold 15 (max threshold 15)
[4373.537s][info ][gc,heap        ] GC(500) PSYoungGen: 1953792K->1248K(1955328K)
[4373.537s][info ][gc,heap        ] GC(500) ParOldGen: 531189K->531189K(735744K)
[4373.537s][info ][gc,metaspace   ] GC(500) Metaspace: 77010K->77010K(1120256K)
[4373.537s][info ][gc             ] GC(500) Pause Young (Allocation Failure) 2426M->519M(2628M) 4.652ms
[4373.537s][info ][gc,cpu         ] GC(500) User=0.01s Sys=0.00s Real=0.01s
[4373.537s][info ][safepoint      ] Leaving safepoint region
[4373.537s][info ][safepoint      ] Total time for which application threads were stopped: 0.0048080 seconds, Stopping threads took: 0.0000116 seconds
[4374.537s][info ][safepoint      ] Application time: 1.0000578 seconds
[4374.537s][info ][safepoint      ] Entering safepoint region: Cleanup
[4374.537s][info ][safepoint      ] Leaving safepoint region
[4374.537s][info ][safepoint      ] Total time for which application threads were stopped: 0.0001007 seconds, Stopping threads took: 0.0000169 seconds
[4375.538s][info ][safepoint      ] Application time: 1.0000705 seconds
[4375.538s][info ][safepoint      ] Entering safepoint region: Cleanup
[4375.538s][info ][safepoint      ] Leaving safepoint region
[4375.538s][info ][safepoint      ] Total time for which application threads were stopped: 0.0000966 seconds, Stopping threads took: 0.0000154 seconds
[4376.538s][info ][safepoint      ] Application time: 1.0000786 seconds
[4376.538s][info ][safepoint      ] Entering safepoint region: Cleanup
[4376.538s][info ][safepoint      ] Leaving safepoint region
[4376.538s][info ][safepoint      ] Total time for which application threads were stopped: 0.0000769 seconds, Stopping threads took: 0.0000170 seconds
[4377.538s][info ][safepoint      ] Application time: 1.0000706 seconds
[4377.538s][info ][safepoint      ] Entering safepoint region: Cleanup
[4377.538s][info ][safepoint      ] Leaving safepoint region
[4377.538s][info ][safepoint      ] Total time for which application threads were stopped: 0.0001105 seconds, Stopping threads took: 0.0000241 seconds
[4378.538s][info ][safepoint      ] Application time: 1.0000415 seconds
[4378.538s][info ][safepoint      ] Entering safepoint region: Cleanup
[4378.538s][info ][safepoint      ] Leaving safepoint region
[4378.538s][info ][safepoint      ] Total time for which application threads were stopped: 0.0000901 seconds, Stopping threads took: 0.0000216 seconds
[4379.538s][info ][safepoint      ] Application time: 1.0000717 seconds
[4379.538s][info ][safepoint      ] Entering safepoint region: Cleanup
[4379.539s][info ][safepoint      ] Leaving safepoint region
[4379.539s][info ][safepoint      ] Total time for which application threads were stopped: 0.0000787 seconds, Stopping threads took: 0.0000143 seconds
[4380.539s][info ][safepoint      ] Application time: 1.0000663 seconds
[4380.539s][info ][safepoint      ] Entering safepoint region: Cleanup
[4380.539s][info ][safepoint      ] Leaving safepoint region
[4380.539s][info ][safepoint      ] Total time for which application threads were stopped: 0.0000887 seconds, Stopping threads took: 0.0000174 seconds
[4380.950s][info ][safepoint      ] Application time: 0.4114674 seconds
[4380.950s][info ][safepoint      ] Entering safepoint region: ParallelGCFailedAllocation
[4380.950s][info ][gc,start       ] GC(501) Pause Young (Allocation Failure)
[4380.955s][debug][gc,phases      ] GC(501) Scavenge 4.505ms
[4380.955s][debug][gc,ref         ] GC(501) Skipped phase1 of Reference Processing due to unavailable references
[4380.955s][debug][gc,ref         ] GC(501) Skipped phase2 of Reference Processing due to unavailable references
[4380.955s][debug][gc,ref         ] GC(501) Skipped phase3 of Reference Processing due to unavailable references
[4380.955s][debug][gc,ref         ] GC(501) Skipped phase4 of Reference Processing due to unavailable references
[4380.955s][debug][gc,phases      ] GC(501) Reference Processing 0.039ms
[4380.955s][debug][gc,phases      ] GC(501) Weak Processing 0.142ms
[4380.956s][debug][gc,phases      ] GC(501) Scrub String Table 0.458ms
[4380.956s][debug][gc,age         ] GC(501) Desired survivor size 74973184 bytes, new threshold 15 (max threshold 15)
[4380.956s][info ][gc,heap        ] GC(501) PSYoungGen: 1955040K->5024K(2023936K)
[4380.956s][info ][gc,heap        ] GC(501) ParOldGen: 531189K->531189K(735744K)
[4380.956s][info ][gc,metaspace   ] GC(501) Metaspace: 77010K->77010K(1120256K)
[4380.956s][info ][gc             ] GC(501) Pause Young (Allocation Failure) 2427M->523M(2695M) 5.265ms
[4380.956s][info ][gc,cpu         ] GC(501) User=0.02s Sys=0.00s Real=0.00s
[4380.956s][info ][safepoint      ] Leaving safepoint region
[4380.956s][info ][safepoint      ] Total time for which application threads were stopped: 0.0054680 seconds, Stopping threads took: 0.0000351 seconds
[4384.956s][info ][safepoint      ] Application time: 4.0002719 seconds
[4384.956s][info ][safepoint      ] Entering safepoint region: Cleanup
[4384.956s][info ][safepoint      ] Leaving safepoint region
[4384.956s][info ][safepoint      ] Total time for which application threads were stopped: 0.0001215 seconds, Stopping threads took: 0.0000455 seconds
[4386.956s][info ][safepoint      ] Application time: 2.0001352 seconds
[4386.956s][info ][safepoint      ] Entering safepoint region: Cleanup
[4386.956s][info ][safepoint      ] Leaving safepoint region
[4386.956s][info ][safepoint      ] Total time for which application threads were stopped: 0.0001415 seconds, Stopping threads took: 0.0000349 seconds
[4388.150s][info ][safepoint      ] Application time: 1.1932684 seconds
[4388.150s][info ][safepoint      ] Entering safepoint region: ParallelGCFailedAllocation
[4388.150s][info ][gc,start       ] GC(502) Pause Young (Allocation Failure)
[4388.155s][debug][gc,phases      ] GC(502) Scavenge 5.291ms
[4388.155s][debug][gc,ref         ] GC(502) Skipped phase1 of Reference Processing due to unavailable references
[4388.155s][debug][gc,ref         ] GC(502) Skipped phase2 of Reference Processing due to unavailable references
[4388.155s][debug][gc,ref         ] GC(502) Skipped phase3 of Reference Processing due to unavailable references
[4388.155s][debug][gc,ref         ] GC(502) Skipped phase4 of Reference Processing due to unavailable references
[4388.155s][debug][gc,phases      ] GC(502) Reference Processing 0.028ms
[4388.156s][debug][gc,phases      ] GC(502) Weak Processing 0.134ms
[4388.156s][debug][gc,phases      ] GC(502) Scrub String Table 0.440ms
[4388.156s][debug][gc,age         ] GC(502) Desired survivor size 73400320 bytes, new threshold 15 (max threshold 15)
[4388.156s][info ][gc,heap        ] GC(502) PSYoungGen: 1955744K->8768K(2023936K)
[4388.156s][info ][gc,heap        ] GC(502) ParOldGen: 531189K->531189K(735744K)
[4388.156s][info ][gc,metaspace   ] GC(502) Metaspace: 77010K->77010K(1120256K)
[4388.156s][info ][gc             ] GC(502) Pause Young (Allocation Failure) 2428M->527M(2695M) 6.026ms
[4388.156s][info ][gc,cpu         ] GC(502) User=0.02s Sys=0.00s Real=0.00s
[4388.156s][info ][safepoint      ] Leaving safepoint region
[4388.156s][info ][safepoint      ] Total time for which application threads were stopped: 0.0062564 seconds, Stopping threads took: 0.0000650 seconds
[4393.156s][info ][safepoint      ] Application time: 5.0003815 seconds
[4393.157s][info ][safepoint      ] Entering safepoint region: Cleanup
[4393.157s][info ][safepoint      ] Leaving safepoint region
[4393.157s][info ][safepoint      ] Total time for which application threads were stopped: 0.0001541 seconds, Stopping threads took: 0.0000593 seconds
[4395.401s][info ][safepoint      ] Application time: 2.2438672 seconds
[4395.401s][info ][safepoint      ] Entering safepoint region: ParallelGCFailedAllocation
[4395.401s][info ][gc,start       ] GC(503) Pause Young (Allocation Failure)
[4395.406s][debug][gc,phases      ] GC(503) Scavenge 5.494ms
[4395.406s][debug][gc,ref         ] GC(503) Skipped phase1 of Reference Processing due to unavailable references
[4395.406s][debug][gc,ref         ] GC(503) Skipped phase2 of Reference Processing due to unavailable references
[4395.406s][debug][gc,ref         ] GC(503) Skipped phase3 of Reference Processing due to unavailable references
[4395.406s][debug][gc,ref         ] GC(503) Skipped phase4 of Reference Processing due to unavailable references
[4395.406s][debug][gc,phases      ] GC(503) Reference Processing 0.038ms
[4395.406s][debug][gc,phases      ] GC(503) Weak Processing 0.144ms
[4395.407s][debug][gc,phases      ] GC(503) Scrub String Table 0.465ms
[4395.407s][debug][gc,age         ] GC(503) Desired survivor size 71303168 bytes, new threshold 15 (max threshold 15)
[4395.407s][info ][gc,heap        ] GC(503) PSYoungGen: 1959488K->11248K(2027520K)
[4395.407s][info ][gc,heap        ] GC(503) ParOldGen: 531189K->531189K(735744K)
[4395.407s][info ][gc,metaspace   ] GC(503) Metaspace: 77010K->77010K(1120256K)
[4395.407s][info ][gc             ] GC(503) Pause Young (Allocation Failure) 2432M->529M(2698M) 6.277ms
[4395.407s][info ][gc,cpu         ] GC(503) User=0.02s Sys=0.00s Real=0.00s
[4395.407s][info ][safepoint      ] Leaving safepoint region
[4395.407s][info ][safepoint      ] Total time for which application threads were stopped: 0.0064792 seconds, Stopping threads took: 0.0000434 seconds
[4398.407s][info ][safepoint      ] Application time: 3.0002220 seconds
[4398.407s][info ][safepoint      ] Entering safepoint region: Cleanup
[4398.407s][info ][safepoint      ] Leaving safepoint region
[4398.407s][info ][safepoint      ] Total time for which application threads were stopped: 0.0001153 seconds, Stopping threads took: 0.0000422 seconds
[4402.408s][info ][safepoint      ] Application time: 4.0003090 seconds
[4402.408s][info ][safepoint      ] Entering safepoint region: Cleanup
[4402.408s][info ][safepoint      ] Leaving safepoint region
[4402.408s][info ][safepoint      ] Total time for which application threads were stopped: 0.0001051 seconds, Stopping threads took: 0.0000378 seconds
[4402.780s][info ][safepoint      ] Application time: 0.3723784 seconds
[4402.780s][info ][safepoint      ] Entering safepoint region: ParallelGCFailedAllocation
[4402.780s][info ][gc,start       ] GC(504) Pause Young (Allocation Failure)
[4402.786s][debug][gc,phases      ] GC(504) Scavenge 5.863ms
[4402.786s][debug][gc,ref         ] GC(504) Skipped phase1 of Reference Processing due to unavailable references
[4402.786s][debug][gc,ref         ] GC(504) Skipped phase2 of Reference Processing due to unavailable references
[4402.786s][debug][gc,ref         ] GC(504) Skipped phase3 of Reference Processing due to unavailable references
[4402.786s][debug][gc,ref         ] GC(504) Skipped phase4 of Reference Processing due to unavailable references
[4402.786s][debug][gc,phases      ] GC(504) Reference Processing 0.038ms
[4402.787s][debug][gc,phases      ] GC(504) Weak Processing 0.145ms
[4402.787s][debug][gc,phases      ] GC(504) Scrub String Table 0.487ms
[4402.787s][debug][gc,age         ] GC(504) Desired survivor size 68157440 bytes, new threshold 15 (max threshold 15)
[4402.787s][info ][gc,heap        ] GC(504) PSYoungGen: 1967088K->13088K(2025472K)
[4402.787s][info ][gc,heap        ] GC(504) ParOldGen: 531189K->531189K(735744K)
[4402.787s][info ][gc,metaspace   ] GC(504) Metaspace: 77010K->77010K(1120256K)
[4402.787s][info ][gc             ] GC(504) Pause Young (Allocation Failure) 2439M->531M(2696M) 6.662ms
[4402.787s][info ][gc,cpu         ] GC(504) User=0.03s Sys=0.00s Real=0.00s
[4402.787s][info ][safepoint      ] Leaving safepoint region
[4402.787s][info ][safepoint      ] Total time for which application threads were stopped: 0.0068142 seconds, Stopping threads took: 0.0000133 seconds
[4403.787s][info ][safepoint      ] Application time: 1.0000837 seconds
[4403.787s][info ][safepoint      ] Entering safepoint region: Cleanup
[4403.787s][info ][safepoint      ] Leaving safepoint region
[4403.787s][info ][safepoint      ] Total time for which application threads were stopped: 0.0000976 seconds, Stopping threads took: 0.0000227 seconds
[4408.788s][info ][safepoint      ] Application time: 5.0003417 seconds
[4408.788s][info ][safepoint      ] Entering safepoint region: Cleanup
[4408.788s][info ][safepoint      ] Leaving safepoint region
[4408.788s][info ][safepoint      ] Total time for which application threads were stopped: 0.0000797 seconds, Stopping threads took: 0.0000174 seconds
[4410.300s][info ][safepoint      ] Application time: 1.5117857 seconds
[4410.300s][info ][safepoint      ] Entering safepoint region: ParallelGCFailedAllocation
[4410.300s][info ][gc,start       ] GC(505) Pause Young (Allocation Failure)
[4410.307s][debug][gc,phases      ] GC(505) Scavenge 6.695ms
[4410.307s][debug][gc,ref         ] GC(505) Skipped phase1 of Reference Processing due to unavailable references
[4410.307s][debug][gc,ref         ] GC(505) Skipped phase2 of Reference Processing due to unavailable references
[4410.307s][debug][gc,ref         ] GC(505) Skipped phase3 of Reference Processing due to unavailable references
[4410.307s][debug][gc,ref         ] GC(505) Skipped phase4 of Reference Processing due to unavailable references
[4410.307s][debug][gc,phases      ] GC(505) Reference Processing 0.028ms
[4410.307s][debug][gc,phases      ] GC(505) Weak Processing 0.142ms
[4410.307s][debug][gc,phases      ] GC(505) Scrub String Table 0.468ms
[4410.307s][debug][gc,age         ] GC(505) Desired survivor size 65536000 bytes, new threshold 15 (max threshold 15)
[4410.307s][info ][gc,heap        ] GC(505) PSYoungGen: 1968928K->13808K(2033152K)
[4410.307s][info ][gc,heap        ] GC(505) ParOldGen: 531189K->531189K(735744K)
[4410.307s][info ][gc,metaspace   ] GC(505) Metaspace: 77010K->77010K(1120256K)
[4410.307s][info ][gc             ] GC(505) Pause Young (Allocation Failure) 2441M->532M(2704M) 7.498ms
[4410.307s][info ][gc,cpu         ] GC(505) User=0.02s Sys=0.00s Real=0.00s
[4410.307s][info ][safepoint      ] Leaving safepoint region
[4410.307s][info ][safepoint      ] Total time for which application threads were stopped: 0.0076823 seconds, Stopping threads took: 0.0000221 seconds
[4412.307s][info ][safepoint      ] Application time: 2.0001553 seconds
[4412.308s][info ][safepoint      ] Entering safepoint region: Cleanup
[4412.308s][info ][safepoint      ] Leaving safepoint region
[4412.308s][info ][safepoint      ] Total time for which application threads were stopped: 0.0001143 seconds, Stopping threads took: 0.0000319 seconds
[4413.308s][info ][safepoint      ] Application time: 1.0000397 seconds
[4413.308s][info ][safepoint      ] Entering safepoint region: Cleanup
[4413.308s][info ][safepoint      ] Leaving safepoint region
[4413.308s][info ][safepoint      ] Total time for which application threads were stopped: 0.0001151 seconds, Stopping threads took: 0.0000348 seconds
[4414.308s][info ][safepoint      ] Application time: 1.0000798 seconds
[4414.308s][info ][safepoint      ] Entering safepoint region: Cleanup
[4414.308s][info ][safepoint      ] Leaving safepoint region
[4414.308s][info ][safepoint      ] Total time for which application threads were stopped: 0.0001173 seconds, Stopping threads took: 0.0000510 seconds
[4415.308s][info ][safepoint      ] Application time: 1.0000794 seconds
[4415.308s][info ][safepoint      ] Entering safepoint region: Cleanup
[4415.308s][info ][safepoint      ] Leaving safepoint region
[4415.308s][info ][safepoint      ] Total time for which application threads were stopped: 0.0001184 seconds, Stopping threads took: 0.0000323 seconds
[4416.308s][info ][safepoint      ] Application time: 1.0000745 seconds
[4416.308s][info ][safepoint      ] Entering safepoint region: Cleanup
[4416.309s][info ][safepoint      ] Leaving safepoint region
[4416.309s][info ][safepoint      ] Total time for which application threads were stopped: 0.0001347 seconds, Stopping threads took: 0.0000465 seconds
[4417.309s][info ][safepoint      ] Application time: 1.0000720 seconds
[4417.309s][info ][safepoint      ] Entering safepoint region: Cleanup
[4417.309s][info ][safepoint      ] Leaving safepoint region
[4417.309s][info ][safepoint      ] Total time for which application threads were stopped: 0.0001534 seconds, Stopping threads took: 0.0000573 seconds
[4417.900s][info ][safepoint      ] Application time: 0.5911953 seconds
[4417.901s][info ][safepoint      ] Entering safepoint region: ParallelGCFailedAllocation
[4417.901s][info ][gc,start       ] GC(506) Pause Young (Allocation Failure)
[4417.914s][debug][gc,phases      ] GC(506) Scavenge 12.882ms
[4417.914s][debug][gc,ref         ] GC(506) Skipped phase1 of Reference Processing due to unavailable references
[4417.914s][debug][gc,ref         ] GC(506) Skipped phase2 of Reference Processing due to unavailable references
[4417.914s][debug][gc,ref         ] GC(506) Skipped phase3 of Reference Processing due to unavailable references
[4417.914s][debug][gc,ref         ] GC(506) Skipped phase4 of Reference Processing due to unavailable references
[4417.914s][debug][gc,phases      ] GC(506) Reference Processing 0.036ms
[4417.914s][debug][gc,phases      ] GC(506) Weak Processing 0.160ms
[4417.915s][debug][gc,phases      ] GC(506) Scrub String Table 0.532ms
[4417.915s][debug][gc,age         ] GC(506) Desired survivor size 62390272 bytes, new threshold 15 (max threshold 15)
[4417.915s][info ][gc,heap        ] GC(506) PSYoungGen: 1980400K->15360K(2030592K)
[4417.915s][info ][gc,heap        ] GC(506) ParOldGen: 531189K->531189K(735744K)
[4417.915s][info ][gc,metaspace   ] GC(506) Metaspace: 77012K->77012K(1120256K)
[4417.915s][info ][gc             ] GC(506) Pause Young (Allocation Failure) 2452M->533M(2701M) 13.753ms
[4417.915s][info ][gc,cpu         ] GC(506) User=0.03s Sys=0.00s Real=0.01s
[4417.915s][info ][safepoint      ] Leaving safepoint region
[4417.915s][info ][safepoint      ] Total time for which application threads were stopped: 0.0147928 seconds, Stopping threads took: 0.0008593 seconds
[4418.915s][info ][safepoint      ] Application time: 1.0000849 seconds
[4418.915s][info ][safepoint      ] Entering safepoint region: Cleanup
[4418.915s][info ][safepoint      ] Leaving safepoint region
[4418.915s][info ][safepoint      ] Total time for which application threads were stopped: 0.0001086 seconds, Stopping threads took: 0.0000335 seconds
[4419.915s][info ][safepoint      ] Application time: 1.0000795 seconds
[4419.915s][info ][safepoint      ] Entering safepoint region: Cleanup
[4419.915s][info ][safepoint      ] Leaving safepoint region
[4419.915s][info ][safepoint      ] Total time for which application threads were stopped: 0.0001057 seconds, Stopping threads took: 0.0000346 seconds
[4420.915s][info ][safepoint      ] Application time: 1.0000756 seconds
[4420.915s][info ][safepoint      ] Entering safepoint region: Cleanup
[4420.916s][info ][safepoint      ] Leaving safepoint region
[4420.916s][info ][safepoint      ] Total time for which application threads were stopped: 0.0001347 seconds, Stopping threads took: 0.0000516 seconds
[4421.916s][info ][safepoint      ] Application time: 1.0000716 seconds
[4421.916s][info ][safepoint      ] Entering safepoint region: Cleanup
[4421.916s][info ][safepoint      ] Leaving safepoint region
[4421.916s][info ][safepoint      ] Total time for which application threads were stopped: 0.0001594 seconds, Stopping threads took: 0.0000816 seconds
[4422.916s][info ][safepoint      ] Application time: 1.0000696 seconds
[4422.916s][info ][safepoint      ] Entering safepoint region: Cleanup
[4422.916s][info ][safepoint      ] Leaving safepoint region
[4422.916s][info ][safepoint      ] Total time for which application threads were stopped: 0.0001121 seconds, Stopping threads took: 0.0000340 seconds
[4423.916s][info ][safepoint      ] Application time: 1.0000244 seconds
[4423.916s][info ][safepoint      ] Entering safepoint region: Cleanup
[4423.916s][info ][safepoint      ] Leaving safepoint region
[4423.916s][info ][safepoint      ] Total time for which application threads were stopped: 0.0001388 seconds, Stopping threads took: 0.0000479 seconds
[4424.916s][info ][safepoint      ] Application time: 1.0000763 seconds
[4424.916s][info ][safepoint      ] Entering safepoint region: Cleanup
[4424.916s][info ][safepoint      ] Leaving safepoint region
[4424.916s][info ][safepoint      ] Total time for which application threads were stopped: 0.0001153 seconds, Stopping threads took: 0.0000338 seconds
[4425.605s][info ][safepoint      ] Application time: 0.6880945 seconds
[4425.605s][info ][safepoint      ] Entering safepoint region: ParallelGCFailedAllocation
[4425.605s][info ][gc,start       ] GC(507) Pause Young (Allocation Failure)
[4425.617s][debug][gc,phases      ] GC(507) Scavenge 12.251ms
[4425.617s][debug][gc,ref         ] GC(507) Skipped phase1 of Reference Processing due to unavailable references
[4425.617s][debug][gc,ref         ] GC(507) Skipped phase2 of Reference Processing due to unavailable references
[4425.617s][debug][gc,ref         ] GC(507) Skipped phase3 of Reference Processing due to unavailable references
[4425.617s][debug][gc,ref         ] GC(507) Skipped phase4 of Reference Processing due to unavailable references
[4425.617s][debug][gc,phases      ] GC(507) Reference Processing 0.034ms
[4425.617s][debug][gc,phases      ] GC(507) Weak Processing 0.173ms
[4425.618s][debug][gc,phases      ] GC(507) Scrub String Table 0.605ms
[4425.618s][debug][gc,age         ] GC(507) Desired survivor size 59244544 bytes, new threshold 15 (max threshold 15)
[4425.618s][info ][gc,heap        ] GC(507) PSYoungGen: 1981952K->16224K(2039296K)
[4425.618s][info ][gc,heap        ] GC(507) ParOldGen: 531189K->531189K(735744K)
[4425.618s][info ][gc,metaspace   ] GC(507) Metaspace: 77012K->77012K(1120256K)
[4425.618s][info ][gc             ] GC(507) Pause Young (Allocation Failure) 2454M->534M(2710M) 13.212ms
[4425.618s][info ][gc,cpu         ] GC(507) User=0.03s Sys=0.00s Real=0.02s
[4425.618s][info ][safepoint      ] Leaving safepoint region
[4425.618s][info ][safepoint      ] Total time for which application threads were stopped: 0.0134447 seconds, Stopping threads took: 0.0000345 seconds
[4426.618s][info ][safepoint      ] Application time: 1.0000858 seconds
[4426.620s][info ][safepoint      ] Entering safepoint region: Cleanup
[4426.621s][info ][safepoint      ] Leaving safepoint region
[4426.621s][info ][safepoint      ] Total time for which application threads were stopped: 0.0024481 seconds, Stopping threads took: 0.0023700 seconds
[4427.621s][info ][safepoint      ] Application time: 1.0000752 seconds
[4427.621s][info ][safepoint      ] Entering safepoint region: Cleanup
[4427.621s][info ][safepoint      ] Leaving safepoint region
[4427.621s][info ][safepoint      ] Total time for which application threads were stopped: 0.0001095 seconds, Stopping threads took: 0.0000359 seconds
[4428.621s][info ][safepoint      ] Application time: 1.0000891 seconds
[4428.621s][info ][safepoint      ] Entering safepoint region: Cleanup
[4428.621s][info ][safepoint      ] Leaving safepoint region
[4428.621s][info ][safepoint      ] Total time for which application threads were stopped: 0.0001167 seconds, Stopping threads took: 0.0000342 seconds
[4429.621s][info ][safepoint      ] Application time: 1.0000786 seconds
[4429.621s][info ][safepoint      ] Entering safepoint region: Cleanup
[4429.621s][info ][safepoint      ] Leaving safepoint region
[4429.621s][info ][safepoint      ] Total time for which application threads were stopped: 0.0001221 seconds, Stopping threads took: 0.0000348 seconds
[4430.621s][info ][safepoint      ] Application time: 1.0000775 seconds
[4430.621s][info ][safepoint      ] Entering safepoint region: Cleanup
[4430.622s][info ][safepoint      ] Leaving safepoint region
[4430.622s][info ][safepoint      ] Total time for which application threads were stopped: 0.0001318 seconds, Stopping threads took: 0.0000466 seconds
[4431.622s][info ][safepoint      ] Application time: 1.0000742 seconds
[4431.622s][info ][safepoint      ] Entering safepoint region: Cleanup
[4431.622s][info ][safepoint      ] Leaving safepoint region
[4431.622s][info ][safepoint      ] Total time for which application threads were stopped: 0.0001221 seconds, Stopping threads took: 0.0000362 seconds
[4432.622s][info ][safepoint      ] Application time: 1.0000770 seconds
[4432.622s][info ][safepoint      ] Entering safepoint region: Cleanup
[4432.622s][info ][safepoint      ] Leaving safepoint region
[4432.622s][info ][safepoint      ] Total time for which application threads were stopped: 0.0001181 seconds, Stopping threads took: 0.0000347 seconds
[4433.501s][info ][safepoint      ] Application time: 0.8787292 seconds
[4433.501s][info ][safepoint      ] Entering safepoint region: ParallelGCFailedAllocation
[4433.501s][info ][gc,start       ] GC(508) Pause Young (Allocation Failure)
[4433.525s][debug][gc,phases      ] GC(508) Scavenge 24.095ms
[4433.525s][debug][gc,ref         ] GC(508) Skipped phase1 of Reference Processing due to unavailable references
[4433.525s][debug][gc,ref         ] GC(508) Skipped phase2 of Reference Processing due to unavailable references
[4433.525s][debug][gc,ref         ] GC(508) Skipped phase3 of Reference Processing due to unavailable references
[4433.525s][debug][gc,ref         ] GC(508) Skipped phase4 of Reference Processing due to unavailable references
[4433.525s][debug][gc,phases      ] GC(508) Reference Processing 0.035ms
[4433.525s][debug][gc,phases      ] GC(508) Weak Processing 0.195ms
[4433.526s][debug][gc,phases      ] GC(508) Scrub String Table 0.579ms
[4433.526s][debug][gc,age         ] GC(508) Desired survivor size 56098816 bytes, new threshold 15 (max threshold 15)
[4433.526s][info ][gc,heap        ] GC(508) PSYoungGen: 1994592K->16528K(2036224K)
[4433.526s][info ][gc,heap        ] GC(508) ParOldGen: 531189K->531189K(735744K)
[4433.526s][info ][gc,metaspace   ] GC(508) Metaspace: 77015K->77015K(1120256K)
[4433.526s][info ][gc             ] GC(508) Pause Young (Allocation Failure) 2466M->534M(2707M) 25.053ms
[4433.526s][info ][gc,cpu         ] GC(508) User=0.03s Sys=0.00s Real=0.02s
[4433.526s][info ][safepoint      ] Leaving safepoint region
[4433.526s][info ][safepoint      ] Total time for which application threads were stopped: 0.0252910 seconds, Stopping threads took: 0.0000448 seconds
[4434.526s][info ][safepoint      ] Application time: 1.0001168 seconds
[4434.526s][info ][safepoint      ] Entering safepoint region: Cleanup
[4434.526s][info ][safepoint      ] Leaving safepoint region
[4434.526s][info ][safepoint      ] Total time for which application threads were stopped: 0.0001140 seconds, Stopping threads took: 0.0000361 seconds
[4435.526s][info ][safepoint      ] Application time: 1.0000786 seconds
[4435.529s][info ][safepoint      ] Entering safepoint region: Cleanup
[4435.529s][info ][safepoint      ] Leaving safepoint region
[4435.529s][info ][safepoint      ] Total time for which application threads were stopped: 0.0024045 seconds, Stopping threads took: 0.0023118 seconds
[4436.529s][info ][safepoint      ] Application time: 1.0000724 seconds
[4436.529s][info ][safepoint      ] Entering safepoint region: Cleanup
[4436.529s][info ][safepoint      ] Leaving safepoint region
[4436.529s][info ][safepoint      ] Total time for which application threads were stopped: 0.0001532 seconds, Stopping threads took: 0.0000626 seconds
[4437.529s][info ][safepoint      ] Application time: 1.0000806 seconds
[4437.529s][info ][safepoint      ] Entering safepoint region: Cleanup
[4437.529s][info ][safepoint      ] Leaving safepoint region
[4437.529s][info ][safepoint      ] Total time for which application threads were stopped: 0.0001336 seconds, Stopping threads took: 0.0000394 seconds
[4438.529s][info ][safepoint      ] Application time: 1.0000871 seconds
[4438.530s][info ][safepoint      ] Entering safepoint region: Cleanup
[4438.530s][info ][safepoint      ] Leaving safepoint region
[4438.530s][info ][safepoint      ] Total time for which application threads were stopped: 0.0001419 seconds, Stopping threads took: 0.0000387 seconds
[4439.530s][info ][safepoint      ] Application time: 1.0000638 seconds
[4439.530s][info ][safepoint      ] Entering safepoint region: Cleanup
[4439.530s][info ][safepoint      ] Leaving safepoint region
[4439.530s][info ][safepoint      ] Total time for which application threads were stopped: 0.0001147 seconds, Stopping threads took: 0.0000376 seconds
[4440.530s][info ][safepoint      ] Application time: 1.0000756 seconds
[4440.530s][info ][safepoint      ] Entering safepoint region: Cleanup
[4440.530s][info ][safepoint      ] Leaving safepoint region
[4440.530s][info ][safepoint      ] Total time for which application threads were stopped: 0.0001045 seconds, Stopping threads took: 0.0000346 seconds
[4441.036s][info ][safepoint      ] Application time: 0.5061487 seconds
[4441.036s][info ][safepoint      ] Entering safepoint region: ParallelGCFailedAllocation
[4441.036s][info ][gc,start       ] GC(509) Pause Young (Allocation Failure)
[4441.064s][debug][gc,phases      ] GC(509) Scavenge 27.298ms
[4441.064s][debug][gc,ref         ] GC(509) Skipped phase1 of Reference Processing due to unavailable references
[4441.064s][debug][gc,ref         ] GC(509) Skipped phase2 of Reference Processing due to unavailable references
[4441.064s][debug][gc,ref         ] GC(509) Skipped phase3 of Reference Processing due to unavailable references
[4441.064s][debug][gc,ref         ] GC(509) Skipped phase4 of Reference Processing due to unavailable references
[4441.064s][debug][gc,phases      ] GC(509) Reference Processing 0.050ms
[4441.064s][debug][gc,phases      ] GC(509) Weak Processing 0.184ms
[4441.065s][debug][gc,phases      ] GC(509) Scrub String Table 0.546ms
[4441.065s][debug][gc,age         ] GC(509) Desired survivor size 52953088 bytes, new threshold 15 (max threshold 15)
[4441.065s][info ][gc,heap        ] GC(509) PSYoungGen: 1994896K->18608K(2045440K)
[4441.065s][info ][gc,heap        ] GC(509) ParOldGen: 531189K->531189K(735744K)
[4441.065s][info ][gc,metaspace   ] GC(509) Metaspace: 77016K->77016K(1120256K)
[4441.065s][info ][gc             ] GC(509) Pause Young (Allocation Failure) 2466M->536M(2716M) 28.221ms
[4441.065s][info ][gc,cpu         ] GC(509) User=0.05s Sys=0.00s Real=0.03s
[4441.065s][info ][safepoint      ] Leaving safepoint region
[4441.065s][info ][safepoint      ] Total time for which application threads were stopped: 0.0284505 seconds, Stopping threads took: 0.0000385 seconds
[4442.065s][info ][safepoint      ] Application time: 1.0000823 seconds
[4442.065s][info ][safepoint      ] Entering safepoint region: Cleanup
[4442.065s][info ][safepoint      ] Leaving safepoint region
[4442.065s][info ][safepoint      ] Total time for which application threads were stopped: 0.0001222 seconds, Stopping threads took: 0.0000352 seconds
[4443.065s][info ][safepoint      ] Application time: 1.0001036 seconds
[4443.065s][info ][safepoint      ] Entering safepoint region: Cleanup
[4443.065s][info ][safepoint      ] Leaving safepoint region
[4443.065s][info ][safepoint      ] Total time for which application threads were stopped: 0.0001581 seconds, Stopping threads took: 0.0000858 seconds
[4444.065s][info ][safepoint      ] Application time: 1.0000834 seconds
[4444.065s][info ][safepoint      ] Entering safepoint region: Cleanup
[4444.065s][info ][safepoint      ] Leaving safepoint region
[4444.065s][info ][safepoint      ] Total time for which application threads were stopped: 0.0001196 seconds, Stopping threads took: 0.0000501 seconds
[4445.066s][info ][safepoint      ] Application time: 1.0000739 seconds
[4445.066s][info ][safepoint      ] Entering safepoint region: Cleanup
[4445.066s][info ][safepoint      ] Leaving safepoint region
[4445.066s][info ][safepoint      ] Total time for which application threads were stopped: 0.0001284 seconds, Stopping threads took: 0.0000477 seconds
[4446.066s][info ][safepoint      ] Application time: 1.0000808 seconds
[4446.068s][info ][safepoint      ] Entering safepoint region: Cleanup
[4446.068s][info ][safepoint      ] Leaving safepoint region
[4446.068s][info ][safepoint      ] Total time for which application threads were stopped: 0.0024402 seconds, Stopping threads took: 0.0023571 seconds
[4447.068s][info ][safepoint      ] Application time: 1.0000652 seconds
[4447.068s][info ][safepoint      ] Entering safepoint region: Cleanup
[4447.069s][info ][safepoint      ] Leaving safepoint region
[4447.069s][info ][safepoint      ] Total time for which application threads were stopped: 0.0001261 seconds, Stopping threads took: 0.0000351 seconds
[4448.069s][info ][safepoint      ] Application time: 1.0000772 seconds
[4448.069s][info ][safepoint      ] Entering safepoint region: Cleanup
[4448.069s][info ][safepoint      ] Leaving safepoint region
[4448.069s][info ][safepoint      ] Total time for which application threads were stopped: 0.0001052 seconds, Stopping threads took: 0.0000375 seconds
[4448.750s][info ][safepoint      ] Application time: 0.6817574 seconds
[4448.751s][info ][safepoint      ] Entering safepoint region: ParallelGCFailedAllocation
[4448.751s][info ][gc,start       ] GC(510) Pause Young (Allocation Failure)
[4448.767s][debug][gc,phases      ] GC(510) Scavenge 16.686ms
[4448.767s][debug][gc,ref         ] GC(510) Skipped phase1 of Reference Processing due to unavailable references
[4448.767s][debug][gc,ref         ] GC(510) Skipped phase2 of Reference Processing due to unavailable references
[4448.767s][debug][gc,ref         ] GC(510) Skipped phase3 of Reference Processing due to unavailable references
[4448.767s][debug][gc,ref         ] GC(510) Skipped phase4 of Reference Processing due to unavailable references
[4448.768s][debug][gc,phases      ] GC(510) Reference Processing 0.046ms
[4448.768s][debug][gc,phases      ] GC(510) Weak Processing 0.173ms
[4448.768s][debug][gc,phases      ] GC(510) Scrub String Table 0.499ms
[4448.768s][debug][gc,age         ] GC(510) Desired survivor size 49807360 bytes, new threshold 15 (max threshold 15)
[4448.768s][info ][gc,heap        ] GC(510) PSYoungGen: 2009264K->20384K(2042368K)
[4448.768s][info ][gc,heap        ] GC(510) ParOldGen: 531189K->531189K(735744K)
[4448.768s][info ][gc,metaspace   ] GC(510) Metaspace: 77018K->77018K(1120256K)
[4448.768s][info ][gc             ] GC(510) Pause Young (Allocation Failure) 2480M->538M(2713M) 17.552ms
[4448.768s][info ][gc,cpu         ] GC(510) User=0.03s Sys=0.00s Real=0.01s
[4448.768s][info ][safepoint      ] Leaving safepoint region
[4448.768s][info ][safepoint      ] Total time for which application threads were stopped: 0.0177909 seconds, Stopping threads took: 0.0000562 seconds
[4449.768s][info ][safepoint      ] Application time: 1.0000836 seconds
[4449.768s][info ][safepoint      ] Entering safepoint region: Cleanup
[4449.769s][info ][safepoint      ] Leaving safepoint region
[4449.769s][info ][safepoint      ] Total time for which application threads were stopped: 0.0001219 seconds, Stopping threads took: 0.0000339 seconds
[4450.769s][info ][safepoint      ] Application time: 1.0000810 seconds
[4450.769s][info ][safepoint      ] Entering safepoint region: Cleanup
[4450.769s][info ][safepoint      ] Leaving safepoint region
[4450.769s][info ][safepoint      ] Total time for which application threads were stopped: 0.0001436 seconds, Stopping threads took: 0.0000379 seconds
[4451.769s][info ][safepoint      ] Application time: 1.0002690 seconds
[4451.769s][info ][safepoint      ] Entering safepoint region: Cleanup
[4451.769s][info ][safepoint      ] Leaving safepoint region
[4451.769s][info ][safepoint      ] Total time for which application threads were stopped: 0.0001238 seconds, Stopping threads took: 0.0000459 seconds
[4452.769s][info ][safepoint      ] Application time: 1.0000638 seconds
[4452.769s][info ][safepoint      ] Entering safepoint region: Cleanup
[4452.769s][info ][safepoint      ] Leaving safepoint region
[4452.770s][info ][safepoint      ] Total time for which application threads were stopped: 0.0001443 seconds, Stopping threads took: 0.0000670 seconds
[4453.770s][info ][safepoint      ] Application time: 1.0000734 seconds
[4453.770s][info ][safepoint      ] Entering safepoint region: Cleanup
[4453.770s][info ][safepoint      ] Leaving safepoint region
[4453.770s][info ][safepoint      ] Total time for which application threads were stopped: 0.0001172 seconds, Stopping threads took: 0.0000492 seconds
[4454.770s][info ][safepoint      ] Application time: 1.0000854 seconds
[4454.770s][info ][safepoint      ] Entering safepoint region: Cleanup
[4454.770s][info ][safepoint      ] Leaving safepoint region
[4454.770s][info ][safepoint      ] Total time for which application threads were stopped: 0.0001164 seconds, Stopping threads took: 0.0000349 seconds
[4455.770s][info ][safepoint      ] Application time: 1.0000979 seconds
[4455.770s][info ][safepoint      ] Entering safepoint region: Cleanup
[4455.770s][info ][safepoint      ] Leaving safepoint region
[4455.770s][info ][safepoint      ] Total time for which application threads were stopped: 0.0001646 seconds, Stopping threads took: 0.0000605 seconds
[4456.408s][info ][safepoint      ] Application time: 0.6381449 seconds
[4456.409s][info ][safepoint      ] Entering safepoint region: ParallelGCFailedAllocation
[4456.409s][info ][gc,start       ] GC(511) Pause Young (Allocation Failure)
[4456.416s][debug][gc,phases      ] GC(511) Scavenge 7.396ms
[4456.416s][debug][gc,ref         ] GC(511) Skipped phase1 of Reference Processing due to unavailable references
[4456.416s][debug][gc,ref         ] GC(511) Skipped phase2 of Reference Processing due to unavailable references
[4456.416s][debug][gc,ref         ] GC(511) Skipped phase3 of Reference Processing due to unavailable references
[4456.416s][debug][gc,ref         ] GC(511) Skipped phase4 of Reference Processing due to unavailable references
[4456.416s][debug][gc,phases      ] GC(511) Reference Processing 0.046ms
[4456.416s][debug][gc,phases      ] GC(511) Weak Processing 0.169ms
[4456.417s][debug][gc,phases      ] GC(511) Scrub String Table 0.525ms
[4456.417s][debug][gc,age         ] GC(511) Desired survivor size 47185920 bytes, new threshold 15 (max threshold 15)
[4456.417s][info ][gc,heap        ] GC(511) PSYoungGen: 2011040K->20672K(2051072K)
[4456.417s][info ][gc,heap        ] GC(511) ParOldGen: 531189K->531189K(735744K)
[4456.417s][info ][gc,metaspace   ] GC(511) Metaspace: 77020K->77020K(1120256K)
[4456.417s][info ][gc             ] GC(511) Pause Young (Allocation Failure) 2482M->538M(2721M) 8.283ms
[4456.417s][info ][gc,cpu         ] GC(511) User=0.03s Sys=0.00s Real=0.02s
[4456.417s][info ][safepoint      ] Leaving safepoint region
[4456.417s][info ][safepoint      ] Total time for which application threads were stopped: 0.0084929 seconds, Stopping threads took: 0.0000183 seconds
[4457.417s][info ][safepoint      ] Application time: 1.0000885 seconds
[4457.417s][info ][safepoint      ] Entering safepoint region: Cleanup
[4457.417s][info ][safepoint      ] Leaving safepoint region
[4457.417s][info ][safepoint      ] Total time for which application threads were stopped: 0.0002921 seconds, Stopping threads took: 0.0001540 seconds
[4458.418s][info ][safepoint      ] Application time: 1.0001170 seconds
[4458.418s][info ][safepoint      ] Entering safepoint region: Cleanup
[4458.418s][info ][safepoint      ] Leaving safepoint region
[4458.418s][info ][safepoint      ] Total time for which application threads were stopped: 0.0001253 seconds, Stopping threads took: 0.0000366 seconds
[4459.418s][info ][safepoint      ] Application time: 1.0000827 seconds
[4459.418s][info ][safepoint      ] Entering safepoint region: Cleanup
[4459.418s][info ][safepoint      ] Leaving safepoint region
[4459.418s][info ][safepoint      ] Total time for which application threads were stopped: 0.0000944 seconds, Stopping threads took: 0.0000349 seconds
[4460.418s][info ][safepoint      ] Application time: 1.0000687 seconds
[4460.418s][info ][safepoint      ] Entering safepoint region: Cleanup
[4460.418s][info ][safepoint      ] Leaving safepoint region
[4460.418s][info ][safepoint      ] Total time for which application threads were stopped: 0.0001119 seconds, Stopping threads took: 0.0000452 seconds
[4461.418s][info ][safepoint      ] Application time: 1.0000721 seconds
[4461.418s][info ][safepoint      ] Entering safepoint region: Cleanup
[4461.418s][info ][safepoint      ] Leaving safepoint region
[4461.418s][info ][safepoint      ] Total time for which application threads were stopped: 0.0001316 seconds, Stopping threads took: 0.0000461 seconds
[4462.419s][info ][safepoint      ] Application time: 1.0000693 seconds
[4462.419s][info ][safepoint      ] Entering safepoint region: Cleanup
[4462.419s][info ][safepoint      ] Leaving safepoint region
[4462.419s][info ][safepoint      ] Total time for which application threads were stopped: 0.0000997 seconds, Stopping threads took: 0.0000379 seconds
[4463.419s][info ][safepoint      ] Application time: 1.0000704 seconds
[4463.419s][info ][safepoint      ] Entering safepoint region: Cleanup
[4463.419s][info ][safepoint      ] Leaving safepoint region
[4463.419s][info ][safepoint      ] Total time for which application threads were stopped: 0.0001229 seconds, Stopping threads took: 0.0000545 seconds
[4464.256s][info ][safepoint      ] Application time: 0.8368681 seconds
[4464.256s][info ][safepoint      ] Entering safepoint region: ParallelGCFailedAllocation
[4464.256s][info ][gc,start       ] GC(512) Pause Young (Allocation Failure)
[4464.263s][debug][gc,phases      ] GC(512) Scavenge 7.510ms
[4464.263s][debug][gc,ref         ] GC(512) Skipped phase1 of Reference Processing due to unavailable references
[4464.263s][debug][gc,ref         ] GC(512) Skipped phase2 of Reference Processing due to unavailable references
[4464.263s][debug][gc,ref         ] GC(512) Skipped phase3 of Reference Processing due to unavailable references
[4464.264s][debug][gc,ref         ] GC(512) Skipped phase4 of Reference Processing due to unavailable references
[4464.264s][debug][gc,phases      ] GC(512) Reference Processing 0.050ms
[4464.264s][debug][gc,phases      ] GC(512) Weak Processing 0.139ms
[4464.264s][debug][gc,phases      ] GC(512) Scrub String Table 0.459ms
[4464.264s][debug][gc,age         ] GC(512) Desired survivor size 45088768 bytes, new threshold 15 (max threshold 15)
[4464.264s][info ][gc,heap        ] GC(512) PSYoungGen: 2023104K->22064K(2048512K)
[4464.264s][info ][gc,heap        ] GC(512) ParOldGen: 531189K->531189K(735744K)
[4464.264s][info ][gc,metaspace   ] GC(512) Metaspace: 77020K->77020K(1120256K)
[4464.264s][info ][gc             ] GC(512) Pause Young (Allocation Failure) 2494M->540M(2719M) 8.287ms
[4464.264s][info ][gc,cpu         ] GC(512) User=0.03s Sys=0.00s Real=0.01s
[4464.264s][info ][safepoint      ] Leaving safepoint region
[4464.264s][info ][safepoint      ] Total time for which application threads were stopped: 0.0084401 seconds, Stopping threads took: 0.0000131 seconds
[4465.264s][info ][safepoint      ] Application time: 1.0000804 seconds
[4465.264s][info ][safepoint      ] Entering safepoint region: Cleanup
[4465.264s][info ][safepoint      ] Leaving safepoint region
[4465.264s][info ][safepoint      ] Total time for which application threads were stopped: 0.0001154 seconds, Stopping threads took: 0.0000499 seconds
[4466.265s][info ][safepoint      ] Application time: 1.0000331 seconds
[4466.265s][info ][safepoint      ] Entering safepoint region: Cleanup
[4466.265s][info ][safepoint      ] Leaving safepoint region
[4466.265s][info ][safepoint      ] Total time for which application threads were stopped: 0.0000907 seconds, Stopping threads took: 0.0000310 seconds
[4467.265s][info ][safepoint      ] Application time: 1.0000835 seconds
[4467.265s][info ][safepoint      ] Entering safepoint region: Cleanup
[4467.265s][info ][safepoint      ] Leaving safepoint region
[4467.265s][info ][safepoint      ] Total time for which application threads were stopped: 0.0001254 seconds, Stopping threads took: 0.0000601 seconds
[4468.265s][info ][safepoint      ] Application time: 1.0000696 seconds
[4468.265s][info ][safepoint      ] Entering safepoint region: Cleanup
[4468.265s][info ][safepoint      ] Leaving safepoint region
[4468.265s][info ][safepoint      ] Total time for which application threads were stopped: 0.0001108 seconds, Stopping threads took: 0.0000496 seconds
[4469.265s][info ][safepoint      ] Application time: 1.0000732 seconds
[4469.265s][info ][safepoint      ] Entering safepoint region: Cleanup
[4469.265s][info ][safepoint      ] Leaving safepoint region
[4469.265s][info ][safepoint      ] Total time for which application threads were stopped: 0.0001133 seconds, Stopping threads took: 0.0000382 seconds
[4470.265s][info ][safepoint      ] Application time: 1.0000696 seconds
[4470.266s][info ][safepoint      ] Entering safepoint region: Cleanup
[4470.266s][info ][safepoint      ] Leaving safepoint region
[4470.266s][info ][safepoint      ] Total time for which application threads were stopped: 0.0001078 seconds, Stopping threads took: 0.0000462 seconds
[4471.266s][info ][safepoint      ] Application time: 1.0000654 seconds
[4471.266s][info ][safepoint      ] Entering safepoint region: Cleanup
[4471.266s][info ][safepoint      ] Leaving safepoint region
[4471.266s][info ][safepoint      ] Total time for which application threads were stopped: 0.0001151 seconds, Stopping threads took: 0.0000429 seconds
[4472.200s][info ][safepoint      ] Application time: 0.9339303 seconds
[4472.200s][info ][safepoint      ] Entering safepoint region: ParallelGCFailedAllocation
[4472.200s][info ][gc,start       ] GC(513) Pause Young (Allocation Failure)
[4472.208s][debug][gc,phases      ] GC(513) Scavenge 7.558ms
[4472.208s][debug][gc,ref         ] GC(513) Skipped phase1 of Reference Processing due to unavailable references
[4472.208s][debug][gc,ref         ] GC(513) Skipped phase2 of Reference Processing due to unavailable references
[4472.208s][debug][gc,ref         ] GC(513) Skipped phase3 of Reference Processing due to unavailable references
[4472.208s][debug][gc,ref         ] GC(513) Skipped phase4 of Reference Processing due to unavailable references
[4472.208s][debug][gc,phases      ] GC(513) Reference Processing 0.059ms
[4472.208s][debug][gc,phases      ] GC(513) Weak Processing 0.135ms
[4472.208s][debug][gc,phases      ] GC(513) Scrub String Table 0.437ms
[4472.208s][debug][gc,age         ] GC(513) Desired survivor size 43515904 bytes, new threshold 15 (max threshold 15)
[4472.208s][info ][gc,heap        ] GC(513) PSYoungGen: 2024496K->22080K(2054656K)
[4472.208s][info ][gc,heap        ] GC(513) ParOldGen: 531189K->531189K(735744K)
[4472.208s][info ][gc,metaspace   ] GC(513) Metaspace: 77020K->77020K(1120256K)
[4472.208s][info ][gc             ] GC(513) Pause Young (Allocation Failure) 2495M->540M(2725M) 8.320ms
[4472.208s][info ][gc,cpu         ] GC(513) User=0.03s Sys=0.00s Real=0.00s
[4472.208s][info ][safepoint      ] Leaving safepoint region
[4472.208s][info ][safepoint      ] Total time for which application threads were stopped: 0.0085370 seconds, Stopping threads took: 0.0000584 seconds
[4473.208s][info ][safepoint      ] Application time: 1.0000841 seconds
[4473.208s][info ][safepoint      ] Entering safepoint region: Cleanup
[4473.209s][info ][safepoint      ] Leaving safepoint region
[4473.209s][info ][safepoint      ] Total time for which application threads were stopped: 0.0001150 seconds, Stopping threads took: 0.0000427 seconds
[4474.209s][info ][safepoint      ] Application time: 1.0000710 seconds
[4474.209s][info ][safepoint      ] Entering safepoint region: Cleanup
[4474.209s][info ][safepoint      ] Leaving safepoint region
[4474.209s][info ][safepoint      ] Total time for which application threads were stopped: 0.0001282 seconds, Stopping threads took: 0.0000476 seconds
[4475.209s][info ][safepoint      ] Application time: 1.0000394 seconds
[4475.209s][info ][safepoint      ] Entering safepoint region: Cleanup
[4475.209s][info ][safepoint      ] Leaving safepoint region
[4475.209s][info ][safepoint      ] Total time for which application threads were stopped: 0.0001042 seconds, Stopping threads took: 0.0000445 seconds
[4476.209s][info ][safepoint      ] Application time: 1.0000728 seconds
[4476.209s][info ][safepoint      ] Entering safepoint region: Cleanup
[4476.209s][info ][safepoint      ] Leaving safepoint region
[4476.209s][info ][safepoint      ] Total time for which application threads were stopped: 0.0001146 seconds, Stopping threads took: 0.0000485 seconds
[4477.209s][info ][safepoint      ] Application time: 1.0000727 seconds
[4477.209s][info ][safepoint      ] Entering safepoint region: Cleanup
[4477.209s][info ][safepoint      ] Leaving safepoint region
[4477.209s][info ][safepoint      ] Total time for which application threads were stopped: 0.0001232 seconds, Stopping threads took: 0.0000560 seconds
[4478.210s][info ][safepoint      ] Application time: 1.0000694 seconds
[4478.210s][info ][safepoint      ] Entering safepoint region: Cleanup
[4478.210s][info ][safepoint      ] Leaving safepoint region
[4478.210s][info ][safepoint      ] Total time for which application threads were stopped: 0.0001162 seconds, Stopping threads took: 0.0000484 seconds
[4479.210s][info ][safepoint      ] Application time: 1.0000706 seconds
[4479.210s][info ][safepoint      ] Entering safepoint region: Cleanup
[4479.210s][info ][safepoint      ] Leaving safepoint region
[4479.210s][info ][safepoint      ] Total time for which application threads were stopped: 0.0001100 seconds, Stopping threads took: 0.0000451 seconds
[4480.172s][info ][safepoint      ] Application time: 0.9619899 seconds
[4480.172s][info ][safepoint      ] Entering safepoint region: ParallelGCFailedAllocation
[4480.172s][info ][gc,start       ] GC(514) Pause Young (Allocation Failure)
[4480.180s][debug][gc,phases      ] GC(514) Scavenge 7.471ms
[4480.180s][debug][gc,ref         ] GC(514) Skipped phase1 of Reference Processing due to unavailable references
[4480.180s][debug][gc,ref         ] GC(514) Skipped phase2 of Reference Processing due to unavailable references
[4480.180s][debug][gc,ref         ] GC(514) Skipped phase3 of Reference Processing due to unavailable references
[4480.180s][debug][gc,ref         ] GC(514) Skipped phase4 of Reference Processing due to unavailable references
[4480.180s][debug][gc,phases      ] GC(514) Reference Processing 0.052ms
[4480.180s][debug][gc,phases      ] GC(514) Weak Processing 0.140ms
[4480.180s][debug][gc,phases      ] GC(514) Scrub String Table 0.461ms
[4480.180s][debug][gc,age         ] GC(514) Desired survivor size 41943040 bytes, new threshold 15 (max threshold 15)
[4480.180s][info ][gc,heap        ] GC(514) PSYoungGen: 2032704K->22096K(2053120K)
[4480.180s][info ][gc,heap        ] GC(514) ParOldGen: 531189K->531189K(735744K)
[4480.180s][info ][gc,metaspace   ] GC(514) Metaspace: 77020K->77020K(1120256K)
[4480.180s][info ][gc             ] GC(514) Pause Young (Allocation Failure) 2503M->540M(2723M) 8.262ms
[4480.180s][info ][gc,cpu         ] GC(514) User=0.03s Sys=0.00s Real=0.01s
[4480.180s][info ][safepoint      ] Leaving safepoint region
[4480.180s][info ][safepoint      ] Total time for which application threads were stopped: 0.0084250 seconds, Stopping threads took: 0.0000141 seconds
[4481.180s][info ][safepoint      ] Application time: 1.0000787 seconds
[4481.181s][info ][safepoint      ] Entering safepoint region: Cleanup
[4481.181s][info ][safepoint      ] Leaving safepoint region
[4481.181s][info ][safepoint      ] Total time for which application threads were stopped: 0.0001302 seconds, Stopping threads took: 0.0000550 seconds
[4482.181s][info ][safepoint      ] Application time: 1.0000797 seconds
[4482.181s][info ][safepoint      ] Entering safepoint region: Cleanup
[4482.181s][info ][safepoint      ] Leaving safepoint region
[4482.181s][info ][safepoint      ] Total time for which application threads were stopped: 0.0001350 seconds, Stopping threads took: 0.0000335 seconds
[4483.181s][info ][safepoint      ] Application time: 1.0000824 seconds
[4483.181s][info ][safepoint      ] Entering safepoint region: Cleanup
[4483.181s][info ][safepoint      ] Leaving safepoint region
[4483.181s][info ][safepoint      ] Total time for which application threads were stopped: 0.0000869 seconds, Stopping threads took: 0.0000188 seconds
[4484.181s][info ][safepoint      ] Application time: 1.0000681 seconds
[4484.181s][info ][safepoint      ] Entering safepoint region: Cleanup
[4484.181s][info ][safepoint      ] Leaving safepoint region
[4484.181s][info ][safepoint      ] Total time for which application threads were stopped: 0.0000792 seconds, Stopping threads took: 0.0000151 seconds
[4485.181s][info ][safepoint      ] Application time: 1.0000721 seconds
[4485.181s][info ][safepoint      ] Entering safepoint region: Cleanup
[4485.182s][info ][safepoint      ] Leaving safepoint region
[4485.182s][info ][safepoint      ] Total time for which application threads were stopped: 0.0001137 seconds, Stopping threads took: 0.0000456 seconds
[4486.182s][info ][safepoint      ] Application time: 1.0000719 seconds
[4486.182s][info ][safepoint      ] Entering safepoint region: Cleanup
[4486.182s][info ][safepoint      ] Leaving safepoint region
[4486.182s][info ][safepoint      ] Total time for which application threads were stopped: 0.0001277 seconds, Stopping threads took: 0.0000532 seconds
[4487.182s][info ][safepoint      ] Application time: 1.0000714 seconds
[4487.182s][info ][safepoint      ] Entering safepoint region: Cleanup
[4487.182s][info ][safepoint      ] Leaving safepoint region
[4487.182s][info ][safepoint      ] Total time for which application threads were stopped: 0.0000794 seconds, Stopping threads took: 0.0000139 seconds
[4488.100s][info ][safepoint      ] Application time: 0.9175635 seconds
[4488.100s][info ][safepoint      ] Entering safepoint region: ParallelGCFailedAllocation
[4488.100s][info ][gc,start       ] GC(515) Pause Young (Allocation Failure)
[4488.108s][debug][gc,phases      ] GC(515) Scavenge 8.378ms
[4488.108s][debug][gc,ref         ] GC(515) Skipped phase1 of Reference Processing due to unavailable references
[4488.108s][debug][gc,ref         ] GC(515) Skipped phase2 of Reference Processing due to unavailable references
[4488.108s][debug][gc,ref         ] GC(515) Skipped phase3 of Reference Processing due to unavailable references
[4488.108s][debug][gc,ref         ] GC(515) Skipped phase4 of Reference Processing due to unavailable references
[4488.108s][debug][gc,phases      ] GC(515) Reference Processing 0.032ms
[4488.108s][debug][gc,phases      ] GC(515) Weak Processing 0.150ms
[4488.109s][debug][gc,phases      ] GC(515) Scrub String Table 0.493ms
[4488.109s][debug][gc,age         ] GC(515) Desired survivor size 40894464 bytes, new threshold 15 (max threshold 15)
[4488.109s][info ][gc,heap        ] GC(515) PSYoungGen: 2032720K->23616K(2057216K)
[4488.109s][info ][gc,heap        ] GC(515) ParOldGen: 531189K->531489K(735744K)
[4488.109s][info ][gc,metaspace   ] GC(515) Metaspace: 77020K->77020K(1120256K)
[4488.109s][info ][gc             ] GC(515) Pause Young (Allocation Failure) 2503M->542M(2727M) 9.216ms
[4488.109s][info ][gc,cpu         ] GC(515) User=0.03s Sys=0.00s Real=0.01s
[4488.109s][info ][safepoint      ] Leaving safepoint region
[4488.109s][info ][safepoint      ] Total time for which application threads were stopped: 0.0094018 seconds, Stopping threads took: 0.0000223 seconds
[4489.109s][info ][safepoint      ] Application time: 1.0000854 seconds
[4489.109s][info ][safepoint      ] Entering safepoint region: Cleanup
[4489.109s][info ][safepoint      ] Leaving safepoint region
[4489.109s][info ][safepoint      ] Total time for which application threads were stopped: 0.0001025 seconds, Stopping threads took: 0.0000389 seconds
[4490.109s][info ][safepoint      ] Application time: 1.0000773 seconds
[4490.109s][info ][safepoint      ] Entering safepoint region: Cleanup
[4490.109s][info ][safepoint      ] Leaving safepoint region
[4490.109s][info ][safepoint      ] Total time for which application threads were stopped: 0.0001063 seconds, Stopping threads took: 0.0000399 seconds
[4491.109s][info ][safepoint      ] Application time: 1.0000310 seconds
[4491.110s][info ][safepoint      ] Entering safepoint region: Cleanup
[4491.110s][info ][safepoint      ] Leaving safepoint region
[4491.110s][info ][safepoint      ] Total time for which application threads were stopped: 0.0001144 seconds, Stopping threads took: 0.0000399 seconds
[4492.110s][info ][safepoint      ] Application time: 1.0000819 seconds
[4492.110s][info ][safepoint      ] Entering safepoint region: Cleanup
[4492.110s][info ][safepoint      ] Leaving safepoint region
[4492.110s][info ][safepoint      ] Total time for which application threads were stopped: 0.0001386 seconds, Stopping threads took: 0.0000659 seconds
[4493.110s][info ][safepoint      ] Application time: 1.0000700 seconds
[4493.110s][info ][safepoint      ] Entering safepoint region: Cleanup
[4493.110s][info ][safepoint      ] Leaving safepoint region
[4493.110s][info ][safepoint      ] Total time for which application threads were stopped: 0.0001137 seconds, Stopping threads took: 0.0000462 seconds
[4494.110s][info ][safepoint      ] Application time: 1.0000823 seconds
[4494.110s][info ][safepoint      ] Entering safepoint region: Cleanup
[4494.110s][info ][safepoint      ] Leaving safepoint region
[4494.110s][info ][safepoint      ] Total time for which application threads were stopped: 0.0001062 seconds, Stopping threads took: 0.0000349 seconds
[4495.110s][info ][safepoint      ] Application time: 1.0001194 seconds
[4495.111s][info ][safepoint      ] Entering safepoint region: Cleanup
[4495.111s][info ][safepoint      ] Leaving safepoint region
[4495.111s][info ][safepoint      ] Total time for which application threads were stopped: 0.0001435 seconds, Stopping threads took: 0.0000785 seconds
[4496.111s][info ][safepoint      ] Application time: 1.0000812 seconds
[4496.111s][info ][safepoint      ] Entering safepoint region: Cleanup
[4496.111s][info ][safepoint      ] Leaving safepoint region
[4496.111s][info ][safepoint      ] Total time for which application threads were stopped: 0.0001712 seconds, Stopping threads took: 0.0000842 seconds
[4496.199s][info ][safepoint      ] Application time: 0.0883895 seconds
[4496.199s][info ][safepoint      ] Entering safepoint region: ParallelGCFailedAllocation
[4496.200s][info ][gc,start       ] GC(516) Pause Young (Allocation Failure)
[4496.208s][debug][gc,phases      ] GC(516) Scavenge 8.782ms
[4496.208s][debug][gc,ref         ] GC(516) Skipped phase1 of Reference Processing due to unavailable references
[4496.208s][debug][gc,ref         ] GC(516) Skipped phase2 of Reference Processing due to unavailable references
[4496.208s][debug][gc,ref         ] GC(516) Skipped phase3 of Reference Processing due to unavailable references
[4496.208s][debug][gc,ref         ] GC(516) Skipped phase4 of Reference Processing due to unavailable references
[4496.208s][debug][gc,phases      ] GC(516) Reference Processing 0.035ms
[4496.209s][debug][gc,phases      ] GC(516) Weak Processing 0.158ms
[4496.209s][debug][gc,phases      ] GC(516) Scrub String Table 0.668ms
[4496.209s][debug][gc,age         ] GC(516) Desired survivor size 39321600 bytes, new threshold 15 (max threshold 15)
[4496.209s][info ][gc,heap        ] GC(516) PSYoungGen: 2039872K->21760K(2056192K)
[4496.209s][info ][gc,heap        ] GC(516) ParOldGen: 531489K->533438K(735744K)
[4496.209s][info ][gc,metaspace   ] GC(516) Metaspace: 77020K->77020K(1120256K)
[4496.209s][info ][gc             ] GC(516) Pause Young (Allocation Failure) 2511M->542M(2726M) 9.816ms
[4496.209s][info ][gc,cpu         ] GC(516) User=0.04s Sys=0.00s Real=0.01s
[4496.209s][info ][safepoint      ] Leaving safepoint region
[4496.209s][info ][safepoint      ] Total time for which application threads were stopped: 0.0100461 seconds, Stopping threads took: 0.0000365 seconds
[4497.209s][info ][safepoint      ] Application time: 1.0000842 seconds
[4497.210s][info ][safepoint      ] Entering safepoint region: Cleanup
[4497.210s][info ][safepoint      ] Leaving safepoint region
[4497.210s][info ][safepoint      ] Total time for which application threads were stopped: 0.0001054 seconds, Stopping threads took: 0.0000400 seconds
[4498.210s][info ][safepoint      ] Application time: 1.0000780 seconds
[4498.210s][info ][safepoint      ] Entering safepoint region: Cleanup
[4498.210s][info ][safepoint      ] Leaving safepoint region
[4498.210s][info ][safepoint      ] Total time for which application threads were stopped: 0.0001020 seconds, Stopping threads took: 0.0000433 seconds
[4499.210s][info ][safepoint      ] Application time: 1.0000722 seconds
[4499.210s][info ][safepoint      ] Entering safepoint region: Cleanup
[4499.210s][info ][safepoint      ] Leaving safepoint region
[4499.210s][info ][safepoint      ] Total time for which application threads were stopped: 0.0001148 seconds, Stopping threads took: 0.0000419 seconds
[4500.210s][info ][safepoint      ] Application time: 1.0000718 seconds
[4500.210s][info ][safepoint      ] Entering safepoint region: Cleanup
[4500.210s][info ][safepoint      ] Leaving safepoint region
[4500.210s][info ][safepoint      ] Total time for which application threads were stopped: 0.0000970 seconds, Stopping threads took: 0.0000366 seconds
[4501.210s][info ][safepoint      ] Application time: 1.0000755 seconds
[4501.210s][info ][safepoint      ] Entering safepoint region: Cleanup
[4501.210s][info ][safepoint      ] Leaving safepoint region
[4501.210s][info ][safepoint      ] Total time for which application threads were stopped: 0.0001042 seconds, Stopping threads took: 0.0000328 seconds
[4502.211s][info ][safepoint      ] Application time: 1.0000825 seconds
[4502.211s][info ][safepoint      ] Entering safepoint region: Cleanup
[4502.211s][info ][safepoint      ] Leaving safepoint region
[4502.211s][info ][safepoint      ] Total time for which application threads were stopped: 0.0000991 seconds, Stopping threads took: 0.0000392 seconds
[4503.211s][info ][safepoint      ] Application time: 1.0000766 seconds
[4503.211s][info ][safepoint      ] Entering safepoint region: Cleanup
[4503.211s][info ][safepoint      ] Leaving safepoint region
[4503.211s][info ][safepoint      ] Total time for which application threads were stopped: 0.0000938 seconds, Stopping threads took: 0.0000322 seconds
[4504.199s][info ][safepoint      ] Application time: 0.9884083 seconds
[4504.200s][info ][safepoint      ] Entering safepoint region: ParallelGCFailedAllocation
[4504.200s][info ][gc,start       ] GC(517) Pause Young (Allocation Failure)
[4504.208s][debug][gc,phases      ] GC(517) Scavenge 7.382ms
[4504.208s][debug][gc,ref         ] GC(517) Skipped phase1 of Reference Processing due to unavailable references
[4504.208s][debug][gc,ref         ] GC(517) Skipped phase2 of Reference Processing due to unavailable references
[4504.208s][debug][gc,ref         ] GC(517) Skipped phase3 of Reference Processing due to unavailable references
[4504.208s][debug][gc,ref         ] GC(517) Skipped phase4 of Reference Processing due to unavailable references
[4504.208s][debug][gc,phases      ] GC(517) Reference Processing 0.030ms
[4504.208s][debug][gc,phases      ] GC(517) Weak Processing 0.142ms
[4504.208s][debug][gc,phases      ] GC(517) Scrub String Table 0.437ms
[4504.208s][debug][gc,age         ] GC(517) Desired survivor size 37748736 bytes, new threshold 15 (max threshold 15)
[4504.208s][info ][gc,heap        ] GC(517) PSYoungGen: 2038016K->19152K(2060288K)
[4504.208s][info ][gc,heap        ] GC(517) ParOldGen: 533438K->536687K(735744K)
[4504.208s][info ][gc,metaspace   ] GC(517) Metaspace: 77021K->77021K(1120256K)
[4504.208s][info ][gc             ] GC(517) Pause Young (Allocation Failure) 2511M->542M(2730M) 8.102ms
[4504.208s][info ][gc,cpu         ] GC(517) User=0.03s Sys=0.00s Real=0.00s
[4504.208s][info ][safepoint      ] Leaving safepoint region
[4504.208s][info ][safepoint      ] Total time for which application threads were stopped: 0.0090759 seconds, Stopping threads took: 0.0008221 seconds
[4505.208s][info ][safepoint      ] Application time: 1.0000878 seconds
[4505.209s][info ][safepoint      ] Entering safepoint region: Cleanup
[4505.209s][info ][safepoint      ] Leaving safepoint region
[4505.209s][info ][safepoint      ] Total time for which application threads were stopped: 0.0000993 seconds, Stopping threads took: 0.0000387 seconds
[4506.209s][info ][safepoint      ] Application time: 1.0000721 seconds
[4506.209s][info ][safepoint      ] Entering safepoint region: Cleanup
[4506.209s][info ][safepoint      ] Leaving safepoint region
[4506.209s][info ][safepoint      ] Total time for which application threads were stopped: 0.0000987 seconds, Stopping threads took: 0.0000361 seconds
[4507.209s][info ][safepoint      ] Application time: 1.0000744 seconds
[4507.209s][info ][safepoint      ] Entering safepoint region: Cleanup
[4507.209s][info ][safepoint      ] Leaving safepoint region
[4507.209s][info ][safepoint      ] Total time for which application threads were stopped: 0.0001073 seconds, Stopping threads took: 0.0000415 seconds
[4508.209s][info ][safepoint      ] Application time: 1.0000776 seconds
[4508.209s][info ][safepoint      ] Entering safepoint region: Cleanup
[4508.209s][info ][safepoint      ] Leaving safepoint region
[4508.209s][info ][safepoint      ] Total time for which application threads were stopped: 0.0001323 seconds, Stopping threads took: 0.0000448 seconds
[4509.209s][info ][safepoint      ] Application time: 1.0000783 seconds
[4509.209s][info ][safepoint      ] Entering safepoint region: Cleanup
[4509.209s][info ][safepoint      ] Leaving safepoint region
[4509.209s][info ][safepoint      ] Total time for which application threads were stopped: 0.0000991 seconds, Stopping threads took: 0.0000343 seconds
[4510.209s][info ][safepoint      ] Application time: 1.0000770 seconds
[4510.210s][info ][safepoint      ] Entering safepoint region: Cleanup
[4510.210s][info ][safepoint      ] Leaving safepoint region
[4510.210s][info ][safepoint      ] Total time for which application threads were stopped: 0.0001092 seconds, Stopping threads took: 0.0000441 seconds
[4511.210s][info ][safepoint      ] Application time: 1.0000722 seconds
[4511.210s][info ][safepoint      ] Entering safepoint region: Cleanup
[4511.210s][info ][safepoint      ] Leaving safepoint region
[4511.210s][info ][safepoint      ] Total time for which application threads were stopped: 0.0001106 seconds, Stopping threads took: 0.0000414 seconds
[4511.726s][info ][safepoint      ] Application time: 0.5159206 seconds
[4511.726s][info ][safepoint      ] Entering safepoint region: ParallelGCFailedAllocation
[4511.726s][info ][gc,start       ] GC(518) Pause Young (Allocation Failure)
[4511.734s][debug][gc,phases      ] GC(518) Scavenge 8.167ms
[4511.734s][debug][gc,ref         ] GC(518) Skipped phase1 of Reference Processing due to unavailable references
[4511.734s][debug][gc,ref         ] GC(518) Skipped phase2 of Reference Processing due to unavailable references
[4511.734s][debug][gc,ref         ] GC(518) Skipped phase3 of Reference Processing due to unavailable references
[4511.734s][debug][gc,phases      ] GC(518) Reference Processing 0.026ms
[4511.734s][debug][gc,phases      ] GC(518) Weak Processing 0.134ms
[4511.735s][debug][gc,phases      ] GC(518) Scrub String Table 0.480ms
[4511.735s][debug][gc,age         ] GC(518) Desired survivor size 37224448 bytes, new threshold 15 (max threshold 15)
[4511.735s][info ][gc,heap        ] GC(518) PSYoungGen: 2041040K->23456K(2058752K)
[4511.735s][info ][gc,heap        ] GC(518) ParOldGen: 536687K->538575K(735744K)
[4511.735s][info ][gc,metaspace   ] GC(518) Metaspace: 77021K->77021K(1120256K)
[4511.735s][info ][gc             ] GC(518) Pause Young (Allocation Failure) 2517M->548M(2729M) 8.952ms
[4511.735s][info ][gc,cpu         ] GC(518) User=0.03s Sys=0.00s Real=0.01s
[4511.735s][info ][safepoint      ] Leaving safepoint region
[4511.735s][info ][safepoint      ] Total time for which application threads were stopped: 0.0091269 seconds, Stopping threads took: 0.0000312 seconds
[4512.735s][info ][safepoint      ] Application time: 1.0000836 seconds
[4512.735s][info ][safepoint      ] Entering safepoint region: Cleanup
[4512.735s][info ][safepoint      ] Leaving safepoint region
[4512.735s][info ][safepoint      ] Total time for which application threads were stopped: 0.0000773 seconds, Stopping threads took: 0.0000158 seconds
[4513.735s][info ][safepoint      ] Application time: 1.0000796 seconds
[4513.735s][info ][safepoint      ] Entering safepoint region: Cleanup
[4513.735s][info ][safepoint      ] Leaving safepoint region
[4513.735s][info ][safepoint      ] Total time for which application threads were stopped: 0.0000714 seconds, Stopping threads took: 0.0000149 seconds
[4514.735s][info ][safepoint      ] Application time: 1.0000725 seconds
[4514.735s][info ][safepoint      ] Entering safepoint region: Cleanup
[4514.736s][info ][safepoint      ] Leaving safepoint region
[4514.736s][info ][safepoint      ] Total time for which application threads were stopped: 0.0000716 seconds, Stopping threads took: 0.0000148 seconds
[4515.736s][info ][safepoint      ] Application time: 1.0000648 seconds
[4515.736s][info ][safepoint      ] Entering safepoint region: Cleanup
[4515.736s][info ][safepoint      ] Leaving safepoint region
[4515.736s][info ][safepoint      ] Total time for which application threads were stopped: 0.0000768 seconds, Stopping threads took: 0.0000185 seconds
[4516.736s][info ][safepoint      ] Application time: 1.0000767 seconds
[4516.736s][info ][safepoint      ] Entering safepoint region: Cleanup
[4516.736s][info ][safepoint      ] Leaving safepoint region
[4516.736s][info ][safepoint      ] Total time for which application threads were stopped: 0.0000913 seconds, Stopping threads took: 0.0000195 seconds
[4517.736s][info ][safepoint      ] Application time: 1.0000763 seconds
[4517.736s][info ][safepoint      ] Entering safepoint region: Cleanup
[4517.736s][info ][safepoint      ] Leaving safepoint region
[4517.736s][info ][safepoint      ] Total time for which application threads were stopped: 0.0001830 seconds, Stopping threads took: 0.0000794 seconds
[4518.734s][info ][safepoint      ] Application time: 0.9976982 seconds
[4518.734s][info ][safepoint      ] Entering safepoint region: ParallelGCFailedAllocation
[4518.734s][info ][gc,start       ] GC(519) Pause Young (Allocation Failure)
[4518.744s][debug][gc,phases      ] GC(519) Scavenge 9.902ms
[4518.744s][debug][gc,ref         ] GC(519) Skipped phase1 of Reference Processing due to unavailable references
[4518.744s][debug][gc,ref         ] GC(519) Skipped phase2 of Reference Processing due to unavailable references
[4518.744s][debug][gc,ref         ] GC(519) Skipped phase3 of Reference Processing due to unavailable references
[4518.744s][debug][gc,phases      ] GC(519) Reference Processing 0.027ms
[4518.744s][debug][gc,phases      ] GC(519) Weak Processing 0.129ms
[4518.745s][debug][gc,phases      ] GC(519) Scrub String Table 0.431ms
[4518.745s][debug][gc,age         ] GC(519) Desired survivor size 36175872 bytes, new threshold 15 (max threshold 15)
[4518.745s][info ][gc,heap        ] GC(519) PSYoungGen: 2045344K->23232K(2061824K)
[4518.745s][info ][gc,heap        ] GC(519) ParOldGen: 538575K->540155K(735744K)
[4518.745s][info ][gc,metaspace   ] GC(519) Metaspace: 77022K->77022K(1120256K)
[4518.745s][info ][gc             ] GC(519) Pause Young (Allocation Failure) 2523M->550M(2732M) 10.616ms
[4518.745s][info ][gc,cpu         ] GC(519) User=0.04s Sys=0.00s Real=0.01s
[4518.745s][info ][safepoint      ] Leaving safepoint region
[4518.745s][info ][safepoint      ] Total time for which application threads were stopped: 0.0108176 seconds, Stopping threads took: 0.0000361 seconds
[4519.745s][info ][safepoint      ] Application time: 1.0001045 seconds
[4519.745s][info ][safepoint      ] Entering safepoint region: Cleanup
[4519.745s][info ][safepoint      ] Leaving safepoint region
[4519.745s][info ][safepoint      ] Total time for which application threads were stopped: 0.0001027 seconds, Stopping threads took: 0.0000374 seconds
[4520.745s][info ][safepoint      ] Application time: 1.0000780 seconds
[4520.745s][info ][safepoint      ] Entering safepoint region: Cleanup
[4520.745s][info ][safepoint      ] Leaving safepoint region
[4520.745s][info ][safepoint      ] Total time for which application threads were stopped: 0.0000866 seconds, Stopping threads took: 0.0000180 seconds
[4521.745s][info ][safepoint      ] Application time: 1.0000627 seconds
[4521.745s][info ][safepoint      ] Entering safepoint region: Cleanup
[4521.745s][info ][safepoint      ] Leaving safepoint region
[4521.745s][info ][safepoint      ] Total time for which application threads were stopped: 0.0000820 seconds, Stopping threads took: 0.0000250 seconds
[4522.746s][info ][safepoint      ] Application time: 1.0000711 seconds
[4522.746s][info ][safepoint      ] Entering safepoint region: Cleanup
[4522.746s][info ][safepoint      ] Leaving safepoint region
[4522.746s][info ][safepoint      ] Total time for which application threads were stopped: 0.0000759 seconds, Stopping threads took: 0.0000133 seconds
[4523.746s][info ][safepoint      ] Application time: 1.0000261 seconds
[4523.746s][info ][safepoint      ] Entering safepoint region: Cleanup
[4523.746s][info ][safepoint      ] Leaving safepoint region
[4523.746s][info ][safepoint      ] Total time for which application threads were stopped: 0.0000695 seconds, Stopping threads took: 0.0000138 seconds
[4524.746s][info ][safepoint      ] Application time: 1.0000828 seconds
[4524.746s][info ][safepoint      ] Entering safepoint region: Cleanup
[4524.746s][info ][safepoint      ] Leaving safepoint region
[4524.746s][info ][safepoint      ] Total time for which application threads were stopped: 0.0000879 seconds, Stopping threads took: 0.0000159 seconds
[4525.746s][info ][safepoint      ] Application time: 1.0000630 seconds
[4525.746s][info ][safepoint      ] Entering safepoint region: Cleanup
[4525.746s][info ][safepoint      ] Leaving safepoint region
[4525.746s][info ][safepoint      ] Total time for which application threads were stopped: 0.0000716 seconds, Stopping threads took: 0.0000165 seconds
[4526.000s][info ][safepoint      ] Application time: 0.2541654 seconds
[4526.000s][info ][safepoint      ] Entering safepoint region: ParallelGCFailedAllocation
[4526.001s][info ][gc,start       ] GC(520) Pause Young (Allocation Failure)
[4526.010s][debug][gc,phases      ] GC(520) Scavenge 9.196ms
[4526.010s][debug][gc,ref         ] GC(520) Skipped phase1 of Reference Processing due to unavailable references
[4526.010s][debug][gc,ref         ] GC(520) Skipped phase2 of Reference Processing due to unavailable references
[4526.010s][debug][gc,ref         ] GC(520) Skipped phase3 of Reference Processing due to unavailable references
[4526.010s][debug][gc,phases      ] GC(520) Reference Processing 0.029ms
[4526.010s][debug][gc,phases      ] GC(520) Weak Processing 0.146ms
[4526.010s][debug][gc,phases      ] GC(520) Scrub String Table 0.451ms
[4526.010s][debug][gc,age         ] GC(520) Desired survivor size 35651584 bytes, new threshold 15 (max threshold 15)
[4526.010s][info ][gc,heap        ] GC(520) PSYoungGen: 2048704K->23744K(2060800K)
[4526.010s][info ][gc,heap        ] GC(520) ParOldGen: 540155K->540624K(735744K)
[4526.010s][info ][gc,metaspace   ] GC(520) Metaspace: 77022K->77022K(1120256K)
[4526.011s][info ][gc             ] GC(520) Pause Young (Allocation Failure) 2528M->551M(2731M) 9.956ms
[4526.011s][info ][gc,cpu         ] GC(520) User=0.03s Sys=0.00s Real=0.01s
[4526.011s][info ][safepoint      ] Leaving safepoint region
[4526.011s][info ][safepoint      ] Total time for which application threads were stopped: 0.0101776 seconds, Stopping threads took: 0.0000502 seconds
[4527.011s][info ][safepoint      ] Application time: 1.0000804 seconds
[4527.011s][info ][safepoint      ] Entering safepoint region: Cleanup
[4527.011s][info ][safepoint      ] Leaving safepoint region
[4527.011s][info ][safepoint      ] Total time for which application threads were stopped: 0.0001179 seconds, Stopping threads took: 0.0000516 seconds
[4528.011s][info ][safepoint      ] Application time: 1.0000747 seconds
[4528.011s][info ][safepoint      ] Entering safepoint region: Cleanup
[4528.011s][info ][safepoint      ] Leaving safepoint region
[4528.011s][info ][safepoint      ] Total time for which application threads were stopped: 0.0001117 seconds, Stopping threads took: 0.0000448 seconds
[4529.011s][info ][safepoint      ] Application time: 1.0000570 seconds
[4529.011s][info ][safepoint      ] Entering safepoint region: Cleanup
[4529.011s][info ][safepoint      ] Leaving safepoint region
[4529.011s][info ][safepoint      ] Total time for which application threads were stopped: 0.0001140 seconds, Stopping threads took: 0.0000469 seconds
[4530.011s][info ][safepoint      ] Application time: 1.0000737 seconds
[4530.011s][info ][safepoint      ] Entering safepoint region: Cleanup
[4530.011s][info ][safepoint      ] Leaving safepoint region
[4530.011s][info ][safepoint      ] Total time for which application threads were stopped: 0.0001133 seconds, Stopping threads took: 0.0000473 seconds
[4531.012s][info ][safepoint      ] Application time: 1.0000728 seconds
[4531.012s][info ][safepoint      ] Entering safepoint region: Cleanup
[4531.012s][info ][safepoint      ] Leaving safepoint region
[4531.012s][info ][safepoint      ] Total time for which application threads were stopped: 0.0001163 seconds, Stopping threads took: 0.0000507 seconds
[4532.012s][info ][safepoint      ] Application time: 1.0000692 seconds
[4532.012s][info ][safepoint      ] Entering safepoint region: Cleanup
[4532.012s][info ][safepoint      ] Leaving safepoint region
[4532.012s][info ][safepoint      ] Total time for which application threads were stopped: 0.0000965 seconds, Stopping threads took: 0.0000311 seconds
[4532.967s][info ][safepoint      ] Application time: 0.9552654 seconds
[4532.967s][info ][safepoint      ] Entering safepoint region: ParallelGCFailedAllocation
[4532.967s][info ][gc,start       ] GC(521) Pause Young (Allocation Failure)
[4532.976s][debug][gc,phases      ] GC(521) Scavenge 8.574ms
[4532.976s][debug][gc,ref         ] GC(521) Skipped phase1 of Reference Processing due to unavailable references
[4532.976s][debug][gc,ref         ] GC(521) Skipped phase2 of Reference Processing due to unavailable references
[4532.976s][debug][gc,ref         ] GC(521) Skipped phase3 of Reference Processing due to unavailable references
[4532.976s][debug][gc,phases      ] GC(521) Reference Processing 0.030ms
[4532.976s][debug][gc,phases      ] GC(521) Weak Processing 0.139ms
[4532.977s][debug][gc,phases      ] GC(521) Scrub String Table 0.424ms
[4532.977s][debug][gc,age         ] GC(521) Desired survivor size 36175872 bytes, new threshold 15 (max threshold 15)
[4532.977s][info ][gc,heap        ] GC(521) PSYoungGen: 2049216K->26400K(2061312K)
[4532.977s][info ][gc,heap        ] GC(521) ParOldGen: 540624K->541056K(735744K)
[4532.977s][info ][gc,metaspace   ] GC(521) Metaspace: 77025K->77025K(1120256K)
[4532.977s][info ][gc             ] GC(521) Pause Young (Allocation Failure) 2529M->554M(2731M) 9.319ms
[4532.977s][info ][gc,cpu         ] GC(521) User=0.04s Sys=0.00s Real=0.01s
[4532.977s][info ][safepoint      ] Leaving safepoint region
[4532.977s][info ][safepoint      ] Total time for which application threads were stopped: 0.0094827 seconds, Stopping threads took: 0.0000140 seconds
[4533.977s][info ][safepoint      ] Application time: 1.0000797 seconds
[4533.977s][info ][safepoint      ] Entering safepoint region: Cleanup
[4533.977s][info ][safepoint      ] Leaving safepoint region
[4533.977s][info ][safepoint      ] Total time for which application threads were stopped: 0.0000969 seconds, Stopping threads took: 0.0000362 seconds
[4539.634s][info ][safepoint      ] Application time: 5.6567179 seconds
[4539.634s][info ][safepoint      ] Entering safepoint region: ParallelGCFailedAllocation
[4539.634s][info ][gc,start       ] GC(522) Pause Young (Allocation Failure)
[4539.644s][debug][gc,phases      ] GC(522) Scavenge 10.103ms
[4539.644s][debug][gc,ref         ] GC(522) Skipped phase1 of Reference Processing due to unavailable references
[4539.644s][debug][gc,ref         ] GC(522) Skipped phase2 of Reference Processing due to unavailable references
[4539.644s][debug][gc,ref         ] GC(522) Skipped phase3 of Reference Processing due to unavailable references
[4539.644s][debug][gc,phases      ] GC(522) Reference Processing 0.028ms
[4539.644s][debug][gc,phases      ] GC(522) Weak Processing 0.137ms
[4539.645s][debug][gc,phases      ] GC(522) Scrub String Table 0.446ms
[4539.645s][debug][gc,age         ] GC(522) Desired survivor size 37748736 bytes, new threshold 15 (max threshold 15)
[4539.645s][info ][gc,heap        ] GC(522) PSYoungGen: 2052896K->29600K(2056192K)
[4539.645s][info ][gc,heap        ] GC(522) ParOldGen: 541056K->541496K(735744K)
[4539.645s][info ][gc,metaspace   ] GC(522) Metaspace: 77028K->77028K(1120256K)
[4539.645s][info ][gc             ] GC(522) Pause Young (Allocation Failure) 2533M->557M(2726M) 10.844ms
[4539.645s][info ][gc,cpu         ] GC(522) User=0.04s Sys=0.01s Real=0.01s
[4539.645s][info ][safepoint      ] Leaving safepoint region
[4539.645s][info ][safepoint      ] Total time for which application threads were stopped: 0.0110202 seconds, Stopping threads took: 0.0000286 seconds
[4542.645s][info ][safepoint      ] Application time: 3.0002017 seconds
[4542.645s][info ][safepoint      ] Entering safepoint region: Cleanup
[4542.645s][info ][safepoint      ] Leaving safepoint region
[4542.645s][info ][safepoint      ] Total time for which application threads were stopped: 0.0000794 seconds, Stopping threads took: 0.0000174 seconds
[4546.370s][info ][safepoint      ] Application time: 3.7250111 seconds
[4546.370s][info ][safepoint      ] Entering safepoint region: ParallelGCFailedAllocation
[4546.370s][info ][gc,start       ] GC(523) Pause Young (Allocation Failure)
[4546.380s][debug][gc,phases      ] GC(523) Scavenge 10.126ms
[4546.380s][debug][gc,ref         ] GC(523) Skipped phase1 of Reference Processing due to unavailable references
[4546.380s][debug][gc,ref         ] GC(523) Skipped phase2 of Reference Processing due to unavailable references
[4546.380s][debug][gc,ref         ] GC(523) Skipped phase3 of Reference Processing due to unavailable references
[4546.380s][debug][gc,phases      ] GC(523) Reference Processing 0.051ms
[4546.381s][debug][gc,phases      ] GC(523) Weak Processing 0.143ms
[4546.381s][debug][gc,phases      ] GC(523) Scrub String Table 0.488ms
[4546.381s][debug][gc,age         ] GC(523) Desired survivor size 40370176 bytes, new threshold 15 (max threshold 15)
[4546.381s][info ][gc,heap        ] GC(523) PSYoungGen: 2056096K->33408K(2055168K)
[4546.381s][info ][gc,heap        ] GC(523) ParOldGen: 541496K->541820K(735744K)
[4546.381s][info ][gc,metaspace   ] GC(523) Metaspace: 77028K->77028K(1120256K)
[4546.381s][info ][gc             ] GC(523) Pause Young (Allocation Failure) 2536M->561M(2725M) 10.941ms
[4546.381s][info ][gc,cpu         ] GC(523) User=0.04s Sys=0.00s Real=0.01s
[4546.381s][info ][safepoint      ] Leaving safepoint region
[4546.381s][info ][safepoint      ] Total time for which application threads were stopped: 0.0111109 seconds, Stopping threads took: 0.0000131 seconds
[4550.381s][info ][safepoint      ] Application time: 4.0002921 seconds
[4550.382s][info ][safepoint      ] Entering safepoint region: Cleanup
[4550.382s][info ][safepoint      ] Leaving safepoint region
[4550.382s][info ][safepoint      ] Total time for which application threads were stopped: 0.0001362 seconds, Stopping threads took: 0.0000358 seconds
[4553.000s][info ][safepoint      ] Application time: 2.6181653 seconds
[4553.000s][info ][safepoint      ] Entering safepoint region: ParallelGCFailedAllocation
[4553.000s][info ][gc,start       ] GC(524) Pause Young (Allocation Failure)
[4553.011s][debug][gc,phases      ] GC(524) Scavenge 11.135ms
[4553.011s][debug][gc,ref         ] GC(524) Skipped phase1 of Reference Processing due to unavailable references
[4553.011s][debug][gc,ref         ] GC(524) Skipped phase2 of Reference Processing due to unavailable references
[4553.011s][debug][gc,ref         ] GC(524) Skipped phase3 of Reference Processing due to unavailable references
[4553.011s][debug][gc,phases      ] GC(524) Reference Processing 0.031ms
[4553.011s][debug][gc,phases      ] GC(524) Weak Processing 0.140ms
[4553.012s][debug][gc,phases      ] GC(524) Scrub String Table 0.447ms
[4553.012s][debug][gc,age         ] GC(524) Desired survivor size 41943040 bytes, new threshold 15 (max threshold 15)
[4553.012s][info ][gc,heap        ] GC(524) PSYoungGen: 2051712K->32512K(2051072K)
[4553.012s][info ][gc,heap        ] GC(524) ParOldGen: 541820K->544009K(735744K)
[4553.012s][info ][gc,metaspace   ] GC(524) Metaspace: 77028K->77028K(1120256K)
[4553.012s][info ][gc             ] GC(524) Pause Young (Allocation Failure) 2532M->563M(2721M) 11.888ms
[4553.012s][info ][gc,cpu         ] GC(524) User=0.04s Sys=0.00s Real=0.01s
[4553.012s][info ][safepoint      ] Leaving safepoint region
[4553.012s][info ][safepoint      ] Total time for which application threads were stopped: 0.0120815 seconds, Stopping threads took: 0.0000366 seconds
[4557.012s][info ][safepoint      ] Application time: 4.0002915 seconds
[4557.012s][info ][safepoint      ] Entering safepoint region: Cleanup
[4557.012s][info ][safepoint      ] Leaving safepoint region
[4557.012s][info ][safepoint      ] Total time for which application threads were stopped: 0.0001354 seconds, Stopping threads took: 0.0000678 seconds
[4559.981s][info ][safepoint      ] Application time: 2.9690106 seconds
[4559.981s][info ][safepoint      ] Entering safepoint region: ParallelGCFailedAllocation
[4559.982s][info ][gc,start       ] GC(525) Pause Young (Allocation Failure)
[4559.993s][debug][gc,phases      ] GC(525) Scavenge 11.708ms
[4559.993s][debug][gc,ref         ] GC(525) Skipped phase1 of Reference Processing due to unavailable references
[4559.993s][debug][gc,ref         ] GC(525) Skipped phase2 of Reference Processing due to unavailable references
[4559.993s][debug][gc,ref         ] GC(525) Skipped phase3 of Reference Processing due to unavailable references
[4559.993s][debug][gc,phases      ] GC(525) Reference Processing 0.049ms
[4559.994s][debug][gc,phases      ] GC(525) Weak Processing 0.146ms
[4559.994s][debug][gc,phases      ] GC(525) Scrub String Table 0.459ms
[4559.994s][debug][gc,age         ] GC(525) Desired survivor size 43515904 bytes, new threshold 15 (max threshold 15)
[4559.994s][info ][gc,heap        ] GC(525) PSYoungGen: 2050816K->33184K(2053120K)
[4559.994s][info ][gc,heap        ] GC(525) ParOldGen: 544009K->545633K(735744K)
[4559.994s][info ][gc,metaspace   ] GC(525) Metaspace: 77029K->77029K(1120256K)
[4559.994s][info ][gc             ] GC(525) Pause Young (Allocation Failure) 2534M->565M(2723M) 12.497ms
[4559.994s][info ][gc,cpu         ] GC(525) User=0.05s Sys=0.00s Real=0.01s
[4559.994s][info ][safepoint      ] Leaving safepoint region
[4559.994s][info ][safepoint      ] Total time for which application threads were stopped: 0.0126560 seconds, Stopping threads took: 0.0000148 seconds
[4561.994s][info ][safepoint      ] Application time: 2.0001529 seconds
[4561.994s][info ][safepoint      ] Entering safepoint region: Cleanup
[4561.994s][info ][safepoint      ] Leaving safepoint region
[4561.994s][info ][safepoint      ] Total time for which application threads were stopped: 0.0000690 seconds, Stopping threads took: 0.0000153 seconds
[4562.994s][info ][safepoint      ] Application time: 1.0000775 seconds
[4562.995s][info ][safepoint      ] Entering safepoint region: Cleanup
[4562.995s][info ][safepoint      ] Leaving safepoint region
[4562.995s][info ][safepoint      ] Total time for which application threads were stopped: 0.0000764 seconds, Stopping threads took: 0.0000155 seconds
[4563.995s][info ][safepoint      ] Application time: 1.0000696 seconds
[4563.995s][info ][safepoint      ] Entering safepoint region: Cleanup
[4563.995s][info ][safepoint      ] Leaving safepoint region
[4563.995s][info ][safepoint      ] Total time for which application threads were stopped: 0.0000700 seconds, Stopping threads took: 0.0000144 seconds
[4564.995s][info ][safepoint      ] Application time: 1.0000807 seconds
[4564.995s][info ][safepoint      ] Entering safepoint region: Cleanup
[4564.995s][info ][safepoint      ] Leaving safepoint region
[4564.995s][info ][safepoint      ] Total time for which application threads were stopped: 0.0000714 seconds, Stopping threads took: 0.0000140 seconds
[4565.995s][info ][safepoint      ] Application time: 1.0000712 seconds
[4565.995s][info ][safepoint      ] Entering safepoint region: Cleanup
[4565.995s][info ][safepoint      ] Leaving safepoint region
[4565.995s][info ][safepoint      ] Total time for which application threads were stopped: 0.0000797 seconds, Stopping threads took: 0.0000140 seconds
[4566.995s][info ][safepoint      ] Application time: 1.0000668 seconds
[4566.995s][info ][safepoint      ] Entering safepoint region: Cleanup
[4566.995s][info ][safepoint      ] Leaving safepoint region
[4566.995s][info ][safepoint      ] Total time for which application threads were stopped: 0.0000858 seconds, Stopping threads took: 0.0000302 seconds
[4567.341s][info ][safepoint      ] Application time: 0.3451565 seconds
[4567.341s][info ][safepoint      ] Entering safepoint region: ParallelGCFailedAllocation
[4567.341s][info ][gc,start       ] GC(526) Pause Young (Allocation Failure)
[4567.352s][debug][gc,phases      ] GC(526) Scavenge 11.088ms
[4567.352s][debug][gc,ref         ] GC(526) Skipped phase1 of Reference Processing due to unavailable references
[4567.352s][debug][gc,ref         ] GC(526) Skipped phase2 of Reference Processing due to unavailable references
[4567.352s][debug][gc,ref         ] GC(526) Skipped phase3 of Reference Processing due to unavailable references
[4567.352s][debug][gc,phases      ] GC(526) Reference Processing 0.038ms
[4567.352s][debug][gc,phases      ] GC(526) Weak Processing 0.160ms
[4567.353s][debug][gc,phases      ] GC(526) Scrub String Table 0.489ms
[4567.353s][debug][gc,age         ] GC(526) Desired survivor size 45088768 bytes, new threshold 15 (max threshold 15)
[4567.353s][info ][gc,heap        ] GC(526) PSYoungGen: 2045344K->33840K(2046464K)
[4567.353s][info ][gc,heap        ] GC(526) ParOldGen: 545633K->545757K(735744K)
[4567.353s][info ][gc,metaspace   ] GC(526) Metaspace: 77029K->77029K(1120256K)
[4567.353s][info ][gc             ] GC(526) Pause Young (Allocation Failure) 2530M->566M(2717M) 11.932ms
[4567.353s][info ][gc,cpu         ] GC(526) User=0.05s Sys=0.00s Real=0.01s
[4567.353s][info ][safepoint      ] Leaving safepoint region
[4567.353s][info ][safepoint      ] Total time for which application threads were stopped: 0.0121128 seconds, Stopping threads took: 0.0000167 seconds
[4568.353s][info ][safepoint      ] Application time: 1.0000807 seconds
[4568.353s][info ][safepoint      ] Entering safepoint region: Cleanup
[4568.353s][info ][safepoint      ] Leaving safepoint region
[4568.353s][info ][safepoint      ] Total time for which application threads were stopped: 0.0001344 seconds, Stopping threads took: 0.0000612 seconds
[4569.353s][info ][safepoint      ] Application time: 1.0000792 seconds
[4569.353s][info ][safepoint      ] Entering safepoint region: Cleanup
[4569.353s][info ][safepoint      ] Leaving safepoint region
[4569.353s][info ][safepoint      ] Total time for which application threads were stopped: 0.0001098 seconds, Stopping threads took: 0.0000359 seconds
[4570.353s][info ][safepoint      ] Application time: 1.0000771 seconds
[4570.353s][info ][safepoint      ] Entering safepoint region: Cleanup
[4570.353s][info ][safepoint      ] Leaving safepoint region
[4570.353s][info ][safepoint      ] Total time for which application threads were stopped: 0.0001035 seconds, Stopping threads took: 0.0000323 seconds
[4571.353s][info ][safepoint      ] Application time: 1.0000743 seconds
[4571.354s][info ][safepoint      ] Entering safepoint region: Cleanup
[4571.354s][info ][safepoint      ] Leaving safepoint region
[4571.354s][info ][safepoint      ] Total time for which application threads were stopped: 0.0001073 seconds, Stopping threads took: 0.0000425 seconds
[4572.354s][info ][safepoint      ] Application time: 1.0000788 seconds
[4572.354s][info ][safepoint      ] Entering safepoint region: Cleanup
[4572.354s][info ][safepoint      ] Leaving safepoint region
[4572.354s][info ][safepoint      ] Total time for which application threads were stopped: 0.0001171 seconds, Stopping threads took: 0.0000354 seconds
[4573.354s][info ][safepoint      ] Application time: 1.0000722 seconds
[4573.354s][info ][safepoint      ] Entering safepoint region: Cleanup
[4573.354s][info ][safepoint      ] Leaving safepoint region
[4573.354s][info ][safepoint      ] Total time for which application threads were stopped: 0.0001014 seconds, Stopping threads took: 0.0000418 seconds
[4574.354s][info ][safepoint      ] Application time: 1.0000708 seconds
[4574.354s][info ][safepoint      ] Entering safepoint region: Cleanup
[4574.354s][info ][safepoint      ] Leaving safepoint region
[4574.354s][info ][safepoint      ] Total time for which application threads were stopped: 0.0001110 seconds, Stopping threads took: 0.0000479 seconds
[4575.101s][info ][safepoint      ] Application time: 0.7461933 seconds
[4575.101s][info ][safepoint      ] Entering safepoint region: ParallelGCFailedAllocation
[4575.101s][info ][gc,start       ] GC(527) Pause Young (Allocation Failure)
[4575.112s][debug][gc,phases      ] GC(527) Scavenge 11.149ms
[4575.112s][debug][gc,ref         ] GC(527) Skipped phase1 of Reference Processing due to unavailable references
[4575.112s][debug][gc,ref         ] GC(527) Skipped phase2 of Reference Processing due to unavailable references
[4575.112s][debug][gc,ref         ] GC(527) Skipped phase3 of Reference Processing due to unavailable references
[4575.112s][debug][gc,phases      ] GC(527) Reference Processing 0.039ms
[4575.112s][debug][gc,phases      ] GC(527) Weak Processing 0.154ms
[4575.113s][debug][gc,phases      ] GC(527) Scrub String Table 0.504ms
[4575.113s][debug][gc,age         ] GC(527) Desired survivor size 46137344 bytes, new threshold 15 (max threshold 15)
[4575.113s][info ][gc,heap        ] GC(527) PSYoungGen: 2046000K->34000K(2051072K)
[4575.113s][info ][gc,heap        ] GC(527) ParOldGen: 545757K->547238K(735744K)
[4575.113s][info ][gc,metaspace   ] GC(527) Metaspace: 77029K->77029K(1120256K)
[4575.113s][info ][gc             ] GC(527) Pause Young (Allocation Failure) 2531M->567M(2721M) 12.027ms
[4575.113s][info ][gc,cpu         ] GC(527) User=0.04s Sys=0.00s Real=0.01s
[4575.113s][info ][safepoint      ] Leaving safepoint region
[4575.113s][info ][safepoint      ] Total time for which application threads were stopped: 0.0122491 seconds, Stopping threads took: 0.0000467 seconds
[4576.113s][info ][safepoint      ] Application time: 1.0001045 seconds
[4576.113s][info ][safepoint      ] Entering safepoint region: Cleanup
[4576.113s][info ][safepoint      ] Leaving safepoint region
[4576.113s][info ][safepoint      ] Total time for which application threads were stopped: 0.0000813 seconds, Stopping threads took: 0.0000218 seconds
[4577.113s][info ][safepoint      ] Application time: 1.0000703 seconds
[4577.113s][info ][safepoint      ] Entering safepoint region: Cleanup
[4577.113s][info ][safepoint      ] Leaving safepoint region
[4577.113s][info ][safepoint      ] Total time for which application threads were stopped: 0.0001311 seconds, Stopping threads took: 0.0000441 seconds
[4578.113s][info ][safepoint      ] Application time: 1.0000651 seconds
[4578.113s][info ][safepoint      ] Entering safepoint region: Cleanup
[4578.113s][info ][safepoint      ] Leaving safepoint region
[4578.113s][info ][safepoint      ] Total time for which application threads were stopped: 0.0001267 seconds, Stopping threads took: 0.0000566 seconds
[4578.141s][info ][safepoint      ] Application time: 0.0274382 seconds
[4578.141s][info ][safepoint      ] Entering safepoint region: RevokeBias
[4578.141s][info ][safepoint      ] Leaving safepoint region
[4578.141s][info ][safepoint      ] Total time for which application threads were stopped: 0.0000969 seconds, Stopping threads took: 0.0000172 seconds
[4579.141s][info ][safepoint      ] Application time: 1.0000762 seconds
[4579.141s][info ][safepoint      ] Entering safepoint region: Cleanup
[4579.141s][info ][safepoint      ] Leaving safepoint region
[4579.141s][info ][safepoint      ] Total time for which application threads were stopped: 0.0000819 seconds, Stopping threads took: 0.0000182 seconds
[4580.141s][info ][safepoint      ] Application time: 1.0000723 seconds
[4580.141s][info ][safepoint      ] Entering safepoint region: Cleanup
[4580.141s][info ][safepoint      ] Leaving safepoint region
[4580.141s][info ][safepoint      ] Total time for which application threads were stopped: 0.0000808 seconds, Stopping threads took: 0.0000169 seconds
[4581.141s][info ][safepoint      ] Application time: 1.0000335 seconds
[4581.142s][info ][safepoint      ] Entering safepoint region: Cleanup
[4581.142s][info ][safepoint      ] Leaving safepoint region
[4581.142s][info ][safepoint      ] Total time for which application threads were stopped: 0.0000709 seconds, Stopping threads took: 0.0000169 seconds
[4582.142s][info ][safepoint      ] Application time: 1.0000675 seconds
[4582.142s][info ][safepoint      ] Entering safepoint region: Cleanup
[4582.142s][info ][safepoint      ] Leaving safepoint region
[4582.142s][info ][safepoint      ] Total time for which application threads were stopped: 0.0000853 seconds, Stopping threads took: 0.0000180 seconds
[4582.999s][info ][safepoint      ] Application time: 0.8574864 seconds
[4582.999s][info ][safepoint      ] Entering safepoint region: ParallelGCFailedAllocation
[4583.000s][info ][gc,start       ] GC(528) Pause Young (Allocation Failure)
[4583.010s][debug][gc,phases      ] GC(528) Scavenge 10.449ms
[4583.010s][debug][gc,ref         ] GC(528) Skipped phase1 of Reference Processing due to unavailable references
[4583.010s][debug][gc,ref         ] GC(528) Skipped phase2 of Reference Processing due to unavailable references
[4583.010s][debug][gc,ref         ] GC(528) Skipped phase3 of Reference Processing due to unavailable references
[4583.010s][debug][gc,phases      ] GC(528) Reference Processing 0.045ms
[4583.010s][debug][gc,phases      ] GC(528) Weak Processing 0.142ms
[4583.011s][debug][gc,phases      ] GC(528) Scrub String Table 0.425ms
[4583.011s][debug][gc,age         ] GC(528) Desired survivor size 47185920 bytes, new threshold 15 (max threshold 15)
[4583.011s][info ][gc,heap        ] GC(528) PSYoungGen: 2041040K->34816K(2042368K)
[4583.011s][info ][gc,heap        ] GC(528) ParOldGen: 547238K->547374K(735744K)
[4583.011s][info ][gc,metaspace   ] GC(528) Metaspace: 77043K->77043K(1120256K)
[4583.011s][info ][gc             ] GC(528) Pause Young (Allocation Failure) 2527M->568M(2713M) 11.192ms
[4583.011s][info ][gc,cpu         ] GC(528) User=0.05s Sys=0.00s Real=0.01s
[4583.011s][info ][safepoint      ] Leaving safepoint region
[4583.011s][info ][safepoint      ] Total time for which application threads were stopped: 0.0114469 seconds, Stopping threads took: 0.0001091 seconds
[4584.011s][info ][safepoint      ] Application time: 1.0000854 seconds
[4584.011s][info ][safepoint      ] Entering safepoint region: Cleanup
[4584.011s][info ][safepoint      ] Leaving safepoint region
[4584.011s][info ][safepoint      ] Total time for which application threads were stopped: 0.0001140 seconds, Stopping threads took: 0.0000419 seconds
[4585.011s][info ][safepoint      ] Application time: 1.0000787 seconds
[4585.011s][info ][safepoint      ] Entering safepoint region: Cleanup
[4585.011s][info ][safepoint      ] Leaving safepoint region
[4585.011s][info ][safepoint      ] Total time for which application threads were stopped: 0.0000969 seconds, Stopping threads took: 0.0000334 seconds
[4586.011s][info ][safepoint      ] Application time: 1.0000935 seconds
[4586.011s][info ][safepoint      ] Entering safepoint region: Cleanup
[4586.011s][info ][safepoint      ] Leaving safepoint region
[4586.011s][info ][safepoint      ] Total time for which application threads were stopped: 0.0000979 seconds, Stopping threads took: 0.0000374 seconds
[4587.011s][info ][safepoint      ] Application time: 1.0000404 seconds
[4587.012s][info ][safepoint      ] Entering safepoint region: Cleanup
[4587.012s][info ][safepoint      ] Leaving safepoint region
[4587.012s][info ][safepoint      ] Total time for which application threads were stopped: 0.0000887 seconds, Stopping threads took: 0.0000307 seconds
[4588.012s][info ][safepoint      ] Application time: 1.0000695 seconds
[4588.012s][info ][safepoint      ] Entering safepoint region: Cleanup
[4588.012s][info ][safepoint      ] Leaving safepoint region
[4588.012s][info ][safepoint      ] Total time for which application threads were stopped: 0.0001306 seconds, Stopping threads took: 0.0000445 seconds
[4589.012s][info ][safepoint      ] Application time: 1.0000791 seconds
[4589.012s][info ][safepoint      ] Entering safepoint region: Cleanup
[4589.012s][info ][safepoint      ] Leaving safepoint region
[4589.012s][info ][safepoint      ] Total time for which application threads were stopped: 0.0001220 seconds, Stopping threads took: 0.0000438 seconds
[4590.012s][info ][safepoint      ] Application time: 1.0000691 seconds
[4590.012s][info ][safepoint      ] Entering safepoint region: Cleanup
[4590.012s][info ][safepoint      ] Leaving safepoint region
[4590.012s][info ][safepoint      ] Total time for which application threads were stopped: 0.0001032 seconds, Stopping threads took: 0.0000442 seconds
[4590.950s][info ][safepoint      ] Application time: 0.9374436 seconds
[4590.950s][info ][safepoint      ] Entering safepoint region: ParallelGCFailedAllocation
[4590.950s][info ][gc,start       ] GC(529) Pause Young (Allocation Failure)
[4590.961s][debug][gc,phases      ] GC(529) Scavenge 11.112ms
[4590.961s][debug][gc,ref         ] GC(529) Skipped phase1 of Reference Processing due to unavailable references
[4590.961s][debug][gc,ref         ] GC(529) Skipped phase2 of Reference Processing due to unavailable references
[4590.961s][debug][gc,ref         ] GC(529) Skipped phase3 of Reference Processing due to unavailable references
[4590.961s][debug][gc,phases      ] GC(529) Reference Processing 0.049ms
[4590.961s][debug][gc,phases      ] GC(529) Weak Processing 0.136ms
[4590.962s][debug][gc,phases      ] GC(529) Scrub String Table 0.454ms
[4590.962s][debug][gc,age         ] GC(529) Desired survivor size 48234496 bytes, new threshold 15 (max threshold 15)
[4590.962s][info ][gc,heap        ] GC(529) PSYoungGen: 2041856K->34928K(2049024K)
[4590.962s][info ][gc,heap        ] GC(529) ParOldGen: 547374K->547490K(735744K)
[4590.962s][info ][gc,metaspace   ] GC(529) Metaspace: 77043K->77043K(1120256K)
[4590.962s][info ][gc             ] GC(529) Pause Young (Allocation Failure) 2528M->568M(2719M) 11.875ms
[4590.962s][info ][gc,cpu         ] GC(529) User=0.04s Sys=0.00s Real=0.01s
[4590.962s][info ][safepoint      ] Leaving safepoint region
[4590.962s][info ][safepoint      ] Total time for which application threads were stopped: 0.0121085 seconds, Stopping threads took: 0.0000682 seconds
[4591.962s][info ][safepoint      ] Application time: 1.0000923 seconds
[4591.962s][info ][safepoint      ] Entering safepoint region: Cleanup
[4591.962s][info ][safepoint      ] Leaving safepoint region
[4591.962s][info ][safepoint      ] Total time for which application threads were stopped: 0.0001048 seconds, Stopping threads took: 0.0000357 seconds
[4592.962s][info ][safepoint      ] Application time: 1.0000728 seconds
[4592.962s][info ][safepoint      ] Entering safepoint region: Cleanup
[4592.962s][info ][safepoint      ] Leaving safepoint region
[4592.962s][info ][safepoint      ] Total time for which application threads were stopped: 0.0001162 seconds, Stopping threads took: 0.0000494 seconds
[4593.962s][info ][safepoint      ] Application time: 1.0000808 seconds
[4593.962s][info ][safepoint      ] Entering safepoint region: Cleanup
[4593.963s][info ][safepoint      ] Leaving safepoint region
[4593.963s][info ][safepoint      ] Total time for which application threads were stopped: 0.0000990 seconds, Stopping threads took: 0.0000353 seconds
[4594.963s][info ][safepoint      ] Application time: 1.0000799 seconds
[4594.963s][info ][safepoint      ] Entering safepoint region: Cleanup
[4594.963s][info ][safepoint      ] Leaving safepoint region
[4594.963s][info ][safepoint      ] Total time for which application threads were stopped: 0.0000915 seconds, Stopping threads took: 0.0000355 seconds
[4595.963s][info ][safepoint      ] Application time: 1.0000750 seconds
[4595.963s][info ][safepoint      ] Entering safepoint region: Cleanup
[4595.963s][info ][safepoint      ] Leaving safepoint region
[4595.963s][info ][safepoint      ] Total time for which application threads were stopped: 0.0001104 seconds, Stopping threads took: 0.0000494 seconds
[4596.963s][info ][safepoint      ] Application time: 1.0000730 seconds
[4596.963s][info ][safepoint      ] Entering safepoint region: Cleanup
[4596.963s][info ][safepoint      ] Leaving safepoint region
[4596.963s][info ][safepoint      ] Total time for which application threads were stopped: 0.0000890 seconds, Stopping threads took: 0.0000324 seconds
[4597.963s][info ][safepoint      ] Application time: 1.0000753 seconds
[4597.963s][info ][safepoint      ] Entering safepoint region: Cleanup
[4597.963s][info ][safepoint      ] Leaving safepoint region
[4597.963s][info ][safepoint      ] Total time for which application threads were stopped: 0.0001127 seconds, Stopping threads took: 0.0000494 seconds
[4598.600s][info ][safepoint      ] Application time: 0.6363362 seconds
[4598.600s][info ][safepoint      ] Entering safepoint region: ParallelGCFailedAllocation
[4598.600s][info ][gc,start       ] GC(530) Pause Young (Allocation Failure)
[4598.610s][debug][gc,phases      ] GC(530) Scavenge 10.105ms
[4598.610s][debug][gc,ref         ] GC(530) Skipped phase1 of Reference Processing due to unavailable references
[4598.610s][debug][gc,ref         ] GC(530) Skipped phase2 of Reference Processing due to unavailable references
[4598.610s][debug][gc,ref         ] GC(530) Skipped phase3 of Reference Processing due to unavailable references
[4598.610s][debug][gc,phases      ] GC(530) Reference Processing 0.028ms
[4598.610s][debug][gc,phases      ] GC(530) Weak Processing 0.140ms
[4598.611s][debug][gc,phases      ] GC(530) Scrub String Table 0.486ms
[4598.611s][debug][gc,age         ] GC(530) Desired survivor size 47710208 bytes, new threshold 15 (max threshold 15)
[4598.611s][info ][gc,heap        ] GC(530) PSYoungGen: 2037872K->32864K(2050048K)
[4598.611s][info ][gc,heap        ] GC(530) ParOldGen: 547490K->550238K(735744K)
[4598.611s][info ][gc,metaspace   ] GC(530) Metaspace: 77047K->77047K(1120256K)
[4598.611s][info ][gc             ] GC(530) Pause Young (Allocation Failure) 2524M->569M(2720M) 10.929ms
[4598.611s][info ][gc,cpu         ] GC(530) User=0.04s Sys=0.00s Real=0.01s
[4598.611s][info ][safepoint      ] Leaving safepoint region
[4598.611s][info ][safepoint      ] Total time for which application threads were stopped: 0.0111651 seconds, Stopping threads took: 0.0000486 seconds
[4599.611s][info ][safepoint      ] Application time: 1.0000915 seconds
[4599.611s][info ][safepoint      ] Entering safepoint region: Cleanup
[4599.611s][info ][safepoint      ] Leaving safepoint region
[4599.611s][info ][safepoint      ] Total time for which application threads were stopped: 0.0001048 seconds, Stopping threads took: 0.0000355 seconds
[4600.611s][info ][safepoint      ] Application time: 1.0000834 seconds
[4600.611s][info ][safepoint      ] Entering safepoint region: Cleanup
[4600.611s][info ][safepoint      ] Leaving safepoint region
[4600.611s][info ][safepoint      ] Total time for which application threads were stopped: 0.0001165 seconds, Stopping threads took: 0.0000546 seconds
[4601.612s][info ][safepoint      ] Application time: 1.0000777 seconds
[4601.612s][info ][safepoint      ] Entering safepoint region: Cleanup
[4601.612s][info ][safepoint      ] Leaving safepoint region
[4601.612s][info ][safepoint      ] Total time for which application threads were stopped: 0.0000964 seconds, Stopping threads took: 0.0000325 seconds
[4602.612s][info ][safepoint      ] Application time: 1.0000811 seconds
[4602.612s][info ][safepoint      ] Entering safepoint region: Cleanup
[4602.612s][info ][safepoint      ] Leaving safepoint region
[4602.612s][info ][safepoint      ] Total time for which application threads were stopped: 0.0001024 seconds, Stopping threads took: 0.0000384 seconds
[4603.612s][info ][safepoint      ] Application time: 1.0000865 seconds
[4603.612s][info ][safepoint      ] Entering safepoint region: Cleanup
[4603.612s][info ][safepoint      ] Leaving safepoint region
[4603.612s][info ][safepoint      ] Total time for which application threads were stopped: 0.0000994 seconds, Stopping threads took: 0.0000336 seconds
[4604.612s][info ][safepoint      ] Application time: 1.0000897 seconds
[4604.612s][info ][safepoint      ] Entering safepoint region: Cleanup
[4604.612s][info ][safepoint      ] Leaving safepoint region
[4604.612s][info ][safepoint      ] Total time for which application threads were stopped: 0.0001270 seconds, Stopping threads took: 0.0000447 seconds
[4605.613s][info ][safepoint      ] Application time: 1.0000805 seconds
[4605.613s][info ][safepoint      ] Entering safepoint region: Cleanup
[4605.613s][info ][safepoint      ] Leaving safepoint region
[4605.613s][info ][safepoint      ] Total time for which application threads were stopped: 0.0001274 seconds, Stopping threads took: 0.0000366 seconds
[4606.013s][info ][safepoint      ] Application time: 0.4007696 seconds
[4606.013s][info ][safepoint      ] Entering safepoint region: ParallelGCFailedAllocation
[4606.014s][info ][gc,start       ] GC(531) Pause Young (Allocation Failure)
[4606.023s][debug][gc,phases      ] GC(531) Scavenge 9.629ms
[4606.023s][debug][gc,ref         ] GC(531) Skipped phase1 of Reference Processing due to unavailable references
[4606.023s][debug][gc,ref         ] GC(531) Skipped phase2 of Reference Processing due to unavailable references
[4606.023s][debug][gc,ref         ] GC(531) Skipped phase3 of Reference Processing due to unavailable references
[4606.023s][debug][gc,phases      ] GC(531) Reference Processing 0.031ms
[4606.024s][debug][gc,phases      ] GC(531) Weak Processing 0.185ms
[4606.024s][debug][gc,phases      ] GC(531) Scrub String Table 0.503ms
[4606.024s][debug][gc,age         ] GC(531) Desired survivor size 48234496 bytes, new threshold 15 (max threshold 15)
[4606.024s][info ][gc,heap        ] GC(531) PSYoungGen: 2035808K->34448K(2049536K)
[4606.024s][info ][gc,heap        ] GC(531) ParOldGen: 550238K->550294K(735744K)
[4606.024s][info ][gc,metaspace   ] GC(531) Metaspace: 77047K->77047K(1120256K)
[4606.024s][info ][gc             ] GC(531) Pause Young (Allocation Failure) 2525M->571M(2720M) 10.483ms
[4606.024s][info ][gc,cpu         ] GC(531) User=0.04s Sys=0.00s Real=0.01s
[4606.024s][info ][safepoint      ] Leaving safepoint region
[4606.024s][info ][safepoint      ] Total time for which application threads were stopped: 0.0106497 seconds, Stopping threads took: 0.0000123 seconds
[4607.024s][info ][safepoint      ] Application time: 1.0000875 seconds
[4607.024s][info ][safepoint      ] Entering safepoint region: Cleanup
[4607.024s][info ][safepoint      ] Leaving safepoint region
[4607.024s][info ][safepoint      ] Total time for which application threads were stopped: 0.0001032 seconds, Stopping threads took: 0.0000397 seconds
[4608.024s][info ][safepoint      ] Application time: 1.0000778 seconds
[4608.025s][info ][safepoint      ] Entering safepoint region: Cleanup
[4608.025s][info ][safepoint      ] Leaving safepoint region
[4608.025s][info ][safepoint      ] Total time for which application threads were stopped: 0.0001073 seconds, Stopping threads took: 0.0000498 seconds
[4609.025s][info ][safepoint      ] Application time: 1.0000833 seconds
[4609.025s][info ][safepoint      ] Entering safepoint region: Cleanup
[4609.025s][info ][safepoint      ] Leaving safepoint region
[4609.025s][info ][safepoint      ] Total time for which application threads were stopped: 0.0001072 seconds, Stopping threads took: 0.0000327 seconds
[4610.025s][info ][safepoint      ] Application time: 1.0000724 seconds
[4610.025s][info ][safepoint      ] Entering safepoint region: Cleanup
[4610.025s][info ][safepoint      ] Leaving safepoint region
[4610.025s][info ][safepoint      ] Total time for which application threads were stopped: 0.0000929 seconds, Stopping threads took: 0.0000312 seconds
[4611.025s][info ][safepoint      ] Application time: 1.0000730 seconds
[4611.025s][info ][safepoint      ] Entering safepoint region: Cleanup
[4611.025s][info ][safepoint      ] Leaving safepoint region
[4611.025s][info ][safepoint      ] Total time for which application threads were stopped: 0.0001172 seconds, Stopping threads took: 0.0000501 seconds
[4612.025s][info ][safepoint      ] Application time: 1.0000715 seconds
[4612.025s][info ][safepoint      ] Entering safepoint region: Cleanup
[4612.026s][info ][safepoint      ] Leaving safepoint region
[4612.026s][info ][safepoint      ] Total time for which application threads were stopped: 0.0001320 seconds, Stopping threads took: 0.0000525 seconds
[4612.829s][info ][safepoint      ] Application time: 0.8037707 seconds
[4612.829s][info ][safepoint      ] Entering safepoint region: ParallelGCFailedAllocation
[4612.830s][info ][gc,start       ] GC(532) Pause Young (Allocation Failure)
[4612.841s][debug][gc,phases      ] GC(532) Scavenge 11.332ms
[4612.841s][debug][gc,ref         ] GC(532) Skipped phase1 of Reference Processing due to unavailable references
[4612.841s][debug][gc,ref         ] GC(532) Skipped phase2 of Reference Processing due to unavailable references
[4612.841s][debug][gc,ref         ] GC(532) Skipped phase3 of Reference Processing due to unavailable references
[4612.841s][debug][gc,phases      ] GC(532) Reference Processing 0.030ms
[4612.841s][debug][gc,phases      ] GC(532) Weak Processing 0.144ms
[4612.842s][debug][gc,phases      ] GC(532) Scrub String Table 0.453ms
[4612.842s][debug][gc,age         ] GC(532) Desired survivor size 49807360 bytes, new threshold 15 (max threshold 15)
[4612.842s][info ][gc,heap        ] GC(532) PSYoungGen: 2037392K->38672K(2041856K)
[4612.842s][info ][gc,heap        ] GC(532) ParOldGen: 550294K->550450K(735744K)
[4612.842s][info ][gc,metaspace   ] GC(532) Metaspace: 77048K->77048K(1120256K)
[4612.842s][info ][gc             ] GC(532) Pause Young (Allocation Failure) 2527M->575M(2712M) 12.117ms
[4612.842s][info ][gc,cpu         ] GC(532) User=0.04s Sys=0.00s Real=0.01s
[4612.842s][info ][safepoint      ] Leaving safepoint region
[4612.842s][info ][safepoint      ] Total time for which application threads were stopped: 0.0123267 seconds, Stopping threads took: 0.0000351 seconds
[4613.853s][info ][safepoint      ] Application time: 1.0111933 seconds
[4613.853s][info ][safepoint      ] Entering safepoint region: Cleanup
[4613.853s][info ][safepoint      ] Leaving safepoint region
[4613.853s][info ][safepoint      ] Total time for which application threads were stopped: 0.0001238 seconds, Stopping threads took: 0.0000512 seconds
[4614.853s][info ][safepoint      ] Application time: 1.0000732 seconds
[4614.853s][info ][safepoint      ] Entering safepoint region: Cleanup
[4614.853s][info ][safepoint      ] Leaving safepoint region
[4614.853s][info ][safepoint      ] Total time for which application threads were stopped: 0.0001124 seconds, Stopping threads took: 0.0000440 seconds
[4615.853s][info ][safepoint      ] Application time: 1.0000736 seconds
[4615.853s][info ][safepoint      ] Entering safepoint region: Cleanup
[4615.853s][info ][safepoint      ] Leaving safepoint region
[4615.854s][info ][safepoint      ] Total time for which application threads were stopped: 0.0001075 seconds, Stopping threads took: 0.0000349 seconds
[4616.854s][info ][safepoint      ] Application time: 1.0000780 seconds
[4616.854s][info ][safepoint      ] Entering safepoint region: Cleanup
[4616.854s][info ][safepoint      ] Leaving safepoint region
[4616.854s][info ][safepoint      ] Total time for which application threads were stopped: 0.0001073 seconds, Stopping threads took: 0.0000367 seconds
[4617.854s][info ][safepoint      ] Application time: 1.0000719 seconds
[4617.854s][info ][safepoint      ] Entering safepoint region: Cleanup
[4617.854s][info ][safepoint      ] Leaving safepoint region
[4617.854s][info ][safepoint      ] Total time for which application threads were stopped: 0.0001142 seconds, Stopping threads took: 0.0000459 seconds
[4618.854s][info ][safepoint      ] Application time: 1.0000793 seconds
[4618.854s][info ][safepoint      ] Entering safepoint region: Cleanup
[4618.854s][info ][safepoint      ] Leaving safepoint region
[4618.854s][info ][safepoint      ] Total time for which application threads were stopped: 0.0001105 seconds, Stopping threads took: 0.0000383 seconds
[4619.465s][info ][safepoint      ] Application time: 0.6112461 seconds
[4619.465s][info ][safepoint      ] Entering safepoint region: ParallelGCFailedAllocation
[4619.466s][info ][gc,start       ] GC(533) Pause Young (Allocation Failure)
[4619.478s][debug][gc,phases      ] GC(533) Scavenge 12.617ms
[4619.478s][debug][gc,ref         ] GC(533) Skipped phase1 of Reference Processing due to unavailable references
[4619.478s][debug][gc,ref         ] GC(533) Skipped phase2 of Reference Processing due to unavailable references
[4619.478s][debug][gc,ref         ] GC(533) Skipped phase3 of Reference Processing due to unavailable references
[4619.478s][debug][gc,phases      ] GC(533) Reference Processing 0.056ms
[4619.479s][debug][gc,phases      ] GC(533) Weak Processing 0.185ms
[4619.479s][debug][gc,phases      ] GC(533) Scrub String Table 0.563ms
[4619.479s][debug][gc,age         ] GC(533) Desired survivor size 51380224 bytes, new threshold 15 (max threshold 15)
[4619.479s][info ][gc,heap        ] GC(533) PSYoungGen: 2041616K->39520K(2045440K)
[4619.479s][info ][gc,heap        ] GC(533) ParOldGen: 550450K->554824K(735744K)
[4619.479s][info ][gc,metaspace   ] GC(533) Metaspace: 77048K->77048K(1120256K)
[4619.479s][info ][gc             ] GC(533) Pause Young (Allocation Failure) 2531M->580M(2716M) 13.585ms
[4619.479s][info ][gc,cpu         ] GC(533) User=0.05s Sys=0.00s Real=0.02s
[4619.479s][info ][safepoint      ] Leaving safepoint region
[4619.479s][info ][safepoint      ] Total time for which application threads were stopped: 0.0137768 seconds, Stopping threads took: 0.0000120 seconds
[4620.479s][info ][safepoint      ] Application time: 1.0000818 seconds
[4620.479s][info ][safepoint      ] Entering safepoint region: Cleanup
[4620.479s][info ][safepoint      ] Leaving safepoint region
[4620.479s][info ][safepoint      ] Total time for which application threads were stopped: 0.0000928 seconds, Stopping threads took: 0.0000346 seconds
[4621.480s][info ][safepoint      ] Application time: 1.0000817 seconds
[4621.480s][info ][safepoint      ] Entering safepoint region: Cleanup
[4621.480s][info ][safepoint      ] Leaving safepoint region
[4621.480s][info ][safepoint      ] Total time for which application threads were stopped: 0.0001075 seconds, Stopping threads took: 0.0000368 seconds
[4622.480s][info ][safepoint      ] Application time: 1.0000822 seconds
[4622.480s][info ][safepoint      ] Entering safepoint region: Cleanup
[4622.480s][info ][safepoint      ] Leaving safepoint region
[4622.480s][info ][safepoint      ] Total time for which application threads were stopped: 0.0001194 seconds, Stopping threads took: 0.0000496 seconds
[4623.480s][info ][safepoint      ] Application time: 1.0000819 seconds
[4623.480s][info ][safepoint      ] Entering safepoint region: Cleanup
[4623.480s][info ][safepoint      ] Leaving safepoint region
[4623.480s][info ][safepoint      ] Total time for which application threads were stopped: 0.0001268 seconds, Stopping threads took: 0.0000434 seconds
[4623.562s][info ][safepoint      ] Application time: 0.0821734 seconds
[4623.562s][info ][safepoint      ] Entering safepoint region: RevokeBias
[4623.563s][info ][safepoint      ] Leaving safepoint region
[4623.563s][info ][safepoint      ] Total time for which application threads were stopped: 0.0001120 seconds, Stopping threads took: 0.0000294 seconds
[4626.150s][info ][safepoint      ] Application time: 2.5877234 seconds
[4626.150s][info ][safepoint      ] Entering safepoint region: ParallelGCFailedAllocation
[4626.150s][info ][gc,start       ] GC(534) Pause Young (Allocation Failure)
[4626.163s][debug][gc,phases      ] GC(534) Scavenge 12.184ms
[4626.163s][debug][gc,ref         ] GC(534) Skipped phase1 of Reference Processing due to unavailable references
[4626.163s][debug][gc,ref         ] GC(534) Skipped phase2 of Reference Processing due to unavailable references
[4626.163s][debug][gc,ref         ] GC(534) Skipped phase3 of Reference Processing due to unavailable references
[4626.163s][debug][gc,ref         ] GC(534) Skipped phase4 of Reference Processing due to unavailable references
[4626.163s][debug][gc,phases      ] GC(534) Reference Processing 0.028ms
[4626.163s][debug][gc,phases      ] GC(534) Weak Processing 0.142ms
[4626.163s][debug][gc,phases      ] GC(534) Scrub String Table 0.437ms
[4626.163s][debug][gc,age         ] GC(534) Desired survivor size 52953088 bytes, new threshold 15 (max threshold 15)
[4626.163s][info ][gc,heap        ] GC(534) PSYoungGen: 2036320K->40064K(2037248K)
[4626.163s][info ][gc,heap        ] GC(534) ParOldGen: 554824K->556292K(735744K)
[4626.163s][info ][gc,metaspace   ] GC(534) Metaspace: 77048K->77048K(1120256K)
[4626.163s][info ][gc             ] GC(534) Pause Young (Allocation Failure) 2530M->582M(2708M) 12.932ms
[4626.163s][info ][gc,cpu         ] GC(534) User=0.05s Sys=0.00s Real=0.01s
[4626.163s][info ][safepoint      ] Leaving safepoint region
[4626.163s][info ][safepoint      ] Total time for which application threads were stopped: 0.0131344 seconds, Stopping threads took: 0.0000345 seconds
[4627.164s][info ][safepoint      ] Application time: 1.0000830 seconds
[4627.164s][info ][safepoint      ] Entering safepoint region: Cleanup
[4627.164s][info ][safepoint      ] Leaving safepoint region
[4627.164s][info ][safepoint      ] Total time for which application threads were stopped: 0.0001156 seconds, Stopping threads took: 0.0000559 seconds
[4629.164s][info ][safepoint      ] Application time: 2.0001574 seconds
[4629.164s][info ][safepoint      ] Entering safepoint region: Cleanup
[4629.164s][info ][safepoint      ] Leaving safepoint region
[4629.164s][info ][safepoint      ] Total time for which application threads were stopped: 0.0000952 seconds, Stopping threads took: 0.0000327 seconds
[4630.164s][info ][safepoint      ] Application time: 1.0000715 seconds
[4630.164s][info ][safepoint      ] Entering safepoint region: Cleanup
[4630.164s][info ][safepoint      ] Leaving safepoint region
[4630.164s][info ][safepoint      ] Total time for which application threads were stopped: 0.0000971 seconds, Stopping threads took: 0.0000434 seconds
[4631.164s][info ][safepoint      ] Application time: 1.0000775 seconds
[4631.164s][info ][safepoint      ] Entering safepoint region: Cleanup
[4631.164s][info ][safepoint      ] Leaving safepoint region
[4631.164s][info ][safepoint      ] Total time for which application threads were stopped: 0.0001018 seconds, Stopping threads took: 0.0000464 seconds
[4632.165s][info ][safepoint      ] Application time: 1.0000757 seconds
[4632.165s][info ][safepoint      ] Entering safepoint region: Cleanup
[4632.165s][info ][safepoint      ] Leaving safepoint region
[4632.165s][info ][safepoint      ] Total time for which application threads were stopped: 0.0001078 seconds, Stopping threads took: 0.0000499 seconds
[4632.622s][info ][safepoint      ] Application time: 0.4570149 seconds
[4632.622s][info ][safepoint      ] Entering safepoint region: ParallelGCFailedAllocation
[4632.622s][info ][gc,start       ] GC(535) Pause Young (Allocation Failure)
[4632.634s][debug][gc,phases      ] GC(535) Scavenge 12.044ms
[4632.634s][debug][gc,ref         ] GC(535) Skipped phase1 of Reference Processing due to unavailable references
[4632.634s][debug][gc,ref         ] GC(535) Skipped phase2 of Reference Processing due to unavailable references
[4632.634s][debug][gc,ref         ] GC(535) Skipped phase3 of Reference Processing due to unavailable references
[4632.634s][debug][gc,ref         ] GC(535) Skipped phase4 of Reference Processing due to unavailable references
[4632.634s][debug][gc,phases      ] GC(535) Reference Processing 0.038ms
[4632.634s][debug][gc,phases      ] GC(535) Weak Processing 0.161ms
[4632.635s][debug][gc,phases      ] GC(535) Scrub String Table 0.435ms
[4632.635s][debug][gc,age         ] GC(535) Desired survivor size 54001664 bytes, new threshold 15 (max threshold 15)
[4632.635s][info ][gc,heap        ] GC(535) PSYoungGen: 2036864K->40560K(2043392K)
[4632.635s][info ][gc,heap        ] GC(535) ParOldGen: 556292K->557740K(735744K)
[4632.635s][info ][gc,metaspace   ] GC(535) Metaspace: 77052K->77052K(1120256K)
[4632.635s][info ][gc             ] GC(535) Pause Young (Allocation Failure) 2532M->584M(2714M) 12.827ms
[4632.635s][info ][gc,cpu         ] GC(535) User=0.05s Sys=0.00s Real=0.01s
[4632.635s][info ][safepoint      ] Leaving safepoint region
[4632.635s][info ][safepoint      ] Total time for which application threads were stopped: 0.0129837 seconds, Stopping threads took: 0.0000130 seconds
[4633.635s][info ][safepoint      ] Application time: 1.0000754 seconds
[4633.635s][info ][safepoint      ] Entering safepoint region: Cleanup
[4633.635s][info ][safepoint      ] Leaving safepoint region
[4633.635s][info ][safepoint      ] Total time for which application threads were stopped: 0.0000662 seconds, Stopping threads took: 0.0000146 seconds
[4634.635s][info ][safepoint      ] Application time: 1.0000735 seconds
[4634.635s][info ][safepoint      ] Entering safepoint region: Cleanup
[4634.635s][info ][safepoint      ] Leaving safepoint region
[4634.635s][info ][safepoint      ] Total time for which application threads were stopped: 0.0001072 seconds, Stopping threads took: 0.0000362 seconds
[4635.635s][info ][safepoint      ] Application time: 1.0000882 seconds
[4635.635s][info ][safepoint      ] Entering safepoint region: Cleanup
[4635.635s][info ][safepoint      ] Leaving safepoint region
[4635.635s][info ][safepoint      ] Total time for which application threads were stopped: 0.0001087 seconds, Stopping threads took: 0.0000471 seconds
[4636.635s][info ][safepoint      ] Application time: 1.0000733 seconds
[4636.636s][info ][safepoint      ] Entering safepoint region: Cleanup
[4636.636s][info ][safepoint      ] Leaving safepoint region
[4636.636s][info ][safepoint      ] Total time for which application threads were stopped: 0.0000966 seconds, Stopping threads took: 0.0000356 seconds
[4637.636s][info ][safepoint      ] Application time: 1.0000535 seconds
[4637.636s][info ][safepoint      ] Entering safepoint region: Cleanup
[4637.636s][info ][safepoint      ] Leaving safepoint region
[4637.636s][info ][safepoint      ] Total time for which application threads were stopped: 0.0000737 seconds, Stopping threads took: 0.0000156 seconds
[4638.636s][info ][safepoint      ] Application time: 1.0000745 seconds
[4638.636s][info ][safepoint      ] Entering safepoint region: Cleanup
[4638.636s][info ][safepoint      ] Leaving safepoint region
[4638.636s][info ][safepoint      ] Total time for which application threads were stopped: 0.0000897 seconds, Stopping threads took: 0.0000144 seconds
[4638.967s][info ][safepoint      ] Application time: 0.3305324 seconds
[4638.967s][info ][safepoint      ] Entering safepoint region: ParallelGCFailedAllocation
[4638.967s][info ][gc,start       ] GC(536) Pause Young (Allocation Failure)
[4638.978s][debug][gc,phases      ] GC(536) Scavenge 10.923ms
[4638.978s][debug][gc,ref         ] GC(536) Skipped phase1 of Reference Processing due to unavailable references
[4638.978s][debug][gc,ref         ] GC(536) Skipped phase2 of Reference Processing due to unavailable references
[4638.978s][debug][gc,ref         ] GC(536) Skipped phase3 of Reference Processing due to unavailable references
[4638.978s][debug][gc,ref         ] GC(536) Skipped phase4 of Reference Processing due to unavailable references
[4638.978s][debug][gc,phases      ] GC(536) Reference Processing 0.028ms
[4638.978s][debug][gc,phases      ] GC(536) Weak Processing 0.128ms
[4638.978s][debug][gc,phases      ] GC(536) Scrub String Table 0.471ms
[4638.978s][debug][gc,age         ] GC(536) Desired survivor size 54525952 bytes, new threshold 15 (max threshold 15)
[4638.978s][info ][gc,heap        ] GC(536) PSYoungGen: 2032240K->40176K(2032128K)
[4638.978s][info ][gc,heap        ] GC(536) ParOldGen: 557740K->560381K(735744K)
[4638.978s][info ][gc,metaspace   ] GC(536) Metaspace: 77053K->77053K(1120256K)
[4638.978s][info ][gc             ] GC(536) Pause Young (Allocation Failure) 2529M->586M(2703M) 11.683ms
[4638.978s][info ][gc,cpu         ] GC(536) User=0.04s Sys=0.00s Real=0.02s
[4638.978s][info ][safepoint      ] Leaving safepoint region
[4638.978s][info ][safepoint      ] Total time for which application threads were stopped: 0.0118696 seconds, Stopping threads took: 0.0000289 seconds
[4639.979s][info ][safepoint      ] Application time: 1.0000789 seconds
[4639.979s][info ][safepoint      ] Entering safepoint region: Cleanup
[4639.979s][info ][safepoint      ] Leaving safepoint region
[4639.979s][info ][safepoint      ] Total time for which application threads were stopped: 0.0000975 seconds, Stopping threads took: 0.0000357 seconds
[4640.979s][info ][safepoint      ] Application time: 1.0000935 seconds
[4640.979s][info ][safepoint      ] Entering safepoint region: Cleanup
[4640.979s][info ][safepoint      ] Leaving safepoint region
[4640.979s][info ][safepoint      ] Total time for which application threads were stopped: 0.0000985 seconds, Stopping threads took: 0.0000365 seconds
[4641.979s][info ][safepoint      ] Application time: 1.0000750 seconds
[4641.979s][info ][safepoint      ] Entering safepoint region: Cleanup
[4641.979s][info ][safepoint      ] Leaving safepoint region
[4641.979s][info ][safepoint      ] Total time for which application threads were stopped: 0.0001023 seconds, Stopping threads took: 0.0000432 seconds
[4642.979s][info ][safepoint      ] Application time: 1.0000722 seconds
[4642.979s][info ][safepoint      ] Entering safepoint region: Cleanup
[4642.979s][info ][safepoint      ] Leaving safepoint region
[4642.979s][info ][safepoint      ] Total time for which application threads were stopped: 0.0001198 seconds, Stopping threads took: 0.0000594 seconds
[4643.979s][info ][safepoint      ] Application time: 1.0000662 seconds
[4643.980s][info ][safepoint      ] Entering safepoint region: Cleanup
[4643.980s][info ][safepoint      ] Leaving safepoint region
[4643.980s][info ][safepoint      ] Total time for which application threads were stopped: 0.0001466 seconds, Stopping threads took: 0.0000716 seconds
[4644.980s][info ][safepoint      ] Application time: 1.0000801 seconds
[4644.980s][info ][safepoint      ] Entering safepoint region: Cleanup
[4644.980s][info ][safepoint      ] Leaving safepoint region
[4644.980s][info ][safepoint      ] Total time for which application threads were stopped: 0.0001057 seconds, Stopping threads took: 0.0000429 seconds
[4645.459s][info ][safepoint      ] Application time: 0.4793090 seconds
[4645.459s][info ][safepoint      ] Entering safepoint region: ParallelGCFailedAllocation
[4645.459s][info ][gc,start       ] GC(537) Pause Young (Allocation Failure)
[4645.471s][debug][gc,phases      ] GC(537) Scavenge 11.444ms
[4645.471s][debug][gc,ref         ] GC(537) Skipped phase1 of Reference Processing due to unavailable references
[4645.471s][debug][gc,ref         ] GC(537) Skipped phase2 of Reference Processing due to unavailable references
[4645.471s][debug][gc,ref         ] GC(537) Skipped phase3 of Reference Processing due to unavailable references
[4645.471s][debug][gc,ref         ] GC(537) Skipped phase4 of Reference Processing due to unavailable references
[4645.471s][debug][gc,phases      ] GC(537) Reference Processing 0.028ms
[4645.471s][debug][gc,phases      ] GC(537) Weak Processing 0.138ms
[4645.471s][debug][gc,phases      ] GC(537) Scrub String Table 0.452ms
[4645.471s][debug][gc,age         ] GC(537) Desired survivor size 54001664 bytes, new threshold 15 (max threshold 15)
[4645.471s][info ][gc,heap        ] GC(537) PSYoungGen: 2031856K->37200K(2044416K)
[4645.471s][info ][gc,heap        ] GC(537) ParOldGen: 560381K->563910K(735744K)
[4645.471s][info ][gc,metaspace   ] GC(537) Metaspace: 77056K->77056K(1120256K)
[4645.471s][info ][gc             ] GC(537) Pause Young (Allocation Failure) 2531M->587M(2715M) 12.191ms
[4645.471s][info ][gc,cpu         ] GC(537) User=0.05s Sys=0.00s Real=0.01s
[4645.472s][info ][safepoint      ] Leaving safepoint region
[4645.472s][info ][safepoint      ] Total time for which application threads were stopped: 0.0123392 seconds, Stopping threads took: 0.0000110 seconds
[4646.472s][info ][safepoint      ] Application time: 1.0000778 seconds
[4646.472s][info ][safepoint      ] Entering safepoint region: Cleanup
[4646.472s][info ][safepoint      ] Leaving safepoint region
[4646.472s][info ][safepoint      ] Total time for which application threads were stopped: 0.0000949 seconds, Stopping threads took: 0.0000317 seconds
[4647.472s][info ][safepoint      ] Application time: 1.0000554 seconds
[4647.472s][info ][safepoint      ] Entering safepoint region: Cleanup
[4647.472s][info ][safepoint      ] Leaving safepoint region
[4647.472s][info ][safepoint      ] Total time for which application threads were stopped: 0.0001176 seconds, Stopping threads took: 0.0000559 seconds
[4648.472s][info ][safepoint      ] Application time: 1.0000702 seconds
[4648.472s][info ][safepoint      ] Entering safepoint region: Cleanup
[4648.472s][info ][safepoint      ] Leaving safepoint region
[4648.472s][info ][safepoint      ] Total time for which application threads were stopped: 0.0001034 seconds, Stopping threads took: 0.0000336 seconds
[4649.472s][info ][safepoint      ] Application time: 1.0000710 seconds
[4649.472s][info ][safepoint      ] Entering safepoint region: Cleanup
[4649.472s][info ][safepoint      ] Leaving safepoint region
[4649.472s][info ][safepoint      ] Total time for which application threads were stopped: 0.0001016 seconds, Stopping threads took: 0.0000436 seconds
[4650.472s][info ][safepoint      ] Application time: 1.0000739 seconds
[4650.473s][info ][safepoint      ] Entering safepoint region: Cleanup
[4650.473s][info ][safepoint      ] Leaving safepoint region
[4650.473s][info ][safepoint      ] Total time for which application threads were stopped: 0.0000948 seconds, Stopping threads took: 0.0000357 seconds
[4651.473s][info ][safepoint      ] Application time: 1.0000699 seconds
[4651.473s][info ][safepoint      ] Entering safepoint region: Cleanup
[4651.473s][info ][safepoint      ] Leaving safepoint region
[4651.473s][info ][safepoint      ] Total time for which application threads were stopped: 0.0001197 seconds, Stopping threads took: 0.0000298 seconds
[4651.901s][info ][safepoint      ] Application time: 0.4278620 seconds
[4651.901s][info ][safepoint      ] Entering safepoint region: ParallelGCFailedAllocation
[4651.901s][info ][gc,start       ] GC(538) Pause Young (Allocation Failure)
[4651.911s][debug][gc,phases      ] GC(538) Scavenge 9.952ms
[4651.911s][debug][gc,ref         ] GC(538) Skipped phase1 of Reference Processing due to unavailable references
[4651.911s][debug][gc,ref         ] GC(538) Skipped phase2 of Reference Processing due to unavailable references
[4651.911s][debug][gc,ref         ] GC(538) Skipped phase3 of Reference Processing due to unavailable references
[4651.911s][debug][gc,ref         ] GC(538) Skipped phase4 of Reference Processing due to unavailable references
[4651.911s][debug][gc,phases      ] GC(538) Reference Processing 0.062ms
[4651.911s][debug][gc,phases      ] GC(538) Weak Processing 0.142ms
[4651.912s][debug][gc,phases      ] GC(538) Scrub String Table 0.471ms
[4651.912s][debug][gc,age         ] GC(538) Desired survivor size 51904512 bytes, new threshold 15 (max threshold 15)
[4651.912s][info ][gc,heap        ] GC(538) PSYoungGen: 2028368K->33904K(2043904K)
[4651.912s][info ][gc,heap        ] GC(538) ParOldGen: 563910K->567570K(735744K)
[4651.912s][info ][gc,metaspace   ] GC(538) Metaspace: 77056K->77056K(1120256K)
[4651.912s][info ][gc             ] GC(538) Pause Young (Allocation Failure) 2531M->587M(2714M) 10.775ms
[4651.912s][info ][gc,cpu         ] GC(538) User=0.04s Sys=0.00s Real=0.01s
[4651.912s][info ][safepoint      ] Leaving safepoint region
[4651.912s][info ][safepoint      ] Total time for which application threads were stopped: 0.0109691 seconds, Stopping threads took: 0.0000351 seconds
[4652.912s][info ][safepoint      ] Application time: 1.0000776 seconds
[4652.912s][info ][safepoint      ] Entering safepoint region: Cleanup
[4652.912s][info ][safepoint      ] Leaving safepoint region
[4652.912s][info ][safepoint      ] Total time for which application threads were stopped: 0.0001628 seconds, Stopping threads took: 0.0000963 seconds
[4653.912s][info ][safepoint      ] Application time: 1.0000814 seconds
[4653.912s][info ][safepoint      ] Entering safepoint region: Cleanup
[4653.912s][info ][safepoint      ] Leaving safepoint region
[4653.912s][info ][safepoint      ] Total time for which application threads were stopped: 0.0001153 seconds, Stopping threads took: 0.0000545 seconds
[4654.912s][info ][safepoint      ] Application time: 1.0000734 seconds
[4654.912s][info ][safepoint      ] Entering safepoint region: Cleanup
[4654.912s][info ][safepoint      ] Leaving safepoint region
[4654.912s][info ][safepoint      ] Total time for which application threads were stopped: 0.0001106 seconds, Stopping threads took: 0.0000473 seconds
[4655.913s][info ][safepoint      ] Application time: 1.0000733 seconds
[4655.913s][info ][safepoint      ] Entering safepoint region: Cleanup
[4655.913s][info ][safepoint      ] Leaving safepoint region
[4655.913s][info ][safepoint      ] Total time for which application threads were stopped: 0.0001128 seconds, Stopping threads took: 0.0000465 seconds
[4656.913s][info ][safepoint      ] Application time: 1.0000643 seconds
[4656.913s][info ][safepoint      ] Entering safepoint region: Cleanup
[4656.913s][info ][safepoint      ] Leaving safepoint region
[4656.913s][info ][safepoint      ] Total time for which application threads were stopped: 0.0001051 seconds, Stopping threads took: 0.0000469 seconds
[4657.913s][info ][safepoint      ] Application time: 1.0000710 seconds
[4657.913s][info ][safepoint      ] Entering safepoint region: Cleanup
[4657.913s][info ][safepoint      ] Leaving safepoint region
[4657.913s][info ][safepoint      ] Total time for which application threads were stopped: 0.0001172 seconds, Stopping threads took: 0.0000583 seconds
[4658.285s][info ][safepoint      ] Application time: 0.3715766 seconds
[4658.285s][info ][safepoint      ] Entering safepoint region: ParallelGCFailedAllocation
[4658.285s][info ][gc,start       ] GC(539) Pause Young (Allocation Failure)
[4658.296s][debug][gc,phases      ] GC(539) Scavenge 11.065ms
[4658.296s][debug][gc,ref         ] GC(539) Skipped phase1 of Reference Processing due to unavailable references
[4658.296s][debug][gc,ref         ] GC(539) Skipped phase2 of Reference Processing due to unavailable references
[4658.296s][debug][gc,ref         ] GC(539) Skipped phase3 of Reference Processing due to unavailable references
[4658.296s][debug][gc,ref         ] GC(539) Skipped phase4 of Reference Processing due to unavailable references
[4658.296s][debug][gc,phases      ] GC(539) Reference Processing 0.028ms
[4658.296s][debug][gc,phases      ] GC(539) Weak Processing 0.134ms
[4658.297s][debug][gc,phases      ] GC(539) Scrub String Table 0.449ms
[4658.297s][debug][gc,age         ] GC(539) Desired survivor size 50855936 bytes, new threshold 15 (max threshold 15)
[4658.297s][info ][gc,heap        ] GC(539) PSYoungGen: 2025072K->32720K(2047488K)
[4658.297s][info ][gc,heap        ] GC(539) ParOldGen: 567570K->569079K(735744K)
[4658.297s][info ][gc,metaspace   ] GC(539) Metaspace: 77056K->77056K(1120256K)
[4658.297s][info ][gc             ] GC(539) Pause Young (Allocation Failure) 2531M->587M(2718M) 11.802ms
[4658.297s][info ][gc,cpu         ] GC(539) User=0.04s Sys=0.00s Real=0.01s
[4658.297s][info ][safepoint      ] Leaving safepoint region
[4658.297s][info ][safepoint      ] Total time for which application threads were stopped: 0.0119670 seconds, Stopping threads took: 0.0000358 seconds
[4659.297s][info ][safepoint      ] Application time: 1.0000873 seconds
[4659.297s][info ][safepoint      ] Entering safepoint region: Cleanup
[4659.297s][info ][safepoint      ] Leaving safepoint region
[4659.297s][info ][safepoint      ] Total time for which application threads were stopped: 0.0001173 seconds, Stopping threads took: 0.0000498 seconds
[4660.297s][info ][safepoint      ] Application time: 1.0000773 seconds
[4660.297s][info ][safepoint      ] Entering safepoint region: Cleanup
[4660.297s][info ][safepoint      ] Leaving safepoint region
[4660.297s][info ][safepoint      ] Total time for which application threads were stopped: 0.0000900 seconds, Stopping threads took: 0.0000350 seconds
[4661.297s][info ][safepoint      ] Application time: 1.0000843 seconds
[4661.297s][info ][safepoint      ] Entering safepoint region: Cleanup
[4661.297s][info ][safepoint      ] Leaving safepoint region
[4661.297s][info ][safepoint      ] Total time for which application threads were stopped: 0.0001076 seconds, Stopping threads took: 0.0000347 seconds
[4662.298s][info ][safepoint      ] Application time: 1.0000775 seconds
[4662.298s][info ][safepoint      ] Entering safepoint region: Cleanup
[4662.298s][info ][safepoint      ] Leaving safepoint region
[4662.298s][info ][safepoint      ] Total time for which application threads were stopped: 0.0001219 seconds, Stopping threads took: 0.0000657 seconds
[4663.298s][info ][safepoint      ] Application time: 1.0000783 seconds
[4663.298s][info ][safepoint      ] Entering safepoint region: Cleanup
[4663.298s][info ][safepoint      ] Leaving safepoint region
[4663.298s][info ][safepoint      ] Total time for which application threads were stopped: 0.0000983 seconds, Stopping threads took: 0.0000435 seconds
[4664.298s][info ][safepoint      ] Application time: 1.0000721 seconds
[4664.298s][info ][safepoint      ] Entering safepoint region: Cleanup
[4664.298s][info ][safepoint      ] Leaving safepoint region
[4664.298s][info ][safepoint      ] Total time for which application threads were stopped: 0.0001160 seconds, Stopping threads took: 0.0000411 seconds
[4664.771s][info ][safepoint      ] Application time: 0.4732883 seconds
[4664.772s][info ][safepoint      ] Entering safepoint region: ParallelGCFailedAllocation
[4664.772s][info ][gc,start       ] GC(540) Pause Young (Allocation Failure)
[4664.781s][debug][gc,phases      ] GC(540) Scavenge 9.696ms
[4664.781s][debug][gc,ref         ] GC(540) Skipped phase1 of Reference Processing due to unavailable references
[4664.781s][debug][gc,ref         ] GC(540) Skipped phase2 of Reference Processing due to unavailable references
[4664.781s][debug][gc,ref         ] GC(540) Skipped phase3 of Reference Processing due to unavailable references
[4664.781s][debug][gc,ref         ] GC(540) Skipped phase4 of Reference Processing due to unavailable references
[4664.781s][debug][gc,phases      ] GC(540) Reference Processing 0.033ms
[4664.782s][debug][gc,phases      ] GC(540) Weak Processing 0.140ms
[4664.782s][debug][gc,phases      ] GC(540) Scrub String Table 0.464ms
[4664.782s][debug][gc,age         ] GC(540) Desired survivor size 49283072 bytes, new threshold 15 (max threshold 15)
[4664.782s][info ][gc,heap        ] GC(540) PSYoungGen: 2029520K->31488K(2046464K)
[4664.782s][info ][gc,heap        ] GC(540) ParOldGen: 569079K->570663K(735744K)
[4664.782s][info ][gc,metaspace   ] GC(540) Metaspace: 77056K->77056K(1120256K)
[4664.782s][info ][gc             ] GC(540) Pause Young (Allocation Failure) 2537M->588M(2717M) 10.473ms
[4664.782s][info ][gc,cpu         ] GC(540) User=0.04s Sys=0.00s Real=0.01s
[4664.782s][info ][safepoint      ] Leaving safepoint region
[4664.782s][info ][safepoint      ] Total time for which application threads were stopped: 0.0106424 seconds, Stopping threads took: 0.0000162 seconds
[4665.782s][info ][safepoint      ] Application time: 1.0000834 seconds
[4665.782s][info ][safepoint      ] Entering safepoint region: Cleanup
[4665.782s][info ][safepoint      ] Leaving safepoint region
[4665.782s][info ][safepoint      ] Total time for which application threads were stopped: 0.0001006 seconds, Stopping threads took: 0.0000332 seconds
[4666.782s][info ][safepoint      ] Application time: 1.0000771 seconds
[4666.783s][info ][safepoint      ] Entering safepoint region: Cleanup
[4666.783s][info ][safepoint      ] Leaving safepoint region
[4666.783s][info ][safepoint      ] Total time for which application threads were stopped: 0.0000973 seconds, Stopping threads took: 0.0000324 seconds
[4667.783s][info ][safepoint      ] Application time: 1.0000852 seconds
[4667.783s][info ][safepoint      ] Entering safepoint region: Cleanup
[4667.783s][info ][safepoint      ] Leaving safepoint region
[4667.783s][info ][safepoint      ] Total time for which application threads were stopped: 0.0000956 seconds, Stopping threads took: 0.0000348 seconds
[4668.783s][info ][safepoint      ] Application time: 1.0000460 seconds
[4668.783s][info ][safepoint      ] Entering safepoint region: Cleanup
[4668.783s][info ][safepoint      ] Leaving safepoint region
[4668.783s][info ][safepoint      ] Total time for which application threads were stopped: 0.0001101 seconds, Stopping threads took: 0.0000312 seconds
[4669.783s][info ][safepoint      ] Application time: 1.0000827 seconds
[4669.783s][info ][safepoint      ] Entering safepoint region: Cleanup
[4669.783s][info ][safepoint      ] Leaving safepoint region
[4669.783s][info ][safepoint      ] Total time for which application threads were stopped: 0.0000986 seconds, Stopping threads took: 0.0000387 seconds
[4670.783s][info ][safepoint      ] Application time: 1.0000940 seconds
[4670.783s][info ][safepoint      ] Entering safepoint region: Cleanup
[4670.783s][info ][safepoint      ] Leaving safepoint region
[4670.783s][info ][safepoint      ] Total time for which application threads were stopped: 0.0001058 seconds, Stopping threads took: 0.0000494 seconds
[4671.351s][info ][safepoint      ] Application time: 0.5671283 seconds
[4671.351s][info ][safepoint      ] Entering safepoint region: ParallelGCFailedAllocation
[4671.351s][info ][gc,start       ] GC(541) Pause Young (Allocation Failure)
[4671.361s][debug][gc,phases      ] GC(541) Scavenge 9.986ms
[4671.361s][debug][gc,ref         ] GC(541) Skipped phase1 of Reference Processing due to unavailable references
[4671.361s][debug][gc,ref         ] GC(541) Skipped phase2 of Reference Processing due to unavailable references
[4671.361s][debug][gc,ref         ] GC(541) Skipped phase3 of Reference Processing due to unavailable references
[4671.361s][debug][gc,ref         ] GC(541) Skipped phase4 of Reference Processing due to unavailable references
[4671.361s][debug][gc,phases      ] GC(541) Reference Processing 0.028ms
[4671.361s][debug][gc,phases      ] GC(541) Weak Processing 0.129ms
[4671.362s][debug][gc,phases      ] GC(541) Scrub String Table 0.437ms
[4671.362s][debug][gc,age         ] GC(541) Desired survivor size 48758784 bytes, new threshold 15 (max threshold 15)
[4671.362s][info ][gc,heap        ] GC(541) PSYoungGen: 2028288K->30096K(2049536K)
[4671.362s][info ][gc,heap        ] GC(541) ParOldGen: 570663K->572167K(735744K)
[4671.362s][info ][gc,metaspace   ] GC(541) Metaspace: 77057K->77057K(1120256K)
[4671.362s][info ][gc             ] GC(541) Pause Young (Allocation Failure) 2538M->588M(2720M) 10.703ms
[4671.362s][info ][gc,cpu         ] GC(541) User=0.04s Sys=0.00s Real=0.01s
[4671.362s][info ][safepoint      ] Leaving safepoint region
[4671.362s][info ][safepoint      ] Total time for which application threads were stopped: 0.0109363 seconds, Stopping threads took: 0.0000857 seconds
[4672.362s][info ][safepoint      ] Application time: 1.0000811 seconds
[4672.362s][info ][safepoint      ] Entering safepoint region: Cleanup
[4672.362s][info ][safepoint      ] Leaving safepoint region
[4672.362s][info ][safepoint      ] Total time for which application threads were stopped: 0.0000899 seconds, Stopping threads took: 0.0000380 seconds
[4673.362s][info ][safepoint      ] Application time: 1.0000608 seconds
[4673.362s][info ][safepoint      ] Entering safepoint region: Cleanup
[4673.362s][info ][safepoint      ] Leaving safepoint region
[4673.362s][info ][safepoint      ] Total time for which application threads were stopped: 0.0000943 seconds, Stopping threads took: 0.0000421 seconds
[4674.362s][info ][safepoint      ] Application time: 1.0000594 seconds
[4674.362s][info ][safepoint      ] Entering safepoint region: Cleanup
[4674.362s][info ][safepoint      ] Leaving safepoint region
[4674.362s][info ][safepoint      ] Total time for which application threads were stopped: 0.0001190 seconds, Stopping threads took: 0.0000500 seconds
[4675.362s][info ][safepoint      ] Application time: 1.0000674 seconds
[4675.362s][info ][safepoint      ] Entering safepoint region: Cleanup
[4675.362s][info ][safepoint      ] Leaving safepoint region
[4675.362s][info ][safepoint      ] Total time for which application threads were stopped: 0.0001033 seconds, Stopping threads took: 0.0000394 seconds
[4676.363s][info ][safepoint      ] Application time: 1.0000712 seconds
[4676.363s][info ][safepoint      ] Entering safepoint region: Cleanup
[4676.363s][info ][safepoint      ] Leaving safepoint region
[4676.363s][info ][safepoint      ] Total time for which application threads were stopped: 0.0000970 seconds, Stopping threads took: 0.0000435 seconds
[4677.363s][info ][safepoint      ] Application time: 1.0000702 seconds
[4677.363s][info ][safepoint      ] Entering safepoint region: Cleanup
[4677.363s][info ][safepoint      ] Leaving safepoint region
[4677.363s][info ][safepoint      ] Total time for which application threads were stopped: 0.0000942 seconds, Stopping threads took: 0.0000383 seconds
[4677.982s][info ][safepoint      ] Application time: 0.6191610 seconds
[4677.982s][info ][safepoint      ] Entering safepoint region: ParallelGCFailedAllocation
[4677.982s][info ][gc,start       ] GC(542) Pause Young (Allocation Failure)
[4677.992s][debug][gc,phases      ] GC(542) Scavenge 9.686ms
[4677.992s][debug][gc,ref         ] GC(542) Skipped phase1 of Reference Processing due to unavailable references
[4677.992s][debug][gc,ref         ] GC(542) Skipped phase2 of Reference Processing due to unavailable references
[4677.992s][debug][gc,ref         ] GC(542) Skipped phase3 of Reference Processing due to unavailable references
[4677.992s][debug][gc,ref         ] GC(542) Skipped phase4 of Reference Processing due to unavailable references
[4677.992s][debug][gc,phases      ] GC(542) Reference Processing 0.046ms
[4677.992s][debug][gc,phases      ] GC(542) Weak Processing 0.135ms
[4677.993s][debug][gc,phases      ] GC(542) Scrub String Table 0.432ms
[4677.993s][debug][gc,age         ] GC(542) Desired survivor size 48234496 bytes, new threshold 15 (max threshold 15)
[4677.993s][info ][gc,heap        ] GC(542) PSYoungGen: 2031504K->28800K(2049024K)
[4677.993s][info ][gc,heap        ] GC(542) ParOldGen: 572167K->573660K(735744K)
[4677.993s][info ][gc,metaspace   ] GC(542) Metaspace: 77058K->77058K(1120256K)
[4677.993s][info ][gc             ] GC(542) Pause Young (Allocation Failure) 2542M->588M(2719M) 10.427ms
[4677.993s][info ][gc,cpu         ] GC(542) User=0.04s Sys=0.00s Real=0.01s
[4677.993s][info ][safepoint      ] Leaving safepoint region
[4677.993s][info ][safepoint      ] Total time for which application threads were stopped: 0.0106105 seconds, Stopping threads took: 0.0000343 seconds
[4678.993s][info ][safepoint      ] Application time: 1.0000864 seconds
[4678.993s][info ][safepoint      ] Entering safepoint region: Cleanup
[4678.993s][info ][safepoint      ] Leaving safepoint region
[4678.993s][info ][safepoint      ] Total time for which application threads were stopped: 0.0000808 seconds, Stopping threads took: 0.0000147 seconds
[4679.993s][info ][safepoint      ] Application time: 1.0000758 seconds
[4679.993s][info ][safepoint      ] Entering safepoint region: Cleanup
[4679.993s][info ][safepoint      ] Leaving safepoint region
[4679.993s][info ][safepoint      ] Total time for which application threads were stopped: 0.0000885 seconds, Stopping threads took: 0.0000189 seconds
[4680.993s][info ][safepoint      ] Application time: 1.0000655 seconds
[4680.993s][info ][safepoint      ] Entering safepoint region: Cleanup
[4680.993s][info ][safepoint      ] Leaving safepoint region
[4680.993s][info ][safepoint      ] Total time for which application threads were stopped: 0.0000651 seconds, Stopping threads took: 0.0000137 seconds
[4681.993s][info ][safepoint      ] Application time: 1.0000535 seconds
[4681.993s][info ][safepoint      ] Entering safepoint region: Cleanup
[4681.994s][info ][safepoint      ] Leaving safepoint region
[4681.994s][info ][safepoint      ] Total time for which application threads were stopped: 0.0005015 seconds, Stopping threads took: 0.0004367 seconds
[4682.994s][info ][safepoint      ] Application time: 1.0000796 seconds
[4682.994s][info ][safepoint      ] Entering safepoint region: Cleanup
[4682.994s][info ][safepoint      ] Leaving safepoint region
[4682.994s][info ][safepoint      ] Total time for which application threads were stopped: 0.0000669 seconds, Stopping threads took: 0.0000122 seconds
[4683.994s][info ][safepoint      ] Application time: 1.0000660 seconds
[4683.994s][info ][safepoint      ] Entering safepoint region: Cleanup
[4683.994s][info ][safepoint      ] Leaving safepoint region
[4683.994s][info ][safepoint      ] Total time for which application threads were stopped: 0.0000662 seconds, Stopping threads took: 0.0000147 seconds
[4684.651s][info ][safepoint      ] Application time: 0.6566227 seconds
[4684.651s][info ][safepoint      ] Entering safepoint region: ParallelGCFailedAllocation
[4684.651s][info ][gc,start       ] GC(543) Pause Young (Allocation Failure)
[4684.660s][debug][gc,phases      ] GC(543) Scavenge 9.281ms
[4684.660s][debug][gc,ref         ] GC(543) Skipped phase1 of Reference Processing due to unavailable references
[4684.660s][debug][gc,ref         ] GC(543) Skipped phase2 of Reference Processing due to unavailable references
[4684.660s][debug][gc,ref         ] GC(543) Skipped phase3 of Reference Processing due to unavailable references
[4684.660s][debug][gc,ref         ] GC(543) Skipped phase4 of Reference Processing due to unavailable references
[4684.660s][debug][gc,phases      ] GC(543) Reference Processing 0.051ms
[4684.661s][debug][gc,phases      ] GC(543) Weak Processing 0.135ms
[4684.661s][debug][gc,phases      ] GC(543) Scrub String Table 0.428ms
[4684.661s][debug][gc,age         ] GC(543) Desired survivor size 47710208 bytes, new threshold 15 (max threshold 15)
[4684.661s][info ][gc,heap        ] GC(543) PSYoungGen: 2030208K->27568K(2050560K)
[4684.661s][info ][gc,heap        ] GC(543) ParOldGen: 573660K->575076K(735744K)
[4684.661s][info ][gc,metaspace   ] GC(543) Metaspace: 77058K->77058K(1120256K)
[4684.661s][info ][gc             ] GC(543) Pause Young (Allocation Failure) 2542M->588M(2721M) 10.027ms
[4684.661s][info ][gc,cpu         ] GC(543) User=0.04s Sys=0.00s Real=0.01s
[4684.661s][info ][safepoint      ] Leaving safepoint region
[4684.661s][info ][safepoint      ] Total time for which application threads were stopped: 0.0102176 seconds, Stopping threads took: 0.0000418 seconds
[4685.661s][info ][safepoint      ] Application time: 1.0000670 seconds
[4685.661s][info ][safepoint      ] Entering safepoint region: Cleanup
[4685.661s][info ][safepoint      ] Leaving safepoint region
[4685.661s][info ][safepoint      ] Total time for which application threads were stopped: 0.0000879 seconds, Stopping threads took: 0.0000313 seconds
[4686.661s][info ][safepoint      ] Application time: 1.0000584 seconds
[4686.661s][info ][safepoint      ] Entering safepoint region: Cleanup
[4686.662s][info ][safepoint      ] Leaving safepoint region
[4686.662s][info ][safepoint      ] Total time for which application threads were stopped: 0.0001092 seconds, Stopping threads took: 0.0000429 seconds
[4687.662s][info ][safepoint      ] Application time: 1.0000724 seconds
[4687.662s][info ][safepoint      ] Entering safepoint region: Cleanup
[4687.662s][info ][safepoint      ] Leaving safepoint region
[4687.662s][info ][safepoint      ] Total time for which application threads were stopped: 0.0001154 seconds, Stopping threads took: 0.0000564 seconds
[4688.662s][info ][safepoint      ] Application time: 1.0000730 seconds
[4688.662s][info ][safepoint      ] Entering safepoint region: Cleanup
[4688.662s][info ][safepoint      ] Leaving safepoint region
[4688.662s][info ][safepoint      ] Total time for which application threads were stopped: 0.0000863 seconds, Stopping threads took: 0.0000332 seconds
[4689.662s][info ][safepoint      ] Application time: 1.0000702 seconds
[4689.662s][info ][safepoint      ] Entering safepoint region: Cleanup
[4689.662s][info ][safepoint      ] Leaving safepoint region
[4689.662s][info ][safepoint      ] Total time for which application threads were stopped: 0.0001370 seconds, Stopping threads took: 0.0000758 seconds
[4690.662s][info ][safepoint      ] Application time: 1.0000727 seconds
[4690.662s][info ][safepoint      ] Entering safepoint region: Cleanup
[4690.662s][info ][safepoint      ] Leaving safepoint region
[4690.662s][info ][safepoint      ] Total time for which application threads were stopped: 0.0000954 seconds, Stopping threads took: 0.0000390 seconds
[4691.427s][info ][safepoint      ] Application time: 0.7643980 seconds
[4691.427s][info ][safepoint      ] Entering safepoint region: ParallelGCFailedAllocation
[4691.427s][info ][gc,start       ] GC(544) Pause Young (Allocation Failure)
[4691.436s][debug][gc,phases      ] GC(544) Scavenge 8.811ms
[4691.436s][debug][gc,ref         ] GC(544) Skipped phase1 of Reference Processing due to unavailable references
[4691.436s][debug][gc,ref         ] GC(544) Skipped phase3 of Reference Processing due to unavailable references
[4691.436s][debug][gc,ref         ] GC(544) Skipped phase4 of Reference Processing due to unavailable references
[4691.436s][debug][gc,phases      ] GC(544) Reference Processing 0.028ms
[4691.436s][debug][gc,phases      ] GC(544) Weak Processing 0.136ms
[4691.437s][debug][gc,phases      ] GC(544) Scrub String Table 0.460ms
[4691.437s][debug][gc,age         ] GC(544) Desired survivor size 47185920 bytes, new threshold 15 (max threshold 15)
[4691.437s][info ][gc,heap        ] GC(544) PSYoungGen: 2031024K->27776K(2050048K)
[4691.437s][info ][gc,heap        ] GC(544) ParOldGen: 575076K->575124K(735744K)
[4691.437s][info ][gc,metaspace   ] GC(544) Metaspace: 77058K->77058K(1120256K)
[4691.437s][info ][gc             ] GC(544) Pause Young (Allocation Failure) 2545M->588M(2720M) 9.593ms
[4691.437s][info ][gc,cpu         ] GC(544) User=0.03s Sys=0.00s Real=0.01s
[4691.437s][info ][safepoint      ] Leaving safepoint region
[4691.437s][info ][safepoint      ] Total time for which application threads were stopped: 0.0097647 seconds, Stopping threads took: 0.0000136 seconds
[4692.437s][info ][safepoint      ] Application time: 1.0000920 seconds
[4692.437s][info ][safepoint      ] Entering safepoint region: Cleanup
[4692.437s][info ][safepoint      ] Leaving safepoint region
[4692.437s][info ][safepoint      ] Total time for which application threads were stopped: 0.0001221 seconds, Stopping threads took: 0.0000615 seconds
[4693.437s][info ][safepoint      ] Application time: 1.0000776 seconds
[4693.437s][info ][safepoint      ] Entering safepoint region: Cleanup
[4693.437s][info ][safepoint      ] Leaving safepoint region
[4693.437s][info ][safepoint      ] Total time for which application threads were stopped: 0.0000897 seconds, Stopping threads took: 0.0000211 seconds
[4694.437s][info ][safepoint      ] Application time: 1.0000732 seconds
[4694.437s][info ][safepoint      ] Entering safepoint region: Cleanup
[4694.437s][info ][safepoint      ] Leaving safepoint region
[4694.437s][info ][safepoint      ] Total time for which application threads were stopped: 0.0000682 seconds, Stopping threads took: 0.0000172 seconds
[4695.437s][info ][safepoint      ] Application time: 1.0000655 seconds
[4695.437s][info ][safepoint      ] Entering safepoint region: Cleanup
[4695.437s][info ][safepoint      ] Leaving safepoint region
[4695.437s][info ][safepoint      ] Total time for which application threads were stopped: 0.0000730 seconds, Stopping threads took: 0.0000153 seconds
[4696.438s][info ][safepoint      ] Application time: 1.0000788 seconds
[4696.438s][info ][safepoint      ] Entering safepoint region: Cleanup
[4696.438s][info ][safepoint      ] Leaving safepoint region
[4696.438s][info ][safepoint      ] Total time for which application threads were stopped: 0.0000688 seconds, Stopping threads took: 0.0000157 seconds
[4697.438s][info ][safepoint      ] Application time: 1.0000731 seconds
[4697.438s][info ][safepoint      ] Entering safepoint region: Cleanup
[4697.438s][info ][safepoint      ] Leaving safepoint region
[4697.438s][info ][safepoint      ] Total time for which application threads were stopped: 0.0000790 seconds, Stopping threads took: 0.0000135 seconds
[4698.172s][info ][safepoint      ] Application time: 0.7343441 seconds
[4698.172s][info ][safepoint      ] Entering safepoint region: ParallelGCFailedAllocation
[4698.172s][info ][gc,start       ] GC(545) Pause Young (Allocation Failure)
[4698.183s][debug][gc,phases      ] GC(545) Scavenge 10.525ms
[4698.183s][debug][gc,ref         ] GC(545) Skipped phase1 of Reference Processing due to unavailable references
[4698.183s][debug][gc,ref         ] GC(545) Skipped phase2 of Reference Processing due to unavailable references
[4698.183s][debug][gc,ref         ] GC(545) Skipped phase3 of Reference Processing due to unavailable references
[4698.183s][debug][gc,ref         ] GC(545) Skipped phase4 of Reference Processing due to unavailable references
[4698.183s][debug][gc,phases      ] GC(545) Reference Processing 0.035ms
[4698.183s][debug][gc,phases      ] GC(545) Weak Processing 0.131ms
[4698.184s][debug][gc,phases      ] GC(545) Scrub String Table 0.417ms
[4698.184s][debug][gc,age         ] GC(545) Desired survivor size 45613056 bytes, new threshold 15 (max threshold 15)
[4698.184s][info ][gc,heap        ] GC(545) PSYoungGen: 2031232K->30304K(2052608K)
[4698.184s][info ][gc,heap        ] GC(545) ParOldGen: 575124K->575312K(735744K)
[4698.184s][info ][gc,metaspace   ] GC(545) Metaspace: 77060K->77060K(1120256K)
[4698.184s][info ][gc             ] GC(545) Pause Young (Allocation Failure) 2545M->591M(2723M) 11.264ms
[4698.184s][info ][gc,cpu         ] GC(545) User=0.04s Sys=0.00s Real=0.01s
[4698.184s][info ][safepoint      ] Leaving safepoint region
[4698.184s][info ][safepoint      ] Total time for which application threads were stopped: 0.0114270 seconds, Stopping threads took: 0.0000129 seconds
[4699.184s][info ][safepoint      ] Application time: 1.0000736 seconds
[4699.184s][info ][safepoint      ] Entering safepoint region: Cleanup
[4699.184s][info ][safepoint      ] Leaving safepoint region
[4699.184s][info ][safepoint      ] Total time for which application threads were stopped: 0.0000918 seconds, Stopping threads took: 0.0000391 seconds
[4700.184s][info ][safepoint      ] Application time: 1.0000752 seconds
[4700.184s][info ][safepoint      ] Entering safepoint region: Cleanup
[4700.184s][info ][safepoint      ] Leaving safepoint region
[4700.184s][info ][safepoint      ] Total time for which application threads were stopped: 0.0001115 seconds, Stopping threads took: 0.0000467 seconds
[4701.184s][info ][safepoint      ] Application time: 1.0000773 seconds
[4701.184s][info ][safepoint      ] Entering safepoint region: Cleanup
[4701.184s][info ][safepoint      ] Leaving safepoint region
[4701.184s][info ][safepoint      ] Total time for which application threads were stopped: 0.0000630 seconds, Stopping threads took: 0.0000146 seconds
[4702.184s][info ][safepoint      ] Application time: 1.0000738 seconds
[4702.184s][info ][safepoint      ] Entering safepoint region: Cleanup
[4702.184s][info ][safepoint      ] Leaving safepoint region
[4702.184s][info ][safepoint      ] Total time for which application threads were stopped: 0.0000862 seconds, Stopping threads took: 0.0000327 seconds
[4703.185s][info ][safepoint      ] Application time: 1.0000817 seconds
[4703.185s][info ][safepoint      ] Entering safepoint region: Cleanup
[4703.185s][info ][safepoint      ] Leaving safepoint region
[4703.185s][info ][safepoint      ] Total time for which application threads were stopped: 0.0001006 seconds, Stopping threads took: 0.0000327 seconds
[4704.792s][info ][safepoint      ] Application time: 1.6069181 seconds
[4704.792s][info ][safepoint      ] Entering safepoint region: ParallelGCFailedAllocation
[4704.792s][info ][gc,start       ] GC(546) Pause Young (Allocation Failure)
[4704.802s][debug][gc,phases      ] GC(546) Scavenge 10.623ms
[4704.802s][debug][gc,ref         ] GC(546) Skipped phase1 of Reference Processing due to unavailable references
[4704.803s][debug][gc,ref         ] GC(546) Skipped phase2 of Reference Processing due to unavailable references
[4704.803s][debug][gc,ref         ] GC(546) Skipped phase3 of Reference Processing due to unavailable references
[4704.803s][debug][gc,ref         ] GC(546) Skipped phase4 of Reference Processing due to unavailable references
[4704.803s][debug][gc,phases      ] GC(546) Reference Processing 0.037ms
[4704.803s][debug][gc,phases      ] GC(546) Weak Processing 0.146ms
[4704.803s][debug][gc,phases      ] GC(546) Scrub String Table 0.456ms
[4704.803s][debug][gc,age         ] GC(546) Desired survivor size 44564480 bytes, new threshold 15 (max threshold 15)
[4704.803s][info ][gc,heap        ] GC(546) PSYoungGen: 2036832K->30336K(2051072K)
[4704.803s][info ][gc,heap        ] GC(546) ParOldGen: 575312K->576768K(735744K)
[4704.803s][info ][gc,metaspace   ] GC(546) Metaspace: 77060K->77060K(1120256K)
[4704.803s][info ][gc             ] GC(546) Pause Young (Allocation Failure) 2550M->592M(2721M) 11.404ms
[4704.803s][info ][gc,cpu         ] GC(546) User=0.05s Sys=0.00s Real=0.01s
[4704.803s][info ][safepoint      ] Leaving safepoint region
[4704.803s][info ][safepoint      ] Total time for which application threads were stopped: 0.0115572 seconds, Stopping threads took: 0.0000126 seconds
[4711.551s][info ][safepoint      ] Application time: 6.7472656 seconds
[4711.551s][info ][safepoint      ] Entering safepoint region: ParallelGCFailedAllocation
[4711.551s][info ][gc,start       ] GC(547) Pause Young (Allocation Failure)
[4711.561s][debug][gc,phases      ] GC(547) Scavenge 9.801ms
[4711.561s][debug][gc,ref         ] GC(547) Skipped phase1 of Reference Processing due to unavailable references
[4711.561s][debug][gc,ref         ] GC(547) Skipped phase2 of Reference Processing due to unavailable references
[4711.561s][debug][gc,ref         ] GC(547) Skipped phase3 of Reference Processing due to unavailable references
[4711.561s][debug][gc,ref         ] GC(547) Skipped phase4 of Reference Processing due to unavailable references
[4711.561s][debug][gc,phases      ] GC(547) Reference Processing 0.046ms
[4711.561s][debug][gc,phases      ] GC(547) Weak Processing 0.143ms
[4711.561s][debug][gc,phases      ] GC(547) Scrub String Table 0.470ms
[4711.561s][debug][gc,age         ] GC(547) Desired survivor size 44040192 bytes, new threshold 15 (max threshold 15)
[4711.561s][info ][gc,heap        ] GC(547) PSYoungGen: 2036864K->28128K(2054144K)
[4711.561s][info ][gc,heap        ] GC(547) ParOldGen: 576768K->579689K(735744K)
[4711.561s][info ][gc,metaspace   ] GC(547) Metaspace: 77063K->77063K(1120256K)
[4711.561s][info ][gc             ] GC(547) Pause Young (Allocation Failure) 2552M->593M(2724M) 10.601ms
[4711.561s][info ][gc,cpu         ] GC(547) User=0.04s Sys=0.00s Real=0.01s
[4711.561s][info ][safepoint      ] Leaving safepoint region
[4711.561s][info ][safepoint      ] Total time for which application threads were stopped: 0.0107926 seconds, Stopping threads took: 0.0000345 seconds
[4715.562s][info ][safepoint      ] Application time: 4.0002769 seconds
[4715.562s][info ][safepoint      ] Entering safepoint region: Cleanup
[4715.562s][info ][safepoint      ] Leaving safepoint region
[4715.562s][info ][safepoint      ] Total time for which application threads were stopped: 0.0001134 seconds, Stopping threads took: 0.0000339 seconds
[4716.562s][info ][safepoint      ] Application time: 1.0000721 seconds
[4716.562s][info ][safepoint      ] Entering safepoint region: Cleanup
[4716.562s][info ][safepoint      ] Leaving safepoint region
[4716.562s][info ][safepoint      ] Total time for which application threads were stopped: 0.0000963 seconds, Stopping threads took: 0.0000317 seconds
[4718.251s][info ][safepoint      ] Application time: 1.6886723 seconds
[4718.251s][info ][safepoint      ] Entering safepoint region: ParallelGCFailedAllocation
[4718.251s][info ][gc,start       ] GC(548) Pause Young (Allocation Failure)
[4718.260s][debug][gc,phases      ] GC(548) Scavenge 9.535ms
[4718.260s][debug][gc,ref         ] GC(548) Skipped phase1 of Reference Processing due to unavailable references
[4718.260s][debug][gc,ref         ] GC(548) Skipped phase2 of Reference Processing due to unavailable references
[4718.260s][debug][gc,ref         ] GC(548) Skipped phase3 of Reference Processing due to unavailable references
[4718.260s][debug][gc,ref         ] GC(548) Skipped phase4 of Reference Processing due to unavailable references
[4718.260s][debug][gc,phases      ] GC(548) Reference Processing 0.031ms
[4718.261s][debug][gc,phases      ] GC(548) Weak Processing 0.140ms
[4718.261s][debug][gc,phases      ] GC(548) Scrub String Table 0.479ms
[4718.261s][debug][gc,age         ] GC(548) Desired survivor size 44564480 bytes, new threshold 15 (max threshold 15)
[4718.261s][info ][gc,heap        ] GC(548) PSYoungGen: 2038752K->21840K(2053632K)
[4718.261s][info ][gc,heap        ] GC(548) ParOldGen: 579689K->586682K(735744K)
[4718.261s][info ][gc,metaspace   ] GC(548) Metaspace: 77063K->77063K(1120256K)
[4718.261s][info ][gc             ] GC(548) Pause Young (Allocation Failure) 2557M->594M(2724M) 10.320ms
[4718.261s][info ][gc,cpu         ] GC(548) User=0.04s Sys=0.00s Real=0.01s
[4718.261s][info ][safepoint      ] Leaving safepoint region
[4718.261s][info ][safepoint      ] Total time for which application threads were stopped: 0.0105037 seconds, Stopping threads took: 0.0000329 seconds
[4719.214s][info ][safepoint      ] Application time: 0.9529363 seconds
[4719.214s][info ][safepoint      ] Entering safepoint region: Deoptimize
[4719.216s][info ][safepoint      ] Leaving safepoint region
[4719.216s][info ][safepoint      ] Total time for which application threads were stopped: 0.0021424 seconds, Stopping threads took: 0.0000142 seconds
[4720.216s][info ][safepoint      ] Application time: 1.0000799 seconds
[4720.216s][info ][safepoint      ] Entering safepoint region: Cleanup
[4720.217s][info ][safepoint      ] Leaving safepoint region
[4720.217s][info ][safepoint      ] Total time for which application threads were stopped: 0.0001232 seconds, Stopping threads took: 0.0000370 seconds
[4721.217s][info ][safepoint      ] Application time: 1.0000828 seconds
[4721.217s][info ][safepoint      ] Entering safepoint region: Cleanup
[4721.217s][info ][safepoint      ] Leaving safepoint region
[4721.217s][info ][safepoint      ] Total time for which application threads were stopped: 0.0001370 seconds, Stopping threads took: 0.0000295 seconds
[4722.217s][info ][safepoint      ] Application time: 1.0000751 seconds
[4722.219s][info ][safepoint      ] Entering safepoint region: Cleanup
[4722.219s][info ][safepoint      ] Leaving safepoint region
[4722.219s][info ][safepoint      ] Total time for which application threads were stopped: 0.0019390 seconds, Stopping threads took: 0.0018828 seconds
[4723.219s][info ][safepoint      ] Application time: 1.0000360 seconds
[4723.219s][info ][safepoint      ] Entering safepoint region: Cleanup
[4723.219s][info ][safepoint      ] Leaving safepoint region
[4723.219s][info ][safepoint      ] Total time for which application threads were stopped: 0.0001103 seconds, Stopping threads took: 0.0000402 seconds
[4723.300s][info ][safepoint      ] Application time: 0.0807961 seconds
[4723.300s][info ][safepoint      ] Entering safepoint region: ParallelGCFailedAllocation
[4723.300s][info ][gc,start       ] GC(549) Pause Young (Allocation Failure)
[4723.314s][debug][gc,phases      ] GC(549) Scavenge 14.082ms
[4723.314s][debug][gc,ref         ] GC(549) Skipped phase1 of Reference Processing due to unavailable references
[4723.314s][debug][gc,ref         ] GC(549) Skipped phase3 of Reference Processing due to unavailable references
[4723.314s][debug][gc,phases      ] GC(549) Reference Processing 0.034ms
[4723.314s][debug][gc,phases      ] GC(549) Weak Processing 0.133ms
[4723.315s][debug][gc,phases      ] GC(549) Scrub String Table 0.424ms
[4723.315s][debug][gc,age         ] GC(549) Desired survivor size 44040192 bytes, new threshold 15 (max threshold 15)
[4723.315s][info ][gc,heap        ] GC(549) PSYoungGen: 2032464K->32560K(2054144K)
[4723.315s][info ][gc,heap        ] GC(549) ParOldGen: 586682K->588887K(735744K)
[4723.315s][info ][gc,metaspace   ] GC(549) Metaspace: 77111K->77111K(1120256K)
[4723.315s][info ][gc             ] GC(549) Pause Young (Allocation Failure) 2557M->606M(2724M) 14.806ms
[4723.315s][info ][gc,cpu         ] GC(549) User=0.05s Sys=0.00s Real=0.01s
[4723.315s][info ][safepoint      ] Leaving safepoint region
[4723.315s][info ][safepoint      ] Total time for which application threads were stopped: 0.0149877 seconds, Stopping threads took: 0.0000196 seconds
[4724.315s][info ][safepoint      ] Application time: 1.0000839 seconds
[4724.315s][info ][safepoint      ] Entering safepoint region: Cleanup
[4724.315s][info ][safepoint      ] Leaving safepoint region
[4724.315s][info ][safepoint      ] Total time for which application threads were stopped: 0.0001200 seconds, Stopping threads took: 0.0000411 seconds
[4725.315s][info ][safepoint      ] Application time: 1.0000822 seconds
[4725.315s][info ][safepoint      ] Entering safepoint region: Cleanup
[4725.315s][info ][safepoint      ] Leaving safepoint region
[4725.315s][info ][safepoint      ] Total time for which application threads were stopped: 0.0000935 seconds, Stopping threads took: 0.0000317 seconds
[4726.315s][info ][safepoint      ] Application time: 1.0000737 seconds
[4726.316s][info ][safepoint      ] Entering safepoint region: Cleanup
[4726.316s][info ][safepoint      ] Leaving safepoint region
[4726.316s][info ][safepoint      ] Total time for which application threads were stopped: 0.0001208 seconds, Stopping threads took: 0.0000508 seconds
[4727.316s][info ][safepoint      ] Application time: 1.0000731 seconds
[4727.316s][info ][safepoint      ] Entering safepoint region: Cleanup
[4727.316s][info ][safepoint      ] Leaving safepoint region
[4727.316s][info ][safepoint      ] Total time for which application threads were stopped: 0.0000916 seconds, Stopping threads took: 0.0000302 seconds
[4728.316s][info ][safepoint      ] Application time: 1.0000781 seconds
[4728.316s][info ][safepoint      ] Entering safepoint region: Cleanup
[4728.316s][info ][safepoint      ] Leaving safepoint region
[4728.316s][info ][safepoint      ] Total time for which application threads were stopped: 0.0001052 seconds, Stopping threads took: 0.0000417 seconds
[4729.316s][info ][safepoint      ] Application time: 1.0000728 seconds
[4729.316s][info ][safepoint      ] Entering safepoint region: Cleanup
[4729.316s][info ][safepoint      ] Leaving safepoint region
[4729.316s][info ][safepoint      ] Total time for which application threads were stopped: 0.0001265 seconds, Stopping threads took: 0.0000497 seconds
[4729.437s][info ][safepoint      ] Application time: 0.1206908 seconds
[4729.437s][info ][safepoint      ] Entering safepoint region: Deoptimize
[4729.439s][info ][safepoint      ] Leaving safepoint region
[4729.439s][info ][safepoint      ] Total time for which application threads were stopped: 0.0023653 seconds, Stopping threads took: 0.0000123 seconds
[4729.985s][info ][safepoint      ] Application time: 0.5452949 seconds
[4729.985s][info ][safepoint      ] Entering safepoint region: ParallelGCFailedAllocation
[4729.985s][info ][safepoint      ] Leaving safepoint region
[4729.985s][info ][safepoint      ] Total time for which application threads were stopped: 0.0001042 seconds, Stopping threads took: 0.0000109 seconds
[4729.985s][info ][safepoint      ] Application time: 0.0002754 seconds
[4729.985s][info ][safepoint      ] Entering safepoint region: ParallelGCSystemGC
[4729.985s][info ][gc,start       ] GC(550) Pause Young (GCLocker Initiated GC)
[4729.998s][debug][gc,phases      ] GC(550) Scavenge 13.052ms
[4729.998s][debug][gc,ref         ] GC(550) Skipped phase1 of Reference Processing due to unavailable references
[4729.998s][debug][gc,ref         ] GC(550) Skipped phase3 of Reference Processing due to unavailable references
[4729.998s][debug][gc,phases      ] GC(550) Reference Processing 0.026ms
[4729.998s][debug][gc,phases      ] GC(550) Weak Processing 0.130ms
[4729.999s][debug][gc,phases      ] GC(550) Scrub String Table 0.411ms
[4729.999s][debug][gc,age         ] GC(550) Desired survivor size 45613056 bytes, new threshold 15 (max threshold 15)
[4729.999s][info ][gc,heap        ] GC(550) PSYoungGen: 2043184K->38067K(2049024K)
[4729.999s][info ][gc,heap        ] GC(550) ParOldGen: 588889K->591762K(735744K)
[4729.999s][info ][gc,metaspace   ] GC(550) Metaspace: 77174K->77174K(1120256K)
[4729.999s][info ][gc             ] GC(550) Pause Young (GCLocker Initiated GC) 2570M->615M(2719M) 13.741ms
[4729.999s][info ][gc,cpu         ] GC(550) User=0.06s Sys=0.00s Real=0.02s
[4729.999s][info ][safepoint      ] Leaving safepoint region
[4729.999s][info ][safepoint      ] Total time for which application threads were stopped: 0.0138395 seconds, Stopping threads took: 0.0000047 seconds
[4730.999s][info ][safepoint      ] Application time: 1.0000791 seconds
[4730.999s][info ][safepoint      ] Entering safepoint region: Cleanup
[4730.999s][info ][safepoint      ] Leaving safepoint region
[4730.999s][info ][safepoint      ] Total time for which application threads were stopped: 0.0001059 seconds, Stopping threads took: 0.0000452 seconds
[4731.999s][info ][safepoint      ] Application time: 1.0000820 seconds
[4731.999s][info ][safepoint      ] Entering safepoint region: Cleanup
[4731.999s][info ][safepoint      ] Leaving safepoint region
[4731.999s][info ][safepoint      ] Total time for which application threads were stopped: 0.0001234 seconds, Stopping threads took: 0.0000504 seconds
[4733.000s][info ][safepoint      ] Application time: 1.0000864 seconds
[4733.000s][info ][safepoint      ] Entering safepoint region: Cleanup
[4733.000s][info ][safepoint      ] Leaving safepoint region
[4733.000s][info ][safepoint      ] Total time for which application threads were stopped: 0.0001826 seconds, Stopping threads took: 0.0000621 seconds
[4734.000s][info ][safepoint      ] Application time: 1.0000760 seconds
[4734.000s][info ][safepoint      ] Entering safepoint region: Cleanup
[4734.000s][info ][safepoint      ] Leaving safepoint region
[4734.000s][info ][safepoint      ] Total time for which application threads were stopped: 0.0001011 seconds, Stopping threads took: 0.0000364 seconds
[4735.000s][info ][safepoint      ] Application time: 1.0000764 seconds
[4735.000s][info ][safepoint      ] Entering safepoint region: Cleanup
[4735.000s][info ][safepoint      ] Leaving safepoint region
[4735.000s][info ][safepoint      ] Total time for which application threads were stopped: 0.0001298 seconds, Stopping threads took: 0.0000613 seconds
[4736.000s][info ][safepoint      ] Application time: 1.0000847 seconds
[4736.000s][info ][safepoint      ] Entering safepoint region: Cleanup
[4736.000s][info ][safepoint      ] Leaving safepoint region
[4736.000s][info ][safepoint      ] Total time for which application threads were stopped: 0.0000966 seconds, Stopping threads took: 0.0000350 seconds
[4736.312s][info ][safepoint      ] Application time: 0.3114874 seconds
[4736.312s][info ][safepoint      ] Entering safepoint region: ParallelGCFailedAllocation
[4736.312s][info ][gc,start       ] GC(551) Pause Young (Allocation Failure)
[4736.329s][debug][gc,phases      ] GC(551) Scavenge 17.078ms
[4736.329s][debug][gc,ref         ] GC(551) Skipped phase1 of Reference Processing due to unavailable references
[4736.329s][debug][gc,ref         ] GC(551) Skipped phase3 of Reference Processing due to unavailable references
[4736.329s][debug][gc,phases      ] GC(551) Reference Processing 0.036ms
[4736.329s][debug][gc,phases      ] GC(551) Weak Processing 0.195ms
[4736.330s][debug][gc,phases      ] GC(551) Scrub String Table 0.441ms
[4736.330s][debug][gc,age         ] GC(551) Desired survivor size 55574528 bytes, new threshold 14 (max threshold 15)
[4736.330s][info ][gc,heap        ] GC(551) PSYoungGen: 2048691K->44528K(2033152K)
[4736.330s][info ][gc,heap        ] GC(551) ParOldGen: 591764K->607392K(735744K)
[4736.330s][info ][gc,metaspace   ] GC(551) Metaspace: 77175K->77175K(1120256K)
[4736.330s][info ][gc             ] GC(551) Pause Young (Allocation Failure) 2578M->636M(2704M) 17.891ms
[4736.330s][info ][gc,cpu         ] GC(551) User=0.07s Sys=0.00s Real=0.02s
[4736.330s][info ][safepoint      ] Leaving safepoint region
[4736.330s][info ][safepoint      ] Total time for which application threads were stopped: 0.0180414 seconds, Stopping threads took: 0.0000136 seconds
[4737.330s][info ][safepoint      ] Application time: 1.0000808 seconds
[4737.330s][info ][safepoint      ] Entering safepoint region: Cleanup
[4737.330s][info ][safepoint      ] Leaving safepoint region
[4737.330s][info ][safepoint      ] Total time for which application threads were stopped: 0.0001134 seconds, Stopping threads took: 0.0000440 seconds
[4738.330s][info ][safepoint      ] Application time: 1.0000782 seconds
[4738.330s][info ][safepoint      ] Entering safepoint region: Cleanup
[4738.330s][info ][safepoint      ] Leaving safepoint region
[4738.330s][info ][safepoint      ] Total time for which application threads were stopped: 0.0000939 seconds, Stopping threads took: 0.0000302 seconds
[4739.331s][info ][safepoint      ] Application time: 1.0000581 seconds
[4739.331s][info ][safepoint      ] Entering safepoint region: Cleanup
[4739.331s][info ][safepoint      ] Leaving safepoint region
[4739.331s][info ][safepoint      ] Total time for which application threads were stopped: 0.0000951 seconds, Stopping threads took: 0.0000409 seconds
[4740.331s][info ][safepoint      ] Application time: 1.0000785 seconds
[4740.331s][info ][safepoint      ] Entering safepoint region: Cleanup
[4740.331s][info ][safepoint      ] Leaving safepoint region
[4740.331s][info ][safepoint      ] Total time for which application threads were stopped: 0.0001236 seconds, Stopping threads took: 0.0000617 seconds
[4741.331s][info ][safepoint      ] Application time: 1.0000705 seconds
[4741.331s][info ][safepoint      ] Entering safepoint region: Cleanup
[4741.331s][info ][safepoint      ] Leaving safepoint region
[4741.331s][info ][safepoint      ] Total time for which application threads were stopped: 0.0001026 seconds, Stopping threads took: 0.0000324 seconds
[4742.331s][info ][safepoint      ] Application time: 1.0000734 seconds
[4742.331s][info ][safepoint      ] Entering safepoint region: Cleanup
[4742.331s][info ][safepoint      ] Leaving safepoint region
[4742.331s][info ][safepoint      ] Total time for which application threads were stopped: 0.0001035 seconds, Stopping threads took: 0.0000447 seconds
[4742.551s][info ][safepoint      ] Application time: 0.2195141 seconds
[4742.551s][info ][safepoint      ] Entering safepoint region: ParallelGCFailedAllocation
[4742.551s][info ][gc,start       ] GC(552) Pause Young (Allocation Failure)
[4742.565s][debug][gc,phases      ] GC(552) Scavenge 14.224ms
[4742.565s][debug][gc,ref         ] GC(552) Skipped phase1 of Reference Processing due to unavailable references
[4742.565s][debug][gc,ref         ] GC(552) Skipped phase3 of Reference Processing due to unavailable references
[4742.565s][debug][gc,phases      ] GC(552) Reference Processing 0.033ms
[4742.566s][debug][gc,phases      ] GC(552) Weak Processing 0.151ms
[4742.566s][debug][gc,phases      ] GC(552) Scrub String Table 0.547ms
[4742.566s][debug][gc,age         ] GC(552) Desired survivor size 58720256 bytes, new threshold 15 (max threshold 15)
[4742.566s][info ][gc,heap        ] GC(552) PSYoungGen: 2033136K->48272K(2037248K)
[4742.566s][info ][gc,heap        ] GC(552) ParOldGen: 607392K->607732K(735744K)
[4742.566s][info ][gc,metaspace   ] GC(552) Metaspace: 77176K->77176K(1120256K)
[4742.566s][info ][gc             ] GC(552) Pause Young (Allocation Failure) 2578M->640M(2708M) 15.158ms
[4742.566s][info ][gc,cpu         ] GC(552) User=0.05s Sys=0.00s Real=0.01s
[4742.566s][info ][safepoint      ] Leaving safepoint region
[4742.566s][info ][safepoint      ] Total time for which application threads were stopped: 0.0153803 seconds, Stopping threads took: 0.0000636 seconds
[4743.566s][info ][safepoint      ] Application time: 1.0000850 seconds
[4743.567s][info ][safepoint      ] Entering safepoint region: Cleanup
[4743.567s][info ][safepoint      ] Leaving safepoint region
[4743.567s][info ][safepoint      ] Total time for which application threads were stopped: 0.0001255 seconds, Stopping threads took: 0.0000658 seconds
[4744.567s][info ][safepoint      ] Application time: 1.0000751 seconds
[4744.567s][info ][safepoint      ] Entering safepoint region: Cleanup
[4744.567s][info ][safepoint      ] Leaving safepoint region
[4744.567s][info ][safepoint      ] Total time for which application threads were stopped: 0.0001025 seconds, Stopping threads took: 0.0000456 seconds
[4745.567s][info ][safepoint      ] Application time: 1.0000760 seconds
[4745.567s][info ][safepoint      ] Entering safepoint region: Cleanup
[4745.567s][info ][safepoint      ] Leaving safepoint region
[4745.567s][info ][safepoint      ] Total time for which application threads were stopped: 0.0001061 seconds, Stopping threads took: 0.0000455 seconds
[4746.567s][info ][safepoint      ] Application time: 1.0000856 seconds
[4746.567s][info ][safepoint      ] Entering safepoint region: Cleanup
[4746.567s][info ][safepoint      ] Leaving safepoint region
[4746.567s][info ][safepoint      ] Total time for which application threads were stopped: 0.0001879 seconds, Stopping threads took: 0.0000944 seconds
[4747.567s][info ][safepoint      ] Application time: 1.0000809 seconds
[4747.568s][info ][safepoint      ] Entering safepoint region: Cleanup
[4747.568s][info ][safepoint      ] Leaving safepoint region
[4747.568s][info ][safepoint      ] Total time for which application threads were stopped: 0.0001301 seconds, Stopping threads took: 0.0000519 seconds
[4748.568s][info ][safepoint      ] Application time: 1.0000827 seconds
[4748.568s][info ][safepoint      ] Entering safepoint region: Cleanup
[4748.568s][info ][safepoint      ] Leaving safepoint region
[4748.568s][info ][safepoint      ] Total time for which application threads were stopped: 0.0001713 seconds, Stopping threads took: 0.0000338 seconds
[4748.920s][info ][safepoint      ] Application time: 0.3518811 seconds
[4748.920s][info ][safepoint      ] Entering safepoint region: ParallelGCFailedAllocation
[4748.920s][info ][gc,start       ] GC(553) Pause Young (Allocation Failure)
[4748.935s][debug][gc,phases      ] GC(553) Scavenge 15.328ms
[4748.935s][debug][gc,ref         ] GC(553) Skipped phase1 of Reference Processing due to unavailable references
[4748.935s][debug][gc,ref         ] GC(553) Skipped phase3 of Reference Processing due to unavailable references
[4748.935s][debug][gc,phases      ] GC(553) Reference Processing 0.029ms
[4748.935s][debug][gc,phases      ] GC(553) Weak Processing 0.141ms
[4748.936s][debug][gc,phases      ] GC(553) Scrub String Table 0.434ms
[4748.936s][debug][gc,age         ] GC(553) Desired survivor size 61341696 bytes, new threshold 15 (max threshold 15)
[4748.936s][info ][gc,heap        ] GC(553) PSYoungGen: 2036880K->48112K(2034688K)
[4748.936s][info ][gc,heap        ] GC(553) ParOldGen: 607732K->607732K(735744K)
[4748.936s][info ][gc,metaspace   ] GC(553) Metaspace: 77201K->77201K(1120256K)
[4748.936s][info ][gc             ] GC(553) Pause Young (Allocation Failure) 2582M->640M(2705M) 16.065ms
[4748.936s][info ][gc,cpu         ] GC(553) User=0.06s Sys=0.00s Real=0.01s
[4748.936s][info ][safepoint      ] Leaving safepoint region
[4748.936s][info ][safepoint      ] Total time for which application threads were stopped: 0.0162153 seconds, Stopping threads took: 0.0000123 seconds
[4749.936s][info ][safepoint      ] Application time: 1.0000859 seconds
[4749.936s][info ][safepoint      ] Entering safepoint region: Cleanup
[4749.936s][info ][safepoint      ] Leaving safepoint region
[4749.936s][info ][safepoint      ] Total time for which application threads were stopped: 0.0000945 seconds, Stopping threads took: 0.0000352 seconds
[4750.936s][info ][safepoint      ] Application time: 1.0000730 seconds
[4750.936s][info ][safepoint      ] Entering safepoint region: Cleanup
[4750.936s][info ][safepoint      ] Leaving safepoint region
[4750.936s][info ][safepoint      ] Total time for which application threads were stopped: 0.0000733 seconds, Stopping threads took: 0.0000141 seconds
[4751.937s][info ][safepoint      ] Application time: 1.0000725 seconds
[4751.937s][info ][safepoint      ] Entering safepoint region: Cleanup
[4751.937s][info ][safepoint      ] Leaving safepoint region
[4751.937s][info ][safepoint      ] Total time for which application threads were stopped: 0.0000702 seconds, Stopping threads took: 0.0000171 seconds
[4752.937s][info ][safepoint      ] Application time: 1.0000688 seconds
[4752.937s][info ][safepoint      ] Entering safepoint region: Cleanup
[4752.937s][info ][safepoint      ] Leaving safepoint region
[4752.937s][info ][safepoint      ] Total time for which application threads were stopped: 0.0000849 seconds, Stopping threads took: 0.0000153 seconds
[4753.937s][info ][safepoint      ] Application time: 1.0000795 seconds
[4753.937s][info ][safepoint      ] Entering safepoint region: Cleanup
[4753.937s][info ][safepoint      ] Leaving safepoint region
[4753.937s][info ][safepoint      ] Total time for which application threads were stopped: 0.0000672 seconds, Stopping threads took: 0.0000153 seconds
[4754.945s][info ][safepoint      ] Application time: 1.0078169 seconds
[4754.945s][info ][safepoint      ] Entering safepoint region: Cleanup
[4754.945s][info ][safepoint      ] Leaving safepoint region
[4754.945s][info ][safepoint      ] Total time for which application threads were stopped: 0.0001186 seconds, Stopping threads took: 0.0000316 seconds
[4755.239s][info ][safepoint      ] Application time: 0.2938263 seconds
[4755.239s][info ][safepoint      ] Entering safepoint region: ParallelGCFailedAllocation
[4755.239s][info ][gc,start       ] GC(554) Pause Young (Allocation Failure)
[4755.261s][debug][gc,phases      ] GC(554) Scavenge 21.922ms
[4755.261s][debug][gc,ref         ] GC(554) Skipped phase1 of Reference Processing due to unavailable references
[4755.261s][debug][gc,ref         ] GC(554) Skipped phase3 of Reference Processing due to unavailable references
[4755.261s][debug][gc,phases      ] GC(554) Reference Processing 0.028ms
[4755.261s][debug][gc,phases      ] GC(554) Weak Processing 0.135ms
[4755.262s][debug][gc,phases      ] GC(554) Scrub String Table 0.465ms
[4755.262s][debug][gc,age         ] GC(554) Desired survivor size 71303168 bytes, new threshold 14 (max threshold 15)
[4755.262s][info ][gc,heap        ] GC(554) PSYoungGen: 2025456K->59892K(2037248K)
[4755.262s][info ][gc,heap        ] GC(554) ParOldGen: 607732K->616792K(735744K)
[4755.262s][info ][gc,metaspace   ] GC(554) Metaspace: 77203K->77203K(1120256K)
[4755.262s][info ][gc             ] GC(554) Pause Young (Allocation Failure) 2571M->660M(2708M) 22.678ms
[4755.262s][info ][gc,cpu         ] GC(554) User=0.10s Sys=0.01s Real=0.02s
[4755.262s][info ][safepoint      ] Leaving safepoint region
[4755.262s][info ][safepoint      ] Total time for which application threads were stopped: 0.0228973 seconds, Stopping threads took: 0.0000619 seconds
[4756.262s][info ][safepoint      ] Application time: 1.0000837 seconds
[4756.262s][info ][safepoint      ] Entering safepoint region: Cleanup
[4756.262s][info ][safepoint      ] Leaving safepoint region
[4756.262s][info ][safepoint      ] Total time for which application threads were stopped: 0.0001011 seconds, Stopping threads took: 0.0000407 seconds
[4757.262s][info ][safepoint      ] Application time: 1.0000763 seconds
[4757.262s][info ][safepoint      ] Entering safepoint region: Cleanup
[4757.262s][info ][safepoint      ] Leaving safepoint region
[4757.262s][info ][safepoint      ] Total time for which application threads were stopped: 0.0001071 seconds, Stopping threads took: 0.0000435 seconds
[4758.262s][info ][safepoint      ] Application time: 1.0000787 seconds
[4758.262s][info ][safepoint      ] Entering safepoint region: Cleanup
[4758.262s][info ][safepoint      ] Leaving safepoint region
[4758.262s][info ][safepoint      ] Total time for which application threads were stopped: 0.0000956 seconds, Stopping threads took: 0.0000386 seconds
[4759.263s][info ][safepoint      ] Application time: 1.0000678 seconds
[4759.263s][info ][safepoint      ] Entering safepoint region: Cleanup
[4759.263s][info ][safepoint      ] Leaving safepoint region
[4759.263s][info ][safepoint      ] Total time for which application threads were stopped: 0.0000948 seconds, Stopping threads took: 0.0000327 seconds
[4760.263s][info ][safepoint      ] Application time: 1.0000756 seconds
[4760.263s][info ][safepoint      ] Entering safepoint region: Cleanup
[4760.263s][info ][safepoint      ] Leaving safepoint region
[4760.263s][info ][safepoint      ] Total time for which application threads were stopped: 0.0001081 seconds, Stopping threads took: 0.0000463 seconds
[4761.263s][info ][safepoint      ] Application time: 1.0000826 seconds
[4761.263s][info ][safepoint      ] Entering safepoint region: Cleanup
[4761.263s][info ][safepoint      ] Leaving safepoint region
[4761.263s][info ][safepoint      ] Total time for which application threads were stopped: 0.0001274 seconds, Stopping threads took: 0.0000639 seconds
[4762.263s][info ][safepoint      ] Application time: 1.0000836 seconds
[4762.263s][info ][safepoint      ] Entering safepoint region: Cleanup
[4762.263s][info ][safepoint      ] Leaving safepoint region
[4762.263s][info ][safepoint      ] Total time for which application threads were stopped: 0.0001043 seconds, Stopping threads took: 0.0000352 seconds
[4762.414s][info ][safepoint      ] Application time: 0.1503130 seconds
[4762.414s][info ][safepoint      ] Entering safepoint region: ParallelGCFailedAllocation
[4762.414s][info ][gc,start       ] GC(555) Pause Young (Allocation Failure)
[4762.428s][debug][gc,phases      ] GC(555) Scavenge 14.204ms
[4762.428s][debug][gc,ref         ] GC(555) Skipped phase1 of Reference Processing due to unavailable references
[4762.428s][debug][gc,ref         ] GC(555) Skipped phase3 of Reference Processing due to unavailable references
[4762.428s][debug][gc,phases      ] GC(555) Reference Processing 0.038ms
[4762.428s][debug][gc,phases      ] GC(555) Weak Processing 0.140ms
[4762.429s][debug][gc,phases      ] GC(555) Scrub String Table 0.434ms
[4762.429s][debug][gc,age         ] GC(555) Desired survivor size 73924608 bytes, new threshold 15 (max threshold 15)
[4762.429s][info ][gc,heap        ] GC(555) PSYoungGen: 2037236K->56096K(2012672K)
[4762.429s][info ][gc,heap        ] GC(555) ParOldGen: 616792K->617272K(735744K)
[4762.429s][info ][gc,metaspace   ] GC(555) Metaspace: 77221K->77221K(1120256K)
[4762.429s][info ][gc             ] GC(555) Pause Young (Allocation Failure) 2591M->657M(2684M) 14.957ms
[4762.429s][info ][gc,cpu         ] GC(555) User=0.06s Sys=0.00s Real=0.02s
[4762.429s][info ][safepoint      ] Leaving safepoint region
[4762.429s][info ][safepoint      ] Total time for which application threads were stopped: 0.0151324 seconds, Stopping threads took: 0.0000132 seconds
[4763.429s][info ][safepoint      ] Application time: 1.0000798 seconds
[4763.429s][info ][safepoint      ] Entering safepoint region: Cleanup
[4763.429s][info ][safepoint      ] Leaving safepoint region
[4763.429s][info ][safepoint      ] Total time for which application threads were stopped: 0.0001022 seconds, Stopping threads took: 0.0000282 seconds
[4764.429s][info ][safepoint      ] Application time: 1.0000644 seconds
[4764.429s][info ][safepoint      ] Entering safepoint region: Cleanup
[4764.429s][info ][safepoint      ] Leaving safepoint region
[4764.429s][info ][safepoint      ] Total time for which application threads were stopped: 0.0000890 seconds, Stopping threads took: 0.0000204 seconds
[4765.429s][info ][safepoint      ] Application time: 1.0000645 seconds
[4765.429s][info ][safepoint      ] Entering safepoint region: Cleanup
[4765.429s][info ][safepoint      ] Leaving safepoint region
[4765.429s][info ][safepoint      ] Total time for which application threads were stopped: 0.0000635 seconds, Stopping threads took: 0.0000137 seconds
[4766.430s][info ][safepoint      ] Application time: 1.0000698 seconds
[4766.430s][info ][safepoint      ] Entering safepoint region: Cleanup
[4766.430s][info ][safepoint      ] Leaving safepoint region
[4766.430s][info ][safepoint      ] Total time for which application threads were stopped: 0.0000650 seconds, Stopping threads took: 0.0000152 seconds
[4767.430s][info ][safepoint      ] Application time: 1.0000652 seconds
[4767.430s][info ][safepoint      ] Entering safepoint region: Cleanup
[4767.430s][info ][safepoint      ] Leaving safepoint region
[4767.430s][info ][safepoint      ] Total time for which application threads were stopped: 0.0000716 seconds, Stopping threads took: 0.0000132 seconds
[4768.430s][info ][safepoint      ] Application time: 1.0000727 seconds
[4768.430s][info ][safepoint      ] Entering safepoint region: Cleanup
[4768.430s][info ][safepoint      ] Leaving safepoint region
[4768.430s][info ][safepoint      ] Total time for which application threads were stopped: 0.0000816 seconds, Stopping threads took: 0.0000188 seconds
[4769.150s][info ][safepoint      ] Application time: 0.7195986 seconds
[4769.150s][info ][safepoint      ] Entering safepoint region: ParallelGCFailedAllocation
[4769.150s][info ][gc,start       ] GC(556) Pause Young (Allocation Failure)
[4769.161s][debug][gc,phases      ] GC(556) Scavenge 11.551ms
[4769.161s][debug][gc,ref         ] GC(556) Skipped phase1 of Reference Processing due to unavailable references
[4769.161s][debug][gc,ref         ] GC(556) Skipped phase3 of Reference Processing due to unavailable references
[4769.161s][debug][gc,phases      ] GC(556) Reference Processing 0.059ms
[4769.162s][debug][gc,phases      ] GC(556) Weak Processing 0.137ms
[4769.162s][debug][gc,phases      ] GC(556) Scrub String Table 0.408ms
[4769.162s][debug][gc,age         ] GC(556) Desired survivor size 71303168 bytes, new threshold 15 (max threshold 15)
[4769.162s][info ][gc,heap        ] GC(556) PSYoungGen: 2008864K->40800K(2024960K)
[4769.162s][info ][gc,heap        ] GC(556) ParOldGen: 617272K->617272K(735744K)
[4769.162s][info ][gc,metaspace   ] GC(556) Metaspace: 77225K->77225K(1120256K)
[4769.162s][info ][gc             ] GC(556) Pause Young (Allocation Failure) 2564M->642M(2696M) 12.280ms
[4769.162s][info ][gc,cpu         ] GC(556) User=0.05s Sys=0.00s Real=0.01s
[4769.162s][info ][safepoint      ] Leaving safepoint region
[4769.162s][info ][safepoint      ] Total time for which application threads were stopped: 0.0124604 seconds, Stopping threads took: 0.0000346 seconds
[4770.162s][info ][safepoint      ] Application time: 1.0000797 seconds
[4770.162s][info ][safepoint      ] Entering safepoint region: Cleanup
[4770.162s][info ][safepoint      ] Leaving safepoint region
[4770.162s][info ][safepoint      ] Total time for which application threads were stopped: 0.0001054 seconds, Stopping threads took: 0.0000445 seconds
[4771.162s][info ][safepoint      ] Application time: 1.0000719 seconds
[4771.163s][info ][safepoint      ] Entering safepoint region: Cleanup
[4771.163s][info ][safepoint      ] Leaving safepoint region
[4771.163s][info ][safepoint      ] Total time for which application threads were stopped: 0.0001234 seconds, Stopping threads took: 0.0000622 seconds
[4772.163s][info ][safepoint      ] Application time: 1.0000770 seconds
[4772.163s][info ][safepoint      ] Entering safepoint region: Cleanup
[4772.163s][info ][safepoint      ] Leaving safepoint region
[4772.163s][info ][safepoint      ] Total time for which application threads were stopped: 0.0000879 seconds, Stopping threads took: 0.0000311 seconds
[4773.163s][info ][safepoint      ] Application time: 1.0000791 seconds
[4773.163s][info ][safepoint      ] Entering safepoint region: Cleanup
[4773.163s][info ][safepoint      ] Leaving safepoint region
[4773.163s][info ][safepoint      ] Total time for which application threads were stopped: 0.0001023 seconds, Stopping threads took: 0.0000311 seconds
[4774.163s][info ][safepoint      ] Application time: 1.0000820 seconds
[4774.163s][info ][safepoint      ] Entering safepoint region: Cleanup
[4774.163s][info ][safepoint      ] Leaving safepoint region
[4774.163s][info ][safepoint      ] Total time for which application threads were stopped: 0.0001095 seconds, Stopping threads took: 0.0000501 seconds
[4775.163s][info ][safepoint      ] Application time: 1.0001127 seconds
[4775.163s][info ][safepoint      ] Entering safepoint region: Cleanup
[4775.163s][info ][safepoint      ] Leaving safepoint region
[4775.163s][info ][safepoint      ] Total time for which application threads were stopped: 0.0000923 seconds, Stopping threads took: 0.0000303 seconds
[4776.164s][info ][safepoint      ] Application time: 1.0000749 seconds
[4776.164s][info ][safepoint      ] Entering safepoint region: Cleanup
[4776.164s][info ][safepoint      ] Leaving safepoint region
[4776.164s][info ][safepoint      ] Total time for which application threads were stopped: 0.0001084 seconds, Stopping threads took: 0.0000349 seconds
[4776.377s][info ][safepoint      ] Application time: 0.2130791 seconds
[4776.377s][info ][safepoint      ] Entering safepoint region: ParallelGCFailedAllocation
[4776.377s][info ][gc,start       ] GC(557) Pause Young (Allocation Failure)
[4776.390s][debug][gc,phases      ] GC(557) Scavenge 13.065ms
[4776.390s][debug][gc,ref         ] GC(557) Skipped phase1 of Reference Processing due to unavailable references
[4776.390s][debug][gc,ref         ] GC(557) Skipped phase3 of Reference Processing due to unavailable references
[4776.390s][debug][gc,phases      ] GC(557) Reference Processing 0.030ms
[4776.390s][debug][gc,phases      ] GC(557) Weak Processing 0.144ms
[4776.391s][debug][gc,phases      ] GC(557) Scrub String Table 0.439ms
[4776.391s][debug][gc,age         ] GC(557) Desired survivor size 68681728 bytes, new threshold 15 (max threshold 15)
[4776.391s][info ][gc,heap        ] GC(557) PSYoungGen: 1993568K->40976K(2030080K)
[4776.391s][info ][gc,heap        ] GC(557) ParOldGen: 617272K->617500K(735744K)
[4776.391s][info ][gc,metaspace   ] GC(557) Metaspace: 77231K->77231K(1120256K)
[4776.391s][info ][gc             ] GC(557) Pause Young (Allocation Failure) 2549M->643M(2701M) 13.828ms
[4776.391s][info ][gc,cpu         ] GC(557) User=0.06s Sys=0.00s Real=0.01s
[4776.391s][info ][safepoint      ] Leaving safepoint region
[4776.391s][info ][safepoint      ] Total time for which application threads were stopped: 0.0139851 seconds, Stopping threads took: 0.0000124 seconds
[4777.391s][info ][safepoint      ] Application time: 1.0000824 seconds
[4777.391s][info ][safepoint      ] Entering safepoint region: Cleanup
[4777.391s][info ][safepoint      ] Leaving safepoint region
[4777.391s][info ][safepoint      ] Total time for which application threads were stopped: 0.0000768 seconds, Stopping threads took: 0.0000156 seconds
[4778.391s][info ][safepoint      ] Application time: 1.0000652 seconds
[4778.391s][info ][safepoint      ] Entering safepoint region: Cleanup
[4778.391s][info ][safepoint      ] Leaving safepoint region
[4778.391s][info ][safepoint      ] Total time for which application threads were stopped: 0.0000833 seconds, Stopping threads took: 0.0000238 seconds
[4779.391s][info ][safepoint      ] Application time: 1.0000832 seconds
[4779.391s][info ][safepoint      ] Entering safepoint region: Cleanup
[4779.391s][info ][safepoint      ] Leaving safepoint region
[4779.391s][info ][safepoint      ] Total time for which application threads were stopped: 0.0000842 seconds, Stopping threads took: 0.0000208 seconds
[4780.392s][info ][safepoint      ] Application time: 1.0000880 seconds
[4780.392s][info ][safepoint      ] Entering safepoint region: Cleanup
[4780.392s][info ][safepoint      ] Leaving safepoint region
[4780.392s][info ][safepoint      ] Total time for which application threads were stopped: 0.0000699 seconds, Stopping threads took: 0.0000171 seconds
[4781.392s][info ][safepoint      ] Application time: 1.0000672 seconds
[4781.392s][info ][safepoint      ] Entering safepoint region: Cleanup
[4781.392s][info ][safepoint      ] Leaving safepoint region
[4781.392s][info ][safepoint      ] Total time for which application threads were stopped: 0.0000752 seconds, Stopping threads took: 0.0000173 seconds
[4782.392s][info ][safepoint      ] Application time: 1.0000676 seconds
[4782.392s][info ][safepoint      ] Entering safepoint region: Cleanup
[4782.392s][info ][safepoint      ] Leaving safepoint region
[4782.392s][info ][safepoint      ] Total time for which application threads were stopped: 0.0001359 seconds, Stopping threads took: 0.0000324 seconds
[4783.392s][info ][safepoint      ] Application time: 1.0000722 seconds
[4783.392s][info ][safepoint      ] Entering safepoint region: Cleanup
[4783.392s][info ][safepoint      ] Leaving safepoint region
[4783.392s][info ][safepoint      ] Total time for which application threads were stopped: 0.0001022 seconds, Stopping threads took: 0.0000383 seconds
[4783.650s][info ][safepoint      ] Application time: 0.2576254 seconds
[4783.650s][info ][safepoint      ] Entering safepoint region: ParallelGCFailedAllocation
[4783.650s][info ][gc,start       ] GC(558) Pause Young (Allocation Failure)
[4783.663s][debug][gc,phases      ] GC(558) Scavenge 12.490ms
[4783.663s][debug][gc,ref         ] GC(558) Skipped phase1 of Reference Processing due to unavailable references
[4783.663s][debug][gc,ref         ] GC(558) Skipped phase3 of Reference Processing due to unavailable references
[4783.663s][debug][gc,phases      ] GC(558) Reference Processing 0.031ms
[4783.663s][debug][gc,phases      ] GC(558) Weak Processing 0.146ms
[4783.663s][debug][gc,phases      ] GC(558) Scrub String Table 0.435ms
[4783.663s][debug][gc,age         ] GC(558) Desired survivor size 66060288 bytes, new threshold 15 (max threshold 15)
[4783.663s][info ][gc,heap        ] GC(558) PSYoungGen: 2001424K->41360K(2027520K)
[4783.663s][info ][gc,heap        ] GC(558) ParOldGen: 617500K->617788K(735744K)
[4783.663s][info ][gc,metaspace   ] GC(558) Metaspace: 77239K->77239K(1120256K)
[4783.663s][info ][gc             ] GC(558) Pause Young (Allocation Failure) 2557M->643M(2698M) 13.256ms
[4783.663s][info ][gc,cpu         ] GC(558) User=0.05s Sys=0.00s Real=0.01s
[4783.663s][info ][safepoint      ] Leaving safepoint region
[4783.663s][info ][safepoint      ] Total time for which application threads were stopped: 0.0134669 seconds, Stopping threads took: 0.0000640 seconds
[4784.664s][info ][safepoint      ] Application time: 1.0001456 seconds
[4784.664s][info ][safepoint      ] Entering safepoint region: Cleanup
[4784.664s][info ][safepoint      ] Leaving safepoint region
[4784.664s][info ][safepoint      ] Total time for which application threads were stopped: 0.0001140 seconds, Stopping threads took: 0.0000421 seconds
[4785.664s][info ][safepoint      ] Application time: 1.0000785 seconds
[4785.664s][info ][safepoint      ] Entering safepoint region: Cleanup
[4785.664s][info ][safepoint      ] Leaving safepoint region
[4785.664s][info ][safepoint      ] Total time for which application threads were stopped: 0.0001120 seconds, Stopping threads took: 0.0000323 seconds
[4786.664s][info ][safepoint      ] Application time: 1.0000712 seconds
[4786.664s][info ][safepoint      ] Entering safepoint region: Cleanup
[4786.664s][info ][safepoint      ] Leaving safepoint region
[4786.664s][info ][safepoint      ] Total time for which application threads were stopped: 0.0001384 seconds, Stopping threads took: 0.0000721 seconds
[4787.664s][info ][safepoint      ] Application time: 1.0000713 seconds
[4787.664s][info ][safepoint      ] Entering safepoint region: Cleanup
[4787.664s][info ][safepoint      ] Leaving safepoint region
[4787.664s][info ][safepoint      ] Total time for which application threads were stopped: 0.0000972 seconds, Stopping threads took: 0.0000330 seconds
[4788.664s][info ][safepoint      ] Application time: 1.0000764 seconds
[4788.665s][info ][safepoint      ] Entering safepoint region: Cleanup
[4788.665s][info ][safepoint      ] Leaving safepoint region
[4788.665s][info ][safepoint      ] Total time for which application threads were stopped: 0.0001296 seconds, Stopping threads took: 0.0000634 seconds
[4789.665s][info ][safepoint      ] Application time: 1.0000874 seconds
[4789.665s][info ][safepoint      ] Entering safepoint region: Cleanup
[4789.665s][info ][safepoint      ] Leaving safepoint region
[4789.665s][info ][safepoint      ] Total time for which application threads were stopped: 0.0001239 seconds, Stopping threads took: 0.0000549 seconds
[4790.665s][info ][safepoint      ] Application time: 1.0000714 seconds
[4790.665s][info ][safepoint      ] Entering safepoint region: Cleanup
[4790.665s][info ][safepoint      ] Leaving safepoint region
[4790.665s][info ][safepoint      ] Total time for which application threads were stopped: 0.0001014 seconds, Stopping threads took: 0.0000383 seconds
[4791.214s][info ][safepoint      ] Application time: 0.5486173 seconds
[4791.214s][info ][safepoint      ] Entering safepoint region: ParallelGCFailedAllocation
[4791.214s][info ][gc,start       ] GC(559) Pause Young (Allocation Failure)
[4791.226s][debug][gc,phases      ] GC(559) Scavenge 11.971ms
[4791.226s][debug][gc,ref         ] GC(559) Skipped phase1 of Reference Processing due to unavailable references
[4791.226s][debug][gc,ref         ] GC(559) Skipped phase3 of Reference Processing due to unavailable references
[4791.226s][debug][gc,phases      ] GC(559) Reference Processing 0.031ms
[4791.226s][debug][gc,phases      ] GC(559) Weak Processing 0.167ms
[4791.227s][debug][gc,phases      ] GC(559) Scrub String Table 0.426ms
[4791.227s][debug][gc,age         ] GC(559) Desired survivor size 63438848 bytes, new threshold 15 (max threshold 15)
[4791.227s][info ][gc,heap        ] GC(559) PSYoungGen: 2001808K->40976K(2035200K)
[4791.227s][info ][gc,heap        ] GC(559) ParOldGen: 617788K->618052K(735744K)
[4791.227s][info ][gc,metaspace   ] GC(559) Metaspace: 77275K->77275K(1120256K)
[4791.227s][info ][gc             ] GC(559) Pause Young (Allocation Failure) 2558M->643M(2706M) 12.746ms
[4791.227s][info ][gc,cpu         ] GC(559) User=0.05s Sys=0.00s Real=0.01s
[4791.227s][info ][safepoint      ] Leaving safepoint region
[4791.227s][info ][safepoint      ] Total time for which application threads were stopped: 0.0129085 seconds, Stopping threads took: 0.0000129 seconds
[4792.227s][info ][safepoint      ] Application time: 1.0000742 seconds
[4792.227s][info ][safepoint      ] Entering safepoint region: Cleanup
[4792.227s][info ][safepoint      ] Leaving safepoint region
[4792.227s][info ][safepoint      ] Total time for which application threads were stopped: 0.0001287 seconds, Stopping threads took: 0.0000445 seconds
[4793.227s][info ][safepoint      ] Application time: 1.0000886 seconds
[4793.227s][info ][safepoint      ] Entering safepoint region: Cleanup
[4793.227s][info ][safepoint      ] Leaving safepoint region
[4793.227s][info ][safepoint      ] Total time for which application threads were stopped: 0.0001069 seconds, Stopping threads took: 0.0000344 seconds
[4794.227s][info ][safepoint      ] Application time: 1.0000847 seconds
[4794.227s][info ][safepoint      ] Entering safepoint region: Cleanup
[4794.227s][info ][safepoint      ] Leaving safepoint region
[4794.227s][info ][safepoint      ] Total time for which application threads were stopped: 0.0000891 seconds, Stopping threads took: 0.0000319 seconds
[4795.227s][info ][safepoint      ] Application time: 1.0000713 seconds
[4795.228s][info ][safepoint      ] Entering safepoint region: Cleanup
[4795.228s][info ][safepoint      ] Leaving safepoint region
[4795.228s][info ][safepoint      ] Total time for which application threads were stopped: 0.0000937 seconds, Stopping threads took: 0.0000317 seconds
[4796.228s][info ][safepoint      ] Application time: 1.0000796 seconds
[4796.228s][info ][safepoint      ] Entering safepoint region: Cleanup
[4796.228s][info ][safepoint      ] Leaving safepoint region
[4796.228s][info ][safepoint      ] Total time for which application threads were stopped: 0.0000857 seconds, Stopping threads took: 0.0000330 seconds
[4797.228s][info ][safepoint      ] Application time: 1.0000757 seconds
[4797.228s][info ][safepoint      ] Entering safepoint region: Cleanup
[4797.228s][info ][safepoint      ] Leaving safepoint region
[4797.228s][info ][safepoint      ] Total time for which application threads were stopped: 0.0000929 seconds, Stopping threads took: 0.0000374 seconds
[4798.228s][info ][safepoint      ] Application time: 1.0000765 seconds
[4798.228s][info ][safepoint      ] Entering safepoint region: Cleanup
[4798.228s][info ][safepoint      ] Leaving safepoint region
[4798.228s][info ][safepoint      ] Total time for which application threads were stopped: 0.0000923 seconds, Stopping threads took: 0.0000329 seconds
[4798.751s][info ][safepoint      ] Application time: 0.5224209 seconds
[4798.751s][info ][safepoint      ] Entering safepoint region: ParallelGCFailedAllocation
[4798.751s][info ][gc,start       ] GC(560) Pause Young (Allocation Failure)
[4798.766s][debug][gc,phases      ] GC(560) Scavenge 14.653ms
[4798.766s][debug][gc,ref         ] GC(560) Skipped phase1 of Reference Processing due to unavailable references
[4798.766s][debug][gc,ref         ] GC(560) Skipped phase3 of Reference Processing due to unavailable references
[4798.766s][debug][gc,phases      ] GC(560) Reference Processing 0.028ms
[4798.766s][debug][gc,phases      ] GC(560) Weak Processing 0.131ms
[4798.766s][debug][gc,phases      ] GC(560) Scrub String Table 0.398ms
[4798.766s][debug][gc,age         ] GC(560) Desired survivor size 61865984 bytes, new threshold 15 (max threshold 15)
[4798.766s][info ][gc,heap        ] GC(560) PSYoungGen: 2011664K->40976K(2032640K)
[4798.766s][info ][gc,heap        ] GC(560) ParOldGen: 618052K->619276K(735744K)
[4798.766s][info ][gc,metaspace   ] GC(560) Metaspace: 77276K->77276K(1120256K)
[4798.766s][info ][gc             ] GC(560) Pause Young (Allocation Failure) 2568M->644M(2703M) 15.354ms
[4798.766s][info ][gc,cpu         ] GC(560) User=0.06s Sys=0.00s Real=0.01s
[4798.766s][info ][safepoint      ] Leaving safepoint region
[4798.766s][info ][safepoint      ] Total time for which application threads were stopped: 0.0155459 seconds, Stopping threads took: 0.0000395 seconds
[4799.766s][info ][safepoint      ] Application time: 1.0000860 seconds
[4799.766s][info ][safepoint      ] Entering safepoint region: Cleanup
[4799.766s][info ][safepoint      ] Leaving safepoint region
[4799.766s][info ][safepoint      ] Total time for which application threads were stopped: 0.0000932 seconds, Stopping threads took: 0.0000363 seconds
[4800.767s][info ][safepoint      ] Application time: 1.0000799 seconds
[4800.767s][info ][safepoint      ] Entering safepoint region: Cleanup
[4800.767s][info ][safepoint      ] Leaving safepoint region
[4800.767s][info ][safepoint      ] Total time for which application threads were stopped: 0.0000976 seconds, Stopping threads took: 0.0000352 seconds
[4801.767s][info ][safepoint      ] Application time: 1.0000726 seconds
[4801.767s][info ][safepoint      ] Entering safepoint region: Cleanup
[4801.767s][info ][safepoint      ] Leaving safepoint region
[4801.767s][info ][safepoint      ] Total time for which application threads were stopped: 0.0001164 seconds, Stopping threads took: 0.0000547 seconds
[4802.767s][info ][safepoint      ] Application time: 1.0000359 seconds
[4802.767s][info ][safepoint      ] Entering safepoint region: Cleanup
[4802.767s][info ][safepoint      ] Leaving safepoint region
[4802.767s][info ][safepoint      ] Total time for which application threads were stopped: 0.0001022 seconds, Stopping threads took: 0.0000457 seconds
[4803.767s][info ][safepoint      ] Application time: 1.0000802 seconds
[4803.767s][info ][safepoint      ] Entering safepoint region: Cleanup
[4803.767s][info ][safepoint      ] Leaving safepoint region
[4803.767s][info ][safepoint      ] Total time for which application threads were stopped: 0.0000965 seconds, Stopping threads took: 0.0000372 seconds
[4804.767s][info ][safepoint      ] Application time: 1.0000752 seconds
[4804.767s][info ][safepoint      ] Entering safepoint region: Cleanup
[4804.768s][info ][safepoint      ] Leaving safepoint region
[4804.768s][info ][safepoint      ] Total time for which application threads were stopped: 0.0000992 seconds, Stopping threads took: 0.0000315 seconds
[4805.768s][info ][safepoint      ] Application time: 1.0000737 seconds
[4805.768s][info ][safepoint      ] Entering safepoint region: Cleanup
[4805.768s][info ][safepoint      ] Leaving safepoint region
[4805.768s][info ][safepoint      ] Total time for which application threads were stopped: 0.0001178 seconds, Stopping threads took: 0.0000409 seconds
[4806.123s][info ][safepoint      ] Application time: 0.3552323 seconds
[4806.123s][info ][safepoint      ] Entering safepoint region: ParallelGCFailedAllocation
[4806.123s][info ][gc,start       ] GC(561) Pause Young (Allocation Failure)
[4806.137s][debug][gc,phases      ] GC(561) Scavenge 13.529ms
[4806.137s][debug][gc,ref         ] GC(561) Skipped phase1 of Reference Processing due to unavailable references
[4806.137s][debug][gc,ref         ] GC(561) Skipped phase3 of Reference Processing due to unavailable references
[4806.137s][debug][gc,phases      ] GC(561) Reference Processing 0.047ms
[4806.137s][debug][gc,phases      ] GC(561) Weak Processing 0.147ms
[4806.137s][debug][gc,phases      ] GC(561) Scrub String Table 0.432ms
[4806.137s][debug][gc,age         ] GC(561) Desired survivor size 60293120 bytes, new threshold 15 (max threshold 15)
[4806.137s][info ][gc,heap        ] GC(561) PSYoungGen: 2011664K->38640K(2038272K)
[4806.137s][info ][gc,heap        ] GC(561) ParOldGen: 619276K->622297K(735744K)
[4806.137s][info ][gc,metaspace   ] GC(561) Metaspace: 77276K->77276K(1120256K)
[4806.137s][info ][gc             ] GC(561) Pause Young (Allocation Failure) 2569M->645M(2709M) 14.306ms
[4806.138s][info ][gc,cpu         ] GC(561) User=0.06s Sys=0.00s Real=0.02s
[4806.138s][info ][safepoint      ] Leaving safepoint region
[4806.138s][info ][safepoint      ] Total time for which application threads were stopped: 0.0145019 seconds, Stopping threads took: 0.0000377 seconds
[4807.138s][info ][safepoint      ] Application time: 1.0000850 seconds
[4807.138s][info ][safepoint      ] Entering safepoint region: Cleanup
[4807.138s][info ][safepoint      ] Leaving safepoint region
[4807.138s][info ][safepoint      ] Total time for which application threads were stopped: 0.0000634 seconds, Stopping threads took: 0.0000141 seconds
[4808.138s][info ][safepoint      ] Application time: 1.0000794 seconds
[4808.138s][info ][safepoint      ] Entering safepoint region: Cleanup
[4808.138s][info ][safepoint      ] Leaving safepoint region
[4808.138s][info ][safepoint      ] Total time for which application threads were stopped: 0.0000868 seconds, Stopping threads took: 0.0000249 seconds
[4809.138s][info ][safepoint      ] Application time: 1.0000697 seconds
[4809.138s][info ][safepoint      ] Entering safepoint region: Cleanup
[4809.138s][info ][safepoint      ] Leaving safepoint region
[4809.138s][info ][safepoint      ] Total time for which application threads were stopped: 0.0000715 seconds, Stopping threads took: 0.0000135 seconds
[4810.138s][info ][safepoint      ] Application time: 1.0000725 seconds
[4810.138s][info ][safepoint      ] Entering safepoint region: Cleanup
[4810.138s][info ][safepoint      ] Leaving safepoint region
[4810.138s][info ][safepoint      ] Total time for which application threads were stopped: 0.0000703 seconds, Stopping threads took: 0.0000159 seconds
[4811.138s][info ][safepoint      ] Application time: 1.0000865 seconds
[4811.138s][info ][safepoint      ] Entering safepoint region: Cleanup
[4811.139s][info ][safepoint      ] Leaving safepoint region
[4811.139s][info ][safepoint      ] Total time for which application threads were stopped: 0.0000996 seconds, Stopping threads took: 0.0000221 seconds
[4812.139s][info ][safepoint      ] Application time: 1.0000840 seconds
[4812.139s][info ][safepoint      ] Entering safepoint region: Cleanup
[4812.139s][info ][safepoint      ] Leaving safepoint region
[4812.139s][info ][safepoint      ] Total time for which application threads were stopped: 0.0001159 seconds, Stopping threads took: 0.0000234 seconds
[4813.139s][info ][safepoint      ] Application time: 1.0000786 seconds
[4813.139s][info ][safepoint      ] Entering safepoint region: Cleanup
[4813.139s][info ][safepoint      ] Leaving safepoint region
[4813.139s][info ][safepoint      ] Total time for which application threads were stopped: 0.0000876 seconds, Stopping threads took: 0.0000299 seconds
[4813.862s][info ][safepoint      ] Application time: 0.7229086 seconds
[4813.862s][info ][safepoint      ] Entering safepoint region: ParallelGCFailedAllocation
[4813.862s][info ][gc,start       ] GC(562) Pause Young (Allocation Failure)
[4813.874s][debug][gc,phases      ] GC(562) Scavenge 11.889ms
[4813.874s][debug][gc,ref         ] GC(562) Skipped phase1 of Reference Processing due to unavailable references
[4813.874s][debug][gc,ref         ] GC(562) Skipped phase3 of Reference Processing due to unavailable references
[4813.874s][debug][gc,phases      ] GC(562) Reference Processing 0.029ms
[4813.874s][debug][gc,phases      ] GC(562) Weak Processing 0.135ms
[4813.875s][debug][gc,phases      ] GC(562) Scrub String Table 0.411ms
[4813.875s][debug][gc,age         ] GC(562) Desired survivor size 59244544 bytes, new threshold 15 (max threshold 15)
[4813.875s][info ][gc,heap        ] GC(562) PSYoungGen: 2016496K->36832K(2036736K)
[4813.875s][info ][gc,heap        ] GC(562) ParOldGen: 622297K->623293K(735744K)
[4813.875s][info ][gc,metaspace   ] GC(562) Metaspace: 77289K->77289K(1120256K)
[4813.875s][info ][gc             ] GC(562) Pause Young (Allocation Failure) 2576M->644M(2707M) 12.602ms
[4813.875s][info ][gc,cpu         ] GC(562) User=0.05s Sys=0.00s Real=0.01s
[4813.875s][info ][safepoint      ] Leaving safepoint region
[4813.875s][info ][safepoint      ] Total time for which application threads were stopped: 0.0127759 seconds, Stopping threads took: 0.0000143 seconds
[4814.875s][info ][safepoint      ] Application time: 1.0000881 seconds
[4814.875s][info ][safepoint      ] Entering safepoint region: Cleanup
[4814.875s][info ][safepoint      ] Leaving safepoint region
[4814.875s][info ][safepoint      ] Total time for which application threads were stopped: 0.0000916 seconds, Stopping threads took: 0.0000348 seconds
[4815.875s][info ][safepoint      ] Application time: 1.0000835 seconds
[4815.875s][info ][safepoint      ] Entering safepoint region: Cleanup
[4815.875s][info ][safepoint      ] Leaving safepoint region
[4815.875s][info ][safepoint      ] Total time for which application threads were stopped: 0.0000912 seconds, Stopping threads took: 0.0000334 seconds
[4816.875s][info ][safepoint      ] Application time: 1.0000752 seconds
[4816.875s][info ][safepoint      ] Entering safepoint region: Cleanup
[4816.875s][info ][safepoint      ] Leaving safepoint region
[4816.875s][info ][safepoint      ] Total time for which application threads were stopped: 0.0000857 seconds, Stopping threads took: 0.0000310 seconds
[4817.875s][info ][safepoint      ] Application time: 1.0000734 seconds
[4817.876s][info ][safepoint      ] Entering safepoint region: Cleanup
[4817.876s][info ][safepoint      ] Leaving safepoint region
[4817.876s][info ][safepoint      ] Total time for which application threads were stopped: 0.0000981 seconds, Stopping threads took: 0.0000288 seconds
[4818.876s][info ][safepoint      ] Application time: 1.0000838 seconds
[4818.876s][info ][safepoint      ] Entering safepoint region: Cleanup
[4818.876s][info ][safepoint      ] Leaving safepoint region
[4818.876s][info ][safepoint      ] Total time for which application threads were stopped: 0.0000915 seconds, Stopping threads took: 0.0000325 seconds
[4819.876s][info ][safepoint      ] Application time: 1.0000842 seconds
[4819.876s][info ][safepoint      ] Entering safepoint region: Cleanup
[4819.876s][info ][safepoint      ] Leaving safepoint region
[4819.876s][info ][safepoint      ] Total time for which application threads were stopped: 0.0001208 seconds, Stopping threads took: 0.0000368 seconds
[4820.528s][info ][safepoint      ] Application time: 0.6519873 seconds
[4820.528s][info ][safepoint      ] Entering safepoint region: ParallelGCFailedAllocation
[4820.528s][info ][gc,start       ] GC(563) Pause Young (Allocation Failure)
[4820.542s][debug][gc,phases      ] GC(563) Scavenge 13.923ms
[4820.542s][debug][gc,ref         ] GC(563) Skipped phase1 of Reference Processing due to unavailable references
[4820.542s][debug][gc,ref         ] GC(563) Skipped phase3 of Reference Processing due to unavailable references
[4820.542s][debug][gc,phases      ] GC(563) Reference Processing 0.042ms
[4820.542s][debug][gc,phases      ] GC(563) Weak Processing 0.155ms
[4820.543s][debug][gc,phases      ] GC(563) Scrub String Table 0.536ms
[4820.543s][debug][gc,age         ] GC(563) Desired survivor size 58195968 bytes, new threshold 15 (max threshold 15)
[4820.543s][info ][gc,heap        ] GC(563) PSYoungGen: 2014688K->36576K(2040320K)
[4820.543s][info ][gc,heap        ] GC(563) ParOldGen: 623293K->623862K(735744K)
[4820.543s][info ][gc,metaspace   ] GC(563) Metaspace: 77297K->77297K(1120256K)
[4820.543s][info ][gc             ] GC(563) Pause Young (Allocation Failure) 2576M->644M(2711M) 14.816ms
[4820.543s][info ][gc,cpu         ] GC(563) User=0.05s Sys=0.00s Real=0.02s
[4820.543s][info ][safepoint      ] Leaving safepoint region
[4820.543s][info ][safepoint      ] Total time for which application threads were stopped: 0.0149786 seconds, Stopping threads took: 0.0000135 seconds
[4821.543s][info ][safepoint      ] Application time: 1.0000651 seconds
[4821.543s][info ][safepoint      ] Entering safepoint region: Cleanup
[4821.543s][info ][safepoint      ] Leaving safepoint region
[4821.543s][info ][safepoint      ] Total time for which application threads were stopped: 0.0000856 seconds, Stopping threads took: 0.0000320 seconds
[4822.543s][info ][safepoint      ] Application time: 1.0000715 seconds
[4822.543s][info ][safepoint      ] Entering safepoint region: Cleanup
[4822.543s][info ][safepoint      ] Leaving safepoint region
[4822.543s][info ][safepoint      ] Total time for which application threads were stopped: 0.0000655 seconds, Stopping threads took: 0.0000153 seconds
[4823.544s][info ][safepoint      ] Application time: 1.0000754 seconds
[4823.544s][info ][safepoint      ] Entering safepoint region: Cleanup
[4823.544s][info ][safepoint      ] Leaving safepoint region
[4823.544s][info ][safepoint      ] Total time for which application threads were stopped: 0.0000689 seconds, Stopping threads took: 0.0000162 seconds
[4824.544s][info ][safepoint      ] Application time: 1.0000783 seconds
[4824.544s][info ][safepoint      ] Entering safepoint region: Cleanup
[4824.544s][info ][safepoint      ] Leaving safepoint region
[4824.544s][info ][safepoint      ] Total time for which application threads were stopped: 0.0000824 seconds, Stopping threads took: 0.0000183 seconds
[4825.544s][info ][safepoint      ] Application time: 1.0000742 seconds
[4825.544s][info ][safepoint      ] Entering safepoint region: Cleanup
[4825.544s][info ][safepoint      ] Leaving safepoint region
[4825.544s][info ][safepoint      ] Total time for which application threads were stopped: 0.0000700 seconds, Stopping threads took: 0.0000154 seconds
[4826.544s][info ][safepoint      ] Application time: 1.0000689 seconds
[4826.544s][info ][safepoint      ] Entering safepoint region: Cleanup
[4826.544s][info ][safepoint      ] Leaving safepoint region
[4826.544s][info ][safepoint      ] Total time for which application threads were stopped: 0.0000676 seconds, Stopping threads took: 0.0000159 seconds
[4827.544s][info ][safepoint      ] Application time: 1.0000783 seconds
[4827.544s][info ][safepoint      ] Entering safepoint region: Cleanup
[4827.544s][info ][safepoint      ] Leaving safepoint region
[4827.544s][info ][safepoint      ] Total time for which application threads were stopped: 0.0000871 seconds, Stopping threads took: 0.0000151 seconds
[4828.544s][info ][safepoint      ] Application time: 1.0000703 seconds
[4828.545s][info ][safepoint      ] Entering safepoint region: Cleanup
[4828.545s][info ][safepoint      ] Leaving safepoint region
[4828.545s][info ][safepoint      ] Total time for which application threads were stopped: 0.0000688 seconds, Stopping threads took: 0.0000176 seconds
[4828.650s][info ][safepoint      ] Application time: 0.1055589 seconds
[4828.650s][info ][safepoint      ] Entering safepoint region: ParallelGCFailedAllocation
[4828.650s][info ][gc,start       ] GC(564) Pause Young (Allocation Failure)
[4828.664s][debug][gc,phases      ] GC(564) Scavenge 13.333ms
[4828.664s][debug][gc,ref         ] GC(564) Skipped phase1 of Reference Processing due to unavailable references
[4828.664s][debug][gc,ref         ] GC(564) Skipped phase3 of Reference Processing due to unavailable references
[4828.664s][debug][gc,phases      ] GC(564) Reference Processing 0.030ms
[4828.664s][debug][gc,phases      ] GC(564) Weak Processing 0.144ms
[4828.664s][debug][gc,phases      ] GC(564) Scrub String Table 0.415ms
[4828.664s][debug][gc,age         ] GC(564) Desired survivor size 58720256 bytes, new threshold 15 (max threshold 15)
[4828.664s][info ][gc,heap        ] GC(564) PSYoungGen: 2019040K->28768K(2039296K)
[4828.664s][info ][gc,heap        ] GC(564) ParOldGen: 623862K->632440K(735744K)
[4828.664s][info ][gc,metaspace   ] GC(564) Metaspace: 77301K->77301K(1120256K)
[4828.664s][info ][gc             ] GC(564) Pause Young (Allocation Failure) 2580M->645M(2710M) 14.062ms
[4828.664s][info ][gc,cpu         ] GC(564) User=0.04s Sys=0.01s Real=0.01s
[4828.664s][info ][safepoint      ] Leaving safepoint region
[4828.664s][info ][safepoint      ] Total time for which application threads were stopped: 0.0142686 seconds, Stopping threads took: 0.0000628 seconds
[4829.665s][info ][safepoint      ] Application time: 1.0001365 seconds
[4829.665s][info ][safepoint      ] Entering safepoint region: Cleanup
[4829.665s][info ][safepoint      ] Leaving safepoint region
[4829.665s][info ][safepoint      ] Total time for which application threads were stopped: 0.0001372 seconds, Stopping threads took: 0.0000698 seconds
[4830.665s][info ][safepoint      ] Application time: 1.0000689 seconds
[4830.665s][info ][safepoint      ] Entering safepoint region: Cleanup
[4830.665s][info ][safepoint      ] Leaving safepoint region
[4830.665s][info ][safepoint      ] Total time for which application threads were stopped: 0.0001033 seconds, Stopping threads took: 0.0000436 seconds
[4831.665s][info ][safepoint      ] Application time: 1.0000690 seconds
[4831.665s][info ][safepoint      ] Entering safepoint region: Cleanup
[4831.665s][info ][safepoint      ] Leaving safepoint region
[4831.665s][info ][safepoint      ] Total time for which application threads were stopped: 0.0001017 seconds, Stopping threads took: 0.0000405 seconds
[4832.665s][info ][safepoint      ] Application time: 1.0000730 seconds
[4832.665s][info ][safepoint      ] Entering safepoint region: Cleanup
[4832.665s][info ][safepoint      ] Leaving safepoint region
[4832.665s][info ][safepoint      ] Total time for which application threads were stopped: 0.0001146 seconds, Stopping threads took: 0.0000576 seconds
[4833.666s][info ][safepoint      ] Application time: 1.0000701 seconds
[4833.666s][info ][safepoint      ] Entering safepoint region: Cleanup
[4833.666s][info ][safepoint      ] Leaving safepoint region
[4833.666s][info ][safepoint      ] Total time for which application threads were stopped: 0.0000994 seconds, Stopping threads took: 0.0000385 seconds
[4834.666s][info ][safepoint      ] Application time: 1.0000795 seconds
[4834.666s][info ][safepoint      ] Entering safepoint region: Cleanup
[4834.666s][info ][safepoint      ] Leaving safepoint region
[4834.666s][info ][safepoint      ] Total time for which application threads were stopped: 0.0001085 seconds, Stopping threads took: 0.0000508 seconds
[4835.666s][info ][safepoint      ] Application time: 1.0000759 seconds
[4835.666s][info ][safepoint      ] Entering safepoint region: Cleanup
[4835.666s][info ][safepoint      ] Leaving safepoint region
[4835.666s][info ][safepoint      ] Total time for which application threads were stopped: 0.0000871 seconds, Stopping threads took: 0.0000295 seconds
[4836.451s][info ][safepoint      ] Application time: 0.7845659 seconds
[4836.451s][info ][safepoint      ] Entering safepoint region: ParallelGCFailedAllocation
[4836.451s][info ][gc,start       ] GC(565) Pause Young (Allocation Failure)
[4836.462s][debug][gc,phases      ] GC(565) Scavenge 10.688ms
[4836.462s][debug][gc,ref         ] GC(565) Skipped phase1 of Reference Processing due to unavailable references
[4836.462s][debug][gc,ref         ] GC(565) Skipped phase3 of Reference Processing due to unavailable references
[4836.462s][debug][gc,phases      ] GC(565) Reference Processing 0.028ms
[4836.462s][debug][gc,phases      ] GC(565) Weak Processing 0.141ms
[4836.462s][debug][gc,phases      ] GC(565) Scrub String Table 0.444ms
[4836.462s][debug][gc,age         ] GC(565) Desired survivor size 59244544 bytes, new threshold 15 (max threshold 15)
[4836.462s][info ][gc,heap        ] GC(565) PSYoungGen: 2011232K->25440K(2038784K)
[4836.462s][info ][gc,heap        ] GC(565) ParOldGen: 632440K->636397K(735744K)
[4836.462s][info ][gc,metaspace   ] GC(565) Metaspace: 77314K->77314K(1120256K)
[4836.462s][info ][gc             ] GC(565) Pause Young (Allocation Failure) 2581M->646M(2709M) 11.436ms
[4836.462s][info ][gc,cpu         ] GC(565) User=0.05s Sys=0.00s Real=0.01s
[4836.462s][info ][safepoint      ] Leaving safepoint region
[4836.462s][info ][safepoint      ] Total time for which application threads were stopped: 0.0116127 seconds, Stopping threads took: 0.0000319 seconds
[4837.462s][info ][safepoint      ] Application time: 1.0000815 seconds
[4837.463s][info ][safepoint      ] Entering safepoint region: Cleanup
[4837.463s][info ][safepoint      ] Leaving safepoint region
[4837.463s][info ][safepoint      ] Total time for which application threads were stopped: 0.0000882 seconds, Stopping threads took: 0.0000325 seconds
[4838.463s][info ][safepoint      ] Application time: 1.0000706 seconds
[4838.463s][info ][safepoint      ] Entering safepoint region: Cleanup
[4838.463s][info ][safepoint      ] Leaving safepoint region
[4838.463s][info ][safepoint      ] Total time for which application threads were stopped: 0.0001019 seconds, Stopping threads took: 0.0000427 seconds
[4839.463s][info ][safepoint      ] Application time: 1.0000731 seconds
[4839.463s][info ][safepoint      ] Entering safepoint region: Cleanup
[4839.463s][info ][safepoint      ] Leaving safepoint region
[4839.463s][info ][safepoint      ] Total time for which application threads were stopped: 0.0001292 seconds, Stopping threads took: 0.0000707 seconds
[4840.463s][info ][safepoint      ] Application time: 1.0000698 seconds
[4840.463s][info ][safepoint      ] Entering safepoint region: Cleanup
[4840.463s][info ][safepoint      ] Leaving safepoint region
[4840.463s][info ][safepoint      ] Total time for which application threads were stopped: 0.0000888 seconds, Stopping threads took: 0.0000344 seconds
[4841.463s][info ][safepoint      ] Application time: 1.0000807 seconds
[4841.463s][info ][safepoint      ] Entering safepoint region: Cleanup
[4841.463s][info ][safepoint      ] Leaving safepoint region
[4841.463s][info ][safepoint      ] Total time for which application threads were stopped: 0.0000940 seconds, Stopping threads took: 0.0000332 seconds
[4842.464s][info ][safepoint      ] Application time: 1.0000798 seconds
[4842.464s][info ][safepoint      ] Entering safepoint region: Cleanup
[4842.464s][info ][safepoint      ] Leaving safepoint region
[4842.464s][info ][safepoint      ] Total time for which application threads were stopped: 0.0001128 seconds, Stopping threads took: 0.0000518 seconds
[4843.464s][info ][safepoint      ] Application time: 1.0000717 seconds
[4843.464s][info ][safepoint      ] Entering safepoint region: Cleanup
[4843.464s][info ][safepoint      ] Leaving safepoint region
[4843.464s][info ][safepoint      ] Total time for which application threads were stopped: 0.0001160 seconds, Stopping threads took: 0.0000568 seconds
[4844.249s][info ][safepoint      ] Application time: 0.7852547 seconds
[4844.249s][info ][safepoint      ] Entering safepoint region: ParallelGCFailedAllocation
[4844.249s][info ][gc,start       ] GC(566) Pause Young (Allocation Failure)
[4844.259s][debug][gc,phases      ] GC(566) Scavenge 9.597ms
[4844.259s][debug][gc,ref         ] GC(566) Skipped phase1 of Reference Processing due to unavailable references
[4844.259s][debug][gc,ref         ] GC(566) Skipped phase3 of Reference Processing due to unavailable references
[4844.259s][debug][gc,phases      ] GC(566) Reference Processing 0.031ms
[4844.259s][debug][gc,phases      ] GC(566) Weak Processing 0.127ms
[4844.260s][debug][gc,phases      ] GC(566) Scrub String Table 0.438ms
[4844.260s][debug][gc,age         ] GC(566) Desired survivor size 59768832 bytes, new threshold 15 (max threshold 15)
[4844.260s][info ][gc,heap        ] GC(566) PSYoungGen: 2006880K->23312K(2004992K)
[4844.260s][info ][gc,heap        ] GC(566) ParOldGen: 636397K->638638K(735744K)
[4844.260s][info ][gc,metaspace   ] GC(566) Metaspace: 77314K->77314K(1120256K)
[4844.260s][info ][gc             ] GC(566) Pause Young (Allocation Failure) 2581M->646M(2676M) 10.322ms
[4844.260s][info ][gc,cpu         ] GC(566) User=0.04s Sys=0.01s Real=0.01s
[4844.260s][info ][safepoint      ] Leaving safepoint region
[4844.260s][info ][safepoint      ] Total time for which application threads were stopped: 0.0105314 seconds, Stopping threads took: 0.0000419 seconds
[4845.260s][info ][safepoint      ] Application time: 1.0000471 seconds
[4845.260s][info ][safepoint      ] Entering safepoint region: Cleanup
[4845.260s][info ][safepoint      ] Leaving safepoint region
[4845.260s][info ][safepoint      ] Total time for which application threads were stopped: 0.0001234 seconds, Stopping threads took: 0.0000647 seconds
[4846.260s][info ][safepoint      ] Application time: 1.0000773 seconds
[4846.260s][info ][safepoint      ] Entering safepoint region: Cleanup
[4846.260s][info ][safepoint      ] Leaving safepoint region
[4846.260s][info ][safepoint      ] Total time for which application threads were stopped: 0.0001079 seconds, Stopping threads took: 0.0000510 seconds
[4847.260s][info ][safepoint      ] Application time: 1.0000382 seconds
[4847.260s][info ][safepoint      ] Entering safepoint region: Cleanup
[4847.260s][info ][safepoint      ] Leaving safepoint region
[4847.260s][info ][safepoint      ] Total time for which application threads were stopped: 0.0001152 seconds, Stopping threads took: 0.0000425 seconds
[4848.260s][info ][safepoint      ] Application time: 1.0000775 seconds
[4848.261s][info ][safepoint      ] Entering safepoint region: Cleanup
[4848.261s][info ][safepoint      ] Leaving safepoint region
[4848.261s][info ][safepoint      ] Total time for which application threads were stopped: 0.0000980 seconds, Stopping threads took: 0.0000319 seconds
[4849.261s][info ][safepoint      ] Application time: 1.0000735 seconds
[4849.261s][info ][safepoint      ] Entering safepoint region: Cleanup
[4849.261s][info ][safepoint      ] Leaving safepoint region
[4849.261s][info ][safepoint      ] Total time for which application threads were stopped: 0.0001115 seconds, Stopping threads took: 0.0000394 seconds
[4850.261s][info ][safepoint      ] Application time: 1.0000698 seconds
[4850.261s][info ][safepoint      ] Entering safepoint region: Cleanup
[4850.261s][info ][safepoint      ] Leaving safepoint region
[4850.261s][info ][safepoint      ] Total time for which application threads were stopped: 0.0001357 seconds, Stopping threads took: 0.0000484 seconds
[4851.261s][info ][safepoint      ] Application time: 1.0000569 seconds
[4851.261s][info ][safepoint      ] Entering safepoint region: Cleanup
[4851.261s][info ][safepoint      ] Leaving safepoint region
[4851.261s][info ][safepoint      ] Total time for which application threads were stopped: 0.0000882 seconds, Stopping threads took: 0.0000317 seconds
[4852.150s][info ][safepoint      ] Application time: 0.8886445 seconds
[4852.150s][info ][safepoint      ] Entering safepoint region: ParallelGCFailedAllocation
[4852.150s][info ][gc,start       ] GC(567) Pause Young (Allocation Failure)
[4852.159s][debug][gc,phases      ] GC(567) Scavenge 9.204ms
[4852.159s][debug][gc,ref         ] GC(567) Skipped phase1 of Reference Processing due to unavailable references
[4852.159s][debug][gc,ref         ] GC(567) Skipped phase3 of Reference Processing due to unavailable references
[4852.159s][debug][gc,phases      ] GC(567) Reference Processing 0.027ms
[4852.160s][debug][gc,phases      ] GC(567) Weak Processing 0.118ms
[4852.160s][debug][gc,phases      ] GC(567) Scrub String Table 0.410ms
[4852.160s][debug][gc,age         ] GC(567) Desired survivor size 60293120 bytes, new threshold 15 (max threshold 15)
[4852.160s][info ][gc,heap        ] GC(567) PSYoungGen: 2004752K->20512K(2037760K)
[4852.160s][info ][gc,heap        ] GC(567) ParOldGen: 638638K->642146K(735744K)
[4852.160s][info ][gc,metaspace   ] GC(567) Metaspace: 77315K->77315K(1120256K)
[4852.160s][info ][gc             ] GC(567) Pause Young (Allocation Failure) 2581M->647M(2708M) 9.885ms
[4852.160s][info ][gc,cpu         ] GC(567) User=0.04s Sys=0.00s Real=0.01s
[4852.160s][info ][safepoint      ] Leaving safepoint region
[4852.160s][info ][safepoint      ] Total time for which application threads were stopped: 0.0100773 seconds, Stopping threads took: 0.0000357 seconds
[4853.160s][info ][safepoint      ] Application time: 1.0000797 seconds
[4853.160s][info ][safepoint      ] Entering safepoint region: Cleanup
[4853.160s][info ][safepoint      ] Leaving safepoint region
[4853.160s][info ][safepoint      ] Total time for which application threads were stopped: 0.0000860 seconds, Stopping threads took: 0.0000315 seconds
[4854.160s][info ][safepoint      ] Application time: 1.0000751 seconds
[4854.160s][info ][safepoint      ] Entering safepoint region: Cleanup
[4854.160s][info ][safepoint      ] Leaving safepoint region
[4854.161s][info ][safepoint      ] Total time for which application threads were stopped: 0.0000848 seconds, Stopping threads took: 0.0000310 seconds
[4855.161s][info ][safepoint      ] Application time: 1.0001067 seconds
[4855.161s][info ][safepoint      ] Entering safepoint region: Cleanup
[4855.161s][info ][safepoint      ] Leaving safepoint region
[4855.161s][info ][safepoint      ] Total time for which application threads were stopped: 0.0001982 seconds, Stopping threads took: 0.0001052 seconds
[4856.161s][info ][safepoint      ] Application time: 1.0000844 seconds
[4856.161s][info ][safepoint      ] Entering safepoint region: Cleanup
[4856.161s][info ][safepoint      ] Leaving safepoint region
[4856.161s][info ][safepoint      ] Total time for which application threads were stopped: 0.0000925 seconds, Stopping threads took: 0.0000310 seconds
[4857.161s][info ][safepoint      ] Application time: 1.0000363 seconds
[4857.161s][info ][safepoint      ] Entering safepoint region: Cleanup
[4857.161s][info ][safepoint      ] Leaving safepoint region
[4857.161s][info ][safepoint      ] Total time for which application threads were stopped: 0.0001049 seconds, Stopping threads took: 0.0000353 seconds
[4858.161s][info ][safepoint      ] Application time: 1.0000729 seconds
[4858.161s][info ][safepoint      ] Entering safepoint region: Cleanup
[4858.161s][info ][safepoint      ] Leaving safepoint region
[4858.161s][info ][safepoint      ] Total time for which application threads were stopped: 0.0000936 seconds, Stopping threads took: 0.0000336 seconds
[4859.162s][info ][safepoint      ] Application time: 1.0000771 seconds
[4859.162s][info ][safepoint      ] Entering safepoint region: Cleanup
[4859.162s][info ][safepoint      ] Leaving safepoint region
[4859.162s][info ][safepoint      ] Total time for which application threads were stopped: 0.0001240 seconds, Stopping threads took: 0.0000551 seconds
[4859.699s][info ][safepoint      ] Application time: 0.5370817 seconds
[4859.699s][info ][safepoint      ] Entering safepoint region: ParallelGCFailedAllocation
[4859.699s][info ][gc,start       ] GC(568) Pause Young (Allocation Failure)
[4859.707s][debug][gc,phases      ] GC(568) Scavenge 8.308ms
[4859.707s][debug][gc,ref         ] GC(568) Skipped phase1 of Reference Processing due to unavailable references
[4859.707s][debug][gc,ref         ] GC(568) Skipped phase3 of Reference Processing due to unavailable references
[4859.707s][debug][gc,phases      ] GC(568) Reference Processing 0.025ms
[4859.708s][debug][gc,phases      ] GC(568) Weak Processing 0.131ms
[4859.708s][debug][gc,phases      ] GC(568) Scrub String Table 0.404ms
[4859.708s][debug][gc,age         ] GC(568) Desired survivor size 60817408 bytes, new threshold 15 (max threshold 15)
[4859.708s][info ][gc,heap        ] GC(568) PSYoungGen: 1999904K->16672K(1996288K)
[4859.708s][info ][gc,heap        ] GC(568) ParOldGen: 642146K->647142K(735744K)
[4859.708s][info ][gc,metaspace   ] GC(568) Metaspace: 77321K->77321K(1120256K)
[4859.708s][info ][gc             ] GC(568) Pause Young (Allocation Failure) 2580M->648M(2668M) 8.990ms
[4859.708s][info ][gc,cpu         ] GC(568) User=0.04s Sys=0.00s Real=0.00s
[4859.708s][info ][safepoint      ] Leaving safepoint region
[4859.708s][info ][safepoint      ] Total time for which application threads were stopped: 0.0091795 seconds, Stopping threads took: 0.0000212 seconds
[4860.708s][info ][safepoint      ] Application time: 1.0000891 seconds
[4860.708s][info ][safepoint      ] Entering safepoint region: Cleanup
[4860.708s][info ][safepoint      ] Leaving safepoint region
[4860.708s][info ][safepoint      ] Total time for which application threads were stopped: 0.0000928 seconds, Stopping threads took: 0.0000348 seconds
[4861.708s][info ][safepoint      ] Application time: 1.0000744 seconds
[4861.708s][info ][safepoint      ] Entering safepoint region: Cleanup
[4861.708s][info ][safepoint      ] Leaving safepoint region
[4861.708s][info ][safepoint      ] Total time for which application threads were stopped: 0.0001054 seconds, Stopping threads took: 0.0000319 seconds
[4862.709s][info ][safepoint      ] Application time: 1.0000727 seconds
[4862.709s][info ][safepoint      ] Entering safepoint region: Cleanup
[4862.709s][info ][safepoint      ] Leaving safepoint region
[4862.709s][info ][safepoint      ] Total time for which application threads were stopped: 0.0001078 seconds, Stopping threads took: 0.0000469 seconds
[4863.709s][info ][safepoint      ] Application time: 1.0000717 seconds
[4863.709s][info ][safepoint      ] Entering safepoint region: Cleanup
[4863.709s][info ][safepoint      ] Leaving safepoint region
[4863.709s][info ][safepoint      ] Total time for which application threads were stopped: 0.0000884 seconds, Stopping threads took: 0.0000295 seconds
[4864.709s][info ][safepoint      ] Application time: 1.0000716 seconds
[4864.709s][info ][safepoint      ] Entering safepoint region: Cleanup
[4864.709s][info ][safepoint      ] Leaving safepoint region
[4864.709s][info ][safepoint      ] Total time for which application threads were stopped: 0.0001082 seconds, Stopping threads took: 0.0000493 seconds
[4865.709s][info ][safepoint      ] Application time: 1.0000775 seconds
[4865.709s][info ][safepoint      ] Entering safepoint region: Cleanup
[4865.709s][info ][safepoint      ] Leaving safepoint region
[4865.709s][info ][safepoint      ] Total time for which application threads were stopped: 0.0000877 seconds, Stopping threads took: 0.0000337 seconds
[4866.709s][info ][safepoint      ] Application time: 1.0000912 seconds
[4866.710s][info ][safepoint      ] Entering safepoint region: Cleanup
[4866.710s][info ][safepoint      ] Leaving safepoint region
[4866.710s][info ][safepoint      ] Total time for which application threads were stopped: 0.0001043 seconds, Stopping threads took: 0.0000462 seconds
[4867.449s][info ][safepoint      ] Application time: 0.7390907 seconds
[4867.449s][info ][safepoint      ] Entering safepoint region: ParallelGCFailedAllocation
[4867.449s][info ][gc,start       ] GC(569) Pause Young (Allocation Failure)
[4867.456s][debug][gc,phases      ] GC(569) Scavenge 7.430ms
[4867.456s][debug][gc,ref         ] GC(569) Skipped phase1 of Reference Processing due to unavailable references
[4867.456s][debug][gc,ref         ] GC(569) Skipped phase3 of Reference Processing due to unavailable references
[4867.456s][debug][gc,phases      ] GC(569) Reference Processing 0.026ms
[4867.457s][debug][gc,phases      ] GC(569) Weak Processing 0.135ms
[4867.457s][debug][gc,phases      ] GC(569) Scrub String Table 0.461ms
[4867.457s][debug][gc,age         ] GC(569) Desired survivor size 61865984 bytes, new threshold 15 (max threshold 15)
[4867.457s][info ][gc,heap        ] GC(569) PSYoungGen: 1996064K->10800K(2035712K)
[4867.457s][info ][gc,heap        ] GC(569) ParOldGen: 647142K->654391K(735744K)
[4867.457s][info ][gc,metaspace   ] GC(569) Metaspace: 77321K->77321K(1120256K)
[4867.457s][info ][gc             ] GC(569) Pause Young (Allocation Failure) 2581M->649M(2706M) 8.175ms
[4867.457s][info ][gc,cpu         ] GC(569) User=0.03s Sys=0.00s Real=0.01s
[4867.457s][info ][safepoint      ] Leaving safepoint region
[4867.457s][info ][safepoint      ] Total time for which application threads were stopped: 0.0083863 seconds, Stopping threads took: 0.0000420 seconds
[4868.457s][info ][safepoint      ] Application time: 1.0000886 seconds
[4868.457s][info ][safepoint      ] Entering safepoint region: Cleanup
[4868.457s][info ][safepoint      ] Leaving safepoint region
[4868.457s][info ][safepoint      ] Total time for which application threads were stopped: 0.0001083 seconds, Stopping threads took: 0.0000435 seconds
[4869.457s][info ][safepoint      ] Application time: 1.0000724 seconds
[4869.457s][info ][safepoint      ] Entering safepoint region: Cleanup
[4869.458s][info ][safepoint      ] Leaving safepoint region
[4869.458s][info ][safepoint      ] Total time for which application threads were stopped: 0.0001122 seconds, Stopping threads took: 0.0000490 seconds
[4870.458s][info ][safepoint      ] Application time: 1.0000709 seconds
[4870.458s][info ][safepoint      ] Entering safepoint region: Cleanup
[4870.458s][info ][safepoint      ] Leaving safepoint region
[4870.458s][info ][safepoint      ] Total time for which application threads were stopped: 0.0001235 seconds, Stopping threads took: 0.0000653 seconds
[4871.458s][info ][safepoint      ] Application time: 1.0000762 seconds
[4871.458s][info ][safepoint      ] Entering safepoint region: Cleanup
[4871.458s][info ][safepoint      ] Leaving safepoint region
[4871.458s][info ][safepoint      ] Total time for which application threads were stopped: 0.0001281 seconds, Stopping threads took: 0.0000679 seconds
[4872.458s][info ][safepoint      ] Application time: 1.0000761 seconds
[4872.458s][info ][safepoint      ] Entering safepoint region: Cleanup
[4872.458s][info ][safepoint      ] Leaving safepoint region
[4872.458s][info ][safepoint      ] Total time for which application threads were stopped: 0.0000942 seconds, Stopping threads took: 0.0000311 seconds
[4873.458s][info ][safepoint      ] Application time: 1.0000714 seconds
[4873.458s][info ][safepoint      ] Entering safepoint region: Cleanup
[4873.458s][info ][safepoint      ] Leaving safepoint region
[4873.458s][info ][safepoint      ] Total time for which application threads were stopped: 0.0000820 seconds, Stopping threads took: 0.0000296 seconds
[4874.459s][info ][safepoint      ] Application time: 1.0000686 seconds
[4874.459s][info ][safepoint      ] Entering safepoint region: Cleanup
[4874.459s][info ][safepoint      ] Leaving safepoint region
[4874.459s][info ][safepoint      ] Total time for which application threads were stopped: 0.0001022 seconds, Stopping threads took: 0.0000429 seconds
[4875.249s][info ][safepoint      ] Application time: 0.7902741 seconds
[4875.249s][info ][safepoint      ] Entering safepoint region: ParallelGCFailedAllocation
[4875.249s][info ][gc,start       ] GC(570) Pause Young (Allocation Failure)
[4875.256s][debug][gc,phases      ] GC(570) Scavenge 6.583ms
[4875.256s][debug][gc,ref         ] GC(570) Skipped phase1 of Reference Processing due to unavailable references
[4875.256s][debug][gc,ref         ] GC(570) Skipped phase3 of Reference Processing due to unavailable references
[4875.256s][debug][gc,phases      ] GC(570) Reference Processing 0.026ms
[4875.256s][debug][gc,phases      ] GC(570) Weak Processing 0.280ms
[4875.257s][debug][gc,phases      ] GC(570) Scrub String Table 0.406ms
[4875.257s][debug][gc,age         ] GC(570) Desired survivor size 62390272 bytes, new threshold 15 (max threshold 15)
[4875.257s][info ][gc,heap        ] GC(570) PSYoungGen: 1987120K->10864K(1987584K)
[4875.257s][info ][gc,heap        ] GC(570) ParOldGen: 654391K->654695K(735744K)
[4875.257s][info ][gc,metaspace   ] GC(570) Metaspace: 77321K->77321K(1120256K)
[4875.257s][info ][gc             ] GC(570) Pause Young (Allocation Failure) 2579M->649M(2659M) 7.413ms
[4875.257s][info ][gc,cpu         ] GC(570) User=0.03s Sys=0.00s Real=0.00s
[4875.257s][info ][safepoint      ] Leaving safepoint region
[4875.257s][info ][safepoint      ] Total time for which application threads were stopped: 0.0076587 seconds, Stopping threads took: 0.0000811 seconds
[4876.257s][info ][safepoint      ] Application time: 1.0000853 seconds
[4876.257s][info ][safepoint      ] Entering safepoint region: Cleanup
[4876.257s][info ][safepoint      ] Leaving safepoint region
[4876.257s][info ][safepoint      ] Total time for which application threads were stopped: 0.0001017 seconds, Stopping threads took: 0.0000417 seconds
[4877.257s][info ][safepoint      ] Application time: 1.0000715 seconds
[4877.257s][info ][safepoint      ] Entering safepoint region: Cleanup
[4877.257s][info ][safepoint      ] Leaving safepoint region
[4877.257s][info ][safepoint      ] Total time for which application threads were stopped: 0.0000975 seconds, Stopping threads took: 0.0000402 seconds
[4878.257s][info ][safepoint      ] Application time: 1.0000738 seconds
[4878.257s][info ][safepoint      ] Entering safepoint region: Cleanup
[4878.257s][info ][safepoint      ] Leaving safepoint region
[4878.257s][info ][safepoint      ] Total time for which application threads were stopped: 0.0000967 seconds, Stopping threads took: 0.0000370 seconds
[4879.166s][info ][safepoint      ] Application time: 0.9086907 seconds
[4879.166s][info ][safepoint      ] Entering safepoint region: RevokeBias
[4879.166s][info ][safepoint      ] Leaving safepoint region
[4879.166s][info ][safepoint      ] Total time for which application threads were stopped: 0.0001104 seconds, Stopping threads took: 0.0000311 seconds
[4879.167s][info ][safepoint      ] Application time: 0.0005235 seconds
[4879.167s][info ][safepoint      ] Entering safepoint region: RevokeBias
[4879.167s][info ][safepoint      ] Leaving safepoint region
[4879.167s][info ][safepoint      ] Total time for which application threads were stopped: 0.0001923 seconds, Stopping threads took: 0.0000163 seconds
[4880.167s][info ][safepoint      ] Application time: 1.0000786 seconds
[4880.167s][info ][safepoint      ] Entering safepoint region: Cleanup
[4880.167s][info ][safepoint      ] Leaving safepoint region
[4880.167s][info ][safepoint      ] Total time for which application threads were stopped: 0.0000922 seconds, Stopping threads took: 0.0000388 seconds
[4881.167s][info ][safepoint      ] Application time: 1.0000463 seconds
[4881.167s][info ][safepoint      ] Entering safepoint region: Cleanup
[4881.167s][info ][safepoint      ] Leaving safepoint region
[4881.167s][info ][safepoint      ] Total time for which application threads were stopped: 0.0001004 seconds, Stopping threads took: 0.0000452 seconds
[4882.167s][info ][safepoint      ] Application time: 1.0000740 seconds
[4882.167s][info ][safepoint      ] Entering safepoint region: Cleanup
[4882.168s][info ][safepoint      ] Leaving safepoint region
[4882.168s][info ][safepoint      ] Total time for which application threads were stopped: 0.0000990 seconds, Stopping threads took: 0.0000518 seconds
[4882.985s][info ][safepoint      ] Application time: 0.8176291 seconds
[4882.985s][info ][safepoint      ] Entering safepoint region: ParallelGCFailedAllocation
[4882.985s][info ][gc,start       ] GC(571) Pause Young (Allocation Failure)
[4882.992s][debug][gc,phases      ] GC(571) Scavenge 6.741ms
[4882.992s][debug][gc,ref         ] GC(571) Skipped phase1 of Reference Processing due to unavailable references
[4882.992s][debug][gc,ref         ] GC(571) Skipped phase3 of Reference Processing due to unavailable references
[4882.992s][debug][gc,ref         ] GC(571) Skipped phase4 of Reference Processing due to unavailable references
[4882.992s][debug][gc,phases      ] GC(571) Reference Processing 0.034ms
[4882.992s][debug][gc,phases      ] GC(571) Weak Processing 0.173ms
[4882.993s][debug][gc,phases      ] GC(571) Scrub String Table 0.585ms
[4882.993s][debug][gc,age         ] GC(571) Desired survivor size 62390272 bytes, new threshold 15 (max threshold 15)
[4882.993s][info ][gc,heap        ] GC(571) PSYoungGen: 1987184K->10112K(2036224K)
[4882.993s][info ][gc,heap        ] GC(571) ParOldGen: 654695K->655271K(735744K)
[4882.993s][info ][gc,metaspace   ] GC(571) Metaspace: 77323K->77323K(1120256K)
[4882.993s][info ][gc             ] GC(571) Pause Young (Allocation Failure) 2579M->649M(2707M) 7.664ms
[4882.993s][info ][gc,cpu         ] GC(571) User=0.03s Sys=0.00s Real=0.01s
[4882.993s][info ][safepoint      ] Leaving safepoint region
[4882.993s][info ][safepoint      ] Total time for which application threads were stopped: 0.0078156 seconds, Stopping threads took: 0.0000131 seconds
[4883.993s][info ][safepoint      ] Application time: 1.0000866 seconds
[4883.993s][info ][safepoint      ] Entering safepoint region: Cleanup
[4883.993s][info ][safepoint      ] Leaving safepoint region
[4883.993s][info ][safepoint      ] Total time for which application threads were stopped: 0.0000724 seconds, Stopping threads took: 0.0000228 seconds
[4884.993s][info ][safepoint      ] Application time: 1.0000587 seconds
[4884.993s][info ][safepoint      ] Entering safepoint region: Cleanup
[4884.993s][info ][safepoint      ] Leaving safepoint region
[4884.993s][info ][safepoint      ] Total time for which application threads were stopped: 0.0000587 seconds, Stopping threads took: 0.0000128 seconds
[4885.993s][info ][safepoint      ] Application time: 1.0000677 seconds
[4885.994s][info ][safepoint      ] Entering safepoint region: Cleanup
[4885.994s][info ][safepoint      ] Leaving safepoint region
[4885.994s][info ][safepoint      ] Total time for which application threads were stopped: 0.0000896 seconds, Stopping threads took: 0.0000408 seconds
[4886.994s][info ][safepoint      ] Application time: 1.0000763 seconds
[4886.994s][info ][safepoint      ] Entering safepoint region: Cleanup
[4886.994s][info ][safepoint      ] Leaving safepoint region
[4886.994s][info ][safepoint      ] Total time for which application threads were stopped: 0.0000657 seconds, Stopping threads took: 0.0000132 seconds
[4887.994s][info ][safepoint      ] Application time: 1.0000713 seconds
[4887.994s][info ][safepoint      ] Entering safepoint region: Cleanup
[4887.994s][info ][safepoint      ] Leaving safepoint region
[4887.994s][info ][safepoint      ] Total time for which application threads were stopped: 0.0000661 seconds, Stopping threads took: 0.0000119 seconds
[4889.994s][info ][safepoint      ] Application time: 2.0001423 seconds
[4889.994s][info ][safepoint      ] Entering safepoint region: Cleanup
[4889.994s][info ][safepoint      ] Leaving safepoint region
[4889.994s][info ][safepoint      ] Total time for which application threads were stopped: 0.0000748 seconds, Stopping threads took: 0.0000129 seconds
[4890.749s][info ][safepoint      ] Application time: 0.7544603 seconds
[4890.749s][info ][safepoint      ] Entering safepoint region: ParallelGCFailedAllocation
[4890.749s][info ][gc,start       ] GC(572) Pause Young (Allocation Failure)
[4890.755s][debug][gc,phases      ] GC(572) Scavenge 6.434ms
[4890.755s][debug][gc,ref         ] GC(572) Skipped phase1 of Reference Processing due to unavailable references
[4890.755s][debug][gc,ref         ] GC(572) Skipped phase3 of Reference Processing due to unavailable references
[4890.755s][debug][gc,ref         ] GC(572) Skipped phase4 of Reference Processing due to unavailable references
[4890.755s][debug][gc,phases      ] GC(572) Reference Processing 0.031ms
[4890.756s][debug][gc,phases      ] GC(572) Weak Processing 0.142ms
[4890.756s][debug][gc,phases      ] GC(572) Scrub String Table 0.428ms
[4890.756s][debug][gc,age         ] GC(572) Desired survivor size 61865984 bytes, new threshold 15 (max threshold 15)
[4890.756s][info ][gc,heap        ] GC(572) PSYoungGen: 1985408K->9760K(2036224K)
[4890.756s][info ][gc,heap        ] GC(572) ParOldGen: 655271K->655935K(735744K)
[4890.756s][info ][gc,metaspace   ] GC(572) Metaspace: 77323K->77323K(1120256K)
[4890.756s][info ][gc             ] GC(572) Pause Young (Allocation Failure) 2578M->650M(2707M) 7.171ms
[4890.756s][info ][gc,cpu         ] GC(572) User=0.02s Sys=0.00s Real=0.00s
[4890.756s][info ][safepoint      ] Leaving safepoint region
[4890.756s][info ][safepoint      ] Total time for which application threads were stopped: 0.0074037 seconds, Stopping threads took: 0.0000964 seconds
[4891.756s][info ][safepoint      ] Application time: 1.0000880 seconds
[4891.756s][info ][safepoint      ] Entering safepoint region: Cleanup
[4891.756s][info ][safepoint      ] Leaving safepoint region
[4891.756s][info ][safepoint      ] Total time for which application threads were stopped: 0.0001052 seconds, Stopping threads took: 0.0000383 seconds
[4898.429s][info ][safepoint      ] Application time: 6.6730465 seconds
[4898.430s][info ][safepoint      ] Entering safepoint region: ParallelGCFailedAllocation
[4898.430s][info ][gc,start       ] GC(573) Pause Young (Allocation Failure)
[4898.436s][debug][gc,phases      ] GC(573) Scavenge 5.863ms
[4898.436s][debug][gc,ref         ] GC(573) Skipped phase1 of Reference Processing due to unavailable references
[4898.436s][debug][gc,ref         ] GC(573) Skipped phase3 of Reference Processing due to unavailable references
[4898.436s][debug][gc,ref         ] GC(573) Skipped phase4 of Reference Processing due to unavailable references
[4898.436s][debug][gc,phases      ] GC(573) Reference Processing 0.028ms
[4898.436s][debug][gc,phases      ] GC(573) Weak Processing 0.142ms
[4898.436s][debug][gc,phases      ] GC(573) Scrub String Table 0.410ms
[4898.436s][debug][gc,age         ] GC(573) Desired survivor size 61341696 bytes, new threshold 15 (max threshold 15)
[4898.436s][info ][gc,heap        ] GC(573) PSYoungGen: 1985056K->9312K(2037248K)
[4898.436s][info ][gc,heap        ] GC(573) ParOldGen: 655935K->656863K(735744K)
[4898.436s][info ][gc,metaspace   ] GC(573) Metaspace: 77323K->77323K(1120256K)
[4898.436s][info ][gc             ] GC(573) Pause Young (Allocation Failure) 2579M->650M(2708M) 6.592ms
[4898.436s][info ][gc,cpu         ] GC(573) User=0.03s Sys=0.00s Real=0.00s
[4898.436s][info ][safepoint      ] Leaving safepoint region
[4898.436s][info ][safepoint      ] Total time for which application threads were stopped: 0.0068000 seconds, Stopping threads took: 0.0000759 seconds
[4905.799s][info ][safepoint      ] Application time: 7.3631225 seconds
[4905.799s][info ][safepoint      ] Entering safepoint region: ParallelGCFailedAllocation
[4905.800s][info ][gc,start       ] GC(574) Pause Young (Allocation Failure)
[4905.806s][debug][gc,phases      ] GC(574) Scavenge 6.573ms
[4905.806s][debug][gc,ref         ] GC(574) Skipped phase1 of Reference Processing due to unavailable references
[4905.806s][debug][gc,ref         ] GC(574) Skipped phase3 of Reference Processing due to unavailable references
[4905.806s][debug][gc,ref         ] GC(574) Skipped phase4 of Reference Processing due to unavailable references
[4905.806s][debug][gc,phases      ] GC(574) Reference Processing 0.028ms
[4905.806s][debug][gc,phases      ] GC(574) Weak Processing 0.129ms
[4905.807s][debug][gc,phases      ] GC(574) Scrub String Table 0.395ms
[4905.807s][debug][gc,age         ] GC(574) Desired survivor size 59768832 bytes, new threshold 15 (max threshold 15)
[4905.807s][info ][gc,heap        ] GC(574) PSYoungGen: 1986144K->8928K(2036736K)
[4905.807s][info ][gc,heap        ] GC(574) ParOldGen: 656863K->657399K(735744K)
[4905.807s][info ][gc,metaspace   ] GC(574) Metaspace: 77323K->77323K(1120256K)
[4905.807s][info ][gc             ] GC(574) Pause Young (Allocation Failure) 2581M->650M(2707M) 7.256ms
[4905.807s][info ][gc,cpu         ] GC(574) User=0.03s Sys=0.00s Real=0.00s
[4905.807s][info ][safepoint      ] Leaving safepoint region
[4905.807s][info ][safepoint      ] Total time for which application threads were stopped: 0.0074797 seconds, Stopping threads took: 0.0000382 seconds
[4908.807s][info ][safepoint      ] Application time: 3.0002108 seconds
[4908.807s][info ][safepoint      ] Entering safepoint region: Cleanup
[4908.807s][info ][safepoint      ] Leaving safepoint region
[4908.807s][info ][safepoint      ] Total time for which application threads were stopped: 0.0001226 seconds, Stopping threads took: 0.0000580 seconds
[4909.807s][info ][safepoint      ] Application time: 1.0000628 seconds
[4909.807s][info ][safepoint      ] Entering safepoint region: Cleanup
[4909.807s][info ][safepoint      ] Leaving safepoint region
[4909.807s][info ][safepoint      ] Total time for which application threads were stopped: 0.0000919 seconds, Stopping threads took: 0.0000312 seconds
[4910.808s][info ][safepoint      ] Application time: 1.0000838 seconds
[4910.808s][info ][safepoint      ] Entering safepoint region: Cleanup
[4910.808s][info ][safepoint      ] Leaving safepoint region
[4910.808s][info ][safepoint      ] Total time for which application threads were stopped: 0.0001027 seconds, Stopping threads took: 0.0000392 seconds
[4911.808s][info ][safepoint      ] Application time: 1.0000750 seconds
[4911.808s][info ][safepoint      ] Entering safepoint region: Cleanup
[4911.808s][info ][safepoint      ] Leaving safepoint region
[4911.808s][info ][safepoint      ] Total time for which application threads were stopped: 0.0000912 seconds, Stopping threads took: 0.0000308 seconds
[4912.808s][info ][safepoint      ] Application time: 1.0000793 seconds
[4912.808s][info ][safepoint      ] Entering safepoint region: Cleanup
[4912.808s][info ][safepoint      ] Leaving safepoint region
[4912.808s][info ][safepoint      ] Total time for which application threads were stopped: 0.0001171 seconds, Stopping threads took: 0.0000390 seconds
[4913.249s][info ][safepoint      ] Application time: 0.4412749 seconds
[4913.250s][info ][safepoint      ] Entering safepoint region: ParallelGCFailedAllocation
[4913.250s][info ][gc,start       ] GC(575) Pause Young (Allocation Failure)
[4913.257s][debug][gc,phases      ] GC(575) Scavenge 6.831ms
[4913.257s][debug][gc,ref         ] GC(575) Skipped phase1 of Reference Processing due to unavailable references
[4913.257s][debug][gc,ref         ] GC(575) Skipped phase3 of Reference Processing due to unavailable references
[4913.257s][debug][gc,phases      ] GC(575) Reference Processing 0.026ms
[4913.257s][debug][gc,phases      ] GC(575) Weak Processing 0.134ms
[4913.257s][debug][gc,phases      ] GC(575) Scrub String Table 0.599ms
[4913.257s][debug][gc,age         ] GC(575) Desired survivor size 58720256 bytes, new threshold 15 (max threshold 15)
[4913.257s][info ][gc,heap        ] GC(575) PSYoungGen: 1985760K->8288K(2039808K)
[4913.257s][info ][gc,heap        ] GC(575) ParOldGen: 657399K->658376K(735744K)
[4913.257s][info ][gc,metaspace   ] GC(575) Metaspace: 77328K->77328K(1120256K)
[4913.257s][info ][gc             ] GC(575) Pause Young (Allocation Failure) 2581M->651M(2710M) 7.717ms
[4913.257s][info ][gc,cpu         ] GC(575) User=0.03s Sys=0.00s Real=0.01s
[4913.257s][info ][safepoint      ] Leaving safepoint region
[4913.257s][info ][safepoint      ] Total time for which application threads were stopped: 0.0079469 seconds, Stopping threads took: 0.0000599 seconds
[4915.258s][info ][safepoint      ] Application time: 2.0002176 seconds
[4915.258s][info ][safepoint      ] Entering safepoint region: Cleanup
[4915.258s][info ][safepoint      ] Leaving safepoint region
[4915.258s][info ][safepoint      ] Total time for which application threads were stopped: 0.0001119 seconds, Stopping threads took: 0.0000455 seconds
[4916.258s][info ][safepoint      ] Application time: 1.0000471 seconds
[4916.258s][info ][safepoint      ] Entering safepoint region: Cleanup
[4916.258s][info ][safepoint      ] Leaving safepoint region
[4916.258s][info ][safepoint      ] Total time for which application threads were stopped: 0.0001088 seconds, Stopping threads took: 0.0000426 seconds
[4917.258s][info ][safepoint      ] Application time: 1.0000724 seconds
[4917.258s][info ][safepoint      ] Entering safepoint region: Cleanup
[4917.258s][info ][safepoint      ] Leaving safepoint region
[4917.258s][info ][safepoint      ] Total time for which application threads were stopped: 0.0001042 seconds, Stopping threads took: 0.0000393 seconds
[4919.258s][info ][safepoint      ] Application time: 2.0001540 seconds
[4919.258s][info ][safepoint      ] Entering safepoint region: Cleanup
[4919.259s][info ][safepoint      ] Leaving safepoint region
[4919.259s][info ][safepoint      ] Total time for which application threads were stopped: 0.0001232 seconds, Stopping threads took: 0.0000355 seconds
[4920.259s][info ][safepoint      ] Application time: 1.0000773 seconds
[4920.259s][info ][safepoint      ] Entering safepoint region: Cleanup
[4920.259s][info ][safepoint      ] Leaving safepoint region
[4920.259s][info ][safepoint      ] Total time for which application threads were stopped: 0.0001058 seconds, Stopping threads took: 0.0000398 seconds
[4920.949s][info ][safepoint      ] Application time: 0.6899430 seconds
[4920.949s][info ][safepoint      ] Entering safepoint region: ParallelGCFailedAllocation
[4920.949s][info ][gc,start       ] GC(576) Pause Young (Allocation Failure)
[4920.955s][debug][gc,phases      ] GC(576) Scavenge 5.781ms
[4920.955s][debug][gc,ref         ] GC(576) Skipped phase1 of Reference Processing due to unavailable references
[4920.955s][debug][gc,ref         ] GC(576) Skipped phase3 of Reference Processing due to unavailable references
[4920.955s][debug][gc,phases      ] GC(576) Reference Processing 0.030ms
[4920.955s][debug][gc,phases      ] GC(576) Weak Processing 0.137ms
[4920.955s][debug][gc,phases      ] GC(576) Scrub String Table 0.440ms
[4920.955s][debug][gc,age         ] GC(576) Desired survivor size 57147392 bytes, new threshold 15 (max threshold 15)
[4920.955s][info ][gc,heap        ] GC(576) PSYoungGen: 1989728K->8272K(2038784K)
[4920.955s][info ][gc,heap        ] GC(576) ParOldGen: 658376K->658636K(735744K)
[4920.956s][info ][gc,metaspace   ] GC(576) Metaspace: 77332K->77332K(1120256K)
[4920.956s][info ][gc             ] GC(576) Pause Young (Allocation Failure) 2586M->651M(2709M) 6.540ms
[4920.956s][info ][gc,cpu         ] GC(576) User=0.02s Sys=0.00s Real=0.00s
[4920.956s][info ][safepoint      ] Leaving safepoint region
[4920.956s][info ][safepoint      ] Total time for which application threads were stopped: 0.0067353 seconds, Stopping threads took: 0.0000457 seconds
[4928.722s][info ][safepoint      ] Application time: 7.7665647 seconds
[4928.722s][info ][safepoint      ] Entering safepoint region: ParallelGCFailedAllocation
[4928.722s][info ][gc,start       ] GC(577) Pause Young (Allocation Failure)
[4928.728s][debug][gc,phases      ] GC(577) Scavenge 5.316ms
[4928.728s][debug][gc,ref         ] GC(577) Skipped phase1 of Reference Processing due to unavailable references
[4928.728s][debug][gc,ref         ] GC(577) Skipped phase2 of Reference Processing due to unavailable references
[4928.728s][debug][gc,ref         ] GC(577) Skipped phase3 of Reference Processing due to unavailable references
[4928.728s][debug][gc,phases      ] GC(577) Reference Processing 0.027ms
[4928.728s][debug][gc,phases      ] GC(577) Weak Processing 0.112ms
[4928.728s][debug][gc,phases      ] GC(577) Scrub String Table 0.406ms
[4928.728s][debug][gc,age         ] GC(577) Desired survivor size 55574528 bytes, new threshold 15 (max threshold 15)
[4928.728s][info ][gc,heap        ] GC(577) PSYoungGen: 1989712K->7680K(2042880K)
[4928.728s][info ][gc,heap        ] GC(577) ParOldGen: 658636K->659052K(735744K)
[4928.728s][info ][gc,metaspace   ] GC(577) Metaspace: 77333K->77333K(1120256K)
[4928.728s][info ][gc             ] GC(577) Pause Young (Allocation Failure) 2586M->651M(2713M) 5.998ms
[4928.728s][info ][gc,cpu         ] GC(577) User=0.02s Sys=0.00s Real=0.00s
[4928.728s][info ][safepoint      ] Leaving safepoint region
[4928.728s][info ][safepoint      ] Total time for which application threads were stopped: 0.0061538 seconds, Stopping threads took: 0.0000148 seconds
[4931.729s][info ][safepoint      ] Application time: 3.0002104 seconds
[4931.729s][info ][safepoint      ] Entering safepoint region: Cleanup
[4931.729s][info ][safepoint      ] Leaving safepoint region
[4931.729s][info ][safepoint      ] Total time for which application threads were stopped: 0.0000673 seconds, Stopping threads took: 0.0000123 seconds
[4932.729s][info ][safepoint      ] Application time: 1.0000263 seconds
[4932.729s][info ][safepoint      ] Entering safepoint region: Cleanup
[4932.729s][info ][safepoint      ] Leaving safepoint region
[4932.729s][info ][safepoint      ] Total time for which application threads were stopped: 0.0001248 seconds, Stopping threads took: 0.0000417 seconds
[4935.729s][info ][safepoint      ] Application time: 3.0002082 seconds
[4935.729s][info ][safepoint      ] Entering safepoint region: Cleanup
[4935.729s][info ][safepoint      ] Leaving safepoint region
[4935.729s][info ][safepoint      ] Total time for which application threads were stopped: 0.0001295 seconds, Stopping threads took: 0.0000582 seconds
[4936.729s][info ][safepoint      ] Application time: 1.0000750 seconds
[4936.729s][info ][safepoint      ] Entering safepoint region: Cleanup
[4936.729s][info ][safepoint      ] Leaving safepoint region
[4936.729s][info ][safepoint      ] Total time for which application threads were stopped: 0.0001054 seconds, Stopping threads took: 0.0000290 seconds
[4936.735s][info ][safepoint      ] Application time: 0.0055176 seconds
[4936.735s][info ][safepoint      ] Entering safepoint region: ParallelGCFailedAllocation
[4936.735s][info ][gc,start       ] GC(578) Pause Young (Allocation Failure)
[4936.741s][debug][gc,phases      ] GC(578) Scavenge 5.990ms
[4936.741s][debug][gc,ref         ] GC(578) Skipped phase1 of Reference Processing due to unavailable references
[4936.741s][debug][gc,ref         ] GC(578) Skipped phase2 of Reference Processing due to unavailable references
[4936.741s][debug][gc,ref         ] GC(578) Skipped phase3 of Reference Processing due to unavailable references
[4936.741s][debug][gc,phases      ] GC(578) Reference Processing 0.047ms
[4936.741s][debug][gc,phases      ] GC(578) Weak Processing 0.129ms
[4936.742s][debug][gc,phases      ] GC(578) Scrub String Table 0.434ms
[4936.742s][debug][gc,age         ] GC(578) Desired survivor size 53477376 bytes, new threshold 15 (max threshold 15)
[4936.742s][info ][gc,heap        ] GC(578) PSYoungGen: 1994752K->8032K(2041344K)
[4936.742s][info ][gc,heap        ] GC(578) ParOldGen: 659052K->659180K(735744K)
[4936.742s][info ][gc,metaspace   ] GC(578) Metaspace: 77335K->77335K(1120256K)
[4936.742s][info ][gc             ] GC(578) Pause Young (Allocation Failure) 2591M->651M(2712M) 6.725ms
[4936.742s][info ][gc,cpu         ] GC(578) User=0.02s Sys=0.00s Real=0.01s
[4936.742s][info ][safepoint      ] Leaving safepoint region
[4936.742s][info ][safepoint      ] Total time for which application threads were stopped: 0.0068422 seconds, Stopping threads took: 0.0000088 seconds
[4937.742s][info ][safepoint      ] Application time: 1.0000749 seconds
[4937.742s][info ][safepoint      ] Entering safepoint region: Cleanup
[4937.742s][info ][safepoint      ] Leaving safepoint region
[4937.742s][info ][safepoint      ] Total time for which application threads were stopped: 0.0000754 seconds, Stopping threads took: 0.0000129 seconds
[4938.742s][info ][safepoint      ] Application time: 1.0000721 seconds
[4938.742s][info ][safepoint      ] Entering safepoint region: Cleanup
[4938.742s][info ][safepoint      ] Leaving safepoint region
[4938.742s][info ][safepoint      ] Total time for which application threads were stopped: 0.0000707 seconds, Stopping threads took: 0.0000125 seconds
[4945.250s][info ][safepoint      ] Application time: 6.5073675 seconds
[4945.250s][info ][safepoint      ] Entering safepoint region: ParallelGCFailedAllocation
[4945.250s][info ][gc,start       ] GC(579) Pause Young (Allocation Failure)
[4945.255s][debug][gc,phases      ] GC(579) Scavenge 5.148ms
[4945.255s][debug][gc,ref         ] GC(579) Skipped phase1 of Reference Processing due to unavailable references
[4945.255s][debug][gc,ref         ] GC(579) Skipped phase2 of Reference Processing due to unavailable references
[4945.255s][debug][gc,ref         ] GC(579) Skipped phase3 of Reference Processing due to unavailable references
[4945.255s][debug][gc,phases      ] GC(579) Reference Processing 0.035ms
[4945.255s][debug][gc,phases      ] GC(579) Weak Processing 0.144ms
[4945.256s][debug][gc,phases      ] GC(579) Scrub String Table 0.434ms
[4945.256s][debug][gc,age         ] GC(579) Desired survivor size 51904512 bytes, new threshold 15 (max threshold 15)
[4945.256s][info ][gc,heap        ] GC(579) PSYoungGen: 1995104K->7744K(2046464K)
[4945.256s][info ][gc,heap        ] GC(579) ParOldGen: 659180K->659284K(735744K)
[4945.256s][info ][gc,metaspace   ] GC(579) Metaspace: 77336K->77336K(1120256K)
[4945.256s][info ][gc             ] GC(579) Pause Young (Allocation Failure) 2592M->651M(2717M) 5.896ms
[4945.256s][info ][gc,cpu         ] GC(579) User=0.02s Sys=0.00s Real=0.00s
[4945.256s][info ][safepoint      ] Leaving safepoint region
[4945.256s][info ][safepoint      ] Total time for which application threads were stopped: 0.0060999 seconds, Stopping threads took: 0.0000548 seconds
[4947.256s][info ][safepoint      ] Application time: 2.0001186 seconds
[4947.256s][info ][safepoint      ] Entering safepoint region: Cleanup
[4947.256s][info ][safepoint      ] Leaving safepoint region
[4947.256s][info ][safepoint      ] Total time for which application threads were stopped: 0.0001149 seconds, Stopping threads took: 0.0000423 seconds
[4950.256s][info ][safepoint      ] Application time: 3.0002139 seconds
[4950.256s][info ][safepoint      ] Entering safepoint region: Cleanup
[4950.256s][info ][safepoint      ] Leaving safepoint region
[4950.256s][info ][safepoint      ] Total time for which application threads were stopped: 0.0001073 seconds, Stopping threads took: 0.0000384 seconds
[4954.050s][info ][safepoint      ] Application time: 3.7932518 seconds
[4954.050s][info ][safepoint      ] Entering safepoint region: ParallelGCFailedAllocation
[4954.050s][info ][gc,start       ] GC(580) Pause Young (Allocation Failure)
[4954.055s][debug][gc,phases      ] GC(580) Scavenge 4.726ms
[4954.055s][debug][gc,ref         ] GC(580) Skipped phase1 of Reference Processing due to unavailable references
[4954.055s][debug][gc,ref         ] GC(580) Skipped phase2 of Reference Processing due to unavailable references
[4954.055s][debug][gc,ref         ] GC(580) Skipped phase3 of Reference Processing due to unavailable references
[4954.055s][debug][gc,phases      ] GC(580) Reference Processing 0.027ms
[4954.055s][debug][gc,phases      ] GC(580) Weak Processing 0.134ms
[4954.055s][debug][gc,phases      ] GC(580) Scrub String Table 0.407ms
[4954.055s][debug][gc,age         ] GC(580) Desired survivor size 49807360 bytes, new threshold 15 (max threshold 15)
[4954.055s][info ][gc,heap        ] GC(580) PSYoungGen: 2001984K->7776K(2044928K)
[4954.055s][info ][gc,heap        ] GC(580) ParOldGen: 659284K->659400K(735744K)
[4954.055s][info ][gc,metaspace   ] GC(580) Metaspace: 77336K->77336K(1120256K)
[4954.055s][info ][gc             ] GC(580) Pause Young (Allocation Failure) 2598M->651M(2715M) 5.435ms
[4954.055s][info ][gc,cpu         ] GC(580) User=0.02s Sys=0.00s Real=0.00s
[4954.055s][info ][safepoint      ] Leaving safepoint region
[4954.055s][info ][safepoint      ] Total time for which application threads were stopped: 0.0056462 seconds, Stopping threads took: 0.0000505 seconds
[4958.056s][info ][safepoint      ] Application time: 4.0003108 seconds
[4958.056s][info ][safepoint      ] Entering safepoint region: Cleanup
[4958.056s][info ][safepoint      ] Leaving safepoint region
[4958.056s][info ][safepoint      ] Total time for which application threads were stopped: 0.0001057 seconds, Stopping threads took: 0.0000322 seconds
[4961.056s][info ][safepoint      ] Application time: 3.0002301 seconds
[4961.056s][info ][safepoint      ] Entering safepoint region: Cleanup
[4961.056s][info ][safepoint      ] Leaving safepoint region
[4961.056s][info ][safepoint      ] Total time for which application threads were stopped: 0.0001083 seconds, Stopping threads took: 0.0000458 seconds
[4962.056s][info ][safepoint      ] Application time: 1.0000777 seconds
[4962.056s][info ][safepoint      ] Entering safepoint region: Cleanup
[4962.056s][info ][safepoint      ] Leaving safepoint region
[4962.056s][info ][safepoint      ] Total time for which application threads were stopped: 0.0001197 seconds, Stopping threads took: 0.0000363 seconds
[4963.057s][info ][safepoint      ] Application time: 1.0000832 seconds
[4963.057s][info ][safepoint      ] Entering safepoint region: Cleanup
[4963.057s][info ][safepoint      ] Leaving safepoint region
[4963.057s][info ][safepoint      ] Total time for which application threads were stopped: 0.0000959 seconds, Stopping threads took: 0.0000328 seconds
[4963.249s][info ][safepoint      ] Application time: 0.1923098 seconds
[4963.249s][info ][safepoint      ] Entering safepoint region: ParallelGCFailedAllocation
[4963.249s][info ][gc,start       ] GC(581) Pause Young (Allocation Failure)
[4963.254s][debug][gc,phases      ] GC(581) Scavenge 4.883ms
[4963.254s][debug][gc,ref         ] GC(581) Skipped phase1 of Reference Processing due to unavailable references
[4963.254s][debug][gc,ref         ] GC(581) Skipped phase2 of Reference Processing due to unavailable references
[4963.254s][debug][gc,ref         ] GC(581) Skipped phase3 of Reference Processing due to unavailable references
[4963.254s][debug][gc,phases      ] GC(581) Reference Processing 0.026ms
[4963.254s][debug][gc,phases      ] GC(581) Weak Processing 0.132ms
[4963.255s][debug][gc,phases      ] GC(581) Scrub String Table 0.395ms
[4963.255s][debug][gc,age         ] GC(581) Desired survivor size 47710208 bytes, new threshold 15 (max threshold 15)
[4963.255s][info ][gc,heap        ] GC(581) PSYoungGen: 2002016K->7792K(2050560K)
[4963.255s][info ][gc,heap        ] GC(581) ParOldGen: 659400K->659496K(735744K)
[4963.255s][info ][gc,metaspace   ] GC(581) Metaspace: 77337K->77337K(1120256K)
[4963.255s][info ][gc             ] GC(581) Pause Young (Allocation Failure) 2599M->651M(2721M) 5.563ms
[4963.255s][info ][gc,cpu         ] GC(581) User=0.02s Sys=0.00s Real=0.00s
[4963.255s][info ][safepoint      ] Leaving safepoint region
[4963.255s][info ][safepoint      ] Total time for which application threads were stopped: 0.0057597 seconds, Stopping threads took: 0.0000361 seconds
[4964.255s][info ][safepoint      ] Application time: 1.0000864 seconds
[4964.255s][info ][safepoint      ] Entering safepoint region: Cleanup
[4964.255s][info ][safepoint      ] Leaving safepoint region
[4964.255s][info ][safepoint      ] Total time for which application threads were stopped: 0.0001064 seconds, Stopping threads took: 0.0000454 seconds
[4965.255s][info ][safepoint      ] Application time: 1.0000787 seconds
[4965.255s][info ][safepoint      ] Entering safepoint region: Cleanup
[4965.255s][info ][safepoint      ] Leaving safepoint region
[4965.255s][info ][safepoint      ] Total time for which application threads were stopped: 0.0001071 seconds, Stopping threads took: 0.0000327 seconds
[4966.255s][info ][safepoint      ] Application time: 1.0000679 seconds
[4966.255s][info ][safepoint      ] Entering safepoint region: Cleanup
[4966.255s][info ][safepoint      ] Leaving safepoint region
[4966.255s][info ][safepoint      ] Total time for which application threads were stopped: 0.0001129 seconds, Stopping threads took: 0.0000492 seconds
[4967.256s][info ][safepoint      ] Application time: 1.0000507 seconds
[4967.256s][info ][safepoint      ] Entering safepoint region: Cleanup
[4967.256s][info ][safepoint      ] Leaving safepoint region
[4967.256s][info ][safepoint      ] Total time for which application threads were stopped: 0.0001135 seconds, Stopping threads took: 0.0000522 seconds
[4968.256s][info ][safepoint      ] Application time: 1.0000694 seconds
[4968.256s][info ][safepoint      ] Entering safepoint region: Cleanup
[4968.256s][info ][safepoint      ] Leaving safepoint region
[4968.256s][info ][safepoint      ] Total time for which application threads were stopped: 0.0000904 seconds, Stopping threads took: 0.0000317 seconds
[4969.256s][info ][safepoint      ] Application time: 1.0000704 seconds
[4969.256s][info ][safepoint      ] Entering safepoint region: Cleanup
[4969.256s][info ][safepoint      ] Leaving safepoint region
[4969.256s][info ][safepoint      ] Total time for which application threads were stopped: 0.0001099 seconds, Stopping threads took: 0.0000511 seconds
[4970.256s][info ][safepoint      ] Application time: 1.0000676 seconds
[4970.256s][info ][safepoint      ] Entering safepoint region: Cleanup
[4970.256s][info ][safepoint      ] Leaving safepoint region
[4970.256s][info ][safepoint      ] Total time for which application threads were stopped: 0.0001057 seconds, Stopping threads took: 0.0000441 seconds
[4971.256s][info ][safepoint      ] Application time: 1.0000727 seconds
[4971.256s][info ][safepoint      ] Entering safepoint region: Cleanup
[4971.257s][info ][safepoint      ] Leaving safepoint region
[4971.257s][info ][safepoint      ] Total time for which application threads were stopped: 0.0000959 seconds, Stopping threads took: 0.0000373 seconds
[4971.899s][info ][safepoint      ] Application time: 0.6422582 seconds
[4971.899s][info ][safepoint      ] Entering safepoint region: ParallelGCFailedAllocation
[4971.899s][info ][gc,start       ] GC(582) Pause Young (Allocation Failure)
[4971.905s][debug][gc,phases      ] GC(582) Scavenge 5.778ms
[4971.905s][debug][gc,ref         ] GC(582) Skipped phase1 of Reference Processing due to unavailable references
[4971.905s][debug][gc,ref         ] GC(582) Skipped phase2 of Reference Processing due to unavailable references
[4971.905s][debug][gc,ref         ] GC(582) Skipped phase3 of Reference Processing due to unavailable references
[4971.905s][debug][gc,phases      ] GC(582) Reference Processing 0.027ms
[4971.905s][debug][gc,phases      ] GC(582) Weak Processing 0.132ms
[4971.905s][debug][gc,phases      ] GC(582) Scrub String Table 0.436ms
[4971.905s][debug][gc,age         ] GC(582) Desired survivor size 45613056 bytes, new threshold 15 (max threshold 15)
[4971.905s][info ][gc,heap        ] GC(582) PSYoungGen: 2009712K->8048K(2048512K)
[4971.905s][info ][gc,heap        ] GC(582) ParOldGen: 659496K->659776K(735744K)
[4971.905s][info ][gc,metaspace   ] GC(582) Metaspace: 77337K->77337K(1120256K)
[4971.906s][info ][gc             ] GC(582) Pause Young (Allocation Failure) 2606M->652M(2719M) 6.496ms
[4971.906s][info ][gc,cpu         ] GC(582) User=0.03s Sys=0.00s Real=0.00s
[4971.906s][info ][safepoint      ] Leaving safepoint region
[4971.906s][info ][safepoint      ] Total time for which application threads were stopped: 0.0067277 seconds, Stopping threads took: 0.0000655 seconds
[4972.906s][info ][safepoint      ] Application time: 1.0001066 seconds
[4972.906s][info ][safepoint      ] Entering safepoint region: Cleanup
[4972.906s][info ][safepoint      ] Leaving safepoint region
[4972.906s][info ][safepoint      ] Total time for which application threads were stopped: 0.0000968 seconds, Stopping threads took: 0.0000325 seconds
[4973.906s][info ][safepoint      ] Application time: 1.0000729 seconds
[4973.906s][info ][safepoint      ] Entering safepoint region: Cleanup
[4973.906s][info ][safepoint      ] Leaving safepoint region
[4973.906s][info ][safepoint      ] Total time for which application threads were stopped: 0.0000989 seconds, Stopping threads took: 0.0000337 seconds
[4974.906s][info ][safepoint      ] Application time: 1.0000746 seconds
[4974.906s][info ][safepoint      ] Entering safepoint region: Cleanup
[4974.906s][info ][safepoint      ] Leaving safepoint region
[4974.906s][info ][safepoint      ] Total time for which application threads were stopped: 0.0001442 seconds, Stopping threads took: 0.0000824 seconds
[4975.906s][info ][safepoint      ] Application time: 1.0000759 seconds
[4975.906s][info ][safepoint      ] Entering safepoint region: Cleanup
[4975.907s][info ][safepoint      ] Leaving safepoint region
[4975.907s][info ][safepoint      ] Total time for which application threads were stopped: 0.0001053 seconds, Stopping threads took: 0.0000433 seconds
[4976.907s][info ][safepoint      ] Application time: 1.0000771 seconds
[4976.907s][info ][safepoint      ] Entering safepoint region: Cleanup
[4976.907s][info ][safepoint      ] Leaving safepoint region
[4976.907s][info ][safepoint      ] Total time for which application threads were stopped: 0.0001216 seconds, Stopping threads took: 0.0000606 seconds
[4977.907s][info ][safepoint      ] Application time: 1.0000716 seconds
[4977.907s][info ][safepoint      ] Entering safepoint region: Cleanup
[4977.907s][info ][safepoint      ] Leaving safepoint region
[4977.907s][info ][safepoint      ] Total time for which application threads were stopped: 0.0000987 seconds, Stopping threads took: 0.0000399 seconds
[4978.907s][info ][safepoint      ] Application time: 1.0000762 seconds
[4978.907s][info ][safepoint      ] Entering safepoint region: Cleanup
[4978.907s][info ][safepoint      ] Leaving safepoint region
[4978.907s][info ][safepoint      ] Total time for which application threads were stopped: 0.0000898 seconds, Stopping threads took: 0.0000313 seconds
[4979.907s][info ][safepoint      ] Application time: 1.0000697 seconds
[4979.907s][info ][safepoint      ] Entering safepoint region: Cleanup
[4979.907s][info ][safepoint      ] Leaving safepoint region
[4979.907s][info ][safepoint      ] Total time for which application threads were stopped: 0.0001067 seconds, Stopping threads took: 0.0000495 seconds
[4980.199s][info ][safepoint      ] Application time: 0.2918678 seconds
[4980.199s][info ][safepoint      ] Entering safepoint region: ParallelGCFailedAllocation
[4980.199s][info ][gc,start       ] GC(583) Pause Young (Allocation Failure)
[4980.205s][debug][gc,phases      ] GC(583) Scavenge 5.103ms
[4980.205s][debug][gc,ref         ] GC(583) Skipped phase1 of Reference Processing due to unavailable references
[4980.205s][debug][gc,ref         ] GC(583) Skipped phase2 of Reference Processing due to unavailable references
[4980.205s][debug][gc,ref         ] GC(583) Skipped phase3 of Reference Processing due to unavailable references
[4980.205s][debug][gc,phases      ] GC(583) Reference Processing 0.027ms
[4980.205s][debug][gc,phases      ] GC(583) Weak Processing 0.147ms
[4980.205s][debug][gc,phases      ] GC(583) Scrub String Table 0.436ms
[4980.205s][debug][gc,age         ] GC(583) Desired survivor size 43515904 bytes, new threshold 15 (max threshold 15)
[4980.205s][info ][gc,heap        ] GC(583) PSYoungGen: 2009968K->8064K(2054656K)
[4980.205s][info ][gc,heap        ] GC(583) ParOldGen: 659776K->659988K(735744K)
[4980.205s][info ][gc,metaspace   ] GC(583) Metaspace: 77339K->77339K(1120256K)
[4980.205s][info ][gc             ] GC(583) Pause Young (Allocation Failure) 2607M->652M(2725M) 5.853ms
[4980.205s][info ][gc,cpu         ] GC(583) User=0.02s Sys=0.00s Real=0.00s
[4980.205s][info ][safepoint      ] Leaving safepoint region
[4980.205s][info ][safepoint      ] Total time for which application threads were stopped: 0.0060647 seconds, Stopping threads took: 0.0000423 seconds
[4981.205s][info ][safepoint      ] Application time: 1.0000807 seconds
[4981.206s][info ][safepoint      ] Entering safepoint region: Cleanup
[4981.206s][info ][safepoint      ] Leaving safepoint region
[4981.206s][info ][safepoint      ] Total time for which application threads were stopped: 0.0000996 seconds, Stopping threads took: 0.0000321 seconds
[4982.206s][info ][safepoint      ] Application time: 1.0000709 seconds
[4982.206s][info ][safepoint      ] Entering safepoint region: Cleanup
[4982.206s][info ][safepoint      ] Leaving safepoint region
[4982.206s][info ][safepoint      ] Total time for which application threads were stopped: 0.0001040 seconds, Stopping threads took: 0.0000447 seconds
[4983.206s][info ][safepoint      ] Application time: 1.0000763 seconds
[4983.206s][info ][safepoint      ] Entering safepoint region: Cleanup
[4983.206s][info ][safepoint      ] Leaving safepoint region
[4983.206s][info ][safepoint      ] Total time for which application threads were stopped: 0.0001151 seconds, Stopping threads took: 0.0000345 seconds
[4984.206s][info ][safepoint      ] Application time: 1.0000788 seconds
[4984.206s][info ][safepoint      ] Entering safepoint region: Cleanup
[4984.206s][info ][safepoint      ] Leaving safepoint region
[4984.206s][info ][safepoint      ] Total time for which application threads were stopped: 0.0001097 seconds, Stopping threads took: 0.0000497 seconds
[4985.206s][info ][safepoint      ] Application time: 1.0000716 seconds
[4985.206s][info ][safepoint      ] Entering safepoint region: Cleanup
[4985.207s][info ][safepoint      ] Leaving safepoint region
[4985.207s][info ][safepoint      ] Total time for which application threads were stopped: 0.0001115 seconds, Stopping threads took: 0.0000527 seconds
[4986.207s][info ][safepoint      ] Application time: 1.0000890 seconds
[4986.207s][info ][safepoint      ] Entering safepoint region: Cleanup
[4986.207s][info ][safepoint      ] Leaving safepoint region
[4986.207s][info ][safepoint      ] Total time for which application threads were stopped: 0.0000894 seconds, Stopping threads took: 0.0000315 seconds
[4987.207s][info ][safepoint      ] Application time: 1.0000818 seconds
[4987.207s][info ][safepoint      ] Entering safepoint region: Cleanup
[4987.207s][info ][safepoint      ] Leaving safepoint region
[4987.207s][info ][safepoint      ] Total time for which application threads were stopped: 0.0000909 seconds, Stopping threads took: 0.0000310 seconds
[4988.195s][info ][safepoint      ] Application time: 0.9880562 seconds
[4988.195s][info ][safepoint      ] Entering safepoint region: ParallelGCFailedAllocation
[4988.195s][info ][gc,start       ] GC(584) Pause Young (Allocation Failure)
[4988.201s][debug][gc,phases      ] GC(584) Scavenge 5.288ms
[4988.201s][debug][gc,ref         ] GC(584) Skipped phase1 of Reference Processing due to unavailable references
[4988.201s][debug][gc,ref         ] GC(584) Skipped phase2 of Reference Processing due to unavailable references
[4988.201s][debug][gc,ref         ] GC(584) Skipped phase3 of Reference Processing due to unavailable references
[4988.201s][debug][gc,phases      ] GC(584) Reference Processing 0.027ms
[4988.201s][debug][gc,phases      ] GC(584) Weak Processing 0.133ms
[4988.201s][debug][gc,phases      ] GC(584) Scrub String Table 0.451ms
[4988.201s][debug][gc,age         ] GC(584) Desired survivor size 41418752 bytes, new threshold 15 (max threshold 15)
[4988.201s][info ][gc,heap        ] GC(584) PSYoungGen: 2017679K->8608K(2052608K)
[4988.201s][info ][gc,heap        ] GC(584) ParOldGen: 659988K->660140K(735744K)
[4988.201s][info ][gc,metaspace   ] GC(584) Metaspace: 77341K->77341K(1120256K)
[4988.201s][info ][gc             ] GC(584) Pause Young (Allocation Failure) 2614M->653M(2723M) 6.019ms
[4988.201s][info ][gc,cpu         ] GC(584) User=0.02s Sys=0.00s Real=0.01s
[4988.201s][info ][safepoint      ] Leaving safepoint region
[4988.201s][info ][safepoint      ] Total time for which application threads were stopped: 0.0061879 seconds, Stopping threads took: 0.0000302 seconds
[4989.201s][info ][safepoint      ] Application time: 1.0000394 seconds
[4989.201s][info ][safepoint      ] Entering safepoint region: Cleanup
[4989.201s][info ][safepoint      ] Leaving safepoint region
[4989.201s][info ][safepoint      ] Total time for which application threads were stopped: 0.0001139 seconds, Stopping threads took: 0.0000489 seconds
[4990.202s][info ][safepoint      ] Application time: 1.0000755 seconds
[4990.202s][info ][safepoint      ] Entering safepoint region: Cleanup
[4990.202s][info ][safepoint      ] Leaving safepoint region
[4990.202s][info ][safepoint      ] Total time for which application threads were stopped: 0.0001528 seconds, Stopping threads took: 0.0000632 seconds
[4991.202s][info ][safepoint      ] Application time: 1.0000736 seconds
[4991.202s][info ][safepoint      ] Entering safepoint region: Cleanup
[4991.202s][info ][safepoint      ] Leaving safepoint region
[4991.202s][info ][safepoint      ] Total time for which application threads were stopped: 0.0001161 seconds, Stopping threads took: 0.0000344 seconds
[4992.202s][info ][safepoint      ] Application time: 1.0000818 seconds
[4992.202s][info ][safepoint      ] Entering safepoint region: Cleanup
[4992.202s][info ][safepoint      ] Leaving safepoint region
[4992.202s][info ][safepoint      ] Total time for which application threads were stopped: 0.0001339 seconds, Stopping threads took: 0.0000678 seconds
[4993.202s][info ][safepoint      ] Application time: 1.0000876 seconds
[4993.202s][info ][safepoint      ] Entering safepoint region: Cleanup
[4993.202s][info ][safepoint      ] Leaving safepoint region
[4993.202s][info ][safepoint      ] Total time for which application threads were stopped: 0.0001184 seconds, Stopping threads took: 0.0000372 seconds
[4994.205s][info ][safepoint      ] Application time: 1.0023400 seconds
[4994.205s][info ][safepoint      ] Entering safepoint region: Cleanup
[4994.205s][info ][safepoint      ] Leaving safepoint region
[4994.205s][info ][safepoint      ] Total time for which application threads were stopped: 0.0001199 seconds, Stopping threads took: 0.0000507 seconds
[4995.205s][info ][safepoint      ] Application time: 1.0000730 seconds
[4995.205s][info ][safepoint      ] Entering safepoint region: Cleanup
[4995.205s][info ][safepoint      ] Leaving safepoint region
[4995.205s][info ][safepoint      ] Total time for which application threads were stopped: 0.0001032 seconds, Stopping threads took: 0.0000350 seconds
[4995.750s][info ][safepoint      ] Application time: 0.5445982 seconds
[4995.750s][info ][safepoint      ] Entering safepoint region: ParallelGCFailedAllocation
[4995.750s][info ][gc,start       ] GC(585) Pause Young (Allocation Failure)
[4995.759s][debug][gc,phases      ] GC(585) Scavenge 8.507ms
[4995.759s][debug][gc,ref         ] GC(585) Skipped phase1 of Reference Processing due to unavailable references
[4995.759s][debug][gc,ref         ] GC(585) Skipped phase2 of Reference Processing due to unavailable references
[4995.759s][debug][gc,ref         ] GC(585) Skipped phase3 of Reference Processing due to unavailable references
[4995.759s][debug][gc,phases      ] GC(585) Reference Processing 0.032ms
[4995.759s][debug][gc,phases      ] GC(585) Weak Processing 0.159ms
[4995.759s][debug][gc,phases      ] GC(585) Scrub String Table 0.555ms
[4995.759s][debug][gc,age         ] GC(585) Desired survivor size 39845888 bytes, new threshold 15 (max threshold 15)
[4995.759s][info ][gc,heap        ] GC(585) PSYoungGen: 2018720K->15824K(2058240K)
[4995.759s][info ][gc,heap        ] GC(585) ParOldGen: 660140K->660280K(735744K)
[4995.759s][info ][gc,metaspace   ] GC(585) Metaspace: 77343K->77343K(1120256K)
[4995.759s][info ][gc             ] GC(585) Pause Young (Allocation Failure) 2616M->660M(2728M) 9.394ms
[4995.759s][info ][gc,cpu         ] GC(585) User=0.04s Sys=0.00s Real=0.01s
[4995.759s][info ][safepoint      ] Leaving safepoint region
[4995.759s][info ][safepoint      ] Total time for which application threads were stopped: 0.0095845 seconds, Stopping threads took: 0.0000267 seconds
[4996.760s][info ][safepoint      ] Application time: 1.0001048 seconds
[4996.760s][info ][safepoint      ] Entering safepoint region: Cleanup
[4996.760s][info ][safepoint      ] Leaving safepoint region
[4996.760s][info ][safepoint      ] Total time for which application threads were stopped: 0.0001081 seconds, Stopping threads took: 0.0000442 seconds
[4996.881s][info ][safepoint      ] Application time: 0.1213220 seconds
[4996.881s][info ][safepoint      ] Entering safepoint region: RevokeBias
[4996.881s][info ][safepoint      ] Leaving safepoint region
[4996.881s][info ][safepoint      ] Total time for which application threads were stopped: 0.0001316 seconds, Stopping threads took: 0.0000333 seconds
[4997.881s][info ][safepoint      ] Application time: 1.0000789 seconds
[4997.881s][info ][safepoint      ] Entering safepoint region: Cleanup
[4997.881s][info ][safepoint      ] Leaving safepoint region
[4997.881s][info ][safepoint      ] Total time for which application threads were stopped: 0.0001155 seconds, Stopping threads took: 0.0000442 seconds
[4998.882s][info ][safepoint      ] Application time: 1.0000992 seconds
[4998.884s][info ][safepoint      ] Entering safepoint region: Cleanup
[4998.884s][info ][safepoint      ] Leaving safepoint region
[4998.884s][info ][safepoint      ] Total time for which application threads were stopped: 0.0023547 seconds, Stopping threads took: 0.0022495 seconds
[4999.884s][info ][safepoint      ] Application time: 1.0000657 seconds
[4999.884s][info ][safepoint      ] Entering safepoint region: Cleanup
[4999.884s][info ][safepoint      ] Leaving safepoint region
[4999.884s][info ][safepoint      ] Total time for which application threads were stopped: 0.0000987 seconds, Stopping threads took: 0.0000320 seconds
[5000.884s][info ][safepoint      ] Application time: 1.0000782 seconds
[5000.884s][info ][safepoint      ] Entering safepoint region: Cleanup
[5000.884s][info ][safepoint      ] Leaving safepoint region
[5000.884s][info ][safepoint      ] Total time for which application threads were stopped: 0.0001046 seconds, Stopping threads took: 0.0000454 seconds
[5001.884s][info ][safepoint      ] Application time: 1.0000766 seconds
[5001.884s][info ][safepoint      ] Entering safepoint region: Cleanup
[5001.885s][info ][safepoint      ] Leaving safepoint region
[5001.885s][info ][safepoint      ] Total time for which application threads were stopped: 0.0001236 seconds, Stopping threads took: 0.0000444 seconds
[5002.885s][info ][safepoint      ] Application time: 1.0000726 seconds
[5002.885s][info ][safepoint      ] Entering safepoint region: Cleanup
[5002.885s][info ][safepoint      ] Leaving safepoint region
[5002.885s][info ][safepoint      ] Total time for which application threads were stopped: 0.0001153 seconds, Stopping threads took: 0.0000541 seconds
[5003.250s][info ][safepoint      ] Application time: 0.3647165 seconds
[5003.250s][info ][safepoint      ] Entering safepoint region: ParallelGCFailedAllocation
[5003.250s][info ][gc,start       ] GC(586) Pause Young (Allocation Failure)
[5003.263s][debug][gc,phases      ] GC(586) Scavenge 13.564ms
[5003.263s][debug][gc,ref         ] GC(586) Skipped phase1 of Reference Processing due to unavailable references
[5003.263s][debug][gc,ref         ] GC(586) Skipped phase2 of Reference Processing due to unavailable references
[5003.263s][debug][gc,ref         ] GC(586) Skipped phase3 of Reference Processing due to unavailable references
[5003.263s][debug][gc,phases      ] GC(586) Reference Processing 0.029ms
[5003.264s][debug][gc,phases      ] GC(586) Weak Processing 0.141ms
[5003.264s][debug][gc,phases      ] GC(586) Scrub String Table 0.432ms
[5003.264s][debug][gc,age         ] GC(586) Desired survivor size 39845888 bytes, new threshold 15 (max threshold 15)
[5003.264s][info ][gc,heap        ] GC(586) PSYoungGen: 2033616K->20368K(2056704K)
[5003.264s][info ][gc,heap        ] GC(586) ParOldGen: 660280K->660392K(735744K)
[5003.264s][info ][gc,metaspace   ] GC(586) Metaspace: 77343K->77343K(1120256K)
[5003.264s][info ][gc             ] GC(586) Pause Young (Allocation Failure) 2630M->664M(2727M) 14.287ms
[5003.264s][info ][gc,cpu         ] GC(586) User=0.03s Sys=0.00s Real=0.01s
[5003.264s][info ][safepoint      ] Leaving safepoint region
[5003.264s][info ][safepoint      ] Total time for which application threads were stopped: 0.0145283 seconds, Stopping threads took: 0.0000615 seconds
[5004.264s][info ][safepoint      ] Application time: 1.0000859 seconds
[5004.264s][info ][safepoint      ] Entering safepoint region: Cleanup
[5004.264s][info ][safepoint      ] Leaving safepoint region
[5004.264s][info ][safepoint      ] Total time for which application threads were stopped: 0.0000924 seconds, Stopping threads took: 0.0000420 seconds
[5005.264s][info ][safepoint      ] Application time: 1.0000303 seconds
[5005.264s][info ][safepoint      ] Entering safepoint region: Cleanup
[5005.264s][info ][safepoint      ] Leaving safepoint region
[5005.264s][info ][safepoint      ] Total time for which application threads were stopped: 0.0001089 seconds, Stopping threads took: 0.0000339 seconds
[5006.265s][info ][safepoint      ] Application time: 1.0000811 seconds
[5006.265s][info ][safepoint      ] Entering safepoint region: Cleanup
[5006.265s][info ][safepoint      ] Leaving safepoint region
[5006.265s][info ][safepoint      ] Total time for which application threads were stopped: 0.0001184 seconds, Stopping threads took: 0.0000463 seconds
[5007.265s][info ][safepoint      ] Application time: 1.0000653 seconds
[5007.265s][info ][safepoint      ] Entering safepoint region: Cleanup
[5007.265s][info ][safepoint      ] Leaving safepoint region
[5007.265s][info ][safepoint      ] Total time for which application threads were stopped: 0.0001224 seconds, Stopping threads took: 0.0000537 seconds
[5008.265s][info ][safepoint      ] Application time: 1.0000804 seconds
[5008.265s][info ][safepoint      ] Entering safepoint region: Cleanup
[5008.265s][info ][safepoint      ] Leaving safepoint region
[5008.265s][info ][safepoint      ] Total time for which application threads were stopped: 0.0000870 seconds, Stopping threads took: 0.0000329 seconds
[5009.265s][info ][safepoint      ] Application time: 1.0000740 seconds
[5009.265s][info ][safepoint      ] Entering safepoint region: Cleanup
[5009.265s][info ][safepoint      ] Leaving safepoint region
[5009.265s][info ][safepoint      ] Total time for which application threads were stopped: 0.0001163 seconds, Stopping threads took: 0.0000359 seconds
[5010.265s][info ][safepoint      ] Application time: 1.0000800 seconds
[5010.266s][info ][safepoint      ] Entering safepoint region: Cleanup
[5010.266s][info ][safepoint      ] Leaving safepoint region
[5010.266s][info ][safepoint      ] Total time for which application threads were stopped: 0.0001452 seconds, Stopping threads took: 0.0000770 seconds
[5010.600s][info ][safepoint      ] Application time: 0.3343904 seconds
[5010.600s][info ][safepoint      ] Entering safepoint region: ParallelGCFailedAllocation
[5010.600s][info ][gc,start       ] GC(587) Pause Young (Allocation Failure)
[5010.613s][debug][gc,phases      ] GC(587) Scavenge 12.254ms
[5010.613s][debug][gc,ref         ] GC(587) Skipped phase1 of Reference Processing due to unavailable references
[5010.613s][debug][gc,ref         ] GC(587) Skipped phase2 of Reference Processing due to unavailable references
[5010.613s][debug][gc,ref         ] GC(587) Skipped phase3 of Reference Processing due to unavailable references
[5010.613s][debug][gc,phases      ] GC(587) Reference Processing 0.050ms
[5010.613s][debug][gc,phases      ] GC(587) Weak Processing 0.173ms
[5010.613s][debug][gc,phases      ] GC(587) Scrub String Table 0.500ms
[5010.613s][debug][gc,age         ] GC(587) Desired survivor size 40894464 bytes, new threshold 15 (max threshold 15)
[5010.613s][info ][gc,heap        ] GC(587) PSYoungGen: 2038160K->24048K(2056192K)
[5010.613s][info ][gc,heap        ] GC(587) ParOldGen: 660392K->660504K(735744K)
[5010.613s][info ][gc,metaspace   ] GC(587) Metaspace: 77343K->77343K(1120256K)
[5010.613s][info ][gc             ] GC(587) Pause Young (Allocation Failure) 2635M->668M(2726M) 13.123ms
[5010.613s][info ][gc,cpu         ] GC(587) User=0.04s Sys=0.00s Real=0.01s
[5010.613s][info ][safepoint      ] Leaving safepoint region
[5010.613s][info ][safepoint      ] Total time for which application threads were stopped: 0.0134173 seconds, Stopping threads took: 0.0001013 seconds
[5011.614s][info ][safepoint      ] Application time: 1.0000802 seconds
[5011.614s][info ][safepoint      ] Entering safepoint region: Cleanup
[5011.614s][info ][safepoint      ] Leaving safepoint region
[5011.614s][info ][safepoint      ] Total time for which application threads were stopped: 0.0001171 seconds, Stopping threads took: 0.0000477 seconds
[5012.614s][info ][safepoint      ] Application time: 1.0000732 seconds
[5012.614s][info ][safepoint      ] Entering safepoint region: Cleanup
[5012.614s][info ][safepoint      ] Leaving safepoint region
[5012.614s][info ][safepoint      ] Total time for which application threads were stopped: 0.0001266 seconds, Stopping threads took: 0.0000503 seconds
[5013.614s][info ][safepoint      ] Application time: 1.0000755 seconds
[5013.614s][info ][safepoint      ] Entering safepoint region: Cleanup
[5013.614s][info ][safepoint      ] Leaving safepoint region
[5013.614s][info ][safepoint      ] Total time for which application threads were stopped: 0.0001257 seconds, Stopping threads took: 0.0000475 seconds
[5014.614s][info ][safepoint      ] Application time: 1.0000801 seconds
[5014.614s][info ][safepoint      ] Entering safepoint region: Cleanup
[5014.614s][info ][safepoint      ] Leaving safepoint region
[5014.614s][info ][safepoint      ] Total time for which application threads were stopped: 0.0000993 seconds, Stopping threads took: 0.0000372 seconds
[5015.614s][info ][safepoint      ] Application time: 1.0000727 seconds
[5015.615s][info ][safepoint      ] Entering safepoint region: Cleanup
[5015.615s][info ][safepoint      ] Leaving safepoint region
[5015.615s][info ][safepoint      ] Total time for which application threads were stopped: 0.0001040 seconds, Stopping threads took: 0.0000356 seconds
[5016.615s][info ][safepoint      ] Application time: 1.0000724 seconds
[5016.615s][info ][safepoint      ] Entering safepoint region: Cleanup
[5016.615s][info ][safepoint      ] Leaving safepoint region
[5016.615s][info ][safepoint      ] Total time for which application threads were stopped: 0.0001196 seconds, Stopping threads took: 0.0000442 seconds
[5017.615s][info ][safepoint      ] Application time: 1.0000716 seconds
[5017.615s][info ][safepoint      ] Entering safepoint region: Cleanup
[5017.615s][info ][safepoint      ] Leaving safepoint region
[5017.615s][info ][safepoint      ] Total time for which application threads were stopped: 0.0001049 seconds, Stopping threads took: 0.0000326 seconds
[5018.291s][info ][safepoint      ] Application time: 0.6760109 seconds
[5018.291s][info ][safepoint      ] Entering safepoint region: ParallelGCFailedAllocation
[5018.291s][info ][gc,start       ] GC(588) Pause Young (Allocation Failure)
[5018.309s][debug][gc,phases      ] GC(588) Scavenge 17.617ms
[5018.309s][debug][gc,ref         ] GC(588) Skipped phase1 of Reference Processing due to unavailable references
[5018.309s][debug][gc,ref         ] GC(588) Skipped phase2 of Reference Processing due to unavailable references
[5018.309s][debug][gc,ref         ] GC(588) Skipped phase3 of Reference Processing due to unavailable references
[5018.309s][debug][gc,phases      ] GC(588) Reference Processing 0.034ms
[5018.309s][debug][gc,phases      ] GC(588) Weak Processing 0.155ms
[5018.310s][debug][gc,phases      ] GC(588) Scrub String Table 0.557ms
[5018.310s][debug][gc,age         ] GC(588) Desired survivor size 41943040 bytes, new threshold 15 (max threshold 15)
[5018.310s][info ][gc,heap        ] GC(588) PSYoungGen: 2041328K->24016K(2041344K)
[5018.310s][info ][gc,heap        ] GC(588) ParOldGen: 660504K->660748K(735744K)
[5018.310s][info ][gc,metaspace   ] GC(588) Metaspace: 77343K->77343K(1120256K)
[5018.310s][info ][gc             ] GC(588) Pause Young (Allocation Failure) 2638M->668M(2712M) 18.494ms
[5018.310s][info ][gc,cpu         ] GC(588) User=0.04s Sys=0.00s Real=0.02s
[5018.310s][info ][safepoint      ] Leaving safepoint region
[5018.310s][info ][safepoint      ] Total time for which application threads were stopped: 0.0186746 seconds, Stopping threads took: 0.0000316 seconds
[5019.310s][info ][safepoint      ] Application time: 1.0000834 seconds
[5019.310s][info ][safepoint      ] Entering safepoint region: Cleanup
[5019.310s][info ][safepoint      ] Leaving safepoint region
[5019.310s][info ][safepoint      ] Total time for which application threads were stopped: 0.0001168 seconds, Stopping threads took: 0.0000494 seconds
[5020.310s][info ][safepoint      ] Application time: 1.0000787 seconds
[5020.310s][info ][safepoint      ] Entering safepoint region: Cleanup
[5020.310s][info ][safepoint      ] Leaving safepoint region
[5020.310s][info ][safepoint      ] Total time for which application threads were stopped: 0.0000959 seconds, Stopping threads took: 0.0000351 seconds
[5021.310s][info ][safepoint      ] Application time: 1.0000757 seconds
[5021.310s][info ][safepoint      ] Entering safepoint region: Cleanup
[5021.310s][info ][safepoint      ] Leaving safepoint region
[5021.310s][info ][safepoint      ] Total time for which application threads were stopped: 0.0001213 seconds, Stopping threads took: 0.0000525 seconds
[5022.311s][info ][safepoint      ] Application time: 1.0000700 seconds
[5022.311s][info ][safepoint      ] Entering safepoint region: Cleanup
[5022.311s][info ][safepoint      ] Leaving safepoint region
[5022.311s][info ][safepoint      ] Total time for which application threads were stopped: 0.0001140 seconds, Stopping threads took: 0.0000357 seconds
[5023.311s][info ][safepoint      ] Application time: 1.0000741 seconds
[5023.311s][info ][safepoint      ] Entering safepoint region: Cleanup
[5023.311s][info ][safepoint      ] Leaving safepoint region
[5023.311s][info ][safepoint      ] Total time for which application threads were stopped: 0.0001237 seconds, Stopping threads took: 0.0000509 seconds
[5024.311s][info ][safepoint      ] Application time: 1.0000736 seconds
[5024.311s][info ][safepoint      ] Entering safepoint region: Cleanup
[5024.311s][info ][safepoint      ] Leaving safepoint region
[5024.311s][info ][safepoint      ] Total time for which application threads were stopped: 0.0001174 seconds, Stopping threads took: 0.0000463 seconds
[5025.311s][info ][safepoint      ] Application time: 1.0000782 seconds
[5025.311s][info ][safepoint      ] Entering safepoint region: Cleanup
[5025.311s][info ][safepoint      ] Leaving safepoint region
[5025.311s][info ][safepoint      ] Total time for which application threads were stopped: 0.0001030 seconds, Stopping threads took: 0.0000340 seconds
[5026.099s][info ][safepoint      ] Application time: 0.7877383 seconds
[5026.099s][info ][safepoint      ] Entering safepoint region: ParallelGCFailedAllocation
[5026.099s][info ][gc,start       ] GC(589) Pause Young (Allocation Failure)
[5026.123s][debug][gc,phases      ] GC(589) Scavenge 23.957ms
[5026.123s][debug][gc,ref         ] GC(589) Skipped phase1 of Reference Processing due to unavailable references
[5026.123s][debug][gc,ref         ] GC(589) Skipped phase2 of Reference Processing due to unavailable references
[5026.123s][debug][gc,ref         ] GC(589) Skipped phase3 of Reference Processing due to unavailable references
[5026.123s][debug][gc,phases      ] GC(589) Reference Processing 0.034ms
[5026.123s][debug][gc,phases      ] GC(589) Weak Processing 0.153ms
[5026.124s][debug][gc,phases      ] GC(589) Scrub String Table 0.532ms
[5026.124s][debug][gc,age         ] GC(589) Desired survivor size 42991616 bytes, new threshold 15 (max threshold 15)
[5026.124s][info ][gc,heap        ] GC(589) PSYoungGen: 2041296K->24496K(2054144K)
[5026.124s][info ][gc,heap        ] GC(589) ParOldGen: 660748K->661020K(735744K)
[5026.124s][info ][gc,metaspace   ] GC(589) Metaspace: 77343K->77343K(1120256K)
[5026.124s][info ][gc             ] GC(589) Pause Young (Allocation Failure) 2638M->669M(2724M) 24.810ms
[5026.124s][info ][gc,cpu         ] GC(589) User=0.04s Sys=0.00s Real=0.02s
[5026.124s][info ][safepoint      ] Leaving safepoint region
[5026.124s][info ][safepoint      ] Total time for which application threads were stopped: 0.0250214 seconds, Stopping threads took: 0.0000616 seconds
[5027.125s][info ][safepoint      ] Application time: 1.0009490 seconds
[5027.125s][info ][safepoint      ] Entering safepoint region: Cleanup
[5027.125s][info ][safepoint      ] Leaving safepoint region
[5027.125s][info ][safepoint      ] Total time for which application threads were stopped: 0.0001098 seconds, Stopping threads took: 0.0000513 seconds
[5028.125s][info ][safepoint      ] Application time: 1.0000796 seconds
[5028.125s][info ][safepoint      ] Entering safepoint region: Cleanup
[5028.126s][info ][safepoint      ] Leaving safepoint region
[5028.126s][info ][safepoint      ] Total time for which application threads were stopped: 0.0001802 seconds, Stopping threads took: 0.0000952 seconds
[5029.126s][info ][safepoint      ] Application time: 1.0000678 seconds
[5029.126s][info ][safepoint      ] Entering safepoint region: Cleanup
[5029.126s][info ][safepoint      ] Leaving safepoint region
[5029.126s][info ][safepoint      ] Total time for which application threads were stopped: 0.0001001 seconds, Stopping threads took: 0.0000338 seconds
[5030.126s][info ][safepoint      ] Application time: 1.0000765 seconds
[5030.126s][info ][safepoint      ] Entering safepoint region: Cleanup
[5030.126s][info ][safepoint      ] Leaving safepoint region
[5030.126s][info ][safepoint      ] Total time for which application threads were stopped: 0.0000961 seconds, Stopping threads took: 0.0000324 seconds
[5031.126s][info ][safepoint      ] Application time: 1.0000786 seconds
[5031.128s][info ][safepoint      ] Entering safepoint region: Cleanup
[5031.128s][info ][safepoint      ] Leaving safepoint region
[5031.128s][info ][safepoint      ] Total time for which application threads were stopped: 0.0023311 seconds, Stopping threads took: 0.0022629 seconds
[5034.272s][info ][safepoint      ] Application time: 3.1433116 seconds
[5034.272s][info ][safepoint      ] Entering safepoint region: ParallelGCFailedAllocation
[5034.272s][info ][gc,start       ] GC(590) Pause Young (Allocation Failure)
[5034.300s][debug][gc,phases      ] GC(590) Scavenge 27.622ms
[5034.300s][debug][gc,ref         ] GC(590) Skipped phase1 of Reference Processing due to unavailable references
[5034.300s][debug][gc,ref         ] GC(590) Skipped phase2 of Reference Processing due to unavailable references
[5034.300s][debug][gc,ref         ] GC(590) Skipped phase3 of Reference Processing due to unavailable references
[5034.300s][debug][gc,phases      ] GC(590) Reference Processing 0.035ms
[5034.300s][debug][gc,phases      ] GC(590) Weak Processing 0.185ms
[5034.300s][debug][gc,phases      ] GC(590) Scrub String Table 0.491ms
[5034.300s][debug][gc,age         ] GC(590) Desired survivor size 43515904 bytes, new threshold 15 (max threshold 15)
[5034.300s][info ][gc,heap        ] GC(590) PSYoungGen: 2037680K->24784K(2038272K)
[5034.300s][info ][gc,heap        ] GC(590) ParOldGen: 661020K->661168K(735744K)
[5034.300s][info ][gc,metaspace   ] GC(590) Metaspace: 77343K->77343K(1120256K)
[5034.300s][info ][gc             ] GC(590) Pause Young (Allocation Failure) 2635M->669M(2709M) 28.481ms
[5034.300s][info ][gc,cpu         ] GC(590) User=0.08s Sys=0.01s Real=0.03s
[5034.300s][info ][safepoint      ] Leaving safepoint region
[5034.300s][info ][safepoint      ] Total time for which application threads were stopped: 0.0286426 seconds, Stopping threads took: 0.0000121 seconds
[5041.900s][info ][safepoint      ] Application time: 7.6000831 seconds
[5041.901s][info ][safepoint      ] Entering safepoint region: ParallelGCFailedAllocation
[5041.901s][info ][gc,start       ] GC(591) Pause Young (Allocation Failure)
[5041.910s][debug][gc,phases      ] GC(591) Scavenge 9.529ms
[5041.910s][debug][gc,ref         ] GC(591) Skipped phase1 of Reference Processing due to unavailable references
[5041.910s][debug][gc,ref         ] GC(591) Skipped phase2 of Reference Processing due to unavailable references
[5041.910s][debug][gc,ref         ] GC(591) Skipped phase3 of Reference Processing due to unavailable references
[5041.910s][debug][gc,phases      ] GC(591) Reference Processing 0.026ms
[5041.910s][debug][gc,phases      ] GC(591) Weak Processing 0.135ms
[5041.911s][debug][gc,phases      ] GC(591) Scrub String Table 0.417ms
[5041.911s][debug][gc,age         ] GC(591) Desired survivor size 43515904 bytes, new threshold 15 (max threshold 15)
[5041.911s][info ][gc,heap        ] GC(591) PSYoungGen: 2037968K->24480K(2054656K)
[5041.911s][info ][gc,heap        ] GC(591) ParOldGen: 661168K->661232K(735744K)
[5041.911s][info ][gc,metaspace   ] GC(591) Metaspace: 77343K->77343K(1120256K)
[5041.911s][info ][gc             ] GC(591) Pause Young (Allocation Failure) 2635M->669M(2725M) 10.224ms
[5041.911s][info ][gc,cpu         ] GC(591) User=0.04s Sys=0.00s Real=0.01s
[5041.911s][info ][safepoint      ] Leaving safepoint region
[5041.911s][info ][safepoint      ] Total time for which application threads were stopped: 0.0104210 seconds, Stopping threads took: 0.0000513 seconds
[5049.600s][info ][safepoint      ] Application time: 7.6893005 seconds
[5049.600s][info ][safepoint      ] Entering safepoint region: ParallelGCFailedAllocation
[5049.600s][info ][gc,start       ] GC(592) Pause Young (Allocation Failure)
[5049.609s][debug][gc,phases      ] GC(592) Scavenge 8.445ms
[5049.609s][debug][gc,ref         ] GC(592) Skipped phase1 of Reference Processing due to unavailable references
[5049.609s][debug][gc,ref         ] GC(592) Skipped phase2 of Reference Processing due to unavailable references
[5049.609s][debug][gc,ref         ] GC(592) Skipped phase3 of Reference Processing due to unavailable references
[5049.609s][debug][gc,phases      ] GC(592) Reference Processing 0.030ms
[5049.609s][debug][gc,phases      ] GC(592) Weak Processing 0.140ms
[5049.610s][debug][gc,phases      ] GC(592) Scrub String Table 0.435ms
[5049.610s][debug][gc,age         ] GC(592) Desired survivor size 43515904 bytes, new threshold 15 (max threshold 15)
[5049.610s][info ][gc,heap        ] GC(592) PSYoungGen: 2036640K->24528K(2054656K)
[5049.610s][info ][gc,heap        ] GC(592) ParOldGen: 661232K->661360K(735744K)
[5049.610s][info ][gc,metaspace   ] GC(592) Metaspace: 77343K->77343K(1120256K)
[5049.610s][info ][gc             ] GC(592) Pause Young (Allocation Failure) 2634M->669M(2725M) 9.205ms
[5049.610s][info ][gc,cpu         ] GC(592) User=0.04s Sys=0.00s Real=0.01s
[5049.610s][info ][safepoint      ] Leaving safepoint region
[5049.610s][info ][safepoint      ] Total time for which application threads were stopped: 0.0093974 seconds, Stopping threads took: 0.0000550 seconds
[5054.610s][info ][safepoint      ] Application time: 5.0003126 seconds
[5054.610s][info ][safepoint      ] Entering safepoint region: Cleanup
[5054.610s][info ][safepoint      ] Leaving safepoint region
[5054.610s][info ][safepoint      ] Total time for which application threads were stopped: 0.0001025 seconds, Stopping threads took: 0.0000318 seconds
[5057.444s][info ][safepoint      ] Application time: 2.8342180 seconds
[5057.444s][info ][safepoint      ] Entering safepoint region: ParallelGCFailedAllocation
[5057.445s][info ][gc,start       ] GC(593) Pause Young (Allocation Failure)
[5057.453s][debug][gc,phases      ] GC(593) Scavenge 8.852ms
[5057.453s][debug][gc,ref         ] GC(593) Skipped phase1 of Reference Processing due to unavailable references
[5057.453s][debug][gc,ref         ] GC(593) Skipped phase2 of Reference Processing due to unavailable references
[5057.453s][debug][gc,ref         ] GC(593) Skipped phase3 of Reference Processing due to unavailable references
[5057.453s][debug][gc,phases      ] GC(593) Reference Processing 0.028ms
[5057.454s][debug][gc,phases      ] GC(593) Weak Processing 0.132ms
[5057.454s][debug][gc,phases      ] GC(593) Scrub String Table 0.437ms
[5057.454s][debug][gc,age         ] GC(593) Desired survivor size 42991616 bytes, new threshold 15 (max threshold 15)
[5057.454s][info ][gc,heap        ] GC(593) PSYoungGen: 2036688K->24864K(2055168K)
[5057.454s][info ][gc,heap        ] GC(593) ParOldGen: 661360K->661544K(735744K)
[5057.454s][info ][gc,metaspace   ] GC(593) Metaspace: 77344K->77344K(1120256K)
[5057.454s][info ][gc             ] GC(593) Pause Young (Allocation Failure) 2634M->670M(2725M) 9.579ms
[5057.454s][info ][gc,cpu         ] GC(593) User=0.03s Sys=0.00s Real=0.01s
[5057.454s][info ][safepoint      ] Leaving safepoint region
[5057.454s][info ][safepoint      ] Total time for which application threads were stopped: 0.0097220 seconds, Stopping threads took: 0.0000123 seconds
[5058.454s][info ][safepoint      ] Application time: 1.0000884 seconds
[5058.454s][info ][safepoint      ] Entering safepoint region: Cleanup
[5058.454s][info ][safepoint      ] Leaving safepoint region
[5058.454s][info ][safepoint      ] Total time for which application threads were stopped: 0.0001167 seconds, Stopping threads took: 0.0000404 seconds
[5060.455s][info ][safepoint      ] Application time: 2.0001476 seconds
[5060.455s][info ][safepoint      ] Entering safepoint region: Cleanup
[5060.455s][info ][safepoint      ] Leaving safepoint region
[5060.455s][info ][safepoint      ] Total time for which application threads were stopped: 0.0001094 seconds, Stopping threads took: 0.0000312 seconds
[5065.036s][info ][safepoint      ] Application time: 4.5813310 seconds
[5065.036s][info ][safepoint      ] Entering safepoint region: ParallelGCFailedAllocation
[5065.036s][info ][gc,start       ] GC(594) Pause Young (Allocation Failure)
[5065.046s][debug][gc,phases      ] GC(594) Scavenge 9.302ms
[5065.046s][debug][gc,ref         ] GC(594) Skipped phase1 of Reference Processing due to unavailable references
[5065.046s][debug][gc,ref         ] GC(594) Skipped phase3 of Reference Processing due to unavailable references
[5065.046s][debug][gc,phases      ] GC(594) Reference Processing 0.030ms
[5065.046s][debug][gc,phases      ] GC(594) Weak Processing 0.141ms
[5065.046s][debug][gc,phases      ] GC(594) Scrub String Table 0.436ms
[5065.046s][debug][gc,age         ] GC(594) Desired survivor size 42991616 bytes, new threshold 15 (max threshold 15)
[5065.046s][info ][gc,heap        ] GC(594) PSYoungGen: 2037536K->25456K(2054656K)
[5065.046s][info ][gc,heap        ] GC(594) ParOldGen: 661544K->661624K(735744K)
[5065.046s][info ][gc,metaspace   ] GC(594) Metaspace: 77361K->77361K(1120256K)
[5065.046s][info ][gc             ] GC(594) Pause Young (Allocation Failure) 2635M->670M(2725M) 10.039ms
[5065.046s][info ][gc,cpu         ] GC(594) User=0.03s Sys=0.00s Real=0.01s
[5065.046s][info ][safepoint      ] Leaving safepoint region
[5065.046s][info ][safepoint      ] Total time for which application threads were stopped: 0.0102713 seconds, Stopping threads took: 0.0000580 seconds
[5067.047s][info ][safepoint      ] Application time: 2.0001769 seconds
[5067.047s][info ][safepoint      ] Entering safepoint region: Cleanup
[5067.047s][info ][safepoint      ] Leaving safepoint region
[5067.047s][info ][safepoint      ] Total time for which application threads were stopped: 0.0000970 seconds, Stopping threads took: 0.0000338 seconds
[5070.051s][info ][safepoint      ] Application time: 3.0046563 seconds
[5070.051s][info ][safepoint      ] Entering safepoint region: Cleanup
[5070.051s][info ][safepoint      ] Leaving safepoint region
[5070.051s][info ][safepoint      ] Total time for which application threads were stopped: 0.0001101 seconds, Stopping threads took: 0.0000346 seconds
[5071.052s][info ][safepoint      ] Application time: 1.0000971 seconds
[5071.052s][info ][safepoint      ] Entering safepoint region: Cleanup
[5071.052s][info ][safepoint      ] Leaving safepoint region
[5071.052s][info ][safepoint      ] Total time for which application threads were stopped: 0.0001184 seconds, Stopping threads took: 0.0000365 seconds
[5072.680s][info ][safepoint      ] Application time: 1.6286323 seconds
[5072.680s][info ][safepoint      ] Entering safepoint region: ParallelGCFailedAllocation
[5072.681s][info ][gc,start       ] GC(595) Pause Young (Allocation Failure)
[5072.704s][debug][gc,phases      ] GC(595) Scavenge 23.100ms
[5072.704s][debug][gc,ref         ] GC(595) Skipped phase1 of Reference Processing due to unavailable references
[5072.704s][debug][gc,ref         ] GC(595) Skipped phase3 of Reference Processing due to unavailable references
[5072.704s][debug][gc,phases      ] GC(595) Reference Processing 0.038ms
[5072.704s][debug][gc,phases      ] GC(595) Weak Processing 0.226ms
[5072.705s][debug][gc,phases      ] GC(595) Scrub String Table 0.637ms
[5072.705s][debug][gc,age         ] GC(595) Desired survivor size 42991616 bytes, new threshold 15 (max threshold 15)
[5072.705s][info ][gc,heap        ] GC(595) PSYoungGen: 2038128K->25856K(2055168K)
[5072.705s][info ][gc,heap        ] GC(595) ParOldGen: 661624K->661736K(735744K)
[5072.705s][info ][gc,metaspace   ] GC(595) Metaspace: 77363K->77363K(1120256K)
[5072.705s][info ][gc             ] GC(595) Pause Young (Allocation Failure) 2636M->671M(2725M) 24.180ms
[5072.705s][info ][gc,cpu         ] GC(595) User=0.05s Sys=0.00s Real=0.02s
[5072.705s][info ][safepoint      ] Leaving safepoint region
[5072.705s][info ][safepoint      ] Total time for which application threads were stopped: 0.0244812 seconds, Stopping threads took: 0.0000658 seconds
[5074.709s][info ][safepoint      ] Application time: 2.0039267 seconds
[5074.721s][info ][safepoint      ] Entering safepoint region: Cleanup
[5074.721s][info ][safepoint      ] Leaving safepoint region
[5074.721s][info ][safepoint      ] Total time for which application threads were stopped: 0.0120908 seconds, Stopping threads took: 0.0119905 seconds
[5075.721s][info ][safepoint      ] Application time: 1.0000798 seconds
[5075.721s][info ][safepoint      ] Entering safepoint region: Cleanup
[5075.721s][info ][safepoint      ] Leaving safepoint region
[5075.721s][info ][safepoint      ] Total time for which application threads were stopped: 0.0001229 seconds, Stopping threads took: 0.0000406 seconds
[5076.721s][info ][safepoint      ] Application time: 1.0000738 seconds
[5076.721s][info ][safepoint      ] Entering safepoint region: Cleanup
[5076.721s][info ][safepoint      ] Leaving safepoint region
[5076.721s][info ][safepoint      ] Total time for which application threads were stopped: 0.0001265 seconds, Stopping threads took: 0.0000562 seconds
[5080.212s][info ][safepoint      ] Application time: 3.4903265 seconds
[5080.212s][info ][safepoint      ] Entering safepoint region: ParallelGCFailedAllocation
[5080.212s][info ][gc,start       ] GC(596) Pause Young (Allocation Failure)
[5080.237s][debug][gc,phases      ] GC(596) Scavenge 24.885ms
[5080.237s][debug][gc,ref         ] GC(596) Skipped phase1 of Reference Processing due to unavailable references
[5080.237s][debug][gc,ref         ] GC(596) Skipped phase3 of Reference Processing due to unavailable references
[5080.249s][debug][gc,phases      ] GC(596) Reference Processing 11.969ms
[5080.249s][debug][gc,phases      ] GC(596) Weak Processing 0.208ms
[5080.250s][debug][gc,phases      ] GC(596) Scrub String Table 0.642ms
[5080.250s][debug][gc,age         ] GC(596) Desired survivor size 42991616 bytes, new threshold 15 (max threshold 15)
[5080.250s][info ][gc,heap        ] GC(596) PSYoungGen: 2039040K->26528K(2055168K)
[5080.250s][info ][gc,heap        ] GC(596) ParOldGen: 661736K->661821K(735744K)
[5080.250s][info ][gc,metaspace   ] GC(596) Metaspace: 77363K->77363K(1120256K)
[5080.250s][info ][gc             ] GC(596) Pause Young (Allocation Failure) 2637M->672M(2725M) 37.861ms
[5080.250s][info ][gc,cpu         ] GC(596) User=0.04s Sys=0.00s Real=0.04s
[5080.250s][info ][safepoint      ] Leaving safepoint region
[5080.250s][info ][safepoint      ] Total time for which application threads were stopped: 0.0380770 seconds, Stopping threads took: 0.0000327 seconds
[5081.254s][info ][safepoint      ] Application time: 1.0038562 seconds
[5081.258s][info ][safepoint      ] Entering safepoint region: Cleanup
[5081.258s][info ][safepoint      ] Leaving safepoint region
[5081.258s][info ][safepoint      ] Total time for which application threads were stopped: 0.0039873 seconds, Stopping threads took: 0.0038626 seconds
[5087.802s][info ][safepoint      ] Application time: 6.5442305 seconds
[5087.802s][info ][safepoint      ] Entering safepoint region: ParallelGCFailedAllocation
[5087.802s][info ][gc,start       ] GC(597) Pause Young (Allocation Failure)
[5087.831s][debug][gc,phases      ] GC(597) Scavenge 28.235ms
[5087.831s][debug][gc,ref         ] GC(597) Skipped phase1 of Reference Processing due to unavailable references
[5087.831s][debug][gc,ref         ] GC(597) Skipped phase3 of Reference Processing due to unavailable references
[5087.831s][debug][gc,phases      ] GC(597) Reference Processing 0.030ms
[5087.831s][debug][gc,phases      ] GC(597) Weak Processing 0.178ms
[5087.831s][debug][gc,phases      ] GC(597) Scrub String Table 0.444ms
[5087.831s][debug][gc,age         ] GC(597) Desired survivor size 42991616 bytes, new threshold 15 (max threshold 15)
[5087.831s][info ][gc,heap        ] GC(597) PSYoungGen: 2039712K->26392K(2055168K)
[5087.831s][info ][gc,heap        ] GC(597) ParOldGen: 661821K->662053K(735744K)
[5087.831s][info ][gc,metaspace   ] GC(597) Metaspace: 77367K->77367K(1120256K)
[5087.831s][info ][gc             ] GC(597) Pause Young (Allocation Failure) 2638M->672M(2725M) 29.032ms
[5087.831s][info ][gc,cpu         ] GC(597) User=0.05s Sys=0.01s Real=0.03s
[5087.831s][info ][safepoint      ] Leaving safepoint region
[5087.831s][info ][safepoint      ] Total time for which application threads were stopped: 0.0292105 seconds, Stopping threads took: 0.0000188 seconds
[5089.831s][info ][safepoint      ] Application time: 2.0001702 seconds
[5089.832s][info ][safepoint      ] Entering safepoint region: Cleanup
[5089.832s][info ][safepoint      ] Leaving safepoint region
[5089.832s][info ][safepoint      ] Total time for which application threads were stopped: 0.0001288 seconds, Stopping threads took: 0.0000449 seconds
[5095.251s][info ][safepoint      ] Application time: 5.4191142 seconds
[5095.251s][info ][safepoint      ] Entering safepoint region: ParallelGCFailedAllocation
[5095.251s][info ][gc,start       ] GC(598) Pause Young (Allocation Failure)
[5095.258s][debug][gc,phases      ] GC(598) Scavenge 7.123ms
[5095.258s][debug][gc,ref         ] GC(598) Skipped phase1 of Reference Processing due to unavailable references
[5095.258s][debug][gc,ref         ] GC(598) Skipped phase3 of Reference Processing due to unavailable references
[5095.258s][debug][gc,phases      ] GC(598) Reference Processing 0.024ms
[5095.258s][debug][gc,phases      ] GC(598) Weak Processing 0.141ms
[5095.259s][debug][gc,phases      ] GC(598) Scrub String Table 0.419ms
[5095.259s][debug][gc,age         ] GC(598) Desired survivor size 41418752 bytes, new threshold 15 (max threshold 15)
[5095.259s][info ][gc,heap        ] GC(598) PSYoungGen: 2039576K->19664K(2055168K)
[5095.259s][info ][gc,heap        ] GC(598) ParOldGen: 662053K->662265K(735744K)
[5095.259s][info ][gc,metaspace   ] GC(598) Metaspace: 77367K->77367K(1120256K)
[5095.259s][info ][gc             ] GC(598) Pause Young (Allocation Failure) 2638M->665M(2725M) 7.835ms
[5095.259s][info ][gc,cpu         ] GC(598) User=0.03s Sys=0.00s Real=0.01s
[5095.259s][info ][safepoint      ] Leaving safepoint region
[5095.259s][info ][safepoint      ] Total time for which application threads were stopped: 0.0080427 seconds, Stopping threads took: 0.0000705 seconds
[5097.259s][info ][safepoint      ] Application time: 2.0001576 seconds
[5097.259s][info ][safepoint      ] Entering safepoint region: Cleanup
[5097.259s][info ][safepoint      ] Leaving safepoint region
[5097.259s][info ][safepoint      ] Total time for which application threads were stopped: 0.0000982 seconds, Stopping threads took: 0.0000321 seconds
[5099.259s][info ][safepoint      ] Application time: 2.0001369 seconds
[5099.259s][info ][safepoint      ] Entering safepoint region: Cleanup
[5099.259s][info ][safepoint      ] Leaving safepoint region
[5099.259s][info ][safepoint      ] Total time for which application threads were stopped: 0.0001248 seconds, Stopping threads took: 0.0000626 seconds
[5103.300s][info ][safepoint      ] Application time: 4.0402573 seconds
[5103.300s][info ][safepoint      ] Entering safepoint region: ParallelGCFailedAllocation
[5103.300s][info ][gc,start       ] GC(599) Pause Young (Allocation Failure)
[5103.307s][debug][gc,phases      ] GC(599) Scavenge 7.311ms
[5103.307s][debug][gc,ref         ] GC(599) Skipped phase1 of Reference Processing due to unavailable references
[5103.307s][debug][gc,ref         ] GC(599) Skipped phase3 of Reference Processing due to unavailable references
[5103.307s][debug][gc,phases      ] GC(599) Reference Processing 0.040ms
[5103.308s][debug][gc,phases      ] GC(599) Weak Processing 0.143ms
[5103.308s][debug][gc,phases      ] GC(599) Scrub String Table 0.445ms
[5103.308s][debug][gc,age         ] GC(599) Desired survivor size 39845888 bytes, new threshold 15 (max threshold 15)
[5103.308s][info ][gc,heap        ] GC(599) PSYoungGen: 2032848K->19232K(2058240K)
[5103.308s][info ][gc,heap        ] GC(599) ParOldGen: 662265K->662745K(735744K)
[5103.308s][info ][gc,metaspace   ] GC(599) Metaspace: 77367K->77367K(1120256K)
[5103.308s][info ][gc             ] GC(599) Pause Young (Allocation Failure) 2631M->665M(2728M) 8.075ms
[5103.308s][info ][gc,cpu         ] GC(599) User=0.03s Sys=0.00s Real=0.00s
[5103.308s][info ][safepoint      ] Leaving safepoint region
[5103.308s][info ][safepoint      ] Total time for which application threads were stopped: 0.0082769 seconds, Stopping threads took: 0.0000542 seconds
[5106.308s][info ][safepoint      ] Application time: 3.0001933 seconds
[5106.308s][info ][safepoint      ] Entering safepoint region: Cleanup
[5106.308s][info ][safepoint      ] Leaving safepoint region
[5106.308s][info ][safepoint      ] Total time for which application threads were stopped: 0.0000935 seconds, Stopping threads took: 0.0000293 seconds
[5109.309s][info ][safepoint      ] Application time: 3.0002021 seconds
[5109.309s][info ][safepoint      ] Entering safepoint region: Cleanup
[5109.309s][info ][safepoint      ] Leaving safepoint region
[5109.309s][info ][safepoint      ] Total time for which application threads were stopped: 0.0001090 seconds, Stopping threads took: 0.0000481 seconds
[5111.309s][info ][safepoint      ] Application time: 2.0001409 seconds
[5111.309s][info ][safepoint      ] Entering safepoint region: Cleanup
[5111.309s][info ][safepoint      ] Leaving safepoint region
[5111.309s][info ][safepoint      ] Total time for which application threads were stopped: 0.0001062 seconds, Stopping threads took: 0.0000446 seconds
[5111.699s][info ][safepoint      ] Application time: 0.3899955 seconds
[5111.699s][info ][safepoint      ] Entering safepoint region: ParallelGCFailedAllocation
[5111.699s][info ][gc,start       ] GC(600) Pause Young (Allocation Failure)
[5111.707s][debug][gc,phases      ] GC(600) Scavenge 7.771ms
[5111.707s][debug][gc,ref         ] GC(600) Skipped phase1 of Reference Processing due to unavailable references
[5111.707s][debug][gc,ref         ] GC(600) Skipped phase3 of Reference Processing due to unavailable references
[5111.707s][debug][gc,phases      ] GC(600) Reference Processing 0.033ms
[5111.707s][debug][gc,phases      ] GC(600) Weak Processing 0.141ms
[5111.708s][debug][gc,phases      ] GC(600) Scrub String Table 0.469ms
[5111.708s][debug][gc,age         ] GC(600) Desired survivor size 39845888 bytes, new threshold 15 (max threshold 15)
[5111.708s][info ][gc,heap        ] GC(600) PSYoungGen: 2037024K->12256K(2056704K)
[5111.708s][info ][gc,heap        ] GC(600) ParOldGen: 662745K->668782K(735744K)
[5111.708s][info ][gc,metaspace   ] GC(600) Metaspace: 77367K->77367K(1120256K)
[5111.708s][info ][gc             ] GC(600) Pause Young (Allocation Failure) 2636M->665M(2727M) 8.552ms
[5111.708s][info ][gc,cpu         ] GC(600) User=0.03s Sys=0.01s Real=0.00s
[5111.708s][info ][safepoint      ] Leaving safepoint region
[5111.708s][info ][safepoint      ] Total time for which application threads were stopped: 0.0087647 seconds, Stopping threads took: 0.0000698 seconds
[5117.708s][info ][safepoint      ] Application time: 6.0004375 seconds
[5117.708s][info ][safepoint      ] Entering safepoint region: Cleanup
[5117.708s][info ][safepoint      ] Leaving safepoint region
[5117.708s][info ][safepoint      ] Total time for which application threads were stopped: 0.0001107 seconds, Stopping threads took: 0.0000307 seconds
[5119.749s][info ][safepoint      ] Application time: 2.0404797 seconds
[5119.749s][info ][safepoint      ] Entering safepoint region: ParallelGCFailedAllocation
[5119.749s][info ][gc,start       ] GC(601) Pause Young (Allocation Failure)
[5119.756s][debug][gc,phases      ] GC(601) Scavenge 6.842ms
[5119.756s][debug][gc,ref         ] GC(601) Skipped phase1 of Reference Processing due to unavailable references
[5119.756s][debug][gc,ref         ] GC(601) Skipped phase3 of Reference Processing due to unavailable references
[5119.756s][debug][gc,phases      ] GC(601) Reference Processing 0.026ms
[5119.756s][debug][gc,phases      ] GC(601) Weak Processing 0.139ms
[5119.757s][debug][gc,phases      ] GC(601) Scrub String Table 0.429ms
[5119.757s][debug][gc,age         ] GC(601) Desired survivor size 39845888 bytes, new threshold 15 (max threshold 15)
[5119.757s][info ][gc,heap        ] GC(601) PSYoungGen: 2030048K->8800K(2058240K)
[5119.757s][info ][gc,heap        ] GC(601) ParOldGen: 668782K->671535K(735744K)
[5119.757s][info ][gc,metaspace   ] GC(601) Metaspace: 77371K->77371K(1120256K)
[5119.757s][info ][gc             ] GC(601) Pause Young (Allocation Failure) 2635M->664M(2728M) 7.571ms
[5119.757s][info ][gc,cpu         ] GC(601) User=0.03s Sys=0.00s Real=0.00s
[5119.757s][info ][safepoint      ] Leaving safepoint region
[5119.757s][info ][safepoint      ] Total time for which application threads were stopped: 0.0078292 seconds, Stopping threads took: 0.0000374 seconds
[5122.757s][info ][safepoint      ] Application time: 3.0002257 seconds
[5122.757s][info ][safepoint      ] Entering safepoint region: Cleanup
[5122.757s][info ][safepoint      ] Leaving safepoint region
[5122.757s][info ][safepoint      ] Total time for which application threads were stopped: 0.0001201 seconds, Stopping threads took: 0.0000376 seconds
[5128.687s][info ][safepoint      ] Application time: 5.9295259 seconds
[5128.687s][info ][safepoint      ] Entering safepoint region: ParallelGCFailedAllocation
[5128.687s][info ][gc,start       ] GC(602) Pause Young (Allocation Failure)
[5128.692s][debug][gc,phases      ] GC(602) Scavenge 5.463ms
[5128.692s][debug][gc,ref         ] GC(602) Skipped phase1 of Reference Processing due to unavailable references
[5128.692s][debug][gc,ref         ] GC(602) Skipped phase3 of Reference Processing due to unavailable references
[5128.692s][debug][gc,phases      ] GC(602) Reference Processing 0.027ms
[5128.693s][debug][gc,phases      ] GC(602) Weak Processing 0.132ms
[5128.693s][debug][gc,phases      ] GC(602) Scrub String Table 0.439ms
[5128.693s][debug][gc,age         ] GC(602) Desired survivor size 39845888 bytes, new threshold 15 (max threshold 15)
[5128.693s][info ][gc,heap        ] GC(602) PSYoungGen: 2028128K->8448K(2058240K)
[5128.693s][info ][gc,heap        ] GC(602) ParOldGen: 671535K->671655K(735744K)
[5128.693s][info ][gc,metaspace   ] GC(602) Metaspace: 77371K->77371K(1120256K)
[5128.693s][info ][gc             ] GC(602) Pause Young (Allocation Failure) 2636M->664M(2728M) 6.187ms
[5128.693s][info ][gc,cpu         ] GC(602) User=0.03s Sys=0.00s Real=0.01s
[5128.693s][info ][safepoint      ] Leaving safepoint region
[5128.693s][info ][safepoint      ] Total time for which application threads were stopped: 0.0063984 seconds, Stopping threads took: 0.0000734 seconds
[5133.693s][info ][safepoint      ] Application time: 5.0003241 seconds
[5133.693s][info ][safepoint      ] Entering safepoint region: Cleanup
[5133.694s][info ][safepoint      ] Leaving safepoint region
[5133.694s][info ][safepoint      ] Total time for which application threads were stopped: 0.0000739 seconds, Stopping threads took: 0.0000213 seconds
[5137.721s][info ][safepoint      ] Application time: 4.0272113 seconds
[5137.721s][info ][safepoint      ] Entering safepoint region: ParallelGCFailedAllocation
[5137.721s][info ][gc,start       ] GC(603) Pause Young (Allocation Failure)
[5137.726s][debug][gc,phases      ] GC(603) Scavenge 4.938ms
[5137.726s][debug][gc,ref         ] GC(603) Skipped phase1 of Reference Processing due to unavailable references
[5137.726s][debug][gc,ref         ] GC(603) Skipped phase3 of Reference Processing due to unavailable references
[5137.726s][debug][gc,phases      ] GC(603) Reference Processing 0.025ms
[5137.726s][debug][gc,phases      ] GC(603) Weak Processing 0.139ms
[5137.727s][debug][gc,phases      ] GC(603) Scrub String Table 0.433ms
[5137.727s][debug][gc,age         ] GC(603) Desired survivor size 39321600 bytes, new threshold 15 (max threshold 15)
[5137.727s][info ][gc,heap        ] GC(603) PSYoungGen: 2027776K->8096K(2058752K)
[5137.727s][info ][gc,heap        ] GC(603) ParOldGen: 671655K->672075K(735744K)
[5137.727s][info ][gc,metaspace   ] GC(603) Metaspace: 77372K->77372K(1120256K)
[5137.727s][info ][gc             ] GC(603) Pause Young (Allocation Failure) 2636M->664M(2729M) 5.668ms
[5137.727s][info ][gc,cpu         ] GC(603) User=0.02s Sys=0.00s Real=0.00s
[5137.727s][info ][safepoint      ] Leaving safepoint region
[5137.727s][info ][safepoint      ] Total time for which application threads were stopped: 0.0058347 seconds, Stopping threads took: 0.0000129 seconds
[5144.727s][info ][safepoint      ] Application time: 7.0005098 seconds
[5144.727s][info ][safepoint      ] Entering safepoint region: Cleanup
[5144.727s][info ][safepoint      ] Leaving safepoint region
[5144.727s][info ][safepoint      ] Total time for which application threads were stopped: 0.0001112 seconds, Stopping threads took: 0.0000201 seconds
[5146.853s][info ][safepoint      ] Application time: 2.1256521 seconds
[5146.853s][info ][safepoint      ] Entering safepoint region: ParallelGCFailedAllocation
[5146.853s][info ][gc,start       ] GC(604) Pause Young (Allocation Failure)
[5146.865s][debug][gc,phases      ] GC(604) Scavenge 11.745ms
[5146.865s][debug][gc,ref         ] GC(604) Skipped phase1 of Reference Processing due to unavailable references
[5146.865s][debug][gc,ref         ] GC(604) Skipped phase3 of Reference Processing due to unavailable references
[5146.865s][debug][gc,phases      ] GC(604) Reference Processing 0.044ms
[5146.865s][debug][gc,phases      ] GC(604) Weak Processing 0.129ms
[5146.866s][debug][gc,phases      ] GC(604) Scrub String Table 0.534ms
[5146.866s][debug][gc,age         ] GC(604) Desired survivor size 38797312 bytes, new threshold 15 (max threshold 15)
[5146.866s][info ][gc,heap        ] GC(604) PSYoungGen: 2027936K->7744K(2058240K)
[5146.866s][info ][gc,heap        ] GC(604) ParOldGen: 672075K->672283K(735744K)
[5146.866s][info ][gc,metaspace   ] GC(604) Metaspace: 77372K->77372K(1120256K)
[5146.866s][info ][gc             ] GC(604) Pause Young (Allocation Failure) 2636M->664M(2728M) 12.630ms
[5146.866s][info ][gc,cpu         ] GC(604) User=0.03s Sys=0.00s Real=0.01s
[5146.866s][info ][safepoint      ] Leaving safepoint region
[5146.866s][info ][safepoint      ] Total time for which application threads were stopped: 0.0128910 seconds, Stopping threads took: 0.0000237 seconds
[5156.032s][info ][safepoint      ] Application time: 9.1661254 seconds
[5156.032s][info ][safepoint      ] Entering safepoint region: ParallelGCFailedAllocation
[5156.032s][info ][gc,start       ] GC(605) Pause Young (Allocation Failure)
[5156.038s][debug][gc,phases      ] GC(605) Scavenge 5.796ms
[5156.038s][debug][gc,ref         ] GC(605) Skipped phase1 of Reference Processing due to unavailable references
[5156.038s][debug][gc,ref         ] GC(605) Skipped phase3 of Reference Processing due to unavailable references
[5156.038s][debug][gc,phases      ] GC(605) Reference Processing 0.028ms
[5156.038s][debug][gc,phases      ] GC(605) Weak Processing 0.146ms
[5156.039s][debug][gc,phases      ] GC(605) Scrub String Table 0.524ms
[5156.039s][debug][gc,age         ] GC(605) Desired survivor size 38273024 bytes, new threshold 15 (max threshold 15)
[5156.039s][info ][gc,heap        ] GC(605) PSYoungGen: 2027584K->7648K(2059776K)
[5156.039s][info ][gc,heap        ] GC(605) ParOldGen: 672283K->672447K(735744K)
[5156.039s][info ][gc,metaspace   ] GC(605) Metaspace: 77372K->77372K(1120256K)
[5156.039s][info ][gc             ] GC(605) Pause Young (Allocation Failure) 2636M->664M(2730M) 6.645ms
[5156.039s][info ][gc,cpu         ] GC(605) User=0.03s Sys=0.00s Real=0.01s
[5156.039s][info ][safepoint      ] Leaving safepoint region
[5156.039s][info ][safepoint      ] Total time for which application threads were stopped: 0.0068318 seconds, Stopping threads took: 0.0000333 seconds
[5165.040s][info ][safepoint      ] Application time: 9.0006582 seconds
[5165.040s][info ][safepoint      ] Entering safepoint region: Cleanup
[5165.040s][info ][safepoint      ] Leaving safepoint region
[5165.040s][info ][safepoint      ] Total time for which application threads were stopped: 0.0000916 seconds, Stopping threads took: 0.0000301 seconds
[5165.349s][info ][safepoint      ] Application time: 0.3095381 seconds
[5165.349s][info ][safepoint      ] Entering safepoint region: ParallelGCFailedAllocation
[5165.349s][info ][gc,start       ] GC(606) Pause Young (Allocation Failure)
[5165.355s][debug][gc,phases      ] GC(606) Scavenge 6.004ms
[5165.356s][debug][gc,ref         ] GC(606) Skipped phase1 of Reference Processing due to unavailable references
[5165.356s][debug][gc,ref         ] GC(606) Skipped phase3 of Reference Processing due to unavailable references
[5165.356s][debug][gc,phases      ] GC(606) Reference Processing 0.026ms
[5165.356s][debug][gc,phases      ] GC(606) Weak Processing 0.135ms
[5165.356s][debug][gc,phases      ] GC(606) Scrub String Table 0.413ms
[5165.356s][debug][gc,age         ] GC(606) Desired survivor size 37224448 bytes, new threshold 15 (max threshold 15)
[5165.356s][info ][gc,heap        ] GC(606) PSYoungGen: 2029536K->7168K(2059264K)
[5165.356s][info ][gc,heap        ] GC(606) ParOldGen: 672447K->672595K(735744K)
[5165.356s][info ][gc,metaspace   ] GC(606) Metaspace: 77372K->77372K(1120256K)
[5165.356s][info ][gc             ] GC(606) Pause Young (Allocation Failure) 2638M->663M(2729M) 6.725ms
[5165.356s][info ][gc,cpu         ] GC(606) User=0.03s Sys=0.00s Real=0.00s
[5165.356s][info ][safepoint      ] Leaving safepoint region
[5165.356s][info ][safepoint      ] Total time for which application threads were stopped: 0.0069518 seconds, Stopping threads took: 0.0000351 seconds
[5174.999s][info ][safepoint      ] Application time: 9.6426856 seconds
[5174.999s][info ][safepoint      ] Entering safepoint region: ParallelGCFailedAllocation
[5174.999s][info ][gc,start       ] GC(607) Pause Young (Allocation Failure)
[5175.004s][debug][gc,phases      ] GC(607) Scavenge 5.355ms
[5175.005s][debug][gc,ref         ] GC(607) Skipped phase1 of Reference Processing due to unavailable references
[5175.005s][debug][gc,ref         ] GC(607) Skipped phase3 of Reference Processing due to unavailable references
[5175.005s][debug][gc,phases      ] GC(607) Reference Processing 0.026ms
[5175.005s][debug][gc,phases      ] GC(607) Weak Processing 0.130ms
[5175.005s][debug][gc,phases      ] GC(607) Scrub String Table 0.432ms
[5175.005s][debug][gc,age         ] GC(607) Desired survivor size 36700160 bytes, new threshold 15 (max threshold 15)
[5175.005s][info ][gc,heap        ] GC(607) PSYoungGen: 2029056K->6992K(2061312K)
[5175.005s][info ][gc,heap        ] GC(607) ParOldGen: 672595K->672715K(735744K)
[5175.005s][info ][gc,metaspace   ] GC(607) Metaspace: 77372K->77372K(1120256K)
[5175.005s][info ][gc             ] GC(607) Pause Young (Allocation Failure) 2638M->663M(2731M) 6.064ms
[5175.005s][info ][gc,cpu         ] GC(607) User=0.03s Sys=0.00s Real=0.00s
[5175.005s][info ][safepoint      ] Leaving safepoint region
[5175.005s][info ][safepoint      ] Total time for which application threads were stopped: 0.0062690 seconds, Stopping threads took: 0.0000584 seconds
[5177.418s][info ][safepoint      ] Application time: 2.4128996 seconds
[5177.418s][info ][safepoint      ] Entering safepoint region: RevokeBias
[5177.418s][info ][safepoint      ] Leaving safepoint region
[5177.418s][info ][safepoint      ] Total time for which application threads were stopped: 0.0001172 seconds, Stopping threads took: 0.0000300 seconds
[5178.180s][info ][safepoint      ] Application time: 0.7617059 seconds
[5178.180s][info ][safepoint      ] Entering safepoint region: RevokeBias
[5178.180s][info ][safepoint      ] Leaving safepoint region
[5178.180s][info ][safepoint      ] Total time for which application threads were stopped: 0.0001132 seconds, Stopping threads took: 0.0000375 seconds
[5185.049s][info ][safepoint      ] Application time: 6.8684254 seconds
[5185.049s][info ][safepoint      ] Entering safepoint region: ParallelGCFailedAllocation
[5185.049s][info ][gc,start       ] GC(608) Pause Young (Allocation Failure)
[5185.054s][debug][gc,phases      ] GC(608) Scavenge 4.989ms
[5185.054s][debug][gc,ref         ] GC(608) Skipped phase1 of Reference Processing due to unavailable references
[5185.054s][debug][gc,ref         ] GC(608) Skipped phase3 of Reference Processing due to unavailable references
[5185.054s][debug][gc,ref         ] GC(608) Skipped phase4 of Reference Processing due to unavailable references
[5185.054s][debug][gc,phases      ] GC(608) Reference Processing 0.029ms
[5185.054s][debug][gc,phases      ] GC(608) Weak Processing 0.133ms
[5185.054s][debug][gc,phases      ] GC(608) Scrub String Table 0.417ms
[5185.054s][debug][gc,age         ] GC(608) Desired survivor size 35651584 bytes, new threshold 15 (max threshold 15)
[5185.054s][info ][gc,heap        ] GC(608) PSYoungGen: 2031952K->6608K(2060800K)
[5185.054s][info ][gc,heap        ] GC(608) ParOldGen: 672715K->672811K(735744K)
[5185.054s][info ][gc,metaspace   ] GC(608) Metaspace: 77373K->77373K(1120256K)
[5185.054s][info ][gc             ] GC(608) Pause Young (Allocation Failure) 2641M->663M(2731M) 5.696ms
[5185.054s][info ][gc,cpu         ] GC(608) User=0.02s Sys=0.00s Real=0.01s
[5185.055s][info ][safepoint      ] Leaving safepoint region
[5185.055s][info ][safepoint      ] Total time for which application threads were stopped: 0.0059179 seconds, Stopping threads took: 0.0000644 seconds
[5192.055s][info ][safepoint      ] Application time: 7.0004975 seconds
[5192.055s][info ][safepoint      ] Entering safepoint region: Cleanup
[5192.055s][info ][safepoint      ] Leaving safepoint region
[5192.055s][info ][safepoint      ] Total time for which application threads were stopped: 0.0001427 seconds, Stopping threads took: 0.0000428 seconds
[5193.055s][info ][safepoint      ] Application time: 1.0000743 seconds
[5193.055s][info ][safepoint      ] Entering safepoint region: Cleanup
[5193.055s][info ][safepoint      ] Leaving safepoint region
[5193.055s][info ][safepoint      ] Total time for which application threads were stopped: 0.0001348 seconds, Stopping threads took: 0.0000629 seconds
[5195.548s][info ][safepoint      ] Application time: 2.4928985 seconds
[5195.549s][info ][safepoint      ] Entering safepoint region: ParallelGCFailedAllocation
[5195.549s][info ][gc,start       ] GC(609) Pause Young (Allocation Failure)
[5195.554s][debug][gc,phases      ] GC(609) Scavenge 4.944ms
[5195.554s][debug][gc,ref         ] GC(609) Skipped phase1 of Reference Processing due to unavailable references
[5195.554s][debug][gc,ref         ] GC(609) Skipped phase2 of Reference Processing due to unavailable references
[5195.554s][debug][gc,ref         ] GC(609) Skipped phase3 of Reference Processing due to unavailable references
[5195.554s][debug][gc,ref         ] GC(609) Skipped phase4 of Reference Processing due to unavailable references
[5195.554s][debug][gc,phases      ] GC(609) Reference Processing 0.027ms
[5195.554s][debug][gc,phases      ] GC(609) Weak Processing 0.127ms
[5195.554s][debug][gc,phases      ] GC(609) Scrub String Table 0.430ms
[5195.554s][debug][gc,age         ] GC(609) Desired survivor size 34603008 bytes, new threshold 15 (max threshold 15)
[5195.554s][info ][gc,heap        ] GC(609) PSYoungGen: 2031568K->6624K(2063360K)
[5195.554s][info ][gc,heap        ] GC(609) ParOldGen: 672811K->673044K(735744K)
[5195.554s][info ][gc,metaspace   ] GC(609) Metaspace: 77373K->77373K(1120256K)
[5195.554s][info ][gc             ] GC(609) Pause Young (Allocation Failure) 2640M->663M(2733M) 5.659ms
[5195.554s][info ][gc,cpu         ] GC(609) User=0.02s Sys=0.00s Real=0.01s
[5195.554s][info ][safepoint      ] Leaving safepoint region
[5195.554s][info ][safepoint      ] Total time for which application threads were stopped: 0.0058799 seconds, Stopping threads took: 0.0000757 seconds
[5197.554s][info ][safepoint      ] Application time: 2.0001534 seconds
[5197.555s][info ][safepoint      ] Entering safepoint region: Cleanup
[5197.555s][info ][safepoint      ] Leaving safepoint region
[5197.555s][info ][safepoint      ] Total time for which application threads were stopped: 0.0000956 seconds, Stopping threads took: 0.0000336 seconds
[5200.555s][info ][safepoint      ] Application time: 3.0002271 seconds
[5200.555s][info ][safepoint      ] Entering safepoint region: Cleanup
[5200.555s][info ][safepoint      ] Leaving safepoint region
[5200.555s][info ][safepoint      ] Total time for which application threads were stopped: 0.0001034 seconds, Stopping threads took: 0.0000454 seconds
[5206.099s][info ][safepoint      ] Application time: 5.5443388 seconds
[5206.099s][info ][safepoint      ] Entering safepoint region: ParallelGCFailedAllocation
[5206.100s][info ][gc,start       ] GC(610) Pause Young (Allocation Failure)
[5206.105s][debug][gc,phases      ] GC(610) Scavenge 5.315ms
[5206.105s][debug][gc,ref         ] GC(610) Skipped phase1 of Reference Processing due to unavailable references
[5206.105s][debug][gc,ref         ] GC(610) Skipped phase2 of Reference Processing due to unavailable references
[5206.105s][debug][gc,ref         ] GC(610) Skipped phase3 of Reference Processing due to unavailable references
[5206.105s][debug][gc,ref         ] GC(610) Skipped phase4 of Reference Processing due to unavailable references
[5206.105s][debug][gc,phases      ] GC(610) Reference Processing 0.050ms
[5206.105s][debug][gc,phases      ] GC(610) Weak Processing 0.140ms
[5206.106s][debug][gc,phases      ] GC(610) Scrub String Table 0.436ms
[5206.106s][debug][gc,age         ] GC(610) Desired survivor size 33554432 bytes, new threshold 15 (max threshold 15)
[5206.106s][info ][gc,heap        ] GC(610) PSYoungGen: 2035168K->6400K(2062336K)
[5206.106s][info ][gc,heap        ] GC(610) ParOldGen: 673044K->673388K(735744K)
[5206.106s][info ][gc,metaspace   ] GC(610) Metaspace: 77376K->77376K(1120256K)
[5206.106s][info ][gc             ] GC(610) Pause Young (Allocation Failure) 2644M->663M(2732M) 6.075ms
[5206.106s][info ][gc,cpu         ] GC(610) User=0.02s Sys=0.00s Real=0.00s
[5206.106s][info ][safepoint      ] Leaving safepoint region
[5206.106s][info ][safepoint      ] Total time for which application threads were stopped: 0.0063294 seconds, Stopping threads took: 0.0001049 seconds
[5216.249s][info ][safepoint      ] Application time: 10.1433953 seconds
[5216.249s][info ][safepoint      ] Entering safepoint region: ParallelGCFailedAllocation
[5216.249s][info ][gc,start       ] GC(611) Pause Young (Allocation Failure)
[5216.255s][debug][gc,phases      ] GC(611) Scavenge 5.845ms
[5216.255s][debug][gc,ref         ] GC(611) Skipped phase1 of Reference Processing due to unavailable references
[5216.255s][debug][gc,ref         ] GC(611) Skipped phase3 of Reference Processing due to unavailable references
[5216.255s][debug][gc,ref         ] GC(611) Skipped phase4 of Reference Processing due to unavailable references
[5216.255s][debug][gc,phases      ] GC(611) Reference Processing 0.040ms
[5216.256s][debug][gc,phases      ] GC(611) Weak Processing 0.175ms
[5216.256s][debug][gc,phases      ] GC(611) Scrub String Table 0.575ms
[5216.256s][debug][gc,age         ] GC(611) Desired survivor size 32505856 bytes, new threshold 15 (max threshold 15)
[5216.256s][info ][gc,heap        ] GC(611) PSYoungGen: 2034944K->5920K(2065408K)
[5216.256s][info ][gc,heap        ] GC(611) ParOldGen: 673388K->674108K(735744K)
[5216.256s][info ][gc,metaspace   ] GC(611) Metaspace: 77383K->77383K(1120256K)
[5216.256s][info ][gc             ] GC(611) Pause Young (Allocation Failure) 2644M->664M(2735M) 6.792ms
[5216.256s][info ][gc,cpu         ] GC(611) User=0.02s Sys=0.00s Real=0.00s
[5216.256s][info ][safepoint      ] Leaving safepoint region
[5216.256s][info ][safepoint      ] Total time for which application threads were stopped: 0.0070723 seconds, Stopping threads took: 0.0000910 seconds
[5221.257s][info ][safepoint      ] Application time: 5.0003675 seconds
[5221.257s][info ][safepoint      ] Entering safepoint region: Cleanup
[5221.257s][info ][safepoint      ] Leaving safepoint region
[5221.257s][info ][safepoint      ] Total time for which application threads were stopped: 0.0001007 seconds, Stopping threads took: 0.0000329 seconds
[5226.199s][info ][safepoint      ] Application time: 4.9420272 seconds
[5226.199s][info ][safepoint      ] Entering safepoint region: ParallelGCFailedAllocation
[5226.199s][info ][gc,start       ] GC(612) Pause Young (Allocation Failure)
[5226.204s][debug][gc,phases      ] GC(612) Scavenge 4.478ms
[5226.204s][debug][gc,ref         ] GC(612) Skipped phase1 of Reference Processing due to unavailable references
[5226.204s][debug][gc,ref         ] GC(612) Skipped phase2 of Reference Processing due to unavailable references
[5226.204s][debug][gc,ref         ] GC(612) Skipped phase3 of Reference Processing due to unavailable references
[5226.204s][debug][gc,ref         ] GC(612) Skipped phase4 of Reference Processing due to unavailable references
[5226.204s][debug][gc,phases      ] GC(612) Reference Processing 0.029ms
[5226.204s][debug][gc,phases      ] GC(612) Weak Processing 0.138ms
[5226.204s][debug][gc,phases      ] GC(612) Scrub String Table 0.421ms
[5226.204s][debug][gc,age         ] GC(612) Desired survivor size 30932992 bytes, new threshold 15 (max threshold 15)
[5226.204s][info ][gc,heap        ] GC(612) PSYoungGen: 2038560K->5744K(2064384K)
[5226.204s][info ][gc,heap        ] GC(612) ParOldGen: 674108K->674264K(735744K)
[5226.204s][info ][gc,metaspace   ] GC(612) Metaspace: 77384K->77384K(1120256K)
[5226.204s][info ][gc             ] GC(612) Pause Young (Allocation Failure) 2649M->664M(2734M) 5.206ms
[5226.204s][info ][gc,cpu         ] GC(612) User=0.02s Sys=0.00s Real=0.00s
[5226.204s][info ][safepoint      ] Leaving safepoint region
[5226.204s][info ][safepoint      ] Total time for which application threads were stopped: 0.0054892 seconds, Stopping threads took: 0.0001094 seconds
[5228.204s][info ][safepoint      ] Application time: 2.0001568 seconds
[5228.205s][info ][safepoint      ] Entering safepoint region: Cleanup
[5228.205s][info ][safepoint      ] Leaving safepoint region
[5228.205s][info ][safepoint      ] Total time for which application threads were stopped: 0.0000890 seconds, Stopping threads took: 0.0000381 seconds
[5229.205s][info ][safepoint      ] Application time: 1.0000806 seconds
[5229.205s][info ][safepoint      ] Entering safepoint region: Cleanup
[5229.205s][info ][safepoint      ] Leaving safepoint region
[5229.205s][info ][safepoint      ] Total time for which application threads were stopped: 0.0001149 seconds, Stopping threads took: 0.0000393 seconds
[5230.205s][info ][safepoint      ] Application time: 1.0001109 seconds
[5230.205s][info ][safepoint      ] Entering safepoint region: Cleanup
[5230.205s][info ][safepoint      ] Leaving safepoint region
[5230.205s][info ][safepoint      ] Total time for which application threads were stopped: 0.0000997 seconds, Stopping threads took: 0.0000359 seconds
[5231.205s][info ][safepoint      ] Application time: 1.0000751 seconds
[5231.205s][info ][safepoint      ] Entering safepoint region: Cleanup
[5231.205s][info ][safepoint      ] Leaving safepoint region
[5231.205s][info ][safepoint      ] Total time for which application threads were stopped: 0.0001158 seconds, Stopping threads took: 0.0000592 seconds
[5232.205s][info ][safepoint      ] Application time: 1.0000764 seconds
[5232.205s][info ][safepoint      ] Entering safepoint region: Cleanup
[5232.206s][info ][safepoint      ] Leaving safepoint region
[5232.206s][info ][safepoint      ] Total time for which application threads were stopped: 0.0001503 seconds, Stopping threads took: 0.0000795 seconds
[5233.206s][info ][safepoint      ] Application time: 1.0000846 seconds
[5233.206s][info ][safepoint      ] Entering safepoint region: Cleanup
[5233.206s][info ][safepoint      ] Leaving safepoint region
[5233.206s][info ][safepoint      ] Total time for which application threads were stopped: 0.0000874 seconds, Stopping threads took: 0.0000333 seconds
[5234.206s][info ][safepoint      ] Application time: 1.0000733 seconds
[5234.206s][info ][safepoint      ] Entering safepoint region: Cleanup
[5234.206s][info ][safepoint      ] Leaving safepoint region
[5234.206s][info ][safepoint      ] Total time for which application threads were stopped: 0.0001070 seconds, Stopping threads took: 0.0000398 seconds
[5235.206s][info ][safepoint      ] Application time: 1.0000730 seconds
[5235.206s][info ][safepoint      ] Entering safepoint region: Cleanup
[5235.206s][info ][safepoint      ] Leaving safepoint region
[5235.206s][info ][safepoint      ] Total time for which application threads were stopped: 0.0000934 seconds, Stopping threads took: 0.0000418 seconds
[5236.023s][info ][safepoint      ] Application time: 0.8169728 seconds
[5236.023s][info ][safepoint      ] Entering safepoint region: ParallelGCFailedAllocation
[5236.023s][info ][gc,start       ] GC(613) Pause Young (Allocation Failure)
[5236.028s][debug][gc,phases      ] GC(613) Scavenge 4.991ms
[5236.028s][debug][gc,ref         ] GC(613) Skipped phase1 of Reference Processing due to unavailable references
[5236.028s][debug][gc,ref         ] GC(613) Skipped phase3 of Reference Processing due to unavailable references
[5236.028s][debug][gc,phases      ] GC(613) Reference Processing 0.027ms
[5236.029s][debug][gc,phases      ] GC(613) Weak Processing 0.116ms
[5236.029s][debug][gc,phases      ] GC(613) Scrub String Table 0.418ms
[5236.029s][debug][gc,age         ] GC(613) Desired survivor size 29884416 bytes, new threshold 15 (max threshold 15)
[5236.029s][info ][gc,heap        ] GC(613) PSYoungGen: 2038384K->6688K(2067968K)
[5236.029s][info ][gc,heap        ] GC(613) ParOldGen: 674264K->674376K(735744K)
[5236.029s][info ][gc,metaspace   ] GC(613) Metaspace: 77406K->77406K(1120256K)
[5236.029s][info ][gc             ] GC(613) Pause Young (Allocation Failure) 2649M->665M(2738M) 5.689ms
[5236.029s][info ][gc,cpu         ] GC(613) User=0.02s Sys=0.00s Real=0.01s
[5236.029s][info ][safepoint      ] Leaving safepoint region
[5236.029s][info ][safepoint      ] Total time for which application threads were stopped: 0.0058957 seconds, Stopping threads took: 0.0000613 seconds
[5237.029s][info ][safepoint      ] Application time: 1.0000494 seconds
[5237.029s][info ][safepoint      ] Entering safepoint region: Cleanup
[5237.029s][info ][safepoint      ] Leaving safepoint region
[5237.029s][info ][safepoint      ] Total time for which application threads were stopped: 0.0000679 seconds, Stopping threads took: 0.0000130 seconds
[5238.029s][info ][safepoint      ] Application time: 1.0000209 seconds
[5238.029s][info ][safepoint      ] Entering safepoint region: Cleanup
[5238.029s][info ][safepoint      ] Leaving safepoint region
[5238.029s][info ][safepoint      ] Total time for which application threads were stopped: 0.0000686 seconds, Stopping threads took: 0.0000135 seconds
[5239.030s][info ][safepoint      ] Application time: 1.0000644 seconds
[5239.030s][info ][safepoint      ] Entering safepoint region: Cleanup
[5239.030s][info ][safepoint      ] Leaving safepoint region
[5239.030s][info ][safepoint      ] Total time for which application threads were stopped: 0.0000718 seconds, Stopping threads took: 0.0000126 seconds
[5240.030s][info ][safepoint      ] Application time: 1.0000339 seconds
[5240.030s][info ][safepoint      ] Entering safepoint region: Cleanup
[5240.030s][info ][safepoint      ] Leaving safepoint region
[5240.030s][info ][safepoint      ] Total time for which application threads were stopped: 0.0000580 seconds, Stopping threads took: 0.0000125 seconds
[5241.030s][info ][safepoint      ] Application time: 1.0000645 seconds
[5241.030s][info ][safepoint      ] Entering safepoint region: Cleanup
[5241.030s][info ][safepoint      ] Leaving safepoint region
[5241.030s][info ][safepoint      ] Total time for which application threads were stopped: 0.0000593 seconds, Stopping threads took: 0.0000135 seconds
[5242.030s][info ][safepoint      ] Application time: 1.0000771 seconds
[5242.030s][info ][safepoint      ] Entering safepoint region: Cleanup
[5242.030s][info ][safepoint      ] Leaving safepoint region
[5242.030s][info ][safepoint      ] Total time for which application threads were stopped: 0.0000830 seconds, Stopping threads took: 0.0000134 seconds
[5243.030s][info ][safepoint      ] Application time: 1.0001863 seconds
[5243.030s][info ][safepoint      ] Entering safepoint region: Cleanup
[5243.030s][info ][safepoint      ] Leaving safepoint region
[5243.030s][info ][safepoint      ] Total time for which application threads were stopped: 0.0000808 seconds, Stopping threads took: 0.0000142 seconds
[5244.031s][info ][safepoint      ] Application time: 1.0000642 seconds
[5244.031s][info ][safepoint      ] Entering safepoint region: Cleanup
[5244.031s][info ][safepoint      ] Leaving safepoint region
[5244.031s][info ][safepoint      ] Total time for which application threads were stopped: 0.0000595 seconds, Stopping threads took: 0.0000120 seconds
[5245.031s][info ][safepoint      ] Application time: 1.0000726 seconds
[5245.031s][info ][safepoint      ] Entering safepoint region: Cleanup
[5245.031s][info ][safepoint      ] Leaving safepoint region
[5245.031s][info ][safepoint      ] Total time for which application threads were stopped: 0.0000609 seconds, Stopping threads took: 0.0000125 seconds
[5245.276s][info ][safepoint      ] Application time: 0.2447315 seconds
[5245.276s][info ][safepoint      ] Entering safepoint region: ParallelGCFailedAllocation
[5245.276s][info ][gc,start       ] GC(614) Pause Young (Allocation Failure)
[5245.280s][debug][gc,phases      ] GC(614) Scavenge 4.653ms
[5245.280s][debug][gc,ref         ] GC(614) Skipped phase1 of Reference Processing due to unavailable references
[5245.280s][debug][gc,ref         ] GC(614) Skipped phase3 of Reference Processing due to unavailable references
[5245.280s][debug][gc,phases      ] GC(614) Reference Processing 0.027ms
[5245.281s][debug][gc,phases      ] GC(614) Weak Processing 0.137ms
[5245.281s][debug][gc,phases      ] GC(614) Scrub String Table 0.436ms
[5245.281s][debug][gc,age         ] GC(614) Desired survivor size 28311552 bytes, new threshold 15 (max threshold 15)
[5245.281s][info ][gc,heap        ] GC(614) PSYoungGen: 2044448K->7264K(2066944K)
[5245.281s][info ][gc,heap        ] GC(614) ParOldGen: 674376K->674480K(735744K)
[5245.281s][info ][gc,metaspace   ] GC(614) Metaspace: 77409K->77409K(1120256K)
[5245.281s][info ][gc             ] GC(614) Pause Young (Allocation Failure) 2655M->665M(2737M) 5.389ms
[5245.281s][info ][gc,cpu         ] GC(614) User=0.02s Sys=0.00s Real=0.01s
[5245.281s][info ][safepoint      ] Leaving safepoint region
[5245.281s][info ][safepoint      ] Total time for which application threads were stopped: 0.0055424 seconds, Stopping threads took: 0.0000275 seconds
[5246.281s][info ][safepoint      ] Application time: 1.0000765 seconds
[5246.281s][info ][safepoint      ] Entering safepoint region: Cleanup
[5246.281s][info ][safepoint      ] Leaving safepoint region
[5246.281s][info ][safepoint      ] Total time for which application threads were stopped: 0.0000607 seconds, Stopping threads took: 0.0000117 seconds
[5247.281s][info ][safepoint      ] Application time: 1.0000666 seconds
[5247.281s][info ][safepoint      ] Entering safepoint region: Cleanup
[5247.281s][info ][safepoint      ] Leaving safepoint region
[5247.281s][info ][safepoint      ] Total time for which application threads were stopped: 0.0000683 seconds, Stopping threads took: 0.0000121 seconds
[5248.282s][info ][safepoint      ] Application time: 1.0000676 seconds
[5248.282s][info ][safepoint      ] Entering safepoint region: Cleanup
[5248.282s][info ][safepoint      ] Leaving safepoint region
[5248.282s][info ][safepoint      ] Total time for which application threads were stopped: 0.0000634 seconds, Stopping threads took: 0.0000115 seconds
[5249.282s][info ][safepoint      ] Application time: 1.0000763 seconds
[5249.282s][info ][safepoint      ] Entering safepoint region: Cleanup
[5249.282s][info ][safepoint      ] Leaving safepoint region
[5249.282s][info ][safepoint      ] Total time for which application threads were stopped: 0.0000838 seconds, Stopping threads took: 0.0000117 seconds
[5250.282s][info ][safepoint      ] Application time: 1.0000713 seconds
[5250.282s][info ][safepoint      ] Entering safepoint region: Cleanup
[5250.282s][info ][safepoint      ] Leaving safepoint region
[5250.282s][info ][safepoint      ] Total time for which application threads were stopped: 0.0000753 seconds, Stopping threads took: 0.0000123 seconds
[5251.282s][info ][safepoint      ] Application time: 1.0000824 seconds
[5251.282s][info ][safepoint      ] Entering safepoint region: Cleanup
[5251.282s][info ][safepoint      ] Leaving safepoint region
[5251.282s][info ][safepoint      ] Total time for which application threads were stopped: 0.0000635 seconds, Stopping threads took: 0.0000139 seconds
[5252.282s][info ][safepoint      ] Application time: 1.0000734 seconds
[5252.282s][info ][safepoint      ] Entering safepoint region: Cleanup
[5252.282s][info ][safepoint      ] Leaving safepoint region
[5252.282s][info ][safepoint      ] Total time for which application threads were stopped: 0.0000583 seconds, Stopping threads took: 0.0000113 seconds
[5253.282s][info ][safepoint      ] Application time: 1.0000714 seconds
[5253.283s][info ][safepoint      ] Entering safepoint region: Cleanup
[5253.283s][info ][safepoint      ] Leaving safepoint region
[5253.283s][info ][safepoint      ] Total time for which application threads were stopped: 0.0000603 seconds, Stopping threads took: 0.0000118 seconds
[5254.283s][info ][safepoint      ] Application time: 1.0000647 seconds
[5254.283s][info ][safepoint      ] Entering safepoint region: Cleanup
[5254.283s][info ][safepoint      ] Leaving safepoint region
[5254.283s][info ][safepoint      ] Total time for which application threads were stopped: 0.0000621 seconds, Stopping threads took: 0.0000134 seconds
[5254.422s][info ][safepoint      ] Application time: 0.1390180 seconds
[5254.422s][info ][safepoint      ] Entering safepoint region: ParallelGCFailedAllocation
[5254.422s][info ][gc,start       ] GC(615) Pause Young (Allocation Failure)
[5254.427s][debug][gc,phases      ] GC(615) Scavenge 4.862ms
[5254.427s][debug][gc,ref         ] GC(615) Skipped phase1 of Reference Processing due to unavailable references
[5254.427s][debug][gc,ref         ] GC(615) Skipped phase3 of Reference Processing due to unavailable references
[5254.427s][debug][gc,phases      ] GC(615) Reference Processing 0.027ms
[5254.427s][debug][gc,phases      ] GC(615) Weak Processing 0.136ms
[5254.427s][debug][gc,phases      ] GC(615) Scrub String Table 0.437ms
[5254.427s][debug][gc,age         ] GC(615) Desired survivor size 27262976 bytes, new threshold 15 (max threshold 15)
[5254.427s][info ][gc,heap        ] GC(615) PSYoungGen: 2045024K->7104K(2070528K)
[5254.427s][info ][gc,heap        ] GC(615) ParOldGen: 674480K->674728K(735744K)
[5254.427s][info ][gc,metaspace   ] GC(615) Metaspace: 77411K->77411K(1120256K)
[5254.428s][info ][gc             ] GC(615) Pause Young (Allocation Failure) 2655M->665M(2740M) 5.599ms
[5254.428s][info ][gc,cpu         ] GC(615) User=0.02s Sys=0.00s Real=0.00s
[5254.428s][info ][safepoint      ] Leaving safepoint region
[5254.428s][info ][safepoint      ] Total time for which application threads were stopped: 0.0057562 seconds, Stopping threads took: 0.0000151 seconds
[5255.428s][info ][safepoint      ] Application time: 1.0000932 seconds
[5255.428s][info ][safepoint      ] Entering safepoint region: Cleanup
[5255.428s][info ][safepoint      ] Leaving safepoint region
[5255.428s][info ][safepoint      ] Total time for which application threads were stopped: 0.0000728 seconds, Stopping threads took: 0.0000128 seconds
[5256.428s][info ][safepoint      ] Application time: 1.0000699 seconds
[5256.428s][info ][safepoint      ] Entering safepoint region: Cleanup
[5256.428s][info ][safepoint      ] Leaving safepoint region
[5256.428s][info ][safepoint      ] Total time for which application threads were stopped: 0.0000599 seconds, Stopping threads took: 0.0000122 seconds
[5257.428s][info ][safepoint      ] Application time: 1.0000450 seconds
[5257.428s][info ][safepoint      ] Entering safepoint region: Cleanup
[5257.428s][info ][safepoint      ] Leaving safepoint region
[5257.428s][info ][safepoint      ] Total time for which application threads were stopped: 0.0000676 seconds, Stopping threads took: 0.0000139 seconds
[5258.428s][info ][safepoint      ] Application time: 1.0000658 seconds
[5258.428s][info ][safepoint      ] Entering safepoint region: Cleanup
[5258.428s][info ][safepoint      ] Leaving safepoint region
[5258.428s][info ][safepoint      ] Total time for which application threads were stopped: 0.0000822 seconds, Stopping threads took: 0.0000307 seconds
[5259.428s][info ][safepoint      ] Application time: 1.0000709 seconds
[5259.428s][info ][safepoint      ] Entering safepoint region: Cleanup
[5259.428s][info ][safepoint      ] Leaving safepoint region
[5259.428s][info ][safepoint      ] Total time for which application threads were stopped: 0.0000620 seconds, Stopping threads took: 0.0000147 seconds
[5260.429s][info ][safepoint      ] Application time: 1.0000720 seconds
[5260.429s][info ][safepoint      ] Entering safepoint region: Cleanup
[5260.429s][info ][safepoint      ] Leaving safepoint region
[5260.429s][info ][safepoint      ] Total time for which application threads were stopped: 0.0000683 seconds, Stopping threads took: 0.0000124 seconds
[5261.429s][info ][safepoint      ] Application time: 1.0000665 seconds
[5261.429s][info ][safepoint      ] Entering safepoint region: Cleanup
[5261.429s][info ][safepoint      ] Leaving safepoint region
[5261.429s][info ][safepoint      ] Total time for which application threads were stopped: 0.0000898 seconds, Stopping threads took: 0.0000342 seconds
[5262.429s][info ][safepoint      ] Application time: 1.0000678 seconds
[5262.429s][info ][safepoint      ] Entering safepoint region: Cleanup
[5262.429s][info ][safepoint      ] Leaving safepoint region
[5262.429s][info ][safepoint      ] Total time for which application threads were stopped: 0.0000577 seconds, Stopping threads took: 0.0000113 seconds
[5263.429s][info ][safepoint      ] Application time: 1.0000675 seconds
[5263.429s][info ][safepoint      ] Entering safepoint region: Cleanup
[5263.429s][info ][safepoint      ] Leaving safepoint region
[5263.429s][info ][safepoint      ] Total time for which application threads were stopped: 0.0000593 seconds, Stopping threads took: 0.0000118 seconds
[5263.749s][info ][safepoint      ] Application time: 0.3201758 seconds
[5263.750s][info ][safepoint      ] Entering safepoint region: ParallelGCFailedAllocation
[5263.750s][info ][gc,start       ] GC(616) Pause Young (Allocation Failure)
[5263.755s][debug][gc,phases      ] GC(616) Scavenge 5.193ms
[5263.755s][debug][gc,ref         ] GC(616) Skipped phase1 of Reference Processing due to unavailable references
[5263.755s][debug][gc,ref         ] GC(616) Skipped phase3 of Reference Processing due to unavailable references
[5263.755s][debug][gc,phases      ] GC(616) Reference Processing 0.025ms
[5263.755s][debug][gc,phases      ] GC(616) Weak Processing 0.127ms
[5263.755s][debug][gc,phases      ] GC(616) Scrub String Table 0.411ms
[5263.755s][debug][gc,age         ] GC(616) Desired survivor size 26214400 bytes, new threshold 15 (max threshold 15)
[5263.755s][info ][gc,heap        ] GC(616) PSYoungGen: 2049984K->6992K(2069504K)
[5263.755s][info ][gc,heap        ] GC(616) ParOldGen: 674728K->674896K(735744K)
[5263.755s][info ][gc,metaspace   ] GC(616) Metaspace: 77412K->77412K(1120256K)
[5263.756s][info ][gc             ] GC(616) Pause Young (Allocation Failure) 2660M->665M(2739M) 5.879ms
[5263.756s][info ][gc,cpu         ] GC(616) User=0.02s Sys=0.00s Real=0.00s
[5263.756s][info ][safepoint      ] Leaving safepoint region
[5263.756s][info ][safepoint      ] Total time for which application threads were stopped: 0.0061046 seconds, Stopping threads took: 0.0000772 seconds
[5264.756s][info ][safepoint      ] Application time: 1.0000780 seconds
[5264.756s][info ][safepoint      ] Entering safepoint region: Cleanup
[5264.756s][info ][safepoint      ] Leaving safepoint region
[5264.756s][info ][safepoint      ] Total time for which application threads were stopped: 0.0000901 seconds, Stopping threads took: 0.0000325 seconds
[5265.756s][info ][safepoint      ] Application time: 1.0000787 seconds
[5265.756s][info ][safepoint      ] Entering safepoint region: Cleanup
[5265.756s][info ][safepoint      ] Leaving safepoint region
[5265.756s][info ][safepoint      ] Total time for which application threads were stopped: 0.0000969 seconds, Stopping threads took: 0.0000357 seconds
[5266.756s][info ][safepoint      ] Application time: 1.0000846 seconds
[5266.756s][info ][safepoint      ] Entering safepoint region: Cleanup
[5266.756s][info ][safepoint      ] Leaving safepoint region
[5266.756s][info ][safepoint      ] Total time for which application threads were stopped: 0.0000978 seconds, Stopping threads took: 0.0000366 seconds
[5267.756s][info ][safepoint      ] Application time: 1.0000792 seconds
[5267.756s][info ][safepoint      ] Entering safepoint region: Cleanup
[5267.756s][info ][safepoint      ] Leaving safepoint region
[5267.756s][info ][safepoint      ] Total time for which application threads were stopped: 0.0000880 seconds, Stopping threads took: 0.0000318 seconds
[5268.757s][info ][safepoint      ] Application time: 1.0000651 seconds
[5268.757s][info ][safepoint      ] Entering safepoint region: Cleanup
[5268.757s][info ][safepoint      ] Leaving safepoint region
[5268.757s][info ][safepoint      ] Total time for which application threads were stopped: 0.0001100 seconds, Stopping threads took: 0.0000549 seconds
[5269.757s][info ][safepoint      ] Application time: 1.0000835 seconds
[5269.757s][info ][safepoint      ] Entering safepoint region: Cleanup
[5269.757s][info ][safepoint      ] Leaving safepoint region
[5269.757s][info ][safepoint      ] Total time for which application threads were stopped: 0.0001044 seconds, Stopping threads took: 0.0000462 seconds
[5270.757s][info ][safepoint      ] Application time: 1.0000723 seconds
[5270.757s][info ][safepoint      ] Entering safepoint region: Cleanup
[5270.757s][info ][safepoint      ] Leaving safepoint region
[5270.757s][info ][safepoint      ] Total time for which application threads were stopped: 0.0000943 seconds, Stopping threads took: 0.0000347 seconds
[5271.757s][info ][safepoint      ] Application time: 1.0000768 seconds
[5271.757s][info ][safepoint      ] Entering safepoint region: Cleanup
[5271.757s][info ][safepoint      ] Leaving safepoint region
[5271.757s][info ][safepoint      ] Total time for which application threads were stopped: 0.0000835 seconds, Stopping threads took: 0.0000309 seconds
[5272.757s][info ][safepoint      ] Application time: 1.0000537 seconds
[5272.757s][info ][safepoint      ] Entering safepoint region: Cleanup
[5272.757s][info ][safepoint      ] Leaving safepoint region
[5272.758s][info ][safepoint      ] Total time for which application threads were stopped: 0.0000965 seconds, Stopping threads took: 0.0000309 seconds
[5273.059s][info ][safepoint      ] Application time: 0.3018615 seconds
[5273.059s][info ][safepoint      ] Entering safepoint region: ParallelGCFailedAllocation
[5273.060s][info ][gc,start       ] GC(617) Pause Young (Allocation Failure)
[5273.064s][debug][gc,phases      ] GC(617) Scavenge 4.370ms
[5273.064s][debug][gc,ref         ] GC(617) Skipped phase1 of Reference Processing due to unavailable references
[5273.064s][debug][gc,ref         ] GC(617) Skipped phase3 of Reference Processing due to unavailable references
[5273.064s][debug][gc,phases      ] GC(617) Reference Processing 0.039ms
[5273.064s][debug][gc,phases      ] GC(617) Weak Processing 0.141ms
[5273.065s][debug][gc,phases      ] GC(617) Scrub String Table 0.457ms
[5273.065s][debug][gc,age         ] GC(617) Desired survivor size 24641536 bytes, new threshold 15 (max threshold 15)
[5273.065s][info ][gc,heap        ] GC(617) PSYoungGen: 2049872K->6304K(2073088K)
[5273.065s][info ][gc,heap        ] GC(617) ParOldGen: 674896K->674984K(735744K)
[5273.065s][info ][gc,metaspace   ] GC(617) Metaspace: 77413K->77413K(1120256K)
[5273.065s][info ][gc             ] GC(617) Pause Young (Allocation Failure) 2660M->665M(2743M) 5.125ms
[5273.065s][info ][gc,cpu         ] GC(617) User=0.01s Sys=0.00s Real=0.00s
[5273.065s][info ][safepoint      ] Leaving safepoint region
[5273.065s][info ][safepoint      ] Total time for which application threads were stopped: 0.0052737 seconds, Stopping threads took: 0.0000173 seconds
[5274.065s][info ][safepoint      ] Application time: 1.0000731 seconds
[5274.065s][info ][safepoint      ] Entering safepoint region: Cleanup
[5274.065s][info ][safepoint      ] Leaving safepoint region
[5274.065s][info ][safepoint      ] Total time for which application threads were stopped: 0.0000969 seconds, Stopping threads took: 0.0000419 seconds
[5275.065s][info ][safepoint      ] Application time: 1.0001094 seconds
[5275.065s][info ][safepoint      ] Entering safepoint region: Cleanup
[5275.065s][info ][safepoint      ] Leaving safepoint region
[5275.065s][info ][safepoint      ] Total time for which application threads were stopped: 0.0001845 seconds, Stopping threads took: 0.0000924 seconds
[5276.065s][info ][safepoint      ] Application time: 1.0000777 seconds
[5276.065s][info ][safepoint      ] Entering safepoint region: Cleanup
[5276.065s][info ][safepoint      ] Leaving safepoint region
[5276.065s][info ][safepoint      ] Total time for which application threads were stopped: 0.0000885 seconds, Stopping threads took: 0.0000324 seconds
[5277.066s][info ][safepoint      ] Application time: 1.0000745 seconds
[5277.066s][info ][safepoint      ] Entering safepoint region: Cleanup
[5277.066s][info ][safepoint      ] Leaving safepoint region
[5277.066s][info ][safepoint      ] Total time for which application threads were stopped: 0.0001284 seconds, Stopping threads took: 0.0000308 seconds
[5278.066s][info ][safepoint      ] Application time: 1.0000733 seconds
[5278.066s][info ][safepoint      ] Entering safepoint region: Cleanup
[5278.066s][info ][safepoint      ] Leaving safepoint region
[5278.066s][info ][safepoint      ] Total time for which application threads were stopped: 0.0001085 seconds, Stopping threads took: 0.0000547 seconds
[5279.066s][info ][safepoint      ] Application time: 1.0000471 seconds
[5279.066s][info ][safepoint      ] Entering safepoint region: Cleanup
[5279.066s][info ][safepoint      ] Leaving safepoint region
[5279.066s][info ][safepoint      ] Total time for which application threads were stopped: 0.0000996 seconds, Stopping threads took: 0.0000471 seconds
[5280.066s][info ][safepoint      ] Application time: 1.0000694 seconds
[5280.066s][info ][safepoint      ] Entering safepoint region: Cleanup
[5280.066s][info ][safepoint      ] Leaving safepoint region
[5280.066s][info ][safepoint      ] Total time for which application threads were stopped: 0.0000905 seconds, Stopping threads took: 0.0000321 seconds
[5281.066s][info ][safepoint      ] Application time: 1.0000730 seconds
[5281.067s][info ][safepoint      ] Entering safepoint region: Cleanup
[5281.067s][info ][safepoint      ] Leaving safepoint region
[5281.067s][info ][safepoint      ] Total time for which application threads were stopped: 0.0001259 seconds, Stopping threads took: 0.0000701 seconds
[5282.067s][info ][safepoint      ] Application time: 1.0000780 seconds
[5282.067s][info ][safepoint      ] Entering safepoint region: Cleanup
[5282.067s][info ][safepoint      ] Leaving safepoint region
[5282.067s][info ][safepoint      ] Total time for which application threads were stopped: 0.0000842 seconds, Stopping threads took: 0.0000325 seconds
[5282.449s][info ][safepoint      ] Application time: 0.3826466 seconds
[5282.450s][info ][safepoint      ] Entering safepoint region: ParallelGCFailedAllocation
[5282.450s][info ][gc,start       ] GC(618) Pause Young (Allocation Failure)
[5282.454s][debug][gc,phases      ] GC(618) Scavenge 4.833ms
[5282.455s][debug][gc,ref         ] GC(618) Skipped phase1 of Reference Processing due to unavailable references
[5282.455s][debug][gc,ref         ] GC(618) Skipped phase3 of Reference Processing due to unavailable references
[5282.455s][debug][gc,phases      ] GC(618) Reference Processing 0.027ms
[5282.455s][debug][gc,phases      ] GC(618) Weak Processing 0.149ms
[5282.455s][debug][gc,phases      ] GC(618) Scrub String Table 0.450ms
[5282.455s][debug][gc,age         ] GC(618) Desired survivor size 23592960 bytes, new threshold 15 (max threshold 15)
[5282.455s][info ][gc,heap        ] GC(618) PSYoungGen: 2053792K->6560K(2071552K)
[5282.455s][info ][gc,heap        ] GC(618) ParOldGen: 674984K->675072K(735744K)
[5282.455s][info ][gc,metaspace   ] GC(618) Metaspace: 77413K->77413K(1120256K)
[5282.455s][info ][gc             ] GC(618) Pause Young (Allocation Failure) 2664M->665M(2741M) 5.589ms
[5282.455s][info ][gc,cpu         ] GC(618) User=0.02s Sys=0.00s Real=0.00s
[5282.455s][info ][safepoint      ] Leaving safepoint region
[5282.455s][info ][safepoint      ] Total time for which application threads were stopped: 0.0057860 seconds, Stopping threads took: 0.0000416 seconds
[5283.455s][info ][safepoint      ] Application time: 1.0000828 seconds
[5283.455s][info ][safepoint      ] Entering safepoint region: Cleanup
[5283.455s][info ][safepoint      ] Leaving safepoint region
[5283.455s][info ][safepoint      ] Total time for which application threads were stopped: 0.0001035 seconds, Stopping threads took: 0.0000429 seconds
[5284.456s][info ][safepoint      ] Application time: 1.0000769 seconds
[5284.456s][info ][safepoint      ] Entering safepoint region: Cleanup
[5284.456s][info ][safepoint      ] Leaving safepoint region
[5284.456s][info ][safepoint      ] Total time for which application threads were stopped: 0.0001300 seconds, Stopping threads took: 0.0000634 seconds
[5285.456s][info ][safepoint      ] Application time: 1.0000725 seconds
[5285.456s][info ][safepoint      ] Entering safepoint region: Cleanup
[5285.456s][info ][safepoint      ] Leaving safepoint region
[5285.456s][info ][safepoint      ] Total time for which application threads were stopped: 0.0001061 seconds, Stopping threads took: 0.0000369 seconds
[5286.456s][info ][safepoint      ] Application time: 1.0000542 seconds
[5286.456s][info ][safepoint      ] Entering safepoint region: Cleanup
[5286.456s][info ][safepoint      ] Leaving safepoint region
[5286.456s][info ][safepoint      ] Total time for which application threads were stopped: 0.0001249 seconds, Stopping threads took: 0.0000428 seconds
[5287.456s][info ][safepoint      ] Application time: 1.0000798 seconds
[5287.456s][info ][safepoint      ] Entering safepoint region: Cleanup
[5287.456s][info ][safepoint      ] Leaving safepoint region
[5287.456s][info ][safepoint      ] Total time for which application threads were stopped: 0.0001197 seconds, Stopping threads took: 0.0000503 seconds
[5288.457s][info ][safepoint      ] Application time: 1.0000815 seconds
[5288.457s][info ][safepoint      ] Entering safepoint region: Cleanup
[5288.457s][info ][safepoint      ] Leaving safepoint region
[5288.457s][info ][safepoint      ] Total time for which application threads were stopped: 0.0001077 seconds, Stopping threads took: 0.0000426 seconds
[5289.457s][info ][safepoint      ] Application time: 1.0000776 seconds
[5289.457s][info ][safepoint      ] Entering safepoint region: Cleanup
[5289.457s][info ][safepoint      ] Leaving safepoint region
[5289.457s][info ][safepoint      ] Total time for which application threads were stopped: 0.0000896 seconds, Stopping threads took: 0.0000323 seconds
[5291.698s][info ][safepoint      ] Application time: 2.2408251 seconds
[5291.698s][info ][safepoint      ] Entering safepoint region: ParallelGCFailedAllocation
[5291.698s][info ][gc,start       ] GC(619) Pause Young (Allocation Failure)
[5291.703s][debug][gc,phases      ] GC(619) Scavenge 4.688ms
[5291.703s][debug][gc,ref         ] GC(619) Skipped phase1 of Reference Processing due to unavailable references
[5291.703s][debug][gc,ref         ] GC(619) Skipped phase3 of Reference Processing due to unavailable references
[5291.703s][debug][gc,phases      ] GC(619) Reference Processing 0.026ms
[5291.703s][debug][gc,phases      ] GC(619) Weak Processing 0.134ms
[5291.703s][debug][gc,phases      ] GC(619) Scrub String Table 0.411ms
[5291.703s][debug][gc,age         ] GC(619) Desired survivor size 22544384 bytes, new threshold 15 (max threshold 15)
[5291.703s][info ][gc,heap        ] GC(619) PSYoungGen: 2054048K->6544K(2075136K)
[5291.703s][info ][gc,heap        ] GC(619) ParOldGen: 675072K->675156K(735744K)
[5291.703s][info ][gc,metaspace   ] GC(619) Metaspace: 77413K->77413K(1120256K)
[5291.703s][info ][gc             ] GC(619) Pause Young (Allocation Failure) 2665M->665M(2745M) 5.386ms
[5291.703s][info ][gc,cpu         ] GC(619) User=0.02s Sys=0.00s Real=0.00s
[5291.703s][info ][safepoint      ] Leaving safepoint region
[5291.703s][info ][safepoint      ] Total time for which application threads were stopped: 0.0055784 seconds, Stopping threads took: 0.0000385 seconds
[5301.249s][info ][safepoint      ] Application time: 9.5458562 seconds
[5301.249s][info ][safepoint      ] Entering safepoint region: ParallelGCFailedAllocation
[5301.249s][info ][gc,start       ] GC(620) Pause Young (Allocation Failure)
[5301.254s][debug][gc,phases      ] GC(620) Scavenge 4.639ms
[5301.254s][debug][gc,ref         ] GC(620) Skipped phase1 of Reference Processing due to unavailable references
[5301.254s][debug][gc,ref         ] GC(620) Skipped phase3 of Reference Processing due to unavailable references
[5301.254s][debug][gc,phases      ] GC(620) Reference Processing 0.050ms
[5301.254s][debug][gc,phases      ] GC(620) Weak Processing 0.136ms
[5301.255s][debug][gc,phases      ] GC(620) Scrub String Table 0.437ms
[5301.255s][debug][gc,age         ] GC(620) Desired survivor size 21495808 bytes, new threshold 15 (max threshold 15)
[5301.255s][info ][gc,heap        ] GC(620) PSYoungGen: 2058640K->6640K(2074112K)
[5301.255s][info ][gc,heap        ] GC(620) ParOldGen: 675156K->675220K(735744K)
[5301.255s][info ][gc,metaspace   ] GC(620) Metaspace: 77413K->77413K(1120256K)
[5301.255s][info ][gc             ] GC(620) Pause Young (Allocation Failure) 2669M->665M(2744M) 5.405ms
[5301.255s][info ][gc,cpu         ] GC(620) User=0.02s Sys=0.00s Real=0.00s
[5301.255s][info ][safepoint      ] Leaving safepoint region
[5301.255s][info ][safepoint      ] Total time for which application threads were stopped: 0.0056228 seconds, Stopping threads took: 0.0000531 seconds
[5308.201s][info ][safepoint      ] Application time: 6.9464418 seconds
[5308.201s][info ][safepoint      ] Entering safepoint region: RevokeBias
[5308.201s][info ][safepoint      ] Leaving safepoint region
[5308.201s][info ][safepoint      ] Total time for which application threads were stopped: 0.0001438 seconds, Stopping threads took: 0.0000501 seconds
[5310.699s][info ][safepoint      ] Application time: 2.4974077 seconds
[5310.701s][info ][safepoint      ] Entering safepoint region: ParallelGCFailedAllocation
[5310.701s][info ][gc,start       ] GC(621) Pause Young (Allocation Failure)
[5310.705s][debug][gc,phases      ] GC(621) Scavenge 4.386ms
[5310.705s][debug][gc,ref         ] GC(621) Skipped phase1 of Reference Processing due to unavailable references
[5310.705s][debug][gc,ref         ] GC(621) Skipped phase3 of Reference Processing due to unavailable references
[5310.705s][debug][gc,ref         ] GC(621) Skipped phase4 of Reference Processing due to unavailable references
[5310.705s][debug][gc,phases      ] GC(621) Reference Processing 0.026ms
[5310.706s][debug][gc,phases      ] GC(621) Weak Processing 0.128ms
[5310.706s][debug][gc,phases      ] GC(621) Scrub String Table 0.405ms
[5310.706s][debug][gc,age         ] GC(621) Desired survivor size 20971520 bytes, new threshold 15 (max threshold 15)
[5310.706s][info ][gc,heap        ] GC(621) PSYoungGen: 2058736K->6480K(2076672K)
[5310.706s][info ][gc,heap        ] GC(621) ParOldGen: 675220K->675308K(735744K)
[5310.706s][info ][gc,metaspace   ] GC(621) Metaspace: 77413K->77413K(1120256K)
[5310.706s][info ][gc             ] GC(621) Pause Young (Allocation Failure) 2669M->665M(2746M) 5.067ms
[5310.706s][info ][gc,cpu         ] GC(621) User=0.01s Sys=0.00s Real=0.00s
[5310.706s][info ][safepoint      ] Leaving safepoint region
[5310.706s][info ][safepoint      ] Total time for which application threads were stopped: 0.0071295 seconds, Stopping threads took: 0.0019284 seconds
[5315.706s][info ][safepoint      ] Application time: 5.0003795 seconds
[5315.707s][info ][safepoint      ] Entering safepoint region: Cleanup
[5315.707s][info ][safepoint      ] Leaving safepoint region
[5315.707s][info ][safepoint      ] Total time for which application threads were stopped: 0.0001006 seconds, Stopping threads took: 0.0000338 seconds
[5319.882s][info ][safepoint      ] Application time: 4.1758519 seconds
[5319.883s][info ][safepoint      ] Entering safepoint region: ParallelGCFailedAllocation
[5319.883s][info ][gc,start       ] GC(622) Pause Young (Allocation Failure)
[5319.887s][debug][gc,phases      ] GC(622) Scavenge 4.554ms
[5319.887s][debug][gc,ref         ] GC(622) Skipped phase1 of Reference Processing due to unavailable references
[5319.887s][debug][gc,ref         ] GC(622) Skipped phase3 of Reference Processing due to unavailable references
[5319.887s][debug][gc,ref         ] GC(622) Skipped phase4 of Reference Processing due to unavailable references
[5319.887s][debug][gc,phases      ] GC(622) Reference Processing 0.027ms
[5319.887s][debug][gc,phases      ] GC(622) Weak Processing 0.129ms
[5319.888s][debug][gc,phases      ] GC(622) Scrub String Table 0.411ms
[5319.888s][debug][gc,age         ] GC(622) Desired survivor size 19922944 bytes, new threshold 15 (max threshold 15)
[5319.888s][info ][gc,heap        ] GC(622) PSYoungGen: 2062160K->6416K(2076160K)
[5319.888s][info ][gc,heap        ] GC(622) ParOldGen: 675308K->675420K(735744K)
[5319.888s][info ][gc,metaspace   ] GC(622) Metaspace: 77413K->77413K(1120256K)
[5319.888s][info ][gc             ] GC(622) Pause Young (Allocation Failure) 2673M->665M(2746M) 5.262ms
[5319.888s][info ][gc,cpu         ] GC(622) User=0.02s Sys=0.00s Real=0.00s
[5319.888s][info ][safepoint      ] Leaving safepoint region
[5319.888s][info ][safepoint      ] Total time for which application threads were stopped: 0.0054224 seconds, Stopping threads took: 0.0000296 seconds
[5329.248s][info ][safepoint      ] Application time: 9.3605700 seconds
[5329.249s][info ][safepoint      ] Entering safepoint region: ParallelGCFailedAllocation
[5329.249s][info ][gc,start       ] GC(623) Pause Young (Allocation Failure)
[5329.253s][debug][gc,phases      ] GC(623) Scavenge 4.638ms
[5329.253s][debug][gc,ref         ] GC(623) Skipped phase1 of Reference Processing due to unavailable references
[5329.253s][debug][gc,ref         ] GC(623) Skipped phase3 of Reference Processing due to unavailable references
[5329.253s][debug][gc,phases      ] GC(623) Reference Processing 0.026ms
[5329.254s][debug][gc,phases      ] GC(623) Weak Processing 0.136ms
[5329.254s][debug][gc,phases      ] GC(623) Scrub String Table 0.428ms
[5329.254s][debug][gc,age         ] GC(623) Desired survivor size 19398656 bytes, new threshold 15 (max threshold 15)
[5329.254s][info ][gc,heap        ] GC(623) PSYoungGen: 2062096K->5728K(2078208K)
[5329.254s][info ][gc,heap        ] GC(623) ParOldGen: 675420K->675512K(735744K)
[5329.254s][info ][gc,metaspace   ] GC(623) Metaspace: 77414K->77414K(1120256K)
[5329.254s][info ][gc             ] GC(623) Pause Young (Allocation Failure) 2673M->665M(2748M) 5.356ms
[5329.254s][info ][gc,cpu         ] GC(623) User=0.02s Sys=0.00s Real=0.01s
[5329.254s][info ][safepoint      ] Leaving safepoint region
[5329.254s][info ][safepoint      ] Total time for which application threads were stopped: 0.0055637 seconds, Stopping threads took: 0.0000543 seconds
[5333.254s][info ][safepoint      ] Application time: 4.0003205 seconds
[5333.254s][info ][safepoint      ] Entering safepoint region: Cleanup
[5333.255s][info ][safepoint      ] Leaving safepoint region
[5333.255s][info ][safepoint      ] Total time for which application threads were stopped: 0.0001342 seconds, Stopping threads took: 0.0000361 seconds
[5338.255s][info ][safepoint      ] Application time: 5.0003734 seconds
[5338.255s][info ][safepoint      ] Entering safepoint region: Cleanup
[5338.255s][info ][safepoint      ] Leaving safepoint region
[5338.255s][info ][safepoint      ] Total time for which application threads were stopped: 0.0000951 seconds, Stopping threads took: 0.0000355 seconds
[5338.848s][info ][safepoint      ] Application time: 0.5932858 seconds
[5338.848s][info ][safepoint      ] Entering safepoint region: ParallelGCFailedAllocation
[5338.849s][info ][gc,start       ] GC(624) Pause Young (Allocation Failure)
[5338.853s][debug][gc,phases      ] GC(624) Scavenge 4.818ms
[5338.853s][debug][gc,ref         ] GC(624) Skipped phase1 of Reference Processing due to unavailable references
[5338.853s][debug][gc,ref         ] GC(624) Skipped phase3 of Reference Processing due to unavailable references
[5338.853s][debug][gc,phases      ] GC(624) Reference Processing 0.030ms
[5338.854s][debug][gc,phases      ] GC(624) Weak Processing 0.129ms
[5338.854s][debug][gc,phases      ] GC(624) Scrub String Table 0.429ms
[5338.854s][debug][gc,age         ] GC(624) Desired survivor size 18350080 bytes, new threshold 15 (max threshold 15)
[5338.854s][info ][gc,heap        ] GC(624) PSYoungGen: 2064480K->6160K(2077696K)
[5338.854s][info ][gc,heap        ] GC(624) ParOldGen: 675512K->675596K(735744K)
[5338.854s][info ][gc,metaspace   ] GC(624) Metaspace: 77421K->77421K(1120256K)
[5338.854s][info ][gc             ] GC(624) Pause Young (Allocation Failure) 2675M->665M(2747M) 5.566ms
[5338.854s][info ][gc,cpu         ] GC(624) User=0.02s Sys=0.00s Real=0.01s
[5338.854s][info ][safepoint      ] Leaving safepoint region
[5338.854s][info ][safepoint      ] Total time for which application threads were stopped: 0.0057094 seconds, Stopping threads took: 0.0000136 seconds
[5339.854s][info ][safepoint      ] Application time: 1.0000855 seconds
[5339.854s][info ][safepoint      ] Entering safepoint region: Cleanup
[5339.854s][info ][safepoint      ] Leaving safepoint region
[5339.854s][info ][safepoint      ] Total time for which application threads were stopped: 0.0000934 seconds, Stopping threads took: 0.0000352 seconds
[5340.854s][info ][safepoint      ] Application time: 1.0000779 seconds
[5340.855s][info ][safepoint      ] Entering safepoint region: Cleanup
[5340.855s][info ][safepoint      ] Leaving safepoint region
[5340.855s][info ][safepoint      ] Total time for which application threads were stopped: 0.0000892 seconds, Stopping threads took: 0.0000315 seconds
[5341.855s][info ][safepoint      ] Application time: 1.0000728 seconds
[5341.855s][info ][safepoint      ] Entering safepoint region: Cleanup
[5341.855s][info ][safepoint      ] Leaving safepoint region
[5341.855s][info ][safepoint      ] Total time for which application threads were stopped: 0.0000895 seconds, Stopping threads took: 0.0000326 seconds
[5342.855s][info ][safepoint      ] Application time: 1.0000810 seconds
[5342.855s][info ][safepoint      ] Entering safepoint region: Cleanup
[5342.855s][info ][safepoint      ] Leaving safepoint region
[5342.855s][info ][safepoint      ] Total time for which application threads were stopped: 0.0000942 seconds, Stopping threads took: 0.0000330 seconds
[5343.855s][info ][safepoint      ] Application time: 1.0000787 seconds
[5343.855s][info ][safepoint      ] Entering safepoint region: Cleanup
[5343.855s][info ][safepoint      ] Leaving safepoint region
[5343.855s][info ][safepoint      ] Total time for which application threads were stopped: 0.0000936 seconds, Stopping threads took: 0.0000338 seconds
[5344.855s][info ][safepoint      ] Application time: 1.0000792 seconds
[5344.855s][info ][safepoint      ] Entering safepoint region: Cleanup
[5344.855s][info ][safepoint      ] Leaving safepoint region
[5344.855s][info ][safepoint      ] Total time for which application threads were stopped: 0.0000972 seconds, Stopping threads took: 0.0000390 seconds
[5345.856s][info ][safepoint      ] Application time: 1.0000781 seconds
[5345.856s][info ][safepoint      ] Entering safepoint region: Cleanup
[5345.856s][info ][safepoint      ] Leaving safepoint region
[5345.856s][info ][safepoint      ] Total time for which application threads were stopped: 0.0000907 seconds, Stopping threads took: 0.0000340 seconds
[5346.856s][info ][safepoint      ] Application time: 1.0000716 seconds
[5346.856s][info ][safepoint      ] Entering safepoint region: Cleanup
[5346.856s][info ][safepoint      ] Leaving safepoint region
[5346.856s][info ][safepoint      ] Total time for which application threads were stopped: 0.0001025 seconds, Stopping threads took: 0.0000450 seconds
[5347.856s][info ][safepoint      ] Application time: 1.0000701 seconds
[5347.856s][info ][safepoint      ] Entering safepoint region: Cleanup
[5347.856s][info ][safepoint      ] Leaving safepoint region
[5347.856s][info ][safepoint      ] Total time for which application threads were stopped: 0.0001081 seconds, Stopping threads took: 0.0000388 seconds
[5348.199s][info ][safepoint      ] Application time: 0.3431193 seconds
[5348.199s][info ][safepoint      ] Entering safepoint region: ParallelGCFailedAllocation
[5348.199s][info ][gc,start       ] GC(625) Pause Young (Allocation Failure)
[5348.205s][debug][gc,phases      ] GC(625) Scavenge 5.161ms
[5348.205s][debug][gc,ref         ] GC(625) Skipped phase1 of Reference Processing due to unavailable references
[5348.205s][debug][gc,ref         ] GC(625) Skipped phase3 of Reference Processing due to unavailable references
[5348.205s][debug][gc,phases      ] GC(625) Reference Processing 0.042ms
[5348.205s][debug][gc,phases      ] GC(625) Weak Processing 0.148ms
[5348.205s][debug][gc,phases      ] GC(625) Scrub String Table 0.456ms
[5348.205s][debug][gc,age         ] GC(625) Desired survivor size 17825792 bytes, new threshold 15 (max threshold 15)
[5348.205s][info ][gc,heap        ] GC(625) PSYoungGen: 2064912K->6208K(2079744K)
[5348.205s][info ][gc,heap        ] GC(625) ParOldGen: 675596K->675680K(735744K)
[5348.205s][info ][gc,metaspace   ] GC(625) Metaspace: 77421K->77421K(1120256K)
[5348.205s][info ][gc             ] GC(625) Pause Young (Allocation Failure) 2676M->665M(2749M) 5.942ms
[5348.205s][info ][gc,cpu         ] GC(625) User=0.03s Sys=0.00s Real=0.00s
[5348.205s][info ][safepoint      ] Leaving safepoint region
[5348.205s][info ][safepoint      ] Total time for which application threads were stopped: 0.0061396 seconds, Stopping threads took: 0.0000416 seconds
[5349.205s][info ][safepoint      ] Application time: 1.0000920 seconds
[5349.206s][info ][safepoint      ] Entering safepoint region: Cleanup
[5349.206s][info ][safepoint      ] Leaving safepoint region
[5349.206s][info ][safepoint      ] Total time for which application threads were stopped: 0.0001056 seconds, Stopping threads took: 0.0000486 seconds
[5350.206s][info ][safepoint      ] Application time: 1.0000782 seconds
[5350.206s][info ][safepoint      ] Entering safepoint region: Cleanup
[5350.206s][info ][safepoint      ] Leaving safepoint region
[5350.206s][info ][safepoint      ] Total time for which application threads were stopped: 0.0000957 seconds, Stopping threads took: 0.0000391 seconds
[5351.206s][info ][safepoint      ] Application time: 1.0000697 seconds
[5351.206s][info ][safepoint      ] Entering safepoint region: Cleanup
[5351.206s][info ][safepoint      ] Leaving safepoint region
[5351.206s][info ][safepoint      ] Total time for which application threads were stopped: 0.0001165 seconds, Stopping threads took: 0.0000579 seconds
[5352.206s][info ][safepoint      ] Application time: 1.0000798 seconds
[5352.206s][info ][safepoint      ] Entering safepoint region: Cleanup
[5352.206s][info ][safepoint      ] Leaving safepoint region
[5352.206s][info ][safepoint      ] Total time for which application threads were stopped: 0.0001288 seconds, Stopping threads took: 0.0000346 seconds
[5353.206s][info ][safepoint      ] Application time: 1.0000750 seconds
[5353.206s][info ][safepoint      ] Entering safepoint region: Cleanup
[5353.207s][info ][safepoint      ] Leaving safepoint region
[5353.207s][info ][safepoint      ] Total time for which application threads were stopped: 0.0000808 seconds, Stopping threads took: 0.0000308 seconds
[5354.207s][info ][safepoint      ] Application time: 1.0000821 seconds
[5354.207s][info ][safepoint      ] Entering safepoint region: Cleanup
[5354.207s][info ][safepoint      ] Leaving safepoint region
[5354.207s][info ][safepoint      ] Total time for which application threads were stopped: 0.0000911 seconds, Stopping threads took: 0.0000298 seconds
[5355.207s][info ][safepoint      ] Application time: 1.0000720 seconds
[5355.207s][info ][safepoint      ] Entering safepoint region: Cleanup
[5355.207s][info ][safepoint      ] Leaving safepoint region
[5355.207s][info ][safepoint      ] Total time for which application threads were stopped: 0.0001074 seconds, Stopping threads took: 0.0000466 seconds
[5356.207s][info ][safepoint      ] Application time: 1.0000783 seconds
[5356.207s][info ][safepoint      ] Entering safepoint region: Cleanup
[5356.207s][info ][safepoint      ] Leaving safepoint region
[5356.207s][info ][safepoint      ] Total time for which application threads were stopped: 0.0000919 seconds, Stopping threads took: 0.0000345 seconds
[5357.207s][info ][safepoint      ] Application time: 1.0000725 seconds
[5357.207s][info ][safepoint      ] Entering safepoint region: Cleanup
[5357.207s][info ][safepoint      ] Leaving safepoint region
[5357.207s][info ][safepoint      ] Total time for which application threads were stopped: 0.0001350 seconds, Stopping threads took: 0.0000617 seconds
[5357.948s][info ][safepoint      ] Application time: 0.7410463 seconds
[5357.949s][info ][safepoint      ] Entering safepoint region: ParallelGCFailedAllocation
[5357.949s][info ][gc,start       ] GC(626) Pause Young (Allocation Failure)
[5357.953s][debug][gc,phases      ] GC(626) Scavenge 4.597ms
[5357.953s][debug][gc,ref         ] GC(626) Skipped phase1 of Reference Processing due to unavailable references
[5357.953s][debug][gc,ref         ] GC(626) Skipped phase3 of Reference Processing due to unavailable references
[5357.953s][debug][gc,phases      ] GC(626) Reference Processing 0.026ms
[5357.953s][debug][gc,phases      ] GC(626) Weak Processing 0.130ms
[5357.954s][debug][gc,phases      ] GC(626) Scrub String Table 0.401ms
[5357.954s][debug][gc,age         ] GC(626) Desired survivor size 16777216 bytes, new threshold 15 (max threshold 15)
[5357.954s][info ][gc,heap        ] GC(626) PSYoungGen: 2068032K->5904K(2079232K)
[5357.954s][info ][gc,heap        ] GC(626) ParOldGen: 675680K->675868K(735744K)
[5357.954s][info ][gc,metaspace   ] GC(626) Metaspace: 77422K->77422K(1120256K)
[5357.954s][info ][gc             ] GC(626) Pause Young (Allocation Failure) 2679M->665M(2749M) 5.280ms
[5357.954s][info ][gc,cpu         ] GC(626) User=0.02s Sys=0.00s Real=0.01s
[5357.954s][info ][safepoint      ] Leaving safepoint region
[5357.954s][info ][safepoint      ] Total time for which application threads were stopped: 0.0054836 seconds, Stopping threads took: 0.0000530 seconds
[5358.954s][info ][safepoint      ] Application time: 1.0000632 seconds
[5358.954s][info ][safepoint      ] Entering safepoint region: Cleanup
[5358.954s][info ][safepoint      ] Leaving safepoint region
[5358.954s][info ][safepoint      ] Total time for which application threads were stopped: 0.0001041 seconds, Stopping threads took: 0.0000306 seconds
[5359.954s][info ][safepoint      ] Application time: 1.0000716 seconds
[5359.954s][info ][safepoint      ] Entering safepoint region: Cleanup
[5359.954s][info ][safepoint      ] Leaving safepoint region
[5359.954s][info ][safepoint      ] Total time for which application threads were stopped: 0.0000991 seconds, Stopping threads took: 0.0000329 seconds
[5360.954s][info ][safepoint      ] Application time: 1.0000282 seconds
[5360.955s][info ][safepoint      ] Entering safepoint region: Cleanup
[5360.955s][info ][safepoint      ] Leaving safepoint region
[5360.955s][info ][safepoint      ] Total time for which application threads were stopped: 0.0001089 seconds, Stopping threads took: 0.0000422 seconds
[5361.955s][info ][safepoint      ] Application time: 1.0000731 seconds
[5361.955s][info ][safepoint      ] Entering safepoint region: Cleanup
[5361.955s][info ][safepoint      ] Leaving safepoint region
[5361.955s][info ][safepoint      ] Total time for which application threads were stopped: 0.0001060 seconds, Stopping threads took: 0.0000437 seconds
[5362.955s][info ][safepoint      ] Application time: 1.0000758 seconds
[5362.955s][info ][safepoint      ] Entering safepoint region: Cleanup
[5362.955s][info ][safepoint      ] Leaving safepoint region
[5362.955s][info ][safepoint      ] Total time for which application threads were stopped: 0.0000839 seconds, Stopping threads took: 0.0000302 seconds
[5363.955s][info ][safepoint      ] Application time: 1.0000746 seconds
[5363.955s][info ][safepoint      ] Entering safepoint region: Cleanup
[5363.955s][info ][safepoint      ] Leaving safepoint region
[5363.955s][info ][safepoint      ] Total time for which application threads were stopped: 0.0001060 seconds, Stopping threads took: 0.0000503 seconds
[5364.955s][info ][safepoint      ] Application time: 1.0000706 seconds
[5364.955s][info ][safepoint      ] Entering safepoint region: Cleanup
[5364.955s][info ][safepoint      ] Leaving safepoint region
[5364.955s][info ][safepoint      ] Total time for which application threads were stopped: 0.0000929 seconds, Stopping threads took: 0.0000369 seconds
[5365.956s][info ][safepoint      ] Application time: 1.0000272 seconds
[5365.956s][info ][safepoint      ] Entering safepoint region: Cleanup
[5365.956s][info ][safepoint      ] Leaving safepoint region
[5365.956s][info ][safepoint      ] Total time for which application threads were stopped: 0.0000955 seconds, Stopping threads took: 0.0000315 seconds
[5366.956s][info ][safepoint      ] Application time: 1.0000702 seconds
[5366.956s][info ][safepoint      ] Entering safepoint region: Cleanup
[5366.956s][info ][safepoint      ] Leaving safepoint region
[5366.956s][info ][safepoint      ] Total time for which application threads were stopped: 0.0000946 seconds, Stopping threads took: 0.0000382 seconds
[5367.899s][info ][safepoint      ] Application time: 0.9430896 seconds
[5367.899s][info ][safepoint      ] Entering safepoint region: ParallelGCFailedAllocation
[5367.899s][info ][gc,start       ] GC(627) Pause Young (Allocation Failure)
[5367.903s][debug][gc,phases      ] GC(627) Scavenge 4.203ms
[5367.903s][debug][gc,ref         ] GC(627) Skipped phase1 of Reference Processing due to unavailable references
[5367.903s][debug][gc,ref         ] GC(627) Skipped phase3 of Reference Processing due to unavailable references
[5367.903s][debug][gc,phases      ] GC(627) Reference Processing 0.026ms
[5367.904s][debug][gc,phases      ] GC(627) Weak Processing 0.130ms
[5367.904s][debug][gc,phases      ] GC(627) Scrub String Table 0.427ms
[5367.904s][debug][gc,age         ] GC(627) Desired survivor size 16252928 bytes, new threshold 15 (max threshold 15)
[5367.904s][info ][gc,heap        ] GC(627) PSYoungGen: 2067728K->5776K(2081280K)
[5367.904s][info ][gc,heap        ] GC(627) ParOldGen: 675868K->675988K(735744K)
[5367.904s][info ][gc,metaspace   ] GC(627) Metaspace: 77423K->77423K(1120256K)
[5367.904s][info ][gc             ] GC(627) Pause Young (Allocation Failure) 2679M->665M(2751M) 4.915ms
[5367.904s][info ][gc,cpu         ] GC(627) User=0.02s Sys=0.00s Real=0.00s
[5367.904s][info ][safepoint      ] Leaving safepoint region
[5367.904s][info ][safepoint      ] Total time for which application threads were stopped: 0.0051001 seconds, Stopping threads took: 0.0000454 seconds
[5368.904s][info ][safepoint      ] Application time: 1.0000831 seconds
[5368.904s][info ][safepoint      ] Entering safepoint region: Cleanup
[5368.904s][info ][safepoint      ] Leaving safepoint region
[5368.904s][info ][safepoint      ] Total time for which application threads were stopped: 0.0001098 seconds, Stopping threads took: 0.0000507 seconds
[5369.904s][info ][safepoint      ] Application time: 1.0000758 seconds
[5369.904s][info ][safepoint      ] Entering safepoint region: Cleanup
[5369.905s][info ][safepoint      ] Leaving safepoint region
[5369.905s][info ][safepoint      ] Total time for which application threads were stopped: 0.0000886 seconds, Stopping threads took: 0.0000312 seconds
[5370.905s][info ][safepoint      ] Application time: 1.0000789 seconds
[5370.905s][info ][safepoint      ] Entering safepoint region: Cleanup
[5370.905s][info ][safepoint      ] Leaving safepoint region
[5370.905s][info ][safepoint      ] Total time for which application threads were stopped: 0.0000941 seconds, Stopping threads took: 0.0000334 seconds
[5371.905s][info ][safepoint      ] Application time: 1.0000716 seconds
[5371.905s][info ][safepoint      ] Entering safepoint region: Cleanup
[5371.905s][info ][safepoint      ] Leaving safepoint region
[5371.905s][info ][safepoint      ] Total time for which application threads were stopped: 0.0000931 seconds, Stopping threads took: 0.0000301 seconds
[5372.905s][info ][safepoint      ] Application time: 1.0000706 seconds
[5372.905s][info ][safepoint      ] Entering safepoint region: Cleanup
[5372.905s][info ][safepoint      ] Leaving safepoint region
[5372.905s][info ][safepoint      ] Total time for which application threads were stopped: 0.0001098 seconds, Stopping threads took: 0.0000451 seconds
[5373.905s][info ][safepoint      ] Application time: 1.0000782 seconds
[5373.905s][info ][safepoint      ] Entering safepoint region: Cleanup
[5373.905s][info ][safepoint      ] Leaving safepoint region
[5373.905s][info ][safepoint      ] Total time for which application threads were stopped: 0.0001183 seconds, Stopping threads took: 0.0000630 seconds
[5374.906s][info ][safepoint      ] Application time: 1.0000799 seconds
[5374.906s][info ][safepoint      ] Entering safepoint region: Cleanup
[5374.906s][info ][safepoint      ] Leaving safepoint region
[5374.906s][info ][safepoint      ] Total time for which application threads were stopped: 0.0001122 seconds, Stopping threads took: 0.0000438 seconds
[5375.906s][info ][safepoint      ] Application time: 1.0000261 seconds
[5375.906s][info ][safepoint      ] Entering safepoint region: Cleanup
[5375.906s][info ][safepoint      ] Leaving safepoint region
[5375.906s][info ][safepoint      ] Total time for which application threads were stopped: 0.0001098 seconds, Stopping threads took: 0.0000488 seconds
[5376.906s][info ][safepoint      ] Application time: 1.0000724 seconds
[5376.906s][info ][safepoint      ] Entering safepoint region: Cleanup
[5376.906s][info ][safepoint      ] Leaving safepoint region
[5376.906s][info ][safepoint      ] Total time for which application threads were stopped: 0.0000963 seconds, Stopping threads took: 0.0000296 seconds
[5377.598s][info ][safepoint      ] Application time: 0.6922760 seconds
[5377.598s][info ][safepoint      ] Entering safepoint region: ParallelGCFailedAllocation
[5377.599s][info ][gc,start       ] GC(628) Pause Young (Allocation Failure)
[5377.604s][debug][gc,phases      ] GC(628) Scavenge 5.023ms
[5377.604s][debug][gc,ref         ] GC(628) Skipped phase1 of Reference Processing due to unavailable references
[5377.604s][debug][gc,ref         ] GC(628) Skipped phase3 of Reference Processing due to unavailable references
[5377.604s][debug][gc,phases      ] GC(628) Reference Processing 0.025ms
[5377.604s][debug][gc,phases      ] GC(628) Weak Processing 0.139ms
[5377.604s][debug][gc,phases      ] GC(628) Scrub String Table 0.447ms
[5377.604s][debug][gc,age         ] GC(628) Desired survivor size 15728640 bytes, new threshold 15 (max threshold 15)
[5377.604s][info ][gc,heap        ] GC(628) PSYoungGen: 2070672K->5824K(2080768K)
[5377.604s][info ][gc,heap        ] GC(628) ParOldGen: 675988K->676216K(735744K)
[5377.604s][info ][gc,metaspace   ] GC(628) Metaspace: 77423K->77423K(1120256K)
[5377.604s][info ][gc             ] GC(628) Pause Young (Allocation Failure) 2682M->666M(2750M) 5.744ms
[5377.604s][info ][gc,cpu         ] GC(628) User=0.02s Sys=0.00s Real=0.00s
[5377.604s][info ][safepoint      ] Leaving safepoint region
[5377.604s][info ][safepoint      ] Total time for which application threads were stopped: 0.0059480 seconds, Stopping threads took: 0.0000711 seconds
[5378.604s][info ][safepoint      ] Application time: 1.0000373 seconds
[5378.604s][info ][safepoint      ] Entering safepoint region: Cleanup
[5378.605s][info ][safepoint      ] Leaving safepoint region
[5378.605s][info ][safepoint      ] Total time for which application threads were stopped: 0.0001019 seconds, Stopping threads took: 0.0000399 seconds
[5379.605s][info ][safepoint      ] Application time: 1.0000754 seconds
[5379.605s][info ][safepoint      ] Entering safepoint region: Cleanup
[5379.605s][info ][safepoint      ] Leaving safepoint region
[5379.605s][info ][safepoint      ] Total time for which application threads were stopped: 0.0001257 seconds, Stopping threads took: 0.0000609 seconds
[5380.605s][info ][safepoint      ] Application time: 1.0000735 seconds
[5380.605s][info ][safepoint      ] Entering safepoint region: Cleanup
[5380.605s][info ][safepoint      ] Leaving safepoint region
[5380.605s][info ][safepoint      ] Total time for which application threads were stopped: 0.0001003 seconds, Stopping threads took: 0.0000452 seconds
[5381.605s][info ][safepoint      ] Application time: 1.0000807 seconds
[5381.605s][info ][safepoint      ] Entering safepoint region: Cleanup
[5381.605s][info ][safepoint      ] Leaving safepoint region
[5381.605s][info ][safepoint      ] Total time for which application threads were stopped: 0.0000991 seconds, Stopping threads took: 0.0000338 seconds
[5382.605s][info ][safepoint      ] Application time: 1.0000738 seconds
[5382.605s][info ][safepoint      ] Entering safepoint region: Cleanup
[5382.605s][info ][safepoint      ] Leaving safepoint region
[5382.605s][info ][safepoint      ] Total time for which application threads were stopped: 0.0000991 seconds, Stopping threads took: 0.0000318 seconds
[5383.606s][info ][safepoint      ] Application time: 1.0000748 seconds
[5383.606s][info ][safepoint      ] Entering safepoint region: Cleanup
[5383.606s][info ][safepoint      ] Leaving safepoint region
[5383.606s][info ][safepoint      ] Total time for which application threads were stopped: 0.0000989 seconds, Stopping threads took: 0.0000400 seconds
[5384.606s][info ][safepoint      ] Application time: 1.0000707 seconds
[5384.606s][info ][safepoint      ] Entering safepoint region: Cleanup
[5384.606s][info ][safepoint      ] Leaving safepoint region
[5384.606s][info ][safepoint      ] Total time for which application threads were stopped: 0.0001120 seconds, Stopping threads took: 0.0000463 seconds
[5385.606s][info ][safepoint      ] Application time: 1.0000727 seconds
[5385.606s][info ][safepoint      ] Entering safepoint region: Cleanup
[5385.607s][info ][safepoint      ] Leaving safepoint region
[5385.607s][info ][safepoint      ] Total time for which application threads were stopped: 0.0005262 seconds, Stopping threads took: 0.0004635 seconds
[5386.607s][info ][safepoint      ] Application time: 1.0000690 seconds
[5386.607s][info ][safepoint      ] Entering safepoint region: Cleanup
[5386.607s][info ][safepoint      ] Leaving safepoint region
[5386.607s][info ][safepoint      ] Total time for which application threads were stopped: 0.0001183 seconds, Stopping threads took: 0.0000563 seconds
[5387.499s][info ][safepoint      ] Application time: 0.8922466 seconds
[5387.499s][info ][safepoint      ] Entering safepoint region: ParallelGCFailedAllocation
[5387.499s][info ][gc,start       ] GC(629) Pause Young (Allocation Failure)
[5387.504s][debug][gc,phases      ] GC(629) Scavenge 4.859ms
[5387.504s][debug][gc,ref         ] GC(629) Skipped phase1 of Reference Processing due to unavailable references
[5387.504s][debug][gc,ref         ] GC(629) Skipped phase3 of Reference Processing due to unavailable references
[5387.504s][debug][gc,phases      ] GC(629) Reference Processing 0.024ms
[5387.504s][debug][gc,phases      ] GC(629) Weak Processing 0.129ms
[5387.505s][debug][gc,phases      ] GC(629) Scrub String Table 0.419ms
[5387.505s][debug][gc,age         ] GC(629) Desired survivor size 15204352 bytes, new threshold 15 (max threshold 15)
[5387.505s][info ][gc,heap        ] GC(629) PSYoungGen: 2070720K->5904K(2082304K)
[5387.505s][info ][gc,heap        ] GC(629) ParOldGen: 676216K->676356K(735744K)
[5387.505s][info ][gc,metaspace   ] GC(629) Metaspace: 77424K->77424K(1120256K)
[5387.505s][info ][gc             ] GC(629) Pause Young (Allocation Failure) 2682M->666M(2752M) 5.562ms
[5387.505s][info ][gc,cpu         ] GC(629) User=0.02s Sys=0.00s Real=0.00s
[5387.505s][info ][safepoint      ] Leaving safepoint region
[5387.505s][info ][safepoint      ] Total time for which application threads were stopped: 0.0057647 seconds, Stopping threads took: 0.0000336 seconds
[5388.505s][info ][safepoint      ] Application time: 1.0000334 seconds
[5388.505s][info ][safepoint      ] Entering safepoint region: Cleanup
[5388.505s][info ][safepoint      ] Leaving safepoint region
[5388.505s][info ][safepoint      ] Total time for which application threads were stopped: 0.0001035 seconds, Stopping threads took: 0.0000436 seconds
[5389.505s][info ][safepoint      ] Application time: 1.0000604 seconds
[5389.505s][info ][safepoint      ] Entering safepoint region: Cleanup
[5389.505s][info ][safepoint      ] Leaving safepoint region
[5389.505s][info ][safepoint      ] Total time for which application threads were stopped: 0.0001084 seconds, Stopping threads took: 0.0000474 seconds
[5390.505s][info ][safepoint      ] Application time: 1.0000693 seconds
[5390.505s][info ][safepoint      ] Entering safepoint region: Cleanup
[5390.505s][info ][safepoint      ] Leaving safepoint region
[5390.505s][info ][safepoint      ] Total time for which application threads were stopped: 0.0000901 seconds, Stopping threads took: 0.0000335 seconds
[5391.506s][info ][safepoint      ] Application time: 1.0000753 seconds
[5391.506s][info ][safepoint      ] Entering safepoint region: Cleanup
[5391.506s][info ][safepoint      ] Leaving safepoint region
[5391.506s][info ][safepoint      ] Total time for which application threads were stopped: 0.0001043 seconds, Stopping threads took: 0.0000443 seconds
[5392.506s][info ][safepoint      ] Application time: 1.0000683 seconds
[5392.506s][info ][safepoint      ] Entering safepoint region: Cleanup
[5392.506s][info ][safepoint      ] Leaving safepoint region
[5392.506s][info ][safepoint      ] Total time for which application threads were stopped: 0.0000829 seconds, Stopping threads took: 0.0000294 seconds
[5393.506s][info ][safepoint      ] Application time: 1.0000814 seconds
[5393.506s][info ][safepoint      ] Entering safepoint region: Cleanup
[5393.506s][info ][safepoint      ] Leaving safepoint region
[5393.506s][info ][safepoint      ] Total time for which application threads were stopped: 0.0001150 seconds, Stopping threads took: 0.0000503 seconds
[5394.506s][info ][safepoint      ] Application time: 1.0000753 seconds
[5394.506s][info ][safepoint      ] Entering safepoint region: Cleanup
[5394.506s][info ][safepoint      ] Leaving safepoint region
[5394.506s][info ][safepoint      ] Total time for which application threads were stopped: 0.0000849 seconds, Stopping threads took: 0.0000304 seconds
[5395.506s][info ][safepoint      ] Application time: 1.0000703 seconds
[5395.506s][info ][safepoint      ] Entering safepoint region: Cleanup
[5395.506s][info ][safepoint      ] Leaving safepoint region
[5395.507s][info ][safepoint      ] Total time for which application threads were stopped: 0.0000990 seconds, Stopping threads took: 0.0000426 seconds
[5396.507s][info ][safepoint      ] Application time: 1.0000736 seconds
[5396.507s][info ][safepoint      ] Entering safepoint region: Cleanup
[5396.507s][info ][safepoint      ] Leaving safepoint region
[5396.507s][info ][safepoint      ] Total time for which application threads were stopped: 0.0001101 seconds, Stopping threads took: 0.0000435 seconds
[5397.507s][info ][safepoint      ] Application time: 1.0000727 seconds
[5397.507s][info ][safepoint      ] Entering safepoint region: Cleanup
[5397.507s][info ][safepoint      ] Leaving safepoint region
[5397.507s][info ][safepoint      ] Total time for which application threads were stopped: 0.0001061 seconds, Stopping threads took: 0.0000339 seconds
[5397.550s][info ][safepoint      ] Application time: 0.0426491 seconds
[5397.550s][info ][safepoint      ] Entering safepoint region: ParallelGCFailedAllocation
[5397.550s][info ][gc,start       ] GC(630) Pause Young (Allocation Failure)
[5397.554s][debug][gc,phases      ] GC(630) Scavenge 4.522ms
[5397.554s][debug][gc,ref         ] GC(630) Skipped phase1 of Reference Processing due to unavailable references
[5397.554s][debug][gc,ref         ] GC(630) Skipped phase3 of Reference Processing due to unavailable references
[5397.554s][debug][gc,phases      ] GC(630) Reference Processing 0.026ms
[5397.555s][debug][gc,phases      ] GC(630) Weak Processing 0.134ms
[5397.555s][debug][gc,phases      ] GC(630) Scrub String Table 0.433ms
[5397.555s][debug][gc,age         ] GC(630) Desired survivor size 14680064 bytes, new threshold 15 (max threshold 15)
[5397.555s][info ][gc,heap        ] GC(630) PSYoungGen: 2072848K->5424K(2081792K)
[5397.555s][info ][gc,heap        ] GC(630) ParOldGen: 676356K->676420K(735744K)
[5397.555s][info ][gc,metaspace   ] GC(630) Metaspace: 77424K->77424K(1120256K)
[5397.555s][info ][gc             ] GC(630) Pause Young (Allocation Failure) 2684M->665M(2751M) 5.236ms
[5397.555s][info ][gc,cpu         ] GC(630) User=0.02s Sys=0.00s Real=0.00s
[5397.555s][info ][safepoint      ] Leaving safepoint region
[5397.555s][info ][safepoint      ] Total time for which application threads were stopped: 0.0054470 seconds, Stopping threads took: 0.0000472 seconds
[5398.555s][info ][safepoint      ] Application time: 1.0000879 seconds
[5398.555s][info ][safepoint      ] Entering safepoint region: Cleanup
[5398.555s][info ][safepoint      ] Leaving safepoint region
[5398.555s][info ][safepoint      ] Total time for which application threads were stopped: 0.0001228 seconds, Stopping threads took: 0.0000432 seconds
[5399.555s][info ][safepoint      ] Application time: 1.0000967 seconds
[5399.556s][info ][safepoint      ] Entering safepoint region: Cleanup
[5399.556s][info ][safepoint      ] Leaving safepoint region
[5399.556s][info ][safepoint      ] Total time for which application threads were stopped: 0.0000966 seconds, Stopping threads took: 0.0000347 seconds
[5400.556s][info ][safepoint      ] Application time: 1.0000737 seconds
[5400.556s][info ][safepoint      ] Entering safepoint region: Cleanup
[5400.556s][info ][safepoint      ] Leaving safepoint region
[5400.556s][info ][safepoint      ] Total time for which application threads were stopped: 0.0001086 seconds, Stopping threads took: 0.0000528 seconds
[5401.556s][info ][safepoint      ] Application time: 1.0000782 seconds
[5401.556s][info ][safepoint      ] Entering safepoint region: Cleanup
[5401.556s][info ][safepoint      ] Leaving safepoint region
[5401.556s][info ][safepoint      ] Total time for which application threads were stopped: 0.0001034 seconds, Stopping threads took: 0.0000443 seconds
[5402.556s][info ][safepoint      ] Application time: 1.0000751 seconds
[5402.556s][info ][safepoint      ] Entering safepoint region: Cleanup
[5402.556s][info ][safepoint      ] Leaving safepoint region
[5402.556s][info ][safepoint      ] Total time for which application threads were stopped: 0.0000768 seconds, Stopping threads took: 0.0000220 seconds
[5403.556s][info ][safepoint      ] Application time: 1.0000710 seconds
[5403.556s][info ][safepoint      ] Entering safepoint region: Cleanup
[5403.556s][info ][safepoint      ] Leaving safepoint region
[5403.556s][info ][safepoint      ] Total time for which application threads were stopped: 0.0000966 seconds, Stopping threads took: 0.0000387 seconds
[5404.556s][info ][safepoint      ] Application time: 1.0000684 seconds
[5404.557s][info ][safepoint      ] Entering safepoint region: Cleanup
[5404.557s][info ][safepoint      ] Leaving safepoint region
[5404.557s][info ][safepoint      ] Total time for which application threads were stopped: 0.0000831 seconds, Stopping threads took: 0.0000333 seconds
[5405.557s][info ][safepoint      ] Application time: 1.0000761 seconds
[5405.557s][info ][safepoint      ] Entering safepoint region: Cleanup
[5405.557s][info ][safepoint      ] Leaving safepoint region
[5405.557s][info ][safepoint      ] Total time for which application threads were stopped: 0.0001309 seconds, Stopping threads took: 0.0000455 seconds
[5406.557s][info ][safepoint      ] Application time: 1.0000675 seconds
[5406.557s][info ][safepoint      ] Entering safepoint region: Cleanup
[5406.557s][info ][safepoint      ] Leaving safepoint region
[5406.557s][info ][safepoint      ] Total time for which application threads were stopped: 0.0001032 seconds, Stopping threads took: 0.0000435 seconds
[5407.557s][info ][safepoint      ] Application time: 1.0000765 seconds
[5407.557s][info ][safepoint      ] Entering safepoint region: Cleanup
[5407.557s][info ][safepoint      ] Leaving safepoint region
[5407.557s][info ][safepoint      ] Total time for which application threads were stopped: 0.0000934 seconds, Stopping threads took: 0.0000343 seconds
[5407.956s][info ][safepoint      ] Application time: 0.3983913 seconds
[5407.956s][info ][safepoint      ] Entering safepoint region: ParallelGCFailedAllocation
[5407.956s][info ][gc,start       ] GC(631) Pause Young (Allocation Failure)
[5407.960s][debug][gc,phases      ] GC(631) Scavenge 3.794ms
[5407.960s][debug][gc,ref         ] GC(631) Skipped phase1 of Reference Processing due to unavailable references
[5407.960s][debug][gc,ref         ] GC(631) Skipped phase3 of Reference Processing due to unavailable references
[5407.960s][debug][gc,phases      ] GC(631) Reference Processing 0.025ms
[5407.960s][debug][gc,phases      ] GC(631) Weak Processing 0.126ms
[5407.960s][debug][gc,phases      ] GC(631) Scrub String Table 0.423ms
[5407.960s][debug][gc,age         ] GC(631) Desired survivor size 14155776 bytes, new threshold 15 (max threshold 15)
[5407.960s][info ][gc,heap        ] GC(631) PSYoungGen: 2072368K->5296K(2083328K)
[5407.960s][info ][gc,heap        ] GC(631) ParOldGen: 676420K->676476K(735744K)
[5407.960s][info ][gc,metaspace   ] GC(631) Metaspace: 77424K->77424K(1120256K)
[5407.960s][info ][gc             ] GC(631) Pause Young (Allocation Failure) 2684M->665M(2753M) 4.498ms
[5407.960s][info ][gc,cpu         ] GC(631) User=0.02s Sys=0.00s Real=0.01s
[5407.960s][info ][safepoint      ] Leaving safepoint region
[5407.960s][info ][safepoint      ] Total time for which application threads were stopped: 0.0046423 seconds, Stopping threads took: 0.0000123 seconds
[5408.960s][info ][safepoint      ] Application time: 1.0000363 seconds
[5408.960s][info ][safepoint      ] Entering safepoint region: Cleanup
[5408.961s][info ][safepoint      ] Leaving safepoint region
[5408.961s][info ][safepoint      ] Total time for which application threads were stopped: 0.0001143 seconds, Stopping threads took: 0.0000546 seconds
[5409.961s][info ][safepoint      ] Application time: 1.0000760 seconds
[5409.961s][info ][safepoint      ] Entering safepoint region: Cleanup
[5409.961s][info ][safepoint      ] Leaving safepoint region
[5409.961s][info ][safepoint      ] Total time for which application threads were stopped: 0.0001284 seconds, Stopping threads took: 0.0000704 seconds
[5410.961s][info ][safepoint      ] Application time: 1.0000844 seconds
[5410.961s][info ][safepoint      ] Entering safepoint region: Cleanup
[5410.961s][info ][safepoint      ] Leaving safepoint region
[5410.961s][info ][safepoint      ] Total time for which application threads were stopped: 0.0000886 seconds, Stopping threads took: 0.0000296 seconds
[5411.961s][info ][safepoint      ] Application time: 1.0000828 seconds
[5411.961s][info ][safepoint      ] Entering safepoint region: Cleanup
[5411.961s][info ][safepoint      ] Leaving safepoint region
[5411.961s][info ][safepoint      ] Total time for which application threads were stopped: 0.0000923 seconds, Stopping threads took: 0.0000328 seconds
[5412.961s][info ][safepoint      ] Application time: 1.0000755 seconds
[5412.961s][info ][safepoint      ] Entering safepoint region: Cleanup
[5412.961s][info ][safepoint      ] Leaving safepoint region
[5412.961s][info ][safepoint      ] Total time for which application threads were stopped: 0.0000984 seconds, Stopping threads took: 0.0000319 seconds
[5413.962s][info ][safepoint      ] Application time: 1.0000778 seconds
[5413.962s][info ][safepoint      ] Entering safepoint region: Cleanup
[5413.962s][info ][safepoint      ] Leaving safepoint region
[5413.962s][info ][safepoint      ] Total time for which application threads were stopped: 0.0000938 seconds, Stopping threads took: 0.0000282 seconds
[5414.962s][info ][safepoint      ] Application time: 1.0000714 seconds
[5414.962s][info ][safepoint      ] Entering safepoint region: Cleanup
[5414.962s][info ][safepoint      ] Leaving safepoint region
[5414.962s][info ][safepoint      ] Total time for which application threads were stopped: 0.0001097 seconds, Stopping threads took: 0.0000424 seconds
[5415.962s][info ][safepoint      ] Application time: 1.0000686 seconds
[5415.962s][info ][safepoint      ] Entering safepoint region: Cleanup
[5415.962s][info ][safepoint      ] Leaving safepoint region
[5415.962s][info ][safepoint      ] Total time for which application threads were stopped: 0.0001052 seconds, Stopping threads took: 0.0000299 seconds
[5416.962s][info ][safepoint      ] Application time: 1.0000740 seconds
[5416.962s][info ][safepoint      ] Entering safepoint region: Cleanup
[5416.962s][info ][safepoint      ] Leaving safepoint region
[5416.962s][info ][safepoint      ] Total time for which application threads were stopped: 0.0000981 seconds, Stopping threads took: 0.0000316 seconds
[5417.593s][info ][safepoint      ] Application time: 0.6305650 seconds
[5417.593s][info ][safepoint      ] Entering safepoint region: ParallelGCFailedAllocation
[5417.593s][info ][safepoint      ] Leaving safepoint region
[5417.593s][info ][safepoint      ] Total time for which application threads were stopped: 0.0001812 seconds, Stopping threads took: 0.0000807 seconds
[5417.593s][info ][safepoint      ] Application time: 0.0000846 seconds
[5417.593s][info ][safepoint      ] Entering safepoint region: ParallelGCSystemGC
[5417.593s][info ][gc,start       ] GC(632) Pause Young (GCLocker Initiated GC)
[5417.610s][debug][gc,phases      ] GC(632) Scavenge 16.694ms
[5417.610s][debug][gc,ref         ] GC(632) Skipped phase1 of Reference Processing due to unavailable references
[5417.610s][debug][gc,ref         ] GC(632) Skipped phase3 of Reference Processing due to unavailable references
[5417.610s][debug][gc,phases      ] GC(632) Reference Processing 0.028ms
[5417.610s][debug][gc,phases      ] GC(632) Weak Processing 0.148ms
[5417.611s][debug][gc,phases      ] GC(632) Scrub String Table 0.402ms
[5417.611s][debug][gc,age         ] GC(632) Desired survivor size 21495808 bytes, new threshold 14 (max threshold 15)
[5417.611s][info ][gc,heap        ] GC(632) PSYoungGen: 2074288K->13808K(2081792K)
[5417.611s][info ][gc,heap        ] GC(632) ParOldGen: 676476K->691070K(735744K)
[5417.611s][info ][gc,metaspace   ] GC(632) Metaspace: 77425K->77425K(1120256K)
[5417.611s][info ][gc             ] GC(632) Pause Young (GCLocker Initiated GC) 2686M->688M(2751M) 17.400ms
[5417.611s][info ][gc,cpu         ] GC(632) User=0.07s Sys=0.00s Real=0.02s
[5417.611s][info ][safepoint      ] Leaving safepoint region
[5417.611s][info ][safepoint      ] Total time for which application threads were stopped: 0.0175522 seconds, Stopping threads took: 0.0000406 seconds
[5418.611s][info ][safepoint      ] Application time: 1.0000635 seconds
[5418.611s][info ][safepoint      ] Entering safepoint region: Cleanup
[5418.611s][info ][safepoint      ] Leaving safepoint region
[5418.611s][info ][safepoint      ] Total time for which application threads were stopped: 0.0000918 seconds, Stopping threads took: 0.0000327 seconds
[5419.611s][info ][safepoint      ] Application time: 1.0000692 seconds
[5419.611s][info ][safepoint      ] Entering safepoint region: Cleanup
[5419.611s][info ][safepoint      ] Leaving safepoint region
[5419.611s][info ][safepoint      ] Total time for which application threads were stopped: 0.0000930 seconds, Stopping threads took: 0.0000321 seconds
[5420.611s][info ][safepoint      ] Application time: 1.0000716 seconds
[5420.611s][info ][safepoint      ] Entering safepoint region: Cleanup
[5420.611s][info ][safepoint      ] Leaving safepoint region
[5420.611s][info ][safepoint      ] Total time for which application threads were stopped: 0.0001161 seconds, Stopping threads took: 0.0000481 seconds
[5421.611s][info ][safepoint      ] Application time: 1.0000787 seconds
[5421.612s][info ][safepoint      ] Entering safepoint region: Cleanup
[5421.612s][info ][safepoint      ] Leaving safepoint region
[5421.612s][info ][safepoint      ] Total time for which application threads were stopped: 0.0001057 seconds, Stopping threads took: 0.0000354 seconds
[5422.612s][info ][safepoint      ] Application time: 1.0000727 seconds
[5422.612s][info ][safepoint      ] Entering safepoint region: Cleanup
[5422.612s][info ][safepoint      ] Leaving safepoint region
[5422.612s][info ][safepoint      ] Total time for which application threads were stopped: 0.0000891 seconds, Stopping threads took: 0.0000305 seconds
[5423.612s][info ][safepoint      ] Application time: 1.0000688 seconds
[5423.612s][info ][safepoint      ] Entering safepoint region: Cleanup
[5423.612s][info ][safepoint      ] Leaving safepoint region
[5423.612s][info ][safepoint      ] Total time for which application threads were stopped: 0.0001348 seconds, Stopping threads took: 0.0000622 seconds
[5424.612s][info ][safepoint      ] Application time: 1.0000793 seconds
[5424.612s][info ][safepoint      ] Entering safepoint region: Cleanup
[5424.612s][info ][safepoint      ] Leaving safepoint region
[5424.612s][info ][safepoint      ] Total time for which application threads were stopped: 0.0001087 seconds, Stopping threads took: 0.0000465 seconds
[5425.612s][info ][safepoint      ] Application time: 1.0000714 seconds
[5425.612s][info ][safepoint      ] Entering safepoint region: Cleanup
[5425.612s][info ][safepoint      ] Leaving safepoint region
[5425.612s][info ][safepoint      ] Total time for which application threads were stopped: 0.0000945 seconds, Stopping threads took: 0.0000332 seconds
[5426.613s][info ][safepoint      ] Application time: 1.0000788 seconds
[5426.613s][info ][safepoint      ] Entering safepoint region: Cleanup
[5426.613s][info ][safepoint      ] Leaving safepoint region
[5426.613s][info ][safepoint      ] Total time for which application threads were stopped: 0.0001169 seconds, Stopping threads took: 0.0000501 seconds
[5427.613s][info ][safepoint      ] Application time: 1.0000975 seconds
[5427.613s][info ][safepoint      ] Entering safepoint region: Cleanup
[5427.613s][info ][safepoint      ] Leaving safepoint region
[5427.613s][info ][safepoint      ] Total time for which application threads were stopped: 0.0001472 seconds, Stopping threads took: 0.0000840 seconds
[5427.649s][info ][safepoint      ] Application time: 0.0355689 seconds
[5427.649s][info ][safepoint      ] Entering safepoint region: ParallelGCFailedAllocation
[5427.649s][info ][gc,start       ] GC(633) Pause Young (Allocation Failure)
[5427.654s][debug][gc,phases      ] GC(633) Scavenge 5.326ms
[5427.654s][debug][gc,ref         ] GC(633) Skipped phase1 of Reference Processing due to unavailable references
[5427.654s][debug][gc,ref         ] GC(633) Skipped phase3 of Reference Processing due to unavailable references
[5427.654s][debug][gc,phases      ] GC(633) Reference Processing 0.027ms
[5427.654s][debug][gc,phases      ] GC(633) Weak Processing 0.147ms
[5427.655s][debug][gc,phases      ] GC(633) Scrub String Table 0.429ms
[5427.655s][debug][gc,age         ] GC(633) Desired survivor size 20971520 bytes, new threshold 15 (max threshold 15)
[5427.655s][info ][gc,heap        ] GC(633) PSYoungGen: 2081776K->3856K(2070528K)
[5427.655s][info ][gc,heap        ] GC(633) ParOldGen: 691071K->691151K(735744K)
[5427.655s][info ][gc,metaspace   ] GC(633) Metaspace: 77430K->77430K(1120256K)
[5427.655s][info ][gc             ] GC(633) Pause Young (Allocation Failure) 2707M->678M(2740M) 6.057ms
[5427.655s][info ][gc,cpu         ] GC(633) User=0.02s Sys=0.00s Real=0.00s
[5427.655s][info ][safepoint      ] Leaving safepoint region
[5427.655s][info ][safepoint      ] Total time for which application threads were stopped: 0.0062907 seconds, Stopping threads took: 0.0000655 seconds
[5432.656s][info ][safepoint      ] Application time: 5.0006124 seconds
[5432.656s][info ][safepoint      ] Entering safepoint region: Cleanup
[5432.656s][info ][safepoint      ] Leaving safepoint region
[5432.656s][info ][safepoint      ] Total time for which application threads were stopped: 0.0001154 seconds, Stopping threads took: 0.0000332 seconds
[5435.656s][info ][safepoint      ] Application time: 3.0002099 seconds
[5435.656s][info ][safepoint      ] Entering safepoint region: Cleanup
[5435.656s][info ][safepoint      ] Leaving safepoint region
[5435.656s][info ][safepoint      ] Total time for which application threads were stopped: 0.0001139 seconds, Stopping threads took: 0.0000526 seconds
[5438.448s][info ][safepoint      ] Application time: 2.7922415 seconds
[5438.448s][info ][safepoint      ] Entering safepoint region: ParallelGCFailedAllocation
[5438.449s][info ][gc,start       ] GC(634) Pause Young (Allocation Failure)
[5438.454s][debug][gc,phases      ] GC(634) Scavenge 5.358ms
[5438.454s][debug][gc,ref         ] GC(634) Skipped phase1 of Reference Processing due to unavailable references
[5438.454s][debug][gc,ref         ] GC(634) Skipped phase3 of Reference Processing due to unavailable references
[5438.454s][debug][gc,phases      ] GC(634) Reference Processing 0.026ms
[5438.454s][debug][gc,phases      ] GC(634) Weak Processing 0.119ms
[5438.455s][debug][gc,phases      ] GC(634) Scrub String Table 0.402ms
[5438.455s][debug][gc,age         ] GC(634) Desired survivor size 20447232 bytes, new threshold 15 (max threshold 15)
[5438.455s][info ][gc,heap        ] GC(634) PSYoungGen: 2060048K->5472K(2076672K)
[5438.455s][info ][gc,heap        ] GC(634) ParOldGen: 691151K->691151K(735744K)
[5438.455s][info ][gc,metaspace   ] GC(634) Metaspace: 77433K->77433K(1120256K)
[5438.455s][info ][gc             ] GC(634) Pause Young (Allocation Failure) 2686M->680M(2746M) 6.042ms
[5438.455s][info ][gc,cpu         ] GC(634) User=0.02s Sys=0.00s Real=0.01s
[5438.455s][info ][safepoint      ] Leaving safepoint region
[5438.455s][info ][safepoint      ] Total time for which application threads were stopped: 0.0062777 seconds, Stopping threads took: 0.0000942 seconds
[5448.798s][info ][safepoint      ] Application time: 10.3438342 seconds
[5448.798s][info ][safepoint      ] Entering safepoint region: ParallelGCFailedAllocation
[5448.799s][info ][gc,start       ] GC(635) Pause Young (Allocation Failure)
[5448.804s][debug][gc,phases      ] GC(635) Scavenge 5.690ms
[5448.804s][debug][gc,ref         ] GC(635) Skipped phase1 of Reference Processing due to unavailable references
[5448.804s][debug][gc,ref         ] GC(635) Skipped phase3 of Reference Processing due to unavailable references
[5448.804s][debug][gc,phases      ] GC(635) Reference Processing 0.034ms
[5448.805s][debug][gc,phases      ] GC(635) Weak Processing 0.166ms
[5448.805s][debug][gc,phases      ] GC(635) Scrub String Table 0.554ms
[5448.805s][debug][gc,age         ] GC(635) Desired survivor size 19922944 bytes, new threshold 15 (max threshold 15)
[5448.805s][info ][gc,heap        ] GC(635) PSYoungGen: 2061664K->5264K(2077696K)
[5448.805s][info ][gc,heap        ] GC(635) ParOldGen: 691151K->691207K(735744K)
[5448.805s][info ][gc,metaspace   ] GC(635) Metaspace: 77434K->77434K(1120256K)
[5448.805s][info ][gc             ] GC(635) Pause Young (Allocation Failure) 2688M->680M(2747M) 6.594ms
[5448.805s][info ][gc,cpu         ] GC(635) User=0.02s Sys=0.00s Real=0.00s
[5448.805s][info ][safepoint      ] Leaving safepoint region
[5448.805s][info ][safepoint      ] Total time for which application threads were stopped: 0.0067453 seconds, Stopping threads took: 0.0000140 seconds
[5452.806s][info ][safepoint      ] Application time: 4.0002687 seconds
[5452.806s][info ][safepoint      ] Entering safepoint region: Cleanup
[5452.806s][info ][safepoint      ] Leaving safepoint region
[5452.806s][info ][safepoint      ] Total time for which application threads were stopped: 0.0001061 seconds, Stopping threads took: 0.0000393 seconds
[5454.806s][info ][safepoint      ] Application time: 2.0000986 seconds
[5454.806s][info ][safepoint      ] Entering safepoint region: Cleanup
[5454.806s][info ][safepoint      ] Leaving safepoint region
[5454.806s][info ][safepoint      ] Total time for which application threads were stopped: 0.0001265 seconds, Stopping threads took: 0.0000591 seconds
[5457.806s][info ][safepoint      ] Application time: 3.0002144 seconds
[5457.806s][info ][safepoint      ] Entering safepoint region: Cleanup
[5457.806s][info ][safepoint      ] Leaving safepoint region
[5457.806s][info ][safepoint      ] Total time for which application threads were stopped: 0.0001118 seconds, Stopping threads took: 0.0000455 seconds
[5458.806s][info ][safepoint      ] Application time: 1.0000728 seconds
[5458.806s][info ][safepoint      ] Entering safepoint region: Cleanup
[5458.807s][info ][safepoint      ] Leaving safepoint region
[5458.807s][info ][safepoint      ] Total time for which application threads were stopped: 0.0001019 seconds, Stopping threads took: 0.0000319 seconds
[5459.299s][info ][safepoint      ] Application time: 0.4925321 seconds
[5459.299s][info ][safepoint      ] Entering safepoint region: ParallelGCFailedAllocation
[5459.299s][info ][gc,start       ] GC(636) Pause Young (Allocation Failure)
[5459.305s][debug][gc,phases      ] GC(636) Scavenge 6.019ms
[5459.305s][debug][gc,ref         ] GC(636) Skipped phase1 of Reference Processing due to unavailable references
[5459.305s][debug][gc,ref         ] GC(636) Skipped phase3 of Reference Processing due to unavailable references
[5459.305s][debug][gc,phases      ] GC(636) Reference Processing 0.031ms
[5459.306s][debug][gc,phases      ] GC(636) Weak Processing 0.163ms
[5459.306s][debug][gc,phases      ] GC(636) Scrub String Table 0.525ms
[5459.306s][debug][gc,age         ] GC(636) Desired survivor size 18874368 bytes, new threshold 15 (max threshold 15)
[5459.306s][info ][gc,heap        ] GC(636) PSYoungGen: 2062992K->5152K(2077184K)
[5459.306s][info ][gc,heap        ] GC(636) ParOldGen: 691207K->691247K(735744K)
[5459.306s][info ][gc,metaspace   ] GC(636) Metaspace: 77448K->77448K(1120256K)
[5459.306s][info ][gc             ] GC(636) Pause Young (Allocation Failure) 2689M->680M(2747M) 6.874ms
[5459.306s][info ][gc,cpu         ] GC(636) User=0.03s Sys=0.00s Real=0.00s
[5459.306s][info ][safepoint      ] Leaving safepoint region
[5459.306s][info ][safepoint      ] Total time for which application threads were stopped: 0.0071268 seconds, Stopping threads took: 0.0000715 seconds
[5460.306s][info ][safepoint      ] Application time: 1.0001137 seconds
[5460.306s][info ][safepoint      ] Entering safepoint region: Cleanup
[5460.307s][info ][safepoint      ] Leaving safepoint region
[5460.307s][info ][safepoint      ] Total time for which application threads were stopped: 0.0001036 seconds, Stopping threads took: 0.0000424 seconds
[5461.307s][info ][safepoint      ] Application time: 1.0000760 seconds
[5461.307s][info ][safepoint      ] Entering safepoint region: Cleanup
[5461.307s][info ][safepoint      ] Leaving safepoint region
[5461.307s][info ][safepoint      ] Total time for which application threads were stopped: 0.0001177 seconds, Stopping threads took: 0.0000465 seconds
[5469.799s][info ][safepoint      ] Application time: 8.4925986 seconds
[5469.799s][info ][safepoint      ] Entering safepoint region: ParallelGCFailedAllocation
[5469.800s][info ][gc,start       ] GC(637) Pause Young (Allocation Failure)
[5469.819s][debug][gc,phases      ] GC(637) Scavenge 19.384ms
[5469.819s][debug][gc,ref         ] GC(637) Skipped phase1 of Reference Processing due to unavailable references
[5469.819s][debug][gc,ref         ] GC(637) Skipped phase3 of Reference Processing due to unavailable references
[5469.819s][debug][gc,phases      ] GC(637) Reference Processing 0.037ms
[5469.819s][debug][gc,phases      ] GC(637) Weak Processing 0.176ms
[5469.820s][debug][gc,phases      ] GC(637) Scrub String Table 0.547ms
[5469.820s][debug][gc,age         ] GC(637) Desired survivor size 18350080 bytes, new threshold 15 (max threshold 15)
[5469.820s][info ][gc,heap        ] GC(637) PSYoungGen: 2062880K->5328K(2079232K)
[5469.820s][info ][gc,heap        ] GC(637) ParOldGen: 691247K->691311K(735744K)
[5469.820s][info ][gc,metaspace   ] GC(637) Metaspace: 77450K->77450K(1120256K)
[5469.820s][info ][gc             ] GC(637) Pause Young (Allocation Failure) 2689M->680M(2749M) 20.324ms
[5469.820s][info ][gc,cpu         ] GC(637) User=0.03s Sys=0.00s Real=0.02s
[5469.820s][info ][safepoint      ] Leaving safepoint region
[5469.820s][info ][safepoint      ] Total time for which application threads were stopped: 0.0205725 seconds, Stopping threads took: 0.0000596 seconds
[5478.057s][info ][safepoint      ] Application time: 8.2370295 seconds
[5478.057s][info ][safepoint      ] Entering safepoint region: RevokeBias
[5478.057s][info ][safepoint      ] Leaving safepoint region
[5478.057s][info ][safepoint      ] Total time for which application threads were stopped: 0.0003786 seconds, Stopping threads took: 0.0002891 seconds
[5478.060s][info ][safepoint      ] Application time: 0.0028017 seconds
[5478.060s][info ][safepoint      ] Entering safepoint region: RevokeBias
[5478.061s][info ][safepoint      ] Leaving safepoint region
[5478.061s][info ][safepoint      ] Total time for which application threads were stopped: 0.0003530 seconds, Stopping threads took: 0.0002718 seconds
[5480.301s][info ][safepoint      ] Application time: 2.2407250 seconds
[5480.301s][info ][safepoint      ] Entering safepoint region: ParallelGCFailedAllocation
[5480.302s][info ][gc,start       ] GC(638) Pause Young (Allocation Failure)
[5480.319s][debug][gc,phases      ] GC(638) Scavenge 17.008ms
[5480.319s][debug][gc,ref         ] GC(638) Skipped phase1 of Reference Processing due to unavailable references
[5480.319s][debug][gc,ref         ] GC(638) Skipped phase3 of Reference Processing due to unavailable references
[5480.319s][debug][gc,ref         ] GC(638) Skipped phase4 of Reference Processing due to unavailable references
[5480.319s][debug][gc,phases      ] GC(638) Reference Processing 0.036ms
[5480.319s][debug][gc,phases      ] GC(638) Weak Processing 0.165ms
[5480.319s][debug][gc,phases      ] GC(638) Scrub String Table 0.528ms
[5480.319s][debug][gc,age         ] GC(638) Desired survivor size 17825792 bytes, new threshold 15 (max threshold 15)
[5480.319s][info ][gc,heap        ] GC(638) PSYoungGen: 2066128K->5520K(2078720K)
[5480.319s][info ][gc,heap        ] GC(638) ParOldGen: 691311K->691351K(735744K)
[5480.319s][info ][gc,metaspace   ] GC(638) Metaspace: 77450K->77450K(1120256K)
[5480.319s][info ][gc             ] GC(638) Pause Young (Allocation Failure) 2692M->680M(2748M) 17.905ms
[5480.319s][info ][gc,cpu         ] GC(638) User=0.04s Sys=0.00s Real=0.02s
[5480.319s][info ][safepoint      ] Leaving safepoint region
[5480.319s][info ][safepoint      ] Total time for which application threads were stopped: 0.0181203 seconds, Stopping threads took: 0.0000395 seconds
[5484.321s][info ][safepoint      ] Application time: 4.0014102 seconds
[5484.321s][info ][safepoint      ] Entering safepoint region: Cleanup
[5484.321s][info ][safepoint      ] Leaving safepoint region
[5484.321s][info ][safepoint      ] Total time for which application threads were stopped: 0.0001849 seconds, Stopping threads took: 0.0000644 seconds
[5486.321s][info ][safepoint      ] Application time: 2.0001622 seconds
[5486.327s][info ][safepoint      ] Entering safepoint region: Cleanup
[5486.327s][info ][safepoint      ] Leaving safepoint region
[5486.327s][info ][safepoint      ] Total time for which application threads were stopped: 0.0055878 seconds, Stopping threads took: 0.0054873 seconds
[5488.327s][info ][safepoint      ] Application time: 2.0001457 seconds
[5488.329s][info ][safepoint      ] Entering safepoint region: Cleanup
[5488.329s][info ][safepoint      ] Leaving safepoint region
[5488.329s][info ][safepoint      ] Total time for which application threads were stopped: 0.0018939 seconds, Stopping threads took: 0.0018220 seconds
[5489.329s][info ][safepoint      ] Application time: 1.0000847 seconds
[5489.336s][info ][safepoint      ] Entering safepoint region: Cleanup
[5489.336s][info ][safepoint      ] Leaving safepoint region
[5489.336s][info ][safepoint      ] Total time for which application threads were stopped: 0.0070384 seconds, Stopping threads took: 0.0069398 seconds
[5490.904s][info ][safepoint      ] Application time: 1.5679238 seconds
[5490.904s][info ][safepoint      ] Entering safepoint region: ParallelGCFailedAllocation
[5490.904s][info ][gc,start       ] GC(639) Pause Young (Allocation Failure)
[5490.925s][debug][gc,phases      ] GC(639) Scavenge 20.616ms
[5490.925s][debug][gc,ref         ] GC(639) Skipped phase1 of Reference Processing due to unavailable references
[5490.925s][debug][gc,ref         ] GC(639) Skipped phase3 of Reference Processing due to unavailable references
[5490.925s][debug][gc,ref         ] GC(639) Skipped phase4 of Reference Processing due to unavailable references
[5490.925s][debug][gc,phases      ] GC(639) Reference Processing 0.038ms
[5490.925s][debug][gc,phases      ] GC(639) Weak Processing 0.190ms
[5490.926s][debug][gc,phases      ] GC(639) Scrub String Table 0.588ms
[5490.926s][debug][gc,age         ] GC(639) Desired survivor size 16777216 bytes, new threshold 15 (max threshold 15)
[5490.926s][info ][gc,heap        ] GC(639) PSYoungGen: 2066320K->5600K(2080768K)
[5490.926s][info ][gc,heap        ] GC(639) ParOldGen: 691351K->691479K(735744K)
[5490.926s][info ][gc,metaspace   ] GC(639) Metaspace: 77450K->77450K(1120256K)
[5490.926s][info ][gc             ] GC(639) Pause Young (Allocation Failure) 2693M->680M(2750M) 21.601ms
[5490.926s][info ][gc,cpu         ] GC(639) User=0.03s Sys=0.00s Real=0.02s
[5490.926s][info ][safepoint      ] Leaving safepoint region
[5490.926s][info ][safepoint      ] Total time for which application threads were stopped: 0.0217904 seconds, Stopping threads took: 0.0000357 seconds
[5496.926s][info ][safepoint      ] Application time: 6.0004410 seconds
[5496.926s][info ][safepoint      ] Entering safepoint region: Cleanup
[5496.927s][info ][safepoint      ] Leaving safepoint region
[5496.927s][info ][safepoint      ] Total time for which application threads were stopped: 0.0000956 seconds, Stopping threads took: 0.0000298 seconds
[5501.065s][info ][safepoint      ] Application time: 4.1381444 seconds
[5501.065s][info ][safepoint      ] Entering safepoint region: ParallelGCFailedAllocation
[5501.065s][info ][gc,start       ] GC(640) Pause Young (Allocation Failure)
[5501.070s][debug][gc,phases      ] GC(640) Scavenge 5.588ms
[5501.071s][debug][gc,ref         ] GC(640) Skipped phase1 of Reference Processing due to unavailable references
[5501.071s][debug][gc,ref         ] GC(640) Skipped phase3 of Reference Processing due to unavailable references
[5501.071s][debug][gc,ref         ] GC(640) Skipped phase4 of Reference Processing due to unavailable references
[5501.071s][debug][gc,phases      ] GC(640) Reference Processing 0.027ms
[5501.071s][debug][gc,phases      ] GC(640) Weak Processing 0.124ms
[5501.071s][debug][gc,phases      ] GC(640) Scrub String Table 0.391ms
[5501.071s][debug][gc,age         ] GC(640) Desired survivor size 16252928 bytes, new threshold 15 (max threshold 15)
[5501.071s][info ][gc,heap        ] GC(640) PSYoungGen: 2068960K->6000K(2079744K)
[5501.071s][info ][gc,heap        ] GC(640) ParOldGen: 691479K->691647K(735744K)
[5501.071s][info ][gc,metaspace   ] GC(640) Metaspace: 77450K->77450K(1120256K)
[5501.071s][info ][gc             ] GC(640) Pause Young (Allocation Failure) 2695M->681M(2749M) 6.250ms
[5501.071s][info ][gc,cpu         ] GC(640) User=0.02s Sys=0.00s Real=0.01s
[5501.071s][info ][safepoint      ] Leaving safepoint region
[5501.071s][info ][safepoint      ] Total time for which application threads were stopped: 0.0064359 seconds, Stopping threads took: 0.0000133 seconds
[5510.550s][info ][safepoint      ] Application time: 9.4784841 seconds
[5510.550s][info ][safepoint      ] Entering safepoint region: ParallelGCFailedAllocation
[5510.550s][info ][gc,start       ] GC(641) Pause Young (Allocation Failure)
[5510.556s][debug][gc,phases      ] GC(641) Scavenge 6.374ms
[5510.556s][debug][gc,ref         ] GC(641) Skipped phase1 of Reference Processing due to unavailable references
[5510.556s][debug][gc,ref         ] GC(641) Skipped phase3 of Reference Processing due to unavailable references
[5510.556s][debug][gc,ref         ] GC(641) Skipped phase4 of Reference Processing due to unavailable references
[5510.556s][debug][gc,phases      ] GC(641) Reference Processing 0.026ms
[5510.556s][debug][gc,phases      ] GC(641) Weak Processing 0.122ms
[5510.557s][debug][gc,phases      ] GC(641) Scrub String Table 0.441ms
[5510.557s][debug][gc,age         ] GC(641) Desired survivor size 15204352 bytes, new threshold 15 (max threshold 15)
[5510.557s][info ][gc,heap        ] GC(641) PSYoungGen: 2069360K->6688K(2082304K)
[5510.557s][info ][gc,heap        ] GC(641) ParOldGen: 691647K->691739K(735744K)
[5510.557s][info ][gc,metaspace   ] GC(641) Metaspace: 77451K->77451K(1120256K)
[5510.557s][info ][gc             ] GC(641) Pause Young (Allocation Failure) 2696M->682M(2752M) 7.101ms
[5510.557s][info ][gc,cpu         ] GC(641) User=0.03s Sys=0.00s Real=0.01s
[5510.557s][info ][safepoint      ] Leaving safepoint region
[5510.557s][info ][safepoint      ] Total time for which application threads were stopped: 0.0073365 seconds, Stopping threads took: 0.0000713 seconds
[5519.999s][info ][safepoint      ] Application time: 9.4418431 seconds
[5519.999s][info ][safepoint      ] Entering safepoint region: ParallelGCFailedAllocation
[5519.999s][info ][gc,start       ] GC(642) Pause Young (Allocation Failure)
[5520.005s][debug][gc,phases      ] GC(642) Scavenge 5.927ms
[5520.005s][debug][gc,ref         ] GC(642) Skipped phase1 of Reference Processing due to unavailable references
[5520.005s][debug][gc,ref         ] GC(642) Skipped phase3 of Reference Processing due to unavailable references
[5520.005s][debug][gc,ref         ] GC(642) Skipped phase4 of Reference Processing due to unavailable references
[5520.005s][debug][gc,phases      ] GC(642) Reference Processing 0.028ms
[5520.005s][debug][gc,phases      ] GC(642) Weak Processing 0.125ms
[5520.006s][debug][gc,phases      ] GC(642) Scrub String Table 0.413ms
[5520.006s][debug][gc,age         ] GC(642) Desired survivor size 14680064 bytes, new threshold 15 (max threshold 15)
[5520.006s][info ][gc,heap        ] GC(642) PSYoungGen: 2073120K->6736K(2081280K)
[5520.006s][info ][gc,heap        ] GC(642) ParOldGen: 691739K->691771K(735744K)
[5520.006s][info ][gc,metaspace   ] GC(642) Metaspace: 77451K->77451K(1120256K)
[5520.006s][info ][gc             ] GC(642) Pause Young (Allocation Failure) 2700M->682M(2751M) 6.622ms
[5520.006s][info ][gc,cpu         ] GC(642) User=0.02s Sys=0.00s Real=0.00s
[5520.006s][info ][safepoint      ] Leaving safepoint region
[5520.006s][info ][safepoint      ] Total time for which application threads were stopped: 0.0067791 seconds, Stopping threads took: 0.0000136 seconds
[5529.600s][info ][safepoint      ] Application time: 9.5942067 seconds
[5529.600s][info ][safepoint      ] Entering safepoint region: ParallelGCFailedAllocation
[5529.600s][info ][gc,start       ] GC(643) Pause Young (Allocation Failure)
[5529.606s][debug][gc,phases      ] GC(643) Scavenge 5.799ms
[5529.606s][debug][gc,ref         ] GC(643) Skipped phase1 of Reference Processing due to unavailable references
[5529.606s][debug][gc,ref         ] GC(643) Skipped phase3 of Reference Processing due to unavailable references
[5529.606s][debug][gc,ref         ] GC(643) Skipped phase4 of Reference Processing due to unavailable references
[5529.606s][debug][gc,phases      ] GC(643) Reference Processing 0.040ms
[5529.606s][debug][gc,phases      ] GC(643) Weak Processing 0.130ms
[5529.607s][debug][gc,phases      ] GC(643) Scrub String Table 0.391ms
[5529.607s][debug][gc,age         ] GC(643) Desired survivor size 13631488 bytes, new threshold 15 (max threshold 15)
[5529.607s][info ][gc,heap        ] GC(643) PSYoungGen: 2073168K->6432K(2083840K)
[5529.607s][info ][gc,heap        ] GC(643) ParOldGen: 691771K->691976K(735744K)
[5529.607s][info ][gc,metaspace   ] GC(643) Metaspace: 77451K->77451K(1120256K)
[5529.607s][info ][gc             ] GC(643) Pause Young (Allocation Failure) 2700M->682M(2753M) 6.487ms
[5529.607s][info ][gc,cpu         ] GC(643) User=0.03s Sys=0.00s Real=0.00s
[5529.607s][info ][safepoint      ] Leaving safepoint region
[5529.607s][info ][safepoint      ] Total time for which application threads were stopped: 0.0067132 seconds, Stopping threads took: 0.0000698 seconds
[5534.607s][info ][safepoint      ] Application time: 5.0003291 seconds
[5534.607s][info ][safepoint      ] Entering safepoint region: Cleanup
[5534.607s][info ][safepoint      ] Leaving safepoint region
[5534.607s][info ][safepoint      ] Total time for which application threads were stopped: 0.0000771 seconds, Stopping threads took: 0.0000129 seconds
[5535.607s][info ][safepoint      ] Application time: 1.0000738 seconds
[5535.607s][info ][safepoint      ] Entering safepoint region: Cleanup
[5535.607s][info ][safepoint      ] Leaving safepoint region
[5535.607s][info ][safepoint      ] Total time for which application threads were stopped: 0.0001339 seconds, Stopping threads took: 0.0000519 seconds
[5538.352s][info ][safepoint      ] Application time: 2.7444828 seconds
[5538.352s][info ][safepoint      ] Entering safepoint region: ParallelGCFailedAllocation
[5538.353s][info ][gc,start       ] GC(644) Pause Young (Allocation Failure)
[5538.368s][debug][gc,phases      ] GC(644) Scavenge 14.697ms
[5538.368s][debug][gc,ref         ] GC(644) Skipped phase1 of Reference Processing due to unavailable references
[5538.368s][debug][gc,ref         ] GC(644) Skipped phase3 of Reference Processing due to unavailable references
[5538.368s][debug][gc,phases      ] GC(644) Reference Processing 0.027ms
[5538.368s][debug][gc,phases      ] GC(644) Weak Processing 0.139ms
[5538.368s][debug][gc,phases      ] GC(644) Scrub String Table 0.467ms
[5538.368s][debug][gc,age         ] GC(644) Desired survivor size 13107200 bytes, new threshold 15 (max threshold 15)
[5538.368s][info ][gc,heap        ] GC(644) PSYoungGen: 2075936K->6736K(2082816K)
